--------- beginning of main
09-07 03:55:19.463 15664 15760 I chatty  : uid=10136(ru.iteco.fmhandroid) RenderThread expire 4 lines
09-07 03:55:19.636 15664 15760 D EGL_emulation: eglMakeCurrent: 0xe22f9040: ver 2 0 (tinfo 0xd6c902d0)
09-07 03:55:19.988  1792  2272 E GnssHAL_GnssInterface: gnssSvStatusCb: a: input svInfo.flags is 8
09-07 03:55:19.988  1792  2272 E GnssHAL_GnssInterface: gnssSvStatusCb: b: input svInfo.flags is 8
09-07 03:55:20.122 15664 15709 W teco.fmhandroi: Accessing hidden method Lsun/misc/Unsafe;->compareAndSwapObject(Ljava/lang/Object;JLjava/lang/Object;Ljava/lang/Object;)Z (greylist, linking, allowed)
09-07 03:55:20.123 15664 15664 I ViewInteraction: Performing 'wait for a specific view with <is assignable from class <class android.widget.DatePicker>> during 10000 millis.' action on view view.getRootView() to equal view
09-07 03:55:20.125 15664 15664 I ViewInteraction: Checking 'MatchesViewAssertion{viewMatcher=(view has effective visibility <VISIBLE> and view.getGlobalVisibleRect() to return non-empty rectangle)}' assertion on view is assignable from class <class android.widget.DatePicker>
09-07 03:55:20.127 15664 15664 I ViewInteraction: Performing 'wait for a specific view with <is assignable from class <class android.widget.DatePicker>> during 10000 millis.' action on view view.getRootView() to equal view
09-07 03:55:20.129 15664 15664 I ViewInteraction: Performing 'set date' action on view is assignable from class <class android.widget.DatePicker>
09-07 03:55:20.133 15664 15760 D EGL_emulation: eglMakeCurrent: 0xe22f9040: ver 2 0 (tinfo 0xd6c902d0)
09-07 03:55:20.152 15664 15664 I ViewInteraction: Performing 'wait for a specific view with <view.getId() is <16908313/android:id/button1>> during 10000 millis.' action on view view.getRootView() to equal view
09-07 03:55:20.154 15664 15709 W teco.fmhandroi: Accessing hidden method Lsun/misc/Unsafe;->compareAndSwapObject(Ljava/lang/Object;JLjava/lang/Object;Ljava/lang/Object;)Z (greylist, linking, allowed)
09-07 03:55:20.155 15664 15664 I ViewInteraction: Performing 'single click' action on view view.getId() is <16908313/android:id/button1>
09-07 03:55:20.211 15664 15760 D EGL_emulation: eglMakeCurrent: 0xe22f9040: ver 2 0 (tinfo 0xd6c902d0)
09-07 03:55:20.220  2037  5231 E InputDispatcher: Window handle Window{860c43 u0 ru.iteco.fmhandroid/ru.iteco.fmhandroid.ui.AppActivity} has no registered input channel
09-07 03:55:20.231 15664 15760 D EGL_emulation: eglMakeCurrent: 0xe22f9040: ver 2 0 (tinfo 0xd6c902d0)
09-07 03:55:20.467 15664 15709 W teco.fmhandroi: Accessing hidden method Lsun/misc/Unsafe;->compareAndSwapObject(Ljava/lang/Object;JLjava/lang/Object;Ljava/lang/Object;)Z (greylist, linking, allowed)
09-07 03:55:20.467 15664 15767 W teco.fmhandroi: Accessing hidden method Lsun/misc/Unsafe;->compareAndSwapObject(Ljava/lang/Object;JLjava/lang/Object;Ljava/lang/Object;)Z (greylist, linking, allowed)
09-07 03:55:20.469 15664 15664 I ViewInteraction: Performing 'wait for a specific view with <(an instance of android.widget.TextView and view.getHint() matching: is "Time" and view.getParent() view.getParent() view.getId() is <2131231399/ru.iteco.fmhandroid:id/time_in_plan_text_input_layout>)> during 10000 millis.' action on view view.getRootView() to equal view
09-07 03:55:20.470 15664 15709 W teco.fmhandroi: Accessing hidden method Lsun/misc/Unsafe;->compareAndSwapObject(Ljava/lang/Object;JLjava/lang/Object;Ljava/lang/Object;)Z (greylist, linking, allowed)
09-07 03:55:20.471 15664 15664 I ViewInteraction: Performing 'single click' action on view (an instance of android.widget.TextView and view.getHint() matching: is "Time" and view.getParent() view.getParent() view.getId() is <2131231399/ru.iteco.fmhandroid:id/time_in_plan_text_input_layout>)
09-07 03:55:20.606  1793  2554 D gralloc_ranchu: gralloc_alloc: Creating ashmem region of size 5718016
09-07 03:55:20.614  1793  2554 I chatty  : uid=1000(system) HwBinder:1793_2 identical 1 line
09-07 03:55:20.615  1793  2554 D gralloc_ranchu: gralloc_alloc: Creating ashmem region of size 5718016
09-07 03:55:20.617 15664 15760 D EGL_emulation: eglMakeCurrent: 0xe22f9040: ver 2 0 (tinfo 0xd6c902d0)
09-07 03:55:20.631 15664 15760 D EGL_emulation: eglMakeCurrent: 0xe22f9040: ver 2 0 (tinfo 0xd6c902d0)
09-07 03:55:20.875 15664 15709 W teco.fmhandroi: Accessing hidden method Lsun/misc/Unsafe;->compareAndSwapObject(Ljava/lang/Object;JLjava/lang/Object;Ljava/lang/Object;)Z (greylist, linking, allowed)
09-07 03:55:20.878 15664 15664 I ViewInteraction: Performing 'wait for a specific view with <is assignable from class <class android.widget.TimePicker>> during 10000 millis.' action on view view.getRootView() to equal view
09-07 03:55:20.880 15664 15664 I ViewInteraction: Checking 'MatchesViewAssertion{viewMatcher=(view has effective visibility <VISIBLE> and view.getGlobalVisibleRect() to return non-empty rectangle)}' assertion on view is assignable from class <class android.widget.TimePicker>
09-07 03:55:20.882 15664 15664 I ViewInteraction: Performing 'wait for a specific view with <is assignable from class <class android.widget.TimePicker>> during 10000 millis.' action on view view.getRootView() to equal view
09-07 03:55:20.883 15664 15664 I ViewInteraction: Performing 'set time' action on view is assignable from class <class android.widget.TimePicker>
09-07 03:55:20.884 15664 15664 I ViewInteraction: Performing 'wait for a specific view with <view.getId() is <16908313/android:id/button1>> during 10000 millis.' action on view view.getRootView() to equal view
09-07 03:55:20.886 15664 15709 W teco.fmhandroi: Accessing hidden method Lsun/misc/Unsafe;->compareAndSwapObject(Ljava/lang/Object;JLjava/lang/Object;Ljava/lang/Object;)Z (greylist, linking, allowed)
09-07 03:55:20.890 15664 15664 I ViewInteraction: Performing 'single click' action on view view.getId() is <16908313/android:id/button1>
09-07 03:55:20.951 15664 15760 D EGL_emulation: eglMakeCurrent: 0xe22f9040: ver 2 0 (tinfo 0xd6c902d0)
09-07 03:55:20.960 15664 15760 D EGL_emulation: eglMakeCurrent: 0xe22f9040: ver 2 0 (tinfo 0xd6c902d0)
09-07 03:55:20.967  2037  5231 E InputDispatcher: Window handle Window{92f6bf0 u0 ru.iteco.fmhandroid/ru.iteco.fmhandroid.ui.AppActivity} has no registered input channel
09-07 03:55:20.977 15664 15760 D EGL_emulation: eglMakeCurrent: 0xe22f9040: ver 2 0 (tinfo 0xd6c902d0)
09-07 03:55:20.988  1792  2272 E GnssHAL_GnssInterface: gnssSvStatusCb: a: input svInfo.flags is 8
09-07 03:55:20.988  1792  2272 E GnssHAL_GnssInterface: gnssSvStatusCb: b: input svInfo.flags is 8
09-07 03:55:21.218 15664 15709 W teco.fmhandroi: Accessing hidden method Lsun/misc/Unsafe;->compareAndSwapObject(Ljava/lang/Object;JLjava/lang/Object;Ljava/lang/Object;)Z (greylist, linking, allowed)
09-07 03:55:21.220 15664 15664 I ViewInteraction: Performing 'wait for a specific view with <(an instance of android.widget.TextView and view.getHint() matching: is "Description" and view.getParent() view.getParent() view.getId() is <2131230988/ru.iteco.fmhandroid:id/description_text_input_layout>)> during 10000 millis.' action on view view.getRootView() to equal view
09-07 03:55:21.222 15664 15709 W teco.fmhandroi: Accessing hidden method Lsun/misc/Unsafe;->compareAndSwapObject(Ljava/lang/Object;JLjava/lang/Object;Ljava/lang/Object;)Z (greylist, linking, allowed)
09-07 03:55:21.226 15664 15664 I ViewInteraction: Performing 'replace text(Описание 768a22e9-91ef-4640-ae50-129db979d9bf)' action on view (an instance of android.widget.TextView and view.getHint() matching: is "Description" and view.getParent() view.getParent() view.getId() is <2131230988/ru.iteco.fmhandroid:id/description_text_input_layout>)
09-07 03:55:21.232 15664 15709 W teco.fmhandroi: Accessing hidden method Lsun/misc/Unsafe;->compareAndSwapObject(Ljava/lang/Object;JLjava/lang/Object;Ljava/lang/Object;)Z (greylist, linking, allowed)
09-07 03:55:21.258 15664 15664 I ViewInteraction: Performing 'wait for a specific view with <view.getId() is <2131231291/ru.iteco.fmhandroid:id/save_button>> during 10000 millis.' action on view view.getRootView() to equal view
09-07 03:55:21.260 15664 15709 W teco.fmhandroi: Accessing hidden method Lsun/misc/Unsafe;->compareAndSwapObject(Ljava/lang/Object;JLjava/lang/Object;Ljava/lang/Object;)Z (greylist, linking, allowed)
09-07 03:55:21.261 15664 15664 I ViewInteraction: Performing 'single click' action on view view.getId() is <2131231291/ru.iteco.fmhandroid:id/save_button>
09-07 03:55:21.328 15664 15799 I okhttp.OkHttpClient: --> POST http://www.981757-ca08998.tmweb.ru:8080/fmh/claims
09-07 03:55:21.328 15664 15799 I okhttp.OkHttpClient: Content-Type: application/json; charset=UTF-8
09-07 03:55:21.328 15664 15799 I okhttp.OkHttpClient: Content-Length: 273
09-07 03:55:21.328 15664 15799 I okhttp.OkHttpClient: {"createDate":1694058921,"creatorId":1,"creatorName":"Ivanov Ivan Ivanovich","description":"Описание 768a22e9-91ef-4640-ae50-129db979d9bf","executorId":1,"planExecuteDate":1694058900,"status":"OPEN","title":"Заголовок 9790b49b-910e-42a2-9c3e-b64551071780"}
09-07 03:55:21.328 15664 15799 I okhttp.OkHttpClient: --> END POST (273-byte body)
09-07 03:55:21.331  1774 15836 E ResolverController: No valid NAT64 prefix (101, <unspecified>/0)
09-07 03:55:21.573 15664 15709 W teco.fmhandroi: Accessing hidden method Lsun/misc/Unsafe;->compareAndSwapObject(Ljava/lang/Object;JLjava/lang/Object;Ljava/lang/Object;)Z (greylist, linking, allowed)
09-07 03:55:21.575 15664 15664 I ViewInteraction: Performing 'wait for a specific view with <view.getId() is <2131230916/ru.iteco.fmhandroid:id/claim_list_recycler_view>> during 10000 millis.' action on view view.getRootView() to equal view
09-07 03:55:21.614 15664 15799 I okhttp.OkHttpClient: <-- 200 http://www.981757-ca08998.tmweb.ru:8080/fmh/claims (285ms)
09-07 03:55:21.615 15664 15799 I okhttp.OkHttpClient: Vary: Origin
09-07 03:55:21.615 15664 15799 I okhttp.OkHttpClient: Vary: Access-Control-Request-Method
09-07 03:55:21.615 15664 15799 I okhttp.OkHttpClient: Vary: Access-Control-Request-Headers
09-07 03:55:21.615 15664 15799 I okhttp.OkHttpClient: X-Content-Type-Options: nosniff
09-07 03:55:21.615 15664 15799 I okhttp.OkHttpClient: X-XSS-Protection: 1; mode=block
09-07 03:55:21.615 15664 15799 I okhttp.OkHttpClient: Cache-Control: no-cache, no-store, max-age=0, must-revalidate
09-07 03:55:21.615 15664 15799 I okhttp.OkHttpClient: Pragma: no-cache
09-07 03:55:21.615 15664 15799 I okhttp.OkHttpClient: Expires: 0
09-07 03:55:21.615 15664 15799 I okhttp.OkHttpClient: X-Frame-Options: DENY
09-07 03:55:21.615 15664 15799 I okhttp.OkHttpClient: Content-Type: application/json
09-07 03:55:21.615 15664 15799 I okhttp.OkHttpClient: Transfer-Encoding: chunked
09-07 03:55:21.615 15664 15799 I okhttp.OkHttpClient: Date: Thu, 07 Sep 2023 03:55:22 GMT
09-07 03:55:21.616 15664 15799 I okhttp.OkHttpClient: Keep-Alive: timeout=60
09-07 03:55:21.616 15664 15799 I okhttp.OkHttpClient: Connection: keep-alive
09-07 03:55:21.616 15664 15799 I okhttp.OkHttpClient: {"id":10682,"title":"Заголовок 9790b49b-910e-42a2-9c3e-b64551071780","description":"Описание 768a22e9-91ef-4640-ae50-129db979d9bf","creatorId":1,"executorId":1,"createDate":1694058921,"planExecuteDate":1694058900,"factExecuteDate":null,"status":"IN_PROGRESS","creatorName":"Ivanov Ivan Ivanovich","executorName":"Ivanov Ivan Ivanovich"}
09-07 03:55:21.616 15664 15799 I okhttp.OkHttpClient: <-- END HTTP (353-byte body)
09-07 03:55:21.688 15664 15664 I ViewInteraction: Checking 'MatchesViewAssertion{viewMatcher=(view has effective visibility <VISIBLE> and view.getGlobalVisibleRect() to return non-empty rectangle)}' assertion on view view.getId() is <2131230916/ru.iteco.fmhandroid:id/claim_list_recycler_view>
09-07 03:55:21.689 15664 15664 I ViewInteraction: Performing 'scroll RecyclerView to: holder with view: (view is an instance of android.view.ViewGroup and has descendant matching an instance of android.widget.TextView and view.getText() with or without transformation to match: is "Заголовок 9790b49b-910e-42a2-9c3e-b64551071780")' action on view view.getId() is <2131230916/ru.iteco.fmhandroid:id/claim_list_recycler_view>
09-07 03:55:21.692 15664 15664 D takeScreenshot: Found 1 global views to redraw
09-07 03:55:21.718  1793  2554 D gralloc_ranchu: gralloc_alloc: Creating ashmem region of size 9850880
09-07 03:55:21.751 15664 15709 W DefaultFailureHandler: Failed to take screenshot
09-07 03:55:21.751 15664 15709 W DefaultFailureHandler: java.io.FileNotFoundException: view-op-error-2.png: open failed: EROFS (Read-only file system)
09-07 03:55:21.751 15664 15709 W DefaultFailureHandler: 	at libcore.io.IoBridge.open(IoBridge.java:496)
09-07 03:55:21.751 15664 15709 W DefaultFailureHandler: 	at java.io.FileOutputStream.<init>(FileOutputStream.java:235)
09-07 03:55:21.751 15664 15709 W DefaultFailureHandler: 	at java.io.FileOutputStream.<init>(FileOutputStream.java:125)
09-07 03:55:21.751 15664 15709 W DefaultFailureHandler: 	at androidx.test.platform.io.FileTestStorage.openOutputFile(FileTestStorage.java:60)
09-07 03:55:21.751 15664 15709 W DefaultFailureHandler: 	at androidx.test.core.graphics.BitmapStorage.writeToTestStorage(BitmapStorageExt.kt:49)
09-07 03:55:21.751 15664 15709 W DefaultFailureHandler: 	at androidx.test.espresso.base.DefaultFailureHandler.takeScreenshot(DefaultFailureHandler.java:4)
09-07 03:55:21.751 15664 15709 W DefaultFailureHandler: 	at androidx.test.espresso.base.DefaultFailureHandler.handle(DefaultFailureHandler.java:3)
09-07 03:55:21.751 15664 15709 W DefaultFailureHandler: 	at androidx.test.espresso.ViewInteraction.waitForAndHandleInteractionResults(ViewInteraction.java:8)
09-07 03:55:21.751 15664 15709 W DefaultFailureHandler: 	at androidx.test.espresso.ViewInteraction.desugaredPerform(ViewInteraction.java:11)
09-07 03:55:21.751 15664 15709 W DefaultFailureHandler: 	at androidx.test.espresso.ViewInteraction.perform(ViewInteraction.java:8)
09-07 03:55:21.751 15664 15709 W DefaultFailureHandler: 	at ru.iteco.fmhandroid.ui.steps.ClaimsPageSteps.scrollToElementInRecyclerList(ClaimsPageSteps.java:127)
09-07 03:55:21.751 15664 15709 W DefaultFailureHandler: 	at ru.iteco.fmhandroid.ui.steps.ClaimsPageSteps.openClaimCard(ClaimsPageSteps.java:158)
09-07 03:55:21.751 15664 15709 W DefaultFailureHandler: 	at ru.iteco.fmhandroid.ui.ClaimsPageTest.shouldEditTheComment(ClaimsPageTest.java:141)
09-07 03:55:21.751 15664 15709 W DefaultFailureHandler: 	at java.lang.reflect.Method.invoke(Native Method)
09-07 03:55:21.751 15664 15709 W DefaultFailureHandler: 	at org.junit.runners.model.FrameworkMethod$1.runReflectiveCall(FrameworkMethod.java:59)
09-07 03:55:21.751 15664 15709 W DefaultFailureHandler: 	at org.junit.internal.runners.model.ReflectiveCallable.run(ReflectiveCallable.java:12)
09-07 03:55:21.751 15664 15709 W DefaultFailureHandler: 	at org.junit.runners.model.FrameworkMethod.invokeExplosively(FrameworkMethod.java:56)
09-07 03:55:21.751 15664 15709 W DefaultFailureHandler: 	at org.junit.internal.runners.statements.InvokeMethod.evaluate(InvokeMethod.java:17)
09-07 03:55:21.751 15664 15709 W DefaultFailureHandler: 	at androidx.test.internal.runner.junit4.statement.RunBefores.evaluate(RunBefores.java:80)
09-07 03:55:21.751 15664 15709 W DefaultFailureHandler: 	at io.qameta.allure.android.rules.ScreenshotRule$apply$1.evaluate(ScreenshotRule.kt:22)
09-07 03:55:21.751 15664 15709 W DefaultFailureHandler: 	at org.junit.rules.ExternalResource$1.evaluate(ExternalResource.java:54)
09-07 03:55:21.751 15664 15709 W DefaultFailureHandler: 	at io.qameta.allure.android.rules.LogcatRule$apply$1.evaluate(LogcatRule.kt:23)
09-07 03:55:21.751 15664 15709 W DefaultFailureHandler: 	at org.junit.rules.RunRules.evaluate(RunRules.java:20)
09-07 03:55:21.751 15664 15709 W DefaultFailureHandler: 	at org.junit.runners.ParentRunner$3.evaluate(ParentRunner.java:306)
09-07 03:55:21.751 15664 15709 W DefaultFailureHandler: 	at org.junit.runners.BlockJUnit4ClassRunner$1.evaluate(BlockJUnit4ClassRunner.java:100)
09-07 03:55:21.751 15664 15709 W DefaultFailureHandler: 	at org.junit.runners.ParentRunner.runLeaf(ParentRunner.java:366)
09-07 03:55:21.751 15664 15709 W DefaultFailureHandler: 	at org.junit.runners.BlockJUnit4ClassRunner.runChild(BlockJUnit4ClassRunner.java:103)
09-07 03:55:21.751 15664 15709 W DefaultFailureHandler: 	at org.junit.runners.BlockJUnit4ClassRunner.runChild(BlockJUnit4ClassRunner.java:63)
09-07 03:55:21.751 15664 15709 W DefaultFailureHandler: 	at org.junit.runners.ParentRunner$4.run(ParentRunner.java:331)
09-07 03:55:21.751 15664 15709 W DefaultFailureHandler: 	at org.junit.runners.ParentRunner$1.schedule(ParentRunner.java:79)
09-07 03:55:21.751 15664 15709 W DefaultFailureHandler: 	at org.junit.runners.ParentRunner.runChildren(ParentRunner.java:329)
09-07 03:55:21.751 15664 15709 W DefaultFailureHandler: 	at org.junit.runners.ParentRunner.access$100(ParentRunner.java:66)
09-07 03:55:21.751 15664 15709 W DefaultFailureHandler: 	at org.junit.runners.ParentRunner$2.evaluate(ParentRunner.java:293)
09-07 03:55:21.751 15664 15709 W DefaultFailureHandler: 	at org.junit.runners.ParentRunner$3.evaluate(ParentRunner.java:306)
09-07 03:55:21.751 15664 15709 W DefaultFailureHandler: 	at org.junit.runners.ParentRunner.run(ParentRunner.java:413)
09-07 03:55:21.751 15664 15709 W DefaultFailureHandler: 	at androidx.test.ext.junit.runners.AndroidJUnit4.run(AndroidJUnit4.java:162)
09-07 03:55:21.751 15664 15709 W DefaultFailureHandler: 	at io.qameta.allure.android.runners.AllureAndroidJUnit4.run(AllureAndroidJUnitRunners.kt:29)
09-07 03:55:21.751 15664 15709 W DefaultFailureHandler: 	at org.junit.runners.Suite.runChild(Suite.java:128)
09-07 03:55:21.751 15664 15709 W DefaultFailureHandler: 	at org.junit.runners.Suite.runChild(Suite.java:27)
09-07 03:55:21.751 15664 15709 W DefaultFailureHandler: 	at org.junit.runners.ParentRunner$4.run(ParentRunner.java:331)
09-07 03:55:21.751 15664 15709 W DefaultFailureHandler: 	at org.junit.runners.ParentRunner$1.schedule(ParentRunner.java:79)
09-07 03:55:21.751 15664 15709 W DefaultFailureHandler: 	at org.junit.runners.ParentRunner.runChildren(ParentRunner.java:329)
09-07 03:55:21.751 15664 15709 W DefaultFailureHandler: 	at org.junit.runners.ParentRunner.access$100(ParentRunner.java:66)
09-07 03:55:21.751 15664 15709 W DefaultFailureHandler: 	at org.junit.runners.ParentRunner$2.evaluate(ParentRunner.java:293)
09-07 03:55:21.751 15664 15709 W DefaultFailureHandler: 	at org.junit.runners.ParentRunner$3.evaluate(ParentRunner.java:306)
09-07 03:55:21.751 15664 15709 W DefaultFailureHandler: 	at org.junit.runners.ParentRunner.run(ParentRunner.java:413)
09-07 03:55:21.751 15664 15709 W DefaultFailureHandler: 	at org.junit.runner.JUnitCore.run(JUnitCore.java:137)
09-07 03:55:21.751 15664 15709 W DefaultFailureHandler: 	at org.junit.runner.JUnitCore.run(JUnitCore.java:115)
09-07 03:55:21.751 15664 15709 W DefaultFailureHandler: 	at androidx.test.internal.runner.TestExecutor.execute(TestExecutor.java:67)
09-07 03:55:21.751 15664 15709 W DefaultFailureHandler: 	at androidx.test.internal.runner.TestExecutor.execute(TestExecutor.java:58)
09-07 03:55:21.751 15664 15709 W DefaultFailureHandler: 	at androidx.test.runner.AndroidJUnitRunner.onStart(AndroidJUnitRunner.java:438)
09-07 03:55:21.752 15664 15709 W DefaultFailureHandler: 	at android.app.Instrumentation$InstrumentationThread.run(Instrumentation.java:2189)
09-07 03:55:21.752 15664 15709 W DefaultFailureHandler: Caused by: android.system.ErrnoException: open failed: EROFS (Read-only file system)
09-07 03:55:21.752 15664 15709 W DefaultFailureHandler: 	at libcore.io.Linux.open(Native Method)
09-07 03:55:21.752 15664 15709 W DefaultFailureHandler: 	at libcore.io.ForwardingOs.open(ForwardingOs.java:167)
09-07 03:55:21.752 15664 15709 W DefaultFailureHandler: 	at libcore.io.BlockGuardOs.open(BlockGuardOs.java:252)
09-07 03:55:21.752 15664 15709 W DefaultFailureHandler: 	at libcore.io.ForwardingOs.open(ForwardingOs.java:167)
09-07 03:55:21.752 15664 15709 W DefaultFailureHandler: 	at android.app.ActivityThread$AndroidOs.open(ActivityThread.java:7255)
09-07 03:55:21.752 15664 15709 W DefaultFailureHandler: 	at libcore.io.IoBridge.open(IoBridge.java:482)
09-07 03:55:21.752 15664 15709 W DefaultFailureHandler: 	... 51 more
09-07 03:55:21.754  1793  2554 D gralloc_ranchu: gralloc_alloc: Creating ashmem region of size 9850880
--------- beginning of system
09-07 03:55:21.918  2037  5231 I ActivityTaskManager: START u0 {act=android.intent.action.MAIN cat=[android.intent.category.LAUNCHER] flg=0x10000000 cmp=ru.iteco.fmhandroid.test/androidx.test.core.app.InstrumentationActivityInvoker$EmptyActivity} from uid 10136
09-07 03:55:21.923 15664 15708 V FA      : Recording user engagement, ms: 8464
09-07 03:55:21.924 15664 15664 D LifecycleMonitor: Lifecycle status change: ru.iteco.fmhandroid.ui.AppActivity@e69eae6 in: PAUSED
09-07 03:55:21.924 15664 15664 V ActivityScenario: Update currentActivityStage to PAUSED, currentActivity=ru.iteco.fmhandroid.ui.AppActivity@e69eae6
09-07 03:55:21.924  2037  5231 W InputReader: Device has associated, but no associated display id.
09-07 03:55:21.925  2037  5231 I chatty  : uid=1000(system) Binder:2037_19 identical 38 lines
09-07 03:55:21.925  2037  5231 W InputReader: Device has associated, but no associated display id.
09-07 03:55:21.928 15721 15721 W ActivityThread: handleWindowVisibility: no activity for token android.os.BinderProxy@fb116a1
09-07 03:55:21.928  2037  5231 W InputReader: Device has associated, but no associated display id.
09-07 03:55:21.928  2037  5231 I chatty  : uid=1000(system) Binder:2037_19 identical 8 lines
09-07 03:55:21.928  2037  5231 W InputReader: Device has associated, but no associated display id.
09-07 03:55:21.961  1793  2554 D gralloc_ranchu: gralloc_alloc: Creating ashmem region of size 9850880
09-07 03:55:21.973  1793  2554 I chatty  : uid=1000(system) HwBinder:1793_2 identical 1 line
09-07 03:55:21.974  1793  2554 D gralloc_ranchu: gralloc_alloc: Creating ashmem region of size 9850880
09-07 03:55:21.975 15721 15757 D EGL_emulation: eglMakeCurrent: 0xe22f7300: ver 2 0 (tinfo 0xed489330)
09-07 03:55:21.992  1792  2272 E GnssHAL_GnssInterface: gnssSvStatusCb: a: input svInfo.flags is 8
09-07 03:55:21.992  1792  2272 E GnssHAL_GnssInterface: gnssSvStatusCb: b: input svInfo.flags is 8
09-07 03:55:22.001  2037  7737 W InputReader: Device has associated, but no associated display id.
09-07 03:55:22.005  2037  7737 I chatty  : uid=1000(system) Binder:2037_1D identical 48 lines
09-07 03:55:22.005  2037  7737 W InputReader: Device has associated, but no associated display id.
09-07 03:55:22.010 15721 15721 W ActivityThread: handleWindowVisibility: no activity for token android.os.BinderProxy@7819a38
09-07 03:55:22.011 15664 15677 I teco.fmhandroi: Background concurrent copying GC freed 83405(3471KB) AllocSpace objects, 2(80KB) LOS objects, 30% free, 13MB/19MB, paused 774us total 142.298ms
09-07 03:55:21.952  2037  5231 I ActivityTaskManager: START u0 {act=android.intent.action.MAIN cat=[android.intent.category.LAUNCHER] flg=0x10000000 cmp=ru.iteco.fmhandroid.test/androidx.test.core.app.InstrumentationActivityInvoker$EmptyActivity} from uid 10136
09-07 03:55:22.029  2037  7767 W ActivityTaskManager: Duplicate finish request for ActivityRecord{2599bff u0 ru.iteco.fmhandroid/.ui.AppActivity t695 f}
09-07 03:55:22.035 15664 15708 V FA      : Connecting to remote service
09-07 03:55:22.042 15664 15708 V FA      : Connection attempt already in progress
09-07 03:55:22.043 15664 15708 V FA      : Activity paused, time: 1845815
09-07 03:55:22.048  1793  2554 D gralloc_ranchu: gralloc_alloc: Creating ashmem region of size 9850880
09-07 03:55:22.049 15664 15708 D FA      : Connected to remote service
09-07 03:55:22.050 15664 15708 V FA      : Processing queued up service tasks: 2
09-07 03:55:22.051  1793  2554 D gralloc_ranchu: gralloc_alloc: Creating ashmem region of size 9850880
09-07 03:55:22.053 15721 15757 D EGL_emulation: eglMakeCurrent: 0xe22f7300: ver 2 0 (tinfo 0xed489330)
09-07 03:55:22.057  1793  2554 D gralloc_ranchu: gralloc_alloc: Creating ashmem region of size 9850880
09-07 03:55:22.073  2037  2061 W InputReader: Device has associated, but no associated display id.
09-07 03:55:22.074  2037  2061 I chatty  : uid=1000(system) android.anim identical 18 lines
09-07 03:55:22.074  2037  2061 W InputReader: Device has associated, but no associated display id.
09-07 03:55:22.077  2037  2065 I ActivityTaskManager: Displayed ru.iteco.fmhandroid.test/androidx.test.core.app.InstrumentationActivityInvoker$EmptyActivity: +78ms
09-07 03:55:22.078  7867 15503 V FA-SVC  : Logging event: origin=auto,name=user_engagement(_e),params=Bundle[{ga_event_origin(_o)=auto, engagement_time_msec(_et)=8464, ga_screen_class(_sc)=AppActivity, ga_screen_id(_si)=-908116792709221441}]
09-07 03:55:22.080  2037  7767 W InputReader: Device has associated, but no associated display id.
09-07 03:55:22.080  2037  7767 I chatty  : uid=1000(system) Binder:2037_1E identical 8 lines
09-07 03:55:22.080  2037  7767 W InputReader: Device has associated, but no associated display id.
09-07 03:55:22.086  7867 15503 V FA-SVC  : Upload scheduled in approximately ms: 1915024
09-07 03:55:22.086  7867 15503 V FA-SVC  : Unscheduling upload
09-07 03:55:22.090  7867 15503 V FA-SVC  : Scheduling upload, millis: 1915024
09-07 03:55:22.094 15664 15760 D EGL_emulation: eglMakeCurrent: 0xe22f9040: ver 2 0 (tinfo 0xd6c902d0)
09-07 03:55:22.095  7867 15503 V FA-SVC  : Background event processing time, ms: 21
09-07 03:55:22.114  2037  2310 W InputReader: Device has associated, but no associated display id.
09-07 03:55:22.114  2037  2310 I chatty  : uid=1000(system) Binder:2037_5 identical 8 lines
09-07 03:55:22.114  2037  2310 W InputReader: Device has associated, but no associated display id.
09-07 03:55:22.119 15664 15664 D LifecycleMonitor: Lifecycle status change: ru.iteco.fmhandroid.ui.AppActivity@e69eae6 in: STOPPED
09-07 03:55:22.119 15664 15664 V ActivityScenario: Update currentActivityStage to STOPPED, currentActivity=ru.iteco.fmhandroid.ui.AppActivity@e69eae6
09-07 03:55:22.123  1823  1823 W SurfaceFlinger: couldn't log to binary event log: overflow.
09-07 03:55:22.125 15664 15664 W System.err: ru.iteco.fmhandroid.exceptions.UnknownException
09-07 03:55:22.125 15664 15664 W System.err: 	at ru.iteco.fmhandroid.utils.Utils.makeRequest(Utils.kt:123)
09-07 03:55:22.125 15664 15664 W System.err: 	at ru.iteco.fmhandroid.utils.Utils$makeRequest$1.invokeSuspend(Unknown Source:15)
09-07 03:55:22.125 15664 15664 W System.err: 	at kotlin.coroutines.jvm.internal.BaseContinuationImpl.resumeWith(ContinuationImpl.kt:33)
09-07 03:55:22.125 15664 15664 W System.err: 	at kotlinx.coroutines.DispatchedTaskKt.resume(DispatchedTask.kt:234)
09-07 03:55:22.125 15664 15664 W System.err: 	at kotlinx.coroutines.DispatchedTaskKt.resumeUnconfined(DispatchedTask.kt:190)
09-07 03:55:22.125 15664 15664 W System.err: 	at kotlinx.coroutines.DispatchedTaskKt.dispatch(DispatchedTask.kt:161)
09-07 03:55:22.125 15664 15664 W System.err: 	at kotlinx.coroutines.CancellableContinuationImpl.dispatchResume(CancellableContinuationImpl.kt:397)
09-07 03:55:22.125 15664 15664 W System.err: 	at kotlinx.coroutines.CancellableContinuationImpl.cancel(CancellableContinuationImpl.kt:183)
09-07 03:55:22.125 15664 15664 W System.err: 	at kotlinx.coroutines.CancellableContinuationImpl.parentCancelled$kotlinx_coroutines_core(CancellableContinuationImpl.kt:190)
09-07 03:55:22.125 15664 15664 W System.err: 	at kotlinx.coroutines.ChildContinuation.invoke(JobSupport.kt:1474)
09-07 03:55:22.125 15664 15664 W System.err: 	at kotlinx.coroutines.JobSupport.notifyCancelling(JobSupport.kt:1499)
09-07 03:55:22.125 15664 15664 W System.err: 	at kotlinx.coroutines.JobSupport.tryMakeCancelling(JobSupport.kt:795)
09-07 03:55:22.125 15664 15664 W System.err: 	at kotlinx.coroutines.JobSupport.makeCancelling(JobSupport.kt:755)
09-07 03:55:22.125 15664 15664 W System.err: 	at kotlinx.coroutines.JobSupport.cancelImpl$kotlinx_coroutines_core(JobSupport.kt:671)
09-07 03:55:22.125 15664 15664 W System.err: 	at kotlinx.coroutines.JobSupport.parentCancelled(JobSupport.kt:637)
09-07 03:55:22.125 15664 15664 W System.err: 	at kotlinx.coroutines.ChildHandleNode.invoke(JobSupport.kt:1465)
09-07 03:55:22.125 15664 15664 W System.err: 	at kotlinx.coroutines.JobSupport.notifyCancelling(JobSupport.kt:1499)
09-07 03:55:22.125 15664 15664 W System.err: 	at kotlinx.coroutines.JobSupport.tryMakeCompletingSlowPath(JobSupport.kt:900)
09-07 03:55:22.125 15664 15664 W System.err: 	at kotlinx.coroutines.JobSupport.tryMakeCompleting(JobSupport.kt:863)
09-07 03:55:22.125 15664 15664 W System.err: 	at kotlinx.coroutines.JobSupport.cancelMakeCompleting(JobSupport.kt:696)
09-07 03:55:22.125 15664 15664 W System.err: 	at kotlinx.coroutines.JobSupport.cancelImpl$kotlinx_coroutines_core(JobSupport.kt:667)
09-07 03:55:22.126 15664 15664 W System.err: 	at kotlinx.coroutines.JobSupport.cancelInternal(JobSupport.kt:632)
09-07 03:55:22.126 15664 15664 W System.err: 	at kotlinx.coroutines.JobSupport.cancel(JobSupport.kt:617)
09-07 03:55:22.126 15664 15787 I okhttp.OkHttpClient: <-- HTTP FAILED: java.net.SocketException: Socket closed
09-07 03:55:22.126 15664 15664 W System.err: 	at kotlinx.coroutines.JobKt__JobKt.cancel(Job.kt:561)
09-07 03:55:22.126 15664 15664 W System.err: 	at kotlinx.coroutines.JobKt.cancel(Unknown Source:1)
09-07 03:55:22.126 15664 15664 W System.err: 	at kotlinx.coroutines.JobKt__JobKt.cancel$default(Job.kt:560)
09-07 03:55:22.126 15664 15664 W System.err: 	at kotlinx.coroutines.JobKt.cancel$default(Unknown Source:1)
09-07 03:55:22.126 15664 15664 W System.err: 	at androidx.lifecycle.CloseableCoroutineScope.close(ViewModel.kt:51)
09-07 03:55:22.126 15664 15664 W System.err: 	at androidx.lifecycle.ViewModel.closeWithRuntimeException(ViewModel.java:188)
09-07 03:55:22.126 15664 15664 W System.err: 	at androidx.lifecycle.ViewModel.clear(ViewModel.java:134)
09-07 03:55:22.126 15664 15664 W System.err: 	at androidx.lifecycle.ViewModelStore.clear(ViewModelStore.java:62)
09-07 03:55:22.126 15664 15664 W System.err: 	at androidx.fragment.app.FragmentManagerViewModel.clearNonConfigStateInternal(FragmentManagerViewModel.java:210)
09-07 03:55:22.126 15664 15664 W System.err: 	at androidx.fragment.app.FragmentManagerViewModel.clearNonConfigState(FragmentManagerViewModel.java:190)
09-07 03:55:22.126 15664 15664 W System.err: 	at androidx.fragment.app.FragmentStateManager.destroy(FragmentStateManager.java:778)
09-07 03:55:22.126 15664 15664 W System.err: 	at androidx.fragment.app.FragmentStateManager.moveToExpectedState(FragmentStateManager.java:335)
09-07 03:55:22.126 15664 15664 W System.err: 	at androidx.fragment.app.FragmentStore.moveToExpectedState(FragmentStore.java:113)
09-07 03:55:22.126 15664 15664 W System.err: 	at androidx.fragment.app.FragmentManager.moveToState(FragmentManager.java:1374)
09-07 03:55:22.126 15664 15664 W System.err: 	at androidx.fragment.app.FragmentManager.dispatchStateChange(FragmentManager.java:2841)
09-07 03:55:22.126 15664 15664 W System.err: 	at androidx.fragment.app.FragmentManager.dispatchDestroy(FragmentManager.java:2820)
09-07 03:55:22.126 15664 15664 W System.err: 	at androidx.fragment.app.Fragment.performDestroy(Fragment.java:3246)
09-07 03:55:22.126 15664 15664 W System.err: 	at androidx.fragment.app.FragmentStateManager.destroy(FragmentStateManager.java:780)
09-07 03:55:22.126 15664 15664 W System.err: 	at androidx.fragment.app.FragmentStateManager.moveToExpectedState(FragmentStateManager.java:335)
09-07 03:55:22.126 15664 15664 W System.err: 	at androidx.fragment.app.SpecialEffectsController$FragmentStateManagerOperation.complete(SpecialEffectsController.java:771)
09-07 03:55:22.126 15664 15664 W System.err: 	at androidx.fragment.app.SpecialEffectsController$Operation.cancel(SpecialEffectsController.java:615)
09-07 03:55:22.126 15664 15664 W System.err: 	at androidx.fragment.app.SpecialEffectsController.forceCompleteAllOperations(SpecialEffectsController.java:350)
09-07 03:55:22.126 15664 15664 W System.err: 	at androidx.fragment.app.FragmentManager.dispatchStateChange(FragmentManager.java:2844)
09-07 03:55:22.126 15664 15664 W System.err: 	at androidx.fragment.app.FragmentManager.dispatchDestroy(FragmentManager.java:2820)
09-07 03:55:22.126 15664 15664 W System.err: 	at androidx.fragment.app.FragmentController.dispatchDestroy(FragmentController.java:345)
09-07 03:55:22.126 15664 15664 W System.err: 	at androidx.fragment.app.FragmentActivity.onDestroy(FragmentActivity.java:306)
09-07 03:55:22.126 15664 15664 W System.err: 	at androidx.appcompat.app.AppCompatActivity.onDestroy(AppCompatActivity.java:278)
09-07 03:55:22.127 15664 15664 W System.err: 	at android.app.Activity.performDestroy(Activity.java:8048)
09-07 03:55:22.127 15664 15664 W System.err: 	at android.app.Instrumentation.callActivityOnDestroy(Instrumentation.java:1334)
09-07 03:55:22.127 15664 15664 W System.err: 	at androidx.test.runner.MonitoringInstrumentation.callActivityOnDestroy(MonitoringInstrumentation.java:766)
09-07 03:55:22.127 15664 15664 W System.err: 	at android.app.ActivityThread.performDestroyActivity(ActivityThread.java:4926)
09-07 03:55:22.127 15664 15664 W System.err: 	at android.app.ActivityThread.handleDestroyActivity(ActivityThread.java:4970)
09-07 03:55:22.127 15664 15664 W System.err: 	at android.app.servertransaction.DestroyActivityItem.execute(DestroyActivityItem.java:44)
09-07 03:55:22.127 15664 15664 W System.err: 	at android.app.servertransaction.TransactionExecutor.executeLifecycleState(TransactionExecutor.java:176)
09-07 03:55:22.127 15664 15664 W System.err: 	at android.app.servertransaction.TransactionExecutor.execute(TransactionExecutor.java:97)
09-07 03:55:22.127 15664 15664 W System.err: 	at android.app.ActivityThread$H.handleMessage(ActivityThread.java:2016)
09-07 03:55:22.128 15664 15664 W System.err: 	at android.os.Handler.dispatchMessage(Handler.java:107)
09-07 03:55:22.128 15664 15664 W System.err: 	at android.os.Looper.loop(Looper.java:214)
09-07 03:55:22.128 15664 15664 W System.err: 	at android.app.ActivityThread.main(ActivityThread.java:7356)
09-07 03:55:22.128 15664 15664 W System.err: 	at java.lang.reflect.Method.invoke(Native Method)
09-07 03:55:22.128 15664 15664 W System.err: 	at com.android.internal.os.RuntimeInit$MethodAndArgsCaller.run(RuntimeInit.java:492)
09-07 03:55:22.129 15664 15664 W System.err: 	at com.android.internal.os.ZygoteInit.main(ZygoteInit.java:930)
09-07 03:55:22.133 15664 15664 W System.err: ru.iteco.fmhandroid.exceptions.UnknownException
09-07 03:55:22.133 15664 15664 W System.err: 	at ru.iteco.fmhandroid.utils.Utils.makeRequest(Utils.kt:123)
09-07 03:55:22.133 15664 15664 W System.err: 	at ru.iteco.fmhandroid.utils.Utils$makeRequest$1.invokeSuspend(Unknown Source:15)
09-07 03:55:22.133 15664 15664 W System.err: 	at kotlin.coroutines.jvm.internal.BaseContinuationImpl.resumeWith(ContinuationImpl.kt:33)
09-07 03:55:22.133 15664 15664 W System.err: 	at kotlinx.coroutines.DispatchedTaskKt.resume(DispatchedTask.kt:234)
09-07 03:55:22.133 15664 15664 W System.err: 	at kotlinx.coroutines.DispatchedTaskKt.resumeUnconfined(DispatchedTask.kt:190)
09-07 03:55:22.134 15664 15664 W System.err: 	at kotlinx.coroutines.DispatchedTaskKt.dispatch(DispatchedTask.kt:161)
09-07 03:55:22.134 15664 15664 W System.err: 	at kotlinx.coroutines.CancellableContinuationImpl.dispatchResume(CancellableContinuationImpl.kt:397)
09-07 03:55:22.134 15664 15664 W System.err: 	at kotlinx.coroutines.CancellableContinuationImpl.cancel(CancellableContinuationImpl.kt:183)
09-07 03:55:22.134 15664 15664 W System.err: 	at kotlinx.coroutines.CancellableContinuationImpl.parentCancelled$kotlinx_coroutines_core(CancellableContinuationImpl.kt:190)
09-07 03:55:22.134 15664 15664 W System.err: 	at kotlinx.coroutines.ChildContinuation.invoke(JobSupport.kt:1474)
09-07 03:55:22.134 15664 15664 W System.err: 	at kotlinx.coroutines.JobSupport.notifyCancelling(JobSupport.kt:1499)
09-07 03:55:22.134 15664 15777 I okhttp.OkHttpClient: <-- HTTP FAILED: java.io.IOException: Canceled
09-07 03:55:22.134 15664 15664 W System.err: 	at kotlinx.coroutines.JobSupport.tryMakeCancelling(JobSupport.kt:795)
09-07 03:55:22.134 15664 15664 W System.err: 	at kotlinx.coroutines.JobSupport.makeCancelling(JobSupport.kt:755)
09-07 03:55:22.134 15664 15664 W System.err: 	at kotlinx.coroutines.JobSupport.cancelImpl$kotlinx_coroutines_core(JobSupport.kt:671)
09-07 03:55:22.134 15664 15664 W System.err: 	at kotlinx.coroutines.JobSupport.parentCancelled(JobSupport.kt:637)
09-07 03:55:22.134 15664 15664 W System.err: 	at kotlinx.coroutines.ChildHandleNode.invoke(JobSupport.kt:1465)
09-07 03:55:22.134 15664 15664 W System.err: 	at kotlinx.coroutines.JobSupport.notifyCancelling(JobSupport.kt:1499)
09-07 03:55:22.134 15664 15664 W System.err: 	at kotlinx.coroutines.JobSupport.tryMakeCompletingSlowPath(JobSupport.kt:900)
09-07 03:55:22.134 15664 15664 W System.err: 	at kotlinx.coroutines.JobSupport.tryMakeCompleting(JobSupport.kt:863)
09-07 03:55:22.135 15664 15664 W System.err: 	at kotlinx.coroutines.JobSupport.cancelMakeCompleting(JobSupport.kt:696)
09-07 03:55:22.135 15664 15664 W System.err: 	at kotlinx.coroutines.JobSupport.cancelImpl$kotlinx_coroutines_core(JobSupport.kt:667)
09-07 03:55:22.135 15664 15664 W System.err: 	at kotlinx.coroutines.JobSupport.cancelInternal(JobSupport.kt:632)
09-07 03:55:22.135 15664 15664 W System.err: 	at kotlinx.coroutines.JobSupport.cancel(JobSupport.kt:617)
09-07 03:55:22.135 15664 15664 W System.err: 	at kotlinx.coroutines.JobKt__JobKt.cancel(Job.kt:561)
09-07 03:55:22.135 15664 15664 W System.err: 	at kotlinx.coroutines.JobKt.cancel(Unknown Source:1)
09-07 03:55:22.135 15664 15664 W System.err: 	at kotlinx.coroutines.JobKt__JobKt.cancel$default(Job.kt:560)
09-07 03:55:22.135 15664 15664 W System.err: 	at kotlinx.coroutines.JobKt.cancel$default(Unknown Source:1)
09-07 03:55:22.135 15664 15664 W System.err: 	at androidx.lifecycle.CloseableCoroutineScope.close(ViewModel.kt:51)
09-07 03:55:22.135 15664 15664 W System.err: 	at androidx.lifecycle.ViewModel.closeWithRuntimeException(ViewModel.java:188)
09-07 03:55:22.135 15664 15664 W System.err: 	at androidx.lifecycle.ViewModel.clear(ViewModel.java:134)
09-07 03:55:22.135 15664 15664 W System.err: 	at androidx.lifecycle.ViewModelStore.clear(ViewModelStore.java:62)
09-07 03:55:22.135 15664 15664 W System.err: 	at androidx.fragment.app.FragmentManagerViewModel.clearNonConfigStateInternal(FragmentManagerViewModel.java:210)
09-07 03:55:22.135 15664 15664 W System.err: 	at androidx.fragment.app.FragmentManagerViewModel.clearNonConfigState(FragmentManagerViewModel.java:190)
09-07 03:55:22.135 15664 15664 W System.err: 	at androidx.fragment.app.FragmentStateManager.destroy(FragmentStateManager.java:778)
09-07 03:55:22.135 15664 15664 W System.err: 	at androidx.fragment.app.FragmentStateManager.moveToExpectedState(FragmentStateManager.java:335)
09-07 03:55:22.135 15664 15664 W System.err: 	at androidx.fragment.app.FragmentStore.moveToExpectedState(FragmentStore.java:113)
09-07 03:55:22.135 15664 15664 W System.err: 	at androidx.fragment.app.FragmentManager.moveToState(FragmentManager.java:1374)
09-07 03:55:22.135 15664 15664 W System.err: 	at androidx.fragment.app.FragmentManager.dispatchStateChange(FragmentManager.java:2841)
09-07 03:55:22.135 15664 15664 W System.err: 	at androidx.fragment.app.FragmentManager.dispatchDestroy(FragmentManager.java:2820)
09-07 03:55:22.135 15664 15664 W System.err: 	at androidx.fragment.app.Fragment.performDestroy(Fragment.java:3246)
09-07 03:55:22.135 15664 15664 W System.err: 	at androidx.fragment.app.FragmentStateManager.destroy(FragmentStateManager.java:780)
09-07 03:55:22.135 15664 15664 W System.err: 	at androidx.fragment.app.FragmentStateManager.moveToExpectedState(FragmentStateManager.java:335)
09-07 03:55:22.135 15664 15664 W System.err: 	at androidx.fragment.app.SpecialEffectsController$FragmentStateManagerOperation.complete(SpecialEffectsController.java:771)
09-07 03:55:22.135 15664 15664 W System.err: 	at androidx.fragment.app.SpecialEffectsController$Operation.cancel(SpecialEffectsController.java:615)
09-07 03:55:22.135 15664 15664 W System.err: 	at androidx.fragment.app.SpecialEffectsController.forceCompleteAllOperations(SpecialEffectsController.java:350)
09-07 03:55:22.135 15664 15664 W System.err: 	at androidx.fragment.app.FragmentManager.dispatchStateChange(FragmentManager.java:2844)
09-07 03:55:22.135 15664 15664 W System.err: 	at androidx.fragment.app.FragmentManager.dispatchDestroy(FragmentManager.java:2820)
09-07 03:55:22.135 15664 15664 W System.err: 	at androidx.fragment.app.FragmentController.dispatchDestroy(FragmentController.java:345)
09-07 03:55:22.135 15664 15664 W System.err: 	at androidx.fragment.app.FragmentActivity.onDestroy(FragmentActivity.java:306)
09-07 03:55:22.135 15664 15664 W System.err: 	at androidx.appcompat.app.AppCompatActivity.onDestroy(AppCompatActivity.java:278)
09-07 03:55:22.135 15664 15664 W System.err: 	at android.app.Activity.performDestroy(Activity.java:8048)
09-07 03:55:22.135 15664 15664 W System.err: 	at android.app.Instrumentation.callActivityOnDestroy(Instrumentation.java:1334)
09-07 03:55:22.135 15664 15664 W System.err: 	at androidx.test.runner.MonitoringInstrumentation.callActivityOnDestroy(MonitoringInstrumentation.java:766)
09-07 03:55:22.135 15664 15664 W System.err: 	at android.app.ActivityThread.performDestroyActivity(ActivityThread.java:4926)
09-07 03:55:22.135 15664 15664 W System.err: 	at android.app.ActivityThread.handleDestroyActivity(ActivityThread.java:4970)
09-07 03:55:22.135 15664 15664 W System.err: 	at android.app.servertransaction.DestroyActivityItem.execute(DestroyActivityItem.java:44)
09-07 03:55:22.135 15664 15664 W System.err: 	at android.app.servertransaction.TransactionExecutor.executeLifecycleState(TransactionExecutor.java:176)
09-07 03:55:22.135 15664 15664 W System.err: 	at android.app.servertransaction.TransactionExecutor.execute(TransactionExecutor.java:97)
09-07 03:55:22.135 15664 15664 W System.err: 	at android.app.ActivityThread$H.handleMessage(ActivityThread.java:2016)
09-07 03:55:22.135 15664 15664 W System.err: 	at android.os.Handler.dispatchMessage(Handler.java:107)
09-07 03:55:22.135 15664 15664 W System.err: 	at android.os.Looper.loop(Looper.java:214)
09-07 03:55:22.136 15664 15664 W System.err: 	at android.app.ActivityThread.main(ActivityThread.java:7356)
09-07 03:55:22.136 15664 15664 W System.err: 	at java.lang.reflect.Method.invoke(Native Method)
09-07 03:55:22.136 15664 15664 W System.err: 	at com.android.internal.os.RuntimeInit$MethodAndArgsCaller.run(RuntimeInit.java:492)
09-07 03:55:22.136 15664 15664 W System.err: 	at com.android.internal.os.ZygoteInit.main(ZygoteInit.java:930)
09-07 03:55:22.140  2037  2037 W ActivityManager: Unable to start service Intent { act=android.service.appprediction.AppPredictionService cmp=com.google.android.as/com.google.android.apps.miphone.aiai.app.AiAiPredictionService } U=0: not found
09-07 03:55:22.140  2037  2037 W RemoteAppPredictionService: could not bind to Intent { act=android.service.appprediction.AppPredictionService cmp=com.google.android.as/com.google.android.apps.miphone.aiai.app.AiAiPredictionService } using flags 67108865
09-07 03:55:22.142  1793  2554 D gralloc_ranchu: gralloc_alloc: Creating ashmem region of size 9850880
09-07 03:55:22.152 15664 15664 D LifecycleMonitor: Lifecycle status change: ru.iteco.fmhandroid.ui.AppActivity@e69eae6 in: DESTROYED
09-07 03:55:22.152 15664 15664 V ActivityScenario: Update currentActivityStage to DESTROYED, currentActivity=null
09-07 03:55:22.154  1793  2554 D gralloc_ranchu: gralloc_alloc: Creating ashmem region of size 9850880
09-07 03:55:22.155  1793  2554 D gralloc_ranchu: gralloc_alloc: Creating ashmem region of size 9850880
09-07 03:55:22.156  2666  3068 D EGL_emulation: eglMakeCurrent: 0xda21b0e0: ver 2 0 (tinfo 0xda20fbb0)
09-07 03:55:22.173  2666  2666 I dnsi    : onStart
09-07 03:55:22.174  2666  2666 I dnsi    : onResume
09-07 03:55:22.179  1793  2554 D gralloc_ranchu: gralloc_alloc: Creating ashmem region of size 9850880
09-07 03:55:22.189  2434  2714 D EGL_emulation: eglMakeCurrent: 0xed453b60: ver 2 0 (tinfo 0xe233a960)
09-07 03:55:22.195  1793  2554 D gralloc_ranchu: gralloc_alloc: Creating ashmem region of size 9850880
09-07 03:55:22.204  1793  2554 D gralloc_ranchu: gralloc_alloc: Creating ashmem region of size 9850880
09-07 03:55:22.225  2037  2061 W InputReader: Device has associated, but no associated display id.
09-07 03:55:22.225  2037  2061 I chatty  : uid=1000(system) android.anim identical 8 lines
09-07 03:55:22.225  2037  2061 W InputReader: Device has associated, but no associated display id.
09-07 03:55:22.228  1793  2554 D gralloc_ranchu: gralloc_alloc: Creating ashmem region of size 6307840
09-07 03:55:22.232  2182  2468 D EGL_emulation: eglMakeCurrent: 0xda21a360: ver 2 0 (tinfo 0xda20f590)
09-07 03:55:22.234  2182  2182 W View    : requestLayout() improperly called by com.android.keyguard.AlphaOptimizedLinearLayout{551c6d8 V.E...... ......ID 7,0-48,61 #7f0a041c app:id/wifi_group} during second layout pass: posting in next frame
09-07 03:55:22.248  2182  2182 W View    : requestLayout() improperly called by StatusBarIconView(slot=mobile icon=null notification=null) during layout: running second layout pass
09-07 03:55:22.254 15664 15709 E TestRunner: failed: shouldEditTheComment(ru.iteco.fmhandroid.ui.ClaimsPageTest)
09-07 03:55:22.254 15664 15709 E TestRunner: ----- begin exception -----
09-07 03:55:22.255 15664 15709 E TestRunner: androidx.test.espresso.PerformException: Error performing 'scroll RecyclerView to: holder with view: (view is an instance of android.view.ViewGroup and has descendant matching an instance of android.widget.TextView and view.getText() with or without transformation to match: is "Заголовок 9790b49b-910e-42a2-9c3e-b64551071780")' on view 'view.getId() is <2131230916/ru.iteco.fmhandroid:id/claim_list_recycler_view>'.
09-07 03:55:22.255 15664 15709 E TestRunner: 	at androidx.test.espresso.PerformException$Builder.build(PerformException.java:1)
09-07 03:55:22.255 15664 15709 E TestRunner: 	at androidx.test.espresso.base.PerformExceptionHandler.handleSafely(PerformExceptionHandler.java:8)
09-07 03:55:22.255 15664 15709 E TestRunner: 	at androidx.test.espresso.base.PerformExceptionHandler.handleSafely(PerformExceptionHandler.java:9)
09-07 03:55:22.255 15664 15709 E TestRunner: 	at androidx.test.espresso.base.DefaultFailureHandler$TypedFailureHandler.handle(DefaultFailureHandler.java:4)
09-07 03:55:22.255 15664 15709 E TestRunner: 	at androidx.test.espresso.base.DefaultFailureHandler.handle(DefaultFailureHandler.java:5)
09-07 03:55:22.255 15664 15709 E TestRunner: 	at androidx.test.espresso.ViewInteraction.waitForAndHandleInteractionResults(ViewInteraction.java:8)
09-07 03:55:22.255 15664 15709 E TestRunner: 	at androidx.test.espresso.ViewInteraction.desugaredPerform(ViewInteraction.java:11)
09-07 03:55:22.255 15664 15709 E TestRunner: 	at androidx.test.espresso.ViewInteraction.perform(ViewInteraction.java:8)
09-07 03:55:22.255 15664 15709 E TestRunner: 	at ru.iteco.fmhandroid.ui.steps.ClaimsPageSteps.scrollToElementInRecyclerList(ClaimsPageSteps.java:127)
09-07 03:55:22.255 15664 15709 E TestRunner: 	at ru.iteco.fmhandroid.ui.steps.ClaimsPageSteps.openClaimCard(ClaimsPageSteps.java:158)
09-07 03:55:22.255 15664 15709 E TestRunner: 	at ru.iteco.fmhandroid.ui.ClaimsPageTest.shouldEditTheComment(ClaimsPageTest.java:141)
09-07 03:55:22.255 15664 15709 E TestRunner: 	at java.lang.reflect.Method.invoke(Native Method)
09-07 03:55:22.255 15664 15709 E TestRunner: 	at org.junit.runners.model.FrameworkMethod$1.runReflectiveCall(FrameworkMethod.java:59)
09-07 03:55:22.255 15664 15709 E TestRunner: 	at org.junit.internal.runners.model.ReflectiveCallable.run(ReflectiveCallable.java:12)
09-07 03:55:22.255 15664 15709 E TestRunner: 	at org.junit.runners.model.FrameworkMethod.invokeExplosively(FrameworkMethod.java:56)
09-07 03:55:22.255 15664 15709 E TestRunner: 	at org.junit.internal.runners.statements.InvokeMethod.evaluate(InvokeMethod.java:17)
09-07 03:55:22.255 15664 15709 E TestRunner: 	at androidx.test.internal.runner.junit4.statement.RunBefores.evaluate(RunBefores.java:80)
09-07 03:55:22.255 15664 15709 E TestRunner: 	at io.qameta.allure.android.rules.ScreenshotRule$apply$1.evaluate(ScreenshotRule.kt:22)
09-07 03:55:22.255 15664 15709 E TestRunner: 	at org.junit.rules.ExternalResource$1.evaluate(ExternalResource.java:54)
09-07 03:55:22.255 15664 15709 E TestRunner: 	at io.qameta.allure.android.rules.LogcatRule$apply$1.evaluate(LogcatRule.kt:23)
09-07 03:55:22.255 15664 15709 E TestRunner: 	at org.junit.rules.RunRules.evaluate(RunRules.java:20)
09-07 03:55:22.255 15664 15709 E TestRunner: 	at org.junit.runners.ParentRunner$3.evaluate(ParentRunner.java:306)
09-07 03:55:22.255 15664 15709 E TestRunner: 	at org.junit.runners.BlockJUnit4ClassRunner$1.evaluate(BlockJUnit4ClassRunner.java:100)
09-07 03:55:22.255 15664 15709 E TestRunner: 	at org.junit.runners.ParentRunner.runLeaf(ParentRunner.java:366)
09-07 03:55:22.255 15664 15709 E TestRunner: 	at org.junit.runners.BlockJUnit4ClassRunner.runChild(BlockJUnit4ClassRunner.java:103)
09-07 03:55:22.255 15664 15709 E TestRunner: 	at org.junit.runners.BlockJUnit4ClassRunner.runChild(BlockJUnit4ClassRunner.java:63)
09-07 03:55:22.255 15664 15709 E TestRunner: 	at org.junit.runners.ParentRunner$4.run(ParentRunner.java:331)
09-07 03:55:22.255 15664 15709 E TestRunner: 	at org.junit.runners.ParentRunner$1.schedule(ParentRunner.java:79)
09-07 03:55:22.255 15664 15709 E TestRunner: 	at org.junit.runners.ParentRunner.runChildren(ParentRunner.java:329)
09-07 03:55:22.255 15664 15709 E TestRunner: 	at org.junit.runners.ParentRunner.access$100(ParentRunner.java:66)
