--------- beginning of main
09-07 04:21:13.125  1792  2272 E GnssHAL_GnssInterface: gnssSvStatusCb: a: input svInfo.flags is 8
09-07 04:21:13.126  1792  2272 E GnssHAL_GnssInterface: gnssSvStatusCb: b: input svInfo.flags is 8
09-07 04:21:13.755 21620 21729 I okhttp.OkHttpClient: --> GET http://www.981757-ca08998.tmweb.ru:8080/fmh/authentication/userInfo
09-07 04:21:13.755 21620 21729 I okhttp.OkHttpClient: --> END GET
09-07 04:21:14.029 21620 21729 I okhttp.OkHttpClient: <-- 200 http://www.981757-ca08998.tmweb.ru:8080/fmh/authentication/userInfo (272ms)
09-07 04:21:14.029 21620 21729 I okhttp.OkHttpClient: Vary: Origin
09-07 04:21:14.029 21620 21729 I okhttp.OkHttpClient: Vary: Access-Control-Request-Method
09-07 04:21:14.030 21620 21729 I okhttp.OkHttpClient: Vary: Access-Control-Request-Headers
09-07 04:21:14.030 21620 21729 I okhttp.OkHttpClient: X-Content-Type-Options: nosniff
09-07 04:21:14.030 21620 21729 I okhttp.OkHttpClient: X-XSS-Protection: 1; mode=block
09-07 04:21:14.030 21620 21729 I okhttp.OkHttpClient: Cache-Control: no-cache, no-store, max-age=0, must-revalidate
09-07 04:21:14.030 21620 21729 I okhttp.OkHttpClient: Pragma: no-cache
09-07 04:21:14.030 21620 21729 I okhttp.OkHttpClient: Expires: 0
09-07 04:21:14.030 21620 21729 I okhttp.OkHttpClient: X-Frame-Options: DENY
09-07 04:21:14.030 21620 21729 I okhttp.OkHttpClient: Content-Type: application/json
09-07 04:21:14.030 21620 21729 I okhttp.OkHttpClient: Transfer-Encoding: chunked
09-07 04:21:14.030 21620 21729 I okhttp.OkHttpClient: Date: Thu, 07 Sep 2023 04:21:14 GMT
09-07 04:21:14.031 21620 21729 I okhttp.OkHttpClient: Keep-Alive: timeout=60
09-07 04:21:14.031 21620 21729 I okhttp.OkHttpClient: Connection: keep-alive
09-07 04:21:14.032 21620 21729 I okhttp.OkHttpClient: {"id":1,"firstName":"Ivan","lastName":"Ivanov","middleName":"Ivanovich","admin":true}
09-07 04:21:14.032 21620 21729 I okhttp.OkHttpClient: <-- END HTTP (85-byte body)
09-07 04:21:14.038 21620 21735 I okhttp.OkHttpClient: --> GET http://www.981757-ca08998.tmweb.ru:8080/fmh/claims
09-07 04:21:14.038 21620 21735 I okhttp.OkHttpClient: --> END GET
09-07 04:21:14.041  1774 21768 E ResolverController: No valid NAT64 prefix (101, <unspecified>/0)
09-07 04:21:14.126  1792  2272 E GnssHAL_GnssInterface: gnssSvStatusCb: a: input svInfo.flags is 8
09-07 04:21:14.126  1792  2272 E GnssHAL_GnssInterface: gnssSvStatusCb: b: input svInfo.flags is 8
09-07 04:21:14.321 21620 21711 D EGL_emulation: eglMakeCurrent: 0xd6c30ec0: ver 2 0 (tinfo 0xd6c9e8f0)
09-07 04:21:14.326  1793 14098 D gralloc_ranchu: gralloc_alloc: Creating ashmem region of size 9850880
09-07 04:21:14.333  2182  2182 W View    : requestLayout() improperly called by com.android.keyguard.AlphaOptimizedLinearLayout{551c6d8 V.E...... ......ID 7,0-48,61 #7f0a041c app:id/wifi_group} during second layout pass: posting in next frame
09-07 04:21:14.349  2182  2182 W View    : requestLayout() improperly called by StatusBarIconView(slot=mobile icon=null notification=null) during layout: running second layout pass
09-07 04:21:14.370 21620 21711 D EGL_emulation: eglMakeCurrent: 0xd6c30ec0: ver 2 0 (tinfo 0xd6c9e8f0)
09-07 04:21:14.433  2666  3039 I apeh    : dispose()
09-07 04:21:14.436  2666  3039 W awiv    : (REDACTED) Queue length for executor %s is now %d. Perhaps some tasks are too long, or the pool is too small.
09-07 04:21:14.536  1793 14098 D gralloc_ranchu: gralloc_alloc: Creating ashmem region of size 9850880
09-07 04:21:14.553 21620 21620 I ViewInteraction: Checking 'MatchesViewAssertion{viewMatcher=(view has effective visibility <VISIBLE> and view.getGlobalVisibleRect() to return non-empty rectangle)}' assertion on view an instance of android.widget.TextView and view.getText() with or without transformation to match: is "News"
09-07 04:21:14.555 21620 21663 W teco.fmhandroi: Accessing hidden method Lsun/misc/Unsafe;->compareAndSwapObject(Ljava/lang/Object;JLjava/lang/Object;Ljava/lang/Object;)Z (greylist, linking, allowed)
09-07 04:21:14.556 21620 21722 W teco.fmhandroi: Accessing hidden method Lsun/misc/Unsafe;->compareAndSwapObject(Ljava/lang/Object;JLjava/lang/Object;Ljava/lang/Object;)Z (greylist, linking, allowed)
09-07 04:21:14.561 21620 21620 I ViewInteraction: Performing 'wait for a specific view with <view.getId() is <2131230951>> during 10000 millis.' action on view view.getRootView() to equal view
09-07 04:21:14.565 21620 21663 W teco.fmhandroi: Accessing hidden method Lsun/misc/Unsafe;->compareAndSwapObject(Ljava/lang/Object;JLjava/lang/Object;Ljava/lang/Object;)Z (greylist, linking, allowed)
09-07 04:21:14.568 21620 21620 I ViewInteraction: Checking 'MatchesViewAssertion{viewMatcher=(view has effective visibility <VISIBLE> and view.getGlobalVisibleRect() to return non-empty rectangle)}' assertion on view view.getId() is <2131230951/ru.iteco.fmhandroid:id/container_list_news_include_on_fragment_main>
09-07 04:21:14.569 21620 21663 W teco.fmhandroi: Accessing hidden method Lsun/misc/Unsafe;->compareAndSwapObject(Ljava/lang/Object;JLjava/lang/Object;Ljava/lang/Object;)Z (greylist, linking, allowed)
09-07 04:21:14.572 21620 21620 I ViewInteraction: Performing 'wait for a specific view with <view.getId() is <2131230949>> during 10000 millis.' action on view view.getRootView() to equal view
09-07 04:21:14.574 21620 21663 W teco.fmhandroi: Accessing hidden method Lsun/misc/Unsafe;->compareAndSwapObject(Ljava/lang/Object;JLjava/lang/Object;Ljava/lang/Object;)Z (greylist, linking, allowed)
09-07 04:21:14.576 21620 21620 I ViewInteraction: Checking 'MatchesViewAssertion{viewMatcher=(view has effective visibility <VISIBLE> and view.getGlobalVisibleRect() to return non-empty rectangle)}' assertion on view view.getId() is <2131230949/ru.iteco.fmhandroid:id/container_list_claim_include_on_fragment_main>
09-07 04:21:14.577  1793 14098 D gralloc_ranchu: gralloc_alloc: Creating ashmem region of size 9850880
09-07 04:21:14.578 21620 21663 W teco.fmhandroi: Accessing hidden method Lsun/misc/Unsafe;->compareAndSwapObject(Ljava/lang/Object;JLjava/lang/Object;Ljava/lang/Object;)Z (greylist, linking, allowed)
09-07 04:21:14.586 21620 21620 I ViewInteraction: Performing 'wait for a specific view with <an instance of android.widget.TextView and view.getText() with or without transformation to match: is "Claims"> during 10000 millis.' action on view view.getRootView() to equal view
09-07 04:21:14.590 21620 21620 I ViewInteraction: Checking 'MatchesViewAssertion{viewMatcher=(view has effective visibility <VISIBLE> and view.getGlobalVisibleRect() to return non-empty rectangle)}' assertion on view an instance of android.widget.TextView and view.getText() with or without transformation to match: is "Claims"
09-07 04:21:14.592 21620 21663 W teco.fmhandroi: Accessing hidden method Lsun/misc/Unsafe;->compareAndSwapObject(Ljava/lang/Object;JLjava/lang/Object;Ljava/lang/Object;)Z (greylist, linking, allowed)
09-07 04:21:14.595 21620 21620 I ViewInteraction: Performing 'wait for a specific view with <view.getId() is <2131231247>> during 10000 millis.' action on view view.getRootView() to equal view
09-07 04:21:14.597 21620 21663 W teco.fmhandroi: Accessing hidden method Lsun/misc/Unsafe;->compareAndSwapObject(Ljava/lang/Object;JLjava/lang/Object;Ljava/lang/Object;)Z (greylist, linking, allowed)
09-07 04:21:14.598 21620 21722 W teco.fmhandroi: Accessing hidden method Lsun/misc/Unsafe;->compareAndSwapObject(Ljava/lang/Object;JLjava/lang/Object;Ljava/lang/Object;)Z (greylist, linking, allowed)
09-07 04:21:14.602 21620 21620 I ViewInteraction: Performing 'single click' action on view view.getId() is <2131231247/ru.iteco.fmhandroid:id/our_mission_image_button>
09-07 04:21:14.933  1781  6116 W audio_hw_generic: Not supplying enough data to HAL, expected position 49532753 , only wrote 49532696
09-07 04:21:15.126  1792  2272 E GnssHAL_GnssInterface: gnssSvStatusCb: a: input svInfo.flags is 8
09-07 04:21:15.126  1792  2272 E GnssHAL_GnssInterface: gnssSvStatusCb: b: input svInfo.flags is 8
09-07 04:21:15.300 21620 21663 W teco.fmhandroi: Accessing hidden method Lsun/misc/Unsafe;->compareAndSwapObject(Ljava/lang/Object;JLjava/lang/Object;Ljava/lang/Object;)Z (greylist, linking, allowed)
09-07 04:21:15.306 21620 21620 I ViewInteraction: Performing 'wait for a specific view with <view.getId() is <2131231254>> during 10000 millis.' action on view view.getRootView() to equal view
09-07 04:21:15.308 21620 21663 W teco.fmhandroi: Accessing hidden method Lsun/misc/Unsafe;->compareAndSwapObject(Ljava/lang/Object;JLjava/lang/Object;Ljava/lang/Object;)Z (greylist, linking, allowed)
09-07 04:21:15.312 21620 21620 I ViewInteraction: Checking 'MatchesViewAssertion{viewMatcher=(view has effective visibility <VISIBLE> and view.getGlobalVisibleRect() to return non-empty rectangle)}' assertion on view view.getId() is <2131231254/ru.iteco.fmhandroid:id/our_mission_title_text_view>
09-07 04:21:15.313 21620 21663 W teco.fmhandroi: Accessing hidden method Lsun/misc/Unsafe;->compareAndSwapObject(Ljava/lang/Object;JLjava/lang/Object;Ljava/lang/Object;)Z (greylist, linking, allowed)
09-07 04:21:15.314 21620 21722 W teco.fmhandroi: Accessing hidden method Lsun/misc/Unsafe;->compareAndSwapObject(Ljava/lang/Object;JLjava/lang/Object;Ljava/lang/Object;)Z (greylist, linking, allowed)
09-07 04:21:15.316 21620 21620 I ViewInteraction: Performing 'wait for a specific view with <view.getId() is <2131231250>> during 10000 millis.' action on view view.getRootView() to equal view
09-07 04:21:15.317 21620 21663 W teco.fmhandroi: Accessing hidden method Lsun/misc/Unsafe;->compareAndSwapObject(Ljava/lang/Object;JLjava/lang/Object;Ljava/lang/Object;)Z (greylist, linking, allowed)
09-07 04:21:15.321 21620 21620 I ViewInteraction: Checking 'MatchesViewAssertion{viewMatcher=(view has effective visibility <VISIBLE> and view.getGlobalVisibleRect() to return non-empty rectangle)}' assertion on view view.getId() is <2131231250/ru.iteco.fmhandroid:id/our_mission_item_list_recycler_view>
--------- beginning of system
09-07 04:21:15.324  2037  2310 I ActivityTaskManager: START u0 {act=android.intent.action.MAIN cat=[android.intent.category.LAUNCHER] flg=0x10000000 cmp=ru.iteco.fmhandroid.test/androidx.test.core.app.InstrumentationActivityInvoker$EmptyActivity} from uid 10136
09-07 04:21:15.331 21620 21620 D LifecycleMonitor: Lifecycle status change: ru.iteco.fmhandroid.ui.AppActivity@17d221b in: PAUSED
09-07 04:21:15.332 21620 21620 V ActivityScenario: Update currentActivityStage to PAUSED, currentActivity=ru.iteco.fmhandroid.ui.AppActivity@17d221b
09-07 04:21:15.333  2037  2310 W InputReader: Device has associated, but no associated display id.
09-07 04:21:15.336  2037  2310 I chatty  : uid=1000(system) Binder:2037_5 identical 48 lines
09-07 04:21:15.336  2037  2310 W InputReader: Device has associated, but no associated display id.
09-07 04:21:15.336 21677 21677 W ActivityThread: handleWindowVisibility: no activity for token android.os.BinderProxy@fb116a1
09-07 04:21:15.352  2037  2065 E memtrack: Couldn't load memtrack module
09-07 04:21:15.353  2037  2065 W android.os.Debug: failed to get memory consumption info: -1
09-07 04:21:15.383  2037  4199 I ActivityTaskManager: START u0 {act=android.intent.action.MAIN cat=[android.intent.category.LAUNCHER] flg=0x10000000 cmp=ru.iteco.fmhandroid.test/androidx.test.core.app.InstrumentationActivityInvoker$EmptyActivity} from uid 10136
09-07 04:21:15.386 21620 21662 V FA      : Recording user engagement, ms: 4575
09-07 04:21:15.402  1793 14098 D gralloc_ranchu: gralloc_alloc: Creating ashmem region of size 9850880
09-07 04:21:15.413  1793 14098 D gralloc_ranchu: gralloc_alloc: Creating ashmem region of size 9850880
09-07 04:21:15.425 21677 21708 D EGL_emulation: eglMakeCurrent: 0xd6c2f3c0: ver 2 0 (tinfo 0xed4892c0)
09-07 04:21:15.426  1793 14098 D gralloc_ranchu: gralloc_alloc: Creating ashmem region of size 9850880
09-07 04:21:15.451  2037  2310 W InputReader: Device has associated, but no associated display id.
09-07 04:21:15.454  2037  2310 I chatty  : uid=1000(system) Binder:2037_5 identical 48 lines
09-07 04:21:15.454  2037  2310 W InputReader: Device has associated, but no associated display id.
09-07 04:21:15.476 21677 21677 W ActivityThread: handleWindowVisibility: no activity for token android.os.BinderProxy@7819a38
09-07 04:21:15.498 21620 21662 V FA      : Activity paused, time: 3399278
09-07 04:21:15.506  2037  4199 W ActivityTaskManager: Duplicate finish request for ActivityRecord{afbd04d u0 ru.iteco.fmhandroid/.ui.AppActivity t761 f}
09-07 04:21:15.511  7867 21436 V FA-SVC  : Logging event: origin=auto,name=user_engagement(_e),params=Bundle[{ga_event_origin(_o)=auto, engagement_time_msec(_et)=4575, ga_screen_class(_sc)=AppActivity, ga_screen_id(_si)=-7276878119267510248}]
09-07 04:21:15.530  1793 14098 D gralloc_ranchu: gralloc_alloc: Creating ashmem region of size 9850880
09-07 04:21:15.538  1793 14098 D gralloc_ranchu: gralloc_alloc: Creating ashmem region of size 9850880
09-07 04:21:15.550  7867 21436 V FA-SVC  : Upload scheduled in approximately ms: 361560
09-07 04:21:15.551  1793  1793 D gralloc_ranchu: gralloc_alloc: Creating ashmem region of size 9850880
09-07 04:21:15.551  7867 21436 V FA-SVC  : Unscheduling upload
09-07 04:21:15.556  7867 21436 V FA-SVC  : Scheduling upload, millis: 361560
09-07 04:21:15.557  7867 21436 V FA-SVC  : Background event processing time, ms: 56
09-07 04:21:15.564 21677 21708 D EGL_emulation: eglMakeCurrent: 0xd6c2f3c0: ver 2 0 (tinfo 0xed4892c0)
09-07 04:21:15.582  2037  2061 W InputReader: Device has associated, but no associated display id.
09-07 04:21:15.583  2037  2061 I chatty  : uid=1000(system) android.anim identical 18 lines
09-07 04:21:15.583  2037  2061 W InputReader: Device has associated, but no associated display id.
09-07 04:21:15.585  2037  2065 I ActivityTaskManager: Displayed ru.iteco.fmhandroid.test/androidx.test.core.app.InstrumentationActivityInvoker$EmptyActivity: +122ms
09-07 04:21:15.590  2037  4199 W InputReader: Device has associated, but no associated display id.
09-07 04:21:15.590  2037  4199 I chatty  : uid=1000(system) Binder:2037_F identical 8 lines
09-07 04:21:15.590  2037  4199 W InputReader: Device has associated, but no associated display id.
09-07 04:21:15.600 21620 21711 D EGL_emulation: eglMakeCurrent: 0xd6c30ec0: ver 2 0 (tinfo 0xd6c9e8f0)
09-07 04:21:15.611  2037  2055 W InputReader: Device has associated, but no associated display id.
09-07 04:21:15.611  2037  2055 I chatty  : uid=1000(system) Binder:2037_1 identical 8 lines
09-07 04:21:15.611  2037  2055 W InputReader: Device has associated, but no associated display id.
09-07 04:21:15.623  1823  1823 W SurfaceFlinger: couldn't log to binary event log: overflow.
09-07 04:21:15.629  2037  2037 W ActivityManager: Unable to start service Intent { act=android.service.appprediction.AppPredictionService cmp=com.google.android.as/com.google.android.apps.miphone.aiai.app.AiAiPredictionService } U=0: not found
09-07 04:21:15.629  2037  2037 W RemoteAppPredictionService: could not bind to Intent { act=android.service.appprediction.AppPredictionService cmp=com.google.android.as/com.google.android.apps.miphone.aiai.app.AiAiPredictionService } using flags 67108865
09-07 04:21:15.633 21620 21620 D LifecycleMonitor: Lifecycle status change: ru.iteco.fmhandroid.ui.AppActivity@17d221b in: STOPPED
09-07 04:21:15.633 21620 21620 V ActivityScenario: Update currentActivityStage to STOPPED, currentActivity=ru.iteco.fmhandroid.ui.AppActivity@17d221b
09-07 04:21:15.642  1793 14098 D gralloc_ranchu: gralloc_alloc: Creating ashmem region of size 9850880
09-07 04:21:15.643  1793  1793 D gralloc_ranchu: gralloc_alloc: Creating ashmem region of size 9850880
09-07 04:21:15.663  1793 14098 D gralloc_ranchu: gralloc_alloc: Creating ashmem region of size 9850880
09-07 04:21:15.665  2666  3068 D EGL_emulation: eglMakeCurrent: 0xda21b0e0: ver 2 0 (tinfo 0xda20fbb0)
09-07 04:21:15.666  1793 14098 D gralloc_ranchu: gralloc_alloc: Creating ashmem region of size 9850880
09-07 04:21:15.676  1793 14098 I chatty  : uid=1000(system) HwBinder:1793_3 identical 1 line
09-07 04:21:15.679  1793 14098 D gralloc_ranchu: gralloc_alloc: Creating ashmem region of size 9850880
09-07 04:21:15.680  2434  2714 D EGL_emulation: eglMakeCurrent: 0xed453b60: ver 2 0 (tinfo 0xe233a960)
09-07 04:21:15.727  2666  2666 I dnsi    : onStart
09-07 04:21:15.730  2666  2666 I dnsi    : onResume
09-07 04:21:15.733 21620 21735 I okhttp.OkHttpClient: <-- HTTP FAILED: java.net.SocketException: Socket closed
09-07 04:21:15.734 21620 21620 W System.err: ru.iteco.fmhandroid.exceptions.UnknownException
09-07 04:21:15.734 21620 21620 W System.err: 	at ru.iteco.fmhandroid.utils.Utils.makeRequest(Utils.kt:123)
09-07 04:21:15.734 21620 21620 W System.err: 	at ru.iteco.fmhandroid.utils.Utils$makeRequest$1.invokeSuspend(Unknown Source:15)
09-07 04:21:15.734 21620 21620 W System.err: 	at kotlin.coroutines.jvm.internal.BaseContinuationImpl.resumeWith(ContinuationImpl.kt:33)
09-07 04:21:15.734 21620 21620 W System.err: 	at kotlinx.coroutines.DispatchedTaskKt.resume(DispatchedTask.kt:234)
09-07 04:21:15.734 21620 21620 W System.err: 	at kotlinx.coroutines.DispatchedTaskKt.resumeUnconfined(DispatchedTask.kt:190)
09-07 04:21:15.735 21620 21620 W System.err: 	at kotlinx.coroutines.DispatchedTaskKt.dispatch(DispatchedTask.kt:161)
09-07 04:21:15.735 21620 21620 W System.err: 	at kotlinx.coroutines.CancellableContinuationImpl.dispatchResume(CancellableContinuationImpl.kt:397)
09-07 04:21:15.735 21620 21620 W System.err: 	at kotlinx.coroutines.CancellableContinuationImpl.cancel(CancellableContinuationImpl.kt:183)
09-07 04:21:15.735 21620 21620 W System.err: 	at kotlinx.coroutines.CancellableContinuationImpl.parentCancelled$kotlinx_coroutines_core(CancellableContinuationImpl.kt:190)
09-07 04:21:15.735 21620 21620 W System.err: 	at kotlinx.coroutines.ChildContinuation.invoke(JobSupport.kt:1474)
09-07 04:21:15.735 21620 21620 W System.err: 	at kotlinx.coroutines.JobSupport.notifyCancelling(JobSupport.kt:1499)
09-07 04:21:15.735 21620 21620 W System.err: 	at kotlinx.coroutines.JobSupport.tryMakeCancelling(JobSupport.kt:795)
09-07 04:21:15.735 21620 21620 W System.err: 	at kotlinx.coroutines.JobSupport.makeCancelling(JobSupport.kt:755)
09-07 04:21:15.735 21620 21620 W System.err: 	at kotlinx.coroutines.JobSupport.cancelImpl$kotlinx_coroutines_core(JobSupport.kt:671)
09-07 04:21:15.735 21620 21620 W System.err: 	at kotlinx.coroutines.JobSupport.parentCancelled(JobSupport.kt:637)
09-07 04:21:15.735 21620 21620 W System.err: 	at kotlinx.coroutines.ChildHandleNode.invoke(JobSupport.kt:1465)
09-07 04:21:15.735 21620 21620 W System.err: 	at kotlinx.coroutines.JobSupport.notifyCancelling(JobSupport.kt:1499)
09-07 04:21:15.735 21620 21620 W System.err: 	at kotlinx.coroutines.JobSupport.tryMakeCompletingSlowPath(JobSupport.kt:900)
09-07 04:21:15.735 21620 21620 W System.err: 	at kotlinx.coroutines.JobSupport.tryMakeCompleting(JobSupport.kt:863)
09-07 04:21:15.735 21620 21620 W System.err: 	at kotlinx.coroutines.JobSupport.cancelMakeCompleting(JobSupport.kt:696)
09-07 04:21:15.735 21620 21620 W System.err: 	at kotlinx.coroutines.JobSupport.cancelImpl$kotlinx_coroutines_core(JobSupport.kt:667)
09-07 04:21:15.735 21620 21620 W System.err: 	at kotlinx.coroutines.JobSupport.cancelInternal(JobSupport.kt:632)
09-07 04:21:15.735 21620 21620 W System.err: 	at kotlinx.coroutines.JobSupport.cancel(JobSupport.kt:617)
09-07 04:21:15.735 21620 21620 W System.err: 	at kotlinx.coroutines.JobKt__JobKt.cancel(Job.kt:561)
09-07 04:21:15.735 21620 21620 W System.err: 	at kotlinx.coroutines.JobKt.cancel(Unknown Source:1)
09-07 04:21:15.735 21620 21620 W System.err: 	at kotlinx.coroutines.JobKt__JobKt.cancel$default(Job.kt:560)
09-07 04:21:15.735 21620 21620 W System.err: 	at kotlinx.coroutines.JobKt.cancel$default(Unknown Source:1)
09-07 04:21:15.735 21620 21620 W System.err: 	at androidx.lifecycle.CloseableCoroutineScope.close(ViewModel.kt:51)
09-07 04:21:15.735 21620 21620 W System.err: 	at androidx.lifecycle.ViewModel.closeWithRuntimeException(ViewModel.java:188)
09-07 04:21:15.735 21620 21620 W System.err: 	at androidx.lifecycle.ViewModel.clear(ViewModel.java:134)
09-07 04:21:15.735 21620 21620 W System.err: 	at androidx.lifecycle.ViewModelStore.clear(ViewModelStore.java:62)
09-07 04:21:15.735 21620 21620 W System.err: 	at androidx.fragment.app.FragmentManagerViewModel.clearNonConfigStateInternal(FragmentManagerViewModel.java:210)
09-07 04:21:15.735 21620 21620 W System.err: 	at androidx.fragment.app.FragmentManagerViewModel.clearNonConfigState(FragmentManagerViewModel.java:190)
09-07 04:21:15.735 21620 21620 W System.err: 	at androidx.fragment.app.FragmentStateManager.destroy(FragmentStateManager.java:778)
09-07 04:21:15.735 21620 21620 W System.err: 	at androidx.fragment.app.FragmentStateManager.moveToExpectedState(FragmentStateManager.java:335)
09-07 04:21:15.735 21620 21620 W System.err: 	at androidx.fragment.app.FragmentStore.moveToExpectedState(FragmentStore.java:113)
09-07 04:21:15.735 21620 21620 W System.err: 	at androidx.fragment.app.FragmentManager.moveToState(FragmentManager.java:1374)
09-07 04:21:15.735 21620 21620 W System.err: 	at androidx.fragment.app.FragmentManager.dispatchStateChange(FragmentManager.java:2841)
09-07 04:21:15.735 21620 21620 W System.err: 	at androidx.fragment.app.FragmentManager.dispatchDestroy(FragmentManager.java:2820)
09-07 04:21:15.735 21620 21620 W System.err: 	at androidx.fragment.app.Fragment.performDestroy(Fragment.java:3246)
09-07 04:21:15.735 21620 21620 W System.err: 	at androidx.fragment.app.FragmentStateManager.destroy(FragmentStateManager.java:780)
09-07 04:21:15.735 21620 21620 W System.err: 	at androidx.fragment.app.FragmentStateManager.moveToExpectedState(FragmentStateManager.java:335)
09-07 04:21:15.735 21620 21620 W System.err: 	at androidx.fragment.app.SpecialEffectsController$FragmentStateManagerOperation.complete(SpecialEffectsController.java:771)
09-07 04:21:15.735 21620 21620 W System.err: 	at androidx.fragment.app.SpecialEffectsController$Operation.cancel(SpecialEffectsController.java:615)
09-07 04:21:15.735 21620 21620 W System.err: 	at androidx.fragment.app.SpecialEffectsController.forceCompleteAllOperations(SpecialEffectsController.java:350)
09-07 04:21:15.735 21620 21620 W System.err: 	at androidx.fragment.app.FragmentManager.dispatchStateChange(FragmentManager.java:2844)
09-07 04:21:15.735 21620 21620 W System.err: 	at androidx.fragment.app.FragmentManager.dispatchDestroy(FragmentManager.java:2820)
09-07 04:21:15.735 21620 21620 W System.err: 	at androidx.fragment.app.FragmentController.dispatchDestroy(FragmentController.java:345)
09-07 04:21:15.735 21620 21620 W System.err: 	at androidx.fragment.app.FragmentActivity.onDestroy(FragmentActivity.java:306)
09-07 04:21:15.735 21620 21620 W System.err: 	at androidx.appcompat.app.AppCompatActivity.onDestroy(AppCompatActivity.java:278)
09-07 04:21:15.735 21620 21620 W System.err: 	at android.app.Activity.performDestroy(Activity.java:8048)
09-07 04:21:15.735 21620 21620 W System.err: 	at android.app.Instrumentation.callActivityOnDestroy(Instrumentation.java:1334)
09-07 04:21:15.735 21620 21620 W System.err: 	at androidx.test.runner.MonitoringInstrumentation.callActivityOnDestroy(MonitoringInstrumentation.java:766)
09-07 04:21:15.735 21620 21620 W System.err: 	at android.app.ActivityThread.performDestroyActivity(ActivityThread.java:4926)
09-07 04:21:15.735 21620 21620 W System.err: 	at android.app.ActivityThread.handleDestroyActivity(ActivityThread.java:4970)
09-07 04:21:15.736 21620 21620 W System.err: 	at android.app.servertransaction.DestroyActivityItem.execute(DestroyActivityItem.java:44)
09-07 04:21:15.736 21620 21620 W System.err: 	at android.app.servertransaction.TransactionExecutor.executeLifecycleState(TransactionExecutor.java:176)
09-07 04:21:15.736 21620 21620 W System.err: 	at android.app.servertransaction.TransactionExecutor.execute(TransactionExecutor.java:97)
09-07 04:21:15.736 21620 21620 W System.err: 	at android.app.ActivityThread$H.handleMessage(ActivityThread.java:2016)
09-07 04:21:15.736 21620 21620 W System.err: 	at android.os.Handler.dispatchMessage(Handler.java:107)
09-07 04:21:15.736 21620 21620 W System.err: 	at android.os.Looper.loop(Looper.java:214)
09-07 04:21:15.736 21620 21620 W System.err: 	at android.app.ActivityThread.main(ActivityThread.java:7356)
09-07 04:21:15.736 21620 21620 W System.err: 	at java.lang.reflect.Method.invoke(Native Method)
09-07 04:21:15.736 21620 21620 W System.err: 	at com.android.internal.os.RuntimeInit$MethodAndArgsCaller.run(RuntimeInit.java:492)
09-07 04:21:15.736 21620 21620 W System.err: 	at com.android.internal.os.ZygoteInit.main(ZygoteInit.java:930)
09-07 04:21:15.740  2037  2061 W InputReader: Device has associated, but no associated display id.
09-07 04:21:15.740  2037  2061 I chatty  : uid=1000(system) android.anim identical 8 lines
09-07 04:21:15.740  2037  2061 W InputReader: Device has associated, but no associated display id.
09-07 04:21:15.744  2182  2468 D EGL_emulation: eglMakeCurrent: 0xda21a360: ver 2 0 (tinfo 0xda20f590)
09-07 04:21:15.744  1793 14098 D gralloc_ranchu: gralloc_alloc: Creating ashmem region of size 6307840
09-07 04:21:15.763  2182  2182 W View    : requestLayout() improperly called by com.android.keyguard.AlphaOptimizedLinearLayout{551c6d8 V.E...... ......ID 7,0-48,61 #7f0a041c app:id/wifi_group} during second layout pass: posting in next frame
09-07 04:21:15.767  2182  2182 W View    : requestLayout() improperly called by StatusBarIconView(slot=mobile icon=null notification=null) during layout: running second layout pass
09-07 04:21:15.773 21620 21620 D LifecycleMonitor: Lifecycle status change: ru.iteco.fmhandroid.ui.AppActivity@17d221b in: DESTROYED
09-07 04:21:15.774 21620 21620 V ActivityScenario: Update currentActivityStage to DESTROYED, currentActivity=null
09-07 04:21:15.774 21620 21663 I TestRunner: finished: shouldOpenOurMissionPage(ru.iteco.fmhandroid.ui.MainPageTest)
09-07 04:21:15.797  2037  5599 D HostConnection: HostConnection::get() New Host Connection established 0xda23f020, tid 5599
09-07 04:21:15.798  2037  5599 D HostConnection: HostComposition ext ANDROID_EMU_CHECKSUM_HELPER_v1 ANDROID_EMU_dma_v1 ANDROID_EMU_direct_mem ANDROID_EMU_vulkan ANDROID_EMU_deferred_vulkan_commands ANDROID_EMU_vulkan_null_optional_strings ANDROID_EMU_vulkan_create_resources_with_requirements ANDROID_EMU_YUV420_888_to_NV21 ANDROID_EMU_YUV_Cache ANDROID_EMU_vulkan_free_memory_sync ANDROID_EMU_vulkan_shader_float16_int8 ANDROID_EMU_vulkan_async_queue_submit ANDROID_EMU_sync_buffer_data GL_OES_vertex_array_object GL_KHR_texture_compression_astc_ldr ANDROID_EMU_host_side_tracing ANDROID_EMU_gles_max_version_2 
09-07 04:21:15.799  2037  5599 W OpenGLRenderer: Failed to choose config with EGL_SWAP_BEHAVIOR_PRESERVED, retrying without...
09-07 04:21:15.814  2037  5599 D eglCodecCommon: setVertexArrayObject: set vao to 0 (0) 0 0
09-07 04:21:15.814  2037  5599 D EGL_emulation: eglCreateContext: 0xa7a623a0: maj 2 min 0 rcv 2
09-07 04:21:15.823 21677 21708 D EGL_emulation: eglMakeCurrent: 0xd6c2f3c0: ver 2 0 (tinfo 0xed4892c0)
09-07 04:21:15.851  2182  2468 D EGL_emulation: eglMakeCurrent: 0xda21a360: ver 2 0 (tinfo 0xda20f590)
09-07 04:21:15.863  2037  5599 D EGL_emulation: eglMakeCurrent: 0xa7a623a0: ver 2 0 (tinfo 0xba668ca0)
09-07 04:21:15.867  1823  1823 E Layer   : [Surface(name=AppWindowToken{459e199 token=Token{b961ae0 ActivityRecord{53be0e3 u0 com.google.android.apps.nexuslauncher/.NexusLauncherActivity t652}}})/@0xafc1306 - animation-leash#0] No local sync point found
09-07 04:21:15.867  1823  1823 E Layer   : [Surface(name=AppWindowToken{d22d5c2 token=Token{aa1120d ActivityRecord{afab4a4 u0 ru.iteco.fmhandroid.test/androidx.test.core.app.InstrumentationActivityInvoker$EmptyActivity t761}}})/@0x2bebeca - animation-leash#0] No local sync point found
09-07 04:21:15.877  2434  2453 W System  : A resource failed to call release. 
09-07 04:21:15.877  2434  2453 W System  : A resource failed to call release. 
09-07 04:21:15.883 21620 21663 I TestRunner: started: shouldOpenNewsItemDescription(ru.iteco.fmhandroid.ui.MainPageTest)
09-07 04:21:15.905  2037  5599 D eglCodecCommon: setVertexArrayObject: set vao to 0 (0) 1 0
09-07 04:21:15.928  2182  2468 D EGL_emulation: eglMakeCurrent: 0xda21a360: ver 2 0 (tinfo 0xda20f590)
09-07 04:21:15.931  2182  2182 W View    : requestLayout() improperly called by com.android.keyguard.AlphaOptimizedLinearLayout{551c6d8 V.E...... ......ID 7,0-48,61 #7f0a041c app:id/wifi_group} during second layout pass: posting in next frame
09-07 04:21:15.945 21620 21663 W Settings: Setting always_finish_activities has moved from android.provider.Settings.System to android.provider.Settings.Global, returning read-only value.
09-07 04:21:15.948  2182  2182 W View    : requestLayout() improperly called by StatusBarIconView(slot=mobile icon=null notification=null) during layout: running second layout pass
09-07 04:21:15.951  2037  2055 I ActivityTaskManager: START u0 {act=android.intent.action.MAIN cat=[android.intent.category.LAUNCHER] flg=0x10008000 cmp=ru.iteco.fmhandroid.test/androidx.test.core.app.InstrumentationActivityInvoker$BootstrapActivity (has extras)} from uid 10136
09-07 04:21:15.953  2182  2468 D EGL_emulation: eglMakeCurrent: 0xda21a360: ver 2 0 (tinfo 0xda20f590)
09-07 04:21:15.964  2037  8423 W InputReader: Device has associated, but no associated display id.
09-07 04:21:15.967  2037  8423 I chatty  : uid=1000(system) Binder:2037_20 identical 28 lines
09-07 04:21:15.967  2037  8423 W InputReader: Device has associated, but no associated display id.
09-07 04:21:15.968 21677 21677 W ActivityThread: handleWindowVisibility: no activity for token android.os.BinderProxy@7c6ac8b
09-07 04:21:15.970  2037  8423 W InputReader: Device has associated, but no associated display id.
09-07 04:21:15.970  2037  8423 I chatty  : uid=1000(system) Binder:2037_20 identical 8 lines
09-07 04:21:15.970  2037  8423 W InputReader: Device has associated, but no associated display id.
09-07 04:21:15.988  1793 14098 D gralloc_ranchu: gralloc_alloc: Creating ashmem region of size 9850880
09-07 04:21:15.995  2037  4199 I ActivityTaskManager: START u0 {act=android.intent.action.MAIN cat=[android.intent.category.LAUNCHER] cmp=ru.iteco.fmhandroid/.ui.AppActivity} from uid 10136
09-07 04:21:16.003  2037  2311 W InputReader: Device has associated, but no associated display id.
09-07 04:21:16.008  2037  2311 I chatty  : uid=1000(system) Binder:2037_6 identical 48 lines
09-07 04:21:16.008  2037  2311 W InputReader: Device has associated, but no associated display id.
09-07 04:21:16.010 21620 21620 W ActivityThread: handleWindowVisibility: no activity for token android.os.BinderProxy@5358b3a
09-07 04:21:16.024 21620 21620 D LifecycleMonitor: Lifecycle status change: ru.iteco.fmhandroid.ui.AppActivity@e612106 in: PRE_ON_CREATE
09-07 04:21:16.024 21620 21620 V ActivityScenario: Activity lifecycle changed event received but ignored because the reported transition was not ON_CREATE while the last known transition was PRE_ON_CREATE
09-07 04:21:16.027 21620 21654 V FA      : onActivityCreated
09-07 04:21:16.036  2037  2061 W InputReader: Device has associated, but no associated display id.
09-07 04:21:16.036  2037  2061 I chatty  : uid=1000(system) android.anim identical 8 lines
09-07 04:21:16.036  2037  2061 W InputReader: Device has associated, but no associated display id.
09-07 04:21:16.052 21620 21620 D LifecycleMonitor: Lifecycle status change: ru.iteco.fmhandroid.ui.AppActivity@e612106 in: CREATED
09-07 04:21:16.053 21620 21620 V ActivityScenario: Update currentActivityStage to CREATED, currentActivity=ru.iteco.fmhandroid.ui.AppActivity@e612106
09-07 04:21:16.055  2666  3068 D EGL_emulation: eglMakeCurrent: 0xda21b0e0: ver 2 0 (tinfo 0xda20fbb0)
09-07 04:21:16.057  2182  2468 D EGL_emulation: eglMakeCurrent: 0xda21a360: ver 2 0 (tinfo 0xda20f590)
09-07 04:21:16.061  2182  2182 W View    : requestLayout() improperly called by com.android.keyguard.AlphaOptimizedLinearLayout{551c6d8 V.E...... ......ID 7,0-48,61 #7f0a041c app:id/wifi_group} during second layout pass: posting in next frame
09-07 04:21:16.065  2434  2714 D EGL_emulation: eglMakeCurrent: 0xed453b60: ver 2 0 (tinfo 0xe233a960)
09-07 04:21:16.069  2666  2666 I dnsi    : onPause
09-07 04:21:16.072  2182  2182 W View    : requestLayout() improperly called by StatusBarIconView(slot=mobile icon=null notification=null) during layout: running second layout pass
09-07 04:21:16.075  2182  2468 D EGL_emulation: eglMakeCurrent: 0xda21a360: ver 2 0 (tinfo 0xda20f590)
09-07 04:21:16.083  2666 10540 V ClearcutMetricXmitter: Transmission is done.
09-07 04:21:16.086 21620 21620 D LifecycleMonitor: Lifecycle status change: ru.iteco.fmhandroid.ui.AppActivity@e612106 in: STARTED
09-07 04:21:16.087 21620 21620 V ActivityScenario: Update currentActivityStage to STARTED, currentActivity=ru.iteco.fmhandroid.ui.AppActivity@e612106
09-07 04:21:16.088 21620 21620 D LifecycleMonitor: Lifecycle status change: ru.iteco.fmhandroid.ui.AppActivity@e612106 in: RESUMED
09-07 04:21:16.088 21620 21620 V ActivityScenario: Update currentActivityStage to RESUMED, currentActivity=ru.iteco.fmhandroid.ui.AppActivity@e612106
09-07 04:21:16.089 21620 21662 V FA      : Activity resumed, time: 3399981
09-07 04:21:16.090 21620 21663 W teco.fmhandroi: Accessing hidden method Lsun/misc/Unsafe;->compareAndSwapObject(Ljava/lang/Object;JLjava/lang/Object;Ljava/lang/Object;)Z (greylist, linking, allowed)
09-07 04:21:16.092 21620 21722 W teco.fmhandroi: Accessing hidden method Lsun/misc/Unsafe;->compareAndSwapObject(Ljava/lang/Object;JLjava/lang/Object;Ljava/lang/Object;)Z (greylist, linking, allowed)
09-07 04:21:16.093  2182  2468 D EGL_emulation: eglMakeCurrent: 0xda21a360: ver 2 0 (tinfo 0xda20f590)
09-07 04:21:16.094  2182  2182 W View    : requestLayout() improperly called by com.android.keyguard.AlphaOptimizedLinearLayout{551c6d8 V.E...... ......ID 7,0-48,61 #7f0a041c app:id/wifi_group} during second layout pass: posting in next frame
09-07 04:21:16.095  2182  2182 W View    : requestLayout() improperly called by StatusBarIconView(slot=mobile icon=null notification=null) during layout: running second layout pass
09-07 04:21:16.105  2182  2468 D EGL_emulation: eglMakeCurrent: 0xda21a360: ver 2 0 (tinfo 0xda20f590)
09-07 04:21:16.125  1792  2272 E GnssHAL_GnssInterface: gnssSvStatusCb: a: input svInfo.flags is 8
09-07 04:21:16.126  1792  2272 E GnssHAL_GnssInterface: gnssSvStatusCb: b: input svInfo.flags is 8
09-07 04:21:16.128  1793 14098 D gralloc_ranchu: gralloc_alloc: Creating ashmem region of size 9113600
09-07 04:21:16.143  1793 14098 D gralloc_ranchu: gralloc_alloc: Creating ashmem region of size 9113600
09-07 04:21:16.146 21620 21711 D EGL_emulation: eglMakeCurrent: 0xd6c30ec0: ver 2 0 (tinfo 0xd6c9e8f0)
09-07 04:21:16.147  1793 14098 D gralloc_ranchu: gralloc_alloc: Creating ashmem region of size 9113600
09-07 04:21:16.172  2037  2065 I ActivityTaskManager: Displayed ru.iteco.fmhandroid/.ui.AppActivity: +220ms
09-07 04:21:16.183  2182  2182 W View    : requestLayout() improperly called by com.android.keyguard.AlphaOptimizedLinearLayout{551c6d8 V.E...... ......ID 7,0-48,61 #7f0a041c app:id/wifi_group} during second layout pass: posting in next frame
09-07 04:21:16.201  7867 21436 V FA-SVC  : Logging event: origin=auto,name=screen_view(_vs),params=Bundle[{ga_event_origin(_o)=auto, ga_previous_class(_pc)=AppActivity, ga_previous_id(_pi)=-7276878119267510248, ga_screen_class(_sc)=AppActivity, ga_screen_id(_si)=-7276878119267510247}]
09-07 04:21:16.211  2182  2182 W View    : requestLayout() improperly called by StatusBarIconView(slot=mobile icon=null notification=null) during layout: running second layout pass
09-07 04:21:16.215 21620 21620 I ViewInteraction: Performing 'wait for a specific view with <an instance of android.widget.TextView and view.getText() with or without transformation to match: is "News"> during 10000 millis.' action on view view.getRootView() to equal view
09-07 04:21:16.224  2666  2666 I dnsi    : onStop
09-07 04:21:16.236  7867 21436 V FA-SVC  : Upload scheduled in approximately ms: 360874
09-07 04:21:16.236  7867 21436 V FA-SVC  : Unscheduling upload
09-07 04:21:16.241  2182  2182 W View    : requestLayout() improperly called by com.android.keyguard.AlphaOptimizedLinearLayout{551c6d8 V.E...... ......ID 7,0-48,61 #7f0a041c app:id/wifi_group} during second layout pass: posting in next frame
09-07 04:21:16.243  7867 21436 V FA-SVC  : Scheduling upload, millis: 360874
09-07 04:21:16.247  7867 21436 V FA-SVC  : Background event processing time, ms: 66
09-07 04:21:16.251  1823  1823 W SurfaceFlinger: couldn't log to binary event log: overflow.
09-07 04:21:16.252  2182  2182 W View    : requestLayout() improperly called by StatusBarIconView(slot=mobile icon=null notification=null) during layout: running second layout pass
09-07 04:21:16.252  1823  1823 W SurfaceFlinger: couldn't log to binary event log: overflow.
09-07 04:21:16.274  2182  2182 W View    : requestLayout() improperly called by com.android.keyguard.AlphaOptimizedLinearLayout{551c6d8 V.E...... ......ID 7,0-48,61 #7f0a041c app:id/wifi_group} during second layout pass: posting in next frame
09-07 04:21:16.287  2182  2182 W View    : requestLayout() improperly called by StatusBarIconView(slot=mobile icon=null notification=null) during layout: running second layout pass
09-07 04:21:16.310  2182  2182 W View    : requestLayout() improperly called by com.android.keyguard.AlphaOptimizedLinearLayout{551c6d8 V.E...... ......ID 7,0-48,61 #7f0a041c app:id/wifi_group} during second layout pass: posting in next frame
09-07 04:21:16.323  2182  2182 W View    : requestLayout() improperly called by StatusBarIconView(slot=mobile icon=null notification=null) during layout: running second layout pass
09-07 04:21:16.345  2182  2182 W View    : requestLayout() improperly called by com.android.keyguard.AlphaOptimizedLinearLayout{551c6d8 V.E...... ......ID 7,0-48,61 #7f0a041c app:id/wifi_group} during second layout pass: posting in next frame
09-07 04:21:16.360  2182  2182 W View    : requestLayout() improperly called by StatusBarIconView(slot=mobile icon=null notification=null) during layout: running second layout pass
09-07 04:21:16.382  2182  2182 W View    : requestLayout() improperly called by com.android.keyguard.AlphaOptimizedLinearLayout{551c6d8 V.E...... ......ID 7,0-48,61 #7f0a041c app:id/wifi_group} during second layout pass: posting in next frame
09-07 04:21:16.395  2182  2182 W View    : requestLayout() improperly called by StatusBarIconView(slot=mobile icon=null notification=null) during layout: running second layout pass
09-07 04:21:17.126  1792  2272 E GnssHAL_GnssInterface: gnssSvStatusCb: a: input svInfo.flags is 8
09-07 04:21:17.127  1792  2272 E GnssHAL_GnssInterface: gnssSvStatusCb: b: input svInfo.flags is 8
09-07 04:21:18.082  1781  1781 W audio_hw_generic: Not supplying enough data to HAL, expected position 49808689 , only wrote 49671506
09-07 04:21:18.126  1792  2272 E GnssHAL_GnssInterface: gnssSvStatusCb: a: input svInfo.flags is 8
09-07 04:21:18.127  1792  2272 E GnssHAL_GnssInterface: gnssSvStatusCb: b: input svInfo.flags is 8
09-07 04:21:19.091 21620 21729 I okhttp.OkHttpClient: --> GET http://www.981757-ca08998.tmweb.ru:8080/fmh/authentication/userInfo
09-07 04:21:19.092 21620 21729 I okhttp.OkHttpClient: --> END GET
09-07 04:21:19.128  1792  2272 E GnssHAL_GnssInterface: gnssSvStatusCb: a: input svInfo.flags is 8
09-07 04:21:19.128  1792  2272 E GnssHAL_GnssInterface: gnssSvStatusCb: b: input svInfo.flags is 8
09-07 04:21:19.355 21620 21729 I okhttp.OkHttpClient: <-- 200 http://www.981757-ca08998.tmweb.ru:8080/fmh/authentication/userInfo (262ms)
09-07 04:21:19.355 21620 21729 I okhttp.OkHttpClient: Vary: Origin
09-07 04:21:19.355 21620 21729 I okhttp.OkHttpClient: Vary: Access-Control-Request-Method
09-07 04:21:19.355 21620 21729 I okhttp.OkHttpClient: Vary: Access-Control-Request-Headers
09-07 04:21:19.355 21620 21729 I okhttp.OkHttpClient: X-Content-Type-Options: nosniff
09-07 04:21:19.356 21620 21729 I okhttp.OkHttpClient: X-XSS-Protection: 1; mode=block
09-07 04:21:19.356 21620 21729 I okhttp.OkHttpClient: Cache-Control: no-cache, no-store, max-age=0, must-revalidate
09-07 04:21:19.356 21620 21729 I okhttp.OkHttpClient: Pragma: no-cache
09-07 04:21:19.356 21620 21729 I okhttp.OkHttpClient: Expires: 0
09-07 04:21:19.357 21620 21729 I okhttp.OkHttpClient: X-Frame-Options: DENY
09-07 04:21:19.357 21620 21729 I okhttp.OkHttpClient: Content-Type: application/json
09-07 04:21:19.357 21620 21729 I okhttp.OkHttpClient: Transfer-Encoding: chunked
09-07 04:21:19.360 21620 21729 I okhttp.OkHttpClient: Date: Thu, 07 Sep 2023 04:21:20 GMT
09-07 04:21:19.360 21620 21729 I okhttp.OkHttpClient: Keep-Alive: timeout=60
09-07 04:21:19.360 21620 21729 I okhttp.OkHttpClient: Connection: keep-alive
09-07 04:21:19.361 21620 21729 I okhttp.OkHttpClient: {"id":1,"firstName":"Ivan","lastName":"Ivanov","middleName":"Ivanovich","admin":true}
09-07 04:21:19.361 21620 21729 I okhttp.OkHttpClient: <-- END HTTP (85-byte body)
09-07 04:21:19.375 21620 21735 I okhttp.OkHttpClient: --> GET http://www.981757-ca08998.tmweb.ru:8080/fmh/claims
09-07 04:21:19.375 21620 21735 I okhttp.OkHttpClient: --> END GET
09-07 04:21:19.379  1774 21794 E ResolverController: No valid NAT64 prefix (101, <unspecified>/0)
09-07 04:21:19.438 21620 21711 D EGL_emulation: eglMakeCurrent: 0xd6c30ec0: ver 2 0 (tinfo 0xd6c9e8f0)
09-07 04:21:19.446  2182  2182 W View    : requestLayout() improperly called by com.android.keyguard.AlphaOptimizedLinearLayout{551c6d8 V.E...... ......ID 7,0-48,61 #7f0a041c app:id/wifi_group} during second layout pass: posting in next frame
09-07 04:21:19.459  1793 14098 D gralloc_ranchu: gralloc_alloc: Creating ashmem region of size 9850880
09-07 04:21:19.472  2182  2182 W View    : requestLayout() improperly called by StatusBarIconView(slot=mobile icon=null notification=null) during layout: running second layout pass
09-07 04:21:19.474  2666  2666 I brdd    : (REDACTED) disposing SearchServiceClient after timeout %s
09-07 04:21:19.489 21620 21711 D EGL_emulation: eglMakeCurrent: 0xd6c30ec0: ver 2 0 (tinfo 0xd6c9e8f0)
09-07 04:21:19.531  1793 14098 D gralloc_ranchu: gralloc_alloc: Creating ashmem region of size 9850880
09-07 04:21:19.556 21620 21620 I ViewInteraction: Checking 'MatchesViewAssertion{viewMatcher=(view has effective visibility <VISIBLE> and view.getGlobalVisibleRect() to return non-empty rectangle)}' assertion on view an instance of android.widget.TextView and view.getText() with or without transformation to match: is "News"
09-07 04:21:19.557 21620 21663 W teco.fmhandroi: Accessing hidden method Lsun/misc/Unsafe;->compareAndSwapObject(Ljava/lang/Object;JLjava/lang/Object;Ljava/lang/Object;)Z (greylist, linking, allowed)
09-07 04:21:19.559 21620 21620 I ViewInteraction: Performing 'wait for a specific view with <view.getId() is <2131230951>> during 10000 millis.' action on view view.getRootView() to equal view
09-07 04:21:19.565 21620 21663 W teco.fmhandroi: Accessing hidden method Lsun/misc/Unsafe;->compareAndSwapObject(Ljava/lang/Object;JLjava/lang/Object;Ljava/lang/Object;)Z (greylist, linking, allowed)
09-07 04:21:19.569  1793 14098 D gralloc_ranchu: gralloc_alloc: Creating ashmem region of size 9850880
09-07 04:21:19.579 21620 21620 I ViewInteraction: Checking 'MatchesViewAssertion{viewMatcher=(view has effective visibility <VISIBLE> and view.getGlobalVisibleRect() to return non-empty rectangle)}' assertion on view view.getId() is <2131230951/ru.iteco.fmhandroid:id/container_list_news_include_on_fragment_main>
09-07 04:21:19.581 21620 21663 W teco.fmhandroi: Accessing hidden method Lsun/misc/Unsafe;->compareAndSwapObject(Ljava/lang/Object;JLjava/lang/Object;Ljava/lang/Object;)Z (greylist, linking, allowed)
09-07 04:21:19.582 21620 21722 W teco.fmhandroi: Accessing hidden method Lsun/misc/Unsafe;->compareAndSwapObject(Ljava/lang/Object;JLjava/lang/Object;Ljava/lang/Object;)Z (greylist, linking, allowed)
09-07 04:21:19.585 21620 21620 I ViewInteraction: Performing 'wait for a specific view with <view.getId() is <2131230949>> during 10000 millis.' action on view view.getRootView() to equal view
09-07 04:21:19.588 21620 21663 W teco.fmhandroi: Accessing hidden method Lsun/misc/Unsafe;->compareAndSwapObject(Ljava/lang/Object;JLjava/lang/Object;Ljava/lang/Object;)Z (greylist, linking, allowed)
09-07 04:21:19.594 21620 21620 I ViewInteraction: Checking 'MatchesViewAssertion{viewMatcher=(view has effective visibility <VISIBLE> and view.getGlobalVisibleRect() to return non-empty rectangle)}' assertion on view view.getId() is <2131230949/ru.iteco.fmhandroid:id/container_list_claim_include_on_fragment_main>
09-07 04:21:19.598 21620 21663 W teco.fmhandroi: Accessing hidden method Lsun/misc/Unsafe;->compareAndSwapObject(Ljava/lang/Object;JLjava/lang/Object;Ljava/lang/Object;)Z (greylist, linking, allowed)
09-07 04:21:19.600 21620 21620 I ViewInteraction: Performing 'wait for a specific view with <an instance of android.widget.TextView and view.getText() with or without transformation to match: is "Claims"> during 10000 millis.' action on view view.getRootView() to equal view
09-07 04:21:19.608 21620 21620 I ViewInteraction: Checking 'MatchesViewAssertion{viewMatcher=(view has effective visibility <VISIBLE> and view.getGlobalVisibleRect() to return non-empty rectangle)}' assertion on view an instance of android.widget.TextView and view.getText() with or without transformation to match: is "Claims"
09-07 04:21:19.615 21620 21620 I ViewInteraction: Performing 'wait for a specific view with <with id: 2131231230> during 10000 millis.' action on view view.getRootView() to equal view
09-07 04:21:19.638 21620 21620 D takeScreenshot: Found 1 global views to redraw
09-07 04:21:19.695  1793 14098 D gralloc_ranchu: gralloc_alloc: Creating ashmem region of size 9850880
09-07 04:21:19.709  1678  1678 I hwservicemanager: getTransport: Cannot find entry android.hardware.graphics.mapper@3.0::IMapper/default in either framework or device manifest.
09-07 04:21:19.709 21605 21619 W Gralloc3: mapper 3.x is not supported
09-07 04:21:19.720 21605 21619 D HostConnection: createUnique: call
09-07 04:21:19.721 21605 21619 D HostConnection: HostConnection::get() New Host Connection established 0xee355c60, tid 21619
09-07 04:21:19.723 21605 21619 D HostConnection: HostComposition ext ANDROID_EMU_CHECKSUM_HELPER_v1 ANDROID_EMU_dma_v1 ANDROID_EMU_direct_mem ANDROID_EMU_vulkan ANDROID_EMU_deferred_vulkan_commands ANDROID_EMU_vulkan_null_optional_strings ANDROID_EMU_vulkan_create_resources_with_requirements ANDROID_EMU_YUV420_888_to_NV21 ANDROID_EMU_YUV_Cache ANDROID_EMU_vulkan_free_memory_sync ANDROID_EMU_vulkan_shader_float16_int8 ANDROID_EMU_vulkan_async_queue_submit ANDROID_EMU_sync_buffer_data GL_OES_vertex_array_object GL_KHR_texture_compression_astc_ldr ANDROID_EMU_host_side_tracing ANDROID_EMU_gles_max_version_2 
09-07 04:21:19.724 21605 21619 D eglCodecCommon: allocate: Ask for block of size 0x1000
09-07 04:21:19.724 21605 21619 D eglCodecCommon: allocate: ioctl allocate returned offset 0x3ff684000 size 0x2000
09-07 04:21:19.730  1823  2077 E SurfaceFlinger: ro.sf.lcd_density must be defined as a build property
09-07 04:21:19.733  1823  2474 E SurfaceFlinger: ro.sf.lcd_density must be defined as a build property
09-07 04:21:19.737 21605 21795 D libEGL  : Emulator has host GPU support, qemu.gles is set to 1.
09-07 04:21:19.752 21605 21795 W libc    : Unable to set property "qemu.gles" to "1": error code: 0x18
09-07 04:21:19.753 21605 21795 D libEGL  : loaded /vendor/lib/egl/libEGL_emulation.so
09-07 04:21:19.753 21605 21795 D libEGL  : loaded /vendor/lib/egl/libGLESv1_CM_emulation.so
09-07 04:21:19.754 21605 21795 D libEGL  : loaded /vendor/lib/egl/libGLESv2_emulation.so
09-07 04:21:19.766 21605 21795 D HostConnection: HostConnection::get() New Host Connection established 0xee3553f0, tid 21795
09-07 04:21:19.766 21605 21795 D HostConnection: HostComposition ext ANDROID_EMU_CHECKSUM_HELPER_v1 ANDROID_EMU_dma_v1 ANDROID_EMU_direct_mem ANDROID_EMU_vulkan ANDROID_EMU_deferred_vulkan_commands ANDROID_EMU_vulkan_null_optional_strings ANDROID_EMU_vulkan_create_resources_with_requirements ANDROID_EMU_YUV420_888_to_NV21 ANDROID_EMU_YUV_Cache ANDROID_EMU_vulkan_free_memory_sync ANDROID_EMU_vulkan_shader_float16_int8 ANDROID_EMU_vulkan_async_queue_submit ANDROID_EMU_sync_buffer_data GL_OES_vertex_array_object GL_KHR_texture_compression_astc_ldr ANDROID_EMU_host_side_tracing ANDROID_EMU_gles_max_version_2 
09-07 04:21:19.769 21605 21795 W OpenGLRenderer: Failed to choose config with EGL_SWAP_BEHAVIOR_PRESERVED, retrying without...
09-07 04:21:19.777 21605 21795 D eglCodecCommon: setVertexArrayObject: set vao to 0 (0) 0 0
09-07 04:21:19.777 21605 21795 D EGL_emulation: eglCreateContext: 0xd91284e0: maj 2 min 0 rcv 2
09-07 04:21:19.797 21605 21795 D EGL_emulation: eglMakeCurrent: 0xd91284e0: ver 2 0 (tinfo 0xd910f320)
09-07 04:21:19.807 21605 21795 D eglCodecCommon: setVertexArrayObject: set vao to 0 (0) 1 0
09-07 04:21:19.834 21620 21663 W DefaultFailureHandler: Failed to take screenshot
09-07 04:21:19.834 21620 21663 W DefaultFailureHandler: java.io.FileNotFoundException: view-op-error-1.png: open failed: EROFS (Read-only file system)
09-07 04:21:19.834 21620 21663 W DefaultFailureHandler: 	at libcore.io.IoBridge.open(IoBridge.java:496)
09-07 04:21:19.834 21620 21663 W DefaultFailureHandler: 	at java.io.FileOutputStream.<init>(FileOutputStream.java:235)
09-07 04:21:19.834 21620 21663 W DefaultFailureHandler: 	at java.io.FileOutputStream.<init>(FileOutputStream.java:125)
09-07 04:21:19.834 21620 21663 W DefaultFailureHandler: 	at androidx.test.platform.io.FileTestStorage.openOutputFile(FileTestStorage.java:60)
