09-07 04:21:19.834 21620 21663 W DefaultFailureHandler: 	at androidx.test.core.graphics.BitmapStorage.writeToTestStorage(BitmapStorageExt.kt:49)
09-07 04:21:19.834 21620 21663 W DefaultFailureHandler: 	at androidx.test.espresso.base.DefaultFailureHandler.takeScreenshot(DefaultFailureHandler.java:4)
09-07 04:21:19.834 21620 21663 W DefaultFailureHandler: 	at androidx.test.espresso.base.DefaultFailureHandler.handle(DefaultFailureHandler.java:3)
09-07 04:21:19.834 21620 21663 W DefaultFailureHandler: 	at androidx.test.espresso.ViewInteraction.waitForAndHandleInteractionResults(ViewInteraction.java:8)
09-07 04:21:19.834 21620 21663 W DefaultFailureHandler: 	at androidx.test.espresso.ViewInteraction.desugaredPerform(ViewInteraction.java:11)
09-07 04:21:19.834 21620 21663 W DefaultFailureHandler: 	at androidx.test.espresso.ViewInteraction.perform(ViewInteraction.java:8)
09-07 04:21:19.834 21620 21663 W DefaultFailureHandler: 	at ru.iteco.fmhandroid.ui.data.TestUtils.waitView(TestUtils.java:61)
09-07 04:21:19.834 21620 21663 W DefaultFailureHandler: 	at ru.iteco.fmhandroid.ui.steps.NewsPageSteps.openNewsOnNewsPage(NewsPageSteps.java:52)
09-07 04:21:19.834 21620 21663 W DefaultFailureHandler: 	at ru.iteco.fmhandroid.ui.MainPageTest.shouldOpenNewsItemDescription(MainPageTest.java:94)
09-07 04:21:19.834 21620 21663 W DefaultFailureHandler: 	at java.lang.reflect.Method.invoke(Native Method)
09-07 04:21:19.834 21620 21663 W DefaultFailureHandler: 	at org.junit.runners.model.FrameworkMethod$1.runReflectiveCall(FrameworkMethod.java:59)
09-07 04:21:19.834 21620 21663 W DefaultFailureHandler: 	at org.junit.internal.runners.model.ReflectiveCallable.run(ReflectiveCallable.java:12)
09-07 04:21:19.834 21620 21663 W DefaultFailureHandler: 	at org.junit.runners.model.FrameworkMethod.invokeExplosively(FrameworkMethod.java:56)
09-07 04:21:19.834 21620 21663 W DefaultFailureHandler: 	at org.junit.internal.runners.statements.InvokeMethod.evaluate(InvokeMethod.java:17)
09-07 04:21:19.834 21620 21663 W DefaultFailureHandler: 	at androidx.test.internal.runner.junit4.statement.RunBefores.evaluate(RunBefores.java:80)
09-07 04:21:19.834 21620 21663 W DefaultFailureHandler: 	at io.qameta.allure.android.rules.ScreenshotRule$apply$1.evaluate(ScreenshotRule.kt:22)
09-07 04:21:19.834 21620 21663 W DefaultFailureHandler: 	at org.junit.rules.ExternalResource$1.evaluate(ExternalResource.java:54)
09-07 04:21:19.834 21620 21663 W DefaultFailureHandler: 	at io.qameta.allure.android.rules.LogcatRule$apply$1.evaluate(LogcatRule.kt:23)
09-07 04:21:19.834 21620 21663 W DefaultFailureHandler: 	at org.junit.rules.RunRules.evaluate(RunRules.java:20)
09-07 04:21:19.834 21620 21663 W DefaultFailureHandler: 	at org.junit.runners.ParentRunner$3.evaluate(ParentRunner.java:306)
09-07 04:21:19.834 21620 21663 W DefaultFailureHandler: 	at org.junit.runners.BlockJUnit4ClassRunner$1.evaluate(BlockJUnit4ClassRunner.java:100)
09-07 04:21:19.834 21620 21663 W DefaultFailureHandler: 	at org.junit.runners.ParentRunner.runLeaf(ParentRunner.java:366)
09-07 04:21:19.834 21620 21663 W DefaultFailureHandler: 	at org.junit.runners.BlockJUnit4ClassRunner.runChild(BlockJUnit4ClassRunner.java:103)
09-07 04:21:19.834 21620 21663 W DefaultFailureHandler: 	at org.junit.runners.BlockJUnit4ClassRunner.runChild(BlockJUnit4ClassRunner.java:63)
09-07 04:21:19.834 21620 21663 W DefaultFailureHandler: 	at org.junit.runners.ParentRunner$4.run(ParentRunner.java:331)
09-07 04:21:19.834 21620 21663 W DefaultFailureHandler: 	at org.junit.runners.ParentRunner$1.schedule(ParentRunner.java:79)
09-07 04:21:19.834 21620 21663 W DefaultFailureHandler: 	at org.junit.runners.ParentRunner.runChildren(ParentRunner.java:329)
09-07 04:21:19.834 21620 21663 W DefaultFailureHandler: 	at org.junit.runners.ParentRunner.access$100(ParentRunner.java:66)
09-07 04:21:19.834 21620 21663 W DefaultFailureHandler: 	at org.junit.runners.ParentRunner$2.evaluate(ParentRunner.java:293)
09-07 04:21:19.834 21620 21663 W DefaultFailureHandler: 	at org.junit.runners.ParentRunner$3.evaluate(ParentRunner.java:306)
09-07 04:21:19.834 21620 21663 W DefaultFailureHandler: 	at org.junit.runners.ParentRunner.run(ParentRunner.java:413)
09-07 04:21:19.834 21620 21663 W DefaultFailureHandler: 	at androidx.test.ext.junit.runners.AndroidJUnit4.run(AndroidJUnit4.java:162)
09-07 04:21:19.834 21620 21663 W DefaultFailureHandler: 	at io.qameta.allure.android.runners.AllureAndroidJUnit4.run(AllureAndroidJUnitRunners.kt:29)
09-07 04:21:19.834 21620 21663 W DefaultFailureHandler: 	at org.junit.runners.Suite.runChild(Suite.java:128)
09-07 04:21:19.834 21620 21663 W DefaultFailureHandler: 	at org.junit.runners.Suite.runChild(Suite.java:27)
09-07 04:21:19.834 21620 21663 W DefaultFailureHandler: 	at org.junit.runners.ParentRunner$4.run(ParentRunner.java:331)
09-07 04:21:19.834 21620 21663 W DefaultFailureHandler: 	at org.junit.runners.ParentRunner$1.schedule(ParentRunner.java:79)
09-07 04:21:19.834 21620 21663 W DefaultFailureHandler: 	at org.junit.runners.ParentRunner.runChildren(ParentRunner.java:329)
09-07 04:21:19.834 21620 21663 W DefaultFailureHandler: 	at org.junit.runners.ParentRunner.access$100(ParentRunner.java:66)
09-07 04:21:19.834 21620 21663 W DefaultFailureHandler: 	at org.junit.runners.ParentRunner$2.evaluate(ParentRunner.java:293)
09-07 04:21:19.834 21620 21663 W DefaultFailureHandler: 	at org.junit.runners.ParentRunner$3.evaluate(ParentRunner.java:306)
09-07 04:21:19.834 21620 21663 W DefaultFailureHandler: 	at org.junit.runners.ParentRunner.run(ParentRunner.java:413)
09-07 04:21:19.834 21620 21663 W DefaultFailureHandler: 	at org.junit.runner.JUnitCore.run(JUnitCore.java:137)
09-07 04:21:19.834 21620 21663 W DefaultFailureHandler: 	at org.junit.runner.JUnitCore.run(JUnitCore.java:115)
09-07 04:21:19.834 21620 21663 W DefaultFailureHandler: 	at androidx.test.internal.runner.TestExecutor.execute(TestExecutor.java:67)
09-07 04:21:19.834 21620 21663 W DefaultFailureHandler: 	at androidx.test.internal.runner.TestExecutor.execute(TestExecutor.java:58)
09-07 04:21:19.834 21620 21663 W DefaultFailureHandler: 	at androidx.test.runner.AndroidJUnitRunner.onStart(AndroidJUnitRunner.java:438)
09-07 04:21:19.834 21620 21663 W DefaultFailureHandler: 	at android.app.Instrumentation$InstrumentationThread.run(Instrumentation.java:2189)
09-07 04:21:19.834 21620 21663 W DefaultFailureHandler: Caused by: android.system.ErrnoException: open failed: EROFS (Read-only file system)
09-07 04:21:19.834 21620 21663 W DefaultFailureHandler: 	at libcore.io.Linux.open(Native Method)
09-07 04:21:19.834 21620 21663 W DefaultFailureHandler: 	at libcore.io.ForwardingOs.open(ForwardingOs.java:167)
09-07 04:21:19.834 21620 21663 W DefaultFailureHandler: 	at libcore.io.BlockGuardOs.open(BlockGuardOs.java:252)
09-07 04:21:19.834 21620 21663 W DefaultFailureHandler: 	at libcore.io.ForwardingOs.open(ForwardingOs.java:167)
09-07 04:21:19.834 21620 21663 W DefaultFailureHandler: 	at android.app.ActivityThread$AndroidOs.open(ActivityThread.java:7255)
09-07 04:21:19.834 21620 21663 W DefaultFailureHandler: 	at libcore.io.IoBridge.open(IoBridge.java:482)
09-07 04:21:19.834 21620 21663 W DefaultFailureHandler: 	... 51 more
09-07 04:21:19.837  1793 14098 D gralloc_ranchu: gralloc_alloc: Creating ashmem region of size 9850880
09-07 04:21:20.127  1792  2272 E GnssHAL_GnssInterface: gnssSvStatusCb: a: input svInfo.flags is 8
09-07 04:21:20.127  1792  2272 E GnssHAL_GnssInterface: gnssSvStatusCb: b: input svInfo.flags is 8
09-07 04:21:20.210  2037  8423 I ActivityTaskManager: START u0 {act=android.intent.action.MAIN cat=[android.intent.category.LAUNCHER] flg=0x10000000 cmp=ru.iteco.fmhandroid.test/androidx.test.core.app.InstrumentationActivityInvoker$EmptyActivity} from uid 10136
09-07 04:21:20.216 21620 21620 D LifecycleMonitor: Lifecycle status change: ru.iteco.fmhandroid.ui.AppActivity@e612106 in: PAUSED
09-07 04:21:20.216 21620 21620 V ActivityScenario: Update currentActivityStage to PAUSED, currentActivity=ru.iteco.fmhandroid.ui.AppActivity@e612106
09-07 04:21:20.218  2037  8423 W InputReader: Device has associated, but no associated display id.
09-07 04:21:20.218  2037  8423 I chatty  : uid=1000(system) Binder:2037_20 identical 9 lines
09-07 04:21:20.219  2037  8423 W InputReader: Device has associated, but no associated display id.
09-07 04:21:20.219 21620 21662 V FA      : Recording user engagement, ms: 4128
09-07 04:21:20.219  2037  8423 W InputReader: Device has associated, but no associated display id.
09-07 04:21:20.220  2037  8423 I chatty  : uid=1000(system) Binder:2037_20 identical 27 lines
09-07 04:21:20.220  2037  8423 W InputReader: Device has associated, but no associated display id.
09-07 04:21:20.222 21677 21677 W ActivityThread: handleWindowVisibility: no activity for token android.os.BinderProxy@7062203
09-07 04:21:20.223  2037  8423 W InputReader: Device has associated, but no associated display id.
09-07 04:21:20.260  2037  2311 I ActivityTaskManager: START u0 {act=android.intent.action.MAIN cat=[android.intent.category.LAUNCHER] flg=0x10000000 cmp=ru.iteco.fmhandroid.test/androidx.test.core.app.InstrumentationActivityInvoker$EmptyActivity} from uid 10136
09-07 04:21:20.224  2037  8423 I chatty  : uid=1000(system) Binder:2037_20 identical 8 lines
09-07 04:21:20.224  2037  8423 W InputReader: Device has associated, but no associated display id.
09-07 04:21:20.275  1793 14098 D gralloc_ranchu: gralloc_alloc: Creating ashmem region of size 9850880
09-07 04:21:20.289  1793 14098 D gralloc_ranchu: gralloc_alloc: Creating ashmem region of size 9850880
09-07 04:21:20.301 21677 21708 D EGL_emulation: eglMakeCurrent: 0xd6c2f3c0: ver 2 0 (tinfo 0xed4892c0)
09-07 04:21:20.312  1793  1793 D gralloc_ranchu: gralloc_alloc: Creating ashmem region of size 9850880
09-07 04:21:20.332  2037  8423 W InputReader: Device has associated, but no associated display id.
09-07 04:21:20.336  2037  8423 I chatty  : uid=1000(system) Binder:2037_20 identical 48 lines
09-07 04:21:20.336  2037  8423 W InputReader: Device has associated, but no associated display id.
09-07 04:21:20.345 21677 21677 W ActivityThread: handleWindowVisibility: no activity for token android.os.BinderProxy@5b54c62
09-07 04:21:20.365  2037  2311 W ActivityTaskManager: Duplicate finish request for ActivityRecord{93b301b u0 ru.iteco.fmhandroid/.ui.AppActivity t762 f}
09-07 04:21:20.375  7867 21436 V FA-SVC  : Logging event: origin=auto,name=user_engagement(_e),params=Bundle[{ga_event_origin(_o)=auto, engagement_time_msec(_et)=4128, ga_screen_class(_sc)=AppActivity, ga_screen_id(_si)=-7276878119267510247}]
09-07 04:21:20.378 21620 21662 V FA      : Activity paused, time: 3404110
09-07 04:21:20.403  7867 21436 V FA-SVC  : Upload scheduled in approximately ms: 356707
09-07 04:21:20.403  7867 21436 V FA-SVC  : Unscheduling upload
09-07 04:21:20.406  7867 21436 V FA-SVC  : Scheduling upload, millis: 356707
09-07 04:21:20.421  1793  1793 D gralloc_ranchu: gralloc_alloc: Creating ashmem region of size 9850880
09-07 04:21:20.425  7867 21436 V FA-SVC  : Background event processing time, ms: 57
09-07 04:21:20.429  1793  1793 D gralloc_ranchu: gralloc_alloc: Creating ashmem region of size 9850880
09-07 04:21:20.432 21677 21708 D EGL_emulation: eglMakeCurrent: 0xd6c2f3c0: ver 2 0 (tinfo 0xed4892c0)
09-07 04:21:20.448  1793  1793 D gralloc_ranchu: gralloc_alloc: Creating ashmem region of size 9850880
09-07 04:21:20.456  2037  2061 W InputReader: Device has associated, but no associated display id.
09-07 04:21:20.458  2037  2061 I chatty  : uid=1000(system) android.anim identical 18 lines
09-07 04:21:20.458  2037  2061 W InputReader: Device has associated, but no associated display id.
09-07 04:21:20.460  2037  2065 I ActivityTaskManager: Displayed ru.iteco.fmhandroid.test/androidx.test.core.app.InstrumentationActivityInvoker$EmptyActivity: +117ms
09-07 04:21:20.476 21620 21711 D EGL_emulation: eglMakeCurrent: 0xd6c30ec0: ver 2 0 (tinfo 0xd6c9e8f0)
09-07 04:21:20.481  2037  8423 W InputReader: Device has associated, but no associated display id.
09-07 04:21:20.482  2037  8423 I chatty  : uid=1000(system) Binder:2037_20 identical 8 lines
09-07 04:21:20.482  2037  8423 W InputReader: Device has associated, but no associated display id.
09-07 04:21:20.517  2037  4199 W InputReader: Device has associated, but no associated display id.
09-07 04:21:20.517  2037  4199 I chatty  : uid=1000(system) Binder:2037_F identical 8 lines
09-07 04:21:20.517  2037  4199 W InputReader: Device has associated, but no associated display id.
09-07 04:21:20.520  1823  1823 W SurfaceFlinger: couldn't log to binary event log: overflow.
09-07 04:21:20.531 21620 21620 D LifecycleMonitor: Lifecycle status change: ru.iteco.fmhandroid.ui.AppActivity@e612106 in: STOPPED
09-07 04:21:20.531 21620 21620 V ActivityScenario: Update currentActivityStage to STOPPED, currentActivity=ru.iteco.fmhandroid.ui.AppActivity@e612106
09-07 04:21:20.534  1793  1793 D gralloc_ranchu: gralloc_alloc: Creating ashmem region of size 9850880
09-07 04:21:20.547  2037  2037 W ActivityManager: Unable to start service Intent { act=android.service.appprediction.AppPredictionService cmp=com.google.android.as/com.google.android.apps.miphone.aiai.app.AiAiPredictionService } U=0: not found
09-07 04:21:20.547  2037  2037 W RemoteAppPredictionService: could not bind to Intent { act=android.service.appprediction.AppPredictionService cmp=com.google.android.as/com.google.android.apps.miphone.aiai.app.AiAiPredictionService } using flags 67108865
09-07 04:21:20.548  1793  1793 D gralloc_ranchu: gralloc_alloc: Creating ashmem region of size 9850880
09-07 04:21:20.562  1793 14098 D gralloc_ranchu: gralloc_alloc: Creating ashmem region of size 9850880
09-07 04:21:20.564  2666  3068 D EGL_emulation: eglMakeCurrent: 0xda21b0e0: ver 2 0 (tinfo 0xda20fbb0)
09-07 04:21:20.574  1793  1793 D gralloc_ranchu: gralloc_alloc: Creating ashmem region of size 9850880
09-07 04:21:20.591  1793  1793 D gralloc_ranchu: gralloc_alloc: Creating ashmem region of size 9850880
09-07 04:21:20.600  2434  2714 D EGL_emulation: eglMakeCurrent: 0xed453b60: ver 2 0 (tinfo 0xe233a960)
09-07 04:21:20.601  1793 14098 D gralloc_ranchu: gralloc_alloc: Creating ashmem region of size 9850880
09-07 04:21:20.607  2666  2666 I dnsi    : onStart
09-07 04:21:20.608  2666  2666 I dnsi    : onResume
09-07 04:21:20.611 21620 21620 W System.err: ru.iteco.fmhandroid.exceptions.UnknownException
09-07 04:21:20.611 21620 21620 W System.err: 	at ru.iteco.fmhandroid.utils.Utils.makeRequest(Utils.kt:123)
09-07 04:21:20.612 21620 21620 W System.err: 	at ru.iteco.fmhandroid.utils.Utils$makeRequest$1.invokeSuspend(Unknown Source:15)
09-07 04:21:20.612 21620 21620 W System.err: 	at kotlin.coroutines.jvm.internal.BaseContinuationImpl.resumeWith(ContinuationImpl.kt:33)
09-07 04:21:20.612 21620 21620 W System.err: 	at kotlinx.coroutines.DispatchedTaskKt.resume(DispatchedTask.kt:234)
09-07 04:21:20.612 21620 21620 W System.err: 	at kotlinx.coroutines.DispatchedTaskKt.resumeUnconfined(DispatchedTask.kt:190)
09-07 04:21:20.612 21620 21620 W System.err: 	at kotlinx.coroutines.DispatchedTaskKt.dispatch(DispatchedTask.kt:161)
09-07 04:21:20.612 21620 21620 W System.err: 	at kotlinx.coroutines.CancellableContinuationImpl.dispatchResume(CancellableContinuationImpl.kt:397)
09-07 04:21:20.612 21620 21620 W System.err: 	at kotlinx.coroutines.CancellableContinuationImpl.cancel(CancellableContinuationImpl.kt:183)
09-07 04:21:20.612 21620 21620 W System.err: 	at kotlinx.coroutines.CancellableContinuationImpl.parentCancelled$kotlinx_coroutines_core(CancellableContinuationImpl.kt:190)
09-07 04:21:20.612 21620 21620 W System.err: 	at kotlinx.coroutines.ChildContinuation.invoke(JobSupport.kt:1474)
09-07 04:21:20.612 21620 21620 W System.err: 	at kotlinx.coroutines.JobSupport.notifyCancelling(JobSupport.kt:1499)
09-07 04:21:20.612 21620 21620 W System.err: 	at kotlinx.coroutines.JobSupport.tryMakeCancelling(JobSupport.kt:795)
09-07 04:21:20.619 21620 21735 I okhttp.OkHttpClient: <-- HTTP FAILED: java.net.SocketException: Socket closed
09-07 04:21:20.620 21620 21620 W System.err: 	at kotlinx.coroutines.JobSupport.makeCancelling(JobSupport.kt:755)
09-07 04:21:20.620 21620 21620 W System.err: 	at kotlinx.coroutines.JobSupport.cancelImpl$kotlinx_coroutines_core(JobSupport.kt:671)
09-07 04:21:20.620 21620 21620 W System.err: 	at kotlinx.coroutines.JobSupport.parentCancelled(JobSupport.kt:637)
09-07 04:21:20.620 21620 21620 W System.err: 	at kotlinx.coroutines.ChildHandleNode.invoke(JobSupport.kt:1465)
09-07 04:21:20.620 21620 21620 W System.err: 	at kotlinx.coroutines.JobSupport.notifyCancelling(JobSupport.kt:1499)
09-07 04:21:20.620 21620 21620 W System.err: 	at kotlinx.coroutines.JobSupport.tryMakeCompletingSlowPath(JobSupport.kt:900)
09-07 04:21:20.620 21620 21620 W System.err: 	at kotlinx.coroutines.JobSupport.tryMakeCompleting(JobSupport.kt:863)
09-07 04:21:20.620 21620 21620 W System.err: 	at kotlinx.coroutines.JobSupport.cancelMakeCompleting(JobSupport.kt:696)
09-07 04:21:20.620 21620 21620 W System.err: 	at kotlinx.coroutines.JobSupport.cancelImpl$kotlinx_coroutines_core(JobSupport.kt:667)
09-07 04:21:20.620 21620 21620 W System.err: 	at kotlinx.coroutines.JobSupport.cancelInternal(JobSupport.kt:632)
09-07 04:21:20.620 21620 21620 W System.err: 	at kotlinx.coroutines.JobSupport.cancel(JobSupport.kt:617)
09-07 04:21:20.620 21620 21620 W System.err: 	at kotlinx.coroutines.JobKt__JobKt.cancel(Job.kt:561)
09-07 04:21:20.620 21620 21620 W System.err: 	at kotlinx.coroutines.JobKt.cancel(Unknown Source:1)
09-07 04:21:20.620 21620 21620 W System.err: 	at kotlinx.coroutines.JobKt__JobKt.cancel$default(Job.kt:560)
09-07 04:21:20.620 21620 21620 W System.err: 	at kotlinx.coroutines.JobKt.cancel$default(Unknown Source:1)
09-07 04:21:20.620 21620 21620 W System.err: 	at androidx.lifecycle.CloseableCoroutineScope.close(ViewModel.kt:51)
09-07 04:21:20.620 21620 21620 W System.err: 	at androidx.lifecycle.ViewModel.closeWithRuntimeException(ViewModel.java:188)
09-07 04:21:20.620 21620 21620 W System.err: 	at androidx.lifecycle.ViewModel.clear(ViewModel.java:134)
09-07 04:21:20.620 21620 21620 W System.err: 	at androidx.lifecycle.ViewModelStore.clear(ViewModelStore.java:62)
09-07 04:21:20.620 21620 21620 W System.err: 	at androidx.fragment.app.FragmentManagerViewModel.clearNonConfigStateInternal(FragmentManagerViewModel.java:210)
09-07 04:21:20.620 21620 21620 W System.err: 	at androidx.fragment.app.FragmentManagerViewModel.clearNonConfigState(FragmentManagerViewModel.java:190)
09-07 04:21:20.620 21620 21620 W System.err: 	at androidx.fragment.app.FragmentStateManager.destroy(FragmentStateManager.java:778)
09-07 04:21:20.620 21620 21620 W System.err: 	at androidx.fragment.app.FragmentStateManager.moveToExpectedState(FragmentStateManager.java:335)
09-07 04:21:20.620 21620 21620 W System.err: 	at androidx.fragment.app.FragmentStore.moveToExpectedState(FragmentStore.java:113)
09-07 04:21:20.620 21620 21620 W System.err: 	at androidx.fragment.app.FragmentManager.moveToState(FragmentManager.java:1374)
09-07 04:21:20.621 21620 21620 W System.err: 	at androidx.fragment.app.FragmentManager.dispatchStateChange(FragmentManager.java:2841)
09-07 04:21:20.621 21620 21620 W System.err: 	at androidx.fragment.app.FragmentManager.dispatchDestroy(FragmentManager.java:2820)
09-07 04:21:20.621 21620 21620 W System.err: 	at androidx.fragment.app.Fragment.performDestroy(Fragment.java:3246)
09-07 04:21:20.621 21620 21620 W System.err: 	at androidx.fragment.app.FragmentStateManager.destroy(FragmentStateManager.java:780)
09-07 04:21:20.621 21620 21620 W System.err: 	at androidx.fragment.app.FragmentStateManager.moveToExpectedState(FragmentStateManager.java:335)
09-07 04:21:20.621 21620 21620 W System.err: 	at androidx.fragment.app.SpecialEffectsController$FragmentStateManagerOperation.complete(SpecialEffectsController.java:771)
09-07 04:21:20.621 21620 21620 W System.err: 	at androidx.fragment.app.SpecialEffectsController$Operation.cancel(SpecialEffectsController.java:615)
09-07 04:21:20.621 21620 21620 W System.err: 	at androidx.fragment.app.SpecialEffectsController.forceCompleteAllOperations(SpecialEffectsController.java:350)
09-07 04:21:20.647  2037  2061 W InputReader: Device has associated, but no associated display id.
09-07 04:21:20.647  2037  2061 I chatty  : uid=1000(system) android.anim identical 8 lines
09-07 04:21:20.647  2037  2061 W InputReader: Device has associated, but no associated display id.
09-07 04:21:20.647 21620 21620 W System.err: 	at androidx.fragment.app.FragmentManager.dispatchStateChange(FragmentManager.java:2844)
09-07 04:21:20.653 21620 21620 W System.err: 	at androidx.fragment.app.FragmentManager.dispatchDestroy(FragmentManager.java:2820)
09-07 04:21:20.653 21620 21620 W System.err: 	at androidx.fragment.app.FragmentController.dispatchDestroy(FragmentController.java:345)
09-07 04:21:20.653 21620 21620 W System.err: 	at androidx.fragment.app.FragmentActivity.onDestroy(FragmentActivity.java:306)
09-07 04:21:20.653 21620 21620 W System.err: 	at androidx.appcompat.app.AppCompatActivity.onDestroy(AppCompatActivity.java:278)
09-07 04:21:20.653 21620 21620 W System.err: 	at android.app.Activity.performDestroy(Activity.java:8048)
09-07 04:21:20.653 21620 21620 W System.err: 	at android.app.Instrumentation.callActivityOnDestroy(Instrumentation.java:1334)
09-07 04:21:20.657  1793  1793 D gralloc_ranchu: gralloc_alloc: Creating ashmem region of size 6307840
09-07 04:21:20.681  2182  2468 D EGL_emulation: eglMakeCurrent: 0xda21a360: ver 2 0 (tinfo 0xda20f590)
09-07 04:21:20.695 21620 21620 W System.err: 	at androidx.test.runner.MonitoringInstrumentation.callActivityOnDestroy(MonitoringInstrumentation.java:766)
09-07 04:21:20.695 21620 21620 W System.err: 	at android.app.ActivityThread.performDestroyActivity(ActivityThread.java:4926)
09-07 04:21:20.695 21620 21620 W System.err: 	at android.app.ActivityThread.handleDestroyActivity(ActivityThread.java:4970)
09-07 04:21:20.695 21620 21620 W System.err: 	at android.app.servertransaction.DestroyActivityItem.execute(DestroyActivityItem.java:44)
09-07 04:21:20.695 21620 21620 W System.err: 	at android.app.servertransaction.TransactionExecutor.executeLifecycleState(TransactionExecutor.java:176)
09-07 04:21:20.695 21620 21620 W System.err: 	at android.app.servertransaction.TransactionExecutor.execute(TransactionExecutor.java:97)
09-07 04:21:20.696 21620 21620 W System.err: 	at android.app.ActivityThread$H.handleMessage(ActivityThread.java:2016)
09-07 04:21:20.696 21620 21620 W System.err: 	at android.os.Handler.dispatchMessage(Handler.java:107)
09-07 04:21:20.696 21620 21620 W System.err: 	at android.os.Looper.loop(Looper.java:214)
09-07 04:21:20.696 21620 21620 W System.err: 	at android.app.ActivityThread.main(ActivityThread.java:7356)
09-07 04:21:20.696 21620 21620 W System.err: 	at java.lang.reflect.Method.invoke(Native Method)
09-07 04:21:20.696 21620 21620 W System.err: 	at com.android.internal.os.RuntimeInit$MethodAndArgsCaller.run(RuntimeInit.java:492)
09-07 04:21:20.696 21620 21620 W System.err: 	at com.android.internal.os.ZygoteInit.main(ZygoteInit.java:930)
09-07 04:21:20.703  2037  5599 D HostConnection: HostConnection::get() New Host Connection established 0xda23f020, tid 5599
09-07 04:21:20.712 21677 21708 D EGL_emulation: eglMakeCurrent: 0xd6c2f3c0: ver 2 0 (tinfo 0xed4892c0)
09-07 04:21:20.713  2037  5599 D HostConnection: HostComposition ext ANDROID_EMU_CHECKSUM_HELPER_v1 ANDROID_EMU_dma_v1 ANDROID_EMU_direct_mem ANDROID_EMU_vulkan ANDROID_EMU_deferred_vulkan_commands ANDROID_EMU_vulkan_null_optional_strings ANDROID_EMU_vulkan_create_resources_with_requirements ANDROID_EMU_YUV420_888_to_NV21 ANDROID_EMU_YUV_Cache ANDROID_EMU_vulkan_free_memory_sync ANDROID_EMU_vulkan_shader_float16_int8 ANDROID_EMU_vulkan_async_queue_submit ANDROID_EMU_sync_buffer_data GL_OES_vertex_array_object GL_KHR_texture_compression_astc_ldr ANDROID_EMU_host_side_tracing ANDROID_EMU_gles_max_version_2 
09-07 04:21:20.725  1823  1823 E Layer   : [Surface(name=AppWindowToken{b2befdb token=Token{93e50ea ActivityRecord{b6e60d5 u0 ru.iteco.fmhandroid.test/androidx.test.core.app.InstrumentationActivityInvoker$EmptyActivity t762}}})/@0x8d6d466 - animation-leash#0] No local sync point found
09-07 04:21:20.725  1823  1823 E Layer   : [Surface(name=AppWindowToken{459e199 token=Token{b961ae0 ActivityRecord{53be0e3 u0 com.google.android.apps.nexuslauncher/.NexusLauncherActivity t652}}})/@0xafc1306 - animation-leash#0] No local sync point found
09-07 04:21:20.726  2037  5599 W OpenGLRenderer: Failed to choose config with EGL_SWAP_BEHAVIOR_PRESERVED, retrying without...
09-07 04:21:20.740  2182  2182 W View    : requestLayout() improperly called by com.android.keyguard.AlphaOptimizedLinearLayout{551c6d8 V.E...... ......ID 7,0-48,61 #7f0a041c app:id/wifi_group} during second layout pass: posting in next frame
09-07 04:21:20.743  2182  2182 W View    : requestLayout() improperly called by StatusBarIconView(slot=mobile icon=null notification=null) during layout: running second layout pass
09-07 04:21:20.753  2037  5599 D eglCodecCommon: setVertexArrayObject: set vao to 0 (0) 0 0
09-07 04:21:20.754  2037  5599 D EGL_emulation: eglCreateContext: 0xba761460: maj 2 min 0 rcv 2
09-07 04:21:20.754  2182  2468 D EGL_emulation: eglMakeCurrent: 0xda21a360: ver 2 0 (tinfo 0xda20f590)
09-07 04:21:20.780  2037  5599 D EGL_emulation: eglMakeCurrent: 0xba761460: ver 2 0 (tinfo 0xba668ca0)
09-07 04:21:20.798  2182  2468 D EGL_emulation: eglMakeCurrent: 0xda21a360: ver 2 0 (tinfo 0xda20f590)
09-07 04:21:20.801  2182  2182 W View    : requestLayout() improperly called by com.android.keyguard.AlphaOptimizedLinearLayout{551c6d8 V.E...... ......ID 7,0-48,61 #7f0a041c app:id/wifi_group} during second layout pass: posting in next frame
09-07 04:21:20.806  1823  1823 W SurfaceFlinger: couldn't log to binary event log: overflow.
09-07 04:21:20.817  2037  5599 D eglCodecCommon: setVertexArrayObject: set vao to 0 (0) 1 0
09-07 04:21:20.819 21620 21620 D LifecycleMonitor: Lifecycle status change: ru.iteco.fmhandroid.ui.AppActivity@e612106 in: DESTROYED
09-07 04:21:20.820 21620 21620 V ActivityScenario: Update currentActivityStage to DESTROYED, currentActivity=null
09-07 04:21:20.821  2182  2182 W View    : requestLayout() improperly called by StatusBarIconView(slot=mobile icon=null notification=null) during layout: running second layout pass
09-07 04:21:20.837  2182  2468 D EGL_emulation: eglMakeCurrent: 0xda21a360: ver 2 0 (tinfo 0xda20f590)
