09-07 04:33:41.767 26283 26325 W DefaultFailureHandler: 	at android.app.ActivityThread$AndroidOs.open(ActivityThread.java:7255)
09-07 04:33:41.767 26283 26325 W DefaultFailureHandler: 	at libcore.io.IoBridge.open(IoBridge.java:482)
09-07 04:33:41.767 26283 26325 W DefaultFailureHandler: 	... 50 more
09-07 04:33:41.793  1793  1793 D gralloc_ranchu: gralloc_alloc: Creating ashmem region of size 9850880
09-07 04:33:37.941  2434  2940 E ActivityThread: Failed to find provider info for com.google.android.apps.wellbeing.api
09-07 04:33:42.012  2037  2459 I ActivityTaskManager: START u0 {act=android.intent.action.MAIN cat=[android.intent.category.LAUNCHER] flg=0x10000000 cmp=ru.iteco.fmhandroid.test/androidx.test.core.app.InstrumentationActivityInvoker$EmptyActivity} from uid 10136
09-07 04:33:42.019 26283 26283 D LifecycleMonitor: Lifecycle status change: ru.iteco.fmhandroid.ui.AppActivity@bf025f4 in: PAUSED
09-07 04:33:42.019 26283 26283 V ActivityScenario: Update currentActivityStage to PAUSED, currentActivity=ru.iteco.fmhandroid.ui.AppActivity@bf025f4
09-07 04:33:42.019  2037  8423 W InputReader: Device has associated, but no associated display id.
09-07 04:33:42.020  2037  8423 I chatty  : uid=1000(system) Binder:2037_20 identical 10 lines
09-07 04:33:42.020  2037  8423 W InputReader: Device has associated, but no associated display id.
09-07 04:33:42.020 26283 26327 V FA      : Recording user engagement, ms: 21361
09-07 04:33:42.020  2037  8423 W InputReader: Device has associated, but no associated display id.
09-07 04:33:42.020  2037  8423 I chatty  : uid=1000(system) Binder:2037_20 identical 26 lines
09-07 04:33:42.020  2037  8423 W InputReader: Device has associated, but no associated display id.
09-07 04:33:42.021 26341 26341 W ActivityThread: handleWindowVisibility: no activity for token android.os.BinderProxy@d6eec89
09-07 04:33:42.023  2037  8423 W InputReader: Device has associated, but no associated display id.
09-07 04:33:42.050  2037  2425 I ActivityTaskManager: START u0 {act=android.intent.action.MAIN cat=[android.intent.category.LAUNCHER] flg=0x10000000 cmp=ru.iteco.fmhandroid.test/androidx.test.core.app.InstrumentationActivityInvoker$EmptyActivity} from uid 10136
09-07 04:33:42.023  2037  8423 I chatty  : uid=1000(system) Binder:2037_20 identical 8 lines
09-07 04:33:42.023  2037  8423 W InputReader: Device has associated, but no associated display id.
09-07 04:33:42.059 26283 26327 V FA      : Connecting to remote service
09-07 04:33:42.070  7867  7867 D BoundBrokerSvc: onBind: Intent { act=com.google.android.gms.measurement.START pkg=com.google.android.gms }
09-07 04:33:42.070  7867  7867 D BoundBrokerSvc: Loading bound service for intent: Intent { act=com.google.android.gms.measurement.START pkg=com.google.android.gms }
09-07 04:33:42.072 26283 26327 V FA      : Connection attempt already in progress
09-07 04:33:42.072 26283 26327 V FA      : Activity paused, time: 4145912
09-07 04:33:42.087 26341 26374 D HostConnection: HostConnection::get() New Host Connection established 0xda23e190, tid 26374
09-07 04:33:42.089 26341 26374 D HostConnection: HostComposition ext ANDROID_EMU_CHECKSUM_HELPER_v1 ANDROID_EMU_dma_v1 ANDROID_EMU_direct_mem ANDROID_EMU_vulkan ANDROID_EMU_deferred_vulkan_commands ANDROID_EMU_vulkan_null_optional_strings ANDROID_EMU_vulkan_create_resources_with_requirements ANDROID_EMU_YUV420_888_to_NV21 ANDROID_EMU_YUV_Cache ANDROID_EMU_vulkan_free_memory_sync ANDROID_EMU_vulkan_shader_float16_int8 ANDROID_EMU_vulkan_async_queue_submit ANDROID_EMU_sync_buffer_data GL_OES_vertex_array_object GL_KHR_texture_compression_astc_ldr ANDROID_EMU_host_side_tracing ANDROID_EMU_gles_max_version_2 
09-07 04:33:42.093 26341 26374 W OpenGLRenderer: Failed to choose config with EGL_SWAP_BEHAVIOR_PRESERVED, retrying without...
09-07 04:33:42.093 26283 26327 D FA      : Connected to remote service
09-07 04:33:42.093 26283 26327 V FA      : Processing queued up service tasks: 2
09-07 04:33:42.109 26341 26374 D eglCodecCommon: setVertexArrayObject: set vao to 0 (0) 0 0
09-07 04:33:42.110 26341 26374 D EGL_emulation: eglCreateContext: 0xda21a240: maj 2 min 0 rcv 2
09-07 04:33:42.142 26341 26374 D EGL_emulation: eglMakeCurrent: 0xda21a240: ver 2 0 (tinfo 0xda20f000)
09-07 04:33:42.155  1793  1793 D gralloc_ranchu: gralloc_alloc: Creating ashmem region of size 9850880
09-07 04:33:42.159  2182  2182 W View    : requestLayout() improperly called by com.android.keyguard.AlphaOptimizedLinearLayout{551c6d8 V.E...... ......ID 7,0-48,61 #7f0a041c app:id/wifi_group} during second layout pass: posting in next frame
09-07 04:33:42.164  1678  1678 I hwservicemanager: getTransport: Cannot find entry android.hardware.graphics.mapper@3.0::IMapper/default in either framework or device manifest.
09-07 04:33:42.164 26341 26374 W Gralloc3: mapper 3.x is not supported
09-07 04:33:42.165 26341 26374 D HostConnection: createUnique: call
09-07 04:33:42.165 26341 26374 D HostConnection: HostConnection::get() New Host Connection established 0xda23e2d0, tid 26374
09-07 04:33:42.165 26283 26379 D EGL_emulation: eglMakeCurrent: 0xda21ade0: ver 2 0 (tinfo 0xda20fa00)
09-07 04:33:42.166 26341 26374 D HostConnection: HostComposition ext ANDROID_EMU_CHECKSUM_HELPER_v1 ANDROID_EMU_dma_v1 ANDROID_EMU_direct_mem ANDROID_EMU_vulkan ANDROID_EMU_deferred_vulkan_commands ANDROID_EMU_vulkan_null_optional_strings ANDROID_EMU_vulkan_create_resources_with_requirements ANDROID_EMU_YUV420_888_to_NV21 ANDROID_EMU_YUV_Cache ANDROID_EMU_vulkan_free_memory_sync ANDROID_EMU_vulkan_shader_float16_int8 ANDROID_EMU_vulkan_async_queue_submit ANDROID_EMU_sync_buffer_data GL_OES_vertex_array_object GL_KHR_texture_compression_astc_ldr ANDROID_EMU_host_side_tracing ANDROID_EMU_gles_max_version_2 
09-07 04:33:42.167 26341 26374 D eglCodecCommon: allocate: Ask for block of size 0x1000
09-07 04:33:42.168 26341 26374 D eglCodecCommon: allocate: ioctl allocate returned offset 0x3ff684000 size 0x2000
09-07 04:33:42.168  1793  1793 D gralloc_ranchu: gralloc_alloc: Creating ashmem region of size 9850880
09-07 04:33:42.173  1793  2554 D gralloc_ranchu: gralloc_alloc: Creating ashmem region of size 9850880
09-07 04:33:42.179 26341 26374 D EGL_emulation: eglMakeCurrent: 0xda21a240: ver 2 0 (tinfo 0xda20f000)
09-07 04:33:42.180  2182  2182 W View    : requestLayout() improperly called by StatusBarIconView(slot=mobile icon=null notification=null) during layout: running second layout pass
09-07 04:33:42.181  1793  2554 D gralloc_ranchu: gralloc_alloc: Creating ashmem region of size 9850880
09-07 04:33:42.189 26341 26374 D eglCodecCommon: setVertexArrayObject: set vao to 0 (0) 1 0
09-07 04:33:42.190 26283 26379 D EGL_emulation: eglMakeCurrent: 0xda21ade0: ver 2 0 (tinfo 0xda20fa00)
09-07 04:33:42.209  7867 26011 V FA-SVC  : Logging event: origin=auto,name=user_engagement(_e),params=Bundle[{ga_event_origin(_o)=auto, engagement_time_msec(_et)=21361, ga_screen_class(_sc)=AppActivity, ga_screen_id(_si)=-2352158811223255823}]
09-07 04:33:42.213  1792  2272 E GnssHAL_GnssInterface: gnssSvStatusCb: a: input svInfo.flags is 8
09-07 04:33:42.213  1792  2272 E GnssHAL_GnssInterface: gnssSvStatusCb: b: input svInfo.flags is 8
09-07 04:33:42.217  1793  2554 D gralloc_ranchu: gralloc_alloc: Creating ashmem region of size 9850880
09-07 04:33:42.226  2182  2182 W View    : requestLayout() improperly called by com.android.keyguard.AlphaOptimizedLinearLayout{551c6d8 V.E...... ......ID 7,0-48,61 #7f0a041c app:id/wifi_group} during second layout pass: posting in next frame
09-07 04:33:42.226  2182  2182 W View    : requestLayout() improperly called by StatusBarIconView(slot=mobile icon=null notification=null) during layout: running second layout pass
09-07 04:33:42.243  8425  8425 D BoundBrokerSvc: onBind: Intent { act=com.google.android.gms.presencemanager.service.START dat=chimera-action: cmp=com.google.android.gms/.chimera.PersistentApiService }
09-07 04:33:42.243  8425  8425 D BoundBrokerSvc: Loading bound service for intent: Intent { act=com.google.android.gms.presencemanager.service.START dat=chimera-action: cmp=com.google.android.gms/.chimera.PersistentApiService }
09-07 04:33:42.249  8425  8425 D BoundBrokerSvc: onBind: Intent { act=com.google.android.gms.presencemanager.service.INTERNAL_IDENTITY dat=chimera-action: cmp=com.google.android.gms/.chimera.PersistentApiService }
09-07 04:33:42.249  8425  8425 D BoundBrokerSvc: Loading bound service for intent: Intent { act=com.google.android.gms.presencemanager.service.INTERNAL_IDENTITY dat=chimera-action: cmp=com.google.android.gms/.chimera.PersistentApiService }
09-07 04:33:42.250  7867 26011 V FA-SVC  : Upload scheduled in approximately ms: 3217049
09-07 04:33:42.250  7867 26011 V FA-SVC  : Unscheduling upload
09-07 04:33:42.253  7867 26011 V FA-SVC  : Scheduling upload, millis: 3217049
09-07 04:33:42.255  7867 26011 V FA-SVC  : Background event processing time, ms: 47
09-07 04:33:42.262  2182  2182 W View    : requestLayout() improperly called by com.android.keyguard.AlphaOptimizedLinearLayout{551c6d8 V.E...... ......ID 7,0-48,61 #7f0a041c app:id/wifi_group} during second layout pass: posting in next frame
09-07 04:33:42.267  2182  2182 W View    : requestLayout() improperly called by StatusBarIconView(slot=mobile icon=null notification=null) during layout: running second layout pass
09-07 04:33:42.284  2037  7767 W InputReader: Device has associated, but no associated display id.
09-07 04:33:42.297  2037  7767 I chatty  : uid=1000(system) Binder:2037_1E identical 48 lines
09-07 04:33:42.297  2037  7767 W InputReader: Device has associated, but no associated display id.
09-07 04:33:42.301  2182  2182 W View    : requestLayout() improperly called by com.android.keyguard.AlphaOptimizedLinearLayout{551c6d8 V.E...... ......ID 7,0-48,61 #7f0a041c app:id/wifi_group} during second layout pass: posting in next frame
09-07 04:33:42.303  2182  2182 W View    : requestLayout() improperly called by StatusBarIconView(slot=mobile icon=null notification=null) during layout: running second layout pass
09-07 04:33:42.305 26341 26341 W ActivityThread: handleWindowVisibility: no activity for token android.os.BinderProxy@ee74d3e
09-07 04:33:42.332  2037  4199 W ActivityTaskManager: Duplicate finish request for ActivityRecord{48e710e u0 ru.iteco.fmhandroid/.ui.AppActivity t797 f}
09-07 04:33:42.335  2182  2182 W View    : requestLayout() improperly called by com.android.keyguard.AlphaOptimizedLinearLayout{551c6d8 V.E...... ......ID 7,0-48,61 #7f0a041c app:id/wifi_group} during second layout pass: posting in next frame
09-07 04:33:42.336  2182  2182 W View    : requestLayout() improperly called by StatusBarIconView(slot=mobile icon=null notification=null) during layout: running second layout pass
09-07 04:33:42.367  2182  2182 W View    : requestLayout() improperly called by com.android.keyguard.AlphaOptimizedLinearLayout{551c6d8 V.E...... ......ID 7,0-48,61 #7f0a041c app:id/wifi_group} during second layout pass: posting in next frame
09-07 04:33:42.368  1793  2554 D gralloc_ranchu: gralloc_alloc: Creating ashmem region of size 9850880
09-07 04:33:42.372  1793  2554 I chatty  : uid=1000(system) HwBinder:1793_2 identical 1 line
09-07 04:33:42.373  1793  2554 D gralloc_ranchu: gralloc_alloc: Creating ashmem region of size 9850880
09-07 04:33:42.375 26341 26374 D EGL_emulation: eglMakeCurrent: 0xda21a240: ver 2 0 (tinfo 0xda20f000)
09-07 04:33:42.380  2182  2182 W View    : requestLayout() improperly called by StatusBarIconView(slot=mobile icon=null notification=null) during layout: running second layout pass
09-07 04:33:42.403  2037  2061 W InputReader: Device has associated, but no associated display id.
09-07 04:33:42.403  2037  2061 I chatty  : uid=1000(system) android.anim identical 18 lines
09-07 04:33:42.403  2037  2061 W InputReader: Device has associated, but no associated display id.
09-07 04:33:42.409  2037  2065 I ActivityTaskManager: Displayed ru.iteco.fmhandroid.test/androidx.test.core.app.InstrumentationActivityInvoker$EmptyActivity: +270ms
09-07 04:33:42.415 26283 26379 D EGL_emulation: eglMakeCurrent: 0xda21ade0: ver 2 0 (tinfo 0xda20fa00)
09-07 04:33:42.418  2037  4199 W InputReader: Device has associated, but no associated display id.
09-07 04:33:42.418  2037  4199 I chatty  : uid=1000(system) Binder:2037_F identical 8 lines
09-07 04:33:42.418  2037  4199 W InputReader: Device has associated, but no associated display id.
09-07 04:33:42.429  2037  2674 W InputReader: Device has associated, but no associated display id.
09-07 04:33:42.429  2037  2674 I chatty  : uid=1000(system) Binder:2037_A identical 8 lines
09-07 04:33:42.429  2037  2674 W InputReader: Device has associated, but no associated display id.
09-07 04:33:42.429  1823  1823 W SurfaceFlinger: couldn't log to binary event log: overflow.
09-07 04:33:42.440 26283 26283 D LifecycleMonitor: Lifecycle status change: ru.iteco.fmhandroid.ui.AppActivity@bf025f4 in: STOPPED
09-07 04:33:42.440 26283 26283 V ActivityScenario: Update currentActivityStage to STOPPED, currentActivity=ru.iteco.fmhandroid.ui.AppActivity@bf025f4
09-07 04:33:42.455  1793  2554 D gralloc_ranchu: gralloc_alloc: Creating ashmem region of size 9850880
09-07 04:33:42.461  2037  2037 W ActivityManager: Unable to start service Intent { act=android.service.appprediction.AppPredictionService cmp=com.google.android.as/com.google.android.apps.miphone.aiai.app.AiAiPredictionService } U=0: not found
09-07 04:33:42.461  2037  2037 W RemoteAppPredictionService: could not bind to Intent { act=android.service.appprediction.AppPredictionService cmp=com.google.android.as/com.google.android.apps.miphone.aiai.app.AiAiPredictionService } using flags 67108865
09-07 04:33:42.474  1793  2554 D gralloc_ranchu: gralloc_alloc: Creating ashmem region of size 9850880
09-07 04:33:42.476  1793  1793 D gralloc_ranchu: gralloc_alloc: Creating ashmem region of size 9850880
09-07 04:33:42.476  2666  3068 D EGL_emulation: eglMakeCurrent: 0xda21b0e0: ver 2 0 (tinfo 0xda20fbb0)
09-07 04:33:42.506  2666  2666 I dnsi    : onStart
09-07 04:33:42.508  2666  2666 I dnsi    : onResume
09-07 04:33:42.516  1793  1793 D gralloc_ranchu: gralloc_alloc: Creating ashmem region of size 9850880
09-07 04:33:42.534  1793  1793 D gralloc_ranchu: gralloc_alloc: Creating ashmem region of size 9850880
09-07 04:33:42.542  2434  2714 D EGL_emulation: eglMakeCurrent: 0xed453b60: ver 2 0 (tinfo 0xe233a960)
09-07 04:33:42.543  1793  1793 D gralloc_ranchu: gralloc_alloc: Creating ashmem region of size 9850880
09-07 04:33:42.544  7867  7867 D BoundBrokerSvc: onBind: Intent { act=com.google.android.gms.inappreach.service.START dat=chimera-action: cmp=com.google.android.gms/.chimera.GmsApiService }
09-07 04:33:42.544  7867  7867 D BoundBrokerSvc: Loading bound service for intent: Intent { act=com.google.android.gms.inappreach.service.START dat=chimera-action: cmp=com.google.android.gms/.chimera.GmsApiService }
09-07 04:33:42.570  2037  2061 W InputReader: Device has associated, but no associated display id.
09-07 04:33:42.570  2037  2061 I chatty  : uid=1000(system) android.anim identical 8 lines
09-07 04:33:42.570  2037  2061 W InputReader: Device has associated, but no associated display id.
09-07 04:33:42.573 26283 26283 D LifecycleMonitor: Lifecycle status change: ru.iteco.fmhandroid.ui.AppActivity@bf025f4 in: DESTROYED
09-07 04:33:42.573 26283 26283 V ActivityScenario: Update currentActivityStage to DESTROYED, currentActivity=null
09-07 04:33:42.576  1793  1793 D gralloc_ranchu: gralloc_alloc: Creating ashmem region of size 6307840
09-07 04:33:42.588  2182  2468 D EGL_emulation: eglMakeCurrent: 0xda21a360: ver 2 0 (tinfo 0xda20f590)
09-07 04:33:42.593  2182  2182 W View    : requestLayout() improperly called by com.android.keyguard.AlphaOptimizedLinearLayout{551c6d8 V.E...... ......ID 7,0-48,61 #7f0a041c app:id/wifi_group} during second layout pass: posting in next frame
09-07 04:33:42.619  1823  1823 E Layer   : [Surface(name=AppWindowToken{459e199 token=Token{b961ae0 ActivityRecord{53be0e3 u0 com.google.android.apps.nexuslauncher/.NexusLauncherActivity t652}}})/@0xafc1306 - animation-leash#0] No local sync point found
09-07 04:33:42.619  1823  1823 E Layer   : [Surface(name=AppWindowToken{f2d9c4a token=Token{5683db5 ActivityRecord{d0a25ec u0 ru.iteco.fmhandroid.test/androidx.test.core.app.InstrumentationActivityInvoker$EmptyActivity t797}}})/@0xabefdbd - animation-leash#0] No local sync point found
