--------- beginning of main
09-07 04:33:17.209  1792  2272 E GnssHAL_GnssInterface: gnssSvStatusCb: a: input svInfo.flags is 8
09-07 04:33:17.209  1792  2272 E GnssHAL_GnssInterface: gnssSvStatusCb: b: input svInfo.flags is 8
--------- beginning of system
09-07 04:33:17.507  2037  7767 I ActivityManager: Force stopping ru.iteco.fmhandroid appid=10136 user=0: from pid 26179
09-07 04:33:17.515  2279  2279 D CarrierSvcBindHelper: No carrier app for: 0
09-07 04:33:17.531  9734  9734 I studio.deploy: Received request 'dump'
09-07 04:33:17.596  2037  7767 I ActivityManager: Force stopping ru.iteco.fmhandroid appid=10136 user=0: from pid 26198
09-07 04:33:17.605  2279  2279 D CarrierSvcBindHelper: No carrier app for: 0
09-07 04:33:17.614  9734  9734 I studio.deploy: Received request 'dump'
09-07 04:33:17.690  9734  9734 I studio.deploy: Received request 'deltainstall'
09-07 04:33:17.774  2037  2080 W PackageParser: Unknown element under <manifest>: queries at /data/app/vmdl1864310609.tmp/base.apk Binary XML file line #16
09-07 04:33:17.775  2037  2080 I PackageManager: Update package ru.iteco.fmhandroid.test code path from /data/app/ru.iteco.fmhandroid.test-wmXaQxsMMx3tsITpYUp3Pw== to /data/app/ru.iteco.fmhandroid.test-zaa_jkYi2UQTlwr48gVk4A==; Retain data and using new
09-07 04:33:17.775  2037  2080 I PackageManager: Update package ru.iteco.fmhandroid.test resource path from /data/app/ru.iteco.fmhandroid.test-wmXaQxsMMx3tsITpYUp3Pw== to /data/app/ru.iteco.fmhandroid.test-zaa_jkYi2UQTlwr48gVk4A==; Retain data and using new
09-07 04:33:17.792  2037  2080 I PackageManager: Un-granting permission android.permission.MANAGE_DOCUMENTS from package com.google.android.youtube (protectionLevel=262146 flags=0x30dbbe45)
09-07 04:33:17.792  2037  2080 I PackageManager: Un-granting permission android.permission.INTERACT_ACROSS_PROFILES from package com.google.android.googlequicksearchbox (protectionLevel=18 flags=0x28dbbec5)
09-07 04:33:17.792  2037  2080 I PackageManager: Un-granting permission android.permission.MANAGE_SOUND_TRIGGER from package com.google.android.googlequicksearchbox (protectionLevel=18 flags=0x28dbbec5)
09-07 04:33:17.792  2037  2080 I PackageManager: Un-granting permission android.permission.MANAGE_USB from package com.google.android.googlequicksearchbox (protectionLevel=18 flags=0x28dbbec5)
09-07 04:33:17.792  2037  2080 I PackageManager: Un-granting permission android.permission.CONTROL_INCALL_EXPERIENCE from package com.google.android.googlequicksearchbox (protectionLevel=18 flags=0x28dbbec5)
09-07 04:33:17.792  2037  2080 I PackageManager: Un-granting permission android.permission.WRITE_APN_SETTINGS from package com.google.android.googlequicksearchbox (protectionLevel=18 flags=0x28dbbec5)
09-07 04:33:17.792  2037  2080 I PackageManager: Un-granting permission android.permission.SUBSTITUTE_SHARE_TARGET_APP_NAME_AND_ICON from package com.google.android.googlequicksearchbox (protectionLevel=18 flags=0x28dbbec5)
09-07 04:33:17.792  2037  2080 I PackageManager: Un-granting permission com.google.android.googleapps.permission.GOOGLE_AUTH from package com.android.providers.calendar (protectionLevel=2 flags=0x30883e45)
09-07 04:33:17.792  2037  2080 I PackageManager: Un-granting permission com.google.android.googleapps.permission.GOOGLE_AUTH.cl from package com.android.providers.calendar (protectionLevel=2 flags=0x30883e45)
09-07 04:33:17.792  2037  2080 I PackageManager: Un-granting permission android.permission.WRITE_SECURE_SETTINGS from package com.google.android.apps.enterprise.dmagent (protectionLevel=50 flags=0x30083e05)
09-07 04:33:17.793  2037  2080 I PackageManager: Un-granting permission android.permission.CONNECTIVITY_INTERNAL from package com.google.android.apps.enterprise.dmagent (protectionLevel=18 flags=0x30083e05)
09-07 04:33:17.793  2037  2080 I PackageManager: Un-granting permission android.permission.MANAGE_USB from package com.google.android.apps.enterprise.dmagent (protectionLevel=18 flags=0x30083e05)
09-07 04:33:17.793  2037  2080 I PackageManager: Un-granting permission android.permission.CHANGE_COMPONENT_ENABLED_STATE from package com.google.android.apps.enterprise.dmagent (protectionLevel=18 flags=0x30083e05)
09-07 04:33:17.793  2037  2080 I PackageManager: Un-granting permission android.permission.MANAGE_CA_CERTIFICATES from package com.google.android.apps.enterprise.dmagent (protectionLevel=18 flags=0x30083e05)
09-07 04:33:17.793  2037  2080 I PackageManager: Un-granting permission android.permission.MANAGE_USERS from package com.google.android.apps.enterprise.dmagent (protectionLevel=18 flags=0x30083e05)
09-07 04:33:17.793  2037  2080 I PackageManager: Un-granting permission com.google.android.setupwizard.READ_DEVICE_ORIGIN from package com.google.android.apps.messaging (protectionLevel=18 flags=0x38cbbe45)
09-07 04:33:17.793  2037  2080 I PackageManager: Un-granting permission android.permission.HIDE_NON_SYSTEM_OVERLAY_WINDOWS from package com.android.vending (protectionLevel=258 flags=0x28cabec5)
09-07 04:33:17.793  2037  2080 I PackageManager: Un-granting permission android.permission.SEND_DOWNLOAD_COMPLETED_INTENTS from package com.android.vending (protectionLevel=2 flags=0x28cabec5)
09-07 04:33:17.793  2037  2080 I PackageManager: Un-granting permission android.permission.BIND_WALLPAPER from package com.android.camera2 (protectionLevel=18 flags=0x20d8bc45)
09-07 04:33:17.793  2037  2080 I PackageManager: Un-granting permission android.permission.REQUEST_INSTALL_PACKAGES from package com.google.android.gm (protectionLevel=66 flags=0x38cbbe45)
09-07 04:33:17.793  2037  2080 I PackageManager: Un-granting permission android.permission.BIND_JOB_SERVICE from package com.google.android.music (protectionLevel=2 flags=0x38cbbe65)
09-07 04:33:17.793  2037  2080 I PackageManager: Un-granting permission android.permission.CONNECTIVITY_USE_RESTRICTED_NETWORKS from package com.google.android.captiveportallogin (protectionLevel=18 flags=0x38c8be45)
09-07 04:33:17.793  2037  2080 I PackageManager: Un-granting permission android.permission.NETWORK_BYPASS_PRIVATE_DNS from package com.google.android.captiveportallogin (protectionLevel=2 flags=0x38c8be45)
09-07 04:33:17.794  2037  2080 I PackageManager: Un-granting permission android.permission.REQUEST_INSTALL_PACKAGES from package com.google.android.apps.docs (protectionLevel=66 flags=0x38cbbe45)
09-07 04:33:17.794  2037  2080 I PackageManager: Un-granting permission android.permission.INTERACT_ACROSS_USERS from package com.google.android.syncadapters.contacts (protectionLevel=50 flags=0x20883e45)
09-07 04:33:17.794  2037  2080 I PackageManager: Un-granting permission android.permission.REQUEST_INSTALL_PACKAGES from package com.android.chrome (protectionLevel=66 flags=0xa0cbbe45)
09-07 04:33:17.794  2037  2080 I PackageManager: Un-granting permission android.permission.WRITE_EMBEDDED_SUBSCRIPTIONS from package com.google.android.gms (protectionLevel=50 flags=0xa0cabec5)
09-07 04:33:17.794  2037  2080 I PackageManager: Un-granting permission android.permission.CAPTURE_VIDEO_OUTPUT from package com.google.android.gms (protectionLevel=2 flags=0xa0cabec5)
09-07 04:33:17.794  2037  2080 I PackageManager: Un-granting permission android.permission.FORCE_STOP_PACKAGES from package com.google.android.gms (protectionLevel=18 flags=0xa0cabec5)
09-07 04:33:17.794  2037  2080 I PackageManager: Un-granting permission android.permission.MODIFY_DEFAULT_AUDIO_EFFECTS from package com.google.android.gms (protectionLevel=18 flags=0xa0cabec5)
09-07 04:33:17.794  2037  2080 I PackageManager: Un-granting permission android.permission.MANAGE_DEVICE_ADMINS from package com.google.android.gms (protectionLevel=2 flags=0xa0cabec5)
09-07 04:33:17.794  2037  2080 I PackageManager: Un-granting permission android.permission.MANAGE_ACTIVITY_STACKS from package com.google.android.gms (protectionLevel=2 flags=0xa0cabec5)
09-07 04:33:17.794  2037  2080 I PackageManager: Un-granting permission android.permission.CAPTURE_SECURE_VIDEO_OUTPUT from package com.google.android.gms (protectionLevel=2 flags=0xa0cabec5)
09-07 04:33:17.794  2037  2080 I PackageManager: Un-granting permission android.permission.MANAGE_ROLLBACKS from package com.google.android.gms (protectionLevel=514 flags=0xa0cabec5)
09-07 04:33:17.794  2037  2080 I PackageManager: Un-granting permission android.permission.MEDIA_CONTENT_CONTROL from package com.google.android.gms (protectionLevel=18 flags=0xa0cabec5)
09-07 04:33:17.794  2037  2080 I PackageManager: Un-granting permission android.permission.HIDE_NON_SYSTEM_OVERLAY_WINDOWS from package com.google.android.gms (protectionLevel=258 flags=0xa0cabec5)
09-07 04:33:17.795  2037  2080 I PackageManager: Un-granting permission com.google.android.googleapps.permission.GOOGLE_AUTH from package com.google.android.videos (protectionLevel=2 flags=0x30dbbe45)
09-07 04:33:17.795  2037  2080 I PackageManager: Un-granting permission android.permission.WRITE_MEDIA_STORAGE from package com.google.android.apps.photos (protectionLevel=18 flags=0x38d9be45)
09-07 04:33:17.840  2037  2133 I InputReader: Reconfiguring input devices.  changes=0x00000010
09-07 04:33:17.840  2689  2689 I GsaVoiceInteractionSrv: (REDACTED) O received %s
09-07 04:33:17.841  8176  8176 I Finsky  : [2] vms.g(1): vms - Received: android.intent.action.PACKAGE_REMOVED, [JKgrAT7ZrU_atynDxHtFKlznxOwkruuqzdx-Cu5fTVw]
09-07 04:33:17.844  2037  2133 I InputReader: Reconfiguring input devices.  changes=0x00000010
09-07 04:33:17.852  2037  2066 W BroadcastQueue: Background execution not allowed: receiving Intent { act=android.intent.action.PACKAGE_REMOVED dat=package:ru.iteco.fmhandroid.test flg=0x4000010 (has extras) } to com.android.musicfx/.Compatibility$Receiver
09-07 04:33:17.854  2037  2066 W BroadcastQueue: Background execution not allowed: receiving Intent { act=android.intent.action.PACKAGE_REMOVED dat=package:ru.iteco.fmhandroid.test flg=0x4000010 (has extras) } to com.android.vending/com.google.android.finsky.packagemonitor.impl.PackageMonitorReceiverImpl$RegisteredReceiver
09-07 04:33:17.857  2037  2066 W BroadcastQueue: Background execution not allowed: receiving Intent { act=android.intent.action.PACKAGE_REMOVED dat=package:ru.iteco.fmhandroid.test flg=0x4000010 (has extras) } to com.android.vending/com.google.android.finsky.packagemonitor.backgroundimpl.BackgroundPackageMonitorReceiverImpl$RegisteredReceiver
09-07 04:33:17.858  2037  2066 W BroadcastQueue: Background execution not allowed: receiving Intent { act=android.intent.action.PACKAGE_REMOVED dat=package:ru.iteco.fmhandroid.test flg=0x4000010 (has extras) } to com.android.vending/com.google.android.finsky.instantapps.appmanagement.InstantAppRemoveMonitor
09-07 04:33:17.858  2037  2066 W BroadcastQueue: Background execution not allowed: receiving Intent { act=android.intent.action.PACKAGE_REMOVED dat=package:ru.iteco.fmhandroid.test flg=0x4000010 (has extras) } to com.google.android.gms/.games.chimera.GamesSystemBroadcastReceiverProxy
09-07 04:33:17.859  2037  2066 W BroadcastQueue: Background execution not allowed: receiving Intent { act=android.intent.action.PACKAGE_REMOVED dat=package:ru.iteco.fmhandroid.test flg=0x4000010 (has extras) } to com.google.android.gms/.chimera.GmsIntentOperationService$PersistentTrustedReceiver
09-07 04:33:17.859  2037  2066 W BroadcastQueue: Background execution not allowed: receiving Intent { act=android.intent.action.PACKAGE_ADDED dat=package:ru.iteco.fmhandroid.test flg=0x4000010 (has extras) } to com.google.android.packageinstaller/com.android.packageinstaller.PackageInstalledReceiver
09-07 04:33:17.859  2037  2066 W BroadcastQueue: Background execution not allowed: receiving Intent { act=android.intent.action.PACKAGE_ADDED dat=package:ru.iteco.fmhandroid.test flg=0x4000010 (has extras) } to com.android.musicfx/.Compatibility$Receiver
09-07 04:33:17.861  2037  2133 I InputReader: Reconfiguring input devices.  changes=0x00000010
09-07 04:33:17.864  8176 26229 I Finsky  : [960] pth.accept(76): IQ: handled package removed
09-07 04:33:17.865  8176 26226 I Finsky  : [958] oll.run(296): Wrote row to frosting DB: 1750
09-07 04:33:17.869  2037  2066 W BroadcastQueue: Background execution not allowed: receiving Intent { act=android.intent.action.PACKAGE_ADDED dat=package:ru.iteco.fmhandroid.test flg=0x4000010 (has extras) } to com.android.vending/com.google.android.finsky.packagemonitor.impl.PackageMonitorReceiverImpl$RegisteredReceiver
09-07 04:33:17.869  2037  2066 W BroadcastQueue: Background execution not allowed: receiving Intent { act=android.intent.action.PACKAGE_ADDED dat=package:ru.iteco.fmhandroid.test flg=0x4000010 (has extras) } to com.android.vending/com.google.android.finsky.packagemonitor.backgroundimpl.BackgroundPackageMonitorReceiverImpl$RegisteredReceiver
09-07 04:33:17.870  2037  2066 W BroadcastQueue: Background execution not allowed: receiving Intent { act=android.intent.action.PACKAGE_ADDED dat=package:ru.iteco.fmhandroid.test flg=0x4000010 (has extras) } to com.google.android.gms/.games.chimera.GamesSystemBroadcastReceiverProxy
09-07 04:33:17.871  2037  2066 W BroadcastQueue: Background execution not allowed: receiving Intent { act=android.intent.action.PACKAGE_ADDED dat=package:ru.iteco.fmhandroid.test flg=0x4000010 (has extras) } to com.google.android.gms/.gass.chimera.PackageChangeBroadcastReceiver
09-07 04:33:17.871  2037  2066 W BroadcastQueue: Background execution not allowed: receiving Intent { act=android.intent.action.PACKAGE_ADDED dat=package:ru.iteco.fmhandroid.test flg=0x4000010 (has extras) } to com.google.android.gms/.chimera.GmsIntentOperationService$PersistentTrustedReceiver
09-07 04:33:17.871  2037  2066 W BroadcastQueue: Background execution not allowed: receiving Intent { act=android.intent.action.PACKAGE_ADDED dat=package:ru.iteco.fmhandroid.test flg=0x4000010 (has extras) } to com.google.android.ims/.receivers.RcsAutoStartReceiver
09-07 04:33:17.872  8176  8257 I Finsky  : [592] jnn.a(53): AIM: AppInfoManager-Perf > OnDeviceAppInfo > cacheHitCount=0, cacheMissCount=1. Missed  in cache (limit 10) : [ru.iteco.fmhandroid.test]
09-07 04:33:17.872  8176  8257 I Finsky  : [592] jlf.apply(886): AIM: Got app ownership map. App counts: . Unique apps: 0
09-07 04:33:17.872  8176  8176 I Finsky  : [2] vms.g(1): vms - Received: android.intent.action.PACKAGE_ADDED, [JKgrAT7ZrU_atynDxHtFKlznxOwkruuqzdx-Cu5fTVw]
09-07 04:33:17.884  8176 26226 I Finsky  : [958] oll.run(296): Wrote row to frosting DB: 1751
09-07 04:33:17.890  8176  8256 I Finsky  : [591] jnj.a(202): AIM: AppInfoManager-Perf > ItemModel > CacheSize=0, cacheHitCount=0, cacheMissCount=1, total appsWithNoServerDataCount=0. Missed  in cache (limit 10) : [ru.iteco.fmhandroid.test]
09-07 04:33:17.890  8176  8256 I Finsky  : [591] jnm.n(24): AIM: AppInfoManager-Perf > ItemModel > ItemStore Called 1 apps cacheOptions = USE_CACHE
09-07 04:33:17.890  8176  8256 I Finsky  : [591] jnj.a(1098): AIM: ItemModel fetch - unauth(1), auth()
09-07 04:33:17.891  8176  8256 I Finsky  : [591] rmt.apply(40): ItemStore: Not cached: ru.iteco.fmhandroid.test
09-07 04:33:17.906  8176 26226 I Finsky  : [958] oll.run(296): Wrote row to frosting DB: 1752
09-07 04:33:17.911  2434  2940 E ActivityThread: Failed to find provider info for com.google.android.apps.wellbeing.api
09-07 04:33:17.922  2689  2689 I GsaVoiceInteractionSrv: (REDACTED) O received %s
09-07 04:33:17.926  8176  8250 I Finsky  : [585] jnn.a(53): AIM: AppInfoManager-Perf > OnDeviceAppInfo > cacheHitCount=0, cacheMissCount=1. Missed  in cache (limit 10) : [ru.iteco.fmhandroid.test]
09-07 04:33:17.928  2689  2689 I GsaVoiceInteractionSrv: (REDACTED) O received %s
09-07 04:33:17.932  8176  8176 I Finsky  : [2] qos.akj(13): DTU: Received onPackageAdded, replacing: true
09-07 04:33:17.934  8176  8250 I Finsky  : [585] jlf.apply(886): AIM: Got app ownership map. App counts: . Unique apps: 0
09-07 04:33:17.938  8176 26226 I Finsky  : [958] oll.run(296): Wrote row to frosting DB: 1753
09-07 04:33:17.941  2037  2037 W Looper  : Slow dispatch took 109ms main h=android.app.ActivityThread$H c=android.app.-$$Lambda$LoadedApk$ReceiverDispatcher$Args$_BumDX2UKsnxLVrE6UJsJZkotuA@e010d83 m=0
09-07 04:33:17.943  8176  8176 I Finsky  : [2] vms.g(1): vms - Received: android.intent.action.PACKAGE_ADDED, [JKgrAT7ZrU_atynDxHtFKlznxOwkruuqzdx-Cu5fTVw]
09-07 04:33:17.960  8176  8256 I Finsky  : [591] jnj.a(202): AIM: AppInfoManager-Perf > ItemModel > CacheSize=0, cacheHitCount=0, cacheMissCount=1, total appsWithNoServerDataCount=0. Missed  in cache (limit 10) : [ru.iteco.fmhandroid.test]
09-07 04:33:17.960  8176  8256 I Finsky  : [591] jnm.n(24): AIM: AppInfoManager-Perf > ItemModel > ItemStore Called 1 apps cacheOptions = USE_CACHE
09-07 04:33:17.960  8176  8256 I Finsky  : [591] jnj.a(1098): AIM: ItemModel fetch - unauth(1), auth()
09-07 04:33:17.960  8176  8250 I Finsky  : [585] rmt.apply(40): ItemStore: Not cached: ru.iteco.fmhandroid.test
09-07 04:33:17.978  8176 26226 I Finsky  : [958] oll.run(296): Wrote row to frosting DB: 1754
09-07 04:33:17.980  2666  3039 W aoza    : Abort, client detached.
09-07 04:33:17.980  2666  3039 I chatty  : uid=10104(com.google.android.googlequicksearchbox) EventBus0 identical 1 line
09-07 04:33:17.993  2666  3039 W aoza    : Abort, client detached.
09-07 04:33:17.996  8176  8176 I Finsky  : [2] vms.g(1): vms - Deduping intent android.intent.action.PACKAGE_ADDED
09-07 04:33:18.000  8176  8176 I Finsky  : [2] vms.g(1): vms - Received: android.intent.action.PACKAGE_ADDED, [JKgrAT7ZrU_atynDxHtFKlznxOwkruuqzdx-Cu5fTVw]
09-07 04:33:18.029  7867 26242 I Auth    : [SupervisedAccountIntentOperation] onHandleIntent(): android.intent.action.PACKAGE_ADDED
09-07 04:33:18.039  8176  8176 I Finsky  : [2] vms.g(1): vms - Deduping intent android.intent.action.PACKAGE_ADDED
09-07 04:33:18.044  8176 26226 I Finsky  : [958] oll.run(296): Wrote row to frosting DB: 1755
09-07 04:33:18.061  8425 26233 I Fitness : (REDACTED) FitCleanupIntentOperation received Intent %s
09-07 04:33:18.069  7867  7867 D BoundBrokerSvc: onBind: Intent { act=com.google.android.gms.common.BIND_SHARED_PREFS pkg=com.google.android.gms }
09-07 04:33:18.069  7867  7867 D BoundBrokerSvc: Loading bound service for intent: Intent { act=com.google.android.gms.common.BIND_SHARED_PREFS pkg=com.google.android.gms }
09-07 04:33:18.086  2037  2311 W BroadcastQueue: Background execution not allowed: receiving Intent { act=android.intent.action.PACKAGE_REPLACED dat=package:ru.iteco.fmhandroid.test flg=0x4000010 (has extras) } to com.android.musicfx/.Compatibility$Receiver
09-07 04:33:18.091  2037  2066 W BroadcastQueue: Background execution not allowed: receiving Intent { act=android.intent.action.PACKAGE_REPLACED dat=package:ru.iteco.fmhandroid.test flg=0x4000010 (has extras) } to com.google.android.apps.photos/.account.full.FetchAccountPropertiesAppUpgradeBroadcastReceiver
09-07 04:33:18.092  2037  2066 W BroadcastQueue: Background execution not allowed: receiving Intent { act=android.intent.action.PACKAGE_REPLACED dat=package:ru.iteco.fmhandroid.test flg=0x4000010 (has extras) } to com.google.android.apps.photos/.account.full.SyncAccountsForLoginBroadcastReceiver
09-07 04:33:18.092  2037  2066 W BroadcastQueue: Background execution not allowed: receiving Intent { act=android.intent.action.PACKAGE_REPLACED dat=package:ru.iteco.fmhandroid.test flg=0x4000010 (has extras) } to com.google.android.apps.photos/.experiments.phenotype.full.PhenotypeAppUpgradeBroadcastReceiver
09-07 04:33:18.092  2037  2066 W BroadcastQueue: Background execution not allowed: receiving Intent { act=android.intent.action.PACKAGE_REPLACED dat=package:ru.iteco.fmhandroid.test flg=0x4000010 (has extras) } to com.google.android.apps.photos/.notificationchannels.AppUpdateBroadcastReceiver
09-07 04:33:18.094  2037  2066 W BroadcastQueue: Background execution not allowed: receiving Intent { act=android.intent.action.PACKAGE_REPLACED dat=package:ru.iteco.fmhandroid.test flg=0x4000010 (has extras) } to com.google.android.gms/.gass.chimera.PackageChangeBroadcastReceiver
09-07 04:33:18.096  2037  2066 W BroadcastQueue: Background execution not allowed: receiving Intent { act=android.intent.action.PACKAGE_REPLACED dat=package:ru.iteco.fmhandroid.test flg=0x4000010 (has extras) } to com.google.android.gms/.chimera.GmsIntentOperationService$PersistentTrustedReceiver
09-07 04:33:18.097  2037  2066 W BroadcastQueue: Background execution not allowed: receiving Intent { act=android.intent.action.PACKAGE_REPLACED dat=package:ru.iteco.fmhandroid.test flg=0x4000010 (has extras) } to com.google.android.ims/.receivers.RcsAutoStartReceiver
09-07 04:33:18.110  8425  8568 W ChimeraUtils: Module com.google.android.gms.nearby_en missing resource null(0)
09-07 04:33:18.114  8425  8425 D BoundBrokerSvc: onBind: Intent { act=com.google.android.gms.nearby.exposurenotification.START dat=chimera-action: cmp=com.google.android.gms/.chimera.PersistentApiServiceNoInstantApps }
09-07 04:33:18.114  8425  8425 D BoundBrokerSvc: Loading bound service for intent: Intent { act=com.google.android.gms.nearby.exposurenotification.START dat=chimera-action: cmp=com.google.android.gms/.chimera.PersistentApiServiceNoInstantApps }
09-07 04:33:18.115  8425  8568 W ChimeraUtils: Module com.google.android.gms.nearby_en missing resource null(0)
09-07 04:33:18.124  2037  2037 W Looper  : Slow dispatch took 137ms main h=android.app.ActivityThread$H c=android.app.-$$Lambda$LoadedApk$ReceiverDispatcher$Args$_BumDX2UKsnxLVrE6UJsJZkotuA@2f3ad1d m=0
09-07 04:33:18.125  2279  2279 D CarrierSvcBindHelper: No carrier app for: 0
09-07 04:33:18.132  8425 26245 I FontLog : (REDACTED) Package %s has no metadata
09-07 04:33:18.139  8176  8250 E Finsky  : [585] rna.a(110): ItemStore: getItems RPC failed.
09-07 04:33:18.139  8176  8256 E Finsky  : [591] rna.a(110): ItemStore: getItems RPC failed.
09-07 04:33:18.141  8176  8252 I Finsky  : [587] xty.accept(378): SCH: Scheduling phonesky job Id: 12-1, CT: 1694061197875, Constraints: [{ L: 15000, D: 86400000, C: 1, I: 1, N: 1 }]
09-07 04:33:18.150  7867  7911 I Icing   : IndexChimeraService.getServiceInterface callingPackage=com.google.android.gms componentName=AppsCorpus serviceId=36
09-07 04:33:18.152  2279  2279 D CarrierSvcBindHelper: No carrier app for: 0
09-07 04:33:18.155  2037  2051 I system_server: Background concurrent copying GC freed 75228(4275KB) AllocSpace objects, 42(1696KB) LOS objects, 27% free, 15MB/21MB, paused 2.622ms total 332.198ms
09-07 04:33:18.161  8176  8250 I Finsky  : [585] yew.apply(123): SCH: Scheduling 1 system job(s)
09-07 04:33:18.162  8176  8250 I Finsky  : [585] yvz.d(263): SCH: Scheduling system job Id: 9167, L: 14713, D: 69764467, C: false, I: false, N: 1
09-07 04:33:18.170  7867  7867 D BoundBrokerSvc: onUnbind: Intent { act=com.google.android.gms.common.BIND_SHARED_PREFS pkg=com.google.android.gms }
09-07 04:33:18.175  2037  2037 W Looper  : Slow delivery took 284ms main h=android.app.ActivityThread$H c=android.app.-$$Lambda$LoadedApk$ReceiverDispatcher$Args$_BumDX2UKsnxLVrE6UJsJZkotuA@e312aea m=0
09-07 04:33:18.179  2279  2279 D CarrierConfigLoader: mHandler: 9 phoneId: 0
09-07 04:33:18.182  2037  2037 I Telecom : DefaultDialerCache: Refreshing default dialer for user 0: now com.android.dialer: DDC.oR@AQE
09-07 04:33:18.186  2037  2037 V BackupManagerConstants: getFullBackupIntervalMilliseconds(...) returns 86400000
09-07 04:33:18.186  2037  2037 V BackupManagerConstants: getFullBackupRequiredNetworkType(...) returns 2
09-07 04:33:18.186  2037  2037 V BackupManagerConstants: getFullBackupRequireCharging(...) returns true
09-07 04:33:18.191  8176  8249 I Finsky  : [584] kiz.aeG(143): [ContentSync] finished, scheduled=true
09-07 04:33:18.192  8176  8252 I Finsky  : [587] xty.accept(378): SCH: Scheduling phonesky job Id: 12-1, CT: 1694061197939, Constraints: [{ L: 15000, D: 86400000, C: 1, I: 1, N: 1 }]
09-07 04:33:18.197  2037  2037 W Looper  : Drained
09-07 04:33:18.200  8176  8250 I Finsky  : [585] yew.apply(123): SCH: Scheduling 0 system job(s)
09-07 04:33:18.202  8176  8250 I Finsky  : [585] kiz.aeG(143): [ContentSync] finished, scheduled=true
09-07 04:33:18.208  1792  2272 E GnssHAL_GnssInterface: gnssSvStatusCb: a: input svInfo.flags is 8
09-07 04:33:18.208  1792  2272 E GnssHAL_GnssInterface: gnssSvStatusCb: b: input svInfo.flags is 8
09-07 04:33:18.208  7867 16232 W Icing   : No valid account for uploading user actions
09-07 04:33:18.220  7867  7911 I Icing   : IndexChimeraService.getServiceInterface callingPackage=com.google.android.gms componentName=null serviceId=30
09-07 04:33:18.229  7867 16232 I Icing   : Usage reports ok 0, Failed Usage reports 0, indexed 0, rejected 0
09-07 04:33:18.237  7867 16232 W Icing   : No valid account for uploading user actions
09-07 04:33:18.245  7867 16232 I Icing   : Usage reports ok 0, Failed Usage reports 0, indexed 0, rejected 0
09-07 04:33:18.248  7867 16232 I Icing   : Indexing com.google.android.gms-apps from com.google.android.gms
09-07 04:33:18.252  7867 16232 I Icing   : Indexing done com.google.android.gms-apps
09-07 04:33:18.254  7867 16232 I Icing   : Indexing com.google.android.gms-apps from com.google.android.gms
09-07 04:33:18.254  7867 16232 I Icing   : Indexing done com.google.android.gms-apps
09-07 04:33:18.326  1858  1889 E         : Couldn't opendir /data/app/vmdl1864310609.tmp: No such file or directory
09-07 04:33:18.326  1858  1889 E installd: Failed to delete /data/app/vmdl1864310609.tmp: No such file or directory
09-07 04:33:18.384  2037  7767 I ActivityManager: Force stopping ru.iteco.fmhandroid.test appid=10135 user=0: from pid 26261
09-07 04:33:18.391  2279  2279 D CarrierSvcBindHelper: No carrier app for: 0
09-07 04:33:18.494 26268 26268 D AndroidRuntime: >>>>>> START com.android.internal.os.RuntimeInit uid 2000 <<<<<<
09-07 04:33:18.496 26268 26268 E libc    : Access denied finding property "persist.device_config.runtime_native_boot.enable_apex_image"
09-07 04:33:18.496 26268 26268 I AndroidRuntime: Using default boot image
09-07 04:33:18.497 26268 26268 E libc    : Access denied finding property "persist.device_config.runtime_native_boot.disable_lock_profiling"
09-07 04:33:18.497 26268 26268 I AndroidRuntime: Leaving lock profiling enabled
09-07 04:33:18.497 26268 26268 E libc    : Access denied finding property "persist.device_config.runtime_native_boot.enable_generational_cc"
09-07 04:33:18.485 26268 26268 W app_process: type=1400 audit(0.0:279): avc: denied { read } for name="u:object_r:device_config_runtime_native_boot_prop:s0" dev="tmpfs" ino=6894 scontext=u:r:shell:s0 tcontext=u:object_r:device_config_runtime_native_boot_prop:s0 tclass=file permissive=0
09-07 04:33:18.485 26268 26268 W app_process: type=1400 audit(0.0:280): avc: denied { read } for name="u:object_r:device_config_runtime_native_boot_prop:s0" dev="tmpfs" ino=6894 scontext=u:r:shell:s0 tcontext=u:object_r:device_config_runtime_native_boot_prop:s0 tclass=file permissive=0
09-07 04:33:18.485 26268 26268 W app_process: type=1400 audit(0.0:281): avc: denied { read } for name="u:object_r:device_config_runtime_native_boot_prop:s0" dev="tmpfs" ino=6894 scontext=u:r:shell:s0 tcontext=u:object_r:device_config_runtime_native_boot_prop:s0 tclass=file permissive=0
09-07 04:33:18.550 26268 26268 D ICU     : Time zone APEX file found: /apex/com.android.tzdata/etc/icu/icu_tzdata.dat
09-07 04:33:18.554 26268 26268 W app_process: Unexpected CPU variant for X86 using defaults: x86
09-07 04:33:18.558 26268 26268 I app_process: The ClassLoaderContext is a special shared library.
09-07 04:33:18.572 26268 26268 W app_process: JNI RegisterNativeMethods: attempt to register 0 native methods for android.media.AudioAttributes
09-07 04:33:18.575 26268 26268 D AndroidRuntime: Calling main entry com.android.commands.am.Am
09-07 04:33:18.579  2037  7767 I ActivityManager: Force stopping ru.iteco.fmhandroid appid=10136 user=0: start instr
09-07 04:33:18.586  1775  1775 D Zygote  : Forked child process 26283
09-07 04:33:18.589 26283 26283 I teco.fmhandroi: Late-enabling -Xcheck:jni
09-07 04:33:18.592  2037  2067 I ActivityManager: Start proc 26283:ru.iteco.fmhandroid/u0a136 for added application ru.iteco.fmhandroid
09-07 04:33:18.600 26283 26283 E teco.fmhandroi: Unknown bits set in runtime_flags: 0x8000
09-07 04:33:18.600 26283 26283 W teco.fmhandroi: Unexpected CPU variant for X86 using defaults: x86
09-07 04:33:18.650 26283 26283 I teco.fmhandroi: The ClassLoaderContext is a special shared library.
09-07 04:33:18.979 26283 26283 I chatty  : uid=10136(ru.iteco.fmhandroid) identical 2 lines
09-07 04:33:18.979 26283 26283 I teco.fmhandroi: The ClassLoaderContext is a special shared library.
09-07 04:33:19.209  1792  2272 E GnssHAL_GnssInterface: gnssSvStatusCb: a: input svInfo.flags is 8
09-07 04:33:19.209  1792  2272 E GnssHAL_GnssInterface: gnssSvStatusCb: b: input svInfo.flags is 8
09-07 04:33:19.311 26283 26283 W teco.fmhandroi: Accessing hidden method Landroid/app/Instrumentation;->execStartActivity(Landroid/content/Context;Landroid/os/IBinder;Landroid/os/IBinder;Landroid/app/Activity;Landroid/content/Intent;ILandroid/os/Bundle;)Landroid/app/Instrumentation$ActivityResult; (greylist, linking, allowed)
09-07 04:33:19.312 26283 26283 W teco.fmhandroi: Accessing hidden method Landroid/app/Instrumentation;->execStartActivity(Landroid/content/Context;Landroid/os/IBinder;Landroid/os/IBinder;Ljava/lang/String;Landroid/content/Intent;ILandroid/os/Bundle;)Landroid/app/Instrumentation$ActivityResult; (greylist, linking, allowed)
09-07 04:33:19.319 26283 26283 I MonitoringInstr: newApplication called!
09-07 04:33:19.343 26283 26283 I FirebaseApp: Device unlocked: initializing all Firebase APIs for app [DEFAULT]
09-07 04:33:19.352 26283 26283 I FirebaseCrashlytics: Initializing Firebase Crashlytics 18.2.6 for ru.iteco.fmhandroid
09-07 04:33:19.394 26283 26317 I DynamiteModule: Considering local module com.google.android.gms.measurement.dynamite:55 and remote module com.google.android.gms.measurement.dynamite:93
09-07 04:33:19.394 26283 26317 I DynamiteModule: Selected remote version of com.google.android.gms.measurement.dynamite, version >= 93
09-07 04:33:19.394 26283 26317 V DynamiteModule: Dynamite loader version >= 2, using loadModule2NoCrashUtils
09-07 04:33:19.413 26283 26317 W System  : ClassLoader referenced unknown path: 
09-07 04:33:19.441 26283 26283 I FirebaseInitProvider: FirebaseApp initialization successful
09-07 04:33:19.464 26283 26283 I MonitoringInstr: Instrumentation started!
09-07 04:33:19.471 26283 26283 D ClassesArgTokenizer: input: ru.iteco.fmhandroid.ui.MainPageTest#shouldOpenClaimsItemDescription
09-07 04:33:19.471 26283 26283 D ClassesArgTokenizer: result: [ru.iteco.fmhandroid.ui.MainPageTest#shouldOpenClaimsItemDescription]
09-07 04:33:19.471 26283 26283 D ClassesArgTokenizer: input: null
09-07 04:33:19.471 26283 26283 D ClassesArgTokenizer: result: []
09-07 04:33:19.475 26283 26283 V TestEventClient: No service name argument was given (testDiscoveryService, testRunEventService or orchestratorService)
09-07 04:33:19.488 26283 26325 D AndroidJUnitRunner: onStart is called.
09-07 04:33:19.495 26283 26283 I MonitoringInstr: No JSBridge.
09-07 04:33:19.503 26283 26317 W teco.fmhandroi: Accessing hidden method Lsun/misc/Unsafe;->arrayBaseOffset(Ljava/lang/Class;)I (greylist,core-platform-api, linking, allowed)
09-07 04:33:19.503 26283 26317 W teco.fmhandroi: Accessing hidden method Lsun/misc/Unsafe;->arrayIndexScale(Ljava/lang/Class;)I (greylist, linking, allowed)
09-07 04:33:19.503 26283 26317 W teco.fmhandroi: Accessing hidden method Lsun/misc/Unsafe;->compareAndSwapInt(Ljava/lang/Object;JII)Z (greylist, linking, allowed)
09-07 04:33:19.503 26283 26317 W teco.fmhandroi: Accessing hidden method Lsun/misc/Unsafe;->compareAndSwapLong(Ljava/lang/Object;JJJ)Z (greylist, linking, allowed)
09-07 04:33:19.503 26283 26317 W teco.fmhandroi: Accessing hidden method Lsun/misc/Unsafe;->getIntVolatile(Ljava/lang/Object;J)I (greylist, linking, allowed)
09-07 04:33:19.503 26283 26317 W teco.fmhandroi: Accessing hidden method Lsun/misc/Unsafe;->getObjectVolatile(Ljava/lang/Object;J)Ljava/lang/Object; (greylist, linking, allowed)
09-07 04:33:19.503 26283 26317 W teco.fmhandroi: Accessing hidden method Lsun/misc/Unsafe;->objectFieldOffset(Ljava/lang/reflect/Field;)J (greylist,core-platform-api, linking, allowed)
09-07 04:33:19.503 26283 26317 W teco.fmhandroi: Accessing hidden method Lsun/misc/Unsafe;->putObjectVolatile(Ljava/lang/Object;JLjava/lang/Object;)V (greylist, linking, allowed)
09-07 04:33:19.503 26283 26317 W teco.fmhandroi: Accessing hidden field Lsun/misc/Unsafe;->theUnsafe:Lsun/misc/Unsafe; (greylist, reflection, allowed)
09-07 04:33:19.509 26283 26325 D TestRequestBuilder: Skipping class path scanning and directly running [ru.iteco.fmhandroid.ui.MainPageTest]
09-07 04:33:19.515 26283 26325 D ClassesArgTokenizer: input: ru.iteco.fmhandroid.ui.MainPageTest#shouldOpenClaimsItemDescription
09-07 04:33:19.515 26283 26325 D ClassesArgTokenizer: result: [ru.iteco.fmhandroid.ui.MainPageTest#shouldOpenClaimsItemDescription]
09-07 04:33:19.515 26283 26325 D ClassesArgTokenizer: input: null
09-07 04:33:19.515 26283 26325 D ClassesArgTokenizer: result: []
09-07 04:33:19.530 26283 26325 D AndroidJUnitRunner: Use the raw file system for managing file I/O.
09-07 04:33:19.534 26283 26325 D TestExecutor: Adding listener androidx.test.internal.runner.listener.LogRunListener
09-07 04:33:19.535 26283 26325 D TestExecutor: Adding listener androidx.test.internal.runner.listener.InstrumentationResultPrinter
09-07 04:33:19.535 26283 26325 D TestExecutor: Adding listener androidx.test.internal.runner.listener.ActivityFinisherRunListener
09-07 04:33:19.535 26283 26325 D TestExecutor: Adding listener androidx.test.internal.runner.listener.TraceRunListener
09-07 04:33:19.541 26283 26325 I TestRunner: run started: 1 tests
09-07 04:33:19.558 26283 26327 V FA      : App measurement collection enabled
09-07 04:33:19.558 26283 26327 V FA      : App measurement enabled for app package, google app id: ru.iteco.fmhandroid, 1:729587742060:android:e7d6f87c783f52b9a42f49
09-07 04:33:19.560 26283 26327 I FA      : App measurement initialized, version: 80069
09-07 04:33:19.560 26283 26327 I FA      : To enable debug logging run: adb shell setprop log.tag.FA VERBOSE
09-07 04:33:19.560 26283 26327 I FA      : To enable faster debug mode event logging run:
09-07 04:33:19.560 26283 26327 I FA      :   adb shell setprop debug.firebase.analytics.app ru.iteco.fmhandroid
09-07 04:33:19.560 26283 26327 D FA      : Debug-level message logging enabled
09-07 04:33:19.577 26283 26327 D FA      : Resetting session stitching token to not null
09-07 04:33:19.589 26283 26325 I TestRunner: started: shouldOpenClaimsItemDescription(ru.iteco.fmhandroid.ui.MainPageTest)
09-07 04:33:19.592 26283 26327 V FA      : Connecting to remote service
09-07 04:33:19.598  7867  7867 D BoundBrokerSvc: onBind: Intent { act=com.google.android.gms.measurement.START pkg=com.google.android.gms }
09-07 04:33:19.598  7867  7867 D BoundBrokerSvc: Loading bound service for intent: Intent { act=com.google.android.gms.measurement.START pkg=com.google.android.gms }
09-07 04:33:19.605 26283 26327 V FA      : Connection attempt already in progress
09-07 04:33:19.615 26283 26327 V FA      : Connection attempt already in progress
09-07 04:33:19.615 26283 26327 D FA      : Connected to remote service
09-07 04:33:19.616 26283 26327 V FA      : Processing queued up service tasks: 3
09-07 04:33:19.644  7867 26011 V FA-SVC  : Saving default event parameters, appId, data size: ru.iteco.fmhandroid, 2
09-07 04:33:19.716  1774 26334 E ResolverController: No valid NAT64 prefix (101, <unspecified>/0)
09-07 04:33:19.762  2037  2037 V SettingsProvider: Notifying for 0: content://settings/secure/accessibility_enabled
09-07 04:33:19.765  2689  3033 I fteu    : (REDACTED) #onAccessibilityStateChanged enabled: %s
09-07 04:33:19.765  2666  3003 I biwj    : NGA disabled since it's running Panthera and at least one a11y feature is on.
09-07 04:33:19.765  2666  3003 I biwj    : (REDACTED) Nga state changed to %s
09-07 04:33:19.765  2689  3084 I fteu    : #onChange
09-07 04:33:19.765  2689  3084 I csoe    : #FCF: onChange
09-07 04:33:19.765  2689  3084 I csoi    : (REDACTED) FCF System FeatureName to check: %s
09-07 04:33:19.765  2689  3084 I csoi    : (REDACTED) FCF: Device model check status : %s
09-07 04:33:19.766  2689  3084 I csof    : FCF A11y Checker - readyForTngMa
09-07 04:33:19.766  2689  3085 I ctnd    : (REDACTED) #isBluetoothOrWiredHeadsetConnected Number of connected audio devices: %s
09-07 04:33:19.766  2689  3085 I cspe    : (REDACTED) #FCF: Headset Connected Status: %s
09-07 04:33:19.767  2689  3084 I csqr    : (REDACTED) #FCF: Demo mode check status : %s
09-07 04:33:19.767  2689  3085 I csqs    : (REDACTED) #FCF: Managed profile check status : %s
09-07 04:33:19.768  2689  3085 I csno    : (REDACTED) #FCF: Assistant primary locale : %s
09-07 04:33:19.768  2689  3085 I csno    : (REDACTED) #FCF: Assistant Primary locale check status : %s
09-07 04:33:19.768  2689  3085 W csqu    : Unable to check for productivity accounts. Assuming there are none.
09-07 04:33:19.768  2689  3085 W csqu    : com.google.android.libraries.geller.portable.GellerException: Code: INVALID_ARGUMENT, Message: Account name is null.
09-07 04:33:19.768  2689  3085 W csqu    : 	at ghid.a(PG:6)
09-07 04:33:19.768  2689  3085 W csqu    : 	at gxvx.a(PG:3)
09-07 04:33:19.768  2689  3085 W csqu    : 	at hnzx.a(PG:1)
09-07 04:33:19.768  2689  3085 W csqu    : 	at hobr.run(PG:4)
09-07 04:33:19.768  2689  3085 W csqu    : 	at ewes.run(PG:1)
09-07 04:33:19.768  2689  3085 W csqu    : 	at java.util.concurrent.ThreadPoolExecutor.runWorker(ThreadPoolExecutor.java:1167)
09-07 04:33:19.768  2689  3085 W csqu    : 	at java.util.concurrent.ThreadPoolExecutor$Worker.run(ThreadPoolExecutor.java:641)
09-07 04:33:19.768  2689  3085 W csqu    : 	at ewdw.run(PG:2)
09-07 04:33:19.768  2689  3085 W csqu    : 	at java.lang.Thread.run(Thread.java:919)
09-07 04:33:19.768  2689  3085 W csqu    : 	at ewfb.run(PG:5)
09-07 04:33:19.770  2689  3085 I yzq     : (REDACTED) Nga on-device enabled based on TNG:MA active state: %b
09-07 04:33:19.770  2689  3085 I yzq     : (REDACTED) Nga on-device enabled based on TNG:MA active state: %b
09-07 04:33:19.770  2689  3085 I yzq     : Unsubscribed to apa or classic variant change.
09-07 04:33:19.790  2689  3084 I csts    : (REDACTED) #FCF evaluate: %s
09-07 04:33:19.791  2689  3084 I csts    : (REDACTED) TngMaStatusChecker#evaluateInternal completed in %s millis
09-07 04:33:19.791  2689  3084 I cscy    : (REDACTED) TNG:MA status updated: %s
09-07 04:33:19.791  2689  3084 I cscy    : TNG:MA became ineligible, client should disconnect
09-07 04:33:19.791  2689  3084 I cscy    : #disconnectAndStop - preventing double stop
09-07 04:33:19.791  2689  3084 I csts    : #invalidationSource: adding saa update checker
09-07 04:33:19.791  2689  3084 I csts    : #invalidationSource: adding headset checker
09-07 04:33:19.804  2666  2666 I cfyb    : (REDACTED) Starting %s background task %s.
09-07 04:33:19.805 26283 26325 W Settings: Setting always_finish_activities has moved from android.provider.Settings.System to android.provider.Settings.Global, returning read-only value.
09-07 04:33:19.812  2666  3039 I bjbd    : Trying to enqueue PieTriggeringWorker
09-07 04:33:19.813  2689  2689 I aaag    : (REDACTED) eventData = %s
09-07 04:33:19.814  2689  3085 I znc     : Logging success flow
09-07 04:33:19.820  2666 22082 I ccop    : Using pair HTTP connection
09-07 04:33:19.823  2666 16965 I anhc    : [Upload] Connected
09-07 04:33:19.824  2037  2459 I ActivityTaskManager: START u0 {act=android.intent.action.MAIN cat=[android.intent.category.LAUNCHER] flg=0x10008000 cmp=ru.iteco.fmhandroid.test/androidx.test.core.app.InstrumentationActivityInvoker$BootstrapActivity (has extras)} from uid 10136
09-07 04:33:19.839  2037  2061 E system_server: Invalid ID 0x00000000.
09-07 04:33:19.839  2037  2311 W InputReader: Device has associated, but no associated display id.
09-07 04:33:19.840  2037  2311 I chatty  : uid=1000(system) Binder:2037_6 identical 8 lines
09-07 04:33:19.840  2037  2311 W InputReader: Device has associated, but no associated display id.
09-07 04:33:19.841  2666  3039 I bjbd    : Trying to enqueue PieTriggeringWorker
09-07 04:33:19.843  2689  2689 I aaag    : (REDACTED) eventData = %s
09-07 04:33:19.843  2689  3084 I znc     : Logging success flow
09-07 04:33:19.859  1775  1775 D Zygote  : Forked child process 26341
09-07 04:33:19.863 26341 26341 I fmhandroid.tes: Late-enabling -Xcheck:jni
09-07 04:33:19.864  1793  1793 D gralloc_ranchu: gralloc_alloc: Creating ashmem region of size 9850880
09-07 04:33:19.865  2037  2067 I ActivityManager: Start proc 26341:ru.iteco.fmhandroid.test/u0a135 for activity {ru.iteco.fmhandroid.test/androidx.test.core.app.InstrumentationActivityInvoker$BootstrapActivity}
09-07 04:33:19.871  2666  3039 I bjbd    : Trying to enqueue PieTriggeringWorker
09-07 04:33:19.872 26341 26341 W fmhandroid.tes: Suspending all threads took: 8.493ms
09-07 04:33:19.872  2689  2689 I aaag    : (REDACTED) eventData = %s
09-07 04:33:19.884  2666 16965 I ccop    : Using pair HTTP connection
09-07 04:33:19.885 26341 26341 E fmhandroid.tes: Unknown bits set in runtime_flags: 0x8000
09-07 04:33:19.885 26341 26341 W fmhandroid.tes: Unexpected CPU variant for X86 using defaults: x86
09-07 04:33:19.894  2666  2666 E tzc     : onError
09-07 04:33:19.894  2666  2666 E tzc     : avrg: errorCode: 65561, engine: 2
09-07 04:33:19.894  2666  2666 E tzc     : 	at ccor.a(PG:3)
09-07 04:33:19.894  2666  2666 E tzc     : 	at angy.gY(PG:1)
09-07 04:33:19.894  2666  2666 E tzc     : 	at iilv.e(PG:2)
09-07 04:33:19.894  2666  2666 E tzc     : 	at aymr.d(PG:21)
09-07 04:33:19.894  2666  2666 E tzc     : 	at aymr.jD(PG:6)
09-07 04:33:19.894  2666  2666 E tzc     : 	at angz.c(PG:14)
09-07 04:33:19.894  2666  2666 E tzc     : 	at anha.run(PG:1)
09-07 04:33:19.894  2666  2666 E tzc     : 	at java.util.concurrent.Executors$RunnableAdapter.call(Executors.java:462)
09-07 04:33:19.894  2666  2666 E tzc     : 	at java.util.concurrent.FutureTask.run(FutureTask.java:266)
09-07 04:33:19.894  2666  2666 E tzc     : 	at awgu.run(PG:2)
09-07 04:33:19.894  2666  2666 E tzc     : 	at awix.run(PG:1)
09-07 04:33:19.894  2666  2666 E tzc     : 	at awix.run(PG:1)
09-07 04:33:19.894  2666  2666 E tzc     : 	at java.util.concurrent.ThreadPoolExecutor.runWorker(ThreadPoolExecutor.java:1167)
09-07 04:33:19.894  2666  2666 E tzc     : 	at java.util.concurrent.ThreadPoolExecutor$Worker.run(ThreadPoolExecutor.java:641)
09-07 04:33:19.894  2666  2666 E tzc     : 	at java.lang.Thread.run(Thread.java:919)
09-07 04:33:19.894  2666  2666 E tzc     : 	at awhb.run(PG:5)
09-07 04:33:19.894  2666  2666 E tzc     : Caused by: avri: errorCode: 65586, engine: 2
09-07 04:33:19.894  2666  2666 E tzc     : 	... 15 more
09-07 04:33:19.894  2666  2666 E tzc     : Caused by: avre: errorCode: 401, engine: 2
09-07 04:33:19.894  2666  2666 E tzc     : 	at tyz.a(PG:5)
09-07 04:33:19.894  2666  2666 E tzc     : 	at anhv.hj(PG:2)
09-07 04:33:19.894  2666  2666 E tzc     : 	at aymr.d(PG:15)
09-07 04:33:19.894  2666  2666 E tzc     : 	... 12 more
09-07 04:33:19.894  2666 26348 I anhc    : [Upload] Connected
09-07 04:33:19.899  2666  2666 W the     : Failed to sync device settings.
09-07 04:33:19.930  2666 22082 E cfyb    : (REDACTED) %s
09-07 04:33:19.930  2666 22082 E cfyb    : avri: errorCode: 65586, engine: 2
09-07 04:33:19.930  2666 22082 E cfyb    : 	at angy.gY(PG:1)
09-07 04:33:19.930  2666 22082 E cfyb    : 	at iilv.e(PG:2)
09-07 04:33:19.930  2666 22082 E cfyb    : 	at aymr.d(PG:21)
09-07 04:33:19.930  2666 22082 E cfyb    : 	at aymr.jD(PG:6)
09-07 04:33:19.930  2666 22082 E cfyb    : 	at angz.c(PG:14)
09-07 04:33:19.930  2666 22082 E cfyb    : 	at anha.run(PG:1)
09-07 04:33:19.930  2666 22082 E cfyb    : 	at java.util.concurrent.Executors$RunnableAdapter.call(Executors.java:462)
09-07 04:33:19.930  2666 22082 E cfyb    : 	at java.util.concurrent.FutureTask.run(FutureTask.java:266)
09-07 04:33:19.930  2666 22082 E cfyb    : 	at awgu.run(PG:2)
09-07 04:33:19.930  2666 22082 E cfyb    : 	at awix.run(PG:1)
09-07 04:33:19.930  2666 22082 E cfyb    : 	at awix.run(PG:1)
09-07 04:33:19.930  2666 22082 E cfyb    : 	at java.util.concurrent.ThreadPoolExecutor.runWorker(ThreadPoolExecutor.java:1167)
09-07 04:33:19.930  2666 22082 E cfyb    : 	at java.util.concurrent.ThreadPoolExecutor$Worker.run(ThreadPoolExecutor.java:641)
09-07 04:33:19.930  2666 22082 E cfyb    : 	at java.lang.Thread.run(Thread.java:919)
09-07 04:33:19.930  2666 22082 E cfyb    : 	at awhb.run(PG:5)
09-07 04:33:19.930  2666 22082 E cfyb    : Caused by: avre: errorCode: 401, engine: 2
09-07 04:33:19.930  2666 22082 E cfyb    : 	at tyz.a(PG:5)
09-07 04:33:19.930  2666 22082 E cfyb    : 	at anhv.hj(PG:2)
09-07 04:33:19.930  2666 22082 E cfyb    : 	at aymr.d(PG:15)
09-07 04:33:19.930  2666 22082 E cfyb    : 	... 12 more
09-07 04:33:19.941  2037  7767 W InputReader: Device has associated, but no associated display id.
09-07 04:33:19.941  2037  7767 I chatty  : uid=1000(system) Binder:2037_1E identical 8 lines
09-07 04:33:19.941  2037  7767 W InputReader: Device has associated, but no associated display id.
09-07 04:33:19.948  2666  2666 I dnsi    : onPause
09-07 04:33:19.952  2037  7767 W InputReader: Device has associated, but no associated display id.
09-07 04:33:19.960  2037  7767 I chatty  : uid=1000(system) Binder:2037_1E identical 18 lines
09-07 04:33:19.960  2037  7767 W InputReader: Device has associated, but no associated display id.
09-07 04:33:19.967  2037  2061 W InputReader: Device has associated, but no associated display id.
09-07 04:33:19.968  2037  2061 I chatty  : uid=1000(system) android.anim identical 8 lines
09-07 04:33:19.968  2037  2061 W InputReader: Device has associated, but no associated display id.
09-07 04:33:19.982 26341 26341 I fmhandroid.tes: The ClassLoaderContext is a special shared library.
09-07 04:33:19.984  2182  2468 D EGL_emulation: eglMakeCurrent: 0xda21a360: ver 2 0 (tinfo 0xda20f590)
09-07 04:33:19.993  2434  2714 D EGL_emulation: eglMakeCurrent: 0xed453b60: ver 2 0 (tinfo 0xe233a960)
09-07 04:33:19.994 26341 26341 I fmhandroid.tes: The ClassLoaderContext is a special shared library.
09-07 04:33:19.995  2182  2182 W View    : requestLayout() improperly called by com.android.keyguard.AlphaOptimizedLinearLayout{551c6d8 V.E...... ......ID 7,0-48,61 #7f0a041c app:id/wifi_group} during second layout pass: posting in next frame
09-07 04:33:19.997  2666  3068 D EGL_emulation: eglMakeCurrent: 0xda21b0e0: ver 2 0 (tinfo 0xda20fbb0)
09-07 04:33:20.006  2182  2182 W View    : requestLayout() improperly called by StatusBarIconView(slot=mobile icon=null notification=null) during layout: running second layout pass
09-07 04:33:20.024  2182  2468 D EGL_emulation: eglMakeCurrent: 0xda21a360: ver 2 0 (tinfo 0xda20f590)
09-07 04:33:20.033  2182  2468 D EGL_emulation: eglMakeCurrent: 0xda21a360: ver 2 0 (tinfo 0xda20f590)
09-07 04:33:20.039  2182  2182 W View    : requestLayout() improperly called by com.android.keyguard.AlphaOptimizedLinearLayout{551c6d8 V.E...... ......ID 7,0-48,61 #7f0a041c app:id/wifi_group} during second layout pass: posting in next frame
09-07 04:33:20.041  2666  3026 V ClearcutMetricXmitter: Transmission is done.
09-07 04:33:20.053  2182  2182 W View    : requestLayout() improperly called by StatusBarIconView(slot=mobile icon=null notification=null) during layout: running second layout pass
09-07 04:33:20.056  2182  2468 D EGL_emulation: eglMakeCurrent: 0xda21a360: ver 2 0 (tinfo 0xda20f590)
09-07 04:33:20.190  1823  1897 E SurfaceFlinger: ro.sf.lcd_density must be defined as a build property
09-07 04:33:20.192  1823  1897 E SurfaceFlinger: ro.sf.lcd_density must be defined as a build property
09-07 04:33:20.194 26341 26376 D libEGL  : Emulator has host GPU support, qemu.gles is set to 1.
09-07 04:33:20.194 26341 26376 W libc    : Unable to set property "qemu.gles" to "1": connection failed; errno=13 (Permission denied)
09-07 04:33:20.196 26341 26376 D libEGL  : loaded /vendor/lib/egl/libEGL_emulation.so
09-07 04:33:20.197 26341 26376 D libEGL  : loaded /vendor/lib/egl/libGLESv1_CM_emulation.so
09-07 04:33:20.197 26341 26376 D libEGL  : loaded /vendor/lib/egl/libGLESv2_emulation.so
09-07 04:33:20.185 26341 26341 W RenderThread: type=1400 audit(0.0:282): avc: denied { write } for name="property_service" dev="tmpfs" ino=6988 scontext=u:r:untrusted_app:s0:c135,c256,c512,c768 tcontext=u:object_r:property_socket:s0 tclass=sock_file permissive=0
09-07 04:33:20.209  1792  2272 E GnssHAL_GnssInterface: gnssSvStatusCb: a: input svInfo.flags is 8
09-07 04:33:20.209  1792  2272 E GnssHAL_GnssInterface: gnssSvStatusCb: b: input svInfo.flags is 8
09-07 04:33:20.220  2037  2674 I ActivityTaskManager: START u0 {act=android.intent.action.MAIN cat=[android.intent.category.LAUNCHER] cmp=ru.iteco.fmhandroid/.ui.AppActivity} from uid 10136
09-07 04:33:20.225  2037  2674 W InputReader: Device has associated, but no associated display id.
09-07 04:33:20.227  2037  2674 I chatty  : uid=1000(system) Binder:2037_A identical 38 lines
09-07 04:33:20.227  2037  2674 W InputReader: Device has associated, but no associated display id.
09-07 04:33:20.227 26283 26283 W ActivityThread: handleWindowVisibility: no activity for token android.os.BinderProxy@dce2beb
09-07 04:33:20.227  2037  2674 W InputReader: Device has associated, but no associated display id.
09-07 04:33:20.229  2037  2674 I chatty  : uid=1000(system) Binder:2037_A identical 18 lines
09-07 04:33:20.229  2037  2674 W InputReader: Device has associated, but no associated display id.
09-07 04:33:20.236  2666  2666 I dnsi    : onStop
