09-07 04:33:20.250  1823  2474 E SurfaceFlinger: ro.sf.lcd_density must be defined as a build property
09-07 04:33:20.252  1823  2078 E SurfaceFlinger: ro.sf.lcd_density must be defined as a build property
09-07 04:33:20.256 26283 26381 D libEGL  : Emulator has host GPU support, qemu.gles is set to 1.
09-07 04:33:20.260 26283 26381 W libc    : Unable to set property "qemu.gles" to "1": connection failed; errno=13 (Permission denied)
09-07 04:33:20.265  1823  1823 W SurfaceFlinger: couldn't log to binary event log: overflow.
09-07 04:33:20.265  1823  1823 W SurfaceFlinger: couldn't log to binary event log: overflow.
09-07 04:33:20.245 26283 26283 W RenderThread: type=1400 audit(0.0:283): avc: denied { write } for name="property_service" dev="tmpfs" ino=6988 scontext=u:r:untrusted_app:s0:c136,c256,c512,c768 tcontext=u:object_r:property_socket:s0 tclass=sock_file permissive=0
09-07 04:33:20.290 26283 26283 D LifecycleMonitor: Lifecycle status change: ru.iteco.fmhandroid.ui.AppActivity@bf025f4 in: PRE_ON_CREATE
09-07 04:33:20.290 26283 26283 V ActivityScenario: Activity lifecycle changed event received but ignored because the reported transition was not ON_CREATE while the last known transition was PRE_ON_CREATE
09-07 04:33:20.301 26283 26381 D libEGL  : loaded /vendor/lib/egl/libEGL_emulation.so
09-07 04:33:20.304 26283 26381 D libEGL  : loaded /vendor/lib/egl/libGLESv1_CM_emulation.so
09-07 04:33:20.307 26283 26381 D libEGL  : loaded /vendor/lib/egl/libGLESv2_emulation.so
09-07 04:33:20.309 26283 26317 V FA      : onActivityCreated
09-07 04:33:20.332 26283 26283 W teco.fmhandroi: Accessing hidden method Landroid/view/View;->computeFitSystemWindows(Landroid/graphics/Rect;Landroid/graphics/Rect;)Z (greylist, reflection, allowed)
09-07 04:33:20.333 26283 26283 W teco.fmhandroi: Accessing hidden method Landroid/view/ViewGroup;->makeOptionalFitsSystemWindows()V (greylist, reflection, allowed)
09-07 04:33:20.451 26283 26283 D NetworkSecurityConfig: No Network Security Config specified, using platform default
09-07 04:33:20.460 26283 26283 W teco.fmhandroi: Accessing hidden method Ljava/lang/invoke/MethodHandles$Lookup;-><init>(Ljava/lang/Class;I)V (greylist, reflection, allowed)
09-07 04:33:20.566 26283 26283 D LifecycleMonitor: Lifecycle status change: ru.iteco.fmhandroid.ui.AppActivity@bf025f4 in: CREATED
09-07 04:33:20.566 26283 26283 V ActivityScenario: Update currentActivityStage to CREATED, currentActivity=ru.iteco.fmhandroid.ui.AppActivity@bf025f4
09-07 04:33:20.655 26283 26283 D LifecycleMonitor: Lifecycle status change: ru.iteco.fmhandroid.ui.AppActivity@bf025f4 in: STARTED
09-07 04:33:20.655 26283 26283 V ActivityScenario: Update currentActivityStage to STARTED, currentActivity=ru.iteco.fmhandroid.ui.AppActivity@bf025f4
09-07 04:33:20.657 26283 26283 D LifecycleMonitor: Lifecycle status change: ru.iteco.fmhandroid.ui.AppActivity@bf025f4 in: RESUMED
09-07 04:33:20.658 26283 26283 V ActivityScenario: Update currentActivityStage to RESUMED, currentActivity=ru.iteco.fmhandroid.ui.AppActivity@bf025f4
09-07 04:33:20.663 26283 26327 V FA      : Activity resumed, time: 4124550
09-07 04:33:20.665 26283 26317 W teco.fmhandroi: Accessing hidden method Lsun/misc/Unsafe;->compareAndSwapObject(Ljava/lang/Object;JLjava/lang/Object;Ljava/lang/Object;)Z (greylist, linking, allowed)
09-07 04:33:20.665 26283 26317 W teco.fmhandroi: Accessing hidden method Lsun/misc/Unsafe;->getObject(Ljava/lang/Object;J)Ljava/lang/Object; (greylist, linking, allowed)
09-07 04:33:20.669 26283 26325 W FileTestStorage: Output properties is not supported.
09-07 04:33:20.669 26283 26325 I Tracing : Tracer added: class androidx.test.platform.tracing.AndroidXTracer
09-07 04:33:20.672 26283 26327 I FA      : Tag Manager is not found and thus will not be used
09-07 04:33:20.688 26283 26325 D EventInjectionStrategy: Creating injection strategy with input manager.
09-07 04:33:20.688 26283 26325 W teco.fmhandroi: Accessing hidden method Landroid/hardware/input/InputManager;->getInstance()Landroid/hardware/input/InputManager; (greylist, reflection, allowed)
09-07 04:33:20.688 26283 26325 W teco.fmhandroi: Accessing hidden method Landroid/hardware/input/InputManager;->injectInputEvent(Landroid/view/InputEvent;I)Z (greylist, reflection, allowed)
09-07 04:33:20.688 26283 26325 W teco.fmhandroi: Accessing hidden field Landroid/hardware/input/InputManager;->INJECT_INPUT_EVENT_MODE_WAIT_FOR_FINISH:I (greylist, reflection, allowed)
09-07 04:33:20.708 26283 26379 D HostConnection: HostConnection::get() New Host Connection established 0xda24c460, tid 26379
09-07 04:33:20.715 26283 26379 D HostConnection: HostComposition ext ANDROID_EMU_CHECKSUM_HELPER_v1 ANDROID_EMU_dma_v1 ANDROID_EMU_direct_mem ANDROID_EMU_vulkan ANDROID_EMU_deferred_vulkan_commands ANDROID_EMU_vulkan_null_optional_strings ANDROID_EMU_vulkan_create_resources_with_requirements ANDROID_EMU_YUV420_888_to_NV21 ANDROID_EMU_YUV_Cache ANDROID_EMU_vulkan_free_memory_sync ANDROID_EMU_vulkan_shader_float16_int8 ANDROID_EMU_vulkan_async_queue_submit ANDROID_EMU_sync_buffer_data GL_OES_vertex_array_object GL_KHR_texture_compression_astc_ldr ANDROID_EMU_host_side_tracing ANDROID_EMU_gles_max_version_2 
09-07 04:33:20.726 26283 26379 W OpenGLRenderer: Failed to choose config with EGL_SWAP_BEHAVIOR_PRESERVED, retrying without...
09-07 04:33:20.740 26283 26379 D eglCodecCommon: setVertexArrayObject: set vao to 0 (0) 0 0
09-07 04:33:20.740 26283 26379 D EGL_emulation: eglCreateContext: 0xda21ade0: maj 2 min 0 rcv 2
09-07 04:33:20.767 26283 26379 D EGL_emulation: eglMakeCurrent: 0xda21ade0: ver 2 0 (tinfo 0xda20fa00)
09-07 04:33:20.778  1793  1793 D gralloc_ranchu: gralloc_alloc: Creating ashmem region of size 9113600
09-07 04:33:20.781  1678  1678 I hwservicemanager: getTransport: Cannot find entry android.hardware.graphics.mapper@3.0::IMapper/default in either framework or device manifest.
09-07 04:33:20.781 26283 26379 W Gralloc3: mapper 3.x is not supported
09-07 04:33:20.783 26283 26379 D HostConnection: createUnique: call
09-07 04:33:20.783 26283 26379 D HostConnection: HostConnection::get() New Host Connection established 0xda24c190, tid 26379
09-07 04:33:20.784 26283 26379 D HostConnection: HostComposition ext ANDROID_EMU_CHECKSUM_HELPER_v1 ANDROID_EMU_dma_v1 ANDROID_EMU_direct_mem ANDROID_EMU_vulkan ANDROID_EMU_deferred_vulkan_commands ANDROID_EMU_vulkan_null_optional_strings ANDROID_EMU_vulkan_create_resources_with_requirements ANDROID_EMU_YUV420_888_to_NV21 ANDROID_EMU_YUV_Cache ANDROID_EMU_vulkan_free_memory_sync ANDROID_EMU_vulkan_shader_float16_int8 ANDROID_EMU_vulkan_async_queue_submit ANDROID_EMU_sync_buffer_data GL_OES_vertex_array_object GL_KHR_texture_compression_astc_ldr ANDROID_EMU_host_side_tracing ANDROID_EMU_gles_max_version_2 
09-07 04:33:20.784 26283 26379 D eglCodecCommon: allocate: Ask for block of size 0x1000
09-07 04:33:20.784 26283 26379 D eglCodecCommon: allocate: ioctl allocate returned offset 0x3ff68a000 size 0x2000
09-07 04:33:20.787  1793  1793 D gralloc_ranchu: gralloc_alloc: Creating ashmem region of size 9113600
09-07 04:33:20.790  1793  1793 D gralloc_ranchu: gralloc_alloc: Creating ashmem region of size 9113600
09-07 04:33:20.793 26283 26379 D EGL_emulation: eglMakeCurrent: 0xda21ade0: ver 2 0 (tinfo 0xda20fa00)
09-07 04:33:20.814  7867 26011 V FA-SVC  : Logging event: origin=auto,name=screen_view(_vs),params=Bundle[{ga_event_origin(_o)=auto, ga_screen_class(_sc)=AppActivity, ga_screen_id(_si)=-2352158811223255823}]
09-07 04:33:20.814 26283 26379 D eglCodecCommon: setVertexArrayObject: set vao to 0 (0) 1 0
09-07 04:33:20.835  7867 26011 V FA-SVC  : Upload scheduled in approximately ms: 3238464
09-07 04:33:20.835  7867 26011 V FA-SVC  : Unscheduling upload
09-07 04:33:20.839  7867 26011 V FA-SVC  : Scheduling upload, millis: 3238464
09-07 04:33:20.844  7867 26011 V FA-SVC  : Background event processing time, ms: 31
09-07 04:33:20.881  2037  2065 I ActivityTaskManager: Displayed ru.iteco.fmhandroid/.ui.AppActivity: +1s54ms
09-07 04:33:20.898  2182  2182 W View    : requestLayout() improperly called by com.android.keyguard.AlphaOptimizedLinearLayout{551c6d8 V.E...... ......ID 7,0-48,61 #7f0a041c app:id/wifi_group} during second layout pass: posting in next frame
09-07 04:33:20.919  2182  2182 W View    : requestLayout() improperly called by StatusBarIconView(slot=mobile icon=null notification=null) during layout: running second layout pass
09-07 04:33:20.939 26283 26325 W FileTestStorage: Test input args is not supported.
09-07 04:33:20.953 26283 26283 W teco.fmhandroi: Accessing hidden method Landroid/os/MessageQueue;->next()Landroid/os/Message; (greylist, reflection, allowed)
09-07 04:33:20.953 26283 26283 W teco.fmhandroi: Accessing hidden field Landroid/os/MessageQueue;->mMessages:Landroid/os/Message; (greylist, reflection, allowed)
09-07 04:33:20.953 26283 26283 W teco.fmhandroi: Accessing hidden method Landroid/os/Message;->recycleUnchecked()V (greylist, reflection, allowed)
09-07 04:33:20.953 26283 26325 W teco.fmhandroi: Accessing hidden method Lsun/misc/Unsafe;->getUnsafe()Lsun/misc/Unsafe; (greylist,core-platform-api, linking, allowed)
09-07 04:33:20.954 26283 26325 W teco.fmhandroi: Accessing hidden method Lsun/misc/Unsafe;->putObject(Ljava/lang/Object;JLjava/lang/Object;)V (greylist, linking, allowed)
09-07 04:33:20.963 26283 26387 W teco.fmhandroi: Accessing hidden method Lsun/misc/Unsafe;->compareAndSwapObject(Ljava/lang/Object;JLjava/lang/Object;Ljava/lang/Object;)Z (greylist, linking, allowed)
09-07 04:33:20.963 26283 26387 W teco.fmhandroi: Accessing hidden method Lsun/misc/Unsafe;->getObject(Ljava/lang/Object;J)Ljava/lang/Object; (greylist, linking, allowed)
09-07 04:33:20.970 26283 26283 W teco.fmhandroi: Accessing hidden method Landroid/view/WindowManagerGlobal;->getInstance()Landroid/view/WindowManagerGlobal; (greylist, reflection, allowed)
09-07 04:33:20.970 26283 26283 W teco.fmhandroi: Accessing hidden field Landroid/view/WindowManagerGlobal;->mViews:Ljava/util/ArrayList; (greylist, reflection, allowed)
09-07 04:33:20.971 26283 26283 W teco.fmhandroi: Accessing hidden field Landroid/view/WindowManagerGlobal;->mParams:Ljava/util/ArrayList; (greylist, reflection, allowed)
09-07 04:33:20.979 26283 26283 I ViewInteraction: Performing 'wait for a specific view with <(an instance of android.widget.TextView and view.getText() with or without transformation to match: is "Authorization" and view.getParent() view.getParent() view.getId() is <2131231186>)> during 10000 millis.' action on view view.getRootView() to equal view
09-07 04:33:20.984  2182  2182 W View    : requestLayout() improperly called by com.android.keyguard.AlphaOptimizedLinearLayout{551c6d8 V.E...... ......ID 7,0-48,61 #7f0a041c app:id/wifi_group} during second layout pass: posting in next frame
09-07 04:33:20.988  2182  2182 W View    : requestLayout() improperly called by StatusBarIconView(slot=mobile icon=null notification=null) during layout: running second layout pass
09-07 04:33:21.005  2182  2182 W View    : requestLayout() improperly called by com.android.keyguard.AlphaOptimizedLinearLayout{551c6d8 V.E...... ......ID 7,0-48,61 #7f0a041c app:id/wifi_group} during second layout pass: posting in next frame
09-07 04:33:21.023  2182  2182 W View    : requestLayout() improperly called by StatusBarIconView(slot=mobile icon=null notification=null) during layout: running second layout pass
09-07 04:33:21.048  2182  2182 W View    : requestLayout() improperly called by com.android.keyguard.AlphaOptimizedLinearLayout{551c6d8 V.E...... ......ID 7,0-48,61 #7f0a041c app:id/wifi_group} during second layout pass: posting in next frame
09-07 04:33:21.069  2182  2182 W View    : requestLayout() improperly called by StatusBarIconView(slot=mobile icon=null notification=null) during layout: running second layout pass
09-07 04:33:21.093  2182  2182 W View    : requestLayout() improperly called by com.android.keyguard.AlphaOptimizedLinearLayout{551c6d8 V.E...... ......ID 7,0-48,61 #7f0a041c app:id/wifi_group} during second layout pass: posting in next frame
09-07 04:33:21.117  2182  2182 W View    : requestLayout() improperly called by StatusBarIconView(slot=mobile icon=null notification=null) during layout: running second layout pass
09-07 04:33:21.170  8425  8443 I FontLog : (REDACTED) Received query %s, URI %s
09-07 04:33:21.170  8425  8443 I FontLog : (REDACTED) Query [%s] resolved to %s
09-07 04:33:21.172  8425  8443 I FontLog : (REDACTED) Fetch %s end status %s
09-07 04:33:21.177  8425  8443 I FontLog : (REDACTED) Pulling font file for id = %d, cache size = %d
09-07 04:33:21.181  8425  8443 I FontLog : (REDACTED) Pulling font file for id = %d, cache size = %d
09-07 04:33:21.209  1792  2272 E GnssHAL_GnssInterface: gnssSvStatusCb: a: input svInfo.flags is 8
09-07 04:33:21.209  1792  2272 E GnssHAL_GnssInterface: gnssSvStatusCb: b: input svInfo.flags is 8
09-07 04:33:21.980  2037  2674 D ConnectivityService: requestNetwork for uid/pid:10104/2666 NetworkRequest [ REQUEST id=106, [ Transports: CELLULAR Capabilities: INTERNET&NOT_RESTRICTED&TRUSTED&NOT_VPN Uid: 10104] ]
09-07 04:33:21.981  2037  2143 D WifiNetworkFactory: got request NetworkRequest [ REQUEST id=106, [ Transports: CELLULAR Capabilities: INTERNET&NOT_RESTRICTED&TRUSTED&NOT_VPN Uid: 10104] ] with score 50 and serial 2
09-07 04:33:21.981  2037  2143 D UntrustedWifiNetworkFactory: got request NetworkRequest [ REQUEST id=106, [ Transports: CELLULAR Capabilities: INTERNET&NOT_RESTRICTED&TRUSTED&NOT_VPN Uid: 10104] ] with score 50 and serial 2
09-07 04:33:21.981  2279  2279 D PhoneSwitcherNetworkRequstListener: got request NetworkRequest [ REQUEST id=106, [ Transports: CELLULAR Capabilities: INTERNET&NOT_RESTRICTED&TRUSTED&NOT_VPN Uid: 10104] ] with score 50 and serial 2
09-07 04:33:21.987  1774  1973 I netd    : networkSetPermissionForNetwork(100, 0) <4.34ms>
09-07 04:33:21.996  2037  2146 D ConnectivityService: reportNetworkConnectivity(101, false) by 10104
09-07 04:33:21.997  2244  7178 D NetworkMonitor/101: Forcing reevaluation for UID 10104. Dns signal count: 0
09-07 04:33:22.098  1774  1973 I netd    : trafficSwapActiveStatsMap() <94.85ms>
09-07 04:33:22.103  1774  1973 I netd    : tetherGetStats() <2.28ms>
09-07 04:33:22.137  2244 26395 D NetworkMonitor/101: PROBE_DNS connectivitycheck.gstatic.com 136ms OK 64.233.164.94,2a00:1450:4010:c0f::5e
09-07 04:33:22.209  1792  2272 E GnssHAL_GnssInterface: gnssSvStatusCb: a: input svInfo.flags is 8
09-07 04:33:22.209  1792  2272 E GnssHAL_GnssInterface: gnssSvStatusCb: b: input svInfo.flags is 8
09-07 04:33:22.261  2244 26394 D NetworkMonitor/101: PROBE_DNS www.google.com 262ms OK 173.194.73.105,173.194.73.99,173.194.73.104,173.194.73.103,173.194.73.106,173.194.73.147,2a00:1450:4010:c1c::69,2a00:1450:4010:c1c::63,2a00:1450:4010:c1c::93,2a00:1450:4010:c1c::67
09-07 04:33:22.375  2244 26395 D NetworkMonitor/101: PROBE_HTTP http://connectivitycheck.gstatic.com/generate_204 time=235ms ret=204 request={Connection=[close], User-Agent=[Mozilla/5.0 (X11; Linux x86_64) AppleWebKit/537.36 (KHTML, like Gecko) Chrome/60.0.3112.32 Safari/537.36]} headers={null=[HTTP/1.1 204 No Content], Connection=[close], Content-Length=[0], Cross-Origin-Resource-Policy=[cross-origin], Date=[Thu, 07 Sep 2023 04:33:23 GMT], X-Android-Received-Millis=[1694061202374], X-Android-Response-Source=[NETWORK 204], X-Android-Selected-Protocol=[http/1.1], X-Android-Sent-Millis=[1694061202265]}
09-07 04:33:22.719  2244 26394 D NetworkMonitor/101: PROBE_HTTPS https://www.google.com/generate_204 time=454ms ret=204 request={Connection=[close], User-Agent=[Mozilla/5.0 (X11; Linux x86_64) AppleWebKit/537.36 (KHTML, like Gecko) Chrome/60.0.3112.32 Safari/537.36]} headers={null=[HTTP/1.1 204 No Content], Alt-Svc=[h3=":443"; ma=2592000,h3-29=":443"; ma=2592000], Connection=[close], Content-Length=[0], Cross-Origin-Resource-Policy=[cross-origin], Date=[Thu, 07 Sep 2023 04:33:23 GMT], X-Android-Received-Millis=[1694061202716], X-Android-Response-Source=[NETWORK 204], X-Android-Selected-Protocol=[http/1.1], X-Android-Sent-Millis=[1694061202515]}
09-07 04:33:22.731  2244 26393 D NetworkMonitor/101: isCaptivePortal: isSuccessful()=true isPortal()=false RedirectUrl=null isPartialConnectivity()=false Time=725ms
09-07 04:33:22.732  2037  2066 W BroadcastQueue: Background execution not allowed: receiving Intent { act=android.net.conn.NETWORK_CONDITIONS_MEASURED flg=0x10 (has extras) } to com.google.android.gms/.chimera.GmsIntentOperationService$PersistentTrustedReceiver
09-07 04:33:22.734  2037  2146 D ConnectivityService: NetworkAgentInfo [WIFI () - 101] validation passed
09-07 04:33:22.918  2434  2940 E ActivityThread: Failed to find provider info for com.google.android.apps.wellbeing.api
09-07 04:33:23.210  1792  2272 E GnssHAL_GnssInterface: gnssSvStatusCb: a: input svInfo.flags is 8
09-07 04:33:23.210  1792  2272 E GnssHAL_GnssInterface: gnssSvStatusCb: b: input svInfo.flags is 8
09-07 04:33:23.666 26283 26283 W teco.fmhandroi: Accessing hidden method Lsun/misc/Unsafe;->allocateInstance(Ljava/lang/Class;)Ljava/lang/Object; (greylist, reflection, allowed)
09-07 04:33:23.688 26283 26403 I okhttp.OkHttpClient: --> GET http://www.981757-ca08998.tmweb.ru:8080/fmh/authentication/userInfo
09-07 04:33:23.688 26283 26403 I okhttp.OkHttpClient: --> END GET
09-07 04:33:23.697  1774 26404 E ResolverController: No valid NAT64 prefix (101, <unspecified>/0)
09-07 04:33:24.212  1792  2272 E GnssHAL_GnssInterface: gnssSvStatusCb: a: input svInfo.flags is 8
09-07 04:33:24.212  1792  2272 E GnssHAL_GnssInterface: gnssSvStatusCb: b: input svInfo.flags is 8
09-07 04:33:24.559  2666 26347 W anhg    : (REDACTED) [%s] response code: %d
09-07 04:33:25.211  1792  2272 E GnssHAL_GnssInterface: gnssSvStatusCb: a: input svInfo.flags is 8
09-07 04:33:25.211  1792  2272 E GnssHAL_GnssInterface: gnssSvStatusCb: b: input svInfo.flags is 8
09-07 04:33:25.810 26283 26327 V FA      : Inactivity, disconnecting from the service
09-07 04:33:25.897  8425 26258 E GmsConnectionFactory: UID for network attribution might be misset for tag 536871943 [CONTEXT service_id=39 ]
09-07 04:33:25.897  8425 26258 E GmsConnectionFactory: dbcc: FULL
09-07 04:33:25.897  8425 26258 E GmsConnectionFactory: 	at a.K(:com.google.android.gms@233316031@23.33.16 (100700-560149061):9)
09-07 04:33:25.897  8425 26258 E GmsConnectionFactory: 	at aqvc.a(:com.google.android.gms@233316031@23.33.16 (100700-560149061):148)
09-07 04:33:25.897  8425 26258 E GmsConnectionFactory: 	at atqw.c(:com.google.android.gms@233316031@23.33.16 (100700-560149061):119)
09-07 04:33:25.897  8425 26258 E GmsConnectionFactory: 	at atqm.d(:com.google.android.gms@233316031@23.33.16 (100700-560149061):11)
09-07 04:33:25.897  8425 26258 E GmsConnectionFactory: 	at atqr.a(:com.google.android.gms@233316031@23.33.16 (100700-560149061):4)
09-07 04:33:25.897  8425 26258 E GmsConnectionFactory: 	at atqm.b(:com.google.android.gms@233316031@23.33.16 (100700-560149061):86)
09-07 04:33:25.897  8425 26258 E GmsConnectionFactory: 	at atqm.execute(:com.google.android.gms@233316031@23.33.16 (100700-560149061):8)
09-07 04:33:25.897  8425 26258 E GmsConnectionFactory: 	at atqm.execute(:com.google.android.gms@233316031@23.33.16 (100700-560149061):5)
09-07 04:33:25.897  8425 26258 E GmsConnectionFactory: 	at asbo.h(:com.google.android.gms@233316031@23.33.16 (100700-560149061):517)
09-07 04:33:25.897  8425 26258 E GmsConnectionFactory: 	at asbj.run(:com.google.android.gms@233316031@23.33.16 (100700-560149061):13)
09-07 04:33:25.897  8425 26258 E GmsConnectionFactory: 	at aenj.c(:com.google.android.gms@233316031@23.33.16 (100700-560149061):50)
09-07 04:33:25.897  8425 26258 E GmsConnectionFactory: 	at aenj.run(:com.google.android.gms@233316031@23.33.16 (100700-560149061):76)
09-07 04:33:25.897  8425 26258 E GmsConnectionFactory: 	at java.util.concurrent.ThreadPoolExecutor.runWorker(ThreadPoolExecutor.java:1167)
09-07 04:33:25.897  8425 26258 E GmsConnectionFactory: 	at java.util.concurrent.ThreadPoolExecutor$Worker.run(ThreadPoolExecutor.java:641)
09-07 04:33:25.897  8425 26258 E GmsConnectionFactory: 	at aess.run(:com.google.android.gms@233316031@23.33.16 (100700-560149061):8)
09-07 04:33:25.897  8425 26258 E GmsConnectionFactory: 	at java.lang.Thread.run(Thread.java:919)
09-07 04:33:26.210  1792  2272 E GnssHAL_GnssInterface: gnssSvStatusCb: a: input svInfo.flags is 8
09-07 04:33:26.210  1792  2272 E GnssHAL_GnssInterface: gnssSvStatusCb: b: input svInfo.flags is 8
09-07 04:33:26.322 24995 25073 E FirebaseInstanceId: Token retrieval failed: INVALID_SENDER
09-07 04:33:27.211  1792  2272 E GnssHAL_GnssInterface: gnssSvStatusCb: a: input svInfo.flags is 8
09-07 04:33:27.211  1792  2272 E GnssHAL_GnssInterface: gnssSvStatusCb: b: input svInfo.flags is 8
09-07 04:33:28.211  1792  2272 E GnssHAL_GnssInterface: gnssSvStatusCb: a: input svInfo.flags is 8
09-07 04:33:28.211  1792  2272 E GnssHAL_GnssInterface: gnssSvStatusCb: b: input svInfo.flags is 8
09-07 04:33:29.211  1792  2272 E GnssHAL_GnssInterface: gnssSvStatusCb: a: input svInfo.flags is 8
09-07 04:33:29.211  1792  2272 E GnssHAL_GnssInterface: gnssSvStatusCb: b: input svInfo.flags is 8
09-07 04:33:30.213  1792  2272 E GnssHAL_GnssInterface: gnssSvStatusCb: a: input svInfo.flags is 8
09-07 04:33:30.213  1792  2272 E GnssHAL_GnssInterface: gnssSvStatusCb: b: input svInfo.flags is 8
09-07 04:33:30.816  7867  7867 D BoundBrokerSvc: onUnbind: Intent { act=com.google.android.gms.measurement.START pkg=com.google.android.gms }
09-07 04:33:30.823  2037  2065 E memtrack: Couldn't load memtrack module
09-07 04:33:30.823  2037  2065 W android.os.Debug: failed to get memory consumption info: -1
09-07 04:33:31.025 26283 26283 D takeScreenshot: Found 1 global views to redraw
09-07 04:33:31.060  1793  1793 D gralloc_ranchu: gralloc_alloc: Creating ashmem region of size 9850880
09-07 04:33:31.075  1678  1678 I hwservicemanager: getTransport: Cannot find entry android.hardware.graphics.mapper@3.0::IMapper/default in either framework or device manifest.
09-07 04:33:31.075 26268 26282 W Gralloc3: mapper 3.x is not supported
09-07 04:33:31.080 26268 26282 D HostConnection: createUnique: call
09-07 04:33:31.080 26268 26282 D HostConnection: HostConnection::get() New Host Connection established 0xf13554e0, tid 26282
09-07 04:33:31.082 26268 26282 D HostConnection: HostComposition ext ANDROID_EMU_CHECKSUM_HELPER_v1 ANDROID_EMU_dma_v1 ANDROID_EMU_direct_mem ANDROID_EMU_vulkan ANDROID_EMU_deferred_vulkan_commands ANDROID_EMU_vulkan_null_optional_strings ANDROID_EMU_vulkan_create_resources_with_requirements ANDROID_EMU_YUV420_888_to_NV21 ANDROID_EMU_YUV_Cache ANDROID_EMU_vulkan_free_memory_sync ANDROID_EMU_vulkan_shader_float16_int8 ANDROID_EMU_vulkan_async_queue_submit ANDROID_EMU_sync_buffer_data GL_OES_vertex_array_object GL_KHR_texture_compression_astc_ldr ANDROID_EMU_host_side_tracing ANDROID_EMU_gles_max_version_2 
09-07 04:33:31.082 26268 26282 D eglCodecCommon: allocate: Ask for block of size 0x1000
09-07 04:33:31.082 26268 26282 D eglCodecCommon: allocate: ioctl allocate returned offset 0x3ffff6000 size 0x2000
09-07 04:33:31.088  1823  2474 E SurfaceFlinger: ro.sf.lcd_density must be defined as a build property
09-07 04:33:31.090  1823  2474 E SurfaceFlinger: ro.sf.lcd_density must be defined as a build property
09-07 04:33:31.092 26268 26426 D libEGL  : Emulator has host GPU support, qemu.gles is set to 1.
09-07 04:33:31.098 26268 26426 W libc    : Unable to set property "qemu.gles" to "1": error code: 0x18
09-07 04:33:31.098 26268 26426 D libEGL  : loaded /vendor/lib/egl/libEGL_emulation.so
09-07 04:33:31.099 26268 26426 D libEGL  : loaded /vendor/lib/egl/libGLESv1_CM_emulation.so
09-07 04:33:31.099 26268 26426 D libEGL  : loaded /vendor/lib/egl/libGLESv2_emulation.so
09-07 04:33:31.105 26268 26426 D HostConnection: HostConnection::get() New Host Connection established 0xdc183000, tid 26426
09-07 04:33:31.106 26268 26426 D HostConnection: HostComposition ext ANDROID_EMU_CHECKSUM_HELPER_v1 ANDROID_EMU_dma_v1 ANDROID_EMU_direct_mem ANDROID_EMU_vulkan ANDROID_EMU_deferred_vulkan_commands ANDROID_EMU_vulkan_null_optional_strings ANDROID_EMU_vulkan_create_resources_with_requirements ANDROID_EMU_YUV420_888_to_NV21 ANDROID_EMU_YUV_Cache ANDROID_EMU_vulkan_free_memory_sync ANDROID_EMU_vulkan_shader_float16_int8 ANDROID_EMU_vulkan_async_queue_submit ANDROID_EMU_sync_buffer_data GL_OES_vertex_array_object GL_KHR_texture_compression_astc_ldr ANDROID_EMU_host_side_tracing ANDROID_EMU_gles_max_version_2 
09-07 04:33:31.110 26268 26426 W OpenGLRenderer: Failed to choose config with EGL_SWAP_BEHAVIOR_PRESERVED, retrying without...
09-07 04:33:31.119 26268 26426 D eglCodecCommon: setVertexArrayObject: set vao to 0 (0) 0 0
09-07 04:33:31.119 26268 26426 D EGL_emulation: eglCreateContext: 0xdc128360: maj 2 min 0 rcv 2
09-07 04:33:31.149 26268 26426 D EGL_emulation: eglMakeCurrent: 0xdc128360: ver 2 0 (tinfo 0xdc10f2a0)
09-07 04:33:31.159 26268 26426 D eglCodecCommon: setVertexArrayObject: set vao to 0 (0) 1 0
09-07 04:33:31.185 26283 26325 W DefaultFailureHandler: Failed to take screenshot
09-07 04:33:31.185 26283 26325 W DefaultFailureHandler: java.io.FileNotFoundException: view-op-error-1.png: open failed: EROFS (Read-only file system)
09-07 04:33:31.185 26283 26325 W DefaultFailureHandler: 	at libcore.io.IoBridge.open(IoBridge.java:496)
09-07 04:33:31.185 26283 26325 W DefaultFailureHandler: 	at java.io.FileOutputStream.<init>(FileOutputStream.java:235)
09-07 04:33:31.185 26283 26325 W DefaultFailureHandler: 	at java.io.FileOutputStream.<init>(FileOutputStream.java:125)
09-07 04:33:31.185 26283 26325 W DefaultFailureHandler: 	at androidx.test.platform.io.FileTestStorage.openOutputFile(FileTestStorage.java:60)
09-07 04:33:31.185 26283 26325 W DefaultFailureHandler: 	at androidx.test.core.graphics.BitmapStorage.writeToTestStorage(BitmapStorageExt.kt:49)
09-07 04:33:31.185 26283 26325 W DefaultFailureHandler: 	at androidx.test.espresso.base.DefaultFailureHandler.takeScreenshot(DefaultFailureHandler.java:4)
09-07 04:33:31.185 26283 26325 W DefaultFailureHandler: 	at androidx.test.espresso.base.DefaultFailureHandler.handle(DefaultFailureHandler.java:3)
09-07 04:33:31.185 26283 26325 W DefaultFailureHandler: 	at androidx.test.espresso.ViewInteraction.waitForAndHandleInteractionResults(ViewInteraction.java:8)
09-07 04:33:31.185 26283 26325 W DefaultFailureHandler: 	at androidx.test.espresso.ViewInteraction.desugaredPerform(ViewInteraction.java:11)
09-07 04:33:31.185 26283 26325 W DefaultFailureHandler: 	at androidx.test.espresso.ViewInteraction.perform(ViewInteraction.java:8)
09-07 04:33:31.185 26283 26325 W DefaultFailureHandler: 	at ru.iteco.fmhandroid.ui.data.TestUtils.waitView(TestUtils.java:61)
09-07 04:33:31.185 26283 26325 W DefaultFailureHandler: 	at ru.iteco.fmhandroid.ui.steps.AuthSteps.isAuthScreen(AuthSteps.java:58)
09-07 04:33:31.185 26283 26325 W DefaultFailureHandler: 	at ru.iteco.fmhandroid.ui.MainPageTest.logoutCheck(MainPageTest.java:44)
09-07 04:33:31.185 26283 26325 W DefaultFailureHandler: 	at java.lang.reflect.Method.invoke(Native Method)
09-07 04:33:31.185 26283 26325 W DefaultFailureHandler: 	at org.junit.runners.model.FrameworkMethod$1.runReflectiveCall(FrameworkMethod.java:59)
09-07 04:33:31.185 26283 26325 W DefaultFailureHandler: 	at org.junit.internal.runners.model.ReflectiveCallable.run(ReflectiveCallable.java:12)
09-07 04:33:31.185 26283 26325 W DefaultFailureHandler: 	at org.junit.runners.model.FrameworkMethod.invokeExplosively(FrameworkMethod.java:56)
09-07 04:33:31.185 26283 26325 W DefaultFailureHandler: 	at androidx.test.internal.runner.junit4.statement.RunBefores.evaluate(RunBefores.java:76)
09-07 04:33:31.185 26283 26325 W DefaultFailureHandler: 	at io.qameta.allure.android.rules.ScreenshotRule$apply$1.evaluate(ScreenshotRule.kt:22)
09-07 04:33:31.185 26283 26325 W DefaultFailureHandler: 	at org.junit.rules.ExternalResource$1.evaluate(ExternalResource.java:54)
09-07 04:33:31.185 26283 26325 W DefaultFailureHandler: 	at io.qameta.allure.android.rules.LogcatRule$apply$1.evaluate(LogcatRule.kt:23)
09-07 04:33:31.185 26283 26325 W DefaultFailureHandler: 	at org.junit.rules.RunRules.evaluate(RunRules.java:20)
09-07 04:33:31.185 26283 26325 W DefaultFailureHandler: 	at org.junit.runners.ParentRunner$3.evaluate(ParentRunner.java:306)
09-07 04:33:31.185 26283 26325 W DefaultFailureHandler: 	at org.junit.runners.BlockJUnit4ClassRunner$1.evaluate(BlockJUnit4ClassRunner.java:100)
09-07 04:33:31.185 26283 26325 W DefaultFailureHandler: 	at org.junit.runners.ParentRunner.runLeaf(ParentRunner.java:366)
09-07 04:33:31.185 26283 26325 W DefaultFailureHandler: 	at org.junit.runners.BlockJUnit4ClassRunner.runChild(BlockJUnit4ClassRunner.java:103)
09-07 04:33:31.185 26283 26325 W DefaultFailureHandler: 	at org.junit.runners.BlockJUnit4ClassRunner.runChild(BlockJUnit4ClassRunner.java:63)
09-07 04:33:31.185 26283 26325 W DefaultFailureHandler: 	at org.junit.runners.ParentRunner$4.run(ParentRunner.java:331)
09-07 04:33:31.185 26283 26325 W DefaultFailureHandler: 	at org.junit.runners.ParentRunner$1.schedule(ParentRunner.java:79)
09-07 04:33:31.185 26283 26325 W DefaultFailureHandler: 	at org.junit.runners.ParentRunner.runChildren(ParentRunner.java:329)
09-07 04:33:31.185 26283 26325 W DefaultFailureHandler: 	at org.junit.runners.ParentRunner.access$100(ParentRunner.java:66)
09-07 04:33:31.185 26283 26325 W DefaultFailureHandler: 	at org.junit.runners.ParentRunner$2.evaluate(ParentRunner.java:293)
09-07 04:33:31.185 26283 26325 W DefaultFailureHandler: 	at org.junit.runners.ParentRunner$3.evaluate(ParentRunner.java:306)
09-07 04:33:31.185 26283 26325 W DefaultFailureHandler: 	at org.junit.runners.ParentRunner.run(ParentRunner.java:413)
09-07 04:33:31.185 26283 26325 W DefaultFailureHandler: 	at androidx.test.ext.junit.runners.AndroidJUnit4.run(AndroidJUnit4.java:162)
09-07 04:33:31.185 26283 26325 W DefaultFailureHandler: 	at io.qameta.allure.android.runners.AllureAndroidJUnit4.run(AllureAndroidJUnitRunners.kt:29)
09-07 04:33:31.185 26283 26325 W DefaultFailureHandler: 	at org.junit.runners.Suite.runChild(Suite.java:128)
09-07 04:33:31.185 26283 26325 W DefaultFailureHandler: 	at org.junit.runners.Suite.runChild(Suite.java:27)
09-07 04:33:31.185 26283 26325 W DefaultFailureHandler: 	at org.junit.runners.ParentRunner$4.run(ParentRunner.java:331)
09-07 04:33:31.185 26283 26325 W DefaultFailureHandler: 	at org.junit.runners.ParentRunner$1.schedule(ParentRunner.java:79)
09-07 04:33:31.185 26283 26325 W DefaultFailureHandler: 	at org.junit.runners.ParentRunner.runChildren(ParentRunner.java:329)
09-07 04:33:31.185 26283 26325 W DefaultFailureHandler: 	at org.junit.runners.ParentRunner.access$100(ParentRunner.java:66)
09-07 04:33:31.185 26283 26325 W DefaultFailureHandler: 	at org.junit.runners.ParentRunner$2.evaluate(ParentRunner.java:293)
09-07 04:33:31.185 26283 26325 W DefaultFailureHandler: 	at org.junit.runners.ParentRunner$3.evaluate(ParentRunner.java:306)
09-07 04:33:31.185 26283 26325 W DefaultFailureHandler: 	at org.junit.runners.ParentRunner.run(ParentRunner.java:413)
09-07 04:33:31.185 26283 26325 W DefaultFailureHandler: 	at org.junit.runner.JUnitCore.run(JUnitCore.java:137)
09-07 04:33:31.185 26283 26325 W DefaultFailureHandler: 	at org.junit.runner.JUnitCore.run(JUnitCore.java:115)
09-07 04:33:31.185 26283 26325 W DefaultFailureHandler: 	at androidx.test.internal.runner.TestExecutor.execute(TestExecutor.java:67)
09-07 04:33:31.185 26283 26325 W DefaultFailureHandler: 	at androidx.test.internal.runner.TestExecutor.execute(TestExecutor.java:58)
09-07 04:33:31.185 26283 26325 W DefaultFailureHandler: 	at androidx.test.runner.AndroidJUnitRunner.onStart(AndroidJUnitRunner.java:438)
09-07 04:33:31.185 26283 26325 W DefaultFailureHandler: 	at android.app.Instrumentation$InstrumentationThread.run(Instrumentation.java:2189)
09-07 04:33:31.185 26283 26325 W DefaultFailureHandler: Caused by: android.system.ErrnoException: open failed: EROFS (Read-only file system)
09-07 04:33:31.185 26283 26325 W DefaultFailureHandler: 	at libcore.io.Linux.open(Native Method)
09-07 04:33:31.185 26283 26325 W DefaultFailureHandler: 	at libcore.io.ForwardingOs.open(ForwardingOs.java:167)
09-07 04:33:31.185 26283 26325 W DefaultFailureHandler: 	at libcore.io.BlockGuardOs.open(BlockGuardOs.java:252)
09-07 04:33:31.185 26283 26325 W DefaultFailureHandler: 	at libcore.io.ForwardingOs.open(ForwardingOs.java:167)
09-07 04:33:31.185 26283 26325 W DefaultFailureHandler: 	at android.app.ActivityThread$AndroidOs.open(ActivityThread.java:7255)
09-07 04:33:31.185 26283 26325 W DefaultFailureHandler: 	at libcore.io.IoBridge.open(IoBridge.java:482)
09-07 04:33:31.185 26283 26325 W DefaultFailureHandler: 	... 50 more
09-07 04:33:31.188 26283 26325 W teco.fmhandroi: Accessing hidden method Lsun/misc/Unsafe;->compareAndSwapObject(Ljava/lang/Object;JLjava/lang/Object;Ljava/lang/Object;)Z (greylist, linking, allowed)
09-07 04:33:31.191 26283 26283 I ViewInteraction: Performing 'wait for a specific view with <view.getId() is <2131230870>> during 10000 millis.' action on view view.getRootView() to equal view
09-07 04:33:31.211  1792  2272 E GnssHAL_GnssInterface: gnssSvStatusCb: a: input svInfo.flags is 8
09-07 04:33:31.211  1792  2272 E GnssHAL_GnssInterface: gnssSvStatusCb: b: input svInfo.flags is 8
09-07 04:33:32.213  1792  2272 E GnssHAL_GnssInterface: gnssSvStatusCb: a: input svInfo.flags is 8
09-07 04:33:32.213  1792  2272 E GnssHAL_GnssInterface: gnssSvStatusCb: b: input svInfo.flags is 8
09-07 04:33:32.906  8176  8176 I Finsky  : [2] yxo.onStartJob(132): SCH: job service start with id 9167.
09-07 04:33:32.923  8176  8257 I Finsky  : [592] xty.accept(378): SCH: Scheduling phonesky job Id: 1-1337, CT: 1694057295644, Constraints: [{ L: 30466985, D: 73666985, C: 1, I: 1, N: 1 }]
09-07 04:33:32.924  8176  8257 I Finsky  : [592] xty.accept(378): SCH: Scheduling phonesky job Id: 12-1, CT: 1694061197939, Constraints: [{ L: 15000, D: 86400000, C: 1, I: 1, N: 1 }]
09-07 04:33:32.928  8176  8256 I Finsky  : [591] yew.apply(123): SCH: Scheduling 1 system job(s)
09-07 04:33:32.928  8176  8256 I Finsky  : [591] yvz.d(263): SCH: Scheduling system job Id: 9170, L: 0, D: 69749701, C: false, I: false, N: 1
09-07 04:33:32.933  8176  8176 I Finsky  : [2] yxo.onStartJob(132): SCH: job service start with id 9170.
09-07 04:33:32.939  8176 26432 I Finsky  : [962] yxo.a(17): SCH: job service finished with id 9167.
09-07 04:33:32.943  8176 25902 I Finsky  : [948] yvx.a(769): SCH: Satisfied jobs for 9170 are: 12-1
09-07 04:33:32.943  8176 26432 I Finsky  : [962] ywl.accept(764): SCH: Job 12-1 starting
09-07 04:33:32.944  8176  8176 I Finsky  : [2] ContentSyncJob.v(14): [ContentSync] job started
09-07 04:33:33.043  8176 26433 I Finsky  : [963] tcy.p(41): Completed 0 account content syncs with 0 successful.
09-07 04:33:33.044  8176  8176 I Finsky  : [2] ContentSyncJob.a(14): [ContentSync] Installation state replication succeeded.
09-07 04:33:33.044  8176  8176 I Finsky  : [2] ywb.r(83): SCH: jobFinished: 12-1. TimeElapsed: 100ms.
09-07 04:33:33.054  8176  8250 I Finsky  : [585] xty.accept(378): SCH: Scheduling phonesky job Id: 1-1337, CT: 1694057295644, Constraints: [{ L: 30466985, D: 73666985, C: 1, I: 1, N: 1 }]
09-07 04:33:33.056  8176  8256 I Finsky  : [591] yew.apply(123): SCH: Scheduling 1 system job(s)
09-07 04:33:33.057  8176  8256 I Finsky  : [591] yvz.d(263): SCH: Scheduling system job Id: 9172, L: 26549573, D: 69749573, C: false, I: false, N: 1
09-07 04:33:33.074  8176 26432 I Finsky  : [962] yxo.a(17): SCH: job service finished with id 9170.
09-07 04:33:33.200  8425  8425 D BoundBrokerSvc: onUnbind: Intent { act=com.google.android.gms.nearby.exposurenotification.START dat=chimera-action: cmp=com.google.android.gms/.chimera.PersistentApiServiceNoInstantApps }
09-07 04:33:33.212  1792  2272 E GnssHAL_GnssInterface: gnssSvStatusCb: a: input svInfo.flags is 8
09-07 04:33:33.213  1792  2272 E GnssHAL_GnssInterface: gnssSvStatusCb: b: input svInfo.flags is 8
09-07 04:33:33.229  7867  7867 D BoundBrokerSvc: onUnbind: Intent { act=com.google.android.gms.feedback.internal.IFeedbackService dat=chimera-action: cmp=com.google.android.gms/.chimera.GmsBoundBrokerService }
09-07 04:33:33.243  8425  8425 D BoundBrokerSvc: onUnbind: Intent { act=com.google.android.gms.icing.LIGHTWEIGHT_INDEX_SERVICE dat=chimera-action: cmp=com.google.android.gms/.chimera.PersistentApiService }
09-07 04:33:33.807 26283 26403 I okhttp.OkHttpClient: <-- HTTP FAILED: java.net.SocketTimeoutException: timeout
09-07 04:33:33.809 26283 26283 W System.err: ru.iteco.fmhandroid.exceptions.UnknownException
09-07 04:33:33.810 26283 26283 W System.err: 	at ru.iteco.fmhandroid.repository.userRepository.UserRepositoryImpl.getUserInfo(UserRepositoryImpl.kt:33)
09-07 04:33:33.810 26283 26283 W System.err: 	at ru.iteco.fmhandroid.repository.userRepository.UserRepositoryImpl$getUserInfo$1.invokeSuspend(Unknown Source:14)
09-07 04:33:33.810 26283 26283 W System.err: 	at kotlin.coroutines.jvm.internal.BaseContinuationImpl.resumeWith(ContinuationImpl.kt:33)
09-07 04:33:33.810 26283 26283 W System.err: 	at kotlinx.coroutines.DispatchedTask.run(DispatchedTask.kt:104)
09-07 04:33:33.810 26283 26283 W System.err: 	at android.os.Handler.handleCallback(Handler.java:883)
09-07 04:33:33.810 26283 26283 W System.err: 	at android.os.Handler.dispatchMessage(Handler.java:100)
09-07 04:33:33.810 26283 26283 W System.err: 	at androidx.test.espresso.base.Interrogator.loopAndInterrogate(Interrogator.java:14)
09-07 04:33:33.810 26283 26283 W System.err: 	at androidx.test.espresso.base.UiControllerImpl.loopUntil(UiControllerImpl.java:8)
09-07 04:33:33.810 26283 26283 W System.err: 	at androidx.test.espresso.base.UiControllerImpl.loopUntil(UiControllerImpl.java:1)
09-07 04:33:33.810 26283 26283 W System.err: 	at androidx.test.espresso.base.UiControllerImpl.loopMainThreadForAtLeast(UiControllerImpl.java:7)
09-07 04:33:33.810 26283 26283 W System.err: 	at ru.iteco.fmhandroid.ui.data.ViewActions$1.perform(ViewActions.java:48)
09-07 04:33:33.810 26283 26283 W System.err: 	at androidx.test.espresso.ViewInteraction$SingleExecutionViewAction.perform(ViewInteraction.java:2)
09-07 04:33:33.810 26283 26283 W System.err: 	at androidx.test.espresso.ViewInteraction.doPerform(ViewInteraction.java:25)
09-07 04:33:33.810 26283 26283 W System.err: 	at androidx.test.espresso.ViewInteraction.-$$Nest$mdoPerform(Unknown Source:0)
09-07 04:33:33.810 26283 26283 W System.err: 	at androidx.test.espresso.ViewInteraction$1.call(ViewInteraction.java:7)
09-07 04:33:33.810 26283 26283 W System.err: 	at androidx.test.espresso.ViewInteraction$1.call(ViewInteraction.java:1)
09-07 04:33:33.810 26283 26283 W System.err: 	at java.util.concurrent.FutureTask.run(FutureTask.java:266)
09-07 04:33:33.810 26283 26283 W System.err: 	at android.os.Handler.handleCallback(Handler.java:883)
09-07 04:33:33.810 26283 26283 W System.err: 	at android.os.Handler.dispatchMessage(Handler.java:100)
09-07 04:33:33.810 26283 26283 W System.err: 	at android.os.Looper.loop(Looper.java:214)
09-07 04:33:33.810 26283 26283 W System.err: 	at android.app.ActivityThread.main(ActivityThread.java:7356)
09-07 04:33:33.810 26283 26283 W System.err: 	at java.lang.reflect.Method.invoke(Native Method)
09-07 04:33:33.810 26283 26283 W System.err: 	at com.android.internal.os.RuntimeInit$MethodAndArgsCaller.run(RuntimeInit.java:492)
09-07 04:33:33.810 26283 26283 W System.err: 	at com.android.internal.os.ZygoteInit.main(ZygoteInit.java:930)
09-07 04:33:34.213  1792  2272 E GnssHAL_GnssInterface: gnssSvStatusCb: a: input svInfo.flags is 8
09-07 04:33:34.213  1792  2272 E GnssHAL_GnssInterface: gnssSvStatusCb: b: input svInfo.flags is 8
09-07 04:33:34.604  2666  2666 I brdd    : (REDACTED) disposing SearchServiceClient after timeout %s
09-07 04:33:35.211  1792  2272 E GnssHAL_GnssInterface: gnssSvStatusCb: a: input svInfo.flags is 8
09-07 04:33:35.211  1792  2272 E GnssHAL_GnssInterface: gnssSvStatusCb: b: input svInfo.flags is 8
09-07 04:33:35.312  7867  7867 D BoundBrokerSvc: onUnbind: Intent { act=com.google.android.gms.inappreach.service.START dat=chimera-action: cmp=com.google.android.gms/.chimera.GmsApiService }
09-07 04:33:35.910  2037  2065 E memtrack: Couldn't load memtrack module
09-07 04:33:35.910  2037  2065 W android.os.Debug: failed to get memory consumption info: -1
09-07 04:33:35.914  2037  2065 E memtrack: Couldn't load memtrack module
09-07 04:33:35.914  2037  2065 W android.os.Debug: failed to get memory consumption info: -1
09-07 04:33:35.919  2037  2065 E memtrack: Couldn't load memtrack module
09-07 04:33:35.919  2037  2065 W android.os.Debug: failed to get memory consumption info: -1
09-07 04:33:36.213  1792  2272 E GnssHAL_GnssInterface: gnssSvStatusCb: a: input svInfo.flags is 8
09-07 04:33:36.213  1792  2272 E GnssHAL_GnssInterface: gnssSvStatusCb: b: input svInfo.flags is 8
09-07 04:33:37.213  1792  2272 E GnssHAL_GnssInterface: gnssSvStatusCb: a: input svInfo.flags is 8
09-07 04:33:37.213  1792  2272 E GnssHAL_GnssInterface: gnssSvStatusCb: b: input svInfo.flags is 8
09-07 04:33:38.212  1792  2272 E GnssHAL_GnssInterface: gnssSvStatusCb: a: input svInfo.flags is 8
09-07 04:33:38.212  1792  2272 E GnssHAL_GnssInterface: gnssSvStatusCb: b: input svInfo.flags is 8
09-07 04:33:39.213  1792  2272 E GnssHAL_GnssInterface: gnssSvStatusCb: a: input svInfo.flags is 8
09-07 04:33:39.213  1792  2272 E GnssHAL_GnssInterface: gnssSvStatusCb: b: input svInfo.flags is 8
09-07 04:33:40.213  1792  2272 E GnssHAL_GnssInterface: gnssSvStatusCb: a: input svInfo.flags is 8
09-07 04:33:40.214  1792  2272 E GnssHAL_GnssInterface: gnssSvStatusCb: b: input svInfo.flags is 8
09-07 04:33:41.204 26283 26283 D takeScreenshot: Found 1 global views to redraw
09-07 04:33:41.212  1792  2272 E GnssHAL_GnssInterface: gnssSvStatusCb: a: input svInfo.flags is 8
09-07 04:33:41.212  1792  2272 E GnssHAL_GnssInterface: gnssSvStatusCb: b: input svInfo.flags is 8
09-07 04:33:41.360  2037  2065 E memtrack: Couldn't load memtrack module
09-07 04:33:41.360  2037  2065 W android.os.Debug: failed to get memory consumption info: -1
09-07 04:33:41.363  2037  2065 E memtrack: Couldn't load memtrack module
09-07 04:33:41.363  2037  2065 W android.os.Debug: failed to get memory consumption info: -1
09-07 04:33:41.725  1793  1793 D gralloc_ranchu: gralloc_alloc: Creating ashmem region of size 9850880
09-07 04:33:41.767 26283 26325 W DefaultFailureHandler: Failed to take screenshot
09-07 04:33:41.767 26283 26325 W DefaultFailureHandler: java.io.FileNotFoundException: view-op-error-2.png: open failed: EROFS (Read-only file system)
09-07 04:33:41.767 26283 26325 W DefaultFailureHandler: 	at libcore.io.IoBridge.open(IoBridge.java:496)
09-07 04:33:41.767 26283 26325 W DefaultFailureHandler: 	at java.io.FileOutputStream.<init>(FileOutputStream.java:235)
09-07 04:33:41.767 26283 26325 W DefaultFailureHandler: 	at java.io.FileOutputStream.<init>(FileOutputStream.java:125)
09-07 04:33:41.767 26283 26325 W DefaultFailureHandler: 	at androidx.test.platform.io.FileTestStorage.openOutputFile(FileTestStorage.java:60)
09-07 04:33:41.767 26283 26325 W DefaultFailureHandler: 	at androidx.test.core.graphics.BitmapStorage.writeToTestStorage(BitmapStorageExt.kt:49)
09-07 04:33:41.767 26283 26325 W DefaultFailureHandler: 	at androidx.test.espresso.base.DefaultFailureHandler.takeScreenshot(DefaultFailureHandler.java:4)
09-07 04:33:41.767 26283 26325 W DefaultFailureHandler: 	at androidx.test.espresso.base.DefaultFailureHandler.handle(DefaultFailureHandler.java:3)
09-07 04:33:41.767 26283 26325 W DefaultFailureHandler: 	at androidx.test.espresso.ViewInteraction.waitForAndHandleInteractionResults(ViewInteraction.java:8)
09-07 04:33:41.767 26283 26325 W DefaultFailureHandler: 	at androidx.test.espresso.ViewInteraction.desugaredPerform(ViewInteraction.java:11)
09-07 04:33:41.767 26283 26325 W DefaultFailureHandler: 	at androidx.test.espresso.ViewInteraction.perform(ViewInteraction.java:8)
09-07 04:33:41.767 26283 26325 W DefaultFailureHandler: 	at ru.iteco.fmhandroid.ui.data.TestUtils.waitView(TestUtils.java:61)
09-07 04:33:41.767 26283 26325 W DefaultFailureHandler: 	at ru.iteco.fmhandroid.ui.steps.MainPageSteps.clickLogOutBut(MainPageSteps.java:57)
09-07 04:33:41.767 26283 26325 W DefaultFailureHandler: 	at ru.iteco.fmhandroid.ui.MainPageTest.logoutCheck(MainPageTest.java:46)
09-07 04:33:41.767 26283 26325 W DefaultFailureHandler: 	at java.lang.reflect.Method.invoke(Native Method)
09-07 04:33:41.767 26283 26325 W DefaultFailureHandler: 	at org.junit.runners.model.FrameworkMethod$1.runReflectiveCall(FrameworkMethod.java:59)
09-07 04:33:41.767 26283 26325 W DefaultFailureHandler: 	at org.junit.internal.runners.model.ReflectiveCallable.run(ReflectiveCallable.java:12)
09-07 04:33:41.767 26283 26325 W DefaultFailureHandler: 	at org.junit.runners.model.FrameworkMethod.invokeExplosively(FrameworkMethod.java:56)
09-07 04:33:41.767 26283 26325 W DefaultFailureHandler: 	at androidx.test.internal.runner.junit4.statement.RunBefores.evaluate(RunBefores.java:76)
09-07 04:33:41.767 26283 26325 W DefaultFailureHandler: 	at io.qameta.allure.android.rules.ScreenshotRule$apply$1.evaluate(ScreenshotRule.kt:22)
09-07 04:33:41.767 26283 26325 W DefaultFailureHandler: 	at org.junit.rules.ExternalResource$1.evaluate(ExternalResource.java:54)
09-07 04:33:41.767 26283 26325 W DefaultFailureHandler: 	at io.qameta.allure.android.rules.LogcatRule$apply$1.evaluate(LogcatRule.kt:23)
09-07 04:33:41.767 26283 26325 W DefaultFailureHandler: 	at org.junit.rules.RunRules.evaluate(RunRules.java:20)
09-07 04:33:41.767 26283 26325 W DefaultFailureHandler: 	at org.junit.runners.ParentRunner$3.evaluate(ParentRunner.java:306)
09-07 04:33:41.767 26283 26325 W DefaultFailureHandler: 	at org.junit.runners.BlockJUnit4ClassRunner$1.evaluate(BlockJUnit4ClassRunner.java:100)
09-07 04:33:41.767 26283 26325 W DefaultFailureHandler: 	at org.junit.runners.ParentRunner.runLeaf(ParentRunner.java:366)
09-07 04:33:41.767 26283 26325 W DefaultFailureHandler: 	at org.junit.runners.BlockJUnit4ClassRunner.runChild(BlockJUnit4ClassRunner.java:103)
09-07 04:33:41.767 26283 26325 W DefaultFailureHandler: 	at org.junit.runners.BlockJUnit4ClassRunner.runChild(BlockJUnit4ClassRunner.java:63)
09-07 04:33:41.767 26283 26325 W DefaultFailureHandler: 	at org.junit.runners.ParentRunner$4.run(ParentRunner.java:331)
09-07 04:33:41.767 26283 26325 W DefaultFailureHandler: 	at org.junit.runners.ParentRunner$1.schedule(ParentRunner.java:79)
09-07 04:33:41.767 26283 26325 W DefaultFailureHandler: 	at org.junit.runners.ParentRunner.runChildren(ParentRunner.java:329)
09-07 04:33:41.767 26283 26325 W DefaultFailureHandler: 	at org.junit.runners.ParentRunner.access$100(ParentRunner.java:66)
09-07 04:33:41.767 26283 26325 W DefaultFailureHandler: 	at org.junit.runners.ParentRunner$2.evaluate(ParentRunner.java:293)
09-07 04:33:41.767 26283 26325 W DefaultFailureHandler: 	at org.junit.runners.ParentRunner$3.evaluate(ParentRunner.java:306)
09-07 04:33:41.767 26283 26325 W DefaultFailureHandler: 	at org.junit.runners.ParentRunner.run(ParentRunner.java:413)
09-07 04:33:41.767 26283 26325 W DefaultFailureHandler: 	at androidx.test.ext.junit.runners.AndroidJUnit4.run(AndroidJUnit4.java:162)
09-07 04:33:41.767 26283 26325 W DefaultFailureHandler: 	at io.qameta.allure.android.runners.AllureAndroidJUnit4.run(AllureAndroidJUnitRunners.kt:29)
09-07 04:33:41.767 26283 26325 W DefaultFailureHandler: 	at org.junit.runners.Suite.runChild(Suite.java:128)
09-07 04:33:41.767 26283 26325 W DefaultFailureHandler: 	at org.junit.runners.Suite.runChild(Suite.java:27)
09-07 04:33:41.767 26283 26325 W DefaultFailureHandler: 	at org.junit.runners.ParentRunner$4.run(ParentRunner.java:331)
09-07 04:33:41.767 26283 26325 W DefaultFailureHandler: 	at org.junit.runners.ParentRunner$1.schedule(ParentRunner.java:79)
09-07 04:33:41.767 26283 26325 W DefaultFailureHandler: 	at org.junit.runners.ParentRunner.runChildren(ParentRunner.java:329)
09-07 04:33:41.767 26283 26325 W DefaultFailureHandler: 	at org.junit.runners.ParentRunner.access$100(ParentRunner.java:66)
09-07 04:33:41.767 26283 26325 W DefaultFailureHandler: 	at org.junit.runners.ParentRunner$2.evaluate(ParentRunner.java:293)
09-07 04:33:41.767 26283 26325 W DefaultFailureHandler: 	at org.junit.runners.ParentRunner$3.evaluate(ParentRunner.java:306)
09-07 04:33:41.767 26283 26325 W DefaultFailureHandler: 	at org.junit.runners.ParentRunner.run(ParentRunner.java:413)
09-07 04:33:41.767 26283 26325 W DefaultFailureHandler: 	at org.junit.runner.JUnitCore.run(JUnitCore.java:137)
09-07 04:33:41.767 26283 26325 W DefaultFailureHandler: 	at org.junit.runner.JUnitCore.run(JUnitCore.java:115)
09-07 04:33:41.767 26283 26325 W DefaultFailureHandler: 	at androidx.test.internal.runner.TestExecutor.execute(TestExecutor.java:67)
09-07 04:33:41.767 26283 26325 W DefaultFailureHandler: 	at androidx.test.internal.runner.TestExecutor.execute(TestExecutor.java:58)
09-07 04:33:41.767 26283 26325 W DefaultFailureHandler: 	at androidx.test.runner.AndroidJUnitRunner.onStart(AndroidJUnitRunner.java:438)
09-07 04:33:41.767 26283 26325 W DefaultFailureHandler: 	at android.app.Instrumentation$InstrumentationThread.run(Instrumentation.java:2189)
09-07 04:33:41.767 26283 26325 W DefaultFailureHandler: Caused by: android.system.ErrnoException: open failed: EROFS (Read-only file system)
09-07 04:33:41.767 26283 26325 W DefaultFailureHandler: 	at libcore.io.Linux.open(Native Method)
09-07 04:33:41.767 26283 26325 W DefaultFailureHandler: 	at libcore.io.ForwardingOs.open(ForwardingOs.java:167)
09-07 04:33:41.767 26283 26325 W DefaultFailureHandler: 	at libcore.io.BlockGuardOs.open(BlockGuardOs.java:252)
09-07 04:33:41.767 26283 26325 W DefaultFailureHandler: 	at libcore.io.ForwardingOs.open(ForwardingOs.java:167)
