--------- beginning of system
09-07 03:42:34.052  2037  2055 I ActivityManager: Force stopping ru.iteco.fmhandroid appid=10136 user=0: from pid 12329
--------- beginning of main
09-07 03:42:34.061  2279  2279 D CarrierSvcBindHelper: No carrier app for: 0
09-07 03:42:34.074  9734  9734 I studio.deploy: Received request 'dump'
09-07 03:42:34.135  2037  2055 I ActivityManager: Force stopping ru.iteco.fmhandroid appid=10136 user=0: from pid 12347
09-07 03:42:34.147  2279  2279 D CarrierSvcBindHelper: No carrier app for: 0
09-07 03:42:34.176  9734  9734 I studio.deploy: Received request 'dump'
09-07 03:42:34.253  9734  9734 I studio.deploy: Received request 'deltainstall'
09-07 03:42:34.359  2037  2080 W PackageParser: Unknown element under <manifest>: queries at /data/app/vmdl1072927335.tmp/base.apk Binary XML file line #16
09-07 03:42:34.360  2037  2080 I PackageManager: Update package ru.iteco.fmhandroid.test code path from /data/app/ru.iteco.fmhandroid.test-g5ZQTcQpt4qesiU_-foE7g== to /data/app/ru.iteco.fmhandroid.test-ospbJujTB7j7zCJrDZjFgQ==; Retain data and using new
09-07 03:42:34.360  2037  2080 I PackageManager: Update package ru.iteco.fmhandroid.test resource path from /data/app/ru.iteco.fmhandroid.test-g5ZQTcQpt4qesiU_-foE7g== to /data/app/ru.iteco.fmhandroid.test-ospbJujTB7j7zCJrDZjFgQ==; Retain data and using new
09-07 03:42:34.385  2037  2080 I PackageManager: Un-granting permission android.permission.MANAGE_DOCUMENTS from package com.google.android.youtube (protectionLevel=262146 flags=0x30dbbe45)
09-07 03:42:34.385  2037  2080 I PackageManager: Un-granting permission android.permission.INTERACT_ACROSS_PROFILES from package com.google.android.googlequicksearchbox (protectionLevel=18 flags=0x28dbbec5)
09-07 03:42:34.385  2037  2080 I PackageManager: Un-granting permission android.permission.MANAGE_SOUND_TRIGGER from package com.google.android.googlequicksearchbox (protectionLevel=18 flags=0x28dbbec5)
09-07 03:42:34.385  2037  2080 I PackageManager: Un-granting permission android.permission.MANAGE_USB from package com.google.android.googlequicksearchbox (protectionLevel=18 flags=0x28dbbec5)
09-07 03:42:34.385  2037  2080 I PackageManager: Un-granting permission android.permission.CONTROL_INCALL_EXPERIENCE from package com.google.android.googlequicksearchbox (protectionLevel=18 flags=0x28dbbec5)
09-07 03:42:34.385  2037  2080 I PackageManager: Un-granting permission android.permission.WRITE_APN_SETTINGS from package com.google.android.googlequicksearchbox (protectionLevel=18 flags=0x28dbbec5)
09-07 03:42:34.385  2037  2080 I PackageManager: Un-granting permission android.permission.SUBSTITUTE_SHARE_TARGET_APP_NAME_AND_ICON from package com.google.android.googlequicksearchbox (protectionLevel=18 flags=0x28dbbec5)
09-07 03:42:34.385  2037  2080 I PackageManager: Un-granting permission com.google.android.googleapps.permission.GOOGLE_AUTH from package com.android.providers.calendar (protectionLevel=2 flags=0x30883e45)
09-07 03:42:34.385  2037  2080 I PackageManager: Un-granting permission com.google.android.googleapps.permission.GOOGLE_AUTH.cl from package com.android.providers.calendar (protectionLevel=2 flags=0x30883e45)
09-07 03:42:34.386  2037  2080 I PackageManager: Un-granting permission android.permission.WRITE_SECURE_SETTINGS from package com.google.android.apps.enterprise.dmagent (protectionLevel=50 flags=0x30083e05)
09-07 03:42:34.386  2037  2080 I PackageManager: Un-granting permission android.permission.CONNECTIVITY_INTERNAL from package com.google.android.apps.enterprise.dmagent (protectionLevel=18 flags=0x30083e05)
09-07 03:42:34.386  2037  2080 I PackageManager: Un-granting permission android.permission.MANAGE_USB from package com.google.android.apps.enterprise.dmagent (protectionLevel=18 flags=0x30083e05)
09-07 03:42:34.386  2037  2080 I PackageManager: Un-granting permission android.permission.CHANGE_COMPONENT_ENABLED_STATE from package com.google.android.apps.enterprise.dmagent (protectionLevel=18 flags=0x30083e05)
09-07 03:42:34.386  2037  2080 I PackageManager: Un-granting permission android.permission.MANAGE_CA_CERTIFICATES from package com.google.android.apps.enterprise.dmagent (protectionLevel=18 flags=0x30083e05)
09-07 03:42:34.386  2037  2080 I PackageManager: Un-granting permission android.permission.MANAGE_USERS from package com.google.android.apps.enterprise.dmagent (protectionLevel=18 flags=0x30083e05)
09-07 03:42:34.386  2037  2080 I PackageManager: Un-granting permission com.google.android.setupwizard.READ_DEVICE_ORIGIN from package com.google.android.apps.messaging (protectionLevel=18 flags=0x38cbbe45)
09-07 03:42:34.386  2037  2080 I PackageManager: Un-granting permission android.permission.HIDE_NON_SYSTEM_OVERLAY_WINDOWS from package com.android.vending (protectionLevel=258 flags=0x28cabec5)
09-07 03:42:34.386  2037  2080 I PackageManager: Un-granting permission android.permission.SEND_DOWNLOAD_COMPLETED_INTENTS from package com.android.vending (protectionLevel=2 flags=0x28cabec5)
09-07 03:42:34.386  2037  2080 I PackageManager: Un-granting permission android.permission.BIND_WALLPAPER from package com.android.camera2 (protectionLevel=18 flags=0x20d8bc45)
09-07 03:42:34.386  2037  2080 I PackageManager: Un-granting permission android.permission.REQUEST_INSTALL_PACKAGES from package com.google.android.gm (protectionLevel=66 flags=0x38cbbe45)
09-07 03:42:34.387  2037  2080 I PackageManager: Un-granting permission android.permission.BIND_JOB_SERVICE from package com.google.android.music (protectionLevel=2 flags=0x38cbbe65)
09-07 03:42:34.387  2037  2080 I PackageManager: Un-granting permission android.permission.CONNECTIVITY_USE_RESTRICTED_NETWORKS from package com.google.android.captiveportallogin (protectionLevel=18 flags=0x38c8be45)
09-07 03:42:34.387  2037  2080 I PackageManager: Un-granting permission android.permission.NETWORK_BYPASS_PRIVATE_DNS from package com.google.android.captiveportallogin (protectionLevel=2 flags=0x38c8be45)
09-07 03:42:34.387  2037  2080 I PackageManager: Un-granting permission android.permission.REQUEST_INSTALL_PACKAGES from package com.google.android.apps.docs (protectionLevel=66 flags=0x38cbbe45)
09-07 03:42:34.387  2037  2080 I PackageManager: Un-granting permission android.permission.INTERACT_ACROSS_USERS from package com.google.android.syncadapters.contacts (protectionLevel=50 flags=0x20883e45)
09-07 03:42:34.387  2037  2080 I PackageManager: Un-granting permission android.permission.REQUEST_INSTALL_PACKAGES from package com.android.chrome (protectionLevel=66 flags=0xa0cbbe45)
09-07 03:42:34.387  2037  2080 I PackageManager: Un-granting permission android.permission.WRITE_EMBEDDED_SUBSCRIPTIONS from package com.google.android.gms (protectionLevel=50 flags=0xa0cabec5)
09-07 03:42:34.387  2037  2080 I PackageManager: Un-granting permission android.permission.CAPTURE_VIDEO_OUTPUT from package com.google.android.gms (protectionLevel=2 flags=0xa0cabec5)
09-07 03:42:34.387  2037  2080 I PackageManager: Un-granting permission android.permission.FORCE_STOP_PACKAGES from package com.google.android.gms (protectionLevel=18 flags=0xa0cabec5)
09-07 03:42:34.388  2037  2080 I PackageManager: Un-granting permission android.permission.MODIFY_DEFAULT_AUDIO_EFFECTS from package com.google.android.gms (protectionLevel=18 flags=0xa0cabec5)
09-07 03:42:34.388  2037  2080 I PackageManager: Un-granting permission android.permission.MANAGE_DEVICE_ADMINS from package com.google.android.gms (protectionLevel=2 flags=0xa0cabec5)
09-07 03:42:34.388  2037  2080 I PackageManager: Un-granting permission android.permission.MANAGE_ACTIVITY_STACKS from package com.google.android.gms (protectionLevel=2 flags=0xa0cabec5)
09-07 03:42:34.388  2037  2080 I PackageManager: Un-granting permission android.permission.CAPTURE_SECURE_VIDEO_OUTPUT from package com.google.android.gms (protectionLevel=2 flags=0xa0cabec5)
09-07 03:42:34.389  2037  2080 I PackageManager: Un-granting permission android.permission.MANAGE_ROLLBACKS from package com.google.android.gms (protectionLevel=514 flags=0xa0cabec5)
09-07 03:42:34.389  2037  2080 I PackageManager: Un-granting permission android.permission.MEDIA_CONTENT_CONTROL from package com.google.android.gms (protectionLevel=18 flags=0xa0cabec5)
09-07 03:42:34.389  2037  2080 I PackageManager: Un-granting permission android.permission.HIDE_NON_SYSTEM_OVERLAY_WINDOWS from package com.google.android.gms (protectionLevel=258 flags=0xa0cabec5)
09-07 03:42:34.389  2037  2080 I PackageManager: Un-granting permission com.google.android.googleapps.permission.GOOGLE_AUTH from package com.google.android.videos (protectionLevel=2 flags=0x30dbbe45)
09-07 03:42:34.389  2037  2080 I PackageManager: Un-granting permission android.permission.WRITE_MEDIA_STORAGE from package com.google.android.apps.photos (protectionLevel=18 flags=0x38d9be45)
09-07 03:42:34.458  2689  2689 I GsaVoiceInteractionSrv: (REDACTED) O received %s
09-07 03:42:34.459  8176  8176 I Finsky  : [2] vms.g(1): vms - Received: android.intent.action.PACKAGE_REMOVED, [JKgrAT7ZrU_atynDxHtFKlznxOwkruuqzdx-Cu5fTVw]
09-07 03:42:34.476  8176 12374 I Finsky  : [762] pth.accept(76): IQ: handled package removed
09-07 03:42:34.480  8176 12372 I Finsky  : [760] oll.run(296): Wrote row to frosting DB: 1636
09-07 03:42:34.495  8176  8256 I Finsky  : [591] jnn.a(53): AIM: AppInfoManager-Perf > OnDeviceAppInfo > cacheHitCount=0, cacheMissCount=1. Missed  in cache (limit 10) : [ru.iteco.fmhandroid.test]
09-07 03:42:34.499  8176  8176 I Finsky  : [2] vms.g(1): vms - Received: android.intent.action.PACKAGE_ADDED, [JKgrAT7ZrU_atynDxHtFKlznxOwkruuqzdx-Cu5fTVw]
09-07 03:42:34.502  2037  2066 W BroadcastQueue: Background execution not allowed: receiving Intent { act=android.intent.action.PACKAGE_REMOVED dat=package:ru.iteco.fmhandroid.test flg=0x4000010 (has extras) } to com.android.musicfx/.Compatibility$Receiver
09-07 03:42:34.502  8176 12372 I Finsky  : [760] oll.run(296): Wrote row to frosting DB: 1637
09-07 03:42:34.503  2037  2066 W BroadcastQueue: Background execution not allowed: receiving Intent { act=android.intent.action.PACKAGE_REMOVED dat=package:ru.iteco.fmhandroid.test flg=0x4000010 (has extras) } to com.android.vending/com.google.android.finsky.packagemonitor.impl.PackageMonitorReceiverImpl$RegisteredReceiver
09-07 03:42:34.503  2037  2066 W BroadcastQueue: Background execution not allowed: receiving Intent { act=android.intent.action.PACKAGE_REMOVED dat=package:ru.iteco.fmhandroid.test flg=0x4000010 (has extras) } to com.android.vending/com.google.android.finsky.packagemonitor.backgroundimpl.BackgroundPackageMonitorReceiverImpl$RegisteredReceiver
09-07 03:42:34.508  8176  8256 I Finsky  : [591] jlf.apply(886): AIM: Got app ownership map. App counts: . Unique apps: 0
09-07 03:42:34.517  2037  8423 I system_server: IncrementDisableThreadFlip blocked for 5.678ms
09-07 03:42:34.518  2689  2689 I GsaVoiceInteractionSrv: (REDACTED) O received %s
09-07 03:42:34.535  2434  2940 E ActivityThread: Failed to find provider info for com.google.android.apps.wellbeing.api
09-07 03:42:34.540  2037  2066 W BroadcastQueue: Background execution not allowed: receiving Intent { act=android.intent.action.PACKAGE_REMOVED dat=package:ru.iteco.fmhandroid.test flg=0x4000010 (has extras) } to com.android.vending/com.google.android.finsky.instantapps.appmanagement.InstantAppRemoveMonitor
09-07 03:42:34.541  2037  2066 W BroadcastQueue: Background execution not allowed: receiving Intent { act=android.intent.action.PACKAGE_REMOVED dat=package:ru.iteco.fmhandroid.test flg=0x4000010 (has extras) } to com.google.android.gms/.games.chimera.GamesSystemBroadcastReceiverProxy
09-07 03:42:34.541  2037  2066 W BroadcastQueue: Background execution not allowed: receiving Intent { act=android.intent.action.PACKAGE_REMOVED dat=package:ru.iteco.fmhandroid.test flg=0x4000010 (has extras) } to com.google.android.gms/.chimera.GmsIntentOperationService$PersistentTrustedReceiver
09-07 03:42:34.524  2689  2689 I GsaVoiceInteractionSrv: (REDACTED) O received %s
09-07 03:42:34.548  8176 12372 I Finsky  : [760] oll.run(296): Wrote row to frosting DB: 1638
09-07 03:42:34.548  2037  2066 W BroadcastQueue: Background execution not allowed: receiving Intent { act=android.intent.action.PACKAGE_ADDED dat=package:ru.iteco.fmhandroid.test flg=0x4000010 (has extras) } to com.google.android.packageinstaller/com.android.packageinstaller.PackageInstalledReceiver
09-07 03:42:34.548  2037  2066 W BroadcastQueue: Background execution not allowed: receiving Intent { act=android.intent.action.PACKAGE_ADDED dat=package:ru.iteco.fmhandroid.test flg=0x4000010 (has extras) } to com.android.musicfx/.Compatibility$Receiver
09-07 03:42:34.549  2037  2066 W BroadcastQueue: Background execution not allowed: receiving Intent { act=android.intent.action.PACKAGE_ADDED dat=package:ru.iteco.fmhandroid.test flg=0x4000010 (has extras) } to com.android.vending/com.google.android.finsky.packagemonitor.impl.PackageMonitorReceiverImpl$RegisteredReceiver
09-07 03:42:34.549  2037  2066 W BroadcastQueue: Background execution not allowed: receiving Intent { act=android.intent.action.PACKAGE_ADDED dat=package:ru.iteco.fmhandroid.test flg=0x4000010 (has extras) } to com.android.vending/com.google.android.finsky.packagemonitor.backgroundimpl.BackgroundPackageMonitorReceiverImpl$RegisteredReceiver
09-07 03:42:34.555  8176  8257 I Finsky  : [592] jnn.a(53): AIM: AppInfoManager-Perf > OnDeviceAppInfo > cacheHitCount=0, cacheMissCount=1. Missed  in cache (limit 10) : [ru.iteco.fmhandroid.test]
09-07 03:42:34.556  8176  8176 I Finsky  : [2] qos.akj(13): DTU: Received onPackageAdded, replacing: true
09-07 03:42:34.558  2037  2066 W BroadcastQueue: Background execution not allowed: receiving Intent { act=android.intent.action.PACKAGE_ADDED dat=package:ru.iteco.fmhandroid.test flg=0x4000010 (has extras) } to com.google.android.gms/.games.chimera.GamesSystemBroadcastReceiverProxy
09-07 03:42:34.558  2037  2066 W BroadcastQueue: Background execution not allowed: receiving Intent { act=android.intent.action.PACKAGE_ADDED dat=package:ru.iteco.fmhandroid.test flg=0x4000010 (has extras) } to com.google.android.gms/.gass.chimera.PackageChangeBroadcastReceiver
09-07 03:42:34.558  2037  2066 W BroadcastQueue: Background execution not allowed: receiving Intent { act=android.intent.action.PACKAGE_ADDED dat=package:ru.iteco.fmhandroid.test flg=0x4000010 (has extras) } to com.google.android.gms/.chimera.GmsIntentOperationService$PersistentTrustedReceiver
09-07 03:42:34.558  8176  8176 I Finsky  : [2] vms.g(1): vms - Received: android.intent.action.PACKAGE_ADDED, [JKgrAT7ZrU_atynDxHtFKlznxOwkruuqzdx-Cu5fTVw]
09-07 03:42:34.559  2037  2066 W BroadcastQueue: Background execution not allowed: receiving Intent { act=android.intent.action.PACKAGE_ADDED dat=package:ru.iteco.fmhandroid.test flg=0x4000010 (has extras) } to com.google.android.ims/.receivers.RcsAutoStartReceiver
09-07 03:42:34.566  8176  8257 I Finsky  : [592] jlf.apply(886): AIM: Got app ownership map. App counts: . Unique apps: 0
09-07 03:42:34.571  2037  2133 I InputReader: Reconfiguring input devices.  changes=0x00000010
09-07 03:42:34.572  2037  2133 I chatty  : uid=1000(system) InputReader identical 1 line
09-07 03:42:34.574  2037  2133 I InputReader: Reconfiguring input devices.  changes=0x00000010
09-07 03:42:34.580  8176  8176 I Finsky  : [2] vms.g(1): vms - Deduping intent android.intent.action.PACKAGE_ADDED
09-07 03:42:34.586  8176  8176 I Finsky  : [2] vms.g(1): vms - Received: android.intent.action.PACKAGE_ADDED, [JKgrAT7ZrU_atynDxHtFKlznxOwkruuqzdx-Cu5fTVw]
09-07 03:42:34.589  8176 12372 I Finsky  : [760] oll.run(296): Wrote row to frosting DB: 1639
09-07 03:42:34.604  2666  3039 I aykq    : (REDACTED) isOpaHotwordEnabled: %b
09-07 03:42:34.604  2666  3039 I aykq    : Disabling the hotword detector.
09-07 03:42:34.615  8176  8176 I Finsky  : [2] vms.g(1): vms - Deduping intent android.intent.action.PACKAGE_ADDED
09-07 03:42:34.622  2666  3039 I apsj    : (REDACTED) Updating hotword opa ineligibility to %b
09-07 03:42:34.624  2666  3039 I ayhu    : getLocaleToModelSpecsMap
09-07 03:42:34.625  2666  3039 I ayhu    : Fetching latest config from MDD...
09-07 03:42:34.625  2666  3039 I ayhu    : (REDACTED) Found map of size: %d
09-07 03:42:34.626  2689  3084 W gmjq    : Receive a config update when there's no subscriber. Ignore the request!
09-07 03:42:34.627  8176  8257 I Finsky  : [592] jnj.a(202): AIM: AppInfoManager-Perf > ItemModel > CacheSize=0, cacheHitCount=0, cacheMissCount=1, total appsWithNoServerDataCount=0. Missed  in cache (limit 10) : [ru.iteco.fmhandroid.test]
09-07 03:42:34.629  2666  3039 I ayht    : (REDACTED) Adding from proto config to map [configKey: %s locale: %s modelType: %s modelPrefix: %s Location: %s isSpeakerIdSupported: %b]
09-07 03:42:34.628  8176  8256 I Finsky  : [591] jnj.a(202): AIM: AppInfoManager-Perf > ItemModel > CacheSize=0, cacheHitCount=0, cacheMissCount=1, total appsWithNoServerDataCount=0. Missed  in cache (limit 10) : [ru.iteco.fmhandroid.test]
09-07 03:42:34.639  8176  8256 I Finsky  : [591] jnm.n(24): AIM: AppInfoManager-Perf > ItemModel > ItemStore Called 1 apps cacheOptions = USE_CACHE
09-07 03:42:34.640  8176  8256 I Finsky  : [591] jnj.a(1098): AIM: ItemModel fetch - unauth(1), auth()
09-07 03:42:34.642  2037  2311 W BroadcastQueue: Background execution not allowed: receiving Intent { act=android.intent.action.PACKAGE_REPLACED dat=package:ru.iteco.fmhandroid.test flg=0x4000010 (has extras) } to com.android.musicfx/.Compatibility$Receiver
09-07 03:42:34.644  8176  8257 I Finsky  : [592] jnm.n(24): AIM: AppInfoManager-Perf > ItemModel > ItemStore Called 1 apps cacheOptions = USE_CACHE
09-07 03:42:34.644  8176 12372 I Finsky  : [760] oll.run(296): Wrote row to frosting DB: 1640
09-07 03:42:34.644  2666  3039 I bioh    : (REDACTED) Initializing MicroDataManager InitializeType-%d, isForced-%b, isActivePhoneEnrollment-%b isActiveGoogleHomeEnrollment-%b
09-07 03:42:34.644  8176  8221 I android.vendin: Waiting for a blocking GC ProfileSaver
09-07 03:42:34.645  2666  3039 I ayhu    : getLocaleToModelSpecsMap
09-07 03:42:34.645  2666  3039 I ayhu    : Fetching latest config from MDD...
09-07 03:42:34.645  2666  3039 I ayhu    : (REDACTED) Found map of size: %d
09-07 03:42:34.645  2666  3039 I ayht    : (REDACTED) Adding from proto config to map [configKey: %s locale: %s modelType: %s modelPrefix: %s Location: %s isSpeakerIdSupported: %b]
09-07 03:42:34.647  2666  3039 I ayma    : (REDACTED) Location for model with model type: %s and locale: %s, is : %s
09-07 03:42:34.648  8176  8257 I Finsky  : [592] jnj.a(1098): AIM: ItemModel fetch - unauth(1), auth()
09-07 03:42:34.648  2666  3039 I aykq    : (REDACTED) isOpaHotwordEnabled: %b
09-07 03:42:34.649  2666  3039 I aykq    : Disabling the hotword detector.
09-07 03:42:34.653  2037  2066 W BroadcastQueue: Background execution not allowed: receiving Intent { act=android.intent.action.PACKAGE_REPLACED dat=package:ru.iteco.fmhandroid.test flg=0x4000010 (has extras) } to com.google.android.apps.photos/.account.full.FetchAccountPropertiesAppUpgradeBroadcastReceiver
09-07 03:42:34.653  2037  2066 W BroadcastQueue: Background execution not allowed: receiving Intent { act=android.intent.action.PACKAGE_REPLACED dat=package:ru.iteco.fmhandroid.test flg=0x4000010 (has extras) } to com.google.android.apps.photos/.account.full.SyncAccountsForLoginBroadcastReceiver
09-07 03:42:34.658  2037  2066 W BroadcastQueue: Background execution not allowed: receiving Intent { act=android.intent.action.PACKAGE_REPLACED dat=package:ru.iteco.fmhandroid.test flg=0x4000010 (has extras) } to com.google.android.apps.photos/.experiments.phenotype.full.PhenotypeAppUpgradeBroadcastReceiver
09-07 03:42:34.659  2037  2066 W BroadcastQueue: Background execution not allowed: receiving Intent { act=android.intent.action.PACKAGE_REPLACED dat=package:ru.iteco.fmhandroid.test flg=0x4000010 (has extras) } to com.google.android.apps.photos/.notificationchannels.AppUpdateBroadcastReceiver
09-07 03:42:34.659  2037  2066 W BroadcastQueue: Background execution not allowed: receiving Intent { act=android.intent.action.PACKAGE_REPLACED dat=package:ru.iteco.fmhandroid.test flg=0x4000010 (has extras) } to com.google.android.gms/.gass.chimera.PackageChangeBroadcastReceiver
09-07 03:42:34.659  2037  2066 W BroadcastQueue: Background execution not allowed: receiving Intent { act=android.intent.action.PACKAGE_REPLACED dat=package:ru.iteco.fmhandroid.test flg=0x4000010 (has extras) } to com.google.android.gms/.chimera.GmsIntentOperationService$PersistentTrustedReceiver
09-07 03:42:34.660  2037  2066 W BroadcastQueue: Background execution not allowed: receiving Intent { act=android.intent.action.PACKAGE_REPLACED dat=package:ru.iteco.fmhandroid.test flg=0x4000010 (has extras) } to com.google.android.ims/.receivers.RcsAutoStartReceiver
09-07 03:42:34.662  2666  3039 I apsj    : (REDACTED) #takeChangeMicroDetectorMode [mIsBargeInEnabled: %b, mCurrentDetectionMode: %s]
09-07 03:42:34.664  2666  3039 I apsj    : (REDACTED) Should stop hotword detection immediately - %b
09-07 03:42:34.668  2689  3084 W gmjq    : Receive a config update when there's no subscriber. Ignore the request!
09-07 03:42:34.668  2666  2704 I earchbox:searc: Background young concurrent copying GC freed 37081(1505KB) AllocSpace objects, 1(16KB) LOS objects, 8% free, 16MB/17MB, paused 6.090ms total 139.465ms
09-07 03:42:34.679  8176 12372 I Finsky  : [760] oll.run(296): Wrote row to frosting DB: 1641
09-07 03:42:34.685  2666  3039 I aykq    : (REDACTED) isOpaHotwordEnabled: %b
09-07 03:42:34.686  2666  3039 I aykq    : Disabling the hotword detector.
09-07 03:42:34.687  8176  8221 I android.vendin: WaitForGcToComplete blocked ProfileSaver on HeapTrim for 42.200ms
09-07 03:42:34.701  2666  3039 I apsj    : (REDACTED) #takeChangeMicroDetectorMode [mIsBargeInEnabled: %b, mCurrentDetectionMode: %s]
09-07 03:42:34.701  2666  3039 I apsj    : (REDACTED) Should stop hotword detection immediately - %b
09-07 03:42:34.702  2689  3084 W gmjq    : Receive a config update when there's no subscriber. Ignore the request!
09-07 03:42:34.703  2666  3039 I ayhu    : getLocaleToModelSpecsMap
09-07 03:42:34.704  2666  3039 I ayhu    : Fetching latest config from MDD...
09-07 03:42:34.704  2666  3039 I ayhu    : (REDACTED) Found map of size: %d
09-07 03:42:34.704  2666  3039 I ayht    : (REDACTED) Adding from proto config to map [configKey: %s locale: %s modelType: %s modelPrefix: %s Location: %s isSpeakerIdSupported: %b]
09-07 03:42:34.707  2666  3039 W aoza    : Abort, client detached.
09-07 03:42:34.708  2666  3039 W aoza    : Abort, client detached.
09-07 03:42:34.710  8176  8256 I Finsky  : [591] rmt.apply(40): ItemStore: Not cached: ru.iteco.fmhandroid.test
09-07 03:42:34.711  8176  8257 I Finsky  : [592] rmt.apply(40): ItemStore: Not cached: ru.iteco.fmhandroid.test
09-07 03:42:34.715  2666  3039 W aoza    : Abort, client detached.
09-07 03:42:34.754  2037  2051 I system_server: Background concurrent copying GC freed 73947(3740KB) AllocSpace objects, 36(1360KB) LOS objects, 28% free, 15MB/21MB, paused 1.249ms total 329.007ms
09-07 03:42:34.764  7867 12393 I Auth    : [SupervisedAccountIntentOperation] onHandleIntent(): android.intent.action.PACKAGE_ADDED
09-07 03:42:34.776  7867  7867 D BoundBrokerSvc: onBind: Intent { act=com.google.android.gms.common.BIND_SHARED_PREFS pkg=com.google.android.gms }
09-07 03:42:34.792  2279  2279 D CarrierSvcBindHelper: No carrier app for: 0
09-07 03:42:34.793  8425 12396 I Fitness : (REDACTED) FitCleanupIntentOperation received Intent %s
09-07 03:42:34.794  2279  2279 D CarrierSvcBindHelper: No carrier app for: 0
09-07 03:42:34.796  8425 12396 I FontLog : (REDACTED) Package %s has no metadata
09-07 03:42:34.802  7867  7867 D BoundBrokerSvc: Loading bound service for intent: Intent { act=com.google.android.gms.common.BIND_SHARED_PREFS pkg=com.google.android.gms }
09-07 03:42:34.804  2279  2279 D CarrierConfigLoader: mHandler: 9 phoneId: 0
09-07 03:42:34.816  2037  2037 W Looper  : Slow dispatch took 206ms main h=android.app.ActivityThread$H c=android.app.-$$Lambda$LoadedApk$ReceiverDispatcher$Args$_BumDX2UKsnxLVrE6UJsJZkotuA@a67c1f0 m=0
09-07 03:42:34.840  7867  7867 D BoundBrokerSvc: onUnbind: Intent { act=com.google.android.gms.common.BIND_SHARED_PREFS pkg=com.google.android.gms }
09-07 03:42:34.854  8425  8425 D BoundBrokerSvc: onBind: Intent { act=com.google.android.gms.nearby.exposurenotification.START dat=chimera-action: cmp=com.google.android.gms/.chimera.PersistentApiServiceNoInstantApps }
09-07 03:42:34.855  8425  8425 D BoundBrokerSvc: Loading bound service for intent: Intent { act=com.google.android.gms.nearby.exposurenotification.START dat=chimera-action: cmp=com.google.android.gms/.chimera.PersistentApiServiceNoInstantApps }
09-07 03:42:34.919  1792  2272 E GnssHAL_GnssInterface: gnssSvStatusCb: a: input svInfo.flags is 8
09-07 03:42:34.919  1792  2272 E GnssHAL_GnssInterface: gnssSvStatusCb: b: input svInfo.flags is 8
09-07 03:42:34.950  7867  7909 I Icing   : IndexChimeraService.getServiceInterface callingPackage=com.google.android.gms componentName=AppsCorpus serviceId=36
09-07 03:42:34.951  7867  7879 I gle.android.gm: Background young concurrent copying GC freed 27410(1643KB) AllocSpace objects, 4(208KB) LOS objects, 6% free, 10MB/10MB, paused 24.739ms total 204.978ms
09-07 03:42:34.954  8425  8465 W ChimeraUtils: Module com.google.android.gms.nearby_en missing resource null(0)
09-07 03:42:34.960  1858  2116 E         : Couldn't opendir /data/app/vmdl1072927335.tmp: No such file or directory
09-07 03:42:34.961  1858  2116 E installd: Failed to delete /data/app/vmdl1072927335.tmp: No such file or directory
09-07 03:42:34.965  8425  8465 W ChimeraUtils: Module com.google.android.gms.nearby_en missing resource null(0)
09-07 03:42:34.989  7867 12407 W Icing   : No valid account for uploading user actions
09-07 03:42:35.004  8425  8425 D BoundBrokerSvc: onBind: Intent { act=com.google.android.gms.icing.LIGHTWEIGHT_INDEX_SERVICE dat=chimera-action: cmp=com.google.android.gms/.chimera.PersistentApiService }
09-07 03:42:35.004  8425  8425 D BoundBrokerSvc: Loading bound service for intent: Intent { act=com.google.android.gms.icing.LIGHTWEIGHT_INDEX_SERVICE dat=chimera-action: cmp=com.google.android.gms/.chimera.PersistentApiService }
09-07 03:42:35.035  7867  7867 D BoundBrokerSvc: onBind: Intent { act=com.google.android.gms.feedback.internal.IFeedbackService dat=chimera-action: cmp=com.google.android.gms/.chimera.GmsBoundBrokerService }
09-07 03:42:35.036  7867  7867 D BoundBrokerSvc: Loading bound service for intent: Intent { act=com.google.android.gms.feedback.internal.IFeedbackService dat=chimera-action: cmp=com.google.android.gms/.chimera.GmsBoundBrokerService }
09-07 03:42:35.054  2037  2055 I ActivityManager: Force stopping ru.iteco.fmhandroid.test appid=10135 user=0: from pid 12415
09-07 03:42:35.064  7867 12407 I Icing   : Usage reports ok 0, Failed Usage reports 0, indexed 0, rejected 0
09-07 03:42:35.071  2279  2279 D CarrierSvcBindHelper: No carrier app for: 0
09-07 03:42:35.097  7867 12407 I Icing   : Indexing com.google.android.gms-apps from com.google.android.gms
09-07 03:42:35.109  7867 12407 I Icing   : Indexing done com.google.android.gms-apps
09-07 03:42:35.114  7867  7909 I Icing   : IndexChimeraService.getServiceInterface callingPackage=com.google.android.gms componentName=null serviceId=30
09-07 03:42:35.127  7867 12407 I Icing   : Indexing com.google.android.gms-apps from com.google.android.gms
09-07 03:42:35.139  7867 12407 I Icing   : Indexing done com.google.android.gms-apps
09-07 03:42:35.144  7867  7879 I gle.android.gm: Background concurrent copying GC freed 20759(1308KB) AllocSpace objects, 5(164KB) LOS objects, 38% free, 9667KB/15MB, paused 2.149ms total 148.929ms
09-07 03:42:35.155  7867 12407 W Icing   : No valid account for uploading user actions
09-07 03:42:35.183  7867 12407 I Icing   : Usage reports ok 0, Failed Usage reports 0, indexed 0, rejected 0
09-07 03:42:35.230 12423 12423 D AndroidRuntime: >>>>>> START com.android.internal.os.RuntimeInit uid 2000 <<<<<<
09-07 03:42:35.232 12423 12423 E libc    : Access denied finding property "persist.device_config.runtime_native_boot.enable_apex_image"
09-07 03:42:35.232 12423 12423 I AndroidRuntime: Using default boot image
09-07 03:42:35.232 12423 12423 E libc    : Access denied finding property "persist.device_config.runtime_native_boot.disable_lock_profiling"
09-07 03:42:35.232 12423 12423 I AndroidRuntime: Leaving lock profiling enabled
09-07 03:42:35.233 12423 12423 E libc    : Access denied finding property "persist.device_config.runtime_native_boot.enable_generational_cc"
09-07 03:42:35.225 12423 12423 W app_process: type=1400 audit(0.0:104): avc: denied { read } for name="u:object_r:device_config_runtime_native_boot_prop:s0" dev="tmpfs" ino=6894 scontext=u:r:shell:s0 tcontext=u:object_r:device_config_runtime_native_boot_prop:s0 tclass=file permissive=0
09-07 03:42:35.225 12423 12423 W app_process: type=1400 audit(0.0:105): avc: denied { read } for name="u:object_r:device_config_runtime_native_boot_prop:s0" dev="tmpfs" ino=6894 scontext=u:r:shell:s0 tcontext=u:object_r:device_config_runtime_native_boot_prop:s0 tclass=file permissive=0
09-07 03:42:35.286  2037  2037 W Looper  : Slow delivery took 353ms main h=android.app.ActivityThread$H c=android.app.-$$Lambda$LoadedApk$ReceiverDispatcher$Args$_BumDX2UKsnxLVrE6UJsJZkotuA@ad6ba26 m=0
09-07 03:42:35.286  2037  2037 W Looper  : Slow dispatch took 470ms main h=android.app.ActivityThread$H c=android.app.-$$Lambda$LoadedApk$ReceiverDispatcher$Args$_BumDX2UKsnxLVrE6UJsJZkotuA@ad6ba26 m=0
09-07 03:42:35.225 12423 12423 W app_process: type=1400 audit(0.0:106): avc: denied { read } for name="u:object_r:device_config_runtime_native_boot_prop:s0" dev="tmpfs" ino=6894 scontext=u:r:shell:s0 tcontext=u:object_r:device_config_runtime_native_boot_prop:s0 tclass=file permissive=0
09-07 03:42:35.323 12423 12423 D ICU     : Time zone APEX file found: /apex/com.android.tzdata/etc/icu/icu_tzdata.dat
09-07 03:42:35.330 12423 12423 W app_process: Unexpected CPU variant for X86 using defaults: x86
09-07 03:42:35.332 12423 12423 I app_process: The ClassLoaderContext is a special shared library.
09-07 03:42:35.352 12423 12423 W app_process: JNI RegisterNativeMethods: attempt to register 0 native methods for android.media.AudioAttributes
09-07 03:42:35.356 12423 12423 D AndroidRuntime: Calling main entry com.android.commands.am.Am
09-07 03:42:35.365  2037  2674 I ActivityManager: Force stopping ru.iteco.fmhandroid appid=10136 user=0: start instr
09-07 03:42:35.375  1775  1775 D Zygote  : Forked child process 12438
09-07 03:42:35.379 12438 12438 I teco.fmhandroi: Late-enabling -Xcheck:jni
09-07 03:42:35.382  2037  2067 I ActivityManager: Start proc 12438:ru.iteco.fmhandroid/u0a136 for added application ru.iteco.fmhandroid
09-07 03:42:35.393 12438 12438 E teco.fmhandroi: Unknown bits set in runtime_flags: 0x8000
09-07 03:42:35.393 12438 12438 W teco.fmhandroi: Unexpected CPU variant for X86 using defaults: x86
09-07 03:42:35.476  2037  2037 W Looper  : Slow dispatch took 188ms main h=android.app.ActivityThread$H c=android.app.-$$Lambda$LoadedApk$ReceiverDispatcher$Args$_BumDX2UKsnxLVrE6UJsJZkotuA@a506474 m=0
09-07 03:42:35.477  2037  2037 I Telecom : DefaultDialerCache: Refreshing default dialer for user 0: now com.android.dialer: DDC.oR@AKE
09-07 03:42:35.481  2037  2037 V BackupManagerConstants: getFullBackupIntervalMilliseconds(...) returns 86400000
09-07 03:42:35.482  2037  2037 V BackupManagerConstants: getFullBackupRequiredNetworkType(...) returns 2
09-07 03:42:35.482 12438 12438 I teco.fmhandroi: The ClassLoaderContext is a special shared library.
09-07 03:42:35.482  2037  2037 V BackupManagerConstants: getFullBackupRequireCharging(...) returns true
09-07 03:42:35.497  2037  2037 W Looper  : Drained
09-07 03:42:35.483 12438 12438 I teco.fmhandroi: The ClassLoaderContext is a special shared library.
09-07 03:42:35.628  8176  8257 E Finsky  : [592] rna.a(110): ItemStore: getItems RPC failed.
09-07 03:42:35.646  8176  8257 E Finsky  : [592] rna.a(110): ItemStore: getItems RPC failed.
09-07 03:42:35.660  8176  8257 I Finsky  : [592] xty.accept(378): SCH: Scheduling phonesky job Id: 12-1, CT: 1694058154521, Constraints: [{ L: 15000, D: 86400000, C: 1, I: 1, N: 1 }]
09-07 03:42:35.672  8176  8250 I Finsky  : [585] yew.apply(123): SCH: Scheduling 1 system job(s)
09-07 03:42:35.689  8176  8250 I Finsky  : [585] yvz.d(263): SCH: Scheduling system job Id: 9056, L: 13848, D: 72806956, C: false, I: false, N: 1
09-07 03:42:35.722  8176  8247 I Finsky  : [582] kiz.aeG(143): [ContentSync] finished, scheduled=true
09-07 03:42:35.722  8176  8250 I Finsky  : [585] xty.accept(378): SCH: Scheduling phonesky job Id: 12-1, CT: 1694058154564, Constraints: [{ L: 15000, D: 86400000, C: 1, I: 1, N: 1 }]
09-07 03:42:35.729  8176  8256 I Finsky  : [591] yew.apply(123): SCH: Scheduling 0 system job(s)
09-07 03:42:35.730  8176  8256 I Finsky  : [591] kiz.aeG(143): [ContentSync] finished, scheduled=true
09-07 03:42:35.919  1792  2272 E GnssHAL_GnssInterface: gnssSvStatusCb: a: input svInfo.flags is 8
09-07 03:42:35.919  1792  2272 E GnssHAL_GnssInterface: gnssSvStatusCb: b: input svInfo.flags is 8
09-07 03:42:36.002 12438 12438 I teco.fmhandroi: The ClassLoaderContext is a special shared library.
09-07 03:42:36.003 12438 12438 I teco.fmhandroi: The ClassLoaderContext is a special shared library.
09-07 03:42:36.387 12438 12438 W teco.fmhandroi: Accessing hidden method Landroid/app/Instrumentation;->execStartActivity(Landroid/content/Context;Landroid/os/IBinder;Landroid/os/IBinder;Landroid/app/Activity;Landroid/content/Intent;ILandroid/os/Bundle;)Landroid/app/Instrumentation$ActivityResult; (greylist, linking, allowed)
09-07 03:42:36.388 12438 12438 W teco.fmhandroi: Accessing hidden method Landroid/app/Instrumentation;->execStartActivity(Landroid/content/Context;Landroid/os/IBinder;Landroid/os/IBinder;Ljava/lang/String;Landroid/content/Intent;ILandroid/os/Bundle;)Landroid/app/Instrumentation$ActivityResult; (greylist, linking, allowed)
09-07 03:42:36.395 12438 12438 I MonitoringInstr: newApplication called!
09-07 03:42:36.422 12438 12438 I FirebaseApp: Device unlocked: initializing all Firebase APIs for app [DEFAULT]
09-07 03:42:36.435 12438 12438 I FirebaseCrashlytics: Initializing Firebase Crashlytics 18.2.6 for ru.iteco.fmhandroid
09-07 03:42:36.480 12438 12474 I DynamiteModule: Considering local module com.google.android.gms.measurement.dynamite:55 and remote module com.google.android.gms.measurement.dynamite:93
09-07 03:42:36.480 12438 12474 I DynamiteModule: Selected remote version of com.google.android.gms.measurement.dynamite, version >= 93
09-07 03:42:36.481 12438 12474 V DynamiteModule: Dynamite loader version >= 2, using loadModule2NoCrashUtils
09-07 03:42:36.514 12438 12474 W System  : ClassLoader referenced unknown path: 
09-07 03:42:36.565 12438 12438 I FirebaseInitProvider: FirebaseApp initialization successful
09-07 03:42:36.595 12438 12438 I MonitoringInstr: Instrumentation started!
09-07 03:42:36.602 12438 12438 D ClassesArgTokenizer: input: ru.iteco.fmhandroid.ui.FilterNewsPageTest#shouldFilterTheNewsWithCategoryAnnouncement
09-07 03:42:36.604 12438 12438 D ClassesArgTokenizer: result: [ru.iteco.fmhandroid.ui.FilterNewsPageTest#shouldFilterTheNewsWithCategoryAnnouncement]
09-07 03:42:36.604 12438 12438 D ClassesArgTokenizer: input: null
09-07 03:42:36.604 12438 12438 D ClassesArgTokenizer: result: []
09-07 03:42:36.608 12438 12474 W teco.fmhandroi: Accessing hidden method Lsun/misc/Unsafe;->arrayBaseOffset(Ljava/lang/Class;)I (greylist,core-platform-api, linking, allowed)
09-07 03:42:36.608 12438 12474 W teco.fmhandroi: Accessing hidden method Lsun/misc/Unsafe;->arrayIndexScale(Ljava/lang/Class;)I (greylist, linking, allowed)
09-07 03:42:36.609 12438 12474 W teco.fmhandroi: Accessing hidden method Lsun/misc/Unsafe;->compareAndSwapInt(Ljava/lang/Object;JII)Z (greylist, linking, allowed)
09-07 03:42:36.609 12438 12474 W teco.fmhandroi: Accessing hidden method Lsun/misc/Unsafe;->compareAndSwapLong(Ljava/lang/Object;JJJ)Z (greylist, linking, allowed)
09-07 03:42:36.609 12438 12474 W teco.fmhandroi: Accessing hidden method Lsun/misc/Unsafe;->getIntVolatile(Ljava/lang/Object;J)I (greylist, linking, allowed)
09-07 03:42:36.609 12438 12474 W teco.fmhandroi: Accessing hidden method Lsun/misc/Unsafe;->getObjectVolatile(Ljava/lang/Object;J)Ljava/lang/Object; (greylist, linking, allowed)
09-07 03:42:36.609 12438 12474 W teco.fmhandroi: Accessing hidden method Lsun/misc/Unsafe;->objectFieldOffset(Ljava/lang/reflect/Field;)J (greylist,core-platform-api, linking, allowed)
09-07 03:42:36.609 12438 12474 W teco.fmhandroi: Accessing hidden method Lsun/misc/Unsafe;->putObjectVolatile(Ljava/lang/Object;JLjava/lang/Object;)V (greylist, linking, allowed)
09-07 03:42:36.609 12438 12474 W teco.fmhandroi: Accessing hidden field Lsun/misc/Unsafe;->theUnsafe:Lsun/misc/Unsafe; (greylist, reflection, allowed)
09-07 03:42:36.610 12438 12438 V TestEventClient: No service name argument was given (testDiscoveryService, testRunEventService or orchestratorService)
09-07 03:42:36.620 12438 12482 D AndroidJUnitRunner: onStart is called.
09-07 03:42:36.630 12438 12438 I MonitoringInstr: No JSBridge.
09-07 03:42:36.649 12438 12482 D TestRequestBuilder: Skipping class path scanning and directly running [ru.iteco.fmhandroid.ui.FilterNewsPageTest]
09-07 03:42:36.658 12438 12482 D ClassesArgTokenizer: input: ru.iteco.fmhandroid.ui.FilterNewsPageTest#shouldFilterTheNewsWithCategoryAnnouncement
09-07 03:42:36.658 12438 12482 D ClassesArgTokenizer: result: [ru.iteco.fmhandroid.ui.FilterNewsPageTest#shouldFilterTheNewsWithCategoryAnnouncement]
09-07 03:42:36.658 12438 12482 D ClassesArgTokenizer: input: null
09-07 03:42:36.658 12438 12482 D ClassesArgTokenizer: result: []
09-07 03:42:36.678 12438 12482 D AndroidJUnitRunner: Use the raw file system for managing file I/O.
09-07 03:42:36.684 12438 12482 D TestExecutor: Adding listener androidx.test.internal.runner.listener.LogRunListener
09-07 03:42:36.685 12438 12482 D TestExecutor: Adding listener androidx.test.internal.runner.listener.InstrumentationResultPrinter
09-07 03:42:36.685 12438 12482 D TestExecutor: Adding listener androidx.test.internal.runner.listener.ActivityFinisherRunListener
09-07 03:42:36.685 12438 12482 D TestExecutor: Adding listener androidx.test.internal.runner.listener.TraceRunListener
09-07 03:42:36.691 12438 12482 I TestRunner: run started: 1 tests
09-07 03:42:36.702 12438 12483 V FA      : App measurement collection enabled
09-07 03:42:36.704 12438 12483 V FA      : App measurement enabled for app package, google app id: ru.iteco.fmhandroid, 1:729587742060:android:e7d6f87c783f52b9a42f49
09-07 03:42:36.707 12438 12483 I FA      : App measurement initialized, version: 80069
09-07 03:42:36.707 12438 12483 I FA      : To enable debug logging run: adb shell setprop log.tag.FA VERBOSE
09-07 03:42:36.707 12438 12483 I FA      : To enable faster debug mode event logging run:
09-07 03:42:36.707 12438 12483 I FA      :   adb shell setprop debug.firebase.analytics.app ru.iteco.fmhandroid
09-07 03:42:36.707 12438 12483 D FA      : Debug-level message logging enabled
09-07 03:42:36.739 12438 12483 D FA      : Resetting session stitching token to not null
09-07 03:42:36.742 12438 12482 I TestRunner: started: shouldFilterTheNewsWithCategoryAnnouncement(ru.iteco.fmhandroid.ui.FilterNewsPageTest)
09-07 03:42:36.766 12438 12483 V FA      : Connecting to remote service
09-07 03:42:36.772  7867  7867 D BoundBrokerSvc: onBind: Intent { act=com.google.android.gms.measurement.START pkg=com.google.android.gms }
09-07 03:42:36.772  7867  7867 D BoundBrokerSvc: Loading bound service for intent: Intent { act=com.google.android.gms.measurement.START pkg=com.google.android.gms }
09-07 03:42:36.786 12438 12483 V FA      : Connection attempt already in progress
09-07 03:42:36.794 12438 12483 V FA      : Connection attempt already in progress
09-07 03:42:36.794 12438 12483 D FA      : Connected to remote service
09-07 03:42:36.795 12438 12483 V FA      : Processing queued up service tasks: 3
09-07 03:42:36.837  7867 12290 V FA-SVC  : Saving default event parameters, appId, data size: ru.iteco.fmhandroid, 2
09-07 03:42:36.891  1774 12487 E ResolverController: No valid NAT64 prefix (101, <unspecified>/0)
09-07 03:42:36.918  1792  2272 E GnssHAL_GnssInterface: gnssSvStatusCb: a: input svInfo.flags is 8
09-07 03:42:36.918  1792  2272 E GnssHAL_GnssInterface: gnssSvStatusCb: b: input svInfo.flags is 8
09-07 03:42:36.960  2037  2037 V SettingsProvider: Notifying for 0: content://settings/secure/accessibility_enabled
09-07 03:42:36.968  2666  3003 I biwj    : NGA disabled since it's running Panthera and at least one a11y feature is on.
09-07 03:42:36.968  2666  3003 I biwj    : (REDACTED) Nga state changed to %s
09-07 03:42:36.971  2689  3033 I fteu    : (REDACTED) #onAccessibilityStateChanged enabled: %s
09-07 03:42:36.971  2689  3084 I fteu    : #onChange
09-07 03:42:36.971  2689  3084 I csoe    : #FCF: onChange
09-07 03:42:36.972  2689  3084 I csoi    : (REDACTED) FCF System FeatureName to check: %s
09-07 03:42:36.972  2689  3084 I csoi    : (REDACTED) FCF: Device model check status : %s
09-07 03:42:36.975  2689  3085 I csof    : FCF A11y Checker - readyForTngMa
09-07 03:42:36.978  2689  3084 I ctnd    : (REDACTED) #isBluetoothOrWiredHeadsetConnected Number of connected audio devices: %s
09-07 03:42:36.978  2689  3084 I cspe    : (REDACTED) #FCF: Headset Connected Status: %s
09-07 03:42:36.979  2689  3084 I yzq     : (REDACTED) Nga on-device enabled based on TNG:MA active state: %b
09-07 03:42:36.979  2689  3085 I csqr    : (REDACTED) #FCF: Demo mode check status : %s
09-07 03:42:36.983  2689  3084 I csqs    : (REDACTED) #FCF: Managed profile check status : %s
09-07 03:42:36.984  2689  3084 I yzq     : (REDACTED) Nga on-device enabled based on TNG:MA active state: %b
09-07 03:42:36.984  2689  3084 I yzq     : Unsubscribed to apa or classic variant change.
09-07 03:42:37.004  2666  3039 I bjbd    : Trying to enqueue PieTriggeringWorker
09-07 03:42:37.005  2689  3084 I csno    : (REDACTED) #FCF: Assistant primary locale : %s
09-07 03:42:37.005  2689  3084 I csno    : (REDACTED) #FCF: Assistant Primary locale check status : %s
09-07 03:42:37.007  2689  2689 I aaag    : (REDACTED) eventData = %s
09-07 03:42:37.011  2689  3084 I znc     : Logging success flow
09-07 03:42:37.011  2689  3084 W csqu    : Unable to check for productivity accounts. Assuming there are none.
09-07 03:42:37.011  2689  3084 W csqu    : com.google.android.libraries.geller.portable.GellerException: Code: INVALID_ARGUMENT, Message: Account name is null.
09-07 03:42:37.011  2689  3084 W csqu    : 	at ghid.a(PG:6)
09-07 03:42:37.011  2689  3084 W csqu    : 	at gxvx.a(PG:3)
09-07 03:42:37.011  2689  3084 W csqu    : 	at hnzx.a(PG:1)
09-07 03:42:37.011  2689  3084 W csqu    : 	at hobr.run(PG:4)
09-07 03:42:37.011  2689  3084 W csqu    : 	at ewes.run(PG:1)
09-07 03:42:37.011  2689  3084 W csqu    : 	at java.util.concurrent.ThreadPoolExecutor.runWorker(ThreadPoolExecutor.java:1167)
09-07 03:42:37.011  2689  3084 W csqu    : 	at java.util.concurrent.ThreadPoolExecutor$Worker.run(ThreadPoolExecutor.java:641)
09-07 03:42:37.011  2689  3084 W csqu    : 	at ewdw.run(PG:2)
09-07 03:42:37.011  2689  3084 W csqu    : 	at java.lang.Thread.run(Thread.java:919)
09-07 03:42:37.011  2689  3084 W csqu    : 	at ewfb.run(PG:5)
09-07 03:42:37.015  2689  3084 I csts    : (REDACTED) #FCF evaluate: %s
09-07 03:42:37.015  2689  3084 I csts    : (REDACTED) TngMaStatusChecker#evaluateInternal completed in %s millis
09-07 03:42:37.015  2689  3084 I cscy    : (REDACTED) TNG:MA status updated: %s
09-07 03:42:37.015  2689  3084 I cscy    : TNG:MA became ineligible, client should disconnect
09-07 03:42:37.016  2689  3084 I cscy    : #disconnectAndStop - preventing double stop
09-07 03:42:37.016  2689  3084 I csts    : #invalidationSource: adding saa update checker
09-07 03:42:37.016  2689  3084 I csts    : #invalidationSource: adding headset checker
09-07 03:42:37.017 12438 12482 W Settings: Setting always_finish_activities has moved from android.provider.Settings.System to android.provider.Settings.Global, returning read-only value.
09-07 03:42:37.025  2666  3039 I bjbd    : Trying to enqueue PieTriggeringWorker
09-07 03:42:37.027  2037  2115 I ActivityTaskManager: START u0 {act=android.intent.action.MAIN cat=[android.intent.category.LAUNCHER] flg=0x10008000 cmp=ru.iteco.fmhandroid.test/androidx.test.core.app.InstrumentationActivityInvoker$BootstrapActivity (has extras)} from uid 10136
09-07 03:42:37.031  2689  2689 I aaag    : (REDACTED) eventData = %s
09-07 03:42:37.038  2037  2115 W InputReader: Device has associated, but no associated display id.
09-07 03:42:37.038  2037  2115 I chatty  : uid=1000(system) Binder:2037_3 identical 8 lines
09-07 03:42:37.038  2037  2115 W InputReader: Device has associated, but no associated display id.
09-07 03:42:37.041  2037  2061 E system_server: Invalid ID 0x00000000.
09-07 03:42:37.057  1775  1775 D Zygote  : Forked child process 12496
09-07 03:42:37.060 12496 12496 I fmhandroid.tes: Late-enabling -Xcheck:jni
09-07 03:42:37.062  2037  2067 I ActivityManager: Start proc 12496:ru.iteco.fmhandroid.test/u0a135 for activity {ru.iteco.fmhandroid.test/androidx.test.core.app.InstrumentationActivityInvoker$BootstrapActivity}
09-07 03:42:37.073  1793  1859 D gralloc_ranchu: gralloc_alloc: Creating ashmem region of size 9850880
09-07 03:42:37.100 12496 12496 E fmhandroid.tes: Unknown bits set in runtime_flags: 0x8000
09-07 03:42:37.100 12496 12496 W fmhandroid.tes: Unexpected CPU variant for X86 using defaults: x86
09-07 03:42:37.143  2666  2666 I dnsi    : onPause
09-07 03:42:37.146  2037  4199 W InputReader: Device has associated, but no associated display id.
09-07 03:42:37.160  2037  4199 I chatty  : uid=1000(system) Binder:2037_F identical 28 lines
09-07 03:42:37.160  2037  4199 W InputReader: Device has associated, but no associated display id.
09-07 03:42:37.163  2037  2061 W InputReader: Device has associated, but no associated display id.
09-07 03:42:37.164  2037  2061 I chatty  : uid=1000(system) android.anim identical 8 lines
09-07 03:42:37.164  2037  2061 W InputReader: Device has associated, but no associated display id.
09-07 03:42:37.177  2666  3068 D EGL_emulation: eglMakeCurrent: 0xda21b0e0: ver 2 0 (tinfo 0xda20fbb0)
09-07 03:42:37.182  2182  2468 D EGL_emulation: eglMakeCurrent: 0xda21a360: ver 2 0 (tinfo 0xda20f590)
09-07 03:42:37.183  2434  2714 D EGL_emulation: eglMakeCurrent: 0xed453b60: ver 2 0 (tinfo 0xe233a960)
09-07 03:42:37.189  2182  2182 W View    : requestLayout() improperly called by com.android.keyguard.AlphaOptimizedLinearLayout{551c6d8 V.E...... ......ID 7,0-48,61 #7f0a041c app:id/wifi_group} during second layout pass: posting in next frame
09-07 03:42:37.192 12496 12496 I fmhandroid.tes: The ClassLoaderContext is a special shared library.
09-07 03:42:37.193 12496 12496 I fmhandroid.tes: The ClassLoaderContext is a special shared library.
09-07 03:42:37.200  2182  2182 W View    : requestLayout() improperly called by StatusBarIconView(slot=mobile icon=null notification=null) during layout: running second layout pass
09-07 03:42:37.204  2182  2468 D EGL_emulation: eglMakeCurrent: 0xda21a360: ver 2 0 (tinfo 0xda20f590)
09-07 03:42:37.217  2182  2468 D EGL_emulation: eglMakeCurrent: 0xda21a360: ver 2 0 (tinfo 0xda20f590)
09-07 03:42:37.218  2182  2182 W View    : requestLayout() improperly called by com.android.keyguard.AlphaOptimizedLinearLayout{551c6d8 V.E...... ......ID 7,0-48,61 #7f0a041c app:id/wifi_group} during second layout pass: posting in next frame
09-07 03:42:37.219  2182  2182 W View    : requestLayout() improperly called by StatusBarIconView(slot=mobile icon=null notification=null) during layout: running second layout pass
09-07 03:42:37.224  2182  2468 D EGL_emulation: eglMakeCurrent: 0xda21a360: ver 2 0 (tinfo 0xda20f590)
09-07 03:42:37.246  2666  3397 V ClearcutMetricXmitter: Transmission is done.
09-07 03:42:37.393  1823  2474 E SurfaceFlinger: ro.sf.lcd_density must be defined as a build property
09-07 03:42:37.393  1823  2474 E SurfaceFlinger: ro.sf.lcd_density must be defined as a build property
09-07 03:42:37.394 12496 12529 D libEGL  : Emulator has host GPU support, qemu.gles is set to 1.
09-07 03:42:37.394 12496 12529 W libc    : Unable to set property "qemu.gles" to "1": connection failed; errno=13 (Permission denied)
09-07 03:42:37.408 12496 12529 D libEGL  : loaded /vendor/lib/egl/libEGL_emulation.so
09-07 03:42:37.410 12496 12529 D libEGL  : loaded /vendor/lib/egl/libGLESv1_CM_emulation.so
09-07 03:42:37.411 12496 12529 D libEGL  : loaded /vendor/lib/egl/libGLESv2_emulation.so
09-07 03:42:37.385 12496 12496 W RenderThread: type=1400 audit(0.0:107): avc: denied { write } for name="property_service" dev="tmpfs" ino=6988 scontext=u:r:untrusted_app:s0:c135,c256,c512,c768 tcontext=u:object_r:property_socket:s0 tclass=sock_file permissive=0
09-07 03:42:37.434  2037  4199 I ActivityTaskManager: START u0 {act=android.intent.action.MAIN cat=[android.intent.category.LAUNCHER] cmp=ru.iteco.fmhandroid/.ui.AppActivity} from uid 10136
09-07 03:42:37.442  2037  4199 W InputReader: Device has associated, but no associated display id.
09-07 03:42:37.445  2037  4199 I chatty  : uid=1000(system) Binder:2037_F identical 38 lines
09-07 03:42:37.445  2037  4199 W InputReader: Device has associated, but no associated display id.
09-07 03:42:37.445 12438 12438 W ActivityThread: handleWindowVisibility: no activity for token android.os.BinderProxy@dce2beb
09-07 03:42:37.447  2037  4199 W InputReader: Device has associated, but no associated display id.
