09-07 03:42:37.452  2037  4199 I chatty  : uid=1000(system) Binder:2037_F identical 18 lines
09-07 03:42:37.452  2037  4199 W InputReader: Device has associated, but no associated display id.
09-07 03:42:37.460  2666  2666 I dnsi    : onStop
09-07 03:42:37.477  1823  2077 E SurfaceFlinger: ro.sf.lcd_density must be defined as a build property
09-07 03:42:37.479  1823  2077 E SurfaceFlinger: ro.sf.lcd_density must be defined as a build property
09-07 03:42:37.482  1823  1823 W SurfaceFlinger: couldn't log to binary event log: overflow.
09-07 03:42:37.482  1823  1823 W SurfaceFlinger: couldn't log to binary event log: overflow.
09-07 03:42:37.488 12438 12533 D libEGL  : Emulator has host GPU support, qemu.gles is set to 1.
09-07 03:42:37.488 12438 12533 W libc    : Unable to set property "qemu.gles" to "1": connection failed; errno=13 (Permission denied)
09-07 03:42:37.485 12438 12438 W RenderThread: type=1400 audit(0.0:108): avc: denied { write } for name="property_service" dev="tmpfs" ino=6988 scontext=u:r:untrusted_app:s0:c136,c256,c512,c768 tcontext=u:object_r:property_socket:s0 tclass=sock_file permissive=0
09-07 03:42:37.535 12438 12438 D LifecycleMonitor: Lifecycle status change: ru.iteco.fmhandroid.ui.AppActivity@bf025f4 in: PRE_ON_CREATE
09-07 03:42:37.536 12438 12438 V ActivityScenario: Activity lifecycle changed event received but ignored because the reported transition was not ON_CREATE while the last known transition was PRE_ON_CREATE
09-07 03:42:37.558 12438 12474 V FA      : onActivityCreated
09-07 03:42:37.574 12438 12533 D libEGL  : loaded /vendor/lib/egl/libEGL_emulation.so
09-07 03:42:37.577 12438 12533 D libEGL  : loaded /vendor/lib/egl/libGLESv1_CM_emulation.so
09-07 03:42:37.581 12438 12533 D libEGL  : loaded /vendor/lib/egl/libGLESv2_emulation.so
09-07 03:42:37.612 12438 12438 W teco.fmhandroi: Accessing hidden method Landroid/view/View;->computeFitSystemWindows(Landroid/graphics/Rect;Landroid/graphics/Rect;)Z (greylist, reflection, allowed)
09-07 03:42:37.613 12438 12438 W teco.fmhandroi: Accessing hidden method Landroid/view/ViewGroup;->makeOptionalFitsSystemWindows()V (greylist, reflection, allowed)
09-07 03:42:37.737 12438 12438 D NetworkSecurityConfig: No Network Security Config specified, using platform default
09-07 03:42:37.746 12438 12438 W teco.fmhandroi: Accessing hidden method Ljava/lang/invoke/MethodHandles$Lookup;-><init>(Ljava/lang/Class;I)V (greylist, reflection, allowed)
09-07 03:42:37.858 12438 12438 D LifecycleMonitor: Lifecycle status change: ru.iteco.fmhandroid.ui.AppActivity@bf025f4 in: CREATED
09-07 03:42:37.858 12438 12438 V ActivityScenario: Update currentActivityStage to CREATED, currentActivity=ru.iteco.fmhandroid.ui.AppActivity@bf025f4
09-07 03:42:37.918  1792  2272 E GnssHAL_GnssInterface: gnssSvStatusCb: a: input svInfo.flags is 8
09-07 03:42:37.918  1792  2272 E GnssHAL_GnssInterface: gnssSvStatusCb: b: input svInfo.flags is 8
09-07 03:42:37.950 12438 12438 D LifecycleMonitor: Lifecycle status change: ru.iteco.fmhandroid.ui.AppActivity@bf025f4 in: STARTED
09-07 03:42:37.950 12438 12438 V ActivityScenario: Update currentActivityStage to STARTED, currentActivity=ru.iteco.fmhandroid.ui.AppActivity@bf025f4
09-07 03:42:37.951 12438 12438 D LifecycleMonitor: Lifecycle status change: ru.iteco.fmhandroid.ui.AppActivity@bf025f4 in: RESUMED
09-07 03:42:37.952 12438 12438 V ActivityScenario: Update currentActivityStage to RESUMED, currentActivity=ru.iteco.fmhandroid.ui.AppActivity@bf025f4
09-07 03:42:37.953 12438 12483 V FA      : Activity resumed, time: 1081845
09-07 03:42:37.957 12438 12474 W teco.fmhandroi: Accessing hidden method Lsun/misc/Unsafe;->compareAndSwapObject(Ljava/lang/Object;JLjava/lang/Object;Ljava/lang/Object;)Z (greylist, linking, allowed)
09-07 03:42:37.957 12438 12474 W teco.fmhandroi: Accessing hidden method Lsun/misc/Unsafe;->getObject(Ljava/lang/Object;J)Ljava/lang/Object; (greylist, linking, allowed)
09-07 03:42:37.966 12438 12483 I FA      : Tag Manager is not found and thus will not be used
09-07 03:42:37.972 12438 12482 W FileTestStorage: Output properties is not supported.
09-07 03:42:37.976 12438 12482 I Tracing : Tracer added: class androidx.test.platform.tracing.AndroidXTracer
09-07 03:42:38.003 12438 12482 D EventInjectionStrategy: Creating injection strategy with input manager.
09-07 03:42:38.003 12438 12482 W teco.fmhandroi: Accessing hidden method Landroid/hardware/input/InputManager;->getInstance()Landroid/hardware/input/InputManager; (greylist, reflection, allowed)
09-07 03:42:38.003 12438 12482 W teco.fmhandroi: Accessing hidden method Landroid/hardware/input/InputManager;->injectInputEvent(Landroid/view/InputEvent;I)Z (greylist, reflection, allowed)
09-07 03:42:38.003 12438 12482 W teco.fmhandroi: Accessing hidden field Landroid/hardware/input/InputManager;->INJECT_INPUT_EVENT_MODE_WAIT_FOR_FINISH:I (greylist, reflection, allowed)
09-07 03:42:38.020 12438 12530 D HostConnection: HostConnection::get() New Host Connection established 0xda256190, tid 12530
09-07 03:42:38.025 12438 12530 D HostConnection: HostComposition ext ANDROID_EMU_CHECKSUM_HELPER_v1 ANDROID_EMU_dma_v1 ANDROID_EMU_direct_mem ANDROID_EMU_vulkan ANDROID_EMU_deferred_vulkan_commands ANDROID_EMU_vulkan_null_optional_strings ANDROID_EMU_vulkan_create_resources_with_requirements ANDROID_EMU_YUV420_888_to_NV21 ANDROID_EMU_YUV_Cache ANDROID_EMU_vulkan_free_memory_sync ANDROID_EMU_vulkan_shader_float16_int8 ANDROID_EMU_vulkan_async_queue_submit ANDROID_EMU_sync_buffer_data GL_OES_vertex_array_object GL_KHR_texture_compression_astc_ldr ANDROID_EMU_host_side_tracing ANDROID_EMU_gles_max_version_2 
09-07 03:42:38.036 12438 12530 W OpenGLRenderer: Failed to choose config with EGL_SWAP_BEHAVIOR_PRESERVED, retrying without...
09-07 03:42:38.043 12438 12530 D eglCodecCommon: setVertexArrayObject: set vao to 0 (0) 0 0
09-07 03:42:38.043 12438 12530 D EGL_emulation: eglCreateContext: 0xda21b560: maj 2 min 0 rcv 2
09-07 03:42:38.067 12438 12530 D EGL_emulation: eglMakeCurrent: 0xda21b560: ver 2 0 (tinfo 0xda20fa70)
09-07 03:42:38.074  1793  1859 D gralloc_ranchu: gralloc_alloc: Creating ashmem region of size 9113600
09-07 03:42:38.078  1678  1678 I hwservicemanager: getTransport: Cannot find entry android.hardware.graphics.mapper@3.0::IMapper/default in either framework or device manifest.
09-07 03:42:38.078 12438 12530 W Gralloc3: mapper 3.x is not supported
09-07 03:42:38.081 12438 12530 D HostConnection: createUnique: call
09-07 03:42:38.081 12438 12530 D HostConnection: HostConnection::get() New Host Connection established 0xda256a50, tid 12530
09-07 03:42:38.081 12438 12530 D HostConnection: HostComposition ext ANDROID_EMU_CHECKSUM_HELPER_v1 ANDROID_EMU_dma_v1 ANDROID_EMU_direct_mem ANDROID_EMU_vulkan ANDROID_EMU_deferred_vulkan_commands ANDROID_EMU_vulkan_null_optional_strings ANDROID_EMU_vulkan_create_resources_with_requirements ANDROID_EMU_YUV420_888_to_NV21 ANDROID_EMU_YUV_Cache ANDROID_EMU_vulkan_free_memory_sync ANDROID_EMU_vulkan_shader_float16_int8 ANDROID_EMU_vulkan_async_queue_submit ANDROID_EMU_sync_buffer_data GL_OES_vertex_array_object GL_KHR_texture_compression_astc_ldr ANDROID_EMU_host_side_tracing ANDROID_EMU_gles_max_version_2 
09-07 03:42:38.081 12438 12530 D eglCodecCommon: allocate: Ask for block of size 0x1000
09-07 03:42:38.081 12438 12530 D eglCodecCommon: allocate: ioctl allocate returned offset 0x3ff68a000 size 0x2000
09-07 03:42:38.085  1793  1859 D gralloc_ranchu: gralloc_alloc: Creating ashmem region of size 9113600
09-07 03:42:38.087  1793  1859 D gralloc_ranchu: gralloc_alloc: Creating ashmem region of size 9113600
09-07 03:42:38.090 12438 12530 D EGL_emulation: eglMakeCurrent: 0xda21b560: ver 2 0 (tinfo 0xda20fa70)
09-07 03:42:38.100 12438 12530 D eglCodecCommon: setVertexArrayObject: set vao to 0 (0) 1 0
09-07 03:42:38.108  7867 12290 V FA-SVC  : Logging event: origin=auto,name=screen_view(_vs),params=Bundle[{ga_event_origin(_o)=auto, ga_screen_class(_sc)=AppActivity, ga_screen_id(_si)=3165807017391065707}]
09-07 03:42:38.116  7867 12290 V FA-SVC  : Upload scheduled in approximately ms: 2678994
09-07 03:42:38.116  7867 12290 V FA-SVC  : Unscheduling upload
09-07 03:42:38.131  7867 12290 V FA-SVC  : Scheduling upload, millis: 2678994
09-07 03:42:38.132  7867 12290 V FA-SVC  : Background event processing time, ms: 41
09-07 03:42:38.169  2037  2065 I ActivityTaskManager: Displayed ru.iteco.fmhandroid/.ui.AppActivity: +1s140ms
09-07 03:42:38.180  2182  2182 W View    : requestLayout() improperly called by com.android.keyguard.AlphaOptimizedLinearLayout{551c6d8 V.E...... ......ID 7,0-48,61 #7f0a041c app:id/wifi_group} during second layout pass: posting in next frame
09-07 03:42:38.195  2182  2182 W View    : requestLayout() improperly called by StatusBarIconView(slot=mobile icon=null notification=null) during layout: running second layout pass
09-07 03:42:38.206 12438 12482 W FileTestStorage: Test input args is not supported.
09-07 03:42:38.218 12438 12438 W teco.fmhandroi: Accessing hidden method Landroid/os/MessageQueue;->next()Landroid/os/Message; (greylist, reflection, allowed)
09-07 03:42:38.218 12438 12438 W teco.fmhandroi: Accessing hidden field Landroid/os/MessageQueue;->mMessages:Landroid/os/Message; (greylist, reflection, allowed)
09-07 03:42:38.218 12438 12438 W teco.fmhandroi: Accessing hidden method Landroid/os/Message;->recycleUnchecked()V (greylist, reflection, allowed)
09-07 03:42:38.223 12438 12482 W teco.fmhandroi: Accessing hidden method Lsun/misc/Unsafe;->getUnsafe()Lsun/misc/Unsafe; (greylist,core-platform-api, linking, allowed)
09-07 03:42:38.224 12438 12482 W teco.fmhandroi: Accessing hidden method Lsun/misc/Unsafe;->putObject(Ljava/lang/Object;JLjava/lang/Object;)V (greylist, linking, allowed)
09-07 03:42:38.232 12438 12482 W teco.fmhandroi: Accessing hidden method Lsun/misc/Unsafe;->compareAndSwapObject(Ljava/lang/Object;JLjava/lang/Object;Ljava/lang/Object;)Z (greylist, linking, allowed)
09-07 03:42:38.232 12438 12482 W teco.fmhandroi: Accessing hidden method Lsun/misc/Unsafe;->getObject(Ljava/lang/Object;J)Ljava/lang/Object; (greylist, linking, allowed)
09-07 03:42:38.234 12438 12438 W teco.fmhandroi: Accessing hidden method Landroid/view/WindowManagerGlobal;->getInstance()Landroid/view/WindowManagerGlobal; (greylist, reflection, allowed)
09-07 03:42:38.234 12438 12438 W teco.fmhandroi: Accessing hidden field Landroid/view/WindowManagerGlobal;->mViews:Ljava/util/ArrayList; (greylist, reflection, allowed)
09-07 03:42:38.235 12438 12438 W teco.fmhandroi: Accessing hidden field Landroid/view/WindowManagerGlobal;->mParams:Ljava/util/ArrayList; (greylist, reflection, allowed)
09-07 03:42:38.238  2182  2182 W View    : requestLayout() improperly called by com.android.keyguard.AlphaOptimizedLinearLayout{551c6d8 V.E...... ......ID 7,0-48,61 #7f0a041c app:id/wifi_group} during second layout pass: posting in next frame
09-07 03:42:38.246  2182  2182 W View    : requestLayout() improperly called by StatusBarIconView(slot=mobile icon=null notification=null) during layout: running second layout pass
09-07 03:42:38.249 12438 12438 I ViewInteraction: Performing 'wait for a specific view with <(an instance of android.widget.TextView and view.getText() with or without transformation to match: is "Authorization" and view.getParent() view.getParent() view.getId() is <2131231186>)> during 10000 millis.' action on view view.getRootView() to equal view
09-07 03:42:38.271  2182  2182 W View    : requestLayout() improperly called by com.android.keyguard.AlphaOptimizedLinearLayout{551c6d8 V.E...... ......ID 7,0-48,61 #7f0a041c app:id/wifi_group} during second layout pass: posting in next frame
09-07 03:42:38.282  2182  2182 W View    : requestLayout() improperly called by StatusBarIconView(slot=mobile icon=null notification=null) during layout: running second layout pass
09-07 03:42:38.307  2182  2182 W View    : requestLayout() improperly called by com.android.keyguard.AlphaOptimizedLinearLayout{551c6d8 V.E...... ......ID 7,0-48,61 #7f0a041c app:id/wifi_group} during second layout pass: posting in next frame
09-07 03:42:38.319  2182  2182 W View    : requestLayout() improperly called by StatusBarIconView(slot=mobile icon=null notification=null) during layout: running second layout pass
09-07 03:42:38.343  2182  2182 W View    : requestLayout() improperly called by com.android.keyguard.AlphaOptimizedLinearLayout{551c6d8 V.E...... ......ID 7,0-48,61 #7f0a041c app:id/wifi_group} during second layout pass: posting in next frame
09-07 03:42:38.355  2182  2182 W View    : requestLayout() improperly called by StatusBarIconView(slot=mobile icon=null notification=null) during layout: running second layout pass
09-07 03:42:38.379  2182  2182 W View    : requestLayout() improperly called by com.android.keyguard.AlphaOptimizedLinearLayout{551c6d8 V.E...... ......ID 7,0-48,61 #7f0a041c app:id/wifi_group} during second layout pass: posting in next frame
09-07 03:42:38.391  2182  2182 W View    : requestLayout() improperly called by StatusBarIconView(slot=mobile icon=null notification=null) during layout: running second layout pass
09-07 03:42:38.468  8425  8643 I FontLog : (REDACTED) Received query %s, URI %s
09-07 03:42:38.469  8425  8643 I FontLog : (REDACTED) Query [%s] resolved to %s
09-07 03:42:38.470  8425  8643 I FontLog : (REDACTED) Fetch %s end status %s
09-07 03:42:38.476  8425  8643 I FontLog : (REDACTED) Pulling font file for id = %d, cache size = %d
09-07 03:42:38.480  8425  8643 I FontLog : (REDACTED) Pulling font file for id = %d, cache size = %d
09-07 03:42:38.920  1792  2272 E GnssHAL_GnssInterface: gnssSvStatusCb: a: input svInfo.flags is 8
09-07 03:42:38.920  1792  2272 E GnssHAL_GnssInterface: gnssSvStatusCb: b: input svInfo.flags is 8
09-07 03:42:39.542  2434  2940 E ActivityThread: Failed to find provider info for com.google.android.apps.wellbeing.api
09-07 03:42:39.918  1792  2272 E GnssHAL_GnssInterface: gnssSvStatusCb: a: input svInfo.flags is 8
09-07 03:42:39.918  1792  2272 E GnssHAL_GnssInterface: gnssSvStatusCb: b: input svInfo.flags is 8
09-07 03:42:40.920  1792  2272 E GnssHAL_GnssInterface: gnssSvStatusCb: a: input svInfo.flags is 8
09-07 03:42:40.920  1792  2272 E GnssHAL_GnssInterface: gnssSvStatusCb: b: input svInfo.flags is 8
09-07 03:42:40.958 12438 12438 W teco.fmhandroi: Accessing hidden method Lsun/misc/Unsafe;->allocateInstance(Ljava/lang/Class;)Ljava/lang/Object; (greylist, reflection, allowed)
09-07 03:42:40.985 12438 12544 I okhttp.OkHttpClient: --> GET http://www.981757-ca08998.tmweb.ru:8080/fmh/authentication/userInfo
09-07 03:42:40.985 12438 12544 I okhttp.OkHttpClient: --> END GET
09-07 03:42:40.991  1774 12545 E ResolverController: No valid NAT64 prefix (101, <unspecified>/0)
09-07 03:42:41.866 12438 12544 I okhttp.OkHttpClient: <-- 200 http://www.981757-ca08998.tmweb.ru:8080/fmh/authentication/userInfo (880ms)
09-07 03:42:41.866 12438 12544 I okhttp.OkHttpClient: Vary: Origin
09-07 03:42:41.866 12438 12544 I okhttp.OkHttpClient: Vary: Access-Control-Request-Method
09-07 03:42:41.866 12438 12544 I okhttp.OkHttpClient: Vary: Access-Control-Request-Headers
09-07 03:42:41.866 12438 12544 I okhttp.OkHttpClient: X-Content-Type-Options: nosniff
09-07 03:42:41.866 12438 12544 I okhttp.OkHttpClient: X-XSS-Protection: 1; mode=block
09-07 03:42:41.866 12438 12544 I okhttp.OkHttpClient: Cache-Control: no-cache, no-store, max-age=0, must-revalidate
09-07 03:42:41.866 12438 12544 I okhttp.OkHttpClient: Pragma: no-cache
09-07 03:42:41.867 12438 12544 I okhttp.OkHttpClient: Expires: 0
09-07 03:42:41.867 12438 12544 I okhttp.OkHttpClient: X-Frame-Options: DENY
09-07 03:42:41.867 12438 12544 I okhttp.OkHttpClient: Content-Type: application/json
09-07 03:42:41.867 12438 12544 I okhttp.OkHttpClient: Transfer-Encoding: chunked
09-07 03:42:41.867 12438 12544 I okhttp.OkHttpClient: Date: Thu, 07 Sep 2023 03:42:42 GMT
09-07 03:42:41.867 12438 12544 I okhttp.OkHttpClient: Keep-Alive: timeout=60
09-07 03:42:41.868 12438 12544 I okhttp.OkHttpClient: Connection: keep-alive
09-07 03:42:41.870 12438 12544 I okhttp.OkHttpClient: {"id":1,"firstName":"Ivan","lastName":"Ivanov","middleName":"Ivanovich","admin":true}
09-07 03:42:41.870 12438 12544 I okhttp.OkHttpClient: <-- END HTTP (85-byte body)
09-07 03:42:41.901 12438 12548 I okhttp.OkHttpClient: --> GET http://www.981757-ca08998.tmweb.ru:8080/fmh/claims
09-07 03:42:41.901 12438 12548 I okhttp.OkHttpClient: --> END GET
09-07 03:42:41.918  1792  2272 E GnssHAL_GnssInterface: gnssSvStatusCb: a: input svInfo.flags is 8
09-07 03:42:41.919  1792  2272 E GnssHAL_GnssInterface: gnssSvStatusCb: b: input svInfo.flags is 8
09-07 03:42:42.224  2182  2182 W View    : requestLayout() improperly called by com.android.keyguard.AlphaOptimizedLinearLayout{551c6d8 V.E...... ......ID 7,0-48,61 #7f0a041c app:id/wifi_group} during second layout pass: posting in next frame
09-07 03:42:42.226 12438 12530 D EGL_emulation: eglMakeCurrent: 0xda21b560: ver 2 0 (tinfo 0xda20fa70)
09-07 03:42:42.228  1793  1859 D gralloc_ranchu: gralloc_alloc: Creating ashmem region of size 9850880
09-07 03:42:42.236  2182  2182 W View    : requestLayout() improperly called by StatusBarIconView(slot=mobile icon=null notification=null) during layout: running second layout pass
09-07 03:42:42.244 12438 12530 D EGL_emulation: eglMakeCurrent: 0xda21b560: ver 2 0 (tinfo 0xda20fa70)
09-07 03:42:42.419  1793  1859 D gralloc_ranchu: gralloc_alloc: Creating ashmem region of size 9850880
09-07 03:42:42.437  1793  1859 D gralloc_ranchu: gralloc_alloc: Creating ashmem region of size 9850880
09-07 03:42:42.919  1792  2272 E GnssHAL_GnssInterface: gnssSvStatusCb: a: input svInfo.flags is 8
09-07 03:42:42.919  1792  2272 E GnssHAL_GnssInterface: gnssSvStatusCb: b: input svInfo.flags is 8
09-07 03:42:43.094 12438 12483 V FA      : Inactivity, disconnecting from the service
09-07 03:42:43.626  2666  2666 I brdd    : (REDACTED) disposing SearchServiceClient after timeout %s
09-07 03:42:43.920  1792  2272 E GnssHAL_GnssInterface: gnssSvStatusCb: a: input svInfo.flags is 8
09-07 03:42:43.920  1792  2272 E GnssHAL_GnssInterface: gnssSvStatusCb: b: input svInfo.flags is 8
09-07 03:42:44.921  1792  2272 E GnssHAL_GnssInterface: gnssSvStatusCb: a: input svInfo.flags is 8
09-07 03:42:44.921  1792  2272 E GnssHAL_GnssInterface: gnssSvStatusCb: b: input svInfo.flags is 8
09-07 03:42:45.095  1937  1937 E netmgr  : Failed to open QEMU pipe 'qemud:network': Invalid argument
09-07 03:42:45.340  1939  1939 E wifi_forwarder: RemoteConnection failed to initialize: RemoteConnection failed to open pipe
09-07 03:42:45.920  1792  2272 E GnssHAL_GnssInterface: gnssSvStatusCb: a: input svInfo.flags is 8
09-07 03:42:45.920  1792  2272 E GnssHAL_GnssInterface: gnssSvStatusCb: b: input svInfo.flags is 8
09-07 03:42:46.921  1792  2272 E GnssHAL_GnssInterface: gnssSvStatusCb: a: input svInfo.flags is 8
09-07 03:42:46.921  1792  2272 E GnssHAL_GnssInterface: gnssSvStatusCb: b: input svInfo.flags is 8
09-07 03:42:47.919  1792  2272 E GnssHAL_GnssInterface: gnssSvStatusCb: a: input svInfo.flags is 8
09-07 03:42:47.919  1792  2272 E GnssHAL_GnssInterface: gnssSvStatusCb: b: input svInfo.flags is 8
09-07 03:42:48.103  7867  7867 D BoundBrokerSvc: onUnbind: Intent { act=com.google.android.gms.measurement.START pkg=com.google.android.gms }
09-07 03:42:48.105  2037  2065 E memtrack: Couldn't load memtrack module
09-07 03:42:48.105  2037  2065 W android.os.Debug: failed to get memory consumption info: -1
09-07 03:42:48.286 12438 12438 D takeScreenshot: Found 1 global views to redraw
09-07 03:42:48.349  1793  1859 D gralloc_ranchu: gralloc_alloc: Creating ashmem region of size 9850880
09-07 03:42:48.357  1678  1678 I hwservicemanager: getTransport: Cannot find entry android.hardware.graphics.mapper@3.0::IMapper/default in either framework or device manifest.
09-07 03:42:48.357 12423 12437 W Gralloc3: mapper 3.x is not supported
09-07 03:42:48.361 12423 12437 D HostConnection: createUnique: call
09-07 03:42:48.361 12423 12437 D HostConnection: HostConnection::get() New Host Connection established 0xe97554e0, tid 12437
09-07 03:42:48.363 12423 12437 D HostConnection: HostComposition ext ANDROID_EMU_CHECKSUM_HELPER_v1 ANDROID_EMU_dma_v1 ANDROID_EMU_direct_mem ANDROID_EMU_vulkan ANDROID_EMU_deferred_vulkan_commands ANDROID_EMU_vulkan_null_optional_strings ANDROID_EMU_vulkan_create_resources_with_requirements ANDROID_EMU_YUV420_888_to_NV21 ANDROID_EMU_YUV_Cache ANDROID_EMU_vulkan_free_memory_sync ANDROID_EMU_vulkan_shader_float16_int8 ANDROID_EMU_vulkan_async_queue_submit ANDROID_EMU_sync_buffer_data GL_OES_vertex_array_object GL_KHR_texture_compression_astc_ldr ANDROID_EMU_host_side_tracing ANDROID_EMU_gles_max_version_2 
09-07 03:42:48.363 12423 12437 D eglCodecCommon: allocate: Ask for block of size 0x1000
09-07 03:42:48.363 12423 12437 D eglCodecCommon: allocate: ioctl allocate returned offset 0x3ffff6000 size 0x2000
09-07 03:42:48.366  1823  2474 E SurfaceFlinger: ro.sf.lcd_density must be defined as a build property
09-07 03:42:48.366  1823  2474 E SurfaceFlinger: ro.sf.lcd_density must be defined as a build property
09-07 03:42:48.368 12423 12561 D libEGL  : Emulator has host GPU support, qemu.gles is set to 1.
09-07 03:42:48.372 12423 12561 W libc    : Unable to set property "qemu.gles" to "1": error code: 0x18
09-07 03:42:48.373 12423 12561 D libEGL  : loaded /vendor/lib/egl/libEGL_emulation.so
09-07 03:42:48.373 12423 12561 D libEGL  : loaded /vendor/lib/egl/libGLESv1_CM_emulation.so
09-07 03:42:48.374 12423 12561 D libEGL  : loaded /vendor/lib/egl/libGLESv2_emulation.so
09-07 03:42:48.379 12423 12561 D HostConnection: HostConnection::get() New Host Connection established 0xe97553f0, tid 12561
09-07 03:42:48.380 12423 12561 D HostConnection: HostComposition ext ANDROID_EMU_CHECKSUM_HELPER_v1 ANDROID_EMU_dma_v1 ANDROID_EMU_direct_mem ANDROID_EMU_vulkan ANDROID_EMU_deferred_vulkan_commands ANDROID_EMU_vulkan_null_optional_strings ANDROID_EMU_vulkan_create_resources_with_requirements ANDROID_EMU_YUV420_888_to_NV21 ANDROID_EMU_YUV_Cache ANDROID_EMU_vulkan_free_memory_sync ANDROID_EMU_vulkan_shader_float16_int8 ANDROID_EMU_vulkan_async_queue_submit ANDROID_EMU_sync_buffer_data GL_OES_vertex_array_object GL_KHR_texture_compression_astc_ldr ANDROID_EMU_host_side_tracing ANDROID_EMU_gles_max_version_2 
09-07 03:42:48.382 12423 12561 W OpenGLRenderer: Failed to choose config with EGL_SWAP_BEHAVIOR_PRESERVED, retrying without...
09-07 03:42:48.388 12423 12561 D eglCodecCommon: setVertexArrayObject: set vao to 0 (0) 0 0
09-07 03:42:48.388 12423 12561 D EGL_emulation: eglCreateContext: 0xd46284e0: maj 2 min 0 rcv 2
09-07 03:42:48.405 12423 12561 D EGL_emulation: eglMakeCurrent: 0xd46284e0: ver 2 0 (tinfo 0xd460f370)
09-07 03:42:48.412 12423 12561 D eglCodecCommon: setVertexArrayObject: set vao to 0 (0) 1 0
09-07 03:42:48.438 12438 12482 W DefaultFailureHandler: Failed to take screenshot
09-07 03:42:48.438 12438 12482 W DefaultFailureHandler: java.io.FileNotFoundException: view-op-error-1.png: open failed: EROFS (Read-only file system)
09-07 03:42:48.438 12438 12482 W DefaultFailureHandler: 	at libcore.io.IoBridge.open(IoBridge.java:496)
09-07 03:42:48.438 12438 12482 W DefaultFailureHandler: 	at java.io.FileOutputStream.<init>(FileOutputStream.java:235)
09-07 03:42:48.438 12438 12482 W DefaultFailureHandler: 	at java.io.FileOutputStream.<init>(FileOutputStream.java:125)
09-07 03:42:48.438 12438 12482 W DefaultFailureHandler: 	at androidx.test.platform.io.FileTestStorage.openOutputFile(FileTestStorage.java:60)
09-07 03:42:48.438 12438 12482 W DefaultFailureHandler: 	at androidx.test.core.graphics.BitmapStorage.writeToTestStorage(BitmapStorageExt.kt:49)
09-07 03:42:48.438 12438 12482 W DefaultFailureHandler: 	at androidx.test.espresso.base.DefaultFailureHandler.takeScreenshot(DefaultFailureHandler.java:4)
09-07 03:42:48.438 12438 12482 W DefaultFailureHandler: 	at androidx.test.espresso.base.DefaultFailureHandler.handle(DefaultFailureHandler.java:3)
09-07 03:42:48.438 12438 12482 W DefaultFailureHandler: 	at androidx.test.espresso.ViewInteraction.waitForAndHandleInteractionResults(ViewInteraction.java:8)
09-07 03:42:48.438 12438 12482 W DefaultFailureHandler: 	at androidx.test.espresso.ViewInteraction.desugaredPerform(ViewInteraction.java:11)
09-07 03:42:48.438 12438 12482 W DefaultFailureHandler: 	at androidx.test.espresso.ViewInteraction.perform(ViewInteraction.java:8)
09-07 03:42:48.438 12438 12482 W DefaultFailureHandler: 	at ru.iteco.fmhandroid.ui.data.TestUtils.waitView(TestUtils.java:61)
09-07 03:42:48.438 12438 12482 W DefaultFailureHandler: 	at ru.iteco.fmhandroid.ui.steps.AuthSteps.isAuthScreen(AuthSteps.java:58)
09-07 03:42:48.438 12438 12482 W DefaultFailureHandler: 	at ru.iteco.fmhandroid.ui.steps.AuthSteps.authWithValidData(AuthSteps.java:65)
09-07 03:42:48.438 12438 12482 W DefaultFailureHandler: 	at ru.iteco.fmhandroid.ui.FilterNewsPageTest.logoutCheck(FilterNewsPageTest.java:54)
09-07 03:42:48.438 12438 12482 W DefaultFailureHandler: 	at java.lang.reflect.Method.invoke(Native Method)
09-07 03:42:48.438 12438 12482 W DefaultFailureHandler: 	at org.junit.runners.model.FrameworkMethod$1.runReflectiveCall(FrameworkMethod.java:59)
09-07 03:42:48.438 12438 12482 W DefaultFailureHandler: 	at org.junit.internal.runners.model.ReflectiveCallable.run(ReflectiveCallable.java:12)
09-07 03:42:48.438 12438 12482 W DefaultFailureHandler: 	at org.junit.runners.model.FrameworkMethod.invokeExplosively(FrameworkMethod.java:56)
09-07 03:42:48.438 12438 12482 W DefaultFailureHandler: 	at androidx.test.internal.runner.junit4.statement.RunBefores.evaluate(RunBefores.java:76)
09-07 03:42:48.438 12438 12482 W DefaultFailureHandler: 	at io.qameta.allure.android.rules.ScreenshotRule$apply$1.evaluate(ScreenshotRule.kt:22)
09-07 03:42:48.438 12438 12482 W DefaultFailureHandler: 	at org.junit.rules.ExternalResource$1.evaluate(ExternalResource.java:54)
09-07 03:42:48.438 12438 12482 W DefaultFailureHandler: 	at io.qameta.allure.android.rules.LogcatRule$apply$1.evaluate(LogcatRule.kt:23)
09-07 03:42:48.438 12438 12482 W DefaultFailureHandler: 	at org.junit.rules.RunRules.evaluate(RunRules.java:20)
09-07 03:42:48.438 12438 12482 W DefaultFailureHandler: 	at org.junit.runners.ParentRunner$3.evaluate(ParentRunner.java:306)
09-07 03:42:48.438 12438 12482 W DefaultFailureHandler: 	at org.junit.runners.BlockJUnit4ClassRunner$1.evaluate(BlockJUnit4ClassRunner.java:100)
09-07 03:42:48.438 12438 12482 W DefaultFailureHandler: 	at org.junit.runners.ParentRunner.runLeaf(ParentRunner.java:366)
09-07 03:42:48.438 12438 12482 W DefaultFailureHandler: 	at org.junit.runners.BlockJUnit4ClassRunner.runChild(BlockJUnit4ClassRunner.java:103)
09-07 03:42:48.438 12438 12482 W DefaultFailureHandler: 	at org.junit.runners.BlockJUnit4ClassRunner.runChild(BlockJUnit4ClassRunner.java:63)
09-07 03:42:48.438 12438 12482 W DefaultFailureHandler: 	at org.junit.runners.ParentRunner$4.run(ParentRunner.java:331)
09-07 03:42:48.438 12438 12482 W DefaultFailureHandler: 	at org.junit.runners.ParentRunner$1.schedule(ParentRunner.java:79)
09-07 03:42:48.438 12438 12482 W DefaultFailureHandler: 	at org.junit.runners.ParentRunner.runChildren(ParentRunner.java:329)
09-07 03:42:48.438 12438 12482 W DefaultFailureHandler: 	at org.junit.runners.ParentRunner.access$100(ParentRunner.java:66)
09-07 03:42:48.438 12438 12482 W DefaultFailureHandler: 	at org.junit.runners.ParentRunner$2.evaluate(ParentRunner.java:293)
09-07 03:42:48.438 12438 12482 W DefaultFailureHandler: 	at org.junit.runners.ParentRunner$3.evaluate(ParentRunner.java:306)
09-07 03:42:48.438 12438 12482 W DefaultFailureHandler: 	at org.junit.runners.ParentRunner.run(ParentRunner.java:413)
09-07 03:42:48.438 12438 12482 W DefaultFailureHandler: 	at androidx.test.ext.junit.runners.AndroidJUnit4.run(AndroidJUnit4.java:162)
09-07 03:42:48.438 12438 12482 W DefaultFailureHandler: 	at io.qameta.allure.android.runners.AllureAndroidJUnit4.run(AllureAndroidJUnitRunners.kt:29)
09-07 03:42:48.438 12438 12482 W DefaultFailureHandler: 	at org.junit.runners.Suite.runChild(Suite.java:128)
09-07 03:42:48.438 12438 12482 W DefaultFailureHandler: 	at org.junit.runners.Suite.runChild(Suite.java:27)
09-07 03:42:48.438 12438 12482 W DefaultFailureHandler: 	at org.junit.runners.ParentRunner$4.run(ParentRunner.java:331)
09-07 03:42:48.438 12438 12482 W DefaultFailureHandler: 	at org.junit.runners.ParentRunner$1.schedule(ParentRunner.java:79)
09-07 03:42:48.438 12438 12482 W DefaultFailureHandler: 	at org.junit.runners.ParentRunner.runChildren(ParentRunner.java:329)
09-07 03:42:48.438 12438 12482 W DefaultFailureHandler: 	at org.junit.runners.ParentRunner.access$100(ParentRunner.java:66)
09-07 03:42:48.438 12438 12482 W DefaultFailureHandler: 	at org.junit.runners.ParentRunner$2.evaluate(ParentRunner.java:293)
09-07 03:42:48.438 12438 12482 W DefaultFailureHandler: 	at org.junit.runners.ParentRunner$3.evaluate(ParentRunner.java:306)
09-07 03:42:48.438 12438 12482 W DefaultFailureHandler: 	at org.junit.runners.ParentRunner.run(ParentRunner.java:413)
09-07 03:42:48.438 12438 12482 W DefaultFailureHandler: 	at org.junit.runner.JUnitCore.run(JUnitCore.java:137)
09-07 03:42:48.438 12438 12482 W DefaultFailureHandler: 	at org.junit.runner.JUnitCore.run(JUnitCore.java:115)
09-07 03:42:48.438 12438 12482 W DefaultFailureHandler: 	at androidx.test.internal.runner.TestExecutor.execute(TestExecutor.java:67)
09-07 03:42:48.438 12438 12482 W DefaultFailureHandler: 	at androidx.test.internal.runner.TestExecutor.execute(TestExecutor.java:58)
09-07 03:42:48.438 12438 12482 W DefaultFailureHandler: 	at androidx.test.runner.AndroidJUnitRunner.onStart(AndroidJUnitRunner.java:438)
09-07 03:42:48.438 12438 12482 W DefaultFailureHandler: 	at android.app.Instrumentation$InstrumentationThread.run(Instrumentation.java:2189)
09-07 03:42:48.438 12438 12482 W DefaultFailureHandler: Caused by: android.system.ErrnoException: open failed: EROFS (Read-only file system)
09-07 03:42:48.438 12438 12482 W DefaultFailureHandler: 	at libcore.io.Linux.open(Native Method)
09-07 03:42:48.438 12438 12482 W DefaultFailureHandler: 	at libcore.io.ForwardingOs.open(ForwardingOs.java:167)
09-07 03:42:48.438 12438 12482 W DefaultFailureHandler: 	at libcore.io.BlockGuardOs.open(BlockGuardOs.java:252)
09-07 03:42:48.438 12438 12482 W DefaultFailureHandler: 	at libcore.io.ForwardingOs.open(ForwardingOs.java:167)
09-07 03:42:48.438 12438 12482 W DefaultFailureHandler: 	at android.app.ActivityThread$AndroidOs.open(ActivityThread.java:7255)
09-07 03:42:48.438 12438 12482 W DefaultFailureHandler: 	at libcore.io.IoBridge.open(IoBridge.java:482)
09-07 03:42:48.438 12438 12482 W DefaultFailureHandler: 	... 51 more
09-07 03:42:48.446  1793  1859 D gralloc_ranchu: gralloc_alloc: Creating ashmem region of size 9850880
09-07 03:42:48.586  2037  2115 I ActivityTaskManager: START u0 {act=android.intent.action.MAIN cat=[android.intent.category.LAUNCHER] flg=0x10000000 cmp=ru.iteco.fmhandroid.test/androidx.test.core.app.InstrumentationActivityInvoker$EmptyActivity} from uid 10136
09-07 03:42:48.591 12438 12438 D LifecycleMonitor: Lifecycle status change: ru.iteco.fmhandroid.ui.AppActivity@bf025f4 in: PAUSED
09-07 03:42:48.591 12438 12438 V ActivityScenario: Update currentActivityStage to PAUSED, currentActivity=ru.iteco.fmhandroid.ui.AppActivity@bf025f4
09-07 03:42:48.592  2037  2115 W InputReader: Device has associated, but no associated display id.
09-07 03:42:48.594  2037  2115 I chatty  : uid=1000(system) Binder:2037_3 identical 38 lines
09-07 03:42:48.594  2037  2115 W InputReader: Device has associated, but no associated display id.
09-07 03:42:48.594 12496 12496 W ActivityThread: handleWindowVisibility: no activity for token android.os.BinderProxy@d6eec89
09-07 03:42:48.594 12438 12483 V FA      : Recording user engagement, ms: 10639
09-07 03:42:48.595  2037  2115 W InputReader: Device has associated, but no associated display id.
09-07 03:42:48.596  2037  2115 I chatty  : uid=1000(system) Binder:2037_3 identical 8 lines
09-07 03:42:48.596  2037  2115 W InputReader: Device has associated, but no associated display id.
09-07 03:42:48.630 12496 12527 D HostConnection: HostConnection::get() New Host Connection established 0xd6c2af50, tid 12527
09-07 03:42:48.632 12496 12527 D HostConnection: HostComposition ext ANDROID_EMU_CHECKSUM_HELPER_v1 ANDROID_EMU_dma_v1 ANDROID_EMU_direct_mem ANDROID_EMU_vulkan ANDROID_EMU_deferred_vulkan_commands ANDROID_EMU_vulkan_null_optional_strings ANDROID_EMU_vulkan_create_resources_with_requirements ANDROID_EMU_YUV420_888_to_NV21 ANDROID_EMU_YUV_Cache ANDROID_EMU_vulkan_free_memory_sync ANDROID_EMU_vulkan_shader_float16_int8 ANDROID_EMU_vulkan_async_queue_submit ANDROID_EMU_sync_buffer_data GL_OES_vertex_array_object GL_KHR_texture_compression_astc_ldr ANDROID_EMU_host_side_tracing ANDROID_EMU_gles_max_version_2 
09-07 03:42:48.635 12496 12527 W OpenGLRenderer: Failed to choose config with EGL_SWAP_BEHAVIOR_PRESERVED, retrying without...
09-07 03:42:48.651 12496 12527 D eglCodecCommon: setVertexArrayObject: set vao to 0 (0) 0 0
09-07 03:42:48.651 12496 12527 D EGL_emulation: eglCreateContext: 0xe2250a40: maj 2 min 0 rcv 2
09-07 03:42:48.668 12496 12527 D EGL_emulation: eglMakeCurrent: 0xe2250a40: ver 2 0 (tinfo 0xed4894e0)
09-07 03:42:48.675  1793  1859 D gralloc_ranchu: gralloc_alloc: Creating ashmem region of size 9850880
09-07 03:42:48.677  1678  1678 I hwservicemanager: getTransport: Cannot find entry android.hardware.graphics.mapper@3.0::IMapper/default in either framework or device manifest.
09-07 03:42:48.677 12496 12527 W Gralloc3: mapper 3.x is not supported
09-07 03:42:48.679  2037  2674 I ActivityTaskManager: START u0 {act=android.intent.action.MAIN cat=[android.intent.category.LAUNCHER] flg=0x10000000 cmp=ru.iteco.fmhandroid.test/androidx.test.core.app.InstrumentationActivityInvoker$EmptyActivity} from uid 10136
09-07 03:42:48.680 12496 12527 D HostConnection: createUnique: call
09-07 03:42:48.680 12496 12527 D HostConnection: HostConnection::get() New Host Connection established 0xd6c2c490, tid 12527
09-07 03:42:48.681 12496 12527 D HostConnection: HostComposition ext ANDROID_EMU_CHECKSUM_HELPER_v1 ANDROID_EMU_dma_v1 ANDROID_EMU_direct_mem ANDROID_EMU_vulkan ANDROID_EMU_deferred_vulkan_commands ANDROID_EMU_vulkan_null_optional_strings ANDROID_EMU_vulkan_create_resources_with_requirements ANDROID_EMU_YUV420_888_to_NV21 ANDROID_EMU_YUV_Cache ANDROID_EMU_vulkan_free_memory_sync ANDROID_EMU_vulkan_shader_float16_int8 ANDROID_EMU_vulkan_async_queue_submit ANDROID_EMU_sync_buffer_data GL_OES_vertex_array_object GL_KHR_texture_compression_astc_ldr ANDROID_EMU_host_side_tracing ANDROID_EMU_gles_max_version_2 
09-07 03:42:48.681 12496 12527 D eglCodecCommon: allocate: Ask for block of size 0x1000
09-07 03:42:48.681 12496 12527 D eglCodecCommon: allocate: ioctl allocate returned offset 0x3ff686000 size 0x2000
09-07 03:42:48.684  1793  1859 D gralloc_ranchu: gralloc_alloc: Creating ashmem region of size 9850880
09-07 03:42:48.686 12496 12527 D EGL_emulation: eglMakeCurrent: 0xe2250a40: ver 2 0 (tinfo 0xed4894e0)
09-07 03:42:48.687 12496 12527 D eglCodecCommon: setVertexArrayObject: set vao to 0 (0) 1 0
09-07 03:42:48.688  1793  1859 D gralloc_ranchu: gralloc_alloc: Creating ashmem region of size 9850880
09-07 03:42:48.707 12438 12483 V FA      : Connecting to remote service
09-07 03:42:48.710  7867  7867 D BoundBrokerSvc: onBind: Intent { act=com.google.android.gms.measurement.START pkg=com.google.android.gms }
09-07 03:42:48.710  7867  7867 D BoundBrokerSvc: Loading bound service for intent: Intent { act=com.google.android.gms.measurement.START pkg=com.google.android.gms }
09-07 03:42:48.714 12438 12483 V FA      : Connection attempt already in progress
09-07 03:42:48.714 12438 12483 V FA      : Activity paused, time: 1092486
09-07 03:42:48.729 12438 12483 D FA      : Connected to remote service
09-07 03:42:48.729 12438 12483 V FA      : Processing queued up service tasks: 2
09-07 03:42:48.742  2037  2055 W InputReader: Device has associated, but no associated display id.
09-07 03:42:48.746  2037  2055 I chatty  : uid=1000(system) Binder:2037_1 identical 48 lines
09-07 03:42:48.746  2037  2055 W InputReader: Device has associated, but no associated display id.
09-07 03:42:48.759  7867 12290 V FA-SVC  : Logging event: origin=auto,name=user_engagement(_e),params=Bundle[{ga_event_origin(_o)=auto, engagement_time_msec(_et)=10639, ga_screen_class(_sc)=AppActivity, ga_screen_id(_si)=3165807017391065707}]
09-07 03:42:48.773 12496 12496 W ActivityThread: handleWindowVisibility: no activity for token android.os.BinderProxy@ee74d3e
09-07 03:42:48.784  7867 12290 V FA-SVC  : Upload scheduled in approximately ms: 2668326
09-07 03:42:48.784  7867 12290 V FA-SVC  : Unscheduling upload
09-07 03:42:48.784  2037  2055 W ActivityTaskManager: Duplicate finish request for ActivityRecord{c3345c9 u0 ru.iteco.fmhandroid/.ui.AppActivity t682 f}
09-07 03:42:48.789  7867 12290 V FA-SVC  : Scheduling upload, millis: 2668326
09-07 03:42:48.794  7867 12290 V FA-SVC  : Background event processing time, ms: 36
09-07 03:42:48.801  1793  1859 D gralloc_ranchu: gralloc_alloc: Creating ashmem region of size 9850880
09-07 03:42:48.805  1793  1859 I chatty  : uid=1000(system) HwBinder:1793_1 identical 1 line
09-07 03:42:48.806  1793  1859 D gralloc_ranchu: gralloc_alloc: Creating ashmem region of size 9850880
09-07 03:42:48.811 12496 12527 D EGL_emulation: eglMakeCurrent: 0xe2250a40: ver 2 0 (tinfo 0xed4894e0)
09-07 03:42:48.831  2037  2061 W InputReader: Device has associated, but no associated display id.
09-07 03:42:48.832  2037  2061 I chatty  : uid=1000(system) android.anim identical 18 lines
09-07 03:42:48.832  2037  2061 W InputReader: Device has associated, but no associated display id.
09-07 03:42:48.835  2037  2065 I ActivityTaskManager: Displayed ru.iteco.fmhandroid.test/androidx.test.core.app.InstrumentationActivityInvoker$EmptyActivity: +144ms
09-07 03:42:48.837  2037  2055 W InputReader: Device has associated, but no associated display id.
09-07 03:42:48.837  2037  2055 I chatty  : uid=1000(system) Binder:2037_1 identical 8 lines
09-07 03:42:48.837  2037  2055 W InputReader: Device has associated, but no associated display id.
09-07 03:42:48.843 12438 12530 D EGL_emulation: eglMakeCurrent: 0xda21b560: ver 2 0 (tinfo 0xda20fa70)
09-07 03:42:48.851  2037  2055 W InputReader: Device has associated, but no associated display id.
09-07 03:42:48.851  2037  2055 I chatty  : uid=1000(system) Binder:2037_1 identical 8 lines
09-07 03:42:48.851  2037  2055 W InputReader: Device has associated, but no associated display id.
09-07 03:42:48.857 12438 12438 D LifecycleMonitor: Lifecycle status change: ru.iteco.fmhandroid.ui.AppActivity@bf025f4 in: STOPPED
09-07 03:42:48.857 12438 12438 V ActivityScenario: Update currentActivityStage to STOPPED, currentActivity=ru.iteco.fmhandroid.ui.AppActivity@bf025f4
09-07 03:42:48.858  1823  1823 W SurfaceFlinger: couldn't log to binary event log: overflow.
09-07 03:42:48.867  1793  1859 D gralloc_ranchu: gralloc_alloc: Creating ashmem region of size 9850880
09-07 03:42:48.870 12438 12438 W System.err: ru.iteco.fmhandroid.exceptions.UnknownException
09-07 03:42:48.870 12438 12438 W System.err: 	at ru.iteco.fmhandroid.utils.Utils.makeRequest(Utils.kt:123)
09-07 03:42:48.870 12438 12438 W System.err: 	at ru.iteco.fmhandroid.utils.Utils$makeRequest$1.invokeSuspend(Unknown Source:15)
09-07 03:42:48.870 12438 12438 W System.err: 	at kotlin.coroutines.jvm.internal.BaseContinuationImpl.resumeWith(ContinuationImpl.kt:33)
09-07 03:42:48.870 12438 12438 W System.err: 	at kotlinx.coroutines.DispatchedTaskKt.resume(DispatchedTask.kt:234)
09-07 03:42:48.870 12438 12438 W System.err: 	at kotlinx.coroutines.DispatchedTaskKt.resumeUnconfined(DispatchedTask.kt:190)
09-07 03:42:48.870 12438 12438 W System.err: 	at kotlinx.coroutines.DispatchedTaskKt.dispatch(DispatchedTask.kt:161)
09-07 03:42:48.870 12438 12438 W System.err: 	at kotlinx.coroutines.CancellableContinuationImpl.dispatchResume(CancellableContinuationImpl.kt:397)
09-07 03:42:48.870 12438 12438 W System.err: 	at kotlinx.coroutines.CancellableContinuationImpl.cancel(CancellableContinuationImpl.kt:183)
09-07 03:42:48.870 12438 12438 W System.err: 	at kotlinx.coroutines.CancellableContinuationImpl.parentCancelled$kotlinx_coroutines_core(CancellableContinuationImpl.kt:190)
09-07 03:42:48.870 12438 12438 W System.err: 	at kotlinx.coroutines.ChildContinuation.invoke(JobSupport.kt:1474)
09-07 03:42:48.871 12438 12438 W System.err: 	at kotlinx.coroutines.JobSupport.notifyCancelling(JobSupport.kt:1499)
09-07 03:42:48.871 12438 12438 W System.err: 	at kotlinx.coroutines.JobSupport.tryMakeCancelling(JobSupport.kt:795)
09-07 03:42:48.871 12438 12438 W System.err: 	at kotlinx.coroutines.JobSupport.makeCancelling(JobSupport.kt:755)
09-07 03:42:48.871 12438 12438 W System.err: 	at kotlinx.coroutines.JobSupport.cancelImpl$kotlinx_coroutines_core(JobSupport.kt:671)
09-07 03:42:48.871 12438 12438 W System.err: 	at kotlinx.coroutines.JobSupport.parentCancelled(JobSupport.kt:637)
09-07 03:42:48.871 12438 12438 W System.err: 	at kotlinx.coroutines.ChildHandleNode.invoke(JobSupport.kt:1465)
09-07 03:42:48.871 12438 12438 W System.err: 	at kotlinx.coroutines.JobSupport.notifyCancelling(JobSupport.kt:1499)
09-07 03:42:48.871 12438 12438 W System.err: 	at kotlinx.coroutines.JobSupport.tryMakeCompletingSlowPath(JobSupport.kt:900)
09-07 03:42:48.871 12438 12438 W System.err: 	at kotlinx.coroutines.JobSupport.tryMakeCompleting(JobSupport.kt:863)
09-07 03:42:48.871 12438 12438 W System.err: 	at kotlinx.coroutines.JobSupport.cancelMakeCompleting(JobSupport.kt:696)
09-07 03:42:48.871 12438 12438 W System.err: 	at kotlinx.coroutines.JobSupport.cancelImpl$kotlinx_coroutines_core(JobSupport.kt:667)
09-07 03:42:48.871 12438 12438 W System.err: 	at kotlinx.coroutines.JobSupport.cancelInternal(JobSupport.kt:632)
09-07 03:42:48.871 12438 12438 W System.err: 	at kotlinx.coroutines.JobSupport.cancel(JobSupport.kt:617)
09-07 03:42:48.871 12438 12438 W System.err: 	at kotlinx.coroutines.JobKt__JobKt.cancel(Job.kt:561)
09-07 03:42:48.871 12438 12438 W System.err: 	at kotlinx.coroutines.JobKt.cancel(Unknown Source:1)
09-07 03:42:48.871 12438 12438 W System.err: 	at kotlinx.coroutines.JobKt__JobKt.cancel$default(Job.kt:560)
09-07 03:42:48.871 12438 12438 W System.err: 	at kotlinx.coroutines.JobKt.cancel$default(Unknown Source:1)
09-07 03:42:48.871 12438 12438 W System.err: 	at androidx.lifecycle.CloseableCoroutineScope.close(ViewModel.kt:51)
09-07 03:42:48.871 12438 12438 W System.err: 	at androidx.lifecycle.ViewModel.closeWithRuntimeException(ViewModel.java:188)
09-07 03:42:48.871 12438 12438 W System.err: 	at androidx.lifecycle.ViewModel.clear(ViewModel.java:134)
09-07 03:42:48.871 12438 12438 W System.err: 	at androidx.lifecycle.ViewModelStore.clear(ViewModelStore.java:62)
09-07 03:42:48.871 12438 12438 W System.err: 	at androidx.fragment.app.FragmentManagerViewModel.clearNonConfigStateInternal(FragmentManagerViewModel.java:210)
09-07 03:42:48.871 12438 12438 W System.err: 	at androidx.fragment.app.FragmentManagerViewModel.clearNonConfigState(FragmentManagerViewModel.java:190)
09-07 03:42:48.871 12438 12438 W System.err: 	at androidx.fragment.app.FragmentStateManager.destroy(FragmentStateManager.java:778)
09-07 03:42:48.871 12438 12438 W System.err: 	at androidx.fragment.app.FragmentStateManager.moveToExpectedState(FragmentStateManager.java:335)
09-07 03:42:48.871 12438 12438 W System.err: 	at androidx.fragment.app.FragmentStore.moveToExpectedState(FragmentStore.java:113)
09-07 03:42:48.871 12438 12438 W System.err: 	at androidx.fragment.app.FragmentManager.moveToState(FragmentManager.java:1374)
09-07 03:42:48.871 12438 12438 W System.err: 	at androidx.fragment.app.FragmentManager.dispatchStateChange(FragmentManager.java:2841)
09-07 03:42:48.871 12438 12438 W System.err: 	at androidx.fragment.app.FragmentManager.dispatchDestroy(FragmentManager.java:2820)
09-07 03:42:48.871 12438 12438 W System.err: 	at androidx.fragment.app.Fragment.performDestroy(Fragment.java:3246)
09-07 03:42:48.871 12438 12438 W System.err: 	at androidx.fragment.app.FragmentStateManager.destroy(FragmentStateManager.java:780)
09-07 03:42:48.871 12438 12438 W System.err: 	at androidx.fragment.app.FragmentStateManager.moveToExpectedState(FragmentStateManager.java:335)
09-07 03:42:48.871 12438 12438 W System.err: 	at androidx.fragment.app.SpecialEffectsController$FragmentStateManagerOperation.complete(SpecialEffectsController.java:771)
09-07 03:42:48.871 12438 12438 W System.err: 	at androidx.fragment.app.SpecialEffectsController$Operation.cancel(SpecialEffectsController.java:615)
09-07 03:42:48.871 12438 12438 W System.err: 	at androidx.fragment.app.SpecialEffectsController.forceCompleteAllOperations(SpecialEffectsController.java:350)
09-07 03:42:48.871 12438 12438 W System.err: 	at androidx.fragment.app.FragmentManager.dispatchStateChange(FragmentManager.java:2844)
09-07 03:42:48.872 12438 12438 W System.err: 	at androidx.fragment.app.FragmentManager.dispatchDestroy(FragmentManager.java:2820)
09-07 03:42:48.872 12438 12438 W System.err: 	at androidx.fragment.app.FragmentController.dispatchDestroy(FragmentController.java:345)
09-07 03:42:48.872 12438 12438 W System.err: 	at androidx.fragment.app.FragmentActivity.onDestroy(FragmentActivity.java:306)
09-07 03:42:48.872 12438 12548 I okhttp.OkHttpClient: <-- HTTP FAILED: java.net.SocketException: Socket closed
09-07 03:42:48.872 12438 12438 W System.err: 	at androidx.appcompat.app.AppCompatActivity.onDestroy(AppCompatActivity.java:278)
09-07 03:42:48.872 12438 12438 W System.err: 	at android.app.Activity.performDestroy(Activity.java:8048)
09-07 03:42:48.872 12438 12438 W System.err: 	at android.app.Instrumentation.callActivityOnDestroy(Instrumentation.java:1334)
09-07 03:42:48.872 12438 12438 W System.err: 	at androidx.test.runner.MonitoringInstrumentation.callActivityOnDestroy(MonitoringInstrumentation.java:766)
09-07 03:42:48.872 12438 12438 W System.err: 	at android.app.ActivityThread.performDestroyActivity(ActivityThread.java:4926)
09-07 03:42:48.872 12438 12438 W System.err: 	at android.app.ActivityThread.handleDestroyActivity(ActivityThread.java:4970)
09-07 03:42:48.872 12438 12438 W System.err: 	at android.app.servertransaction.DestroyActivityItem.execute(DestroyActivityItem.java:44)
09-07 03:42:48.872 12438 12438 W System.err: 	at android.app.servertransaction.TransactionExecutor.executeLifecycleState(TransactionExecutor.java:176)
09-07 03:42:48.872 12438 12438 W System.err: 	at android.app.servertransaction.TransactionExecutor.execute(TransactionExecutor.java:97)
09-07 03:42:48.872 12438 12438 W System.err: 	at android.app.ActivityThread$H.handleMessage(ActivityThread.java:2016)
09-07 03:42:48.872 12438 12438 W System.err: 	at android.os.Handler.dispatchMessage(Handler.java:107)
09-07 03:42:48.872 12438 12438 W System.err: 	at android.os.Looper.loop(Looper.java:214)
09-07 03:42:48.872 12438 12438 W System.err: 	at android.app.ActivityThread.main(ActivityThread.java:7356)
09-07 03:42:48.872 12438 12438 W System.err: 	at java.lang.reflect.Method.invoke(Native Method)
09-07 03:42:48.872 12438 12438 W System.err: 	at com.android.internal.os.RuntimeInit$MethodAndArgsCaller.run(RuntimeInit.java:492)
09-07 03:42:48.872 12438 12438 W System.err: 	at com.android.internal.os.ZygoteInit.main(ZygoteInit.java:930)
09-07 03:42:48.876  2037  2037 W ActivityManager: Unable to start service Intent { act=android.service.appprediction.AppPredictionService cmp=com.google.android.as/com.google.android.apps.miphone.aiai.app.AiAiPredictionService } U=0: not found
09-07 03:42:48.876  2037  2037 W RemoteAppPredictionService: could not bind to Intent { act=android.service.appprediction.AppPredictionService cmp=com.google.android.as/com.google.android.apps.miphone.aiai.app.AiAiPredictionService } using flags 67108865
09-07 03:42:48.876 12438 12438 D LifecycleMonitor: Lifecycle status change: ru.iteco.fmhandroid.ui.AppActivity@bf025f4 in: DESTROYED
09-07 03:42:48.877 12438 12438 V ActivityScenario: Update currentActivityStage to DESTROYED, currentActivity=null
09-07 03:42:48.882  1793  1859 D gralloc_ranchu: gralloc_alloc: Creating ashmem region of size 9850880
09-07 03:42:48.884  2666  3068 D EGL_emulation: eglMakeCurrent: 0xda21b0e0: ver 2 0 (tinfo 0xda20fbb0)
09-07 03:42:48.885  1793  1859 D gralloc_ranchu: gralloc_alloc: Creating ashmem region of size 9850880
09-07 03:42:48.892  1793  1859 I chatty  : uid=1000(system) HwBinder:1793_1 identical 1 line
09-07 03:42:48.905  1793  1859 D gralloc_ranchu: gralloc_alloc: Creating ashmem region of size 9850880
09-07 03:42:48.908  2666  2666 I dnsi    : onStart
09-07 03:42:48.909  2434  2714 D EGL_emulation: eglMakeCurrent: 0xed453b60: ver 2 0 (tinfo 0xe233a960)
09-07 03:42:48.911  2666  2666 I dnsi    : onResume
09-07 03:42:48.916  1793  1859 D gralloc_ranchu: gralloc_alloc: Creating ashmem region of size 9850880
09-07 03:42:48.927  1792  2272 E GnssHAL_GnssInterface: gnssSvStatusCb: a: input svInfo.flags is 8
09-07 03:42:48.927  1792  2272 E GnssHAL_GnssInterface: gnssSvStatusCb: b: input svInfo.flags is 8
09-07 03:42:48.936  2037  2061 W InputReader: Device has associated, but no associated display id.
09-07 03:42:48.936  2037  2061 I chatty  : uid=1000(system) android.anim identical 8 lines
09-07 03:42:48.937  2037  2061 W InputReader: Device has associated, but no associated display id.
09-07 03:42:48.941  1793  1859 D gralloc_ranchu: gralloc_alloc: Creating ashmem region of size 6307840
