09-07 05:32:43.360  2845  2845 I ViewInteraction: Checking 'MatchesViewAssertion{viewMatcher=(view has effective visibility <VISIBLE> and view.getGlobalVisibleRect() to return non-empty rectangle)}' assertion on view (view.getId() is <2131231039/ru.iteco.fmhandroid:id/enter_button> and an instance of android.widget.TextView and view.getText() with or without transformation to match: is "SIGN IN" and view.getContentDescription() is "Save" and view.getParent() view.getParent() an instance of android.widget.RelativeLayout)
09-07 05:32:43.361  2845  2845 I ViewInteraction: Performing 'wait for a specific view with <(an instance of android.widget.TextView and view.getHint() matching: is "Login" and view.getParent() view.getParent() view.getId() is <2131231121/ru.iteco.fmhandroid:id/login_text_input_layout>)> during 10000 millis.' action on view view.getRootView() to equal view
09-07 05:32:43.363  2845  2845 I ViewInteraction: Performing 'replace text(login2)' action on view (an instance of android.widget.TextView and view.getHint() matching: is "Login" and view.getParent() view.getParent() view.getId() is <2131231121/ru.iteco.fmhandroid:id/login_text_input_layout>)
09-07 05:32:43.377  2845  2845 I ViewInteraction: Performing 'wait for a specific view with <(an instance of android.widget.TextView and view.getHint() matching: is "Password" and view.getParent() view.getParent() view.getId() is <2131231264/ru.iteco.fmhandroid:id/password_text_input_layout>)> during 10000 millis.' action on view view.getRootView() to equal view
09-07 05:32:43.380  2845  2845 I ViewInteraction: Performing 'replace text(password2)' action on view (an instance of android.widget.TextView and view.getHint() matching: is "Password" and view.getParent() view.getParent() view.getId() is <2131231264/ru.iteco.fmhandroid:id/password_text_input_layout>)
09-07 05:32:43.400  2845  2845 I ViewInteraction: Performing 'wait for a specific view with <(view.getId() is <2131231039/ru.iteco.fmhandroid:id/enter_button> and an instance of android.widget.TextView and view.getText() with or without transformation to match: is "SIGN IN" and view.getContentDescription() is "Save" and view.getParent() view.getParent() an instance of android.widget.RelativeLayout)> during 10000 millis.' action on view view.getRootView() to equal view
09-07 05:32:43.403  2845  2845 I ViewInteraction: Checking 'MatchesViewAssertion{viewMatcher=view.isClickable() is <true>}' assertion on view (view.getId() is <2131231039/ru.iteco.fmhandroid:id/enter_button> and an instance of android.widget.TextView and view.getText() with or without transformation to match: is "SIGN IN" and view.getContentDescription() is "Save" and view.getParent() view.getParent() an instance of android.widget.RelativeLayout)
09-07 05:32:43.405  2845  2845 I ViewInteraction: Performing 'wait for a specific view with <(view.getId() is <2131231039/ru.iteco.fmhandroid:id/enter_button> and an instance of android.widget.TextView and view.getText() with or without transformation to match: is "SIGN IN" and view.getContentDescription() is "Save" and view.getParent() view.getParent() an instance of android.widget.RelativeLayout)> during 10000 millis.' action on view view.getRootView() to equal view
09-07 05:32:43.407  2845  2845 I ViewInteraction: Checking 'MatchesViewAssertion{viewMatcher=view.isClickable() is <true>}' assertion on view (view.getId() is <2131231039/ru.iteco.fmhandroid:id/enter_button> and an instance of android.widget.TextView and view.getText() with or without transformation to match: is "SIGN IN" and view.getContentDescription() is "Save" and view.getParent() view.getParent() an instance of android.widget.RelativeLayout)
09-07 05:32:43.410  2845  2845 I ViewInteraction: Performing 'wait for a specific view with <(view.getId() is <2131231039/ru.iteco.fmhandroid:id/enter_button> and an instance of android.widget.TextView and view.getText() with or without transformation to match: is "SIGN IN" and view.getContentDescription() is "Save" and view.getParent() view.getParent() an instance of android.widget.RelativeLayout)> during 10000 millis.' action on view view.getRootView() to equal view
09-07 05:32:43.421  2845  2845 I ViewInteraction: Performing 'single click' action on view (view.getId() is <2131231039/ru.iteco.fmhandroid:id/enter_button> and an instance of android.widget.TextView and view.getText() with or without transformation to match: is "SIGN IN" and view.getContentDescription() is "Save" and view.getParent() view.getParent() an instance of android.widget.RelativeLayout)
09-07 05:32:43.465  2845  3035 I okhttp.OkHttpClient: --> POST http://www.981757-ca08998.tmweb.ru:8080/fmh/authentication/login
09-07 05:32:43.466  2845  3035 I okhttp.OkHttpClient: Content-Type: application/json; charset=UTF-8
09-07 05:32:43.466  2845  3035 I okhttp.OkHttpClient: Content-Length: 41
09-07 05:32:43.466  2845  3035 I okhttp.OkHttpClient: {"login":"login2","password":"password2"}
09-07 05:32:43.466  2845  3035 I okhttp.OkHttpClient: --> END POST (41-byte body)
09-07 05:32:43.472  1774  4712 E ResolverController: No valid NAT64 prefix (101, <unspecified>/0)
09-07 05:32:43.478  1781  6116 W audio_hw_generic: Not supplying enough data to HAL, expected position 74946844 , only wrote 74946824
09-07 05:32:43.618  1792  2272 E GnssHAL_GnssInterface: gnssSvStatusCb: a: input svInfo.flags is 8
09-07 05:32:43.618  1792  2272 E GnssHAL_GnssInterface: gnssSvStatusCb: b: input svInfo.flags is 8
09-07 05:32:43.709  2845  2845 I ViewInteraction: Performing 'wait for a specific view with <an instance of android.widget.TextView and view.getText() with or without transformation to match: is "News"> during 10000 millis.' action on view view.getRootView() to equal view
09-07 05:32:44.619  1792  2272 E GnssHAL_GnssInterface: gnssSvStatusCb: a: input svInfo.flags is 8
09-07 05:32:44.620  1792  2272 E GnssHAL_GnssInterface: gnssSvStatusCb: b: input svInfo.flags is 8
09-07 05:32:45.379  2845  3380 V FA      : Inactivity, disconnecting from the service
09-07 05:32:45.619  1792  2272 E GnssHAL_GnssInterface: gnssSvStatusCb: a: input svInfo.flags is 8
09-07 05:32:45.619  1792  2272 E GnssHAL_GnssInterface: gnssSvStatusCb: b: input svInfo.flags is 8
09-07 05:32:46.618  1792  2272 E GnssHAL_GnssInterface: gnssSvStatusCb: a: input svInfo.flags is 8
09-07 05:32:46.618  1792  2272 E GnssHAL_GnssInterface: gnssSvStatusCb: b: input svInfo.flags is 8
09-07 05:32:46.643  1781  1887 W audio_hw_generic: Not supplying enough data to HAL, expected position 75224138 , only wrote 75086295
09-07 05:32:47.619  1792  2272 E GnssHAL_GnssInterface: gnssSvStatusCb: a: input svInfo.flags is 8
09-07 05:32:47.619  1792  2272 E GnssHAL_GnssInterface: gnssSvStatusCb: b: input svInfo.flags is 8
09-07 05:32:48.618  1792  2272 E GnssHAL_GnssInterface: gnssSvStatusCb: a: input svInfo.flags is 8
09-07 05:32:48.618  1792  2272 E GnssHAL_GnssInterface: gnssSvStatusCb: b: input svInfo.flags is 8
09-07 05:32:49.513  2037  2169 E ClipboardService: Denying clipboard access to com.android.chrome, application is not in focus neither is a system service for user 0
09-07 05:32:49.603  1939  1939 E wifi_forwarder: RemoteConnection failed to initialize: RemoteConnection failed to open pipe
09-07 05:32:49.619  1792  2272 E GnssHAL_GnssInterface: gnssSvStatusCb: a: input svInfo.flags is 8
09-07 05:32:49.619  1792  2272 E GnssHAL_GnssInterface: gnssSvStatusCb: b: input svInfo.flags is 8
09-07 05:32:49.898  1937  1937 E netmgr  : Failed to open QEMU pipe 'qemud:network': Invalid argument
09-07 05:32:50.387  7867  7867 D BoundBrokerSvc: onUnbind: Intent { act=com.google.android.gms.measurement.START pkg=com.google.android.gms }
09-07 05:32:50.618  1792  2272 E GnssHAL_GnssInterface: gnssSvStatusCb: a: input svInfo.flags is 8
09-07 05:32:50.618  1792  2272 E GnssHAL_GnssInterface: gnssSvStatusCb: b: input svInfo.flags is 8
09-07 05:32:51.619  1792  2272 E GnssHAL_GnssInterface: gnssSvStatusCb: a: input svInfo.flags is 8
09-07 05:32:51.619  1792  2272 E GnssHAL_GnssInterface: gnssSvStatusCb: b: input svInfo.flags is 8
09-07 05:32:51.962  2037  2037 W WindowManager: removeWindowToken: Attempted to remove non-existing token: android.os.Binder@9565134
09-07 05:32:52.621  1792  2272 E GnssHAL_GnssInterface: gnssSvStatusCb: a: input svInfo.flags is 8
09-07 05:32:52.622  1792  2272 E GnssHAL_GnssInterface: gnssSvStatusCb: b: input svInfo.flags is 8
09-07 05:32:53.619  1792  2272 E GnssHAL_GnssInterface: gnssSvStatusCb: a: input svInfo.flags is 8
09-07 05:32:53.619  1792  2272 E GnssHAL_GnssInterface: gnssSvStatusCb: b: input svInfo.flags is 8
09-07 05:32:53.719  2845  3035 I okhttp.OkHttpClient: <-- HTTP FAILED: java.net.SocketTimeoutException: timeout
09-07 05:32:53.721  2845  2845 W System.err: ru.iteco.fmhandroid.exceptions.ServerException
09-07 05:32:53.721  2845  2845 W System.err: 	at ru.iteco.fmhandroid.utils.Utils.makeRequest(Utils.kt:119)
09-07 05:32:53.721  2845  2845 W System.err: 	at ru.iteco.fmhandroid.utils.Utils$makeRequest$1.invokeSuspend(Unknown Source:15)
09-07 05:32:53.722  2845  2845 W System.err: 	at kotlin.coroutines.jvm.internal.BaseContinuationImpl.resumeWith(ContinuationImpl.kt:33)
09-07 05:32:53.722  2845  2845 W System.err: 	at kotlinx.coroutines.DispatchedTask.run(DispatchedTask.kt:104)
09-07 05:32:53.722  2845  2845 W System.err: 	at android.os.Handler.handleCallback(Handler.java:883)
09-07 05:32:53.723  2845  2845 W System.err: 	at android.os.Handler.dispatchMessage(Handler.java:100)
09-07 05:32:53.723  2845  2845 W System.err: 	at androidx.test.espresso.base.Interrogator.loopAndInterrogate(Interrogator.java:14)
09-07 05:32:53.723  2845  2845 W System.err: 	at androidx.test.espresso.base.UiControllerImpl.loopUntil(UiControllerImpl.java:8)
09-07 05:32:53.723  2845  2845 W System.err: 	at androidx.test.espresso.base.UiControllerImpl.loopUntil(UiControllerImpl.java:1)
09-07 05:32:53.723  2845  2845 W System.err: 	at androidx.test.espresso.base.UiControllerImpl.loopMainThreadForAtLeast(UiControllerImpl.java:7)
09-07 05:32:53.723  2845  2845 W System.err: 	at androidx.test.espresso.action.GeneralClickAction.perform(GeneralClickAction.java:18)
09-07 05:32:53.724  2845  2845 W System.err: 	at androidx.test.espresso.ViewInteraction$SingleExecutionViewAction.perform(ViewInteraction.java:2)
09-07 05:32:53.724  2845  2845 W System.err: 	at androidx.test.espresso.ViewInteraction.doPerform(ViewInteraction.java:25)
09-07 05:32:53.724  2845  2845 W System.err: 	at androidx.test.espresso.ViewInteraction.-$$Nest$mdoPerform(Unknown Source:0)
09-07 05:32:53.724  2845  2845 W System.err: 	at androidx.test.espresso.ViewInteraction$1.call(ViewInteraction.java:7)
09-07 05:32:53.724  2845  2845 W System.err: 	at androidx.test.espresso.ViewInteraction$1.call(ViewInteraction.java:1)
09-07 05:32:53.724  2845  2845 W System.err: 	at java.util.concurrent.FutureTask.run(FutureTask.java:266)
09-07 05:32:53.724  2845  2845 W System.err: 	at android.os.Handler.handleCallback(Handler.java:883)
09-07 05:32:53.724  2845  2845 W System.err: 	at android.os.Handler.dispatchMessage(Handler.java:100)
09-07 05:32:53.724  2845  2845 W System.err: 	at android.os.Looper.loop(Looper.java:214)
09-07 05:32:53.724  2845  2845 W System.err: 	at android.app.ActivityThread.main(ActivityThread.java:7356)
09-07 05:32:53.724  2845  2845 W System.err: 	at java.lang.reflect.Method.invoke(Native Method)
09-07 05:32:53.724  2845  2845 W System.err: 	at com.android.internal.os.RuntimeInit$MethodAndArgsCaller.run(RuntimeInit.java:492)
09-07 05:32:53.724  2845  2845 W System.err: 	at com.android.internal.os.ZygoteInit.main(ZygoteInit.java:930)
09-07 05:32:53.759  1793  2554 D gralloc_ranchu: gralloc_alloc: Creating ashmem region of size 438272
09-07 05:32:53.770  1793  2554 I chatty  : uid=1000(system) HwBinder:1793_2 identical 1 line
09-07 05:32:53.773  1793  2554 D gralloc_ranchu: gralloc_alloc: Creating ashmem region of size 438272
09-07 05:32:53.776  2845  2957 D EGL_emulation: eglMakeCurrent: 0xda21b080: ver 2 0 (tinfo 0xda20fd30)
09-07 05:32:53.801  2845  2845 D takeScreenshot: Found 2 global views to redraw
09-07 05:32:53.827  2845  2957 D EGL_emulation: eglMakeCurrent: 0xda21b080: ver 2 0 (tinfo 0xda20fd30)
09-07 05:32:53.850  2845  2957 D EGL_emulation: eglMakeCurrent: 0xda21b080: ver 2 0 (tinfo 0xda20fd30)
09-07 05:32:53.879  1793  2554 D gralloc_ranchu: gralloc_alloc: Creating ashmem region of size 9850880
09-07 05:32:53.910  2845  2901 W DefaultFailureHandler: Failed to take screenshot
09-07 05:32:53.910  2845  2901 W DefaultFailureHandler: java.io.FileNotFoundException: view-op-error-37.png: open failed: EROFS (Read-only file system)
09-07 05:32:53.910  2845  2901 W DefaultFailureHandler: 	at libcore.io.IoBridge.open(IoBridge.java:496)
09-07 05:32:53.910  2845  2901 W DefaultFailureHandler: 	at java.io.FileOutputStream.<init>(FileOutputStream.java:235)
09-07 05:32:53.910  2845  2901 W DefaultFailureHandler: 	at java.io.FileOutputStream.<init>(FileOutputStream.java:125)
09-07 05:32:53.910  2845  2901 W DefaultFailureHandler: 	at androidx.test.platform.io.FileTestStorage.openOutputFile(FileTestStorage.java:60)
09-07 05:32:53.910  2845  2901 W DefaultFailureHandler: 	at androidx.test.core.graphics.BitmapStorage.writeToTestStorage(BitmapStorageExt.kt:49)
09-07 05:32:53.910  2845  2901 W DefaultFailureHandler: 	at androidx.test.espresso.base.DefaultFailureHandler.takeScreenshot(DefaultFailureHandler.java:4)
09-07 05:32:53.910  2845  2901 W DefaultFailureHandler: 	at androidx.test.espresso.base.DefaultFailureHandler.handle(DefaultFailureHandler.java:3)
09-07 05:32:53.910  2845  2901 W DefaultFailureHandler: 	at androidx.test.espresso.ViewInteraction.waitForAndHandleInteractionResults(ViewInteraction.java:8)
09-07 05:32:53.910  2845  2901 W DefaultFailureHandler: 	at androidx.test.espresso.ViewInteraction.desugaredPerform(ViewInteraction.java:11)
09-07 05:32:53.910  2845  2901 W DefaultFailureHandler: 	at androidx.test.espresso.ViewInteraction.perform(ViewInteraction.java:8)
09-07 05:32:53.910  2845  2901 W DefaultFailureHandler: 	at ru.iteco.fmhandroid.ui.data.TestUtils.waitView(TestUtils.java:61)
09-07 05:32:53.910  2845  2901 W DefaultFailureHandler: 	at ru.iteco.fmhandroid.ui.steps.MainPageSteps.isMainPage(MainPageSteps.java:50)
09-07 05:32:53.910  2845  2901 W DefaultFailureHandler: 	at ru.iteco.fmhandroid.ui.FilterNewsPageTest.logoutCheck(FilterNewsPageTest.java:55)
09-07 05:32:53.910  2845  2901 W DefaultFailureHandler: 	at java.lang.reflect.Method.invoke(Native Method)
09-07 05:32:53.910  2845  2901 W DefaultFailureHandler: 	at org.junit.runners.model.FrameworkMethod$1.runReflectiveCall(FrameworkMethod.java:59)
09-07 05:32:53.910  2845  2901 W DefaultFailureHandler: 	at org.junit.internal.runners.model.ReflectiveCallable.run(ReflectiveCallable.java:12)
09-07 05:32:53.910  2845  2901 W DefaultFailureHandler: 	at org.junit.runners.model.FrameworkMethod.invokeExplosively(FrameworkMethod.java:56)
09-07 05:32:53.910  2845  2901 W DefaultFailureHandler: 	at androidx.test.internal.runner.junit4.statement.RunBefores.evaluate(RunBefores.java:76)
09-07 05:32:53.910  2845  2901 W DefaultFailureHandler: 	at io.qameta.allure.android.rules.ScreenshotRule$apply$1.evaluate(ScreenshotRule.kt:22)
09-07 05:32:53.910  2845  2901 W DefaultFailureHandler: 	at org.junit.rules.ExternalResource$1.evaluate(ExternalResource.java:54)
09-07 05:32:53.910  2845  2901 W DefaultFailureHandler: 	at io.qameta.allure.android.rules.LogcatRule$apply$1.evaluate(LogcatRule.kt:23)
09-07 05:32:53.910  2845  2901 W DefaultFailureHandler: 	at org.junit.rules.RunRules.evaluate(RunRules.java:20)
09-07 05:32:53.910  2845  2901 W DefaultFailureHandler: 	at org.junit.runners.ParentRunner$3.evaluate(ParentRunner.java:306)
09-07 05:32:53.910  2845  2901 W DefaultFailureHandler: 	at org.junit.runners.BlockJUnit4ClassRunner$1.evaluate(BlockJUnit4ClassRunner.java:100)
09-07 05:32:53.910  2845  2901 W DefaultFailureHandler: 	at org.junit.runners.ParentRunner.runLeaf(ParentRunner.java:366)
09-07 05:32:53.910  2845  2901 W DefaultFailureHandler: 	at org.junit.runners.BlockJUnit4ClassRunner.runChild(BlockJUnit4ClassRunner.java:103)
09-07 05:32:53.910  2845  2901 W DefaultFailureHandler: 	at org.junit.runners.BlockJUnit4ClassRunner.runChild(BlockJUnit4ClassRunner.java:63)
09-07 05:32:53.910  2845  2901 W DefaultFailureHandler: 	at org.junit.runners.ParentRunner$4.run(ParentRunner.java:331)
09-07 05:32:53.910  2845  2901 W DefaultFailureHandler: 	at org.junit.runners.ParentRunner$1.schedule(ParentRunner.java:79)
09-07 05:32:53.910  2845  2901 W DefaultFailureHandler: 	at org.junit.runners.ParentRunner.runChildren(ParentRunner.java:329)
09-07 05:32:53.910  2845  2901 W DefaultFailureHandler: 	at org.junit.runners.ParentRunner.access$100(ParentRunner.java:66)
09-07 05:32:53.910  2845  2901 W DefaultFailureHandler: 	at org.junit.runners.ParentRunner$2.evaluate(ParentRunner.java:293)
09-07 05:32:53.910  2845  2901 W DefaultFailureHandler: 	at org.junit.runners.ParentRunner$3.evaluate(ParentRunner.java:306)
09-07 05:32:53.910  2845  2901 W DefaultFailureHandler: 	at org.junit.runners.ParentRunner.run(ParentRunner.java:413)
09-07 05:32:53.910  2845  2901 W DefaultFailureHandler: 	at androidx.test.ext.junit.runners.AndroidJUnit4.run(AndroidJUnit4.java:162)
09-07 05:32:53.910  2845  2901 W DefaultFailureHandler: 	at io.qameta.allure.android.runners.AllureAndroidJUnit4.run(AllureAndroidJUnitRunners.kt:29)
09-07 05:32:53.910  2845  2901 W DefaultFailureHandler: 	at org.junit.runners.Suite.runChild(Suite.java:128)
09-07 05:32:53.910  2845  2901 W DefaultFailureHandler: 	at org.junit.runners.Suite.runChild(Suite.java:27)
09-07 05:32:53.910  2845  2901 W DefaultFailureHandler: 	at org.junit.runners.ParentRunner$4.run(ParentRunner.java:331)
09-07 05:32:53.910  2845  2901 W DefaultFailureHandler: 	at org.junit.runners.ParentRunner$1.schedule(ParentRunner.java:79)
09-07 05:32:53.910  2845  2901 W DefaultFailureHandler: 	at org.junit.runners.ParentRunner.runChildren(ParentRunner.java:329)
09-07 05:32:53.910  2845  2901 W DefaultFailureHandler: 	at org.junit.runners.ParentRunner.access$100(ParentRunner.java:66)
09-07 05:32:53.910  2845  2901 W DefaultFailureHandler: 	at org.junit.runners.ParentRunner$2.evaluate(ParentRunner.java:293)
09-07 05:32:53.910  2845  2901 W DefaultFailureHandler: 	at org.junit.runners.ParentRunner$3.evaluate(ParentRunner.java:306)
09-07 05:32:53.910  2845  2901 W DefaultFailureHandler: 	at org.junit.runners.ParentRunner.run(ParentRunner.java:413)
09-07 05:32:53.910  2845  2901 W DefaultFailureHandler: 	at org.junit.runner.JUnitCore.run(JUnitCore.java:137)
09-07 05:32:53.910  2845  2901 W DefaultFailureHandler: 	at org.junit.runner.JUnitCore.run(JUnitCore.java:115)
09-07 05:32:53.910  2845  2901 W DefaultFailureHandler: 	at androidx.test.internal.runner.TestExecutor.execute(TestExecutor.java:67)
09-07 05:32:53.910  2845  2901 W DefaultFailureHandler: 	at androidx.test.internal.runner.TestExecutor.execute(TestExecutor.java:58)
09-07 05:32:53.910  2845  2901 W DefaultFailureHandler: 	at androidx.test.runner.AndroidJUnitRunner.onStart(AndroidJUnitRunner.java:438)
09-07 05:32:53.910  2845  2901 W DefaultFailureHandler: 	at android.app.Instrumentation$InstrumentationThread.run(Instrumentation.java:2189)
09-07 05:32:53.910  2845  2901 W DefaultFailureHandler: Caused by: android.system.ErrnoException: open failed: EROFS (Read-only file system)
09-07 05:32:53.910  2845  2901 W DefaultFailureHandler: 	at libcore.io.Linux.open(Native Method)
09-07 05:32:53.910  2845  2901 W DefaultFailureHandler: 	at libcore.io.ForwardingOs.open(ForwardingOs.java:167)
09-07 05:32:53.910  2845  2901 W DefaultFailureHandler: 	at libcore.io.BlockGuardOs.open(BlockGuardOs.java:252)
09-07 05:32:53.910  2845  2901 W DefaultFailureHandler: 	at libcore.io.ForwardingOs.open(ForwardingOs.java:167)
09-07 05:32:53.910  2845  2901 W DefaultFailureHandler: 	at android.app.ActivityThread$AndroidOs.open(ActivityThread.java:7255)
09-07 05:32:53.910  2845  2901 W DefaultFailureHandler: 	at libcore.io.IoBridge.open(IoBridge.java:482)
09-07 05:32:53.910  2845  2901 W DefaultFailureHandler: 	... 50 more
09-07 05:32:53.913  1793  2554 D gralloc_ranchu: gralloc_alloc: Creating ashmem region of size 9850880
09-07 05:32:54.199  2037  4391 I ActivityTaskManager: START u0 {act=android.intent.action.MAIN cat=[android.intent.category.LAUNCHER] flg=0x10000000 cmp=ru.iteco.fmhandroid.test/androidx.test.core.app.InstrumentationActivityInvoker$EmptyActivity} from uid 10136
09-07 05:32:54.203  2845  2845 D LifecycleMonitor: Lifecycle status change: ru.iteco.fmhandroid.ui.AppActivity@f3a9abe in: PAUSED
09-07 05:32:54.203  2845  2845 V ActivityScenario: Update currentActivityStage to PAUSED, currentActivity=ru.iteco.fmhandroid.ui.AppActivity@f3a9abe
09-07 05:32:54.204  2037  2903 W InputReader: Device has associated, but no associated display id.
09-07 05:32:54.204  2037  2903 I chatty  : uid=1000(system) Binder:2037_C identical 38 lines
09-07 05:32:54.204  2037  2903 W InputReader: Device has associated, but no associated display id.
09-07 05:32:54.205  2921  2921 W ActivityThread: handleWindowVisibility: no activity for token android.os.BinderProxy@b3b0fb1
09-07 05:32:54.205  2037  2903 W InputReader: Device has associated, but no associated display id.
09-07 05:32:54.206  2037  2903 I chatty  : uid=1000(system) Binder:2037_C identical 8 lines
09-07 05:32:54.206  2037  2903 W InputReader: Device has associated, but no associated display id.
09-07 05:32:54.209  2845  3380 V FA      : Recording user engagement, ms: 14052
09-07 05:32:54.230  2845  2957 D EGL_emulation: eglMakeCurrent: 0xda21b080: ver 2 0 (tinfo 0xda20fd30)
09-07 05:32:54.253  2845  3380 V FA      : Connecting to remote service
09-07 05:32:54.257  2037  2056 I ActivityTaskManager: START u0 {act=android.intent.action.MAIN cat=[android.intent.category.LAUNCHER] flg=0x10000000 cmp=ru.iteco.fmhandroid.test/androidx.test.core.app.InstrumentationActivityInvoker$EmptyActivity} from uid 10136
09-07 05:32:54.264  1793  2554 D gralloc_ranchu: gralloc_alloc: Creating ashmem region of size 9850880
09-07 05:32:54.268  7867  7867 D BoundBrokerSvc: onBind: Intent { act=com.google.android.gms.measurement.START pkg=com.google.android.gms }
09-07 05:32:54.268  7867  7867 D BoundBrokerSvc: Loading bound service for intent: Intent { act=com.google.android.gms.measurement.START pkg=com.google.android.gms }
09-07 05:32:54.270  2845  3380 V FA      : Connection attempt already in progress
09-07 05:32:54.270  2845  3380 V FA      : Activity paused, time: 7698102
09-07 05:32:54.280  1793  2554 D gralloc_ranchu: gralloc_alloc: Creating ashmem region of size 9850880
09-07 05:32:54.284  2921  2954 D EGL_emulation: eglMakeCurrent: 0xe2256960: ver 2 0 (tinfo 0xed4894a0)
09-07 05:32:54.302  1793 14098 D gralloc_ranchu: gralloc_alloc: Creating ashmem region of size 9850880
09-07 05:32:54.316  2037  5231 W InputReader: Device has associated, but no associated display id.
09-07 05:32:54.316  2037  5231 I chatty  : uid=1000(system) Binder:2037_19 identical 4 lines
09-07 05:32:54.316  2037  5231 W InputReader: Device has associated, but no associated display id.
09-07 05:32:54.317  2845  3380 D FA      : Connected to remote service
09-07 05:32:54.316  2037  5231 W InputReader: Device has associated, but no associated display id.
09-07 05:32:54.317  2037  5231 I chatty  : uid=1000(system) Binder:2037_19 identical 12 lines
09-07 05:32:54.317  2037  5231 W InputReader: Device has associated, but no associated display id.
09-07 05:32:54.318  2845  3380 V FA      : Processing queued up service tasks: 2
09-07 05:32:54.318  2037  5231 W InputReader: Device has associated, but no associated display id.
09-07 05:32:54.322  2037  5231 I chatty  : uid=1000(system) Binder:2037_19 identical 28 lines
09-07 05:32:54.322  2037  5231 W InputReader: Device has associated, but no associated display id.
09-07 05:32:54.334  2921  2921 W ActivityThread: handleWindowVisibility: no activity for token android.os.BinderProxy@d2e0188
09-07 05:32:54.348  2037  5231 W ActivityTaskManager: Duplicate finish request for ActivityRecord{3d28e66 u0 ru.iteco.fmhandroid/.ui.AppActivity t868 f}
09-07 05:32:54.350  7867  3385 V FA-SVC  : Logging event: origin=auto,name=user_engagement(_e),params=Bundle[{ga_event_origin(_o)=auto, engagement_time_msec(_et)=14052, ga_screen_class(_sc)=AppActivity, ga_screen_id(_si)=5126745013386989274}]
09-07 05:32:54.386  1793 14098 D gralloc_ranchu: gralloc_alloc: Creating ashmem region of size 9850880
09-07 05:32:54.390  7867  3385 V FA-SVC  : Upload scheduled in approximately ms: 3266559
09-07 05:32:54.390  7867  3385 V FA-SVC  : Unscheduling upload
09-07 05:32:54.391  1793 14098 D gralloc_ranchu: gralloc_alloc: Creating ashmem region of size 9850880
09-07 05:32:54.394  1793 14098 D gralloc_ranchu: gralloc_alloc: Creating ashmem region of size 9850880
09-07 05:32:54.394  2921  2954 D EGL_emulation: eglMakeCurrent: 0xe2256960: ver 2 0 (tinfo 0xed4894a0)
09-07 05:32:54.399  7867  3385 V FA-SVC  : Scheduling upload, millis: 3266559
09-07 05:32:54.402  7867  3385 V FA-SVC  : Background event processing time, ms: 52
09-07 05:32:54.416  2037  2061 W InputReader: Device has associated, but no associated display id.
09-07 05:32:54.417  2037  2061 I chatty  : uid=1000(system) android.anim identical 18 lines
09-07 05:32:54.417  2037  2061 W InputReader: Device has associated, but no associated display id.
09-07 05:32:54.421  2037  2065 I ActivityTaskManager: Displayed ru.iteco.fmhandroid.test/androidx.test.core.app.InstrumentationActivityInvoker$EmptyActivity: +109ms
09-07 05:32:54.425  2037  5231 W InputReader: Device has associated, but no associated display id.
09-07 05:32:54.425  2037  5231 I chatty  : uid=1000(system) Binder:2037_19 identical 8 lines
09-07 05:32:54.425  2037  5231 W InputReader: Device has associated, but no associated display id.
09-07 05:32:54.444  2037  2903 W InputReader: Device has associated, but no associated display id.
09-07 05:32:54.446  2037  2903 I chatty  : uid=1000(system) Binder:2037_C identical 10 lines
09-07 05:32:54.446  2037  2903 W InputReader: Device has associated, but no associated display id.
09-07 05:32:54.446  1823  1823 W SurfaceFlinger: couldn't log to binary event log: overflow.
09-07 05:32:54.446  2037  2903 W InputReader: Device has associated, but no associated display id.
09-07 05:32:54.447  2037  2903 I chatty  : uid=1000(system) Binder:2037_C identical 16 lines
09-07 05:32:54.447  2037  2903 W InputReader: Device has associated, but no associated display id.
09-07 05:32:54.492  2845  2957 D EGL_emulation: eglMakeCurrent: 0xda21b080: ver 2 0 (tinfo 0xda20fd30)
09-07 05:32:54.497  2037  2903 D ConnectivityService: requestNetwork for uid/pid:10113/29289 NetworkRequest [ TRACK_DEFAULT id=217, [ Capabilities: INTERNET&NOT_RESTRICTED&TRUSTED Uid: 10113] ]
09-07 05:32:54.498  2037  2143 D WifiNetworkFactory: got request NetworkRequest [ TRACK_DEFAULT id=217, [ Capabilities: INTERNET&NOT_RESTRICTED&TRUSTED Uid: 10113] ] with score 60 and serial -1
09-07 05:32:54.498  2037  2143 D UntrustedWifiNetworkFactory: got request NetworkRequest [ TRACK_DEFAULT id=217, [ Capabilities: INTERNET&NOT_RESTRICTED&TRUSTED Uid: 10113] ] with score 60 and serial -1
09-07 05:32:54.499  2279  2279 D PhoneSwitcherNetworkRequstListener: got request NetworkRequest [ TRACK_DEFAULT id=217, [ Capabilities: INTERNET&NOT_RESTRICTED&TRUSTED Uid: 10113] ] with score 60 and serial -1
09-07 05:32:54.506  2845  2845 D LifecycleMonitor: Lifecycle status change: ru.iteco.fmhandroid.ui.AppActivity@f3a9abe in: STOPPED
09-07 05:32:54.506  2845  2845 V ActivityScenario: Update currentActivityStage to STOPPED, currentActivity=ru.iteco.fmhandroid.ui.AppActivity@f3a9abe
09-07 05:32:54.513  2845  2845 D LifecycleMonitor: Lifecycle status change: ru.iteco.fmhandroid.ui.AppActivity@f3a9abe in: DESTROYED
09-07 05:32:54.513  2845  2845 V ActivityScenario: Update currentActivityStage to DESTROYED, currentActivity=null
09-07 05:32:54.514  1793 14098 D gralloc_ranchu: gralloc_alloc: Creating ashmem region of size 9850880
09-07 05:32:54.529  1793 14098 I chatty  : uid=1000(system) HwBinder:1793_3 identical 1 line
09-07 05:32:54.531  1793 14098 D gralloc_ranchu: gralloc_alloc: Creating ashmem region of size 9850880
09-07 05:32:54.531 29289 29310 D EGL_emulation: eglMakeCurrent: 0xda21a1e0: ver 2 0 (tinfo 0xda20f710)
