--------- beginning of main
09-07 03:43:17.624  8176  8269 I PlayCommon: [600] alls.j(283): Successfully uploaded logs.
09-07 03:43:17.740  8286  8485 I PlayCommon: [600] alls.j(28): Preparing logs for uploading
09-07 03:43:17.741  8286  8485 W PlayCommon: [600] alls.l(11): No account for auth token provided
09-07 03:43:17.741  8286  8485 I PlayCommon: [600] alls.j(247): Connecting to server: https://play.googleapis.com/play/log?format=raw&proto_v2=true
09-07 03:43:17.923  1792  2272 E GnssHAL_GnssInterface: gnssSvStatusCb: a: input svInfo.flags is 8
09-07 03:43:17.923  1792  2272 E GnssHAL_GnssInterface: gnssSvStatusCb: b: input svInfo.flags is 8
09-07 03:43:18.009  8286  8309 I ding:backgroun: Waiting for a blocking GC ProfileSaver
09-07 03:43:18.076  8286  8309 I ding:backgroun: WaitForGcToComplete blocked ProfileSaver on HeapTrim for 66.527ms
09-07 03:43:18.126  8286  8485 I PlayCommon: [600] alls.j(283): Successfully uploaded logs.
--------- beginning of system
09-07 03:43:18.206  2037  2302 I ActivityManager: Force stopping ru.iteco.fmhandroid appid=10136 user=0: from pid 12626
09-07 03:43:18.212  2279  2279 D CarrierSvcBindHelper: No carrier app for: 0
09-07 03:43:18.231  9734  9734 I studio.deploy: Received request 'dump'
09-07 03:43:18.282  2037  2302 I ActivityManager: Force stopping ru.iteco.fmhandroid appid=10136 user=0: from pid 12644
09-07 03:43:18.292  2279  2279 D CarrierSvcBindHelper: No carrier app for: 0
09-07 03:43:18.301  9734  9734 I studio.deploy: Received request 'dump'
09-07 03:43:18.355  9734  9734 I studio.deploy: Received request 'deltainstall'
09-07 03:43:18.418  2037  2080 W PackageParser: Unknown element under <manifest>: queries at /data/app/vmdl1568315659.tmp/base.apk Binary XML file line #16
09-07 03:43:18.419  2037  2080 I PackageManager: Update package ru.iteco.fmhandroid.test code path from /data/app/ru.iteco.fmhandroid.test-ospbJujTB7j7zCJrDZjFgQ== to /data/app/ru.iteco.fmhandroid.test-9EzQfk4wLTdHrG4lb1MuwA==; Retain data and using new
09-07 03:43:18.419  2037  2080 I PackageManager: Update package ru.iteco.fmhandroid.test resource path from /data/app/ru.iteco.fmhandroid.test-ospbJujTB7j7zCJrDZjFgQ== to /data/app/ru.iteco.fmhandroid.test-9EzQfk4wLTdHrG4lb1MuwA==; Retain data and using new
09-07 03:43:18.432  2037  2080 I PackageManager: Un-granting permission android.permission.MANAGE_DOCUMENTS from package com.google.android.youtube (protectionLevel=262146 flags=0x30dbbe45)
09-07 03:43:18.432  2037  2080 I PackageManager: Un-granting permission android.permission.INTERACT_ACROSS_PROFILES from package com.google.android.googlequicksearchbox (protectionLevel=18 flags=0x28dbbec5)
09-07 03:43:18.432  2037  2080 I PackageManager: Un-granting permission android.permission.MANAGE_SOUND_TRIGGER from package com.google.android.googlequicksearchbox (protectionLevel=18 flags=0x28dbbec5)
09-07 03:43:18.432  2037  2080 I PackageManager: Un-granting permission android.permission.MANAGE_USB from package com.google.android.googlequicksearchbox (protectionLevel=18 flags=0x28dbbec5)
09-07 03:43:18.432  2037  2080 I PackageManager: Un-granting permission android.permission.CONTROL_INCALL_EXPERIENCE from package com.google.android.googlequicksearchbox (protectionLevel=18 flags=0x28dbbec5)
09-07 03:43:18.432  2037  2080 I PackageManager: Un-granting permission android.permission.WRITE_APN_SETTINGS from package com.google.android.googlequicksearchbox (protectionLevel=18 flags=0x28dbbec5)
09-07 03:43:18.432  2037  2080 I PackageManager: Un-granting permission android.permission.SUBSTITUTE_SHARE_TARGET_APP_NAME_AND_ICON from package com.google.android.googlequicksearchbox (protectionLevel=18 flags=0x28dbbec5)
09-07 03:43:18.432  2037  2080 I PackageManager: Un-granting permission com.google.android.googleapps.permission.GOOGLE_AUTH from package com.android.providers.calendar (protectionLevel=2 flags=0x30883e45)
09-07 03:43:18.432  2037  2080 I PackageManager: Un-granting permission com.google.android.googleapps.permission.GOOGLE_AUTH.cl from package com.android.providers.calendar (protectionLevel=2 flags=0x30883e45)
09-07 03:43:18.432  2037  2080 I PackageManager: Un-granting permission android.permission.WRITE_SECURE_SETTINGS from package com.google.android.apps.enterprise.dmagent (protectionLevel=50 flags=0x30083e05)
09-07 03:43:18.432  2037  2080 I PackageManager: Un-granting permission android.permission.CONNECTIVITY_INTERNAL from package com.google.android.apps.enterprise.dmagent (protectionLevel=18 flags=0x30083e05)
09-07 03:43:18.432  2037  2080 I PackageManager: Un-granting permission android.permission.MANAGE_USB from package com.google.android.apps.enterprise.dmagent (protectionLevel=18 flags=0x30083e05)
09-07 03:43:18.432  2037  2080 I PackageManager: Un-granting permission android.permission.CHANGE_COMPONENT_ENABLED_STATE from package com.google.android.apps.enterprise.dmagent (protectionLevel=18 flags=0x30083e05)
09-07 03:43:18.432  2037  2080 I PackageManager: Un-granting permission android.permission.MANAGE_CA_CERTIFICATES from package com.google.android.apps.enterprise.dmagent (protectionLevel=18 flags=0x30083e05)
09-07 03:43:18.432  2037  2080 I PackageManager: Un-granting permission android.permission.MANAGE_USERS from package com.google.android.apps.enterprise.dmagent (protectionLevel=18 flags=0x30083e05)
09-07 03:43:18.432  2037  2080 I PackageManager: Un-granting permission com.google.android.setupwizard.READ_DEVICE_ORIGIN from package com.google.android.apps.messaging (protectionLevel=18 flags=0x38cbbe45)
09-07 03:43:18.432  2037  2080 I PackageManager: Un-granting permission android.permission.HIDE_NON_SYSTEM_OVERLAY_WINDOWS from package com.android.vending (protectionLevel=258 flags=0x28cabec5)
09-07 03:43:18.432  2037  2080 I PackageManager: Un-granting permission android.permission.SEND_DOWNLOAD_COMPLETED_INTENTS from package com.android.vending (protectionLevel=2 flags=0x28cabec5)
09-07 03:43:18.433  2037  2080 I PackageManager: Un-granting permission android.permission.BIND_WALLPAPER from package com.android.camera2 (protectionLevel=18 flags=0x20d8bc45)
09-07 03:43:18.433  2037  2080 I PackageManager: Un-granting permission android.permission.REQUEST_INSTALL_PACKAGES from package com.google.android.gm (protectionLevel=66 flags=0x38cbbe45)
09-07 03:43:18.433  2037  2080 I PackageManager: Un-granting permission android.permission.BIND_JOB_SERVICE from package com.google.android.music (protectionLevel=2 flags=0x38cbbe65)
09-07 03:43:18.433  2037  2080 I PackageManager: Un-granting permission android.permission.CONNECTIVITY_USE_RESTRICTED_NETWORKS from package com.google.android.captiveportallogin (protectionLevel=18 flags=0x38c8be45)
09-07 03:43:18.433  2037  2080 I PackageManager: Un-granting permission android.permission.NETWORK_BYPASS_PRIVATE_DNS from package com.google.android.captiveportallogin (protectionLevel=2 flags=0x38c8be45)
09-07 03:43:18.433  2037  2080 I PackageManager: Un-granting permission android.permission.REQUEST_INSTALL_PACKAGES from package com.google.android.apps.docs (protectionLevel=66 flags=0x38cbbe45)
09-07 03:43:18.433  2037  2080 I PackageManager: Un-granting permission android.permission.INTERACT_ACROSS_USERS from package com.google.android.syncadapters.contacts (protectionLevel=50 flags=0x20883e45)
09-07 03:43:18.434  2037  2080 I PackageManager: Un-granting permission android.permission.REQUEST_INSTALL_PACKAGES from package com.android.chrome (protectionLevel=66 flags=0xa0cbbe45)
09-07 03:43:18.434  2037  2080 I PackageManager: Un-granting permission android.permission.WRITE_EMBEDDED_SUBSCRIPTIONS from package com.google.android.gms (protectionLevel=50 flags=0xa0cabec5)
09-07 03:43:18.434  2037  2080 I PackageManager: Un-granting permission android.permission.CAPTURE_VIDEO_OUTPUT from package com.google.android.gms (protectionLevel=2 flags=0xa0cabec5)
09-07 03:43:18.434  2037  2080 I PackageManager: Un-granting permission android.permission.FORCE_STOP_PACKAGES from package com.google.android.gms (protectionLevel=18 flags=0xa0cabec5)
09-07 03:43:18.434  2037  2080 I PackageManager: Un-granting permission android.permission.MODIFY_DEFAULT_AUDIO_EFFECTS from package com.google.android.gms (protectionLevel=18 flags=0xa0cabec5)
09-07 03:43:18.434  2037  2080 I PackageManager: Un-granting permission android.permission.MANAGE_DEVICE_ADMINS from package com.google.android.gms (protectionLevel=2 flags=0xa0cabec5)
09-07 03:43:18.434  2037  2080 I PackageManager: Un-granting permission android.permission.MANAGE_ACTIVITY_STACKS from package com.google.android.gms (protectionLevel=2 flags=0xa0cabec5)
09-07 03:43:18.434  2037  2080 I PackageManager: Un-granting permission android.permission.CAPTURE_SECURE_VIDEO_OUTPUT from package com.google.android.gms (protectionLevel=2 flags=0xa0cabec5)
09-07 03:43:18.434  2037  2080 I PackageManager: Un-granting permission android.permission.MANAGE_ROLLBACKS from package com.google.android.gms (protectionLevel=514 flags=0xa0cabec5)
09-07 03:43:18.434  2037  2080 I PackageManager: Un-granting permission android.permission.MEDIA_CONTENT_CONTROL from package com.google.android.gms (protectionLevel=18 flags=0xa0cabec5)
09-07 03:43:18.434  2037  2080 I PackageManager: Un-granting permission android.permission.HIDE_NON_SYSTEM_OVERLAY_WINDOWS from package com.google.android.gms (protectionLevel=258 flags=0xa0cabec5)
09-07 03:43:18.435  2037  2080 I PackageManager: Un-granting permission com.google.android.googleapps.permission.GOOGLE_AUTH from package com.google.android.videos (protectionLevel=2 flags=0x30dbbe45)
09-07 03:43:18.435  2037  2080 I PackageManager: Un-granting permission android.permission.WRITE_MEDIA_STORAGE from package com.google.android.apps.photos (protectionLevel=18 flags=0x38d9be45)
09-07 03:43:18.465  2689  2689 I GsaVoiceInteractionSrv: (REDACTED) O received %s
09-07 03:43:18.466  8176  8176 I Finsky  : [2] vms.g(1): vms - Received: android.intent.action.PACKAGE_REMOVED, [JKgrAT7ZrU_atynDxHtFKlznxOwkruuqzdx-Cu5fTVw]
09-07 03:43:18.481  8176 12671 I Finsky  : [776] pth.accept(76): IQ: handled package removed
09-07 03:43:18.483  2037  2133 I InputReader: Reconfiguring input devices.  changes=0x00000010
09-07 03:43:18.485  2037  2133 I InputReader: Reconfiguring input devices.  changes=0x00000010
09-07 03:43:18.487  8176 12669 I Finsky  : [774] oll.run(296): Wrote row to frosting DB: 1642
09-07 03:43:18.491  8176  8256 I Finsky  : [591] jnn.a(53): AIM: AppInfoManager-Perf > OnDeviceAppInfo > cacheHitCount=0, cacheMissCount=1. Missed  in cache (limit 10) : [ru.iteco.fmhandroid.test]
09-07 03:43:18.492  8176  8256 I Finsky  : [591] jlf.apply(886): AIM: Got app ownership map. App counts: . Unique apps: 0
09-07 03:43:18.492  8176  8176 I Finsky  : [2] vms.g(1): vms - Received: android.intent.action.PACKAGE_ADDED, [JKgrAT7ZrU_atynDxHtFKlznxOwkruuqzdx-Cu5fTVw]
09-07 03:43:18.494  2037  2066 W BroadcastQueue: Background execution not allowed: receiving Intent { act=android.intent.action.PACKAGE_REMOVED dat=package:ru.iteco.fmhandroid.test flg=0x4000010 (has extras) } to com.android.musicfx/.Compatibility$Receiver
09-07 03:43:18.495  2037  2066 W BroadcastQueue: Background execution not allowed: receiving Intent { act=android.intent.action.PACKAGE_REMOVED dat=package:ru.iteco.fmhandroid.test flg=0x4000010 (has extras) } to com.android.vending/com.google.android.finsky.packagemonitor.impl.PackageMonitorReceiverImpl$RegisteredReceiver
09-07 03:43:18.497  2037  2066 W BroadcastQueue: Background execution not allowed: receiving Intent { act=android.intent.action.PACKAGE_REMOVED dat=package:ru.iteco.fmhandroid.test flg=0x4000010 (has extras) } to com.android.vending/com.google.android.finsky.packagemonitor.backgroundimpl.BackgroundPackageMonitorReceiverImpl$RegisteredReceiver
09-07 03:43:18.498  2037  2066 W BroadcastQueue: Background execution not allowed: receiving Intent { act=android.intent.action.PACKAGE_REMOVED dat=package:ru.iteco.fmhandroid.test flg=0x4000010 (has extras) } to com.android.vending/com.google.android.finsky.instantapps.appmanagement.InstantAppRemoveMonitor
09-07 03:43:18.498  2037  2066 W BroadcastQueue: Background execution not allowed: receiving Intent { act=android.intent.action.PACKAGE_REMOVED dat=package:ru.iteco.fmhandroid.test flg=0x4000010 (has extras) } to com.google.android.gms/.games.chimera.GamesSystemBroadcastReceiverProxy
09-07 03:43:18.500  2037  2066 W BroadcastQueue: Background execution not allowed: receiving Intent { act=android.intent.action.PACKAGE_REMOVED dat=package:ru.iteco.fmhandroid.test flg=0x4000010 (has extras) } to com.google.android.gms/.chimera.GmsIntentOperationService$PersistentTrustedReceiver
09-07 03:43:18.500  2037  2066 W BroadcastQueue: Background execution not allowed: receiving Intent { act=android.intent.action.PACKAGE_ADDED dat=package:ru.iteco.fmhandroid.test flg=0x4000010 (has extras) } to com.google.android.packageinstaller/com.android.packageinstaller.PackageInstalledReceiver
09-07 03:43:18.500  2037  2066 W BroadcastQueue: Background execution not allowed: receiving Intent { act=android.intent.action.PACKAGE_ADDED dat=package:ru.iteco.fmhandroid.test flg=0x4000010 (has extras) } to com.android.musicfx/.Compatibility$Receiver
09-07 03:43:18.503  2689  2689 I GsaVoiceInteractionSrv: (REDACTED) O received %s
09-07 03:43:18.505  2434  2940 E ActivityThread: Failed to find provider info for com.google.android.apps.wellbeing.api
09-07 03:43:18.507  2689  2689 I GsaVoiceInteractionSrv: (REDACTED) O received %s
09-07 03:43:18.510  2037  2133 I InputReader: Reconfiguring input devices.  changes=0x00000010
09-07 03:43:18.511  8176  8252 I Finsky  : [587] jnj.a(202): AIM: AppInfoManager-Perf > ItemModel > CacheSize=0, cacheHitCount=0, cacheMissCount=1, total appsWithNoServerDataCount=0. Missed  in cache (limit 10) : [ru.iteco.fmhandroid.test]
09-07 03:43:18.511  8176  8252 I Finsky  : [587] jnm.n(24): AIM: AppInfoManager-Perf > ItemModel > ItemStore Called 1 apps cacheOptions = USE_CACHE
09-07 03:43:18.511  8176 12669 I Finsky  : [774] oll.run(296): Wrote row to frosting DB: 1643
09-07 03:43:18.515  8176  8252 I Finsky  : [587] jnj.a(1098): AIM: ItemModel fetch - unauth(1), auth()
09-07 03:43:18.518  8176  8252 I Finsky  : [587] rmt.apply(40): ItemStore: Not cached: ru.iteco.fmhandroid.test
09-07 03:43:18.519  8176 12669 I Finsky  : [774] oll.run(296): Wrote row to frosting DB: 1644
09-07 03:43:18.525  2037  2066 W BroadcastQueue: Background execution not allowed: receiving Intent { act=android.intent.action.PACKAGE_ADDED dat=package:ru.iteco.fmhandroid.test flg=0x4000010 (has extras) } to com.android.vending/com.google.android.finsky.packagemonitor.impl.PackageMonitorReceiverImpl$RegisteredReceiver
09-07 03:43:18.529  8176  8250 I Finsky  : [585] jnn.a(53): AIM: AppInfoManager-Perf > OnDeviceAppInfo > cacheHitCount=0, cacheMissCount=1. Missed  in cache (limit 10) : [ru.iteco.fmhandroid.test]
09-07 03:43:18.531  8176  8176 I Finsky  : [2] qos.akj(13): DTU: Received onPackageAdded, replacing: true
09-07 03:43:18.532  8176  8250 I Finsky  : [585] jlf.apply(886): AIM: Got app ownership map. App counts: . Unique apps: 0
09-07 03:43:18.540  2037  2066 W BroadcastQueue: Background execution not allowed: receiving Intent { act=android.intent.action.PACKAGE_ADDED dat=package:ru.iteco.fmhandroid.test flg=0x4000010 (has extras) } to com.android.vending/com.google.android.finsky.packagemonitor.backgroundimpl.BackgroundPackageMonitorReceiverImpl$RegisteredReceiver
09-07 03:43:18.541  2037  2066 W BroadcastQueue: Background execution not allowed: receiving Intent { act=android.intent.action.PACKAGE_ADDED dat=package:ru.iteco.fmhandroid.test flg=0x4000010 (has extras) } to com.google.android.gms/.games.chimera.GamesSystemBroadcastReceiverProxy
09-07 03:43:18.541  2037  2066 W BroadcastQueue: Background execution not allowed: receiving Intent { act=android.intent.action.PACKAGE_ADDED dat=package:ru.iteco.fmhandroid.test flg=0x4000010 (has extras) } to com.google.android.gms/.gass.chimera.PackageChangeBroadcastReceiver
09-07 03:43:18.541  2037  2066 W BroadcastQueue: Background execution not allowed: receiving Intent { act=android.intent.action.PACKAGE_ADDED dat=package:ru.iteco.fmhandroid.test flg=0x4000010 (has extras) } to com.google.android.gms/.chimera.GmsIntentOperationService$PersistentTrustedReceiver
09-07 03:43:18.542  2666  3039 I aykq    : (REDACTED) isOpaHotwordEnabled: %b
09-07 03:43:18.542  2666  3039 I aykq    : Disabling the hotword detector.
09-07 03:43:18.543  8176  8176 I Finsky  : [2] vms.g(1): vms - Received: android.intent.action.PACKAGE_ADDED, [JKgrAT7ZrU_atynDxHtFKlznxOwkruuqzdx-Cu5fTVw]
09-07 03:43:18.546  2037  2066 W BroadcastQueue: Background execution not allowed: receiving Intent { act=android.intent.action.PACKAGE_ADDED dat=package:ru.iteco.fmhandroid.test flg=0x4000010 (has extras) } to com.google.android.ims/.receivers.RcsAutoStartReceiver
09-07 03:43:18.550  2666  3039 I apsj    : (REDACTED) Updating hotword opa ineligibility to %b
09-07 03:43:18.551  2689  3085 W gmjq    : Receive a config update when there's no subscriber. Ignore the request!
09-07 03:43:18.555  2666  3039 I ayhu    : getLocaleToModelSpecsMap
09-07 03:43:18.555  2666  3039 I ayhu    : Fetching latest config from MDD...
09-07 03:43:18.555  2666  3039 I ayhu    : (REDACTED) Found map of size: %d
09-07 03:43:18.555  2666  3039 I ayht    : (REDACTED) Adding from proto config to map [configKey: %s locale: %s modelType: %s modelPrefix: %s Location: %s isSpeakerIdSupported: %b]
09-07 03:43:18.555  8176 12669 I Finsky  : [774] oll.run(296): Wrote row to frosting DB: 1645
09-07 03:43:18.561  8176  8176 I Finsky  : [2] vms.g(1): vms - Deduping intent android.intent.action.PACKAGE_ADDED
09-07 03:43:18.563  2666  3039 I bioh    : (REDACTED) Initializing MicroDataManager InitializeType-%d, isForced-%b, isActivePhoneEnrollment-%b isActiveGoogleHomeEnrollment-%b
09-07 03:43:18.563  2666  3039 I ayhu    : getLocaleToModelSpecsMap
09-07 03:43:18.563  2666  3039 I ayhu    : Fetching latest config from MDD...
09-07 03:43:18.563  2666  3039 I ayhu    : (REDACTED) Found map of size: %d
09-07 03:43:18.563  2666  3039 I ayht    : (REDACTED) Adding from proto config to map [configKey: %s locale: %s modelType: %s modelPrefix: %s Location: %s isSpeakerIdSupported: %b]
09-07 03:43:18.563  2666  3039 I ayma    : (REDACTED) Location for model with model type: %s and locale: %s, is : %s
09-07 03:43:18.563  2666  3039 I aykq    : (REDACTED) isOpaHotwordEnabled: %b
09-07 03:43:18.564  2666  3039 I aykq    : Disabling the hotword detector.
09-07 03:43:18.565  8176  8176 I Finsky  : [2] vms.g(1): vms - Received: android.intent.action.PACKAGE_ADDED, [JKgrAT7ZrU_atynDxHtFKlznxOwkruuqzdx-Cu5fTVw]
09-07 03:43:18.565  2666  3039 I apsj    : (REDACTED) #takeChangeMicroDetectorMode [mIsBargeInEnabled: %b, mCurrentDetectionMode: %s]
09-07 03:43:18.565  2666  3039 I apsj    : (REDACTED) Should stop hotword detection immediately - %b
09-07 03:43:18.566  2666  3039 I aykq    : (REDACTED) isOpaHotwordEnabled: %b
09-07 03:43:18.566  2666  3039 I aykq    : Disabling the hotword detector.
09-07 03:43:18.568  2689  3085 W gmjq    : Receive a config update when there's no subscriber. Ignore the request!
09-07 03:43:18.570  2666  2806 I earchbox:searc: Waiting for a blocking GC ProfileSaver
09-07 03:43:18.570  2666  2704 I earchbox:searc: Background young concurrent copying GC freed 37007(1516KB) AllocSpace objects, 1(16KB) LOS objects, 7% free, 16MB/17MB, paused 14.215ms total 64.717ms
09-07 03:43:18.571  8176  8221 I android.vendin: Waiting for a blocking GC ProfileSaver
09-07 03:43:18.571  2666  3039 I apsj    : (REDACTED) #takeChangeMicroDetectorMode [mIsBargeInEnabled: %b, mCurrentDetectionMode: %s]
09-07 03:43:18.572  2666  3039 I apsj    : (REDACTED) Should stop hotword detection immediately - %b
09-07 03:43:18.573  2666  3039 I ayhu    : getLocaleToModelSpecsMap
09-07 03:43:18.573  2666  3039 I ayhu    : Fetching latest config from MDD...
09-07 03:43:18.573  2666  3039 I ayhu    : (REDACTED) Found map of size: %d
09-07 03:43:18.573  2666  3039 I ayht    : (REDACTED) Adding from proto config to map [configKey: %s locale: %s modelType: %s modelPrefix: %s Location: %s isSpeakerIdSupported: %b]
09-07 03:43:18.576  2689  3085 W gmjq    : Receive a config update when there's no subscriber. Ignore the request!
09-07 03:43:18.580  2666  3039 W aoza    : Abort, client detached.
09-07 03:43:18.580  2666  3039 I chatty  : uid=10104(com.google.android.googlequicksearchbox) EventBus0 identical 1 line
09-07 03:43:18.582  2666  3039 W aoza    : Abort, client detached.
09-07 03:43:18.597  8176 12669 I Finsky  : [774] oll.run(296): Wrote row to frosting DB: 1646
09-07 03:43:18.601  8176  8176 I Finsky  : [2] vms.g(1): vms - Deduping intent android.intent.action.PACKAGE_ADDED
09-07 03:43:18.609  2037  6424 W BroadcastQueue: Background execution not allowed: receiving Intent { act=android.intent.action.PACKAGE_REPLACED dat=package:ru.iteco.fmhandroid.test flg=0x4000010 (has extras) } to com.android.musicfx/.Compatibility$Receiver
09-07 03:43:18.610  8176  8257 I Finsky  : [592] jnj.a(202): AIM: AppInfoManager-Perf > ItemModel > CacheSize=0, cacheHitCount=0, cacheMissCount=1, total appsWithNoServerDataCount=0. Missed  in cache (limit 10) : [ru.iteco.fmhandroid.test]
09-07 03:43:18.612  8176  8257 I Finsky  : [592] jnm.n(24): AIM: AppInfoManager-Perf > ItemModel > ItemStore Called 1 apps cacheOptions = USE_CACHE
09-07 03:43:18.612  8176  8257 I Finsky  : [592] jnj.a(1098): AIM: ItemModel fetch - unauth(1), auth()
09-07 03:43:18.612  8176  8257 I Finsky  : [592] rmt.apply(40): ItemStore: Not cached: ru.iteco.fmhandroid.test
09-07 03:43:18.620  8425 12684 I Fitness : (REDACTED) FitCleanupIntentOperation received Intent %s
09-07 03:43:18.624  2037  2066 W BroadcastQueue: Background execution not allowed: receiving Intent { act=android.intent.action.PACKAGE_REPLACED dat=package:ru.iteco.fmhandroid.test flg=0x4000010 (has extras) } to com.google.android.apps.photos/.account.full.FetchAccountPropertiesAppUpgradeBroadcastReceiver
09-07 03:43:18.624  2037  2066 W BroadcastQueue: Background execution not allowed: receiving Intent { act=android.intent.action.PACKAGE_REPLACED dat=package:ru.iteco.fmhandroid.test flg=0x4000010 (has extras) } to com.google.android.apps.photos/.account.full.SyncAccountsForLoginBroadcastReceiver
09-07 03:43:18.625  2037  2066 W BroadcastQueue: Background execution not allowed: receiving Intent { act=android.intent.action.PACKAGE_REPLACED dat=package:ru.iteco.fmhandroid.test flg=0x4000010 (has extras) } to com.google.android.apps.photos/.experiments.phenotype.full.PhenotypeAppUpgradeBroadcastReceiver
09-07 03:43:18.625  2037  2066 W BroadcastQueue: Background execution not allowed: receiving Intent { act=android.intent.action.PACKAGE_REPLACED dat=package:ru.iteco.fmhandroid.test flg=0x4000010 (has extras) } to com.google.android.apps.photos/.notificationchannels.AppUpdateBroadcastReceiver
09-07 03:43:18.625  2037  2066 W BroadcastQueue: Background execution not allowed: receiving Intent { act=android.intent.action.PACKAGE_REPLACED dat=package:ru.iteco.fmhandroid.test flg=0x4000010 (has extras) } to com.google.android.gms/.gass.chimera.PackageChangeBroadcastReceiver
09-07 03:43:18.626  2037  2066 W BroadcastQueue: Background execution not allowed: receiving Intent { act=android.intent.action.PACKAGE_REPLACED dat=package:ru.iteco.fmhandroid.test flg=0x4000010 (has extras) } to com.google.android.gms/.chimera.GmsIntentOperationService$PersistentTrustedReceiver
09-07 03:43:18.626  2037  2066 W BroadcastQueue: Background execution not allowed: receiving Intent { act=android.intent.action.PACKAGE_REPLACED dat=package:ru.iteco.fmhandroid.test flg=0x4000010 (has extras) } to com.google.android.ims/.receivers.RcsAutoStartReceiver
09-07 03:43:18.635  8176 12669 I Finsky  : [774] oll.run(296): Wrote row to frosting DB: 1647
09-07 03:43:18.660  2037  2037 I Telecom : DefaultDialerCache: Refreshing default dialer for user 0: now com.android.dialer: DDC.oR@AKM
09-07 03:43:18.663  8176  8221 I android.vendin: WaitForGcToComplete blocked ProfileSaver on HeapTrim for 91.465ms
09-07 03:43:18.670  8425 12685 I FontLog : (REDACTED) Package %s has no metadata
09-07 03:43:18.672  2037  2037 V BackupManagerConstants: getFullBackupIntervalMilliseconds(...) returns 86400000
09-07 03:43:18.672  2037  2037 V BackupManagerConstants: getFullBackupRequiredNetworkType(...) returns 2
09-07 03:43:18.672  2037  2037 V BackupManagerConstants: getFullBackupRequireCharging(...) returns true
09-07 03:43:18.677  7867 12692 I Auth    : [SupervisedAccountIntentOperation] onHandleIntent(): android.intent.action.PACKAGE_ADDED
09-07 03:43:18.683  7867  7867 D BoundBrokerSvc: onBind: Intent { act=com.google.android.gms.common.BIND_SHARED_PREFS pkg=com.google.android.gms }
09-07 03:43:18.683  7867  7867 D BoundBrokerSvc: Loading bound service for intent: Intent { act=com.google.android.gms.common.BIND_SHARED_PREFS pkg=com.google.android.gms }
09-07 03:43:18.698  8425  8425 D BoundBrokerSvc: onBind: Intent { act=com.google.android.gms.nearby.exposurenotification.START dat=chimera-action: cmp=com.google.android.gms/.chimera.PersistentApiServiceNoInstantApps }
09-07 03:43:18.698  8425  8425 D BoundBrokerSvc: Loading bound service for intent: Intent { act=com.google.android.gms.nearby.exposurenotification.START dat=chimera-action: cmp=com.google.android.gms/.chimera.PersistentApiServiceNoInstantApps }
09-07 03:43:18.720  8176  8252 I Finsky  : [587] xty.accept(378): SCH: Scheduling phonesky job Id: 12-1, CT: 1694058198495, Constraints: [{ L: 15000, D: 86400000, C: 1, I: 1, N: 1 }]
09-07 03:43:18.729  7867  7867 D BoundBrokerSvc: onUnbind: Intent { act=com.google.android.gms.common.BIND_SHARED_PREFS pkg=com.google.android.gms }
09-07 03:43:18.729  8425  8574 W ChimeraUtils: Module com.google.android.gms.nearby_en missing resource null(0)
09-07 03:43:18.734  8425  8574 W ChimeraUtils: Module com.google.android.gms.nearby_en missing resource null(0)
09-07 03:43:18.740  8176  8250 I Finsky  : [585] yew.apply(123): SCH: Scheduling 1 system job(s)
09-07 03:43:18.745  8176  8250 I Finsky  : [585] yvz.d(263): SCH: Scheduling system job Id: 9060, L: 14755, D: 72763889, C: false, I: false, N: 1
09-07 03:43:18.764  2279  2279 D CarrierSvcBindHelper: No carrier app for: 0
09-07 03:43:18.769  2279  2279 D CarrierSvcBindHelper: No carrier app for: 0
09-07 03:43:18.775  2037  2051 I system_server: Background concurrent copying GC freed 93473(5683KB) AllocSpace objects, 46(2280KB) LOS objects, 29% free, 14MB/20MB, paused 2.110ms total 320.379ms
09-07 03:43:18.775  8176  8246 I Finsky  : [581] kiz.aeG(143): [ContentSync] finished, scheduled=true
09-07 03:43:18.777  8176  8250 E Finsky  : [585] rna.a(110): ItemStore: getItems RPC failed.
09-07 03:43:18.778  8176  8250 E Finsky  : [585] rna.a(110): ItemStore: getItems RPC failed.
09-07 03:43:18.784  8176  8257 I Finsky  : [592] xty.accept(378): SCH: Scheduling phonesky job Id: 12-1, CT: 1694058198559, Constraints: [{ L: 15000, D: 86400000, C: 1, I: 1, N: 1 }]
09-07 03:43:18.788  2279  2279 D CarrierConfigLoader: mHandler: 9 phoneId: 0
09-07 03:43:18.789  8176  8257 I Finsky  : [592] yew.apply(123): SCH: Scheduling 0 system job(s)
09-07 03:43:18.790  8176  8257 I Finsky  : [592] kiz.aeG(143): [ContentSync] finished, scheduled=true
09-07 03:43:18.795  7867  7898 I Icing   : IndexChimeraService.getServiceInterface callingPackage=com.google.android.gms componentName=AppsCorpus serviceId=36
09-07 03:43:18.823  7867 12407 W Icing   : No valid account for uploading user actions
09-07 03:43:18.830  8425  8425 D BoundBrokerSvc: onBind: Intent { act=com.google.android.gms.icing.LIGHTWEIGHT_INDEX_SERVICE dat=chimera-action: cmp=com.google.android.gms/.chimera.PersistentApiService }
09-07 03:43:18.830  8425  8425 D BoundBrokerSvc: Loading bound service for intent: Intent { act=com.google.android.gms.icing.LIGHTWEIGHT_INDEX_SERVICE dat=chimera-action: cmp=com.google.android.gms/.chimera.PersistentApiService }
09-07 03:43:18.840  7867  7867 D BoundBrokerSvc: onBind: Intent { act=com.google.android.gms.feedback.internal.IFeedbackService dat=chimera-action: cmp=com.google.android.gms/.chimera.GmsBoundBrokerService }
09-07 03:43:18.840  7867  7867 D BoundBrokerSvc: Loading bound service for intent: Intent { act=com.google.android.gms.feedback.internal.IFeedbackService dat=chimera-action: cmp=com.google.android.gms/.chimera.GmsBoundBrokerService }
09-07 03:43:18.843  7867 12407 I Icing   : Usage reports ok 0, Failed Usage reports 0, indexed 0, rejected 0
09-07 03:43:18.845  7867 12407 I Icing   : Indexing com.google.android.gms-apps from com.google.android.gms
09-07 03:43:18.862  7867  7909 I Icing   : IndexChimeraService.getServiceInterface callingPackage=com.google.android.gms componentName=null serviceId=30
09-07 03:43:18.888  7867 12407 I Icing   : Indexing done com.google.android.gms-apps
09-07 03:43:18.891  7867 10784 I Icing   : Indexing com.google.android.gms-apps from com.google.android.gms
09-07 03:43:18.892  7867 10784 I Icing   : Indexing done com.google.android.gms-apps
09-07 03:43:18.894  7867 10784 W Icing   : No valid account for uploading user actions
09-07 03:43:18.899  7867 10784 I Icing   : Usage reports ok 0, Failed Usage reports 0, indexed 0, rejected 0
09-07 03:43:18.923  1792  2272 E GnssHAL_GnssInterface: gnssSvStatusCb: a: input svInfo.flags is 8
09-07 03:43:18.923  1792  2272 E GnssHAL_GnssInterface: gnssSvStatusCb: b: input svInfo.flags is 8
09-07 03:43:18.993  1858  2116 E         : Couldn't opendir /data/app/vmdl1568315659.tmp: No such file or directory
09-07 03:43:18.993  1858  2116 E installd: Failed to delete /data/app/vmdl1568315659.tmp: No such file or directory
09-07 03:43:19.060  2037  2302 I ActivityManager: Force stopping ru.iteco.fmhandroid.test appid=10135 user=0: from pid 12699
09-07 03:43:19.066  2279  2279 D CarrierSvcBindHelper: No carrier app for: 0
09-07 03:43:19.132 12705 12705 D AndroidRuntime: >>>>>> START com.android.internal.os.RuntimeInit uid 2000 <<<<<<
09-07 03:43:19.134 12705 12705 E libc    : Access denied finding property "persist.device_config.runtime_native_boot.enable_apex_image"
09-07 03:43:19.134 12705 12705 I AndroidRuntime: Using default boot image
09-07 03:43:19.134 12705 12705 E libc    : Access denied finding property "persist.device_config.runtime_native_boot.disable_lock_profiling"
09-07 03:43:19.134 12705 12705 I AndroidRuntime: Leaving lock profiling enabled
09-07 03:43:19.135 12705 12705 E libc    : Access denied finding property "persist.device_config.runtime_native_boot.enable_generational_cc"
09-07 03:43:19.125 12705 12705 W app_process: type=1400 audit(0.0:109): avc: denied { read } for name="u:object_r:device_config_runtime_native_boot_prop:s0" dev="tmpfs" ino=6894 scontext=u:r:shell:s0 tcontext=u:object_r:device_config_runtime_native_boot_prop:s0 tclass=file permissive=0
09-07 03:43:19.125 12705 12705 W app_process: type=1400 audit(0.0:110): avc: denied { read } for name="u:object_r:device_config_runtime_native_boot_prop:s0" dev="tmpfs" ino=6894 scontext=u:r:shell:s0 tcontext=u:object_r:device_config_runtime_native_boot_prop:s0 tclass=file permissive=0
09-07 03:43:19.125 12705 12705 W app_process: type=1400 audit(0.0:111): avc: denied { read } for name="u:object_r:device_config_runtime_native_boot_prop:s0" dev="tmpfs" ino=6894 scontext=u:r:shell:s0 tcontext=u:object_r:device_config_runtime_native_boot_prop:s0 tclass=file permissive=0
09-07 03:43:19.169 12705 12705 D ICU     : Time zone APEX file found: /apex/com.android.tzdata/etc/icu/icu_tzdata.dat
09-07 03:43:19.172 12705 12705 W app_process: Unexpected CPU variant for X86 using defaults: x86
09-07 03:43:19.174 12705 12705 I app_process: The ClassLoaderContext is a special shared library.
09-07 03:43:19.181 12705 12705 W app_process: JNI RegisterNativeMethods: attempt to register 0 native methods for android.media.AudioAttributes
09-07 03:43:19.183 12705 12705 D AndroidRuntime: Calling main entry com.android.commands.am.Am
09-07 03:43:19.186  2037  2425 I ActivityManager: Force stopping ru.iteco.fmhandroid appid=10136 user=0: start instr
09-07 03:43:19.192  1775  1775 D Zygote  : Forked child process 12721
09-07 03:43:19.193 12721 12721 I teco.fmhandroi: Late-enabling -Xcheck:jni
09-07 03:43:19.200  2666  2666 I brdd    : (REDACTED) disposing SearchServiceClient after timeout %s
09-07 03:43:19.201  2037  2067 I ActivityManager: Start proc 12721:ru.iteco.fmhandroid/u0a136 for added application ru.iteco.fmhandroid
09-07 03:43:19.202 12721 12721 E teco.fmhandroi: Unknown bits set in runtime_flags: 0x8000
09-07 03:43:19.202 12721 12721 W teco.fmhandroi: Unexpected CPU variant for X86 using defaults: x86
09-07 03:43:19.230 12721 12721 I teco.fmhandroi: The ClassLoaderContext is a special shared library.
09-07 03:43:19.531 12721 12721 I chatty  : uid=10136(ru.iteco.fmhandroid) identical 2 lines
09-07 03:43:19.531 12721 12721 I teco.fmhandroi: The ClassLoaderContext is a special shared library.
09-07 03:43:19.795 12721 12721 W teco.fmhandroi: Accessing hidden method Landroid/app/Instrumentation;->execStartActivity(Landroid/content/Context;Landroid/os/IBinder;Landroid/os/IBinder;Landroid/app/Activity;Landroid/content/Intent;ILandroid/os/Bundle;)Landroid/app/Instrumentation$ActivityResult; (greylist, linking, allowed)
09-07 03:43:19.795 12721 12721 W teco.fmhandroi: Accessing hidden method Landroid/app/Instrumentation;->execStartActivity(Landroid/content/Context;Landroid/os/IBinder;Landroid/os/IBinder;Ljava/lang/String;Landroid/content/Intent;ILandroid/os/Bundle;)Landroid/app/Instrumentation$ActivityResult; (greylist, linking, allowed)
09-07 03:43:19.801 12721 12721 I MonitoringInstr: newApplication called!
09-07 03:43:19.819 12721 12721 I FirebaseApp: Device unlocked: initializing all Firebase APIs for app [DEFAULT]
09-07 03:43:19.826 12721 12721 I FirebaseCrashlytics: Initializing Firebase Crashlytics 18.2.6 for ru.iteco.fmhandroid
09-07 03:43:19.853 12721 12757 I DynamiteModule: Considering local module com.google.android.gms.measurement.dynamite:55 and remote module com.google.android.gms.measurement.dynamite:93
09-07 03:43:19.853 12721 12757 I DynamiteModule: Selected remote version of com.google.android.gms.measurement.dynamite, version >= 93
09-07 03:43:19.853 12721 12757 V DynamiteModule: Dynamite loader version >= 2, using loadModule2NoCrashUtils
09-07 03:43:19.868 12721 12757 W System  : ClassLoader referenced unknown path: 
09-07 03:43:19.902 12721 12721 I FirebaseInitProvider: FirebaseApp initialization successful
09-07 03:43:19.916 12721 12757 W teco.fmhandroi: Accessing hidden method Lsun/misc/Unsafe;->arrayBaseOffset(Ljava/lang/Class;)I (greylist,core-platform-api, linking, allowed)
09-07 03:43:19.916 12721 12757 W teco.fmhandroi: Accessing hidden method Lsun/misc/Unsafe;->arrayIndexScale(Ljava/lang/Class;)I (greylist, linking, allowed)
09-07 03:43:19.916 12721 12757 W teco.fmhandroi: Accessing hidden method Lsun/misc/Unsafe;->compareAndSwapInt(Ljava/lang/Object;JII)Z (greylist, linking, allowed)
09-07 03:43:19.916 12721 12757 W teco.fmhandroi: Accessing hidden method Lsun/misc/Unsafe;->compareAndSwapLong(Ljava/lang/Object;JJJ)Z (greylist, linking, allowed)
09-07 03:43:19.916 12721 12757 W teco.fmhandroi: Accessing hidden method Lsun/misc/Unsafe;->getIntVolatile(Ljava/lang/Object;J)I (greylist, linking, allowed)
09-07 03:43:19.916 12721 12757 W teco.fmhandroi: Accessing hidden method Lsun/misc/Unsafe;->getObjectVolatile(Ljava/lang/Object;J)Ljava/lang/Object; (greylist, linking, allowed)
09-07 03:43:19.916 12721 12757 W teco.fmhandroi: Accessing hidden method Lsun/misc/Unsafe;->objectFieldOffset(Ljava/lang/reflect/Field;)J (greylist,core-platform-api, linking, allowed)
09-07 03:43:19.916 12721 12757 W teco.fmhandroi: Accessing hidden method Lsun/misc/Unsafe;->putObjectVolatile(Ljava/lang/Object;JLjava/lang/Object;)V (greylist, linking, allowed)
09-07 03:43:19.916 12721 12757 W teco.fmhandroi: Accessing hidden field Lsun/misc/Unsafe;->theUnsafe:Lsun/misc/Unsafe; (greylist, reflection, allowed)
09-07 03:43:19.921 12721 12721 I MonitoringInstr: Instrumentation started!
09-07 03:43:19.923  1792  2272 E GnssHAL_GnssInterface: gnssSvStatusCb: a: input svInfo.flags is 8
09-07 03:43:19.923  1792  2272 E GnssHAL_GnssInterface: gnssSvStatusCb: b: input svInfo.flags is 8
09-07 03:43:19.926 12721 12721 D ClassesArgTokenizer: input: ru.iteco.fmhandroid.ui.FilterNewsPageTest#shouldFilterTheNewsWithCategoryAnnouncement
09-07 03:43:19.926 12721 12721 D ClassesArgTokenizer: result: [ru.iteco.fmhandroid.ui.FilterNewsPageTest#shouldFilterTheNewsWithCategoryAnnouncement]
09-07 03:43:19.926 12721 12721 D ClassesArgTokenizer: input: null
09-07 03:43:19.926 12721 12721 D ClassesArgTokenizer: result: []
09-07 03:43:19.928 12721 12721 V TestEventClient: No service name argument was given (testDiscoveryService, testRunEventService or orchestratorService)
09-07 03:43:19.934 12721 12766 D AndroidJUnitRunner: onStart is called.
09-07 03:43:19.941 12721 12721 I MonitoringInstr: No JSBridge.
09-07 03:43:19.949 12721 12766 D TestRequestBuilder: Skipping class path scanning and directly running [ru.iteco.fmhandroid.ui.FilterNewsPageTest]
09-07 03:43:19.953 12721 12766 D ClassesArgTokenizer: input: ru.iteco.fmhandroid.ui.FilterNewsPageTest#shouldFilterTheNewsWithCategoryAnnouncement
09-07 03:43:19.953 12721 12766 D ClassesArgTokenizer: result: [ru.iteco.fmhandroid.ui.FilterNewsPageTest#shouldFilterTheNewsWithCategoryAnnouncement]
09-07 03:43:19.953 12721 12766 D ClassesArgTokenizer: input: null
09-07 03:43:19.953 12721 12766 D ClassesArgTokenizer: result: []
09-07 03:43:19.964 12721 12766 D AndroidJUnitRunner: Use the raw file system for managing file I/O.
09-07 03:43:19.968 12721 12766 D TestExecutor: Adding listener androidx.test.internal.runner.listener.LogRunListener
09-07 03:43:19.969 12721 12766 D TestExecutor: Adding listener androidx.test.internal.runner.listener.InstrumentationResultPrinter
09-07 03:43:19.969 12721 12766 D TestExecutor: Adding listener androidx.test.internal.runner.listener.ActivityFinisherRunListener
09-07 03:43:19.969 12721 12766 D TestExecutor: Adding listener androidx.test.internal.runner.listener.TraceRunListener
09-07 03:43:19.971 12721 12766 I TestRunner: run started: 1 tests
09-07 03:43:19.975 12721 12765 V FA      : App measurement collection enabled
09-07 03:43:19.976 12721 12765 V FA      : App measurement enabled for app package, google app id: ru.iteco.fmhandroid, 1:729587742060:android:e7d6f87c783f52b9a42f49
09-07 03:43:19.976 12721 12765 I FA      : App measurement initialized, version: 80069
09-07 03:43:19.976 12721 12765 I FA      : To enable debug logging run: adb shell setprop log.tag.FA VERBOSE
09-07 03:43:19.976 12721 12765 I FA      : To enable faster debug mode event logging run:
09-07 03:43:19.976 12721 12765 I FA      :   adb shell setprop debug.firebase.analytics.app ru.iteco.fmhandroid
09-07 03:43:19.976 12721 12765 D FA      : Debug-level message logging enabled
09-07 03:43:19.993 12721 12765 D FA      : Resetting session stitching token to not null
09-07 03:43:20.003 12721 12766 I TestRunner: started: shouldFilterTheNewsWithCategoryAnnouncement(ru.iteco.fmhandroid.ui.FilterNewsPageTest)
09-07 03:43:20.007 12721 12765 V FA      : Connecting to remote service
09-07 03:43:20.010  7867  7867 D BoundBrokerSvc: onBind: Intent { act=com.google.android.gms.measurement.START pkg=com.google.android.gms }
09-07 03:43:20.010  7867  7867 D BoundBrokerSvc: Loading bound service for intent: Intent { act=com.google.android.gms.measurement.START pkg=com.google.android.gms }
09-07 03:43:20.022 12721 12765 V FA      : Connection attempt already in progress
09-07 03:43:20.029 12721 12765 V FA      : Connection attempt already in progress
09-07 03:43:20.029 12721 12765 D FA      : Connected to remote service
09-07 03:43:20.030 12721 12765 V FA      : Processing queued up service tasks: 3
09-07 03:43:20.052  7867 12770 V FA-SVC  : Saving default event parameters, appId, data size: ru.iteco.fmhandroid, 2
09-07 03:43:20.089  1774 12771 E ResolverController: No valid NAT64 prefix (101, <unspecified>/0)
09-07 03:43:20.125  2037  2037 V SettingsProvider: Notifying for 0: content://settings/secure/accessibility_enabled
09-07 03:43:20.126  2689  3033 I fteu    : (REDACTED) #onAccessibilityStateChanged enabled: %s
09-07 03:43:20.126  2689  3085 I fteu    : #onChange
09-07 03:43:20.126  2689  3085 I csoe    : #FCF: onChange
09-07 03:43:20.127  2689  3085 I csoi    : (REDACTED) FCF System FeatureName to check: %s
09-07 03:43:20.127  2689  3085 I csoi    : (REDACTED) FCF: Device model check status : %s
09-07 03:43:20.127  2689  3085 I csof    : FCF A11y Checker - readyForTngMa
09-07 03:43:20.128  2689  3084 I ctnd    : (REDACTED) #isBluetoothOrWiredHeadsetConnected Number of connected audio devices: %s
09-07 03:43:20.128  2689  3084 I cspe    : (REDACTED) #FCF: Headset Connected Status: %s
09-07 03:43:20.128  2689  3084 I csqr    : (REDACTED) #FCF: Demo mode check status : %s
09-07 03:43:20.128  2689  3085 I csqs    : (REDACTED) #FCF: Managed profile check status : %s
09-07 03:43:20.128  2689  3085 I csno    : (REDACTED) #FCF: Assistant primary locale : %s
09-07 03:43:20.129  2689  3085 I csno    : (REDACTED) #FCF: Assistant Primary locale check status : %s
09-07 03:43:20.129  2689  3085 W csqu    : Unable to check for productivity accounts. Assuming there are none.
09-07 03:43:20.129  2689  3085 W csqu    : com.google.android.libraries.geller.portable.GellerException: Code: INVALID_ARGUMENT, Message: Account name is null.
09-07 03:43:20.129  2689  3085 W csqu    : 	at ghid.a(PG:6)
09-07 03:43:20.129  2689  3085 W csqu    : 	at gxvx.a(PG:3)
09-07 03:43:20.129  2689  3085 W csqu    : 	at hnzx.a(PG:1)
09-07 03:43:20.129  2689  3085 W csqu    : 	at hobr.run(PG:4)
09-07 03:43:20.129  2689  3085 W csqu    : 	at ewes.run(PG:1)
09-07 03:43:20.129  2689  3085 W csqu    : 	at java.util.concurrent.ThreadPoolExecutor.runWorker(ThreadPoolExecutor.java:1167)
09-07 03:43:20.129  2689  3085 W csqu    : 	at java.util.concurrent.ThreadPoolExecutor$Worker.run(ThreadPoolExecutor.java:641)
09-07 03:43:20.129  2689  3085 W csqu    : 	at ewdw.run(PG:2)
09-07 03:43:20.129  2689  3085 W csqu    : 	at java.lang.Thread.run(Thread.java:919)
09-07 03:43:20.129  2689  3085 W csqu    : 	at ewfb.run(PG:5)
09-07 03:43:20.132  2666  3004 I biwj    : NGA disabled since it's running Panthera and at least one a11y feature is on.
09-07 03:43:20.132  2666  3004 I biwj    : (REDACTED) Nga state changed to %s
09-07 03:43:20.139  2689  3084 I yzq     : (REDACTED) Nga on-device enabled based on TNG:MA active state: %b
09-07 03:43:20.139  2689  3084 I yzq     : (REDACTED) Nga on-device enabled based on TNG:MA active state: %b
09-07 03:43:20.139  2689  3084 I yzq     : Unsubscribed to apa or classic variant change.
09-07 03:43:20.142  2689  3084 I csts    : (REDACTED) #FCF evaluate: %s
09-07 03:43:20.142  2689  3084 I csts    : (REDACTED) TngMaStatusChecker#evaluateInternal completed in %s millis
09-07 03:43:20.143  2689  3084 I cscy    : (REDACTED) TNG:MA status updated: %s
09-07 03:43:20.143  2689  3084 I cscy    : TNG:MA became ineligible, client should disconnect
09-07 03:43:20.143  2689  3084 I cscy    : #disconnectAndStop - preventing double stop
09-07 03:43:20.143  2689  3084 I csts    : #invalidationSource: adding saa update checker
09-07 03:43:20.143  2689  3084 I csts    : #invalidationSource: adding headset checker
09-07 03:43:20.156  2666  3039 I bjbd    : Trying to enqueue PieTriggeringWorker
09-07 03:43:20.158  2689  2689 I aaag    : (REDACTED) eventData = %s
09-07 03:43:20.162  2689  3085 I znc     : Logging success flow
09-07 03:43:20.165 12721 12766 W Settings: Setting always_finish_activities has moved from android.provider.Settings.System to android.provider.Settings.Global, returning read-only value.
09-07 03:43:20.167  2666  3039 I bjbd    : Trying to enqueue PieTriggeringWorker
09-07 03:43:20.168  2689  2689 I aaag    : (REDACTED) eventData = %s
09-07 03:43:20.169  2689  3084 I znc     : Logging success flow
09-07 03:43:20.172  2037  2674 I ActivityTaskManager: START u0 {act=android.intent.action.MAIN cat=[android.intent.category.LAUNCHER] flg=0x10008000 cmp=ru.iteco.fmhandroid.test/androidx.test.core.app.InstrumentationActivityInvoker$BootstrapActivity (has extras)} from uid 10136
09-07 03:43:20.179  2037  2674 W InputReader: Device has associated, but no associated display id.
09-07 03:43:20.179  2037  2674 I chatty  : uid=1000(system) Binder:2037_A identical 8 lines
09-07 03:43:20.179  2037  2674 W InputReader: Device has associated, but no associated display id.
09-07 03:43:20.181  2037  2061 E system_server: Invalid ID 0x00000000.
09-07 03:43:20.187  2666  3039 I bjbd    : Trying to enqueue PieTriggeringWorker
09-07 03:43:20.189  2689  2689 I aaag    : (REDACTED) eventData = %s
09-07 03:43:20.192  1775  1775 D Zygote  : Forked child process 12778
09-07 03:43:20.196  2037  2067 I ActivityManager: Start proc 12778:ru.iteco.fmhandroid.test/u0a135 for activity {ru.iteco.fmhandroid.test/androidx.test.core.app.InstrumentationActivityInvoker$BootstrapActivity}
09-07 03:43:20.198  1793  1859 D gralloc_ranchu: gralloc_alloc: Creating ashmem region of size 9850880
09-07 03:43:20.199 12778 12778 I fmhandroid.tes: Late-enabling -Xcheck:jni
09-07 03:43:20.210 12778 12778 E fmhandroid.tes: Unknown bits set in runtime_flags: 0x8000
09-07 03:43:20.210 12778 12778 W fmhandroid.tes: Unexpected CPU variant for X86 using defaults: x86
09-07 03:43:20.238  2037  2302 W InputReader: Device has associated, but no associated display id.
09-07 03:43:20.243  2037  2302 I chatty  : uid=1000(system) Binder:2037_4 identical 28 lines
09-07 03:43:20.243  2037  2302 W InputReader: Device has associated, but no associated display id.
09-07 03:43:20.248  2037  2061 W InputReader: Device has associated, but no associated display id.
09-07 03:43:20.248  2037  2061 I chatty  : uid=1000(system) android.anim identical 8 lines
09-07 03:43:20.248  2037  2061 W InputReader: Device has associated, but no associated display id.
09-07 03:43:20.260  2666  3068 D EGL_emulation: eglMakeCurrent: 0xda21b0e0: ver 2 0 (tinfo 0xda20fbb0)
09-07 03:43:20.264 12778 12778 I fmhandroid.tes: The ClassLoaderContext is a special shared library.
09-07 03:43:20.265 12778 12778 I fmhandroid.tes: The ClassLoaderContext is a special shared library.
09-07 03:43:20.266  2182  2468 D EGL_emulation: eglMakeCurrent: 0xda21a360: ver 2 0 (tinfo 0xda20f590)
09-07 03:43:20.267  2434  2714 D EGL_emulation: eglMakeCurrent: 0xed453b60: ver 2 0 (tinfo 0xe233a960)
09-07 03:43:20.272  2182  2468 D EGL_emulation: eglMakeCurrent: 0xda21a360: ver 2 0 (tinfo 0xda20f590)
09-07 03:43:20.273  2182  2182 W View    : requestLayout() improperly called by com.android.keyguard.AlphaOptimizedLinearLayout{551c6d8 V.E...... ......ID 7,0-48,61 #7f0a041c app:id/wifi_group} during second layout pass: posting in next frame
09-07 03:43:20.280  2182  2182 W View    : requestLayout() improperly called by StatusBarIconView(slot=mobile icon=null notification=null) during layout: running second layout pass
09-07 03:43:20.280  2666  2666 I dnsi    : onPause
09-07 03:43:20.290  2666  9317 V ClearcutMetricXmitter: Transmission is done.
09-07 03:43:20.404  1823  2474 E SurfaceFlinger: ro.sf.lcd_density must be defined as a build property
09-07 03:43:20.404  1823  2474 E SurfaceFlinger: ro.sf.lcd_density must be defined as a build property
09-07 03:43:20.406 12778 12813 D libEGL  : Emulator has host GPU support, qemu.gles is set to 1.
09-07 03:43:20.406 12778 12813 W libc    : Unable to set property "qemu.gles" to "1": connection failed; errno=13 (Permission denied)
09-07 03:43:20.395 12778 12778 W RenderThread: type=1400 audit(0.0:112): avc: denied { write } for name="property_service" dev="tmpfs" ino=6988 scontext=u:r:untrusted_app:s0:c135,c256,c512,c768 tcontext=u:object_r:property_socket:s0 tclass=sock_file permissive=0
09-07 03:43:20.416 12778 12813 D libEGL  : loaded /vendor/lib/egl/libEGL_emulation.so
09-07 03:43:20.417 12778 12813 D libEGL  : loaded /vendor/lib/egl/libGLESv1_CM_emulation.so
09-07 03:43:20.419 12778 12813 D libEGL  : loaded /vendor/lib/egl/libGLESv2_emulation.so
09-07 03:43:20.437  2037  4497 I ActivityTaskManager: START u0 {act=android.intent.action.MAIN cat=[android.intent.category.LAUNCHER] cmp=ru.iteco.fmhandroid/.ui.AppActivity} from uid 10136
09-07 03:43:20.442  2037  4497 W InputReader: Device has associated, but no associated display id.
09-07 03:43:20.443  2037  4497 I chatty  : uid=1000(system) Binder:2037_14 identical 38 lines
09-07 03:43:20.443  2037  4497 W InputReader: Device has associated, but no associated display id.
09-07 03:43:20.443 12721 12721 W ActivityThread: handleWindowVisibility: no activity for token android.os.BinderProxy@dce2beb
09-07 03:43:20.444  2037  4497 W InputReader: Device has associated, but no associated display id.
09-07 03:43:20.445  2037  4497 I chatty  : uid=1000(system) Binder:2037_14 identical 18 lines
09-07 03:43:20.445  2037  4497 W InputReader: Device has associated, but no associated display id.
09-07 03:43:20.455  2666  2666 I dnsi    : onStop
09-07 03:43:20.458  1823  2077 E SurfaceFlinger: ro.sf.lcd_density must be defined as a build property
09-07 03:43:20.458  1823  2077 E SurfaceFlinger: ro.sf.lcd_density must be defined as a build property
09-07 03:43:20.459 12721 12817 D libEGL  : Emulator has host GPU support, qemu.gles is set to 1.
09-07 03:43:20.459 12721 12817 W libc    : Unable to set property "qemu.gles" to "1": connection failed; errno=13 (Permission denied)
