09-07 03:43:20.455 12721 12721 W RenderThread: type=1400 audit(0.0:113): avc: denied { write } for name="property_service" dev="tmpfs" ino=6988 scontext=u:r:untrusted_app:s0:c136,c256,c512,c768 tcontext=u:object_r:property_socket:s0 tclass=sock_file permissive=0
09-07 03:43:20.482  1823  1823 W SurfaceFlinger: couldn't log to binary event log: overflow.
09-07 03:43:20.483  1823  1823 W SurfaceFlinger: couldn't log to binary event log: overflow.
09-07 03:43:20.500 12721 12817 D libEGL  : loaded /vendor/lib/egl/libEGL_emulation.so
09-07 03:43:20.502 12721 12817 D libEGL  : loaded /vendor/lib/egl/libGLESv1_CM_emulation.so
09-07 03:43:20.504 12721 12817 D libEGL  : loaded /vendor/lib/egl/libGLESv2_emulation.so
09-07 03:43:20.506 12721 12721 D LifecycleMonitor: Lifecycle status change: ru.iteco.fmhandroid.ui.AppActivity@bf025f4 in: PRE_ON_CREATE
09-07 03:43:20.506 12721 12721 V ActivityScenario: Activity lifecycle changed event received but ignored because the reported transition was not ON_CREATE while the last known transition was PRE_ON_CREATE
09-07 03:43:20.518 12721 12757 V FA      : onActivityCreated
09-07 03:43:20.534 12721 12721 W teco.fmhandroi: Accessing hidden method Landroid/view/View;->computeFitSystemWindows(Landroid/graphics/Rect;Landroid/graphics/Rect;)Z (greylist, reflection, allowed)
09-07 03:43:20.534 12721 12721 W teco.fmhandroi: Accessing hidden method Landroid/view/ViewGroup;->makeOptionalFitsSystemWindows()V (greylist, reflection, allowed)
09-07 03:43:20.621 12721 12721 D NetworkSecurityConfig: No Network Security Config specified, using platform default
09-07 03:43:20.627 12721 12721 W teco.fmhandroi: Accessing hidden method Ljava/lang/invoke/MethodHandles$Lookup;-><init>(Ljava/lang/Class;I)V (greylist, reflection, allowed)
09-07 03:43:20.709 12721 12721 D LifecycleMonitor: Lifecycle status change: ru.iteco.fmhandroid.ui.AppActivity@bf025f4 in: CREATED
09-07 03:43:20.709 12721 12721 V ActivityScenario: Update currentActivityStage to CREATED, currentActivity=ru.iteco.fmhandroid.ui.AppActivity@bf025f4
09-07 03:43:20.772 12721 12721 D LifecycleMonitor: Lifecycle status change: ru.iteco.fmhandroid.ui.AppActivity@bf025f4 in: STARTED
09-07 03:43:20.772 12721 12721 V ActivityScenario: Update currentActivityStage to STARTED, currentActivity=ru.iteco.fmhandroid.ui.AppActivity@bf025f4
09-07 03:43:20.774 12721 12721 D LifecycleMonitor: Lifecycle status change: ru.iteco.fmhandroid.ui.AppActivity@bf025f4 in: RESUMED
09-07 03:43:20.775 12721 12721 V ActivityScenario: Update currentActivityStage to RESUMED, currentActivity=ru.iteco.fmhandroid.ui.AppActivity@bf025f4
09-07 03:43:20.775 12721 12765 V FA      : Activity resumed, time: 1124668
09-07 03:43:20.777 12721 12757 W teco.fmhandroi: Accessing hidden method Lsun/misc/Unsafe;->compareAndSwapObject(Ljava/lang/Object;JLjava/lang/Object;Ljava/lang/Object;)Z (greylist, linking, allowed)
09-07 03:43:20.777 12721 12757 W teco.fmhandroi: Accessing hidden method Lsun/misc/Unsafe;->getObject(Ljava/lang/Object;J)Ljava/lang/Object; (greylist, linking, allowed)
09-07 03:43:20.786 12721 12765 I FA      : Tag Manager is not found and thus will not be used
09-07 03:43:20.786 12721 12766 W FileTestStorage: Output properties is not supported.
09-07 03:43:20.786 12721 12766 I Tracing : Tracer added: class androidx.test.platform.tracing.AndroidXTracer
09-07 03:43:20.794 12721 12766 D EventInjectionStrategy: Creating injection strategy with input manager.
09-07 03:43:20.795 12721 12766 W teco.fmhandroi: Accessing hidden method Landroid/hardware/input/InputManager;->getInstance()Landroid/hardware/input/InputManager; (greylist, reflection, allowed)
09-07 03:43:20.795 12721 12766 W teco.fmhandroi: Accessing hidden method Landroid/hardware/input/InputManager;->injectInputEvent(Landroid/view/InputEvent;I)Z (greylist, reflection, allowed)
09-07 03:43:20.795 12721 12766 W teco.fmhandroi: Accessing hidden field Landroid/hardware/input/InputManager;->INJECT_INPUT_EVENT_MODE_WAIT_FOR_FINISH:I (greylist, reflection, allowed)
09-07 03:43:20.822 12721 12814 D HostConnection: HostConnection::get() New Host Connection established 0xd6c2d070, tid 12814
09-07 03:43:20.827 12721 12814 D HostConnection: HostComposition ext ANDROID_EMU_CHECKSUM_HELPER_v1 ANDROID_EMU_dma_v1 ANDROID_EMU_direct_mem ANDROID_EMU_vulkan ANDROID_EMU_deferred_vulkan_commands ANDROID_EMU_vulkan_null_optional_strings ANDROID_EMU_vulkan_create_resources_with_requirements ANDROID_EMU_YUV420_888_to_NV21 ANDROID_EMU_YUV_Cache ANDROID_EMU_vulkan_free_memory_sync ANDROID_EMU_vulkan_shader_float16_int8 ANDROID_EMU_vulkan_async_queue_submit ANDROID_EMU_sync_buffer_data GL_OES_vertex_array_object GL_KHR_texture_compression_astc_ldr ANDROID_EMU_host_side_tracing ANDROID_EMU_gles_max_version_2 
09-07 03:43:20.832 12721 12814 W OpenGLRenderer: Failed to choose config with EGL_SWAP_BEHAVIOR_PRESERVED, retrying without...
09-07 03:43:20.837 12721 12814 D eglCodecCommon: setVertexArrayObject: set vao to 0 (0) 0 0
09-07 03:43:20.837 12721 12814 D EGL_emulation: eglCreateContext: 0xe2258580: maj 2 min 0 rcv 2
09-07 03:43:20.860 12721 12814 D EGL_emulation: eglMakeCurrent: 0xe2258580: ver 2 0 (tinfo 0xe233af30)
09-07 03:43:20.860  7867 12770 V FA-SVC  : Logging event: origin=auto,name=screen_view(_vs),params=Bundle[{ga_event_origin(_o)=auto, ga_screen_class(_sc)=AppActivity, ga_screen_id(_si)=2090792918799700250}]
09-07 03:43:20.866  1793  1859 D gralloc_ranchu: gralloc_alloc: Creating ashmem region of size 9113600
09-07 03:43:20.867  1678  1678 I hwservicemanager: getTransport: Cannot find entry android.hardware.graphics.mapper@3.0::IMapper/default in either framework or device manifest.
09-07 03:43:20.867 12721 12814 W Gralloc3: mapper 3.x is not supported
09-07 03:43:20.869 12721 12814 D HostConnection: createUnique: call
09-07 03:43:20.869  7867 12770 V FA-SVC  : Upload scheduled in approximately ms: 2636241
09-07 03:43:20.869 12721 12814 D HostConnection: HostConnection::get() New Host Connection established 0xd6c2ee70, tid 12814
09-07 03:43:20.869  7867 12770 V FA-SVC  : Unscheduling upload
09-07 03:43:20.869 12721 12814 D HostConnection: HostComposition ext ANDROID_EMU_CHECKSUM_HELPER_v1 ANDROID_EMU_dma_v1 ANDROID_EMU_direct_mem ANDROID_EMU_vulkan ANDROID_EMU_deferred_vulkan_commands ANDROID_EMU_vulkan_null_optional_strings ANDROID_EMU_vulkan_create_resources_with_requirements ANDROID_EMU_YUV420_888_to_NV21 ANDROID_EMU_YUV_Cache ANDROID_EMU_vulkan_free_memory_sync ANDROID_EMU_vulkan_shader_float16_int8 ANDROID_EMU_vulkan_async_queue_submit ANDROID_EMU_sync_buffer_data GL_OES_vertex_array_object GL_KHR_texture_compression_astc_ldr ANDROID_EMU_host_side_tracing ANDROID_EMU_gles_max_version_2 
09-07 03:43:20.870 12721 12814 D eglCodecCommon: allocate: Ask for block of size 0x1000
09-07 03:43:20.870 12721 12814 D eglCodecCommon: allocate: ioctl allocate returned offset 0x3ff68a000 size 0x2000
09-07 03:43:20.872  7867 12770 V FA-SVC  : Scheduling upload, millis: 2636241
09-07 03:43:20.872  1793  1859 D gralloc_ranchu: gralloc_alloc: Creating ashmem region of size 9113600
09-07 03:43:20.873  1793  1859 D gralloc_ranchu: gralloc_alloc: Creating ashmem region of size 9113600
09-07 03:43:20.873  7867 12770 V FA-SVC  : Background event processing time, ms: 17
09-07 03:43:20.876 12721 12814 D EGL_emulation: eglMakeCurrent: 0xe2258580: ver 2 0 (tinfo 0xe233af30)
09-07 03:43:20.885 12721 12814 D eglCodecCommon: setVertexArrayObject: set vao to 0 (0) 1 0
09-07 03:43:20.923  1792  2272 E GnssHAL_GnssInterface: gnssSvStatusCb: a: input svInfo.flags is 8
09-07 03:43:20.923  1792  2272 E GnssHAL_GnssInterface: gnssSvStatusCb: b: input svInfo.flags is 8
09-07 03:43:20.941  2037  2065 I ActivityTaskManager: Displayed ru.iteco.fmhandroid/.ui.AppActivity: +765ms
09-07 03:43:20.969 12721 12766 W FileTestStorage: Test input args is not supported.
09-07 03:43:20.981 12721 12721 W teco.fmhandroi: Accessing hidden method Landroid/os/MessageQueue;->next()Landroid/os/Message; (greylist, reflection, allowed)
09-07 03:43:20.981 12721 12721 W teco.fmhandroi: Accessing hidden field Landroid/os/MessageQueue;->mMessages:Landroid/os/Message; (greylist, reflection, allowed)
09-07 03:43:20.981 12721 12721 W teco.fmhandroi: Accessing hidden method Landroid/os/Message;->recycleUnchecked()V (greylist, reflection, allowed)
09-07 03:43:20.985 12721 12766 W teco.fmhandroi: Accessing hidden method Lsun/misc/Unsafe;->getUnsafe()Lsun/misc/Unsafe; (greylist,core-platform-api, linking, allowed)
09-07 03:43:20.986 12721 12766 W teco.fmhandroi: Accessing hidden method Lsun/misc/Unsafe;->putObject(Ljava/lang/Object;JLjava/lang/Object;)V (greylist, linking, allowed)
09-07 03:43:20.989 12721 12721 W teco.fmhandroi: Accessing hidden method Landroid/view/WindowManagerGlobal;->getInstance()Landroid/view/WindowManagerGlobal; (greylist, reflection, allowed)
09-07 03:43:20.989 12721 12721 W teco.fmhandroi: Accessing hidden field Landroid/view/WindowManagerGlobal;->mViews:Ljava/util/ArrayList; (greylist, reflection, allowed)
09-07 03:43:20.989 12721 12721 W teco.fmhandroi: Accessing hidden field Landroid/view/WindowManagerGlobal;->mParams:Ljava/util/ArrayList; (greylist, reflection, allowed)
09-07 03:43:20.990 12721 12821 W teco.fmhandroi: Accessing hidden method Lsun/misc/Unsafe;->compareAndSwapObject(Ljava/lang/Object;JLjava/lang/Object;Ljava/lang/Object;)Z (greylist, linking, allowed)
09-07 03:43:20.990 12721 12821 W teco.fmhandroi: Accessing hidden method Lsun/misc/Unsafe;->getObject(Ljava/lang/Object;J)Ljava/lang/Object; (greylist, linking, allowed)
09-07 03:43:20.994  2182  2182 W View    : requestLayout() improperly called by com.android.keyguard.AlphaOptimizedLinearLayout{551c6d8 V.E...... ......ID 7,0-48,61 #7f0a041c app:id/wifi_group} during second layout pass: posting in next frame
09-07 03:43:20.998 12721 12721 I ViewInteraction: Performing 'wait for a specific view with <an instance of android.widget.TextView and view.getText() with or without transformation to match: is "News"> during 10000 millis.' action on view view.getRootView() to equal view
09-07 03:43:21.009  2182  2182 W View    : requestLayout() improperly called by StatusBarIconView(slot=mobile icon=null notification=null) during layout: running second layout pass
09-07 03:43:21.027  2182  2182 W View    : requestLayout() improperly called by com.android.keyguard.AlphaOptimizedLinearLayout{551c6d8 V.E...... ......ID 7,0-48,61 #7f0a041c app:id/wifi_group} during second layout pass: posting in next frame
09-07 03:43:21.040  2182  2182 W View    : requestLayout() improperly called by StatusBarIconView(slot=mobile icon=null notification=null) during layout: running second layout pass
09-07 03:43:21.057  2182  2182 W View    : requestLayout() improperly called by com.android.keyguard.AlphaOptimizedLinearLayout{551c6d8 V.E...... ......ID 7,0-48,61 #7f0a041c app:id/wifi_group} during second layout pass: posting in next frame
09-07 03:43:21.074  2182  2182 W View    : requestLayout() improperly called by StatusBarIconView(slot=mobile icon=null notification=null) during layout: running second layout pass
09-07 03:43:21.093  2182  2182 W View    : requestLayout() improperly called by com.android.keyguard.AlphaOptimizedLinearLayout{551c6d8 V.E...... ......ID 7,0-48,61 #7f0a041c app:id/wifi_group} during second layout pass: posting in next frame
09-07 03:43:21.110  2182  2182 W View    : requestLayout() improperly called by StatusBarIconView(slot=mobile icon=null notification=null) during layout: running second layout pass
09-07 03:43:21.128  2182  2182 W View    : requestLayout() improperly called by com.android.keyguard.AlphaOptimizedLinearLayout{551c6d8 V.E...... ......ID 7,0-48,61 #7f0a041c app:id/wifi_group} during second layout pass: posting in next frame
09-07 03:43:21.144  2182  2182 W View    : requestLayout() improperly called by StatusBarIconView(slot=mobile icon=null notification=null) during layout: running second layout pass
09-07 03:43:21.162  2182  2182 W View    : requestLayout() improperly called by com.android.keyguard.AlphaOptimizedLinearLayout{551c6d8 V.E...... ......ID 7,0-48,61 #7f0a041c app:id/wifi_group} during second layout pass: posting in next frame
09-07 03:43:21.178  2182  2182 W View    : requestLayout() improperly called by StatusBarIconView(slot=mobile icon=null notification=null) during layout: running second layout pass
09-07 03:43:21.196  2182  2182 W View    : requestLayout() improperly called by com.android.keyguard.AlphaOptimizedLinearLayout{551c6d8 V.E...... ......ID 7,0-48,61 #7f0a041c app:id/wifi_group} during second layout pass: posting in next frame
09-07 03:43:21.213  2182  2182 W View    : requestLayout() improperly called by StatusBarIconView(slot=mobile icon=null notification=null) during layout: running second layout pass
09-07 03:43:21.286  8425  8643 I FontLog : (REDACTED) Received query %s, URI %s
09-07 03:43:21.286  8425  8643 I FontLog : (REDACTED) Query [%s] resolved to %s
09-07 03:43:21.290  8425  8643 I FontLog : (REDACTED) Fetch %s end status %s
09-07 03:43:21.295  8425  8643 I FontLog : (REDACTED) Pulling font file for id = %d, cache size = %d
09-07 03:43:21.299  8425  8643 I FontLog : (REDACTED) Pulling font file for id = %d, cache size = %d
09-07 03:43:21.924  1792  2272 E GnssHAL_GnssInterface: gnssSvStatusCb: a: input svInfo.flags is 8
09-07 03:43:21.924  1792  2272 E GnssHAL_GnssInterface: gnssSvStatusCb: b: input svInfo.flags is 8
09-07 03:43:22.925  1792  2272 E GnssHAL_GnssInterface: gnssSvStatusCb: a: input svInfo.flags is 8
09-07 03:43:22.925  1792  2272 E GnssHAL_GnssInterface: gnssSvStatusCb: b: input svInfo.flags is 8
09-07 03:43:23.512  2434  2940 E ActivityThread: Failed to find provider info for com.google.android.apps.wellbeing.api
09-07 03:43:23.774 12721 12721 W teco.fmhandroi: Accessing hidden method Lsun/misc/Unsafe;->allocateInstance(Ljava/lang/Class;)Ljava/lang/Object; (greylist, reflection, allowed)
09-07 03:43:23.788 12721 12827 I okhttp.OkHttpClient: --> GET http://www.981757-ca08998.tmweb.ru:8080/fmh/authentication/userInfo
09-07 03:43:23.788 12721 12827 I okhttp.OkHttpClient: --> END GET
09-07 03:43:23.795  1774 12828 E ResolverController: No valid NAT64 prefix (101, <unspecified>/0)
09-07 03:43:23.925  1792  2272 E GnssHAL_GnssInterface: gnssSvStatusCb: a: input svInfo.flags is 8
09-07 03:43:23.925  1792  2272 E GnssHAL_GnssInterface: gnssSvStatusCb: b: input svInfo.flags is 8
09-07 03:43:24.894 12721 12827 I okhttp.OkHttpClient: <-- 200 http://www.981757-ca08998.tmweb.ru:8080/fmh/authentication/userInfo (1106ms)
09-07 03:43:24.894 12721 12827 I okhttp.OkHttpClient: Vary: Origin
09-07 03:43:24.894 12721 12827 I okhttp.OkHttpClient: Vary: Access-Control-Request-Method
09-07 03:43:24.894 12721 12827 I okhttp.OkHttpClient: Vary: Access-Control-Request-Headers
09-07 03:43:24.894 12721 12827 I okhttp.OkHttpClient: X-Content-Type-Options: nosniff
09-07 03:43:24.894 12721 12827 I okhttp.OkHttpClient: X-XSS-Protection: 1; mode=block
09-07 03:43:24.894 12721 12827 I okhttp.OkHttpClient: Cache-Control: no-cache, no-store, max-age=0, must-revalidate
09-07 03:43:24.895 12721 12827 I okhttp.OkHttpClient: Pragma: no-cache
09-07 03:43:24.895 12721 12827 I okhttp.OkHttpClient: Expires: 0
09-07 03:43:24.895 12721 12827 I okhttp.OkHttpClient: X-Frame-Options: DENY
09-07 03:43:24.895 12721 12827 I okhttp.OkHttpClient: Content-Type: application/json
09-07 03:43:24.895 12721 12827 I okhttp.OkHttpClient: Transfer-Encoding: chunked
09-07 03:43:24.895 12721 12827 I okhttp.OkHttpClient: Date: Thu, 07 Sep 2023 03:43:25 GMT
09-07 03:43:24.895 12721 12827 I okhttp.OkHttpClient: Keep-Alive: timeout=60
09-07 03:43:24.895 12721 12827 I okhttp.OkHttpClient: Connection: keep-alive
09-07 03:43:24.898 12721 12827 I okhttp.OkHttpClient: {"id":1,"firstName":"Ivan","lastName":"Ivanov","middleName":"Ivanovich","admin":true}
09-07 03:43:24.898 12721 12827 I okhttp.OkHttpClient: <-- END HTTP (85-byte body)
09-07 03:43:24.924  1792  2272 E GnssHAL_GnssInterface: gnssSvStatusCb: a: input svInfo.flags is 8
09-07 03:43:24.925  1792  2272 E GnssHAL_GnssInterface: gnssSvStatusCb: b: input svInfo.flags is 8
09-07 03:43:24.931 12721 12831 I okhttp.OkHttpClient: --> GET http://www.981757-ca08998.tmweb.ru:8080/fmh/claims
09-07 03:43:24.931 12721 12831 I okhttp.OkHttpClient: --> END GET
09-07 03:43:25.254 12721 12814 D EGL_emulation: eglMakeCurrent: 0xe2258580: ver 2 0 (tinfo 0xe233af30)
09-07 03:43:25.256  2182  2182 W View    : requestLayout() improperly called by com.android.keyguard.AlphaOptimizedLinearLayout{551c6d8 V.E...... ......ID 7,0-48,61 #7f0a041c app:id/wifi_group} during second layout pass: posting in next frame
09-07 03:43:25.257  1793  1859 D gralloc_ranchu: gralloc_alloc: Creating ashmem region of size 9850880
09-07 03:43:25.272  2182  2182 W View    : requestLayout() improperly called by StatusBarIconView(slot=mobile icon=null notification=null) during layout: running second layout pass
09-07 03:43:25.274 12721 12814 D EGL_emulation: eglMakeCurrent: 0xe2258580: ver 2 0 (tinfo 0xe233af30)
09-07 03:43:25.451  1793  1859 D gralloc_ranchu: gralloc_alloc: Creating ashmem region of size 9850880
09-07 03:43:25.475  1793  1859 D gralloc_ranchu: gralloc_alloc: Creating ashmem region of size 9850880
09-07 03:43:25.625 12721 12721 I ViewInteraction: Checking 'MatchesViewAssertion{viewMatcher=(view has effective visibility <VISIBLE> and view.getGlobalVisibleRect() to return non-empty rectangle)}' assertion on view an instance of android.widget.TextView and view.getText() with or without transformation to match: is "News"
09-07 03:43:25.626 12721 12766 W teco.fmhandroi: Accessing hidden method Lsun/misc/Unsafe;->compareAndSwapObject(Ljava/lang/Object;JLjava/lang/Object;Ljava/lang/Object;)Z (greylist, linking, allowed)
09-07 03:43:25.629 12721 12721 I ViewInteraction: Performing 'wait for a specific view with <view.getId() is <2131230951>> during 10000 millis.' action on view view.getRootView() to equal view
09-07 03:43:25.630 12721 12766 W teco.fmhandroi: Accessing hidden method Lsun/misc/Unsafe;->compareAndSwapObject(Ljava/lang/Object;JLjava/lang/Object;Ljava/lang/Object;)Z (greylist, linking, allowed)
09-07 03:43:25.632 12721 12721 I ViewInteraction: Checking 'MatchesViewAssertion{viewMatcher=(view has effective visibility <VISIBLE> and view.getGlobalVisibleRect() to return non-empty rectangle)}' assertion on view view.getId() is <2131230951/ru.iteco.fmhandroid:id/container_list_news_include_on_fragment_main>
09-07 03:43:25.633 12721 12766 W teco.fmhandroi: Accessing hidden method Lsun/misc/Unsafe;->compareAndSwapObject(Ljava/lang/Object;JLjava/lang/Object;Ljava/lang/Object;)Z (greylist, linking, allowed)
09-07 03:43:25.634 12721 12821 W teco.fmhandroi: Accessing hidden method Lsun/misc/Unsafe;->compareAndSwapObject(Ljava/lang/Object;JLjava/lang/Object;Ljava/lang/Object;)Z (greylist, linking, allowed)
09-07 03:43:25.638 12721 12721 I ViewInteraction: Performing 'wait for a specific view with <view.getId() is <2131230949>> during 10000 millis.' action on view view.getRootView() to equal view
09-07 03:43:25.640 12721 12766 W teco.fmhandroi: Accessing hidden method Lsun/misc/Unsafe;->compareAndSwapObject(Ljava/lang/Object;JLjava/lang/Object;Ljava/lang/Object;)Z (greylist, linking, allowed)
09-07 03:43:25.642 12721 12721 I ViewInteraction: Checking 'MatchesViewAssertion{viewMatcher=(view has effective visibility <VISIBLE> and view.getGlobalVisibleRect() to return non-empty rectangle)}' assertion on view view.getId() is <2131230949/ru.iteco.fmhandroid:id/container_list_claim_include_on_fragment_main>
09-07 03:43:25.643 12721 12766 W teco.fmhandroi: Accessing hidden method Lsun/misc/Unsafe;->compareAndSwapObject(Ljava/lang/Object;JLjava/lang/Object;Ljava/lang/Object;)Z (greylist, linking, allowed)
09-07 03:43:25.646 12721 12721 I ViewInteraction: Performing 'wait for a specific view with <an instance of android.widget.TextView and view.getText() with or without transformation to match: is "Claims"> during 10000 millis.' action on view view.getRootView() to equal view
09-07 03:43:25.650 12721 12721 I ViewInteraction: Checking 'MatchesViewAssertion{viewMatcher=(view has effective visibility <VISIBLE> and view.getGlobalVisibleRect() to return non-empty rectangle)}' assertion on view an instance of android.widget.TextView and view.getText() with or without transformation to match: is "Claims"
09-07 03:43:25.654 12721 12721 I ViewInteraction: Performing 'wait for a specific view with <view.getId() is <2131231123>> during 10000 millis.' action on view view.getRootView() to equal view
09-07 03:43:25.659 12721 12766 W teco.fmhandroi: Accessing hidden method Landroid/view/ViewConfiguration;->getDoubleTapMinTime()I (greylist, reflection, allowed)
09-07 03:43:25.661 12721 12766 W teco.fmhandroi: Accessing hidden method Lsun/misc/Unsafe;->compareAndSwapObject(Ljava/lang/Object;JLjava/lang/Object;Ljava/lang/Object;)Z (greylist, linking, allowed)
09-07 03:43:25.663 12721 12721 I ViewInteraction: Performing 'single click' action on view view.getId() is <2131231123/ru.iteco.fmhandroid:id/main_menu_image_button>
09-07 03:43:25.715  1781  6116 W audio_hw_generic: Not supplying enough data to HAL, expected position 14029749 , only wrote 14029725
09-07 03:43:25.752  1793  1859 D gralloc_ranchu: gralloc_alloc: Creating ashmem region of size 2015232
09-07 03:43:25.756  1793  1859 I chatty  : uid=1000(system) HwBinder:1793_1 identical 1 line
09-07 03:43:25.758  1793  1859 D gralloc_ranchu: gralloc_alloc: Creating ashmem region of size 2015232
09-07 03:43:25.774 12721 12814 D EGL_emulation: eglMakeCurrent: 0xe2258580: ver 2 0 (tinfo 0xe233af30)
09-07 03:43:25.790 12721 12814 I chatty  : uid=10136(ru.iteco.fmhandroid) RenderThread identical 2 lines
09-07 03:43:25.819 12721 12814 D EGL_emulation: eglMakeCurrent: 0xe2258580: ver 2 0 (tinfo 0xe233af30)
09-07 03:43:25.861 12721 12765 V FA      : Inactivity, disconnecting from the service
09-07 03:43:25.926  1792  2272 E GnssHAL_GnssInterface: gnssSvStatusCb: a: input svInfo.flags is 8
09-07 03:43:25.926  1792  2272 E GnssHAL_GnssInterface: gnssSvStatusCb: b: input svInfo.flags is 8
09-07 03:43:26.043 12721 12766 W teco.fmhandroi: Accessing hidden method Lsun/misc/Unsafe;->compareAndSwapObject(Ljava/lang/Object;JLjava/lang/Object;Ljava/lang/Object;)Z (greylist, linking, allowed)
09-07 03:43:26.047 12721 12721 I ViewInteraction: Performing 'wait for a specific view with <an instance of android.widget.TextView and view.getText() with or without transformation to match: is "News"> during 10000 millis.' action on view view.getRootView() to equal view
09-07 03:43:26.051 12721 12721 I ViewInteraction: Performing 'single click' action on view an instance of android.widget.TextView and view.getText() with or without transformation to match: is "News"
09-07 03:43:26.109 12721 12814 D EGL_emulation: eglMakeCurrent: 0xe2258580: ver 2 0 (tinfo 0xe233af30)
09-07 03:43:26.192 12721 12841 I okhttp.OkHttpClient: --> GET http://www.981757-ca08998.tmweb.ru:8080/fmh/news
09-07 03:43:26.192 12721 12841 I okhttp.OkHttpClient: --> END GET
09-07 03:43:26.195  1774 12842 E ResolverController: No valid NAT64 prefix (101, <unspecified>/0)
09-07 03:43:26.233 12721 12814 D EGL_emulation: eglMakeCurrent: 0xe2258580: ver 2 0 (tinfo 0xe233af30)
09-07 03:43:26.261 12721 12814 D EGL_emulation: eglMakeCurrent: 0xe2258580: ver 2 0 (tinfo 0xe233af30)
09-07 03:43:26.525 12721 12821 W teco.fmhandroi: Accessing hidden method Lsun/misc/Unsafe;->compareAndSwapObject(Ljava/lang/Object;JLjava/lang/Object;Ljava/lang/Object;)Z (greylist, linking, allowed)
09-07 03:43:26.527 12721 12721 I ViewInteraction: Performing 'wait for a specific view with <view.getId() is <2131231025>> during 10000 millis.' action on view view.getRootView() to equal view
09-07 03:43:26.528 12721 12766 W teco.fmhandroi: Accessing hidden method Lsun/misc/Unsafe;->compareAndSwapObject(Ljava/lang/Object;JLjava/lang/Object;Ljava/lang/Object;)Z (greylist, linking, allowed)
09-07 03:43:26.529 12721 12821 W teco.fmhandroi: Accessing hidden method Lsun/misc/Unsafe;->compareAndSwapObject(Ljava/lang/Object;JLjava/lang/Object;Ljava/lang/Object;)Z (greylist, linking, allowed)
09-07 03:43:26.529 12721 12721 I ViewInteraction: Performing 'single click' action on view view.getId() is <2131231025/ru.iteco.fmhandroid:id/edit_news_material_button>
09-07 03:43:26.606 12721 12843 I okhttp.OkHttpClient: --> GET http://www.981757-ca08998.tmweb.ru:8080/fmh/news
09-07 03:43:26.606 12721 12843 I okhttp.OkHttpClient: --> END GET
09-07 03:43:26.925  1792  2272 E GnssHAL_GnssInterface: gnssSvStatusCb: a: input svInfo.flags is 8
09-07 03:43:26.925  1792  2272 E GnssHAL_GnssInterface: gnssSvStatusCb: b: input svInfo.flags is 8
09-07 03:43:26.952 12721 12766 W teco.fmhandroi: Accessing hidden method Lsun/misc/Unsafe;->compareAndSwapObject(Ljava/lang/Object;JLjava/lang/Object;Ljava/lang/Object;)Z (greylist, linking, allowed)
09-07 03:43:26.955 12721 12721 I ViewInteraction: Performing 'wait for a specific view with <view.getId() is <2131230850>> during 10000 millis.' action on view view.getRootView() to equal view
09-07 03:43:26.957 12721 12766 W teco.fmhandroi: Accessing hidden method Lsun/misc/Unsafe;->compareAndSwapObject(Ljava/lang/Object;JLjava/lang/Object;Ljava/lang/Object;)Z (greylist, linking, allowed)
09-07 03:43:26.959 12721 12721 I ViewInteraction: Performing 'single click' action on view view.getId() is <2131230850/ru.iteco.fmhandroid:id/add_news_image_view>
09-07 03:43:27.409 12721 12766 W teco.fmhandroi: Accessing hidden method Lsun/misc/Unsafe;->compareAndSwapObject(Ljava/lang/Object;JLjava/lang/Object;Ljava/lang/Object;)Z (greylist, linking, allowed)
09-07 03:43:27.413 12721 12721 I ViewInteraction: Performing 'wait for a specific view with <view.getId() is <2131231204>> during 10000 millis.' action on view view.getRootView() to equal view
09-07 03:43:27.414 12721 12766 W teco.fmhandroi: Accessing hidden method Lsun/misc/Unsafe;->compareAndSwapObject(Ljava/lang/Object;JLjava/lang/Object;Ljava/lang/Object;)Z (greylist, linking, allowed)
09-07 03:43:27.416 12721 12721 I ViewInteraction: Performing 'single click' action on view view.getId() is <2131231204/ru.iteco.fmhandroid:id/news_item_category_text_auto_complete_text_view>
09-07 03:43:27.497  2037  2065 E memtrack: Couldn't load memtrack module
09-07 03:43:27.498  2037  2065 W android.os.Debug: failed to get memory consumption info: -1
09-07 03:43:27.541  1793  1859 D gralloc_ranchu: gralloc_alloc: Creating ashmem region of size 5308416
09-07 03:43:27.548  1793  1859 D gralloc_ranchu: gralloc_alloc: Creating ashmem region of size 5308416
09-07 03:43:27.551  1793  2554 D gralloc_ranchu: gralloc_alloc: Creating ashmem region of size 5308416
09-07 03:43:27.551 12721 12814 D EGL_emulation: eglMakeCurrent: 0xe2258580: ver 2 0 (tinfo 0xe233af30)
09-07 03:43:27.578 12721 12721 I AssistStructure: Flattened final assist data: 7432 bytes, containing 2 windows, 55 views
09-07 03:43:27.594  8425  8425 W AutofillChimeraService: Pending fill request while another request in the same session was triggered. [CONTEXT service_id=177 ]
09-07 03:43:27.608 12721 12814 D EGL_emulation: eglMakeCurrent: 0xe2258580: ver 2 0 (tinfo 0xe233af30)
09-07 03:43:27.613  7867  7867 D BoundBrokerSvc: onBind: Intent { act=com.google.android.mdd.service.START dat=chimera-action: cmp=com.google.android.gms/.chimera.GmsBoundBrokerService }
09-07 03:43:27.613  7867  7867 D BoundBrokerSvc: Loading bound service for intent: Intent { act=com.google.android.mdd.service.START dat=chimera-action: cmp=com.google.android.gms/.chimera.GmsBoundBrokerService }
09-07 03:43:27.618 12721 12721 I AssistStructure: Flattened final assist data: 7432 bytes, containing 2 windows, 55 views
09-07 03:43:27.648 12721 12814 D EGL_emulation: eglMakeCurrent: 0xe2258580: ver 2 0 (tinfo 0xe233af30)
09-07 03:43:27.652  6131  6131 I KeyboardViewUtil: systemKeyboardHeightRatio:1.000000; userKeyboardHeightRatio:1.000000.
09-07 03:43:27.657  6131  6131 I AndroidIME: LatinIme.onActivate() : EditorInfo = Package = ru.iteco.fmhandroid : Type = Text : Learning = Disable : Suggestion = Show : AutoCorrection = Disable : Microphone = Show : NoPersonalizedLearning = Disable
09-07 03:43:27.664  6131  6131 I Conv2QueryExtension: Current locale: en_US, config allows these locales: de,en,es,fr,it,ms,pt,ta
09-07 03:43:27.664  6131  6131 I Conv2QueryExtension: Conv2Query not enabled due to current app [ru.iteco.fmhandroid] not in whitelist
09-07 03:43:27.664  6131  6131 I Conv2QueryExtension: onActivate() : Disabled by unsupported host app
09-07 03:43:27.673  2182  2468 D EGL_emulation: eglMakeCurrent: 0xda21a360: ver 2 0 (tinfo 0xda20f590)
09-07 03:43:27.675  2182  2182 W View    : requestLayout() improperly called by com.android.keyguard.AlphaOptimizedLinearLayout{551c6d8 V.E...... ......ID 7,0-48,61 #7f0a041c app:id/wifi_group} during second layout pass: posting in next frame
09-07 03:43:27.681  1793  2554 D gralloc_ranchu: gralloc_alloc: Creating ashmem region of size 9113600
09-07 03:43:27.685  1793  2554 I chatty  : uid=1000(system) HwBinder:1793_2 identical 1 line
09-07 03:43:27.686  1793  2554 D gralloc_ranchu: gralloc_alloc: Creating ashmem region of size 9113600
09-07 03:43:27.687  6131  6653 D EGL_emulation: eglMakeCurrent: 0xe224f240: ver 2 0 (tinfo 0xe227da70)
09-07 03:43:27.689  2182  2182 W View    : requestLayout() improperly called by StatusBarIconView(slot=mobile icon=null notification=null) during layout: running second layout pass
09-07 03:43:27.695  2182  2468 D EGL_emulation: eglMakeCurrent: 0xda21a360: ver 2 0 (tinfo 0xda20f590)
09-07 03:43:27.741  8425  8425 W AutofillChimeraService: Pending fill request while another request in the same session was triggered. [CONTEXT service_id=177 ]
09-07 03:43:27.744 12721 12814 D EGL_emulation: eglMakeCurrent: 0xe2258580: ver 2 0 (tinfo 0xe233af30)
09-07 03:43:27.776  1793  2554 D gralloc_ranchu: gralloc_alloc: Creating ashmem region of size 3530752
09-07 03:43:27.798 12721 12814 D EGL_emulation: eglMakeCurrent: 0xe2258580: ver 2 0 (tinfo 0xe233af30)
09-07 03:43:27.812  1793  2554 D gralloc_ranchu: gralloc_alloc: Creating ashmem region of size 3530752
09-07 03:43:27.814 12721 12814 D EGL_emulation: eglMakeCurrent: 0xe2258580: ver 2 0 (tinfo 0xe233af30)
09-07 03:43:27.831 12721 12814 D EGL_emulation: eglMakeCurrent: 0xe2258580: ver 2 0 (tinfo 0xe233af30)
09-07 03:43:27.842  1793  2554 D gralloc_ranchu: gralloc_alloc: Creating ashmem region of size 3530752
09-07 03:43:27.900 12721 12766 W teco.fmhandroi: Accessing hidden method Lsun/misc/Unsafe;->compareAndSwapObject(Ljava/lang/Object;JLjava/lang/Object;Ljava/lang/Object;)Z (greylist, linking, allowed)
09-07 03:43:27.901 12721 12721 I ViewInteraction: Performing 'close keyboard' action on view view.getRootView() to equal view
09-07 03:43:27.905  6131  6131 I PhenotypeExpConfig: refreshConfiguration() : Force = false : UpdateAvailable = false : Age = 35 minutes : MaxAge = 720 minutes
09-07 03:43:27.906  6131  6131 I AndroidIME: LatinIme.onDeactivate()
09-07 03:43:27.924  1792  2272 E GnssHAL_GnssInterface: gnssSvStatusCb: a: input svInfo.flags is 8
09-07 03:43:27.924  1792  2272 E GnssHAL_GnssInterface: gnssSvStatusCb: b: input svInfo.flags is 8
09-07 03:43:27.926  6131  6653 D EGL_emulation: eglMakeCurrent: 0xe224f240: ver 2 0 (tinfo 0xe227da70)
09-07 03:43:27.927  2182  2468 D EGL_emulation: eglMakeCurrent: 0xda21a360: ver 2 0 (tinfo 0xda20f590)
09-07 03:43:27.931  2182  2182 W View    : requestLayout() improperly called by com.android.keyguard.AlphaOptimizedLinearLayout{551c6d8 V.E...... ......ID 7,0-48,61 #7f0a041c app:id/wifi_group} during second layout pass: posting in next frame
09-07 03:43:27.948  2182  2182 W View    : requestLayout() improperly called by StatusBarIconView(slot=mobile icon=null notification=null) during layout: running second layout pass
09-07 03:43:27.951  2182  2468 D EGL_emulation: eglMakeCurrent: 0xda21a360: ver 2 0 (tinfo 0xda20f590)
09-07 03:43:27.974 12721 12814 D EGL_emulation: eglMakeCurrent: 0xe2258580: ver 2 0 (tinfo 0xe233af30)
09-07 03:43:27.998  1793  2554 D gralloc_ranchu: gralloc_alloc: Creating ashmem region of size 5308416
09-07 03:43:28.008 12721 12814 D EGL_emulation: eglMakeCurrent: 0xe2258580: ver 2 0 (tinfo 0xe233af30)
09-07 03:43:28.024  1793  2554 D gralloc_ranchu: gralloc_alloc: Creating ashmem region of size 5308416
09-07 03:43:28.030 12721 12814 D EGL_emulation: eglMakeCurrent: 0xe2258580: ver 2 0 (tinfo 0xe233af30)
09-07 03:43:28.047 12721 12814 D EGL_emulation: eglMakeCurrent: 0xe2258580: ver 2 0 (tinfo 0xe233af30)
09-07 03:43:28.058  1793  2554 D gralloc_ranchu: gralloc_alloc: Creating ashmem region of size 5308416
09-07 03:43:28.064 12721 12814 D EGL_emulation: eglMakeCurrent: 0xe2258580: ver 2 0 (tinfo 0xe233af30)
09-07 03:43:28.214 12721 12721 I ViewInteraction: Checking 'MatchesViewAssertion{viewMatcher=(view has effective visibility <VISIBLE> and view.getGlobalVisibleRect() to return non-empty rectangle)}' assertion on view an instance of android.widget.TextView and view.getText() with or without transformation to match: is ""
09-07 03:43:28.216 12721 12721 I ViewInteraction: Performing 'single click' action on view an instance of android.widget.TextView and view.getText() with or without transformation to match: is ""
09-07 03:43:28.271 12721 12814 D EGL_emulation: eglMakeCurrent: 0xe2258580: ver 2 0 (tinfo 0xe233af30)
09-07 03:43:28.347 12721 12814 D EGL_emulation: eglMakeCurrent: 0xe2258580: ver 2 0 (tinfo 0xe233af30)
09-07 03:43:28.362  2037  2674 E InputDispatcher: Window handle Window{1207efe u0 PopupWindow:fdae81f} has no registered input channel
09-07 03:43:28.370 12721 12814 D EGL_emulation: eglMakeCurrent: 0xe2258580: ver 2 0 (tinfo 0xe233af30)
09-07 03:43:28.493 12721 12721 I ViewInteraction: Performing 'wait for a specific view with <view.getId() is <2131231227>> during 10000 millis.' action on view view.getRootView() to equal view
09-07 03:43:28.495 12721 12766 W teco.fmhandroi: Accessing hidden method Lsun/misc/Unsafe;->compareAndSwapObject(Ljava/lang/Object;JLjava/lang/Object;Ljava/lang/Object;)Z (greylist, linking, allowed)
09-07 03:43:28.498 12721 12721 I ViewInteraction: Performing 'replace text( 7e2f9889-f5d2-4f08-b4ca-478143ca3cb5)' action on view view.getId() is <2131231227/ru.iteco.fmhandroid:id/news_item_title_text_input_edit_text>
09-07 03:43:28.502 12721 12766 W teco.fmhandroi: Accessing hidden method Lsun/misc/Unsafe;->compareAndSwapObject(Ljava/lang/Object;JLjava/lang/Object;Ljava/lang/Object;)Z (greylist, linking, allowed)
09-07 03:43:28.543 12721 12721 I ViewInteraction: Performing 'wait for a specific view with <view.getId() is <2131231222>> during 10000 millis.' action on view view.getRootView() to equal view
09-07 03:43:28.545 12721 12766 W teco.fmhandroi: Accessing hidden method Lsun/misc/Unsafe;->compareAndSwapObject(Ljava/lang/Object;JLjava/lang/Object;Ljava/lang/Object;)Z (greylist, linking, allowed)
09-07 03:43:28.547 12721 12721 I ViewInteraction: Performing 'single click' action on view view.getId() is <2131231222/ru.iteco.fmhandroid:id/news_item_publish_date_text_input_edit_text>
09-07 03:43:28.698  1793  2554 D gralloc_ranchu: gralloc_alloc: Creating ashmem region of size 6778880
09-07 03:43:28.706  1793  2554 I chatty  : uid=1000(system) HwBinder:1793_2 identical 1 line
09-07 03:43:28.707  1793  2554 D gralloc_ranchu: gralloc_alloc: Creating ashmem region of size 6778880
09-07 03:43:28.719 12721 12814 D EGL_emulation: eglMakeCurrent: 0xe2258580: ver 2 0 (tinfo 0xe233af30)
09-07 03:43:28.900 12721 12814 I chatty  : uid=10136(ru.iteco.fmhandroid) RenderThread identical 9 lines
09-07 03:43:28.916 12721 12814 D EGL_emulation: eglMakeCurrent: 0xe2258580: ver 2 0 (tinfo 0xe233af30)
09-07 03:43:28.925  1792  2272 E GnssHAL_GnssInterface: gnssSvStatusCb: a: input svInfo.flags is 8
09-07 03:43:28.925  1792  2272 E GnssHAL_GnssInterface: gnssSvStatusCb: b: input svInfo.flags is 8
09-07 03:43:28.926 12721 12814 D EGL_emulation: eglMakeCurrent: 0xe2258580: ver 2 0 (tinfo 0xe233af30)
09-07 03:43:28.969 12721 12814 I chatty  : uid=10136(ru.iteco.fmhandroid) RenderThread identical 5 lines
09-07 03:43:28.983 12721 12814 D EGL_emulation: eglMakeCurrent: 0xe2258580: ver 2 0 (tinfo 0xe233af30)
09-07 03:43:29.257 12721 12766 W teco.fmhandroi: Accessing hidden method Lsun/misc/Unsafe;->compareAndSwapObject(Ljava/lang/Object;JLjava/lang/Object;Ljava/lang/Object;)Z (greylist, linking, allowed)
09-07 03:43:29.261 12721 12721 I ViewInteraction: Performing 'wait for a specific view with <is assignable from class <class android.widget.DatePicker>> during 10000 millis.' action on view view.getRootView() to equal view
09-07 03:43:29.267 12721 12721 I ViewInteraction: Checking 'MatchesViewAssertion{viewMatcher=(view has effective visibility <VISIBLE> and view.getGlobalVisibleRect() to return non-empty rectangle)}' assertion on view is assignable from class <class android.widget.DatePicker>
09-07 03:43:29.272 12721 12721 I ViewInteraction: Performing 'wait for a specific view with <is assignable from class <class android.widget.DatePicker>> during 10000 millis.' action on view view.getRootView() to equal view
09-07 03:43:29.277 12721 12721 I ViewInteraction: Performing 'set date' action on view is assignable from class <class android.widget.DatePicker>
09-07 03:43:29.291 12721 12814 D EGL_emulation: eglMakeCurrent: 0xe2258580: ver 2 0 (tinfo 0xe233af30)
09-07 03:43:29.311 12721 12721 I ViewInteraction: Performing 'wait for a specific view with <view.getId() is <16908313>> during 10000 millis.' action on view view.getRootView() to equal view
09-07 03:43:29.312 12721 12766 W teco.fmhandroi: Accessing hidden method Lsun/misc/Unsafe;->compareAndSwapObject(Ljava/lang/Object;JLjava/lang/Object;Ljava/lang/Object;)Z (greylist, linking, allowed)
09-07 03:43:29.315 12721 12721 I ViewInteraction: Performing 'single click' action on view view.getId() is <16908313/android:id/button1>
09-07 03:43:29.374 12721 12814 D EGL_emulation: eglMakeCurrent: 0xe2258580: ver 2 0 (tinfo 0xe233af30)
09-07 03:43:29.379  2037  8423 E InputDispatcher: Window handle Window{a3b372f u0 ru.iteco.fmhandroid/ru.iteco.fmhandroid.ui.AppActivity} has no registered input channel
09-07 03:43:29.392 12721 12814 D EGL_emulation: eglMakeCurrent: 0xe2258580: ver 2 0 (tinfo 0xe233af30)
09-07 03:43:29.663 12721 12766 W teco.fmhandroi: Accessing hidden method Lsun/misc/Unsafe;->compareAndSwapObject(Ljava/lang/Object;JLjava/lang/Object;Ljava/lang/Object;)Z (greylist, linking, allowed)
09-07 03:43:29.666 12721 12721 I ViewInteraction: Performing 'wait for a specific view with <view.getId() is <2131231223>> during 10000 millis.' action on view view.getRootView() to equal view
09-07 03:43:29.669 12721 12766 W teco.fmhandroi: Accessing hidden method Lsun/misc/Unsafe;->compareAndSwapObject(Ljava/lang/Object;JLjava/lang/Object;Ljava/lang/Object;)Z (greylist, linking, allowed)
09-07 03:43:29.670 12721 12721 I ViewInteraction: Performing 'single click' action on view view.getId() is <2131231223/ru.iteco.fmhandroid:id/news_item_publish_time_text_input_edit_text>
09-07 03:43:29.826  1793  2554 D gralloc_ranchu: gralloc_alloc: Creating ashmem region of size 5718016
09-07 03:43:29.832  1793  2554 D gralloc_ranchu: gralloc_alloc: Creating ashmem region of size 5718016
09-07 03:43:29.833  1793  1859 D gralloc_ranchu: gralloc_alloc: Creating ashmem region of size 5718016
09-07 03:43:29.843 12721 12814 D EGL_emulation: eglMakeCurrent: 0xe2258580: ver 2 0 (tinfo 0xe233af30)
09-07 03:43:29.864 12721 12814 I chatty  : uid=10136(ru.iteco.fmhandroid) RenderThread identical 2 lines
09-07 03:43:29.894 12721 12814 D EGL_emulation: eglMakeCurrent: 0xe2258580: ver 2 0 (tinfo 0xe233af30)
09-07 03:43:29.924  1792  2272 E GnssHAL_GnssInterface: gnssSvStatusCb: a: input svInfo.flags is 8
09-07 03:43:29.925  1792  2272 E GnssHAL_GnssInterface: gnssSvStatusCb: b: input svInfo.flags is 8
09-07 03:43:30.127 12721 12766 W teco.fmhandroi: Accessing hidden method Lsun/misc/Unsafe;->compareAndSwapObject(Ljava/lang/Object;JLjava/lang/Object;Ljava/lang/Object;)Z (greylist, linking, allowed)
09-07 03:43:30.131 12721 12721 I ViewInteraction: Performing 'wait for a specific view with <is assignable from class <class android.widget.TimePicker>> during 10000 millis.' action on view view.getRootView() to equal view
09-07 03:43:30.134 12721 12721 I ViewInteraction: Checking 'MatchesViewAssertion{viewMatcher=(view has effective visibility <VISIBLE> and view.getGlobalVisibleRect() to return non-empty rectangle)}' assertion on view is assignable from class <class android.widget.TimePicker>
09-07 03:43:30.138 12721 12721 I ViewInteraction: Performing 'wait for a specific view with <is assignable from class <class android.widget.TimePicker>> during 10000 millis.' action on view view.getRootView() to equal view
09-07 03:43:30.142 12721 12721 I ViewInteraction: Performing 'set time' action on view is assignable from class <class android.widget.TimePicker>
09-07 03:43:30.145 12721 12721 I ViewInteraction: Performing 'wait for a specific view with <view.getId() is <16908313/android:id/button1>> during 10000 millis.' action on view view.getRootView() to equal view
09-07 03:43:30.148 12721 12766 W teco.fmhandroi: Accessing hidden method Lsun/misc/Unsafe;->compareAndSwapObject(Ljava/lang/Object;JLjava/lang/Object;Ljava/lang/Object;)Z (greylist, linking, allowed)
09-07 03:43:30.150 12721 12721 I ViewInteraction: Performing 'single click' action on view view.getId() is <16908313/android:id/button1>
09-07 03:43:30.200 12721 12814 D EGL_emulation: eglMakeCurrent: 0xe2258580: ver 2 0 (tinfo 0xe233af30)
09-07 03:43:30.210 12721 12814 D EGL_emulation: eglMakeCurrent: 0xe2258580: ver 2 0 (tinfo 0xe233af30)
09-07 03:43:30.217  2037  2674 E InputDispatcher: Window handle Window{685316c u0 ru.iteco.fmhandroid/ru.iteco.fmhandroid.ui.AppActivity} has no registered input channel
09-07 03:43:30.226 12721 12814 D EGL_emulation: eglMakeCurrent: 0xe2258580: ver 2 0 (tinfo 0xe233af30)
09-07 03:43:30.489 12721 12766 W teco.fmhandroi: Accessing hidden method Lsun/misc/Unsafe;->compareAndSwapObject(Ljava/lang/Object;JLjava/lang/Object;Ljava/lang/Object;)Z (greylist, linking, allowed)
09-07 03:43:30.493 12721 12721 I ViewInteraction: Performing 'wait for a specific view with <view.getId() is <2131231211>> during 10000 millis.' action on view view.getRootView() to equal view
09-07 03:43:30.495 12721 12766 W teco.fmhandroi: Accessing hidden method Lsun/misc/Unsafe;->compareAndSwapObject(Ljava/lang/Object;JLjava/lang/Object;Ljava/lang/Object;)Z (greylist, linking, allowed)
09-07 03:43:30.496 12721 12721 I ViewInteraction: Performing 'replace text( d4728ded-1e7c-421f-a634-c54c6a1a54ab)' action on view view.getId() is <2131231211/ru.iteco.fmhandroid:id/news_item_description_text_input_edit_text>
09-07 03:43:30.504 12721 12766 W teco.fmhandroi: Accessing hidden method Lsun/misc/Unsafe;->compareAndSwapObject(Ljava/lang/Object;JLjava/lang/Object;Ljava/lang/Object;)Z (greylist, linking, allowed)
09-07 03:43:30.529 12721 12721 I ViewInteraction: Performing 'wait for a specific view with <view.getId() is <2131231291>> during 10000 millis.' action on view view.getRootView() to equal view
09-07 03:43:30.531 12721 12766 W teco.fmhandroi: Accessing hidden method Lsun/misc/Unsafe;->compareAndSwapObject(Ljava/lang/Object;JLjava/lang/Object;Ljava/lang/Object;)Z (greylist, linking, allowed)
09-07 03:43:30.532 12721 12721 I ViewInteraction: Performing 'single click' action on view view.getId() is <2131231291/ru.iteco.fmhandroid:id/save_button>
09-07 03:43:30.593 12721 12851 I okhttp.OkHttpClient: --> POST http://www.981757-ca08998.tmweb.ru:8080/fmh/news
09-07 03:43:30.593 12721 12851 I okhttp.OkHttpClient: Content-Type: application/json; charset=UTF-8
09-07 03:43:30.593 12721 12851 I okhttp.OkHttpClient: Content-Length: 294
09-07 03:43:30.593 12721 12851 I okhttp.OkHttpClient: {"createDate":1694047410,"creatorId":1,"creatorName":"Ivanov Ivan Ivanovich","description":" d4728ded-1e7c-421f-a634-c54c6a1a54ab","isOpen":false,"newsCategoryId":1,"publishDate":1694058180,"publishEnabled":true,"title":" 7e2f9889-f5d2-4f08-b4ca-478143ca3cb5"}
09-07 03:43:30.593 12721 12851 I okhttp.OkHttpClient: --> END POST (294-byte body)
09-07 03:43:30.595  1774 12852 E ResolverController: No valid NAT64 prefix (101, <unspecified>/0)
09-07 03:43:30.822 12721 12766 W teco.fmhandroi: Accessing hidden method Lsun/misc/Unsafe;->compareAndSwapObject(Ljava/lang/Object;JLjava/lang/Object;Ljava/lang/Object;)Z (greylist, linking, allowed)
09-07 03:43:30.823 12721 12721 I ViewInteraction: Performing 'wait for a specific view with <an instance of android.widget.TextView and view.getText() with or without transformation to match: is "Control panel"> during 10000 millis.' action on view view.getRootView() to equal view
09-07 03:43:30.866  7867  7867 D BoundBrokerSvc: onUnbind: Intent { act=com.google.android.gms.measurement.START pkg=com.google.android.gms }
09-07 03:43:30.866  2037  2065 E memtrack: Couldn't load memtrack module
09-07 03:43:30.866  2037  2065 W android.os.Debug: failed to get memory consumption info: -1
09-07 03:43:30.925  1792  2272 E GnssHAL_GnssInterface: gnssSvStatusCb: a: input svInfo.flags is 8
09-07 03:43:30.925  1792  2272 E GnssHAL_GnssInterface: gnssSvStatusCb: b: input svInfo.flags is 8
09-07 03:43:31.925  1792  2272 E GnssHAL_GnssInterface: gnssSvStatusCb: a: input svInfo.flags is 8
09-07 03:43:31.925  1792  2272 E GnssHAL_GnssInterface: gnssSvStatusCb: b: input svInfo.flags is 8
09-07 03:43:32.925  1792  2272 E GnssHAL_GnssInterface: gnssSvStatusCb: a: input svInfo.flags is 8
09-07 03:43:32.925  1792  2272 E GnssHAL_GnssInterface: gnssSvStatusCb: b: input svInfo.flags is 8
09-07 03:43:33.474  8425 12694 I AlarmManager: setExactAndAllowWhileIdle [name: GCM_HB_ALARM type: 2 triggerAtMillis: 1307367]
09-07 03:43:33.476  2037  2065 E memtrack: Couldn't load memtrack module
09-07 03:43:33.476  2037  2065 W android.os.Debug: failed to get memory consumption info: -1
09-07 03:43:33.478  8425 12694 I AlarmManager: setExactAndAllowWhileIdle [name: GCM_HB_ALARM type: 2 triggerAtMillis: 1307371]
09-07 03:43:33.511  8176  8176 I Finsky  : [2] yxo.onStartJob(132): SCH: job service start with id 9060.
09-07 03:43:33.518  8176  8257 I Finsky  : [592] xty.accept(378): SCH: Scheduling phonesky job Id: 1-1337, CT: 1694057295644, Constraints: [{ L: 30466985, D: 73666985, C: 1, I: 1, N: 1 }]
09-07 03:43:33.518  8176  8257 I Finsky  : [592] xty.accept(378): SCH: Scheduling phonesky job Id: 10-4, CT: 1694057295294, Constraints: [{ L: 1200000, D: 86400000, C: 1, I: 1, N: 1 }]
09-07 03:43:33.518  8176  8257 I Finsky  : [592] xty.accept(378): SCH: Scheduling phonesky job Id: 12-1, CT: 1694058198559, Constraints: [{ L: 15000, D: 86400000, C: 1, I: 1, N: 1 }]
09-07 03:43:33.522  8176  8256 I Finsky  : [591] yew.apply(123): SCH: Scheduling 1 system job(s)
09-07 03:43:33.522  8176  8256 I Finsky  : [591] yvz.d(263): SCH: Scheduling system job Id: 9064, L: 0, D: 72749107, C: false, I: false, N: 1
09-07 03:43:33.524  8176  8176 I Finsky  : [2] yxo.onStartJob(132): SCH: job service start with id 9064.
09-07 03:43:33.527  8176 12855 I Finsky  : [778] yxo.a(17): SCH: job service finished with id 9060.
09-07 03:43:33.534  8176  8256 I Finsky  : [591] xty.accept(378): SCH: Scheduling phonesky job Id: 1-1337, CT: 1694057295644, Constraints: [{ L: 30466985, D: 73666985, C: 1, I: 1, N: 1 }]
09-07 03:43:33.534  8176  8256 I Finsky  : [591] xty.accept(378): SCH: Scheduling phonesky job Id: 10-4, CT: 1694057295294, Constraints: [{ L: 1200000, D: 86400000, C: 1, I: 1, N: 1 }]
09-07 03:43:33.534  8176  8256 I Finsky  : [591] xty.accept(378): SCH: Scheduling phonesky job Id: 12-1, CT: 1694058198559, Constraints: [{ L: 15000, D: 86400000, C: 1, I: 1, N: 1 }]
09-07 03:43:33.536  8176  8250 I Finsky  : [585] yew.apply(123): SCH: Scheduling 1 system job(s)
09-07 03:43:33.536  8176  8250 I Finsky  : [585] yvz.d(263): SCH: Scheduling system job Id: 9067, L: 0, D: 72749093, C: false, I: false, N: 1
09-07 03:43:33.539  8176  8176 I Finsky  : [2] yxo.onStartJob(132): SCH: job service start with id 9067.
09-07 03:43:33.542  8176 12855 I Finsky  : [778] yxo.a(17): SCH: job service finished with id 9064.
09-07 03:43:33.548  8176  8257 I Finsky  : [592] xty.accept(378): SCH: Scheduling phonesky job Id: 1-1337, CT: 1694057295644, Constraints: [{ L: 30466985, D: 73666985, C: 1, I: 1, N: 1 }]
09-07 03:43:33.548  8176  8257 I Finsky  : [592] xty.accept(378): SCH: Scheduling phonesky job Id: 10-4, CT: 1694057295294, Constraints: [{ L: 1200000, D: 86400000, C: 1, I: 1, N: 1 }]
09-07 03:43:33.548  8176  8257 I Finsky  : [592] xty.accept(378): SCH: Scheduling phonesky job Id: 12-1, CT: 1694058198559, Constraints: [{ L: 15000, D: 86400000, C: 1, I: 1, N: 1 }]
09-07 03:43:33.551  8176  8256 I Finsky  : [591] yew.apply(123): SCH: Scheduling 1 system job(s)
09-07 03:43:33.551  8176  8256 I Finsky  : [591] yvz.d(263): SCH: Scheduling system job Id: 9070, L: 0, D: 72749078, C: false, I: false, N: 1
09-07 03:43:33.554  8176  8176 I Finsky  : [2] yxo.onStartJob(132): SCH: job service start with id 9070.
09-07 03:43:33.556  8176 12855 I Finsky  : [778] yxo.a(17): SCH: job service finished with id 9067.
09-07 03:43:33.570  8176 12376 I Finsky  : [764] yvx.a(769): SCH: Satisfied jobs for 9070 are: 12-1
09-07 03:43:33.571  8176 12855 I Finsky  : [778] ywl.accept(764): SCH: Job 12-1 starting
09-07 03:43:33.572  8176  8176 I Finsky  : [2] ContentSyncJob.v(14): [ContentSync] job started
09-07 03:43:33.677  8176 12856 I Finsky  : [779] tcy.p(41): Completed 0 account content syncs with 0 successful.
09-07 03:43:33.678  8176  8176 I Finsky  : [2] ContentSyncJob.a(14): [ContentSync] Installation state replication succeeded.
09-07 03:43:33.678  8176  8176 I Finsky  : [2] ywb.r(83): SCH: jobFinished: 12-1. TimeElapsed: 107ms.
