09-07 03:43:33.694  8176  8250 I Finsky  : [585] xty.accept(378): SCH: Scheduling phonesky job Id: 1-1337, CT: 1694057295644, Constraints: [{ L: 30466985, D: 73666985, C: 1, I: 1, N: 1 }]
09-07 03:43:33.694  8176  8250 I Finsky  : [585] xty.accept(378): SCH: Scheduling phonesky job Id: 10-4, CT: 1694057295294, Constraints: [{ L: 1200000, D: 86400000, C: 1, I: 1, N: 1 }]
09-07 03:43:33.697  8176  8257 I Finsky  : [592] yew.apply(123): SCH: Scheduling 1 system job(s)
09-07 03:43:33.698  8176  8257 I Finsky  : [592] yvz.d(263): SCH: Scheduling system job Id: 9073, L: 281597, D: 72748932, C: false, I: false, N: 1
09-07 03:43:33.701  8176 12855 I Finsky  : [778] yxo.a(17): SCH: job service finished with id 9070.
09-07 03:43:33.720  1781  1887 W audio_hw_generic: Not supplying enough data to HAL, expected position 14733839 , only wrote 14382699
09-07 03:43:33.798  8425  8425 D BoundBrokerSvc: onUnbind: Intent { act=com.google.android.gms.nearby.exposurenotification.START dat=chimera-action: cmp=com.google.android.gms/.chimera.PersistentApiServiceNoInstantApps }
09-07 03:43:33.873  7867  7867 D BoundBrokerSvc: onUnbind: Intent { act=com.google.android.gms.feedback.internal.IFeedbackService dat=chimera-action: cmp=com.google.android.gms/.chimera.GmsBoundBrokerService }
09-07 03:43:33.905  8425  8425 D BoundBrokerSvc: onUnbind: Intent { act=com.google.android.gms.icing.LIGHTWEIGHT_INDEX_SERVICE dat=chimera-action: cmp=com.google.android.gms/.chimera.PersistentApiService }
09-07 03:43:33.926  1792  2272 E GnssHAL_GnssInterface: gnssSvStatusCb: a: input svInfo.flags is 8
09-07 03:43:33.926  1792  2272 E GnssHAL_GnssInterface: gnssSvStatusCb: b: input svInfo.flags is 8
09-07 03:43:34.928  1792  2272 E GnssHAL_GnssInterface: gnssSvStatusCb: a: input svInfo.flags is 8
09-07 03:43:34.928  1792  2272 E GnssHAL_GnssInterface: gnssSvStatusCb: b: input svInfo.flags is 8
09-07 03:43:35.091 12721 12831 I okhttp.OkHttpClient: <-- HTTP FAILED: java.net.SocketTimeoutException: timeout
09-07 03:43:35.098 12721 12721 W System.err: ru.iteco.fmhandroid.exceptions.ServerException
09-07 03:43:35.098 12721 12721 W System.err: 	at ru.iteco.fmhandroid.utils.Utils.makeRequest(Utils.kt:119)
09-07 03:43:35.099 12721 12721 W System.err: 	at ru.iteco.fmhandroid.utils.Utils$makeRequest$1.invokeSuspend(Unknown Source:15)
09-07 03:43:35.099 12721 12721 W System.err: 	at kotlin.coroutines.jvm.internal.BaseContinuationImpl.resumeWith(ContinuationImpl.kt:33)
09-07 03:43:35.100 12721 12721 W System.err: 	at kotlinx.coroutines.DispatchedTask.run(DispatchedTask.kt:104)
09-07 03:43:35.100 12721 12721 W System.err: 	at android.os.Handler.handleCallback(Handler.java:883)
09-07 03:43:35.100 12721 12721 W System.err: 	at android.os.Handler.dispatchMessage(Handler.java:100)
09-07 03:43:35.100 12721 12721 W System.err: 	at androidx.test.espresso.base.Interrogator.loopAndInterrogate(Interrogator.java:14)
09-07 03:43:35.100 12721 12721 W System.err: 	at androidx.test.espresso.base.UiControllerImpl.loopUntil(UiControllerImpl.java:8)
09-07 03:43:35.100 12721 12721 W System.err: 	at androidx.test.espresso.base.UiControllerImpl.loopUntil(UiControllerImpl.java:1)
09-07 03:43:35.101 12721 12721 W System.err: 	at androidx.test.espresso.base.UiControllerImpl.loopMainThreadForAtLeast(UiControllerImpl.java:7)
09-07 03:43:35.101 12721 12721 W System.err: 	at ru.iteco.fmhandroid.ui.data.ViewActions$1.perform(ViewActions.java:48)
09-07 03:43:35.101 12721 12721 W System.err: 	at androidx.test.espresso.ViewInteraction$SingleExecutionViewAction.perform(ViewInteraction.java:2)
09-07 03:43:35.101 12721 12721 W System.err: 	at androidx.test.espresso.ViewInteraction.doPerform(ViewInteraction.java:25)
09-07 03:43:35.102 12721 12721 W System.err: 	at androidx.test.espresso.ViewInteraction.-$$Nest$mdoPerform(Unknown Source:0)
09-07 03:43:35.102 12721 12721 W System.err: 	at androidx.test.espresso.ViewInteraction$1.call(ViewInteraction.java:7)
09-07 03:43:35.102 12721 12721 W System.err: 	at androidx.test.espresso.ViewInteraction$1.call(ViewInteraction.java:1)
09-07 03:43:35.103 12721 12721 W System.err: 	at java.util.concurrent.FutureTask.run(FutureTask.java:266)
09-07 03:43:35.103 12721 12721 W System.err: 	at android.os.Handler.handleCallback(Handler.java:883)
09-07 03:43:35.103 12721 12721 W System.err: 	at android.os.Handler.dispatchMessage(Handler.java:100)
09-07 03:43:35.104 12721 12721 W System.err: 	at android.os.Looper.loop(Looper.java:214)
09-07 03:43:35.104 12721 12721 W System.err: 	at android.app.ActivityThread.main(ActivityThread.java:7356)
09-07 03:43:35.104 12721 12721 W System.err: 	at java.lang.reflect.Method.invoke(Native Method)
09-07 03:43:35.104 12721 12721 W System.err: 	at com.android.internal.os.RuntimeInit$MethodAndArgsCaller.run(RuntimeInit.java:492)
09-07 03:43:35.104 12721 12721 W System.err: 	at com.android.internal.os.ZygoteInit.main(ZygoteInit.java:930)
09-07 03:43:35.516  7867  7867 D BoundBrokerSvc: onUnbind: Intent { act=com.google.android.gms.inappreach.service.START dat=chimera-action: cmp=com.google.android.gms/.chimera.GmsApiService }
09-07 03:43:35.926  1792  2272 E GnssHAL_GnssInterface: gnssSvStatusCb: a: input svInfo.flags is 8
09-07 03:43:35.926  1792  2272 E GnssHAL_GnssInterface: gnssSvStatusCb: b: input svInfo.flags is 8
09-07 03:43:36.322 12721 12841 I okhttp.OkHttpClient: <-- HTTP FAILED: java.net.SocketTimeoutException: timeout
09-07 03:43:36.324 12721 12721 W System.err: ru.iteco.fmhandroid.exceptions.ServerException
09-07 03:43:36.324 12721 12721 W System.err: 	at ru.iteco.fmhandroid.utils.Utils.makeRequest(Utils.kt:119)
09-07 03:43:36.324 12721 12721 W System.err: 	at ru.iteco.fmhandroid.utils.Utils$makeRequest$1.invokeSuspend(Unknown Source:15)
09-07 03:43:36.324 12721 12721 W System.err: 	at kotlin.coroutines.jvm.internal.BaseContinuationImpl.resumeWith(ContinuationImpl.kt:33)
09-07 03:43:36.324 12721 12721 W System.err: 	at kotlinx.coroutines.DispatchedTask.run(DispatchedTask.kt:104)
09-07 03:43:36.324 12721 12721 W System.err: 	at android.os.Handler.handleCallback(Handler.java:883)
09-07 03:43:36.324 12721 12721 W System.err: 	at android.os.Handler.dispatchMessage(Handler.java:100)
09-07 03:43:36.324 12721 12721 W System.err: 	at androidx.test.espresso.base.Interrogator.loopAndInterrogate(Interrogator.java:14)
09-07 03:43:36.324 12721 12721 W System.err: 	at androidx.test.espresso.base.UiControllerImpl.loopUntil(UiControllerImpl.java:8)
09-07 03:43:36.325 12721 12721 W System.err: 	at androidx.test.espresso.base.UiControllerImpl.loopUntil(UiControllerImpl.java:1)
09-07 03:43:36.325 12721 12721 W System.err: 	at androidx.test.espresso.base.UiControllerImpl.loopMainThreadForAtLeast(UiControllerImpl.java:7)
09-07 03:43:36.325 12721 12721 W System.err: 	at ru.iteco.fmhandroid.ui.data.ViewActions$1.perform(ViewActions.java:48)
09-07 03:43:36.325 12721 12721 W System.err: 	at androidx.test.espresso.ViewInteraction$SingleExecutionViewAction.perform(ViewInteraction.java:2)
09-07 03:43:36.325 12721 12721 W System.err: 	at androidx.test.espresso.ViewInteraction.doPerform(ViewInteraction.java:25)
09-07 03:43:36.325 12721 12721 W System.err: 	at androidx.test.espresso.ViewInteraction.-$$Nest$mdoPerform(Unknown Source:0)
09-07 03:43:36.325 12721 12721 W System.err: 	at androidx.test.espresso.ViewInteraction$1.call(ViewInteraction.java:7)
09-07 03:43:36.325 12721 12721 W System.err: 	at androidx.test.espresso.ViewInteraction$1.call(ViewInteraction.java:1)
09-07 03:43:36.326 12721 12721 W System.err: 	at java.util.concurrent.FutureTask.run(FutureTask.java:266)
09-07 03:43:36.326 12721 12721 W System.err: 	at android.os.Handler.handleCallback(Handler.java:883)
09-07 03:43:36.326 12721 12721 W System.err: 	at android.os.Handler.dispatchMessage(Handler.java:100)
09-07 03:43:36.326 12721 12721 W System.err: 	at android.os.Looper.loop(Looper.java:214)
09-07 03:43:36.326 12721 12721 W System.err: 	at android.app.ActivityThread.main(ActivityThread.java:7356)
09-07 03:43:36.326 12721 12721 W System.err: 	at java.lang.reflect.Method.invoke(Native Method)
09-07 03:43:36.326 12721 12721 W System.err: 	at com.android.internal.os.RuntimeInit$MethodAndArgsCaller.run(RuntimeInit.java:492)
09-07 03:43:36.327 12721 12721 W System.err: 	at com.android.internal.os.ZygoteInit.main(ZygoteInit.java:930)
09-07 03:43:36.762 12721 12843 I okhttp.OkHttpClient: <-- HTTP FAILED: java.net.SocketTimeoutException: timeout
09-07 03:43:36.765 12721 12721 W System.err: ru.iteco.fmhandroid.exceptions.ServerException
09-07 03:43:36.766 12721 12721 W System.err: 	at ru.iteco.fmhandroid.utils.Utils.makeRequest(Utils.kt:119)
09-07 03:43:36.766 12721 12721 W System.err: 	at ru.iteco.fmhandroid.utils.Utils$makeRequest$1.invokeSuspend(Unknown Source:15)
09-07 03:43:36.766 12721 12721 W System.err: 	at kotlin.coroutines.jvm.internal.BaseContinuationImpl.resumeWith(ContinuationImpl.kt:33)
09-07 03:43:36.766 12721 12721 W System.err: 	at kotlinx.coroutines.DispatchedTask.run(DispatchedTask.kt:104)
09-07 03:43:36.766 12721 12721 W System.err: 	at android.os.Handler.handleCallback(Handler.java:883)
09-07 03:43:36.766 12721 12721 W System.err: 	at android.os.Handler.dispatchMessage(Handler.java:100)
09-07 03:43:36.766 12721 12721 W System.err: 	at androidx.test.espresso.base.Interrogator.loopAndInterrogate(Interrogator.java:14)
09-07 03:43:36.767 12721 12721 W System.err: 	at androidx.test.espresso.base.UiControllerImpl.loopUntil(UiControllerImpl.java:8)
09-07 03:43:36.767 12721 12721 W System.err: 	at androidx.test.espresso.base.UiControllerImpl.loopUntil(UiControllerImpl.java:1)
09-07 03:43:36.767 12721 12721 W System.err: 	at androidx.test.espresso.base.UiControllerImpl.loopMainThreadForAtLeast(UiControllerImpl.java:7)
09-07 03:43:36.767 12721 12721 W System.err: 	at ru.iteco.fmhandroid.ui.data.ViewActions$1.perform(ViewActions.java:48)
09-07 03:43:36.767 12721 12721 W System.err: 	at androidx.test.espresso.ViewInteraction$SingleExecutionViewAction.perform(ViewInteraction.java:2)
09-07 03:43:36.767 12721 12721 W System.err: 	at androidx.test.espresso.ViewInteraction.doPerform(ViewInteraction.java:25)
09-07 03:43:36.767 12721 12721 W System.err: 	at androidx.test.espresso.ViewInteraction.-$$Nest$mdoPerform(Unknown Source:0)
09-07 03:43:36.767 12721 12721 W System.err: 	at androidx.test.espresso.ViewInteraction$1.call(ViewInteraction.java:7)
09-07 03:43:36.767 12721 12721 W System.err: 	at androidx.test.espresso.ViewInteraction$1.call(ViewInteraction.java:1)
09-07 03:43:36.767 12721 12721 W System.err: 	at java.util.concurrent.FutureTask.run(FutureTask.java:266)
09-07 03:43:36.767 12721 12721 W System.err: 	at android.os.Handler.handleCallback(Handler.java:883)
09-07 03:43:36.767 12721 12721 W System.err: 	at android.os.Handler.dispatchMessage(Handler.java:100)
09-07 03:43:36.769 12721 12721 W System.err: 	at android.os.Looper.loop(Looper.java:214)
09-07 03:43:36.769 12721 12721 W System.err: 	at android.app.ActivityThread.main(ActivityThread.java:7356)
09-07 03:43:36.769 12721 12721 W System.err: 	at java.lang.reflect.Method.invoke(Native Method)
09-07 03:43:36.769 12721 12721 W System.err: 	at com.android.internal.os.RuntimeInit$MethodAndArgsCaller.run(RuntimeInit.java:492)
09-07 03:43:36.769 12721 12721 W System.err: 	at com.android.internal.os.ZygoteInit.main(ZygoteInit.java:930)
09-07 03:43:36.928  1792  2272 E GnssHAL_GnssInterface: gnssSvStatusCb: a: input svInfo.flags is 8
09-07 03:43:36.929  1792  2272 E GnssHAL_GnssInterface: gnssSvStatusCb: b: input svInfo.flags is 8
09-07 03:43:37.927  1792  2272 E GnssHAL_GnssInterface: gnssSvStatusCb: a: input svInfo.flags is 8
09-07 03:43:37.927  1792  2272 E GnssHAL_GnssInterface: gnssSvStatusCb: b: input svInfo.flags is 8
09-07 03:43:38.926  1792  2272 E GnssHAL_GnssInterface: gnssSvStatusCb: a: input svInfo.flags is 8
09-07 03:43:38.927  1792  2272 E GnssHAL_GnssInterface: gnssSvStatusCb: b: input svInfo.flags is 8
09-07 03:43:39.927  1792  2272 E GnssHAL_GnssInterface: gnssSvStatusCb: a: input svInfo.flags is 8
09-07 03:43:39.927  1792  2272 E GnssHAL_GnssInterface: gnssSvStatusCb: b: input svInfo.flags is 8
09-07 03:43:40.761 12721 12851 I okhttp.OkHttpClient: <-- HTTP FAILED: java.net.SocketTimeoutException: timeout
09-07 03:43:40.762 12721 12721 W System.err: ru.iteco.fmhandroid.exceptions.ServerException
09-07 03:43:40.762 12721 12721 W System.err: 	at ru.iteco.fmhandroid.utils.Utils.makeRequest(Utils.kt:119)
09-07 03:43:40.762 12721 12721 W System.err: 	at ru.iteco.fmhandroid.utils.Utils$makeRequest$1.invokeSuspend(Unknown Source:15)
09-07 03:43:40.763 12721 12721 W System.err: 	at kotlin.coroutines.jvm.internal.BaseContinuationImpl.resumeWith(ContinuationImpl.kt:33)
09-07 03:43:40.763 12721 12721 W System.err: 	at kotlinx.coroutines.DispatchedTask.run(DispatchedTask.kt:104)
09-07 03:43:40.764 12721 12721 W System.err: 	at android.os.Handler.handleCallback(Handler.java:883)
09-07 03:43:40.764 12721 12721 W System.err: 	at android.os.Handler.dispatchMessage(Handler.java:100)
09-07 03:43:40.764 12721 12721 W System.err: 	at androidx.test.espresso.base.Interrogator.loopAndInterrogate(Interrogator.java:14)
09-07 03:43:40.765 12721 12721 W System.err: 	at androidx.test.espresso.base.UiControllerImpl.loopUntil(UiControllerImpl.java:8)
09-07 03:43:40.765 12721 12721 W System.err: 	at androidx.test.espresso.base.UiControllerImpl.loopUntil(UiControllerImpl.java:1)
09-07 03:43:40.765 12721 12721 W System.err: 	at androidx.test.espresso.base.UiControllerImpl.loopMainThreadForAtLeast(UiControllerImpl.java:7)
09-07 03:43:40.765 12721 12721 W System.err: 	at ru.iteco.fmhandroid.ui.data.ViewActions$1.perform(ViewActions.java:48)
09-07 03:43:40.765 12721 12721 W System.err: 	at androidx.test.espresso.ViewInteraction$SingleExecutionViewAction.perform(ViewInteraction.java:2)
09-07 03:43:40.765 12721 12721 W System.err: 	at androidx.test.espresso.ViewInteraction.doPerform(ViewInteraction.java:25)
09-07 03:43:40.766 12721 12721 W System.err: 	at androidx.test.espresso.ViewInteraction.-$$Nest$mdoPerform(Unknown Source:0)
09-07 03:43:40.766 12721 12721 W System.err: 	at androidx.test.espresso.ViewInteraction$1.call(ViewInteraction.java:7)
09-07 03:43:40.766 12721 12721 W System.err: 	at androidx.test.espresso.ViewInteraction$1.call(ViewInteraction.java:1)
09-07 03:43:40.766 12721 12721 W System.err: 	at java.util.concurrent.FutureTask.run(FutureTask.java:266)
09-07 03:43:40.766 12721 12721 W System.err: 	at android.os.Handler.handleCallback(Handler.java:883)
09-07 03:43:40.767 12721 12721 W System.err: 	at android.os.Handler.dispatchMessage(Handler.java:100)
09-07 03:43:40.767 12721 12721 W System.err: 	at android.os.Looper.loop(Looper.java:214)
09-07 03:43:40.767 12721 12721 W System.err: 	at android.app.ActivityThread.main(ActivityThread.java:7356)
09-07 03:43:40.767 12721 12721 W System.err: 	at java.lang.reflect.Method.invoke(Native Method)
09-07 03:43:40.767 12721 12721 W System.err: 	at com.android.internal.os.RuntimeInit$MethodAndArgsCaller.run(RuntimeInit.java:492)
09-07 03:43:40.767 12721 12721 W System.err: 	at com.android.internal.os.ZygoteInit.main(ZygoteInit.java:930)
09-07 03:43:40.773  2037  2065 E memtrack: Couldn't load memtrack module
09-07 03:43:40.773  2037  2065 W android.os.Debug: failed to get memory consumption info: -1
09-07 03:43:40.788  1793  1859 D gralloc_ranchu: gralloc_alloc: Creating ashmem region of size 339968
09-07 03:43:40.793  1793  1859 I chatty  : uid=1000(system) HwBinder:1793_1 identical 1 line
09-07 03:43:40.794  1793  1859 D gralloc_ranchu: gralloc_alloc: Creating ashmem region of size 339968
09-07 03:43:40.802 12721 12814 D EGL_emulation: eglMakeCurrent: 0xe2258580: ver 2 0 (tinfo 0xe233af30)
09-07 03:43:40.821 12721 12814 D EGL_emulation: eglMakeCurrent: 0xe2258580: ver 2 0 (tinfo 0xe233af30)
09-07 03:43:40.851 12721 12721 D takeScreenshot: Found 2 global views to redraw
09-07 03:43:40.894 12721 12814 D EGL_emulation: eglMakeCurrent: 0xe2258580: ver 2 0 (tinfo 0xe233af30)
09-07 03:43:40.910  1793  1859 D gralloc_ranchu: gralloc_alloc: Creating ashmem region of size 9850880
09-07 03:43:40.917  1678  1678 I hwservicemanager: getTransport: Cannot find entry android.hardware.graphics.mapper@3.0::IMapper/default in either framework or device manifest.
09-07 03:43:40.917 12705 12720 W Gralloc3: mapper 3.x is not supported
09-07 03:43:40.921 12705 12720 D HostConnection: createUnique: call
09-07 03:43:40.921 12705 12720 D HostConnection: HostConnection::get() New Host Connection established 0xf337c4e0, tid 12720
09-07 03:43:40.923 12705 12720 D HostConnection: HostComposition ext ANDROID_EMU_CHECKSUM_HELPER_v1 ANDROID_EMU_dma_v1 ANDROID_EMU_direct_mem ANDROID_EMU_vulkan ANDROID_EMU_deferred_vulkan_commands ANDROID_EMU_vulkan_null_optional_strings ANDROID_EMU_vulkan_create_resources_with_requirements ANDROID_EMU_YUV420_888_to_NV21 ANDROID_EMU_YUV_Cache ANDROID_EMU_vulkan_free_memory_sync ANDROID_EMU_vulkan_shader_float16_int8 ANDROID_EMU_vulkan_async_queue_submit ANDROID_EMU_sync_buffer_data GL_OES_vertex_array_object GL_KHR_texture_compression_astc_ldr ANDROID_EMU_host_side_tracing ANDROID_EMU_gles_max_version_2 
09-07 03:43:40.923 12705 12720 D eglCodecCommon: allocate: Ask for block of size 0x1000
09-07 03:43:40.923 12705 12720 D eglCodecCommon: allocate: ioctl allocate returned offset 0x3ffff6000 size 0x2000
09-07 03:43:40.926  1823  1897 E SurfaceFlinger: ro.sf.lcd_density must be defined as a build property
09-07 03:43:40.926  1823  1897 E SurfaceFlinger: ro.sf.lcd_density must be defined as a build property
09-07 03:43:40.926  1792  2272 E GnssHAL_GnssInterface: gnssSvStatusCb: a: input svInfo.flags is 8
09-07 03:43:40.926  1792  2272 E GnssHAL_GnssInterface: gnssSvStatusCb: b: input svInfo.flags is 8
09-07 03:43:40.928 12705 12868 D libEGL  : Emulator has host GPU support, qemu.gles is set to 1.
09-07 03:43:40.932 12705 12868 W libc    : Unable to set property "qemu.gles" to "1": error code: 0x18
09-07 03:43:40.933 12705 12868 D libEGL  : loaded /vendor/lib/egl/libEGL_emulation.so
09-07 03:43:40.933 12705 12868 D libEGL  : loaded /vendor/lib/egl/libGLESv1_CM_emulation.so
09-07 03:43:40.934 12705 12868 D libEGL  : loaded /vendor/lib/egl/libGLESv2_emulation.so
09-07 03:43:40.940 12705 12868 D HostConnection: HostConnection::get() New Host Connection established 0xf337c3f0, tid 12868
09-07 03:43:40.940 12705 12868 D HostConnection: HostComposition ext ANDROID_EMU_CHECKSUM_HELPER_v1 ANDROID_EMU_dma_v1 ANDROID_EMU_direct_mem ANDROID_EMU_vulkan ANDROID_EMU_deferred_vulkan_commands ANDROID_EMU_vulkan_null_optional_strings ANDROID_EMU_vulkan_create_resources_with_requirements ANDROID_EMU_YUV420_888_to_NV21 ANDROID_EMU_YUV_Cache ANDROID_EMU_vulkan_free_memory_sync ANDROID_EMU_vulkan_shader_float16_int8 ANDROID_EMU_vulkan_async_queue_submit ANDROID_EMU_sync_buffer_data GL_OES_vertex_array_object GL_KHR_texture_compression_astc_ldr ANDROID_EMU_host_side_tracing ANDROID_EMU_gles_max_version_2 
09-07 03:43:40.942 12705 12868 W OpenGLRenderer: Failed to choose config with EGL_SWAP_BEHAVIOR_PRESERVED, retrying without...
09-07 03:43:40.948 12705 12868 D eglCodecCommon: setVertexArrayObject: set vao to 0 (0) 0 0
09-07 03:43:40.948 12705 12868 D EGL_emulation: eglCreateContext: 0xde0283c0: maj 2 min 0 rcv 2
09-07 03:43:40.967 12705 12868 D EGL_emulation: eglMakeCurrent: 0xde0283c0: ver 2 0 (tinfo 0xde00f370)
09-07 03:43:40.974 12705 12868 D eglCodecCommon: setVertexArrayObject: set vao to 0 (0) 1 0
09-07 03:43:41.000 12721 12766 W DefaultFailureHandler: Failed to take screenshot
09-07 03:43:41.000 12721 12766 W DefaultFailureHandler: java.io.FileNotFoundException: view-op-error-1.png: open failed: EROFS (Read-only file system)
09-07 03:43:41.000 12721 12766 W DefaultFailureHandler: 	at libcore.io.IoBridge.open(IoBridge.java:496)
09-07 03:43:41.000 12721 12766 W DefaultFailureHandler: 	at java.io.FileOutputStream.<init>(FileOutputStream.java:235)
09-07 03:43:41.000 12721 12766 W DefaultFailureHandler: 	at java.io.FileOutputStream.<init>(FileOutputStream.java:125)
09-07 03:43:41.000 12721 12766 W DefaultFailureHandler: 	at androidx.test.platform.io.FileTestStorage.openOutputFile(FileTestStorage.java:60)
09-07 03:43:41.000 12721 12766 W DefaultFailureHandler: 	at androidx.test.core.graphics.BitmapStorage.writeToTestStorage(BitmapStorageExt.kt:49)
09-07 03:43:41.000 12721 12766 W DefaultFailureHandler: 	at androidx.test.espresso.base.DefaultFailureHandler.takeScreenshot(DefaultFailureHandler.java:4)
09-07 03:43:41.000 12721 12766 W DefaultFailureHandler: 	at androidx.test.espresso.base.DefaultFailureHandler.handle(DefaultFailureHandler.java:3)
09-07 03:43:41.000 12721 12766 W DefaultFailureHandler: 	at androidx.test.espresso.ViewInteraction.waitForAndHandleInteractionResults(ViewInteraction.java:8)
09-07 03:43:41.000 12721 12766 W DefaultFailureHandler: 	at androidx.test.espresso.ViewInteraction.desugaredPerform(ViewInteraction.java:11)
09-07 03:43:41.000 12721 12766 W DefaultFailureHandler: 	at androidx.test.espresso.ViewInteraction.perform(ViewInteraction.java:8)
09-07 03:43:41.000 12721 12766 W DefaultFailureHandler: 	at ru.iteco.fmhandroid.ui.data.TestUtils.waitView(TestUtils.java:61)
09-07 03:43:41.000 12721 12766 W DefaultFailureHandler: 	at ru.iteco.fmhandroid.ui.steps.ControlPanelSteps.isControlPanel(ControlPanelSteps.java:103)
09-07 03:43:41.000 12721 12766 W DefaultFailureHandler: 	at ru.iteco.fmhandroid.ui.FilterNewsPageTest.shouldFilterTheNewsWithCategoryAnnouncement(FilterNewsPageTest.java:68)
09-07 03:43:41.000 12721 12766 W DefaultFailureHandler: 	at java.lang.reflect.Method.invoke(Native Method)
09-07 03:43:41.000 12721 12766 W DefaultFailureHandler: 	at org.junit.runners.model.FrameworkMethod$1.runReflectiveCall(FrameworkMethod.java:59)
09-07 03:43:41.000 12721 12766 W DefaultFailureHandler: 	at org.junit.internal.runners.model.ReflectiveCallable.run(ReflectiveCallable.java:12)
09-07 03:43:41.000 12721 12766 W DefaultFailureHandler: 	at org.junit.runners.model.FrameworkMethod.invokeExplosively(FrameworkMethod.java:56)
09-07 03:43:41.000 12721 12766 W DefaultFailureHandler: 	at org.junit.internal.runners.statements.InvokeMethod.evaluate(InvokeMethod.java:17)
09-07 03:43:41.000 12721 12766 W DefaultFailureHandler: 	at androidx.test.internal.runner.junit4.statement.RunBefores.evaluate(RunBefores.java:80)
09-07 03:43:41.000 12721 12766 W DefaultFailureHandler: 	at io.qameta.allure.android.rules.ScreenshotRule$apply$1.evaluate(ScreenshotRule.kt:22)
09-07 03:43:41.000 12721 12766 W DefaultFailureHandler: 	at org.junit.rules.ExternalResource$1.evaluate(ExternalResource.java:54)
09-07 03:43:41.000 12721 12766 W DefaultFailureHandler: 	at io.qameta.allure.android.rules.LogcatRule$apply$1.evaluate(LogcatRule.kt:23)
09-07 03:43:41.000 12721 12766 W DefaultFailureHandler: 	at org.junit.rules.RunRules.evaluate(RunRules.java:20)
09-07 03:43:41.000 12721 12766 W DefaultFailureHandler: 	at org.junit.runners.ParentRunner$3.evaluate(ParentRunner.java:306)
09-07 03:43:41.000 12721 12766 W DefaultFailureHandler: 	at org.junit.runners.BlockJUnit4ClassRunner$1.evaluate(BlockJUnit4ClassRunner.java:100)
09-07 03:43:41.000 12721 12766 W DefaultFailureHandler: 	at org.junit.runners.ParentRunner.runLeaf(ParentRunner.java:366)
09-07 03:43:41.000 12721 12766 W DefaultFailureHandler: 	at org.junit.runners.BlockJUnit4ClassRunner.runChild(BlockJUnit4ClassRunner.java:103)
09-07 03:43:41.000 12721 12766 W DefaultFailureHandler: 	at org.junit.runners.BlockJUnit4ClassRunner.runChild(BlockJUnit4ClassRunner.java:63)
09-07 03:43:41.000 12721 12766 W DefaultFailureHandler: 	at org.junit.runners.ParentRunner$4.run(ParentRunner.java:331)
09-07 03:43:41.000 12721 12766 W DefaultFailureHandler: 	at org.junit.runners.ParentRunner$1.schedule(ParentRunner.java:79)
09-07 03:43:41.000 12721 12766 W DefaultFailureHandler: 	at org.junit.runners.ParentRunner.runChildren(ParentRunner.java:329)
09-07 03:43:41.000 12721 12766 W DefaultFailureHandler: 	at org.junit.runners.ParentRunner.access$100(ParentRunner.java:66)
09-07 03:43:41.000 12721 12766 W DefaultFailureHandler: 	at org.junit.runners.ParentRunner$2.evaluate(ParentRunner.java:293)
09-07 03:43:41.000 12721 12766 W DefaultFailureHandler: 	at org.junit.runners.ParentRunner$3.evaluate(ParentRunner.java:306)
09-07 03:43:41.000 12721 12766 W DefaultFailureHandler: 	at org.junit.runners.ParentRunner.run(ParentRunner.java:413)
09-07 03:43:41.000 12721 12766 W DefaultFailureHandler: 	at androidx.test.ext.junit.runners.AndroidJUnit4.run(AndroidJUnit4.java:162)
09-07 03:43:41.000 12721 12766 W DefaultFailureHandler: 	at io.qameta.allure.android.runners.AllureAndroidJUnit4.run(AllureAndroidJUnitRunners.kt:29)
09-07 03:43:41.000 12721 12766 W DefaultFailureHandler: 	at org.junit.runners.Suite.runChild(Suite.java:128)
09-07 03:43:41.000 12721 12766 W DefaultFailureHandler: 	at org.junit.runners.Suite.runChild(Suite.java:27)
09-07 03:43:41.000 12721 12766 W DefaultFailureHandler: 	at org.junit.runners.ParentRunner$4.run(ParentRunner.java:331)
09-07 03:43:41.000 12721 12766 W DefaultFailureHandler: 	at org.junit.runners.ParentRunner$1.schedule(ParentRunner.java:79)
09-07 03:43:41.000 12721 12766 W DefaultFailureHandler: 	at org.junit.runners.ParentRunner.runChildren(ParentRunner.java:329)
09-07 03:43:41.000 12721 12766 W DefaultFailureHandler: 	at org.junit.runners.ParentRunner.access$100(ParentRunner.java:66)
09-07 03:43:41.000 12721 12766 W DefaultFailureHandler: 	at org.junit.runners.ParentRunner$2.evaluate(ParentRunner.java:293)
09-07 03:43:41.000 12721 12766 W DefaultFailureHandler: 	at org.junit.runners.ParentRunner$3.evaluate(ParentRunner.java:306)
09-07 03:43:41.000 12721 12766 W DefaultFailureHandler: 	at org.junit.runners.ParentRunner.run(ParentRunner.java:413)
09-07 03:43:41.000 12721 12766 W DefaultFailureHandler: 	at org.junit.runner.JUnitCore.run(JUnitCore.java:137)
09-07 03:43:41.000 12721 12766 W DefaultFailureHandler: 	at org.junit.runner.JUnitCore.run(JUnitCore.java:115)
09-07 03:43:41.000 12721 12766 W DefaultFailureHandler: 	at androidx.test.internal.runner.TestExecutor.execute(TestExecutor.java:67)
09-07 03:43:41.000 12721 12766 W DefaultFailureHandler: 	at androidx.test.internal.runner.TestExecutor.execute(TestExecutor.java:58)
09-07 03:43:41.000 12721 12766 W DefaultFailureHandler: 	at androidx.test.runner.AndroidJUnitRunner.onStart(AndroidJUnitRunner.java:438)
09-07 03:43:41.000 12721 12766 W DefaultFailureHandler: 	at android.app.Instrumentation$InstrumentationThread.run(Instrumentation.java:2189)
09-07 03:43:41.000 12721 12766 W DefaultFailureHandler: Caused by: android.system.ErrnoException: open failed: EROFS (Read-only file system)
09-07 03:43:41.000 12721 12766 W DefaultFailureHandler: 	at libcore.io.Linux.open(Native Method)
09-07 03:43:41.000 12721 12766 W DefaultFailureHandler: 	at libcore.io.ForwardingOs.open(ForwardingOs.java:167)
09-07 03:43:41.000 12721 12766 W DefaultFailureHandler: 	at libcore.io.BlockGuardOs.open(BlockGuardOs.java:252)
09-07 03:43:41.000 12721 12766 W DefaultFailureHandler: 	at libcore.io.ForwardingOs.open(ForwardingOs.java:167)
09-07 03:43:41.000 12721 12766 W DefaultFailureHandler: 	at android.app.ActivityThread$AndroidOs.open(ActivityThread.java:7255)
09-07 03:43:41.000 12721 12766 W DefaultFailureHandler: 	at libcore.io.IoBridge.open(IoBridge.java:482)
09-07 03:43:41.000 12721 12766 W DefaultFailureHandler: 	... 51 more
09-07 03:43:41.009  1793  1859 D gralloc_ranchu: gralloc_alloc: Creating ashmem region of size 9850880
09-07 03:43:38.531  2434  2940 E ActivityThread: Failed to find provider info for com.google.android.apps.wellbeing.api
09-07 03:43:41.118  2037  4497 I ActivityTaskManager: START u0 {act=android.intent.action.MAIN cat=[android.intent.category.LAUNCHER] flg=0x10000000 cmp=ru.iteco.fmhandroid.test/androidx.test.core.app.InstrumentationActivityInvoker$EmptyActivity} from uid 10136
09-07 03:43:41.123 12721 12721 D LifecycleMonitor: Lifecycle status change: ru.iteco.fmhandroid.ui.AppActivity@bf025f4 in: PAUSED
09-07 03:43:41.123 12721 12721 V ActivityScenario: Update currentActivityStage to PAUSED, currentActivity=ru.iteco.fmhandroid.ui.AppActivity@bf025f4
09-07 03:43:41.124 12721 12765 V FA      : Recording user engagement, ms: 20347
09-07 03:43:41.125  2037  2425 W InputReader: Device has associated, but no associated display id.
09-07 03:43:41.127  2037  2425 I chatty  : uid=1000(system) Binder:2037_7 identical 38 lines
09-07 03:43:41.127  2037  2425 W InputReader: Device has associated, but no associated display id.
09-07 03:43:41.128 12778 12778 W ActivityThread: handleWindowVisibility: no activity for token android.os.BinderProxy@d6eec89
09-07 03:43:41.130  2037  2425 W InputReader: Device has associated, but no associated display id.
09-07 03:43:41.130  2037  2425 I chatty  : uid=1000(system) Binder:2037_7 identical 8 lines
09-07 03:43:41.130  2037  2425 W InputReader: Device has associated, but no associated display id.
09-07 03:43:41.136  2037  2065 E memtrack: Couldn't load memtrack module
09-07 03:43:41.136  2037  2065 W android.os.Debug: failed to get memory consumption info: -1
09-07 03:43:41.172 12778 12811 D HostConnection: HostConnection::get() New Host Connection established 0xda24c190, tid 12811
09-07 03:43:41.174 12778 12811 D HostConnection: HostComposition ext ANDROID_EMU_CHECKSUM_HELPER_v1 ANDROID_EMU_dma_v1 ANDROID_EMU_direct_mem ANDROID_EMU_vulkan ANDROID_EMU_deferred_vulkan_commands ANDROID_EMU_vulkan_null_optional_strings ANDROID_EMU_vulkan_create_resources_with_requirements ANDROID_EMU_YUV420_888_to_NV21 ANDROID_EMU_YUV_Cache ANDROID_EMU_vulkan_free_memory_sync ANDROID_EMU_vulkan_shader_float16_int8 ANDROID_EMU_vulkan_async_queue_submit ANDROID_EMU_sync_buffer_data GL_OES_vertex_array_object GL_KHR_texture_compression_astc_ldr ANDROID_EMU_host_side_tracing ANDROID_EMU_gles_max_version_2 
09-07 03:43:41.178 12778 12811 W OpenGLRenderer: Failed to choose config with EGL_SWAP_BEHAVIOR_PRESERVED, retrying without...
09-07 03:43:41.185 12778 12811 D eglCodecCommon: setVertexArrayObject: set vao to 0 (0) 0 0
09-07 03:43:41.185 12778 12811 D EGL_emulation: eglCreateContext: 0xda21a240: maj 2 min 0 rcv 2
09-07 03:43:41.185 12721 12814 D EGL_emulation: eglMakeCurrent: 0xe2258580: ver 2 0 (tinfo 0xe233af30)
09-07 03:43:41.200  2037  4199 I ActivityTaskManager: START u0 {act=android.intent.action.MAIN cat=[android.intent.category.LAUNCHER] flg=0x10000000 cmp=ru.iteco.fmhandroid.test/androidx.test.core.app.InstrumentationActivityInvoker$EmptyActivity} from uid 10136
09-07 03:43:41.208 12778 12811 D EGL_emulation: eglMakeCurrent: 0xda21a240: ver 2 0 (tinfo 0xda20f920)
09-07 03:43:41.220  1793  1859 D gralloc_ranchu: gralloc_alloc: Creating ashmem region of size 9850880
09-07 03:43:41.222  1678  1678 I hwservicemanager: getTransport: Cannot find entry android.hardware.graphics.mapper@3.0::IMapper/default in either framework or device manifest.
09-07 03:43:41.222 12778 12811 W Gralloc3: mapper 3.x is not supported
09-07 03:43:41.223 12778 12811 D HostConnection: createUnique: call
09-07 03:43:41.223 12778 12811 D HostConnection: HostConnection::get() New Host Connection established 0xda24c550, tid 12811
09-07 03:43:41.229 12721 12765 V FA      : Connecting to remote service
09-07 03:43:41.234 12778 12811 D HostConnection: HostComposition ext ANDROID_EMU_CHECKSUM_HELPER_v1 ANDROID_EMU_dma_v1 ANDROID_EMU_direct_mem ANDROID_EMU_vulkan ANDROID_EMU_deferred_vulkan_commands ANDROID_EMU_vulkan_null_optional_strings ANDROID_EMU_vulkan_create_resources_with_requirements ANDROID_EMU_YUV420_888_to_NV21 ANDROID_EMU_YUV_Cache ANDROID_EMU_vulkan_free_memory_sync ANDROID_EMU_vulkan_shader_float16_int8 ANDROID_EMU_vulkan_async_queue_submit ANDROID_EMU_sync_buffer_data GL_OES_vertex_array_object GL_KHR_texture_compression_astc_ldr ANDROID_EMU_host_side_tracing ANDROID_EMU_gles_max_version_2 
09-07 03:43:41.234 12778 12811 D eglCodecCommon: allocate: Ask for block of size 0x1000
09-07 03:43:41.235 12778 12811 D eglCodecCommon: allocate: ioctl allocate returned offset 0x3ff686000 size 0x2000
09-07 03:43:41.239  7867  7867 D BoundBrokerSvc: onBind: Intent { act=com.google.android.gms.measurement.START pkg=com.google.android.gms }
09-07 03:43:41.240  7867  7867 D BoundBrokerSvc: Loading bound service for intent: Intent { act=com.google.android.gms.measurement.START pkg=com.google.android.gms }
09-07 03:43:41.242 12721 12765 V FA      : Connection attempt already in progress
09-07 03:43:41.242 12721 12765 V FA      : Activity paused, time: 1145016
09-07 03:43:41.243  1793  1859 D gralloc_ranchu: gralloc_alloc: Creating ashmem region of size 9850880
09-07 03:43:41.244  1793  1859 D gralloc_ranchu: gralloc_alloc: Creating ashmem region of size 9850880
09-07 03:43:41.246 12778 12811 D EGL_emulation: eglMakeCurrent: 0xda21a240: ver 2 0 (tinfo 0xda20f920)
09-07 03:43:41.247 12721 12765 D FA      : Connected to remote service
09-07 03:43:41.248 12721 12765 V FA      : Processing queued up service tasks: 2
09-07 03:43:41.248 12778 12811 D eglCodecCommon: setVertexArrayObject: set vao to 0 (0) 1 0
09-07 03:43:41.267  7867 12770 V FA-SVC  : Logging event: origin=auto,name=user_engagement(_e),params=Bundle[{ga_event_origin(_o)=auto, engagement_time_msec(_et)=20347, ga_screen_class(_sc)=AppActivity, ga_screen_id(_si)=2090792918799700250}]
09-07 03:43:41.280  8425  8425 D BoundBrokerSvc: onBind: Intent { act=com.google.android.gms.presencemanager.service.START dat=chimera-action: cmp=com.google.android.gms/.chimera.PersistentApiService }
09-07 03:43:41.281  8425  8425 D BoundBrokerSvc: Loading bound service for intent: Intent { act=com.google.android.gms.presencemanager.service.START dat=chimera-action: cmp=com.google.android.gms/.chimera.PersistentApiService }
09-07 03:43:41.282  8425  8425 D BoundBrokerSvc: onBind: Intent { act=com.google.android.gms.presencemanager.service.INTERNAL_IDENTITY dat=chimera-action: cmp=com.google.android.gms/.chimera.PersistentApiService }
09-07 03:43:41.282  8425  8425 D BoundBrokerSvc: Loading bound service for intent: Intent { act=com.google.android.gms.presencemanager.service.INTERNAL_IDENTITY dat=chimera-action: cmp=com.google.android.gms/.chimera.PersistentApiService }
09-07 03:43:41.286  7867 12770 V FA-SVC  : Upload scheduled in approximately ms: 2615824
09-07 03:43:41.286  7867 12770 V FA-SVC  : Unscheduling upload
09-07 03:43:41.288  7867 12770 V FA-SVC  : Scheduling upload, millis: 2615824
09-07 03:43:41.289  7867 12770 V FA-SVC  : Background event processing time, ms: 23
09-07 03:43:41.334  2037  2311 W InputReader: Device has associated, but no associated display id.
09-07 03:43:41.336  2037  2311 I chatty  : uid=1000(system) Binder:2037_6 identical 48 lines
09-07 03:43:41.337  2037  2311 W InputReader: Device has associated, but no associated display id.
09-07 03:43:41.365 12778 12778 W ActivityThread: handleWindowVisibility: no activity for token android.os.BinderProxy@ee74d3e
09-07 03:43:41.375  2037  2311 W ActivityTaskManager: Duplicate finish request for ActivityRecord{8cae9bb u0 ru.iteco.fmhandroid/.ui.AppActivity t683 f}
09-07 03:43:41.391  1793  1859 D gralloc_ranchu: gralloc_alloc: Creating ashmem region of size 9850880
09-07 03:43:41.394  1793  1859 I chatty  : uid=1000(system) HwBinder:1793_1 identical 1 line
09-07 03:43:41.395  1793  1859 D gralloc_ranchu: gralloc_alloc: Creating ashmem region of size 9850880
09-07 03:43:41.397 12778 12811 D EGL_emulation: eglMakeCurrent: 0xda21a240: ver 2 0 (tinfo 0xda20f920)
09-07 03:43:41.422  2037  2061 W InputReader: Device has associated, but no associated display id.
09-07 03:43:41.423  2037  2061 I chatty  : uid=1000(system) android.anim identical 18 lines
09-07 03:43:41.423  2037  2061 W InputReader: Device has associated, but no associated display id.
09-07 03:43:41.428  2037  2065 I ActivityTaskManager: Displayed ru.iteco.fmhandroid.test/androidx.test.core.app.InstrumentationActivityInvoker$EmptyActivity: +212ms
09-07 03:43:41.428  2037  4199 W InputReader: Device has associated, but no associated display id.
09-07 03:43:41.428  2037  4199 I chatty  : uid=1000(system) Binder:2037_F identical 8 lines
09-07 03:43:41.428  2037  4199 W InputReader: Device has associated, but no associated display id.
09-07 03:43:41.435 12721 12814 D EGL_emulation: eglMakeCurrent: 0xe2258580: ver 2 0 (tinfo 0xe233af30)
09-07 03:43:41.441  2037  4199 W InputReader: Device has associated, but no associated display id.
09-07 03:43:41.449  2037  2037 W ActivityManager: Unable to start service Intent { act=android.service.appprediction.AppPredictionService cmp=com.google.android.as/com.google.android.apps.miphone.aiai.app.AiAiPredictionService } U=0: not found
09-07 03:43:41.449  2037  2037 W RemoteAppPredictionService: could not bind to Intent { act=android.service.appprediction.AppPredictionService cmp=com.google.android.as/com.google.android.apps.miphone.aiai.app.AiAiPredictionService } using flags 67108865
09-07 03:43:41.441  2037  4199 I chatty  : uid=1000(system) Binder:2037_F identical 8 lines
09-07 03:43:41.441  2037  4199 W InputReader: Device has associated, but no associated display id.
09-07 03:43:41.449 12721 12721 D LifecycleMonitor: Lifecycle status change: ru.iteco.fmhandroid.ui.AppActivity@bf025f4 in: STOPPED
09-07 03:43:41.449  1823  1823 W SurfaceFlinger: couldn't log to binary event log: overflow.
09-07 03:43:41.449 12721 12721 V ActivityScenario: Update currentActivityStage to STOPPED, currentActivity=ru.iteco.fmhandroid.ui.AppActivity@bf025f4
09-07 03:43:41.457  1793  1859 D gralloc_ranchu: gralloc_alloc: Creating ashmem region of size 9850880
09-07 03:43:41.458  1793  2554 D gralloc_ranchu: gralloc_alloc: Creating ashmem region of size 9850880
09-07 03:43:41.465  1793  2554 I chatty  : uid=1000(system) HwBinder:1793_2 identical 1 line
09-07 03:43:41.467  1793  2554 D gralloc_ranchu: gralloc_alloc: Creating ashmem region of size 9850880
09-07 03:43:41.467  2666  3068 D EGL_emulation: eglMakeCurrent: 0xda21b0e0: ver 2 0 (tinfo 0xda20fbb0)
09-07 03:43:41.467  1793  2554 D gralloc_ranchu: gralloc_alloc: Creating ashmem region of size 9850880
09-07 03:43:41.484  1793  1859 D gralloc_ranchu: gralloc_alloc: Creating ashmem region of size 9850880
09-07 03:43:41.490  2666  2666 I dnsi    : onStart
09-07 03:43:41.492  2666  2666 I dnsi    : onResume
09-07 03:43:41.493  2434  2714 D EGL_emulation: eglMakeCurrent: 0xed453b60: ver 2 0 (tinfo 0xe233a960)
09-07 03:43:41.497 12721 12721 D LifecycleMonitor: Lifecycle status change: ru.iteco.fmhandroid.ui.AppActivity@bf025f4 in: DESTROYED
09-07 03:43:41.497 12721 12721 V ActivityScenario: Update currentActivityStage to DESTROYED, currentActivity=null
09-07 03:43:41.520  7867  7867 D BoundBrokerSvc: onBind: Intent { act=com.google.android.gms.inappreach.service.START dat=chimera-action: cmp=com.google.android.gms/.chimera.GmsApiService }
09-07 03:43:41.521  7867  7867 D BoundBrokerSvc: Loading bound service for intent: Intent { act=com.google.android.gms.inappreach.service.START dat=chimera-action: cmp=com.google.android.gms/.chimera.GmsApiService }
09-07 03:43:41.522  2037  2061 W InputReader: Device has associated, but no associated display id.
09-07 03:43:41.522  2037  2061 I chatty  : uid=1000(system) android.anim identical 8 lines
09-07 03:43:41.522  2037  2061 W InputReader: Device has associated, but no associated display id.
09-07 03:43:41.527  1793  1859 D gralloc_ranchu: gralloc_alloc: Creating ashmem region of size 6307840
09-07 03:43:41.548  2182  2468 D EGL_emulation: eglMakeCurrent: 0xda21a360: ver 2 0 (tinfo 0xda20f590)
09-07 03:43:41.551  2182  2182 W View    : requestLayout() improperly called by com.android.keyguard.AlphaOptimizedLinearLayout{551c6d8 V.E...... ......ID 7,0-48,61 #7f0a041c app:id/wifi_group} during second layout pass: posting in next frame
09-07 03:43:41.560  2182  2182 W View    : requestLayout() improperly called by StatusBarIconView(slot=mobile icon=null notification=null) during layout: running second layout pass
09-07 03:43:41.566  2182  2468 D EGL_emulation: eglMakeCurrent: 0xda21a360: ver 2 0 (tinfo 0xda20f590)
09-07 03:43:41.566 12778 12811 D EGL_emulation: eglMakeCurrent: 0xda21a240: ver 2 0 (tinfo 0xda20f920)
09-07 03:43:41.577  1823  1823 E Layer   : [Surface(name=AppWindowToken{c74cbfa token=Token{1749e25 ActivityRecord{b63021c u0 ru.iteco.fmhandroid.test/androidx.test.core.app.InstrumentationActivityInvoker$EmptyActivity t683}}})/@0x38aefb2 - animation-leash#0] No local sync point found
09-07 03:43:41.577  1823  1823 E Layer   : [Surface(name=AppWindowToken{459e199 token=Token{b961ae0 ActivityRecord{53be0e3 u0 com.google.android.apps.nexuslauncher/.NexusLauncherActivity t652}}})/@0xafc1306 - animation-leash#0] No local sync point found
09-07 03:43:41.581  2434  2453 W System  : A resource failed to call release. 
09-07 03:43:41.581  2434  2453 W System  : A resource failed to call release. 
09-07 03:43:41.582  2037  5599 D HostConnection: HostConnection::get() New Host Connection established 0xda23f020, tid 5599
09-07 03:43:41.583  2037  5599 D HostConnection: HostComposition ext ANDROID_EMU_CHECKSUM_HELPER_v1 ANDROID_EMU_dma_v1 ANDROID_EMU_direct_mem ANDROID_EMU_vulkan ANDROID_EMU_deferred_vulkan_commands ANDROID_EMU_vulkan_null_optional_strings ANDROID_EMU_vulkan_create_resources_with_requirements ANDROID_EMU_YUV420_888_to_NV21 ANDROID_EMU_YUV_Cache ANDROID_EMU_vulkan_free_memory_sync ANDROID_EMU_vulkan_shader_float16_int8 ANDROID_EMU_vulkan_async_queue_submit ANDROID_EMU_sync_buffer_data GL_OES_vertex_array_object GL_KHR_texture_compression_astc_ldr ANDROID_EMU_host_side_tracing ANDROID_EMU_gles_max_version_2 
09-07 03:43:41.590  2037  5599 W OpenGLRenderer: Failed to choose config with EGL_SWAP_BEHAVIOR_PRESERVED, retrying without...
09-07 03:43:41.591  2182  2468 D EGL_emulation: eglMakeCurrent: 0xda21a360: ver 2 0 (tinfo 0xda20f590)
09-07 03:43:41.596  2037  5599 D eglCodecCommon: setVertexArrayObject: set vao to 0 (0) 0 0
09-07 03:43:41.596  2037  5599 D EGL_emulation: eglCreateContext: 0xba761460: maj 2 min 0 rcv 2
09-07 03:43:41.618  2037  5599 D EGL_emulation: eglMakeCurrent: 0xba761460: ver 2 0 (tinfo 0xba668ca0)
09-07 03:43:41.623  2182  2182 W View    : requestLayout() improperly called by com.android.keyguard.AlphaOptimizedLinearLayout{551c6d8 V.E...... ......ID 7,0-48,61 #7f0a041c app:id/wifi_group} during second layout pass: posting in next frame
09-07 03:43:41.624  2182  2182 W View    : requestLayout() improperly called by StatusBarIconView(slot=mobile icon=null notification=null) during layout: running second layout pass
