09-07 05:25:50.584  1792  2272 E GnssHAL_GnssInterface: gnssSvStatusCb: a: input svInfo.flags is 8
09-07 05:25:50.584  1792  2272 E GnssHAL_GnssInterface: gnssSvStatusCb: b: input svInfo.flags is 8
09-07 05:25:51.583  1792  2272 E GnssHAL_GnssInterface: gnssSvStatusCb: a: input svInfo.flags is 8
09-07 05:25:51.583  1792  2272 E GnssHAL_GnssInterface: gnssSvStatusCb: b: input svInfo.flags is 8
09-07 05:25:52.582  1792  2272 E GnssHAL_GnssInterface: gnssSvStatusCb: a: input svInfo.flags is 8
09-07 05:25:52.582  1792  2272 E GnssHAL_GnssInterface: gnssSvStatusCb: b: input svInfo.flags is 8
09-07 05:25:53.581  1792  2272 E GnssHAL_GnssInterface: gnssSvStatusCb: a: input svInfo.flags is 8
09-07 05:25:53.581  1792  2272 E GnssHAL_GnssInterface: gnssSvStatusCb: b: input svInfo.flags is 8
09-07 05:25:54.174  2845  2901 W takeScreenshot: force redraw failed. Proceeding with screenshot
09-07 05:25:54.174  2845  2901 W takeScreenshot: java.util.concurrent.TimeoutException: Waited 5 seconds (plus 1091900 nanoseconds delay) for androidx.concurrent.futures.ResolvableFuture@7d7d53b[status=PENDING, info=[setFuture=[androidx.test.core.app.ListFuture@7ff458]]]
09-07 05:25:54.174  2845  2901 W takeScreenshot: 	at androidx.concurrent.futures.AbstractResolvableFuture.get(AbstractResolvableFuture.java:456)
09-07 05:25:54.174  2845  2901 W takeScreenshot: 	at androidx.test.core.app.DeviceCapture.takeScreenshotNoSync(DeviceCapture.kt:106)
09-07 05:25:54.174  2845  2901 W takeScreenshot: 	at androidx.test.espresso.base.DefaultFailureHandler.takeScreenshot(DefaultFailureHandler.java:3)
09-07 05:25:54.174  2845  2901 W takeScreenshot: 	at androidx.test.espresso.base.DefaultFailureHandler.handle(DefaultFailureHandler.java:3)
09-07 05:25:54.174  2845  2901 W takeScreenshot: 	at androidx.test.espresso.ViewInteraction.waitForAndHandleInteractionResults(ViewInteraction.java:8)
09-07 05:25:54.174  2845  2901 W takeScreenshot: 	at androidx.test.espresso.ViewInteraction.desugaredPerform(ViewInteraction.java:11)
09-07 05:25:54.174  2845  2901 W takeScreenshot: 	at androidx.test.espresso.ViewInteraction.perform(ViewInteraction.java:8)
09-07 05:25:54.174  2845  2901 W takeScreenshot: 	at ru.iteco.fmhandroid.ui.data.TestUtils.waitView(TestUtils.java:61)
09-07 05:25:54.174  2845  2901 W takeScreenshot: 	at ru.iteco.fmhandroid.ui.steps.AboutPageSteps.getHeaderTermsOfUsePage(AboutPageSteps.java:47)
09-07 05:25:54.174  2845  2901 W takeScreenshot: 	at ru.iteco.fmhandroid.ui.AboutPageTest.shouldOpenTermsOfUseDetailsPage(AboutPageTest.java:83)
09-07 05:25:54.174  2845  2901 W takeScreenshot: 	at java.lang.reflect.Method.invoke(Native Method)
09-07 05:25:54.174  2845  2901 W takeScreenshot: 	at org.junit.runners.model.FrameworkMethod$1.runReflectiveCall(FrameworkMethod.java:59)
09-07 05:25:54.174  2845  2901 W takeScreenshot: 	at org.junit.internal.runners.model.ReflectiveCallable.run(ReflectiveCallable.java:12)
09-07 05:25:54.174  2845  2901 W takeScreenshot: 	at org.junit.runners.model.FrameworkMethod.invokeExplosively(FrameworkMethod.java:56)
09-07 05:25:54.174  2845  2901 W takeScreenshot: 	at org.junit.internal.runners.statements.InvokeMethod.evaluate(InvokeMethod.java:17)
09-07 05:25:54.174  2845  2901 W takeScreenshot: 	at androidx.test.internal.runner.junit4.statement.RunBefores.evaluate(RunBefores.java:80)
09-07 05:25:54.174  2845  2901 W takeScreenshot: 	at io.qameta.allure.android.rules.ScreenshotRule$apply$1.evaluate(ScreenshotRule.kt:22)
09-07 05:25:54.174  2845  2901 W takeScreenshot: 	at org.junit.rules.ExternalResource$1.evaluate(ExternalResource.java:54)
09-07 05:25:54.174  2845  2901 W takeScreenshot: 	at io.qameta.allure.android.rules.LogcatRule$apply$1.evaluate(LogcatRule.kt:23)
09-07 05:25:54.174  2845  2901 W takeScreenshot: 	at org.junit.rules.RunRules.evaluate(RunRules.java:20)
09-07 05:25:54.174  2845  2901 W takeScreenshot: 	at org.junit.runners.ParentRunner$3.evaluate(ParentRunner.java:306)
09-07 05:25:54.174  2845  2901 W takeScreenshot: 	at org.junit.runners.BlockJUnit4ClassRunner$1.evaluate(BlockJUnit4ClassRunner.java:100)
09-07 05:25:54.174  2845  2901 W takeScreenshot: 	at org.junit.runners.ParentRunner.runLeaf(ParentRunner.java:366)
09-07 05:25:54.174  2845  2901 W takeScreenshot: 	at org.junit.runners.BlockJUnit4ClassRunner.runChild(BlockJUnit4ClassRunner.java:103)
09-07 05:25:54.174  2845  2901 W takeScreenshot: 	at org.junit.runners.BlockJUnit4ClassRunner.runChild(BlockJUnit4ClassRunner.java:63)
09-07 05:25:54.174  2845  2901 W takeScreenshot: 	at org.junit.runners.ParentRunner$4.run(ParentRunner.java:331)
09-07 05:25:54.174  2845  2901 W takeScreenshot: 	at org.junit.runners.ParentRunner$1.schedule(ParentRunner.java:79)
09-07 05:25:54.174  2845  2901 W takeScreenshot: 	at org.junit.runners.ParentRunner.runChildren(ParentRunner.java:329)
09-07 05:25:54.174  2845  2901 W takeScreenshot: 	at org.junit.runners.ParentRunner.access$100(ParentRunner.java:66)
09-07 05:25:54.174  2845  2901 W takeScreenshot: 	at org.junit.runners.ParentRunner$2.evaluate(ParentRunner.java:293)
09-07 05:25:54.174  2845  2901 W takeScreenshot: 	at org.junit.runners.ParentRunner$3.evaluate(ParentRunner.java:306)
09-07 05:25:54.174  2845  2901 W takeScreenshot: 	at org.junit.runners.ParentRunner.run(ParentRunner.java:413)
09-07 05:25:54.174  2845  2901 W takeScreenshot: 	at androidx.test.ext.junit.runners.AndroidJUnit4.run(AndroidJUnit4.java:162)
09-07 05:25:54.174  2845  2901 W takeScreenshot: 	at io.qameta.allure.android.runners.AllureAndroidJUnit4.run(AllureAndroidJUnitRunners.kt:29)
09-07 05:25:54.174  2845  2901 W takeScreenshot: 	at org.junit.runners.Suite.runChild(Suite.java:128)
09-07 05:25:54.174  2845  2901 W takeScreenshot: 	at org.junit.runners.Suite.runChild(Suite.java:27)
09-07 05:25:54.174  2845  2901 W takeScreenshot: 	at org.junit.runners.ParentRunner$4.run(ParentRunner.java:331)
09-07 05:25:54.174  2845  2901 W takeScreenshot: 	at org.junit.runners.ParentRunner$1.schedule(ParentRunner.java:79)
09-07 05:25:54.174  2845  2901 W takeScreenshot: 	at org.junit.runners.ParentRunner.runChildren(ParentRunner.java:329)
09-07 05:25:54.174  2845  2901 W takeScreenshot: 	at org.junit.runners.ParentRunner.access$100(ParentRunner.java:66)
09-07 05:25:54.174  2845  2901 W takeScreenshot: 	at org.junit.runners.ParentRunner$2.evaluate(ParentRunner.java:293)
09-07 05:25:54.174  2845  2901 W takeScreenshot: 	at org.junit.runners.ParentRunner$3.evaluate(ParentRunner.java:306)
09-07 05:25:54.174  2845  2901 W takeScreenshot: 	at org.junit.runners.ParentRunner.run(ParentRunner.java:413)
09-07 05:25:54.174  2845  2901 W takeScreenshot: 	at org.junit.runner.JUnitCore.run(JUnitCore.java:137)
09-07 05:25:54.174  2845  2901 W takeScreenshot: 	at org.junit.runner.JUnitCore.run(JUnitCore.java:115)
09-07 05:25:54.174  2845  2901 W takeScreenshot: 	at androidx.test.internal.runner.TestExecutor.execute(TestExecutor.java:67)
09-07 05:25:54.174  2845  2901 W takeScreenshot: 	at androidx.test.internal.runner.TestExecutor.execute(TestExecutor.java:58)
09-07 05:25:54.174  2845  2901 W takeScreenshot: 	at androidx.test.runner.AndroidJUnitRunner.onStart(AndroidJUnitRunner.java:438)
09-07 05:25:54.174  2845  2901 W takeScreenshot: 	at android.app.Instrumentation$InstrumentationThread.run(Instrumentation.java:2189)
09-07 05:25:54.193  1793 14098 D gralloc_ranchu: gralloc_alloc: Creating ashmem region of size 9850880
09-07 05:25:54.482  2845  2901 W DefaultFailureHandler: Failed to take screenshot
09-07 05:25:54.482  2845  2901 W DefaultFailureHandler: java.io.FileNotFoundException: view-op-error-5.png: open failed: EROFS (Read-only file system)
09-07 05:25:54.482  2845  2901 W DefaultFailureHandler: 	at libcore.io.IoBridge.open(IoBridge.java:496)
09-07 05:25:54.482  2845  2901 W DefaultFailureHandler: 	at java.io.FileOutputStream.<init>(FileOutputStream.java:235)
09-07 05:25:54.482  2845  2901 W DefaultFailureHandler: 	at java.io.FileOutputStream.<init>(FileOutputStream.java:125)
09-07 05:25:54.482  2845  2901 W DefaultFailureHandler: 	at androidx.test.platform.io.FileTestStorage.openOutputFile(FileTestStorage.java:60)
09-07 05:25:54.482  2845  2901 W DefaultFailureHandler: 	at androidx.test.core.graphics.BitmapStorage.writeToTestStorage(BitmapStorageExt.kt:49)
09-07 05:25:54.482  2845  2901 W DefaultFailureHandler: 	at androidx.test.espresso.base.DefaultFailureHandler.takeScreenshot(DefaultFailureHandler.java:4)
09-07 05:25:54.482  2845  2901 W DefaultFailureHandler: 	at androidx.test.espresso.base.DefaultFailureHandler.handle(DefaultFailureHandler.java:3)
09-07 05:25:54.482  2845  2901 W DefaultFailureHandler: 	at androidx.test.espresso.ViewInteraction.waitForAndHandleInteractionResults(ViewInteraction.java:8)
09-07 05:25:54.482  2845  2901 W DefaultFailureHandler: 	at androidx.test.espresso.ViewInteraction.desugaredPerform(ViewInteraction.java:11)
09-07 05:25:54.482  2845  2901 W DefaultFailureHandler: 	at androidx.test.espresso.ViewInteraction.perform(ViewInteraction.java:8)
09-07 05:25:54.482  2845  2901 W DefaultFailureHandler: 	at ru.iteco.fmhandroid.ui.data.TestUtils.waitView(TestUtils.java:61)
09-07 05:25:54.482  2845  2901 W DefaultFailureHandler: 	at ru.iteco.fmhandroid.ui.steps.AboutPageSteps.getHeaderTermsOfUsePage(AboutPageSteps.java:47)
09-07 05:25:54.482  2845  2901 W DefaultFailureHandler: 	at ru.iteco.fmhandroid.ui.AboutPageTest.shouldOpenTermsOfUseDetailsPage(AboutPageTest.java:83)
09-07 05:25:54.482  2845  2901 W DefaultFailureHandler: 	at java.lang.reflect.Method.invoke(Native Method)
09-07 05:25:54.482  2845  2901 W DefaultFailureHandler: 	at org.junit.runners.model.FrameworkMethod$1.runReflectiveCall(FrameworkMethod.java:59)
09-07 05:25:54.482  2845  2901 W DefaultFailureHandler: 	at org.junit.internal.runners.model.ReflectiveCallable.run(ReflectiveCallable.java:12)
09-07 05:25:54.482  2845  2901 W DefaultFailureHandler: 	at org.junit.runners.model.FrameworkMethod.invokeExplosively(FrameworkMethod.java:56)
09-07 05:25:54.482  2845  2901 W DefaultFailureHandler: 	at org.junit.internal.runners.statements.InvokeMethod.evaluate(InvokeMethod.java:17)
09-07 05:25:54.482  2845  2901 W DefaultFailureHandler: 	at androidx.test.internal.runner.junit4.statement.RunBefores.evaluate(RunBefores.java:80)
09-07 05:25:54.482  2845  2901 W DefaultFailureHandler: 	at io.qameta.allure.android.rules.ScreenshotRule$apply$1.evaluate(ScreenshotRule.kt:22)
09-07 05:25:54.482  2845  2901 W DefaultFailureHandler: 	at org.junit.rules.ExternalResource$1.evaluate(ExternalResource.java:54)
09-07 05:25:54.482  2845  2901 W DefaultFailureHandler: 	at io.qameta.allure.android.rules.LogcatRule$apply$1.evaluate(LogcatRule.kt:23)
09-07 05:25:54.482  2845  2901 W DefaultFailureHandler: 	at org.junit.rules.RunRules.evaluate(RunRules.java:20)
09-07 05:25:54.482  2845  2901 W DefaultFailureHandler: 	at org.junit.runners.ParentRunner$3.evaluate(ParentRunner.java:306)
09-07 05:25:54.482  2845  2901 W DefaultFailureHandler: 	at org.junit.runners.BlockJUnit4ClassRunner$1.evaluate(BlockJUnit4ClassRunner.java:100)
09-07 05:25:54.482  2845  2901 W DefaultFailureHandler: 	at org.junit.runners.ParentRunner.runLeaf(ParentRunner.java:366)
09-07 05:25:54.482  2845  2901 W DefaultFailureHandler: 	at org.junit.runners.BlockJUnit4ClassRunner.runChild(BlockJUnit4ClassRunner.java:103)
09-07 05:25:54.482  2845  2901 W DefaultFailureHandler: 	at org.junit.runners.BlockJUnit4ClassRunner.runChild(BlockJUnit4ClassRunner.java:63)
09-07 05:25:54.482  2845  2901 W DefaultFailureHandler: 	at org.junit.runners.ParentRunner$4.run(ParentRunner.java:331)
09-07 05:25:54.482  2845  2901 W DefaultFailureHandler: 	at org.junit.runners.ParentRunner$1.schedule(ParentRunner.java:79)
09-07 05:25:54.482  2845  2901 W DefaultFailureHandler: 	at org.junit.runners.ParentRunner.runChildren(ParentRunner.java:329)
09-07 05:25:54.482  2845  2901 W DefaultFailureHandler: 	at org.junit.runners.ParentRunner.access$100(ParentRunner.java:66)
09-07 05:25:54.482  2845  2901 W DefaultFailureHandler: 	at org.junit.runners.ParentRunner$2.evaluate(ParentRunner.java:293)
09-07 05:25:54.482  2845  2901 W DefaultFailureHandler: 	at org.junit.runners.ParentRunner$3.evaluate(ParentRunner.java:306)
09-07 05:25:54.482  2845  2901 W DefaultFailureHandler: 	at org.junit.runners.ParentRunner.run(ParentRunner.java:413)
09-07 05:25:54.482  2845  2901 W DefaultFailureHandler: 	at androidx.test.ext.junit.runners.AndroidJUnit4.run(AndroidJUnit4.java:162)
09-07 05:25:54.482  2845  2901 W DefaultFailureHandler: 	at io.qameta.allure.android.runners.AllureAndroidJUnit4.run(AllureAndroidJUnitRunners.kt:29)
09-07 05:25:54.482  2845  2901 W DefaultFailureHandler: 	at org.junit.runners.Suite.runChild(Suite.java:128)
09-07 05:25:54.482  2845  2901 W DefaultFailureHandler: 	at org.junit.runners.Suite.runChild(Suite.java:27)
09-07 05:25:54.482  2845  2901 W DefaultFailureHandler: 	at org.junit.runners.ParentRunner$4.run(ParentRunner.java:331)
09-07 05:25:54.482  2845  2901 W DefaultFailureHandler: 	at org.junit.runners.ParentRunner$1.schedule(ParentRunner.java:79)
09-07 05:25:54.482  2845  2901 W DefaultFailureHandler: 	at org.junit.runners.ParentRunner.runChildren(ParentRunner.java:329)
09-07 05:25:54.482  2845  2901 W DefaultFailureHandler: 	at org.junit.runners.ParentRunner.access$100(ParentRunner.java:66)
09-07 05:25:54.482  2845  2901 W DefaultFailureHandler: 	at org.junit.runners.ParentRunner$2.evaluate(ParentRunner.java:293)
09-07 05:25:54.482  2845  2901 W DefaultFailureHandler: 	at org.junit.runners.ParentRunner$3.evaluate(ParentRunner.java:306)
09-07 05:25:54.482  2845  2901 W DefaultFailureHandler: 	at org.junit.runners.ParentRunner.run(ParentRunner.java:413)
09-07 05:25:54.482  2845  2901 W DefaultFailureHandler: 	at org.junit.runner.JUnitCore.run(JUnitCore.java:137)
09-07 05:25:54.482  2845  2901 W DefaultFailureHandler: 	at org.junit.runner.JUnitCore.run(JUnitCore.java:115)
09-07 05:25:54.482  2845  2901 W DefaultFailureHandler: 	at androidx.test.internal.runner.TestExecutor.execute(TestExecutor.java:67)
09-07 05:25:54.482  2845  2901 W DefaultFailureHandler: 	at androidx.test.internal.runner.TestExecutor.execute(TestExecutor.java:58)
09-07 05:25:54.482  2845  2901 W DefaultFailureHandler: 	at androidx.test.runner.AndroidJUnitRunner.onStart(AndroidJUnitRunner.java:438)
09-07 05:25:54.482  2845  2901 W DefaultFailureHandler: 	at android.app.Instrumentation$InstrumentationThread.run(Instrumentation.java:2189)
09-07 05:25:54.482  2845  2901 W DefaultFailureHandler: Caused by: android.system.ErrnoException: open failed: EROFS (Read-only file system)
09-07 05:25:54.482  2845  2901 W DefaultFailureHandler: 	at libcore.io.Linux.open(Native Method)
09-07 05:25:54.482  2845  2901 W DefaultFailureHandler: 	at libcore.io.ForwardingOs.open(ForwardingOs.java:167)
09-07 05:25:54.482  2845  2901 W DefaultFailureHandler: 	at libcore.io.BlockGuardOs.open(BlockGuardOs.java:252)
09-07 05:25:54.482  2845  2901 W DefaultFailureHandler: 	at libcore.io.ForwardingOs.open(ForwardingOs.java:167)
09-07 05:25:54.482  2845  2901 W DefaultFailureHandler: 	at android.app.ActivityThread$AndroidOs.open(ActivityThread.java:7255)
09-07 05:25:54.482  2845  2901 W DefaultFailureHandler: 	at libcore.io.IoBridge.open(IoBridge.java:482)
09-07 05:25:54.482  2845  2901 W DefaultFailureHandler: 	... 51 more
09-07 05:25:54.491  1793 14098 D gralloc_ranchu: gralloc_alloc: Creating ashmem region of size 9850880
09-07 05:25:54.581  1792  2272 E GnssHAL_GnssInterface: gnssSvStatusCb: a: input svInfo.flags is 8
09-07 05:25:54.581  1792  2272 E GnssHAL_GnssInterface: gnssSvStatusCb: b: input svInfo.flags is 8
09-07 05:25:54.605  2037  6424 I ActivityTaskManager: START u0 {act=android.intent.action.MAIN cat=[android.intent.category.LAUNCHER] flg=0x10000000 cmp=ru.iteco.fmhandroid.test/androidx.test.core.app.InstrumentationActivityInvoker$EmptyActivity} from uid 10136
09-07 05:25:54.611  2037  2146 D ConnectivityService: releasing NetworkRequest [ TRACK_DEFAULT id=171, [ Capabilities: INTERNET&NOT_RESTRICTED&TRUSTED Uid: 10113] ] (release request)
09-07 05:25:54.614  2037  6424 W InputReader: Device has associated, but no associated display id.
09-07 05:25:54.614  2037  6424 I chatty  : uid=1000(system) Binder:2037_1B identical 38 lines
09-07 05:25:54.614  2037  6424 W InputReader: Device has associated, but no associated display id.
09-07 05:25:54.615  2921  2921 W ActivityThread: handleWindowVisibility: no activity for token android.os.BinderProxy@393675
09-07 05:25:54.616  2037  6424 W InputReader: Device has associated, but no associated display id.
09-07 05:25:54.649  2037  4291 I ActivityTaskManager: START u0 {act=android.intent.action.MAIN cat=[android.intent.category.LAUNCHER] flg=0x10000000 cmp=ru.iteco.fmhandroid.test/androidx.test.core.app.InstrumentationActivityInvoker$EmptyActivity} from uid 10136
09-07 05:25:54.616  2037  6424 I chatty  : uid=1000(system) Binder:2037_1B identical 8 lines
09-07 05:25:54.616  2037  6424 W InputReader: Device has associated, but no associated display id.
09-07 05:25:54.660  2845  2845 D LifecycleMonitor: Lifecycle status change: ru.iteco.fmhandroid.ui.AppActivity@fd194f8 in: DESTROYED
09-07 05:25:54.660  2845  2845 V ActivityScenario: Update currentActivityStage to DESTROYED, currentActivity=null
09-07 05:25:54.660  1793 14098 D gralloc_ranchu: gralloc_alloc: Creating ashmem region of size 9850880
09-07 05:25:54.665  1793 14098 I chatty  : uid=1000(system) HwBinder:1793_3 identical 1 line
09-07 05:25:54.670  1793 14098 D gralloc_ranchu: gralloc_alloc: Creating ashmem region of size 9850880
09-07 05:25:54.673  2921  2954 D EGL_emulation: eglMakeCurrent: 0xe2256960: ver 2 0 (tinfo 0xed4894a0)
09-07 05:25:54.696  2037  6424 W InputReader: Device has associated, but no associated display id.
09-07 05:25:54.705  2037  6424 I chatty  : uid=1000(system) Binder:2037_1B identical 48 lines
09-07 05:25:54.705  2037  6424 W InputReader: Device has associated, but no associated display id.
09-07 05:25:54.711  2921  2921 W ActivityThread: handleWindowVisibility: no activity for token android.os.BinderProxy@6a3b5dc
09-07 05:25:54.769  1793 14098 D gralloc_ranchu: gralloc_alloc: Creating ashmem region of size 9850880
