--------- beginning of main
09-07 04:48:14.296  1792  2272 E GnssHAL_GnssInterface: gnssSvStatusCb: a: input svInfo.flags is 8
09-07 04:48:14.297  1792  2272 E GnssHAL_GnssInterface: gnssSvStatusCb: b: input svInfo.flags is 8
09-07 04:48:15.297  1792  2272 E GnssHAL_GnssInterface: gnssSvStatusCb: a: input svInfo.flags is 8
09-07 04:48:15.297  1792  2272 E GnssHAL_GnssInterface: gnssSvStatusCb: b: input svInfo.flags is 8
09-07 04:48:16.095 29126 29691 I okhttp.OkHttpClient: <-- HTTP FAILED: java.net.SocketTimeoutException: timeout
09-07 04:48:16.097 29126 29126 W System.err: ru.iteco.fmhandroid.exceptions.ServerException
09-07 04:48:16.097 29126 29126 W System.err: 	at ru.iteco.fmhandroid.utils.Utils.makeRequest(Utils.kt:119)
09-07 04:48:16.098 29126 29126 W System.err: 	at ru.iteco.fmhandroid.utils.Utils$makeRequest$1.invokeSuspend(Unknown Source:15)
09-07 04:48:16.098 29126 29126 W System.err: 	at kotlin.coroutines.jvm.internal.BaseContinuationImpl.resumeWith(ContinuationImpl.kt:33)
09-07 04:48:16.098 29126 29126 W System.err: 	at kotlinx.coroutines.DispatchedTask.run(DispatchedTask.kt:104)
09-07 04:48:16.098 29126 29126 W System.err: 	at android.os.Handler.handleCallback(Handler.java:883)
09-07 04:48:16.098 29126 29126 W System.err: 	at android.os.Handler.dispatchMessage(Handler.java:100)
09-07 04:48:16.099 29126 29126 W System.err: 	at androidx.test.espresso.base.Interrogator.loopAndInterrogate(Interrogator.java:14)
09-07 04:48:16.099 29126 29126 W System.err: 	at androidx.test.espresso.base.UiControllerImpl.loopUntil(UiControllerImpl.java:8)
09-07 04:48:16.099 29126 29126 W System.err: 	at androidx.test.espresso.base.UiControllerImpl.loopUntil(UiControllerImpl.java:1)
09-07 04:48:16.099 29126 29126 W System.err: 	at androidx.test.espresso.base.UiControllerImpl.loopMainThreadForAtLeast(UiControllerImpl.java:7)
09-07 04:48:16.099 29126 29126 W System.err: 	at androidx.test.espresso.base.RootViewPicker.waitForAtLeastOneActivityToBeResumed(RootViewPicker.java:18)
09-07 04:48:16.100 29126 29126 W System.err: 	at androidx.test.espresso.base.RootViewPicker.get(RootViewPicker.java:3)
09-07 04:48:16.100 29126 29126 W System.err: 	at androidx.test.espresso.ViewInteractionModule.provideRootView(ViewInteractionModule.java:1)
09-07 04:48:16.100 29126 29126 W System.err: 	at androidx.test.espresso.ViewInteractionModule_ProvideRootViewFactory.provideRootView(ViewInteractionModule_ProvideRootViewFactory.java:1)
09-07 04:48:16.101 29126 29126 W System.err: 	at androidx.test.espresso.ViewInteractionModule_ProvideRootViewFactory.get(ViewInteractionModule_ProvideRootViewFactory.java:1)
09-07 04:48:16.101 29126 29126 W System.err: 	at androidx.test.espresso.ViewInteractionModule_ProvideRootViewFactory.get(ViewInteractionModule_ProvideRootViewFactory.java:2)
09-07 04:48:16.101 29126 29126 W System.err: 	at androidx.test.espresso.base.ViewFinderImpl.getView(ViewFinderImpl.java:4)
09-07 04:48:16.101 29126 29126 W System.err: 	at androidx.test.espresso.ViewInteraction.doPerform(ViewInteraction.java:4)
09-07 04:48:16.101 29126 29126 W System.err: 	at androidx.test.espresso.ViewInteraction.-$$Nest$mdoPerform(Unknown Source:0)
09-07 04:48:16.101 29126 29126 W System.err: 	at androidx.test.espresso.ViewInteraction$1.call(ViewInteraction.java:7)
09-07 04:48:16.101 29126 29126 W System.err: 	at androidx.test.espresso.ViewInteraction$1.call(ViewInteraction.java:1)
09-07 04:48:16.101 29126 29126 W System.err: 	at java.util.concurrent.FutureTask.run(FutureTask.java:266)
09-07 04:48:16.101 29126 29126 W System.err: 	at android.os.Handler.handleCallback(Handler.java:883)
09-07 04:48:16.101 29126 29126 W System.err: 	at android.os.Handler.dispatchMessage(Handler.java:100)
09-07 04:48:16.101 29126 29126 W System.err: 	at android.os.Looper.loop(Looper.java:214)
09-07 04:48:16.105 29126 29126 W System.err: 	at android.app.ActivityThread.main(ActivityThread.java:7356)
09-07 04:48:16.106 29126 29126 W System.err: 	at java.lang.reflect.Method.invoke(Native Method)
09-07 04:48:16.106 29126 29126 W System.err: 	at com.android.internal.os.RuntimeInit$MethodAndArgsCaller.run(RuntimeInit.java:492)
09-07 04:48:16.106 29126 29126 W System.err: 	at com.android.internal.os.ZygoteInit.main(ZygoteInit.java:930)
09-07 04:48:16.146  1793  2554 D gralloc_ranchu: gralloc_alloc: Creating ashmem region of size 438272
09-07 04:48:16.154  1793  2554 I chatty  : uid=1000(system) HwBinder:1793_2 identical 1 line
09-07 04:48:16.156  1793  2554 D gralloc_ranchu: gralloc_alloc: Creating ashmem region of size 438272
09-07 04:48:16.163 29126 29219 D EGL_emulation: eglMakeCurrent: 0xe2258280: ver 2 0 (tinfo 0xe233aed0)
09-07 04:48:16.297  1792  2272 E GnssHAL_GnssInterface: gnssSvStatusCb: a: input svInfo.flags is 8
09-07 04:48:16.297  1792  2272 E GnssHAL_GnssInterface: gnssSvStatusCb: b: input svInfo.flags is 8
09-07 04:48:16.343 29126 29126 D takeScreenshot: Found 2 global views to redraw
09-07 04:48:16.356 29126 29219 D EGL_emulation: eglMakeCurrent: 0xe2258280: ver 2 0 (tinfo 0xe233aed0)
09-07 04:48:16.376 29126 29219 D EGL_emulation: eglMakeCurrent: 0xe2258280: ver 2 0 (tinfo 0xe233aed0)
09-07 04:48:16.397  1793  2554 D gralloc_ranchu: gralloc_alloc: Creating ashmem region of size 9850880
09-07 04:48:16.431 29126 29168 W DefaultFailureHandler: Failed to take screenshot
09-07 04:48:16.431 29126 29168 W DefaultFailureHandler: java.io.FileNotFoundException: view-op-error-4.png: open failed: EROFS (Read-only file system)
09-07 04:48:16.431 29126 29168 W DefaultFailureHandler: 	at libcore.io.IoBridge.open(IoBridge.java:496)
09-07 04:48:16.431 29126 29168 W DefaultFailureHandler: 	at java.io.FileOutputStream.<init>(FileOutputStream.java:235)
09-07 04:48:16.431 29126 29168 W DefaultFailureHandler: 	at java.io.FileOutputStream.<init>(FileOutputStream.java:125)
09-07 04:48:16.431 29126 29168 W DefaultFailureHandler: 	at androidx.test.platform.io.FileTestStorage.openOutputFile(FileTestStorage.java:60)
09-07 04:48:16.431 29126 29168 W DefaultFailureHandler: 	at androidx.test.core.graphics.BitmapStorage.writeToTestStorage(BitmapStorageExt.kt:49)
09-07 04:48:16.431 29126 29168 W DefaultFailureHandler: 	at androidx.test.espresso.base.DefaultFailureHandler.takeScreenshot(DefaultFailureHandler.java:4)
09-07 04:48:16.431 29126 29168 W DefaultFailureHandler: 	at androidx.test.espresso.base.DefaultFailureHandler.handle(DefaultFailureHandler.java:3)
09-07 04:48:16.431 29126 29168 W DefaultFailureHandler: 	at androidx.test.espresso.ViewInteraction.waitForAndHandleInteractionResults(ViewInteraction.java:8)
09-07 04:48:16.431 29126 29168 W DefaultFailureHandler: 	at androidx.test.espresso.ViewInteraction.desugaredPerform(ViewInteraction.java:11)
09-07 04:48:16.431 29126 29168 W DefaultFailureHandler: 	at androidx.test.espresso.ViewInteraction.perform(ViewInteraction.java:8)
09-07 04:48:16.431 29126 29168 W DefaultFailureHandler: 	at ru.iteco.fmhandroid.ui.data.TestUtils.waitView(TestUtils.java:61)
09-07 04:48:16.431 29126 29168 W DefaultFailureHandler: 	at ru.iteco.fmhandroid.ui.steps.MainPageSteps.isMainPage(MainPageSteps.java:50)
09-07 04:48:16.431 29126 29168 W DefaultFailureHandler: 	at ru.iteco.fmhandroid.ui.AuthPageTest.shouldLogInWithValidData(AuthPageTest.java:60)
09-07 04:48:16.431 29126 29168 W DefaultFailureHandler: 	at java.lang.reflect.Method.invoke(Native Method)
09-07 04:48:16.431 29126 29168 W DefaultFailureHandler: 	at org.junit.runners.model.FrameworkMethod$1.runReflectiveCall(FrameworkMethod.java:59)
09-07 04:48:16.431 29126 29168 W DefaultFailureHandler: 	at org.junit.internal.runners.model.ReflectiveCallable.run(ReflectiveCallable.java:12)
09-07 04:48:16.431 29126 29168 W DefaultFailureHandler: 	at org.junit.runners.model.FrameworkMethod.invokeExplosively(FrameworkMethod.java:56)
09-07 04:48:16.431 29126 29168 W DefaultFailureHandler: 	at org.junit.internal.runners.statements.InvokeMethod.evaluate(InvokeMethod.java:17)
09-07 04:48:16.431 29126 29168 W DefaultFailureHandler: 	at androidx.test.internal.runner.junit4.statement.RunBefores.evaluate(RunBefores.java:80)
09-07 04:48:16.431 29126 29168 W DefaultFailureHandler: 	at io.qameta.allure.android.rules.ScreenshotRule$apply$1.evaluate(ScreenshotRule.kt:22)
09-07 04:48:16.431 29126 29168 W DefaultFailureHandler: 	at org.junit.rules.ExternalResource$1.evaluate(ExternalResource.java:54)
09-07 04:48:16.431 29126 29168 W DefaultFailureHandler: 	at io.qameta.allure.android.rules.LogcatRule$apply$1.evaluate(LogcatRule.kt:23)
09-07 04:48:16.431 29126 29168 W DefaultFailureHandler: 	at org.junit.rules.RunRules.evaluate(RunRules.java:20)
09-07 04:48:16.431 29126 29168 W DefaultFailureHandler: 	at org.junit.runners.ParentRunner$3.evaluate(ParentRunner.java:306)
09-07 04:48:16.431 29126 29168 W DefaultFailureHandler: 	at org.junit.runners.BlockJUnit4ClassRunner$1.evaluate(BlockJUnit4ClassRunner.java:100)
09-07 04:48:16.431 29126 29168 W DefaultFailureHandler: 	at org.junit.runners.ParentRunner.runLeaf(ParentRunner.java:366)
09-07 04:48:16.431 29126 29168 W DefaultFailureHandler: 	at org.junit.runners.BlockJUnit4ClassRunner.runChild(BlockJUnit4ClassRunner.java:103)
09-07 04:48:16.431 29126 29168 W DefaultFailureHandler: 	at org.junit.runners.BlockJUnit4ClassRunner.runChild(BlockJUnit4ClassRunner.java:63)
09-07 04:48:16.431 29126 29168 W DefaultFailureHandler: 	at org.junit.runners.ParentRunner$4.run(ParentRunner.java:331)
09-07 04:48:16.431 29126 29168 W DefaultFailureHandler: 	at org.junit.runners.ParentRunner$1.schedule(ParentRunner.java:79)
09-07 04:48:16.431 29126 29168 W DefaultFailureHandler: 	at org.junit.runners.ParentRunner.runChildren(ParentRunner.java:329)
09-07 04:48:16.431 29126 29168 W DefaultFailureHandler: 	at org.junit.runners.ParentRunner.access$100(ParentRunner.java:66)
09-07 04:48:16.431 29126 29168 W DefaultFailureHandler: 	at org.junit.runners.ParentRunner$2.evaluate(ParentRunner.java:293)
09-07 04:48:16.431 29126 29168 W DefaultFailureHandler: 	at org.junit.runners.ParentRunner$3.evaluate(ParentRunner.java:306)
09-07 04:48:16.431 29126 29168 W DefaultFailureHandler: 	at org.junit.runners.ParentRunner.run(ParentRunner.java:413)
09-07 04:48:16.431 29126 29168 W DefaultFailureHandler: 	at androidx.test.ext.junit.runners.AndroidJUnit4.run(AndroidJUnit4.java:162)
09-07 04:48:16.431 29126 29168 W DefaultFailureHandler: 	at io.qameta.allure.android.runners.AllureAndroidJUnit4.run(AllureAndroidJUnitRunners.kt:29)
09-07 04:48:16.431 29126 29168 W DefaultFailureHandler: 	at org.junit.runners.Suite.runChild(Suite.java:128)
09-07 04:48:16.431 29126 29168 W DefaultFailureHandler: 	at org.junit.runners.Suite.runChild(Suite.java:27)
09-07 04:48:16.431 29126 29168 W DefaultFailureHandler: 	at org.junit.runners.ParentRunner$4.run(ParentRunner.java:331)
09-07 04:48:16.431 29126 29168 W DefaultFailureHandler: 	at org.junit.runners.ParentRunner$1.schedule(ParentRunner.java:79)
09-07 04:48:16.431 29126 29168 W DefaultFailureHandler: 	at org.junit.runners.ParentRunner.runChildren(ParentRunner.java:329)
09-07 04:48:16.431 29126 29168 W DefaultFailureHandler: 	at org.junit.runners.ParentRunner.access$100(ParentRunner.java:66)
09-07 04:48:16.431 29126 29168 W DefaultFailureHandler: 	at org.junit.runners.ParentRunner$2.evaluate(ParentRunner.java:293)
09-07 04:48:16.431 29126 29168 W DefaultFailureHandler: 	at org.junit.runners.ParentRunner$3.evaluate(ParentRunner.java:306)
09-07 04:48:16.431 29126 29168 W DefaultFailureHandler: 	at org.junit.runners.ParentRunner.run(ParentRunner.java:413)
09-07 04:48:16.431 29126 29168 W DefaultFailureHandler: 	at org.junit.runner.JUnitCore.run(JUnitCore.java:137)
09-07 04:48:16.431 29126 29168 W DefaultFailureHandler: 	at org.junit.runner.JUnitCore.run(JUnitCore.java:115)
09-07 04:48:16.431 29126 29168 W DefaultFailureHandler: 	at androidx.test.internal.runner.TestExecutor.execute(TestExecutor.java:67)
09-07 04:48:16.431 29126 29168 W DefaultFailureHandler: 	at androidx.test.internal.runner.TestExecutor.execute(TestExecutor.java:58)
09-07 04:48:16.431 29126 29168 W DefaultFailureHandler: 	at androidx.test.runner.AndroidJUnitRunner.onStart(AndroidJUnitRunner.java:438)
09-07 04:48:16.431 29126 29168 W DefaultFailureHandler: 	at android.app.Instrumentation$InstrumentationThread.run(Instrumentation.java:2189)
09-07 04:48:16.431 29126 29168 W DefaultFailureHandler: Caused by: android.system.ErrnoException: open failed: EROFS (Read-only file system)
09-07 04:48:16.431 29126 29168 W DefaultFailureHandler: 	at libcore.io.Linux.open(Native Method)
09-07 04:48:16.431 29126 29168 W DefaultFailureHandler: 	at libcore.io.ForwardingOs.open(ForwardingOs.java:167)
09-07 04:48:16.431 29126 29168 W DefaultFailureHandler: 	at libcore.io.BlockGuardOs.open(BlockGuardOs.java:252)
09-07 04:48:16.431 29126 29168 W DefaultFailureHandler: 	at libcore.io.ForwardingOs.open(ForwardingOs.java:167)
09-07 04:48:16.431 29126 29168 W DefaultFailureHandler: 	at android.app.ActivityThread$AndroidOs.open(ActivityThread.java:7255)
09-07 04:48:16.431 29126 29168 W DefaultFailureHandler: 	at libcore.io.IoBridge.open(IoBridge.java:482)
09-07 04:48:16.431 29126 29168 W DefaultFailureHandler: 	... 51 more
09-07 04:48:16.435  1793  2554 D gralloc_ranchu: gralloc_alloc: Creating ashmem region of size 9850880
--------- beginning of system
09-07 04:48:16.695  2037  6130 I ActivityTaskManager: START u0 {act=android.intent.action.MAIN cat=[android.intent.category.LAUNCHER] flg=0x10000000 cmp=ru.iteco.fmhandroid.test/androidx.test.core.app.InstrumentationActivityInvoker$EmptyActivity} from uid 10136
09-07 04:48:16.700 29126 29126 D LifecycleMonitor: Lifecycle status change: ru.iteco.fmhandroid.ui.AppActivity@f91e0f8 in: PAUSED
09-07 04:48:16.700 29126 29126 V ActivityScenario: Update currentActivityStage to PAUSED, currentActivity=ru.iteco.fmhandroid.ui.AppActivity@f91e0f8
09-07 04:48:16.701  2037  4391 W InputReader: Device has associated, but no associated display id.
09-07 04:48:16.707  2037  4391 I chatty  : uid=1000(system) Binder:2037_13 identical 48 lines
09-07 04:48:16.707  2037  4391 W InputReader: Device has associated, but no associated display id.
09-07 04:48:16.709 29182 29182 W ActivityThread: handleWindowVisibility: no activity for token android.os.BinderProxy@f88b11d
09-07 04:48:16.710 29126 29636 V FA      : Recording user engagement, ms: 14238
09-07 04:48:16.735 29126 29219 D EGL_emulation: eglMakeCurrent: 0xe2258280: ver 2 0 (tinfo 0xe233aed0)
09-07 04:48:16.770  1793  2554 D gralloc_ranchu: gralloc_alloc: Creating ashmem region of size 9850880
09-07 04:48:16.771  2037  4391 I ActivityTaskManager: START u0 {act=android.intent.action.MAIN cat=[android.intent.category.LAUNCHER] flg=0x10000000 cmp=ru.iteco.fmhandroid.test/androidx.test.core.app.InstrumentationActivityInvoker$EmptyActivity} from uid 10136
09-07 04:48:16.777  1793  2554 D gralloc_ranchu: gralloc_alloc: Creating ashmem region of size 9850880
09-07 04:48:16.782 29182 29216 D EGL_emulation: eglMakeCurrent: 0xda21a3c0: ver 2 0 (tinfo 0xda20f660)
09-07 04:48:16.784  1793 14098 D gralloc_ranchu: gralloc_alloc: Creating ashmem region of size 9850880
09-07 04:48:16.809 29126 29636 V FA      : Connecting to remote service
09-07 04:48:16.822  2037  4391 W InputReader: Device has associated, but no associated display id.
09-07 04:48:16.825  2037  4391 I chatty  : uid=1000(system) Binder:2037_13 identical 48 lines
09-07 04:48:16.825  2037  4391 W InputReader: Device has associated, but no associated display id.
09-07 04:48:16.828  7867  7867 D BoundBrokerSvc: onBind: Intent { act=com.google.android.gms.measurement.START pkg=com.google.android.gms }
09-07 04:48:16.828  7867  7867 D BoundBrokerSvc: Loading bound service for intent: Intent { act=com.google.android.gms.measurement.START pkg=com.google.android.gms }
09-07 04:48:16.850 29182 29182 W ActivityThread: handleWindowVisibility: no activity for token android.os.BinderProxy@ee2f424
09-07 04:48:16.855 29126 29636 V FA      : Connection attempt already in progress
09-07 04:48:16.855 29126 29636 V FA      : Activity paused, time: 5020601
09-07 04:48:16.863 29126 29636 D FA      : Connected to remote service
09-07 04:48:16.864 29126 29636 V FA      : Processing queued up service tasks: 2
09-07 04:48:16.865  2037  4391 W ActivityTaskManager: Duplicate finish request for ActivityRecord{d2f7bf7 u0 ru.iteco.fmhandroid/.ui.AppActivity t822 f}
09-07 04:48:16.875  2037  4391 W InputReader: Device has associated, but no associated display id.
09-07 04:48:16.876  2037  4391 I chatty  : uid=1000(system) Binder:2037_13 identical 8 lines
09-07 04:48:16.876  2037  4391 W InputReader: Device has associated, but no associated display id.
09-07 04:48:16.883  7867 29640 V FA-SVC  : Logging event: origin=auto,name=user_engagement(_e),params=Bundle[{ga_event_origin(_o)=auto, engagement_time_msec(_et)=14238, ga_screen_class(_sc)=AppActivity, ga_screen_id(_si)=-4651013091003756145}]
09-07 04:48:16.897  1793 14098 D gralloc_ranchu: gralloc_alloc: Creating ashmem region of size 9850880
09-07 04:48:16.901  1793 14098 D gralloc_ranchu: gralloc_alloc: Creating ashmem region of size 9850880
09-07 04:48:16.902  1793  2554 D gralloc_ranchu: gralloc_alloc: Creating ashmem region of size 9850880
09-07 04:48:16.906 29182 29216 D EGL_emulation: eglMakeCurrent: 0xda21a3c0: ver 2 0 (tinfo 0xda20f660)
09-07 04:48:16.912  7867 29640 V FA-SVC  : Upload scheduled in approximately ms: 2342387
09-07 04:48:16.912  7867 29640 V FA-SVC  : Unscheduling upload
09-07 04:48:16.923  8425  8425 D BoundBrokerSvc: onBind: Intent { act=com.google.android.gms.presencemanager.service.START dat=chimera-action: cmp=com.google.android.gms/.chimera.PersistentApiService }
09-07 04:48:16.923  8425  8425 D BoundBrokerSvc: Loading bound service for intent: Intent { act=com.google.android.gms.presencemanager.service.START dat=chimera-action: cmp=com.google.android.gms/.chimera.PersistentApiService }
09-07 04:48:16.928  8425  8425 D BoundBrokerSvc: onBind: Intent { act=com.google.android.gms.presencemanager.service.INTERNAL_IDENTITY dat=chimera-action: cmp=com.google.android.gms/.chimera.PersistentApiService }
09-07 04:48:16.928  8425  8425 D BoundBrokerSvc: Loading bound service for intent: Intent { act=com.google.android.gms.presencemanager.service.INTERNAL_IDENTITY dat=chimera-action: cmp=com.google.android.gms/.chimera.PersistentApiService }
09-07 04:48:16.930  7867 29640 V FA-SVC  : Scheduling upload, millis: 2342387
09-07 04:48:16.934  7867 29640 V FA-SVC  : Background event processing time, ms: 51
09-07 04:48:16.948  2037  4391 W InputReader: Device has associated, but no associated display id.
09-07 04:48:16.951  2037  4391 I chatty  : uid=1000(system) Binder:2037_13 identical 28 lines
09-07 04:48:16.951  2037  4391 W InputReader: Device has associated, but no associated display id.
09-07 04:48:16.959  1823  1823 W SurfaceFlinger: couldn't log to binary event log: overflow.
09-07 04:48:16.970  2037  2310 D ConnectivityService: requestNetwork for uid/pid:10113/29289 NetworkRequest [ TRACK_DEFAULT id=125, [ Capabilities: INTERNET&NOT_RESTRICTED&TRUSTED Uid: 10113] ]
09-07 04:48:16.971  2037  2143 D WifiNetworkFactory: got request NetworkRequest [ TRACK_DEFAULT id=125, [ Capabilities: INTERNET&NOT_RESTRICTED&TRUSTED Uid: 10113] ] with score 60 and serial -1
09-07 04:48:16.971  2037  2143 D UntrustedWifiNetworkFactory: got request NetworkRequest [ TRACK_DEFAULT id=125, [ Capabilities: INTERNET&NOT_RESTRICTED&TRUSTED Uid: 10113] ] with score 60 and serial -1
09-07 04:48:16.972  2279  2279 D PhoneSwitcherNetworkRequstListener: got request NetworkRequest [ TRACK_DEFAULT id=125, [ Capabilities: INTERNET&NOT_RESTRICTED&TRUSTED Uid: 10113] ] with score 60 and serial -1
09-07 04:48:16.988  1793 14098 D gralloc_ranchu: gralloc_alloc: Creating ashmem region of size 9850880
09-07 04:48:16.993  1793 14098 I chatty  : uid=1000(system) HwBinder:1793_3 identical 1 line
09-07 04:48:16.994  1793 14098 D gralloc_ranchu: gralloc_alloc: Creating ashmem region of size 9850880
09-07 04:48:16.994 29289 29310 D EGL_emulation: eglMakeCurrent: 0xda21a1e0: ver 2 0 (tinfo 0xda20f710)
09-07 04:48:17.022  2037  2061 W InputReader: Device has associated, but no associated display id.
09-07 04:48:17.022  2037  2061 I chatty  : uid=1000(system) android.anim identical 18 lines
09-07 04:48:17.022  2037  2061 W InputReader: Device has associated, but no associated display id.
09-07 04:48:17.024  1793 14098 D gralloc_ranchu: gralloc_alloc: Creating ashmem region of size 6307840
09-07 04:48:17.036 29182 29216 D EGL_emulation: eglMakeCurrent: 0xda21a3c0: ver 2 0 (tinfo 0xda20f660)
09-07 04:48:17.075 29126 29219 D EGL_emulation: eglMakeCurrent: 0xe2258280: ver 2 0 (tinfo 0xe233aed0)
09-07 04:48:17.106  2182  2468 D EGL_emulation: eglMakeCurrent: 0xda21a360: ver 2 0 (tinfo 0xda20f590)
09-07 04:48:17.109  2182  2182 W View    : requestLayout() improperly called by com.android.keyguard.AlphaOptimizedLinearLayout{551c6d8 V.E...... ......ID 7,0-48,61 #7f0a041c app:id/wifi_group} during second layout pass: posting in next frame
09-07 04:48:17.112 29126 29126 D LifecycleMonitor: Lifecycle status change: ru.iteco.fmhandroid.ui.AppActivity@f91e0f8 in: STOPPED
09-07 04:48:17.113 29126 29126 V ActivityScenario: Update currentActivityStage to STOPPED, currentActivity=ru.iteco.fmhandroid.ui.AppActivity@f91e0f8
09-07 04:48:17.123 29126 29126 D LifecycleMonitor: Lifecycle status change: ru.iteco.fmhandroid.ui.AppActivity@f91e0f8 in: DESTROYED
09-07 04:48:17.123 29126 29126 V ActivityScenario: Update currentActivityStage to DESTROYED, currentActivity=null
09-07 04:48:17.126  2182  2182 W View    : requestLayout() improperly called by StatusBarIconView(slot=mobile icon=null notification=null) during layout: running second layout pass
09-07 04:48:17.131  2182  2468 D EGL_emulation: eglMakeCurrent: 0xda21a360: ver 2 0 (tinfo 0xda20f590)
09-07 04:48:17.163 29126 29168 E TestRunner: failed: shouldLogInWithValidData(ru.iteco.fmhandroid.ui.AuthPageTest)
09-07 04:48:17.163 29126 29168 E TestRunner: ----- begin exception -----
09-07 04:48:17.163 29126 29168 E TestRunner: androidx.test.espresso.PerformException: Error performing 'wait for a specific view with <an instance of android.widget.TextView and view.getText() with or without transformation to match: is "News"> during 10000 millis.' on view 'view.getRootView() to equal view'.
09-07 04:48:17.163 29126 29168 E TestRunner: 	at androidx.test.espresso.PerformException$Builder.build(PerformException.java:1)
09-07 04:48:17.163 29126 29168 E TestRunner: 	at androidx.test.espresso.base.PerformExceptionHandler.handleSafely(PerformExceptionHandler.java:8)
09-07 04:48:17.163 29126 29168 E TestRunner: 	at androidx.test.espresso.base.PerformExceptionHandler.handleSafely(PerformExceptionHandler.java:9)
09-07 04:48:17.163 29126 29168 E TestRunner: 	at androidx.test.espresso.base.DefaultFailureHandler$TypedFailureHandler.handle(DefaultFailureHandler.java:4)
09-07 04:48:17.163 29126 29168 E TestRunner: 	at androidx.test.espresso.base.DefaultFailureHandler.handle(DefaultFailureHandler.java:5)
09-07 04:48:17.163 29126 29168 E TestRunner: 	at androidx.test.espresso.ViewInteraction.waitForAndHandleInteractionResults(ViewInteraction.java:8)
09-07 04:48:17.163 29126 29168 E TestRunner: 	at androidx.test.espresso.ViewInteraction.desugaredPerform(ViewInteraction.java:11)
09-07 04:48:17.163 29126 29168 E TestRunner: 	at androidx.test.espresso.ViewInteraction.perform(ViewInteraction.java:8)
09-07 04:48:17.163 29126 29168 E TestRunner: 	at ru.iteco.fmhandroid.ui.data.TestUtils.waitView(TestUtils.java:61)
09-07 04:48:17.163 29126 29168 E TestRunner: 	at ru.iteco.fmhandroid.ui.steps.MainPageSteps.isMainPage(MainPageSteps.java:50)
09-07 04:48:17.163 29126 29168 E TestRunner: 	at ru.iteco.fmhandroid.ui.AuthPageTest.shouldLogInWithValidData(AuthPageTest.java:60)
09-07 04:48:17.163 29126 29168 E TestRunner: 	at java.lang.reflect.Method.invoke(Native Method)
09-07 04:48:17.163 29126 29168 E TestRunner: 	at org.junit.runners.model.FrameworkMethod$1.runReflectiveCall(FrameworkMethod.java:59)
09-07 04:48:17.163 29126 29168 E TestRunner: 	at org.junit.internal.runners.model.ReflectiveCallable.run(ReflectiveCallable.java:12)
09-07 04:48:17.163 29126 29168 E TestRunner: 	at org.junit.runners.model.FrameworkMethod.invokeExplosively(FrameworkMethod.java:56)
09-07 04:48:17.163 29126 29168 E TestRunner: 	at org.junit.internal.runners.statements.InvokeMethod.evaluate(InvokeMethod.java:17)
09-07 04:48:17.163 29126 29168 E TestRunner: 	at androidx.test.internal.runner.junit4.statement.RunBefores.evaluate(RunBefores.java:80)
09-07 04:48:17.163 29126 29168 E TestRunner: 	at io.qameta.allure.android.rules.ScreenshotRule$apply$1.evaluate(ScreenshotRule.kt:22)
09-07 04:48:17.163 29126 29168 E TestRunner: 	at org.junit.rules.ExternalResource$1.evaluate(ExternalResource.java:54)
09-07 04:48:17.163 29126 29168 E TestRunner: 	at io.qameta.allure.android.rules.LogcatRule$apply$1.evaluate(LogcatRule.kt:23)
09-07 04:48:17.163 29126 29168 E TestRunner: 	at org.junit.rules.RunRules.evaluate(RunRules.java:20)
09-07 04:48:17.163 29126 29168 E TestRunner: 	at org.junit.runners.ParentRunner$3.evaluate(ParentRunner.java:306)
09-07 04:48:17.163 29126 29168 E TestRunner: 	at org.junit.runners.BlockJUnit4ClassRunner$1.evaluate(BlockJUnit4ClassRunner.java:100)
09-07 04:48:17.163 29126 29168 E TestRunner: 	at org.junit.runners.ParentRunner.runLeaf(ParentRunner.java:366)
09-07 04:48:17.163 29126 29168 E TestRunner: 	at org.junit.runners.BlockJUnit4ClassRunner.runChild(BlockJUnit4ClassRunner.java:103)
09-07 04:48:17.163 29126 29168 E TestRunner: 	at org.junit.runners.BlockJUnit4ClassRunner.runChild(BlockJUnit4ClassRunner.java:63)
09-07 04:48:17.163 29126 29168 E TestRunner: 	at org.junit.runners.ParentRunner$4.run(ParentRunner.java:331)
09-07 04:48:17.163 29126 29168 E TestRunner: 	at org.junit.runners.ParentRunner$1.schedule(ParentRunner.java:79)
09-07 04:48:17.163 29126 29168 E TestRunner: 	at org.junit.runners.ParentRunner.runChildren(ParentRunner.java:329)
09-07 04:48:17.163 29126 29168 E TestRunner: 	at org.junit.runners.ParentRunner.access$100(ParentRunner.java:66)
09-07 04:48:17.163 29126 29168 E TestRunner: 	at org.junit.runners.ParentRunner$2.evaluate(ParentRunner.java:293)
09-07 04:48:17.163 29126 29168 E TestRunner: 	at org.junit.runners.ParentRunner$3.evaluate(ParentRunner.java:306)
09-07 04:48:17.163 29126 29168 E TestRunner: 	at org.junit.runners.ParentRunner.run(ParentRunner.java:413)
09-07 04:48:17.163 29126 29168 E TestRunner: 	at androidx.test.ext.junit.runners.AndroidJUnit4.run(AndroidJUnit4.java:162)
09-07 04:48:17.163 29126 29168 E TestRunner: 	at io.qameta.allure.android.runners.AllureAndroidJUnit4.run(AllureAndroidJUnitRunners.kt:29)
09-07 04:48:17.163 29126 29168 E TestRunner: 	at org.junit.runners.Suite.runChild(Suite.java:128)
09-07 04:48:17.163 29126 29168 E TestRunner: 	at org.junit.runners.Suite.runChild(Suite.java:27)
09-07 04:48:17.163 29126 29168 E TestRunner: 	at org.junit.runners.ParentRunner$4.run(ParentRunner.java:331)
09-07 04:48:17.163 29126 29168 E TestRunner: 	at org.junit.runners.ParentRunner$1.schedule(ParentRunner.java:79)
09-07 04:48:17.163 29126 29168 E TestRunner: 	at org.junit.runners.ParentRunner.runChildren(ParentRunner.java:329)
09-07 04:48:17.163 29126 29168 E TestRunner: 	at org.junit.runners.ParentRunner.access$100(ParentRunner.java:66)
09-07 04:48:17.163 29126 29168 E TestRunner: 	at org.junit.runners.ParentRunner$2.evaluate(ParentRunner.java:293)
09-07 04:48:17.163 29126 29168 E TestRunner: 	at org.junit.runners.ParentRunner$3.evaluate(ParentRunner.java:306)
09-07 04:48:17.163 29126 29168 E TestRunner: 	at org.junit.runners.ParentRunner.run(ParentRunner.java:413)
09-07 04:48:17.163 29126 29168 E TestRunner: 	at org.junit.runner.JUnitCore.run(JUnitCore.java:137)
09-07 04:48:17.163 29126 29168 E TestRunner: 	at org.junit.runner.JUnitCore.run(JUnitCore.java:115)
09-07 04:48:17.163 29126 29168 E TestRunner: 	at androidx.test.internal.runner.TestExecutor.execute(TestExecutor.java:67)
09-07 04:48:17.163 29126 29168 E TestRunner: 	at androidx.test.internal.runner.TestExecutor.execute(TestExecutor.java:58)
09-07 04:48:17.163 29126 29168 E TestRunner: 	at androidx.test.runner.AndroidJUnitRunner.onStart(AndroidJUnitRunner.java:438)
09-07 04:48:17.163 29126 29168 E TestRunner: 	at android.app.Instrumentation$InstrumentationThre
09-07 04:48:17.163 29126 29168 E TestRunner: ----- end exception -----
09-07 04:48:17.167 29126 29168 I TestRunner: finished: shouldLogInWithValidData(ru.iteco.fmhandroid.ui.AuthPageTest)
09-07 04:48:17.194 29126 29168 I TestRunner: started: shouldKeepTheNewsUnchanged(ru.iteco.fmhandroid.ui.ControlPanelTest)
09-07 04:48:17.214 29126 29168 W Settings: Setting always_finish_activities has moved from android.provider.Settings.System to android.provider.Settings.Global, returning read-only value.
09-07 04:48:17.217  2037  2847 I ActivityTaskManager: START u0 {act=android.intent.action.MAIN cat=[android.intent.category.LAUNCHER] flg=0x10008000 cmp=ru.iteco.fmhandroid.test/androidx.test.core.app.InstrumentationActivityInvoker$BootstrapActivity (has extras)} from uid 10136
09-07 04:48:17.222  2037  2061 E system_server: Invalid ID 0x00000000.
09-07 04:48:17.223  2037  2146 D ConnectivityService: releasing NetworkRequest [ TRACK_DEFAULT id=125, [ Capabilities: INTERNET&NOT_RESTRICTED&TRUSTED Uid: 10113] ] (release request)
09-07 04:48:17.223  2037  2310 W InputReader: Device has associated, but no associated display id.
09-07 04:48:17.225  2037  2310 I chatty  : uid=1000(system) Binder:2037_5 identical 48 lines
09-07 04:48:17.225  2037  2310 W InputReader: Device has associated, but no associated display id.
09-07 04:48:17.226 29182 29182 W ActivityThread: handleWindowVisibility: no activity for token android.os.BinderProxy@a4889a7
09-07 04:48:17.237  1793 14098 D gralloc_ranchu: gralloc_alloc: Creating ashmem region of size 9850880
09-07 04:48:17.270  2037  2310 I ActivityTaskManager: START u0 {act=android.intent.action.MAIN cat=[android.intent.category.LAUNCHER] cmp=ru.iteco.fmhandroid/.ui.AppActivity} from uid 10136
09-07 04:48:17.290  2037  2310 W InputReader: Device has associated, but no associated display id.
09-07 04:48:17.291  2037  2310 I chatty  : uid=1000(system) Binder:2037_5 identical 21 lines
09-07 04:48:17.292  2037  2310 W InputReader: Device has associated, but no associated display id.
09-07 04:48:17.296  1792  2272 E GnssHAL_GnssInterface: gnssSvStatusCb: a: input svInfo.flags is 8
09-07 04:48:17.297  1792  2272 E GnssHAL_GnssInterface: gnssSvStatusCb: b: input svInfo.flags is 8
09-07 04:48:17.305  2037  2310 W InputReader: Device has associated, but no associated display id.
09-07 04:48:17.305  2037  2310 I chatty  : uid=1000(system) Binder:2037_5 identical 5 lines
09-07 04:48:17.305  2037  2310 W InputReader: Device has associated, but no associated display id.
09-07 04:48:17.306 29126 29126 W ActivityThread: handleWindowVisibility: no activity for token android.os.BinderProxy@f6cbc1
09-07 04:48:17.306  2037  2310 W InputReader: Device has associated, but no associated display id.
09-07 04:48:17.311  2037  2310 I chatty  : uid=1000(system) Binder:2037_5 identical 38 lines
09-07 04:48:17.311  2037  2310 W InputReader: Device has associated, but no associated display id.
09-07 04:48:17.313  1793 14098 D gralloc_ranchu: gralloc_alloc: Creating ashmem region of size 6307840
09-07 04:48:17.337  2182  2468 D EGL_emulation: eglMakeCurrent: 0xda21a360: ver 2 0 (tinfo 0xda20f590)
09-07 04:48:17.339  2182  2182 W View    : requestLayout() improperly called by com.android.keyguard.AlphaOptimizedLinearLayout{551c6d8 V.E...... ......ID 7,0-48,61 #7f0a041c app:id/wifi_group} during second layout pass: posting in next frame
09-07 04:48:17.350 29289 29310 D EGL_emulation: eglMakeCurrent: 0xda21a1e0: ver 2 0 (tinfo 0xda20f710)
09-07 04:48:17.350 29126 29126 D LifecycleMonitor: Lifecycle status change: ru.iteco.fmhandroid.ui.AppActivity@a6362fd in: PRE_ON_CREATE
09-07 04:48:17.351 29126 29126 V ActivityScenario: Activity lifecycle changed event received but ignored because the reported transition was not ON_CREATE while the last known transition was PRE_ON_CREATE
09-07 04:48:17.354 29126 29160 V FA      : onActivityCreated
09-07 04:48:17.373 29126 29126 D LifecycleMonitor: Lifecycle status change: ru.iteco.fmhandroid.ui.AppActivity@a6362fd in: CREATED
09-07 04:48:17.373 29126 29126 V ActivityScenario: Update currentActivityStage to CREATED, currentActivity=ru.iteco.fmhandroid.ui.AppActivity@a6362fd
09-07 04:48:17.397  2182  2182 W View    : requestLayout() improperly called by StatusBarIconView(slot=mobile icon=null notification=null) during layout: running second layout pass
09-07 04:48:17.400 29126 29126 D LifecycleMonitor: Lifecycle status change: ru.iteco.fmhandroid.ui.AppActivity@a6362fd in: STARTED
09-07 04:48:17.400 29126 29126 V ActivityScenario: Update currentActivityStage to STARTED, currentActivity=ru.iteco.fmhandroid.ui.AppActivity@a6362fd
09-07 04:48:17.403  2182  2468 D EGL_emulation: eglMakeCurrent: 0xda21a360: ver 2 0 (tinfo 0xda20f590)
09-07 04:48:17.408 29126 29126 D LifecycleMonitor: Lifecycle status change: ru.iteco.fmhandroid.ui.AppActivity@a6362fd in: RESUMED
09-07 04:48:17.412 29126 29126 V ActivityScenario: Update currentActivityStage to RESUMED, currentActivity=ru.iteco.fmhandroid.ui.AppActivity@a6362fd
09-07 04:48:17.413 29126 29636 V FA      : Activity resumed, time: 5021305
09-07 04:48:17.416  2182  2197 I ndroid.systemu: NativeAlloc concurrent copying GC freed 958(148KB) AllocSpace objects, 0(0B) LOS objects, 49% free, 5718KB/11MB, paused 50.648ms total 77.038ms
09-07 04:48:17.437  1793 14098 D gralloc_ranchu: gralloc_alloc: Creating ashmem region of size 9113600
09-07 04:48:17.455  1793 14098 I chatty  : uid=1000(system) HwBinder:1793_3 identical 1 line
09-07 04:48:17.456  1793 14098 D gralloc_ranchu: gralloc_alloc: Creating ashmem region of size 9113600
09-07 04:48:17.457 29126 29219 D EGL_emulation: eglMakeCurrent: 0xe2258280: ver 2 0 (tinfo 0xe233aed0)
09-07 04:48:17.509  2037  2065 I ActivityTaskManager: Displayed ru.iteco.fmhandroid/.ui.AppActivity: +284ms
09-07 04:48:17.531  2182  2182 W View    : requestLayout() improperly called by com.android.keyguard.AlphaOptimizedLinearLayout{551c6d8 V.E...... ......ID 7,0-48,61 #7f0a041c app:id/wifi_group} during second layout pass: posting in next frame
09-07 04:48:17.546 29126 29126 I ViewInteraction: Performing 'wait for a specific view with <view.getId() is <2131231123>> during 10000 millis.' action on view view.getRootView() to equal view
09-07 04:48:17.549  2182  2182 W View    : requestLayout() improperly called by StatusBarIconView(slot=mobile icon=null notification=null) during layout: running second layout pass
09-07 04:48:17.574  2182  2182 W View    : requestLayout() improperly called by com.android.keyguard.AlphaOptimizedLinearLayout{551c6d8 V.E...... ......ID 7,0-48,61 #7f0a041c app:id/wifi_group} during second layout pass: posting in next frame
09-07 04:48:17.582 29126 29139 I teco.fmhandroi: NativeAlloc concurrent copying GC freed 17107(1338KB) AllocSpace objects, 18(944KB) LOS objects, 49% free, 4967KB/9935KB, paused 874us total 186.293ms
09-07 04:48:17.586  2182  2182 W View    : requestLayout() improperly called by StatusBarIconView(slot=mobile icon=null notification=null) during layout: running second layout pass
09-07 04:48:17.601  7867 29640 V FA-SVC  : Logging event: origin=auto,name=screen_view(_vs),params=Bundle[{ga_event_origin(_o)=auto, ga_previous_class(_pc)=AppActivity, ga_previous_id(_pi)=-4651013091003756145, ga_screen_class(_sc)=AppActivity, ga_screen_id(_si)=-4651013091003756144}]
09-07 04:48:17.609  2182  2182 W View    : requestLayout() improperly called by com.android.keyguard.AlphaOptimizedLinearLayout{551c6d8 V.E...... ......ID 7,0-48,61 #7f0a041c app:id/wifi_group} during second layout pass: posting in next frame
09-07 04:48:17.610  7867 29640 V FA-SVC  : Upload scheduled in approximately ms: 2341689
09-07 04:48:17.610  7867 29640 V FA-SVC  : Unscheduling upload
09-07 04:48:17.614  7867 29640 V FA-SVC  : Scheduling upload, millis: 2341689
09-07 04:48:17.617  7867 29640 V FA-SVC  : Background event processing time, ms: 16
09-07 04:48:17.623  2182  2182 W View    : requestLayout() improperly called by StatusBarIconView(slot=mobile icon=null notification=null) during layout: running second layout pass
09-07 04:48:17.648  2182  2182 W View    : requestLayout() improperly called by com.android.keyguard.AlphaOptimizedLinearLayout{551c6d8 V.E...... ......ID 7,0-48,61 #7f0a041c app:id/wifi_group} during second layout pass: posting in next frame
09-07 04:48:17.661  2182  2182 W View    : requestLayout() improperly called by StatusBarIconView(slot=mobile icon=null notification=null) during layout: running second layout pass
09-07 04:48:17.684  2182  2182 W View    : requestLayout() improperly called by com.android.keyguard.AlphaOptimizedLinearLayout{551c6d8 V.E...... ......ID 7,0-48,61 #7f0a041c app:id/wifi_group} during second layout pass: posting in next frame
09-07 04:48:17.696  2182  2182 W View    : requestLayout() improperly called by StatusBarIconView(slot=mobile icon=null notification=null) during layout: running second layout pass
09-07 04:48:17.720  2182  2182 W View    : requestLayout() improperly called by com.android.keyguard.AlphaOptimizedLinearLayout{551c6d8 V.E...... ......ID 7,0-48,61 #7f0a041c app:id/wifi_group} during second layout pass: posting in next frame
09-07 04:48:17.733  2182  2182 W View    : requestLayout() improperly called by StatusBarIconView(slot=mobile icon=null notification=null) during layout: running second layout pass
09-07 04:48:18.142  2037  7767 W NotificationService: Toast already killed. pkg=ru.iteco.fmhandroid callback=android.app.ITransientNotification$Stub$Proxy@7646d86
09-07 04:48:18.297  1792  2272 E GnssHAL_GnssInterface: gnssSvStatusCb: a: input svInfo.flags is 8
09-07 04:48:18.298  1792  2272 E GnssHAL_GnssInterface: gnssSvStatusCb: b: input svInfo.flags is 8
09-07 04:48:19.297  1792  2272 E GnssHAL_GnssInterface: gnssSvStatusCb: a: input svInfo.flags is 8
09-07 04:48:19.297  1792  2272 E GnssHAL_GnssInterface: gnssSvStatusCb: b: input svInfo.flags is 8
09-07 04:48:19.627  2037  2060 W WindowManager: Unable to start animation, surface is null or no children.
09-07 04:48:20.297  1792  2272 E GnssHAL_GnssInterface: gnssSvStatusCb: a: input svInfo.flags is 8
09-07 04:48:20.298  1792  2272 E GnssHAL_GnssInterface: gnssSvStatusCb: b: input svInfo.flags is 8
09-07 04:48:20.461 29126 29219 D EGL_emulation: eglMakeCurrent: 0xe2258280: ver 2 0 (tinfo 0xe233aed0)
09-07 04:48:20.465  1793 14098 D gralloc_ranchu: gralloc_alloc: Creating ashmem region of size 9850880
09-07 04:48:20.475  2182  2182 W View    : requestLayout() improperly called by com.android.keyguard.AlphaOptimizedLinearLayout{551c6d8 V.E...... ......ID 7,0-48,61 #7f0a041c app:id/wifi_group} during second layout pass: posting in next frame
09-07 04:48:20.481 29126 29219 D EGL_emulation: eglMakeCurrent: 0xe2258280: ver 2 0 (tinfo 0xe233aed0)
09-07 04:48:20.492  2182  2182 W View    : requestLayout() improperly called by StatusBarIconView(slot=mobile icon=null notification=null) during layout: running second layout pass
09-07 04:48:20.510  1793 14098 D gralloc_ranchu: gralloc_alloc: Creating ashmem region of size 9850880
09-07 04:48:20.522 29126 29126 I ViewInteraction: Performing 'single click' action on view view.getId() is <2131231123/ru.iteco.fmhandroid:id/main_menu_image_button>
09-07 04:48:20.524 29126 29126 D takeScreenshot: Found 1 global views to redraw
09-07 04:48:20.541  1793 14098 D gralloc_ranchu: gralloc_alloc: Creating ashmem region of size 9850880
09-07 04:48:20.586  1793 14098 D gralloc_ranchu: gralloc_alloc: Creating ashmem region of size 9850880
09-07 04:48:20.623 29126 29168 W DefaultFailureHandler: Failed to take screenshot
09-07 04:48:20.623 29126 29168 W DefaultFailureHandler: java.io.FileNotFoundException: view-op-error-5.png: open failed: EROFS (Read-only file system)
09-07 04:48:20.623 29126 29168 W DefaultFailureHandler: 	at libcore.io.IoBridge.open(IoBridge.java:496)
09-07 04:48:20.623 29126 29168 W DefaultFailureHandler: 	at java.io.FileOutputStream.<init>(FileOutputStream.java:235)
09-07 04:48:20.623 29126 29168 W DefaultFailureHandler: 	at java.io.FileOutputStream.<init>(FileOutputStream.java:125)
09-07 04:48:20.623 29126 29168 W DefaultFailureHandler: 	at androidx.test.platform.io.FileTestStorage.openOutputFile(FileTestStorage.java:60)
09-07 04:48:20.623 29126 29168 W DefaultFailureHandler: 	at androidx.test.core.graphics.BitmapStorage.writeToTestStorage(BitmapStorageExt.kt:49)
09-07 04:48:20.623 29126 29168 W DefaultFailureHandler: 	at androidx.test.espresso.base.DefaultFailureHandler.takeScreenshot(DefaultFailureHandler.java:4)
09-07 04:48:20.623 29126 29168 W DefaultFailureHandler: 	at androidx.test.espresso.base.DefaultFailureHandler.handle(DefaultFailureHandler.java:3)
09-07 04:48:20.623 29126 29168 W DefaultFailureHandler: 	at androidx.test.espresso.ViewInteraction.waitForAndHandleInteractionResults(ViewInteraction.java:8)
09-07 04:48:20.623 29126 29168 W DefaultFailureHandler: 	at androidx.test.espresso.ViewInteraction.desugaredPerform(ViewInteraction.java:11)
09-07 04:48:20.623 29126 29168 W DefaultFailureHandler: 	at androidx.test.espresso.ViewInteraction.perform(ViewInteraction.java:8)
09-07 04:48:20.623 29126 29168 W DefaultFailureHandler: 	at ru.iteco.fmhandroid.ui.steps.MainPageSteps.openNewsPageThroughTheMainMenu(MainPageSteps.java:62)
09-07 04:48:20.623 29126 29168 W DefaultFailureHandler: 	at ru.iteco.fmhandroid.ui.ControlPanelTest.logoutCheckAndOpenControlPanelPage(ControlPanelTest.java:64)
09-07 04:48:20.623 29126 29168 W DefaultFailureHandler: 	at java.lang.reflect.Method.invoke(Native Method)
09-07 04:48:20.623 29126 29168 W DefaultFailureHandler: 	at org.junit.runners.model.FrameworkMethod$1.runReflectiveCall(FrameworkMethod.java:59)
09-07 04:48:20.623 29126 29168 W DefaultFailureHandler: 	at org.junit.internal.runners.model.ReflectiveCallable.run(ReflectiveCallable.java:12)
09-07 04:48:20.623 29126 29168 W DefaultFailureHandler: 	at org.junit.runners.model.FrameworkMethod.invokeExplosively(FrameworkMethod.java:56)
09-07 04:48:20.623 29126 29168 W DefaultFailureHandler: 	at androidx.test.internal.runner.junit4.statement.RunBefores.evaluate(RunBefores.java:76)
09-07 04:48:20.623 29126 29168 W DefaultFailureHandler: 	at io.qameta.allure.android.rules.ScreenshotRule$apply$1.evaluate(ScreenshotRule.kt:22)
09-07 04:48:20.623 29126 29168 W DefaultFailureHandler: 	at org.junit.rules.ExternalResource$1.evaluate(ExternalResource.java:54)
09-07 04:48:20.623 29126 29168 W DefaultFailureHandler: 	at io.qameta.allure.android.rules.LogcatRule$apply$1.evaluate(LogcatRule.kt:23)
09-07 04:48:20.623 29126 29168 W DefaultFailureHandler: 	at org.junit.rules.RunRules.evaluate(RunRules.java:20)
09-07 04:48:20.623 29126 29168 W DefaultFailureHandler: 	at org.junit.runners.ParentRunner$3.evaluate(ParentRunner.java:306)
09-07 04:48:20.623 29126 29168 W DefaultFailureHandler: 	at org.junit.runners.BlockJUnit4ClassRunner$1.evaluate(BlockJUnit4ClassRunner.java:100)
09-07 04:48:20.623 29126 29168 W DefaultFailureHandler: 	at org.junit.runners.ParentRunner.runLeaf(ParentRunner.java:366)
09-07 04:48:20.623 29126 29168 W DefaultFailureHandler: 	at org.junit.runners.BlockJUnit4ClassRunner.runChild(BlockJUnit4ClassRunner.java:103)
09-07 04:48:20.623 29126 29168 W DefaultFailureHandler: 	at org.junit.runners.BlockJUnit4ClassRunner.runChild(BlockJUnit4ClassRunner.java:63)
09-07 04:48:20.623 29126 29168 W DefaultFailureHandler: 	at org.junit.runners.ParentRunner$4.run(ParentRunner.java:331)
09-07 04:48:20.623 29126 29168 W DefaultFailureHandler: 	at org.junit.runners.ParentRunner$1.schedule(ParentRunner.java:79)
09-07 04:48:20.623 29126 29168 W DefaultFailureHandler: 	at org.junit.runners.ParentRunner.runChildren(ParentRunner.java:329)
09-07 04:48:20.623 29126 29168 W DefaultFailureHandler: 	at org.junit.runners.ParentRunner.access$100(ParentRunner.java:66)
09-07 04:48:20.623 29126 29168 W DefaultFailureHandler: 	at org.junit.runners.ParentRunner$2.evaluate(ParentRunner.java:293)
09-07 04:48:20.623 29126 29168 W DefaultFailureHandler: 	at org.junit.runners.ParentRunner$3.evaluate(ParentRunner.java:306)
09-07 04:48:20.623 29126 29168 W DefaultFailureHandler: 	at org.junit.runners.ParentRunner.run(ParentRunner.java:413)
09-07 04:48:20.623 29126 29168 W DefaultFailureHandler: 	at androidx.test.ext.junit.runners.AndroidJUnit4.run(AndroidJUnit4.java:162)
09-07 04:48:20.623 29126 29168 W DefaultFailureHandler: 	at io.qameta.allure.android.runners.AllureAndroidJUnit4.run(AllureAndroidJUnitRunners.kt:29)
09-07 04:48:20.623 29126 29168 W DefaultFailureHandler: 	at org.junit.runners.Suite.runChild(Suite.java:128)
09-07 04:48:20.623 29126 29168 W DefaultFailureHandler: 	at org.junit.runners.Suite.runChild(Suite.java:27)
09-07 04:48:20.623 29126 29168 W DefaultFailureHandler: 	at org.junit.runners.ParentRunner$4.run(ParentRunner.java:331)
09-07 04:48:20.623 29126 29168 W DefaultFailureHandler: 	at org.junit.runners.ParentRunner$1.schedule(ParentRunner.java:79)
09-07 04:48:20.623 29126 29168 W DefaultFailureHandler: 	at org.junit.runners.ParentRunner.runChildren(ParentRunner.java:329)
09-07 04:48:20.623 29126 29168 W DefaultFailureHandler: 	at org.junit.runners.ParentRunner.access$100(ParentRunner.java:66)
09-07 04:48:20.623 29126 29168 W DefaultFailureHandler: 	at org.junit.runners.ParentRunner$2.evaluate(ParentRunner.java:293)
09-07 04:48:20.623 29126 29168 W DefaultFailureHandler: 	at org.junit.runners.ParentRunner$3.evaluate(ParentRunner.java:306)
09-07 04:48:20.623 29126 29168 W DefaultFailureHandler: 	at org.junit.runners.ParentRunner.run(ParentRunner.java:413)
09-07 04:48:20.623 29126 29168 W DefaultFailureHandler: 	at org.junit.runner.JUnitCore.run(JUnitCore.java:137)
09-07 04:48:20.623 29126 29168 W DefaultFailureHandler: 	at org.junit.runner.JUnitCore.run(JUnitCore.java:115)
09-07 04:48:20.623 29126 29168 W DefaultFailureHandler: 	at androidx.test.internal.runner.TestExecutor.execute(TestExecutor.java:67)
09-07 04:48:20.623 29126 29168 W DefaultFailureHandler: 	at androidx.test.internal.runner.TestExecutor.execute(TestExecutor.java:58)
09-07 04:48:20.623 29126 29168 W DefaultFailureHandler: 	at androidx.test.runner.AndroidJUnitRunner.onStart(AndroidJUnitRunner.java:438)
09-07 04:48:20.623 29126 29168 W DefaultFailureHandler: 	at android.app.Instrumentation$InstrumentationThread.run(Instrumentation.java:2189)
09-07 04:48:20.623 29126 29168 W DefaultFailureHandler: Caused by: android.system.ErrnoException: open failed: EROFS (Read-only file system)
09-07 04:48:20.623 29126 29168 W DefaultFailureHandler: 	at libcore.io.Linux.open(Native Method)
09-07 04:48:20.623 29126 29168 W DefaultFailureHandler: 	at libcore.io.ForwardingOs.open(ForwardingOs.java:167)
09-07 04:48:20.623 29126 29168 W DefaultFailureHandler: 	at libcore.io.BlockGuardOs.open(BlockGuardOs.java:252)
09-07 04:48:20.623 29126 29168 W DefaultFailureHandler: 	at libcore.io.ForwardingOs.open(ForwardingOs.java:167)
09-07 04:48:20.623 29126 29168 W DefaultFailureHandler: 	at android.app.ActivityThread$AndroidOs.open(ActivityThread.java:7255)
09-07 04:48:20.623 29126 29168 W DefaultFailureHandler: 	at libcore.io.IoBridge.open(IoBridge.java:482)
09-07 04:48:20.623 29126 29168 W DefaultFailureHandler: 	... 49 more
09-07 04:48:20.626  1793 14098 D gralloc_ranchu: gralloc_alloc: Creating ashmem region of size 9850880
09-07 04:48:20.891  2037  7767 I ActivityTaskManager: START u0 {act=android.intent.action.MAIN cat=[android.intent.category.LAUNCHER] flg=0x10000000 cmp=ru.iteco.fmhandroid.test/androidx.test.core.app.InstrumentationActivityInvoker$EmptyActivity} from uid 10136
09-07 04:48:20.896 29126 29126 D LifecycleMonitor: Lifecycle status change: ru.iteco.fmhandroid.ui.AppActivity@a6362fd in: PAUSED
09-07 04:48:20.896 29126 29126 V ActivityScenario: Update currentActivityStage to PAUSED, currentActivity=ru.iteco.fmhandroid.ui.AppActivity@a6362fd
09-07 04:48:20.896  2037  4391 W InputReader: Device has associated, but no associated display id.
09-07 04:48:20.898  2037  4391 I chatty  : uid=1000(system) Binder:2037_13 identical 28 lines
09-07 04:48:20.898  2037  4391 W InputReader: Device has associated, but no associated display id.
09-07 04:48:20.898 29126 29636 V FA      : Recording user engagement, ms: 3484
09-07 04:48:20.898  2037  4391 W InputReader: Device has associated, but no associated display id.
09-07 04:48:20.899  2037  4391 I chatty  : uid=1000(system) Binder:2037_13 identical 4 lines
09-07 04:48:20.899  2037  4391 W InputReader: Device has associated, but no associated display id.
09-07 04:48:20.899 29182 29182 W ActivityThread: handleWindowVisibility: no activity for token android.os.BinderProxy@e8b069f
09-07 04:48:20.899  2037  4391 W InputReader: Device has associated, but no associated display id.
09-07 04:48:20.903  2037  4391 I chatty  : uid=1000(system) Binder:2037_13 identical 12 lines
09-07 04:48:20.903  2037  4391 W InputReader: Device has associated, but no associated display id.
09-07 04:48:20.915  2037  2065 E memtrack: Couldn't load memtrack module
09-07 04:48:20.915  2037  2065 W android.os.Debug: failed to get memory consumption info: -1
09-07 04:48:20.917  2037  2065 E memtrack: Couldn't load memtrack module
09-07 04:48:20.917  2037  2065 W android.os.Debug: failed to get memory consumption info: -1
09-07 04:48:20.920  2037  2065 E memtrack: Couldn't load memtrack module
09-07 04:48:20.920  2037  2065 W android.os.Debug: failed to get memory consumption info: -1
09-07 04:48:20.922  2037  2065 E memtrack: Couldn't load memtrack module
09-07 04:48:20.922  2037  2065 W android.os.Debug: failed to get memory consumption info: -1
09-07 04:48:20.924  2037  2065 E memtrack: Couldn't load memtrack module
