09-07 04:48:20.924  2037  2065 W android.os.Debug: failed to get memory consumption info: -1
09-07 04:48:20.937  1793 14098 D gralloc_ranchu: gralloc_alloc: Creating ashmem region of size 9850880
09-07 04:48:20.948  2037  4391 I ActivityTaskManager: START u0 {act=android.intent.action.MAIN cat=[android.intent.category.LAUNCHER] flg=0x10000000 cmp=ru.iteco.fmhandroid.test/androidx.test.core.app.InstrumentationActivityInvoker$EmptyActivity} from uid 10136
09-07 04:48:20.952  1793 14098 D gralloc_ranchu: gralloc_alloc: Creating ashmem region of size 9850880
09-07 04:48:20.957  2037  2065 E memtrack: Couldn't load memtrack module
09-07 04:48:20.957  2037  2065 W android.os.Debug: failed to get memory consumption info: -1
09-07 04:48:20.958 29182 29216 D EGL_emulation: eglMakeCurrent: 0xda21a3c0: ver 2 0 (tinfo 0xda20f660)
09-07 04:48:20.961  2037  2065 E memtrack: Couldn't load memtrack module
09-07 04:48:20.961  2037  2065 W android.os.Debug: failed to get memory consumption info: -1
09-07 04:48:20.962  1793 14098 D gralloc_ranchu: gralloc_alloc: Creating ashmem region of size 9850880
09-07 04:48:20.974  2037  2065 E memtrack: Couldn't load memtrack module
09-07 04:48:20.974  2037  2065 W android.os.Debug: failed to get memory consumption info: -1
09-07 04:48:20.976  2037  2065 E memtrack: Couldn't load memtrack module
09-07 04:48:20.976  2037  2065 W android.os.Debug: failed to get memory consumption info: -1
09-07 04:48:20.988  2037  2847 W InputReader: Device has associated, but no associated display id.
09-07 04:48:20.991  2037  2847 I chatty  : uid=1000(system) Binder:2037_B identical 48 lines
09-07 04:48:20.991  2037  2847 W InputReader: Device has associated, but no associated display id.
09-07 04:48:20.994 29182 29182 W ActivityThread: handleWindowVisibility: no activity for token android.os.BinderProxy@e152cee
09-07 04:48:20.997  2037  2065 E memtrack: Couldn't load memtrack module
09-07 04:48:20.997  2037  2065 W android.os.Debug: failed to get memory consumption info: -1
09-07 04:48:20.998  7867 29640 V FA-SVC  : Logging event: origin=auto,name=user_engagement(_e),params=Bundle[{ga_event_origin(_o)=auto, engagement_time_msec(_et)=3484, ga_screen_class(_sc)=AppActivity, ga_screen_id(_si)=-4651013091003756144}]
09-07 04:48:21.008 29126 29636 V FA      : Activity paused, time: 5024790
09-07 04:48:21.012  7867 29640 V FA-SVC  : Upload scheduled in approximately ms: 2338287
09-07 04:48:21.012  7867 29640 V FA-SVC  : Unscheduling upload
09-07 04:48:21.016  7867 29640 V FA-SVC  : Scheduling upload, millis: 2338287
09-07 04:48:21.018  7867 29640 V FA-SVC  : Background event processing time, ms: 20
09-07 04:48:21.033  2037  7767 W ActivityTaskManager: Duplicate finish request for ActivityRecord{49fe426 u0 ru.iteco.fmhandroid/.ui.AppActivity t823 f}
09-07 04:48:21.049  1793 14098 D gralloc_ranchu: gralloc_alloc: Creating ashmem region of size 9850880
09-07 04:48:21.055  1793 14098 D gralloc_ranchu: gralloc_alloc: Creating ashmem region of size 9850880
09-07 04:48:21.060  1793  2554 D gralloc_ranchu: gralloc_alloc: Creating ashmem region of size 9850880
09-07 04:48:21.062 29182 29216 D EGL_emulation: eglMakeCurrent: 0xda21a3c0: ver 2 0 (tinfo 0xda20f660)
09-07 04:48:21.083  2037  2061 W InputReader: Device has associated, but no associated display id.
09-07 04:48:21.084  2037  2061 I chatty  : uid=1000(system) android.anim identical 18 lines
09-07 04:48:21.084  2037  2061 W InputReader: Device has associated, but no associated display id.
09-07 04:48:21.089 29126 29219 D EGL_emulation: eglMakeCurrent: 0xe2258280: ver 2 0 (tinfo 0xe233aed0)
09-07 04:48:21.095  2037  2310 W InputReader: Device has associated, but no associated display id.
09-07 04:48:21.095  2037  2310 I chatty  : uid=1000(system) Binder:2037_5 identical 8 lines
09-07 04:48:21.095  2037  2310 W InputReader: Device has associated, but no associated display id.
09-07 04:48:21.099  2037  2065 I ActivityTaskManager: Displayed ru.iteco.fmhandroid.test/androidx.test.core.app.InstrumentationActivityInvoker$EmptyActivity: +91ms
09-07 04:48:21.115  2037  4391 W InputReader: Device has associated, but no associated display id.
09-07 04:48:21.116  2037  4391 I chatty  : uid=1000(system) Binder:2037_13 identical 28 lines
09-07 04:48:21.116  2037  4391 W InputReader: Device has associated, but no associated display id.
09-07 04:48:21.123  1823  1823 W SurfaceFlinger: couldn't log to binary event log: overflow.
09-07 04:48:21.124 29126 29126 D LifecycleMonitor: Lifecycle status change: ru.iteco.fmhandroid.ui.AppActivity@a6362fd in: STOPPED
09-07 04:48:21.124 29126 29126 V ActivityScenario: Update currentActivityStage to STOPPED, currentActivity=ru.iteco.fmhandroid.ui.AppActivity@a6362fd
09-07 04:48:21.133 29126 29126 D LifecycleMonitor: Lifecycle status change: ru.iteco.fmhandroid.ui.AppActivity@a6362fd in: DESTROYED
09-07 04:48:21.133 29126 29126 V ActivityScenario: Update currentActivityStage to DESTROYED, currentActivity=null
09-07 04:48:21.137  2037  4391 D ConnectivityService: requestNetwork for uid/pid:10113/29289 NetworkRequest [ TRACK_DEFAULT id=127, [ Capabilities: INTERNET&NOT_RESTRICTED&TRUSTED Uid: 10113] ]
09-07 04:48:21.138  2279  2279 D PhoneSwitcherNetworkRequstListener: got request NetworkRequest [ TRACK_DEFAULT id=127, [ Capabilities: INTERNET&NOT_RESTRICTED&TRUSTED Uid: 10113] ] with score 60 and serial -1
09-07 04:48:21.139  2037  2143 D WifiNetworkFactory: got request NetworkRequest [ TRACK_DEFAULT id=127, [ Capabilities: INTERNET&NOT_RESTRICTED&TRUSTED Uid: 10113] ] with score 60 and serial -1
09-07 04:48:21.139  2037  2143 D UntrustedWifiNetworkFactory: got request NetworkRequest [ TRACK_DEFAULT id=127, [ Capabilities: INTERNET&NOT_RESTRICTED&TRUSTED Uid: 10113] ] with score 60 and serial -1
09-07 04:48:21.156  1793 14098 D gralloc_ranchu: gralloc_alloc: Creating ashmem region of size 9850880
09-07 04:48:21.164  1793 14098 I chatty  : uid=1000(system) HwBinder:1793_3 identical 1 line
09-07 04:48:21.166  1793 14098 D gralloc_ranchu: gralloc_alloc: Creating ashmem region of size 9850880
09-07 04:48:21.166 29289 29310 D EGL_emulation: eglMakeCurrent: 0xda21a1e0: ver 2 0 (tinfo 0xda20f710)
