09-07 05:28:23.193 29289 29310 D EGL_emulation: eglMakeCurrent: 0xda21a1e0: ver 2 0 (tinfo 0xda20f710)
09-07 05:28:23.211  1793 14098 D gralloc_ranchu: gralloc_alloc: Creating ashmem region of size 9850880
09-07 05:28:23.215  2037  2061 W InputReader: Device has associated, but no associated display id.
09-07 05:28:23.216  2037  2061 I chatty  : uid=1000(system) android.anim identical 18 lines
09-07 05:28:23.216  2037  2061 W InputReader: Device has associated, but no associated display id.
09-07 05:28:23.231  1793 14098 D gralloc_ranchu: gralloc_alloc: Creating ashmem region of size 6307840
09-07 05:28:23.233  2921  2954 D EGL_emulation: eglMakeCurrent: 0xe2256960: ver 2 0 (tinfo 0xed4894a0)
09-07 05:28:23.262  2037  5599 D HostConnection: HostConnection::get() New Host Connection established 0xda23f020, tid 5599
09-07 05:28:23.264  2037  5599 D HostConnection: HostComposition ext ANDROID_EMU_CHECKSUM_HELPER_v1 ANDROID_EMU_dma_v1 ANDROID_EMU_direct_mem ANDROID_EMU_vulkan ANDROID_EMU_deferred_vulkan_commands ANDROID_EMU_vulkan_null_optional_strings ANDROID_EMU_vulkan_create_resources_with_requirements ANDROID_EMU_YUV420_888_to_NV21 ANDROID_EMU_YUV_Cache ANDROID_EMU_vulkan_free_memory_sync ANDROID_EMU_vulkan_shader_float16_int8 ANDROID_EMU_vulkan_async_queue_submit ANDROID_EMU_sync_buffer_data GL_OES_vertex_array_object GL_KHR_texture_compression_astc_ldr ANDROID_EMU_host_side_tracing ANDROID_EMU_gles_max_version_2 
09-07 05:28:23.266  2037  5599 W OpenGLRenderer: Failed to choose config with EGL_SWAP_BEHAVIOR_PRESERVED, retrying without...
09-07 05:28:23.288  2037  5599 D eglCodecCommon: setVertexArrayObject: set vao to 0 (0) 0 0
09-07 05:28:23.289  2037  5599 D EGL_emulation: eglCreateContext: 0xba761460: maj 2 min 0 rcv 2
09-07 05:28:23.289  2182  2468 D EGL_emulation: eglMakeCurrent: 0xda21a360: ver 2 0 (tinfo 0xda20f590)
09-07 05:28:23.291  1823  1823 W SurfaceFlinger: couldn't log to binary event log: overflow.
09-07 05:28:23.323  2182  2182 W View    : requestLayout() improperly called by com.android.keyguard.AlphaOptimizedLinearLayout{551c6d8 V.E...... ......ID 7,0-48,61 #7f0a041c app:id/wifi_group} during second layout pass: posting in next frame
09-07 05:28:23.329  2037  5599 D EGL_emulation: eglMakeCurrent: 0xba761460: ver 2 0 (tinfo 0xba668ca0)
09-07 05:28:23.329  2182  2182 W View    : requestLayout() improperly called by StatusBarIconView(slot=mobile icon=null notification=null) during layout: running second layout pass
09-07 05:28:23.335  2182  2468 D EGL_emulation: eglMakeCurrent: 0xda21a360: ver 2 0 (tinfo 0xda20f590)
09-07 05:28:23.345  2845  2901 E TestRunner: failed: shouldChangeTheDescription(ru.iteco.fmhandroid.ui.ControlPanelTest)
09-07 05:28:23.345  2845  2901 E TestRunner: ----- begin exception -----
09-07 05:28:23.346  2845  2901 E TestRunner: androidx.test.espresso.PerformException: Error performing 'scroll RecyclerView to: holder with view: ((view is an instance of android.view.ViewGroup and has descendant matching an instance of android.widget.TextView and view.getText() with or without transformation to match: is "Заголовок a7c36892-0d8b-4453-ab06-97b71c5c15bf"))' on view 'view.getId() is <2131231230/ru.iteco.fmhandroid:id/news_list_recycler_view>'.
09-07 05:28:23.346  2845  2901 E TestRunner: 	at androidx.test.espresso.PerformException$Builder.build(PerformException.java:1)
09-07 05:28:23.346  2845  2901 E TestRunner: 	at androidx.test.espresso.base.PerformExceptionHandler.handleSafely(PerformExceptionHandler.java:8)
09-07 05:28:23.346  2845  2901 E TestRunner: 	at androidx.test.espresso.base.PerformExceptionHandler.handleSafely(PerformExceptionHandler.java:9)
09-07 05:28:23.346  2845  2901 E TestRunner: 	at androidx.test.espresso.base.DefaultFailureHandler$TypedFailureHandler.handle(DefaultFailureHandler.java:4)
09-07 05:28:23.346  2845  2901 E TestRunner: 	at androidx.test.espresso.base.DefaultFailureHandler.handle(DefaultFailureHandler.java:5)
09-07 05:28:23.346  2845  2901 E TestRunner: 	at androidx.test.espresso.ViewInteraction.waitForAndHandleInteractionResults(ViewInteraction.java:8)
09-07 05:28:23.346  2845  2901 E TestRunner: 	at androidx.test.espresso.ViewInteraction.desugaredPerform(ViewInteraction.java:11)
09-07 05:28:23.346  2845  2901 E TestRunner: 	at androidx.test.espresso.ViewInteraction.perform(ViewInteraction.java:8)
09-07 05:28:23.346  2845  2901 E TestRunner: 	at ru.iteco.fmhandroid.ui.steps.ControlPanelSteps.scrollToElementInRecyclerList(ControlPanelSteps.java:204)
09-07 05:28:23.346  2845  2901 E TestRunner: 	at ru.iteco.fmhandroid.ui.steps.ControlPanelSteps.checkNewsIsPresent(ControlPanelSteps.java:309)
09-07 05:28:23.346  2845  2901 E TestRunner: 	at ru.iteco.fmhandroid.ui.steps.ControlPanelSteps.openNewsCard(ControlPanelSteps.java:323)
09-07 05:28:23.346  2845  2901 E TestRunner: 	at ru.iteco.fmhandroid.ui.ControlPanelTest.shouldChangeTheDescription(ControlPanelTest.java:204)
09-07 05:28:23.346  2845  2901 E TestRunner: 	at java.lang.reflect.Method.invoke(Native Method)
09-07 05:28:23.346  2845  2901 E TestRunner: 	at org.junit.runners.model.FrameworkMethod$1.runReflectiveCall(FrameworkMethod.java:59)
09-07 05:28:23.346  2845  2901 E TestRunner: 	at org.junit.internal.runners.model.ReflectiveCallable.run(ReflectiveCallable.java:12)
09-07 05:28:23.346  2845  2901 E TestRunner: 	at org.junit.runners.model.FrameworkMethod.invokeExplosively(FrameworkMethod.java:56)
09-07 05:28:23.346  2845  2901 E TestRunner: 	at org.junit.internal.runners.statements.InvokeMethod.evaluate(InvokeMethod.java:17)
09-07 05:28:23.346  2845  2901 E TestRunner: 	at androidx.test.internal.runner.junit4.statement.RunBefores.evaluate(RunBefores.java:80)
09-07 05:28:23.346  2845  2901 E TestRunner: 	at io.qameta.allure.android.rules.ScreenshotRule$apply$1.evaluate(ScreenshotRule.kt:22)
09-07 05:28:23.346  2845  2901 E TestRunner: 	at org.junit.rules.ExternalResource$1.evaluate(ExternalResource.java:54)
09-07 05:28:23.346  2845  2901 E TestRunner: 	at io.qameta.allure.android.rules.LogcatRule$apply$1.evaluate(LogcatRule.kt:23)
09-07 05:28:23.346  2845  2901 E TestRunner: 	at org.junit.rules.RunRules.evaluate(RunRules.java:20)
09-07 05:28:23.346  2845  2901 E TestRunner: 	at org.junit.runners.ParentRunner$3.evaluate(ParentRunner.java:306)
09-07 05:28:23.346  2845  2901 E TestRunner: 	at org.junit.runners.BlockJUnit4ClassRunner$1.evaluate(BlockJUnit4ClassRunner.java:100)
09-07 05:28:23.346  2845  2901 E TestRunner: 	at org.junit.runners.ParentRunner.runLeaf(ParentRunner.java:366)
09-07 05:28:23.346  2845  2901 E TestRunner: 	at org.junit.runners.BlockJUnit4ClassRunner.runChild(BlockJUnit4ClassRunner.java:103)
09-07 05:28:23.346  2845  2901 E TestRunner: 	at org.junit.runners.BlockJUnit4ClassRunner.runChild(BlockJUnit4ClassRunner.java:63)
09-07 05:28:23.346  2845  2901 E TestRunner: 	at org.junit.runners.ParentRunner$4.run(ParentRunner.java:331)
09-07 05:28:23.346  2845  2901 E TestRunner: 	at org.junit.runners.ParentRunner$1.schedule(ParentRunner.java:79)
09-07 05:28:23.346  2845  2901 E TestRunner: 	at org.junit.runners.ParentRunner.runChildren(ParentRunner.java:329)
09-07 05:28:23.346  2845  2901 E TestRunner: 	at org.junit.runners.ParentRunner.access$100(ParentRunner.java:66)
09-07 05:28:23.346  2845  2901 E TestRunner: 	at org.junit.runners.ParentRunner$2.evaluate(ParentRunner.java:293)
09-07 05:28:23.346  2845  2901 E TestRunner: 	at org.junit.runners.ParentRunner$3.evaluate(ParentRunner.java:306)
09-07 05:28:23.346  2845  2901 E TestRunner: 	at org.junit.runners.ParentRunner.run(ParentRunner.java:413)
09-07 05:28:23.346  2845  2901 E TestRunner: 	at androidx.test.ext.junit.runners.AndroidJUnit4.run(AndroidJUnit4.java:162)
09-07 05:28:23.346  2845  2901 E TestRunner: 	at io.qameta.allure.android.runners.AllureAndroidJUnit4.run(AllureAndroidJUnitRunners.kt:29)
09-07 05:28:23.346  2845  2901 E TestRunner: 	at org.junit.runners.Suite.runChild(Suite.java:128)
09-07 05:28:23.346  2845  2901 E TestRunner: 	at org.junit.runners.Suite.runChild(Suite.java:27)
09-07 05:28:23.346  2845  2901 E TestRunner: 	at org.junit.runners.ParentRunner$4.run(ParentRunner.java:331)
09-07 05:28:23.346  2845  2901 E TestRunner: 	at org.junit.runners.ParentRunner$1.schedule(ParentRunner.java:79)
09-07 05:28:23.346  2845  2901 E TestRunner: 	at org.junit.runners.ParentRunner.runChildren(ParentRunner.java:329)
09-07 05:28:23.346  2845  2901 E TestRunner: 	at org.junit.runners.ParentRunner.access$100(ParentRunner.java:66)
09-07 05:28:23.346  2845  2901 E TestRunner: 	at org.junit.runners.ParentRunner$2.evaluate(ParentRunner.java:293)
09-07 05:28:23.346  2845  2901 E TestRunner: 	at org.junit.runners.ParentRunner$3.evaluate(ParentRunner.java:306)
09-07 05:28:23.346  2845  2901 E TestRunner: 	at org.junit.runners.ParentRunner.run(ParentRunner.java:413)
09-07 05:28:23.346  2845  2901 E TestRunner: 	at org.junit.runner.JUnitCore.run(JUnitCore.java:137)
09-07 05:28:23.346  2845  2901 E TestRunner: 	at org.junit.runner.
09-07 05:28:23.346  2845  2901 E TestRunner: ----- end exception -----
09-07 05:28:23.350  2037  5599 D eglCodecCommon: setVertexArrayObject: set vao to 0 (0) 1 0
09-07 05:28:23.358  2845  2901 I TestRunner: finished: shouldChangeTheDescription(ru.iteco.fmhandroid.ui.ControlPanelTest)
09-07 05:28:23.434  2845  2901 I TestRunner: started: shouldChangeNewsCategory(ru.iteco.fmhandroid.ui.ControlPanelTest)
09-07 05:28:23.454  2845  2901 W Settings: Setting always_finish_activities has moved from android.provider.Settings.System to android.provider.Settings.Global, returning read-only value.
09-07 05:28:23.458  2037  2847 I ActivityTaskManager: START u0 {act=android.intent.action.MAIN cat=[android.intent.category.LAUNCHER] flg=0x10008000 cmp=ru.iteco.fmhandroid.test/androidx.test.core.app.InstrumentationActivityInvoker$BootstrapActivity (has extras)} from uid 10136
09-07 05:28:23.465  2037  2061 E system_server: Invalid ID 0x00000000.
09-07 05:28:23.469  2037  2146 D ConnectivityService: releasing NetworkRequest [ TRACK_DEFAULT id=193, [ Capabilities: INTERNET&NOT_RESTRICTED&TRUSTED Uid: 10113] ] (release request)
09-07 05:28:23.471  2037  4613 W InputReader: Device has associated, but no associated display id.
09-07 05:28:23.473  2037  4613 I chatty  : uid=1000(system) Binder:2037_16 identical 48 lines
09-07 05:28:23.473  2037  4613 W InputReader: Device has associated, but no associated display id.
09-07 05:28:23.475  2921  2921 W ActivityThread: handleWindowVisibility: no activity for token android.os.BinderProxy@cb1cc63
09-07 05:28:23.494  1793 14098 D gralloc_ranchu: gralloc_alloc: Creating ashmem region of size 9850880
09-07 05:28:23.528  2037  2847 I ActivityTaskManager: START u0 {act=android.intent.action.MAIN cat=[android.intent.category.LAUNCHER] cmp=ru.iteco.fmhandroid/.ui.AppActivity} from uid 10136
09-07 05:28:23.550  2037  2847 W InputReader: Device has associated, but no associated display id.
09-07 05:28:23.553  2037  2847 I chatty  : uid=1000(system) Binder:2037_B identical 48 lines
09-07 05:28:23.553  2037  2847 W InputReader: Device has associated, but no associated display id.
09-07 05:28:23.555  2845  2845 W ActivityThread: handleWindowVisibility: no activity for token android.os.BinderProxy@595d431
09-07 05:28:23.565  2845  2845 D LifecycleMonitor: Lifecycle status change: ru.iteco.fmhandroid.ui.AppActivity@c2826d in: PRE_ON_CREATE
09-07 05:28:23.565  2845  2845 V ActivityScenario: Activity lifecycle changed event received but ignored because the reported transition was not ON_CREATE while the last known transition was PRE_ON_CREATE
09-07 05:28:23.578  2845  2892 V FA      : onActivityCreated
09-07 05:28:23.592  2037  2061 W InputReader: Device has associated, but no associated display id.
09-07 05:28:23.593  2037  2061 I chatty  : uid=1000(system) android.anim identical 18 lines
09-07 05:28:23.593  2037  2061 W InputReader: Device has associated, but no associated display id.
09-07 05:28:23.595  1793 14098 D gralloc_ranchu: gralloc_alloc: Creating ashmem region of size 6307840
09-07 05:28:23.597  1792  2272 E GnssHAL_GnssInterface: gnssSvStatusCb: a: input svInfo.flags is 8
09-07 05:28:23.597  1792  2272 E GnssHAL_GnssInterface: gnssSvStatusCb: b: input svInfo.flags is 8
09-07 05:28:23.606 29289 29310 D EGL_emulation: eglMakeCurrent: 0xda21a1e0: ver 2 0 (tinfo 0xda20f710)
09-07 05:28:23.611  2845  2845 D LifecycleMonitor: Lifecycle status change: ru.iteco.fmhandroid.ui.AppActivity@c2826d in: CREATED
09-07 05:28:23.612  2845  2845 V ActivityScenario: Update currentActivityStage to CREATED, currentActivity=ru.iteco.fmhandroid.ui.AppActivity@c2826d
09-07 05:28:23.624  2182  2468 D EGL_emulation: eglMakeCurrent: 0xda21a360: ver 2 0 (tinfo 0xda20f590)
09-07 05:28:23.629  2182  2182 W View    : requestLayout() improperly called by com.android.keyguard.AlphaOptimizedLinearLayout{551c6d8 V.E...... ......ID 7,0-48,61 #7f0a041c app:id/wifi_group} during second layout pass: posting in next frame
09-07 05:28:23.641  2182  2182 W View    : requestLayout() improperly called by StatusBarIconView(slot=mobile icon=null notification=null) during layout: running second layout pass
09-07 05:28:23.642  2845  2845 D LifecycleMonitor: Lifecycle status change: ru.iteco.fmhandroid.ui.AppActivity@c2826d in: STARTED
09-07 05:28:23.643  2845  2845 V ActivityScenario: Update currentActivityStage to STARTED, currentActivity=ru.iteco.fmhandroid.ui.AppActivity@c2826d
09-07 05:28:23.645  2845  2845 D LifecycleMonitor: Lifecycle status change: ru.iteco.fmhandroid.ui.AppActivity@c2826d in: RESUMED
09-07 05:28:23.645  2845  2845 V ActivityScenario: Update currentActivityStage to RESUMED, currentActivity=ru.iteco.fmhandroid.ui.AppActivity@c2826d
09-07 05:28:23.646  2845  3380 V FA      : Activity resumed, time: 7427538
09-07 05:28:23.648  2182  2468 D EGL_emulation: eglMakeCurrent: 0xda21a360: ver 2 0 (tinfo 0xda20f590)
09-07 05:28:23.668  1793 14098 D gralloc_ranchu: gralloc_alloc: Creating ashmem region of size 9113600
09-07 05:28:23.682  1793 14098 I chatty  : uid=1000(system) HwBinder:1793_3 identical 1 line
09-07 05:28:23.687  1793 14098 D gralloc_ranchu: gralloc_alloc: Creating ashmem region of size 9113600
09-07 05:28:23.692  2845  2957 D EGL_emulation: eglMakeCurrent: 0xda21b080: ver 2 0 (tinfo 0xda20fd30)
09-07 05:28:23.747  2037  2065 I ActivityTaskManager: Displayed ru.iteco.fmhandroid/.ui.AppActivity: +287ms
09-07 05:28:23.753  2182  2182 W View    : requestLayout() improperly called by com.android.keyguard.AlphaOptimizedLinearLayout{551c6d8 V.E...... ......ID 7,0-48,61 #7f0a041c app:id/wifi_group} during second layout pass: posting in next frame
09-07 05:28:23.771  2182  2182 W View    : requestLayout() improperly called by StatusBarIconView(slot=mobile icon=null notification=null) during layout: running second layout pass
09-07 05:28:23.772  2845  2845 I ViewInteraction: Performing 'wait for a specific view with <(an instance of android.widget.TextView and view.getText() with or without transformation to match: is "Authorization" and view.getParent() view.getParent() view.getId() is <2131231186>)> during 10000 millis.' action on view view.getRootView() to equal view
09-07 05:28:23.818  7867  3385 V FA-SVC  : Logging event: origin=auto,name=screen_view(_vs),params=Bundle[{ga_event_origin(_o)=auto, ga_previous_class(_pc)=AppActivity, ga_previous_id(_pi)=5126745013386989262, ga_screen_class(_sc)=AppActivity, ga_screen_id(_si)=5126745013386989263}]
09-07 05:28:23.831  2182  2182 W View    : requestLayout() improperly called by com.android.keyguard.AlphaOptimizedLinearLayout{551c6d8 V.E...... ......ID 7,0-48,61 #7f0a041c app:id/wifi_group} during second layout pass: posting in next frame
09-07 05:28:23.832  2182  2182 W View    : requestLayout() improperly called by StatusBarIconView(slot=mobile icon=null notification=null) during layout: running second layout pass
09-07 05:28:23.836  7867  3385 V FA-SVC  : Upload scheduled in approximately ms: 3537113
09-07 05:28:23.836  7867  3385 V FA-SVC  : Unscheduling upload
09-07 05:28:23.841  7867  3385 V FA-SVC  : Scheduling upload, millis: 3537113
09-07 05:28:23.847  7867  3385 V FA-SVC  : Background event processing time, ms: 29
09-07 05:28:23.850  2182  2182 W View    : requestLayout() improperly called by com.android.keyguard.AlphaOptimizedLinearLayout{551c6d8 V.E...... ......ID 7,0-48,61 #7f0a041c app:id/wifi_group} during second layout pass: posting in next frame
09-07 05:28:23.859  2182  2182 W View    : requestLayout() improperly called by StatusBarIconView(slot=mobile icon=null notification=null) during layout: running second layout pass
09-07 05:28:23.885  2182  2182 W View    : requestLayout() improperly called by com.android.keyguard.AlphaOptimizedLinearLayout{551c6d8 V.E...... ......ID 7,0-48,61 #7f0a041c app:id/wifi_group} during second layout pass: posting in next frame
09-07 05:28:23.897  2182  2182 W View    : requestLayout() improperly called by StatusBarIconView(slot=mobile icon=null notification=null) during layout: running second layout pass
09-07 05:28:23.921  2182  2182 W View    : requestLayout() improperly called by com.android.keyguard.AlphaOptimizedLinearLayout{551c6d8 V.E...... ......ID 7,0-48,61 #7f0a041c app:id/wifi_group} during second layout pass: posting in next frame
09-07 05:28:23.934  2182  2182 W View    : requestLayout() improperly called by StatusBarIconView(slot=mobile icon=null notification=null) during layout: running second layout pass
09-07 05:28:23.961  2182  2182 W View    : requestLayout() improperly called by com.android.keyguard.AlphaOptimizedLinearLayout{551c6d8 V.E...... ......ID 7,0-48,61 #7f0a041c app:id/wifi_group} during second layout pass: posting in next frame
09-07 05:28:23.970  2182  2182 W View    : requestLayout() improperly called by StatusBarIconView(slot=mobile icon=null notification=null) during layout: running second layout pass
09-07 05:28:23.994  2182  2182 W View    : requestLayout() improperly called by com.android.keyguard.AlphaOptimizedLinearLayout{551c6d8 V.E...... ......ID 7,0-48,61 #7f0a041c app:id/wifi_group} during second layout pass: posting in next frame
09-07 05:28:24.006  2182  2182 W View    : requestLayout() improperly called by StatusBarIconView(slot=mobile icon=null notification=null) during layout: running second layout pass
09-07 05:28:24.065  2037  2037 W PendingFillRequest: timed out after 5000 ms
09-07 05:28:24.594  1792  2272 E GnssHAL_GnssInterface: gnssSvStatusCb: a: input svInfo.flags is 8
09-07 05:28:24.595  1792  2272 E GnssHAL_GnssInterface: gnssSvStatusCb: b: input svInfo.flags is 8
09-07 05:28:25.184  1781  1887 W audio_hw_generic: Not supplying enough data to HAL, expected position 69815234 , only wrote 69474405
09-07 05:28:25.596  1792  2272 E GnssHAL_GnssInterface: gnssSvStatusCb: a: input svInfo.flags is 8
09-07 05:28:25.596  1792  2272 E GnssHAL_GnssInterface: gnssSvStatusCb: b: input svInfo.flags is 8
09-07 05:28:25.952  2037  2169 E ClipboardService: Denying clipboard access to com.android.chrome, application is not in focus neither is a system service for user 0
09-07 05:28:26.596  1792  2272 E GnssHAL_GnssInterface: gnssSvStatusCb: a: input svInfo.flags is 8
09-07 05:28:26.596  1792  2272 E GnssHAL_GnssInterface: gnssSvStatusCb: b: input svInfo.flags is 8
09-07 05:28:26.646  2845  2990 I okhttp.OkHttpClient: --> GET http://www.981757-ca08998.tmweb.ru:8080/fmh/authentication/userInfo
09-07 05:28:26.647  2845  2990 I okhttp.OkHttpClient: --> END GET
09-07 05:28:26.895  2845  2990 I okhttp.OkHttpClient: <-- 200 http://www.981757-ca08998.tmweb.ru:8080/fmh/authentication/userInfo (248ms)
09-07 05:28:26.896  2845  2990 I okhttp.OkHttpClient: Vary: Origin
09-07 05:28:26.896  2845  2990 I okhttp.OkHttpClient: Vary: Access-Control-Request-Method
09-07 05:28:26.896  2845  2990 I okhttp.OkHttpClient: Vary: Access-Control-Request-Headers
09-07 05:28:26.896  2845  2990 I okhttp.OkHttpClient: X-Content-Type-Options: nosniff
09-07 05:28:26.896  2845  2990 I okhttp.OkHttpClient: X-XSS-Protection: 1; mode=block
09-07 05:28:26.896  2845  2990 I okhttp.OkHttpClient: Cache-Control: no-cache, no-store, max-age=0, must-revalidate
09-07 05:28:26.896  2845  2990 I okhttp.OkHttpClient: Pragma: no-cache
09-07 05:28:26.897  2845  2990 I okhttp.OkHttpClient: Expires: 0
09-07 05:28:26.897  2845  2990 I okhttp.OkHttpClient: X-Frame-Options: DENY
09-07 05:28:26.897  2845  2990 I okhttp.OkHttpClient: Content-Type: application/json
09-07 05:28:26.897  2845  2990 I okhttp.OkHttpClient: Transfer-Encoding: chunked
09-07 05:28:26.897  2845  2990 I okhttp.OkHttpClient: Date: Thu, 07 Sep 2023 05:28:27 GMT
09-07 05:28:26.897  2845  2990 I okhttp.OkHttpClient: Keep-Alive: timeout=60
09-07 05:28:26.897  2845  2990 I okhttp.OkHttpClient: Connection: keep-alive
09-07 05:28:26.898  2845  2990 I okhttp.OkHttpClient: {"id":1,"firstName":"Ivan","lastName":"Ivanov","middleName":"Ivanovich","admin":true}
09-07 05:28:26.898  2845  2990 I okhttp.OkHttpClient: <-- END HTTP (85-byte body)
09-07 05:28:26.906  2845  3607 I okhttp.OkHttpClient: --> GET http://www.981757-ca08998.tmweb.ru:8080/fmh/claims
09-07 05:28:26.906  2845  3607 I okhttp.OkHttpClient: --> END GET
09-07 05:28:26.907  1774  3926 E ResolverController: No valid NAT64 prefix (101, <unspecified>/0)
09-07 05:28:26.939  2845  2957 D EGL_emulation: eglMakeCurrent: 0xda21b080: ver 2 0 (tinfo 0xda20fd30)
09-07 05:28:26.941  2182  2182 W View    : requestLayout() improperly called by com.android.keyguard.AlphaOptimizedLinearLayout{551c6d8 V.E...... ......ID 7,0-48,61 #7f0a041c app:id/wifi_group} during second layout pass: posting in next frame
09-07 05:28:26.944  1793 14098 D gralloc_ranchu: gralloc_alloc: Creating ashmem region of size 9850880
09-07 05:28:26.958  2182  2182 W View    : requestLayout() improperly called by StatusBarIconView(slot=mobile icon=null notification=null) during layout: running second layout pass
09-07 05:28:26.959  2845  2957 D EGL_emulation: eglMakeCurrent: 0xda21b080: ver 2 0 (tinfo 0xda20fd30)
09-07 05:28:26.998  1793 14098 D gralloc_ranchu: gralloc_alloc: Creating ashmem region of size 9850880
09-07 05:28:27.029  1793 14098 D gralloc_ranchu: gralloc_alloc: Creating ashmem region of size 9850880
09-07 05:28:27.595  1792  2272 E GnssHAL_GnssInterface: gnssSvStatusCb: a: input svInfo.flags is 8
09-07 05:28:27.595  1792  2272 E GnssHAL_GnssInterface: gnssSvStatusCb: b: input svInfo.flags is 8
09-07 05:28:28.595  1792  2272 E GnssHAL_GnssInterface: gnssSvStatusCb: a: input svInfo.flags is 8
09-07 05:28:28.595  1792  2272 E GnssHAL_GnssInterface: gnssSvStatusCb: b: input svInfo.flags is 8
09-07 05:28:28.836  2845  3380 V FA      : Inactivity, disconnecting from the service
09-07 05:28:29.595  1792  2272 E GnssHAL_GnssInterface: gnssSvStatusCb: a: input svInfo.flags is 8
09-07 05:28:29.595  1792  2272 E GnssHAL_GnssInterface: gnssSvStatusCb: b: input svInfo.flags is 8
09-07 05:28:30.596  1792  2272 E GnssHAL_GnssInterface: gnssSvStatusCb: a: input svInfo.flags is 8
09-07 05:28:30.596  1792  2272 E GnssHAL_GnssInterface: gnssSvStatusCb: b: input svInfo.flags is 8
09-07 05:28:31.596  1792  2272 E GnssHAL_GnssInterface: gnssSvStatusCb: a: input svInfo.flags is 8
09-07 05:28:31.596  1792  2272 E GnssHAL_GnssInterface: gnssSvStatusCb: b: input svInfo.flags is 8
09-07 05:28:32.596  1792  2272 E GnssHAL_GnssInterface: gnssSvStatusCb: a: input svInfo.flags is 8
09-07 05:28:32.596  1792  2272 E GnssHAL_GnssInterface: gnssSvStatusCb: b: input svInfo.flags is 8
09-07 05:28:33.597  1792  2272 E GnssHAL_GnssInterface: gnssSvStatusCb: a: input svInfo.flags is 8
09-07 05:28:33.597  1792  2272 E GnssHAL_GnssInterface: gnssSvStatusCb: b: input svInfo.flags is 8
09-07 05:28:33.783  2845  2845 D takeScreenshot: Found 1 global views to redraw
09-07 05:28:33.839  1793 14098 D gralloc_ranchu: gralloc_alloc: Creating ashmem region of size 9850880
09-07 05:28:33.875  2845  2901 W DefaultFailureHandler: Failed to take screenshot
09-07 05:28:33.875  2845  2901 W DefaultFailureHandler: java.io.FileNotFoundException: view-op-error-18.png: open failed: EROFS (Read-only file system)
09-07 05:28:33.875  2845  2901 W DefaultFailureHandler: 	at libcore.io.IoBridge.open(IoBridge.java:496)
09-07 05:28:33.875  2845  2901 W DefaultFailureHandler: 	at java.io.FileOutputStream.<init>(FileOutputStream.java:235)
09-07 05:28:33.875  2845  2901 W DefaultFailureHandler: 	at java.io.FileOutputStream.<init>(FileOutputStream.java:125)
09-07 05:28:33.875  2845  2901 W DefaultFailureHandler: 	at androidx.test.platform.io.FileTestStorage.openOutputFile(FileTestStorage.java:60)
09-07 05:28:33.875  2845  2901 W DefaultFailureHandler: 	at androidx.test.core.graphics.BitmapStorage.writeToTestStorage(BitmapStorageExt.kt:49)
09-07 05:28:33.875  2845  2901 W DefaultFailureHandler: 	at androidx.test.espresso.base.DefaultFailureHandler.takeScreenshot(DefaultFailureHandler.java:4)
09-07 05:28:33.875  2845  2901 W DefaultFailureHandler: 	at androidx.test.espresso.base.DefaultFailureHandler.handle(DefaultFailureHandler.java:3)
09-07 05:28:33.875  2845  2901 W DefaultFailureHandler: 	at androidx.test.espresso.ViewInteraction.waitForAndHandleInteractionResults(ViewInteraction.java:8)
09-07 05:28:33.875  2845  2901 W DefaultFailureHandler: 	at androidx.test.espresso.ViewInteraction.desugaredPerform(ViewInteraction.java:11)
09-07 05:28:33.875  2845  2901 W DefaultFailureHandler: 	at androidx.test.espresso.ViewInteraction.perform(ViewInteraction.java:8)
09-07 05:28:33.875  2845  2901 W DefaultFailureHandler: 	at ru.iteco.fmhandroid.ui.data.TestUtils.waitView(TestUtils.java:61)
09-07 05:28:33.875  2845  2901 W DefaultFailureHandler: 	at ru.iteco.fmhandroid.ui.steps.AuthSteps.isAuthScreen(AuthSteps.java:58)
09-07 05:28:33.875  2845  2901 W DefaultFailureHandler: 	at ru.iteco.fmhandroid.ui.ControlPanelTest.logoutCheckAndOpenControlPanelPage(ControlPanelTest.java:58)
09-07 05:28:33.875  2845  2901 W DefaultFailureHandler: 	at java.lang.reflect.Method.invoke(Native Method)
09-07 05:28:33.875  2845  2901 W DefaultFailureHandler: 	at org.junit.runners.model.FrameworkMethod$1.runReflectiveCall(FrameworkMethod.java:59)
09-07 05:28:33.875  2845  2901 W DefaultFailureHandler: 	at org.junit.internal.runners.model.ReflectiveCallable.run(ReflectiveCallable.java:12)
09-07 05:28:33.875  2845  2901 W DefaultFailureHandler: 	at org.junit.runners.model.FrameworkMethod.invokeExplosively(FrameworkMethod.java:56)
09-07 05:28:33.875  2845  2901 W DefaultFailureHandler: 	at androidx.test.internal.runner.junit4.statement.RunBefores.evaluate(RunBefores.java:76)
09-07 05:28:33.875  2845  2901 W DefaultFailureHandler: 	at io.qameta.allure.android.rules.ScreenshotRule$apply$1.evaluate(ScreenshotRule.kt:22)
09-07 05:28:33.875  2845  2901 W DefaultFailureHandler: 	at org.junit.rules.ExternalResource$1.evaluate(ExternalResource.java:54)
09-07 05:28:33.875  2845  2901 W DefaultFailureHandler: 	at io.qameta.allure.android.rules.LogcatRule$apply$1.evaluate(LogcatRule.kt:23)
09-07 05:28:33.875  2845  2901 W DefaultFailureHandler: 	at org.junit.rules.RunRules.evaluate(RunRules.java:20)
09-07 05:28:33.875  2845  2901 W DefaultFailureHandler: 	at org.junit.runners.ParentRunner$3.evaluate(ParentRunner.java:306)
09-07 05:28:33.875  2845  2901 W DefaultFailureHandler: 	at org.junit.runners.BlockJUnit4ClassRunner$1.evaluate(BlockJUnit4ClassRunner.java:100)
09-07 05:28:33.875  2845  2901 W DefaultFailureHandler: 	at org.junit.runners.ParentRunner.runLeaf(ParentRunner.java:366)
09-07 05:28:33.875  2845  2901 W DefaultFailureHandler: 	at org.junit.runners.BlockJUnit4ClassRunner.runChild(BlockJUnit4ClassRunner.java:103)
09-07 05:28:33.875  2845  2901 W DefaultFailureHandler: 	at org.junit.runners.BlockJUnit4ClassRunner.runChild(BlockJUnit4ClassRunner.java:63)
09-07 05:28:33.875  2845  2901 W DefaultFailureHandler: 	at org.junit.runners.ParentRunner$4.run(ParentRunner.java:331)
09-07 05:28:33.875  2845  2901 W DefaultFailureHandler: 	at org.junit.runners.ParentRunner$1.schedule(ParentRunner.java:79)
09-07 05:28:33.875  2845  2901 W DefaultFailureHandler: 	at org.junit.runners.ParentRunner.runChildren(ParentRunner.java:329)
09-07 05:28:33.875  2845  2901 W DefaultFailureHandler: 	at org.junit.runners.ParentRunner.access$100(ParentRunner.java:66)
09-07 05:28:33.875  2845  2901 W DefaultFailureHandler: 	at org.junit.runners.ParentRunner$2.evaluate(ParentRunner.java:293)
09-07 05:28:33.875  2845  2901 W DefaultFailureHandler: 	at org.junit.runners.ParentRunner$3.evaluate(ParentRunner.java:306)
09-07 05:28:33.875  2845  2901 W DefaultFailureHandler: 	at org.junit.runners.ParentRunner.run(ParentRunner.java:413)
09-07 05:28:33.875  2845  2901 W DefaultFailureHandler: 	at androidx.test.ext.junit.runners.AndroidJUnit4.run(AndroidJUnit4.java:162)
09-07 05:28:33.875  2845  2901 W DefaultFailureHandler: 	at io.qameta.allure.android.runners.AllureAndroidJUnit4.run(AllureAndroidJUnitRunners.kt:29)
09-07 05:28:33.875  2845  2901 W DefaultFailureHandler: 	at org.junit.runners.Suite.runChild(Suite.java:128)
09-07 05:28:33.875  2845  2901 W DefaultFailureHandler: 	at org.junit.runners.Suite.runChild(Suite.java:27)
09-07 05:28:33.875  2845  2901 W DefaultFailureHandler: 	at org.junit.runners.ParentRunner$4.run(ParentRunner.java:331)
09-07 05:28:33.875  2845  2901 W DefaultFailureHandler: 	at org.junit.runners.ParentRunner$1.schedule(ParentRunner.java:79)
09-07 05:28:33.875  2845  2901 W DefaultFailureHandler: 	at org.junit.runners.ParentRunner.runChildren(ParentRunner.java:329)
09-07 05:28:33.875  2845  2901 W DefaultFailureHandler: 	at org.junit.runners.ParentRunner.access$100(ParentRunner.java:66)
09-07 05:28:33.875  2845  2901 W DefaultFailureHandler: 	at org.junit.runners.ParentRunner$2.evaluate(ParentRunner.java:293)
09-07 05:28:33.875  2845  2901 W DefaultFailureHandler: 	at org.junit.runners.ParentRunner$3.evaluate(ParentRunner.java:306)
09-07 05:28:33.875  2845  2901 W DefaultFailureHandler: 	at org.junit.runners.ParentRunner.run(ParentRunner.java:413)
09-07 05:28:33.875  2845  2901 W DefaultFailureHandler: 	at org.junit.runner.JUnitCore.run(JUnitCore.java:137)
09-07 05:28:33.875  2845  2901 W DefaultFailureHandler: 	at org.junit.runner.JUnitCore.run(JUnitCore.java:115)
09-07 05:28:33.875  2845  2901 W DefaultFailureHandler: 	at androidx.test.internal.runner.TestExecutor.execute(TestExecutor.java:67)
09-07 05:28:33.875  2845  2901 W DefaultFailureHandler: 	at androidx.test.internal.runner.TestExecutor.execute(TestExecutor.java:58)
09-07 05:28:33.875  2845  2901 W DefaultFailureHandler: 	at androidx.test.runner.AndroidJUnitRunner.onStart(AndroidJUnitRunner.java:438)
09-07 05:28:33.875  2845  2901 W DefaultFailureHandler: 	at android.app.Instrumentation$InstrumentationThread.run(Instrumentation.java:2189)
09-07 05:28:33.875  2845  2901 W DefaultFailureHandler: Caused by: android.system.ErrnoException: open failed: EROFS (Read-only file system)
09-07 05:28:33.875  2845  2901 W DefaultFailureHandler: 	at libcore.io.Linux.open(Native Method)
09-07 05:28:33.875  2845  2901 W DefaultFailureHandler: 	at libcore.io.ForwardingOs.open(ForwardingOs.java:167)
09-07 05:28:33.875  2845  2901 W DefaultFailureHandler: 	at libcore.io.BlockGuardOs.open(BlockGuardOs.java:252)
09-07 05:28:33.875  2845  2901 W DefaultFailureHandler: 	at libcore.io.ForwardingOs.open(ForwardingOs.java:167)
09-07 05:28:33.875  2845  2901 W DefaultFailureHandler: 	at android.app.ActivityThread$AndroidOs.open(ActivityThread.java:7255)
09-07 05:28:33.875  2845  2901 W DefaultFailureHandler: 	at libcore.io.IoBridge.open(IoBridge.java:482)
09-07 05:28:33.875  2845  2901 W DefaultFailureHandler: 	... 50 more
09-07 05:28:33.876  7867  7867 D BoundBrokerSvc: onUnbind: Intent { act=com.google.android.gms.measurement.START pkg=com.google.android.gms }
09-07 05:28:33.880  2845  2845 I ViewInteraction: Performing 'wait for a specific view with <view.getId() is <2131230870/ru.iteco.fmhandroid:id/authorization_image_button>> during 10000 millis.' action on view view.getRootView() to equal view
09-07 05:28:33.882  2845  2845 I ViewInteraction: Checking 'MatchesViewAssertion{viewMatcher=(view has effective visibility <VISIBLE> and view.getGlobalVisibleRect() to return non-empty rectangle)}' assertion on view view.getId() is <2131230870/ru.iteco.fmhandroid:id/authorization_image_button>
09-07 05:28:33.883  2845  2845 I ViewInteraction: Performing 'single click' action on view view.getId() is <2131230870/ru.iteco.fmhandroid:id/authorization_image_button>
09-07 05:28:33.932  1781  6116 W audio_hw_generic: Not supplying enough data to HAL, expected position 69474424 , only wrote 69474405
09-07 05:28:33.960  1793 14098 D gralloc_ranchu: gralloc_alloc: Creating ashmem region of size 884736
09-07 05:28:33.965  1793 14098 I chatty  : uid=1000(system) HwBinder:1793_3 identical 1 line
09-07 05:28:33.966  1793 14098 D gralloc_ranchu: gralloc_alloc: Creating ashmem region of size 884736
09-07 05:28:33.972  2845  2957 D EGL_emulation: eglMakeCurrent: 0xda21b080: ver 2 0 (tinfo 0xda20fd30)
09-07 05:28:33.998  2845  2957 I chatty  : uid=10136(ru.iteco.fmhandroid) RenderThread identical 2 lines
09-07 05:28:34.015  2845  2957 D EGL_emulation: eglMakeCurrent: 0xda21b080: ver 2 0 (tinfo 0xda20fd30)
09-07 05:28:34.111  7867  7867 D BoundBrokerSvc: onUnbind: Intent { act=com.google.android.mdd.service.START dat=chimera-action: cmp=com.google.android.gms/.chimera.GmsBoundBrokerService }
09-07 05:28:34.241  2845  2845 I ViewInteraction: Performing 'wait for a specific view with <an instance of android.widget.TextView and view.getText() with or without transformation to match: is "Log out"> during 10000 millis.' action on view view.getRootView() to equal view
09-07 05:28:34.245  2845  2845 I ViewInteraction: Checking 'MatchesViewAssertion{viewMatcher=(view has effective visibility <VISIBLE> and view.getGlobalVisibleRect() to return non-empty rectangle)}' assertion on view an instance of android.widget.TextView and view.getText() with or without transformation to match: is "Log out"
09-07 05:28:34.249  2845  2845 I ViewInteraction: Performing 'single click' action on view an instance of android.widget.TextView and view.getText() with or without transformation to match: is "Log out"
09-07 05:28:34.316  2845  2957 D EGL_emulation: eglMakeCurrent: 0xda21b080: ver 2 0 (tinfo 0xda20fd30)
09-07 05:28:34.399  2845  2957 I chatty  : uid=10136(ru.iteco.fmhandroid) RenderThread identical 1 line
09-07 05:28:34.417  2845  2957 D EGL_emulation: eglMakeCurrent: 0xda21b080: ver 2 0 (tinfo 0xda20fd30)
09-07 05:28:34.541  2845  2845 I ViewInteraction: Performing 'wait for a specific view with <(an instance of android.widget.TextView and view.getText() with or without transformation to match: is "Authorization" and view.getParent() view.getParent() view.getId() is <2131231186>)> during 10000 millis.' action on view view.getRootView() to equal view
09-07 05:28:34.544  2845  2845 I ViewInteraction: Checking 'MatchesViewAssertion{viewMatcher=(view has effective visibility <VISIBLE> and view.getGlobalVisibleRect() to return non-empty rectangle)}' assertion on view (an instance of android.widget.TextView and view.getText() with or without transformation to match: is "Authorization" and view.getParent() view.getParent() view.getId() is <2131231186/ru.iteco.fmhandroid:id/nav_host_fragment>)
09-07 05:28:34.546  2845  2845 I ViewInteraction: Performing 'wait for a specific view with <(an instance of android.widget.TextView and view.getHint() matching: is "Login" and view.getParent() view.getParent() view.getId() is <2131231121/ru.iteco.fmhandroid:id/login_text_input_layout>)> during 10000 millis.' action on view view.getRootView() to equal view
09-07 05:28:34.549  2845  2845 I ViewInteraction: Checking 'MatchesViewAssertion{viewMatcher=(view has effective visibility <VISIBLE> and view.getGlobalVisibleRect() to return non-empty rectangle)}' assertion on view (an instance of android.widget.TextView and view.getHint() matching: is "Login" and view.getParent() view.getParent() view.getId() is <2131231121/ru.iteco.fmhandroid:id/login_text_input_layout>)
09-07 05:28:34.551  2845  2845 I ViewInteraction: Performing 'wait for a specific view with <(an instance of android.widget.TextView and view.getHint() matching: is "Password" and view.getParent() view.getParent() view.getId() is <2131231264/ru.iteco.fmhandroid:id/password_text_input_layout>)> during 10000 millis.' action on view view.getRootView() to equal view
09-07 05:28:34.553  2845  2845 I ViewInteraction: Checking 'MatchesViewAssertion{viewMatcher=(view has effective visibility <VISIBLE> and view.getGlobalVisibleRect() to return non-empty rectangle)}' assertion on view (an instance of android.widget.TextView and view.getHint() matching: is "Password" and view.getParent() view.getParent() view.getId() is <2131231264/ru.iteco.fmhandroid:id/password_text_input_layout>)
09-07 05:28:34.554  2845  2845 I ViewInteraction: Performing 'wait for a specific view with <(view.getId() is <2131231039/ru.iteco.fmhandroid:id/enter_button> and an instance of android.widget.TextView and view.getText() with or without transformation to match: is "SIGN IN" and view.getContentDescription() is "Save" and view.getParent() view.getParent() an instance of android.widget.RelativeLayout)> during 10000 millis.' action on view view.getRootView() to equal view
09-07 05:28:34.556  2845  2845 I ViewInteraction: Checking 'MatchesViewAssertion{viewMatcher=(view has effective visibility <VISIBLE> and view.getGlobalVisibleRect() to return non-empty rectangle)}' assertion on view (view.getId() is <2131231039/ru.iteco.fmhandroid:id/enter_button> and an instance of android.widget.TextView and view.getText() with or without transformation to match: is "SIGN IN" and view.getContentDescription() is "Save" and view.getParent() view.getParent() an instance of android.widget.RelativeLayout)
09-07 05:28:34.557  2845  2845 I ViewInteraction: Performing 'wait for a specific view with <(an instance of android.widget.TextView and view.getText() with or without transformation to match: is "Authorization" and view.getParent() view.getParent() view.getId() is <2131231186>)> during 10000 millis.' action on view view.getRootView() to equal view
09-07 05:28:34.559  2845  2845 I ViewInteraction: Checking 'MatchesViewAssertion{viewMatcher=(view has effective visibility <VISIBLE> and view.getGlobalVisibleRect() to return non-empty rectangle)}' assertion on view (an instance of android.widget.TextView and view.getText() with or without transformation to match: is "Authorization" and view.getParent() view.getParent() view.getId() is <2131231186/ru.iteco.fmhandroid:id/nav_host_fragment>)
09-07 05:28:34.561  2845  2845 I ViewInteraction: Performing 'wait for a specific view with <(an instance of android.widget.TextView and view.getHint() matching: is "Login" and view.getParent() view.getParent() view.getId() is <2131231121/ru.iteco.fmhandroid:id/login_text_input_layout>)> during 10000 millis.' action on view view.getRootView() to equal view
09-07 05:28:34.563  2845  2845 I ViewInteraction: Checking 'MatchesViewAssertion{viewMatcher=(view has effective visibility <VISIBLE> and view.getGlobalVisibleRect() to return non-empty rectangle)}' assertion on view (an instance of android.widget.TextView and view.getHint() matching: is "Login" and view.getParent() view.getParent() view.getId() is <2131231121/ru.iteco.fmhandroid:id/login_text_input_layout>)
09-07 05:28:34.565  2845  2845 I ViewInteraction: Performing 'wait for a specific view with <(an instance of android.widget.TextView and view.getHint() matching: is "Password" and view.getParent() view.getParent() view.getId() is <2131231264/ru.iteco.fmhandroid:id/password_text_input_layout>)> during 10000 millis.' action on view view.getRootView() to equal view
09-07 05:28:34.567  2845  2845 I ViewInteraction: Checking 'MatchesViewAssertion{viewMatcher=(view has effective visibility <VISIBLE> and view.getGlobalVisibleRect() to return non-empty rectangle)}' assertion on view (an instance of android.widget.TextView and view.getHint() matching: is "Password" and view.getParent() view.getParent() view.getId() is <2131231264/ru.iteco.fmhandroid:id/password_text_input_layout>)
09-07 05:28:34.568  2845  2845 I ViewInteraction: Performing 'wait for a specific view with <(view.getId() is <2131231039/ru.iteco.fmhandroid:id/enter_button> and an instance of android.widget.TextView and view.getText() with or without transformation to match: is "SIGN IN" and view.getContentDescription() is "Save" and view.getParent() view.getParent() an instance of android.widget.RelativeLayout)> during 10000 millis.' action on view view.getRootView() to equal view
09-07 05:28:34.571  2845  2845 I ViewInteraction: Checking 'MatchesViewAssertion{viewMatcher=(view has effective visibility <VISIBLE> and view.getGlobalVisibleRect() to return non-empty rectangle)}' assertion on view (view.getId() is <2131231039/ru.iteco.fmhandroid:id/enter_button> and an instance of android.widget.TextView and view.getText() with or without transformation to match: is "SIGN IN" and view.getContentDescription() is "Save" and view.getParent() view.getParent() an instance of android.widget.RelativeLayout)
09-07 05:28:34.572  2845  2845 I ViewInteraction: Performing 'wait for a specific view with <(an instance of android.widget.TextView and view.getHint() matching: is "Login" and view.getParent() view.getParent() view.getId() is <2131231121/ru.iteco.fmhandroid:id/login_text_input_layout>)> during 10000 millis.' action on view view.getRootView() to equal view
09-07 05:28:34.575  2845  2845 I ViewInteraction: Performing 'replace text(login2)' action on view (an instance of android.widget.TextView and view.getHint() matching: is "Login" and view.getParent() view.getParent() view.getId() is <2131231121/ru.iteco.fmhandroid:id/login_text_input_layout>)
09-07 05:28:34.589  2845  2845 I ViewInteraction: Performing 'wait for a specific view with <(an instance of android.widget.TextView and view.getHint() matching: is "Password" and view.getParent() view.getParent() view.getId() is <2131231264/ru.iteco.fmhandroid:id/password_text_input_layout>)> during 10000 millis.' action on view view.getRootView() to equal view
09-07 05:28:34.591  2845  2845 I ViewInteraction: Performing 'replace text(password2)' action on view (an instance of android.widget.TextView and view.getHint() matching: is "Password" and view.getParent() view.getParent() view.getId() is <2131231264/ru.iteco.fmhandroid:id/password_text_input_layout>)
09-07 05:28:34.602  1792  2272 E GnssHAL_GnssInterface: gnssSvStatusCb: a: input svInfo.flags is 8
09-07 05:28:34.602  1792  2272 E GnssHAL_GnssInterface: gnssSvStatusCb: b: input svInfo.flags is 8
09-07 05:28:34.607  2845  2845 I ViewInteraction: Performing 'wait for a specific view with <(view.getId() is <2131231039/ru.iteco.fmhandroid:id/enter_button> and an instance of android.widget.TextView and view.getText() with or without transformation to match: is "SIGN IN" and view.getContentDescription() is "Save" and view.getParent() view.getParent() an instance of android.widget.RelativeLayout)> during 10000 millis.' action on view view.getRootView() to equal view
09-07 05:28:34.610  2845  2845 I ViewInteraction: Checking 'MatchesViewAssertion{viewMatcher=view.isClickable() is <true>}' assertion on view (view.getId() is <2131231039/ru.iteco.fmhandroid:id/enter_button> and an instance of android.widget.TextView and view.getText() with or without transformation to match: is "SIGN IN" and view.getContentDescription() is "Save" and view.getParent() view.getParent() an instance of android.widget.RelativeLayout)
09-07 05:28:34.612  2845  2845 I ViewInteraction: Performing 'wait for a specific view with <(view.getId() is <2131231039/ru.iteco.fmhandroid:id/enter_button> and an instance of android.widget.TextView and view.getText() with or without transformation to match: is "SIGN IN" and view.getContentDescription() is "Save" and view.getParent() view.getParent() an instance of android.widget.RelativeLayout)> during 10000 millis.' action on view view.getRootView() to equal view
09-07 05:28:34.613  2845  2845 I ViewInteraction: Checking 'MatchesViewAssertion{viewMatcher=view.isClickable() is <true>}' assertion on view (view.getId() is <2131231039/ru.iteco.fmhandroid:id/enter_button> and an instance of android.widget.TextView and view.getText() with or without transformation to match: is "SIGN IN" and view.getContentDescription() is "Save" and view.getParent() view.getParent() an instance of android.widget.RelativeLayout)
09-07 05:28:34.614  2845  2845 I ViewInteraction: Performing 'wait for a specific view with <(view.getId() is <2131231039/ru.iteco.fmhandroid:id/enter_button> and an instance of android.widget.TextView and view.getText() with or without transformation to match: is "SIGN IN" and view.getContentDescription() is "Save" and view.getParent() view.getParent() an instance of android.widget.RelativeLayout)> during 10000 millis.' action on view view.getRootView() to equal view
09-07 05:28:34.616  2845  2845 I ViewInteraction: Performing 'single click' action on view (view.getId() is <2131231039/ru.iteco.fmhandroid:id/enter_button> and an instance of android.widget.TextView and view.getText() with or without transformation to match: is "SIGN IN" and view.getContentDescription() is "Save" and view.getParent() view.getParent() an instance of android.widget.RelativeLayout)
09-07 05:28:34.661  2845  3035 I okhttp.OkHttpClient: --> POST http://www.981757-ca08998.tmweb.ru:8080/fmh/authentication/login
09-07 05:28:34.661  2845  3035 I okhttp.OkHttpClient: Content-Type: application/json; charset=UTF-8
09-07 05:28:34.662  2845  3035 I okhttp.OkHttpClient: Content-Length: 41
09-07 05:28:34.662  2845  3035 I okhttp.OkHttpClient: {"login":"login2","password":"password2"}
09-07 05:28:34.662  2845  3035 I okhttp.OkHttpClient: --> END POST (41-byte body)
09-07 05:28:34.902  2845  2845 I ViewInteraction: Performing 'wait for a specific view with <an instance of android.widget.TextView and view.getText() with or without transformation to match: is "News"> during 10000 millis.' action on view view.getRootView() to equal view
09-07 05:28:35.595  1792  2272 E GnssHAL_GnssInterface: gnssSvStatusCb: a: input svInfo.flags is 8
09-07 05:28:35.595  1792  2272 E GnssHAL_GnssInterface: gnssSvStatusCb: b: input svInfo.flags is 8
09-07 05:28:36.597  1792  2272 E GnssHAL_GnssInterface: gnssSvStatusCb: a: input svInfo.flags is 8
09-07 05:28:36.597  1792  2272 E GnssHAL_GnssInterface: gnssSvStatusCb: b: input svInfo.flags is 8
09-07 05:28:37.101  2845  3607 I okhttp.OkHttpClient: <-- HTTP FAILED: java.net.SocketTimeoutException: timeout
09-07 05:28:37.103  2845  2845 W System.err: ru.iteco.fmhandroid.exceptions.ServerException
09-07 05:28:37.103  2845  2845 W System.err: 	at ru.iteco.fmhandroid.utils.Utils.makeRequest(Utils.kt:119)
09-07 05:28:37.103  2845  2845 W System.err: 	at ru.iteco.fmhandroid.utils.Utils$makeRequest$1.invokeSuspend(Unknown Source:15)
09-07 05:28:37.103  2845  2845 W System.err: 	at kotlin.coroutines.jvm.internal.BaseContinuationImpl.resumeWith(ContinuationImpl.kt:33)
09-07 05:28:37.103  2845  2845 W System.err: 	at kotlinx.coroutines.DispatchedTask.run(DispatchedTask.kt:104)
09-07 05:28:37.103  2845  2845 W System.err: 	at android.os.Handler.handleCallback(Handler.java:883)
09-07 05:28:37.103  2845  2845 W System.err: 	at android.os.Handler.dispatchMessage(Handler.java:100)
09-07 05:28:37.103  2845  2845 W System.err: 	at androidx.test.espresso.base.Interrogator.loopAndInterrogate(Interrogator.java:14)
09-07 05:28:37.103  2845  2845 W System.err: 	at androidx.test.espresso.base.UiControllerImpl.loopUntil(UiControllerImpl.java:8)
09-07 05:28:37.103  2845  2845 W System.err: 	at androidx.test.espresso.base.UiControllerImpl.loopUntil(UiControllerImpl.java:1)
09-07 05:28:37.103  2845  2845 W System.err: 	at androidx.test.espresso.base.UiControllerImpl.loopMainThreadForAtLeast(UiControllerImpl.java:7)
09-07 05:28:37.103  2845  2845 W System.err: 	at androidx.test.espresso.action.GeneralClickAction.perform(GeneralClickAction.java:18)
09-07 05:28:37.103  2845  2845 W System.err: 	at androidx.test.espresso.ViewInteraction$SingleExecutionViewAction.perform(ViewInteraction.java:2)
09-07 05:28:37.103  2845  2845 W System.err: 	at androidx.test.espresso.ViewInteraction.doPerform(ViewInteraction.java:25)
09-07 05:28:37.103  2845  2845 W System.err: 	at androidx.test.espresso.ViewInteraction.-$$Nest$mdoPerform(Unknown Source:0)
09-07 05:28:37.103  2845  2845 W System.err: 	at androidx.test.espresso.ViewInteraction$1.call(ViewInteraction.java:7)
09-07 05:28:37.103  2845  2845 W System.err: 	at androidx.test.espresso.ViewInteraction$1.call(ViewInteraction.java:1)
09-07 05:28:37.103  2845  2845 W System.err: 	at java.util.concurrent.FutureTask.run(FutureTask.java:266)
09-07 05:28:37.103  2845  2845 W System.err: 	at android.os.Handler.handleCallback(Handler.java:883)
09-07 05:28:37.103  2845  2845 W System.err: 	at android.os.Handler.dispatchMessage(Handler.java:100)
09-07 05:28:37.103  2845  2845 W System.err: 	at android.os.Looper.loop(Looper.java:214)
09-07 05:28:37.103  2845  2845 W System.err: 	at android.app.ActivityThread.main(ActivityThread.java:7356)
09-07 05:28:37.104  2845  2845 W System.err: 	at java.lang.reflect.Method.invoke(Native Method)
09-07 05:28:37.104  2845  2845 W System.err: 	at com.android.internal.os.RuntimeInit$MethodAndArgsCaller.run(RuntimeInit.java:492)
09-07 05:28:37.104  2845  2845 W System.err: 	at com.android.internal.os.ZygoteInit.main(ZygoteInit.java:930)
09-07 05:28:37.596  1792  2272 E GnssHAL_GnssInterface: gnssSvStatusCb: a: input svInfo.flags is 8
09-07 05:28:37.596  1792  2272 E GnssHAL_GnssInterface: gnssSvStatusCb: b: input svInfo.flags is 8
09-07 05:28:37.816  1781  1887 W audio_hw_generic: Not supplying enough data to HAL, expected position 69815278 , only wrote 69645604
