09-07 05:27:40.153  1793  2554 D gralloc_ranchu: gralloc_alloc: Creating ashmem region of size 9850880
09-07 05:27:40.157 29289 29310 D EGL_emulation: eglMakeCurrent: 0xda21a1e0: ver 2 0 (tinfo 0xda20f710)
09-07 05:27:40.160  1793  2554 D gralloc_ranchu: gralloc_alloc: Creating ashmem region of size 9850880
09-07 05:27:40.181  2037  2061 W InputReader: Device has associated, but no associated display id.
09-07 05:27:40.181  2037  2061 I chatty  : uid=1000(system) android.anim identical 18 lines
09-07 05:27:40.181  2037  2061 W InputReader: Device has associated, but no associated display id.
09-07 05:27:40.188  1793  2554 D gralloc_ranchu: gralloc_alloc: Creating ashmem region of size 6307840
09-07 05:27:40.204  2921  2954 D EGL_emulation: eglMakeCurrent: 0xe2256960: ver 2 0 (tinfo 0xed4894a0)
09-07 05:27:40.232  2182  2468 D EGL_emulation: eglMakeCurrent: 0xda21a360: ver 2 0 (tinfo 0xda20f590)
09-07 05:27:40.242  2182  2182 W View    : requestLayout() improperly called by com.android.keyguard.AlphaOptimizedLinearLayout{551c6d8 V.E...... ......ID 7,0-48,61 #7f0a041c app:id/wifi_group} during second layout pass: posting in next frame
09-07 05:27:40.256  1823  1823 W SurfaceFlinger: couldn't log to binary event log: overflow.
09-07 05:27:40.257  2182  2182 W View    : requestLayout() improperly called by StatusBarIconView(slot=mobile icon=null notification=null) during layout: running second layout pass
09-07 05:27:40.261  2182  2468 D EGL_emulation: eglMakeCurrent: 0xda21a360: ver 2 0 (tinfo 0xda20f590)
09-07 05:27:40.299  2845  2901 E TestRunner: failed: shouldChangeNewsTitle(ru.iteco.fmhandroid.ui.ControlPanelTest)
09-07 05:27:40.299  2845  2901 E TestRunner: ----- begin exception -----
09-07 05:27:40.299  2845  2901 E TestRunner: androidx.test.espresso.PerformException: Error performing 'scroll RecyclerView to: holder with view: ((view is an instance of android.view.ViewGroup and has descendant matching an instance of android.widget.TextView and view.getText() with or without transformation to match: is "Заголовок ca349f2e-a20e-4199-94f1-c444967ca36b"))' on view 'view.getId() is <2131231230/ru.iteco.fmhandroid:id/news_list_recycler_view>'.
09-07 05:27:40.299  2845  2901 E TestRunner: 	at androidx.test.espresso.PerformException$Builder.build(PerformException.java:1)
09-07 05:27:40.299  2845  2901 E TestRunner: 	at androidx.test.espresso.base.PerformExceptionHandler.handleSafely(PerformExceptionHandler.java:8)
09-07 05:27:40.299  2845  2901 E TestRunner: 	at androidx.test.espresso.base.PerformExceptionHandler.handleSafely(PerformExceptionHandler.java:9)
09-07 05:27:40.299  2845  2901 E TestRunner: 	at androidx.test.espresso.base.DefaultFailureHandler$TypedFailureHandler.handle(DefaultFailureHandler.java:4)
09-07 05:27:40.299  2845  2901 E TestRunner: 	at androidx.test.espresso.base.DefaultFailureHandler.handle(DefaultFailureHandler.java:5)
09-07 05:27:40.299  2845  2901 E TestRunner: 	at androidx.test.espresso.ViewInteraction.waitForAndHandleInteractionResults(ViewInteraction.java:8)
09-07 05:27:40.299  2845  2901 E TestRunner: 	at androidx.test.espresso.ViewInteraction.desugaredPerform(ViewInteraction.java:11)
09-07 05:27:40.299  2845  2901 E TestRunner: 	at androidx.test.espresso.ViewInteraction.perform(ViewInteraction.java:8)
09-07 05:27:40.299  2845  2901 E TestRunner: 	at ru.iteco.fmhandroid.ui.steps.ControlPanelSteps.scrollToElementInRecyclerList(ControlPanelSteps.java:204)
09-07 05:27:40.299  2845  2901 E TestRunner: 	at ru.iteco.fmhandroid.ui.steps.ControlPanelSteps.checkNewsIsPresent(ControlPanelSteps.java:309)
09-07 05:27:40.299  2845  2901 E TestRunner: 	at ru.iteco.fmhandroid.ui.steps.ControlPanelSteps.openNewsCard(ControlPanelSteps.java:323)
09-07 05:27:40.299  2845  2901 E TestRunner: 	at ru.iteco.fmhandroid.ui.ControlPanelTest.shouldChangeNewsTitle(ControlPanelTest.java:239)
09-07 05:27:40.299  2845  2901 E TestRunner: 	at java.lang.reflect.Method.invoke(Native Method)
09-07 05:27:40.299  2845  2901 E TestRunner: 	at org.junit.runners.model.FrameworkMethod$1.runReflectiveCall(FrameworkMethod.java:59)
09-07 05:27:40.299  2845  2901 E TestRunner: 	at org.junit.internal.runners.model.ReflectiveCallable.run(ReflectiveCallable.java:12)
09-07 05:27:40.299  2845  2901 E TestRunner: 	at org.junit.runners.model.FrameworkMethod.invokeExplosively(FrameworkMethod.java:56)
09-07 05:27:40.299  2845  2901 E TestRunner: 	at org.junit.internal.runners.statements.InvokeMethod.evaluate(InvokeMethod.java:17)
09-07 05:27:40.299  2845  2901 E TestRunner: 	at androidx.test.internal.runner.junit4.statement.RunBefores.evaluate(RunBefores.java:80)
09-07 05:27:40.299  2845  2901 E TestRunner: 	at io.qameta.allure.android.rules.ScreenshotRule$apply$1.evaluate(ScreenshotRule.kt:22)
09-07 05:27:40.299  2845  2901 E TestRunner: 	at org.junit.rules.ExternalResource$1.evaluate(ExternalResource.java:54)
09-07 05:27:40.299  2845  2901 E TestRunner: 	at io.qameta.allure.android.rules.LogcatRule$apply$1.evaluate(LogcatRule.kt:23)
09-07 05:27:40.299  2845  2901 E TestRunner: 	at org.junit.rules.RunRules.evaluate(RunRules.java:20)
09-07 05:27:40.299  2845  2901 E TestRunner: 	at org.junit.runners.ParentRunner$3.evaluate(ParentRunner.java:306)
09-07 05:27:40.299  2845  2901 E TestRunner: 	at org.junit.runners.BlockJUnit4ClassRunner$1.evaluate(BlockJUnit4ClassRunner.java:100)
09-07 05:27:40.299  2845  2901 E TestRunner: 	at org.junit.runners.ParentRunner.runLeaf(ParentRunner.java:366)
09-07 05:27:40.299  2845  2901 E TestRunner: 	at org.junit.runners.BlockJUnit4ClassRunner.runChild(BlockJUnit4ClassRunner.java:103)
09-07 05:27:40.299  2845  2901 E TestRunner: 	at org.junit.runners.BlockJUnit4ClassRunner.runChild(BlockJUnit4ClassRunner.java:63)
09-07 05:27:40.299  2845  2901 E TestRunner: 	at org.junit.runners.ParentRunner$4.run(ParentRunner.java:331)
09-07 05:27:40.299  2845  2901 E TestRunner: 	at org.junit.runners.ParentRunner$1.schedule(ParentRunner.java:79)
09-07 05:27:40.299  2845  2901 E TestRunner: 	at org.junit.runners.ParentRunner.runChildren(ParentRunner.java:329)
09-07 05:27:40.299  2845  2901 E TestRunner: 	at org.junit.runners.ParentRunner.access$100(ParentRunner.java:66)
09-07 05:27:40.299  2845  2901 E TestRunner: 	at org.junit.runners.ParentRunner$2.evaluate(ParentRunner.java:293)
09-07 05:27:40.299  2845  2901 E TestRunner: 	at org.junit.runners.ParentRunner$3.evaluate(ParentRunner.java:306)
09-07 05:27:40.299  2845  2901 E TestRunner: 	at org.junit.runners.ParentRunner.run(ParentRunner.java:413)
09-07 05:27:40.299  2845  2901 E TestRunner: 	at androidx.test.ext.junit.runners.AndroidJUnit4.run(AndroidJUnit4.java:162)
09-07 05:27:40.299  2845  2901 E TestRunner: 	at io.qameta.allure.android.runners.AllureAndroidJUnit4.run(AllureAndroidJUnitRunners.kt:29)
09-07 05:27:40.299  2845  2901 E TestRunner: 	at org.junit.runners.Suite.runChild(Suite.java:128)
09-07 05:27:40.299  2845  2901 E TestRunner: 	at org.junit.runners.Suite.runChild(Suite.java:27)
09-07 05:27:40.299  2845  2901 E TestRunner: 	at org.junit.runners.ParentRunner$4.run(ParentRunner.java:331)
09-07 05:27:40.299  2845  2901 E TestRunner: 	at org.junit.runners.ParentRunner$1.schedule(ParentRunner.java:79)
09-07 05:27:40.299  2845  2901 E TestRunner: 	at org.junit.runners.ParentRunner.runChildren(ParentRunner.java:329)
09-07 05:27:40.299  2845  2901 E TestRunner: 	at org.junit.runners.ParentRunner.access$100(ParentRunner.java:66)
09-07 05:27:40.299  2845  2901 E TestRunner: 	at org.junit.runners.ParentRunner$2.evaluate(ParentRunner.java:293)
09-07 05:27:40.299  2845  2901 E TestRunner: 	at org.junit.runners.ParentRunner$3.evaluate(ParentRunner.java:306)
09-07 05:27:40.299  2845  2901 E TestRunner: 	at org.junit.runners.ParentRunner.run(ParentRunner.java:413)
09-07 05:27:40.299  2845  2901 E TestRunner: 	at org.junit.runner.JUnitCore.run(JUnitCore.java:137)
09-07 05:27:40.299  2845  2901 E TestRunner: 	at org.junit.runner.JUnit
09-07 05:27:40.299  2845  2901 E TestRunner: ----- end exception -----
09-07 05:27:40.300  2845  2901 I TestRunner: finished: shouldChangeNewsTitle(ru.iteco.fmhandroid.ui.ControlPanelTest)
09-07 05:27:40.350  2845  2901 I TestRunner: started: shouldOpenTheNewsForEditing(ru.iteco.fmhandroid.ui.ControlPanelTest)
09-07 05:27:40.365  2845  2901 W Settings: Setting always_finish_activities has moved from android.provider.Settings.System to android.provider.Settings.Global, returning read-only value.
09-07 05:27:40.368  2037  2428 I ActivityTaskManager: START u0 {act=android.intent.action.MAIN cat=[android.intent.category.LAUNCHER] flg=0x10008000 cmp=ru.iteco.fmhandroid.test/androidx.test.core.app.InstrumentationActivityInvoker$BootstrapActivity (has extras)} from uid 10136
09-07 05:27:40.375  2037  2061 E system_server: Invalid ID 0x00000000.
09-07 05:27:40.378  2037  2428 W InputReader: Device has associated, but no associated display id.
09-07 05:27:40.379  2037  2146 D ConnectivityService: releasing NetworkRequest [ TRACK_DEFAULT id=189, [ Capabilities: INTERNET&NOT_RESTRICTED&TRUSTED Uid: 10113] ] (release request)
09-07 05:27:40.379  2037  2428 I chatty  : uid=1000(system) Binder:2037_8 identical 38 lines
09-07 05:27:40.379  2037  2428 W InputReader: Device has associated, but no associated display id.
09-07 05:27:40.380  2921  2921 W ActivityThread: handleWindowVisibility: no activity for token android.os.BinderProxy@dbd3d0f
09-07 05:27:40.381  2037  2428 W InputReader: Device has associated, but no associated display id.
09-07 05:27:40.381  2037  2428 I chatty  : uid=1000(system) Binder:2037_8 identical 8 lines
09-07 05:27:40.381  2037  2428 W InputReader: Device has associated, but no associated display id.
09-07 05:27:40.395  1793  2554 D gralloc_ranchu: gralloc_alloc: Creating ashmem region of size 9850880
09-07 05:27:40.424  2037  2055 I ActivityTaskManager: START u0 {act=android.intent.action.MAIN cat=[android.intent.category.LAUNCHER] cmp=ru.iteco.fmhandroid/.ui.AppActivity} from uid 10136
09-07 05:27:40.436  2037  2056 W InputReader: Device has associated, but no associated display id.
09-07 05:27:40.441  2037  2056 I chatty  : uid=1000(system) Binder:2037_2 identical 48 lines
09-07 05:27:40.441  2037  2056 W InputReader: Device has associated, but no associated display id.
09-07 05:27:40.442  2845  2845 W ActivityThread: handleWindowVisibility: no activity for token android.os.BinderProxy@4224835
09-07 05:27:40.468  2037  2061 W InputReader: Device has associated, but no associated display id.
09-07 05:27:40.470  2037  2061 I chatty  : uid=1000(system) android.anim identical 18 lines
09-07 05:27:40.470  2037  2061 W InputReader: Device has associated, but no associated display id.
09-07 05:27:40.470  1793  2554 D gralloc_ranchu: gralloc_alloc: Creating ashmem region of size 6307840
09-07 05:27:40.490 29289 29310 D EGL_emulation: eglMakeCurrent: 0xda21a1e0: ver 2 0 (tinfo 0xda20f710)
09-07 05:27:40.493  2845  2845 D LifecycleMonitor: Lifecycle status change: ru.iteco.fmhandroid.ui.AppActivity@5bc32b1 in: PRE_ON_CREATE
09-07 05:27:40.493  2845  2845 V ActivityScenario: Activity lifecycle changed event received but ignored because the reported transition was not ON_CREATE while the last known transition was PRE_ON_CREATE
09-07 05:27:40.505  2845  2892 V FA      : onActivityCreated
09-07 05:27:40.511  2845  2845 D LifecycleMonitor: Lifecycle status change: ru.iteco.fmhandroid.ui.AppActivity@5bc32b1 in: CREATED
09-07 05:27:40.511  2845  2845 V ActivityScenario: Update currentActivityStage to CREATED, currentActivity=ru.iteco.fmhandroid.ui.AppActivity@5bc32b1
09-07 05:27:40.514  2182  2468 D EGL_emulation: eglMakeCurrent: 0xda21a360: ver 2 0 (tinfo 0xda20f590)
09-07 05:27:40.519  2182  2182 W View    : requestLayout() improperly called by com.android.keyguard.AlphaOptimizedLinearLayout{551c6d8 V.E...... ......ID 7,0-48,61 #7f0a041c app:id/wifi_group} during second layout pass: posting in next frame
09-07 05:27:40.532  2182  2182 W View    : requestLayout() improperly called by StatusBarIconView(slot=mobile icon=null notification=null) during layout: running second layout pass
09-07 05:27:40.535  2182  2468 D EGL_emulation: eglMakeCurrent: 0xda21a360: ver 2 0 (tinfo 0xda20f590)
09-07 05:27:40.547  2845  2845 D LifecycleMonitor: Lifecycle status change: ru.iteco.fmhandroid.ui.AppActivity@5bc32b1 in: STARTED
09-07 05:27:40.547  2845  2845 V ActivityScenario: Update currentActivityStage to STARTED, currentActivity=ru.iteco.fmhandroid.ui.AppActivity@5bc32b1
09-07 05:27:40.549  2845  2845 D LifecycleMonitor: Lifecycle status change: ru.iteco.fmhandroid.ui.AppActivity@5bc32b1 in: RESUMED
09-07 05:27:40.549  2845  2845 V ActivityScenario: Update currentActivityStage to RESUMED, currentActivity=ru.iteco.fmhandroid.ui.AppActivity@5bc32b1
09-07 05:27:40.550  2845  3380 V FA      : Activity resumed, time: 7384442
09-07 05:27:40.594  1792  2272 E GnssHAL_GnssInterface: gnssSvStatusCb: a: input svInfo.flags is 8
09-07 05:27:40.594  1792  2272 E GnssHAL_GnssInterface: gnssSvStatusCb: b: input svInfo.flags is 8
09-07 05:27:40.596  1793  2554 D gralloc_ranchu: gralloc_alloc: Creating ashmem region of size 9113600
09-07 05:27:40.610  1793  2554 D gralloc_ranchu: gralloc_alloc: Creating ashmem region of size 9113600
09-07 05:27:40.615  1793 14098 D gralloc_ranchu: gralloc_alloc: Creating ashmem region of size 9113600
09-07 05:27:40.616  2845  2957 D EGL_emulation: eglMakeCurrent: 0xda21b080: ver 2 0 (tinfo 0xda20fd30)
09-07 05:27:40.653  7867  3385 V FA-SVC  : Logging event: origin=auto,name=screen_view(_vs),params=Bundle[{ga_event_origin(_o)=auto, ga_previous_class(_pc)=AppActivity, ga_previous_id(_pi)=5126745013386989260, ga_screen_class(_sc)=AppActivity, ga_screen_id(_si)=5126745013386989261}]
09-07 05:27:40.663  2182  2182 W View    : requestLayout() improperly called by com.android.keyguard.AlphaOptimizedLinearLayout{551c6d8 V.E...... ......ID 7,0-48,61 #7f0a041c app:id/wifi_group} during second layout pass: posting in next frame
09-07 05:27:40.667  7867  3385 V FA-SVC  : Upload scheduled in approximately ms: 3580283
09-07 05:27:40.667  7867  3385 V FA-SVC  : Unscheduling upload
09-07 05:27:40.668  2037  2065 I ActivityTaskManager: Displayed ru.iteco.fmhandroid/.ui.AppActivity: +287ms
09-07 05:27:40.680  2182  2182 W View    : requestLayout() improperly called by StatusBarIconView(slot=mobile icon=null notification=null) during layout: running second layout pass
09-07 05:27:40.700  7867  3385 V FA-SVC  : Scheduling upload, millis: 3580283
09-07 05:27:40.718  7867  3385 V FA-SVC  : Background event processing time, ms: 65
09-07 05:27:40.721  2845  2845 I ViewInteraction: Performing 'wait for a specific view with <(an instance of android.widget.TextView and view.getText() with or without transformation to match: is "Authorization" and view.getParent() view.getParent() view.getId() is <2131231186>)> during 10000 millis.' action on view view.getRootView() to equal view
09-07 05:27:40.733  2182  2182 W View    : requestLayout() improperly called by com.android.keyguard.AlphaOptimizedLinearLayout{551c6d8 V.E...... ......ID 7,0-48,61 #7f0a041c app:id/wifi_group} during second layout pass: posting in next frame
09-07 05:27:40.734  2182  2182 W View    : requestLayout() improperly called by StatusBarIconView(slot=mobile icon=null notification=null) during layout: running second layout pass
09-07 05:27:40.758  2182  2182 W View    : requestLayout() improperly called by com.android.keyguard.AlphaOptimizedLinearLayout{551c6d8 V.E...... ......ID 7,0-48,61 #7f0a041c app:id/wifi_group} during second layout pass: posting in next frame
09-07 05:27:40.770  2182  2182 W View    : requestLayout() improperly called by StatusBarIconView(slot=mobile icon=null notification=null) during layout: running second layout pass
09-07 05:27:40.792  2182  2182 W View    : requestLayout() improperly called by com.android.keyguard.AlphaOptimizedLinearLayout{551c6d8 V.E...... ......ID 7,0-48,61 #7f0a041c app:id/wifi_group} during second layout pass: posting in next frame
09-07 05:27:40.806  2182  2182 W View    : requestLayout() improperly called by StatusBarIconView(slot=mobile icon=null notification=null) during layout: running second layout pass
09-07 05:27:40.828  2182  2182 W View    : requestLayout() improperly called by com.android.keyguard.AlphaOptimizedLinearLayout{551c6d8 V.E...... ......ID 7,0-48,61 #7f0a041c app:id/wifi_group} during second layout pass: posting in next frame
09-07 05:27:40.843  2182  2182 W View    : requestLayout() improperly called by StatusBarIconView(slot=mobile icon=null notification=null) during layout: running second layout pass
09-07 05:27:40.865  2182  2182 W View    : requestLayout() improperly called by com.android.keyguard.AlphaOptimizedLinearLayout{551c6d8 V.E...... ......ID 7,0-48,61 #7f0a041c app:id/wifi_group} during second layout pass: posting in next frame
09-07 05:27:40.878  2182  2182 W View    : requestLayout() improperly called by StatusBarIconView(slot=mobile icon=null notification=null) during layout: running second layout pass
09-07 05:27:40.901  2182  2182 W View    : requestLayout() improperly called by com.android.keyguard.AlphaOptimizedLinearLayout{551c6d8 V.E...... ......ID 7,0-48,61 #7f0a041c app:id/wifi_group} during second layout pass: posting in next frame
09-07 05:27:40.916  2182  2182 W View    : requestLayout() improperly called by StatusBarIconView(slot=mobile icon=null notification=null) during layout: running second layout pass
09-07 05:27:41.285  2037  2037 W PendingFillRequest: timed out after 5000 ms
09-07 05:27:41.590  1792  2272 E GnssHAL_GnssInterface: gnssSvStatusCb: a: input svInfo.flags is 8
09-07 05:27:41.590  1792  2272 E GnssHAL_GnssInterface: gnssSvStatusCb: b: input svInfo.flags is 8
09-07 05:27:42.319  1781  1781 W audio_hw_generic: Not supplying enough data to HAL, expected position 68795933 , only wrote 68449194
09-07 05:27:42.591  1792  2272 E GnssHAL_GnssInterface: gnssSvStatusCb: a: input svInfo.flags is 8
09-07 05:27:42.591  1792  2272 E GnssHAL_GnssInterface: gnssSvStatusCb: b: input svInfo.flags is 8
09-07 05:27:43.552  2845  2990 I okhttp.OkHttpClient: --> GET http://www.981757-ca08998.tmweb.ru:8080/fmh/authentication/userInfo
09-07 05:27:43.553  2845  2990 I okhttp.OkHttpClient: --> END GET
09-07 05:27:43.591  1792  2272 E GnssHAL_GnssInterface: gnssSvStatusCb: a: input svInfo.flags is 8
09-07 05:27:43.591  1792  2272 E GnssHAL_GnssInterface: gnssSvStatusCb: b: input svInfo.flags is 8
09-07 05:27:43.784  2845  2990 I okhttp.OkHttpClient: <-- 200 http://www.981757-ca08998.tmweb.ru:8080/fmh/authentication/userInfo (229ms)
09-07 05:27:43.784  2845  2990 I okhttp.OkHttpClient: Vary: Origin
09-07 05:27:43.784  2845  2990 I okhttp.OkHttpClient: Vary: Access-Control-Request-Method
09-07 05:27:43.784  2845  2990 I okhttp.OkHttpClient: Vary: Access-Control-Request-Headers
09-07 05:27:43.784  2845  2990 I okhttp.OkHttpClient: X-Content-Type-Options: nosniff
09-07 05:27:43.784  2845  2990 I okhttp.OkHttpClient: X-XSS-Protection: 1; mode=block
09-07 05:27:43.784  2845  2990 I okhttp.OkHttpClient: Cache-Control: no-cache, no-store, max-age=0, must-revalidate
09-07 05:27:43.786  2845  2990 I okhttp.OkHttpClient: Pragma: no-cache
09-07 05:27:43.786  2845  2990 I okhttp.OkHttpClient: Expires: 0
09-07 05:27:43.786  2845  2990 I okhttp.OkHttpClient: X-Frame-Options: DENY
09-07 05:27:43.786  2845  2990 I okhttp.OkHttpClient: Content-Type: application/json
09-07 05:27:43.786  2845  2990 I okhttp.OkHttpClient: Transfer-Encoding: chunked
09-07 05:27:43.786  2845  2990 I okhttp.OkHttpClient: Date: Thu, 07 Sep 2023 05:27:44 GMT
09-07 05:27:43.788  2845  2990 I okhttp.OkHttpClient: Keep-Alive: timeout=60
09-07 05:27:43.789  2845  2990 I okhttp.OkHttpClient: Connection: keep-alive
09-07 05:27:43.791  2845  2990 I okhttp.OkHttpClient: {"id":1,"firstName":"Ivan","lastName":"Ivanov","middleName":"Ivanovich","admin":true}
09-07 05:27:43.791  2845  2990 I okhttp.OkHttpClient: <-- END HTTP (85-byte body)
09-07 05:27:43.798  2845  3607 I okhttp.OkHttpClient: --> GET http://www.981757-ca08998.tmweb.ru:8080/fmh/claims
09-07 05:27:43.798  2845  3607 I okhttp.OkHttpClient: --> END GET
09-07 05:27:43.802  1774  3781 E ResolverController: No valid NAT64 prefix (101, <unspecified>/0)
09-07 05:27:43.843  2845  2957 D EGL_emulation: eglMakeCurrent: 0xda21b080: ver 2 0 (tinfo 0xda20fd30)
09-07 05:27:43.845  1793 14098 D gralloc_ranchu: gralloc_alloc: Creating ashmem region of size 9850880
09-07 05:27:43.856  2182  2182 W View    : requestLayout() improperly called by com.android.keyguard.AlphaOptimizedLinearLayout{551c6d8 V.E...... ......ID 7,0-48,61 #7f0a041c app:id/wifi_group} during second layout pass: posting in next frame
09-07 05:27:43.864  2182  2182 W View    : requestLayout() improperly called by StatusBarIconView(slot=mobile icon=null notification=null) during layout: running second layout pass
09-07 05:27:43.864  2845  2957 D EGL_emulation: eglMakeCurrent: 0xda21b080: ver 2 0 (tinfo 0xda20fd30)
09-07 05:27:43.904  1793 14098 D gralloc_ranchu: gralloc_alloc: Creating ashmem region of size 9850880
09-07 05:27:43.931  1793 14098 D gralloc_ranchu: gralloc_alloc: Creating ashmem region of size 9850880
09-07 05:27:44.592  1792  2272 E GnssHAL_GnssInterface: gnssSvStatusCb: a: input svInfo.flags is 8
09-07 05:27:44.592  1792  2272 E GnssHAL_GnssInterface: gnssSvStatusCb: b: input svInfo.flags is 8
09-07 05:27:45.591  1792  2272 E GnssHAL_GnssInterface: gnssSvStatusCb: a: input svInfo.flags is 8
09-07 05:27:45.591  1792  2272 E GnssHAL_GnssInterface: gnssSvStatusCb: b: input svInfo.flags is 8
09-07 05:27:45.646  2845  3380 V FA      : Inactivity, disconnecting from the service
09-07 05:27:46.593  1792  2272 E GnssHAL_GnssInterface: gnssSvStatusCb: a: input svInfo.flags is 8
09-07 05:27:46.593  1792  2272 E GnssHAL_GnssInterface: gnssSvStatusCb: b: input svInfo.flags is 8
09-07 05:27:47.592  1792  2272 E GnssHAL_GnssInterface: gnssSvStatusCb: a: input svInfo.flags is 8
09-07 05:27:47.592  1792  2272 E GnssHAL_GnssInterface: gnssSvStatusCb: b: input svInfo.flags is 8
09-07 05:27:48.592  1792  2272 E GnssHAL_GnssInterface: gnssSvStatusCb: a: input svInfo.flags is 8
09-07 05:27:48.592  1792  2272 E GnssHAL_GnssInterface: gnssSvStatusCb: b: input svInfo.flags is 8
09-07 05:27:49.299  1939  1939 E wifi_forwarder: RemoteConnection failed to initialize: RemoteConnection failed to open pipe
09-07 05:27:49.591  1792  2272 E GnssHAL_GnssInterface: gnssSvStatusCb: a: input svInfo.flags is 8
09-07 05:27:49.591  1792  2272 E GnssHAL_GnssInterface: gnssSvStatusCb: b: input svInfo.flags is 8
09-07 05:27:49.720  1937  1937 E netmgr  : Failed to open QEMU pipe 'qemud:network': Invalid argument
09-07 05:27:50.592  1792  2272 E GnssHAL_GnssInterface: gnssSvStatusCb: a: input svInfo.flags is 8
09-07 05:27:50.592  1792  2272 E GnssHAL_GnssInterface: gnssSvStatusCb: b: input svInfo.flags is 8
09-07 05:27:50.653  7867  7867 D BoundBrokerSvc: onUnbind: Intent { act=com.google.android.gms.measurement.START pkg=com.google.android.gms }
09-07 05:27:50.744  2845  2845 D takeScreenshot: Found 1 global views to redraw
09-07 05:27:50.797  1793 14098 D gralloc_ranchu: gralloc_alloc: Creating ashmem region of size 9850880
09-07 05:27:50.836  2845  2901 W DefaultFailureHandler: Failed to take screenshot
09-07 05:27:50.836  2845  2901 W DefaultFailureHandler: java.io.FileNotFoundException: view-op-error-14.png: open failed: EROFS (Read-only file system)
09-07 05:27:50.836  2845  2901 W DefaultFailureHandler: 	at libcore.io.IoBridge.open(IoBridge.java:496)
09-07 05:27:50.836  2845  2901 W DefaultFailureHandler: 	at java.io.FileOutputStream.<init>(FileOutputStream.java:235)
09-07 05:27:50.836  2845  2901 W DefaultFailureHandler: 	at java.io.FileOutputStream.<init>(FileOutputStream.java:125)
09-07 05:27:50.836  2845  2901 W DefaultFailureHandler: 	at androidx.test.platform.io.FileTestStorage.openOutputFile(FileTestStorage.java:60)
09-07 05:27:50.836  2845  2901 W DefaultFailureHandler: 	at androidx.test.core.graphics.BitmapStorage.writeToTestStorage(BitmapStorageExt.kt:49)
09-07 05:27:50.836  2845  2901 W DefaultFailureHandler: 	at androidx.test.espresso.base.DefaultFailureHandler.takeScreenshot(DefaultFailureHandler.java:4)
09-07 05:27:50.836  2845  2901 W DefaultFailureHandler: 	at androidx.test.espresso.base.DefaultFailureHandler.handle(DefaultFailureHandler.java:3)
09-07 05:27:50.836  2845  2901 W DefaultFailureHandler: 	at androidx.test.espresso.ViewInteraction.waitForAndHandleInteractionResults(ViewInteraction.java:8)
09-07 05:27:50.836  2845  2901 W DefaultFailureHandler: 	at androidx.test.espresso.ViewInteraction.desugaredPerform(ViewInteraction.java:11)
09-07 05:27:50.836  2845  2901 W DefaultFailureHandler: 	at androidx.test.espresso.ViewInteraction.perform(ViewInteraction.java:8)
09-07 05:27:50.836  2845  2901 W DefaultFailureHandler: 	at ru.iteco.fmhandroid.ui.data.TestUtils.waitView(TestUtils.java:61)
09-07 05:27:50.836  2845  2901 W DefaultFailureHandler: 	at ru.iteco.fmhandroid.ui.steps.AuthSteps.isAuthScreen(AuthSteps.java:58)
09-07 05:27:50.836  2845  2901 W DefaultFailureHandler: 	at ru.iteco.fmhandroid.ui.ControlPanelTest.logoutCheckAndOpenControlPanelPage(ControlPanelTest.java:58)
09-07 05:27:50.836  2845  2901 W DefaultFailureHandler: 	at java.lang.reflect.Method.invoke(Native Method)
09-07 05:27:50.836  2845  2901 W DefaultFailureHandler: 	at org.junit.runners.model.FrameworkMethod$1.runReflectiveCall(FrameworkMethod.java:59)
09-07 05:27:50.836  2845  2901 W DefaultFailureHandler: 	at org.junit.internal.runners.model.ReflectiveCallable.run(ReflectiveCallable.java:12)
09-07 05:27:50.836  2845  2901 W DefaultFailureHandler: 	at org.junit.runners.model.FrameworkMethod.invokeExplosively(FrameworkMethod.java:56)
09-07 05:27:50.836  2845  2901 W DefaultFailureHandler: 	at androidx.test.internal.runner.junit4.statement.RunBefores.evaluate(RunBefores.java:76)
09-07 05:27:50.836  2845  2901 W DefaultFailureHandler: 	at io.qameta.allure.android.rules.ScreenshotRule$apply$1.evaluate(ScreenshotRule.kt:22)
09-07 05:27:50.836  2845  2901 W DefaultFailureHandler: 	at org.junit.rules.ExternalResource$1.evaluate(ExternalResource.java:54)
09-07 05:27:50.836  2845  2901 W DefaultFailureHandler: 	at io.qameta.allure.android.rules.LogcatRule$apply$1.evaluate(LogcatRule.kt:23)
09-07 05:27:50.836  2845  2901 W DefaultFailureHandler: 	at org.junit.rules.RunRules.evaluate(RunRules.java:20)
09-07 05:27:50.836  2845  2901 W DefaultFailureHandler: 	at org.junit.runners.ParentRunner$3.evaluate(ParentRunner.java:306)
09-07 05:27:50.836  2845  2901 W DefaultFailureHandler: 	at org.junit.runners.BlockJUnit4ClassRunner$1.evaluate(BlockJUnit4ClassRunner.java:100)
09-07 05:27:50.836  2845  2901 W DefaultFailureHandler: 	at org.junit.runners.ParentRunner.runLeaf(ParentRunner.java:366)
09-07 05:27:50.836  2845  2901 W DefaultFailureHandler: 	at org.junit.runners.BlockJUnit4ClassRunner.runChild(BlockJUnit4ClassRunner.java:103)
09-07 05:27:50.836  2845  2901 W DefaultFailureHandler: 	at org.junit.runners.BlockJUnit4ClassRunner.runChild(BlockJUnit4ClassRunner.java:63)
09-07 05:27:50.836  2845  2901 W DefaultFailureHandler: 	at org.junit.runners.ParentRunner$4.run(ParentRunner.java:331)
09-07 05:27:50.836  2845  2901 W DefaultFailureHandler: 	at org.junit.runners.ParentRunner$1.schedule(ParentRunner.java:79)
09-07 05:27:50.836  2845  2901 W DefaultFailureHandler: 	at org.junit.runners.ParentRunner.runChildren(ParentRunner.java:329)
09-07 05:27:50.836  2845  2901 W DefaultFailureHandler: 	at org.junit.runners.ParentRunner.access$100(ParentRunner.java:66)
09-07 05:27:50.836  2845  2901 W DefaultFailureHandler: 	at org.junit.runners.ParentRunner$2.evaluate(ParentRunner.java:293)
09-07 05:27:50.836  2845  2901 W DefaultFailureHandler: 	at org.junit.runners.ParentRunner$3.evaluate(ParentRunner.java:306)
09-07 05:27:50.836  2845  2901 W DefaultFailureHandler: 	at org.junit.runners.ParentRunner.run(ParentRunner.java:413)
09-07 05:27:50.836  2845  2901 W DefaultFailureHandler: 	at androidx.test.ext.junit.runners.AndroidJUnit4.run(AndroidJUnit4.java:162)
09-07 05:27:50.836  2845  2901 W DefaultFailureHandler: 	at io.qameta.allure.android.runners.AllureAndroidJUnit4.run(AllureAndroidJUnitRunners.kt:29)
09-07 05:27:50.836  2845  2901 W DefaultFailureHandler: 	at org.junit.runners.Suite.runChild(Suite.java:128)
09-07 05:27:50.836  2845  2901 W DefaultFailureHandler: 	at org.junit.runners.Suite.runChild(Suite.java:27)
09-07 05:27:50.836  2845  2901 W DefaultFailureHandler: 	at org.junit.runners.ParentRunner$4.run(ParentRunner.java:331)
09-07 05:27:50.836  2845  2901 W DefaultFailureHandler: 	at org.junit.runners.ParentRunner$1.schedule(ParentRunner.java:79)
09-07 05:27:50.836  2845  2901 W DefaultFailureHandler: 	at org.junit.runners.ParentRunner.runChildren(ParentRunner.java:329)
09-07 05:27:50.836  2845  2901 W DefaultFailureHandler: 	at org.junit.runners.ParentRunner.access$100(ParentRunner.java:66)
09-07 05:27:50.836  2845  2901 W DefaultFailureHandler: 	at org.junit.runners.ParentRunner$2.evaluate(ParentRunner.java:293)
09-07 05:27:50.836  2845  2901 W DefaultFailureHandler: 	at org.junit.runners.ParentRunner$3.evaluate(ParentRunner.java:306)
09-07 05:27:50.836  2845  2901 W DefaultFailureHandler: 	at org.junit.runners.ParentRunner.run(ParentRunner.java:413)
09-07 05:27:50.836  2845  2901 W DefaultFailureHandler: 	at org.junit.runner.JUnitCore.run(JUnitCore.java:137)
09-07 05:27:50.836  2845  2901 W DefaultFailureHandler: 	at org.junit.runner.JUnitCore.run(JUnitCore.java:115)
09-07 05:27:50.836  2845  2901 W DefaultFailureHandler: 	at androidx.test.internal.runner.TestExecutor.execute(TestExecutor.java:67)
09-07 05:27:50.836  2845  2901 W DefaultFailureHandler: 	at androidx.test.internal.runner.TestExecutor.execute(TestExecutor.java:58)
09-07 05:27:50.836  2845  2901 W DefaultFailureHandler: 	at androidx.test.runner.AndroidJUnitRunner.onStart(AndroidJUnitRunner.java:438)
09-07 05:27:50.836  2845  2901 W DefaultFailureHandler: 	at android.app.Instrumentation$InstrumentationThread.run(Instrumentation.java:2189)
09-07 05:27:50.836  2845  2901 W DefaultFailureHandler: Caused by: android.system.ErrnoException: open failed: EROFS (Read-only file system)
09-07 05:27:50.836  2845  2901 W DefaultFailureHandler: 	at libcore.io.Linux.open(Native Method)
09-07 05:27:50.836  2845  2901 W DefaultFailureHandler: 	at libcore.io.ForwardingOs.open(ForwardingOs.java:167)
09-07 05:27:50.836  2845  2901 W DefaultFailureHandler: 	at libcore.io.BlockGuardOs.open(BlockGuardOs.java:252)
09-07 05:27:50.836  2845  2901 W DefaultFailureHandler: 	at libcore.io.ForwardingOs.open(ForwardingOs.java:167)
09-07 05:27:50.836  2845  2901 W DefaultFailureHandler: 	at android.app.ActivityThread$AndroidOs.open(ActivityThread.java:7255)
09-07 05:27:50.836  2845  2901 W DefaultFailureHandler: 	at libcore.io.IoBridge.open(IoBridge.java:482)
09-07 05:27:50.836  2845  2901 W DefaultFailureHandler: 	... 50 more
09-07 05:27:50.838  2845  2845 I ViewInteraction: Performing 'wait for a specific view with <view.getId() is <2131230870/ru.iteco.fmhandroid:id/authorization_image_button>> during 10000 millis.' action on view view.getRootView() to equal view
09-07 05:27:50.840  2845  2845 I ViewInteraction: Checking 'MatchesViewAssertion{viewMatcher=(view has effective visibility <VISIBLE> and view.getGlobalVisibleRect() to return non-empty rectangle)}' assertion on view view.getId() is <2131230870/ru.iteco.fmhandroid:id/authorization_image_button>
09-07 05:27:50.841  2845  2845 I ViewInteraction: Performing 'single click' action on view view.getId() is <2131230870/ru.iteco.fmhandroid:id/authorization_image_button>
09-07 05:27:50.892  1781  6116 W audio_hw_generic: Not supplying enough data to HAL, expected position 68449220 , only wrote 68449194
09-07 05:27:50.913  1793 14098 D gralloc_ranchu: gralloc_alloc: Creating ashmem region of size 884736
09-07 05:27:50.917  1793 14098 I chatty  : uid=1000(system) HwBinder:1793_3 identical 1 line
09-07 05:27:50.919  1793 14098 D gralloc_ranchu: gralloc_alloc: Creating ashmem region of size 884736
09-07 05:27:50.929  2845  2957 D EGL_emulation: eglMakeCurrent: 0xda21b080: ver 2 0 (tinfo 0xda20fd30)
09-07 05:27:50.956  2845  2957 I chatty  : uid=10136(ru.iteco.fmhandroid) RenderThread identical 2 lines
09-07 05:27:50.984  2845  2957 D EGL_emulation: eglMakeCurrent: 0xda21b080: ver 2 0 (tinfo 0xda20fd30)
09-07 05:27:51.217  2845  2845 I ViewInteraction: Performing 'wait for a specific view with <an instance of android.widget.TextView and view.getText() with or without transformation to match: is "Log out"> during 10000 millis.' action on view view.getRootView() to equal view
09-07 05:27:51.223  2845  2845 I ViewInteraction: Checking 'MatchesViewAssertion{viewMatcher=(view has effective visibility <VISIBLE> and view.getGlobalVisibleRect() to return non-empty rectangle)}' assertion on view an instance of android.widget.TextView and view.getText() with or without transformation to match: is "Log out"
09-07 05:27:51.230  2845  2845 I ViewInteraction: Performing 'single click' action on view an instance of android.widget.TextView and view.getText() with or without transformation to match: is "Log out"
09-07 05:27:51.287  2845  2957 D EGL_emulation: eglMakeCurrent: 0xda21b080: ver 2 0 (tinfo 0xda20fd30)
09-07 05:27:51.351  7867  7867 D BoundBrokerSvc: onUnbind: Intent { act=com.google.android.mdd.service.START dat=chimera-action: cmp=com.google.android.gms/.chimera.GmsBoundBrokerService }
09-07 05:27:51.395  2845  2957 D EGL_emulation: eglMakeCurrent: 0xda21b080: ver 2 0 (tinfo 0xda20fd30)
09-07 05:27:51.420  2845  2957 D EGL_emulation: eglMakeCurrent: 0xda21b080: ver 2 0 (tinfo 0xda20fd30)
09-07 05:27:51.510  2845  2845 I ViewInteraction: Performing 'wait for a specific view with <(an instance of android.widget.TextView and view.getText() with or without transformation to match: is "Authorization" and view.getParent() view.getParent() view.getId() is <2131231186>)> during 10000 millis.' action on view view.getRootView() to equal view
09-07 05:27:51.512  2845  2845 I ViewInteraction: Checking 'MatchesViewAssertion{viewMatcher=(view has effective visibility <VISIBLE> and view.getGlobalVisibleRect() to return non-empty rectangle)}' assertion on view (an instance of android.widget.TextView and view.getText() with or without transformation to match: is "Authorization" and view.getParent() view.getParent() view.getId() is <2131231186/ru.iteco.fmhandroid:id/nav_host_fragment>)
09-07 05:27:51.515  2845  2845 I ViewInteraction: Performing 'wait for a specific view with <(an instance of android.widget.TextView and view.getHint() matching: is "Login" and view.getParent() view.getParent() view.getId() is <2131231121/ru.iteco.fmhandroid:id/login_text_input_layout>)> during 10000 millis.' action on view view.getRootView() to equal view
09-07 05:27:51.517  2845  2845 I ViewInteraction: Checking 'MatchesViewAssertion{viewMatcher=(view has effective visibility <VISIBLE> and view.getGlobalVisibleRect() to return non-empty rectangle)}' assertion on view (an instance of android.widget.TextView and view.getHint() matching: is "Login" and view.getParent() view.getParent() view.getId() is <2131231121/ru.iteco.fmhandroid:id/login_text_input_layout>)
09-07 05:27:51.518  2845  2845 I ViewInteraction: Performing 'wait for a specific view with <(an instance of android.widget.TextView and view.getHint() matching: is "Password" and view.getParent() view.getParent() view.getId() is <2131231264/ru.iteco.fmhandroid:id/password_text_input_layout>)> during 10000 millis.' action on view view.getRootView() to equal view
09-07 05:27:51.520  2845  2845 I ViewInteraction: Checking 'MatchesViewAssertion{viewMatcher=(view has effective visibility <VISIBLE> and view.getGlobalVisibleRect() to return non-empty rectangle)}' assertion on view (an instance of android.widget.TextView and view.getHint() matching: is "Password" and view.getParent() view.getParent() view.getId() is <2131231264/ru.iteco.fmhandroid:id/password_text_input_layout>)
09-07 05:27:51.520  2845  2845 I ViewInteraction: Performing 'wait for a specific view with <(view.getId() is <2131231039/ru.iteco.fmhandroid:id/enter_button> and an instance of android.widget.TextView and view.getText() with or without transformation to match: is "SIGN IN" and view.getContentDescription() is "Save" and view.getParent() view.getParent() an instance of android.widget.RelativeLayout)> during 10000 millis.' action on view view.getRootView() to equal view
09-07 05:27:51.523  2845  2845 I ViewInteraction: Checking 'MatchesViewAssertion{viewMatcher=(view has effective visibility <VISIBLE> and view.getGlobalVisibleRect() to return non-empty rectangle)}' assertion on view (view.getId() is <2131231039/ru.iteco.fmhandroid:id/enter_button> and an instance of android.widget.TextView and view.getText() with or without transformation to match: is "SIGN IN" and view.getContentDescription() is "Save" and view.getParent() view.getParent() an instance of android.widget.RelativeLayout)
09-07 05:27:51.525  2845  2845 I ViewInteraction: Performing 'wait for a specific view with <(an instance of android.widget.TextView and view.getText() with or without transformation to match: is "Authorization" and view.getParent() view.getParent() view.getId() is <2131231186>)> during 10000 millis.' action on view view.getRootView() to equal view
09-07 05:27:51.527  2845  2845 I ViewInteraction: Checking 'MatchesViewAssertion{viewMatcher=(view has effective visibility <VISIBLE> and view.getGlobalVisibleRect() to return non-empty rectangle)}' assertion on view (an instance of android.widget.TextView and view.getText() with or without transformation to match: is "Authorization" and view.getParent() view.getParent() view.getId() is <2131231186/ru.iteco.fmhandroid:id/nav_host_fragment>)
09-07 05:27:51.528  2845  2845 I ViewInteraction: Performing 'wait for a specific view with <(an instance of android.widget.TextView and view.getHint() matching: is "Login" and view.getParent() view.getParent() view.getId() is <2131231121/ru.iteco.fmhandroid:id/login_text_input_layout>)> during 10000 millis.' action on view view.getRootView() to equal view
09-07 05:27:51.530  2845  2845 I ViewInteraction: Checking 'MatchesViewAssertion{viewMatcher=(view has effective visibility <VISIBLE> and view.getGlobalVisibleRect() to return non-empty rectangle)}' assertion on view (an instance of android.widget.TextView and view.getHint() matching: is "Login" and view.getParent() view.getParent() view.getId() is <2131231121/ru.iteco.fmhandroid:id/login_text_input_layout>)
09-07 05:27:51.531  2845  2845 I ViewInteraction: Performing 'wait for a specific view with <(an instance of android.widget.TextView and view.getHint() matching: is "Password" and view.getParent() view.getParent() view.getId() is <2131231264/ru.iteco.fmhandroid:id/password_text_input_layout>)> during 10000 millis.' action on view view.getRootView() to equal view
09-07 05:27:51.532  2845  2845 I ViewInteraction: Checking 'MatchesViewAssertion{viewMatcher=(view has effective visibility <VISIBLE> and view.getGlobalVisibleRect() to return non-empty rectangle)}' assertion on view (an instance of android.widget.TextView and view.getHint() matching: is "Password" and view.getParent() view.getParent() view.getId() is <2131231264/ru.iteco.fmhandroid:id/password_text_input_layout>)
09-07 05:27:51.533  2845  2845 I ViewInteraction: Performing 'wait for a specific view with <(view.getId() is <2131231039/ru.iteco.fmhandroid:id/enter_button> and an instance of android.widget.TextView and view.getText() with or without transformation to match: is "SIGN IN" and view.getContentDescription() is "Save" and view.getParent() view.getParent() an instance of android.widget.RelativeLayout)> during 10000 millis.' action on view view.getRootView() to equal view
09-07 05:27:51.535  2845  2845 I ViewInteraction: Checking 'MatchesViewAssertion{viewMatcher=(view has effective visibility <VISIBLE> and view.getGlobalVisibleRect() to return non-empty rectangle)}' assertion on view (view.getId() is <2131231039/ru.iteco.fmhandroid:id/enter_button> and an instance of android.widget.TextView and view.getText() with or without transformation to match: is "SIGN IN" and view.getContentDescription() is "Save" and view.getParent() view.getParent() an instance of android.widget.RelativeLayout)
09-07 05:27:51.536  2845  2845 I ViewInteraction: Performing 'wait for a specific view with <(an instance of android.widget.TextView and view.getHint() matching: is "Login" and view.getParent() view.getParent() view.getId() is <2131231121/ru.iteco.fmhandroid:id/login_text_input_layout>)> during 10000 millis.' action on view view.getRootView() to equal view
09-07 05:27:51.538  2845  2845 I ViewInteraction: Performing 'replace text(login2)' action on view (an instance of android.widget.TextView and view.getHint() matching: is "Login" and view.getParent() view.getParent() view.getId() is <2131231121/ru.iteco.fmhandroid:id/login_text_input_layout>)
09-07 05:27:51.559  2845  2845 I ViewInteraction: Performing 'wait for a specific view with <(an instance of android.widget.TextView and view.getHint() matching: is "Password" and view.getParent() view.getParent() view.getId() is <2131231264/ru.iteco.fmhandroid:id/password_text_input_layout>)> during 10000 millis.' action on view view.getRootView() to equal view
09-07 05:27:51.562  2845  2845 I ViewInteraction: Performing 'replace text(password2)' action on view (an instance of android.widget.TextView and view.getHint() matching: is "Password" and view.getParent() view.getParent() view.getId() is <2131231264/ru.iteco.fmhandroid:id/password_text_input_layout>)
09-07 05:27:51.579  2845  2845 I ViewInteraction: Performing 'wait for a specific view with <(view.getId() is <2131231039/ru.iteco.fmhandroid:id/enter_button> and an instance of android.widget.TextView and view.getText() with or without transformation to match: is "SIGN IN" and view.getContentDescription() is "Save" and view.getParent() view.getParent() an instance of android.widget.RelativeLayout)> during 10000 millis.' action on view view.getRootView() to equal view
09-07 05:27:51.581  2845  2845 I ViewInteraction: Checking 'MatchesViewAssertion{viewMatcher=view.isClickable() is <true>}' assertion on view (view.getId() is <2131231039/ru.iteco.fmhandroid:id/enter_button> and an instance of android.widget.TextView and view.getText() with or without transformation to match: is "SIGN IN" and view.getContentDescription() is "Save" and view.getParent() view.getParent() an instance of android.widget.RelativeLayout)
09-07 05:27:51.582  2845  2845 I ViewInteraction: Performing 'wait for a specific view with <(view.getId() is <2131231039/ru.iteco.fmhandroid:id/enter_button> and an instance of android.widget.TextView and view.getText() with or without transformation to match: is "SIGN IN" and view.getContentDescription() is "Save" and view.getParent() view.getParent() an instance of android.widget.RelativeLayout)> during 10000 millis.' action on view view.getRootView() to equal view
09-07 05:27:51.583  2845  2845 I ViewInteraction: Checking 'MatchesViewAssertion{viewMatcher=view.isClickable() is <true>}' assertion on view (view.getId() is <2131231039/ru.iteco.fmhandroid:id/enter_button> and an instance of android.widget.TextView and view.getText() with or without transformation to match: is "SIGN IN" and view.getContentDescription() is "Save" and view.getParent() view.getParent() an instance of android.widget.RelativeLayout)
09-07 05:27:51.587  2845  2845 I ViewInteraction: Performing 'wait for a specific view with <(view.getId() is <2131231039/ru.iteco.fmhandroid:id/enter_button> and an instance of android.widget.TextView and view.getText() with or without transformation to match: is "SIGN IN" and view.getContentDescription() is "Save" and view.getParent() view.getParent() an instance of android.widget.RelativeLayout)> during 10000 millis.' action on view view.getRootView() to equal view
09-07 05:27:51.589  2845  2845 I ViewInteraction: Performing 'single click' action on view (view.getId() is <2131231039/ru.iteco.fmhandroid:id/enter_button> and an instance of android.widget.TextView and view.getText() with or without transformation to match: is "SIGN IN" and view.getContentDescription() is "Save" and view.getParent() view.getParent() an instance of android.widget.RelativeLayout)
09-07 05:27:51.590  1792  2272 E GnssHAL_GnssInterface: gnssSvStatusCb: a: input svInfo.flags is 8
09-07 05:27:51.590  1792  2272 E GnssHAL_GnssInterface: gnssSvStatusCb: b: input svInfo.flags is 8
09-07 05:27:51.636  2845  3035 I okhttp.OkHttpClient: --> POST http://www.981757-ca08998.tmweb.ru:8080/fmh/authentication/login
09-07 05:27:51.636  2845  3035 I okhttp.OkHttpClient: Content-Type: application/json; charset=UTF-8
09-07 05:27:51.636  2845  3035 I okhttp.OkHttpClient: Content-Length: 41
09-07 05:27:51.636  2845  3035 I okhttp.OkHttpClient: {"login":"login2","password":"password2"}
09-07 05:27:51.636  2845  3035 I okhttp.OkHttpClient: --> END POST (41-byte body)
09-07 05:27:51.869  2845  2845 I ViewInteraction: Performing 'wait for a specific view with <an instance of android.widget.TextView and view.getText() with or without transformation to match: is "News"> during 10000 millis.' action on view view.getRootView() to equal view
09-07 05:27:52.592  1792  2272 E GnssHAL_GnssInterface: gnssSvStatusCb: a: input svInfo.flags is 8
09-07 05:27:52.592  1792  2272 E GnssHAL_GnssInterface: gnssSvStatusCb: b: input svInfo.flags is 8
09-07 05:27:53.593  1792  2272 E GnssHAL_GnssInterface: gnssSvStatusCb: a: input svInfo.flags is 8
09-07 05:27:53.593  1792  2272 E GnssHAL_GnssInterface: gnssSvStatusCb: b: input svInfo.flags is 8
09-07 05:27:53.992  2845  3607 I okhttp.OkHttpClient: <-- HTTP FAILED: java.net.SocketTimeoutException: timeout
09-07 05:27:53.993  2845  2845 W System.err: ru.iteco.fmhandroid.exceptions.ServerException
09-07 05:27:53.993  2845  2845 W System.err: 	at ru.iteco.fmhandroid.utils.Utils.makeRequest(Utils.kt:119)
09-07 05:27:53.993  2845  2845 W System.err: 	at ru.iteco.fmhandroid.utils.Utils$makeRequest$1.invokeSuspend(Unknown Source:15)
09-07 05:27:53.993  2845  2845 W System.err: 	at kotlin.coroutines.jvm.internal.BaseContinuationImpl.resumeWith(ContinuationImpl.kt:33)
09-07 05:27:53.993  2845  2845 W System.err: 	at kotlinx.coroutines.DispatchedTask.run(DispatchedTask.kt:104)
09-07 05:27:53.993  2845  2845 W System.err: 	at android.os.Handler.handleCallback(Handler.java:883)
09-07 05:27:53.993  2845  2845 W System.err: 	at android.os.Handler.dispatchMessage(Handler.java:100)
09-07 05:27:53.993  2845  2845 W System.err: 	at androidx.test.espresso.base.Interrogator.loopAndInterrogate(Interrogator.java:14)
09-07 05:27:53.993  2845  2845 W System.err: 	at androidx.test.espresso.base.UiControllerImpl.loopUntil(UiControllerImpl.java:8)
09-07 05:27:53.993  2845  2845 W System.err: 	at androidx.test.espresso.base.UiControllerImpl.loopUntil(UiControllerImpl.java:1)
09-07 05:27:53.993  2845  2845 W System.err: 	at androidx.test.espresso.base.UiControllerImpl.loopMainThreadForAtLeast(UiControllerImpl.java:7)
09-07 05:27:53.993  2845  2845 W System.err: 	at androidx.test.espresso.action.GeneralClickAction.perform(GeneralClickAction.java:18)
09-07 05:27:53.993  2845  2845 W System.err: 	at androidx.test.espresso.ViewInteraction$SingleExecutionViewAction.perform(ViewInteraction.java:2)
09-07 05:27:53.993  2845  2845 W System.err: 	at androidx.test.espresso.ViewInteraction.doPerform(ViewInteraction.java:25)
09-07 05:27:53.993  2845  2845 W System.err: 	at androidx.test.espresso.ViewInteraction.-$$Nest$mdoPerform(Unknown Source:0)
09-07 05:27:53.993  2845  2845 W System.err: 	at androidx.test.espresso.ViewInteraction$1.call(ViewInteraction.java:7)
09-07 05:27:53.993  2845  2845 W System.err: 	at androidx.test.espresso.ViewInteraction$1.call(ViewInteraction.java:1)
09-07 05:27:53.993  2845  2845 W System.err: 	at java.util.concurrent.FutureTask.run(FutureTask.java:266)
09-07 05:27:53.993  2845  2845 W System.err: 	at android.os.Handler.handleCallback(Handler.java:883)
09-07 05:27:53.993  2845  2845 W System.err: 	at android.os.Handler.dispatchMessage(Handler.java:100)
09-07 05:27:53.993  2845  2845 W System.err: 	at android.os.Looper.loop(Looper.java:214)
09-07 05:27:53.994  2845  2845 W System.err: 	at android.app.ActivityThread.main(ActivityThread.java:7356)
09-07 05:27:53.994  2845  2845 W System.err: 	at java.lang.reflect.Method.invoke(Native Method)
09-07 05:27:53.994  2845  2845 W System.err: 	at com.android.internal.os.RuntimeInit$MethodAndArgsCaller.run(RuntimeInit.java:492)
09-07 05:27:53.994  2845  2845 W System.err: 	at com.android.internal.os.ZygoteInit.main(ZygoteInit.java:930)
09-07 05:27:54.593  1792  2272 E GnssHAL_GnssInterface: gnssSvStatusCb: a: input svInfo.flags is 8
09-07 05:27:54.593  1792  2272 E GnssHAL_GnssInterface: gnssSvStatusCb: b: input svInfo.flags is 8
09-07 05:27:54.761  1781  1781 W audio_hw_generic: Not supplying enough data to HAL, expected position 68788799 , only wrote 68619732
09-07 05:27:54.947  2845  3035 I okhttp.OkHttpClient: <-- 200 http://www.981757-ca08998.tmweb.ru:8080/fmh/authentication/login (3310ms)
09-07 05:27:54.948  2845  3035 I okhttp.OkHttpClient: Vary: Origin
09-07 05:27:54.948  2845  3035 I okhttp.OkHttpClient: Vary: Access-Control-Request-Method
09-07 05:27:54.950  2845  3035 I okhttp.OkHttpClient: Vary: Access-Control-Request-Headers
09-07 05:27:54.950  2845  3035 I okhttp.OkHttpClient: X-Content-Type-Options: nosniff
09-07 05:27:54.951  2845  3035 I okhttp.OkHttpClient: X-XSS-Protection: 1; mode=block
09-07 05:27:54.953  2845  3035 I okhttp.OkHttpClient: Cache-Control: no-cache, no-store, max-age=0, must-revalidate
09-07 05:27:54.953  2845  3035 I okhttp.OkHttpClient: Pragma: no-cache
09-07 05:27:54.953  2845  3035 I okhttp.OkHttpClient: Expires: 0
