09-07 06:11:57.202  1823  1823 W SurfaceFlinger: couldn't log to binary event log: overflow.
09-07 06:11:57.203  1823  1823 E Layer   : [Surface(name=AppWindowToken{7704e9d token=Token{965c974 ActivityRecord{e619d47 u0 ru.iteco.fmhandroid.test/androidx.test.core.app.InstrumentationActivityInvoker$EmptyActivity t883}}})/@0xc47ee72 - animation-leash#0] No local sync point found
09-07 06:11:57.203  1823  1823 E Layer   : [Surface(name=AppWindowToken{459e199 token=Token{b961ae0 ActivityRecord{53be0e3 u0 com.google.android.apps.nexuslauncher/.NexusLauncherActivity t652}}})/@0xafc1306 - animation-leash#0] No local sync point found
09-07 06:11:57.212  2182  2468 D EGL_emulation: eglMakeCurrent: 0xda21a360: ver 2 0 (tinfo 0xda20f590)
09-07 06:11:57.213  2182  2182 W View    : requestLayout() improperly called by com.android.keyguard.AlphaOptimizedLinearLayout{551c6d8 V.E...... ......ID 7,0-48,61 #7f0a041c app:id/wifi_group} during second layout pass: posting in next frame
09-07 06:11:57.226  2182  2182 W View    : requestLayout() improperly called by StatusBarIconView(slot=mobile icon=null notification=null) during layout: running second layout pass
09-07 06:11:57.251  2182  2468 D EGL_emulation: eglMakeCurrent: 0xda21a360: ver 2 0 (tinfo 0xda20f590)
09-07 06:11:57.251  2037  5599 D EGL_emulation: eglMakeCurrent: 0xba761460: ver 2 0 (tinfo 0xba668ca0)
09-07 06:11:57.260  2434  2453 W System  : A resource failed to call release. 
09-07 06:11:57.260  2434  2453 W System  : A resource failed to call release. 
09-07 06:11:57.280  2037  5599 D eglCodecCommon: setVertexArrayObject: set vao to 0 (0) 1 0
09-07 06:11:57.293  9067  9235 I TestRunner: started: shouldChangeNewsTitle(ru.iteco.fmhandroid.ui.ControlPanelTest)
09-07 06:11:57.322  9067  9235 W Settings: Setting always_finish_activities has moved from android.provider.Settings.System to android.provider.Settings.Global, returning read-only value.
09-07 06:11:57.327  2037  7767 I ActivityTaskManager: START u0 {act=android.intent.action.MAIN cat=[android.intent.category.LAUNCHER] flg=0x10008000 cmp=ru.iteco.fmhandroid.test/androidx.test.core.app.InstrumentationActivityInvoker$BootstrapActivity (has extras)} from uid 10136
09-07 06:11:57.334  2037  7737 W InputReader: Device has associated, but no associated display id.
09-07 06:11:57.336  2037  7737 I chatty  : uid=1000(system) Binder:2037_1D identical 48 lines
09-07 06:11:57.336  2037  7737 W InputReader: Device has associated, but no associated display id.
09-07 06:11:57.337  9256  9256 W ActivityThread: handleWindowVisibility: no activity for token android.os.BinderProxy@a2acd9d
09-07 06:11:57.360  2037  2903 I ActivityTaskManager: START u0 {act=android.intent.action.MAIN cat=[android.intent.category.LAUNCHER] cmp=ru.iteco.fmhandroid/.ui.AppActivity} from uid 10136
09-07 06:11:57.370  2037  7737 W InputReader: Device has associated, but no associated display id.
09-07 06:11:57.373  2037  7737 I chatty  : uid=1000(system) Binder:2037_1D identical 48 lines
09-07 06:11:57.373  2037  7737 W InputReader: Device has associated, but no associated display id.
09-07 06:11:57.374  9067  9067 W ActivityThread: handleWindowVisibility: no activity for token android.os.BinderProxy@6795c8e
09-07 06:11:57.417  9067  9067 D LifecycleMonitor: Lifecycle status change: ru.iteco.fmhandroid.ui.AppActivity@8b2b39a in: PRE_ON_CREATE
09-07 06:11:57.417  9067  9067 V ActivityScenario: Activity lifecycle changed event received but ignored because the reported transition was not ON_CREATE while the last known transition was PRE_ON_CREATE
09-07 06:11:57.420  1793  1793 D gralloc_ranchu: gralloc_alloc: Creating ashmem region of size 9850880
09-07 06:11:57.426  9067  9213 V FA      : onActivityCreated
09-07 06:11:57.442  2666  2666 I dnsi    : onPause
09-07 06:11:57.455  9067  9067 D LifecycleMonitor: Lifecycle status change: ru.iteco.fmhandroid.ui.AppActivity@8b2b39a in: CREATED
09-07 06:11:57.456  9067  9067 V ActivityScenario: Update currentActivityStage to CREATED, currentActivity=ru.iteco.fmhandroid.ui.AppActivity@8b2b39a
09-07 06:11:57.514  2037  2051 I system_server: NativeAlloc concurrent copying GC freed 51967(2357KB) AllocSpace objects, 8(288KB) LOS objects, 27% free, 15MB/21MB, paused 907us total 213.889ms
09-07 06:11:57.516  1793  1793 D gralloc_ranchu: gralloc_alloc: Creating ashmem region of size 9850880
09-07 06:11:57.523  2666  3161 V ClearcutMetricXmitter: Transmission is done.
09-07 06:11:57.544  9067  9067 D LifecycleMonitor: Lifecycle status change: ru.iteco.fmhandroid.ui.AppActivity@8b2b39a in: STARTED
09-07 06:11:57.545  9067  9067 V ActivityScenario: Update currentActivityStage to STARTED, currentActivity=ru.iteco.fmhandroid.ui.AppActivity@8b2b39a
09-07 06:11:57.546  9067  9067 D LifecycleMonitor: Lifecycle status change: ru.iteco.fmhandroid.ui.AppActivity@8b2b39a in: RESUMED
09-07 06:11:57.546  9067  9067 V ActivityScenario: Update currentActivityStage to RESUMED, currentActivity=ru.iteco.fmhandroid.ui.AppActivity@8b2b39a
09-07 06:11:57.548  9067  9230 V FA      : Activity resumed, time: 9662257
09-07 06:11:57.552  1792  2272 E GnssHAL_GnssInterface: gnssSvStatusCb: a: input svInfo.flags is 8
09-07 06:11:57.552  1792  2272 E GnssHAL_GnssInterface: gnssSvStatusCb: b: input svInfo.flags is 8
09-07 06:11:57.561  2037  2061 W InputReader: Device has associated, but no associated display id.
09-07 06:11:57.562  2037  2061 I chatty  : uid=1000(system) android.anim identical 18 lines
09-07 06:11:57.562  2037  2061 W InputReader: Device has associated, but no associated display id.
09-07 06:11:57.591  2666  3068 D EGL_emulation: eglMakeCurrent: 0xda21b0e0: ver 2 0 (tinfo 0xda20fbb0)
09-07 06:11:57.596  2434  2714 D EGL_emulation: eglMakeCurrent: 0xed453b60: ver 2 0 (tinfo 0xe233a960)
09-07 06:11:57.597  2182  2468 D EGL_emulation: eglMakeCurrent: 0xda21a360: ver 2 0 (tinfo 0xda20f590)
09-07 06:11:57.603  2182  2182 W View    : requestLayout() improperly called by com.android.keyguard.AlphaOptimizedLinearLayout{551c6d8 V.E...... ......ID 7,0-48,61 #7f0a041c app:id/wifi_group} during second layout pass: posting in next frame
09-07 06:11:57.613  1793  1793 D gralloc_ranchu: gralloc_alloc: Creating ashmem region of size 9113600
09-07 06:11:57.621  2182  2182 W View    : requestLayout() improperly called by StatusBarIconView(slot=mobile icon=null notification=null) during layout: running second layout pass
09-07 06:11:57.627  1793  1793 D gralloc_ranchu: gralloc_alloc: Creating ashmem region of size 9113600
09-07 06:11:57.632  1793  1793 D gralloc_ranchu: gralloc_alloc: Creating ashmem region of size 9113600
09-07 06:11:57.635  2182  2468 D EGL_emulation: eglMakeCurrent: 0xda21a360: ver 2 0 (tinfo 0xda20f590)
09-07 06:11:57.638  9067  9293 D EGL_emulation: eglMakeCurrent: 0xda21a9c0: ver 2 0 (tinfo 0xda20fc10)
09-07 06:11:57.685  2182  2468 D EGL_emulation: eglMakeCurrent: 0xda21a360: ver 2 0 (tinfo 0xda20f590)
09-07 06:11:57.696  2182  2468 D EGL_emulation: eglMakeCurrent: 0xda21a360: ver 2 0 (tinfo 0xda20f590)
09-07 06:11:57.698  2182  2182 W View    : requestLayout() improperly called by com.android.keyguard.AlphaOptimizedLinearLayout{551c6d8 V.E...... ......ID 7,0-48,61 #7f0a041c app:id/wifi_group} during second layout pass: posting in next frame
09-07 06:11:57.699  2037  2065 I ActivityTaskManager: Displayed ru.iteco.fmhandroid/.ui.AppActivity: +369ms
09-07 06:11:57.718  2182  2182 W View    : requestLayout() improperly called by StatusBarIconView(slot=mobile icon=null notification=null) during layout: running second layout pass
09-07 06:11:57.732  9067  9067 I ViewInteraction: Performing 'wait for a specific view with <(an instance of android.widget.TextView and view.getText() with or without transformation to match: is "Authorization" and view.getParent() view.getParent() view.getId() is <2131231186>)> during 10000 millis.' action on view view.getRootView() to equal view
09-07 06:11:57.735  7867  9246 V FA-SVC  : Logging event: origin=auto,name=screen_view(_vs),params=Bundle[{ga_event_origin(_o)=auto, ga_previous_class(_pc)=AppActivity, ga_previous_id(_pi)=5099809632112841105, ga_screen_class(_sc)=AppActivity, ga_screen_id(_si)=5099809632112841106}]
09-07 06:11:57.744  2182  2182 W View    : requestLayout() improperly called by com.android.keyguard.AlphaOptimizedLinearLayout{551c6d8 V.E...... ......ID 7,0-48,61 #7f0a041c app:id/wifi_group} during second layout pass: posting in next frame
09-07 06:11:57.745  2666  2666 I dnsi    : onStop
09-07 06:11:57.756  2182  2182 W View    : requestLayout() improperly called by StatusBarIconView(slot=mobile icon=null notification=null) during layout: running second layout pass
09-07 06:11:57.765  7867  9246 V FA-SVC  : Upload scheduled in approximately ms: 923184
09-07 06:11:57.765  7867  9246 V FA-SVC  : Unscheduling upload
09-07 06:11:57.768  1823  1823 W SurfaceFlinger: couldn't log to binary event log: overflow.
09-07 06:11:57.768  1823  1823 W SurfaceFlinger: couldn't log to binary event log: overflow.
09-07 06:11:57.771  7867  9246 V FA-SVC  : Scheduling upload, millis: 923184
09-07 06:11:57.776  7867  9246 V FA-SVC  : Background event processing time, ms: 43
09-07 06:11:58.552  1792  2272 E GnssHAL_GnssInterface: gnssSvStatusCb: a: input svInfo.flags is 8
09-07 06:11:58.552  1792  2272 E GnssHAL_GnssInterface: gnssSvStatusCb: b: input svInfo.flags is 8
09-07 06:11:59.240  1781  1887 W audio_hw_generic: Not supplying enough data to HAL, expected position 78814620 , only wrote 78526800
09-07 06:11:59.553  1792  2272 E GnssHAL_GnssInterface: gnssSvStatusCb: a: input svInfo.flags is 8
09-07 06:11:59.553  1792  2272 E GnssHAL_GnssInterface: gnssSvStatusCb: b: input svInfo.flags is 8
09-07 06:12:00.025  2182  2182 W View    : requestLayout() improperly called by com.android.keyguard.AlphaOptimizedLinearLayout{551c6d8 V.E...... ......ID 7,0-48,61 #7f0a041c app:id/wifi_group} during second layout pass: posting in next frame
09-07 06:12:00.052  2182  2182 W View    : requestLayout() improperly called by StatusBarIconView(slot=mobile icon=null notification=null) during layout: running second layout pass
09-07 06:12:00.549  9067  9320 I okhttp.OkHttpClient: --> GET http://www.981757-ca08998.tmweb.ru:8080/fmh/authentication/userInfo
09-07 06:12:00.549  9067  9320 I okhttp.OkHttpClient: --> END GET
09-07 06:12:00.553  1792  2272 E GnssHAL_GnssInterface: gnssSvStatusCb: a: input svInfo.flags is 8
09-07 06:12:00.553  1792  2272 E GnssHAL_GnssInterface: gnssSvStatusCb: b: input svInfo.flags is 8
09-07 06:12:00.680  9067  9320 I okhttp.OkHttpClient: <-- 200 http://www.981757-ca08998.tmweb.ru:8080/fmh/authentication/userInfo (130ms)
09-07 06:12:00.680  9067  9320 I okhttp.OkHttpClient: Vary: Origin
09-07 06:12:00.680  9067  9320 I okhttp.OkHttpClient: Vary: Access-Control-Request-Method
09-07 06:12:00.680  9067  9320 I okhttp.OkHttpClient: Vary: Access-Control-Request-Headers
09-07 06:12:00.681  9067  9320 I okhttp.OkHttpClient: X-Content-Type-Options: nosniff
09-07 06:12:00.681  9067  9320 I okhttp.OkHttpClient: X-XSS-Protection: 1; mode=block
09-07 06:12:00.681  9067  9320 I okhttp.OkHttpClient: Cache-Control: no-cache, no-store, max-age=0, must-revalidate
09-07 06:12:00.681  9067  9320 I okhttp.OkHttpClient: Pragma: no-cache
09-07 06:12:00.682  9067  9320 I okhttp.OkHttpClient: Expires: 0
09-07 06:12:00.682  9067  9320 I okhttp.OkHttpClient: X-Frame-Options: DENY
09-07 06:12:00.682  9067  9320 I okhttp.OkHttpClient: Content-Type: application/json
09-07 06:12:00.683  9067  9320 I okhttp.OkHttpClient: Transfer-Encoding: chunked
09-07 06:12:00.683  9067  9320 I okhttp.OkHttpClient: Date: Thu, 07 Sep 2023 06:12:01 GMT
09-07 06:12:00.683  9067  9320 I okhttp.OkHttpClient: Keep-Alive: timeout=60
09-07 06:12:00.683  9067  9320 I okhttp.OkHttpClient: Connection: keep-alive
09-07 06:12:00.684  9067  9320 I okhttp.OkHttpClient: {"id":1,"firstName":"Ivan","lastName":"Ivanov","middleName":"Ivanovich","admin":true}
09-07 06:12:00.684  9067  9320 I okhttp.OkHttpClient: <-- END HTTP (85-byte body)
09-07 06:12:00.702  9067  9322 I okhttp.OkHttpClient: --> GET http://www.981757-ca08998.tmweb.ru:8080/fmh/claims
09-07 06:12:00.702  9067  9322 I okhttp.OkHttpClient: --> END GET
09-07 06:12:00.711  1774  9464 E ResolverController: No valid NAT64 prefix (101, <unspecified>/0)
09-07 06:12:00.820  2182  2182 W View    : requestLayout() improperly called by com.android.keyguard.AlphaOptimizedLinearLayout{551c6d8 V.E...... ......ID 7,0-48,61 #7f0a041c app:id/wifi_group} during second layout pass: posting in next frame
09-07 06:12:00.833  9067  9293 D EGL_emulation: eglMakeCurrent: 0xda21a9c0: ver 2 0 (tinfo 0xda20fc10)
09-07 06:12:00.835  2182  2182 W View    : requestLayout() improperly called by StatusBarIconView(slot=mobile icon=null notification=null) during layout: running second layout pass
09-07 06:12:00.850  1793  1793 D gralloc_ranchu: gralloc_alloc: Creating ashmem region of size 9850880
09-07 06:12:00.885  9067  9293 D EGL_emulation: eglMakeCurrent: 0xda21a9c0: ver 2 0 (tinfo 0xda20fc10)
09-07 06:12:00.915  1793  1793 D gralloc_ranchu: gralloc_alloc: Creating ashmem region of size 9850880
09-07 06:12:00.923  8997  9086 I Finsky  : [1284] njj.run(213): Stats for Executor: BlockingExecutor nne@1ac0b1a[Running, pool size = 4, active threads = 0, queued tasks = 0, completed tasks = 22]
09-07 06:12:00.923  8997  9086 I Finsky  : [1284] njj.run(213): Stats for Executor: LightweightExecutor nne@1bed64b[Running, pool size = 3, active threads = 0, queued tasks = 0, completed tasks = 110]
09-07 06:12:00.942  1793  1793 D gralloc_ranchu: gralloc_alloc: Creating ashmem region of size 9850880
09-07 06:12:01.230  8997  9086 I Finsky  : [1284] njj.run(213): Stats for Executor: bgExecutor nne@c8e4828[Running, pool size = 4, active threads = 0, queued tasks = 0, completed tasks = 153]
09-07 06:12:01.552  1792  2272 E GnssHAL_GnssInterface: gnssSvStatusCb: a: input svInfo.flags is 8
09-07 06:12:01.553  1792  2272 E GnssHAL_GnssInterface: gnssSvStatusCb: b: input svInfo.flags is 8
09-07 06:12:02.130  9152  9203 I Finsky:background: [1295] njj.run(213): Stats for Executor: bgExecutor nne@7f1a36[Running, pool size = 1, active threads = 0, queued tasks = 0, completed tasks = 1]
09-07 06:12:02.210  9152  9203 I Finsky:background: [1295] njj.run(213): Stats for Executor: LightweightExecutor nne@bdecd37[Running, pool size = 0, active threads = 0, queued tasks = 0, completed tasks = 0]
09-07 06:12:02.451  9152  9203 I Finsky:background: [1295] njj.run(213): Stats for Executor: BlockingExecutor nne@fee52a4[Running, pool size = 0, active threads = 0, queued tasks = 0, completed tasks = 0]
09-07 06:12:02.553  1792  2272 E GnssHAL_GnssInterface: gnssSvStatusCb: a: input svInfo.flags is 8
09-07 06:12:02.553  1792  2272 E GnssHAL_GnssInterface: gnssSvStatusCb: b: input svInfo.flags is 8
09-07 06:12:02.732  9067  9230 V FA      : Inactivity, disconnecting from the service
09-07 06:12:02.941  2037  2065 E memtrack: Couldn't load memtrack module
09-07 06:12:02.941  2037  2065 W android.os.Debug: failed to get memory consumption info: -1
09-07 06:12:03.514  8425  9381 E GmsConnectionFactory: UID for network attribution might be misset for tag 536871943 [CONTEXT service_id=39 ]
09-07 06:12:03.514  8425  9381 E GmsConnectionFactory: dbcc: FULL
09-07 06:12:03.514  8425  9381 E GmsConnectionFactory: 	at a.K(:com.google.android.gms@233316031@23.33.16 (100700-560149061):9)
09-07 06:12:03.514  8425  9381 E GmsConnectionFactory: 	at aqvc.a(:com.google.android.gms@233316031@23.33.16 (100700-560149061):148)
09-07 06:12:03.514  8425  9381 E GmsConnectionFactory: 	at atqw.c(:com.google.android.gms@233316031@23.33.16 (100700-560149061):119)
09-07 06:12:03.514  8425  9381 E GmsConnectionFactory: 	at atqm.d(:com.google.android.gms@233316031@23.33.16 (100700-560149061):11)
09-07 06:12:03.514  8425  9381 E GmsConnectionFactory: 	at atqr.a(:com.google.android.gms@233316031@23.33.16 (100700-560149061):4)
09-07 06:12:03.514  8425  9381 E GmsConnectionFactory: 	at atqm.b(:com.google.android.gms@233316031@23.33.16 (100700-560149061):86)
09-07 06:12:03.514  8425  9381 E GmsConnectionFactory: 	at atqm.execute(:com.google.android.gms@233316031@23.33.16 (100700-560149061):8)
09-07 06:12:03.514  8425  9381 E GmsConnectionFactory: 	at atqm.execute(:com.google.android.gms@233316031@23.33.16 (100700-560149061):5)
09-07 06:12:03.514  8425  9381 E GmsConnectionFactory: 	at asbo.h(:com.google.android.gms@233316031@23.33.16 (100700-560149061):517)
09-07 06:12:03.514  8425  9381 E GmsConnectionFactory: 	at asbj.run(:com.google.android.gms@233316031@23.33.16 (100700-560149061):13)
09-07 06:12:03.514  8425  9381 E GmsConnectionFactory: 	at aenj.c(:com.google.android.gms@233316031@23.33.16 (100700-560149061):50)
09-07 06:12:03.514  8425  9381 E GmsConnectionFactory: 	at aenj.run(:com.google.android.gms@233316031@23.33.16 (100700-560149061):76)
09-07 06:12:03.514  8425  9381 E GmsConnectionFactory: 	at java.util.concurrent.ThreadPoolExecutor.runWorker(ThreadPoolExecutor.java:1167)
09-07 06:12:03.514  8425  9381 E GmsConnectionFactory: 	at java.util.concurrent.ThreadPoolExecutor$Worker.run(ThreadPoolExecutor.java:641)
09-07 06:12:03.514  8425  9381 E GmsConnectionFactory: 	at aess.run(:com.google.android.gms@233316031@23.33.16 (100700-560149061):8)
09-07 06:12:03.514  8425  9381 E GmsConnectionFactory: 	at java.lang.Thread.run(Thread.java:919)
09-07 06:12:03.554  1792  2272 E GnssHAL_GnssInterface: gnssSvStatusCb: a: input svInfo.flags is 8
09-07 06:12:03.555  1792  2272 E GnssHAL_GnssInterface: gnssSvStatusCb: b: input svInfo.flags is 8
09-07 06:12:03.860  8282  8356 E FirebaseInstanceId: Token retrieval failed: INVALID_SENDER
09-07 06:12:04.553  1792  2272 E GnssHAL_GnssInterface: gnssSvStatusCb: a: input svInfo.flags is 8
09-07 06:12:04.554  1792  2272 E GnssHAL_GnssInterface: gnssSvStatusCb: b: input svInfo.flags is 8
09-07 06:12:05.554  1792  2272 E GnssHAL_GnssInterface: gnssSvStatusCb: a: input svInfo.flags is 8
09-07 06:12:05.554  1792  2272 E GnssHAL_GnssInterface: gnssSvStatusCb: b: input svInfo.flags is 8
09-07 06:12:06.555  1792  2272 E GnssHAL_GnssInterface: gnssSvStatusCb: a: input svInfo.flags is 8
09-07 06:12:06.555  1792  2272 E GnssHAL_GnssInterface: gnssSvStatusCb: b: input svInfo.flags is 8
09-07 06:12:07.554  1792  2272 E GnssHAL_GnssInterface: gnssSvStatusCb: a: input svInfo.flags is 8
09-07 06:12:07.554  1792  2272 E GnssHAL_GnssInterface: gnssSvStatusCb: b: input svInfo.flags is 8
09-07 06:12:07.740  7867  7867 D BoundBrokerSvc: onUnbind: Intent { act=com.google.android.gms.measurement.START pkg=com.google.android.gms }
09-07 06:12:07.756  9067  9067 D takeScreenshot: Found 1 global views to redraw
09-07 06:12:07.810  1793  1793 D gralloc_ranchu: gralloc_alloc: Creating ashmem region of size 9850880
09-07 06:12:07.853  9067  9235 W DefaultFailureHandler: Failed to take screenshot
09-07 06:12:07.853  9067  9235 W DefaultFailureHandler: java.io.FileNotFoundException: view-op-error-4.png: open failed: EROFS (Read-only file system)
09-07 06:12:07.853  9067  9235 W DefaultFailureHandler: 	at libcore.io.IoBridge.open(IoBridge.java:496)
09-07 06:12:07.853  9067  9235 W DefaultFailureHandler: 	at java.io.FileOutputStream.<init>(FileOutputStream.java:235)
09-07 06:12:07.853  9067  9235 W DefaultFailureHandler: 	at java.io.FileOutputStream.<init>(FileOutputStream.java:125)
09-07 06:12:07.853  9067  9235 W DefaultFailureHandler: 	at androidx.test.platform.io.FileTestStorage.openOutputFile(FileTestStorage.java:60)
09-07 06:12:07.853  9067  9235 W DefaultFailureHandler: 	at androidx.test.core.graphics.BitmapStorage.writeToTestStorage(BitmapStorageExt.kt:49)
09-07 06:12:07.853  9067  9235 W DefaultFailureHandler: 	at androidx.test.espresso.base.DefaultFailureHandler.takeScreenshot(DefaultFailureHandler.java:4)
09-07 06:12:07.853  9067  9235 W DefaultFailureHandler: 	at androidx.test.espresso.base.DefaultFailureHandler.handle(DefaultFailureHandler.java:3)
09-07 06:12:07.853  9067  9235 W DefaultFailureHandler: 	at androidx.test.espresso.ViewInteraction.waitForAndHandleInteractionResults(ViewInteraction.java:8)
09-07 06:12:07.853  9067  9235 W DefaultFailureHandler: 	at androidx.test.espresso.ViewInteraction.desugaredPerform(ViewInteraction.java:11)
09-07 06:12:07.853  9067  9235 W DefaultFailureHandler: 	at androidx.test.espresso.ViewInteraction.perform(ViewInteraction.java:8)
09-07 06:12:07.853  9067  9235 W DefaultFailureHandler: 	at ru.iteco.fmhandroid.ui.data.TestUtils.waitView(TestUtils.java:61)
09-07 06:12:07.853  9067  9235 W DefaultFailureHandler: 	at ru.iteco.fmhandroid.ui.steps.AuthSteps.isAuthScreen(AuthSteps.java:58)
09-07 06:12:07.853  9067  9235 W DefaultFailureHandler: 	at ru.iteco.fmhandroid.ui.ControlPanelTest.logoutCheckAndOpenControlPanelPage(ControlPanelTest.java:58)
09-07 06:12:07.853  9067  9235 W DefaultFailureHandler: 	at java.lang.reflect.Method.invoke(Native Method)
09-07 06:12:07.853  9067  9235 W DefaultFailureHandler: 	at org.junit.runners.model.FrameworkMethod$1.runReflectiveCall(FrameworkMethod.java:59)
09-07 06:12:07.853  9067  9235 W DefaultFailureHandler: 	at org.junit.internal.runners.model.ReflectiveCallable.run(ReflectiveCallable.java:12)
09-07 06:12:07.853  9067  9235 W DefaultFailureHandler: 	at org.junit.runners.model.FrameworkMethod.invokeExplosively(FrameworkMethod.java:56)
09-07 06:12:07.853  9067  9235 W DefaultFailureHandler: 	at androidx.test.internal.runner.junit4.statement.RunBefores.evaluate(RunBefores.java:76)
09-07 06:12:07.853  9067  9235 W DefaultFailureHandler: 	at io.qameta.allure.android.rules.ScreenshotRule$apply$1.evaluate(ScreenshotRule.kt:22)
09-07 06:12:07.853  9067  9235 W DefaultFailureHandler: 	at org.junit.rules.ExternalResource$1.evaluate(ExternalResource.java:54)
09-07 06:12:07.853  9067  9235 W DefaultFailureHandler: 	at io.qameta.allure.android.rules.LogcatRule$apply$1.evaluate(LogcatRule.kt:23)
09-07 06:12:07.853  9067  9235 W DefaultFailureHandler: 	at org.junit.rules.RunRules.evaluate(RunRules.java:20)
09-07 06:12:07.853  9067  9235 W DefaultFailureHandler: 	at org.junit.runners.ParentRunner$3.evaluate(ParentRunner.java:306)
09-07 06:12:07.853  9067  9235 W DefaultFailureHandler: 	at org.junit.runners.BlockJUnit4ClassRunner$1.evaluate(BlockJUnit4ClassRunner.java:100)
09-07 06:12:07.853  9067  9235 W DefaultFailureHandler: 	at org.junit.runners.ParentRunner.runLeaf(ParentRunner.java:366)
09-07 06:12:07.853  9067  9235 W DefaultFailureHandler: 	at org.junit.runners.BlockJUnit4ClassRunner.runChild(BlockJUnit4ClassRunner.java:103)
09-07 06:12:07.853  9067  9235 W DefaultFailureHandler: 	at org.junit.runners.BlockJUnit4ClassRunner.runChild(BlockJUnit4ClassRunner.java:63)
09-07 06:12:07.853  9067  9235 W DefaultFailureHandler: 	at org.junit.runners.ParentRunner$4.run(ParentRunner.java:331)
09-07 06:12:07.853  9067  9235 W DefaultFailureHandler: 	at org.junit.runners.ParentRunner$1.schedule(ParentRunner.java:79)
09-07 06:12:07.853  9067  9235 W DefaultFailureHandler: 	at org.junit.runners.ParentRunner.runChildren(ParentRunner.java:329)
09-07 06:12:07.853  9067  9235 W DefaultFailureHandler: 	at org.junit.runners.ParentRunner.access$100(ParentRunner.java:66)
09-07 06:12:07.853  9067  9235 W DefaultFailureHandler: 	at org.junit.runners.ParentRunner$2.evaluate(ParentRunner.java:293)
09-07 06:12:07.853  9067  9235 W DefaultFailureHandler: 	at org.junit.runners.ParentRunner$3.evaluate(ParentRunner.java:306)
09-07 06:12:07.853  9067  9235 W DefaultFailureHandler: 	at org.junit.runners.ParentRunner.run(ParentRunner.java:413)
09-07 06:12:07.853  9067  9235 W DefaultFailureHandler: 	at androidx.test.ext.junit.runners.AndroidJUnit4.run(AndroidJUnit4.java:162)
09-07 06:12:07.853  9067  9235 W DefaultFailureHandler: 	at io.qameta.allure.android.runners.AllureAndroidJUnit4.run(AllureAndroidJUnitRunners.kt:29)
09-07 06:12:07.853  9067  9235 W DefaultFailureHandler: 	at org.junit.runners.Suite.runChild(Suite.java:128)
09-07 06:12:07.853  9067  9235 W DefaultFailureHandler: 	at org.junit.runners.Suite.runChild(Suite.java:27)
09-07 06:12:07.853  9067  9235 W DefaultFailureHandler: 	at org.junit.runners.ParentRunner$4.run(ParentRunner.java:331)
09-07 06:12:07.853  9067  9235 W DefaultFailureHandler: 	at org.junit.runners.ParentRunner$1.schedule(ParentRunner.java:79)
09-07 06:12:07.853  9067  9235 W DefaultFailureHandler: 	at org.junit.runners.ParentRunner.runChildren(ParentRunner.java:329)
09-07 06:12:07.853  9067  9235 W DefaultFailureHandler: 	at org.junit.runners.ParentRunner.access$100(ParentRunner.java:66)
09-07 06:12:07.853  9067  9235 W DefaultFailureHandler: 	at org.junit.runners.ParentRunner$2.evaluate(ParentRunner.java:293)
09-07 06:12:07.853  9067  9235 W DefaultFailureHandler: 	at org.junit.runners.ParentRunner$3.evaluate(ParentRunner.java:306)
09-07 06:12:07.853  9067  9235 W DefaultFailureHandler: 	at org.junit.runners.ParentRunner.run(ParentRunner.java:413)
09-07 06:12:07.853  9067  9235 W DefaultFailureHandler: 	at org.junit.runner.JUnitCore.run(JUnitCore.java:137)
09-07 06:12:07.853  9067  9235 W DefaultFailureHandler: 	at org.junit.runner.JUnitCore.run(JUnitCore.java:115)
09-07 06:12:07.853  9067  9235 W DefaultFailureHandler: 	at androidx.test.internal.runner.TestExecutor.execute(TestExecutor.java:67)
09-07 06:12:07.853  9067  9235 W DefaultFailureHandler: 	at androidx.test.internal.runner.TestExecutor.execute(TestExecutor.java:58)
09-07 06:12:07.853  9067  9235 W DefaultFailureHandler: 	at androidx.test.runner.AndroidJUnitRunner.onStart(AndroidJUnitRunner.java:438)
09-07 06:12:07.853  9067  9235 W DefaultFailureHandler: 	at android.app.Instrumentation$InstrumentationThread.run(Instrumentation.java:2189)
09-07 06:12:07.853  9067  9235 W DefaultFailureHandler: Caused by: android.system.ErrnoException: open failed: EROFS (Read-only file system)
09-07 06:12:07.853  9067  9235 W DefaultFailureHandler: 	at libcore.io.Linux.open(Native Method)
09-07 06:12:07.853  9067  9235 W DefaultFailureHandler: 	at libcore.io.ForwardingOs.open(ForwardingOs.java:167)
09-07 06:12:07.853  9067  9235 W DefaultFailureHandler: 	at libcore.io.BlockGuardOs.open(BlockGuardOs.java:252)
09-07 06:12:07.853  9067  9235 W DefaultFailureHandler: 	at libcore.io.ForwardingOs.open(ForwardingOs.java:167)
09-07 06:12:07.853  9067  9235 W DefaultFailureHandler: 	at android.app.ActivityThread$AndroidOs.open(ActivityThread.java:7255)
09-07 06:12:07.853  9067  9235 W DefaultFailureHandler: 	at libcore.io.IoBridge.open(IoBridge.java:482)
09-07 06:12:07.853  9067  9235 W DefaultFailureHandler: 	... 50 more
09-07 06:12:07.857  9067  9067 I ViewInteraction: Performing 'wait for a specific view with <view.getId() is <2131230870/ru.iteco.fmhandroid:id/authorization_image_button>> during 10000 millis.' action on view view.getRootView() to equal view
09-07 06:12:07.861  9067  9067 I ViewInteraction: Checking 'MatchesViewAssertion{viewMatcher=(view has effective visibility <VISIBLE> and view.getGlobalVisibleRect() to return non-empty rectangle)}' assertion on view view.getId() is <2131230870/ru.iteco.fmhandroid:id/authorization_image_button>
09-07 06:12:07.863  9067  9067 I ViewInteraction: Performing 'single click' action on view view.getId() is <2131230870/ru.iteco.fmhandroid:id/authorization_image_button>
09-07 06:12:07.916  1781  6116 W audio_hw_generic: Not supplying enough data to HAL, expected position 78526838 , only wrote 78526800
09-07 06:12:07.944  1793  1793 D gralloc_ranchu: gralloc_alloc: Creating ashmem region of size 884736
09-07 06:12:07.951  1793  1793 D gralloc_ranchu: gralloc_alloc: Creating ashmem region of size 884736
09-07 06:12:07.955  9067  9293 D EGL_emulation: eglMakeCurrent: 0xda21a9c0: ver 2 0 (tinfo 0xda20fc10)
09-07 06:12:07.961  1793  1793 D gralloc_ranchu: gralloc_alloc: Creating ashmem region of size 884736
09-07 06:12:07.972  9067  9293 D EGL_emulation: eglMakeCurrent: 0xda21a9c0: ver 2 0 (tinfo 0xda20fc10)
09-07 06:12:08.000  9067  9293 I chatty  : uid=10136(ru.iteco.fmhandroid) RenderThread identical 1 line
09-07 06:12:08.020  9067  9293 D EGL_emulation: eglMakeCurrent: 0xda21a9c0: ver 2 0 (tinfo 0xda20fc10)
09-07 06:12:08.262  9067  9067 I ViewInteraction: Performing 'wait for a specific view with <an instance of android.widget.TextView and view.getText() with or without transformation to match: is "Log out"> during 10000 millis.' action on view view.getRootView() to equal view
09-07 06:12:08.267  9067  9067 I ViewInteraction: Checking 'MatchesViewAssertion{viewMatcher=(view has effective visibility <VISIBLE> and view.getGlobalVisibleRect() to return non-empty rectangle)}' assertion on view an instance of android.widget.TextView and view.getText() with or without transformation to match: is "Log out"
09-07 06:12:08.271  9067  9067 I ViewInteraction: Performing 'single click' action on view an instance of android.widget.TextView and view.getText() with or without transformation to match: is "Log out"
09-07 06:12:08.342  9067  9293 D EGL_emulation: eglMakeCurrent: 0xda21a9c0: ver 2 0 (tinfo 0xda20fc10)
09-07 06:12:08.462  9067  9293 I chatty  : uid=10136(ru.iteco.fmhandroid) RenderThread identical 1 line
09-07 06:12:08.494  9067  9293 D EGL_emulation: eglMakeCurrent: 0xda21a9c0: ver 2 0 (tinfo 0xda20fc10)
09-07 06:12:08.553  1792  2272 E GnssHAL_GnssInterface: gnssSvStatusCb: a: input svInfo.flags is 8
09-07 06:12:08.553  1792  2272 E GnssHAL_GnssInterface: gnssSvStatusCb: b: input svInfo.flags is 8
09-07 06:12:08.589  9067  9067 I ViewInteraction: Performing 'wait for a specific view with <(an instance of android.widget.TextView and view.getText() with or without transformation to match: is "Authorization" and view.getParent() view.getParent() view.getId() is <2131231186>)> during 10000 millis.' action on view view.getRootView() to equal view
09-07 06:12:08.594  9067  9067 I ViewInteraction: Checking 'MatchesViewAssertion{viewMatcher=(view has effective visibility <VISIBLE> and view.getGlobalVisibleRect() to return non-empty rectangle)}' assertion on view (an instance of android.widget.TextView and view.getText() with or without transformation to match: is "Authorization" and view.getParent() view.getParent() view.getId() is <2131231186/ru.iteco.fmhandroid:id/nav_host_fragment>)
09-07 06:12:08.597  9067  9067 I ViewInteraction: Performing 'wait for a specific view with <(an instance of android.widget.TextView and view.getHint() matching: is "Login" and view.getParent() view.getParent() view.getId() is <2131231121/ru.iteco.fmhandroid:id/login_text_input_layout>)> during 10000 millis.' action on view view.getRootView() to equal view
09-07 06:12:08.601  9067  9067 I ViewInteraction: Checking 'MatchesViewAssertion{viewMatcher=(view has effective visibility <VISIBLE> and view.getGlobalVisibleRect() to return non-empty rectangle)}' assertion on view (an instance of android.widget.TextView and view.getHint() matching: is "Login" and view.getParent() view.getParent() view.getId() is <2131231121/ru.iteco.fmhandroid:id/login_text_input_layout>)
09-07 06:12:08.605  9067  9067 I ViewInteraction: Performing 'wait for a specific view with <(an instance of android.widget.TextView and view.getHint() matching: is "Password" and view.getParent() view.getParent() view.getId() is <2131231264/ru.iteco.fmhandroid:id/password_text_input_layout>)> during 10000 millis.' action on view view.getRootView() to equal view
09-07 06:12:08.607  9067  9067 I ViewInteraction: Checking 'MatchesViewAssertion{viewMatcher=(view has effective visibility <VISIBLE> and view.getGlobalVisibleRect() to return non-empty rectangle)}' assertion on view (an instance of android.widget.TextView and view.getHint() matching: is "Password" and view.getParent() view.getParent() view.getId() is <2131231264/ru.iteco.fmhandroid:id/password_text_input_layout>)
09-07 06:12:08.611  9067  9067 I ViewInteraction: Performing 'wait for a specific view with <(view.getId() is <2131231039/ru.iteco.fmhandroid:id/enter_button> and an instance of android.widget.TextView and view.getText() with or without transformation to match: is "SIGN IN" and view.getContentDescription() is "Save" and view.getParent() view.getParent() an instance of android.widget.RelativeLayout)> during 10000 millis.' action on view view.getRootView() to equal view
09-07 06:12:08.614  9067  9067 I ViewInteraction: Checking 'MatchesViewAssertion{viewMatcher=(view has effective visibility <VISIBLE> and view.getGlobalVisibleRect() to return non-empty rectangle)}' assertion on view (view.getId() is <2131231039/ru.iteco.fmhandroid:id/enter_button> and an instance of android.widget.TextView and view.getText() with or without transformation to match: is "SIGN IN" and view.getContentDescription() is "Save" and view.getParent() view.getParent() an instance of android.widget.RelativeLayout)
09-07 06:12:08.616  9067  9067 I ViewInteraction: Performing 'wait for a specific view with <(an instance of android.widget.TextView and view.getText() with or without transformation to match: is "Authorization" and view.getParent() view.getParent() view.getId() is <2131231186>)> during 10000 millis.' action on view view.getRootView() to equal view
09-07 06:12:08.618  9067  9067 I ViewInteraction: Checking 'MatchesViewAssertion{viewMatcher=(view has effective visibility <VISIBLE> and view.getGlobalVisibleRect() to return non-empty rectangle)}' assertion on view (an instance of android.widget.TextView and view.getText() with or without transformation to match: is "Authorization" and view.getParent() view.getParent() view.getId() is <2131231186/ru.iteco.fmhandroid:id/nav_host_fragment>)
09-07 06:12:08.621  9067  9067 I ViewInteraction: Performing 'wait for a specific view with <(an instance of android.widget.TextView and view.getHint() matching: is "Login" and view.getParent() view.getParent() view.getId() is <2131231121/ru.iteco.fmhandroid:id/login_text_input_layout>)> during 10000 millis.' action on view view.getRootView() to equal view
09-07 06:12:08.626  9067  9067 I ViewInteraction: Checking 'MatchesViewAssertion{viewMatcher=(view has effective visibility <VISIBLE> and view.getGlobalVisibleRect() to return non-empty rectangle)}' assertion on view (an instance of android.widget.TextView and view.getHint() matching: is "Login" and view.getParent() view.getParent() view.getId() is <2131231121/ru.iteco.fmhandroid:id/login_text_input_layout>)
09-07 06:12:08.630  9067  9067 I ViewInteraction: Performing 'wait for a specific view with <(an instance of android.widget.TextView and view.getHint() matching: is "Password" and view.getParent() view.getParent() view.getId() is <2131231264/ru.iteco.fmhandroid:id/password_text_input_layout>)> during 10000 millis.' action on view view.getRootView() to equal view
09-07 06:12:08.634  9067  9067 I ViewInteraction: Checking 'MatchesViewAssertion{viewMatcher=(view has effective visibility <VISIBLE> and view.getGlobalVisibleRect() to return non-empty rectangle)}' assertion on view (an instance of android.widget.TextView and view.getHint() matching: is "Password" and view.getParent() view.getParent() view.getId() is <2131231264/ru.iteco.fmhandroid:id/password_text_input_layout>)
09-07 06:12:08.636  9067  9067 I ViewInteraction: Performing 'wait for a specific view with <(view.getId() is <2131231039/ru.iteco.fmhandroid:id/enter_button> and an instance of android.widget.TextView and view.getText() with or without transformation to match: is "SIGN IN" and view.getContentDescription() is "Save" and view.getParent() view.getParent() an instance of android.widget.RelativeLayout)> during 10000 millis.' action on view view.getRootView() to equal view
09-07 06:12:08.640  9067  9067 I ViewInteraction: Checking 'MatchesViewAssertion{viewMatcher=(view has effective visibility <VISIBLE> and view.getGlobalVisibleRect() to return non-empty rectangle)}' assertion on view (view.getId() is <2131231039/ru.iteco.fmhandroid:id/enter_button> and an instance of android.widget.TextView and view.getText() with or without transformation to match: is "SIGN IN" and view.getContentDescription() is "Save" and view.getParent() view.getParent() an instance of android.widget.RelativeLayout)
09-07 06:12:08.643  9067  9067 I ViewInteraction: Performing 'wait for a specific view with <(an instance of android.widget.TextView and view.getHint() matching: is "Login" and view.getParent() view.getParent() view.getId() is <2131231121/ru.iteco.fmhandroid:id/login_text_input_layout>)> during 10000 millis.' action on view view.getRootView() to equal view
09-07 06:12:08.646  9067  9067 I ViewInteraction: Performing 'replace text(login2)' action on view (an instance of android.widget.TextView and view.getHint() matching: is "Login" and view.getParent() view.getParent() view.getId() is <2131231121/ru.iteco.fmhandroid:id/login_text_input_layout>)
09-07 06:12:08.694  9067  9067 I ViewInteraction: Performing 'wait for a specific view with <(an instance of android.widget.TextView and view.getHint() matching: is "Password" and view.getParent() view.getParent() view.getId() is <2131231264/ru.iteco.fmhandroid:id/password_text_input_layout>)> during 10000 millis.' action on view view.getRootView() to equal view
09-07 06:12:08.708  9067  9067 I ViewInteraction: Performing 'replace text(password2)' action on view (an instance of android.widget.TextView and view.getHint() matching: is "Password" and view.getParent() view.getParent() view.getId() is <2131231264/ru.iteco.fmhandroid:id/password_text_input_layout>)
09-07 06:12:08.730  9067  9067 I ViewInteraction: Performing 'wait for a specific view with <(view.getId() is <2131231039/ru.iteco.fmhandroid:id/enter_button> and an instance of android.widget.TextView and view.getText() with or without transformation to match: is "SIGN IN" and view.getContentDescription() is "Save" and view.getParent() view.getParent() an instance of android.widget.RelativeLayout)> during 10000 millis.' action on view view.getRootView() to equal view
09-07 06:12:08.740  9067  9067 I ViewInteraction: Checking 'MatchesViewAssertion{viewMatcher=view.isClickable() is <true>}' assertion on view (view.getId() is <2131231039/ru.iteco.fmhandroid:id/enter_button> and an instance of android.widget.TextView and view.getText() with or without transformation to match: is "SIGN IN" and view.getContentDescription() is "Save" and view.getParent() view.getParent() an instance of android.widget.RelativeLayout)
09-07 06:12:08.747  9067  9067 I ViewInteraction: Performing 'wait for a specific view with <(view.getId() is <2131231039/ru.iteco.fmhandroid:id/enter_button> and an instance of android.widget.TextView and view.getText() with or without transformation to match: is "SIGN IN" and view.getContentDescription() is "Save" and view.getParent() view.getParent() an instance of android.widget.RelativeLayout)> during 10000 millis.' action on view view.getRootView() to equal view
09-07 06:12:08.754  9067  9067 I ViewInteraction: Checking 'MatchesViewAssertion{viewMatcher=view.isClickable() is <true>}' assertion on view (view.getId() is <2131231039/ru.iteco.fmhandroid:id/enter_button> and an instance of android.widget.TextView and view.getText() with or without transformation to match: is "SIGN IN" and view.getContentDescription() is "Save" and view.getParent() view.getParent() an instance of android.widget.RelativeLayout)
09-07 06:12:08.758  9067  9067 I ViewInteraction: Performing 'wait for a specific view with <(view.getId() is <2131231039/ru.iteco.fmhandroid:id/enter_button> and an instance of android.widget.TextView and view.getText() with or without transformation to match: is "SIGN IN" and view.getContentDescription() is "Save" and view.getParent() view.getParent() an instance of android.widget.RelativeLayout)> during 10000 millis.' action on view view.getRootView() to equal view
09-07 06:12:08.764  9067  9067 I ViewInteraction: Performing 'single click' action on view (view.getId() is <2131231039/ru.iteco.fmhandroid:id/enter_button> and an instance of android.widget.TextView and view.getText() with or without transformation to match: is "SIGN IN" and view.getContentDescription() is "Save" and view.getParent() view.getParent() an instance of android.widget.RelativeLayout)
09-07 06:12:08.813  9067  9314 I okhttp.OkHttpClient: --> POST http://www.981757-ca08998.tmweb.ru:8080/fmh/authentication/login
09-07 06:12:08.813  9067  9314 I okhttp.OkHttpClient: Content-Type: application/json; charset=UTF-8
09-07 06:12:08.813  9067  9314 I okhttp.OkHttpClient: Content-Length: 41
09-07 06:12:08.814  9067  9314 I okhttp.OkHttpClient: {"login":"login2","password":"password2"}
09-07 06:12:08.814  9067  9314 I okhttp.OkHttpClient: --> END POST (41-byte body)
09-07 06:12:09.057  9067  9067 I ViewInteraction: Performing 'wait for a specific view with <an instance of android.widget.TextView and view.getText() with or without transformation to match: is "News"> during 10000 millis.' action on view view.getRootView() to equal view
09-07 06:12:09.292  9067  9314 I okhttp.OkHttpClient: <-- 200 http://www.981757-ca08998.tmweb.ru:8080/fmh/authentication/login (477ms)
09-07 06:12:09.292  9067  9314 I okhttp.OkHttpClient: Vary: Origin
09-07 06:12:09.292  9067  9314 I okhttp.OkHttpClient: Vary: Access-Control-Request-Method
09-07 06:12:09.292  9067  9314 I okhttp.OkHttpClient: Vary: Access-Control-Request-Headers
09-07 06:12:09.293  9067  9314 I okhttp.OkHttpClient: X-Content-Type-Options: nosniff
09-07 06:12:09.293  9067  9314 I okhttp.OkHttpClient: X-XSS-Protection: 1; mode=block
09-07 06:12:09.293  9067  9314 I okhttp.OkHttpClient: Cache-Control: no-cache, no-store, max-age=0, must-revalidate
09-07 06:12:09.293  9067  9314 I okhttp.OkHttpClient: Pragma: no-cache
09-07 06:12:09.293  9067  9314 I okhttp.OkHttpClient: Expires: 0
09-07 06:12:09.293  9067  9314 I okhttp.OkHttpClient: X-Frame-Options: DENY
09-07 06:12:09.294  9067  9314 I okhttp.OkHttpClient: Content-Type: application/json
09-07 06:12:09.294  9067  9314 I okhttp.OkHttpClient: Transfer-Encoding: chunked
09-07 06:12:09.294  9067  9314 I okhttp.OkHttpClient: Date: Thu, 07 Sep 2023 06:12:09 GMT
09-07 06:12:09.294  9067  9314 I okhttp.OkHttpClient: Keep-Alive: timeout=60
09-07 06:12:09.294  9067  9314 I okhttp.OkHttpClient: Connection: keep-alive
09-07 06:12:09.295  9067  9314 I okhttp.OkHttpClient: {"accessToken":"eyJhbGciOiJIUzUxMiJ9.eyJzdWIiOiJsb2dpbjIiLCJqdGkiOiIxIiwiZXhwIjoxNjk0MTUzNTI5fQ.M14Bbidq0I3JX4q8zSc2XZWvMQ8JyuWzDoPuNOR8ovveDXk-xtXB6vMycYuPPrOIHxXoj3iEaNSXuUadskNDmg","refreshToken":"eyJhbGciOiJIUzUxMiJ9.eyJzdWIiOiJsb2dpbjIiLCJqdGkiOiIxIiwiZXhwIjoxNjk2NjU5MTI5fQ.pDmfgVMcNuTm1d-Ap1rzufXtRUg3HfeK4gzZP0spXw1YxYmrxIk0g1n7ZExjRzzHcqSh6fTfh9mn646-V2mSUg"}
09-07 06:12:09.295  9067  9314 I okhttp.OkHttpClient: <-- END HTTP (368-byte body)
09-07 06:12:09.301  9067  9320 I okhttp.OkHttpClient: --> GET http://www.981757-ca08998.tmweb.ru:8080/fmh/authentication/userInfo
09-07 06:12:09.302  9067  9320 I okhttp.OkHttpClient: --> END GET
09-07 06:12:09.498  9067  9320 I okhttp.OkHttpClient: <-- 200 http://www.981757-ca08998.tmweb.ru:8080/fmh/authentication/userInfo (195ms)
09-07 06:12:09.498  9067  9320 I okhttp.OkHttpClient: Vary: Origin
09-07 06:12:09.498  9067  9320 I okhttp.OkHttpClient: Vary: Access-Control-Request-Method
09-07 06:12:09.498  9067  9320 I okhttp.OkHttpClient: Vary: Access-Control-Request-Headers
09-07 06:12:09.499  9067  9320 I okhttp.OkHttpClient: X-Content-Type-Options: nosniff
09-07 06:12:09.499  9067  9320 I okhttp.OkHttpClient: X-XSS-Protection: 1; mode=block
09-07 06:12:09.499  9067  9320 I okhttp.OkHttpClient: Cache-Control: no-cache, no-store, max-age=0, must-revalidate
09-07 06:12:09.499  9067  9320 I okhttp.OkHttpClient: Pragma: no-cache
09-07 06:12:09.499  9067  9320 I okhttp.OkHttpClient: Expires: 0
09-07 06:12:09.499  9067  9320 I okhttp.OkHttpClient: X-Frame-Options: DENY
09-07 06:12:09.500  9067  9320 I okhttp.OkHttpClient: Content-Type: application/json
09-07 06:12:09.500  9067  9320 I okhttp.OkHttpClient: Transfer-Encoding: chunked
09-07 06:12:09.500  9067  9320 I okhttp.OkHttpClient: Date: Thu, 07 Sep 2023 06:12:09 GMT
09-07 06:12:09.500  9067  9320 I okhttp.OkHttpClient: Keep-Alive: timeout=60
09-07 06:12:09.500  9067  9320 I okhttp.OkHttpClient: Connection: keep-alive
09-07 06:12:09.501  9067  9320 I okhttp.OkHttpClient: {"id":1,"firstName":"Ivan","lastName":"Ivanov","middleName":"Ivanovich","admin":true}
09-07 06:12:09.501  9067  9320 I okhttp.OkHttpClient: <-- END HTTP (85-byte body)
09-07 06:12:09.517  9067  9399 I okhttp.OkHttpClient: --> GET http://www.981757-ca08998.tmweb.ru:8080/fmh/claims
09-07 06:12:09.518  9067  9399 I okhttp.OkHttpClient: --> END GET
09-07 06:12:09.528  1774  9481 E ResolverController: No valid NAT64 prefix (101, <unspecified>/0)
09-07 06:12:09.554  1792  2272 E GnssHAL_GnssInterface: gnssSvStatusCb: a: input svInfo.flags is 8
09-07 06:12:09.554  1792  2272 E GnssHAL_GnssInterface: gnssSvStatusCb: b: input svInfo.flags is 8
09-07 06:12:09.692  9067  9067 I ViewInteraction: Checking 'MatchesViewAssertion{viewMatcher=(view has effective visibility <VISIBLE> and view.getGlobalVisibleRect() to return non-empty rectangle)}' assertion on view an instance of android.widget.TextView and view.getText() with or without transformation to match: is "News"
09-07 06:12:09.699  9067  9067 I ViewInteraction: Performing 'wait for a specific view with <view.getId() is <2131230951>> during 10000 millis.' action on view view.getRootView() to equal view
09-07 06:12:09.723  9067  9067 I ViewInteraction: Checking 'MatchesViewAssertion{viewMatcher=(view has effective visibility <VISIBLE> and view.getGlobalVisibleRect() to return non-empty rectangle)}' assertion on view view.getId() is <2131230951/ru.iteco.fmhandroid:id/container_list_news_include_on_fragment_main>
09-07 06:12:09.726  9067  9067 I ViewInteraction: Performing 'wait for a specific view with <view.getId() is <2131230949>> during 10000 millis.' action on view view.getRootView() to equal view
09-07 06:12:09.729  9067  9067 I ViewInteraction: Checking 'MatchesViewAssertion{viewMatcher=(view has effective visibility <VISIBLE> and view.getGlobalVisibleRect() to return non-empty rectangle)}' assertion on view view.getId() is <2131230949/ru.iteco.fmhandroid:id/container_list_claim_include_on_fragment_main>
09-07 06:12:09.733  9067  9067 I ViewInteraction: Performing 'wait for a specific view with <an instance of android.widget.TextView and view.getText() with or without transformation to match: is "Claims"> during 10000 millis.' action on view view.getRootView() to equal view
09-07 06:12:09.737  9067  9067 I ViewInteraction: Checking 'MatchesViewAssertion{viewMatcher=(view has effective visibility <VISIBLE> and view.getGlobalVisibleRect() to return non-empty rectangle)}' assertion on view an instance of android.widget.TextView and view.getText() with or without transformation to match: is "Claims"
09-07 06:12:09.741  9067  9067 I ViewInteraction: Performing 'wait for a specific view with <view.getId() is <2131231123/ru.iteco.fmhandroid:id/main_menu_image_button>> during 10000 millis.' action on view view.getRootView() to equal view
09-07 06:12:09.745  9067  9067 I ViewInteraction: Performing 'single click' action on view view.getId() is <2131231123/ru.iteco.fmhandroid:id/main_menu_image_button>
09-07 06:12:09.843  1793  1793 D gralloc_ranchu: gralloc_alloc: Creating ashmem region of size 2015232
09-07 06:12:09.860  1793  1793 I chatty  : uid=1000(system) allocator@2.0-s identical 1 line
09-07 06:12:09.863  1793  1793 D gralloc_ranchu: gralloc_alloc: Creating ashmem region of size 2015232
09-07 06:12:09.875  9067  9293 D EGL_emulation: eglMakeCurrent: 0xda21a9c0: ver 2 0 (tinfo 0xda20fc10)
09-07 06:12:10.075  9067  9293 I chatty  : uid=10136(ru.iteco.fmhandroid) RenderThread identical 5 lines
09-07 06:12:10.119  9067  9293 D EGL_emulation: eglMakeCurrent: 0xda21a9c0: ver 2 0 (tinfo 0xda20fc10)
09-07 06:12:10.162  1937  1937 E netmgr  : Failed to open QEMU pipe 'qemud:network': Invalid argument
09-07 06:12:10.355  9067  9067 I ViewInteraction: Performing 'wait for a specific view with <an instance of android.widget.TextView and view.getText() with or without transformation to match: is "News"> during 10000 millis.' action on view view.getRootView() to equal view
09-07 06:12:10.361  9067  9067 I ViewInteraction: Performing 'single click' action on view an instance of android.widget.TextView and view.getText() with or without transformation to match: is "News"
09-07 06:12:10.520  9067  9333 I okhttp.OkHttpClient: --> GET http://www.981757-ca08998.tmweb.ru:8080/fmh/news
09-07 06:12:10.521  9067  9333 I okhttp.OkHttpClient: --> END GET
09-07 06:12:10.555  1792  2272 E GnssHAL_GnssInterface: gnssSvStatusCb: a: input svInfo.flags is 8
09-07 06:12:10.555  1792  2272 E GnssHAL_GnssInterface: gnssSvStatusCb: b: input svInfo.flags is 8
09-07 06:12:10.599  1939  1939 E wifi_forwarder: RemoteConnection failed to initialize: RemoteConnection failed to open pipe
09-07 06:12:10.602  9067  9293 D EGL_emulation: eglMakeCurrent: 0xda21a9c0: ver 2 0 (tinfo 0xda20fc10)
09-07 06:12:10.617  9067  9293 D EGL_emulation: eglMakeCurrent: 0xda21a9c0: ver 2 0 (tinfo 0xda20fc10)
09-07 06:12:10.759  9067  9080 I teco.fmhandroi: Background concurrent copying GC freed 33613(1403KB) AllocSpace objects, 0(0B) LOS objects, 29% free, 14MB/20MB, paused 415us total 108.071ms
09-07 06:12:10.848  9067  9067 I ViewInteraction: Performing 'wait for a specific view with <view.getId() is <2131231025/ru.iteco.fmhandroid:id/edit_news_material_button>> during 10000 millis.' action on view view.getRootView() to equal view
09-07 06:12:10.852  9067  9067 I ViewInteraction: Performing 'single click' action on view view.getId() is <2131231025/ru.iteco.fmhandroid:id/edit_news_material_button>
09-07 06:12:10.898  9067  9322 I okhttp.OkHttpClient: <-- HTTP FAILED: java.net.SocketTimeoutException: timeout
09-07 06:12:10.899  9067  9067 W System.err: ru.iteco.fmhandroid.exceptions.ServerException
