09-07 06:12:10.899  9067  9067 W System.err: 	at ru.iteco.fmhandroid.utils.Utils.makeRequest(Utils.kt:119)
09-07 06:12:10.899  9067  9067 W System.err: 	at ru.iteco.fmhandroid.utils.Utils$makeRequest$1.invokeSuspend(Unknown Source:15)
09-07 06:12:10.899  9067  9067 W System.err: 	at kotlin.coroutines.jvm.internal.BaseContinuationImpl.resumeWith(ContinuationImpl.kt:33)
09-07 06:12:10.899  9067  9067 W System.err: 	at kotlinx.coroutines.DispatchedTask.run(DispatchedTask.kt:104)
09-07 06:12:10.899  9067  9067 W System.err: 	at android.os.Handler.handleCallback(Handler.java:883)
09-07 06:12:10.899  9067  9067 W System.err: 	at android.os.Handler.dispatchMessage(Handler.java:100)
09-07 06:12:10.899  9067  9067 W System.err: 	at androidx.test.espresso.base.Interrogator.loopAndInterrogate(Interrogator.java:14)
09-07 06:12:10.899  9067  9067 W System.err: 	at androidx.test.espresso.base.UiControllerImpl.loopUntil(UiControllerImpl.java:8)
09-07 06:12:10.900  9067  9067 W System.err: 	at androidx.test.espresso.base.UiControllerImpl.loopMainThreadUntilIdle(UiControllerImpl.java:16)
09-07 06:12:10.900  9067  9067 W System.err: 	at androidx.test.espresso.base.UiControllerImpl.loopMainThreadForAtLeast(UiControllerImpl.java:8)
09-07 06:12:10.900  9067  9067 W System.err: 	at ru.iteco.fmhandroid.ui.data.ViewActions$1.perform(ViewActions.java:48)
09-07 06:12:10.900  9067  9067 W System.err: 	at androidx.test.espresso.ViewInteraction$SingleExecutionViewAction.perform(ViewInteraction.java:2)
09-07 06:12:10.900  9067  9067 W System.err: 	at androidx.test.espresso.ViewInteraction.doPerform(ViewInteraction.java:25)
09-07 06:12:10.900  9067  9067 W System.err: 	at androidx.test.espresso.ViewInteraction.-$$Nest$mdoPerform(Unknown Source:0)
09-07 06:12:10.900  9067  9067 W System.err: 	at androidx.test.espresso.ViewInteraction$1.call(ViewInteraction.java:7)
09-07 06:12:10.900  9067  9067 W System.err: 	at androidx.test.espresso.ViewInteraction$1.call(ViewInteraction.java:1)
09-07 06:12:10.900  9067  9067 W System.err: 	at java.util.concurrent.FutureTask.run(FutureTask.java:266)
09-07 06:12:10.900  9067  9067 W System.err: 	at android.os.Handler.handleCallback(Handler.java:883)
09-07 06:12:10.900  9067  9067 W System.err: 	at android.os.Handler.dispatchMessage(Handler.java:100)
09-07 06:12:10.900  9067  9067 W System.err: 	at android.os.Looper.loop(Looper.java:214)
09-07 06:12:10.900  9067  9067 W System.err: 	at android.app.ActivityThread.main(ActivityThread.java:7356)
09-07 06:12:10.900  9067  9067 W System.err: 	at java.lang.reflect.Method.invoke(Native Method)
09-07 06:12:10.900  9067  9067 W System.err: 	at com.android.internal.os.RuntimeInit$MethodAndArgsCaller.run(RuntimeInit.java:492)
09-07 06:12:10.900  9067  9067 W System.err: 	at com.android.internal.os.ZygoteInit.main(ZygoteInit.java:930)
09-07 06:12:10.929  9067  9329 I okhttp.OkHttpClient: --> GET http://www.981757-ca08998.tmweb.ru:8080/fmh/news
09-07 06:12:10.930  9067  9329 I okhttp.OkHttpClient: --> END GET
09-07 06:12:11.207  9067  9067 I ViewInteraction: Performing 'wait for a specific view with <view.getId() is <2131230850/ru.iteco.fmhandroid:id/add_news_image_view>> during 10000 millis.' action on view view.getRootView() to equal view
09-07 06:12:11.212  9067  9067 I ViewInteraction: Performing 'single click' action on view view.getId() is <2131230850/ru.iteco.fmhandroid:id/add_news_image_view>
09-07 06:12:11.555  1792  2272 E GnssHAL_GnssInterface: gnssSvStatusCb: a: input svInfo.flags is 8
09-07 06:12:11.555  1792  2272 E GnssHAL_GnssInterface: gnssSvStatusCb: b: input svInfo.flags is 8
09-07 06:12:11.605  9067  9067 I ViewInteraction: Performing 'wait for a specific view with <view.getId() is <2131231204/ru.iteco.fmhandroid:id/news_item_category_text_auto_complete_text_view>> during 10000 millis.' action on view view.getRootView() to equal view
09-07 06:12:11.609  9067  9067 I ViewInteraction: Performing 'single click' action on view view.getId() is <2131231204/ru.iteco.fmhandroid:id/news_item_category_text_auto_complete_text_view>
09-07 06:12:11.745  1793  1793 D gralloc_ranchu: gralloc_alloc: Creating ashmem region of size 5308416
09-07 06:12:11.760  1793  1793 D gralloc_ranchu: gralloc_alloc: Creating ashmem region of size 5308416
09-07 06:12:11.765  1793 14098 D gralloc_ranchu: gralloc_alloc: Creating ashmem region of size 5308416
09-07 06:12:11.778  9067  9293 D EGL_emulation: eglMakeCurrent: 0xda21a9c0: ver 2 0 (tinfo 0xda20fc10)
09-07 06:12:11.806  9067  9067 I AssistStructure: Flattened final assist data: 7432 bytes, containing 2 windows, 55 views
09-07 06:12:11.813  6131  6131 W GInputConnectionWrapper: IPC IC_GET_TEXT_BEFORE_CURSOR_AND_FIX_SELECTION_INDICES took 119 ms
09-07 06:12:11.832  9067  9293 D EGL_emulation: eglMakeCurrent: 0xda21a9c0: ver 2 0 (tinfo 0xda20fc10)
09-07 06:12:11.853  9067  9067 I AssistStructure: Flattened final assist data: 7432 bytes, containing 2 windows, 55 views
09-07 06:12:11.860  8425  8425 W AutofillChimeraService: Pending fill request while another request in the same session was triggered. [CONTEXT service_id=177 ]
09-07 06:12:11.878  7867  7867 D BoundBrokerSvc: onBind: Intent { act=com.google.android.mdd.service.START dat=chimera-action: cmp=com.google.android.gms/.chimera.GmsBoundBrokerService }
09-07 06:12:11.878  7867  7867 D BoundBrokerSvc: Loading bound service for intent: Intent { act=com.google.android.mdd.service.START dat=chimera-action: cmp=com.google.android.gms/.chimera.GmsBoundBrokerService }
09-07 06:12:11.879  2037  2065 E memtrack: Couldn't load memtrack module
09-07 06:12:11.879  2037  2065 W android.os.Debug: failed to get memory consumption info: -1
09-07 06:12:11.883  9067  9293 D EGL_emulation: eglMakeCurrent: 0xda21a9c0: ver 2 0 (tinfo 0xda20fc10)
09-07 06:12:11.892  6131  6131 I KeyboardViewUtil: systemKeyboardHeightRatio:1.000000; userKeyboardHeightRatio:1.000000.
09-07 06:12:11.892  6131  6131 I AndroidIME: LatinIme.onActivate() : EditorInfo = Package = ru.iteco.fmhandroid : Type = Text : Learning = Disable : Suggestion = Show : AutoCorrection = Disable : Microphone = Show : NoPersonalizedLearning = Disable
09-07 06:12:11.910  6131  6131 I Conv2QueryExtension: Current locale: en_US, config allows these locales: de,en,es,fr,it,ms,pt,ta
09-07 06:12:11.910  6131  6131 I Conv2QueryExtension: Conv2Query not enabled due to current app [ru.iteco.fmhandroid] not in whitelist
09-07 06:12:11.910  6131  6131 I Conv2QueryExtension: onActivate() : Disabled by unsupported host app
09-07 06:12:11.923  2182  2468 D EGL_emulation: eglMakeCurrent: 0xda21a360: ver 2 0 (tinfo 0xda20f590)
09-07 06:12:11.924  2182  2182 W View    : requestLayout() improperly called by com.android.keyguard.AlphaOptimizedLinearLayout{551c6d8 V.E...... ......ID 7,0-48,61 #7f0a041c app:id/wifi_group} during second layout pass: posting in next frame
09-07 06:12:11.927  1793 14098 D gralloc_ranchu: gralloc_alloc: Creating ashmem region of size 9113600
09-07 06:12:11.937  1793 14098 D gralloc_ranchu: gralloc_alloc: Creating ashmem region of size 9113600
09-07 06:12:11.940  6131  6653 D EGL_emulation: eglMakeCurrent: 0xe224f240: ver 2 0 (tinfo 0xe227da70)
09-07 06:12:11.943  2182  2182 W View    : requestLayout() improperly called by StatusBarIconView(slot=mobile icon=null notification=null) during layout: running second layout pass
09-07 06:12:11.947  1793 14098 D gralloc_ranchu: gralloc_alloc: Creating ashmem region of size 9113600
09-07 06:12:11.961  2182  2468 D EGL_emulation: eglMakeCurrent: 0xda21a360: ver 2 0 (tinfo 0xda20f590)
09-07 06:12:11.975  9067  9293 D EGL_emulation: eglMakeCurrent: 0xda21a9c0: ver 2 0 (tinfo 0xda20fc10)
09-07 06:12:11.994  8425  8437 I .gms.persisten: WaitForGcToComplete blocked Background on None for 15.801ms
09-07 06:12:12.012  1793 14098 D gralloc_ranchu: gralloc_alloc: Creating ashmem region of size 3530752
09-07 06:12:12.031  9067  9293 D EGL_emulation: eglMakeCurrent: 0xda21a9c0: ver 2 0 (tinfo 0xda20fc10)
09-07 06:12:12.058  1793 14098 D gralloc_ranchu: gralloc_alloc: Creating ashmem region of size 3530752
09-07 06:12:12.066  9067  9293 D EGL_emulation: eglMakeCurrent: 0xda21a9c0: ver 2 0 (tinfo 0xda20fc10)
09-07 06:12:12.084  9067  9293 D EGL_emulation: eglMakeCurrent: 0xda21a9c0: ver 2 0 (tinfo 0xda20fc10)
09-07 06:12:12.093  1793 14098 D gralloc_ranchu: gralloc_alloc: Creating ashmem region of size 3530752
09-07 06:12:12.167  9067  9293 D EGL_emulation: eglMakeCurrent: 0xda21a9c0: ver 2 0 (tinfo 0xda20fc10)
09-07 06:12:12.182  9067  9067 I ViewInteraction: Performing 'close keyboard' action on view view.getRootView() to equal view
09-07 06:12:12.185  6131  6131 I PhenotypeExpConfig: refreshConfiguration() : Force = false : UpdateAvailable = false : Age = 184 minutes : MaxAge = 720 minutes
09-07 06:12:12.187  6131  6131 I AndroidIME: LatinIme.onDeactivate()
09-07 06:12:12.199  2182  2468 D EGL_emulation: eglMakeCurrent: 0xda21a360: ver 2 0 (tinfo 0xda20f590)
09-07 06:12:12.200  2182  2182 W View    : requestLayout() improperly called by com.android.keyguard.AlphaOptimizedLinearLayout{551c6d8 V.E...... ......ID 7,0-48,61 #7f0a041c app:id/wifi_group} during second layout pass: posting in next frame
09-07 06:12:12.208  6131  6653 D EGL_emulation: eglMakeCurrent: 0xe224f240: ver 2 0 (tinfo 0xe227da70)
09-07 06:12:12.220  2182  2182 W View    : requestLayout() improperly called by StatusBarIconView(slot=mobile icon=null notification=null) during layout: running second layout pass
09-07 06:12:12.225  2182  2468 D EGL_emulation: eglMakeCurrent: 0xda21a360: ver 2 0 (tinfo 0xda20f590)
09-07 06:12:12.289  1793 14098 D gralloc_ranchu: gralloc_alloc: Creating ashmem region of size 5308416
09-07 06:12:12.309  9067  9293 D EGL_emulation: eglMakeCurrent: 0xda21a9c0: ver 2 0 (tinfo 0xda20fc10)
09-07 06:12:12.324  1793 14098 D gralloc_ranchu: gralloc_alloc: Creating ashmem region of size 5308416
09-07 06:12:12.337  9067  9293 D EGL_emulation: eglMakeCurrent: 0xda21a9c0: ver 2 0 (tinfo 0xda20fc10)
09-07 06:12:12.350  9067  9293 D EGL_emulation: eglMakeCurrent: 0xda21a9c0: ver 2 0 (tinfo 0xda20fc10)
09-07 06:12:12.359  1793 14098 D gralloc_ranchu: gralloc_alloc: Creating ashmem region of size 5308416
09-07 06:12:12.502  9067  9067 I ViewInteraction: Checking 'MatchesViewAssertion{viewMatcher=(view has effective visibility <VISIBLE> and view.getGlobalVisibleRect() to return non-empty rectangle)}' assertion on view an instance of android.widget.TextView and view.getText() with or without transformation to match: is ""
09-07 06:12:12.506  9067  9067 I ViewInteraction: Performing 'single click' action on view an instance of android.widget.TextView and view.getText() with or without transformation to match: is ""
09-07 06:12:12.554  1792  2272 E GnssHAL_GnssInterface: gnssSvStatusCb: a: input svInfo.flags is 8
09-07 06:12:12.554  1792  2272 E GnssHAL_GnssInterface: gnssSvStatusCb: b: input svInfo.flags is 8
09-07 06:12:12.652  9067  9293 D EGL_emulation: eglMakeCurrent: 0xda21a9c0: ver 2 0 (tinfo 0xda20fc10)
09-07 06:12:12.664  2037  2302 E InputDispatcher: Window handle Window{3635e53 u0 PopupWindow:5f05964} has no registered input channel
09-07 06:12:12.676  9067  9293 D EGL_emulation: eglMakeCurrent: 0xda21a9c0: ver 2 0 (tinfo 0xda20fc10)
09-07 06:12:12.809  9067  9067 I ViewInteraction: Performing 'wait for a specific view with <view.getId() is <2131231227/ru.iteco.fmhandroid:id/news_item_title_text_input_edit_text>> during 10000 millis.' action on view view.getRootView() to equal view
09-07 06:12:12.816  9067  9067 I ViewInteraction: Performing 'replace text( d2bfa618-1166-4a89-af9b-91c10b25d725)' action on view view.getId() is <2131231227/ru.iteco.fmhandroid:id/news_item_title_text_input_edit_text>
09-07 06:12:12.842  7867  7867 D BoundBrokerSvc: onUnbind: Intent { act=com.google.android.gms.inappreach.service.START dat=chimera-action: cmp=com.google.android.gms/.chimera.GmsApiService }
09-07 06:12:12.842  9067  9067 I ViewInteraction: Performing 'wait for a specific view with <view.getId() is <2131231222/ru.iteco.fmhandroid:id/news_item_publish_date_text_input_edit_text>> during 10000 millis.' action on view view.getRootView() to equal view
09-07 06:12:12.848  9067  9067 I ViewInteraction: Performing 'single click' action on view view.getId() is <2131231222/ru.iteco.fmhandroid:id/news_item_publish_date_text_input_edit_text>
09-07 06:12:12.989  1793 14098 D gralloc_ranchu: gralloc_alloc: Creating ashmem region of size 6778880
09-07 06:12:13.002  1793 14098 I chatty  : uid=1000(system) HwBinder:1793_3 identical 1 line
09-07 06:12:13.007  1793 14098 D gralloc_ranchu: gralloc_alloc: Creating ashmem region of size 6778880
09-07 06:12:13.011  9067  9293 D EGL_emulation: eglMakeCurrent: 0xda21a9c0: ver 2 0 (tinfo 0xda20fc10)
09-07 06:12:13.232  9067  9293 I chatty  : uid=10136(ru.iteco.fmhandroid) RenderThread identical 15 lines
09-07 06:12:13.245  9067  9293 D EGL_emulation: eglMakeCurrent: 0xda21a9c0: ver 2 0 (tinfo 0xda20fc10)
09-07 06:12:13.485  9067  9067 I ViewInteraction: Performing 'wait for a specific view with <is assignable from class <class android.widget.DatePicker>> during 10000 millis.' action on view view.getRootView() to equal view
09-07 06:12:13.491  9067  9067 I ViewInteraction: Checking 'MatchesViewAssertion{viewMatcher=(view has effective visibility <VISIBLE> and view.getGlobalVisibleRect() to return non-empty rectangle)}' assertion on view is assignable from class <class android.widget.DatePicker>
09-07 06:12:13.495  9067  9067 I ViewInteraction: Performing 'wait for a specific view with <is assignable from class <class android.widget.DatePicker>> during 10000 millis.' action on view view.getRootView() to equal view
09-07 06:12:13.503  9067  9067 I ViewInteraction: Performing 'set date' action on view is assignable from class <class android.widget.DatePicker>
09-07 06:12:13.555  9067  9067 I ViewInteraction: Performing 'wait for a specific view with <view.getId() is <16908313/android:id/button1>> during 10000 millis.' action on view view.getRootView() to equal view
09-07 06:12:13.558  1792  2272 E GnssHAL_GnssInterface: gnssSvStatusCb: a: input svInfo.flags is 8
09-07 06:12:13.561  1792  2272 E GnssHAL_GnssInterface: gnssSvStatusCb: b: input svInfo.flags is 8
09-07 06:12:13.563  9067  9067 I ViewInteraction: Performing 'single click' action on view view.getId() is <16908313/android:id/button1>
09-07 06:12:13.676  9067  9293 D EGL_emulation: eglMakeCurrent: 0xda21a9c0: ver 2 0 (tinfo 0xda20fc10)
09-07 06:12:13.703  2037  7737 E InputDispatcher: Window handle Window{a836a9e u0 ru.iteco.fmhandroid/ru.iteco.fmhandroid.ui.AppActivity} has no registered input channel
09-07 06:12:13.709  9067  9293 D EGL_emulation: eglMakeCurrent: 0xda21a9c0: ver 2 0 (tinfo 0xda20fc10)
09-07 06:12:13.710  9067  9080 I teco.fmhandroi: WaitForGcToComplete blocked HeapTrim on None for 6.060ms
09-07 06:12:13.978  9067  9067 I ViewInteraction: Performing 'wait for a specific view with <view.getId() is <2131231223/ru.iteco.fmhandroid:id/news_item_publish_time_text_input_edit_text>> during 10000 millis.' action on view view.getRootView() to equal view
09-07 06:12:13.984  9067  9067 I ViewInteraction: Performing 'single click' action on view view.getId() is <2131231223/ru.iteco.fmhandroid:id/news_item_publish_time_text_input_edit_text>
09-07 06:12:14.124  1793 14098 D gralloc_ranchu: gralloc_alloc: Creating ashmem region of size 5718016
09-07 06:12:14.134  1793 14098 I chatty  : uid=1000(system) HwBinder:1793_3 identical 1 line
09-07 06:12:14.146  1793 14098 D gralloc_ranchu: gralloc_alloc: Creating ashmem region of size 5718016
09-07 06:12:14.157  9067  9293 D EGL_emulation: eglMakeCurrent: 0xda21a9c0: ver 2 0 (tinfo 0xda20fc10)
09-07 06:12:14.191  9067  9293 D EGL_emulation: eglMakeCurrent: 0xda21a9c0: ver 2 0 (tinfo 0xda20fc10)
09-07 06:12:14.435  9067  9067 I ViewInteraction: Performing 'wait for a specific view with <is assignable from class <class android.widget.TimePicker>> during 10000 millis.' action on view view.getRootView() to equal view
09-07 06:12:14.439  9067  9067 I ViewInteraction: Checking 'MatchesViewAssertion{viewMatcher=(view has effective visibility <VISIBLE> and view.getGlobalVisibleRect() to return non-empty rectangle)}' assertion on view is assignable from class <class android.widget.TimePicker>
09-07 06:12:14.444  9067  9067 I ViewInteraction: Performing 'wait for a specific view with <is assignable from class <class android.widget.TimePicker>> during 10000 millis.' action on view view.getRootView() to equal view
09-07 06:12:14.450  9067  9067 I ViewInteraction: Performing 'set time' action on view is assignable from class <class android.widget.TimePicker>
09-07 06:12:14.466  9067  9293 D EGL_emulation: eglMakeCurrent: 0xda21a9c0: ver 2 0 (tinfo 0xda20fc10)
09-07 06:12:14.473  9067  9067 I ViewInteraction: Performing 'wait for a specific view with <view.getId() is <16908313/android:id/button1>> during 10000 millis.' action on view view.getRootView() to equal view
09-07 06:12:14.478  9067  9067 I ViewInteraction: Performing 'single click' action on view view.getId() is <16908313/android:id/button1>
09-07 06:12:14.554  1792  2272 E GnssHAL_GnssInterface: gnssSvStatusCb: a: input svInfo.flags is 8
09-07 06:12:14.554  1792  2272 E GnssHAL_GnssInterface: gnssSvStatusCb: b: input svInfo.flags is 8
09-07 06:12:14.565  9067  9293 D EGL_emulation: eglMakeCurrent: 0xda21a9c0: ver 2 0 (tinfo 0xda20fc10)
09-07 06:12:14.572  2037  6130 E InputDispatcher: Window handle Window{ba5006f u0 ru.iteco.fmhandroid/ru.iteco.fmhandroid.ui.AppActivity} has no registered input channel
09-07 06:12:14.593  2037  7737 E InputDispatcher: Window handle Window{ba5006f u0 ru.iteco.fmhandroid/ru.iteco.fmhandroid.ui.AppActivity} has no registered input channel
09-07 06:12:14.595  9067  9293 D EGL_emulation: eglMakeCurrent: 0xda21a9c0: ver 2 0 (tinfo 0xda20fc10)
09-07 06:12:14.844  9067  9067 I ViewInteraction: Performing 'wait for a specific view with <view.getId() is <2131231211/ru.iteco.fmhandroid:id/news_item_description_text_input_edit_text>> during 10000 millis.' action on view view.getRootView() to equal view
09-07 06:12:14.849  9067  9067 I ViewInteraction: Performing 'replace text( df6f9ef6-1bdc-4022-bfd4-9c4d02ed20de)' action on view view.getId() is <2131231211/ru.iteco.fmhandroid:id/news_item_description_text_input_edit_text>
09-07 06:12:14.897  9067  9067 I ViewInteraction: Performing 'wait for a specific view with <view.getId() is <2131231291/ru.iteco.fmhandroid:id/save_button>> during 10000 millis.' action on view view.getRootView() to equal view
09-07 06:12:14.901  9067  9067 I ViewInteraction: Performing 'single click' action on view view.getId() is <2131231291/ru.iteco.fmhandroid:id/save_button>
09-07 06:12:14.970  9067  9353 I okhttp.OkHttpClient: --> POST http://www.981757-ca08998.tmweb.ru:8080/fmh/news
09-07 06:12:14.970  9067  9353 I okhttp.OkHttpClient: Content-Type: application/json; charset=UTF-8
09-07 06:12:14.970  9067  9353 I okhttp.OkHttpClient: Content-Length: 294
09-07 06:12:14.973  9067  9353 I okhttp.OkHttpClient: {"createDate":1694056334,"creatorId":1,"creatorName":"Ivanov Ivan Ivanovich","description":" df6f9ef6-1bdc-4022-bfd4-9c4d02ed20de","isOpen":false,"newsCategoryId":1,"publishDate":1694067060,"publishEnabled":true,"title":" d2bfa618-1166-4a89-af9b-91c10b25d725"}
09-07 06:12:14.974  9067  9353 I okhttp.OkHttpClient: --> END POST (294-byte body)
09-07 06:12:14.990  1774  9488 E ResolverController: No valid NAT64 prefix (101, <unspecified>/0)
09-07 06:12:15.210  9067  9067 I ViewInteraction: Performing 'wait for a specific view with <view.getId() is <2131231230/ru.iteco.fmhandroid:id/news_list_recycler_view>> during 10000 millis.' action on view view.getRootView() to equal view
09-07 06:12:15.555  1792  2272 E GnssHAL_GnssInterface: gnssSvStatusCb: a: input svInfo.flags is 8
09-07 06:12:15.555  1792  2272 E GnssHAL_GnssInterface: gnssSvStatusCb: b: input svInfo.flags is 8
09-07 06:12:16.153  9067  9353 I okhttp.OkHttpClient: <-- 200 http://www.981757-ca08998.tmweb.ru:8080/fmh/news (1177ms)
09-07 06:12:16.153  9067  9353 I okhttp.OkHttpClient: Vary: Origin
09-07 06:12:16.153  9067  9353 I okhttp.OkHttpClient: Vary: Access-Control-Request-Method
09-07 06:12:16.153  9067  9353 I okhttp.OkHttpClient: Vary: Access-Control-Request-Headers
09-07 06:12:16.153  9067  9353 I okhttp.OkHttpClient: X-Content-Type-Options: nosniff
09-07 06:12:16.153  9067  9353 I okhttp.OkHttpClient: X-XSS-Protection: 1; mode=block
09-07 06:12:16.153  9067  9353 I okhttp.OkHttpClient: Cache-Control: no-cache, no-store, max-age=0, must-revalidate
09-07 06:12:16.153  9067  9353 I okhttp.OkHttpClient: Pragma: no-cache
09-07 06:12:16.153  9067  9353 I okhttp.OkHttpClient: Expires: 0
09-07 06:12:16.153  9067  9353 I okhttp.OkHttpClient: X-Frame-Options: DENY
09-07 06:12:16.153  9067  9353 I okhttp.OkHttpClient: Content-Type: application/json
09-07 06:12:16.154  9067  9353 I okhttp.OkHttpClient: Transfer-Encoding: chunked
09-07 06:12:16.154  9067  9353 I okhttp.OkHttpClient: Date: Thu, 07 Sep 2023 06:12:16 GMT
09-07 06:12:16.154  9067  9353 I okhttp.OkHttpClient: Keep-Alive: timeout=60
09-07 06:12:16.154  9067  9353 I okhttp.OkHttpClient: Connection: keep-alive
09-07 06:12:16.154  9067  9353 I okhttp.OkHttpClient: {"id":6485,"newsCategoryId":1,"title":" d2bfa618-1166-4a89-af9b-91c10b25d725","description":" df6f9ef6-1bdc-4022-bfd4-9c4d02ed20de","creatorId":1,"createDate":1694056334,"publishDate":1694067060,"publishEnabled":true,"creatorName":"Ivanov Ivan Ivanovich"}
09-07 06:12:16.156  9067  9353 I okhttp.OkHttpClient: <-- END HTTP (289-byte body)
09-07 06:12:16.231  9067  9067 I ViewInteraction: Performing 'scroll RecyclerView to: holder with view: ((view is an instance of android.view.ViewGroup and has descendant matching an instance of android.widget.TextView and view.getText() with or without transformation to match: is " d2bfa618-1166-4a89-af9b-91c10b25d725"))' action on view view.getId() is <2131231230/ru.iteco.fmhandroid:id/news_list_recycler_view>
09-07 06:12:16.235  9067  9067 D takeScreenshot: Found 1 global views to redraw
09-07 06:12:16.348  1793 14098 D gralloc_ranchu: gralloc_alloc: Creating ashmem region of size 9850880
09-07 06:12:16.411  9067  9235 W DefaultFailureHandler: Failed to take screenshot
09-07 06:12:16.411  9067  9235 W DefaultFailureHandler: java.io.FileNotFoundException: view-op-error-5.png: open failed: EROFS (Read-only file system)
09-07 06:12:16.411  9067  9235 W DefaultFailureHandler: 	at libcore.io.IoBridge.open(IoBridge.java:496)
09-07 06:12:16.411  9067  9235 W DefaultFailureHandler: 	at java.io.FileOutputStream.<init>(FileOutputStream.java:235)
09-07 06:12:16.411  9067  9235 W DefaultFailureHandler: 	at java.io.FileOutputStream.<init>(FileOutputStream.java:125)
09-07 06:12:16.411  9067  9235 W DefaultFailureHandler: 	at androidx.test.platform.io.FileTestStorage.openOutputFile(FileTestStorage.java:60)
09-07 06:12:16.411  9067  9235 W DefaultFailureHandler: 	at androidx.test.core.graphics.BitmapStorage.writeToTestStorage(BitmapStorageExt.kt:49)
09-07 06:12:16.411  9067  9235 W DefaultFailureHandler: 	at androidx.test.espresso.base.DefaultFailureHandler.takeScreenshot(DefaultFailureHandler.java:4)
09-07 06:12:16.411  9067  9235 W DefaultFailureHandler: 	at androidx.test.espresso.base.DefaultFailureHandler.handle(DefaultFailureHandler.java:3)
09-07 06:12:16.411  9067  9235 W DefaultFailureHandler: 	at androidx.test.espresso.ViewInteraction.waitForAndHandleInteractionResults(ViewInteraction.java:8)
09-07 06:12:16.411  9067  9235 W DefaultFailureHandler: 	at androidx.test.espresso.ViewInteraction.desugaredPerform(ViewInteraction.java:11)
09-07 06:12:16.411  9067  9235 W DefaultFailureHandler: 	at androidx.test.espresso.ViewInteraction.perform(ViewInteraction.java:8)
09-07 06:12:16.411  9067  9235 W DefaultFailureHandler: 	at ru.iteco.fmhandroid.ui.steps.ControlPanelSteps.scrollToElementInRecyclerList(ControlPanelSteps.java:204)
09-07 06:12:16.411  9067  9235 W DefaultFailureHandler: 	at ru.iteco.fmhandroid.ui.steps.ControlPanelSteps.checkNewsIsPresent(ControlPanelSteps.java:309)
09-07 06:12:16.411  9067  9235 W DefaultFailureHandler: 	at ru.iteco.fmhandroid.ui.steps.ControlPanelSteps.openNewsCard(ControlPanelSteps.java:323)
09-07 06:12:16.411  9067  9235 W DefaultFailureHandler: 	at ru.iteco.fmhandroid.ui.ControlPanelTest.shouldChangeNewsTitle(ControlPanelTest.java:239)
09-07 06:12:16.411  9067  9235 W DefaultFailureHandler: 	at java.lang.reflect.Method.invoke(Native Method)
09-07 06:12:16.411  9067  9235 W DefaultFailureHandler: 	at org.junit.runners.model.FrameworkMethod$1.runReflectiveCall(FrameworkMethod.java:59)
09-07 06:12:16.411  9067  9235 W DefaultFailureHandler: 	at org.junit.internal.runners.model.ReflectiveCallable.run(ReflectiveCallable.java:12)
09-07 06:12:16.411  9067  9235 W DefaultFailureHandler: 	at org.junit.runners.model.FrameworkMethod.invokeExplosively(FrameworkMethod.java:56)
09-07 06:12:16.411  9067  9235 W DefaultFailureHandler: 	at org.junit.internal.runners.statements.InvokeMethod.evaluate(InvokeMethod.java:17)
09-07 06:12:16.411  9067  9235 W DefaultFailureHandler: 	at androidx.test.internal.runner.junit4.statement.RunBefores.evaluate(RunBefores.java:80)
09-07 06:12:16.411  9067  9235 W DefaultFailureHandler: 	at io.qameta.allure.android.rules.ScreenshotRule$apply$1.evaluate(ScreenshotRule.kt:22)
09-07 06:12:16.411  9067  9235 W DefaultFailureHandler: 	at org.junit.rules.ExternalResource$1.evaluate(ExternalResource.java:54)
09-07 06:12:16.411  9067  9235 W DefaultFailureHandler: 	at io.qameta.allure.android.rules.LogcatRule$apply$1.evaluate(LogcatRule.kt:23)
09-07 06:12:16.411  9067  9235 W DefaultFailureHandler: 	at org.junit.rules.RunRules.evaluate(RunRules.java:20)
09-07 06:12:16.411  9067  9235 W DefaultFailureHandler: 	at org.junit.runners.ParentRunner$3.evaluate(ParentRunner.java:306)
09-07 06:12:16.411  9067  9235 W DefaultFailureHandler: 	at org.junit.runners.BlockJUnit4ClassRunner$1.evaluate(BlockJUnit4ClassRunner.java:100)
09-07 06:12:16.411  9067  9235 W DefaultFailureHandler: 	at org.junit.runners.ParentRunner.runLeaf(ParentRunner.java:366)
09-07 06:12:16.411  9067  9235 W DefaultFailureHandler: 	at org.junit.runners.BlockJUnit4ClassRunner.runChild(BlockJUnit4ClassRunner.java:103)
09-07 06:12:16.411  9067  9235 W DefaultFailureHandler: 	at org.junit.runners.BlockJUnit4ClassRunner.runChild(BlockJUnit4ClassRunner.java:63)
09-07 06:12:16.411  9067  9235 W DefaultFailureHandler: 	at org.junit.runners.ParentRunner$4.run(ParentRunner.java:331)
09-07 06:12:16.411  9067  9235 W DefaultFailureHandler: 	at org.junit.runners.ParentRunner$1.schedule(ParentRunner.java:79)
09-07 06:12:16.411  9067  9235 W DefaultFailureHandler: 	at org.junit.runners.ParentRunner.runChildren(ParentRunner.java:329)
09-07 06:12:16.411  9067  9235 W DefaultFailureHandler: 	at org.junit.runners.ParentRunner.access$100(ParentRunner.java:66)
09-07 06:12:16.411  9067  9235 W DefaultFailureHandler: 	at org.junit.runners.ParentRunner$2.evaluate(ParentRunner.java:293)
09-07 06:12:16.411  9067  9235 W DefaultFailureHandler: 	at org.junit.runners.ParentRunner$3.evaluate(ParentRunner.java:306)
09-07 06:12:16.411  9067  9235 W DefaultFailureHandler: 	at org.junit.runners.ParentRunner.run(ParentRunner.java:413)
09-07 06:12:16.411  9067  9235 W DefaultFailureHandler: 	at androidx.test.ext.junit.runners.AndroidJUnit4.run(AndroidJUnit4.java:162)
09-07 06:12:16.411  9067  9235 W DefaultFailureHandler: 	at io.qameta.allure.android.runners.AllureAndroidJUnit4.run(AllureAndroidJUnitRunners.kt:29)
09-07 06:12:16.411  9067  9235 W DefaultFailureHandler: 	at org.junit.runners.Suite.runChild(Suite.java:128)
09-07 06:12:16.411  9067  9235 W DefaultFailureHandler: 	at org.junit.runners.Suite.runChild(Suite.java:27)
09-07 06:12:16.411  9067  9235 W DefaultFailureHandler: 	at org.junit.runners.ParentRunner$4.run(ParentRunner.java:331)
09-07 06:12:16.411  9067  9235 W DefaultFailureHandler: 	at org.junit.runners.ParentRunner$1.schedule(ParentRunner.java:79)
09-07 06:12:16.411  9067  9235 W DefaultFailureHandler: 	at org.junit.runners.ParentRunner.runChildren(ParentRunner.java:329)
09-07 06:12:16.411  9067  9235 W DefaultFailureHandler: 	at org.junit.runners.ParentRunner.access$100(ParentRunner.java:66)
09-07 06:12:16.411  9067  9235 W DefaultFailureHandler: 	at org.junit.runners.ParentRunner$2.evaluate(ParentRunner.java:293)
09-07 06:12:16.411  9067  9235 W DefaultFailureHandler: 	at org.junit.runners.ParentRunner$3.evaluate(ParentRunner.java:306)
09-07 06:12:16.411  9067  9235 W DefaultFailureHandler: 	at org.junit.runners.ParentRunner.run(ParentRunner.java:413)
09-07 06:12:16.411  9067  9235 W DefaultFailureHandler: 	at org.junit.runner.JUnitCore.run(JUnitCore.java:137)
09-07 06:12:16.411  9067  9235 W DefaultFailureHandler: 	at org.junit.runner.JUnitCore.run(JUnitCore.java:115)
09-07 06:12:16.411  9067  9235 W DefaultFailureHandler: 	at androidx.test.internal.runner.TestExecutor.execute(TestExecutor.java:67)
09-07 06:12:16.411  9067  9235 W DefaultFailureHandler: 	at androidx.test.internal.runner.TestExecutor.execute(TestExecutor.java:58)
09-07 06:12:16.411  9067  9235 W DefaultFailureHandler: 	at androidx.test.runner.AndroidJUnitRunner.onStart(AndroidJUnitRunner.java:438)
09-07 06:12:16.411  9067  9235 W DefaultFailureHandler: 	at android.app.Instrumentation$InstrumentationThread.run(Instrumentation.java:2189)
09-07 06:12:16.411  9067  9235 W DefaultFailureHandler: Caused by: android.system.ErrnoException: open failed: EROFS (Read-only file system)
09-07 06:12:16.411  9067  9235 W DefaultFailureHandler: 	at libcore.io.Linux.open(Native Method)
09-07 06:12:16.411  9067  9235 W DefaultFailureHandler: 	at libcore.io.ForwardingOs.open(ForwardingOs.java:167)
09-07 06:12:16.411  9067  9235 W DefaultFailureHandler: 	at libcore.io.BlockGuardOs.open(BlockGuardOs.java:252)
09-07 06:12:16.411  9067  9235 W DefaultFailureHandler: 	at libcore.io.ForwardingOs.open(ForwardingOs.java:167)
09-07 06:12:16.411  9067  9235 W DefaultFailureHandler: 	at android.app.ActivityThread$AndroidOs.open(ActivityThread.java:7255)
09-07 06:12:16.411  9067  9235 W DefaultFailureHandler: 	at libcore.io.IoBridge.open(IoBridge.java:482)
09-07 06:12:16.411  9067  9235 W DefaultFailureHandler: 	... 52 more
09-07 06:12:16.418  1793 14098 D gralloc_ranchu: gralloc_alloc: Creating ashmem region of size 9850880
09-07 06:12:16.554  1792  2272 E GnssHAL_GnssInterface: gnssSvStatusCb: a: input svInfo.flags is 8
09-07 06:12:16.554  1792  2272 E GnssHAL_GnssInterface: gnssSvStatusCb: b: input svInfo.flags is 8
09-07 06:12:16.847  2037  6130 I ActivityTaskManager: START u0 {act=android.intent.action.MAIN cat=[android.intent.category.LAUNCHER] flg=0x10000000 cmp=ru.iteco.fmhandroid.test/androidx.test.core.app.InstrumentationActivityInvoker$EmptyActivity} from uid 10136
09-07 06:12:16.855  9067  9067 D LifecycleMonitor: Lifecycle status change: ru.iteco.fmhandroid.ui.AppActivity@8b2b39a in: PAUSED
09-07 06:12:16.855  9067  9067 V ActivityScenario: Update currentActivityStage to PAUSED, currentActivity=ru.iteco.fmhandroid.ui.AppActivity@8b2b39a
09-07 06:12:16.857  9067  9230 V FA      : Recording user engagement, ms: 19308
09-07 06:12:16.858  2037  7737 W InputReader: Device has associated, but no associated display id.
09-07 06:12:16.863  2037  7737 I chatty  : uid=1000(system) Binder:2037_1D identical 38 lines
09-07 06:12:16.863  2037  7737 W InputReader: Device has associated, but no associated display id.
09-07 06:12:16.864  9256  9256 W ActivityThread: handleWindowVisibility: no activity for token android.os.BinderProxy@9471355
09-07 06:12:16.868  2037  7737 W InputReader: Device has associated, but no associated display id.
09-07 06:12:16.923  2037  7737 I ActivityTaskManager: START u0 {act=android.intent.action.MAIN cat=[android.intent.category.LAUNCHER] flg=0x10000000 cmp=ru.iteco.fmhandroid.test/androidx.test.core.app.InstrumentationActivityInvoker$EmptyActivity} from uid 10136
09-07 06:12:16.869  2037  7737 I chatty  : uid=1000(system) Binder:2037_1D identical 8 lines
09-07 06:12:16.869  2037  7737 W InputReader: Device has associated, but no associated display id.
09-07 06:12:16.929  9067  9230 V FA      : Connecting to remote service
09-07 06:12:16.944  7867  7867 D BoundBrokerSvc: onBind: Intent { act=com.google.android.gms.measurement.START pkg=com.google.android.gms }
09-07 06:12:16.944  7867  7867 D BoundBrokerSvc: Loading bound service for intent: Intent { act=com.google.android.gms.measurement.START pkg=com.google.android.gms }
09-07 06:12:16.948  1793 14098 D gralloc_ranchu: gralloc_alloc: Creating ashmem region of size 9850880
09-07 06:12:16.949  9067  9230 V FA      : Connection attempt already in progress
09-07 06:12:16.949  9067  9230 V FA      : Activity paused, time: 9681567
09-07 06:12:16.953  9067  9230 D FA      : Connected to remote service
09-07 06:12:16.953  9067  9230 V FA      : Processing queued up service tasks: 2
09-07 06:12:16.961  1793 14098 D gralloc_ranchu: gralloc_alloc: Creating ashmem region of size 9850880
09-07 06:12:16.967  1793 14098 D gralloc_ranchu: gralloc_alloc: Creating ashmem region of size 9850880
09-07 06:12:16.968  9256  9290 D EGL_emulation: eglMakeCurrent: 0xda21a240: ver 2 0 (tinfo 0xda20f0a0)
09-07 06:12:16.981  7867  9246 V FA-SVC  : Logging event: origin=auto,name=user_engagement(_e),params=Bundle[{ga_event_origin(_o)=auto, engagement_time_msec(_et)=19308, ga_screen_class(_sc)=AppActivity, ga_screen_id(_si)=5099809632112841106}]
09-07 06:12:16.994  2037  6130 W InputReader: Device has associated, but no associated display id.
09-07 06:12:16.998  2037  6130 I chatty  : uid=1000(system) Binder:2037_1A identical 48 lines
09-07 06:12:16.998  2037  6130 W InputReader: Device has associated, but no associated display id.
09-07 06:12:17.008  9256  9256 W ActivityThread: handleWindowVisibility: no activity for token android.os.BinderProxy@867523c
09-07 06:12:17.027  2037  7767 W ActivityTaskManager: Duplicate finish request for ActivityRecord{6cda70f u0 ru.iteco.fmhandroid/.ui.AppActivity t884 f}
09-07 06:12:17.048  7867  9246 V FA-SVC  : Upload scheduled in approximately ms: 903901
09-07 06:12:17.048  7867  9246 V FA-SVC  : Unscheduling upload
09-07 06:12:17.054  7867  9246 V FA-SVC  : Scheduling upload, millis: 903901
09-07 06:12:17.064  7867  9246 V FA-SVC  : Background event processing time, ms: 83
09-07 06:12:17.077  1793 14098 D gralloc_ranchu: gralloc_alloc: Creating ashmem region of size 9850880
09-07 06:12:17.087  1793 14098 D gralloc_ranchu: gralloc_alloc: Creating ashmem region of size 9850880
09-07 06:12:17.089  9256  9290 D EGL_emulation: eglMakeCurrent: 0xda21a240: ver 2 0 (tinfo 0xda20f0a0)
09-07 06:12:17.104  1793  1793 D gralloc_ranchu: gralloc_alloc: Creating ashmem region of size 9850880
09-07 06:12:17.119  2037  2061 W InputReader: Device has associated, but no associated display id.
09-07 06:12:17.121  2037  2061 I chatty  : uid=1000(system) android.anim identical 18 lines
09-07 06:12:17.121  2037  2061 W InputReader: Device has associated, but no associated display id.
09-07 06:12:17.127  2037  2065 I ActivityTaskManager: Displayed ru.iteco.fmhandroid.test/androidx.test.core.app.InstrumentationActivityInvoker$EmptyActivity: +142ms
09-07 06:12:17.135  2037  2302 W InputReader: Device has associated, but no associated display id.
09-07 06:12:17.135  2037  2302 I chatty  : uid=1000(system) Binder:2037_4 identical 8 lines
09-07 06:12:17.135  2037  2302 W InputReader: Device has associated, but no associated display id.
09-07 06:12:17.141  9067  9293 D EGL_emulation: eglMakeCurrent: 0xda21a9c0: ver 2 0 (tinfo 0xda20fc10)
09-07 06:12:17.177  2037  2903 W InputReader: Device has associated, but no associated display id.
09-07 06:12:17.178  2037  2903 I chatty  : uid=1000(system) Binder:2037_C identical 28 lines
09-07 06:12:17.178  2037  2903 W InputReader: Device has associated, but no associated display id.
09-07 06:12:17.187  1823  1823 W SurfaceFlinger: couldn't log to binary event log: overflow.
09-07 06:12:17.188  9067  9067 D LifecycleMonitor: Lifecycle status change: ru.iteco.fmhandroid.ui.AppActivity@8b2b39a in: STOPPED
09-07 06:12:17.192  9067  9067 V ActivityScenario: Update currentActivityStage to STOPPED, currentActivity=ru.iteco.fmhandroid.ui.AppActivity@8b2b39a
09-07 06:12:17.200  9067  9067 W System.err: ru.iteco.fmhandroid.exceptions.UnknownException
09-07 06:12:17.200  9067  9067 W System.err: 	at ru.iteco.fmhandroid.utils.Utils.makeRequest(Utils.kt:123)
09-07 06:12:17.200  9067  9067 W System.err: 	at ru.iteco.fmhandroid.utils.Utils$makeRequest$1.invokeSuspend(Unknown Source:15)
09-07 06:12:17.200  9067  9067 W System.err: 	at kotlin.coroutines.jvm.internal.BaseContinuationImpl.resumeWith(ContinuationImpl.kt:33)
09-07 06:12:17.200  9067  9067 W System.err: 	at kotlinx.coroutines.DispatchedTaskKt.resume(DispatchedTask.kt:234)
09-07 06:12:17.200  9067  9067 W System.err: 	at kotlinx.coroutines.DispatchedTaskKt.resumeUnconfined(DispatchedTask.kt:190)
09-07 06:12:17.200  9067  9067 W System.err: 	at kotlinx.coroutines.DispatchedTaskKt.dispatch(DispatchedTask.kt:161)
09-07 06:12:17.200  9067  9067 W System.err: 	at kotlinx.coroutines.CancellableContinuationImpl.dispatchResume(CancellableContinuationImpl.kt:397)
09-07 06:12:17.200  9067  9067 W System.err: 	at kotlinx.coroutines.CancellableContinuationImpl.cancel(CancellableContinuationImpl.kt:183)
09-07 06:12:17.200  9067  9067 W System.err: 	at kotlinx.coroutines.CancellableContinuationImpl.parentCancelled$kotlinx_coroutines_core(CancellableContinuationImpl.kt:190)
09-07 06:12:17.200  9067  9067 W System.err: 	at kotlinx.coroutines.ChildContinuation.invoke(JobSupport.kt:1474)
09-07 06:12:17.200  9067  9067 W System.err: 	at kotlinx.coroutines.JobSupport.notifyCancelling(JobSupport.kt:1499)
09-07 06:12:17.200  9067  9067 W System.err: 	at kotlinx.coroutines.JobSupport.tryMakeCancelling(JobSupport.kt:795)
09-07 06:12:17.200  9067  9067 W System.err: 	at kotlinx.coroutines.JobSupport.makeCancelling(JobSupport.kt:755)
09-07 06:12:17.201  9067  9067 W System.err: 	at kotlinx.coroutines.JobSupport.cancelImpl$kotlinx_coroutines_core(JobSupport.kt:671)
09-07 06:12:17.201  9067  9067 W System.err: 	at kotlinx.coroutines.JobSupport.parentCancelled(JobSupport.kt:637)
09-07 06:12:17.201  9067  9067 W System.err: 	at kotlinx.coroutines.ChildHandleNode.invoke(JobSupport.kt:1465)
09-07 06:12:17.201  9067  9067 W System.err: 	at kotlinx.coroutines.JobSupport.notifyCancelling(JobSupport.kt:1499)
09-07 06:12:17.201  9067  9067 W System.err: 	at kotlinx.coroutines.JobSupport.tryMakeCompletingSlowPath(JobSupport.kt:900)
09-07 06:12:17.201  9067  9067 W System.err: 	at kotlinx.coroutines.JobSupport.tryMakeCompleting(JobSupport.kt:863)
09-07 06:12:17.201  9067  9067 W System.err: 	at kotlinx.coroutines.JobSupport.cancelMakeCompleting(JobSupport.kt:696)
09-07 06:12:17.201  9067  9067 W System.err: 	at kotlinx.coroutines.JobSupport.cancelImpl$kotlinx_coroutines_core(JobSupport.kt:667)
09-07 06:12:17.201  9067  9067 W System.err: 	at kotlinx.coroutines.JobSupport.cancelInternal(JobSupport.kt:632)
09-07 06:12:17.201  9067  9067 W System.err: 	at kotlinx.coroutines.JobSupport.cancel(JobSupport.kt:617)
09-07 06:12:17.201  9067  9067 W System.err: 	at kotlinx.coroutines.JobKt__JobKt.cancel(Job.kt:561)
09-07 06:12:17.201  9067  9067 W System.err: 	at kotlinx.coroutines.JobKt.cancel(Unknown Source:1)
09-07 06:12:17.201  9067  9067 W System.err: 	at kotlinx.coroutines.JobKt__JobKt.cancel$default(Job.kt:560)
09-07 06:12:17.201  9067  9067 W System.err: 	at kotlinx.coroutines.JobKt.cancel$default(Unknown Source:1)
09-07 06:12:17.201  9067  9067 W System.err: 	at androidx.lifecycle.CloseableCoroutineScope.close(ViewModel.kt:51)
09-07 06:12:17.201  9067  9067 W System.err: 	at androidx.lifecycle.ViewModel.closeWithRuntimeException(ViewModel.java:188)
09-07 06:12:17.201  9067  9067 W System.err: 	at androidx.lifecycle.ViewModel.clear(ViewModel.java:134)
09-07 06:12:17.204  9067  9067 W System.err: 	at androidx.lifecycle.ViewModelStore.clear(ViewModelStore.java:62)
09-07 06:12:17.205  9067  9067 W System.err: 	at androidx.fragment.app.FragmentManagerViewModel.clearNonConfigStateInternal(FragmentManagerViewModel.java:210)
09-07 06:12:17.205  9067  9329 I okhttp.OkHttpClient: <-- HTTP FAILED: java.net.SocketException: Socket closed
09-07 06:12:17.205  9067  9067 W System.err: 	at androidx.fragment.app.FragmentManagerViewModel.clearNonConfigState(FragmentManagerViewModel.java:190)
09-07 06:12:17.205  9067  9067 W System.err: 	at androidx.fragment.app.FragmentStateManager.destroy(FragmentStateManager.java:778)
09-07 06:12:17.205  9067  9067 W System.err: 	at androidx.fragment.app.FragmentStateManager.moveToExpectedState(FragmentStateManager.java:335)
09-07 06:12:17.205  9067  9067 W System.err: 	at androidx.fragment.app.FragmentStore.moveToExpectedState(FragmentStore.java:113)
09-07 06:12:17.205  9067  9067 W System.err: 	at androidx.fragment.app.FragmentManager.moveToState(FragmentManager.java:1374)
09-07 06:12:17.205  9067  9067 W System.err: 	at androidx.fragment.app.FragmentManager.dispatchStateChange(FragmentManager.java:2841)
09-07 06:12:17.205  9067  9067 W System.err: 	at androidx.fragment.app.FragmentManager.dispatchDestroy(FragmentManager.java:2820)
09-07 06:12:17.205  9067  9067 W System.err: 	at androidx.fragment.app.Fragment.performDestroy(Fragment.java:3246)
09-07 06:12:17.205  9067  9067 W System.err: 	at androidx.fragment.app.FragmentStateManager.destroy(FragmentStateManager.java:780)
09-07 06:12:17.205  9067  9067 W System.err: 	at androidx.fragment.app.FragmentStateManager.moveToExpectedState(FragmentStateManager.java:335)
09-07 06:12:17.205  9067  9067 W System.err: 	at androidx.fragment.app.SpecialEffectsController$FragmentStateManagerOperation.complete(SpecialEffectsController.java:771)
09-07 06:12:17.205  9067  9067 W System.err: 	at androidx.fragment.app.SpecialEffectsController$Operation.cancel(SpecialEffectsController.java:615)
09-07 06:12:17.205  9067  9067 W System.err: 	at androidx.fragment.app.SpecialEffectsController.forceCompleteAllOperations(SpecialEffectsController.java:350)
09-07 06:12:17.205  9067  9067 W System.err: 	at androidx.fragment.app.FragmentManager.dispatchStateChange(FragmentManager.java:2844)
09-07 06:12:17.205  9067  9067 W System.err: 	at androidx.fragment.app.FragmentManager.dispatchDestroy(FragmentManager.java:2820)
09-07 06:12:17.206  9067  9067 W System.err: 	at androidx.fragment.app.FragmentController.dispatchDestroy(FragmentController.java:345)
09-07 06:12:17.206  9067  9067 W System.err: 	at androidx.fragment.app.FragmentActivity.onDestroy(FragmentActivity.java:306)
09-07 06:12:17.206  9067  9067 W System.err: 	at androidx.appcompat.app.AppCompatActivity.onDestroy(AppCompatActivity.java:278)
09-07 06:12:17.206  9067  9067 W System.err: 	at android.app.Activity.performDestroy(Activity.java:8048)
09-07 06:12:17.206  9067  9067 W System.err: 	at android.app.Instrumentation.callActivityOnDestroy(Instrumentation.java:1334)
09-07 06:12:17.206  9067  9067 W System.err: 	at androidx.test.runner.MonitoringInstrumentation.callActivityOnDestroy(MonitoringInstrumentation.java:766)
09-07 06:12:17.206  9067  9067 W System.err: 	at android.app.ActivityThread.performDestroyActivity(ActivityThread.java:4926)
09-07 06:12:17.206  9067  9067 W System.err: 	at android.app.ActivityThread.handleDestroyActivity(ActivityThread.java:4970)
09-07 06:12:17.206  9067  9067 W System.err: 	at android.app.servertransaction.DestroyActivityItem.execute(DestroyActivityItem.java:44)
09-07 06:12:17.206  9067  9067 W System.err: 	at android.app.servertransaction.TransactionExecutor.executeLifecycleState(TransactionExecutor.java:176)
09-07 06:12:17.206  9067  9067 W System.err: 	at android.app.servertransaction.TransactionExecutor.execute(TransactionExecutor.java:97)
09-07 06:12:17.206  9067  9067 W System.err: 	at android.app.ActivityThread$H.handleMessage(ActivityThread.java:2016)
09-07 06:12:17.206  9067  9067 W System.err: 	at android.os.Handler.dispatchMessage(Handler.java:107)
09-07 06:12:17.206  9067  9067 W System.err: 	at android.os.Looper.loop(Looper.java:214)
09-07 06:12:17.206  9067  9067 W System.err: 	at android.app.ActivityThread.main(ActivityThread.java:7356)
09-07 06:12:17.206  9067  9067 W System.err: 	at java.lang.reflect.Method.invoke(Native Method)
09-07 06:12:17.206  9067  9067 W System.err: 	at com.android.internal.os.RuntimeInit$MethodAndArgsCaller.run(RuntimeInit.java:492)
09-07 06:12:17.206  9067  9067 W System.err: 	at com.android.internal.os.ZygoteInit.main(ZygoteInit.java:930)
09-07 06:12:17.216  9067  9399 I okhttp.OkHttpClient: <-- HTTP FAILED: java.net.SocketException: Socket closed
09-07 06:12:17.221  1793  1793 D gralloc_ranchu: gralloc_alloc: Creating ashmem region of size 9850880
09-07 06:12:17.227  9067  9067 W System.err: ru.iteco.fmhandroid.exceptions.UnknownException
09-07 06:12:17.228  9067  9067 W System.err: 	at ru.iteco.fmhandroid.utils.Utils.makeRequest(Utils.kt:123)
09-07 06:12:17.228  9067  9067 W System.err: 	at ru.iteco.fmhandroid.utils.Utils$makeRequest$1.invokeSuspend(Unknown Source:15)
09-07 06:12:17.228  9067  9067 W System.err: 	at kotlin.coroutines.jvm.internal.BaseContinuationImpl.resumeWith(ContinuationImpl.kt:33)
09-07 06:12:17.228  9067  9067 W System.err: 	at kotlinx.coroutines.DispatchedTaskKt.resume(DispatchedTask.kt:234)
09-07 06:12:17.228  9067  9067 W System.err: 	at kotlinx.coroutines.DispatchedTaskKt.resumeUnconfined(DispatchedTask.kt:190)
09-07 06:12:17.228  9067  9067 W System.err: 	at kotlinx.coroutines.DispatchedTaskKt.dispatch(DispatchedTask.kt:161)
09-07 06:12:17.228  9067  9067 W System.err: 	at kotlinx.coroutines.CancellableContinuationImpl.dispatchResume(CancellableContinuationImpl.kt:397)
09-07 06:12:17.228  9067  9067 W System.err: 	at kotlinx.coroutines.CancellableContinuationImpl.cancel(CancellableContinuationImpl.kt:183)
09-07 06:12:17.228  9067  9067 W System.err: 	at kotlinx.coroutines.CancellableContinuationImpl.parentCancelled$kotlinx_coroutines_core(CancellableContinuationImpl.kt:190)
09-07 06:12:17.228  9067  9067 W System.err: 	at kotlinx.coroutines.ChildContinuation.invoke(JobSupport.kt:1474)
09-07 06:12:17.228  9067  9067 W System.err: 	at kotlinx.coroutines.JobSupport.notifyCancelling(JobSupport.kt:1499)
09-07 06:12:17.228  9067  9067 W System.err: 	at kotlinx.coroutines.JobSupport.tryMakeCancelling(JobSupport.kt:795)
09-07 06:12:17.228  9067  9067 W System.err: 	at kotlinx.coroutines.JobSupport.makeCancelling(JobSupport.kt:755)
09-07 06:12:17.228  9067  9067 W System.err: 	at kotlinx.coroutines.JobSupport.cancelImpl$kotlinx_coroutines_core(JobSupport.kt:671)
09-07 06:12:17.229  9067  9067 W System.err: 	at kotlinx.coroutines.JobSupport.parentCancelled(JobSupport.kt:637)
09-07 06:12:17.229  9067  9067 W System.err: 	at kotlinx.coroutines.ChildHandleNode.invoke(JobSupport.kt:1465)
09-07 06:12:17.229  9067  9067 W System.err: 	at kotlinx.coroutines.JobSupport.notifyCancelling(JobSupport.kt:1499)
09-07 06:12:17.229  9067  9067 W System.err: 	at kotlinx.coroutines.JobSupport.tryMakeCompletingSlowPath(JobSupport.kt:900)
09-07 06:12:17.229  9067  9067 W System.err: 	at kotlinx.coroutines.JobSupport.tryMakeCompleting(JobSupport.kt:863)
09-07 06:12:17.229  9067  9067 W System.err: 	at kotlinx.coroutines.JobSupport.cancelMakeCompleting(JobSupport.kt:696)
09-07 06:12:17.229  9067  9067 W System.err: 	at kotlinx.coroutines.JobSupport.cancelImpl$kotlinx_coroutines_core(JobSupport.kt:667)
09-07 06:12:17.229  9067  9067 W System.err: 	at kotlinx.coroutines.JobSupport.cancelInternal(JobSupport.kt:632)
09-07 06:12:17.229  9067  9067 W System.err: 	at kotlinx.coroutines.JobSupport.cancel(JobSupport.kt:617)
09-07 06:12:17.229  9067  9067 W System.err: 	at kotlinx.coroutines.JobKt__JobKt.cancel(Job.kt:561)
09-07 06:12:17.229  9067  9067 W System.err: 	at kotlinx.coroutines.JobKt.cancel(Unknown Source:1)
09-07 06:12:17.229  9067  9067 W System.err: 	at kotlinx.coroutines.JobKt__JobKt.cancel$default(Job.kt:560)
09-07 06:12:17.229  9067  9067 W System.err: 	at kotlinx.coroutines.JobKt.cancel$default(Unknown Source:1)
09-07 06:12:17.229  9067  9067 W System.err: 	at androidx.lifecycle.CloseableCoroutineScope.close(ViewModel.kt:51)
09-07 06:12:17.229  9067  9067 W System.err: 	at androidx.lifecycle.ViewModel.closeWithRuntimeException(ViewModel.java:188)
09-07 06:12:17.229  9067  9067 W System.err: 	at androidx.lifecycle.ViewModel.clear(ViewModel.java:134)
09-07 06:12:17.229  9067  9067 W System.err: 	at androidx.lifecycle.ViewModelStore.clear(ViewModelStore.java:62)
09-07 06:12:17.229  9067  9067 W System.err: 	at androidx.fragment.app.FragmentManagerViewModel.clearNonConfigStateInternal(FragmentManagerViewModel.java:210)
09-07 06:12:17.229  9067  9067 W System.err: 	at androidx.fragment.app.FragmentManagerViewModel.clearNonConfigState(FragmentManagerViewModel.java:190)
09-07 06:12:17.229  9067  9067 W System.err: 	at androidx.fragment.app.FragmentStateManager.destroy(FragmentStateManager.java:778)
09-07 06:12:17.229  9067  9067 W System.err: 	at androidx.fragment.app.FragmentStateManager.moveToExpectedState(FragmentStateManager.java:335)
09-07 06:12:17.229  9067  9067 W System.err: 	at androidx.fragment.app.FragmentStore.moveToExpectedState(FragmentStore.java:113)
09-07 06:12:17.229  9067  9067 W System.err: 	at androidx.fragment.app.FragmentManager.moveToState(FragmentManager.java:1374)
09-07 06:12:17.229  9067  9067 W System.err: 	at androidx.fragment.app.FragmentManager.dispatchStateChange(FragmentManager.java:2841)
09-07 06:12:17.229  9067  9067 W System.err: 	at androidx.fragment.app.FragmentManager.dispatchDestroy(FragmentManager.java:2820)
09-07 06:12:17.229  9067  9067 W System.err: 	at androidx.fragment.app.Fragment.performDestroy(Fragment.java:3246)
