09-07 03:55:54.142 15664 15709 E TestRunner: 	at org.junit.runners.ParentRunner.access$100(ParentRunner.java:66)
09-07 03:55:54.142 15664 15709 E TestRunner: 	at org.junit.runners.ParentRunner$2.evaluate(ParentRunner.java:293)
09-07 03:55:54.142 15664 15709 E TestRunner: 	at org.junit.runners.ParentRunner$3.evaluate(ParentRunner.java:306)
09-07 03:55:54.142 15664 15709 E TestRunner: 	at org.junit.runners.ParentRunner.run(ParentRunner.java:413)
09-07 03:55:54.142 15664 15709 E TestRunner: 	at androidx.test.ext.junit.runners.AndroidJUnit4.run(AndroidJUnit4.java:162)
09-07 03:55:54.142 15664 15709 E TestRunner: 	at io.qameta.allure.android.runners.AllureAndroidJUnit4.run(AllureAndroidJUnitRunners.kt:29)
09-07 03:55:54.142 15664 15709 E TestRunner: 	at org.junit.runners.Suite.runChild(Suite.java:128)
09-07 03:55:54.142 15664 15709 E TestRunner: 	at org.junit.runners.Suite.runChild(Suite.java:27)
09-07 03:55:54.142 15664 15709 E TestRunner: 	at org.junit.runners.ParentRunner$4.run(ParentRunner.java:331)
09-07 03:55:54.142 15664 15709 E TestRunner: 	at org.junit.runners.ParentRunner$1.schedule(ParentRunner.java:79)
09-07 03:55:54.142 15664 15709 E TestRunner: 	at org.junit.runners.ParentRunner.runChildren(ParentRunner.java:329)
09-07 03:55:54.142 15664 15709 E TestRunner: 	at org.junit.runners.ParentRunner.access$100(ParentRunner.java:66)
09-07 03:55:54.142 15664 15709 E TestRunner: 	at org.junit.runners.ParentRunner$2.evaluate(ParentRunner.java:293)
09-07 03:55:54.142 15664 15709 E TestRunner: 	at org.junit.runners.ParentRunner$3.evaluate(ParentRunner.java:306)
09-07 03:55:54.142 15664 15709 E TestRunner: 	at org.junit.runners.ParentRunner.run(ParentRunner.java:413)
09-07 03:55:54.142 15664 15709 E TestRunner: 	at org.junit.runner.JUnitCore.run(JUnitCore.java:137)
09-07 03:55:54.142 15664 15709 E TestRunner: 	at org.junit.runner.JUnitCore.run(JUnitCore.java:115)
09-07 03:55:54.142 15664 15709 E TestRunner: 	at androidx.test.internal.runner.TestExecutor.execute(TestExecuto
09-07 03:55:54.142  2434  2453 W System  : A resource failed to call release. 
09-07 03:55:54.142 15664 15709 E TestRunner: ----- end exception -----
09-07 03:55:54.142  2434  2453 W System  : A resource failed to call release. 
09-07 03:55:54.143 15664 15709 I TestRunner: finished: shouldFindOnTheScreenJustClosedClaim(ru.iteco.fmhandroid.ui.ClaimsPageTest)
09-07 03:55:54.152  2037  5599 D eglCodecCommon: setVertexArrayObject: set vao to 0 (0) 1 0
09-07 03:55:54.170  2182  2468 D EGL_emulation: eglMakeCurrent: 0xda21a360: ver 2 0 (tinfo 0xda20f590)
09-07 03:55:54.178  2182  2182 W View    : requestLayout() improperly called by com.android.keyguard.AlphaOptimizedLinearLayout{551c6d8 V.E...... ......ID 7,0-48,61 #7f0a041c app:id/wifi_group} during second layout pass: posting in next frame
09-07 03:55:54.186  2182  2182 W View    : requestLayout() improperly called by StatusBarIconView(slot=mobile icon=null notification=null) during layout: running second layout pass
09-07 03:55:54.190  2182  2468 D EGL_emulation: eglMakeCurrent: 0xda21a360: ver 2 0 (tinfo 0xda20f590)
09-07 03:55:54.204 15664 15709 I TestRunner: started: shouldShowMessageFieldCannotBeEmpty(ru.iteco.fmhandroid.ui.ClaimsPageTest)
09-07 03:55:54.218 15664 15709 W Settings: Setting always_finish_activities has moved from android.provider.Settings.System to android.provider.Settings.Global, returning read-only value.
09-07 03:55:54.223  2037  4497 I ActivityTaskManager: START u0 {act=android.intent.action.MAIN cat=[android.intent.category.LAUNCHER] flg=0x10008000 cmp=ru.iteco.fmhandroid.test/androidx.test.core.app.InstrumentationActivityInvoker$BootstrapActivity (has extras)} from uid 10136
09-07 03:55:54.228  2037  2061 E system_server: Invalid ID 0x00000000.
09-07 03:55:54.233  2037  4315 W InputReader: Device has associated, but no associated display id.
09-07 03:55:54.235  2037  4315 I chatty  : uid=1000(system) Binder:2037_11 identical 28 lines
09-07 03:55:54.235  2037  4315 W InputReader: Device has associated, but no associated display id.
09-07 03:55:54.235 15721 15721 W ActivityThread: handleWindowVisibility: no activity for token android.os.BinderProxy@b660173
09-07 03:55:54.236  2037  4315 W InputReader: Device has associated, but no associated display id.
09-07 03:55:54.236  2037  4315 I chatty  : uid=1000(system) Binder:2037_11 identical 8 lines
09-07 03:55:54.236  2037  4315 W InputReader: Device has associated, but no associated display id.
09-07 03:55:54.248  1793 14098 D gralloc_ranchu: gralloc_alloc: Creating ashmem region of size 9850880
09-07 03:55:54.256  2037  4315 I ActivityTaskManager: START u0 {act=android.intent.action.MAIN cat=[android.intent.category.LAUNCHER] cmp=ru.iteco.fmhandroid/.ui.AppActivity} from uid 10136
09-07 03:55:54.269  2037  4613 W InputReader: Device has associated, but no associated display id.
09-07 03:55:54.270  2037  4613 I chatty  : uid=1000(system) Binder:2037_16 identical 38 lines
09-07 03:55:54.270  2037  4613 W InputReader: Device has associated, but no associated display id.
09-07 03:55:54.270 15664 15664 W ActivityThread: handleWindowVisibility: no activity for token android.os.BinderProxy@8d3731b
09-07 03:55:54.271  2037  4613 W InputReader: Device has associated, but no associated display id.
09-07 03:55:54.271  2037  4613 I chatty  : uid=1000(system) Binder:2037_16 identical 8 lines
09-07 03:55:54.271  2037  4613 W InputReader: Device has associated, but no associated display id.
09-07 03:55:54.292 15664 15664 D LifecycleMonitor: Lifecycle status change: ru.iteco.fmhandroid.ui.AppActivity@f2c25f7 in: PRE_ON_CREATE
09-07 03:55:54.292 15664 15664 V ActivityScenario: Activity lifecycle changed event received but ignored because the reported transition was not ON_CREATE while the last known transition was PRE_ON_CREATE
09-07 03:55:54.294  2037  2061 W InputReader: Device has associated, but no associated display id.
09-07 03:55:54.294  2037  2061 I chatty  : uid=1000(system) android.anim identical 8 lines
09-07 03:55:54.294  2037  2061 W InputReader: Device has associated, but no associated display id.
09-07 03:55:54.297 15664 15700 V FA      : onActivityCreated
09-07 03:55:54.305 15664 15664 D LifecycleMonitor: Lifecycle status change: ru.iteco.fmhandroid.ui.AppActivity@f2c25f7 in: CREATED
09-07 03:55:54.305 15664 15664 V ActivityScenario: Update currentActivityStage to CREATED, currentActivity=ru.iteco.fmhandroid.ui.AppActivity@f2c25f7
09-07 03:55:54.314  2434  2714 D EGL_emulation: eglMakeCurrent: 0xed453b60: ver 2 0 (tinfo 0xe233a960)
09-07 03:55:54.316  2666  3068 D EGL_emulation: eglMakeCurrent: 0xda21b0e0: ver 2 0 (tinfo 0xda20fbb0)
09-07 03:55:54.322  2182  2468 D EGL_emulation: eglMakeCurrent: 0xda21a360: ver 2 0 (tinfo 0xda20f590)
09-07 03:55:54.322  2182  2182 W View    : requestLayout() improperly called by com.android.keyguard.AlphaOptimizedLinearLayout{551c6d8 V.E...... ......ID 7,0-48,61 #7f0a041c app:id/wifi_group} during second layout pass: posting in next frame
09-07 03:55:54.327  2182  2182 W View    : requestLayout() improperly called by StatusBarIconView(slot=mobile icon=null notification=null) during layout: running second layout pass
09-07 03:55:54.329  2182  2468 D EGL_emulation: eglMakeCurrent: 0xda21a360: ver 2 0 (tinfo 0xda20f590)
09-07 03:55:54.330 15664 15664 D LifecycleMonitor: Lifecycle status change: ru.iteco.fmhandroid.ui.AppActivity@f2c25f7 in: STARTED
09-07 03:55:54.331 15664 15664 V ActivityScenario: Update currentActivityStage to STARTED, currentActivity=ru.iteco.fmhandroid.ui.AppActivity@f2c25f7
09-07 03:55:54.332 15664 15664 D LifecycleMonitor: Lifecycle status change: ru.iteco.fmhandroid.ui.AppActivity@f2c25f7 in: RESUMED
09-07 03:55:54.332 15664 15664 V ActivityScenario: Update currentActivityStage to RESUMED, currentActivity=ru.iteco.fmhandroid.ui.AppActivity@f2c25f7
09-07 03:55:54.333 15664 15708 V FA      : Activity resumed, time: 1878225
09-07 03:55:54.333  2666  2666 I dnsi    : onPause
09-07 03:55:54.339  2666  5846 V ClearcutMetricXmitter: Transmission is done.
09-07 03:55:54.355  1793 14098 D gralloc_ranchu: gralloc_alloc: Creating ashmem region of size 9113600
09-07 03:55:54.362  1793 14098 I chatty  : uid=1000(system) HwBinder:1793_3 identical 1 line
09-07 03:55:54.364  1793 14098 D gralloc_ranchu: gralloc_alloc: Creating ashmem region of size 9113600
09-07 03:55:54.367 15664 15760 D EGL_emulation: eglMakeCurrent: 0xe22f9040: ver 2 0 (tinfo 0xd6c902d0)
09-07 03:55:54.398  2037  2065 I ActivityTaskManager: Displayed ru.iteco.fmhandroid/.ui.AppActivity: +169ms
09-07 03:55:54.404  2182  2182 W View    : requestLayout() improperly called by com.android.keyguard.AlphaOptimizedLinearLayout{551c6d8 V.E...... ......ID 7,0-48,61 #7f0a041c app:id/wifi_group} during second layout pass: posting in next frame
09-07 03:55:54.412  7867 15503 V FA-SVC  : Logging event: origin=auto,name=screen_view(_vs),params=Bundle[{ga_event_origin(_o)=auto, ga_previous_class(_pc)=AppActivity, ga_previous_id(_pi)=-908116792709221437, ga_screen_class(_sc)=AppActivity, ga_screen_id(_si)=-908116792709221436}]
09-07 03:55:54.419  2182  2182 W View    : requestLayout() improperly called by StatusBarIconView(slot=mobile icon=null notification=null) during layout: running second layout pass
09-07 03:55:54.428 15664 15664 I ViewInteraction: Performing 'wait for a specific view with <an instance of android.widget.TextView and view.getText() with or without transformation to match: is "News"> during 10000 millis.' action on view view.getRootView() to equal view
09-07 03:55:54.435  2666  2666 I dnsi    : onStop
09-07 03:55:54.442  2182  2182 W View    : requestLayout() improperly called by com.android.keyguard.AlphaOptimizedLinearLayout{551c6d8 V.E...... ......ID 7,0-48,61 #7f0a041c app:id/wifi_group} during second layout pass: posting in next frame
09-07 03:55:54.453  1823  1823 W SurfaceFlinger: couldn't log to binary event log: overflow.
09-07 03:55:54.453  2182  2182 W View    : requestLayout() improperly called by StatusBarIconView(slot=mobile icon=null notification=null) during layout: running second layout pass
09-07 03:55:54.453  1823  1823 W SurfaceFlinger: couldn't log to binary event log: overflow.
09-07 03:55:54.462  7867 15503 V FA-SVC  : Upload scheduled in approximately ms: 1882648
09-07 03:55:54.462  7867 15503 V FA-SVC  : Unscheduling upload
09-07 03:55:54.464  7867 15503 V FA-SVC  : Scheduling upload, millis: 1882648
09-07 03:55:54.465  7867 15503 V FA-SVC  : Background event processing time, ms: 57
09-07 03:55:54.474  2182  2182 W View    : requestLayout() improperly called by com.android.keyguard.AlphaOptimizedLinearLayout{551c6d8 V.E...... ......ID 7,0-48,61 #7f0a041c app:id/wifi_group} during second layout pass: posting in next frame
09-07 03:55:54.489  2182  2182 W View    : requestLayout() improperly called by StatusBarIconView(slot=mobile icon=null notification=null) during layout: running second layout pass
09-07 03:55:54.511  2182  2182 W View    : requestLayout() improperly called by com.android.keyguard.AlphaOptimizedLinearLayout{551c6d8 V.E...... ......ID 7,0-48,61 #7f0a041c app:id/wifi_group} during second layout pass: posting in next frame
09-07 03:55:54.530  2182  2182 W View    : requestLayout() improperly called by StatusBarIconView(slot=mobile icon=null notification=null) during layout: running second layout pass
09-07 03:55:54.547  2182  2182 W View    : requestLayout() improperly called by com.android.keyguard.AlphaOptimizedLinearLayout{551c6d8 V.E...... ......ID 7,0-48,61 #7f0a041c app:id/wifi_group} during second layout pass: posting in next frame
09-07 03:55:54.565  2182  2182 W View    : requestLayout() improperly called by StatusBarIconView(slot=mobile icon=null notification=null) during layout: running second layout pass
09-07 03:55:54.583  2182  2182 W View    : requestLayout() improperly called by com.android.keyguard.AlphaOptimizedLinearLayout{551c6d8 V.E...... ......ID 7,0-48,61 #7f0a041c app:id/wifi_group} during second layout pass: posting in next frame
09-07 03:55:54.601  2182  2182 W View    : requestLayout() improperly called by StatusBarIconView(slot=mobile icon=null notification=null) during layout: running second layout pass
09-07 03:55:54.620  2182  2182 W View    : requestLayout() improperly called by com.android.keyguard.AlphaOptimizedLinearLayout{551c6d8 V.E...... ......ID 7,0-48,61 #7f0a041c app:id/wifi_group} during second layout pass: posting in next frame
09-07 03:55:54.638  2182  2182 W View    : requestLayout() improperly called by StatusBarIconView(slot=mobile icon=null notification=null) during layout: running second layout pass
09-07 03:55:54.991  1792  2272 E GnssHAL_GnssInterface: gnssSvStatusCb: a: input svInfo.flags is 8
09-07 03:55:54.991  1792  2272 E GnssHAL_GnssInterface: gnssSvStatusCb: b: input svInfo.flags is 8
09-07 03:55:55.991  1792  2272 E GnssHAL_GnssInterface: gnssSvStatusCb: a: input svInfo.flags is 8
09-07 03:55:55.991  1792  2272 E GnssHAL_GnssInterface: gnssSvStatusCb: b: input svInfo.flags is 8
09-07 03:55:56.365  1781  1887 W audio_hw_generic: Not supplying enough data to HAL, expected position 30826075 , only wrote 30507794
09-07 03:55:56.992  1792  2272 E GnssHAL_GnssInterface: gnssSvStatusCb: a: input svInfo.flags is 8
09-07 03:55:56.992  1792  2272 E GnssHAL_GnssInterface: gnssSvStatusCb: b: input svInfo.flags is 8
09-07 03:55:57.330 15664 15773 I okhttp.OkHttpClient: --> GET http://www.981757-ca08998.tmweb.ru:8080/fmh/authentication/userInfo
09-07 03:55:57.331 15664 15773 I okhttp.OkHttpClient: --> END GET
09-07 03:55:57.456 15664 15773 I okhttp.OkHttpClient: <-- 200 http://www.981757-ca08998.tmweb.ru:8080/fmh/authentication/userInfo (125ms)
09-07 03:55:57.457 15664 15773 I okhttp.OkHttpClient: Vary: Origin
09-07 03:55:57.457 15664 15773 I okhttp.OkHttpClient: Vary: Access-Control-Request-Method
09-07 03:55:57.457 15664 15773 I okhttp.OkHttpClient: Vary: Access-Control-Request-Headers
09-07 03:55:57.457 15664 15773 I okhttp.OkHttpClient: X-Content-Type-Options: nosniff
09-07 03:55:57.459 15664 15773 I okhttp.OkHttpClient: X-XSS-Protection: 1; mode=block
09-07 03:55:57.459 15664 15773 I okhttp.OkHttpClient: Cache-Control: no-cache, no-store, max-age=0, must-revalidate
09-07 03:55:57.459 15664 15773 I okhttp.OkHttpClient: Pragma: no-cache
09-07 03:55:57.459 15664 15773 I okhttp.OkHttpClient: Expires: 0
09-07 03:55:57.459 15664 15773 I okhttp.OkHttpClient: X-Frame-Options: DENY
09-07 03:55:57.460 15664 15773 I okhttp.OkHttpClient: Content-Type: application/json
09-07 03:55:57.461 15664 15773 I okhttp.OkHttpClient: Transfer-Encoding: chunked
09-07 03:55:57.461 15664 15773 I okhttp.OkHttpClient: Date: Thu, 07 Sep 2023 03:55:58 GMT
09-07 03:55:57.461 15664 15773 I okhttp.OkHttpClient: Keep-Alive: timeout=60
09-07 03:55:57.461 15664 15773 I okhttp.OkHttpClient: Connection: keep-alive
09-07 03:55:57.462 15664 15773 I okhttp.OkHttpClient: {"id":1,"firstName":"Ivan","lastName":"Ivanov","middleName":"Ivanovich","admin":true}
09-07 03:55:57.462 15664 15773 I okhttp.OkHttpClient: <-- END HTTP (85-byte body)
09-07 03:55:57.469 15664 15777 I okhttp.OkHttpClient: --> GET http://www.981757-ca08998.tmweb.ru:8080/fmh/claims
09-07 03:55:57.469 15664 15777 I okhttp.OkHttpClient: --> END GET
09-07 03:55:57.502 15664 15760 D EGL_emulation: eglMakeCurrent: 0xe22f9040: ver 2 0 (tinfo 0xd6c902d0)
09-07 03:55:57.504  1793 14098 D gralloc_ranchu: gralloc_alloc: Creating ashmem region of size 9850880
09-07 03:55:57.510  2182  2182 W View    : requestLayout() improperly called by com.android.keyguard.AlphaOptimizedLinearLayout{551c6d8 V.E...... ......ID 7,0-48,61 #7f0a041c app:id/wifi_group} during second layout pass: posting in next frame
09-07 03:55:57.516 15664 15760 D EGL_emulation: eglMakeCurrent: 0xe22f9040: ver 2 0 (tinfo 0xd6c902d0)
09-07 03:55:57.524  2182  2182 W View    : requestLayout() improperly called by StatusBarIconView(slot=mobile icon=null notification=null) during layout: running second layout pass
09-07 03:55:57.551  1793 14098 D gralloc_ranchu: gralloc_alloc: Creating ashmem region of size 9850880
09-07 03:55:57.559 15664 15664 I ViewInteraction: Checking 'MatchesViewAssertion{viewMatcher=(view has effective visibility <VISIBLE> and view.getGlobalVisibleRect() to return non-empty rectangle)}' assertion on view an instance of android.widget.TextView and view.getText() with or without transformation to match: is "News"
09-07 03:55:57.561 15664 15664 I ViewInteraction: Performing 'wait for a specific view with <view.getId() is <2131230951>> during 10000 millis.' action on view view.getRootView() to equal view
09-07 03:55:57.577  1793 14098 D gralloc_ranchu: gralloc_alloc: Creating ashmem region of size 9850880
09-07 03:55:57.590 15664 15664 I ViewInteraction: Checking 'MatchesViewAssertion{viewMatcher=(view has effective visibility <VISIBLE> and view.getGlobalVisibleRect() to return non-empty rectangle)}' assertion on view view.getId() is <2131230951/ru.iteco.fmhandroid:id/container_list_news_include_on_fragment_main>
09-07 03:55:57.592 15664 15664 I ViewInteraction: Performing 'wait for a specific view with <view.getId() is <2131230949>> during 10000 millis.' action on view view.getRootView() to equal view
09-07 03:55:57.594 15664 15664 I ViewInteraction: Checking 'MatchesViewAssertion{viewMatcher=(view has effective visibility <VISIBLE> and view.getGlobalVisibleRect() to return non-empty rectangle)}' assertion on view view.getId() is <2131230949/ru.iteco.fmhandroid:id/container_list_claim_include_on_fragment_main>
09-07 03:55:57.595 15664 15664 I ViewInteraction: Performing 'wait for a specific view with <an instance of android.widget.TextView and view.getText() with or without transformation to match: is "Claims"> during 10000 millis.' action on view view.getRootView() to equal view
09-07 03:55:57.597 15664 15664 I ViewInteraction: Checking 'MatchesViewAssertion{viewMatcher=(view has effective visibility <VISIBLE> and view.getGlobalVisibleRect() to return non-empty rectangle)}' assertion on view an instance of android.widget.TextView and view.getText() with or without transformation to match: is "Claims"
09-07 03:55:57.599 15664 15664 I ViewInteraction: Performing 'wait for a specific view with <view.getId() is <2131231123/ru.iteco.fmhandroid:id/main_menu_image_button>> during 10000 millis.' action on view view.getRootView() to equal view
09-07 03:55:57.601 15664 15664 I ViewInteraction: Performing 'single click' action on view view.getId() is <2131231123/ru.iteco.fmhandroid:id/main_menu_image_button>
09-07 03:55:57.699  1781  6116 W audio_hw_generic: Not supplying enough data to HAL, expected position 30507808 , only wrote 30507794
09-07 03:55:57.728  1793 14098 D gralloc_ranchu: gralloc_alloc: Creating ashmem region of size 2015232
09-07 03:55:57.733  1793 14098 I chatty  : uid=1000(system) HwBinder:1793_3 identical 1 line
09-07 03:55:57.734  1793 14098 D gralloc_ranchu: gralloc_alloc: Creating ashmem region of size 2015232
09-07 03:55:57.737 15664 15760 D EGL_emulation: eglMakeCurrent: 0xe22f9040: ver 2 0 (tinfo 0xd6c902d0)
09-07 03:55:57.773 15664 15760 I chatty  : uid=10136(ru.iteco.fmhandroid) RenderThread identical 2 lines
09-07 03:55:57.799 15664 15760 D EGL_emulation: eglMakeCurrent: 0xe22f9040: ver 2 0 (tinfo 0xd6c902d0)
09-07 03:55:57.991  1792  2272 E GnssHAL_GnssInterface: gnssSvStatusCb: a: input svInfo.flags is 8
09-07 03:55:57.992  1792  2272 E GnssHAL_GnssInterface: gnssSvStatusCb: b: input svInfo.flags is 8
09-07 03:55:58.025 15664 15664 I ViewInteraction: Performing 'wait for a specific view with <an instance of android.widget.TextView and view.getText() with or without transformation to match: is "Claims"> during 10000 millis.' action on view view.getRootView() to equal view
09-07 03:55:58.028 15664 15664 I ViewInteraction: Performing 'single click' action on view an instance of android.widget.TextView and view.getText() with or without transformation to match: is "Claims"
09-07 03:55:58.076 15664 15760 D EGL_emulation: eglMakeCurrent: 0xe22f9040: ver 2 0 (tinfo 0xd6c902d0)
09-07 03:55:58.152 15664 15787 I okhttp.OkHttpClient: --> GET http://www.981757-ca08998.tmweb.ru:8080/fmh/claims
09-07 03:55:58.152 15664 15787 I okhttp.OkHttpClient: --> END GET
09-07 03:55:58.155  1774 15982 E ResolverController: No valid NAT64 prefix (101, <unspecified>/0)
09-07 03:55:58.188 15664 15760 D EGL_emulation: eglMakeCurrent: 0xe22f9040: ver 2 0 (tinfo 0xd6c902d0)
09-07 03:55:58.196 15664 15760 D EGL_emulation: eglMakeCurrent: 0xe22f9040: ver 2 0 (tinfo 0xd6c902d0)
09-07 03:55:58.310 15664 15664 I ViewInteraction: Performing 'wait for a specific view with <view.getId() is <2131230849/ru.iteco.fmhandroid:id/add_new_claim_material_button>> during 10000 millis.' action on view view.getRootView() to equal view
09-07 03:55:58.312 15664 15664 I ViewInteraction: Performing 'single click' action on view view.getId() is <2131230849/ru.iteco.fmhandroid:id/add_new_claim_material_button>
09-07 03:55:58.360 15664 15773 I okhttp.OkHttpClient: --> GET http://www.981757-ca08998.tmweb.ru:8080/fmh/users
09-07 03:55:58.360 15664 15773 I okhttp.OkHttpClient: --> END GET
09-07 03:55:58.580 15664 15664 I ViewInteraction: Performing 'wait for a specific view with <view.getId() is <2131231041/ru.iteco.fmhandroid:id/executor_drop_menu_auto_complete_text_view>> during 10000 millis.' action on view view.getRootView() to equal view
09-07 03:55:58.734 15664 15773 I okhttp.OkHttpClient: <-- 200 http://www.981757-ca08998.tmweb.ru:8080/fmh/users (373ms)
09-07 03:55:58.734 15664 15773 I okhttp.OkHttpClient: Vary: Origin
09-07 03:55:58.734 15664 15773 I okhttp.OkHttpClient: Vary: Access-Control-Request-Method
09-07 03:55:58.734 15664 15773 I okhttp.OkHttpClient: Vary: Access-Control-Request-Headers
09-07 03:55:58.734 15664 15773 I okhttp.OkHttpClient: X-Content-Type-Options: nosniff
09-07 03:55:58.734 15664 15773 I okhttp.OkHttpClient: X-XSS-Protection: 1; mode=block
09-07 03:55:58.734 15664 15773 I okhttp.OkHttpClient: Cache-Control: no-cache, no-store, max-age=0, must-revalidate
09-07 03:55:58.734 15664 15773 I okhttp.OkHttpClient: Pragma: no-cache
09-07 03:55:58.734 15664 15773 I okhttp.OkHttpClient: Expires: 0
09-07 03:55:58.736 15664 15773 I okhttp.OkHttpClient: X-Frame-Options: DENY
09-07 03:55:58.736 15664 15773 I okhttp.OkHttpClient: Content-Type: application/json
09-07 03:55:58.736 15664 15773 I okhttp.OkHttpClient: Transfer-Encoding: chunked
09-07 03:55:58.736 15664 15773 I okhttp.OkHttpClient: Date: Thu, 07 Sep 2023 03:55:59 GMT
09-07 03:55:58.736 15664 15773 I okhttp.OkHttpClient: Keep-Alive: timeout=60
09-07 03:55:58.736 15664 15773 I okhttp.OkHttpClient: Connection: keep-alive
09-07 03:55:58.738 15664 15773 I okhttp.OkHttpClient: [{"id":1,"firstName":"Ivan","lastName":"Ivanov","middleName":"Ivanovich","admin":true}]
09-07 03:55:58.738 15664 15773 I okhttp.OkHttpClient: <-- END HTTP (87-byte body)
09-07 03:55:58.797 15664 15664 I ViewInteraction: Performing 'single click' action on view view.getId() is <2131231041/ru.iteco.fmhandroid:id/executor_drop_menu_auto_complete_text_view>
09-07 03:55:58.882  1793 14098 D gralloc_ranchu: gralloc_alloc: Creating ashmem region of size 1134592
09-07 03:55:58.894  1793 14098 I chatty  : uid=1000(system) HwBinder:1793_3 identical 1 line
09-07 03:55:58.895  1793 14098 D gralloc_ranchu: gralloc_alloc: Creating ashmem region of size 1134592
09-07 03:55:58.895 15664 15760 D EGL_emulation: eglMakeCurrent: 0xe22f9040: ver 2 0 (tinfo 0xd6c902d0)
09-07 03:55:58.905 15664 15664 I AssistStructure: Flattened final assist data: 6348 bytes, containing 2 windows, 48 views
09-07 03:55:58.916 15664 15760 D EGL_emulation: eglMakeCurrent: 0xe22f9040: ver 2 0 (tinfo 0xd6c902d0)
09-07 03:55:58.921 15664 15664 I AssistStructure: Flattened final assist data: 6348 bytes, containing 2 windows, 48 views
09-07 03:55:58.930 15664 15760 D EGL_emulation: eglMakeCurrent: 0xe22f9040: ver 2 0 (tinfo 0xd6c902d0)
09-07 03:55:58.931  8425  8425 W AutofillChimeraService: Pending fill request while another request in the same session was triggered. [CONTEXT service_id=177 ]
09-07 03:55:58.934  6131  6131 I KeyboardViewUtil: systemKeyboardHeightRatio:1.000000; userKeyboardHeightRatio:1.000000.
09-07 03:55:58.934  6131  6131 I AndroidIME: LatinIme.onActivate() : EditorInfo = Package = ru.iteco.fmhandroid : Type = Text : Learning = Disable : Suggestion = Show : AutoCorrection = Disable : Microphone = Show : NoPersonalizedLearning = Disable
09-07 03:55:58.942  6131  6131 I Conv2QueryExtension: Current locale: en_US, config allows these locales: de,en,es,fr,it,ms,pt,ta
09-07 03:55:58.943  6131  6131 I Conv2QueryExtension: Conv2Query not enabled due to current app [ru.iteco.fmhandroid] not in whitelist
09-07 03:55:58.943  6131  6131 I Conv2QueryExtension: onActivate() : Disabled by unsupported host app
09-07 03:55:58.947 15664 15760 D EGL_emulation: eglMakeCurrent: 0xe22f9040: ver 2 0 (tinfo 0xd6c902d0)
09-07 03:55:58.960  2182  2468 D EGL_emulation: eglMakeCurrent: 0xda21a360: ver 2 0 (tinfo 0xda20f590)
09-07 03:55:58.963  1793 14098 D gralloc_ranchu: gralloc_alloc: Creating ashmem region of size 9113600
09-07 03:55:58.964  2182  2182 W View    : requestLayout() improperly called by com.android.keyguard.AlphaOptimizedLinearLayout{551c6d8 V.E...... ......ID 7,0-48,61 #7f0a041c app:id/wifi_group} during second layout pass: posting in next frame
09-07 03:55:58.969  6131  6653 D EGL_emulation: eglMakeCurrent: 0xe224f240: ver 2 0 (tinfo 0xe227da70)
09-07 03:55:58.970  1793 14098 D gralloc_ranchu: gralloc_alloc: Creating ashmem region of size 9113600
09-07 03:55:58.972  1793 14098 D gralloc_ranchu: gralloc_alloc: Creating ashmem region of size 9113600
09-07 03:55:58.978  2182  2182 W View    : requestLayout() improperly called by StatusBarIconView(slot=mobile icon=null notification=null) during layout: running second layout pass
09-07 03:55:58.992  1792  2272 E GnssHAL_GnssInterface: gnssSvStatusCb: a: input svInfo.flags is 8
09-07 03:55:58.993  1792  2272 E GnssHAL_GnssInterface: gnssSvStatusCb: b: input svInfo.flags is 8
09-07 03:55:59.001  2182  2468 D EGL_emulation: eglMakeCurrent: 0xda21a360: ver 2 0 (tinfo 0xda20f590)
09-07 03:55:59.186 15664 15664 I ViewInteraction: Performing 'close keyboard' action on view view.getRootView() to equal view
09-07 03:55:59.189  6131  6131 I PhenotypeExpConfig: refreshConfiguration() : Force = false : UpdateAvailable = false : Age = 47 minutes : MaxAge = 720 minutes
09-07 03:55:59.190  6131  6131 I AndroidIME: LatinIme.onDeactivate()
09-07 03:55:59.206  6131  6653 D EGL_emulation: eglMakeCurrent: 0xe224f240: ver 2 0 (tinfo 0xe227da70)
09-07 03:55:59.208  2182  2468 D EGL_emulation: eglMakeCurrent: 0xda21a360: ver 2 0 (tinfo 0xda20f590)
09-07 03:55:59.208  2182  2182 W View    : requestLayout() improperly called by com.android.keyguard.AlphaOptimizedLinearLayout{551c6d8 V.E...... ......ID 7,0-48,61 #7f0a041c app:id/wifi_group} during second layout pass: posting in next frame
09-07 03:55:59.228  2182  2182 W View    : requestLayout() improperly called by StatusBarIconView(slot=mobile icon=null notification=null) during layout: running second layout pass
09-07 03:55:59.231  2182  2468 D EGL_emulation: eglMakeCurrent: 0xda21a360: ver 2 0 (tinfo 0xda20f590)
09-07 03:55:59.395 15664 15708 V FA      : Inactivity, disconnecting from the service
09-07 03:55:59.496 15664 15664 I ViewInteraction: Performing 'single click' action on view an instance of android.widget.TextView and view.getText() with or without transformation to match: is "Ivanov Ivan Ivanovich"
09-07 03:55:59.543 15664 15760 D EGL_emulation: eglMakeCurrent: 0xe22f9040: ver 2 0 (tinfo 0xd6c902d0)
09-07 03:55:59.614 15664 15760 I chatty  : uid=10136(ru.iteco.fmhandroid) RenderThread identical 1 line
09-07 03:55:59.622 15664 15760 D EGL_emulation: eglMakeCurrent: 0xe22f9040: ver 2 0 (tinfo 0xd6c902d0)
09-07 03:55:59.629  2037  4497 E InputDispatcher: Window handle Window{2a126e u0 PopupWindow:730628e} has no registered input channel
09-07 03:55:59.764 15664 15664 I ViewInteraction: Performing 'wait for a specific view with <(view.getId() is <2131231402/ru.iteco.fmhandroid:id/title_edit_text> and view.getParent() view.getParent() view.getId() is <2131231406/ru.iteco.fmhandroid:id/title_text_input_layout>)> during 10000 millis.' action on view view.getRootView() to equal view
09-07 03:55:59.766 15664 15664 I ViewInteraction: Performing 'replace text(Заголовок 383f9ea8-b33b-426d-a5b8-493e49bb8ea1)' action on view (view.getId() is <2131231402/ru.iteco.fmhandroid:id/title_edit_text> and view.getParent() view.getParent() view.getId() is <2131231406/ru.iteco.fmhandroid:id/title_text_input_layout>)
09-07 03:55:59.796 15664 15664 I ViewInteraction: Performing 'wait for a specific view with <view.getId() is <2131230975/ru.iteco.fmhandroid:id/date_in_plan_text_input_edit_text>> during 10000 millis.' action on view view.getRootView() to equal view
09-07 03:55:59.799 15664 15664 I ViewInteraction: Performing 'single click' action on view view.getId() is <2131230975/ru.iteco.fmhandroid:id/date_in_plan_text_input_edit_text>
09-07 03:55:59.908  1793 14098 D gralloc_ranchu: gralloc_alloc: Creating ashmem region of size 6778880
09-07 03:55:59.919  1793 14098 I chatty  : uid=1000(system) HwBinder:1793_3 identical 1 line
09-07 03:55:59.921  1793 14098 D gralloc_ranchu: gralloc_alloc: Creating ashmem region of size 6778880
09-07 03:55:59.924 15664 15760 D EGL_emulation: eglMakeCurrent: 0xe22f9040: ver 2 0 (tinfo 0xd6c902d0)
09-07 03:55:59.964 15664 15760 I chatty  : uid=10136(ru.iteco.fmhandroid) RenderThread identical 1 line
09-07 03:55:59.981 15664 15760 D EGL_emulation: eglMakeCurrent: 0xe22f9040: ver 2 0 (tinfo 0xd6c902d0)
09-07 03:55:59.993  1792  2272 E GnssHAL_GnssInterface: gnssSvStatusCb: a: input svInfo.flags is 8
09-07 03:55:59.994  1792  2272 E GnssHAL_GnssInterface: gnssSvStatusCb: b: input svInfo.flags is 8
09-07 03:56:00.009 15664 15760 D EGL_emulation: eglMakeCurrent: 0xe22f9040: ver 2 0 (tinfo 0xd6c902d0)
09-07 03:56:00.026  2182  2182 W View    : requestLayout() improperly called by com.android.keyguard.AlphaOptimizedLinearLayout{551c6d8 V.E...... ......ID 7,0-48,61 #7f0a041c app:id/wifi_group} during second layout pass: posting in next frame
09-07 03:56:00.029 15664 15760 D EGL_emulation: eglMakeCurrent: 0xe22f9040: ver 2 0 (tinfo 0xd6c902d0)
09-07 03:56:00.036  2182  2182 W View    : requestLayout() improperly called by StatusBarIconView(slot=mobile icon=null notification=null) during layout: running second layout pass
09-07 03:56:00.391 15664 15760 D EGL_emulation: eglMakeCurrent: 0xe22f9040: ver 2 0 (tinfo 0xd6c902d0)
09-07 03:56:00.730 15664 15664 I ViewInteraction: Performing 'wait for a specific view with <is assignable from class <class android.widget.DatePicker>> during 10000 millis.' action on view view.getRootView() to equal view
09-07 03:56:00.733 15664 15664 I ViewInteraction: Checking 'MatchesViewAssertion{viewMatcher=(view has effective visibility <VISIBLE> and view.getGlobalVisibleRect() to return non-empty rectangle)}' assertion on view is assignable from class <class android.widget.DatePicker>
09-07 03:56:00.734 15664 15664 I ViewInteraction: Performing 'wait for a specific view with <is assignable from class <class android.widget.DatePicker>> during 10000 millis.' action on view view.getRootView() to equal view
09-07 03:56:00.735 15664 15664 I ViewInteraction: Performing 'set date' action on view is assignable from class <class android.widget.DatePicker>
09-07 03:56:00.744 15664 15760 D EGL_emulation: eglMakeCurrent: 0xe22f9040: ver 2 0 (tinfo 0xd6c902d0)
09-07 03:56:00.765 15664 15664 I ViewInteraction: Performing 'wait for a specific view with <view.getId() is <16908313/android:id/button1>> during 10000 millis.' action on view view.getRootView() to equal view
09-07 03:56:00.767 15664 15664 I ViewInteraction: Performing 'single click' action on view view.getId() is <16908313/android:id/button1>
09-07 03:56:00.842 15664 15760 D EGL_emulation: eglMakeCurrent: 0xe22f9040: ver 2 0 (tinfo 0xd6c902d0)
09-07 03:56:00.853  2037  4497 E InputDispatcher: Window handle Window{7e4673d u0 ru.iteco.fmhandroid/ru.iteco.fmhandroid.ui.AppActivity} has no registered input channel
09-07 03:56:00.857 15664 15760 D EGL_emulation: eglMakeCurrent: 0xe22f9040: ver 2 0 (tinfo 0xd6c902d0)
09-07 03:56:00.991  1792  2272 E GnssHAL_GnssInterface: gnssSvStatusCb: a: input svInfo.flags is 8
09-07 03:56:00.991  1792  2272 E GnssHAL_GnssInterface: gnssSvStatusCb: b: input svInfo.flags is 8
09-07 03:56:01.091 15664 15664 I ViewInteraction: Performing 'wait for a specific view with <(an instance of android.widget.TextView and view.getHint() matching: is "Time" and view.getParent() view.getParent() view.getId() is <2131231399/ru.iteco.fmhandroid:id/time_in_plan_text_input_layout>)> during 10000 millis.' action on view view.getRootView() to equal view
09-07 03:56:01.093 15664 15664 I ViewInteraction: Performing 'single click' action on view (an instance of android.widget.TextView and view.getHint() matching: is "Time" and view.getParent() view.getParent() view.getId() is <2131231399/ru.iteco.fmhandroid:id/time_in_plan_text_input_layout>)
09-07 03:56:01.194  1793 14098 D gralloc_ranchu: gralloc_alloc: Creating ashmem region of size 5718016
09-07 03:56:01.200  1793 14098 I chatty  : uid=1000(system) HwBinder:1793_3 identical 1 line
09-07 03:56:01.201  1793 14098 D gralloc_ranchu: gralloc_alloc: Creating ashmem region of size 5718016
09-07 03:56:01.204 15664 15760 D EGL_emulation: eglMakeCurrent: 0xe22f9040: ver 2 0 (tinfo 0xd6c902d0)
09-07 03:56:01.244 15664 15760 D EGL_emulation: eglMakeCurrent: 0xe22f9040: ver 2 0 (tinfo 0xd6c902d0)
09-07 03:56:01.470 15664 15664 I ViewInteraction: Performing 'wait for a specific view with <is assignable from class <class android.widget.TimePicker>> during 10000 millis.' action on view view.getRootView() to equal view
09-07 03:56:01.473 15664 15664 I ViewInteraction: Checking 'MatchesViewAssertion{viewMatcher=(view has effective visibility <VISIBLE> and view.getGlobalVisibleRect() to return non-empty rectangle)}' assertion on view is assignable from class <class android.widget.TimePicker>
09-07 03:56:01.475 15664 15664 I ViewInteraction: Performing 'wait for a specific view with <is assignable from class <class android.widget.TimePicker>> during 10000 millis.' action on view view.getRootView() to equal view
09-07 03:56:01.477 15664 15664 I ViewInteraction: Performing 'set time' action on view is assignable from class <class android.widget.TimePicker>
09-07 03:56:01.495 15664 15664 I ViewInteraction: Performing 'wait for a specific view with <view.getId() is <16908313/android:id/button1>> during 10000 millis.' action on view view.getRootView() to equal view
09-07 03:56:01.499 15664 15664 I ViewInteraction: Performing 'single click' action on view view.getId() is <16908313/android:id/button1>
09-07 03:56:01.559 15664 15760 D EGL_emulation: eglMakeCurrent: 0xe22f9040: ver 2 0 (tinfo 0xd6c902d0)
09-07 03:56:01.569 15664 15760 D EGL_emulation: eglMakeCurrent: 0xe22f9040: ver 2 0 (tinfo 0xd6c902d0)
09-07 03:56:01.573  2037  2903 E InputDispatcher: Window handle Window{eeedd2e u0 ru.iteco.fmhandroid/ru.iteco.fmhandroid.ui.AppActivity} has no registered input channel
09-07 03:56:01.584 15664 15760 D EGL_emulation: eglMakeCurrent: 0xe22f9040: ver 2 0 (tinfo 0xd6c902d0)
09-07 03:56:01.837 15664 15664 I ViewInteraction: Performing 'wait for a specific view with <(an instance of android.widget.TextView and view.getHint() matching: is "Description" and view.getParent() view.getParent() view.getId() is <2131230988/ru.iteco.fmhandroid:id/description_text_input_layout>)> during 10000 millis.' action on view view.getRootView() to equal view
09-07 03:56:01.840 15664 15664 I ViewInteraction: Performing 'replace text(Описание b1683264-d998-4a94-9dc3-78a67a415201)' action on view (an instance of android.widget.TextView and view.getHint() matching: is "Description" and view.getParent() view.getParent() view.getId() is <2131230988/ru.iteco.fmhandroid:id/description_text_input_layout>)
09-07 03:56:01.877 15664 15664 I ViewInteraction: Performing 'wait for a specific view with <view.getId() is <2131231291/ru.iteco.fmhandroid:id/save_button>> during 10000 millis.' action on view view.getRootView() to equal view
09-07 03:56:01.880 15664 15664 I ViewInteraction: Performing 'single click' action on view view.getId() is <2131231291/ru.iteco.fmhandroid:id/save_button>
09-07 03:56:01.931 15664 15799 I okhttp.OkHttpClient: --> POST http://www.981757-ca08998.tmweb.ru:8080/fmh/claims
09-07 03:56:01.931 15664 15799 I okhttp.OkHttpClient: Content-Type: application/json; charset=UTF-8
09-07 03:56:01.931 15664 15799 I okhttp.OkHttpClient: Content-Length: 273
09-07 03:56:01.931 15664 15799 I okhttp.OkHttpClient: {"createDate":1694058961,"creatorId":1,"creatorName":"Ivanov Ivan Ivanovich","description":"Описание b1683264-d998-4a94-9dc3-78a67a415201","executorId":1,"planExecuteDate":1694058900,"status":"OPEN","title":"Заголовок 383f9ea8-b33b-426d-a5b8-493e49bb8ea1"}
09-07 03:56:01.932 15664 15799 I okhttp.OkHttpClient: --> END POST (273-byte body)
09-07 03:56:01.935  1774 15989 E ResolverController: No valid NAT64 prefix (101, <unspecified>/0)
09-07 03:56:01.991  1792  2272 E GnssHAL_GnssInterface: gnssSvStatusCb: a: input svInfo.flags is 8
09-07 03:56:01.991  1792  2272 E GnssHAL_GnssInterface: gnssSvStatusCb: b: input svInfo.flags is 8
09-07 03:56:02.175 15664 15664 I ViewInteraction: Performing 'wait for a specific view with <view.getId() is <2131230916/ru.iteco.fmhandroid:id/claim_list_recycler_view>> during 10000 millis.' action on view view.getRootView() to equal view
09-07 03:56:02.334 15664 15799 I okhttp.OkHttpClient: <-- 200 http://www.981757-ca08998.tmweb.ru:8080/fmh/claims (402ms)
09-07 03:56:02.334 15664 15799 I okhttp.OkHttpClient: Vary: Origin
09-07 03:56:02.334 15664 15799 I okhttp.OkHttpClient: Vary: Access-Control-Request-Method
09-07 03:56:02.334 15664 15799 I okhttp.OkHttpClient: Vary: Access-Control-Request-Headers
09-07 03:56:02.334 15664 15799 I okhttp.OkHttpClient: X-Content-Type-Options: nosniff
09-07 03:56:02.334 15664 15799 I okhttp.OkHttpClient: X-XSS-Protection: 1; mode=block
09-07 03:56:02.334 15664 15799 I okhttp.OkHttpClient: Cache-Control: no-cache, no-store, max-age=0, must-revalidate
09-07 03:56:02.334 15664 15799 I okhttp.OkHttpClient: Pragma: no-cache
09-07 03:56:02.335 15664 15799 I okhttp.OkHttpClient: Expires: 0
09-07 03:56:02.335 15664 15799 I okhttp.OkHttpClient: X-Frame-Options: DENY
09-07 03:56:02.335 15664 15799 I okhttp.OkHttpClient: Content-Type: application/json
09-07 03:56:02.335 15664 15799 I okhttp.OkHttpClient: Transfer-Encoding: chunked
09-07 03:56:02.335 15664 15799 I okhttp.OkHttpClient: Date: Thu, 07 Sep 2023 03:56:03 GMT
09-07 03:56:02.335 15664 15799 I okhttp.OkHttpClient: Keep-Alive: timeout=60
09-07 03:56:02.335 15664 15799 I okhttp.OkHttpClient: Connection: keep-alive
09-07 03:56:02.335 15664 15799 I okhttp.OkHttpClient: {"id":10686,"title":"Заголовок 383f9ea8-b33b-426d-a5b8-493e49bb8ea1","description":"Описание b1683264-d998-4a94-9dc3-78a67a415201","creatorId":1,"executorId":1,"createDate":1694058961,"planExecuteDate":1694058900,"factExecuteDate":null,"status":"IN_PROGRESS","creatorName":"Ivanov Ivan Ivanovich","executorName":"Ivanov Ivan Ivanovich"}
09-07 03:56:02.335 15664 15799 I okhttp.OkHttpClient: <-- END HTTP (353-byte body)
09-07 03:56:02.384 15664 15664 I ViewInteraction: Checking 'MatchesViewAssertion{viewMatcher=(view has effective visibility <VISIBLE> and view.getGlobalVisibleRect() to return non-empty rectangle)}' assertion on view view.getId() is <2131230916/ru.iteco.fmhandroid:id/claim_list_recycler_view>
09-07 03:56:02.385 15664 15664 I ViewInteraction: Performing 'scroll RecyclerView to: holder with view: (view is an instance of android.view.ViewGroup and has descendant matching an instance of android.widget.TextView and view.getText() with or without transformation to match: is "Заголовок 383f9ea8-b33b-426d-a5b8-493e49bb8ea1")' action on view view.getId() is <2131230916/ru.iteco.fmhandroid:id/claim_list_recycler_view>
09-07 03:56:02.386 15664 15664 D takeScreenshot: Found 1 global views to redraw
09-07 03:56:02.424  1793 14098 D gralloc_ranchu: gralloc_alloc: Creating ashmem region of size 9850880
09-07 03:56:02.466 15664 15709 W DefaultFailureHandler: Failed to take screenshot
09-07 03:56:02.466 15664 15709 W DefaultFailureHandler: java.io.FileNotFoundException: view-op-error-6.png: open failed: EROFS (Read-only file system)
09-07 03:56:02.466 15664 15709 W DefaultFailureHandler: 	at libcore.io.IoBridge.open(IoBridge.java:496)
09-07 03:56:02.466 15664 15709 W DefaultFailureHandler: 	at java.io.FileOutputStream.<init>(FileOutputStream.java:235)
09-07 03:56:02.466 15664 15709 W DefaultFailureHandler: 	at java.io.FileOutputStream.<init>(FileOutputStream.java:125)
09-07 03:56:02.466 15664 15709 W DefaultFailureHandler: 	at androidx.test.platform.io.FileTestStorage.openOutputFile(FileTestStorage.java:60)
09-07 03:56:02.466 15664 15709 W DefaultFailureHandler: 	at androidx.test.core.graphics.BitmapStorage.writeToTestStorage(BitmapStorageExt.kt:49)
09-07 03:56:02.466 15664 15709 W DefaultFailureHandler: 	at androidx.test.espresso.base.DefaultFailureHandler.takeScreenshot(DefaultFailureHandler.java:4)
09-07 03:56:02.466 15664 15709 W DefaultFailureHandler: 	at androidx.test.espresso.base.DefaultFailureHandler.handle(DefaultFailureHandler.java:3)
09-07 03:56:02.466 15664 15709 W DefaultFailureHandler: 	at androidx.test.espresso.ViewInteraction.waitForAndHandleInteractionResults(ViewInteraction.java:8)
09-07 03:56:02.466 15664 15709 W DefaultFailureHandler: 	at androidx.test.espresso.ViewInteraction.desugaredPerform(ViewInteraction.java:11)
09-07 03:56:02.466 15664 15709 W DefaultFailureHandler: 	at androidx.test.espresso.ViewInteraction.perform(ViewInteraction.java:8)
09-07 03:56:02.466 15664 15709 W DefaultFailureHandler: 	at ru.iteco.fmhandroid.ui.steps.ClaimsPageSteps.scrollToElementInRecyclerList(ClaimsPageSteps.java:127)
09-07 03:56:02.466 15664 15709 W DefaultFailureHandler: 	at ru.iteco.fmhandroid.ui.steps.ClaimsPageSteps.openClaimCard(ClaimsPageSteps.java:158)
09-07 03:56:02.466 15664 15709 W DefaultFailureHandler: 	at ru.iteco.fmhandroid.ui.ClaimsPageTest.shouldShowMessageFieldCannotBeEmpty(ClaimsPageTest.java:105)
09-07 03:56:02.466 15664 15709 W DefaultFailureHandler: 	at java.lang.reflect.Method.invoke(Native Method)
09-07 03:56:02.466 15664 15709 W DefaultFailureHandler: 	at org.junit.runners.model.FrameworkMethod$1.runReflectiveCall(FrameworkMethod.java:59)
09-07 03:56:02.466 15664 15709 W DefaultFailureHandler: 	at org.junit.internal.runners.model.ReflectiveCallable.run(ReflectiveCallable.java:12)
09-07 03:56:02.466 15664 15709 W DefaultFailureHandler: 	at org.junit.runners.model.FrameworkMethod.invokeExplosively(FrameworkMethod.java:56)
09-07 03:56:02.466 15664 15709 W DefaultFailureHandler: 	at org.junit.internal.runners.statements.InvokeMethod.evaluate(InvokeMethod.java:17)
09-07 03:56:02.466 15664 15709 W DefaultFailureHandler: 	at androidx.test.internal.runner.junit4.statement.RunBefores.evaluate(RunBefores.java:80)
09-07 03:56:02.466 15664 15709 W DefaultFailureHandler: 	at io.qameta.allure.android.rules.ScreenshotRule$apply$1.evaluate(ScreenshotRule.kt:22)
09-07 03:56:02.466 15664 15709 W DefaultFailureHandler: 	at org.junit.rules.ExternalResource$1.evaluate(ExternalResource.java:54)
09-07 03:56:02.466 15664 15709 W DefaultFailureHandler: 	at io.qameta.allure.android.rules.LogcatRule$apply$1.evaluate(LogcatRule.kt:23)
09-07 03:56:02.466 15664 15709 W DefaultFailureHandler: 	at org.junit.rules.RunRules.evaluate(RunRules.java:20)
09-07 03:56:02.466 15664 15709 W DefaultFailureHandler: 	at org.junit.runners.ParentRunner$3.evaluate(ParentRunner.java:306)
09-07 03:56:02.466 15664 15709 W DefaultFailureHandler: 	at org.junit.runners.BlockJUnit4ClassRunner$1.evaluate(BlockJUnit4ClassRunner.java:100)
09-07 03:56:02.466 15664 15709 W DefaultFailureHandler: 	at org.junit.runners.ParentRunner.runLeaf(ParentRunner.java:366)
09-07 03:56:02.466 15664 15709 W DefaultFailureHandler: 	at org.junit.runners.BlockJUnit4ClassRunner.runChild(BlockJUnit4ClassRunner.java:103)
09-07 03:56:02.466 15664 15709 W DefaultFailureHandler: 	at org.junit.runners.BlockJUnit4ClassRunner.runChild(BlockJUnit4ClassRunner.java:63)
09-07 03:56:02.466 15664 15709 W DefaultFailureHandler: 	at org.junit.runners.ParentRunner$4.run(ParentRunner.java:331)
09-07 03:56:02.466 15664 15709 W DefaultFailureHandler: 	at org.junit.runners.ParentRunner$1.schedule(ParentRunner.java:79)
09-07 03:56:02.466 15664 15709 W DefaultFailureHandler: 	at org.junit.runners.ParentRunner.runChildren(ParentRunner.java:329)
09-07 03:56:02.466 15664 15709 W DefaultFailureHandler: 	at org.junit.runners.ParentRunner.access$100(ParentRunner.java:66)
09-07 03:56:02.466 15664 15709 W DefaultFailureHandler: 	at org.junit.runners.ParentRunner$2.evaluate(ParentRunner.java:293)
09-07 03:56:02.466 15664 15709 W DefaultFailureHandler: 	at org.junit.runners.ParentRunner$3.evaluate(ParentRunner.java:306)
09-07 03:56:02.466 15664 15709 W DefaultFailureHandler: 	at org.junit.runners.ParentRunner.run(ParentRunner.java:413)
09-07 03:56:02.466 15664 15709 W DefaultFailureHandler: 	at androidx.test.ext.junit.runners.AndroidJUnit4.run(AndroidJUnit4.java:162)
09-07 03:56:02.466 15664 15709 W DefaultFailureHandler: 	at io.qameta.allure.android.runners.AllureAndroidJUnit4.run(AllureAndroidJUnitRunners.kt:29)
09-07 03:56:02.466 15664 15709 W DefaultFailureHandler: 	at org.junit.runners.Suite.runChild(Suite.java:128)
09-07 03:56:02.466 15664 15709 W DefaultFailureHandler: 	at org.junit.runners.Suite.runChild(Suite.java:27)
09-07 03:56:02.466 15664 15709 W DefaultFailureHandler: 	at org.junit.runners.ParentRunner$4.run(ParentRunner.java:331)
09-07 03:56:02.466 15664 15709 W DefaultFailureHandler: 	at org.junit.runners.ParentRunner$1.schedule(ParentRunner.java:79)
09-07 03:56:02.466 15664 15709 W DefaultFailureHandler: 	at org.junit.runners.ParentRunner.runChildren(ParentRunner.java:329)
09-07 03:56:02.466 15664 15709 W DefaultFailureHandler: 	at org.junit.runners.ParentRunner.access$100(ParentRunner.java:66)
09-07 03:56:02.466 15664 15709 W DefaultFailureHandler: 	at org.junit.runners.ParentRunner$2.evaluate(ParentRunner.java:293)
09-07 03:56:02.466 15664 15709 W DefaultFailureHandler: 	at org.junit.runners.ParentRunner$3.evaluate(ParentRunner.java:306)
09-07 03:56:02.466 15664 15709 W DefaultFailureHandler: 	at org.junit.runners.ParentRunner.run(ParentRunner.java:413)
09-07 03:56:02.466 15664 15709 W DefaultFailureHandler: 	at org.junit.runner.JUnitCore.run(JUnitCore.java:137)
09-07 03:56:02.466 15664 15709 W DefaultFailureHandler: 	at org.junit.runner.JUnitCore.run(JUnitCore.java:115)
09-07 03:56:02.466 15664 15709 W DefaultFailureHandler: 	at androidx.test.internal.runner.TestExecutor.execute(TestExecutor.java:67)
09-07 03:56:02.466 15664 15709 W DefaultFailureHandler: 	at androidx.test.internal.runner.TestExecutor.execute(TestExecutor.java:58)
09-07 03:56:02.466 15664 15709 W DefaultFailureHandler: 	at androidx.test.runner.AndroidJUnitRunner.onStart(AndroidJUnitRunner.java:438)
09-07 03:56:02.466 15664 15709 W DefaultFailureHandler: 	at android.app.Instrumentation$InstrumentationThread.run(Instrumentation.java:2189)
09-07 03:56:02.466 15664 15709 W DefaultFailureHandler: Caused by: android.system.ErrnoException: open failed: EROFS (Read-only file system)
09-07 03:56:02.466 15664 15709 W DefaultFailureHandler: 	at libcore.io.Linux.open(Native Method)
09-07 03:56:02.466 15664 15709 W DefaultFailureHandler: 	at libcore.io.ForwardingOs.open(ForwardingOs.java:167)
09-07 03:56:02.466 15664 15709 W DefaultFailureHandler: 	at libcore.io.BlockGuardOs.open(BlockGuardOs.java:252)
09-07 03:56:02.466 15664 15709 W DefaultFailureHandler: 	at libcore.io.ForwardingOs.open(ForwardingOs.java:167)
09-07 03:56:02.466 15664 15709 W DefaultFailureHandler: 	at android.app.ActivityThread$AndroidOs.open(ActivityThread.java:7255)
09-07 03:56:02.466 15664 15709 W DefaultFailureHandler: 	at libcore.io.IoBridge.open(IoBridge.java:482)
09-07 03:56:02.466 15664 15709 W DefaultFailureHandler: 	... 51 more
09-07 03:56:02.470  1793 14098 D gralloc_ranchu: gralloc_alloc: Creating ashmem region of size 9850880
09-07 03:56:02.603  2037  8423 I ActivityTaskManager: START u0 {act=android.intent.action.MAIN cat=[android.intent.category.LAUNCHER] flg=0x10000000 cmp=ru.iteco.fmhandroid.test/androidx.test.core.app.InstrumentationActivityInvoker$EmptyActivity} from uid 10136
09-07 03:56:02.607 15664 15664 D LifecycleMonitor: Lifecycle status change: ru.iteco.fmhandroid.ui.AppActivity@f2c25f7 in: PAUSED
09-07 03:56:02.608 15664 15664 V ActivityScenario: Update currentActivityStage to PAUSED, currentActivity=ru.iteco.fmhandroid.ui.AppActivity@f2c25f7
09-07 03:56:02.608  2037  4315 W InputReader: Device has associated, but no associated display id.
09-07 03:56:02.608  2037  4315 I chatty  : uid=1000(system) Binder:2037_11 identical 3 lines
09-07 03:56:02.608  2037  4315 W InputReader: Device has associated, but no associated display id.
09-07 03:56:02.608 15664 15708 V FA      : Recording user engagement, ms: 8275
09-07 03:56:02.608  2037  4315 W InputReader: Device has associated, but no associated display id.
09-07 03:56:02.609  2037  4315 I chatty  : uid=1000(system) Binder:2037_11 identical 33 lines
09-07 03:56:02.609  2037  4315 W InputReader: Device has associated, but no associated display id.
09-07 03:56:02.610 15721 15721 W ActivityThread: handleWindowVisibility: no activity for token android.os.BinderProxy@dce2beb
09-07 03:56:02.610  2037  4315 W InputReader: Device has associated, but no associated display id.
09-07 03:56:02.610  2037  4315 I chatty  : uid=1000(system) Binder:2037_11 identical 8 lines
