09-07 06:12:59.779  9067  9067 W System.err: 	at androidx.fragment.app.FragmentManager.moveToState(FragmentManager.java:1374)
09-07 06:12:59.779  9067  9067 W System.err: 	at androidx.fragment.app.FragmentManager.dispatchStateChange(FragmentManager.java:2841)
09-07 06:12:59.779  9067  9067 W System.err: 	at androidx.fragment.app.FragmentManager.dispatchDestroy(FragmentManager.java:2820)
09-07 06:12:59.779  9067  9067 W System.err: 	at androidx.fragment.app.Fragment.performDestroy(Fragment.java:3246)
09-07 06:12:59.779  9067  9067 W System.err: 	at androidx.fragment.app.FragmentStateManager.destroy(FragmentStateManager.java:780)
09-07 06:12:59.779  9067  9067 W System.err: 	at androidx.fragment.app.FragmentStateManager.moveToExpectedState(FragmentStateManager.java:335)
09-07 06:12:59.779  9067  9067 W System.err: 	at androidx.fragment.app.SpecialEffectsController$FragmentStateManagerOperation.complete(SpecialEffectsController.java:771)
09-07 06:12:59.779  9067  9067 W System.err: 	at androidx.fragment.app.SpecialEffectsController$Operation.cancel(SpecialEffectsController.java:615)
09-07 06:12:59.779  9067  9067 W System.err: 	at androidx.fragment.app.SpecialEffectsController.forceCompleteAllOperations(SpecialEffectsController.java:350)
09-07 06:12:59.779  9067  9067 W System.err: 	at androidx.fragment.app.FragmentManager.dispatchStateChange(FragmentManager.java:2844)
09-07 06:12:59.779  9067  9067 W System.err: 	at androidx.fragment.app.FragmentManager.dispatchDestroy(FragmentManager.java:2820)
09-07 06:12:59.779  9067  9067 W System.err: 	at androidx.fragment.app.FragmentController.dispatchDestroy(FragmentController.java:345)
09-07 06:12:59.779  9067  9067 W System.err: 	at androidx.fragment.app.FragmentActivity.onDestroy(FragmentActivity.java:306)
09-07 06:12:59.779  9067  9067 W System.err: 	at androidx.appcompat.app.AppCompatActivity.onDestroy(AppCompatActivity.java:278)
09-07 06:12:59.779  9067  9067 W System.err: 	at android.app.Activity.performDestroy(Activity.java:8048)
09-07 06:12:59.779  9067  9067 W System.err: 	at android.app.Instrumentation.callActivityOnDestroy(Instrumentation.java:1334)
09-07 06:12:59.779  9067  9067 W System.err: 	at androidx.test.runner.MonitoringInstrumentation.callActivityOnDestroy(MonitoringInstrumentation.java:766)
09-07 06:12:59.782  2037  2061 W InputReader: Device has associated, but no associated display id.
09-07 06:12:59.783  2037  2061 I chatty  : uid=1000(system) android.anim identical 18 lines
09-07 06:12:59.783  2037  2061 W InputReader: Device has associated, but no associated display id.
09-07 06:12:59.784  2666  2666 I dnsi    : onStart
09-07 06:12:59.787  9067  9067 W System.err: 	at android.app.ActivityThread.performDestroyActivity(ActivityThread.java:4926)
09-07 06:12:59.787  9067  9067 W System.err: 	at android.app.ActivityThread.handleDestroyActivity(ActivityThread.java:4970)
09-07 06:12:59.787  9067  9067 W System.err: 	at android.app.servertransaction.DestroyActivityItem.execute(DestroyActivityItem.java:44)
09-07 06:12:59.787  9067  9067 W System.err: 	at android.app.servertransaction.TransactionExecutor.executeLifecycleState(TransactionExecutor.java:176)
09-07 06:12:59.787  9067  9067 W System.err: 	at android.app.servertransaction.TransactionExecutor.execute(TransactionExecutor.java:97)
09-07 06:12:59.787  2666  2666 I dnsi    : onResume
09-07 06:12:59.787  9067  9067 W System.err: 	at android.app.ActivityThread$H.handleMessage(ActivityThread.java:2016)
09-07 06:12:59.788  1793 14098 D gralloc_ranchu: gralloc_alloc: Creating ashmem region of size 6307840
09-07 06:12:59.788  9067  9067 W System.err: 	at android.os.Handler.dispatchMessage(Handler.java:107)
09-07 06:12:59.788  9067  9067 W System.err: 	at android.os.Looper.loop(Looper.java:214)
09-07 06:12:59.789  9067  9067 W System.err: 	at android.app.ActivityThread.main(ActivityThread.java:7356)
09-07 06:12:59.789  9067  9067 W System.err: 	at java.lang.reflect.Method.invoke(Native Method)
09-07 06:12:59.789  9067  9067 W System.err: 	at com.android.internal.os.RuntimeInit$MethodAndArgsCaller.run(RuntimeInit.java:492)
09-07 06:12:59.789  9067  9067 W System.err: 	at com.android.internal.os.ZygoteInit.main(ZygoteInit.java:930)
09-07 06:12:59.795  2182  2468 D EGL_emulation: eglMakeCurrent: 0xda21a360: ver 2 0 (tinfo 0xda20f590)
09-07 06:12:59.800  2182  2182 W View    : requestLayout() improperly called by com.android.keyguard.AlphaOptimizedLinearLayout{551c6d8 V.E...... ......ID 7,0-48,61 #7f0a041c app:id/wifi_group} during second layout pass: posting in next frame
09-07 06:12:59.821  2182  2182 W View    : requestLayout() improperly called by StatusBarIconView(slot=mobile icon=null notification=null) during layout: running second layout pass
09-07 06:12:59.832  9067  9067 D LifecycleMonitor: Lifecycle status change: ru.iteco.fmhandroid.ui.AppActivity@f49436f in: DESTROYED
09-07 06:12:59.832  9067  9067 V ActivityScenario: Update currentActivityStage to DESTROYED, currentActivity=null
09-07 06:12:59.835  2182  2468 D EGL_emulation: eglMakeCurrent: 0xda21a360: ver 2 0 (tinfo 0xda20f590)
09-07 06:12:59.843  9256  9290 D EGL_emulation: eglMakeCurrent: 0xda21a240: ver 2 0 (tinfo 0xda20f0a0)
09-07 06:12:59.847  2037  6424 W ActivityManager: Slow operation: 51ms so far, now at getContentProviderImpl: done!
09-07 06:12:59.856  1823  1823 E Layer   : [Surface(name=AppWindowToken{459e199 token=Token{b961ae0 ActivityRecord{53be0e3 u0 com.google.android.apps.nexuslauncher/.NexusLauncherActivity t652}}})/@0xafc1306 - animation-leash#0] No local sync point found
09-07 06:12:59.857  1823  1823 E Layer   : [Surface(name=AppWindowToken{454b7ac token=Token{9cb015f ActivityRecord{37865fe u0 ru.iteco.fmhandroid.test/androidx.test.core.app.InstrumentationActivityInvoker$EmptyActivity t886}}})/@0xa2b2f6a - animation-leash#0] No local sync point found
09-07 06:12:59.868  2037  5599 D HostConnection: HostConnection::get() New Host Connection established 0xda23f020, tid 5599
09-07 06:12:59.888  2037  5599 D HostConnection: HostComposition ext ANDROID_EMU_CHECKSUM_HELPER_v1 ANDROID_EMU_dma_v1 ANDROID_EMU_direct_mem ANDROID_EMU_vulkan ANDROID_EMU_deferred_vulkan_commands ANDROID_EMU_vulkan_null_optional_strings ANDROID_EMU_vulkan_create_resources_with_requirements ANDROID_EMU_YUV420_888_to_NV21 ANDROID_EMU_YUV_Cache ANDROID_EMU_vulkan_free_memory_sync ANDROID_EMU_vulkan_shader_float16_int8 ANDROID_EMU_vulkan_async_queue_submit ANDROID_EMU_sync_buffer_data GL_OES_vertex_array_object GL_KHR_texture_compression_astc_ldr ANDROID_EMU_host_side_tracing ANDROID_EMU_gles_max_version_2 
09-07 06:12:59.888  2434  2475 I s.nexuslaunche: Waiting for a blocking GC ProfileSaver
09-07 06:12:59.890  2037  5599 W OpenGLRenderer: Failed to choose config with EGL_SWAP_BEHAVIOR_PRESERVED, retrying without...
09-07 06:12:59.891  2182  2468 D EGL_emulation: eglMakeCurrent: 0xda21a360: ver 2 0 (tinfo 0xda20f590)
09-07 06:12:59.907  2182  2182 W View    : requestLayout() improperly called by com.android.keyguard.AlphaOptimizedLinearLayout{551c6d8 V.E...... ......ID 7,0-48,61 #7f0a041c app:id/wifi_group} during second layout pass: posting in next frame
09-07 06:12:59.910  2037  5599 D eglCodecCommon: setVertexArrayObject: set vao to 0 (0) 0 0
09-07 06:12:59.910  2037  5599 D EGL_emulation: eglCreateContext: 0xa7a623a0: maj 2 min 0 rcv 2
09-07 06:12:59.911  7867  7867 D BoundBrokerSvc: onBind: Intent { act=com.google.android.gms.inappreach.service.START dat=chimera-action: cmp=com.google.android.gms/.chimera.GmsApiService }
09-07 06:12:59.911  7867  7867 D BoundBrokerSvc: Loading bound service for intent: Intent { act=com.google.android.gms.inappreach.service.START dat=chimera-action: cmp=com.google.android.gms/.chimera.GmsApiService }
09-07 06:12:59.914  2182  2182 W View    : requestLayout() improperly called by StatusBarIconView(slot=mobile icon=null notification=null) during layout: running second layout pass
09-07 06:12:59.940  2182  2468 D EGL_emulation: eglMakeCurrent: 0xda21a360: ver 2 0 (tinfo 0xda20f590)
09-07 06:12:59.942  1823  1823 W SurfaceFlinger: couldn't log to binary event log: overflow.
09-07 06:12:59.957  2434  2475 I s.nexuslaunche: WaitForGcToComplete blocked ProfileSaver on HeapTrim for 68.894ms
09-07 06:12:59.958  2037  5599 D EGL_emulation: eglMakeCurrent: 0xa7a623a0: ver 2 0 (tinfo 0xba668ca0)
09-07 06:12:59.958  2434  2453 W System  : A resource failed to call release. 
