--------- beginning of main
09-07 06:12:37.558  1792  2272 E GnssHAL_GnssInterface: gnssSvStatusCb: a: input svInfo.flags is 8
09-07 06:12:37.558  1792  2272 E GnssHAL_GnssInterface: gnssSvStatusCb: b: input svInfo.flags is 8
09-07 06:12:37.658  9067  9353 I okhttp.OkHttpClient: <-- 200 http://www.981757-ca08998.tmweb.ru:8080/fmh/news (1085ms)
09-07 06:12:37.658  9067  9353 I okhttp.OkHttpClient: Vary: Origin
09-07 06:12:37.658  9067  9353 I okhttp.OkHttpClient: Vary: Access-Control-Request-Method
09-07 06:12:37.659  9067  9353 I okhttp.OkHttpClient: Vary: Access-Control-Request-Headers
09-07 06:12:37.660  9067  9353 I okhttp.OkHttpClient: X-Content-Type-Options: nosniff
09-07 06:12:37.661  9067  9353 I okhttp.OkHttpClient: X-XSS-Protection: 1; mode=block
09-07 06:12:37.664  9067  9353 I okhttp.OkHttpClient: Cache-Control: no-cache, no-store, max-age=0, must-revalidate
09-07 06:12:37.665  9067  9353 I okhttp.OkHttpClient: Pragma: no-cache
09-07 06:12:37.666  9067  9353 I okhttp.OkHttpClient: Expires: 0
09-07 06:12:37.666  9067  9353 I okhttp.OkHttpClient: X-Frame-Options: DENY
09-07 06:12:37.668  9067  9353 I okhttp.OkHttpClient: Content-Type: application/json
09-07 06:12:37.668  9067  9353 I okhttp.OkHttpClient: Transfer-Encoding: chunked
09-07 06:12:37.668  9067  9353 I okhttp.OkHttpClient: Date: Thu, 07 Sep 2023 06:12:37 GMT
09-07 06:12:37.669  9067  9353 I okhttp.OkHttpClient: Keep-Alive: timeout=60
09-07 06:12:37.670  9067  9353 I okhttp.OkHttpClient: Connection: keep-alive
09-07 06:12:37.672  9067  9353 I okhttp.OkHttpClient: {"id":6486,"newsCategoryId":1,"title":"Заголовок cd80fd64-1f98-42c7-a09f-aa5b96559de2","description":"Описание b00e3f75-fa8d-40f3-8c9a-ecebd8f2ebd9","creatorId":1,"createDate":1694056356,"publishDate":1694067120,"publishEnabled":true,"creatorName":"Ivanov Ivan Ivanovich"}
09-07 06:12:37.673  9067  9353 I okhttp.OkHttpClient: <-- END HTTP (289-byte body)
09-07 06:12:37.899  9067  9067 I ViewInteraction: Performing 'scroll RecyclerView to: holder with view: ((view is an instance of android.view.ViewGroup and has descendant matching an instance of android.widget.TextView and view.getText() with or without transformation to match: is "Заголовок cd80fd64-1f98-42c7-a09f-aa5b96559de2"))' action on view view.getId() is <2131231230/ru.iteco.fmhandroid:id/news_list_recycler_view>
09-07 06:12:38.402  9067  9067 I ViewInteraction: Checking 'MatchesViewAssertion{viewMatcher=(view has effective visibility <VISIBLE> and view.getGlobalVisibleRect() to return non-empty rectangle)}' assertion on view view.getId() is <2131231230/ru.iteco.fmhandroid:id/news_list_recycler_view>
09-07 06:12:38.417  9067  9067 I ViewInteraction: Performing 'single click' action on view (view.getId() is <2131231024/ru.iteco.fmhandroid:id/edit_news_item_image_view> and view.getParent() view.getParent() (view.getId() is <2131231215/ru.iteco.fmhandroid:id/news_item_material_card_view> and (view is an instance of android.view.ViewGroup and has child matching: (view is an instance of android.view.ViewGroup and has child matching: an instance of android.widget.TextView and view.getText() with or without transformation to match: is "Заголовок cd80fd64-1f98-42c7-a09f-aa5b96559de2"))))
09-07 06:12:38.534  2037  2065 E memtrack: Couldn't load memtrack module
09-07 06:12:38.534  2037  2065 W android.os.Debug: failed to get memory consumption info: -1
09-07 06:12:38.558  1792  2272 E GnssHAL_GnssInterface: gnssSvStatusCb: a: input svInfo.flags is 8
09-07 06:12:38.558  1792  2272 E GnssHAL_GnssInterface: gnssSvStatusCb: b: input svInfo.flags is 8
09-07 06:12:38.864  9067  9067 I ViewInteraction: Performing 'wait for a specific view with <view.getId() is <2131231204/ru.iteco.fmhandroid:id/news_item_category_text_auto_complete_text_view>> during 10000 millis.' action on view view.getRootView() to equal view
09-07 06:12:38.871  9067  9067 I ViewInteraction: Checking 'MatchesViewAssertion{viewMatcher=an instance of android.widget.TextView and view.getText() with or without transformation to match: is "Объявление"}' assertion on view view.getId() is <2131231204/ru.iteco.fmhandroid:id/news_item_category_text_auto_complete_text_view>
09-07 06:12:38.875  9067  9067 I ViewInteraction: Performing 'wait for a specific view with <view.getId() is <2131231227/ru.iteco.fmhandroid:id/news_item_title_text_input_edit_text>> during 10000 millis.' action on view view.getRootView() to equal view
09-07 06:12:38.881  9067  9067 I ViewInteraction: Checking 'MatchesViewAssertion{viewMatcher=an instance of android.widget.TextView and view.getText() with or without transformation to match: is "Заголовок cd80fd64-1f98-42c7-a09f-aa5b96559de2"}' assertion on view view.getId() is <2131231227/ru.iteco.fmhandroid:id/news_item_title_text_input_edit_text>
09-07 06:12:38.889  9067  9067 I ViewInteraction: Performing 'wait for a specific view with <view.getId() is <2131231211/ru.iteco.fmhandroid:id/news_item_description_text_input_edit_text>> during 10000 millis.' action on view view.getRootView() to equal view
09-07 06:12:38.897  9067  9067 I ViewInteraction: Checking 'MatchesViewAssertion{viewMatcher=an instance of android.widget.TextView and view.getText() with or without transformation to match: is "Описание b00e3f75-fa8d-40f3-8c9a-ecebd8f2ebd9"}' assertion on view view.getId() is <2131231211/ru.iteco.fmhandroid:id/news_item_description_text_input_edit_text>
09-07 06:12:38.905  9067  9067 I ViewInteraction: Performing 'wait for a specific view with <view.getId() is <2131231291/ru.iteco.fmhandroid:id/save_button>> during 10000 millis.' action on view view.getRootView() to equal view
09-07 06:12:38.914  9067  9067 I ViewInteraction: Checking 'MatchesViewAssertion{viewMatcher=(view has effective visibility <VISIBLE> and view.getGlobalVisibleRect() to return non-empty rectangle)}' assertion on view view.getId() is <2131231291/ru.iteco.fmhandroid:id/save_button>
09-07 06:12:38.919  9067  9067 I ViewInteraction: Performing 'wait for a specific view with <view.getId() is <2131230890/ru.iteco.fmhandroid:id/cancel_button>> during 10000 millis.' action on view view.getRootView() to equal view
09-07 06:12:38.928  9067  9067 I ViewInteraction: Checking 'MatchesViewAssertion{viewMatcher=(view has effective visibility <VISIBLE> and view.getGlobalVisibleRect() to return non-empty rectangle)}' assertion on view view.getId() is <2131230890/ru.iteco.fmhandroid:id/cancel_button>
09-07 06:12:38.936  9067  9067 I ViewInteraction: Performing 'wait for a specific view with <view.getId() is <2131231361/ru.iteco.fmhandroid:id/switcher>> during 10000 millis.' action on view view.getRootView() to equal view
09-07 06:12:38.941  9067  9067 I ViewInteraction: Checking 'MatchesViewAssertion{viewMatcher=(view has effective visibility <VISIBLE> and view.getGlobalVisibleRect() to return non-empty rectangle)}' assertion on view view.getId() is <2131231361/ru.iteco.fmhandroid:id/switcher>
09-07 06:12:38.951  9067  9067 I ViewInteraction: Performing 'send keyCode: 4, metaState: 0 key event' action on view view.getRootView() to equal view
09-07 06:12:39.182  9067  9067 I KeyEventActionBase: Back was pressed but there was no Activity stage transition in 150ms. Pressing back may trigger an activity stage transition if the activity is finished as a result. However, the activity may handle the back behavior in any number of other ways internally as well, such as popping the fragment back stack, dismissing a dialog, otherwise manually transacting fragments, etc.
--------- beginning of system
09-07 06:12:39.190  2037  6424 I ActivityTaskManager: START u0 {act=android.intent.action.MAIN cat=[android.intent.category.LAUNCHER] flg=0x10000000 cmp=ru.iteco.fmhandroid.test/androidx.test.core.app.InstrumentationActivityInvoker$EmptyActivity} from uid 10136
09-07 06:12:39.198  9067  9067 D LifecycleMonitor: Lifecycle status change: ru.iteco.fmhandroid.ui.AppActivity@f393913 in: PAUSED
09-07 06:12:39.198  9067  9067 V ActivityScenario: Update currentActivityStage to PAUSED, currentActivity=ru.iteco.fmhandroid.ui.AppActivity@f393913
09-07 06:12:39.201  2037  2903 W InputReader: Device has associated, but no associated display id.
09-07 06:12:39.204  2037  2903 I chatty  : uid=1000(system) Binder:2037_C identical 48 lines
09-07 06:12:39.204  2037  2903 W InputReader: Device has associated, but no associated display id.
09-07 06:12:39.206  9256  9256 W ActivityThread: handleWindowVisibility: no activity for token android.os.BinderProxy@45b3317
09-07 06:12:39.219  9067  9230 V FA      : Recording user engagement, ms: 21369
09-07 06:12:39.258  2037  2903 I ActivityTaskManager: START u0 {act=android.intent.action.MAIN cat=[android.intent.category.LAUNCHER] flg=0x10000000 cmp=ru.iteco.fmhandroid.test/androidx.test.core.app.InstrumentationActivityInvoker$EmptyActivity} from uid 10136
09-07 06:12:39.272  1793  1793 D gralloc_ranchu: gralloc_alloc: Creating ashmem region of size 9850880
09-07 06:12:39.289  1793  1793 D gralloc_ranchu: gralloc_alloc: Creating ashmem region of size 9850880
09-07 06:12:39.293  9256  9290 D EGL_emulation: eglMakeCurrent: 0xda21a240: ver 2 0 (tinfo 0xda20f0a0)
09-07 06:12:39.301  1793  1793 D gralloc_ranchu: gralloc_alloc: Creating ashmem region of size 9850880
09-07 06:12:39.330  2037  6130 W InputReader: Device has associated, but no associated display id.
09-07 06:12:39.334  2037  6130 I chatty  : uid=1000(system) Binder:2037_1A identical 48 lines
09-07 06:12:39.334  2037  6130 W InputReader: Device has associated, but no associated display id.
09-07 06:12:39.362  9256  9256 W ActivityThread: handleWindowVisibility: no activity for token android.os.BinderProxy@ca06646
09-07 06:12:39.369  9067  9230 V FA      : Connecting to remote service
09-07 06:12:39.380  7867  7867 D BoundBrokerSvc: onBind: Intent { act=com.google.android.gms.measurement.START pkg=com.google.android.gms }
09-07 06:12:39.380  7867  7867 D BoundBrokerSvc: Loading bound service for intent: Intent { act=com.google.android.gms.measurement.START pkg=com.google.android.gms }
09-07 06:12:39.384  9067  9230 V FA      : Connection attempt already in progress
09-07 06:12:39.384  9067  9230 V FA      : Activity paused, time: 9703928
09-07 06:12:39.396  9067  9230 D FA      : Connected to remote service
09-07 06:12:39.396  9067  9230 V FA      : Processing queued up service tasks: 2
09-07 06:12:39.400  2037  6130 W ActivityTaskManager: Duplicate finish request for ActivityRecord{13edc59 u0 ru.iteco.fmhandroid/.ui.AppActivity t885 f}
09-07 06:12:39.424  1793  1793 D gralloc_ranchu: gralloc_alloc: Creating ashmem region of size 9850880
09-07 06:12:39.426  7867  9246 V FA-SVC  : Logging event: origin=auto,name=user_engagement(_e),params=Bundle[{ga_event_origin(_o)=auto, engagement_time_msec(_et)=21369, ga_screen_class(_sc)=AppActivity, ga_screen_id(_si)=5099809632112841107}]
09-07 06:12:39.433  1793  1793 D gralloc_ranchu: gralloc_alloc: Creating ashmem region of size 9850880
09-07 06:12:39.436  9256  9290 D EGL_emulation: eglMakeCurrent: 0xda21a240: ver 2 0 (tinfo 0xda20f0a0)
09-07 06:12:39.457  1793  1793 D gralloc_ranchu: gralloc_alloc: Creating ashmem region of size 9850880
09-07 06:12:39.460  2037  2061 W InputReader: Device has associated, but no associated display id.
09-07 06:12:39.462  2037  2061 I chatty  : uid=1000(system) android.anim identical 18 lines
09-07 06:12:39.462  2037  2061 W InputReader: Device has associated, but no associated display id.
09-07 06:12:39.467  2037  2065 I ActivityTaskManager: Displayed ru.iteco.fmhandroid.test/androidx.test.core.app.InstrumentationActivityInvoker$EmptyActivity: +128ms
09-07 06:12:39.467  2037  6424 W InputReader: Device has associated, but no associated display id.
09-07 06:12:39.468  2037  6424 I chatty  : uid=1000(system) Binder:2037_1B identical 8 lines
09-07 06:12:39.468  2037  6424 W InputReader: Device has associated, but no associated display id.
09-07 06:12:39.474  9067  9293 D EGL_emulation: eglMakeCurrent: 0xda21a9c0: ver 2 0 (tinfo 0xda20fc10)
09-07 06:12:39.508  2037  2903 W InputReader: Device has associated, but no associated display id.
09-07 06:12:39.509  2037  2903 I chatty  : uid=1000(system) Binder:2037_C identical 28 lines
09-07 06:12:39.509  2037  2903 W InputReader: Device has associated, but no associated display id.
09-07 06:12:39.511  1823  1823 W SurfaceFlinger: couldn't log to binary event log: overflow.
09-07 06:12:39.522  9067  9067 D LifecycleMonitor: Lifecycle status change: ru.iteco.fmhandroid.ui.AppActivity@f393913 in: STOPPED
09-07 06:12:39.523  9067  9067 V ActivityScenario: Update currentActivityStage to STOPPED, currentActivity=ru.iteco.fmhandroid.ui.AppActivity@f393913
09-07 06:12:39.528  9067  9329 I okhttp.OkHttpClient: <-- HTTP FAILED: java.net.SocketException: Socket closed
09-07 06:12:39.528  9067  9067 W System.err: ru.iteco.fmhandroid.exceptions.UnknownException
09-07 06:12:39.528  9067  9067 W System.err: 	at ru.iteco.fmhandroid.utils.Utils.makeRequest(Utils.kt:123)
09-07 06:12:39.528  9067  9067 W System.err: 	at ru.iteco.fmhandroid.utils.Utils$makeRequest$1.invokeSuspend(Unknown Source:15)
09-07 06:12:39.528  9067  9067 W System.err: 	at kotlin.coroutines.jvm.internal.BaseContinuationImpl.resumeWith(ContinuationImpl.kt:33)
09-07 06:12:39.528  9067  9067 W System.err: 	at kotlinx.coroutines.DispatchedTaskKt.resume(DispatchedTask.kt:234)
09-07 06:12:39.528  9067  9067 W System.err: 	at kotlinx.coroutines.DispatchedTaskKt.resumeUnconfined(DispatchedTask.kt:190)
09-07 06:12:39.528  9067  9067 W System.err: 	at kotlinx.coroutines.DispatchedTaskKt.dispatch(DispatchedTask.kt:161)
09-07 06:12:39.528  9067  9067 W System.err: 	at kotlinx.coroutines.CancellableContinuationImpl.dispatchResume(CancellableContinuationImpl.kt:397)
09-07 06:12:39.528  9067  9067 W System.err: 	at kotlinx.coroutines.CancellableContinuationImpl.cancel(CancellableContinuationImpl.kt:183)
09-07 06:12:39.528  9067  9067 W System.err: 	at kotlinx.coroutines.CancellableContinuationImpl.parentCancelled$kotlinx_coroutines_core(CancellableContinuationImpl.kt:190)
09-07 06:12:39.528  9067  9067 W System.err: 	at kotlinx.coroutines.ChildContinuation.invoke(JobSupport.kt:1474)
09-07 06:12:39.528  9067  9067 W System.err: 	at kotlinx.coroutines.JobSupport.notifyCancelling(JobSupport.kt:1499)
09-07 06:12:39.528  9067  9067 W System.err: 	at kotlinx.coroutines.JobSupport.tryMakeCancelling(JobSupport.kt:795)
09-07 06:12:39.528  9067  9067 W System.err: 	at kotlinx.coroutines.JobSupport.makeCancelling(JobSupport.kt:755)
09-07 06:12:39.528  9067  9067 W System.err: 	at kotlinx.coroutines.JobSupport.cancelImpl$kotlinx_coroutines_core(JobSupport.kt:671)
09-07 06:12:39.528  9067  9067 W System.err: 	at kotlinx.coroutines.JobSupport.parentCancelled(JobSupport.kt:637)
09-07 06:12:39.528  9067  9067 W System.err: 	at kotlinx.coroutines.ChildHandleNode.invoke(JobSupport.kt:1465)
09-07 06:12:39.529  9067  9067 W System.err: 	at kotlinx.coroutines.JobSupport.notifyCancelling(JobSupport.kt:1499)
09-07 06:12:39.529  9067  9067 W System.err: 	at kotlinx.coroutines.JobSupport.tryMakeCompletingSlowPath(JobSupport.kt:900)
09-07 06:12:39.529  9067  9067 W System.err: 	at kotlinx.coroutines.JobSupport.tryMakeCompleting(JobSupport.kt:863)
09-07 06:12:39.529  9067  9067 W System.err: 	at kotlinx.coroutines.JobSupport.cancelMakeCompleting(JobSupport.kt:696)
09-07 06:12:39.529  9067  9067 W System.err: 	at kotlinx.coroutines.JobSupport.cancelImpl$kotlinx_coroutines_core(JobSupport.kt:667)
09-07 06:12:39.529  9067  9067 W System.err: 	at kotlinx.coroutines.JobSupport.cancelInternal(JobSupport.kt:632)
09-07 06:12:39.529  9067  9067 W System.err: 	at kotlinx.coroutines.JobSupport.cancel(JobSupport.kt:617)
09-07 06:12:39.529  9067  9067 W System.err: 	at kotlinx.coroutines.JobKt__JobKt.cancel(Job.kt:561)
09-07 06:12:39.529  9067  9067 W System.err: 	at kotlinx.coroutines.JobKt.cancel(Unknown Source:1)
09-07 06:12:39.529  9067  9067 W System.err: 	at kotlinx.coroutines.JobKt__JobKt.cancel$default(Job.kt:560)
09-07 06:12:39.529  9067  9067 W System.err: 	at kotlinx.coroutines.JobKt.cancel$default(Unknown Source:1)
09-07 06:12:39.529  9067  9067 W System.err: 	at androidx.lifecycle.CloseableCoroutineScope.close(ViewModel.kt:51)
09-07 06:12:39.529  9067  9067 W System.err: 	at androidx.lifecycle.ViewModel.closeWithRuntimeException(ViewModel.java:188)
09-07 06:12:39.529  9067  9067 W System.err: 	at androidx.lifecycle.ViewModel.clear(ViewModel.java:134)
09-07 06:12:39.529  9067  9067 W System.err: 	at androidx.lifecycle.ViewModelStore.clear(ViewModelStore.java:62)
09-07 06:12:39.529  9067  9067 W System.err: 	at androidx.fragment.app.FragmentManagerViewModel.clearNonConfigStateInternal(FragmentManagerViewModel.java:210)
09-07 06:12:39.529  9067  9067 W System.err: 	at androidx.fragment.app.FragmentManagerViewModel.clearNonConfigState(FragmentManagerViewModel.java:190)
09-07 06:12:39.529  9067  9067 W System.err: 	at androidx.fragment.app.FragmentStateManager.destroy(FragmentStateManager.java:778)
09-07 06:12:39.529  9067  9067 W System.err: 	at androidx.fragment.app.FragmentStateManager.moveToExpectedState(FragmentStateManager.java:335)
09-07 06:12:39.529  9067  9067 W System.err: 	at androidx.fragment.app.FragmentStore.moveToExpectedState(FragmentStore.java:113)
09-07 06:12:39.529  9067  9067 W System.err: 	at androidx.fragment.app.FragmentManager.moveToState(FragmentManager.java:1374)
09-07 06:12:39.529  9067  9067 W System.err: 	at androidx.fragment.app.FragmentManager.dispatchStateChange(FragmentManager.java:2841)
09-07 06:12:39.529  9067  9067 W System.err: 	at androidx.fragment.app.FragmentManager.dispatchDestroy(FragmentManager.java:2820)
09-07 06:12:39.529  9067  9067 W System.err: 	at androidx.fragment.app.Fragment.performDestroy(Fragment.java:3246)
09-07 06:12:39.529  9067  9067 W System.err: 	at androidx.fragment.app.FragmentStateManager.destroy(FragmentStateManager.java:780)
09-07 06:12:39.529  9067  9067 W System.err: 	at androidx.fragment.app.FragmentStateManager.moveToExpectedState(FragmentStateManager.java:335)
09-07 06:12:39.529  9067  9067 W System.err: 	at androidx.fragment.app.SpecialEffectsController$FragmentStateManagerOperation.complete(SpecialEffectsController.java:771)
09-07 06:12:39.529  9067  9067 W System.err: 	at androidx.fragment.app.SpecialEffectsController$Operation.cancel(SpecialEffectsController.java:615)
09-07 06:12:39.529  9067  9067 W System.err: 	at androidx.fragment.app.SpecialEffectsController.forceCompleteAllOperations(SpecialEffectsController.java:350)
09-07 06:12:39.529  9067  9067 W System.err: 	at androidx.fragment.app.FragmentManager.dispatchStateChange(FragmentManager.java:2844)
09-07 06:12:39.529  9067  9067 W System.err: 	at androidx.fragment.app.FragmentManager.dispatchDestroy(FragmentManager.java:2820)
09-07 06:12:39.529  9067  9067 W System.err: 	at androidx.fragment.app.FragmentController.dispatchDestroy(FragmentController.java:345)
09-07 06:12:39.529  9067  9067 W System.err: 	at androidx.fragment.app.FragmentActivity.onDestroy(FragmentActivity.java:306)
09-07 06:12:39.529  9067  9067 W System.err: 	at androidx.appcompat.app.AppCompatActivity.onDestroy(AppCompatActivity.java:278)
09-07 06:12:39.530  9067  9067 W System.err: 	at android.app.Activity.performDestroy(Activity.java:8048)
09-07 06:12:39.530  9067  9067 W System.err: 	at android.app.Instrumentation.callActivityOnDestroy(Instrumentation.java:1334)
09-07 06:12:39.530  9067  9067 W System.err: 	at androidx.test.runner.MonitoringInstrumentation.callActivityOnDestroy(MonitoringInstrumentation.java:766)
09-07 06:12:39.530  9067  9067 W System.err: 	at android.app.ActivityThread.performDestroyActivity(ActivityThread.java:4926)
09-07 06:12:39.533  9067  9067 W System.err: 	at android.app.ActivityThread.handleDestroyActivity(ActivityThread.java:4970)
09-07 06:12:39.533  9067  9067 W System.err: 	at android.app.servertransaction.DestroyActivityItem.execute(DestroyActivityItem.java:44)
09-07 06:12:39.533  9067  9067 W System.err: 	at android.app.servertransaction.TransactionExecutor.executeLifecycleState(TransactionExecutor.java:176)
09-07 06:12:39.533  9067  9067 W System.err: 	at android.app.servertransaction.TransactionExecutor.execute(TransactionExecutor.java:97)
09-07 06:12:39.533  9067  9067 W System.err: 	at android.app.ActivityThread$H.handleMessage(ActivityThread.java:2016)
09-07 06:12:39.533  9067  9067 W System.err: 	at android.os.Handler.dispatchMessage(Handler.java:107)
09-07 06:12:39.533  9067  9067 W System.err: 	at android.os.Looper.loop(Looper.java:214)
09-07 06:12:39.533  9067  9067 W System.err: 	at android.app.ActivityThread.main(ActivityThread.java:7356)
09-07 06:12:39.533  9067  9067 W System.err: 	at java.lang.reflect.Method.invoke(Native Method)
09-07 06:12:39.533  9067  9067 W System.err: 	at com.android.internal.os.RuntimeInit$MethodAndArgsCaller.run(RuntimeInit.java:492)
09-07 06:12:39.533  9067  9067 W System.err: 	at com.android.internal.os.ZygoteInit.main(ZygoteInit.java:930)
09-07 06:12:39.543  9067  9067 W System.err: ru.iteco.fmhandroid.exceptions.UnknownException
09-07 06:12:39.547  9067  9067 W System.err: 	at ru.iteco.fmhandroid.utils.Utils.makeRequest(Utils.kt:123)
09-07 06:12:39.547  9067  9067 W System.err: 	at ru.iteco.fmhandroid.utils.Utils$makeRequest$1.invokeSuspend(Unknown Source:15)
09-07 06:12:39.547  9067  9067 W System.err: 	at kotlin.coroutines.jvm.internal.BaseContinuationImpl.resumeWith(ContinuationImpl.kt:33)
09-07 06:12:39.547  9067  9067 W System.err: 	at kotlinx.coroutines.DispatchedTaskKt.resume(DispatchedTask.kt:234)
09-07 06:12:39.549  2037  2037 W ActivityManager: Unable to start service Intent { act=android.service.appprediction.AppPredictionService cmp=com.google.android.as/com.google.android.apps.miphone.aiai.app.AiAiPredictionService } U=0: not found
09-07 06:12:39.549  2037  2037 W RemoteAppPredictionService: could not bind to Intent { act=android.service.appprediction.AppPredictionService cmp=com.google.android.as/com.google.android.apps.miphone.aiai.app.AiAiPredictionService } using flags 67108865
09-07 06:12:39.550  9067  9067 W System.err: 	at kotlinx.coroutines.DispatchedTaskKt.resumeUnconfined(DispatchedTask.kt:190)
09-07 06:12:39.551  9067  9067 W System.err: 	at kotlinx.coroutines.DispatchedTaskKt.dispatch(DispatchedTask.kt:161)
09-07 06:12:39.551  9067  9067 W System.err: 	at kotlinx.coroutines.CancellableContinuationImpl.dispatchResume(CancellableContinuationImpl.kt:397)
09-07 06:12:39.551  9067  9067 W System.err: 	at kotlinx.coroutines.CancellableContinuationImpl.cancel(CancellableContinuationImpl.kt:183)
09-07 06:12:39.551  9067  9067 W System.err: 	at kotlinx.coroutines.CancellableContinuationImpl.parentCancelled$kotlinx_coroutines_core(CancellableContinuationImpl.kt:190)
09-07 06:12:39.551  9067  9067 W System.err: 	at kotlinx.coroutines.ChildContinuation.invoke(JobSupport.kt:1474)
09-07 06:12:39.551  9067  9067 W System.err: 	at kotlinx.coroutines.JobSupport.notifyCancelling(JobSupport.kt:1499)
09-07 06:12:39.552  9067  9067 W System.err: 	at kotlinx.coroutines.JobSupport.tryMakeCancelling(JobSupport.kt:795)
09-07 06:12:39.552  9067  9067 W System.err: 	at kotlinx.coroutines.JobSupport.makeCancelling(JobSupport.kt:755)
09-07 06:12:39.552  9067  9067 W System.err: 	at kotlinx.coroutines.JobSupport.cancelImpl$kotlinx_coroutines_core(JobSupport.kt:671)
09-07 06:12:39.552  9067  9067 W System.err: 	at kotlinx.coroutines.JobSupport.parentCancelled(JobSupport.kt:637)
09-07 06:12:39.552  9067  9067 W System.err: 	at kotlinx.coroutines.ChildHandleNode.invoke(JobSupport.kt:1465)
09-07 06:12:39.552  9067  9067 W System.err: 	at kotlinx.coroutines.JobSupport.notifyCancelling(JobSupport.kt:1499)
09-07 06:12:39.552  9067  9067 W System.err: 	at kotlinx.coroutines.JobSupport.tryMakeCompletingSlowPath(JobSupport.kt:900)
09-07 06:12:39.552  9067  9067 W System.err: 	at kotlinx.coroutines.JobSupport.tryMakeCompleting(JobSupport.kt:863)
09-07 06:12:39.553  9067  9067 W System.err: 	at kotlinx.coroutines.JobSupport.cancelMakeCompleting(JobSupport.kt:696)
09-07 06:12:39.553  9067  9067 W System.err: 	at kotlinx.coroutines.JobSupport.cancelImpl$kotlinx_coroutines_core(JobSupport.kt:667)
09-07 06:12:39.553  9067  9067 W System.err: 	at kotlinx.coroutines.JobSupport.cancelInternal(JobSupport.kt:632)
09-07 06:12:39.553  9067  9067 W System.err: 	at kotlinx.coroutines.JobSupport.cancel(JobSupport.kt:617)
09-07 06:12:39.553  9067  9067 W System.err: 	at kotlinx.coroutines.JobKt__JobKt.cancel(Job.kt:561)
09-07 06:12:39.553  9067  9067 W System.err: 	at kotlinx.coroutines.JobKt.cancel(Unknown Source:1)
09-07 06:12:39.553  9067  9067 W System.err: 	at kotlinx.coroutines.JobKt__JobKt.cancel$default(Job.kt:560)
09-07 06:12:39.553  9067  9067 W System.err: 	at kotlinx.coroutines.JobKt.cancel$default(Unknown Source:1)
09-07 06:12:39.553  9067  9067 W System.err: 	at androidx.lifecycle.CloseableCoroutineScope.close(ViewModel.kt:51)
09-07 06:12:39.553  9067  9067 W System.err: 	at androidx.lifecycle.ViewModel.closeWithRuntimeException(ViewModel.java:188)
09-07 06:12:39.554  9067  9067 W System.err: 	at androidx.lifecycle.ViewModel.clear(ViewModel.java:134)
09-07 06:12:39.554  9067  9333 I okhttp.OkHttpClient: <-- HTTP FAILED: java.io.IOException: Canceled
09-07 06:12:39.555  9067  9067 W System.err: 	at androidx.lifecycle.ViewModelStore.clear(ViewModelStore.java:62)
09-07 06:12:39.555  9067  9067 W System.err: 	at androidx.fragment.app.FragmentManagerViewModel.clearNonConfigStateInternal(FragmentManagerViewModel.java:210)
09-07 06:12:39.555  9067  9067 W System.err: 	at androidx.fragment.app.FragmentManagerViewModel.clearNonConfigState(FragmentManagerViewModel.java:190)
09-07 06:12:39.555  9067  9067 W System.err: 	at androidx.fragment.app.FragmentStateManager.destroy(FragmentStateManager.java:778)
09-07 06:12:39.555  9067  9067 W System.err: 	at androidx.fragment.app.FragmentStateManager.moveToExpectedState(FragmentStateManager.java:335)
09-07 06:12:39.555  9067  9067 W System.err: 	at androidx.fragment.app.FragmentStore.moveToExpectedState(FragmentStore.java:113)
09-07 06:12:39.555  9067  9067 W System.err: 	at androidx.fragment.app.FragmentManager.moveToState(FragmentManager.java:1374)
09-07 06:12:39.555  9067  9067 W System.err: 	at androidx.fragment.app.FragmentManager.dispatchStateChange(FragmentManager.java:2841)
09-07 06:12:39.555  9067  9067 W System.err: 	at androidx.fragment.app.FragmentManager.dispatchDestroy(FragmentManager.java:2820)
09-07 06:12:39.555  9067  9067 W System.err: 	at androidx.fragment.app.Fragment.performDestroy(Fragment.java:3246)
09-07 06:12:39.555  9067  9067 W System.err: 	at androidx.fragment.app.FragmentStateManager.destroy(FragmentStateManager.java:780)
09-07 06:12:39.556  9067  9067 W System.err: 	at androidx.fragment.app.FragmentStateManager.moveToExpectedState(FragmentStateManager.java:335)
09-07 06:12:39.556  9067  9067 W System.err: 	at androidx.fragment.app.SpecialEffectsController$FragmentStateManagerOperation.complete(SpecialEffectsController.java:771)
09-07 06:12:39.556  9067  9067 W System.err: 	at androidx.fragment.app.SpecialEffectsController$Operation.cancel(SpecialEffectsController.java:615)
09-07 06:12:39.556  9067  9067 W System.err: 	at androidx.fragment.app.SpecialEffectsController.forceCompleteAllOperations(SpecialEffectsController.java:350)
09-07 06:12:39.556  9067  9067 W System.err: 	at androidx.fragment.app.FragmentManager.dispatchStateChange(FragmentManager.java:2844)
09-07 06:12:39.556  9067  9067 W System.err: 	at androidx.fragment.app.FragmentManager.dispatchDestroy(FragmentManager.java:2820)
09-07 06:12:39.556  9067  9067 W System.err: 	at androidx.fragment.app.FragmentController.dispatchDestroy(FragmentController.java:345)
09-07 06:12:39.556  9067  9067 W System.err: 	at androidx.fragment.app.FragmentActivity.onDestroy(FragmentActivity.java:306)
09-07 06:12:39.556  9067  9067 W System.err: 	at androidx.appcompat.app.AppCompatActivity.onDestroy(AppCompatActivity.java:278)
09-07 06:12:39.556  9067  9067 W System.err: 	at android.app.Activity.performDestroy(Activity.java:8048)
09-07 06:12:39.556  9067  9067 W System.err: 	at android.app.Instrumentation.callActivityOnDestroy(Instrumentation.java:1334)
09-07 06:12:39.556  9067  9067 W System.err: 	at androidx.test.runner.MonitoringInstrumentation.callActivityOnDestroy(MonitoringInstrumentation.java:766)
09-07 06:12:39.557  9067  9067 W System.err: 	at android.app.ActivityThread.performDestroyActivity(ActivityThread.java:4926)
09-07 06:12:39.557  9067  9067 W System.err: 	at android.app.ActivityThread.handleDestroyActivity(ActivityThread.java:4970)
09-07 06:12:39.557  9067  9067 W System.err: 	at android.app.servertransaction.DestroyActivityItem.execute(DestroyActivityItem.java:44)
09-07 06:12:39.559  9067  9067 W System.err: 	at android.app.servertransaction.TransactionExecutor.executeLifecycleState(TransactionExecutor.java:176)
09-07 06:12:39.559  9067  9067 W System.err: 	at android.app.servertransaction.TransactionExecutor.execute(TransactionExecutor.java:97)
09-07 06:12:39.559  9067  9067 W System.err: 	at android.app.ActivityThread$H.handleMessage(ActivityThread.java:2016)
09-07 06:12:39.559  9067  9067 W System.err: 	at android.os.Handler.dispatchMessage(Handler.java:107)
09-07 06:12:39.559  9067  9067 W System.err: 	at android.os.Looper.loop(Looper.java:214)
09-07 06:12:39.559  9067  9067 W System.err: 	at android.app.ActivityThread.main(ActivityThread.java:7356)
09-07 06:12:39.559  9067  9067 W System.err: 	at java.lang.reflect.Method.invoke(Native Method)
09-07 06:12:39.559  9067  9067 W System.err: 	at com.android.internal.os.RuntimeInit$MethodAndArgsCaller.run(RuntimeInit.java:492)
09-07 06:12:39.559  9067  9067 W System.err: 	at com.android.internal.os.ZygoteInit.main(ZygoteInit.java:930)
09-07 06:12:39.559  1793  1793 D gralloc_ranchu: gralloc_alloc: Creating ashmem region of size 9850880
09-07 06:12:39.560  9067  9067 W System.err: ru.iteco.fmhandroid.exceptions.UnknownException
09-07 06:12:39.560  9067  9067 W System.err: 	at ru.iteco.fmhandroid.utils.Utils.makeRequest(Utils.kt:123)
09-07 06:12:39.560  9067  9067 W System.err: 	at ru.iteco.fmhandroid.utils.Utils$makeRequest$1.invokeSuspend(Unknown Source:15)
09-07 06:12:39.560  9067  9067 W System.err: 	at kotlin.coroutines.jvm.internal.BaseContinuationImpl.resumeWith(ContinuationImpl.kt:33)
09-07 06:12:39.560  9067  9067 W System.err: 	at kotlinx.coroutines.DispatchedTaskKt.resume(DispatchedTask.kt:234)
09-07 06:12:39.560  9067  9067 W System.err: 	at kotlinx.coroutines.DispatchedTaskKt.resumeUnconfined(DispatchedTask.kt:190)
09-07 06:12:39.560  9067  9067 W System.err: 	at kotlinx.coroutines.DispatchedTaskKt.dispatch(DispatchedTask.kt:161)
09-07 06:12:39.560  9067  9067 W System.err: 	at kotlinx.coroutines.CancellableContinuationImpl.dispatchResume(CancellableContinuationImpl.kt:397)
09-07 06:12:39.561  1792  2272 E GnssHAL_GnssInterface: gnssSvStatusCb: a: input svInfo.flags is 8
09-07 06:12:39.561  1792  2272 E GnssHAL_GnssInterface: gnssSvStatusCb: b: input svInfo.flags is 8
09-07 06:12:39.560  9067  9067 W System.err: 	at kotlinx.coroutines.CancellableContinuationImpl.cancel(CancellableContinuationImpl.kt:183)
09-07 06:12:39.574  9067  9322 I okhttp.OkHttpClient: <-- HTTP FAILED: java.net.SocketException: Socket closed
09-07 06:12:39.578  9067  9067 W System.err: 	at kotlinx.coroutines.CancellableContinuationImpl.parentCancelled$kotlinx_coroutines_core(CancellableContinuationImpl.kt:190)
09-07 06:12:39.578  9067  9067 W System.err: 	at kotlinx.coroutines.ChildContinuation.invoke(JobSupport.kt:1474)
09-07 06:12:39.578  9067  9067 W System.err: 	at kotlinx.coroutines.JobSupport.notifyCancelling(JobSupport.kt:1499)
09-07 06:12:39.578  9067  9067 W System.err: 	at kotlinx.coroutines.JobSupport.tryMakeCancelling(JobSupport.kt:795)
09-07 06:12:39.578  9067  9067 W System.err: 	at kotlinx.coroutines.JobSupport.makeCancelling(JobSupport.kt:755)
09-07 06:12:39.579  1793  1793 D gralloc_ranchu: gralloc_alloc: Creating ashmem region of size 9850880
09-07 06:12:39.585  9067  9067 W System.err: 	at kotlinx.coroutines.JobSupport.cancelImpl$kotlinx_coroutines_core(JobSupport.kt:671)
09-07 06:12:39.585  9067  9067 W System.err: 	at kotlinx.coroutines.JobSupport.parentCancelled(JobSupport.kt:637)
09-07 06:12:39.585  9067  9067 W System.err: 	at kotlinx.coroutines.ChildHandleNode.invoke(JobSupport.kt:1465)
09-07 06:12:39.585  9067  9067 W System.err: 	at kotlinx.coroutines.JobSupport.notifyCancelling(JobSupport.kt:1499)
09-07 06:12:39.585  9067  9067 W System.err: 	at kotlinx.coroutines.JobSupport.tryMakeCompletingSlowPath(JobSupport.kt:900)
09-07 06:12:39.585  9067  9067 W System.err: 	at kotlinx.coroutines.JobSupport.tryMakeCompleting(JobSupport.kt:863)
09-07 06:12:39.585  9067  9067 W System.err: 	at kotlinx.coroutines.JobSupport.cancelMakeCompleting(JobSupport.kt:696)
09-07 06:12:39.585  9067  9067 W System.err: 	at kotlinx.coroutines.JobSupport.cancelImpl$kotlinx_coroutines_core(JobSupport.kt:667)
09-07 06:12:39.585  9067  9067 W System.err: 	at kotlinx.coroutines.JobSupport.cancelInternal(JobSupport.kt:632)
09-07 06:12:39.585  9067  9067 W System.err: 	at kotlinx.coroutines.JobSupport.cancel(JobSupport.kt:617)
09-07 06:12:39.585  9067  9067 W System.err: 	at kotlinx.coroutines.JobKt__JobKt.cancel(Job.kt:561)
09-07 06:12:39.585  9067  9067 W System.err: 	at kotlinx.coroutines.JobKt.cancel(Unknown Source:1)
09-07 06:12:39.585  9067  9067 W System.err: 	at kotlinx.coroutines.JobKt__JobKt.cancel$default(Job.kt:560)
09-07 06:12:39.585  9067  9067 W System.err: 	at kotlinx.coroutines.JobKt.cancel$default(Unknown Source:1)
09-07 06:12:39.585  9067  9067 W System.err: 	at androidx.lifecycle.CloseableCoroutineScope.close(ViewModel.kt:51)
09-07 06:12:39.585  9067  9067 W System.err: 	at androidx.lifecycle.ViewModel.closeWithRuntimeException(ViewModel.java:188)
09-07 06:12:39.585  9067  9067 W System.err: 	at androidx.lifecycle.ViewModel.clear(ViewModel.java:134)
09-07 06:12:39.585  9067  9067 W System.err: 	at androidx.lifecycle.ViewModelStore.clear(ViewModelStore.java:62)
09-07 06:12:39.585  9067  9067 W System.err: 	at androidx.fragment.app.FragmentManagerViewModel.clearNonConfigStateInternal(FragmentManagerViewModel.java:210)
09-07 06:12:39.586  9067  9067 W System.err: 	at androidx.fragment.app.FragmentManagerViewModel.clearNonConfigState(FragmentManagerViewModel.java:190)
09-07 06:12:39.586  9067  9067 W System.err: 	at androidx.fragment.app.FragmentStateManager.destroy(FragmentStateManager.java:778)
09-07 06:12:39.586  9067  9067 W System.err: 	at androidx.fragment.app.FragmentStateManager.moveToExpectedState(FragmentStateManager.java:335)
09-07 06:12:39.591  9067  9067 W System.err: 	at androidx.fragment.app.FragmentStore.moveToExpectedState(FragmentStore.java:113)
09-07 06:12:39.591  9067  9067 W System.err: 	at androidx.fragment.app.FragmentManager.moveToState(FragmentManager.java:1374)
09-07 06:12:39.592  1793  1793 D gralloc_ranchu: gralloc_alloc: Creating ashmem region of size 9850880
09-07 06:12:39.592  9067  9067 W System.err: 	at androidx.fragment.app.FragmentManager.dispatchStateChange(FragmentManager.java:2841)
09-07 06:12:39.592  9067  9067 W System.err: 	at androidx.fragment.app.FragmentManager.dispatchDestroy(FragmentManager.java:2820)
09-07 06:12:39.592  9067  9067 W System.err: 	at androidx.fragment.app.Fragment.performDestroy(Fragment.java:3246)
09-07 06:12:39.592  9067  9067 W System.err: 	at androidx.fragment.app.FragmentStateManager.destroy(FragmentStateManager.java:780)
09-07 06:12:39.592  9067  9067 W System.err: 	at androidx.fragment.app.FragmentStateManager.moveToExpectedState(FragmentStateManager.java:335)
09-07 06:12:39.592  9067  9067 W System.err: 	at androidx.fragment.app.SpecialEffectsController$FragmentStateManagerOperation.complete(SpecialEffectsController.java:771)
09-07 06:12:39.593  9067  9067 W System.err: 	at androidx.fragment.app.SpecialEffectsController$Operation.cancel(SpecialEffectsController.java:615)
09-07 06:12:39.593  9067  9067 W System.err: 	at androidx.fragment.app.SpecialEffectsController.forceCompleteAllOperations(SpecialEffectsController.java:350)
09-07 06:12:39.593  9067  9067 W System.err: 	at androidx.fragment.app.FragmentManager.dispatchStateChange(FragmentManager.java:2844)
09-07 06:12:39.593  9067  9067 W System.err: 	at androidx.fragment.app.FragmentManager.dispatchDestroy(FragmentManager.java:2820)
09-07 06:12:39.593  9067  9067 W System.err: 	at androidx.fragment.app.FragmentController.dispatchDestroy(FragmentController.java:345)
09-07 06:12:39.593  1793 14098 D gralloc_ranchu: gralloc_alloc: Creating ashmem region of size 9850880
09-07 06:12:39.596  1793  1793 D gralloc_ranchu: gralloc_alloc: Creating ashmem region of size 9850880
09-07 06:12:39.596  2666  3068 D EGL_emulation: eglMakeCurrent: 0xda21b0e0: ver 2 0 (tinfo 0xda20fbb0)
09-07 06:12:39.603  2434  2714 D EGL_emulation: eglMakeCurrent: 0xed453b60: ver 2 0 (tinfo 0xe233a960)
09-07 06:12:39.608  1793 14098 D gralloc_ranchu: gralloc_alloc: Creating ashmem region of size 9850880
09-07 06:12:39.613  9067  9067 W System.err: 	at androidx.fragment.app.FragmentActivity.onDestroy(FragmentActivity.java:306)
09-07 06:12:39.613  9067  9067 W System.err: 	at androidx.appcompat.app.AppCompatActivity.onDestroy(AppCompatActivity.java:278)
09-07 06:12:39.613  9067  9067 W System.err: 	at android.app.Activity.performDestroy(Activity.java:8048)
09-07 06:12:39.613  9067  9067 W System.err: 	at android.app.Instrumentation.callActivityOnDestroy(Instrumentation.java:1334)
09-07 06:12:39.613  9067  9067 W System.err: 	at androidx.test.runner.MonitoringInstrumentation.callActivityOnDestroy(MonitoringInstrumentation.java:766)
09-07 06:12:39.613  9067  9067 W System.err: 	at android.app.ActivityThread.performDestroyActivity(ActivityThread.java:4926)
09-07 06:12:39.613  9067  9067 W System.err: 	at android.app.ActivityThread.handleDestroyActivity(ActivityThread.java:4970)
09-07 06:12:39.613  9067  9067 W System.err: 	at android.app.servertransaction.DestroyActivityItem.execute(DestroyActivityItem.java:44)
09-07 06:12:39.613  9067  9067 W System.err: 	at android.app.servertransaction.TransactionExecutor.executeLifecycleState(TransactionExecutor.java:176)
09-07 06:12:39.613  9067  9067 W System.err: 	at android.app.servertransaction.TransactionExecutor.execute(TransactionExecutor.java:97)
09-07 06:12:39.614  9067  9067 W System.err: 	at android.app.ActivityThread$H.handleMessage(ActivityThread.java:2016)
09-07 06:12:39.614  9067  9067 W System.err: 	at android.os.Handler.dispatchMessage(Handler.java:107)
09-07 06:12:39.614  9067  9067 W System.err: 	at android.os.Looper.loop(Looper.java:214)
09-07 06:12:39.614  9067  9067 W System.err: 	at android.app.ActivityThread.main(ActivityThread.java:7356)
09-07 06:12:39.614  9067  9067 W System.err: 	at java.lang.reflect.Method.invoke(Native Method)
09-07 06:12:39.614  9067  9067 W System.err: 	at com.android.internal.os.RuntimeInit$MethodAndArgsCaller.run(RuntimeInit.java:492)
09-07 06:12:39.614  9067  9067 W System.err: 	at com.android.internal.os.ZygoteInit.main(ZygoteInit.java:930)
09-07 06:12:39.623  9067  9067 D LifecycleMonitor: Lifecycle status change: ru.iteco.fmhandroid.ui.AppActivity@f393913 in: DESTROYED
09-07 06:12:39.623  9067  9067 V ActivityScenario: Update currentActivityStage to DESTROYED, currentActivity=null
09-07 06:12:39.624  9067  9235 I TestRunner: finished: shouldOpenTheNewsForEditing(ru.iteco.fmhandroid.ui.ControlPanelTest)
09-07 06:12:39.642  2666  2666 I dnsi    : onStart
09-07 06:12:39.646  2666  2666 I dnsi    : onResume
09-07 06:12:39.658  7867  9246 V FA-SVC  : Upload scheduled in approximately ms: 881291
09-07 06:12:39.658  7867  9246 V FA-SVC  : Unscheduling upload
09-07 06:12:39.663  2037  2061 W InputReader: Device has associated, but no associated display id.
09-07 06:12:39.664  2037  2061 I chatty  : uid=1000(system) android.anim identical 18 lines
09-07 06:12:39.664  2037  2061 W InputReader: Device has associated, but no associated display id.
09-07 06:12:39.674  1793 14098 D gralloc_ranchu: gralloc_alloc: Creating ashmem region of size 6307840
09-07 06:12:39.679  7867  9246 V FA-SVC  : Scheduling upload, millis: 881291
09-07 06:12:39.682  7867  9246 V FA-SVC  : Background event processing time, ms: 256
09-07 06:12:39.683  2182  2468 D EGL_emulation: eglMakeCurrent: 0xda21a360: ver 2 0 (tinfo 0xda20f590)
09-07 06:12:39.686  2182  2182 W View    : requestLayout() improperly called by com.android.keyguard.AlphaOptimizedLinearLayout{551c6d8 V.E...... ......ID 7,0-48,61 #7f0a041c app:id/wifi_group} during second layout pass: posting in next frame
09-07 06:12:39.709  2182  2182 W View    : requestLayout() improperly called by StatusBarIconView(slot=mobile icon=null notification=null) during layout: running second layout pass
09-07 06:12:39.711  2037  5599 D HostConnection: HostConnection::get() New Host Connection established 0xda23f020, tid 5599
09-07 06:12:39.714  9256  9290 D EGL_emulation: eglMakeCurrent: 0xda21a240: ver 2 0 (tinfo 0xda20f0a0)
09-07 06:12:39.714  2037  5599 D HostConnection: HostComposition ext ANDROID_EMU_CHECKSUM_HELPER_v1 ANDROID_EMU_dma_v1 ANDROID_EMU_direct_mem ANDROID_EMU_vulkan ANDROID_EMU_deferred_vulkan_commands ANDROID_EMU_vulkan_null_optional_strings ANDROID_EMU_vulkan_create_resources_with_requirements ANDROID_EMU_YUV420_888_to_NV21 ANDROID_EMU_YUV_Cache ANDROID_EMU_vulkan_free_memory_sync ANDROID_EMU_vulkan_shader_float16_int8 ANDROID_EMU_vulkan_async_queue_submit ANDROID_EMU_sync_buffer_data GL_OES_vertex_array_object GL_KHR_texture_compression_astc_ldr ANDROID_EMU_host_side_tracing ANDROID_EMU_gles_max_version_2 
09-07 06:12:39.718  2182  2468 D EGL_emulation: eglMakeCurrent: 0xda21a360: ver 2 0 (tinfo 0xda20f590)
09-07 06:12:39.723  2037  5599 W OpenGLRenderer: Failed to choose config with EGL_SWAP_BEHAVIOR_PRESERVED, retrying without...
09-07 06:12:39.740  7867  7867 D BoundBrokerSvc: onBind: Intent { act=com.google.android.gms.inappreach.service.START dat=chimera-action: cmp=com.google.android.gms/.chimera.GmsApiService }
09-07 06:12:39.740  7867  7867 D BoundBrokerSvc: Loading bound service for intent: Intent { act=com.google.android.gms.inappreach.service.START dat=chimera-action: cmp=com.google.android.gms/.chimera.GmsApiService }
09-07 06:12:39.752  1823  1823 E Layer   : [Surface(name=AppWindowToken{459e199 token=Token{b961ae0 ActivityRecord{53be0e3 u0 com.google.android.apps.nexuslauncher/.NexusLauncherActivity t652}}})/@0xafc1306 - animation-leash#0] No local sync point found
09-07 06:12:39.752  1823  1823 E Layer   : [Surface(name=AppWindowToken{82e08ba token=Token{30dd5e5 ActivityRecord{cc340dc u0 ru.iteco.fmhandroid.test/androidx.test.core.app.InstrumentationActivityInvoker$EmptyActivity t885}}})/@0xf285d3c - animation-leash#0] No local sync point found
09-07 06:12:39.752  2037  5599 D eglCodecCommon: setVertexArrayObject: set vao to 0 (0) 0 0
09-07 06:12:39.752  2037  5599 D EGL_emulation: eglCreateContext: 0xba761460: maj 2 min 0 rcv 2
09-07 06:12:39.786  2037  5599 D EGL_emulation: eglMakeCurrent: 0xba761460: ver 2 0 (tinfo 0xba668ca0)
09-07 06:12:39.804  2182  2468 D EGL_emulation: eglMakeCurrent: 0xda21a360: ver 2 0 (tinfo 0xda20f590)
09-07 06:12:39.806  2182  2182 W View    : requestLayout() improperly called by com.android.keyguard.AlphaOptimizedLinearLayout{551c6d8 V.E...... ......ID 7,0-48,61 #7f0a041c app:id/wifi_group} during second layout pass: posting in next frame
09-07 06:12:39.811  2182  2182 W View    : requestLayout() improperly called by StatusBarIconView(slot=mobile icon=null notification=null) during layout: running second layout pass
09-07 06:12:39.816  2182  2468 D EGL_emulation: eglMakeCurrent: 0xda21a360: ver 2 0 (tinfo 0xda20f590)
09-07 06:12:39.830  1823  1823 W SurfaceFlinger: couldn't log to binary event log: overflow.
09-07 06:12:39.834  9067  9235 I TestRunner: started: shouldChangeTheDescription(ru.iteco.fmhandroid.ui.ControlPanelTest)
09-07 06:12:39.858  2037  5599 D eglCodecCommon: setVertexArrayObject: set vao to 0 (0) 1 0
09-07 06:12:39.869  9067  9235 W Settings: Setting always_finish_activities has moved from android.provider.Settings.System to android.provider.Settings.Global, returning read-only value.
09-07 06:12:39.876  2037  5231 I ActivityTaskManager: START u0 {act=android.intent.action.MAIN cat=[android.intent.category.LAUNCHER] flg=0x10008000 cmp=ru.iteco.fmhandroid.test/androidx.test.core.app.InstrumentationActivityInvoker$BootstrapActivity (has extras)} from uid 10136
09-07 06:12:39.889  2037  5231 W InputReader: Device has associated, but no associated display id.
09-07 06:12:39.892  2037  5231 I chatty  : uid=1000(system) Binder:2037_19 identical 28 lines
09-07 06:12:39.892  2037  5231 W InputReader: Device has associated, but no associated display id.
09-07 06:12:39.893  9256  9256 W ActivityThread: handleWindowVisibility: no activity for token android.os.BinderProxy@ce4f591
09-07 06:12:39.893  2037  5231 W InputReader: Device has associated, but no associated display id.
09-07 06:12:39.897  2037  5231 I chatty  : uid=1000(system) Binder:2037_19 identical 18 lines
09-07 06:12:39.897  2037  5231 W InputReader: Device has associated, but no associated display id.
09-07 06:12:39.911  1793 14098 D gralloc_ranchu: gralloc_alloc: Creating ashmem region of size 9850880
09-07 06:12:39.943  2037  7737 I ActivityTaskManager: START u0 {act=android.intent.action.MAIN cat=[android.intent.category.LAUNCHER] cmp=ru.iteco.fmhandroid/.ui.AppActivity} from uid 10136
09-07 06:12:39.950  2037  5231 W InputReader: Device has associated, but no associated display id.
09-07 06:12:39.957  2037  5231 I chatty  : uid=1000(system) Binder:2037_19 identical 48 lines
09-07 06:12:39.957  2037  5231 W InputReader: Device has associated, but no associated display id.
09-07 06:12:39.960  9067  9067 W ActivityThread: handleWindowVisibility: no activity for token android.os.BinderProxy@11f2913
09-07 06:12:39.978  9067  9067 D LifecycleMonitor: Lifecycle status change: ru.iteco.fmhandroid.ui.AppActivity@f49436f in: PRE_ON_CREATE
09-07 06:12:39.978  9067  9067 V ActivityScenario: Activity lifecycle changed event received but ignored because the reported transition was not ON_CREATE while the last known transition was PRE_ON_CREATE
09-07 06:12:39.983  9067  9213 V FA      : onActivityCreated
09-07 06:12:39.993  2666  2666 I dnsi    : onPause
09-07 06:12:40.014  2037  2061 W InputReader: Device has associated, but no associated display id.
09-07 06:12:40.019  2037  2061 I chatty  : uid=1000(system) android.anim identical 18 lines
09-07 06:12:40.019  2037  2061 W InputReader: Device has associated, but no associated display id.
09-07 06:12:40.021  2666  3068 D EGL_emulation: eglMakeCurrent: 0xda21b0e0: ver 2 0 (tinfo 0xda20fbb0)
09-07 06:12:40.022  2434  2714 D EGL_emulation: eglMakeCurrent: 0xed453b60: ver 2 0 (tinfo 0xe233a960)
09-07 06:12:40.029  9067  9067 D LifecycleMonitor: Lifecycle status change: ru.iteco.fmhandroid.ui.AppActivity@f49436f in: CREATED
09-07 06:12:40.029  9067  9067 V ActivityScenario: Update currentActivityStage to CREATED, currentActivity=ru.iteco.fmhandroid.ui.AppActivity@f49436f
09-07 06:12:40.044  2182  2468 D EGL_emulation: eglMakeCurrent: 0xda21a360: ver 2 0 (tinfo 0xda20f590)
09-07 06:12:40.052  2182  2468 D EGL_emulation: eglMakeCurrent: 0xda21a360: ver 2 0 (tinfo 0xda20f590)
09-07 06:12:40.053  2182  2182 W View    : requestLayout() improperly called by com.android.keyguard.AlphaOptimizedLinearLayout{551c6d8 V.E...... ......ID 7,0-48,61 #7f0a041c app:id/wifi_group} during second layout pass: posting in next frame
09-07 06:12:40.056  2182  2182 W View    : requestLayout() improperly called by StatusBarIconView(slot=mobile icon=null notification=null) during layout: running second layout pass
09-07 06:12:40.071  2037  2051 I system_server: NativeAlloc concurrent copying GC freed 36861(1709KB) AllocSpace objects, 5(164KB) LOS objects, 28% free, 15MB/21MB, paused 1.482ms total 181.666ms
09-07 06:12:40.083  2666  5846 V ClearcutMetricXmitter: Transmission is done.
09-07 06:12:40.087  9067  9067 D LifecycleMonitor: Lifecycle status change: ru.iteco.fmhandroid.ui.AppActivity@f49436f in: STARTED
09-07 06:12:40.087  9067  9067 V ActivityScenario: Update currentActivityStage to STARTED, currentActivity=ru.iteco.fmhandroid.ui.AppActivity@f49436f
09-07 06:12:40.088  9067  9067 D LifecycleMonitor: Lifecycle status change: ru.iteco.fmhandroid.ui.AppActivity@f49436f in: RESUMED
09-07 06:12:40.088  9067  9067 V ActivityScenario: Update currentActivityStage to RESUMED, currentActivity=ru.iteco.fmhandroid.ui.AppActivity@f49436f
09-07 06:12:40.088  9067  9230 V FA      : Activity resumed, time: 9704798
09-07 06:12:40.123  1793 14098 D gralloc_ranchu: gralloc_alloc: Creating ashmem region of size 9113600
09-07 06:12:40.144  1793 14098 D gralloc_ranchu: gralloc_alloc: Creating ashmem region of size 9113600
09-07 06:12:40.148  9067  9293 D EGL_emulation: eglMakeCurrent: 0xda21a9c0: ver 2 0 (tinfo 0xda20fc10)
09-07 06:12:40.153  1793 14098 D gralloc_ranchu: gralloc_alloc: Creating ashmem region of size 9113600
09-07 06:12:40.198  2037  2065 I ActivityTaskManager: Displayed ru.iteco.fmhandroid/.ui.AppActivity: +319ms
09-07 06:12:40.224  2182  2182 W View    : requestLayout() improperly called by com.android.keyguard.AlphaOptimizedLinearLayout{551c6d8 V.E...... ......ID 7,0-48,61 #7f0a041c app:id/wifi_group} during second layout pass: posting in next frame
09-07 06:12:40.234  9067  9067 I ViewInteraction: Performing 'wait for a specific view with <(an instance of android.widget.TextView and view.getText() with or without transformation to match: is "Authorization" and view.getParent() view.getParent() view.getId() is <2131231186>)> during 10000 millis.' action on view view.getRootView() to equal view
