09-07 04:23:14.565 22231 22275 W DefaultFailureHandler: 	at org.junit.runners.Suite.runChild(Suite.java:27)
09-07 04:23:14.565 22231 22275 W DefaultFailureHandler: 	at org.junit.runners.ParentRunner$4.run(ParentRunner.java:331)
09-07 04:23:14.565 22231 22275 W DefaultFailureHandler: 	at org.junit.runners.ParentRunner$1.schedule(ParentRunner.java:79)
09-07 04:23:14.565 22231 22275 W DefaultFailureHandler: 	at org.junit.runners.ParentRunner.runChildren(ParentRunner.java:329)
09-07 04:23:14.565 22231 22275 W DefaultFailureHandler: 	at org.junit.runners.ParentRunner.access$100(ParentRunner.java:66)
09-07 04:23:14.565 22231 22275 W DefaultFailureHandler: 	at org.junit.runners.ParentRunner$2.evaluate(ParentRunner.java:293)
09-07 04:23:14.565 22231 22275 W DefaultFailureHandler: 	at org.junit.runners.ParentRunner$3.evaluate(ParentRunner.java:306)
09-07 04:23:14.565 22231 22275 W DefaultFailureHandler: 	at org.junit.runners.ParentRunner.run(ParentRunner.java:413)
09-07 04:23:14.565 22231 22275 W DefaultFailureHandler: 	at org.junit.runner.JUnitCore.run(JUnitCore.java:137)
09-07 04:23:14.565 22231 22275 W DefaultFailureHandler: 	at org.junit.runner.JUnitCore.run(JUnitCore.java:115)
09-07 04:23:14.565 22231 22275 W DefaultFailureHandler: 	at androidx.test.internal.runner.TestExecutor.execute(TestExecutor.java:67)
09-07 04:23:14.565 22231 22275 W DefaultFailureHandler: 	at androidx.test.internal.runner.TestExecutor.execute(TestExecutor.java:58)
09-07 04:23:14.565 22231 22275 W DefaultFailureHandler: 	at androidx.test.runner.AndroidJUnitRunner.onStart(AndroidJUnitRunner.java:438)
09-07 04:23:14.565 22231 22275 W DefaultFailureHandler: 	at android.app.Instrumentation$InstrumentationThread.run(Instrumentation.java:2189)
09-07 04:23:14.565 22231 22275 W DefaultFailureHandler: Caused by: android.system.ErrnoException: open failed: EROFS (Read-only file system)
09-07 04:23:14.565 22231 22275 W DefaultFailureHandler: 	at libcore.io.Linux.open(Native Method)
09-07 04:23:14.565 22231 22275 W DefaultFailureHandler: 	at libcore.io.ForwardingOs.open(ForwardingOs.java:167)
09-07 04:23:14.565 22231 22275 W DefaultFailureHandler: 	at libcore.io.BlockGuardOs.open(BlockGuardOs.java:252)
09-07 04:23:14.565 22231 22275 W DefaultFailureHandler: 	at libcore.io.ForwardingOs.open(ForwardingOs.java:167)
09-07 04:23:14.565 22231 22275 W DefaultFailureHandler: 	at android.app.ActivityThread$AndroidOs.open(ActivityThread.java:7255)
09-07 04:23:14.565 22231 22275 W DefaultFailureHandler: 	at libcore.io.IoBridge.open(IoBridge.java:482)
09-07 04:23:14.565 22231 22275 W DefaultFailureHandler: 	... 50 more
09-07 04:23:14.573  1793 14098 D gralloc_ranchu: gralloc_alloc: Creating ashmem region of size 9850880
09-07 04:23:14.846  2037  2115 I ActivityTaskManager: START u0 {act=android.intent.action.MAIN cat=[android.intent.category.LAUNCHER] flg=0x10000000 cmp=ru.iteco.fmhandroid.test/androidx.test.core.app.InstrumentationActivityInvoker$EmptyActivity} from uid 10136
09-07 04:23:14.853 22231 22231 D LifecycleMonitor: Lifecycle status change: ru.iteco.fmhandroid.ui.AppActivity@bf025f4 in: PAUSED
09-07 04:23:14.854 22231 22231 V ActivityScenario: Update currentActivityStage to PAUSED, currentActivity=ru.iteco.fmhandroid.ui.AppActivity@bf025f4
09-07 04:23:14.854  2037  2115 W InputReader: Device has associated, but no associated display id.
09-07 04:23:14.856  2037  2115 I chatty  : uid=1000(system) Binder:2037_3 identical 38 lines
09-07 04:23:14.856  2037  2115 W InputReader: Device has associated, but no associated display id.
09-07 04:23:14.857 22231 22277 V FA      : Recording user engagement, ms: 10855
09-07 04:23:14.857 22289 22289 W ActivityThread: handleWindowVisibility: no activity for token android.os.BinderProxy@d6eec89
09-07 04:23:14.859  2037  2115 W InputReader: Device has associated, but no associated display id.
09-07 04:23:14.859  2037  2115 I chatty  : uid=1000(system) Binder:2037_3 identical 8 lines
09-07 04:23:14.860  2037  2115 W InputReader: Device has associated, but no associated display id.
09-07 04:23:14.912 22231 22277 V FA      : Connecting to remote service
09-07 04:23:14.946  7867  7867 D BoundBrokerSvc: onBind: Intent { act=com.google.android.gms.measurement.START pkg=com.google.android.gms }
09-07 04:23:14.947  7867  7867 D BoundBrokerSvc: Loading bound service for intent: Intent { act=com.google.android.gms.measurement.START pkg=com.google.android.gms }
09-07 04:23:14.953 22289 22322 D HostConnection: HostConnection::get() New Host Connection established 0xd6c2af50, tid 22322
09-07 04:23:14.954 22231 22277 V FA      : Connection attempt already in progress
09-07 04:23:14.955 22231 22277 V FA      : Activity paused, time: 3518749
09-07 04:23:14.956 22289 22322 D HostConnection: HostComposition ext ANDROID_EMU_CHECKSUM_HELPER_v1 ANDROID_EMU_dma_v1 ANDROID_EMU_direct_mem ANDROID_EMU_vulkan ANDROID_EMU_deferred_vulkan_commands ANDROID_EMU_vulkan_null_optional_strings ANDROID_EMU_vulkan_create_resources_with_requirements ANDROID_EMU_YUV420_888_to_NV21 ANDROID_EMU_YUV_Cache ANDROID_EMU_vulkan_free_memory_sync ANDROID_EMU_vulkan_shader_float16_int8 ANDROID_EMU_vulkan_async_queue_submit ANDROID_EMU_sync_buffer_data GL_OES_vertex_array_object GL_KHR_texture_compression_astc_ldr ANDROID_EMU_host_side_tracing ANDROID_EMU_gles_max_version_2 
09-07 04:23:14.965 22289 22322 W OpenGLRenderer: Failed to choose config with EGL_SWAP_BEHAVIOR_PRESERVED, retrying without...
09-07 04:23:14.969 22231 22277 D FA      : Connected to remote service
09-07 04:23:14.969 22231 22277 V FA      : Processing queued up service tasks: 2
09-07 04:23:14.986 22289 22322 D eglCodecCommon: setVertexArrayObject: set vao to 0 (0) 0 0
09-07 04:23:14.986 22289 22322 D EGL_emulation: eglCreateContext: 0xed452fc0: maj 2 min 0 rcv 2
09-07 04:23:14.995  7867 22280 V FA-SVC  : Logging event: origin=auto,name=user_engagement(_e),params=Bundle[{ga_event_origin(_o)=auto, engagement_time_msec(_et)=10855, ga_screen_class(_sc)=AppActivity, ga_screen_id(_si)=-8323119050988488663}]
09-07 04:23:15.010 22289 22322 D EGL_emulation: eglMakeCurrent: 0xed452fc0: ver 2 0 (tinfo 0xed489ad0)
09-07 04:23:15.018  1793 14098 D gralloc_ranchu: gralloc_alloc: Creating ashmem region of size 9850880
09-07 04:23:15.020  1678  1678 I hwservicemanager: getTransport: Cannot find entry android.hardware.graphics.mapper@3.0::IMapper/default in either framework or device manifest.
09-07 04:23:15.020 22289 22322 W Gralloc3: mapper 3.x is not supported
09-07 04:23:15.021 22289 22322 D HostConnection: createUnique: call
09-07 04:23:15.021 22289 22322 D HostConnection: HostConnection::get() New Host Connection established 0xd6c2c5d0, tid 22322
09-07 04:23:15.021  7867 22280 V FA-SVC  : Upload scheduled in approximately ms: 242089
09-07 04:23:15.021  7867 22280 V FA-SVC  : Unscheduling upload
09-07 04:23:15.022 22289 22322 D HostConnection: HostComposition ext ANDROID_EMU_CHECKSUM_HELPER_v1 ANDROID_EMU_dma_v1 ANDROID_EMU_direct_mem ANDROID_EMU_vulkan ANDROID_EMU_deferred_vulkan_commands ANDROID_EMU_vulkan_null_optional_strings ANDROID_EMU_vulkan_create_resources_with_requirements ANDROID_EMU_YUV420_888_to_NV21 ANDROID_EMU_YUV_Cache ANDROID_EMU_vulkan_free_memory_sync ANDROID_EMU_vulkan_shader_float16_int8 ANDROID_EMU_vulkan_async_queue_submit ANDROID_EMU_sync_buffer_data GL_OES_vertex_array_object GL_KHR_texture_compression_astc_ldr ANDROID_EMU_host_side_tracing ANDROID_EMU_gles_max_version_2 
09-07 04:23:15.022 22289 22322 D eglCodecCommon: allocate: Ask for block of size 0x1000
09-07 04:23:15.023 22289 22322 D eglCodecCommon: allocate: ioctl allocate returned offset 0x3ff684000 size 0x2000
09-07 04:23:15.024  7867 22280 V FA-SVC  : Scheduling upload, millis: 242089
09-07 04:23:15.027 22289 22322 D EGL_emulation: eglMakeCurrent: 0xed452fc0: ver 2 0 (tinfo 0xed489ad0)
09-07 04:23:15.027  7867 22280 V FA-SVC  : Background event processing time, ms: 36
09-07 04:23:15.029  1793 14098 D gralloc_ranchu: gralloc_alloc: Creating ashmem region of size 9850880
09-07 04:23:15.029 22289 22322 D eglCodecCommon: setVertexArrayObject: set vao to 0 (0) 1 0
09-07 04:23:15.031  1793 14098 D gralloc_ranchu: gralloc_alloc: Creating ashmem region of size 9850880
09-07 04:23:15.108  2037  5216 W InputReader: Device has associated, but no associated display id.
09-07 04:23:15.114  2037  5216 I chatty  : uid=1000(system) Binder:2037_18 identical 48 lines
09-07 04:23:15.115  2037  5216 W InputReader: Device has associated, but no associated display id.
09-07 04:23:15.123 22289 22289 W ActivityThread: handleWindowVisibility: no activity for token android.os.BinderProxy@ee74d3e
09-07 04:23:15.139  1792  2272 E GnssHAL_GnssInterface: gnssSvStatusCb: a: input svInfo.flags is 8
09-07 04:23:15.139  1792  2272 E GnssHAL_GnssInterface: gnssSvStatusCb: b: input svInfo.flags is 8
09-07 04:23:14.904  2037  2115 I ActivityTaskManager: START u0 {act=android.intent.action.MAIN cat=[android.intent.category.LAUNCHER] flg=0x10000000 cmp=ru.iteco.fmhandroid.test/androidx.test.core.app.InstrumentationActivityInvoker$EmptyActivity} from uid 10136
09-07 04:23:15.144  2037  5216 W ActivityTaskManager: Duplicate finish request for ActivityRecord{46f1cd9 u0 ru.iteco.fmhandroid/.ui.AppActivity t772 f}
09-07 04:23:15.182  1793 14098 D gralloc_ranchu: gralloc_alloc: Creating ashmem region of size 9850880
09-07 04:23:15.187  1793 14098 I chatty  : uid=1000(system) HwBinder:1793_3 identical 1 line
09-07 04:23:15.189  1793 14098 D gralloc_ranchu: gralloc_alloc: Creating ashmem region of size 9850880
09-07 04:23:15.203 22289 22322 D EGL_emulation: eglMakeCurrent: 0xed452fc0: ver 2 0 (tinfo 0xed489ad0)
09-07 04:23:15.233  2037  2061 W InputReader: Device has associated, but no associated display id.
09-07 04:23:15.235  2037  2061 I chatty  : uid=1000(system) android.anim identical 18 lines
09-07 04:23:15.235  2037  2061 W InputReader: Device has associated, but no associated display id.
09-07 04:23:15.238  2037  2065 I ActivityTaskManager: Displayed ru.iteco.fmhandroid.test/androidx.test.core.app.InstrumentationActivityInvoker$EmptyActivity: +257ms
09-07 04:23:15.245  2037  2115 W InputReader: Device has associated, but no associated display id.
09-07 04:23:15.245  2037  2115 I chatty  : uid=1000(system) Binder:2037_3 identical 8 lines
09-07 04:23:15.245  2037  2115 W InputReader: Device has associated, but no associated display id.
09-07 04:23:15.257 22231 22325 D EGL_emulation: eglMakeCurrent: 0xd6c31760: ver 2 0 (tinfo 0xd6c97ef0)
09-07 04:23:15.272  2037  5216 W InputReader: Device has associated, but no associated display id.
09-07 04:23:15.272  2037  5216 I chatty  : uid=1000(system) Binder:2037_18 identical 8 lines
09-07 04:23:15.272  2037  5216 W InputReader: Device has associated, but no associated display id.
09-07 04:23:15.279  1823  1823 W SurfaceFlinger: couldn't log to binary event log: overflow.
09-07 04:23:15.279 22231 22231 D LifecycleMonitor: Lifecycle status change: ru.iteco.fmhandroid.ui.AppActivity@bf025f4 in: STOPPED
09-07 04:23:15.280 22231 22231 V ActivityScenario: Update currentActivityStage to STOPPED, currentActivity=ru.iteco.fmhandroid.ui.AppActivity@bf025f4
09-07 04:23:15.287  1793 14098 D gralloc_ranchu: gralloc_alloc: Creating ashmem region of size 9850880
09-07 04:23:15.316 22231 22231 D LifecycleMonitor: Lifecycle status change: ru.iteco.fmhandroid.ui.AppActivity@bf025f4 in: DESTROYED
09-07 04:23:15.316 22231 22231 V ActivityScenario: Update currentActivityStage to DESTROYED, currentActivity=null
09-07 04:23:15.318  1793  2554 D gralloc_ranchu: gralloc_alloc: Creating ashmem region of size 9850880
09-07 04:23:15.322  2037  2037 W ActivityManager: Unable to start service Intent { act=android.service.appprediction.AppPredictionService cmp=com.google.android.as/com.google.android.apps.miphone.aiai.app.AiAiPredictionService } U=0: not found
09-07 04:23:15.322  2037  2037 W RemoteAppPredictionService: could not bind to Intent { act=android.service.appprediction.AppPredictionService cmp=com.google.android.as/com.google.android.apps.miphone.aiai.app.AiAiPredictionService } using flags 67108865
09-07 04:23:15.320  1793  2554 D gralloc_ranchu: gralloc_alloc: Creating ashmem region of size 9850880
09-07 04:23:15.331  2666  3068 D EGL_emulation: eglMakeCurrent: 0xda21b0e0: ver 2 0 (tinfo 0xda20fbb0)
09-07 04:23:15.360  1793  2554 D gralloc_ranchu: gralloc_alloc: Creating ashmem region of size 9850880
09-07 04:23:15.362  2666  2666 I dnsi    : onStart
09-07 04:23:15.364  2666  2666 I dnsi    : onResume
09-07 04:23:15.380  1793  2554 D gralloc_ranchu: gralloc_alloc: Creating ashmem region of size 9850880
