09-07 06:08:58.533  1792  2272 E GnssHAL_GnssInterface: gnssSvStatusCb: a: input svInfo.flags is 8
09-07 06:08:58.534  1792  2272 E GnssHAL_GnssInterface: gnssSvStatusCb: b: input svInfo.flags is 8
09-07 06:08:58.869  2037  2060 W WindowManager: Unable to start animation, surface is null or no children.
09-07 06:08:59.533  1792  2272 E GnssHAL_GnssInterface: gnssSvStatusCb: a: input svInfo.flags is 8
09-07 06:08:59.533  1792  2272 E GnssHAL_GnssInterface: gnssSvStatusCb: b: input svInfo.flags is 8
09-07 06:08:59.562  2182  2182 W View    : requestLayout() improperly called by com.android.keyguard.AlphaOptimizedLinearLayout{551c6d8 V.E...... ......ID 7,0-48,61 #7f0a041c app:id/wifi_group} during second layout pass: posting in next frame
09-07 06:08:59.572  8547  8660 D EGL_emulation: eglMakeCurrent: 0xda21b3e0: ver 2 0 (tinfo 0xda20fe50)
09-07 06:08:59.575  1793  1793 D gralloc_ranchu: gralloc_alloc: Creating ashmem region of size 9850880
09-07 06:08:59.579  2182  2182 W View    : requestLayout() improperly called by StatusBarIconView(slot=mobile icon=null notification=null) during layout: running second layout pass
09-07 06:08:59.603  8547  8660 D EGL_emulation: eglMakeCurrent: 0xda21b3e0: ver 2 0 (tinfo 0xda20fe50)
09-07 06:08:59.635  1793  1793 D gralloc_ranchu: gralloc_alloc: Creating ashmem region of size 9850880
09-07 06:08:59.643  8547  8596 W teco.fmhandroi: Accessing hidden method Lsun/misc/Unsafe;->compareAndSwapObject(Ljava/lang/Object;JLjava/lang/Object;Ljava/lang/Object;)Z (greylist, linking, allowed)
09-07 06:08:59.646  8547  8547 I ViewInteraction: Checking 'MatchesViewAssertion{viewMatcher=(view has effective visibility <VISIBLE> and view.getGlobalVisibleRect() to return non-empty rectangle)}' assertion on view (an instance of android.widget.TextView and view.getText() with or without transformation to match: is "Authorization" and view.getParent() view.getParent() view.getId() is <2131231186/ru.iteco.fmhandroid:id/nav_host_fragment>)
09-07 06:08:59.648  8547  8596 W teco.fmhandroi: Accessing hidden method Lsun/misc/Unsafe;->compareAndSwapObject(Ljava/lang/Object;JLjava/lang/Object;Ljava/lang/Object;)Z (greylist, linking, allowed)
09-07 06:08:59.663  1793  1793 D gralloc_ranchu: gralloc_alloc: Creating ashmem region of size 9850880
09-07 06:08:59.676  8547  8547 I ViewInteraction: Performing 'wait for a specific view with <(an instance of android.widget.TextView and view.getHint() matching: is "Login" and view.getParent() view.getParent() view.getId() is <2131231121/ru.iteco.fmhandroid:id/login_text_input_layout>)> during 10000 millis.' action on view view.getRootView() to equal view
09-07 06:08:59.678  8547  8596 W teco.fmhandroi: Accessing hidden method Lsun/misc/Unsafe;->compareAndSwapObject(Ljava/lang/Object;JLjava/lang/Object;Ljava/lang/Object;)Z (greylist, linking, allowed)
09-07 06:08:59.681  8547  8547 I ViewInteraction: Checking 'MatchesViewAssertion{viewMatcher=(view has effective visibility <VISIBLE> and view.getGlobalVisibleRect() to return non-empty rectangle)}' assertion on view (an instance of android.widget.TextView and view.getHint() matching: is "Login" and view.getParent() view.getParent() view.getId() is <2131231121/ru.iteco.fmhandroid:id/login_text_input_layout>)
09-07 06:08:59.682  8547  8596 W teco.fmhandroi: Accessing hidden method Lsun/misc/Unsafe;->compareAndSwapObject(Ljava/lang/Object;JLjava/lang/Object;Ljava/lang/Object;)Z (greylist, linking, allowed)
09-07 06:08:59.684  8547  8547 I ViewInteraction: Performing 'wait for a specific view with <(an instance of android.widget.TextView and view.getHint() matching: is "Password" and view.getParent() view.getParent() view.getId() is <2131231264/ru.iteco.fmhandroid:id/password_text_input_layout>)> during 10000 millis.' action on view view.getRootView() to equal view
09-07 06:08:59.686  8547  8596 W teco.fmhandroi: Accessing hidden method Lsun/misc/Unsafe;->compareAndSwapObject(Ljava/lang/Object;JLjava/lang/Object;Ljava/lang/Object;)Z (greylist, linking, allowed)
09-07 06:08:59.688  8547  8547 I ViewInteraction: Checking 'MatchesViewAssertion{viewMatcher=(view has effective visibility <VISIBLE> and view.getGlobalVisibleRect() to return non-empty rectangle)}' assertion on view (an instance of android.widget.TextView and view.getHint() matching: is "Password" and view.getParent() view.getParent() view.getId() is <2131231264/ru.iteco.fmhandroid:id/password_text_input_layout>)
09-07 06:08:59.689  8547  8596 W teco.fmhandroi: Accessing hidden method Lsun/misc/Unsafe;->compareAndSwapObject(Ljava/lang/Object;JLjava/lang/Object;Ljava/lang/Object;)Z (greylist, linking, allowed)
09-07 06:08:59.692  8547  8547 I ViewInteraction: Performing 'wait for a specific view with <(view.getId() is <2131231039/ru.iteco.fmhandroid:id/enter_button> and an instance of android.widget.TextView and view.getText() with or without transformation to match: is "SIGN IN" and view.getContentDescription() is "Save" and view.getParent() view.getParent() an instance of android.widget.RelativeLayout)> during 10000 millis.' action on view view.getRootView() to equal view
09-07 06:08:59.693  8547  8596 W teco.fmhandroi: Accessing hidden method Lsun/misc/Unsafe;->compareAndSwapObject(Ljava/lang/Object;JLjava/lang/Object;Ljava/lang/Object;)Z (greylist, linking, allowed)
09-07 06:08:59.695  8547  8547 I ViewInteraction: Checking 'MatchesViewAssertion{viewMatcher=(view has effective visibility <VISIBLE> and view.getGlobalVisibleRect() to return non-empty rectangle)}' assertion on view (view.getId() is <2131231039/ru.iteco.fmhandroid:id/enter_button> and an instance of android.widget.TextView and view.getText() with or without transformation to match: is "SIGN IN" and view.getContentDescription() is "Save" and view.getParent() view.getParent() an instance of android.widget.RelativeLayout)
09-07 06:08:59.698  8547  8596 W teco.fmhandroi: Accessing hidden method Lsun/misc/Unsafe;->compareAndSwapObject(Ljava/lang/Object;JLjava/lang/Object;Ljava/lang/Object;)Z (greylist, linking, allowed)
09-07 06:08:59.699  8547  8547 I ViewInteraction: Performing 'wait for a specific view with <(an instance of android.widget.TextView and view.getText() with or without transformation to match: is "Authorization" and view.getParent() view.getParent() view.getId() is <2131231186>)> during 10000 millis.' action on view view.getRootView() to equal view
09-07 06:08:59.700  8547  8596 W teco.fmhandroi: Accessing hidden method Lsun/misc/Unsafe;->compareAndSwapObject(Ljava/lang/Object;JLjava/lang/Object;Ljava/lang/Object;)Z (greylist, linking, allowed)
09-07 06:08:59.700  8547  8698 W teco.fmhandroi: Accessing hidden method Lsun/misc/Unsafe;->compareAndSwapObject(Ljava/lang/Object;JLjava/lang/Object;Ljava/lang/Object;)Z (greylist, linking, allowed)
09-07 06:08:59.701  8547  8547 I ViewInteraction: Checking 'MatchesViewAssertion{viewMatcher=(view has effective visibility <VISIBLE> and view.getGlobalVisibleRect() to return non-empty rectangle)}' assertion on view (an instance of android.widget.TextView and view.getText() with or without transformation to match: is "Authorization" and view.getParent() view.getParent() view.getId() is <2131231186/ru.iteco.fmhandroid:id/nav_host_fragment>)
09-07 06:08:59.702  8547  8596 W teco.fmhandroi: Accessing hidden method Lsun/misc/Unsafe;->compareAndSwapObject(Ljava/lang/Object;JLjava/lang/Object;Ljava/lang/Object;)Z (greylist, linking, allowed)
09-07 06:08:59.703  8547  8547 I ViewInteraction: Performing 'wait for a specific view with <(an instance of android.widget.TextView and view.getHint() matching: is "Login" and view.getParent() view.getParent() view.getId() is <2131231121/ru.iteco.fmhandroid:id/login_text_input_layout>)> during 10000 millis.' action on view view.getRootView() to equal view
09-07 06:08:59.705  8547  8596 W teco.fmhandroi: Accessing hidden method Lsun/misc/Unsafe;->compareAndSwapObject(Ljava/lang/Object;JLjava/lang/Object;Ljava/lang/Object;)Z (greylist, linking, allowed)
09-07 06:08:59.705  8547  8547 I ViewInteraction: Checking 'MatchesViewAssertion{viewMatcher=(view has effective visibility <VISIBLE> and view.getGlobalVisibleRect() to return non-empty rectangle)}' assertion on view (an instance of android.widget.TextView and view.getHint() matching: is "Login" and view.getParent() view.getParent() view.getId() is <2131231121/ru.iteco.fmhandroid:id/login_text_input_layout>)
09-07 06:08:59.706  8547  8596 W teco.fmhandroi: Accessing hidden method Lsun/misc/Unsafe;->compareAndSwapObject(Ljava/lang/Object;JLjava/lang/Object;Ljava/lang/Object;)Z (greylist, linking, allowed)
09-07 06:08:59.707  8547  8547 I ViewInteraction: Performing 'wait for a specific view with <(an instance of android.widget.TextView and view.getHint() matching: is "Password" and view.getParent() view.getParent() view.getId() is <2131231264/ru.iteco.fmhandroid:id/password_text_input_layout>)> during 10000 millis.' action on view view.getRootView() to equal view
09-07 06:08:59.708  8547  8596 W teco.fmhandroi: Accessing hidden method Lsun/misc/Unsafe;->compareAndSwapObject(Ljava/lang/Object;JLjava/lang/Object;Ljava/lang/Object;)Z (greylist, linking, allowed)
09-07 06:08:59.710  8547  8547 I ViewInteraction: Checking 'MatchesViewAssertion{viewMatcher=(view has effective visibility <VISIBLE> and view.getGlobalVisibleRect() to return non-empty rectangle)}' assertion on view (an instance of android.widget.TextView and view.getHint() matching: is "Password" and view.getParent() view.getParent() view.getId() is <2131231264/ru.iteco.fmhandroid:id/password_text_input_layout>)
09-07 06:08:59.711  8547  8596 W teco.fmhandroi: Accessing hidden method Lsun/misc/Unsafe;->compareAndSwapObject(Ljava/lang/Object;JLjava/lang/Object;Ljava/lang/Object;)Z (greylist, linking, allowed)
09-07 06:08:59.713  8547  8547 I ViewInteraction: Performing 'wait for a specific view with <(view.getId() is <2131231039/ru.iteco.fmhandroid:id/enter_button> and an instance of android.widget.TextView and view.getText() with or without transformation to match: is "SIGN IN" and view.getContentDescription() is "Save" and view.getParent() view.getParent() an instance of android.widget.RelativeLayout)> during 10000 millis.' action on view view.getRootView() to equal view
09-07 06:08:59.714  8547  8596 W teco.fmhandroi: Accessing hidden method Lsun/misc/Unsafe;->compareAndSwapObject(Ljava/lang/Object;JLjava/lang/Object;Ljava/lang/Object;)Z (greylist, linking, allowed)
09-07 06:08:59.715  8547  8698 W teco.fmhandroi: Accessing hidden method Lsun/misc/Unsafe;->compareAndSwapObject(Ljava/lang/Object;JLjava/lang/Object;Ljava/lang/Object;)Z (greylist, linking, allowed)
09-07 06:08:59.715  8547  8547 I ViewInteraction: Checking 'MatchesViewAssertion{viewMatcher=(view has effective visibility <VISIBLE> and view.getGlobalVisibleRect() to return non-empty rectangle)}' assertion on view (view.getId() is <2131231039/ru.iteco.fmhandroid:id/enter_button> and an instance of android.widget.TextView and view.getText() with or without transformation to match: is "SIGN IN" and view.getContentDescription() is "Save" and view.getParent() view.getParent() an instance of android.widget.RelativeLayout)
09-07 06:08:59.717  8547  8596 W teco.fmhandroi: Accessing hidden method Lsun/misc/Unsafe;->compareAndSwapObject(Ljava/lang/Object;JLjava/lang/Object;Ljava/lang/Object;)Z (greylist, linking, allowed)
09-07 06:08:59.719  8547  8547 I ViewInteraction: Performing 'wait for a specific view with <(an instance of android.widget.TextView and view.getHint() matching: is "Login" and view.getParent() view.getParent() view.getId() is <2131231121/ru.iteco.fmhandroid:id/login_text_input_layout>)> during 10000 millis.' action on view view.getRootView() to equal view
09-07 06:08:59.721  8547  8596 W teco.fmhandroi: Accessing hidden method Lsun/misc/Unsafe;->compareAndSwapObject(Ljava/lang/Object;JLjava/lang/Object;Ljava/lang/Object;)Z (greylist, linking, allowed)
09-07 06:08:59.722  8547  8547 I ViewInteraction: Performing 'replace text(invalid)' action on view (an instance of android.widget.TextView and view.getHint() matching: is "Login" and view.getParent() view.getParent() view.getId() is <2131231121/ru.iteco.fmhandroid:id/login_text_input_layout>)
09-07 06:08:59.732  8547  8596 W teco.fmhandroi: Accessing hidden method Lsun/misc/Unsafe;->compareAndSwapObject(Ljava/lang/Object;JLjava/lang/Object;Ljava/lang/Object;)Z (greylist, linking, allowed)
09-07 06:08:59.744  8547  8547 I ViewInteraction: Performing 'wait for a specific view with <(an instance of android.widget.TextView and view.getHint() matching: is "Password" and view.getParent() view.getParent() view.getId() is <2131231264/ru.iteco.fmhandroid:id/password_text_input_layout>)> during 10000 millis.' action on view view.getRootView() to equal view
09-07 06:08:59.746  8547  8596 W teco.fmhandroi: Accessing hidden method Lsun/misc/Unsafe;->compareAndSwapObject(Ljava/lang/Object;JLjava/lang/Object;Ljava/lang/Object;)Z (greylist, linking, allowed)
09-07 06:08:59.763  8547  8547 I ViewInteraction: Performing 'replace text(invalid)' action on view (an instance of android.widget.TextView and view.getHint() matching: is "Password" and view.getParent() view.getParent() view.getId() is <2131231264/ru.iteco.fmhandroid:id/password_text_input_layout>)
09-07 06:08:59.768  8547  8596 W teco.fmhandroi: Accessing hidden method Lsun/misc/Unsafe;->compareAndSwapObject(Ljava/lang/Object;JLjava/lang/Object;Ljava/lang/Object;)Z (greylist, linking, allowed)
09-07 06:08:59.821  8547  8547 I ViewInteraction: Performing 'wait for a specific view with <(view.getId() is <2131231039/ru.iteco.fmhandroid:id/enter_button> and an instance of android.widget.TextView and view.getText() with or without transformation to match: is "SIGN IN" and view.getContentDescription() is "Save" and view.getParent() view.getParent() an instance of android.widget.RelativeLayout)> during 10000 millis.' action on view view.getRootView() to equal view
09-07 06:08:59.823  8547  8596 W teco.fmhandroi: Accessing hidden method Lsun/misc/Unsafe;->compareAndSwapObject(Ljava/lang/Object;JLjava/lang/Object;Ljava/lang/Object;)Z (greylist, linking, allowed)
09-07 06:08:59.824  8547  8547 I ViewInteraction: Checking 'MatchesViewAssertion{viewMatcher=view.isClickable() is <true>}' assertion on view (view.getId() is <2131231039/ru.iteco.fmhandroid:id/enter_button> and an instance of android.widget.TextView and view.getText() with or without transformation to match: is "SIGN IN" and view.getContentDescription() is "Save" and view.getParent() view.getParent() an instance of android.widget.RelativeLayout)
09-07 06:08:59.826  8547  8596 W teco.fmhandroi: Accessing hidden method Lsun/misc/Unsafe;->compareAndSwapObject(Ljava/lang/Object;JLjava/lang/Object;Ljava/lang/Object;)Z (greylist, linking, allowed)
09-07 06:08:59.828  8547  8547 I ViewInteraction: Performing 'wait for a specific view with <(view.getId() is <2131231039/ru.iteco.fmhandroid:id/enter_button> and an instance of android.widget.TextView and view.getText() with or without transformation to match: is "SIGN IN" and view.getContentDescription() is "Save" and view.getParent() view.getParent() an instance of android.widget.RelativeLayout)> during 10000 millis.' action on view view.getRootView() to equal view
09-07 06:08:59.844  8547  8596 W teco.fmhandroi: Accessing hidden method Lsun/misc/Unsafe;->compareAndSwapObject(Ljava/lang/Object;JLjava/lang/Object;Ljava/lang/Object;)Z (greylist, linking, allowed)
09-07 06:08:59.846  8547  8547 I ViewInteraction: Performing 'single click' action on view (view.getId() is <2131231039/ru.iteco.fmhandroid:id/enter_button> and an instance of android.widget.TextView and view.getText() with or without transformation to match: is "SIGN IN" and view.getContentDescription() is "Save" and view.getParent() view.getParent() an instance of android.widget.RelativeLayout)
09-07 06:08:59.894  1781  6116 W audio_hw_generic: Not supplying enough data to HAL, expected position 76871676 , only wrote 76871656
09-07 06:08:59.905  8547  8745 I okhttp.OkHttpClient: --> POST http://www.981757-ca08998.tmweb.ru:8080/fmh/authentication/login
09-07 06:08:59.905  8547  8745 I okhttp.OkHttpClient: Content-Type: application/json; charset=UTF-8
09-07 06:08:59.905  8547  8745 I okhttp.OkHttpClient: Content-Length: 40
09-07 06:08:59.906  8547  8745 I okhttp.OkHttpClient: {"login":"invalid","password":"invalid"}
09-07 06:08:59.906  8547  8745 I okhttp.OkHttpClient: --> END POST (40-byte body)
09-07 06:08:59.907  1774  8746 E ResolverController: No valid NAT64 prefix (101, <unspecified>/0)
09-07 06:09:00.031  2182  2182 W View    : requestLayout() improperly called by com.android.keyguard.AlphaOptimizedLinearLayout{551c6d8 V.E...... ......ID 7,0-48,61 #7f0a041c app:id/wifi_group} during second layout pass: posting in next frame
09-07 06:09:00.050  2182  2182 W View    : requestLayout() improperly called by StatusBarIconView(slot=mobile icon=null notification=null) during layout: running second layout pass
09-07 06:09:00.135  8547  8547 D RootViewPicker: No matching root available - waiting: 10ms for one to appear.
09-07 06:09:00.148  8547  8547 D RootViewPicker: No matching root available - waiting: 20ms for one to appear.
09-07 06:09:00.171  8547  8547 D RootViewPicker: No matching root available - waiting: 200ms for one to appear.
09-07 06:09:00.374  8547  8547 D RootViewPicker: No matching root available - waiting: 400ms for one to appear.
09-07 06:09:00.534  1792  2272 E GnssHAL_GnssInterface: gnssSvStatusCb: a: input svInfo.flags is 8
09-07 06:09:00.534  1792  2272 E GnssHAL_GnssInterface: gnssSvStatusCb: b: input svInfo.flags is 8
09-07 06:09:00.778  8547  8547 D RootViewPicker: No matching root available - waiting: 1000ms for one to appear.
09-07 06:09:01.491  2037  2065 E memtrack: Couldn't load memtrack module
09-07 06:09:01.492  2037  2065 W android.os.Debug: failed to get memory consumption info: -1
09-07 06:09:01.535  1792  2272 E GnssHAL_GnssInterface: gnssSvStatusCb: a: input svInfo.flags is 8
09-07 06:09:01.535  1792  2272 E GnssHAL_GnssInterface: gnssSvStatusCb: b: input svInfo.flags is 8
09-07 06:09:01.618  8547  8598 V FA      : Inactivity, disconnecting from the service
09-07 06:09:01.780  8547  8547 D RootViewPicker: No matching root available - waiting: 2000ms for one to appear.
09-07 06:09:02.535  1792  2272 E GnssHAL_GnssInterface: gnssSvStatusCb: a: input svInfo.flags is 8
09-07 06:09:02.535  1792  2272 E GnssHAL_GnssInterface: gnssSvStatusCb: b: input svInfo.flags is 8
09-07 06:09:02.605  8425  8398 E GmsConnectionFactory: UID for network attribution might be misset for tag 536871943 [CONTEXT service_id=39 ]
09-07 06:09:02.605  8425  8398 E GmsConnectionFactory: dbcc: FULL
09-07 06:09:02.605  8425  8398 E GmsConnectionFactory: 	at a.K(:com.google.android.gms@233316031@23.33.16 (100700-560149061):9)
09-07 06:09:02.605  8425  8398 E GmsConnectionFactory: 	at aqvc.a(:com.google.android.gms@233316031@23.33.16 (100700-560149061):148)
09-07 06:09:02.605  8425  8398 E GmsConnectionFactory: 	at atqw.c(:com.google.android.gms@233316031@23.33.16 (100700-560149061):119)
09-07 06:09:02.605  8425  8398 E GmsConnectionFactory: 	at atqm.d(:com.google.android.gms@233316031@23.33.16 (100700-560149061):11)
09-07 06:09:02.605  8425  8398 E GmsConnectionFactory: 	at atqr.a(:com.google.android.gms@233316031@23.33.16 (100700-560149061):4)
09-07 06:09:02.605  8425  8398 E GmsConnectionFactory: 	at atqm.b(:com.google.android.gms@233316031@23.33.16 (100700-560149061):86)
09-07 06:09:02.605  8425  8398 E GmsConnectionFactory: 	at atqm.execute(:com.google.android.gms@233316031@23.33.16 (100700-560149061):8)
09-07 06:09:02.605  8425  8398 E GmsConnectionFactory: 	at atqm.execute(:com.google.android.gms@233316031@23.33.16 (100700-560149061):5)
09-07 06:09:02.605  8425  8398 E GmsConnectionFactory: 	at asbo.h(:com.google.android.gms@233316031@23.33.16 (100700-560149061):517)
09-07 06:09:02.605  8425  8398 E GmsConnectionFactory: 	at asbj.run(:com.google.android.gms@233316031@23.33.16 (100700-560149061):13)
09-07 06:09:02.605  8425  8398 E GmsConnectionFactory: 	at aenj.c(:com.google.android.gms@233316031@23.33.16 (100700-560149061):50)
09-07 06:09:02.605  8425  8398 E GmsConnectionFactory: 	at aenj.run(:com.google.android.gms@233316031@23.33.16 (100700-560149061):76)
09-07 06:09:02.605  8425  8398 E GmsConnectionFactory: 	at java.util.concurrent.ThreadPoolExecutor.runWorker(ThreadPoolExecutor.java:1167)
09-07 06:09:02.605  8425  8398 E GmsConnectionFactory: 	at java.util.concurrent.ThreadPoolExecutor$Worker.run(ThreadPoolExecutor.java:641)
09-07 06:09:02.605  8425  8398 E GmsConnectionFactory: 	at aess.run(:com.google.android.gms@233316031@23.33.16 (100700-560149061):8)
09-07 06:09:02.605  8425  8398 E GmsConnectionFactory: 	at java.lang.Thread.run(Thread.java:919)
09-07 06:09:02.940  8282  8356 E FirebaseInstanceId: Token retrieval failed: INVALID_SENDER
09-07 06:09:03.058  1781  1887 W audio_hw_generic: Not supplying enough data to HAL, expected position 77148958 , only wrote 77011127
09-07 06:09:03.536  1792  2272 E GnssHAL_GnssInterface: gnssSvStatusCb: a: input svInfo.flags is 8
09-07 06:09:03.536  1792  2272 E GnssHAL_GnssInterface: gnssSvStatusCb: b: input svInfo.flags is 8
09-07 06:09:03.784  8547  8547 D RootViewPicker: No matching root available - waiting: 2000ms for one to appear.
09-07 06:09:04.535  1792  2272 E GnssHAL_GnssInterface: gnssSvStatusCb: a: input svInfo.flags is 8
09-07 06:09:04.535  1792  2272 E GnssHAL_GnssInterface: gnssSvStatusCb: b: input svInfo.flags is 8
09-07 06:09:05.536  1792  2272 E GnssHAL_GnssInterface: gnssSvStatusCb: a: input svInfo.flags is 8
09-07 06:09:05.536  1792  2272 E GnssHAL_GnssInterface: gnssSvStatusCb: b: input svInfo.flags is 8
09-07 06:09:05.789  8547  8547 D RootViewPicker: No matching root available - waiting: 2000ms for one to appear.
09-07 06:09:06.536  1792  2272 E GnssHAL_GnssInterface: gnssSvStatusCb: a: input svInfo.flags is 8
09-07 06:09:06.537  1792  2272 E GnssHAL_GnssInterface: gnssSvStatusCb: b: input svInfo.flags is 8
09-07 06:09:06.628  7867  7867 D BoundBrokerSvc: onUnbind: Intent { act=com.google.android.gms.measurement.START pkg=com.google.android.gms }
09-07 06:09:07.535  1792  2272 E GnssHAL_GnssInterface: gnssSvStatusCb: a: input svInfo.flags is 8
09-07 06:09:07.535  1792  2272 E GnssHAL_GnssInterface: gnssSvStatusCb: b: input svInfo.flags is 8
09-07 06:09:07.795  8547  8547 D RootViewPicker: No matching root available - waiting: 2000ms for one to appear.
09-07 06:09:08.335  2037  2037 W WindowManager: removeWindowToken: Attempted to remove non-existing token: android.os.Binder@f9be8e5
09-07 06:09:08.536  1792  2272 E GnssHAL_GnssInterface: gnssSvStatusCb: a: input svInfo.flags is 8
09-07 06:09:08.537  1792  2272 E GnssHAL_GnssInterface: gnssSvStatusCb: b: input svInfo.flags is 8
09-07 06:09:09.535  1792  2272 E GnssHAL_GnssInterface: gnssSvStatusCb: a: input svInfo.flags is 8
09-07 06:09:09.535  1792  2272 E GnssHAL_GnssInterface: gnssSvStatusCb: b: input svInfo.flags is 8
09-07 06:09:09.801  8547  8547 D RootViewPicker: No matching root available - waiting: 2000ms for one to appear.
09-07 06:09:10.013  1937  1937 E netmgr  : Failed to open QEMU pipe 'qemud:network': Invalid argument
09-07 06:09:10.159  8547  8745 I okhttp.OkHttpClient: <-- HTTP FAILED: java.net.SocketTimeoutException: timeout
09-07 06:09:10.162  8547  8547 W System.err: ru.iteco.fmhandroid.exceptions.ServerException
09-07 06:09:10.162  8547  8547 W System.err: 	at ru.iteco.fmhandroid.utils.Utils.makeRequest(Utils.kt:119)
09-07 06:09:10.162  8547  8547 W System.err: 	at ru.iteco.fmhandroid.utils.Utils$makeRequest$1.invokeSuspend(Unknown Source:15)
09-07 06:09:10.162  8547  8547 W System.err: 	at kotlin.coroutines.jvm.internal.BaseContinuationImpl.resumeWith(ContinuationImpl.kt:33)
09-07 06:09:10.162  8547  8547 W System.err: 	at kotlinx.coroutines.DispatchedTask.run(DispatchedTask.kt:104)
09-07 06:09:10.162  8547  8547 W System.err: 	at android.os.Handler.handleCallback(Handler.java:883)
09-07 06:09:10.162  8547  8547 W System.err: 	at android.os.Handler.dispatchMessage(Handler.java:100)
09-07 06:09:10.163  8547  8547 W System.err: 	at androidx.test.espresso.base.Interrogator.loopAndInterrogate(Interrogator.java:14)
09-07 06:09:10.163  8547  8547 W System.err: 	at androidx.test.espresso.base.UiControllerImpl.loopUntil(UiControllerImpl.java:8)
09-07 06:09:10.163  8547  8547 W System.err: 	at androidx.test.espresso.base.UiControllerImpl.loopUntil(UiControllerImpl.java:1)
09-07 06:09:10.163  8547  8547 W System.err: 	at androidx.test.espresso.base.UiControllerImpl.loopMainThreadForAtLeast(UiControllerImpl.java:7)
09-07 06:09:10.163  8547  8547 W System.err: 	at androidx.test.espresso.base.RootViewPicker.pickARoot(RootViewPicker.java:7)
09-07 06:09:10.163  8547  8547 W System.err: 	at androidx.test.espresso.base.RootViewPicker.pickRootView(RootViewPicker.java:1)
09-07 06:09:10.164  8547  8547 W System.err: 	at androidx.test.espresso.base.RootViewPicker.get(RootViewPicker.java:4)
09-07 06:09:10.164  8547  8547 W System.err: 	at androidx.test.espresso.ViewInteractionModule.provideRootView(ViewInteractionModule.java:1)
09-07 06:09:10.164  8547  8547 W System.err: 	at androidx.test.espresso.ViewInteractionModule_ProvideRootViewFactory.provideRootView(ViewInteractionModule_ProvideRootViewFactory.java:1)
09-07 06:09:10.164  8547  8547 W System.err: 	at androidx.test.espresso.ViewInteractionModule_ProvideRootViewFactory.get(ViewInteractionModule_ProvideRootViewFactory.java:1)
09-07 06:09:10.165  8547  8547 W System.err: 	at androidx.test.espresso.ViewInteractionModule_ProvideRootViewFactory.get(ViewInteractionModule_ProvideRootViewFactory.java:2)
09-07 06:09:10.165  8547  8547 W System.err: 	at androidx.test.espresso.base.ViewFinderImpl.getView(ViewFinderImpl.java:4)
09-07 06:09:10.165  8547  8547 W System.err: 	at androidx.test.espresso.ViewInteraction$2.call(ViewInteraction.java:9)
09-07 06:09:10.165  8547  8547 W System.err: 	at androidx.test.espresso.ViewInteraction$2.call(ViewInteraction.java:1)
09-07 06:09:10.165  8547  8547 W System.err: 	at java.util.concurrent.FutureTask.run(FutureTask.java:266)
09-07 06:09:10.166  8547  8547 W System.err: 	at android.os.Handler.handleCallback(Handler.java:883)
09-07 06:09:10.166  8547  8547 W System.err: 	at android.os.Handler.dispatchMessage(Handler.java:100)
09-07 06:09:10.166  8547  8547 W System.err: 	at android.os.Looper.loop(Looper.java:214)
09-07 06:09:10.166  8547  8547 W System.err: 	at android.app.ActivityThread.main(ActivityThread.java:7356)
09-07 06:09:10.166  8547  8547 W System.err: 	at java.lang.reflect.Method.invoke(Native Method)
09-07 06:09:10.166  8547  8547 W System.err: 	at com.android.internal.os.RuntimeInit$MethodAndArgsCaller.run(RuntimeInit.java:492)
09-07 06:09:10.166  8547  8547 W System.err: 	at com.android.internal.os.ZygoteInit.main(ZygoteInit.java:930)
09-07 06:09:10.521  1939  1939 E wifi_forwarder: RemoteConnection failed to initialize: RemoteConnection failed to open pipe
09-07 06:09:10.534  1792  2272 E GnssHAL_GnssInterface: gnssSvStatusCb: a: input svInfo.flags is 8
09-07 06:09:10.534  1792  2272 E GnssHAL_GnssInterface: gnssSvStatusCb: b: input svInfo.flags is 8
09-07 06:09:10.631  1793  1793 D gralloc_ranchu: gralloc_alloc: Creating ashmem region of size 438272
09-07 06:09:10.637  1793  1793 I chatty  : uid=1000(system) allocator@2.0-s identical 1 line
09-07 06:09:10.639  1793  1793 D gralloc_ranchu: gralloc_alloc: Creating ashmem region of size 438272
09-07 06:09:10.640  8547  8660 D EGL_emulation: eglMakeCurrent: 0xda21b3e0: ver 2 0 (tinfo 0xda20fe50)
09-07 06:09:11.536  1792  2272 E GnssHAL_GnssInterface: gnssSvStatusCb: a: input svInfo.flags is 8
09-07 06:09:11.536  1792  2272 E GnssHAL_GnssInterface: gnssSvStatusCb: b: input svInfo.flags is 8
09-07 06:09:11.736  7867  7867 D BoundBrokerSvc: onUnbind: Intent { act=com.google.android.gms.inappreach.service.START dat=chimera-action: cmp=com.google.android.gms/.chimera.GmsApiService }
09-07 06:09:11.819  8547  8547 I ViewInteraction: Checking 'MatchesViewAssertion{viewMatcher=(view has effective visibility <VISIBLE> and view.getGlobalVisibleRect() to return non-empty rectangle)}' assertion on view an instance of android.widget.TextView and view.getText() equals string from resource id: <2131820798> [wrong_login_or_password] value: Wrong login or password
09-07 06:09:11.823  8547  8547 D takeScreenshot: Found 2 global views to redraw
09-07 06:09:11.858  8547  8660 D EGL_emulation: eglMakeCurrent: 0xda21b3e0: ver 2 0 (tinfo 0xda20fe50)
09-07 06:09:11.880  8547  8660 D EGL_emulation: eglMakeCurrent: 0xda21b3e0: ver 2 0 (tinfo 0xda20fe50)
09-07 06:09:11.896  1793  1793 D gralloc_ranchu: gralloc_alloc: Creating ashmem region of size 9850880
09-07 06:09:11.935  8547  8596 W DefaultFailureHandler: Failed to take screenshot
09-07 06:09:11.935  8547  8596 W DefaultFailureHandler: java.io.FileNotFoundException: view-op-error-2.png: open failed: EROFS (Read-only file system)
09-07 06:09:11.935  8547  8596 W DefaultFailureHandler: 	at libcore.io.IoBridge.open(IoBridge.java:496)
09-07 06:09:11.935  8547  8596 W DefaultFailureHandler: 	at java.io.FileOutputStream.<init>(FileOutputStream.java:235)
09-07 06:09:11.935  8547  8596 W DefaultFailureHandler: 	at java.io.FileOutputStream.<init>(FileOutputStream.java:125)
09-07 06:09:11.935  8547  8596 W DefaultFailureHandler: 	at androidx.test.platform.io.FileTestStorage.openOutputFile(FileTestStorage.java:60)
09-07 06:09:11.935  8547  8596 W DefaultFailureHandler: 	at androidx.test.core.graphics.BitmapStorage.writeToTestStorage(BitmapStorageExt.kt:49)
09-07 06:09:11.935  8547  8596 W DefaultFailureHandler: 	at androidx.test.espresso.base.DefaultFailureHandler.takeScreenshot(DefaultFailureHandler.java:4)
09-07 06:09:11.935  8547  8596 W DefaultFailureHandler: 	at androidx.test.espresso.base.DefaultFailureHandler.handle(DefaultFailureHandler.java:3)
09-07 06:09:11.935  8547  8596 W DefaultFailureHandler: 	at androidx.test.espresso.ViewInteraction.waitForAndHandleInteractionResults(ViewInteraction.java:8)
09-07 06:09:11.935  8547  8596 W DefaultFailureHandler: 	at androidx.test.espresso.ViewInteraction.check(ViewInteraction.java:12)
09-07 06:09:11.935  8547  8596 W DefaultFailureHandler: 	at ru.iteco.fmhandroid.ui.steps.AuthSteps.checkToast(AuthSteps.java:96)
09-07 06:09:11.935  8547  8596 W DefaultFailureHandler: 	at ru.iteco.fmhandroid.ui.AuthPageTest.shouldLogInWithInvalidData(AuthPageTest.java:67)
09-07 06:09:11.935  8547  8596 W DefaultFailureHandler: 	at java.lang.reflect.Method.invoke(Native Method)
09-07 06:09:11.935  8547  8596 W DefaultFailureHandler: 	at org.junit.runners.model.FrameworkMethod$1.runReflectiveCall(FrameworkMethod.java:59)
09-07 06:09:11.935  8547  8596 W DefaultFailureHandler: 	at org.junit.internal.runners.model.ReflectiveCallable.run(ReflectiveCallable.java:12)
09-07 06:09:11.935  8547  8596 W DefaultFailureHandler: 	at org.junit.runners.model.FrameworkMethod.invokeExplosively(FrameworkMethod.java:56)
09-07 06:09:11.935  8547  8596 W DefaultFailureHandler: 	at org.junit.internal.runners.statements.InvokeMethod.evaluate(InvokeMethod.java:17)
09-07 06:09:11.935  8547  8596 W DefaultFailureHandler: 	at androidx.test.internal.runner.junit4.statement.RunBefores.evaluate(RunBefores.java:80)
09-07 06:09:11.935  8547  8596 W DefaultFailureHandler: 	at io.qameta.allure.android.rules.ScreenshotRule$apply$1.evaluate(ScreenshotRule.kt:22)
09-07 06:09:11.935  8547  8596 W DefaultFailureHandler: 	at org.junit.rules.ExternalResource$1.evaluate(ExternalResource.java:54)
09-07 06:09:11.935  8547  8596 W DefaultFailureHandler: 	at io.qameta.allure.android.rules.LogcatRule$apply$1.evaluate(LogcatRule.kt:23)
09-07 06:09:11.935  8547  8596 W DefaultFailureHandler: 	at org.junit.rules.RunRules.evaluate(RunRules.java:20)
09-07 06:09:11.935  8547  8596 W DefaultFailureHandler: 	at org.junit.runners.ParentRunner$3.evaluate(ParentRunner.java:306)
09-07 06:09:11.935  8547  8596 W DefaultFailureHandler: 	at org.junit.runners.BlockJUnit4ClassRunner$1.evaluate(BlockJUnit4ClassRunner.java:100)
09-07 06:09:11.935  8547  8596 W DefaultFailureHandler: 	at org.junit.runners.ParentRunner.runLeaf(ParentRunner.java:366)
09-07 06:09:11.935  8547  8596 W DefaultFailureHandler: 	at org.junit.runners.BlockJUnit4ClassRunner.runChild(BlockJUnit4ClassRunner.java:103)
09-07 06:09:11.935  8547  8596 W DefaultFailureHandler: 	at org.junit.runners.BlockJUnit4ClassRunner.runChild(BlockJUnit4ClassRunner.java:63)
09-07 06:09:11.935  8547  8596 W DefaultFailureHandler: 	at org.junit.runners.ParentRunner$4.run(ParentRunner.java:331)
09-07 06:09:11.935  8547  8596 W DefaultFailureHandler: 	at org.junit.runners.ParentRunner$1.schedule(ParentRunner.java:79)
09-07 06:09:11.935  8547  8596 W DefaultFailureHandler: 	at org.junit.runners.ParentRunner.runChildren(ParentRunner.java:329)
09-07 06:09:11.935  8547  8596 W DefaultFailureHandler: 	at org.junit.runners.ParentRunner.access$100(ParentRunner.java:66)
09-07 06:09:11.935  8547  8596 W DefaultFailureHandler: 	at org.junit.runners.ParentRunner$2.evaluate(ParentRunner.java:293)
09-07 06:09:11.935  8547  8596 W DefaultFailureHandler: 	at org.junit.runners.ParentRunner$3.evaluate(ParentRunner.java:306)
09-07 06:09:11.935  8547  8596 W DefaultFailureHandler: 	at org.junit.runners.ParentRunner.run(ParentRunner.java:413)
09-07 06:09:11.935  8547  8596 W DefaultFailureHandler: 	at androidx.test.ext.junit.runners.AndroidJUnit4.run(AndroidJUnit4.java:162)
09-07 06:09:11.935  8547  8596 W DefaultFailureHandler: 	at io.qameta.allure.android.runners.AllureAndroidJUnit4.run(AllureAndroidJUnitRunners.kt:29)
09-07 06:09:11.935  8547  8596 W DefaultFailureHandler: 	at org.junit.runners.Suite.runChild(Suite.java:128)
09-07 06:09:11.935  8547  8596 W DefaultFailureHandler: 	at org.junit.runners.Suite.runChild(Suite.java:27)
09-07 06:09:11.935  8547  8596 W DefaultFailureHandler: 	at org.junit.runners.ParentRunner$4.run(ParentRunner.java:331)
09-07 06:09:11.935  8547  8596 W DefaultFailureHandler: 	at org.junit.runners.ParentRunner$1.schedule(ParentRunner.java:79)
09-07 06:09:11.935  8547  8596 W DefaultFailureHandler: 	at org.junit.runners.ParentRunner.runChildren(ParentRunner.java:329)
09-07 06:09:11.935  8547  8596 W DefaultFailureHandler: 	at org.junit.runners.ParentRunner.access$100(ParentRunner.java:66)
09-07 06:09:11.935  8547  8596 W DefaultFailureHandler: 	at org.junit.runners.ParentRunner$2.evaluate(ParentRunner.java:293)
09-07 06:09:11.935  8547  8596 W DefaultFailureHandler: 	at org.junit.runners.ParentRunner$3.evaluate(ParentRunner.java:306)
09-07 06:09:11.935  8547  8596 W DefaultFailureHandler: 	at org.junit.runners.ParentRunner.run(ParentRunner.java:413)
09-07 06:09:11.935  8547  8596 W DefaultFailureHandler: 	at org.junit.runner.JUnitCore.run(JUnitCore.java:137)
09-07 06:09:11.935  8547  8596 W DefaultFailureHandler: 	at org.junit.runner.JUnitCore.run(JUnitCore.java:115)
09-07 06:09:11.935  8547  8596 W DefaultFailureHandler: 	at androidx.test.internal.runner.TestExecutor.execute(TestExecutor.java:67)
09-07 06:09:11.935  8547  8596 W DefaultFailureHandler: 	at androidx.test.internal.runner.TestExecutor.execute(TestExecutor.java:58)
09-07 06:09:11.935  8547  8596 W DefaultFailureHandler: 	at androidx.test.runner.AndroidJUnitRunner.onStart(AndroidJUnitRunner.java:438)
09-07 06:09:11.935  8547  8596 W DefaultFailureHandler: 	at android.app.Instrumentation$InstrumentationThread.run(Instrumentation.java:2189)
09-07 06:09:11.935  8547  8596 W DefaultFailureHandler: Caused by: android.system.ErrnoException: open failed: EROFS (Read-only file system)
09-07 06:09:11.935  8547  8596 W DefaultFailureHandler: 	at libcore.io.Linux.open(Native Method)
09-07 06:09:11.936  8547  8596 W DefaultFailureHandler: 	at libcore.io.ForwardingOs.open(ForwardingOs.java:167)
09-07 06:09:11.936  8547  8596 W DefaultFailureHandler: 	at libcore.io.BlockGuardOs.open(BlockGuardOs.java:252)
09-07 06:09:11.936  8547  8596 W DefaultFailureHandler: 	at libcore.io.ForwardingOs.open(ForwardingOs.java:167)
09-07 06:09:11.936  8547  8596 W DefaultFailureHandler: 	at android.app.ActivityThread$AndroidOs.open(ActivityThread.java:7255)
09-07 06:09:11.936  8547  8596 W DefaultFailureHandler: 	at libcore.io.IoBridge.open(IoBridge.java:482)
09-07 06:09:11.936  8547  8596 W DefaultFailureHandler: 	... 49 more
09-07 06:09:11.943  8547  8596 W ViewHierarchyExceptionHandler: Failed to save the view hierarchy to file view-hierarchy-2.txt
09-07 06:09:11.943  8547  8596 W ViewHierarchyExceptionHandler: java.io.FileNotFoundException: view-hierarchy-2.txt: open failed: EROFS (Read-only file system)
09-07 06:09:11.943  8547  8596 W ViewHierarchyExceptionHandler: 	at libcore.io.IoBridge.open(IoBridge.java:496)
09-07 06:09:11.943  8547  8596 W ViewHierarchyExceptionHandler: 	at java.io.FileOutputStream.<init>(FileOutputStream.java:235)
09-07 06:09:11.943  8547  8596 W ViewHierarchyExceptionHandler: 	at java.io.FileOutputStream.<init>(FileOutputStream.java:125)
09-07 06:09:11.943  8547  8596 W ViewHierarchyExceptionHandler: 	at androidx.test.platform.io.FileTestStorage.openOutputFile(FileTestStorage.java:60)
09-07 06:09:11.943  8547  8596 W ViewHierarchyExceptionHandler: 	at androidx.test.espresso.base.ViewHierarchyExceptionHandler.addOutputFile(ViewHierarchyExceptionHandler.java:1)
09-07 06:09:11.943  8547  8596 W ViewHierarchyExceptionHandler: 	at androidx.test.espresso.base.ViewHierarchyExceptionHandler.dumpFullViewHierarchyToFile(ViewHierarchyExceptionHandler.java:5)
09-07 06:09:11.943  8547  8596 W ViewHierarchyExceptionHandler: 	at androidx.test.espresso.base.ViewHierarchyExceptionHandler.handleSafely(ViewHierarchyExceptionHandler.java:2)
09-07 06:09:11.943  8547  8596 W ViewHierarchyExceptionHandler: 	at androidx.test.espresso.base.ViewHierarchyExceptionHandler.handleSafely(ViewHierarchyExceptionHandler.java:1)
09-07 06:09:11.943  8547  8596 W ViewHierarchyExceptionHandler: 	at androidx.test.espresso.base.DefaultFailureHandler$TypedFailureHandler.handle(DefaultFailureHandler.java:4)
09-07 06:09:11.943  8547  8596 W ViewHierarchyExceptionHandler: 	at androidx.test.espresso.base.DefaultFailureHandler.handle(DefaultFailureHandler.java:5)
09-07 06:09:11.943  8547  8596 W ViewHierarchyExceptionHandler: 	at androidx.test.espresso.ViewInteraction.waitForAndHandleInteractionResults(ViewInteraction.java:8)
09-07 06:09:11.943  8547  8596 W ViewHierarchyExceptionHandler: 	at androidx.test.espresso.ViewInteraction.check(ViewInteraction.java:12)
09-07 06:09:11.943  8547  8596 W ViewHierarchyExceptionHandler: 	at ru.iteco.fmhandroid.ui.steps.AuthSteps.checkToast(AuthSteps.java:96)
09-07 06:09:11.943  8547  8596 W ViewHierarchyExceptionHandler: 	at ru.iteco.fmhandroid.ui.AuthPageTest.shouldLogInWithInvalidData(AuthPageTest.java:67)
09-07 06:09:11.943  8547  8596 W ViewHierarchyExceptionHandler: 	at java.lang.reflect.Method.invoke(Native Method)
09-07 06:09:11.943  8547  8596 W ViewHierarchyExceptionHandler: 	at org.junit.runners.model.FrameworkMethod$1.runReflectiveCall(FrameworkMethod.java:59)
09-07 06:09:11.943  8547  8596 W ViewHierarchyExceptionHandler: 	at org.junit.internal.runners.model.ReflectiveCallable.run(ReflectiveCallable.java:12)
09-07 06:09:11.943  8547  8596 W ViewHierarchyExceptionHandler: 	at org.junit.runners.model.FrameworkMethod.invokeExplosively(FrameworkMethod.java:56)
09-07 06:09:11.943  8547  8596 W ViewHierarchyExceptionHandler: 	at org.junit.internal.runners.statements.InvokeMethod.evaluate(InvokeMethod.java:17)
09-07 06:09:11.943  8547  8596 W ViewHierarchyExceptionHandler: 	at androidx.test.internal.runner.junit4.statement.RunBefores.evaluate(RunBefores.java:80)
09-07 06:09:11.943  8547  8596 W ViewHierarchyExceptionHandler: 	at io.qameta.allure.android.rules.ScreenshotRule$apply$1.evaluate(ScreenshotRule.kt:22)
09-07 06:09:11.943  8547  8596 W ViewHierarchyExceptionHandler: 	at org.junit.rules.ExternalResource$1.evaluate(ExternalResource.java:54)
09-07 06:09:11.943  8547  8596 W ViewHierarchyExceptionHandler: 	at io.qameta.allure.android.rules.LogcatRule$apply$1.evaluate(LogcatRule.kt:23)
09-07 06:09:11.943  8547  8596 W ViewHierarchyExceptionHandler: 	at org.junit.rules.RunRules.evaluate(RunRules.java:20)
09-07 06:09:11.943  8547  8596 W ViewHierarchyExceptionHandler: 	at org.junit.runners.ParentRunner$3.evaluate(ParentRunner.java:306)
09-07 06:09:11.943  8547  8596 W ViewHierarchyExceptionHandler: 	at org.junit.runners.BlockJUnit4ClassRunner$1.evaluate(BlockJUnit4ClassRunner.java:100)
09-07 06:09:11.943  8547  8596 W ViewHierarchyExceptionHandler: 	at org.junit.runners.ParentRunner.runLeaf(ParentRunner.java:366)
09-07 06:09:11.943  8547  8596 W ViewHierarchyExceptionHandler: 	at org.junit.runners.BlockJUnit4ClassRunner.runChild(BlockJUnit4ClassRunner.java:103)
09-07 06:09:11.943  8547  8596 W ViewHierarchyExceptionHandler: 	at org.junit.runners.BlockJUnit4ClassRunner.runChild(BlockJUnit4ClassRunner.java:63)
09-07 06:09:11.943  8547  8596 W ViewHierarchyExceptionHandler: 	at org.junit.runners.ParentRunner$4.run(ParentRunner.java:331)
09-07 06:09:11.943  8547  8596 W ViewHierarchyExceptionHandler: 	at org.junit.runners.ParentRunner$1.schedule(ParentRunner.java:79)
09-07 06:09:11.943  8547  8596 W ViewHierarchyExceptionHandler: 	at org.junit.runners.ParentRunner.runChildren(ParentRunner.java:329)
09-07 06:09:11.943  8547  8596 W ViewHierarchyExceptionHandler: 	at org.junit.runners.ParentRunner.access$100(ParentRunner.java:66)
09-07 06:09:11.943  8547  8596 W ViewHierarchyExceptionHandler: 	at org.junit.runners.ParentRunner$2.evaluate(ParentRunner.java:293)
09-07 06:09:11.943  8547  8596 W ViewHierarchyExceptionHandler: 	at org.junit.runners.ParentRunner$3.evaluate(ParentRunner.java:306)
09-07 06:09:11.943  8547  8596 W ViewHierarchyExceptionHandler: 	at org.junit.runners.ParentRunner.run(ParentRunner.java:413)
09-07 06:09:11.943  8547  8596 W ViewHierarchyExceptionHandler: 	at androidx.test.ext.junit.runners.AndroidJUnit4.run(AndroidJUnit4.java:162)
09-07 06:09:11.943  8547  8596 W ViewHierarchyExceptionHandler: 	at io.qameta.allure.android.runners.AllureAndroidJUnit4.run(AllureAndroidJUnitRunners.kt:29)
09-07 06:09:11.943  8547  8596 W ViewHierarchyExceptionHandler: 	at org.junit.runners.Suite.runChild(Suite.java:128)
09-07 06:09:11.943  8547  8596 W ViewHierarchyExceptionHandler: 	at org.junit.runners.Suite.runChild(Suite.java:27)
09-07 06:09:11.943  8547  8596 W ViewHierarchyExceptionHandler: 	at org.junit.runners.ParentRunner$4.run(ParentRunner.java:331)
09-07 06:09:11.943  8547  8596 W ViewHierarchyExceptionHandler: 	at org.junit.runners.ParentRunner$1.schedule(ParentRunner.java:79)
09-07 06:09:11.943  8547  8596 W ViewHierarchyExceptionHandler: 	at org.junit.runners.ParentRunner.runChildren(ParentRunner.java:329)
09-07 06:09:11.943  8547  8596 W ViewHierarchyExceptionHandler: 	at org.junit.runners.ParentRunner.access$100(ParentRunner.java:66)
09-07 06:09:11.943  8547  8596 W ViewHierarchyExceptionHandler: 	at org.junit.runners.ParentRunner$2.evaluate(ParentRunner.java:293)
09-07 06:09:11.943  8547  8596 W ViewHierarchyExceptionHandler: 	at org.junit.runners.ParentRunner$3.evaluate(ParentRunner.java:306)
09-07 06:09:11.943  8547  8596 W ViewHierarchyExceptionHandler: 	at org.junit.runners.ParentRunner.run(ParentRunner.java:413)
09-07 06:09:11.943  8547  8596 W ViewHierarchyExceptionHandler: 	at org.junit.runner.JUnitCore.run(JUnitCore.java:137)
09-07 06:09:11.943  8547  8596 W ViewHierarchyExceptionHandler: 	at org.junit.runner.JUnitCore.run(JUnitCore.java:115)
09-07 06:09:11.943  8547  8596 W ViewHierarchyExceptionHandler: 	at androidx.test.internal.runner.TestExecutor.execute(TestExecutor.java:67)
09-07 06:09:11.943  8547  8596 W ViewHierarchyExceptionHandler: 	at androidx.test.internal.runner.TestExecutor.execute(TestExecutor.java:58)
09-07 06:09:11.943  8547  8596 W ViewHierarchyExceptionHandler: 	at androidx.test.runner.AndroidJUnitRunner.onStart(AndroidJUnitRunner.java:438)
09-07 06:09:11.943  8547  8596 W ViewHierarchyExceptionHandler: 	at android.app.Instrumentation$InstrumentationThread.run(Instrumentation.java:2189)
09-07 06:09:11.943  8547  8596 W ViewHierarchyExceptionHandler: Caused by: android.system.ErrnoException: open failed: EROFS (Read-only file system)
09-07 06:09:11.943  8547  8596 W ViewHierarchyExceptionHandler: 	at libcore.io.Linux.open(Native Method)
09-07 06:09:11.943  8547  8596 W ViewHierarchyExceptionHandler: 	at libcore.io.ForwardingOs.open(ForwardingOs.java:167)
09-07 06:09:11.943  8547  8596 W ViewHierarchyExceptionHandler: 	at libcore.io.BlockGuardOs.open(BlockGuardOs.java:252)
09-07 06:09:11.943  8547  8596 W ViewHierarchyExceptionHandler: 	at libcore.io.ForwardingOs.open(ForwardingOs.java:167)
09-07 06:09:11.943  8547  8596 W ViewHierarchyExceptionHandler: 	at android.app.ActivityThread$AndroidOs.open(ActivityThread.java:7255)
09-07 06:09:11.943  8547  8596 W ViewHierarchyExceptionHandler: 	at libcore.io.IoBridge.open(IoBridge.java:482)
09-07 06:09:11.943  8547  8596 W ViewHierarchyExceptionHandler: 	... 52 more
09-07 06:09:11.943  8547  8596 W FileTestStorage: Test input args is not supported.
09-07 06:09:11.955  1793  1793 D gralloc_ranchu: gralloc_alloc: Creating ashmem region of size 9850880
09-07 06:09:12.188  8547  8660 D EGL_emulation: eglMakeCurrent: 0xda21b3e0: ver 2 0 (tinfo 0xda20fe50)
09-07 06:09:12.195  2037  2311 W NotificationService: Toast already killed. pkg=ru.iteco.fmhandroid callback=android.app.ITransientNotification$Stub$Proxy@b1adc97
09-07 06:09:12.353  2037  4497 I ActivityTaskManager: START u0 {act=android.intent.action.MAIN cat=[android.intent.category.LAUNCHER] flg=0x10000000 cmp=ru.iteco.fmhandroid.test/androidx.test.core.app.InstrumentationActivityInvoker$EmptyActivity} from uid 10136
09-07 06:09:12.361  8547  8547 D LifecycleMonitor: Lifecycle status change: ru.iteco.fmhandroid.ui.AppActivity@aaea788 in: PAUSED
09-07 06:09:12.362  8547  8547 V ActivityScenario: Update currentActivityStage to PAUSED, currentActivity=ru.iteco.fmhandroid.ui.AppActivity@aaea788
09-07 06:09:12.362  2037  2311 W InputReader: Device has associated, but no associated display id.
09-07 06:09:12.363  2037  2311 I chatty  : uid=1000(system) Binder:2037_6 identical 21 lines
09-07 06:09:12.363  2037  2311 W InputReader: Device has associated, but no associated display id.
09-07 06:09:12.363  8547  8598 V FA      : Recording user engagement, ms: 15872
09-07 06:09:12.363  2037  2311 W InputReader: Device has associated, but no associated display id.
09-07 06:09:12.364  2037  2311 I chatty  : uid=1000(system) Binder:2037_6 identical 15 lines
09-07 06:09:12.364  2037  2311 W InputReader: Device has associated, but no associated display id.
09-07 06:09:12.365  8613  8613 W ActivityThread: handleWindowVisibility: no activity for token android.os.BinderProxy@fb116a1
09-07 06:09:12.370  2037  2311 W InputReader: Device has associated, but no associated display id.
09-07 06:09:12.371  2037  2311 I chatty  : uid=1000(system) Binder:2037_6 identical 8 lines
09-07 06:09:12.371  2037  2311 W InputReader: Device has associated, but no associated display id.
09-07 06:09:12.407  8547  8660 D EGL_emulation: eglMakeCurrent: 0xda21b3e0: ver 2 0 (tinfo 0xda20fe50)
09-07 06:09:12.439  1793  1793 D gralloc_ranchu: gralloc_alloc: Creating ashmem region of size 9850880
09-07 06:09:12.454  8547  8598 V FA      : Connecting to remote service
09-07 06:09:12.456  1793  1793 D gralloc_ranchu: gralloc_alloc: Creating ashmem region of size 9850880
09-07 06:09:12.460  1793  1793 D gralloc_ranchu: gralloc_alloc: Creating ashmem region of size 9850880
09-07 06:09:12.468  8547  8598 V FA      : Connection attempt already in progress
09-07 06:09:12.468  8547  8598 V FA      : Activity paused, time: 9497073
09-07 06:09:12.469  8613  8656 D EGL_emulation: eglMakeCurrent: 0xda21a240: ver 2 0 (tinfo 0xda20f000)
09-07 06:09:12.483  7867  7867 D BoundBrokerSvc: onBind: Intent { act=com.google.android.gms.measurement.START pkg=com.google.android.gms }
09-07 06:09:12.483  7867  7867 D BoundBrokerSvc: Loading bound service for intent: Intent { act=com.google.android.gms.measurement.START pkg=com.google.android.gms }
09-07 06:09:12.496  2037  2311 W InputReader: Device has associated, but no associated display id.
09-07 06:09:12.501  2037  2311 I chatty  : uid=1000(system) Binder:2037_6 identical 48 lines
09-07 06:09:12.501  2037  2311 W InputReader: Device has associated, but no associated display id.
09-07 06:09:12.502  8547  8598 D FA      : Connected to remote service
09-07 06:09:12.502  8547  8598 V FA      : Processing queued up service tasks: 2
09-07 06:09:12.508  8613  8613 W ActivityThread: handleWindowVisibility: no activity for token android.os.BinderProxy@7819a38
09-07 06:09:12.424  2037  4497 I ActivityTaskManager: START u0 {act=android.intent.action.MAIN cat=[android.intent.category.LAUNCHER] flg=0x10000000 cmp=ru.iteco.fmhandroid.test/androidx.test.core.app.InstrumentationActivityInvoker$EmptyActivity} from uid 10136
09-07 06:09:12.531  2037  4613 W ActivityTaskManager: Duplicate finish request for ActivityRecord{1f3785 u0 ru.iteco.fmhandroid/.ui.AppActivity t878 f}
09-07 06:09:12.534  1792  2272 E GnssHAL_GnssInterface: gnssSvStatusCb: a: input svInfo.flags is 8
09-07 06:09:12.534  1792  2272 E GnssHAL_GnssInterface: gnssSvStatusCb: b: input svInfo.flags is 8
09-07 06:09:12.551  7867  7915 V FA-SVC  : Logging event: origin=auto,name=user_engagement(_e),params=Bundle[{ga_event_origin(_o)=auto, engagement_time_msec(_et)=15872, ga_screen_class(_sc)=AppActivity, ga_screen_id(_si)=5192092007483226606}]
09-07 06:09:12.574  1793  1793 D gralloc_ranchu: gralloc_alloc: Creating ashmem region of size 9850880
09-07 06:09:12.582  1793  1793 I chatty  : uid=1000(system) allocator@2.0-s identical 1 line
