09-07 03:46:33.736 13638 13684 V FA      : Recording user engagement, ms: 31197
09-07 03:46:33.736  2037  2425 W InputReader: Device has associated, but no associated display id.
09-07 03:46:33.737  2037  2425 I chatty  : uid=1000(system) Binder:2037_7 identical 28 lines
09-07 03:46:33.737  2037  2425 W InputReader: Device has associated, but no associated display id.
09-07 03:46:33.738 13694 13694 W ActivityThread: handleWindowVisibility: no activity for token android.os.BinderProxy@d6eec89
09-07 03:46:33.770 13694 13726 D HostConnection: HostConnection::get() New Host Connection established 0xda2732d0, tid 13726
09-07 03:46:33.771 13694 13726 D HostConnection: HostComposition ext ANDROID_EMU_CHECKSUM_HELPER_v1 ANDROID_EMU_dma_v1 ANDROID_EMU_direct_mem ANDROID_EMU_vulkan ANDROID_EMU_deferred_vulkan_commands ANDROID_EMU_vulkan_null_optional_strings ANDROID_EMU_vulkan_create_resources_with_requirements ANDROID_EMU_YUV420_888_to_NV21 ANDROID_EMU_YUV_Cache ANDROID_EMU_vulkan_free_memory_sync ANDROID_EMU_vulkan_shader_float16_int8 ANDROID_EMU_vulkan_async_queue_submit ANDROID_EMU_sync_buffer_data GL_OES_vertex_array_object GL_KHR_texture_compression_astc_ldr ANDROID_EMU_host_side_tracing ANDROID_EMU_gles_max_version_2 
09-07 03:46:33.776 13694 13726 W OpenGLRenderer: Failed to choose config with EGL_SWAP_BEHAVIOR_PRESERVED, retrying without...
09-07 03:46:33.783 13694 13726 D eglCodecCommon: setVertexArrayObject: set vao to 0 (0) 0 0
09-07 03:46:33.783 13694 13726 D EGL_emulation: eglCreateContext: 0xda21a240: maj 2 min 0 rcv 2
09-07 03:46:33.803 13694 13726 D EGL_emulation: eglMakeCurrent: 0xda21a240: ver 2 0 (tinfo 0xda20f0e0)
09-07 03:46:33.823 13638 13684 V FA      : Connecting to remote service
09-07 03:46:33.825  1793  2554 D gralloc_ranchu: gralloc_alloc: Creating ashmem region of size 9850880
09-07 03:46:33.830  1678  1678 I hwservicemanager: getTransport: Cannot find entry android.hardware.graphics.mapper@3.0::IMapper/default in either framework or device manifest.
09-07 03:46:33.830 13694 13726 W Gralloc3: mapper 3.x is not supported
09-07 03:46:33.831  7867  7867 D BoundBrokerSvc: onBind: Intent { act=com.google.android.gms.measurement.START pkg=com.google.android.gms }
09-07 03:46:33.831  7867  7867 D BoundBrokerSvc: Loading bound service for intent: Intent { act=com.google.android.gms.measurement.START pkg=com.google.android.gms }
09-07 03:46:33.831 13694 13726 D HostConnection: createUnique: call
09-07 03:46:33.831 13694 13726 D HostConnection: HostConnection::get() New Host Connection established 0xda273410, tid 13726
09-07 03:46:33.833 13694 13726 D HostConnection: HostComposition ext ANDROID_EMU_CHECKSUM_HELPER_v1 ANDROID_EMU_dma_v1 ANDROID_EMU_direct_mem ANDROID_EMU_vulkan ANDROID_EMU_deferred_vulkan_commands ANDROID_EMU_vulkan_null_optional_strings ANDROID_EMU_vulkan_create_resources_with_requirements ANDROID_EMU_YUV420_888_to_NV21 ANDROID_EMU_YUV_Cache ANDROID_EMU_vulkan_free_memory_sync ANDROID_EMU_vulkan_shader_float16_int8 ANDROID_EMU_vulkan_async_queue_submit ANDROID_EMU_sync_buffer_data GL_OES_vertex_array_object GL_KHR_texture_compression_astc_ldr ANDROID_EMU_host_side_tracing ANDROID_EMU_gles_max_version_2 
09-07 03:46:33.833 13694 13726 D eglCodecCommon: allocate: Ask for block of size 0x1000
09-07 03:46:33.834 13694 13726 D eglCodecCommon: allocate: ioctl allocate returned offset 0x3ff686000 size 0x2000
09-07 03:46:33.836  1793  2554 D gralloc_ranchu: gralloc_alloc: Creating ashmem region of size 9850880
09-07 03:46:33.837 13638 13684 V FA      : Connection attempt already in progress
09-07 03:46:33.838 13694 13726 D EGL_emulation: eglMakeCurrent: 0xda21a240: ver 2 0 (tinfo 0xda20f0e0)
09-07 03:46:33.838  1793  2554 D gralloc_ranchu: gralloc_alloc: Creating ashmem region of size 9850880
09-07 03:46:33.840 13694 13726 D eglCodecCommon: setVertexArrayObject: set vao to 0 (0) 1 0
09-07 03:46:33.840 13638 13684 V FA      : Activity paused, time: 1317628
09-07 03:46:33.843 13638 13684 D FA      : Connected to remote service
09-07 03:46:33.844 13638 13684 V FA      : Processing queued up service tasks: 2
09-07 03:46:33.866  7867 13800 V FA-SVC  : Logging event: origin=auto,name=user_engagement(_e),params=Bundle[{ga_event_origin(_o)=auto, engagement_time_msec(_et)=31197, ga_screen_class(_sc)=AppActivity, ga_screen_id(_si)=3843850780453617544}]
09-07 03:46:33.877  7867 13800 V FA-SVC  : Upload scheduled in approximately ms: 2443233
09-07 03:46:33.877  7867 13800 V FA-SVC  : Unscheduling upload
09-07 03:46:33.878  7867 13800 V FA-SVC  : Scheduling upload, millis: 2443233
09-07 03:46:33.881  7867 13800 V FA-SVC  : Background event processing time, ms: 16
09-07 03:46:33.916  2037  2459 W InputReader: Device has associated, but no associated display id.
09-07 03:46:33.921  2037  2459 I chatty  : uid=1000(system) Binder:2037_9 identical 48 lines
09-07 03:46:33.921  2037  2459 W InputReader: Device has associated, but no associated display id.
09-07 03:46:33.943  1792  2272 E GnssHAL_GnssInterface: gnssSvStatusCb: a: input svInfo.flags is 8
09-07 03:46:33.943  1792  2272 E GnssHAL_GnssInterface: gnssSvStatusCb: b: input svInfo.flags is 8
09-07 03:46:33.945 13694 13694 W ActivityThread: handleWindowVisibility: no activity for token android.os.BinderProxy@ee74d3e
09-07 03:46:33.816  2037  2425 I ActivityTaskManager: START u0 {act=android.intent.action.MAIN cat=[android.intent.category.LAUNCHER] flg=0x10000000 cmp=ru.iteco.fmhandroid.test/androidx.test.core.app.InstrumentationActivityInvoker$EmptyActivity} from uid 10136
09-07 03:46:33.955  2037  4315 W ActivityTaskManager: Duplicate finish request for ActivityRecord{1546a61 u0 ru.iteco.fmhandroid/.ui.AppActivity t686 f}
09-07 03:46:33.972  1793  2554 D gralloc_ranchu: gralloc_alloc: Creating ashmem region of size 9850880
09-07 03:46:33.976  1793  2554 D gralloc_ranchu: gralloc_alloc: Creating ashmem region of size 9850880
09-07 03:46:33.978 13694 13726 D EGL_emulation: eglMakeCurrent: 0xda21a240: ver 2 0 (tinfo 0xda20f0e0)
09-07 03:46:33.978  1793  2554 D gralloc_ranchu: gralloc_alloc: Creating ashmem region of size 9850880
09-07 03:46:33.999  2037  2061 W InputReader: Device has associated, but no associated display id.
09-07 03:46:33.999  2037  2061 I chatty  : uid=1000(system) android.anim identical 18 lines
09-07 03:46:33.999  2037  2061 W InputReader: Device has associated, but no associated display id.
09-07 03:46:34.003  2037  2065 I ActivityTaskManager: Displayed ru.iteco.fmhandroid.test/androidx.test.core.app.InstrumentationActivityInvoker$EmptyActivity: +180ms
09-07 03:46:34.006  2037  2425 W InputReader: Device has associated, but no associated display id.
09-07 03:46:34.006  2037  2425 I chatty  : uid=1000(system) Binder:2037_7 identical 8 lines
09-07 03:46:34.006  2037  2425 W InputReader: Device has associated, but no associated display id.
09-07 03:46:34.020 13638 13729 D EGL_emulation: eglMakeCurrent: 0xda21ade0: ver 2 0 (tinfo 0xda20fa00)
09-07 03:46:34.031  2037  2459 W InputReader: Device has associated, but no associated display id.
09-07 03:46:34.031  2037  2459 I chatty  : uid=1000(system) Binder:2037_9 identical 8 lines
09-07 03:46:34.031  2037  2459 W InputReader: Device has associated, but no associated display id.
09-07 03:46:34.034  1823  1823 W SurfaceFlinger: couldn't log to binary event log: overflow.
09-07 03:46:34.044 13638 13638 D LifecycleMonitor: Lifecycle status change: ru.iteco.fmhandroid.ui.AppActivity@bf025f4 in: STOPPED
09-07 03:46:34.044 13638 13638 V ActivityScenario: Update currentActivityStage to STOPPED, currentActivity=ru.iteco.fmhandroid.ui.AppActivity@bf025f4
09-07 03:46:34.057  1793  2554 D gralloc_ranchu: gralloc_alloc: Creating ashmem region of size 9850880
09-07 03:46:34.067  2037  2037 W ActivityManager: Unable to start service Intent { act=android.service.appprediction.AppPredictionService cmp=com.google.android.as/com.google.android.apps.miphone.aiai.app.AiAiPredictionService } U=0: not found
09-07 03:46:34.067  2037  2037 W RemoteAppPredictionService: could not bind to Intent { act=android.service.appprediction.AppPredictionService cmp=com.google.android.as/com.google.android.apps.miphone.aiai.app.AiAiPredictionService } using flags 67108865
09-07 03:46:34.067  1793  2554 D gralloc_ranchu: gralloc_alloc: Creating ashmem region of size 9850880
09-07 03:46:34.069  2666  3068 D EGL_emulation: eglMakeCurrent: 0xda21b0e0: ver 2 0 (tinfo 0xda20fbb0)
09-07 03:46:34.073  1793  2554 D gralloc_ranchu: gralloc_alloc: Creating ashmem region of size 9850880
09-07 03:46:34.076 13638 13638 D LifecycleMonitor: Lifecycle status change: ru.iteco.fmhandroid.ui.AppActivity@bf025f4 in: DESTROYED
09-07 03:46:34.076 13638 13638 V ActivityScenario: Update currentActivityStage to DESTROYED, currentActivity=null
09-07 03:46:34.090  2666  2666 I dnsi    : onStart
09-07 03:46:34.093  2666  2666 I dnsi    : onResume
09-07 03:46:34.094  1793  2554 D gralloc_ranchu: gralloc_alloc: Creating ashmem region of size 9850880
09-07 03:46:34.102  1793  2554 D gralloc_ranchu: gralloc_alloc: Creating ashmem region of size 9850880
09-07 03:46:34.104  2434  2714 D EGL_emulation: eglMakeCurrent: 0xed453b60: ver 2 0 (tinfo 0xe233a960)
09-07 03:46:34.105  1793  2554 D gralloc_ranchu: gralloc_alloc: Creating ashmem region of size 9850880
09-07 03:46:34.122  7867  7867 D BoundBrokerSvc: onBind: Intent { act=com.google.android.gms.inappreach.service.START dat=chimera-action: cmp=com.google.android.gms/.chimera.GmsApiService }
09-07 03:46:34.122  7867  7867 D BoundBrokerSvc: Loading bound service for intent: Intent { act=com.google.android.gms.inappreach.service.START dat=chimera-action: cmp=com.google.android.gms/.chimera.GmsApiService }
09-07 03:46:34.154  2037  2061 W InputReader: Device has associated, but no associated display id.
09-07 03:46:34.154  2037  2061 I chatty  : uid=1000(system) android.anim identical 8 lines
09-07 03:46:34.154  2037  2061 W InputReader: Device has associated, but no associated display id.
09-07 03:46:34.155  1793  2554 D gralloc_ranchu: gralloc_alloc: Creating ashmem region of size 6307840
