--------- beginning of main
09-07 03:45:58.942  1792  2272 E GnssHAL_GnssInterface: gnssSvStatusCb: a: input svInfo.flags is 8
09-07 03:45:58.942  1792  2272 E GnssHAL_GnssInterface: gnssSvStatusCb: b: input svInfo.flags is 8
09-07 03:45:59.940  1792  2272 E GnssHAL_GnssInterface: gnssSvStatusCb: a: input svInfo.flags is 8
09-07 03:45:59.940  1792  2272 E GnssHAL_GnssInterface: gnssSvStatusCb: b: input svInfo.flags is 8
09-07 03:46:00.022  2182  2182 W View    : requestLayout() improperly called by com.android.keyguard.AlphaOptimizedLinearLayout{551c6d8 V.E...... ......ID 7,0-48,61 #7f0a041c app:id/wifi_group} during second layout pass: posting in next frame
09-07 03:46:00.038  2182  2182 W View    : requestLayout() improperly called by StatusBarIconView(slot=mobile icon=null notification=null) during layout: running second layout pass
--------- beginning of system
09-07 03:46:00.639  2037  2459 I ActivityManager: Force stopping ru.iteco.fmhandroid appid=10136 user=0: from pid 13578
09-07 03:46:00.646  2279  2279 D CarrierSvcBindHelper: No carrier app for: 0
09-07 03:46:00.669  9734  9734 I studio.deploy: Received request 'dump'
09-07 03:46:00.713  2037  2459 I ActivityManager: Force stopping ru.iteco.fmhandroid appid=10136 user=0: from pid 13597
09-07 03:46:00.720  2279  2279 D CarrierSvcBindHelper: No carrier app for: 0
09-07 03:46:00.736  9734  9734 I studio.deploy: Received request 'dump'
09-07 03:46:00.790  2037  2428 I ActivityManager: Force stopping ru.iteco.fmhandroid.test appid=10135 user=0: from pid 13616
09-07 03:46:00.793  2279  2279 D CarrierSvcBindHelper: No carrier app for: 0
09-07 03:46:00.878 13621 13621 D AndroidRuntime: >>>>>> START com.android.internal.os.RuntimeInit uid 2000 <<<<<<
09-07 03:46:00.879 13621 13621 E libc    : Access denied finding property "persist.device_config.runtime_native_boot.enable_apex_image"
09-07 03:46:00.879 13621 13621 I AndroidRuntime: Using default boot image
09-07 03:46:00.879 13621 13621 E libc    : Access denied finding property "persist.device_config.runtime_native_boot.disable_lock_profiling"
09-07 03:46:00.879 13621 13621 I AndroidRuntime: Leaving lock profiling enabled
09-07 03:46:00.879 13621 13621 E libc    : Access denied finding property "persist.device_config.runtime_native_boot.enable_generational_cc"
09-07 03:46:00.875 13621 13621 W app_process: type=1400 audit(0.0:124): avc: denied { read } for name="u:object_r:device_config_runtime_native_boot_prop:s0" dev="tmpfs" ino=6894 scontext=u:r:shell:s0 tcontext=u:object_r:device_config_runtime_native_boot_prop:s0 tclass=file permissive=0
09-07 03:46:00.875 13621 13621 W app_process: type=1400 audit(0.0:125): avc: denied { read } for name="u:object_r:device_config_runtime_native_boot_prop:s0" dev="tmpfs" ino=6894 scontext=u:r:shell:s0 tcontext=u:object_r:device_config_runtime_native_boot_prop:s0 tclass=file permissive=0
09-07 03:46:00.875 13621 13621 W app_process: type=1400 audit(0.0:126): avc: denied { read } for name="u:object_r:device_config_runtime_native_boot_prop:s0" dev="tmpfs" ino=6894 scontext=u:r:shell:s0 tcontext=u:object_r:device_config_runtime_native_boot_prop:s0 tclass=file permissive=0
09-07 03:46:00.912 13621 13621 D ICU     : Time zone APEX file found: /apex/com.android.tzdata/etc/icu/icu_tzdata.dat
09-07 03:46:00.914 13621 13621 W app_process: Unexpected CPU variant for X86 using defaults: x86
09-07 03:46:00.916 13621 13621 I app_process: The ClassLoaderContext is a special shared library.
09-07 03:46:00.924 13621 13621 W app_process: JNI RegisterNativeMethods: attempt to register 0 native methods for android.media.AudioAttributes
09-07 03:46:00.926 13621 13621 D AndroidRuntime: Calling main entry com.android.commands.am.Am
09-07 03:46:00.930  2037  4315 I ActivityManager: Force stopping ru.iteco.fmhandroid appid=10136 user=0: start instr
09-07 03:46:00.936  1775  1775 D Zygote  : Forked child process 13638
09-07 03:46:00.938 13638 13638 I teco.fmhandroi: Late-enabling -Xcheck:jni
09-07 03:46:00.940  1792  2272 E GnssHAL_GnssInterface: gnssSvStatusCb: a: input svInfo.flags is 8
09-07 03:46:00.940  1792  2272 E GnssHAL_GnssInterface: gnssSvStatusCb: b: input svInfo.flags is 8
09-07 03:46:00.944  2037  2067 I ActivityManager: Start proc 13638:ru.iteco.fmhandroid/u0a136 for added application ru.iteco.fmhandroid
09-07 03:46:00.947 13638 13638 E teco.fmhandroi: Unknown bits set in runtime_flags: 0x8000
09-07 03:46:00.948 13638 13638 W teco.fmhandroi: Unexpected CPU variant for X86 using defaults: x86
09-07 03:46:00.973 13638 13638 I teco.fmhandroi: The ClassLoaderContext is a special shared library.
09-07 03:46:01.259 13638 13638 I chatty  : uid=10136(ru.iteco.fmhandroid) identical 2 lines
09-07 03:46:01.259 13638 13638 I teco.fmhandroi: The ClassLoaderContext is a special shared library.
09-07 03:46:01.535 13638 13638 W teco.fmhandroi: Accessing hidden method Landroid/app/Instrumentation;->execStartActivity(Landroid/content/Context;Landroid/os/IBinder;Landroid/os/IBinder;Landroid/app/Activity;Landroid/content/Intent;ILandroid/os/Bundle;)Landroid/app/Instrumentation$ActivityResult; (greylist, linking, allowed)
09-07 03:46:01.535 13638 13638 W teco.fmhandroi: Accessing hidden method Landroid/app/Instrumentation;->execStartActivity(Landroid/content/Context;Landroid/os/IBinder;Landroid/os/IBinder;Ljava/lang/String;Landroid/content/Intent;ILandroid/os/Bundle;)Landroid/app/Instrumentation$ActivityResult; (greylist, linking, allowed)
09-07 03:46:01.542 13638 13638 I MonitoringInstr: newApplication called!
09-07 03:46:01.562 13638 13638 I FirebaseApp: Device unlocked: initializing all Firebase APIs for app [DEFAULT]
09-07 03:46:01.569 13638 13638 I FirebaseCrashlytics: Initializing Firebase Crashlytics 18.2.6 for ru.iteco.fmhandroid
09-07 03:46:01.599 13638 13672 I DynamiteModule: Considering local module com.google.android.gms.measurement.dynamite:55 and remote module com.google.android.gms.measurement.dynamite:93
09-07 03:46:01.599 13638 13672 I DynamiteModule: Selected remote version of com.google.android.gms.measurement.dynamite, version >= 93
09-07 03:46:01.600 13638 13672 V DynamiteModule: Dynamite loader version >= 2, using loadModule2NoCrashUtils
09-07 03:46:01.615 13638 13672 W System  : ClassLoader referenced unknown path: 
09-07 03:46:01.643 13638 13638 I FirebaseInitProvider: FirebaseApp initialization successful
09-07 03:46:01.660 13638 13638 I MonitoringInstr: Instrumentation started!
09-07 03:46:01.664 13638 13638 D ClassesArgTokenizer: input: ru.iteco.fmhandroid.ui.FilterNewsPageTest#shouldShowAllActualNewsCategoryAnnouncement
09-07 03:46:01.665 13638 13638 D ClassesArgTokenizer: result: [ru.iteco.fmhandroid.ui.FilterNewsPageTest#shouldShowAllActualNewsCategoryAnnouncement]
09-07 03:46:01.665 13638 13638 D ClassesArgTokenizer: input: null
09-07 03:46:01.665 13638 13638 D ClassesArgTokenizer: result: []
09-07 03:46:01.667 13638 13638 V TestEventClient: No service name argument was given (testDiscoveryService, testRunEventService or orchestratorService)
09-07 03:46:01.678 13638 13682 D AndroidJUnitRunner: onStart is called.
09-07 03:46:01.693 13638 13638 I MonitoringInstr: No JSBridge.
09-07 03:46:01.695 13638 13672 W teco.fmhandroi: Accessing hidden method Lsun/misc/Unsafe;->arrayBaseOffset(Ljava/lang/Class;)I (greylist,core-platform-api, linking, allowed)
09-07 03:46:01.695 13638 13672 W teco.fmhandroi: Accessing hidden method Lsun/misc/Unsafe;->arrayIndexScale(Ljava/lang/Class;)I (greylist, linking, allowed)
09-07 03:46:01.695 13638 13672 W teco.fmhandroi: Accessing hidden method Lsun/misc/Unsafe;->compareAndSwapInt(Ljava/lang/Object;JII)Z (greylist, linking, allowed)
09-07 03:46:01.695 13638 13672 W teco.fmhandroi: Accessing hidden method Lsun/misc/Unsafe;->compareAndSwapLong(Ljava/lang/Object;JJJ)Z (greylist, linking, allowed)
09-07 03:46:01.695 13638 13672 W teco.fmhandroi: Accessing hidden method Lsun/misc/Unsafe;->getIntVolatile(Ljava/lang/Object;J)I (greylist, linking, allowed)
09-07 03:46:01.695 13638 13672 W teco.fmhandroi: Accessing hidden method Lsun/misc/Unsafe;->getObjectVolatile(Ljava/lang/Object;J)Ljava/lang/Object; (greylist, linking, allowed)
09-07 03:46:01.695 13638 13672 W teco.fmhandroi: Accessing hidden method Lsun/misc/Unsafe;->objectFieldOffset(Ljava/lang/reflect/Field;)J (greylist,core-platform-api, linking, allowed)
09-07 03:46:01.695 13638 13672 W teco.fmhandroi: Accessing hidden method Lsun/misc/Unsafe;->putObjectVolatile(Ljava/lang/Object;JLjava/lang/Object;)V (greylist, linking, allowed)
09-07 03:46:01.695 13638 13672 W teco.fmhandroi: Accessing hidden field Lsun/misc/Unsafe;->theUnsafe:Lsun/misc/Unsafe; (greylist, reflection, allowed)
09-07 03:46:01.703 13638 13682 D TestRequestBuilder: Skipping class path scanning and directly running [ru.iteco.fmhandroid.ui.FilterNewsPageTest]
09-07 03:46:01.709 13638 13682 D ClassesArgTokenizer: input: ru.iteco.fmhandroid.ui.FilterNewsPageTest#shouldShowAllActualNewsCategoryAnnouncement
09-07 03:46:01.709 13638 13682 D ClassesArgTokenizer: result: [ru.iteco.fmhandroid.ui.FilterNewsPageTest#shouldShowAllActualNewsCategoryAnnouncement]
09-07 03:46:01.709 13638 13682 D ClassesArgTokenizer: input: null
09-07 03:46:01.709 13638 13682 D ClassesArgTokenizer: result: []
09-07 03:46:01.720 13638 13682 D AndroidJUnitRunner: Use the raw file system for managing file I/O.
09-07 03:46:01.724 13638 13682 D TestExecutor: Adding listener androidx.test.internal.runner.listener.LogRunListener
09-07 03:46:01.724 13638 13682 D TestExecutor: Adding listener androidx.test.internal.runner.listener.InstrumentationResultPrinter
09-07 03:46:01.724 13638 13682 D TestExecutor: Adding listener androidx.test.internal.runner.listener.ActivityFinisherRunListener
09-07 03:46:01.724 13638 13682 D TestExecutor: Adding listener androidx.test.internal.runner.listener.TraceRunListener
09-07 03:46:01.727 13638 13682 I TestRunner: run started: 1 tests
09-07 03:46:01.738  2037  2146 D ConnectivityService: releasing NetworkRequest [ REQUEST id=59, [ Transports: CELLULAR Capabilities: INTERNET&NOT_RESTRICTED&TRUSTED&NOT_VPN Uid: 10104] ] (release request)
09-07 03:46:01.741  1774  1973 I netd    : networkSetPermissionForNetwork(100, 1) <2.97ms>
09-07 03:46:01.755 13638 13684 V FA      : App measurement collection enabled
09-07 03:46:01.755 13638 13684 V FA      : App measurement enabled for app package, google app id: ru.iteco.fmhandroid, 1:729587742060:android:e7d6f87c783f52b9a42f49
09-07 03:46:01.755 13638 13684 I FA      : App measurement initialized, version: 80069
09-07 03:46:01.755 13638 13684 I FA      : To enable debug logging run: adb shell setprop log.tag.FA VERBOSE
09-07 03:46:01.755 13638 13684 I FA      : To enable faster debug mode event logging run:
09-07 03:46:01.755 13638 13684 I FA      :   adb shell setprop debug.firebase.analytics.app ru.iteco.fmhandroid
09-07 03:46:01.755 13638 13684 D FA      : Debug-level message logging enabled
09-07 03:46:01.758 13638 13682 I TestRunner: started: shouldShowAllActualNewsCategoryAnnouncement(ru.iteco.fmhandroid.ui.FilterNewsPageTest)
09-07 03:46:01.769 13638 13684 D FA      : Resetting session stitching token to not null
09-07 03:46:01.780 13638 13684 V FA      : Connecting to remote service
09-07 03:46:01.783  7867  7867 D BoundBrokerSvc: onBind: Intent { act=com.google.android.gms.measurement.START pkg=com.google.android.gms }
09-07 03:46:01.783  7867  7867 D BoundBrokerSvc: Loading bound service for intent: Intent { act=com.google.android.gms.measurement.START pkg=com.google.android.gms }
09-07 03:46:01.791 13638 13684 V FA      : Connection attempt already in progress
09-07 03:46:01.799 13638 13684 V FA      : Connection attempt already in progress
09-07 03:46:01.800 13638 13684 D FA      : Connected to remote service
09-07 03:46:01.800 13638 13684 V FA      : Processing queued up service tasks: 3
09-07 03:46:01.825  7867 13150 V FA-SVC  : Saving default event parameters, appId, data size: ru.iteco.fmhandroid, 2
09-07 03:46:01.856  1774 13687 E ResolverController: No valid NAT64 prefix (101, <unspecified>/0)
09-07 03:46:01.893  2037  2037 V SettingsProvider: Notifying for 0: content://settings/secure/accessibility_enabled
09-07 03:46:01.894  2689  3033 I fteu    : (REDACTED) #onAccessibilityStateChanged enabled: %s
09-07 03:46:01.895  2689  3084 I fteu    : #onChange
09-07 03:46:01.895  2689  3084 I csoe    : #FCF: onChange
09-07 03:46:01.895  2689  3084 I csoi    : (REDACTED) FCF System FeatureName to check: %s
09-07 03:46:01.895  2689  3084 I csoi    : (REDACTED) FCF: Device model check status : %s
09-07 03:46:01.895  2689  3084 I csof    : FCF A11y Checker - readyForTngMa
09-07 03:46:01.895  2689  3084 I ctnd    : (REDACTED) #isBluetoothOrWiredHeadsetConnected Number of connected audio devices: %s
09-07 03:46:01.896  2689  3084 I cspe    : (REDACTED) #FCF: Headset Connected Status: %s
09-07 03:46:01.896  2689  3085 I csqr    : (REDACTED) #FCF: Demo mode check status : %s
09-07 03:46:01.897  2689  3084 I csqs    : (REDACTED) #FCF: Managed profile check status : %s
09-07 03:46:01.897  2689  3084 I csno    : (REDACTED) #FCF: Assistant primary locale : %s
09-07 03:46:01.897  2689  3084 I csno    : (REDACTED) #FCF: Assistant Primary locale check status : %s
09-07 03:46:01.902  2689  3084 W csqu    : Unable to check for productivity accounts. Assuming there are none.
09-07 03:46:01.902  2689  3084 W csqu    : com.google.android.libraries.geller.portable.GellerException: Code: INVALID_ARGUMENT, Message: Account name is null.
09-07 03:46:01.902  2689  3084 W csqu    : 	at ghid.a(PG:6)
09-07 03:46:01.902  2689  3084 W csqu    : 	at gxvx.a(PG:3)
09-07 03:46:01.902  2689  3084 W csqu    : 	at hnzx.a(PG:1)
09-07 03:46:01.902  2689  3084 W csqu    : 	at hobr.run(PG:4)
09-07 03:46:01.902  2689  3084 W csqu    : 	at ewes.run(PG:1)
09-07 03:46:01.902  2689  3084 W csqu    : 	at java.util.concurrent.ThreadPoolExecutor.runWorker(ThreadPoolExecutor.java:1167)
09-07 03:46:01.902  2689  3084 W csqu    : 	at java.util.concurrent.ThreadPoolExecutor$Worker.run(ThreadPoolExecutor.java:641)
09-07 03:46:01.902  2689  3084 W csqu    : 	at ewdw.run(PG:2)
09-07 03:46:01.902  2689  3084 W csqu    : 	at java.lang.Thread.run(Thread.java:919)
09-07 03:46:01.902  2689  3084 W csqu    : 	at ewfb.run(PG:5)
09-07 03:46:01.903  2666  3004 I biwj    : NGA disabled since it's running Panthera and at least one a11y feature is on.
09-07 03:46:01.904  2666  3004 I biwj    : (REDACTED) Nga state changed to %s
09-07 03:46:01.909  2689  3085 I csts    : (REDACTED) #FCF evaluate: %s
09-07 03:46:01.909  2689  3085 I csts    : (REDACTED) TngMaStatusChecker#evaluateInternal completed in %s millis
09-07 03:46:01.909  2689  3085 I cscy    : (REDACTED) TNG:MA status updated: %s
09-07 03:46:01.909  2689  3084 I yzq     : (REDACTED) Nga on-device enabled based on TNG:MA active state: %b
09-07 03:46:01.910  2689  3085 I cscy    : TNG:MA became ineligible, client should disconnect
09-07 03:46:01.910  2689  3085 I cscy    : #disconnectAndStop - preventing double stop
09-07 03:46:01.910  2689  3084 I yzq     : (REDACTED) Nga on-device enabled based on TNG:MA active state: %b
09-07 03:46:01.910  2689  3084 I yzq     : Unsubscribed to apa or classic variant change.
09-07 03:46:01.910  2689  3085 I csts    : #invalidationSource: adding saa update checker
09-07 03:46:01.910  2689  3085 I csts    : #invalidationSource: adding headset checker
09-07 03:46:01.922 13638 13682 W Settings: Setting always_finish_activities has moved from android.provider.Settings.System to android.provider.Settings.Global, returning read-only value.
09-07 03:46:01.929  2037  7240 I ActivityTaskManager: START u0 {act=android.intent.action.MAIN cat=[android.intent.category.LAUNCHER] flg=0x10008000 cmp=ru.iteco.fmhandroid.test/androidx.test.core.app.InstrumentationActivityInvoker$BootstrapActivity (has extras)} from uid 10136
09-07 03:46:01.934  2666  3039 I bjbd    : Trying to enqueue PieTriggeringWorker
09-07 03:46:01.935  2689  2689 I aaag    : (REDACTED) eventData = %s
09-07 03:46:01.938  2689  3084 I znc     : Logging success flow
09-07 03:46:01.940  1792  2272 E GnssHAL_GnssInterface: gnssSvStatusCb: a: input svInfo.flags is 8
09-07 03:46:01.940  1792  2272 E GnssHAL_GnssInterface: gnssSvStatusCb: b: input svInfo.flags is 8
09-07 03:46:01.944  2037  2061 E system_server: Invalid ID 0x00000000.
09-07 03:46:01.944  2037  2459 W InputReader: Device has associated, but no associated display id.
09-07 03:46:01.945  2037  2459 I chatty  : uid=1000(system) Binder:2037_9 identical 8 lines
09-07 03:46:01.945  2037  2459 W InputReader: Device has associated, but no associated display id.
09-07 03:46:01.953  1775  1775 D Zygote  : Forked child process 13694
09-07 03:46:01.958  1793  2554 D gralloc_ranchu: gralloc_alloc: Creating ashmem region of size 9850880
09-07 03:46:01.958 13694 13694 I fmhandroid.tes: Late-enabling -Xcheck:jni
09-07 03:46:01.964  2037  2067 I ActivityManager: Start proc 13694:ru.iteco.fmhandroid.test/u0a135 for activity {ru.iteco.fmhandroid.test/androidx.test.core.app.InstrumentationActivityInvoker$BootstrapActivity}
09-07 03:46:01.967  2666  3039 I bjbd    : Trying to enqueue PieTriggeringWorker
09-07 03:46:01.969  2689  2689 I aaag    : (REDACTED) eventData = %s
09-07 03:46:01.969  2689  3085 I znc     : Logging success flow
09-07 03:46:01.979 13694 13694 E fmhandroid.tes: Unknown bits set in runtime_flags: 0x8000
09-07 03:46:01.979 13694 13694 W fmhandroid.tes: Unexpected CPU variant for X86 using defaults: x86
09-07 03:46:01.993  2666  3039 I bjbd    : Trying to enqueue PieTriggeringWorker
09-07 03:46:01.996  2689  2689 I aaag    : (REDACTED) eventData = %s
09-07 03:46:02.008  2037  4315 W InputReader: Device has associated, but no associated display id.
09-07 03:46:02.012  2037  4315 I chatty  : uid=1000(system) Binder:2037_11 identical 28 lines
09-07 03:46:02.012  2037  4315 W InputReader: Device has associated, but no associated display id.
09-07 03:46:02.014  2037  2061 W InputReader: Device has associated, but no associated display id.
09-07 03:46:02.015  2037  2061 I chatty  : uid=1000(system) android.anim identical 8 lines
09-07 03:46:02.015  2037  2061 W InputReader: Device has associated, but no associated display id.
09-07 03:46:02.022  2182  2468 D EGL_emulation: eglMakeCurrent: 0xda21a360: ver 2 0 (tinfo 0xda20f590)
09-07 03:46:02.024  2666  3068 D EGL_emulation: eglMakeCurrent: 0xda21b0e0: ver 2 0 (tinfo 0xda20fbb0)
09-07 03:46:02.033  2182  2468 D EGL_emulation: eglMakeCurrent: 0xda21a360: ver 2 0 (tinfo 0xda20f590)
09-07 03:46:02.034  2434  2714 D EGL_emulation: eglMakeCurrent: 0xed453b60: ver 2 0 (tinfo 0xe233a960)
09-07 03:46:02.034  2182  2182 W View    : requestLayout() improperly called by com.android.keyguard.AlphaOptimizedLinearLayout{551c6d8 V.E...... ......ID 7,0-48,61 #7f0a041c app:id/wifi_group} during second layout pass: posting in next frame
09-07 03:46:02.037 13694 13694 I fmhandroid.tes: The ClassLoaderContext is a special shared library.
09-07 03:46:02.037  2182  2182 W View    : requestLayout() improperly called by StatusBarIconView(slot=mobile icon=null notification=null) during layout: running second layout pass
09-07 03:46:02.038 13694 13694 I fmhandroid.tes: The ClassLoaderContext is a special shared library.
09-07 03:46:02.046  2666  2666 I dnsi    : onPause
09-07 03:46:02.059  2666  3397 V ClearcutMetricXmitter: Transmission is done.
09-07 03:46:02.162  1823  2077 E SurfaceFlinger: ro.sf.lcd_density must be defined as a build property
09-07 03:46:02.163  1823  2077 E SurfaceFlinger: ro.sf.lcd_density must be defined as a build property
09-07 03:46:02.164 13694 13728 D libEGL  : Emulator has host GPU support, qemu.gles is set to 1.
09-07 03:46:02.166 13694 13728 W libc    : Unable to set property "qemu.gles" to "1": connection failed; errno=13 (Permission denied)
09-07 03:46:02.155 13694 13694 W RenderThread: type=1400 audit(0.0:127): avc: denied { write } for name="property_service" dev="tmpfs" ino=6988 scontext=u:r:untrusted_app:s0:c135,c256,c512,c768 tcontext=u:object_r:property_socket:s0 tclass=sock_file permissive=0
09-07 03:46:02.178 13694 13728 D libEGL  : loaded /vendor/lib/egl/libEGL_emulation.so
09-07 03:46:02.181 13694 13728 D libEGL  : loaded /vendor/lib/egl/libGLESv1_CM_emulation.so
09-07 03:46:02.185 13694 13728 D libEGL  : loaded /vendor/lib/egl/libGLESv2_emulation.so
09-07 03:46:02.197  2037  7240 I ActivityTaskManager: START u0 {act=android.intent.action.MAIN cat=[android.intent.category.LAUNCHER] cmp=ru.iteco.fmhandroid/.ui.AppActivity} from uid 10136
09-07 03:46:02.201  2037  7240 W InputReader: Device has associated, but no associated display id.
09-07 03:46:02.202  2037  7240 I chatty  : uid=1000(system) Binder:2037_1C identical 38 lines
09-07 03:46:02.202  2037  7240 W InputReader: Device has associated, but no associated display id.
09-07 03:46:02.202 13638 13638 W ActivityThread: handleWindowVisibility: no activity for token android.os.BinderProxy@dce2beb
09-07 03:46:02.202  2037  7240 W InputReader: Device has associated, but no associated display id.
09-07 03:46:02.204  2037  7240 I chatty  : uid=1000(system) Binder:2037_1C identical 18 lines
09-07 03:46:02.204  2037  7240 W InputReader: Device has associated, but no associated display id.
09-07 03:46:02.209  1823  2474 E SurfaceFlinger: ro.sf.lcd_density must be defined as a build property
09-07 03:46:02.209  2666  2666 I dnsi    : onStop
09-07 03:46:02.217  1823  2077 E SurfaceFlinger: ro.sf.lcd_density must be defined as a build property
09-07 03:46:02.220 13638 13732 D libEGL  : Emulator has host GPU support, qemu.gles is set to 1.
09-07 03:46:02.220 13638 13732 W libc    : Unable to set property "qemu.gles" to "1": connection failed; errno=13 (Permission denied)
09-07 03:46:02.245  1823  1823 W SurfaceFlinger: couldn't log to binary event log: overflow.
09-07 03:46:02.245  1823  1823 W SurfaceFlinger: couldn't log to binary event log: overflow.
09-07 03:46:02.215 13638 13638 W RenderThread: type=1400 audit(0.0:128): avc: denied { write } for name="property_service" dev="tmpfs" ino=6988 scontext=u:r:untrusted_app:s0:c136,c256,c512,c768 tcontext=u:object_r:property_socket:s0 tclass=sock_file permissive=0
09-07 03:46:02.261 13638 13732 D libEGL  : loaded /vendor/lib/egl/libEGL_emulation.so
09-07 03:46:02.264 13638 13732 D libEGL  : loaded /vendor/lib/egl/libGLESv1_CM_emulation.so
09-07 03:46:02.266 13638 13732 D libEGL  : loaded /vendor/lib/egl/libGLESv2_emulation.so
09-07 03:46:02.268 13638 13638 D LifecycleMonitor: Lifecycle status change: ru.iteco.fmhandroid.ui.AppActivity@bf025f4 in: PRE_ON_CREATE
09-07 03:46:02.269 13638 13638 V ActivityScenario: Activity lifecycle changed event received but ignored because the reported transition was not ON_CREATE while the last known transition was PRE_ON_CREATE
09-07 03:46:02.281 13638 13672 V FA      : onActivityCreated
09-07 03:46:02.298 13638 13638 W teco.fmhandroi: Accessing hidden method Landroid/view/View;->computeFitSystemWindows(Landroid/graphics/Rect;Landroid/graphics/Rect;)Z (greylist, reflection, allowed)
09-07 03:46:02.299 13638 13638 W teco.fmhandroi: Accessing hidden method Landroid/view/ViewGroup;->makeOptionalFitsSystemWindows()V (greylist, reflection, allowed)
09-07 03:46:02.385 13638 13638 D NetworkSecurityConfig: No Network Security Config specified, using platform default
09-07 03:46:02.392 13638 13638 W teco.fmhandroi: Accessing hidden method Ljava/lang/invoke/MethodHandles$Lookup;-><init>(Ljava/lang/Class;I)V (greylist, reflection, allowed)
09-07 03:46:02.472 13638 13638 D LifecycleMonitor: Lifecycle status change: ru.iteco.fmhandroid.ui.AppActivity@bf025f4 in: CREATED
09-07 03:46:02.473 13638 13638 V ActivityScenario: Update currentActivityStage to CREATED, currentActivity=ru.iteco.fmhandroid.ui.AppActivity@bf025f4
09-07 03:46:02.535 13638 13638 D LifecycleMonitor: Lifecycle status change: ru.iteco.fmhandroid.ui.AppActivity@bf025f4 in: STARTED
09-07 03:46:02.535 13638 13638 V ActivityScenario: Update currentActivityStage to STARTED, currentActivity=ru.iteco.fmhandroid.ui.AppActivity@bf025f4
09-07 03:46:02.537 13638 13638 D LifecycleMonitor: Lifecycle status change: ru.iteco.fmhandroid.ui.AppActivity@bf025f4 in: RESUMED
09-07 03:46:02.538 13638 13638 V ActivityScenario: Update currentActivityStage to RESUMED, currentActivity=ru.iteco.fmhandroid.ui.AppActivity@bf025f4
09-07 03:46:02.538 13638 13684 V FA      : Activity resumed, time: 1286430
09-07 03:46:02.540 13638 13672 W teco.fmhandroi: Accessing hidden method Lsun/misc/Unsafe;->compareAndSwapObject(Ljava/lang/Object;JLjava/lang/Object;Ljava/lang/Object;)Z (greylist, linking, allowed)
09-07 03:46:02.540 13638 13672 W teco.fmhandroi: Accessing hidden method Lsun/misc/Unsafe;->getObject(Ljava/lang/Object;J)Ljava/lang/Object; (greylist, linking, allowed)
09-07 03:46:02.543 13638 13684 I FA      : Tag Manager is not found and thus will not be used
09-07 03:46:02.548 13638 13682 W FileTestStorage: Output properties is not supported.
09-07 03:46:02.549 13638 13682 I Tracing : Tracer added: class androidx.test.platform.tracing.AndroidXTracer
09-07 03:46:02.562 13638 13682 D EventInjectionStrategy: Creating injection strategy with input manager.
09-07 03:46:02.563 13638 13682 W teco.fmhandroi: Accessing hidden method Landroid/hardware/input/InputManager;->getInstance()Landroid/hardware/input/InputManager; (greylist, reflection, allowed)
09-07 03:46:02.563 13638 13682 W teco.fmhandroi: Accessing hidden method Landroid/hardware/input/InputManager;->injectInputEvent(Landroid/view/InputEvent;I)Z (greylist, reflection, allowed)
09-07 03:46:02.563 13638 13682 W teco.fmhandroi: Accessing hidden field Landroid/hardware/input/InputManager;->INJECT_INPUT_EVENT_MODE_WAIT_FOR_FINISH:I (greylist, reflection, allowed)
09-07 03:46:02.587 13638 13729 D HostConnection: HostConnection::get() New Host Connection established 0xda24c460, tid 13729
09-07 03:46:02.590  7867 13150 V FA-SVC  : Logging event: origin=auto,name=screen_view(_vs),params=Bundle[{ga_event_origin(_o)=auto, ga_screen_class(_sc)=AppActivity, ga_screen_id(_si)=3843850780453617544}]
09-07 03:46:02.590 13638 13729 D HostConnection: HostComposition ext ANDROID_EMU_CHECKSUM_HELPER_v1 ANDROID_EMU_dma_v1 ANDROID_EMU_direct_mem ANDROID_EMU_vulkan ANDROID_EMU_deferred_vulkan_commands ANDROID_EMU_vulkan_null_optional_strings ANDROID_EMU_vulkan_create_resources_with_requirements ANDROID_EMU_YUV420_888_to_NV21 ANDROID_EMU_YUV_Cache ANDROID_EMU_vulkan_free_memory_sync ANDROID_EMU_vulkan_shader_float16_int8 ANDROID_EMU_vulkan_async_queue_submit ANDROID_EMU_sync_buffer_data GL_OES_vertex_array_object GL_KHR_texture_compression_astc_ldr ANDROID_EMU_host_side_tracing ANDROID_EMU_gles_max_version_2 
09-07 03:46:02.593 13638 13729 W OpenGLRenderer: Failed to choose config with EGL_SWAP_BEHAVIOR_PRESERVED, retrying without...
09-07 03:46:02.596  7867 13150 V FA-SVC  : Upload scheduled in approximately ms: 2474514
09-07 03:46:02.596  7867 13150 V FA-SVC  : Unscheduling upload
09-07 03:46:02.599  7867 13150 V FA-SVC  : Scheduling upload, millis: 2474514
09-07 03:46:02.601  7867 13150 V FA-SVC  : Background event processing time, ms: 15
09-07 03:46:02.601 13638 13729 D eglCodecCommon: setVertexArrayObject: set vao to 0 (0) 0 0
09-07 03:46:02.601 13638 13729 D EGL_emulation: eglCreateContext: 0xda21ade0: maj 2 min 0 rcv 2
09-07 03:46:02.620 13638 13729 D EGL_emulation: eglMakeCurrent: 0xda21ade0: ver 2 0 (tinfo 0xda20fa00)
09-07 03:46:02.625  1793  2554 D gralloc_ranchu: gralloc_alloc: Creating ashmem region of size 9113600
09-07 03:46:02.626  1678  1678 I hwservicemanager: getTransport: Cannot find entry android.hardware.graphics.mapper@3.0::IMapper/default in either framework or device manifest.
09-07 03:46:02.626 13638 13729 W Gralloc3: mapper 3.x is not supported
09-07 03:46:02.627 13638 13729 D HostConnection: createUnique: call
09-07 03:46:02.628 13638 13729 D HostConnection: HostConnection::get() New Host Connection established 0xda24c6e0, tid 13729
09-07 03:46:02.628 13638 13729 D HostConnection: HostComposition ext ANDROID_EMU_CHECKSUM_HELPER_v1 ANDROID_EMU_dma_v1 ANDROID_EMU_direct_mem ANDROID_EMU_vulkan ANDROID_EMU_deferred_vulkan_commands ANDROID_EMU_vulkan_null_optional_strings ANDROID_EMU_vulkan_create_resources_with_requirements ANDROID_EMU_YUV420_888_to_NV21 ANDROID_EMU_YUV_Cache ANDROID_EMU_vulkan_free_memory_sync ANDROID_EMU_vulkan_shader_float16_int8 ANDROID_EMU_vulkan_async_queue_submit ANDROID_EMU_sync_buffer_data GL_OES_vertex_array_object GL_KHR_texture_compression_astc_ldr ANDROID_EMU_host_side_tracing ANDROID_EMU_gles_max_version_2 
09-07 03:46:02.628 13638 13729 D eglCodecCommon: allocate: Ask for block of size 0x1000
09-07 03:46:02.628 13638 13729 D eglCodecCommon: allocate: ioctl allocate returned offset 0x3ff68a000 size 0x2000
09-07 03:46:02.631  1793  2554 D gralloc_ranchu: gralloc_alloc: Creating ashmem region of size 9113600
09-07 03:46:02.632  1793  2554 D gralloc_ranchu: gralloc_alloc: Creating ashmem region of size 9113600
09-07 03:46:02.633 13638 13729 D EGL_emulation: eglMakeCurrent: 0xda21ade0: ver 2 0 (tinfo 0xda20fa00)
09-07 03:46:02.640 13638 13729 D eglCodecCommon: setVertexArrayObject: set vao to 0 (0) 1 0
09-07 03:46:02.689  2037  2065 I ActivityTaskManager: Displayed ru.iteco.fmhandroid/.ui.AppActivity: +755ms
09-07 03:46:02.709  2182  2182 W View    : requestLayout() improperly called by com.android.keyguard.AlphaOptimizedLinearLayout{551c6d8 V.E...... ......ID 7,0-48,61 #7f0a041c app:id/wifi_group} during second layout pass: posting in next frame
09-07 03:46:02.743  2182  2182 W View    : requestLayout() improperly called by StatusBarIconView(slot=mobile icon=null notification=null) during layout: running second layout pass
09-07 03:46:02.745 13638 13682 W FileTestStorage: Test input args is not supported.
09-07 03:46:02.749 13638 13638 W teco.fmhandroi: Accessing hidden method Landroid/os/MessageQueue;->next()Landroid/os/Message; (greylist, reflection, allowed)
09-07 03:46:02.749 13638 13638 W teco.fmhandroi: Accessing hidden field Landroid/os/MessageQueue;->mMessages:Landroid/os/Message; (greylist, reflection, allowed)
09-07 03:46:02.749 13638 13638 W teco.fmhandroi: Accessing hidden method Landroid/os/Message;->recycleUnchecked()V (greylist, reflection, allowed)
09-07 03:46:02.754 13638 13638 W teco.fmhandroi: Accessing hidden method Landroid/view/WindowManagerGlobal;->getInstance()Landroid/view/WindowManagerGlobal; (greylist, reflection, allowed)
09-07 03:46:02.754 13638 13638 W teco.fmhandroi: Accessing hidden field Landroid/view/WindowManagerGlobal;->mViews:Ljava/util/ArrayList; (greylist, reflection, allowed)
09-07 03:46:02.754 13638 13638 W teco.fmhandroi: Accessing hidden field Landroid/view/WindowManagerGlobal;->mParams:Ljava/util/ArrayList; (greylist, reflection, allowed)
09-07 03:46:02.754 13638 13682 W teco.fmhandroi: Accessing hidden method Lsun/misc/Unsafe;->getUnsafe()Lsun/misc/Unsafe; (greylist,core-platform-api, linking, allowed)
09-07 03:46:02.755 13638 13682 W teco.fmhandroi: Accessing hidden method Lsun/misc/Unsafe;->putObject(Ljava/lang/Object;JLjava/lang/Object;)V (greylist, linking, allowed)
09-07 03:46:02.757 13638 13737 W teco.fmhandroi: Accessing hidden method Lsun/misc/Unsafe;->compareAndSwapObject(Ljava/lang/Object;JLjava/lang/Object;Ljava/lang/Object;)Z (greylist, linking, allowed)
09-07 03:46:02.757 13638 13737 W teco.fmhandroi: Accessing hidden method Lsun/misc/Unsafe;->getObject(Ljava/lang/Object;J)Ljava/lang/Object; (greylist, linking, allowed)
09-07 03:46:02.761 13638 13638 I ViewInteraction: Performing 'wait for a specific view with <an instance of android.widget.TextView and view.getText() with or without transformation to match: is "News"> during 20000 millis.' action on view view.getRootView() to equal view
09-07 03:46:02.770  2182  2182 W View    : requestLayout() improperly called by com.android.keyguard.AlphaOptimizedLinearLayout{551c6d8 V.E...... ......ID 7,0-48,61 #7f0a041c app:id/wifi_group} during second layout pass: posting in next frame
09-07 03:46:02.771  2182  2182 W View    : requestLayout() improperly called by StatusBarIconView(slot=mobile icon=null notification=null) during layout: running second layout pass
09-07 03:46:02.805  2182  2182 W View    : requestLayout() improperly called by com.android.keyguard.AlphaOptimizedLinearLayout{551c6d8 V.E...... ......ID 7,0-48,61 #7f0a041c app:id/wifi_group} during second layout pass: posting in next frame
09-07 03:46:02.805  2182  2182 W View    : requestLayout() improperly called by StatusBarIconView(slot=mobile icon=null notification=null) during layout: running second layout pass
09-07 03:46:02.841  2182  2182 W View    : requestLayout() improperly called by com.android.keyguard.AlphaOptimizedLinearLayout{551c6d8 V.E...... ......ID 7,0-48,61 #7f0a041c app:id/wifi_group} during second layout pass: posting in next frame
09-07 03:46:02.842  2182  2182 W View    : requestLayout() improperly called by StatusBarIconView(slot=mobile icon=null notification=null) during layout: running second layout pass
09-07 03:46:02.876  2182  2182 W View    : requestLayout() improperly called by com.android.keyguard.AlphaOptimizedLinearLayout{551c6d8 V.E...... ......ID 7,0-48,61 #7f0a041c app:id/wifi_group} during second layout pass: posting in next frame
09-07 03:46:02.876  2182  2182 W View    : requestLayout() improperly called by StatusBarIconView(slot=mobile icon=null notification=null) during layout: running second layout pass
09-07 03:46:02.911  2182  2182 W View    : requestLayout() improperly called by com.android.keyguard.AlphaOptimizedLinearLayout{551c6d8 V.E...... ......ID 7,0-48,61 #7f0a041c app:id/wifi_group} during second layout pass: posting in next frame
09-07 03:46:02.911  2182  2182 W View    : requestLayout() improperly called by StatusBarIconView(slot=mobile icon=null notification=null) during layout: running second layout pass
09-07 03:46:02.928  7867  7867 D BoundBrokerSvc: onUnbind: Intent { act=com.google.android.mdd.service.START dat=chimera-action: cmp=com.google.android.gms/.chimera.GmsBoundBrokerService }
09-07 03:46:02.940  1792  2272 E GnssHAL_GnssInterface: gnssSvStatusCb: a: input svInfo.flags is 8
09-07 03:46:02.940  1792  2272 E GnssHAL_GnssInterface: gnssSvStatusCb: b: input svInfo.flags is 8
09-07 03:46:03.074  8425  8461 I FontLog : (REDACTED) Received query %s, URI %s
09-07 03:46:03.074  8425  8461 I FontLog : (REDACTED) Query [%s] resolved to %s
09-07 03:46:03.076  8425  8461 I FontLog : (REDACTED) Fetch %s end status %s
09-07 03:46:03.084  8425  8461 I FontLog : (REDACTED) Pulling font file for id = %d, cache size = %d
09-07 03:46:03.089  8425  8461 I FontLog : (REDACTED) Pulling font file for id = %d, cache size = %d
09-07 03:46:03.944  1792  2272 E GnssHAL_GnssInterface: gnssSvStatusCb: a: input svInfo.flags is 8
09-07 03:46:03.944  1792  2272 E GnssHAL_GnssInterface: gnssSvStatusCb: b: input svInfo.flags is 8
09-07 03:46:04.941  1792  2272 E GnssHAL_GnssInterface: gnssSvStatusCb: a: input svInfo.flags is 8
09-07 03:46:04.941  1792  2272 E GnssHAL_GnssInterface: gnssSvStatusCb: b: input svInfo.flags is 8
09-07 03:46:05.520  8425  8425 D BoundBrokerSvc: onUnbind: Intent { act=com.google.android.gms.presencemanager.service.START dat=chimera-action: cmp=com.google.android.gms/.chimera.PersistentApiService }
09-07 03:46:05.522  8425  8425 D BoundBrokerSvc: onUnbind: Intent { act=com.google.android.gms.presencemanager.service.INTERNAL_IDENTITY dat=chimera-action: cmp=com.google.android.gms/.chimera.PersistentApiService }
09-07 03:46:05.543 13638 13638 W teco.fmhandroi: Accessing hidden method Lsun/misc/Unsafe;->allocateInstance(Ljava/lang/Class;)Ljava/lang/Object; (greylist, reflection, allowed)
09-07 03:46:05.561 13638 13741 I okhttp.OkHttpClient: --> GET http://www.981757-ca08998.tmweb.ru:8080/fmh/authentication/userInfo
09-07 03:46:05.561 13638 13741 I okhttp.OkHttpClient: --> END GET
09-07 03:46:05.566  1774 13742 E ResolverController: No valid NAT64 prefix (101, <unspecified>/0)
09-07 03:46:05.941  1792  2272 E GnssHAL_GnssInterface: gnssSvStatusCb: a: input svInfo.flags is 8
09-07 03:46:05.941  1792  2272 E GnssHAL_GnssInterface: gnssSvStatusCb: b: input svInfo.flags is 8
09-07 03:46:06.942  1792  2272 E GnssHAL_GnssInterface: gnssSvStatusCb: a: input svInfo.flags is 8
09-07 03:46:06.942  1792  2272 E GnssHAL_GnssInterface: gnssSvStatusCb: b: input svInfo.flags is 8
09-07 03:46:07.155 13638 13741 I okhttp.OkHttpClient: <-- 200 http://www.981757-ca08998.tmweb.ru:8080/fmh/authentication/userInfo (1594ms)
09-07 03:46:07.156 13638 13741 I okhttp.OkHttpClient: Vary: Origin
09-07 03:46:07.156 13638 13741 I okhttp.OkHttpClient: Vary: Access-Control-Request-Method
09-07 03:46:07.156 13638 13741 I okhttp.OkHttpClient: Vary: Access-Control-Request-Headers
09-07 03:46:07.156 13638 13741 I okhttp.OkHttpClient: X-Content-Type-Options: nosniff
09-07 03:46:07.157 13638 13741 I okhttp.OkHttpClient: X-XSS-Protection: 1; mode=block
09-07 03:46:07.157 13638 13741 I okhttp.OkHttpClient: Cache-Control: no-cache, no-store, max-age=0, must-revalidate
09-07 03:46:07.159 13638 13741 I okhttp.OkHttpClient: Pragma: no-cache
09-07 03:46:07.159 13638 13741 I okhttp.OkHttpClient: Expires: 0
09-07 03:46:07.159 13638 13741 I okhttp.OkHttpClient: X-Frame-Options: DENY
09-07 03:46:07.160 13638 13741 I okhttp.OkHttpClient: Content-Type: application/json
09-07 03:46:07.160 13638 13741 I okhttp.OkHttpClient: Transfer-Encoding: chunked
09-07 03:46:07.160 13638 13741 I okhttp.OkHttpClient: Date: Thu, 07 Sep 2023 03:46:08 GMT
09-07 03:46:07.161 13638 13741 I okhttp.OkHttpClient: Keep-Alive: timeout=60
09-07 03:46:07.162 13638 13741 I okhttp.OkHttpClient: Connection: keep-alive
09-07 03:46:07.228 13638 13741 I okhttp.OkHttpClient: {"id":1,"firstName":"Ivan","lastName":"Ivanov","middleName":"Ivanovich","admin":true}
09-07 03:46:07.228 13638 13741 I okhttp.OkHttpClient: <-- END HTTP (85-byte body)
09-07 03:46:07.266 13638 13747 I okhttp.OkHttpClient: --> GET http://www.981757-ca08998.tmweb.ru:8080/fmh/claims
09-07 03:46:07.266 13638 13747 I okhttp.OkHttpClient: --> END GET
09-07 03:46:07.576 13638 13729 D EGL_emulation: eglMakeCurrent: 0xda21ade0: ver 2 0 (tinfo 0xda20fa00)
09-07 03:46:07.579  2182  2182 W View    : requestLayout() improperly called by com.android.keyguard.AlphaOptimizedLinearLayout{551c6d8 V.E...... ......ID 7,0-48,61 #7f0a041c app:id/wifi_group} during second layout pass: posting in next frame
09-07 03:46:07.581  1793  2554 D gralloc_ranchu: gralloc_alloc: Creating ashmem region of size 9850880
09-07 03:46:07.592 13638 13729 D EGL_emulation: eglMakeCurrent: 0xda21ade0: ver 2 0 (tinfo 0xda20fa00)
09-07 03:46:07.594  2182  2182 W View    : requestLayout() improperly called by StatusBarIconView(slot=mobile icon=null notification=null) during layout: running second layout pass
09-07 03:46:07.784  1793  2554 D gralloc_ranchu: gralloc_alloc: Creating ashmem region of size 9850880
09-07 03:46:07.790 13638 13684 V FA      : Inactivity, disconnecting from the service
09-07 03:46:07.807  1793  2554 D gralloc_ranchu: gralloc_alloc: Creating ashmem region of size 9850880
09-07 03:46:07.936 13638 13638 I ViewInteraction: Checking 'MatchesViewAssertion{viewMatcher=(view has effective visibility <VISIBLE> and view.getGlobalVisibleRect() to return non-empty rectangle)}' assertion on view an instance of android.widget.TextView and view.getText() with or without transformation to match: is "News"
09-07 03:46:07.937 13638 13682 W teco.fmhandroi: Accessing hidden method Lsun/misc/Unsafe;->compareAndSwapObject(Ljava/lang/Object;JLjava/lang/Object;Ljava/lang/Object;)Z (greylist, linking, allowed)
09-07 03:46:07.940  1792  2272 E GnssHAL_GnssInterface: gnssSvStatusCb: a: input svInfo.flags is 8
09-07 03:46:07.940  1792  2272 E GnssHAL_GnssInterface: gnssSvStatusCb: b: input svInfo.flags is 8
09-07 03:46:07.944 13638 13638 I ViewInteraction: Performing 'wait for a specific view with <view.getId() is <2131230951>> during 20000 millis.' action on view view.getRootView() to equal view
09-07 03:46:07.947 13638 13682 W teco.fmhandroi: Accessing hidden method Lsun/misc/Unsafe;->compareAndSwapObject(Ljava/lang/Object;JLjava/lang/Object;Ljava/lang/Object;)Z (greylist, linking, allowed)
09-07 03:46:07.947 13638 13737 W teco.fmhandroi: Accessing hidden method Lsun/misc/Unsafe;->compareAndSwapObject(Ljava/lang/Object;JLjava/lang/Object;Ljava/lang/Object;)Z (greylist, linking, allowed)
09-07 03:46:07.951 13638 13638 I ViewInteraction: Checking 'MatchesViewAssertion{viewMatcher=(view has effective visibility <VISIBLE> and view.getGlobalVisibleRect() to return non-empty rectangle)}' assertion on view view.getId() is <2131230951/ru.iteco.fmhandroid:id/container_list_news_include_on_fragment_main>
09-07 03:46:07.952 13638 13682 W teco.fmhandroi: Accessing hidden method Lsun/misc/Unsafe;->compareAndSwapObject(Ljava/lang/Object;JLjava/lang/Object;Ljava/lang/Object;)Z (greylist, linking, allowed)
09-07 03:46:07.952 13638 13737 W teco.fmhandroi: Accessing hidden method Lsun/misc/Unsafe;->compareAndSwapObject(Ljava/lang/Object;JLjava/lang/Object;Ljava/lang/Object;)Z (greylist, linking, allowed)
09-07 03:46:07.956 13638 13638 I ViewInteraction: Performing 'wait for a specific view with <view.getId() is <2131230949>> during 20000 millis.' action on view view.getRootView() to equal view
09-07 03:46:07.965 13638 13682 W teco.fmhandroi: Accessing hidden method Lsun/misc/Unsafe;->compareAndSwapObject(Ljava/lang/Object;JLjava/lang/Object;Ljava/lang/Object;)Z (greylist, linking, allowed)
09-07 03:46:07.970 13638 13737 W teco.fmhandroi: Accessing hidden method Lsun/misc/Unsafe;->compareAndSwapObject(Ljava/lang/Object;JLjava/lang/Object;Ljava/lang/Object;)Z (greylist, linking, allowed)
09-07 03:46:07.980 13638 13638 I ViewInteraction: Checking 'MatchesViewAssertion{viewMatcher=(view has effective visibility <VISIBLE> and view.getGlobalVisibleRect() to return non-empty rectangle)}' assertion on view view.getId() is <2131230949/ru.iteco.fmhandroid:id/container_list_claim_include_on_fragment_main>
09-07 03:46:07.981 13638 13682 W teco.fmhandroi: Accessing hidden method Lsun/misc/Unsafe;->compareAndSwapObject(Ljava/lang/Object;JLjava/lang/Object;Ljava/lang/Object;)Z (greylist, linking, allowed)
09-07 03:46:07.983 13638 13638 I ViewInteraction: Performing 'wait for a specific view with <an instance of android.widget.TextView and view.getText() with or without transformation to match: is "Claims"> during 20000 millis.' action on view view.getRootView() to equal view
09-07 03:46:07.989 13638 13638 I ViewInteraction: Checking 'MatchesViewAssertion{viewMatcher=(view has effective visibility <VISIBLE> and view.getGlobalVisibleRect() to return non-empty rectangle)}' assertion on view an instance of android.widget.TextView and view.getText() with or without transformation to match: is "Claims"
09-07 03:46:07.990 13638 13737 W teco.fmhandroi: Accessing hidden method Lsun/misc/Unsafe;->compareAndSwapObject(Ljava/lang/Object;JLjava/lang/Object;Ljava/lang/Object;)Z (greylist, linking, allowed)
09-07 03:46:07.992 13638 13638 I ViewInteraction: Performing 'wait for a specific view with <view.getId() is <2131231123>> during 20000 millis.' action on view view.getRootView() to equal view
09-07 03:46:07.996 13638 13682 W teco.fmhandroi: Accessing hidden method Landroid/view/ViewConfiguration;->getDoubleTapMinTime()I (greylist, reflection, allowed)
09-07 03:46:07.999 13638 13682 W teco.fmhandroi: Accessing hidden method Lsun/misc/Unsafe;->compareAndSwapObject(Ljava/lang/Object;JLjava/lang/Object;Ljava/lang/Object;)Z (greylist, linking, allowed)
09-07 03:46:08.003 13638 13638 I ViewInteraction: Performing 'single click' action on view view.getId() is <2131231123/ru.iteco.fmhandroid:id/main_menu_image_button>
09-07 03:46:08.061  1781  6116 W audio_hw_generic: Not supplying enough data to HAL, expected position 15043050 , only wrote 15043038
09-07 03:46:08.086  1793  2554 D gralloc_ranchu: gralloc_alloc: Creating ashmem region of size 2015232
09-07 03:46:08.089  1793  2554 I chatty  : uid=1000(system) HwBinder:1793_2 identical 1 line
09-07 03:46:08.090  1793  2554 D gralloc_ranchu: gralloc_alloc: Creating ashmem region of size 2015232
09-07 03:46:08.119 13638 13729 D EGL_emulation: eglMakeCurrent: 0xda21ade0: ver 2 0 (tinfo 0xda20fa00)
09-07 03:46:08.145 13638 13729 I chatty  : uid=10136(ru.iteco.fmhandroid) RenderThread identical 2 lines
09-07 03:46:08.172 13638 13729 D EGL_emulation: eglMakeCurrent: 0xda21ade0: ver 2 0 (tinfo 0xda20fa00)
09-07 03:46:08.399 13638 13682 W teco.fmhandroi: Accessing hidden method Lsun/misc/Unsafe;->compareAndSwapObject(Ljava/lang/Object;JLjava/lang/Object;Ljava/lang/Object;)Z (greylist, linking, allowed)
09-07 03:46:08.401 13638 13638 I ViewInteraction: Performing 'wait for a specific view with <an instance of android.widget.TextView and view.getText() with or without transformation to match: is "News"> during 20000 millis.' action on view view.getRootView() to equal view
09-07 03:46:08.405 13638 13638 I ViewInteraction: Performing 'single click' action on view an instance of android.widget.TextView and view.getText() with or without transformation to match: is "News"
09-07 03:46:08.461 13638 13729 D EGL_emulation: eglMakeCurrent: 0xda21ade0: ver 2 0 (tinfo 0xda20fa00)
09-07 03:46:08.548 13638 13759 I okhttp.OkHttpClient: --> GET http://www.981757-ca08998.tmweb.ru:8080/fmh/news
09-07 03:46:08.548 13638 13759 I okhttp.OkHttpClient: --> END GET
09-07 03:46:08.550  1774 13760 E ResolverController: No valid NAT64 prefix (101, <unspecified>/0)
09-07 03:46:08.597 13638 13729 D EGL_emulation: eglMakeCurrent: 0xda21ade0: ver 2 0 (tinfo 0xda20fa00)
09-07 03:46:08.633 13638 13729 D EGL_emulation: eglMakeCurrent: 0xda21ade0: ver 2 0 (tinfo 0xda20fa00)
09-07 03:46:08.919 13638 13737 W teco.fmhandroi: Accessing hidden method Lsun/misc/Unsafe;->compareAndSwapObject(Ljava/lang/Object;JLjava/lang/Object;Ljava/lang/Object;)Z (greylist, linking, allowed)
09-07 03:46:08.920 13638 13638 I ViewInteraction: Performing 'wait for a specific view with <view.getId() is <2131231025>> during 20000 millis.' action on view view.getRootView() to equal view
09-07 03:46:08.922 13638 13682 W teco.fmhandroi: Accessing hidden method Lsun/misc/Unsafe;->compareAndSwapObject(Ljava/lang/Object;JLjava/lang/Object;Ljava/lang/Object;)Z (greylist, linking, allowed)
09-07 03:46:08.922 13638 13737 W teco.fmhandroi: Accessing hidden method Lsun/misc/Unsafe;->compareAndSwapObject(Ljava/lang/Object;JLjava/lang/Object;Ljava/lang/Object;)Z (greylist, linking, allowed)
09-07 03:46:08.924 13638 13638 I ViewInteraction: Performing 'single click' action on view view.getId() is <2131231025/ru.iteco.fmhandroid:id/edit_news_material_button>
09-07 03:46:08.941  1792  2272 E GnssHAL_GnssInterface: gnssSvStatusCb: a: input svInfo.flags is 8
09-07 03:46:08.941  1792  2272 E GnssHAL_GnssInterface: gnssSvStatusCb: b: input svInfo.flags is 8
09-07 03:46:09.003 13638 13761 I okhttp.OkHttpClient: --> GET http://www.981757-ca08998.tmweb.ru:8080/fmh/news
09-07 03:46:09.003 13638 13761 I okhttp.OkHttpClient: --> END GET
09-07 03:46:09.422 13638 13682 W teco.fmhandroi: Accessing hidden method Lsun/misc/Unsafe;->compareAndSwapObject(Ljava/lang/Object;JLjava/lang/Object;Ljava/lang/Object;)Z (greylist, linking, allowed)
09-07 03:46:09.423 13638 13737 W teco.fmhandroi: Accessing hidden method Lsun/misc/Unsafe;->compareAndSwapObject(Ljava/lang/Object;JLjava/lang/Object;Ljava/lang/Object;)Z (greylist, linking, allowed)
09-07 03:46:09.424 13638 13638 I ViewInteraction: Performing 'wait for a specific view with <view.getId() is <2131230850>> during 20000 millis.' action on view view.getRootView() to equal view
09-07 03:46:09.426 13638 13682 W teco.fmhandroi: Accessing hidden method Lsun/misc/Unsafe;->compareAndSwapObject(Ljava/lang/Object;JLjava/lang/Object;Ljava/lang/Object;)Z (greylist, linking, allowed)
09-07 03:46:09.428 13638 13638 I ViewInteraction: Performing 'single click' action on view view.getId() is <2131230850/ru.iteco.fmhandroid:id/add_news_image_view>
09-07 03:46:09.893 13638 13682 W teco.fmhandroi: Accessing hidden method Lsun/misc/Unsafe;->compareAndSwapObject(Ljava/lang/Object;JLjava/lang/Object;Ljava/lang/Object;)Z (greylist, linking, allowed)
09-07 03:46:09.896 13638 13638 I ViewInteraction: Performing 'wait for a specific view with <view.getId() is <2131231204>> during 20000 millis.' action on view view.getRootView() to equal view
09-07 03:46:09.898 13638 13682 W teco.fmhandroi: Accessing hidden method Lsun/misc/Unsafe;->compareAndSwapObject(Ljava/lang/Object;JLjava/lang/Object;Ljava/lang/Object;)Z (greylist, linking, allowed)
09-07 03:46:09.900 13638 13638 I ViewInteraction: Performing 'single click' action on view view.getId() is <2131231204/ru.iteco.fmhandroid:id/news_item_category_text_auto_complete_text_view>
09-07 03:46:09.940  1792  2272 E GnssHAL_GnssInterface: gnssSvStatusCb: a: input svInfo.flags is 8
09-07 03:46:09.940  1792  2272 E GnssHAL_GnssInterface: gnssSvStatusCb: b: input svInfo.flags is 8
09-07 03:46:10.011  1793  2554 D gralloc_ranchu: gralloc_alloc: Creating ashmem region of size 5308416
09-07 03:46:10.019  1793  2554 I chatty  : uid=1000(system) HwBinder:1793_2 identical 1 line
09-07 03:46:10.020  1793  2554 D gralloc_ranchu: gralloc_alloc: Creating ashmem region of size 5308416
09-07 03:46:10.035 13638 13729 D EGL_emulation: eglMakeCurrent: 0xda21ade0: ver 2 0 (tinfo 0xda20fa00)
09-07 03:46:10.056 13638 13638 I AssistStructure: Flattened final assist data: 7432 bytes, containing 2 windows, 55 views
09-07 03:46:10.068  6131  6131 W GInputConnectionWrapper: IPC IC_GET_TEXT_BEFORE_CURSOR_AND_FIX_SELECTION_INDICES took 102 ms
09-07 03:46:10.072  8425  8425 W AutofillChimeraService: Pending fill request while another request in the same session was triggered. [CONTEXT service_id=177 ]
