09-07 03:46:10.077  7867  7867 D BoundBrokerSvc: onBind: Intent { act=com.google.android.mdd.service.START dat=chimera-action: cmp=com.google.android.gms/.chimera.GmsBoundBrokerService }
09-07 03:46:10.077  7867  7867 D BoundBrokerSvc: Loading bound service for intent: Intent { act=com.google.android.mdd.service.START dat=chimera-action: cmp=com.google.android.gms/.chimera.GmsBoundBrokerService }
09-07 03:46:10.099 13638 13729 D EGL_emulation: eglMakeCurrent: 0xda21ade0: ver 2 0 (tinfo 0xda20fa00)
09-07 03:46:10.117 13638 13638 I AssistStructure: Flattened final assist data: 7432 bytes, containing 2 windows, 55 views
09-07 03:46:10.139 13638 13729 D EGL_emulation: eglMakeCurrent: 0xda21ade0: ver 2 0 (tinfo 0xda20fa00)
09-07 03:46:10.141  6131  6131 I KeyboardViewUtil: systemKeyboardHeightRatio:1.000000; userKeyboardHeightRatio:1.000000.
09-07 03:46:10.141  6131  6131 I AndroidIME: LatinIme.onActivate() : EditorInfo = Package = ru.iteco.fmhandroid : Type = Text : Learning = Disable : Suggestion = Show : AutoCorrection = Disable : Microphone = Show : NoPersonalizedLearning = Disable
09-07 03:46:10.150  6131  6131 I Conv2QueryExtension: Current locale: en_US, config allows these locales: de,en,es,fr,it,ms,pt,ta
09-07 03:46:10.150  6131  6131 I Conv2QueryExtension: Conv2Query not enabled due to current app [ru.iteco.fmhandroid] not in whitelist
09-07 03:46:10.150  6131  6131 I Conv2QueryExtension: onActivate() : Disabled by unsupported host app
09-07 03:46:10.160  2182  2468 D EGL_emulation: eglMakeCurrent: 0xda21a360: ver 2 0 (tinfo 0xda20f590)
09-07 03:46:10.161  2182  2182 W View    : requestLayout() improperly called by com.android.keyguard.AlphaOptimizedLinearLayout{551c6d8 V.E...... ......ID 7,0-48,61 #7f0a041c app:id/wifi_group} during second layout pass: posting in next frame
09-07 03:46:10.165  1793  2554 D gralloc_ranchu: gralloc_alloc: Creating ashmem region of size 9113600
09-07 03:46:10.170  1793  2554 D gralloc_ranchu: gralloc_alloc: Creating ashmem region of size 9113600
09-07 03:46:10.172  2182  2182 W View    : requestLayout() improperly called by StatusBarIconView(slot=mobile icon=null notification=null) during layout: running second layout pass
09-07 03:46:10.174  1793  2554 D gralloc_ranchu: gralloc_alloc: Creating ashmem region of size 9113600
09-07 03:46:10.180  2182  2468 D EGL_emulation: eglMakeCurrent: 0xda21a360: ver 2 0 (tinfo 0xda20f590)
09-07 03:46:10.180  6131  6653 D EGL_emulation: eglMakeCurrent: 0xe224f240: ver 2 0 (tinfo 0xe227da70)
09-07 03:46:10.243 13638 13729 D EGL_emulation: eglMakeCurrent: 0xda21ade0: ver 2 0 (tinfo 0xda20fa00)
09-07 03:46:10.290  1793  2554 D gralloc_ranchu: gralloc_alloc: Creating ashmem region of size 3530752
09-07 03:46:10.296 13638 13729 D EGL_emulation: eglMakeCurrent: 0xda21ade0: ver 2 0 (tinfo 0xda20fa00)
09-07 03:46:10.306  1793  2554 D gralloc_ranchu: gralloc_alloc: Creating ashmem region of size 3530752
09-07 03:46:10.311 13638 13729 D EGL_emulation: eglMakeCurrent: 0xda21ade0: ver 2 0 (tinfo 0xda20fa00)
09-07 03:46:10.323 13638 13729 D EGL_emulation: eglMakeCurrent: 0xda21ade0: ver 2 0 (tinfo 0xda20fa00)
09-07 03:46:10.331  1793  2554 D gralloc_ranchu: gralloc_alloc: Creating ashmem region of size 3530752
09-07 03:46:10.334 13638 13651 I teco.fmhandroi: NativeAlloc concurrent copying GC freed 43552(2067KB) AllocSpace objects, 0(0B) LOS objects, 41% free, 8687KB/14MB, paused 300us total 128.888ms
09-07 03:46:10.405 13638 13682 W teco.fmhandroi: Accessing hidden method Lsun/misc/Unsafe;->compareAndSwapObject(Ljava/lang/Object;JLjava/lang/Object;Ljava/lang/Object;)Z (greylist, linking, allowed)
09-07 03:46:10.406 13638 13638 I ViewInteraction: Performing 'close keyboard' action on view view.getRootView() to equal view
09-07 03:46:10.409  6131  6131 I PhenotypeExpConfig: refreshConfiguration() : Force = false : UpdateAvailable = false : Age = 38 minutes : MaxAge = 720 minutes
09-07 03:46:10.410  6131  6131 I AndroidIME: LatinIme.onDeactivate()
09-07 03:46:10.429  2182  2468 D EGL_emulation: eglMakeCurrent: 0xda21a360: ver 2 0 (tinfo 0xda20f590)
09-07 03:46:10.430  2182  2182 W View    : requestLayout() improperly called by com.android.keyguard.AlphaOptimizedLinearLayout{551c6d8 V.E...... ......ID 7,0-48,61 #7f0a041c app:id/wifi_group} during second layout pass: posting in next frame
09-07 03:46:10.431  6131  6653 D EGL_emulation: eglMakeCurrent: 0xe224f240: ver 2 0 (tinfo 0xe227da70)
09-07 03:46:10.448  2182  2182 W View    : requestLayout() improperly called by StatusBarIconView(slot=mobile icon=null notification=null) during layout: running second layout pass
09-07 03:46:10.451  2182  2468 D EGL_emulation: eglMakeCurrent: 0xda21a360: ver 2 0 (tinfo 0xda20f590)
09-07 03:46:10.483 13638 13729 D EGL_emulation: eglMakeCurrent: 0xda21ade0: ver 2 0 (tinfo 0xda20fa00)
09-07 03:46:10.507  1793  2554 D gralloc_ranchu: gralloc_alloc: Creating ashmem region of size 5308416
09-07 03:46:10.519 13638 13729 D EGL_emulation: eglMakeCurrent: 0xda21ade0: ver 2 0 (tinfo 0xda20fa00)
09-07 03:46:10.536  1793  2554 D gralloc_ranchu: gralloc_alloc: Creating ashmem region of size 5308416
09-07 03:46:10.538 13638 13729 D EGL_emulation: eglMakeCurrent: 0xda21ade0: ver 2 0 (tinfo 0xda20fa00)
09-07 03:46:10.556 13638 13729 D EGL_emulation: eglMakeCurrent: 0xda21ade0: ver 2 0 (tinfo 0xda20fa00)
09-07 03:46:10.568  1793  2554 D gralloc_ranchu: gralloc_alloc: Creating ashmem region of size 5308416
09-07 03:46:10.725 13638 13638 I ViewInteraction: Checking 'MatchesViewAssertion{viewMatcher=(view has effective visibility <VISIBLE> and view.getGlobalVisibleRect() to return non-empty rectangle)}' assertion on view an instance of android.widget.TextView and view.getText() with or without transformation to match: is ""
09-07 03:46:10.728 13638 13638 I ViewInteraction: Performing 'single click' action on view an instance of android.widget.TextView and view.getText() with or without transformation to match: is ""
09-07 03:46:10.864 13638 13729 D EGL_emulation: eglMakeCurrent: 0xda21ade0: ver 2 0 (tinfo 0xda20fa00)
09-07 03:46:10.872  2037  2428 E InputDispatcher: Window handle Window{f7c5d6e u0 PopupWindow:9e8776c} has no registered input channel
09-07 03:46:10.890  2037  2459 E InputDispatcher: Window handle Window{f7c5d6e u0 PopupWindow:9e8776c} has no registered input channel
09-07 03:46:10.894 13638 13729 D EGL_emulation: eglMakeCurrent: 0xda21ade0: ver 2 0 (tinfo 0xda20fa00)
09-07 03:46:10.940  1792  2272 E GnssHAL_GnssInterface: gnssSvStatusCb: a: input svInfo.flags is 8
09-07 03:46:10.940  1792  2272 E GnssHAL_GnssInterface: gnssSvStatusCb: b: input svInfo.flags is 8
09-07 03:46:11.000 13638 13682 W teco.fmhandroi: Accessing hidden method Lsun/misc/Unsafe;->compareAndSwapObject(Ljava/lang/Object;JLjava/lang/Object;Ljava/lang/Object;)Z (greylist, linking, allowed)
09-07 03:46:11.002 13638 13638 I ViewInteraction: Performing 'wait for a specific view with <view.getId() is <2131231227>> during 20000 millis.' action on view view.getRootView() to equal view
09-07 03:46:11.003 13638 13682 W teco.fmhandroi: Accessing hidden method Lsun/misc/Unsafe;->compareAndSwapObject(Ljava/lang/Object;JLjava/lang/Object;Ljava/lang/Object;)Z (greylist, linking, allowed)
09-07 03:46:11.003 13638 13737 W teco.fmhandroi: Accessing hidden method Lsun/misc/Unsafe;->compareAndSwapObject(Ljava/lang/Object;JLjava/lang/Object;Ljava/lang/Object;)Z (greylist, linking, allowed)
09-07 03:46:11.005 13638 13638 I ViewInteraction: Performing 'replace text( af2fd41d-21fe-408e-9cf6-3a12a7d089d1)' action on view view.getId() is <2131231227/ru.iteco.fmhandroid:id/news_item_title_text_input_edit_text>
09-07 03:46:11.015 13638 13682 W teco.fmhandroi: Accessing hidden method Lsun/misc/Unsafe;->compareAndSwapObject(Ljava/lang/Object;JLjava/lang/Object;Ljava/lang/Object;)Z (greylist, linking, allowed)
09-07 03:46:11.022 13638 13638 I ViewInteraction: Performing 'wait for a specific view with <view.getId() is <2131231222>> during 20000 millis.' action on view view.getRootView() to equal view
09-07 03:46:11.023 13638 13682 W teco.fmhandroi: Accessing hidden method Lsun/misc/Unsafe;->compareAndSwapObject(Ljava/lang/Object;JLjava/lang/Object;Ljava/lang/Object;)Z (greylist, linking, allowed)
09-07 03:46:11.025 13638 13638 I ViewInteraction: Performing 'single click' action on view view.getId() is <2131231222/ru.iteco.fmhandroid:id/news_item_publish_date_text_input_edit_text>
09-07 03:46:11.177  1793  2554 D gralloc_ranchu: gralloc_alloc: Creating ashmem region of size 6778880
09-07 03:46:11.193  1793  2554 I chatty  : uid=1000(system) HwBinder:1793_2 identical 1 line
09-07 03:46:11.194  1793  2554 D gralloc_ranchu: gralloc_alloc: Creating ashmem region of size 6778880
09-07 03:46:11.201 13638 13729 D EGL_emulation: eglMakeCurrent: 0xda21ade0: ver 2 0 (tinfo 0xda20fa00)
09-07 03:46:11.453 13638 13729 I chatty  : uid=10136(ru.iteco.fmhandroid) RenderThread identical 16 lines
09-07 03:46:11.468 13638 13729 D EGL_emulation: eglMakeCurrent: 0xda21ade0: ver 2 0 (tinfo 0xda20fa00)
09-07 03:46:11.776 13638 13737 W teco.fmhandroi: Accessing hidden method Lsun/misc/Unsafe;->compareAndSwapObject(Ljava/lang/Object;JLjava/lang/Object;Ljava/lang/Object;)Z (greylist, linking, allowed)
09-07 03:46:11.777 13638 13682 W teco.fmhandroi: Accessing hidden method Lsun/misc/Unsafe;->compareAndSwapObject(Ljava/lang/Object;JLjava/lang/Object;Ljava/lang/Object;)Z (greylist, linking, allowed)
09-07 03:46:11.777 13638 13682 W teco.fmhandroi: Accessing hidden method Lsun/misc/Unsafe;->getObject(Ljava/lang/Object;J)Ljava/lang/Object; (greylist, linking, allowed)
09-07 03:46:11.780 13638 13638 I ViewInteraction: Performing 'wait for a specific view with <is assignable from class <class android.widget.DatePicker>> during 20000 millis.' action on view view.getRootView() to equal view
09-07 03:46:11.783 13638 13638 I ViewInteraction: Checking 'MatchesViewAssertion{viewMatcher=(view has effective visibility <VISIBLE> and view.getGlobalVisibleRect() to return non-empty rectangle)}' assertion on view is assignable from class <class android.widget.DatePicker>
09-07 03:46:11.787 13638 13638 I ViewInteraction: Performing 'wait for a specific view with <is assignable from class <class android.widget.DatePicker>> during 20000 millis.' action on view view.getRootView() to equal view
09-07 03:46:11.791 13638 13638 I ViewInteraction: Performing 'set date' action on view is assignable from class <class android.widget.DatePicker>
09-07 03:46:11.813 13638 13729 D EGL_emulation: eglMakeCurrent: 0xda21ade0: ver 2 0 (tinfo 0xda20fa00)
09-07 03:46:11.831 13638 13638 I ViewInteraction: Performing 'wait for a specific view with <view.getId() is <16908313>> during 20000 millis.' action on view view.getRootView() to equal view
09-07 03:46:11.833 13638 13682 W teco.fmhandroi: Accessing hidden method Lsun/misc/Unsafe;->compareAndSwapObject(Ljava/lang/Object;JLjava/lang/Object;Ljava/lang/Object;)Z (greylist, linking, allowed)
09-07 03:46:11.834 13638 13737 W teco.fmhandroi: Accessing hidden method Lsun/misc/Unsafe;->compareAndSwapObject(Ljava/lang/Object;JLjava/lang/Object;Ljava/lang/Object;)Z (greylist, linking, allowed)
09-07 03:46:11.836 13638 13638 I ViewInteraction: Performing 'single click' action on view view.getId() is <16908313/android:id/button1>
09-07 03:46:11.914 13638 13729 D EGL_emulation: eglMakeCurrent: 0xda21ade0: ver 2 0 (tinfo 0xda20fa00)
09-07 03:46:11.924  2037  2459 E InputDispatcher: Window handle Window{f8a70df u0 ru.iteco.fmhandroid/ru.iteco.fmhandroid.ui.AppActivity} has no registered input channel
09-07 03:46:11.929 13638 13729 D EGL_emulation: eglMakeCurrent: 0xda21ade0: ver 2 0 (tinfo 0xda20fa00)
09-07 03:46:11.942  1792  2272 E GnssHAL_GnssInterface: gnssSvStatusCb: a: input svInfo.flags is 8
09-07 03:46:11.942  1792  2272 E GnssHAL_GnssInterface: gnssSvStatusCb: b: input svInfo.flags is 8
09-07 03:46:12.214 13638 13682 W teco.fmhandroi: Accessing hidden method Lsun/misc/Unsafe;->compareAndSwapObject(Ljava/lang/Object;JLjava/lang/Object;Ljava/lang/Object;)Z (greylist, linking, allowed)
09-07 03:46:12.217 13638 13638 I ViewInteraction: Performing 'wait for a specific view with <view.getId() is <2131231223>> during 20000 millis.' action on view view.getRootView() to equal view
09-07 03:46:12.221 13638 13682 W teco.fmhandroi: Accessing hidden method Lsun/misc/Unsafe;->compareAndSwapObject(Ljava/lang/Object;JLjava/lang/Object;Ljava/lang/Object;)Z (greylist, linking, allowed)
09-07 03:46:12.221 13638 13737 W teco.fmhandroi: Accessing hidden method Lsun/misc/Unsafe;->compareAndSwapObject(Ljava/lang/Object;JLjava/lang/Object;Ljava/lang/Object;)Z (greylist, linking, allowed)
09-07 03:46:12.224 13638 13638 I ViewInteraction: Performing 'single click' action on view view.getId() is <2131231223/ru.iteco.fmhandroid:id/news_item_publish_time_text_input_edit_text>
09-07 03:46:12.360  1793  2554 D gralloc_ranchu: gralloc_alloc: Creating ashmem region of size 5718016
09-07 03:46:12.370  1793  2554 I chatty  : uid=1000(system) HwBinder:1793_2 identical 1 line
09-07 03:46:12.372  1793  2554 D gralloc_ranchu: gralloc_alloc: Creating ashmem region of size 5718016
09-07 03:46:12.377 13638 13729 D EGL_emulation: eglMakeCurrent: 0xda21ade0: ver 2 0 (tinfo 0xda20fa00)
09-07 03:46:12.406 13638 13729 I chatty  : uid=10136(ru.iteco.fmhandroid) RenderThread identical 2 lines
09-07 03:46:12.442 13638 13729 D EGL_emulation: eglMakeCurrent: 0xda21ade0: ver 2 0 (tinfo 0xda20fa00)
09-07 03:46:12.668 13638 13682 W teco.fmhandroi: Accessing hidden method Lsun/misc/Unsafe;->compareAndSwapObject(Ljava/lang/Object;JLjava/lang/Object;Ljava/lang/Object;)Z (greylist, linking, allowed)
09-07 03:46:12.672 13638 13638 I ViewInteraction: Performing 'wait for a specific view with <is assignable from class <class android.widget.TimePicker>> during 20000 millis.' action on view view.getRootView() to equal view
09-07 03:46:12.677 13638 13638 I ViewInteraction: Checking 'MatchesViewAssertion{viewMatcher=(view has effective visibility <VISIBLE> and view.getGlobalVisibleRect() to return non-empty rectangle)}' assertion on view is assignable from class <class android.widget.TimePicker>
09-07 03:46:12.680 13638 13638 I ViewInteraction: Performing 'wait for a specific view with <is assignable from class <class android.widget.TimePicker>> during 20000 millis.' action on view view.getRootView() to equal view
09-07 03:46:12.684 13638 13638 I ViewInteraction: Performing 'set time' action on view is assignable from class <class android.widget.TimePicker>
09-07 03:46:12.687 13638 13638 I ViewInteraction: Performing 'wait for a specific view with <view.getId() is <16908313/android:id/button1>> during 20000 millis.' action on view view.getRootView() to equal view
09-07 03:46:12.689 13638 13682 W teco.fmhandroi: Accessing hidden method Lsun/misc/Unsafe;->compareAndSwapObject(Ljava/lang/Object;JLjava/lang/Object;Ljava/lang/Object;)Z (greylist, linking, allowed)
09-07 03:46:12.689 13638 13737 W teco.fmhandroi: Accessing hidden method Lsun/misc/Unsafe;->compareAndSwapObject(Ljava/lang/Object;JLjava/lang/Object;Ljava/lang/Object;)Z (greylist, linking, allowed)
09-07 03:46:12.690 13638 13638 I ViewInteraction: Performing 'single click' action on view view.getId() is <16908313/android:id/button1>
09-07 03:46:12.771 13638 13729 D EGL_emulation: eglMakeCurrent: 0xda21ade0: ver 2 0 (tinfo 0xda20fa00)
09-07 03:46:12.784 13638 13729 I chatty  : uid=10136(ru.iteco.fmhandroid) RenderThread identical 1 line
09-07 03:46:12.798 13638 13729 D EGL_emulation: eglMakeCurrent: 0xda21ade0: ver 2 0 (tinfo 0xda20fa00)
09-07 03:46:12.801  7867  7867 D BoundBrokerSvc: onUnbind: Intent { act=com.google.android.gms.measurement.START pkg=com.google.android.gms }
09-07 03:46:12.801  2037  2065 E memtrack: Couldn't load memtrack module
09-07 03:46:12.801  2037  2065 W android.os.Debug: failed to get memory consumption info: -1
09-07 03:46:12.806  2037  2428 E InputDispatcher: Window handle Window{ec5865 u0 ru.iteco.fmhandroid/ru.iteco.fmhandroid.ui.AppActivity} has no registered input channel
09-07 03:46:12.940  1792  2272 E GnssHAL_GnssInterface: gnssSvStatusCb: a: input svInfo.flags is 8
09-07 03:46:12.940  1792  2272 E GnssHAL_GnssInterface: gnssSvStatusCb: b: input svInfo.flags is 8
09-07 03:46:13.059 13638 13682 W teco.fmhandroi: Accessing hidden method Lsun/misc/Unsafe;->compareAndSwapObject(Ljava/lang/Object;JLjava/lang/Object;Ljava/lang/Object;)Z (greylist, linking, allowed)
09-07 03:46:13.063 13638 13638 I ViewInteraction: Performing 'wait for a specific view with <view.getId() is <2131231211>> during 20000 millis.' action on view view.getRootView() to equal view
09-07 03:46:13.066 13638 13682 W teco.fmhandroi: Accessing hidden method Lsun/misc/Unsafe;->compareAndSwapObject(Ljava/lang/Object;JLjava/lang/Object;Ljava/lang/Object;)Z (greylist, linking, allowed)
09-07 03:46:13.070 13638 13638 I ViewInteraction: Performing 'replace text( 5081d1ec-190c-4f5c-a518-f63c306aed7a)' action on view view.getId() is <2131231211/ru.iteco.fmhandroid:id/news_item_description_text_input_edit_text>
09-07 03:46:13.077 13638 13682 W teco.fmhandroi: Accessing hidden method Lsun/misc/Unsafe;->compareAndSwapObject(Ljava/lang/Object;JLjava/lang/Object;Ljava/lang/Object;)Z (greylist, linking, allowed)
09-07 03:46:13.104 13638 13638 I ViewInteraction: Performing 'wait for a specific view with <view.getId() is <2131231291>> during 20000 millis.' action on view view.getRootView() to equal view
09-07 03:46:13.106 13638 13682 W teco.fmhandroi: Accessing hidden method Lsun/misc/Unsafe;->compareAndSwapObject(Ljava/lang/Object;JLjava/lang/Object;Ljava/lang/Object;)Z (greylist, linking, allowed)
09-07 03:46:13.108 13638 13638 I ViewInteraction: Performing 'single click' action on view view.getId() is <2131231291/ru.iteco.fmhandroid:id/save_button>
09-07 03:46:13.172 13638 13771 I okhttp.OkHttpClient: --> POST http://www.981757-ca08998.tmweb.ru:8080/fmh/news
09-07 03:46:13.172 13638 13771 I okhttp.OkHttpClient: Content-Type: application/json; charset=UTF-8
09-07 03:46:13.173 13638 13771 I okhttp.OkHttpClient: Content-Length: 294
09-07 03:46:13.175 13638 13771 I okhttp.OkHttpClient: {"createDate":1694047573,"creatorId":1,"creatorName":"Ivanov Ivan Ivanovich","description":" 5081d1ec-190c-4f5c-a518-f63c306aed7a","isOpen":false,"newsCategoryId":1,"publishDate":1691379960,"publishEnabled":true,"title":" af2fd41d-21fe-408e-9cf6-3a12a7d089d1"}
09-07 03:46:13.175 13638 13771 I okhttp.OkHttpClient: --> END POST (294-byte body)
09-07 03:46:13.179  1774 13772 E ResolverController: No valid NAT64 prefix (101, <unspecified>/0)
09-07 03:46:13.392 13638 13682 W teco.fmhandroi: Accessing hidden method Lsun/misc/Unsafe;->compareAndSwapObject(Ljava/lang/Object;JLjava/lang/Object;Ljava/lang/Object;)Z (greylist, linking, allowed)
09-07 03:46:13.393 13638 13737 W teco.fmhandroi: Accessing hidden method Lsun/misc/Unsafe;->compareAndSwapObject(Ljava/lang/Object;JLjava/lang/Object;Ljava/lang/Object;)Z (greylist, linking, allowed)
09-07 03:46:13.393 13638 13638 I ViewInteraction: Performing 'wait for a specific view with <view.getId() is <2131230850/ru.iteco.fmhandroid:id/add_news_image_view>> during 20000 millis.' action on view view.getRootView() to equal view
09-07 03:46:13.942  1792  2272 E GnssHAL_GnssInterface: gnssSvStatusCb: a: input svInfo.flags is 8
09-07 03:46:13.942  1792  2272 E GnssHAL_GnssInterface: gnssSvStatusCb: b: input svInfo.flags is 8
09-07 03:46:14.942  1792  2272 E GnssHAL_GnssInterface: gnssSvStatusCb: a: input svInfo.flags is 8
09-07 03:46:14.942  1792  2272 E GnssHAL_GnssInterface: gnssSvStatusCb: b: input svInfo.flags is 8
09-07 03:46:15.120  2037  2037 W PendingFillRequest: timed out after 5000 ms
09-07 03:46:15.214  2037  2065 E memtrack: Couldn't load memtrack module
09-07 03:46:15.214  2037  2065 W android.os.Debug: failed to get memory consumption info: -1
09-07 03:46:15.941  1792  2272 E GnssHAL_GnssInterface: gnssSvStatusCb: a: input svInfo.flags is 8
09-07 03:46:15.941  1792  2272 E GnssHAL_GnssInterface: gnssSvStatusCb: b: input svInfo.flags is 8
09-07 03:46:16.292  1781  1887 W audio_hw_generic: Not supplying enough data to HAL, expected position 15767145 , only wrote 15405927
09-07 03:46:16.942  1792  2272 E GnssHAL_GnssInterface: gnssSvStatusCb: a: input svInfo.flags is 8
09-07 03:46:16.942  1792  2272 E GnssHAL_GnssInterface: gnssSvStatusCb: b: input svInfo.flags is 8
09-07 03:46:17.301  7867  7867 D BoundBrokerSvc: onUnbind: Intent { act=com.google.android.gms.inappreach.service.START dat=chimera-action: cmp=com.google.android.gms/.chimera.GmsApiService }
09-07 03:46:17.414 13638 13747 I okhttp.OkHttpClient: <-- HTTP FAILED: java.net.SocketTimeoutException: timeout
09-07 03:46:17.416 13638 13638 W System.err: ru.iteco.fmhandroid.exceptions.ServerException
09-07 03:46:17.416 13638 13638 W System.err: 	at ru.iteco.fmhandroid.utils.Utils.makeRequest(Utils.kt:119)
09-07 03:46:17.416 13638 13638 W System.err: 	at ru.iteco.fmhandroid.utils.Utils$makeRequest$1.invokeSuspend(Unknown Source:15)
09-07 03:46:17.416 13638 13638 W System.err: 	at kotlin.coroutines.jvm.internal.BaseContinuationImpl.resumeWith(ContinuationImpl.kt:33)
09-07 03:46:17.417 13638 13638 W System.err: 	at kotlinx.coroutines.DispatchedTask.run(DispatchedTask.kt:104)
09-07 03:46:17.417 13638 13638 W System.err: 	at android.os.Handler.handleCallback(Handler.java:883)
09-07 03:46:17.417 13638 13638 W System.err: 	at android.os.Handler.dispatchMessage(Handler.java:100)
09-07 03:46:17.417 13638 13638 W System.err: 	at androidx.test.espresso.base.Interrogator.loopAndInterrogate(Interrogator.java:14)
09-07 03:46:17.417 13638 13638 W System.err: 	at androidx.test.espresso.base.UiControllerImpl.loopUntil(UiControllerImpl.java:8)
09-07 03:46:17.418 13638 13638 W System.err: 	at androidx.test.espresso.base.UiControllerImpl.loopUntil(UiControllerImpl.java:1)
09-07 03:46:17.418 13638 13638 W System.err: 	at androidx.test.espresso.base.UiControllerImpl.loopMainThreadForAtLeast(UiControllerImpl.java:7)
09-07 03:46:17.418 13638 13638 W System.err: 	at ru.iteco.fmhandroid.ui.data.ViewActions$1.perform(ViewActions.java:48)
09-07 03:46:17.418 13638 13638 W System.err: 	at androidx.test.espresso.ViewInteraction$SingleExecutionViewAction.perform(ViewInteraction.java:2)
09-07 03:46:17.418 13638 13638 W System.err: 	at androidx.test.espresso.ViewInteraction.doPerform(ViewInteraction.java:25)
09-07 03:46:17.418 13638 13638 W System.err: 	at androidx.test.espresso.ViewInteraction.-$$Nest$mdoPerform(Unknown Source:0)
09-07 03:46:17.418 13638 13638 W System.err: 	at androidx.test.espresso.ViewInteraction$1.call(ViewInteraction.java:7)
09-07 03:46:17.418 13638 13638 W System.err: 	at androidx.test.espresso.ViewInteraction$1.call(ViewInteraction.java:1)
09-07 03:46:17.418 13638 13638 W System.err: 	at java.util.concurrent.FutureTask.run(FutureTask.java:266)
09-07 03:46:17.418 13638 13638 W System.err: 	at android.os.Handler.handleCallback(Handler.java:883)
09-07 03:46:17.418 13638 13638 W System.err: 	at android.os.Handler.dispatchMessage(Handler.java:100)
09-07 03:46:17.418 13638 13638 W System.err: 	at android.os.Looper.loop(Looper.java:214)
09-07 03:46:17.418 13638 13638 W System.err: 	at android.app.ActivityThread.main(ActivityThread.java:7356)
09-07 03:46:17.419 13638 13638 W System.err: 	at java.lang.reflect.Method.invoke(Native Method)
09-07 03:46:17.419 13638 13638 W System.err: 	at com.android.internal.os.RuntimeInit$MethodAndArgsCaller.run(RuntimeInit.java:492)
09-07 03:46:17.419 13638 13638 W System.err: 	at com.android.internal.os.ZygoteInit.main(ZygoteInit.java:930)
09-07 03:46:17.941  1792  2272 E GnssHAL_GnssInterface: gnssSvStatusCb: a: input svInfo.flags is 8
09-07 03:46:17.941  1792  2272 E GnssHAL_GnssInterface: gnssSvStatusCb: b: input svInfo.flags is 8
09-07 03:46:18.691 13638 13759 I okhttp.OkHttpClient: <-- HTTP FAILED: java.net.SocketTimeoutException: timeout
09-07 03:46:18.692 13638 13638 W System.err: ru.iteco.fmhandroid.exceptions.ServerException
09-07 03:46:18.692 13638 13638 W System.err: 	at ru.iteco.fmhandroid.utils.Utils.makeRequest(Utils.kt:119)
09-07 03:46:18.692 13638 13638 W System.err: 	at ru.iteco.fmhandroid.utils.Utils$makeRequest$1.invokeSuspend(Unknown Source:15)
09-07 03:46:18.693 13638 13638 W System.err: 	at kotlin.coroutines.jvm.internal.BaseContinuationImpl.resumeWith(ContinuationImpl.kt:33)
09-07 03:46:18.693 13638 13638 W System.err: 	at kotlinx.coroutines.DispatchedTask.run(DispatchedTask.kt:104)
09-07 03:46:18.693 13638 13638 W System.err: 	at android.os.Handler.handleCallback(Handler.java:883)
09-07 03:46:18.693 13638 13638 W System.err: 	at android.os.Handler.dispatchMessage(Handler.java:100)
09-07 03:46:18.693 13638 13638 W System.err: 	at androidx.test.espresso.base.Interrogator.loopAndInterrogate(Interrogator.java:14)
09-07 03:46:18.693 13638 13638 W System.err: 	at androidx.test.espresso.base.UiControllerImpl.loopUntil(UiControllerImpl.java:8)
09-07 03:46:18.693 13638 13638 W System.err: 	at androidx.test.espresso.base.UiControllerImpl.loopUntil(UiControllerImpl.java:1)
09-07 03:46:18.693 13638 13638 W System.err: 	at androidx.test.espresso.base.UiControllerImpl.loopMainThreadForAtLeast(UiControllerImpl.java:7)
09-07 03:46:18.694 13638 13638 W System.err: 	at ru.iteco.fmhandroid.ui.data.ViewActions$1.perform(ViewActions.java:48)
09-07 03:46:18.694 13638 13638 W System.err: 	at androidx.test.espresso.ViewInteraction$SingleExecutionViewAction.perform(ViewInteraction.java:2)
09-07 03:46:18.694 13638 13638 W System.err: 	at androidx.test.espresso.ViewInteraction.doPerform(ViewInteraction.java:25)
09-07 03:46:18.694 13638 13638 W System.err: 	at androidx.test.espresso.ViewInteraction.-$$Nest$mdoPerform(Unknown Source:0)
09-07 03:46:18.694 13638 13638 W System.err: 	at androidx.test.espresso.ViewInteraction$1.call(ViewInteraction.java:7)
09-07 03:46:18.694 13638 13638 W System.err: 	at androidx.test.espresso.ViewInteraction$1.call(ViewInteraction.java:1)
09-07 03:46:18.694 13638 13638 W System.err: 	at java.util.concurrent.FutureTask.run(FutureTask.java:266)
09-07 03:46:18.694 13638 13638 W System.err: 	at android.os.Handler.handleCallback(Handler.java:883)
09-07 03:46:18.694 13638 13638 W System.err: 	at android.os.Handler.dispatchMessage(Handler.java:100)
09-07 03:46:18.695 13638 13638 W System.err: 	at android.os.Looper.loop(Looper.java:214)
09-07 03:46:18.695 13638 13638 W System.err: 	at android.app.ActivityThread.main(ActivityThread.java:7356)
09-07 03:46:18.695 13638 13638 W System.err: 	at java.lang.reflect.Method.invoke(Native Method)
09-07 03:46:18.695 13638 13638 W System.err: 	at com.android.internal.os.RuntimeInit$MethodAndArgsCaller.run(RuntimeInit.java:492)
09-07 03:46:18.695 13638 13638 W System.err: 	at com.android.internal.os.ZygoteInit.main(ZygoteInit.java:930)
09-07 03:46:18.942  1792  2272 E GnssHAL_GnssInterface: gnssSvStatusCb: a: input svInfo.flags is 8
09-07 03:46:18.943  1792  2272 E GnssHAL_GnssInterface: gnssSvStatusCb: b: input svInfo.flags is 8
09-07 03:46:19.131 13638 13761 I okhttp.OkHttpClient: <-- HTTP FAILED: java.net.SocketTimeoutException: timeout
09-07 03:46:19.133 13638 13638 W System.err: ru.iteco.fmhandroid.exceptions.ServerException
09-07 03:46:19.133 13638 13638 W System.err: 	at ru.iteco.fmhandroid.utils.Utils.makeRequest(Utils.kt:119)
09-07 03:46:19.133 13638 13638 W System.err: 	at ru.iteco.fmhandroid.utils.Utils$makeRequest$1.invokeSuspend(Unknown Source:15)
09-07 03:46:19.133 13638 13638 W System.err: 	at kotlin.coroutines.jvm.internal.BaseContinuationImpl.resumeWith(ContinuationImpl.kt:33)
09-07 03:46:19.133 13638 13638 W System.err: 	at kotlinx.coroutines.DispatchedTask.run(DispatchedTask.kt:104)
09-07 03:46:19.133 13638 13638 W System.err: 	at android.os.Handler.handleCallback(Handler.java:883)
09-07 03:46:19.134 13638 13638 W System.err: 	at android.os.Handler.dispatchMessage(Handler.java:100)
09-07 03:46:19.134 13638 13638 W System.err: 	at androidx.test.espresso.base.Interrogator.loopAndInterrogate(Interrogator.java:14)
09-07 03:46:19.134 13638 13638 W System.err: 	at androidx.test.espresso.base.UiControllerImpl.loopUntil(UiControllerImpl.java:8)
09-07 03:46:19.134 13638 13638 W System.err: 	at androidx.test.espresso.base.UiControllerImpl.loopUntil(UiControllerImpl.java:1)
09-07 03:46:19.134 13638 13638 W System.err: 	at androidx.test.espresso.base.UiControllerImpl.loopMainThreadForAtLeast(UiControllerImpl.java:7)
09-07 03:46:19.134 13638 13638 W System.err: 	at ru.iteco.fmhandroid.ui.data.ViewActions$1.perform(ViewActions.java:48)
09-07 03:46:19.134 13638 13638 W System.err: 	at androidx.test.espresso.ViewInteraction$SingleExecutionViewAction.perform(ViewInteraction.java:2)
09-07 03:46:19.134 13638 13638 W System.err: 	at androidx.test.espresso.ViewInteraction.doPerform(ViewInteraction.java:25)
09-07 03:46:19.134 13638 13638 W System.err: 	at androidx.test.espresso.ViewInteraction.-$$Nest$mdoPerform(Unknown Source:0)
09-07 03:46:19.134 13638 13638 W System.err: 	at androidx.test.espresso.ViewInteraction$1.call(ViewInteraction.java:7)
09-07 03:46:19.135 13638 13638 W System.err: 	at androidx.test.espresso.ViewInteraction$1.call(ViewInteraction.java:1)
09-07 03:46:19.135 13638 13638 W System.err: 	at java.util.concurrent.FutureTask.run(FutureTask.java:266)
09-07 03:46:19.135 13638 13638 W System.err: 	at android.os.Handler.handleCallback(Handler.java:883)
09-07 03:46:19.135 13638 13638 W System.err: 	at android.os.Handler.dispatchMessage(Handler.java:100)
09-07 03:46:19.135 13638 13638 W System.err: 	at android.os.Looper.loop(Looper.java:214)
09-07 03:46:19.135 13638 13638 W System.err: 	at android.app.ActivityThread.main(ActivityThread.java:7356)
09-07 03:46:19.135 13638 13638 W System.err: 	at java.lang.reflect.Method.invoke(Native Method)
09-07 03:46:19.135 13638 13638 W System.err: 	at com.android.internal.os.RuntimeInit$MethodAndArgsCaller.run(RuntimeInit.java:492)
09-07 03:46:19.135 13638 13638 W System.err: 	at com.android.internal.os.ZygoteInit.main(ZygoteInit.java:930)
09-07 03:46:19.941  1792  2272 E GnssHAL_GnssInterface: gnssSvStatusCb: a: input svInfo.flags is 8
09-07 03:46:19.941  1792  2272 E GnssHAL_GnssInterface: gnssSvStatusCb: b: input svInfo.flags is 8
09-07 03:46:20.942  1792  2272 E GnssHAL_GnssInterface: gnssSvStatusCb: a: input svInfo.flags is 8
09-07 03:46:20.942  1792  2272 E GnssHAL_GnssInterface: gnssSvStatusCb: b: input svInfo.flags is 8
09-07 03:46:20.981  2666  2666 I brdd    : (REDACTED) disposing SearchServiceClient after timeout %s
09-07 03:46:21.941  1792  2272 E GnssHAL_GnssInterface: gnssSvStatusCb: a: input svInfo.flags is 8
09-07 03:46:21.941  1792  2272 E GnssHAL_GnssInterface: gnssSvStatusCb: b: input svInfo.flags is 8
09-07 03:46:22.941  1792  2272 E GnssHAL_GnssInterface: gnssSvStatusCb: a: input svInfo.flags is 8
09-07 03:46:22.941  1792  2272 E GnssHAL_GnssInterface: gnssSvStatusCb: b: input svInfo.flags is 8
09-07 03:46:23.335 13638 13771 I okhttp.OkHttpClient: <-- HTTP FAILED: java.net.SocketTimeoutException: timeout
09-07 03:46:23.337 13638 13638 W System.err: ru.iteco.fmhandroid.exceptions.ServerException
09-07 03:46:23.337 13638 13638 W System.err: 	at ru.iteco.fmhandroid.utils.Utils.makeRequest(Utils.kt:119)
09-07 03:46:23.337 13638 13638 W System.err: 	at ru.iteco.fmhandroid.utils.Utils$makeRequest$1.invokeSuspend(Unknown Source:15)
09-07 03:46:23.337 13638 13638 W System.err: 	at kotlin.coroutines.jvm.internal.BaseContinuationImpl.resumeWith(ContinuationImpl.kt:33)
09-07 03:46:23.337 13638 13638 W System.err: 	at kotlinx.coroutines.DispatchedTask.run(DispatchedTask.kt:104)
09-07 03:46:23.337 13638 13638 W System.err: 	at android.os.Handler.handleCallback(Handler.java:883)
09-07 03:46:23.337 13638 13638 W System.err: 	at android.os.Handler.dispatchMessage(Handler.java:100)
09-07 03:46:23.337 13638 13638 W System.err: 	at androidx.test.espresso.base.Interrogator.loopAndInterrogate(Interrogator.java:14)
09-07 03:46:23.338 13638 13638 W System.err: 	at androidx.test.espresso.base.UiControllerImpl.loopUntil(UiControllerImpl.java:8)
09-07 03:46:23.338 13638 13638 W System.err: 	at androidx.test.espresso.base.UiControllerImpl.loopUntil(UiControllerImpl.java:1)
09-07 03:46:23.338 13638 13638 W System.err: 	at androidx.test.espresso.base.UiControllerImpl.loopMainThreadForAtLeast(UiControllerImpl.java:7)
09-07 03:46:23.338 13638 13638 W System.err: 	at ru.iteco.fmhandroid.ui.data.ViewActions$1.perform(ViewActions.java:48)
09-07 03:46:23.338 13638 13638 W System.err: 	at androidx.test.espresso.ViewInteraction$SingleExecutionViewAction.perform(ViewInteraction.java:2)
09-07 03:46:23.338 13638 13638 W System.err: 	at androidx.test.espresso.ViewInteraction.doPerform(ViewInteraction.java:25)
09-07 03:46:23.338 13638 13638 W System.err: 	at androidx.test.espresso.ViewInteraction.-$$Nest$mdoPerform(Unknown Source:0)
09-07 03:46:23.338 13638 13638 W System.err: 	at androidx.test.espresso.ViewInteraction$1.call(ViewInteraction.java:7)
09-07 03:46:23.338 13638 13638 W System.err: 	at androidx.test.espresso.ViewInteraction$1.call(ViewInteraction.java:1)
09-07 03:46:23.338 13638 13638 W System.err: 	at java.util.concurrent.FutureTask.run(FutureTask.java:266)
09-07 03:46:23.338 13638 13638 W System.err: 	at android.os.Handler.handleCallback(Handler.java:883)
09-07 03:46:23.338 13638 13638 W System.err: 	at android.os.Handler.dispatchMessage(Handler.java:100)
09-07 03:46:23.338 13638 13638 W System.err: 	at android.os.Looper.loop(Looper.java:214)
09-07 03:46:23.339 13638 13638 W System.err: 	at android.app.ActivityThread.main(ActivityThread.java:7356)
09-07 03:46:23.339 13638 13638 W System.err: 	at java.lang.reflect.Method.invoke(Native Method)
09-07 03:46:23.340 13638 13638 W System.err: 	at com.android.internal.os.RuntimeInit$MethodAndArgsCaller.run(RuntimeInit.java:492)
09-07 03:46:23.340 13638 13638 W System.err: 	at com.android.internal.os.ZygoteInit.main(ZygoteInit.java:930)
09-07 03:46:23.345  2037  2065 E memtrack: Couldn't load memtrack module
09-07 03:46:23.346  2037  2065 W android.os.Debug: failed to get memory consumption info: -1
09-07 03:46:23.350  2037  2065 E memtrack: Couldn't load memtrack module
09-07 03:46:23.350  2037  2065 W android.os.Debug: failed to get memory consumption info: -1
09-07 03:46:23.365  1793  2554 D gralloc_ranchu: gralloc_alloc: Creating ashmem region of size 339968
09-07 03:46:23.370  1793  2554 I chatty  : uid=1000(system) HwBinder:1793_2 identical 1 line
09-07 03:46:23.371  1793  2554 D gralloc_ranchu: gralloc_alloc: Creating ashmem region of size 339968
09-07 03:46:23.372 13638 13729 D EGL_emulation: eglMakeCurrent: 0xda21ade0: ver 2 0 (tinfo 0xda20fa00)
09-07 03:46:23.398 13638 13729 D EGL_emulation: eglMakeCurrent: 0xda21ade0: ver 2 0 (tinfo 0xda20fa00)
09-07 03:46:23.482  8425 13388 I AlarmManager: setExactAndAllowWhileIdle [name: GCM_HB_ALARM type: 2 triggerAtMillis: 1367375]
09-07 03:46:23.483  8425 13388 E WakeLock: GCM_HB_ALARM release without a matched acquire!
09-07 03:46:23.624  8425 13783 I AlarmManager: setExactAndAllowWhileIdle [name: GCM_HB_ALARM type: 2 triggerAtMillis: 1477517]
09-07 03:46:23.941  1792  2272 E GnssHAL_GnssInterface: gnssSvStatusCb: a: input svInfo.flags is 8
09-07 03:46:23.941  1792  2272 E GnssHAL_GnssInterface: gnssSvStatusCb: b: input svInfo.flags is 8
09-07 03:46:24.943  1792  2272 E GnssHAL_GnssInterface: gnssSvStatusCb: a: input svInfo.flags is 8
09-07 03:46:24.943  1792  2272 E GnssHAL_GnssInterface: gnssSvStatusCb: b: input svInfo.flags is 8
09-07 03:46:25.212  7867  7867 D BoundBrokerSvc: onUnbind: Intent { act=com.google.android.mdd.service.START dat=chimera-action: cmp=com.google.android.gms/.chimera.GmsBoundBrokerService }
09-07 03:46:25.942  1792  2272 E GnssHAL_GnssInterface: gnssSvStatusCb: a: input svInfo.flags is 8
09-07 03:46:25.942  1792  2272 E GnssHAL_GnssInterface: gnssSvStatusCb: b: input svInfo.flags is 8
09-07 03:46:26.864  2037  2459 W NotificationService: Toast already killed. pkg=ru.iteco.fmhandroid callback=android.app.ITransientNotification$Stub$Proxy@fed7ffd
09-07 03:46:26.942  1792  2272 E GnssHAL_GnssInterface: gnssSvStatusCb: a: input svInfo.flags is 8
09-07 03:46:26.942  1792  2272 E GnssHAL_GnssInterface: gnssSvStatusCb: b: input svInfo.flags is 8
09-07 03:46:27.942  1792  2272 E GnssHAL_GnssInterface: gnssSvStatusCb: a: input svInfo.flags is 8
09-07 03:46:27.942  1792  2272 E GnssHAL_GnssInterface: gnssSvStatusCb: b: input svInfo.flags is 8
09-07 03:46:27.965  2434  2940 E ActivityThread: Failed to find provider info for com.google.android.apps.wellbeing.api
09-07 03:46:28.942  1792  2272 E GnssHAL_GnssInterface: gnssSvStatusCb: a: input svInfo.flags is 8
09-07 03:46:28.942  1792  2272 E GnssHAL_GnssInterface: gnssSvStatusCb: b: input svInfo.flags is 8
09-07 03:46:29.942  1792  2272 E GnssHAL_GnssInterface: gnssSvStatusCb: a: input svInfo.flags is 8
09-07 03:46:29.942  1792  2272 E GnssHAL_GnssInterface: gnssSvStatusCb: b: input svInfo.flags is 8
09-07 03:46:30.942  1792  2272 E GnssHAL_GnssInterface: gnssSvStatusCb: a: input svInfo.flags is 8
09-07 03:46:30.942  1792  2272 E GnssHAL_GnssInterface: gnssSvStatusCb: b: input svInfo.flags is 8
09-07 03:46:31.942  1792  2272 E GnssHAL_GnssInterface: gnssSvStatusCb: a: input svInfo.flags is 8
09-07 03:46:31.942  1792  2272 E GnssHAL_GnssInterface: gnssSvStatusCb: b: input svInfo.flags is 8
09-07 03:46:32.942  1792  2272 E GnssHAL_GnssInterface: gnssSvStatusCb: a: input svInfo.flags is 8
09-07 03:46:32.942  1792  2272 E GnssHAL_GnssInterface: gnssSvStatusCb: b: input svInfo.flags is 8
09-07 03:46:33.482 13638 13638 D takeScreenshot: Found 1 global views to redraw
09-07 03:46:33.524  1793  2554 D gralloc_ranchu: gralloc_alloc: Creating ashmem region of size 9850880
09-07 03:46:33.535  1678  1678 I hwservicemanager: getTransport: Cannot find entry android.hardware.graphics.mapper@3.0::IMapper/default in either framework or device manifest.
09-07 03:46:33.535 13621 13690 W Gralloc3: mapper 3.x is not supported
09-07 03:46:33.540 13621 13690 D HostConnection: createUnique: call
09-07 03:46:33.541 13621 13690 D HostConnection: HostConnection::get() New Host Connection established 0xf0e55620, tid 13690
09-07 03:46:33.542 13621 13690 D HostConnection: HostComposition ext ANDROID_EMU_CHECKSUM_HELPER_v1 ANDROID_EMU_dma_v1 ANDROID_EMU_direct_mem ANDROID_EMU_vulkan ANDROID_EMU_deferred_vulkan_commands ANDROID_EMU_vulkan_null_optional_strings ANDROID_EMU_vulkan_create_resources_with_requirements ANDROID_EMU_YUV420_888_to_NV21 ANDROID_EMU_YUV_Cache ANDROID_EMU_vulkan_free_memory_sync ANDROID_EMU_vulkan_shader_float16_int8 ANDROID_EMU_vulkan_async_queue_submit ANDROID_EMU_sync_buffer_data GL_OES_vertex_array_object GL_KHR_texture_compression_astc_ldr ANDROID_EMU_host_side_tracing ANDROID_EMU_gles_max_version_2 
09-07 03:46:33.543 13621 13690 D eglCodecCommon: allocate: Ask for block of size 0x1000
09-07 03:46:33.543 13621 13690 D eglCodecCommon: allocate: ioctl allocate returned offset 0x3ffff6000 size 0x2000
09-07 03:46:33.546  1823  2077 E SurfaceFlinger: ro.sf.lcd_density must be defined as a build property
09-07 03:46:33.546  1823  2077 E SurfaceFlinger: ro.sf.lcd_density must be defined as a build property
09-07 03:46:33.548 13621 13795 D libEGL  : Emulator has host GPU support, qemu.gles is set to 1.
09-07 03:46:33.552 13621 13795 W libc    : Unable to set property "qemu.gles" to "1": error code: 0x18
09-07 03:46:33.552 13621 13795 D libEGL  : loaded /vendor/lib/egl/libEGL_emulation.so
09-07 03:46:33.553 13621 13795 D libEGL  : loaded /vendor/lib/egl/libGLESv1_CM_emulation.so
09-07 03:46:33.554 13621 13795 D libEGL  : loaded /vendor/lib/egl/libGLESv2_emulation.so
09-07 03:46:33.559 13621 13795 D HostConnection: HostConnection::get() New Host Connection established 0xf0e553f0, tid 13795
09-07 03:46:33.559 13621 13795 D HostConnection: HostComposition ext ANDROID_EMU_CHECKSUM_HELPER_v1 ANDROID_EMU_dma_v1 ANDROID_EMU_direct_mem ANDROID_EMU_vulkan ANDROID_EMU_deferred_vulkan_commands ANDROID_EMU_vulkan_null_optional_strings ANDROID_EMU_vulkan_create_resources_with_requirements ANDROID_EMU_YUV420_888_to_NV21 ANDROID_EMU_YUV_Cache ANDROID_EMU_vulkan_free_memory_sync ANDROID_EMU_vulkan_shader_float16_int8 ANDROID_EMU_vulkan_async_queue_submit ANDROID_EMU_sync_buffer_data GL_OES_vertex_array_object GL_KHR_texture_compression_astc_ldr ANDROID_EMU_host_side_tracing ANDROID_EMU_gles_max_version_2 
09-07 03:46:33.561 13621 13795 W OpenGLRenderer: Failed to choose config with EGL_SWAP_BEHAVIOR_PRESERVED, retrying without...
09-07 03:46:33.567 13621 13795 D eglCodecCommon: setVertexArrayObject: set vao to 0 (0) 0 0
09-07 03:46:33.567 13621 13795 D EGL_emulation: eglCreateContext: 0xdbc283c0: maj 2 min 0 rcv 2
09-07 03:46:33.586 13621 13795 D EGL_emulation: eglMakeCurrent: 0xdbc283c0: ver 2 0 (tinfo 0xdbc0f340)
09-07 03:46:33.594 13621 13795 D eglCodecCommon: setVertexArrayObject: set vao to 0 (0) 1 0
09-07 03:46:33.618 13638 13682 W DefaultFailureHandler: Failed to take screenshot
09-07 03:46:33.618 13638 13682 W DefaultFailureHandler: java.io.FileNotFoundException: view-op-error-1.png: open failed: EROFS (Read-only file system)
09-07 03:46:33.618 13638 13682 W DefaultFailureHandler: 	at libcore.io.IoBridge.open(IoBridge.java:496)
09-07 03:46:33.618 13638 13682 W DefaultFailureHandler: 	at java.io.FileOutputStream.<init>(FileOutputStream.java:235)
09-07 03:46:33.618 13638 13682 W DefaultFailureHandler: 	at java.io.FileOutputStream.<init>(FileOutputStream.java:125)
09-07 03:46:33.618 13638 13682 W DefaultFailureHandler: 	at androidx.test.platform.io.FileTestStorage.openOutputFile(FileTestStorage.java:60)
09-07 03:46:33.618 13638 13682 W DefaultFailureHandler: 	at androidx.test.core.graphics.BitmapStorage.writeToTestStorage(BitmapStorageExt.kt:49)
09-07 03:46:33.618 13638 13682 W DefaultFailureHandler: 	at androidx.test.espresso.base.DefaultFailureHandler.takeScreenshot(DefaultFailureHandler.java:4)
09-07 03:46:33.618 13638 13682 W DefaultFailureHandler: 	at androidx.test.espresso.base.DefaultFailureHandler.handle(DefaultFailureHandler.java:3)
09-07 03:46:33.618 13638 13682 W DefaultFailureHandler: 	at androidx.test.espresso.ViewInteraction.waitForAndHandleInteractionResults(ViewInteraction.java:8)
09-07 03:46:33.618 13638 13682 W DefaultFailureHandler: 	at androidx.test.espresso.ViewInteraction.desugaredPerform(ViewInteraction.java:11)
09-07 03:46:33.618 13638 13682 W DefaultFailureHandler: 	at androidx.test.espresso.ViewInteraction.perform(ViewInteraction.java:8)
09-07 03:46:33.618 13638 13682 W DefaultFailureHandler: 	at ru.iteco.fmhandroid.ui.data.TestUtils.waitView(TestUtils.java:61)
09-07 03:46:33.618 13638 13682 W DefaultFailureHandler: 	at ru.iteco.fmhandroid.ui.steps.ControlPanelSteps.creatingNews(ControlPanelSteps.java:295)
09-07 03:46:33.618 13638 13682 W DefaultFailureHandler: 	at ru.iteco.fmhandroid.ui.steps.ControlPanelSteps.createNews(ControlPanelSteps.java:304)
09-07 03:46:33.618 13638 13682 W DefaultFailureHandler: 	at ru.iteco.fmhandroid.ui.FilterNewsPageTest.shouldShowAllActualNewsCategoryAnnouncement(FilterNewsPageTest.java:348)
09-07 03:46:33.618 13638 13682 W DefaultFailureHandler: 	at java.lang.reflect.Method.invoke(Native Method)
09-07 03:46:33.618 13638 13682 W DefaultFailureHandler: 	at org.junit.runners.model.FrameworkMethod$1.runReflectiveCall(FrameworkMethod.java:59)
09-07 03:46:33.618 13638 13682 W DefaultFailureHandler: 	at org.junit.internal.runners.model.ReflectiveCallable.run(ReflectiveCallable.java:12)
09-07 03:46:33.618 13638 13682 W DefaultFailureHandler: 	at org.junit.runners.model.FrameworkMethod.invokeExplosively(FrameworkMethod.java:56)
09-07 03:46:33.618 13638 13682 W DefaultFailureHandler: 	at org.junit.internal.runners.statements.InvokeMethod.evaluate(InvokeMethod.java:17)
09-07 03:46:33.618 13638 13682 W DefaultFailureHandler: 	at androidx.test.internal.runner.junit4.statement.RunBefores.evaluate(RunBefores.java:80)
09-07 03:46:33.618 13638 13682 W DefaultFailureHandler: 	at io.qameta.allure.android.rules.ScreenshotRule$apply$1.evaluate(ScreenshotRule.kt:22)
09-07 03:46:33.618 13638 13682 W DefaultFailureHandler: 	at org.junit.rules.ExternalResource$1.evaluate(ExternalResource.java:54)
09-07 03:46:33.618 13638 13682 W DefaultFailureHandler: 	at io.qameta.allure.android.rules.LogcatRule$apply$1.evaluate(LogcatRule.kt:23)
09-07 03:46:33.618 13638 13682 W DefaultFailureHandler: 	at org.junit.rules.RunRules.evaluate(RunRules.java:20)
09-07 03:46:33.618 13638 13682 W DefaultFailureHandler: 	at org.junit.runners.ParentRunner$3.evaluate(ParentRunner.java:306)
09-07 03:46:33.618 13638 13682 W DefaultFailureHandler: 	at org.junit.runners.BlockJUnit4ClassRunner$1.evaluate(BlockJUnit4ClassRunner.java:100)
09-07 03:46:33.618 13638 13682 W DefaultFailureHandler: 	at org.junit.runners.ParentRunner.runLeaf(ParentRunner.java:366)
09-07 03:46:33.618 13638 13682 W DefaultFailureHandler: 	at org.junit.runners.BlockJUnit4ClassRunner.runChild(BlockJUnit4ClassRunner.java:103)
09-07 03:46:33.618 13638 13682 W DefaultFailureHandler: 	at org.junit.runners.BlockJUnit4ClassRunner.runChild(BlockJUnit4ClassRunner.java:63)
09-07 03:46:33.618 13638 13682 W DefaultFailureHandler: 	at org.junit.runners.ParentRunner$4.run(ParentRunner.java:331)
09-07 03:46:33.618 13638 13682 W DefaultFailureHandler: 	at org.junit.runners.ParentRunner$1.schedule(ParentRunner.java:79)
09-07 03:46:33.618 13638 13682 W DefaultFailureHandler: 	at org.junit.runners.ParentRunner.runChildren(ParentRunner.java:329)
09-07 03:46:33.618 13638 13682 W DefaultFailureHandler: 	at org.junit.runners.ParentRunner.access$100(ParentRunner.java:66)
09-07 03:46:33.618 13638 13682 W DefaultFailureHandler: 	at org.junit.runners.ParentRunner$2.evaluate(ParentRunner.java:293)
09-07 03:46:33.618 13638 13682 W DefaultFailureHandler: 	at org.junit.runners.ParentRunner$3.evaluate(ParentRunner.java:306)
09-07 03:46:33.618 13638 13682 W DefaultFailureHandler: 	at org.junit.runners.ParentRunner.run(ParentRunner.java:413)
09-07 03:46:33.618 13638 13682 W DefaultFailureHandler: 	at androidx.test.ext.junit.runners.AndroidJUnit4.run(AndroidJUnit4.java:162)
09-07 03:46:33.618 13638 13682 W DefaultFailureHandler: 	at io.qameta.allure.android.runners.AllureAndroidJUnit4.run(AllureAndroidJUnitRunners.kt:29)
09-07 03:46:33.618 13638 13682 W DefaultFailureHandler: 	at org.junit.runners.Suite.runChild(Suite.java:128)
09-07 03:46:33.618 13638 13682 W DefaultFailureHandler: 	at org.junit.runners.Suite.runChild(Suite.java:27)
09-07 03:46:33.618 13638 13682 W DefaultFailureHandler: 	at org.junit.runners.ParentRunner$4.run(ParentRunner.java:331)
09-07 03:46:33.618 13638 13682 W DefaultFailureHandler: 	at org.junit.runners.ParentRunner$1.schedule(ParentRunner.java:79)
09-07 03:46:33.618 13638 13682 W DefaultFailureHandler: 	at org.junit.runners.ParentRunner.runChildren(ParentRunner.java:329)
09-07 03:46:33.618 13638 13682 W DefaultFailureHandler: 	at org.junit.runners.ParentRunner.access$100(ParentRunner.java:66)
09-07 03:46:33.618 13638 13682 W DefaultFailureHandler: 	at org.junit.runners.ParentRunner$2.evaluate(ParentRunner.java:293)
09-07 03:46:33.618 13638 13682 W DefaultFailureHandler: 	at org.junit.runners.ParentRunner$3.evaluate(ParentRunner.java:306)
09-07 03:46:33.618 13638 13682 W DefaultFailureHandler: 	at org.junit.runners.ParentRunner.run(ParentRunner.java:413)
09-07 03:46:33.618 13638 13682 W DefaultFailureHandler: 	at org.junit.runner.JUnitCore.run(JUnitCore.java:137)
09-07 03:46:33.618 13638 13682 W DefaultFailureHandler: 	at org.junit.runner.JUnitCore.run(JUnitCore.java:115)
09-07 03:46:33.618 13638 13682 W DefaultFailureHandler: 	at androidx.test.internal.runner.TestExecutor.execute(TestExecutor.java:67)
09-07 03:46:33.618 13638 13682 W DefaultFailureHandler: 	at androidx.test.internal.runner.TestExecutor.execute(TestExecutor.java:58)
09-07 03:46:33.618 13638 13682 W DefaultFailureHandler: 	at androidx.test.runner.AndroidJUnitRunner.onStart(AndroidJUnitRunner.java:438)
09-07 03:46:33.618 13638 13682 W DefaultFailureHandler: 	at android.app.Instrumentation$InstrumentationThread.run(Instrumentation.java:2189)
09-07 03:46:33.618 13638 13682 W DefaultFailureHandler: Caused by: android.system.ErrnoException: open failed: EROFS (Read-only file system)
09-07 03:46:33.618 13638 13682 W DefaultFailureHandler: 	at libcore.io.Linux.open(Native Method)
09-07 03:46:33.618 13638 13682 W DefaultFailureHandler: 	at libcore.io.ForwardingOs.open(ForwardingOs.java:167)
09-07 03:46:33.618 13638 13682 W DefaultFailureHandler: 	at libcore.io.BlockGuardOs.open(BlockGuardOs.java:252)
09-07 03:46:33.618 13638 13682 W DefaultFailureHandler: 	at libcore.io.ForwardingOs.open(ForwardingOs.java:167)
09-07 03:46:33.618 13638 13682 W DefaultFailureHandler: 	at android.app.ActivityThread$AndroidOs.open(ActivityThread.java:7255)
09-07 03:46:33.618 13638 13682 W DefaultFailureHandler: 	at libcore.io.IoBridge.open(IoBridge.java:482)
09-07 03:46:33.618 13638 13682 W DefaultFailureHandler: 	... 52 more
09-07 03:46:33.626  1793  2554 D gralloc_ranchu: gralloc_alloc: Creating ashmem region of size 9850880
09-07 03:46:33.730  2037  2425 I ActivityTaskManager: START u0 {act=android.intent.action.MAIN cat=[android.intent.category.LAUNCHER] flg=0x10000000 cmp=ru.iteco.fmhandroid.test/androidx.test.core.app.InstrumentationActivityInvoker$EmptyActivity} from uid 10136
09-07 03:46:33.734 13638 13638 D LifecycleMonitor: Lifecycle status change: ru.iteco.fmhandroid.ui.AppActivity@bf025f4 in: PAUSED
09-07 03:46:33.734 13638 13638 V ActivityScenario: Update currentActivityStage to PAUSED, currentActivity=ru.iteco.fmhandroid.ui.AppActivity@bf025f4
09-07 03:46:33.735  2037  2425 W InputReader: Device has associated, but no associated display id.
09-07 03:46:33.735  2037  2425 I chatty  : uid=1000(system) Binder:2037_7 identical 18 lines
09-07 03:46:33.735  2037  2425 W InputReader: Device has associated, but no associated display id.
