09-07 03:40:01.814 11442 11442 D LifecycleMonitor: Lifecycle status change: ru.iteco.fmhandroid.ui.AppActivity@5c2987 in: RESUMED
09-07 03:40:01.814 11442 11442 V ActivityScenario: Update currentActivityStage to RESUMED, currentActivity=ru.iteco.fmhandroid.ui.AppActivity@5c2987
09-07 03:40:01.815  2666  2666 I dnsi    : onStop
09-07 03:40:01.815 11442 11488 V FA      : Activity resumed, time: 925707
09-07 03:40:01.835  1793  2554 D gralloc_ranchu: gralloc_alloc: Creating ashmem region of size 9113600
09-07 03:40:01.839  2666  5846 V ClearcutMetricXmitter: Transmission is done.
09-07 03:40:01.842  1793  2554 D gralloc_ranchu: gralloc_alloc: Creating ashmem region of size 9113600
09-07 03:40:01.844  1823  1823 W SurfaceFlinger: couldn't log to binary event log: overflow.
09-07 03:40:01.844  1823  1823 W SurfaceFlinger: couldn't log to binary event log: overflow.
09-07 03:40:01.845 11442 11534 D EGL_emulation: eglMakeCurrent: 0xe2257740: ver 2 0 (tinfo 0xe233aea0)
09-07 03:40:01.845  1793  2554 D gralloc_ranchu: gralloc_alloc: Creating ashmem region of size 9113600
09-07 03:40:01.893  2037  2065 I ActivityTaskManager: Displayed ru.iteco.fmhandroid/.ui.AppActivity: +189ms
09-07 03:40:01.898  7867 10859 V FA-SVC  : Logging event: origin=auto,name=screen_view(_vs),params=Bundle[{ga_event_origin(_o)=auto, ga_previous_class(_pc)=AppActivity, ga_previous_id(_pi)=3589103207949889547, ga_screen_class(_sc)=AppActivity, ga_screen_id(_si)=3589103207949889548}]
09-07 03:40:01.907  1792  2272 E GnssHAL_GnssInterface: gnssSvStatusCb: a: input svInfo.flags is 8
09-07 03:40:01.907  1792  2272 E GnssHAL_GnssInterface: gnssSvStatusCb: b: input svInfo.flags is 8
09-07 03:40:01.935  2182  2182 W View    : requestLayout() improperly called by com.android.keyguard.AlphaOptimizedLinearLayout{551c6d8 V.E...... ......ID 7,0-48,61 #7f0a041c app:id/wifi_group} during second layout pass: posting in next frame
09-07 03:40:01.936  2182  2182 W View    : requestLayout() improperly called by StatusBarIconView(slot=mobile icon=null notification=null) during layout: running second layout pass
09-07 03:40:01.939 11442 11442 I ViewInteraction: Performing 'wait for a specific view with <view.getId() is <2131231123/ru.iteco.fmhandroid:id/main_menu_image_button>> during 10000 millis.' action on view view.getRootView() to equal view
09-07 03:40:01.946  7867 10859 V FA-SVC  : Upload scheduled in approximately ms: 2835164
09-07 03:40:01.946  7867 10859 V FA-SVC  : Unscheduling upload
09-07 03:40:01.948  7867 10859 V FA-SVC  : Scheduling upload, millis: 2835164
09-07 03:40:01.949  7867 10859 V FA-SVC  : Background event processing time, ms: 54
09-07 03:40:01.961  2182  2182 W View    : requestLayout() improperly called by com.android.keyguard.AlphaOptimizedLinearLayout{551c6d8 V.E...... ......ID 7,0-48,61 #7f0a041c app:id/wifi_group} during second layout pass: posting in next frame
09-07 03:40:01.976  2182  2182 W View    : requestLayout() improperly called by StatusBarIconView(slot=mobile icon=null notification=null) during layout: running second layout pass
09-07 03:40:01.996  2182  2182 W View    : requestLayout() improperly called by com.android.keyguard.AlphaOptimizedLinearLayout{551c6d8 V.E...... ......ID 7,0-48,61 #7f0a041c app:id/wifi_group} during second layout pass: posting in next frame
09-07 03:40:02.013  2182  2182 W View    : requestLayout() improperly called by StatusBarIconView(slot=mobile icon=null notification=null) during layout: running second layout pass
09-07 03:40:02.031  2182  2182 W View    : requestLayout() improperly called by com.android.keyguard.AlphaOptimizedLinearLayout{551c6d8 V.E...... ......ID 7,0-48,61 #7f0a041c app:id/wifi_group} during second layout pass: posting in next frame
09-07 03:40:02.050  2182  2182 W View    : requestLayout() improperly called by StatusBarIconView(slot=mobile icon=null notification=null) during layout: running second layout pass
09-07 03:40:02.068  2182  2182 W View    : requestLayout() improperly called by com.android.keyguard.AlphaOptimizedLinearLayout{551c6d8 V.E...... ......ID 7,0-48,61 #7f0a041c app:id/wifi_group} during second layout pass: posting in next frame
09-07 03:40:02.085  2182  2182 W View    : requestLayout() improperly called by StatusBarIconView(slot=mobile icon=null notification=null) during layout: running second layout pass
09-07 03:40:02.103  2182  2182 W View    : requestLayout() improperly called by com.android.keyguard.AlphaOptimizedLinearLayout{551c6d8 V.E...... ......ID 7,0-48,61 #7f0a041c app:id/wifi_group} during second layout pass: posting in next frame
09-07 03:40:02.123  2182  2182 W View    : requestLayout() improperly called by StatusBarIconView(slot=mobile icon=null notification=null) during layout: running second layout pass
09-07 03:40:02.140  2182  2182 W View    : requestLayout() improperly called by com.android.keyguard.AlphaOptimizedLinearLayout{551c6d8 V.E...... ......ID 7,0-48,61 #7f0a041c app:id/wifi_group} during second layout pass: posting in next frame
09-07 03:40:02.159  2182  2182 W View    : requestLayout() improperly called by StatusBarIconView(slot=mobile icon=null notification=null) during layout: running second layout pass
09-07 03:40:02.908  1792  2272 E GnssHAL_GnssInterface: gnssSvStatusCb: a: input svInfo.flags is 8
09-07 03:40:02.908  1792  2272 E GnssHAL_GnssInterface: gnssSvStatusCb: b: input svInfo.flags is 8
09-07 03:40:03.646  1781  1781 W audio_hw_generic: Not supplying enough data to HAL, expected position 11580479 , only wrote 11174866
09-07 03:40:03.909  1792  2272 E GnssHAL_GnssInterface: gnssSvStatusCb: a: input svInfo.flags is 8
09-07 03:40:03.909  1792  2272 E GnssHAL_GnssInterface: gnssSvStatusCb: b: input svInfo.flags is 8
09-07 03:40:04.820 11442 11546 I okhttp.OkHttpClient: --> GET http://www.981757-ca08998.tmweb.ru:8080/fmh/authentication/userInfo
09-07 03:40:04.820 11442 11546 I okhttp.OkHttpClient: --> END GET
09-07 03:40:04.908  1792  2272 E GnssHAL_GnssInterface: gnssSvStatusCb: a: input svInfo.flags is 8
09-07 03:40:04.908  1792  2272 E GnssHAL_GnssInterface: gnssSvStatusCb: b: input svInfo.flags is 8
09-07 03:40:05.009 11442 11546 I okhttp.OkHttpClient: <-- 200 http://www.981757-ca08998.tmweb.ru:8080/fmh/authentication/userInfo (188ms)
09-07 03:40:05.009 11442 11546 I okhttp.OkHttpClient: Vary: Origin
09-07 03:40:05.009 11442 11546 I okhttp.OkHttpClient: Vary: Access-Control-Request-Method
09-07 03:40:05.009 11442 11546 I okhttp.OkHttpClient: Vary: Access-Control-Request-Headers
09-07 03:40:05.009 11442 11546 I okhttp.OkHttpClient: X-Content-Type-Options: nosniff
09-07 03:40:05.010 11442 11546 I okhttp.OkHttpClient: X-XSS-Protection: 1; mode=block
09-07 03:40:05.010 11442 11546 I okhttp.OkHttpClient: Cache-Control: no-cache, no-store, max-age=0, must-revalidate
09-07 03:40:05.010 11442 11546 I okhttp.OkHttpClient: Pragma: no-cache
09-07 03:40:05.010 11442 11546 I okhttp.OkHttpClient: Expires: 0
09-07 03:40:05.010 11442 11546 I okhttp.OkHttpClient: X-Frame-Options: DENY
09-07 03:40:05.010 11442 11546 I okhttp.OkHttpClient: Content-Type: application/json
09-07 03:40:05.010 11442 11546 I okhttp.OkHttpClient: Transfer-Encoding: chunked
09-07 03:40:05.011 11442 11546 I okhttp.OkHttpClient: Date: Thu, 07 Sep 2023 03:40:05 GMT
09-07 03:40:05.011 11442 11546 I okhttp.OkHttpClient: Keep-Alive: timeout=60
09-07 03:40:05.011 11442 11546 I okhttp.OkHttpClient: Connection: keep-alive
09-07 03:40:05.012 11442 11546 I okhttp.OkHttpClient: {"id":1,"firstName":"Ivan","lastName":"Ivanov","middleName":"Ivanovich","admin":true}
09-07 03:40:05.012 11442 11546 I okhttp.OkHttpClient: <-- END HTTP (85-byte body)
09-07 03:40:05.028 11442 11550 I okhttp.OkHttpClient: --> GET http://www.981757-ca08998.tmweb.ru:8080/fmh/claims
09-07 03:40:05.028 11442 11550 I okhttp.OkHttpClient: --> END GET
09-07 03:40:05.030  1774 11846 E ResolverController: No valid NAT64 prefix (101, <unspecified>/0)
09-07 03:40:05.045 11442 11534 D EGL_emulation: eglMakeCurrent: 0xe2257740: ver 2 0 (tinfo 0xe233aea0)
09-07 03:40:05.047  1793  2554 D gralloc_ranchu: gralloc_alloc: Creating ashmem region of size 9850880
09-07 03:40:05.053 11442 11534 D EGL_emulation: eglMakeCurrent: 0xe2257740: ver 2 0 (tinfo 0xe233aea0)
09-07 03:40:05.081  1793  2554 D gralloc_ranchu: gralloc_alloc: Creating ashmem region of size 9850880
09-07 03:40:05.082  2182  2182 W View    : requestLayout() improperly called by com.android.keyguard.AlphaOptimizedLinearLayout{551c6d8 V.E...... ......ID 7,0-48,61 #7f0a041c app:id/wifi_group} during second layout pass: posting in next frame
09-07 03:40:05.095  2182  2182 W View    : requestLayout() improperly called by StatusBarIconView(slot=mobile icon=null notification=null) during layout: running second layout pass
09-07 03:40:05.146  1793  2554 D gralloc_ranchu: gralloc_alloc: Creating ashmem region of size 9850880
09-07 03:40:05.173 11442 11442 I ViewInteraction: Performing 'single click' action on view view.getId() is <2131231123/ru.iteco.fmhandroid:id/main_menu_image_button>
09-07 03:40:05.235  1781  6116 W audio_hw_generic: Not supplying enough data to HAL, expected position 11174880 , only wrote 11174866
09-07 03:40:05.255  1793  2554 D gralloc_ranchu: gralloc_alloc: Creating ashmem region of size 2015232
09-07 03:40:05.258  1793  2554 I chatty  : uid=1000(system) HwBinder:1793_2 identical 1 line
09-07 03:40:05.259  1793  2554 D gralloc_ranchu: gralloc_alloc: Creating ashmem region of size 2015232
09-07 03:40:05.266 11442 11534 D EGL_emulation: eglMakeCurrent: 0xe2257740: ver 2 0 (tinfo 0xe233aea0)
09-07 03:40:05.296 11442 11534 I chatty  : uid=10136(ru.iteco.fmhandroid) RenderThread identical 2 lines
09-07 03:40:05.309 11442 11534 D EGL_emulation: eglMakeCurrent: 0xe2257740: ver 2 0 (tinfo 0xe233aea0)
09-07 03:40:05.533 11442 11442 I ViewInteraction: Performing 'wait for a specific view with <an instance of android.widget.TextView and view.getText() with or without transformation to match: is "News"> during 10000 millis.' action on view view.getRootView() to equal view
09-07 03:40:05.539 11442 11442 I ViewInteraction: Performing 'single click' action on view an instance of android.widget.TextView and view.getText() with or without transformation to match: is "News"
09-07 03:40:05.598 11442 11534 D EGL_emulation: eglMakeCurrent: 0xe2257740: ver 2 0 (tinfo 0xe233aea0)
09-07 03:40:05.673 11442 11562 I okhttp.OkHttpClient: --> GET http://www.981757-ca08998.tmweb.ru:8080/fmh/news
09-07 03:40:05.674 11442 11562 I okhttp.OkHttpClient: --> END GET
09-07 03:40:05.691 11442 11534 D EGL_emulation: eglMakeCurrent: 0xe2257740: ver 2 0 (tinfo 0xe233aea0)
09-07 03:40:05.706 11442 11534 D EGL_emulation: eglMakeCurrent: 0xe2257740: ver 2 0 (tinfo 0xe233aea0)
09-07 03:40:05.866 11442 11442 I ViewInteraction: Performing 'wait for a specific view with <view.getId() is <2131231025/ru.iteco.fmhandroid:id/edit_news_material_button>> during 10000 millis.' action on view view.getRootView() to equal view
09-07 03:40:05.868 11442 11442 I ViewInteraction: Performing 'single click' action on view view.getId() is <2131231025/ru.iteco.fmhandroid:id/edit_news_material_button>
09-07 03:40:05.906  1792  2272 E GnssHAL_GnssInterface: gnssSvStatusCb: a: input svInfo.flags is 8
09-07 03:40:05.907  1792  2272 E GnssHAL_GnssInterface: gnssSvStatusCb: b: input svInfo.flags is 8
09-07 03:40:05.945 11442 11561 I okhttp.OkHttpClient: --> GET http://www.981757-ca08998.tmweb.ru:8080/fmh/news
09-07 03:40:05.945 11442 11561 I okhttp.OkHttpClient: --> END GET
09-07 03:40:06.280 11442 11442 I ViewInteraction: Performing 'wait for a specific view with <view.getId() is <2131230850/ru.iteco.fmhandroid:id/add_news_image_view>> during 10000 millis.' action on view view.getRootView() to equal view
09-07 03:40:06.282 11442 11442 I ViewInteraction: Performing 'single click' action on view view.getId() is <2131230850/ru.iteco.fmhandroid:id/add_news_image_view>
09-07 03:40:06.604 11442 11442 I ViewInteraction: Performing 'wait for a specific view with <view.getId() is <2131231204/ru.iteco.fmhandroid:id/news_item_category_text_auto_complete_text_view>> during 10000 millis.' action on view view.getRootView() to equal view
09-07 03:40:06.607 11442 11442 I ViewInteraction: Performing 'single click' action on view view.getId() is <2131231204/ru.iteco.fmhandroid:id/news_item_category_text_auto_complete_text_view>
09-07 03:40:06.693  1793  2554 D gralloc_ranchu: gralloc_alloc: Creating ashmem region of size 5308416
09-07 03:40:06.706  1793  2554 I chatty  : uid=1000(system) HwBinder:1793_2 identical 1 line
09-07 03:40:06.707  1793  2554 D gralloc_ranchu: gralloc_alloc: Creating ashmem region of size 5308416
09-07 03:40:06.712 11442 11534 D EGL_emulation: eglMakeCurrent: 0xe2257740: ver 2 0 (tinfo 0xe233aea0)
09-07 03:40:06.736 11442 11442 I AssistStructure: Flattened final assist data: 7432 bytes, containing 2 windows, 55 views
09-07 03:40:06.744  8425  8425 W AutofillChimeraService: Pending fill request while another request in the same session was triggered. [CONTEXT service_id=177 ]
09-07 03:40:06.757 11442 11534 D EGL_emulation: eglMakeCurrent: 0xe2257740: ver 2 0 (tinfo 0xe233aea0)
09-07 03:40:06.766 11442 11442 I AssistStructure: Flattened final assist data: 7432 bytes, containing 2 windows, 55 views
09-07 03:40:06.775 11442 11534 D EGL_emulation: eglMakeCurrent: 0xe2257740: ver 2 0 (tinfo 0xe233aea0)
09-07 03:40:06.785 11442 11534 D EGL_emulation: eglMakeCurrent: 0xe2257740: ver 2 0 (tinfo 0xe233aea0)
09-07 03:40:06.789  6131  6131 I KeyboardViewUtil: systemKeyboardHeightRatio:1.000000; userKeyboardHeightRatio:1.000000.
09-07 03:40:06.789  6131  6131 I AndroidIME: LatinIme.onActivate() : EditorInfo = Package = ru.iteco.fmhandroid : Type = Text : Learning = Disable : Suggestion = Show : AutoCorrection = Disable : Microphone = Show : NoPersonalizedLearning = Disable
09-07 03:40:06.807  6131  6131 I Conv2QueryExtension: Current locale: en_US, config allows these locales: de,en,es,fr,it,ms,pt,ta
09-07 03:40:06.807  6131  6131 I Conv2QueryExtension: Conv2Query not enabled due to current app [ru.iteco.fmhandroid] not in whitelist
09-07 03:40:06.807  6131  6131 I Conv2QueryExtension: onActivate() : Disabled by unsupported host app
09-07 03:40:06.817  1793  2554 D gralloc_ranchu: gralloc_alloc: Creating ashmem region of size 9113600
09-07 03:40:06.820  2182  2468 D EGL_emulation: eglMakeCurrent: 0xda21a360: ver 2 0 (tinfo 0xda20f590)
09-07 03:40:06.821  2182  2182 W View    : requestLayout() improperly called by com.android.keyguard.AlphaOptimizedLinearLayout{551c6d8 V.E...... ......ID 7,0-48,61 #7f0a041c app:id/wifi_group} during second layout pass: posting in next frame
09-07 03:40:06.826  1793  2554 D gralloc_ranchu: gralloc_alloc: Creating ashmem region of size 9113600
09-07 03:40:06.829  1793  2554 D gralloc_ranchu: gralloc_alloc: Creating ashmem region of size 9113600
09-07 03:40:06.832  6131  6653 D EGL_emulation: eglMakeCurrent: 0xe224f240: ver 2 0 (tinfo 0xe227da70)
09-07 03:40:06.837  2182  2182 W View    : requestLayout() improperly called by StatusBarIconView(slot=mobile icon=null notification=null) during layout: running second layout pass
09-07 03:40:06.840  2182  2468 D EGL_emulation: eglMakeCurrent: 0xda21a360: ver 2 0 (tinfo 0xda20f590)
09-07 03:40:06.882  1793  2554 D gralloc_ranchu: gralloc_alloc: Creating ashmem region of size 3530752
09-07 03:40:06.895 11442 11534 D EGL_emulation: eglMakeCurrent: 0xe2257740: ver 2 0 (tinfo 0xe233aea0)
09-07 03:40:06.908  1792  2272 E GnssHAL_GnssInterface: gnssSvStatusCb: a: input svInfo.flags is 8
09-07 03:40:06.908  1792  2272 E GnssHAL_GnssInterface: gnssSvStatusCb: b: input svInfo.flags is 8
09-07 03:40:06.910  1793  2554 D gralloc_ranchu: gralloc_alloc: Creating ashmem region of size 3530752
09-07 03:40:06.915 11442 11534 D EGL_emulation: eglMakeCurrent: 0xe2257740: ver 2 0 (tinfo 0xe233aea0)
09-07 03:40:06.940 11442 11534 D EGL_emulation: eglMakeCurrent: 0xe2257740: ver 2 0 (tinfo 0xe233aea0)
09-07 03:40:06.948  1793  2554 D gralloc_ranchu: gralloc_alloc: Creating ashmem region of size 3530752
09-07 03:40:06.951 11442 11488 V FA      : Inactivity, disconnecting from the service
09-07 03:40:07.017 11442 11442 I ViewInteraction: Performing 'close keyboard' action on view view.getRootView() to equal view
09-07 03:40:07.020  6131  6131 I PhenotypeExpConfig: refreshConfiguration() : Force = false : UpdateAvailable = false : Age = 31 minutes : MaxAge = 720 minutes
09-07 03:40:07.022  6131  6131 I AndroidIME: LatinIme.onDeactivate()
09-07 03:40:07.026  2182  2468 D EGL_emulation: eglMakeCurrent: 0xda21a360: ver 2 0 (tinfo 0xda20f590)
09-07 03:40:07.027  6131  6653 D EGL_emulation: eglMakeCurrent: 0xe224f240: ver 2 0 (tinfo 0xe227da70)
09-07 03:40:07.028  2182  2182 W View    : requestLayout() improperly called by com.android.keyguard.AlphaOptimizedLinearLayout{551c6d8 V.E...... ......ID 7,0-48,61 #7f0a041c app:id/wifi_group} during second layout pass: posting in next frame
09-07 03:40:07.042  2182  2182 W View    : requestLayout() improperly called by StatusBarIconView(slot=mobile icon=null notification=null) during layout: running second layout pass
09-07 03:40:07.044  2182  2468 D EGL_emulation: eglMakeCurrent: 0xda21a360: ver 2 0 (tinfo 0xda20f590)
09-07 03:40:07.055 11442 11534 D EGL_emulation: eglMakeCurrent: 0xe2257740: ver 2 0 (tinfo 0xe233aea0)
09-07 03:40:07.075  1793  2554 D gralloc_ranchu: gralloc_alloc: Creating ashmem region of size 5308416
09-07 03:40:07.090 11442 11534 D EGL_emulation: eglMakeCurrent: 0xe2257740: ver 2 0 (tinfo 0xe233aea0)
09-07 03:40:07.106  1793  2554 D gralloc_ranchu: gralloc_alloc: Creating ashmem region of size 5308416
09-07 03:40:07.109 11442 11534 D EGL_emulation: eglMakeCurrent: 0xe2257740: ver 2 0 (tinfo 0xe233aea0)
09-07 03:40:07.125 11442 11534 D EGL_emulation: eglMakeCurrent: 0xe2257740: ver 2 0 (tinfo 0xe233aea0)
09-07 03:40:07.138  1793  2554 D gralloc_ranchu: gralloc_alloc: Creating ashmem region of size 5308416
09-07 03:40:07.165 11442 11534 D EGL_emulation: eglMakeCurrent: 0xe2257740: ver 2 0 (tinfo 0xe233aea0)
09-07 03:40:07.332 11442 11442 I ViewInteraction: Checking 'MatchesViewAssertion{viewMatcher=(view has effective visibility <VISIBLE> and view.getGlobalVisibleRect() to return non-empty rectangle)}' assertion on view an instance of android.widget.TextView and view.getText() with or without transformation to match: is "Объявление"
09-07 03:40:07.335 11442 11442 I ViewInteraction: Performing 'single click' action on view an instance of android.widget.TextView and view.getText() with or without transformation to match: is "Объявление"
09-07 03:40:07.388 11442 11534 D EGL_emulation: eglMakeCurrent: 0xe2257740: ver 2 0 (tinfo 0xe233aea0)
09-07 03:40:07.462 11442 11534 I chatty  : uid=10136(ru.iteco.fmhandroid) RenderThread identical 1 line
09-07 03:40:07.470 11442 11534 D EGL_emulation: eglMakeCurrent: 0xe2257740: ver 2 0 (tinfo 0xe233aea0)
09-07 03:40:07.474  2037  2425 E InputDispatcher: Window handle Window{d1d4674 u0 PopupWindow:8460a52} has no registered input channel
09-07 03:40:07.625 11442 11442 I ViewInteraction: Performing 'wait for a specific view with <view.getId() is <2131231227/ru.iteco.fmhandroid:id/news_item_title_text_input_edit_text>> during 10000 millis.' action on view view.getRootView() to equal view
09-07 03:40:07.628 11442 11442 I ViewInteraction: Performing 'replace text(Заголовок 614f9f3f-5a7e-4f84-8aa3-651d24507e85)' action on view view.getId() is <2131231227/ru.iteco.fmhandroid:id/news_item_title_text_input_edit_text>
09-07 03:40:07.658 11442 11442 I ViewInteraction: Performing 'wait for a specific view with <view.getId() is <2131231222/ru.iteco.fmhandroid:id/news_item_publish_date_text_input_edit_text>> during 10000 millis.' action on view view.getRootView() to equal view
09-07 03:40:07.660 11442 11442 I ViewInteraction: Performing 'single click' action on view view.getId() is <2131231222/ru.iteco.fmhandroid:id/news_item_publish_date_text_input_edit_text>
09-07 03:40:07.758  1793  2554 D gralloc_ranchu: gralloc_alloc: Creating ashmem region of size 6778880
09-07 03:40:07.764  1793  2554 I chatty  : uid=1000(system) HwBinder:1793_2 identical 1 line
09-07 03:40:07.765  1793  2554 D gralloc_ranchu: gralloc_alloc: Creating ashmem region of size 6778880
09-07 03:40:07.776 11442 11534 D EGL_emulation: eglMakeCurrent: 0xe2257740: ver 2 0 (tinfo 0xe233aea0)
09-07 03:40:07.876 11442 11534 I chatty  : uid=10136(ru.iteco.fmhandroid) RenderThread identical 5 lines
09-07 03:40:07.891 11442 11534 D EGL_emulation: eglMakeCurrent: 0xe2257740: ver 2 0 (tinfo 0xe233aea0)
09-07 03:40:07.906  1792  2272 E GnssHAL_GnssInterface: gnssSvStatusCb: a: input svInfo.flags is 8
09-07 03:40:07.906  1792  2272 E GnssHAL_GnssInterface: gnssSvStatusCb: b: input svInfo.flags is 8
09-07 03:40:08.013 11442 11534 D EGL_emulation: eglMakeCurrent: 0xe2257740: ver 2 0 (tinfo 0xe233aea0)
09-07 03:40:08.064 11442 11534 I chatty  : uid=10136(ru.iteco.fmhandroid) RenderThread identical 5 lines
09-07 03:40:08.069 11442 11534 D EGL_emulation: eglMakeCurrent: 0xe2257740: ver 2 0 (tinfo 0xe233aea0)
09-07 03:40:08.475 11442 11442 I ViewInteraction: Performing 'wait for a specific view with <is assignable from class <class android.widget.DatePicker>> during 10000 millis.' action on view view.getRootView() to equal view
09-07 03:40:08.478 11442 11442 I ViewInteraction: Checking 'MatchesViewAssertion{viewMatcher=(view has effective visibility <VISIBLE> and view.getGlobalVisibleRect() to return non-empty rectangle)}' assertion on view is assignable from class <class android.widget.DatePicker>
09-07 03:40:08.480 11442 11442 I ViewInteraction: Performing 'wait for a specific view with <is assignable from class <class android.widget.DatePicker>> during 10000 millis.' action on view view.getRootView() to equal view
09-07 03:40:08.483 11442 11442 I ViewInteraction: Performing 'set date' action on view is assignable from class <class android.widget.DatePicker>
09-07 03:40:08.491 11442 11534 D EGL_emulation: eglMakeCurrent: 0xe2257740: ver 2 0 (tinfo 0xe233aea0)
09-07 03:40:08.511 11442 11442 I ViewInteraction: Performing 'wait for a specific view with <view.getId() is <16908313/android:id/button1>> during 10000 millis.' action on view view.getRootView() to equal view
09-07 03:40:08.515 11442 11442 I ViewInteraction: Performing 'single click' action on view view.getId() is <16908313/android:id/button1>
09-07 03:40:08.588 11442 11534 D EGL_emulation: eglMakeCurrent: 0xe2257740: ver 2 0 (tinfo 0xe233aea0)
09-07 03:40:08.594  2037  4497 E InputDispatcher: Window handle Window{be85b58 u0 ru.iteco.fmhandroid/ru.iteco.fmhandroid.ui.AppActivity} has no registered input channel
09-07 03:40:08.598 11442 11534 D EGL_emulation: eglMakeCurrent: 0xe2257740: ver 2 0 (tinfo 0xe233aea0)
09-07 03:40:08.838 11442 11442 I ViewInteraction: Performing 'wait for a specific view with <view.getId() is <2131231223/ru.iteco.fmhandroid:id/news_item_publish_time_text_input_edit_text>> during 10000 millis.' action on view view.getRootView() to equal view
09-07 03:40:08.842 11442 11442 I ViewInteraction: Performing 'single click' action on view view.getId() is <2131231223/ru.iteco.fmhandroid:id/news_item_publish_time_text_input_edit_text>
09-07 03:40:08.907  1792  2272 E GnssHAL_GnssInterface: gnssSvStatusCb: a: input svInfo.flags is 8
09-07 03:40:08.907  1792  2272 E GnssHAL_GnssInterface: gnssSvStatusCb: b: input svInfo.flags is 8
09-07 03:40:08.950  1793  2554 D gralloc_ranchu: gralloc_alloc: Creating ashmem region of size 5718016
09-07 03:40:08.957  1793  2554 I chatty  : uid=1000(system) HwBinder:1793_2 identical 1 line
09-07 03:40:08.960  1793  2554 D gralloc_ranchu: gralloc_alloc: Creating ashmem region of size 5718016
09-07 03:40:08.963 11442 11534 D EGL_emulation: eglMakeCurrent: 0xe2257740: ver 2 0 (tinfo 0xe233aea0)
09-07 03:40:08.987 11442 11534 D EGL_emulation: eglMakeCurrent: 0xe2257740: ver 2 0 (tinfo 0xe233aea0)
09-07 03:40:09.220 11442 11442 I ViewInteraction: Performing 'wait for a specific view with <is assignable from class <class android.widget.TimePicker>> during 10000 millis.' action on view view.getRootView() to equal view
09-07 03:40:09.222 11442 11442 I ViewInteraction: Checking 'MatchesViewAssertion{viewMatcher=(view has effective visibility <VISIBLE> and view.getGlobalVisibleRect() to return non-empty rectangle)}' assertion on view is assignable from class <class android.widget.TimePicker>
09-07 03:40:09.224 11442 11442 I ViewInteraction: Performing 'wait for a specific view with <is assignable from class <class android.widget.TimePicker>> during 10000 millis.' action on view view.getRootView() to equal view
09-07 03:40:09.225 11442 11442 I ViewInteraction: Performing 'set time' action on view is assignable from class <class android.widget.TimePicker>
09-07 03:40:09.227 11442 11442 I ViewInteraction: Performing 'wait for a specific view with <view.getId() is <16908313/android:id/button1>> during 10000 millis.' action on view view.getRootView() to equal view
09-07 03:40:09.229 11442 11442 I ViewInteraction: Performing 'single click' action on view view.getId() is <16908313/android:id/button1>
09-07 03:40:09.284 11442 11534 D EGL_emulation: eglMakeCurrent: 0xe2257740: ver 2 0 (tinfo 0xe233aea0)
09-07 03:40:09.293 11442 11534 D EGL_emulation: eglMakeCurrent: 0xe2257740: ver 2 0 (tinfo 0xe233aea0)
09-07 03:40:09.300  2037  4497 E InputDispatcher: Window handle Window{f365c21 u0 ru.iteco.fmhandroid/ru.iteco.fmhandroid.ui.AppActivity} has no registered input channel
09-07 03:40:09.305 11442 11534 D EGL_emulation: eglMakeCurrent: 0xe2257740: ver 2 0 (tinfo 0xe233aea0)
09-07 03:40:09.547 11442 11442 I ViewInteraction: Performing 'wait for a specific view with <view.getId() is <2131231211/ru.iteco.fmhandroid:id/news_item_description_text_input_edit_text>> during 10000 millis.' action on view view.getRootView() to equal view
09-07 03:40:09.550 11442 11442 I ViewInteraction: Performing 'replace text(Описание 5462058e-3214-4a55-995d-75a89cb9e7f5)' action on view view.getId() is <2131231211/ru.iteco.fmhandroid:id/news_item_description_text_input_edit_text>
09-07 03:40:09.580 11442 11442 I ViewInteraction: Performing 'wait for a specific view with <view.getId() is <2131231291/ru.iteco.fmhandroid:id/save_button>> during 10000 millis.' action on view view.getRootView() to equal view
09-07 03:40:09.584 11442 11442 I ViewInteraction: Performing 'single click' action on view view.getId() is <2131231291/ru.iteco.fmhandroid:id/save_button>
09-07 03:40:09.651 11442 11571 I okhttp.OkHttpClient: --> POST http://www.981757-ca08998.tmweb.ru:8080/fmh/news
09-07 03:40:09.651 11442 11571 I okhttp.OkHttpClient: Content-Type: application/json; charset=UTF-8
09-07 03:40:09.651 11442 11571 I okhttp.OkHttpClient: Content-Length: 294
09-07 03:40:09.651 11442 11571 I okhttp.OkHttpClient: {"createDate":1694047209,"creatorId":1,"creatorName":"Ivanov Ivan Ivanovich","description":"Описание 5462058e-3214-4a55-995d-75a89cb9e7f5","isOpen":false,"newsCategoryId":1,"publishDate":1694058000,"publishEnabled":true,"title":"Заголовок 614f9f3f-5a7e-4f84-8aa3-651d24507e85"}
09-07 03:40:09.651 11442 11571 I okhttp.OkHttpClient: --> END POST (294-byte body)
09-07 03:40:09.653  1774 11852 E ResolverController: No valid NAT64 prefix (101, <unspecified>/0)
09-07 03:40:09.887 11442 11442 I ViewInteraction: Performing 'wait for a specific view with <view.getId() is <2131231230/ru.iteco.fmhandroid:id/news_list_recycler_view>> during 10000 millis.' action on view view.getRootView() to equal view
09-07 03:40:09.906  1792  2272 E GnssHAL_GnssInterface: gnssSvStatusCb: a: input svInfo.flags is 8
09-07 03:40:09.907  1792  2272 E GnssHAL_GnssInterface: gnssSvStatusCb: b: input svInfo.flags is 8
09-07 03:40:09.929 11442 11571 I okhttp.OkHttpClient: <-- 200 http://www.981757-ca08998.tmweb.ru:8080/fmh/news (277ms)
09-07 03:40:09.929 11442 11571 I okhttp.OkHttpClient: Vary: Origin
09-07 03:40:09.929 11442 11571 I okhttp.OkHttpClient: Vary: Access-Control-Request-Method
09-07 03:40:09.929 11442 11571 I okhttp.OkHttpClient: Vary: Access-Control-Request-Headers
09-07 03:40:09.929 11442 11571 I okhttp.OkHttpClient: X-Content-Type-Options: nosniff
09-07 03:40:09.929 11442 11571 I okhttp.OkHttpClient: X-XSS-Protection: 1; mode=block
09-07 03:40:09.929 11442 11571 I okhttp.OkHttpClient: Cache-Control: no-cache, no-store, max-age=0, must-revalidate
09-07 03:40:09.929 11442 11571 I okhttp.OkHttpClient: Pragma: no-cache
09-07 03:40:09.929 11442 11571 I okhttp.OkHttpClient: Expires: 0
09-07 03:40:09.930 11442 11571 I okhttp.OkHttpClient: X-Frame-Options: DENY
09-07 03:40:09.930 11442 11571 I okhttp.OkHttpClient: Content-Type: application/json
09-07 03:40:09.930 11442 11571 I okhttp.OkHttpClient: Transfer-Encoding: chunked
09-07 03:40:09.930 11442 11571 I okhttp.OkHttpClient: Date: Thu, 07 Sep 2023 03:40:10 GMT
09-07 03:40:09.931 11442 11571 I okhttp.OkHttpClient: Keep-Alive: timeout=60
09-07 03:40:09.931 11442 11571 I okhttp.OkHttpClient: Connection: keep-alive
09-07 03:40:09.931 11442 11571 I okhttp.OkHttpClient: {"id":6398,"newsCategoryId":1,"title":"Заголовок 614f9f3f-5a7e-4f84-8aa3-651d24507e85","description":"Описание 5462058e-3214-4a55-995d-75a89cb9e7f5","creatorId":1,"createDate":1694047209,"publishDate":1694058000,"publishEnabled":true,"creatorName":"Ivanov Ivan Ivanovich"}
09-07 03:40:09.931 11442 11571 I okhttp.OkHttpClient: <-- END HTTP (289-byte body)
09-07 03:40:10.046 11442 11442 I ViewInteraction: Performing 'scroll RecyclerView to: holder with view: ((view is an instance of android.view.ViewGroup and has descendant matching an instance of android.widget.TextView and view.getText() with or without transformation to match: is "Заголовок 614f9f3f-5a7e-4f84-8aa3-651d24507e85"))' action on view view.getId() is <2131231230/ru.iteco.fmhandroid:id/news_list_recycler_view>
09-07 03:40:10.373 11442 11442 I ViewInteraction: Checking 'MatchesViewAssertion{viewMatcher=(view has effective visibility <VISIBLE> and view.getGlobalVisibleRect() to return non-empty rectangle)}' assertion on view view.getId() is <2131231230/ru.iteco.fmhandroid:id/news_list_recycler_view>
09-07 03:40:10.376 11442 11442 I ViewInteraction: Performing 'single click' action on view (view.getId() is <2131231427/ru.iteco.fmhandroid:id/view_news_item_image_view> and view.getParent() view.getParent() (view.getId() is <2131231215/ru.iteco.fmhandroid:id/news_item_material_card_view> and (view is an instance of android.view.ViewGroup and has child matching: (view is an instance of android.view.ViewGroup and has child matching: an instance of android.widget.TextView and view.getText() with or without transformation to match: is "Заголовок 614f9f3f-5a7e-4f84-8aa3-651d24507e85"))))
09-07 03:40:10.672 11442 11442 I ViewInteraction: Checking 'MatchesViewAssertion{viewMatcher=(view has effective visibility <VISIBLE> and view.getGlobalVisibleRect() to return non-empty rectangle)}' assertion on view (view.getId() is <2131231213/ru.iteco.fmhandroid:id/news_item_description_text_view> and view.getParent() view.getParent() (view.getId() is <2131231215/ru.iteco.fmhandroid:id/news_item_material_card_view> and (view is an instance of android.view.ViewGroup and has child matching: (view is an instance of android.view.ViewGroup and has child matching: an instance of android.widget.TextView and view.getText() with or without transformation to match: is "Описание 5462058e-3214-4a55-995d-75a89cb9e7f5"))))
09-07 03:40:10.673 11442 11442 D takeScreenshot: Found 1 global views to redraw
09-07 03:40:10.718  1793  2554 D gralloc_ranchu: gralloc_alloc: Creating ashmem region of size 9850880
09-07 03:40:10.759 11442 11486 W DefaultFailureHandler: Failed to take screenshot
09-07 03:40:10.759 11442 11486 W DefaultFailureHandler: java.io.FileNotFoundException: view-op-error-6.png: open failed: EROFS (Read-only file system)
09-07 03:40:10.759 11442 11486 W DefaultFailureHandler: 	at libcore.io.IoBridge.open(IoBridge.java:496)
09-07 03:40:10.759 11442 11486 W DefaultFailureHandler: 	at java.io.FileOutputStream.<init>(FileOutputStream.java:235)
09-07 03:40:10.759 11442 11486 W DefaultFailureHandler: 	at java.io.FileOutputStream.<init>(FileOutputStream.java:125)
09-07 03:40:10.759 11442 11486 W DefaultFailureHandler: 	at androidx.test.platform.io.FileTestStorage.openOutputFile(FileTestStorage.java:60)
09-07 03:40:10.759 11442 11486 W DefaultFailureHandler: 	at androidx.test.core.graphics.BitmapStorage.writeToTestStorage(BitmapStorageExt.kt:49)
09-07 03:40:10.759 11442 11486 W DefaultFailureHandler: 	at androidx.test.espresso.base.DefaultFailureHandler.takeScreenshot(DefaultFailureHandler.java:4)
09-07 03:40:10.759 11442 11486 W DefaultFailureHandler: 	at androidx.test.espresso.base.DefaultFailureHandler.handle(DefaultFailureHandler.java:3)
09-07 03:40:10.759 11442 11486 W DefaultFailureHandler: 	at androidx.test.espresso.ViewInteraction.waitForAndHandleInteractionResults(ViewInteraction.java:5)
09-07 03:40:10.759 11442 11486 W DefaultFailureHandler: 	at androidx.test.espresso.ViewInteraction.check(ViewInteraction.java:12)
09-07 03:40:10.759 11442 11486 W DefaultFailureHandler: 	at ru.iteco.fmhandroid.ui.ControlPanelTest.shouldOpenNewsDescription(ControlPanelTest.java:129)
09-07 03:40:10.759 11442 11486 W DefaultFailureHandler: 	at java.lang.reflect.Method.invoke(Native Method)
09-07 03:40:10.759 11442 11486 W DefaultFailureHandler: 	at org.junit.runners.model.FrameworkMethod$1.runReflectiveCall(FrameworkMethod.java:59)
09-07 03:40:10.759 11442 11486 W DefaultFailureHandler: 	at org.junit.internal.runners.model.ReflectiveCallable.run(ReflectiveCallable.java:12)
09-07 03:40:10.759 11442 11486 W DefaultFailureHandler: 	at org.junit.runners.model.FrameworkMethod.invokeExplosively(FrameworkMethod.java:56)
09-07 03:40:10.759 11442 11486 W DefaultFailureHandler: 	at org.junit.internal.runners.statements.InvokeMethod.evaluate(InvokeMethod.java:17)
09-07 03:40:10.759 11442 11486 W DefaultFailureHandler: 	at androidx.test.internal.runner.junit4.statement.RunBefores.evaluate(RunBefores.java:80)
09-07 03:40:10.759 11442 11486 W DefaultFailureHandler: 	at io.qameta.allure.android.rules.ScreenshotRule$apply$1.evaluate(ScreenshotRule.kt:22)
09-07 03:40:10.759 11442 11486 W DefaultFailureHandler: 	at org.junit.rules.ExternalResource$1.evaluate(ExternalResource.java:54)
09-07 03:40:10.759 11442 11486 W DefaultFailureHandler: 	at io.qameta.allure.android.rules.LogcatRule$apply$1.evaluate(LogcatRule.kt:23)
09-07 03:40:10.759 11442 11486 W DefaultFailureHandler: 	at org.junit.rules.RunRules.evaluate(RunRules.java:20)
09-07 03:40:10.759 11442 11486 W DefaultFailureHandler: 	at org.junit.runners.ParentRunner$3.evaluate(ParentRunner.java:306)
09-07 03:40:10.759 11442 11486 W DefaultFailureHandler: 	at org.junit.runners.BlockJUnit4ClassRunner$1.evaluate(BlockJUnit4ClassRunner.java:100)
09-07 03:40:10.759 11442 11486 W DefaultFailureHandler: 	at org.junit.runners.ParentRunner.runLeaf(ParentRunner.java:366)
09-07 03:40:10.759 11442 11486 W DefaultFailureHandler: 	at org.junit.runners.BlockJUnit4ClassRunner.runChild(BlockJUnit4ClassRunner.java:103)
09-07 03:40:10.759 11442 11486 W DefaultFailureHandler: 	at org.junit.runners.BlockJUnit4ClassRunner.runChild(BlockJUnit4ClassRunner.java:63)
09-07 03:40:10.759 11442 11486 W DefaultFailureHandler: 	at org.junit.runners.ParentRunner$4.run(ParentRunner.java:331)
09-07 03:40:10.759 11442 11486 W DefaultFailureHandler: 	at org.junit.runners.ParentRunner$1.schedule(ParentRunner.java:79)
09-07 03:40:10.759 11442 11486 W DefaultFailureHandler: 	at org.junit.runners.ParentRunner.runChildren(ParentRunner.java:329)
09-07 03:40:10.759 11442 11486 W DefaultFailureHandler: 	at org.junit.runners.ParentRunner.access$100(ParentRunner.java:66)
09-07 03:40:10.759 11442 11486 W DefaultFailureHandler: 	at org.junit.runners.ParentRunner$2.evaluate(ParentRunner.java:293)
09-07 03:40:10.759 11442 11486 W DefaultFailureHandler: 	at org.junit.runners.ParentRunner$3.evaluate(ParentRunner.java:306)
09-07 03:40:10.759 11442 11486 W DefaultFailureHandler: 	at org.junit.runners.ParentRunner.run(ParentRunner.java:413)
09-07 03:40:10.759 11442 11486 W DefaultFailureHandler: 	at androidx.test.ext.junit.runners.AndroidJUnit4.run(AndroidJUnit4.java:162)
09-07 03:40:10.759 11442 11486 W DefaultFailureHandler: 	at io.qameta.allure.android.runners.AllureAndroidJUnit4.run(AllureAndroidJUnitRunners.kt:29)
09-07 03:40:10.759 11442 11486 W DefaultFailureHandler: 	at org.junit.runners.Suite.runChild(Suite.java:128)
09-07 03:40:10.759 11442 11486 W DefaultFailureHandler: 	at org.junit.runners.Suite.runChild(Suite.java:27)
09-07 03:40:10.759 11442 11486 W DefaultFailureHandler: 	at org.junit.runners.ParentRunner$4.run(ParentRunner.java:331)
09-07 03:40:10.759 11442 11486 W DefaultFailureHandler: 	at org.junit.runners.ParentRunner$1.schedule(ParentRunner.java:79)
09-07 03:40:10.759 11442 11486 W DefaultFailureHandler: 	at org.junit.runners.ParentRunner.runChildren(ParentRunner.java:329)
09-07 03:40:10.759 11442 11486 W DefaultFailureHandler: 	at org.junit.runners.ParentRunner.access$100(ParentRunner.java:66)
09-07 03:40:10.759 11442 11486 W DefaultFailureHandler: 	at org.junit.runners.ParentRunner$2.evaluate(ParentRunner.java:293)
09-07 03:40:10.759 11442 11486 W DefaultFailureHandler: 	at org.junit.runners.ParentRunner$3.evaluate(ParentRunner.java:306)
09-07 03:40:10.759 11442 11486 W DefaultFailureHandler: 	at org.junit.runners.ParentRunner.run(ParentRunner.java:413)
09-07 03:40:10.759 11442 11486 W DefaultFailureHandler: 	at org.junit.runner.JUnitCore.run(JUnitCore.java:137)
09-07 03:40:10.759 11442 11486 W DefaultFailureHandler: 	at org.junit.runner.JUnitCore.run(JUnitCore.java:115)
09-07 03:40:10.759 11442 11486 W DefaultFailureHandler: 	at androidx.test.internal.runner.TestExecutor.execute(TestExecutor.java:67)
09-07 03:40:10.759 11442 11486 W DefaultFailureHandler: 	at androidx.test.internal.runner.TestExecutor.execute(TestExecutor.java:58)
09-07 03:40:10.759 11442 11486 W DefaultFailureHandler: 	at androidx.test.runner.AndroidJUnitRunner.onStart(AndroidJUnitRunner.java:438)
09-07 03:40:10.759 11442 11486 W DefaultFailureHandler: 	at android.app.Instrumentation$InstrumentationThread.run(Instrumentation.java:2189)
09-07 03:40:10.759 11442 11486 W DefaultFailureHandler: Caused by: android.system.ErrnoException: open failed: EROFS (Read-only file system)
09-07 03:40:10.759 11442 11486 W DefaultFailureHandler: 	at libcore.io.Linux.open(Native Method)
09-07 03:40:10.759 11442 11486 W DefaultFailureHandler: 	at libcore.io.ForwardingOs.open(ForwardingOs.java:167)
09-07 03:40:10.759 11442 11486 W DefaultFailureHandler: 	at libcore.io.BlockGuardOs.open(BlockGuardOs.java:252)
09-07 03:40:10.759 11442 11486 W DefaultFailureHandler: 	at libcore.io.ForwardingOs.open(ForwardingOs.java:167)
09-07 03:40:10.759 11442 11486 W DefaultFailureHandler: 	at android.app.ActivityThread$AndroidOs.open(ActivityThread.java:7255)
09-07 03:40:10.759 11442 11486 W DefaultFailureHandler: 	at libcore.io.IoBridge.open(IoBridge.java:482)
09-07 03:40:10.759 11442 11486 W DefaultFailureHandler: 	... 48 more
09-07 03:40:10.761  1793  2554 D gralloc_ranchu: gralloc_alloc: Creating ashmem region of size 9850880
09-07 03:40:10.901  2037  5216 I ActivityTaskManager: START u0 {act=android.intent.action.MAIN cat=[android.intent.category.LAUNCHER] flg=0x10000000 cmp=ru.iteco.fmhandroid.test/androidx.test.core.app.InstrumentationActivityInvoker$EmptyActivity} from uid 10136
09-07 03:40:10.907  1792  2272 E GnssHAL_GnssInterface: gnssSvStatusCb: a: input svInfo.flags is 8
09-07 03:40:10.907  1792  2272 E GnssHAL_GnssInterface: gnssSvStatusCb: b: input svInfo.flags is 8
09-07 03:40:10.907 11442 11442 D LifecycleMonitor: Lifecycle status change: ru.iteco.fmhandroid.ui.AppActivity@5c2987 in: PAUSED
09-07 03:40:10.907 11442 11442 V ActivityScenario: Update currentActivityStage to PAUSED, currentActivity=ru.iteco.fmhandroid.ui.AppActivity@5c2987
09-07 03:40:10.909  2037  2425 W InputReader: Device has associated, but no associated display id.
09-07 03:40:10.912  2037  2425 I chatty  : uid=1000(system) Binder:2037_7 identical 48 lines
09-07 03:40:10.912  2037  2425 W InputReader: Device has associated, but no associated display id.
09-07 03:40:10.912 11498 11498 W ActivityThread: handleWindowVisibility: no activity for token android.os.BinderProxy@c7f70f3
09-07 03:40:10.923 11442 11488 V FA      : Recording user engagement, ms: 9093
09-07 03:40:10.933  2037  2425 I ActivityTaskManager: START u0 {act=android.intent.action.MAIN cat=[android.intent.category.LAUNCHER] flg=0x10000000 cmp=ru.iteco.fmhandroid.test/androidx.test.core.app.InstrumentationActivityInvoker$EmptyActivity} from uid 10136
09-07 03:40:10.946  1793  2554 D gralloc_ranchu: gralloc_alloc: Creating ashmem region of size 9850880
09-07 03:40:10.949  1793  2554 I chatty  : uid=1000(system) HwBinder:1793_2 identical 1 line
09-07 03:40:10.950  1793  2554 D gralloc_ranchu: gralloc_alloc: Creating ashmem region of size 9850880
09-07 03:40:10.951 11498 11530 D EGL_emulation: eglMakeCurrent: 0xe224fae0: ver 2 0 (tinfo 0xed4894a0)
09-07 03:40:10.977 11442 11488 V FA      : Connecting to remote service
09-07 03:40:10.979  2037  2425 W InputReader: Device has associated, but no associated display id.
09-07 03:40:10.982  2037  2425 I chatty  : uid=1000(system) Binder:2037_7 identical 48 lines
09-07 03:40:10.982  2037  2425 W InputReader: Device has associated, but no associated display id.
09-07 03:40:10.985 11498 11498 W ActivityThread: handleWindowVisibility: no activity for token android.os.BinderProxy@5164d12
09-07 03:40:10.990 11442 11488 V FA      : Connection attempt already in progress
09-07 03:40:10.990 11442 11488 V FA      : Activity paused, time: 934806
09-07 03:40:10.998 11442 11488 D FA      : Connected to remote service
09-07 03:40:11.000 11442 11488 V FA      : Processing queued up service tasks: 2
09-07 03:40:11.001  2037  2425 W ActivityTaskManager: Duplicate finish request for ActivityRecord{7267b77 u0 ru.iteco.fmhandroid/.ui.AppActivity t676 f}
09-07 03:40:11.031  1793  2554 D gralloc_ranchu: gralloc_alloc: Creating ashmem region of size 9850880
09-07 03:40:11.035  1793  2554 I chatty  : uid=1000(system) HwBinder:1793_2 identical 1 line
09-07 03:40:11.035  1793  2554 D gralloc_ranchu: gralloc_alloc: Creating ashmem region of size 9850880
09-07 03:40:11.037 11498 11530 D EGL_emulation: eglMakeCurrent: 0xe224fae0: ver 2 0 (tinfo 0xed4894a0)
09-07 03:40:11.057  2037  2061 W InputReader: Device has associated, but no associated display id.
09-07 03:40:11.058  2037  2061 I chatty  : uid=1000(system) android.anim identical 18 lines
09-07 03:40:11.058  2037  2061 W InputReader: Device has associated, but no associated display id.
09-07 03:40:11.060  2037  2065 I ActivityTaskManager: Displayed ru.iteco.fmhandroid.test/androidx.test.core.app.InstrumentationActivityInvoker$EmptyActivity: +69ms
09-07 03:40:11.066  2037  5216 W InputReader: Device has associated, but no associated display id.
09-07 03:40:11.066  2037  5216 I chatty  : uid=1000(system) Binder:2037_18 identical 8 lines
09-07 03:40:11.066  2037  5216 W InputReader: Device has associated, but no associated display id.
09-07 03:40:11.070  7867 10859 V FA-SVC  : Logging event: origin=auto,name=user_engagement(_e),params=Bundle[{ga_event_origin(_o)=auto, engagement_time_msec(_et)=9093, ga_screen_class(_sc)=AppActivity, ga_screen_id(_si)=3589103207949889548}]
09-07 03:40:11.085 11442 11534 D EGL_emulation: eglMakeCurrent: 0xe2257740: ver 2 0 (tinfo 0xe233aea0)
09-07 03:40:11.089  2037  2115 W InputReader: Device has associated, but no associated display id.
09-07 03:40:11.089  2037  2115 I chatty  : uid=1000(system) Binder:2037_3 identical 8 lines
09-07 03:40:11.089  2037  2115 W InputReader: Device has associated, but no associated display id.
09-07 03:40:11.093  1823  1823 W SurfaceFlinger: couldn't log to binary event log: overflow.
09-07 03:40:11.101 11442 11442 D LifecycleMonitor: Lifecycle status change: ru.iteco.fmhandroid.ui.AppActivity@5c2987 in: STOPPED
09-07 03:40:11.101 11442 11442 V ActivityScenario: Update currentActivityStage to STOPPED, currentActivity=ru.iteco.fmhandroid.ui.AppActivity@5c2987
09-07 03:40:11.103  7867 10859 V FA-SVC  : Upload scheduled in approximately ms: 2826007
09-07 03:40:11.103  7867 10859 V FA-SVC  : Unscheduling upload
09-07 03:40:11.107  1793  2554 D gralloc_ranchu: gralloc_alloc: Creating ashmem region of size 9850880
09-07 03:40:11.113  2037  2037 W ActivityManager: Unable to start service Intent { act=android.service.appprediction.AppPredictionService cmp=com.google.android.as/com.google.android.apps.miphone.aiai.app.AiAiPredictionService } U=0: not found
09-07 03:40:11.113  2037  2037 W RemoteAppPredictionService: could not bind to Intent { act=android.service.appprediction.AppPredictionService cmp=com.google.android.as/com.google.android.apps.miphone.aiai.app.AiAiPredictionService } using flags 67108865
09-07 03:40:11.114  7867 10859 V FA-SVC  : Scheduling upload, millis: 2826007
09-07 03:40:11.115  7867 10859 V FA-SVC  : Background event processing time, ms: 48
09-07 03:40:11.120  1793  2554 D gralloc_ranchu: gralloc_alloc: Creating ashmem region of size 9850880
09-07 03:40:11.122  1793  2554 D gralloc_ranchu: gralloc_alloc: Creating ashmem region of size 9850880
09-07 03:40:11.123  2666  3068 D EGL_emulation: eglMakeCurrent: 0xda21b0e0: ver 2 0 (tinfo 0xda20fbb0)
09-07 03:40:11.125  1793  2554 D gralloc_ranchu: gralloc_alloc: Creating ashmem region of size 9850880
09-07 03:40:11.130 11442 11442 W System.err: ru.iteco.fmhandroid.exceptions.UnknownException
09-07 03:40:11.130 11442 11442 W System.err: 	at ru.iteco.fmhandroid.utils.Utils.makeRequest(Utils.kt:123)
09-07 03:40:11.130 11442 11442 W System.err: 	at ru.iteco.fmhandroid.utils.Utils$makeRequest$1.invokeSuspend(Unknown Source:15)
09-07 03:40:11.130 11442 11442 W System.err: 	at kotlin.coroutines.jvm.internal.BaseContinuationImpl.resumeWith(ContinuationImpl.kt:33)
09-07 03:40:11.131 11442 11442 W System.err: 	at kotlinx.coroutines.DispatchedTaskKt.resume(DispatchedTask.kt:234)
09-07 03:40:11.131 11442 11442 W System.err: 	at kotlinx.coroutines.DispatchedTaskKt.resumeUnconfined(DispatchedTask.kt:190)
09-07 03:40:11.131 11442 11442 W System.err: 	at kotlinx.coroutines.DispatchedTaskKt.dispatch(DispatchedTask.kt:161)
09-07 03:40:11.131 11442 11442 W System.err: 	at kotlinx.coroutines.CancellableContinuationImpl.dispatchResume(CancellableContinuationImpl.kt:397)
09-07 03:40:11.131 11442 11442 W System.err: 	at kotlinx.coroutines.CancellableContinuationImpl.cancel(CancellableContinuationImpl.kt:183)
09-07 03:40:11.131 11442 11442 W System.err: 	at kotlinx.coroutines.CancellableContinuationImpl.parentCancelled$kotlinx_coroutines_core(CancellableContinuationImpl.kt:190)
09-07 03:40:11.131 11442 11442 W System.err: 	at kotlinx.coroutines.ChildContinuation.invoke(JobSupport.kt:1474)
09-07 03:40:11.131 11442 11442 W System.err: 	at kotlinx.coroutines.JobSupport.notifyCancelling(JobSupport.kt:1499)
09-07 03:40:11.131 11442 11442 W System.err: 	at kotlinx.coroutines.JobSupport.tryMakeCancelling(JobSupport.kt:795)
09-07 03:40:11.131 11442 11442 W System.err: 	at kotlinx.coroutines.JobSupport.makeCancelling(JobSupport.kt:755)
09-07 03:40:11.131 11442 11442 W System.err: 	at kotlinx.coroutines.JobSupport.cancelImpl$kotlinx_coroutines_core(JobSupport.kt:671)
09-07 03:40:11.131 11442 11442 W System.err: 	at kotlinx.coroutines.JobSupport.parentCancelled(JobSupport.kt:637)
09-07 03:40:11.131 11442 11442 W System.err: 	at kotlinx.coroutines.ChildHandleNode.invoke(JobSupport.kt:1465)
09-07 03:40:11.131 11442 11442 W System.err: 	at kotlinx.coroutines.JobSupport.notifyCancelling(JobSupport.kt:1499)
09-07 03:40:11.131 11442 11442 W System.err: 	at kotlinx.coroutines.JobSupport.tryMakeCompletingSlowPath(JobSupport.kt:900)
09-07 03:40:11.131 11442 11442 W System.err: 	at kotlinx.coroutines.JobSupport.tryMakeCompleting(JobSupport.kt:863)
09-07 03:40:11.131 11442 11442 W System.err: 	at kotlinx.coroutines.JobSupport.cancelMakeCompleting(JobSupport.kt:696)
09-07 03:40:11.131 11442 11442 W System.err: 	at kotlinx.coroutines.JobSupport.cancelImpl$kotlinx_coroutines_core(JobSupport.kt:667)
09-07 03:40:11.131 11442 11442 W System.err: 	at kotlinx.coroutines.JobSupport.cancelInternal(JobSupport.kt:632)
09-07 03:40:11.131 11442 11442 W System.err: 	at kotlinx.coroutines.JobSupport.cancel(JobSupport.kt:617)
09-07 03:40:11.131 11442 11442 W System.err: 	at kotlinx.coroutines.JobKt__JobKt.cancel(Job.kt:561)
09-07 03:40:11.131 11442 11442 W System.err: 	at kotlinx.coroutines.JobKt.cancel(Unknown Source:1)
09-07 03:40:11.131 11442 11442 W System.err: 	at kotlinx.coroutines.JobKt__JobKt.cancel$default(Job.kt:560)
09-07 03:40:11.131 11442 11442 W System.err: 	at kotlinx.coroutines.JobKt.cancel$default(Unknown Source:1)
09-07 03:40:11.131 11442 11442 W System.err: 	at androidx.lifecycle.CloseableCoroutineScope.close(ViewModel.kt:51)
09-07 03:40:11.131 11442 11442 W System.err: 	at androidx.lifecycle.ViewModel.closeWithRuntimeException(ViewModel.java:188)
09-07 03:40:11.131 11442 11442 W System.err: 	at androidx.lifecycle.ViewModel.clear(ViewModel.java:134)
09-07 03:40:11.131 11442 11442 W System.err: 	at androidx.lifecycle.ViewModelStore.clear(ViewModelStore.java:62)
09-07 03:40:11.131 11442 11442 W System.err: 	at androidx.fragment.app.FragmentManagerViewModel.clearNonConfigStateInternal(FragmentManagerViewModel.java:210)
09-07 03:40:11.131 11442 11442 W System.err: 	at androidx.fragment.app.FragmentManagerViewModel.clearNonConfigState(FragmentManagerViewModel.java:190)
09-07 03:40:11.131 11442 11442 W System.err: 	at androidx.fragment.app.FragmentStateManager.destroy(FragmentStateManager.java:778)
09-07 03:40:11.131 11442 11442 W System.err: 	at androidx.fragment.app.FragmentStateManager.moveToExpectedState(FragmentStateManager.java:335)
