--------- beginning of main
09-07 03:39:58.695 11442 11442 I ViewInteraction: Performing 'wait for a specific view with <view.getId() is <2131231211/ru.iteco.fmhandroid:id/news_item_description_text_input_edit_text>> during 10000 millis.' action on view view.getRootView() to equal view
09-07 03:39:58.697 11442 11442 I ViewInteraction: Performing 'replace text(Описание 5b68d826-8dad-4f2b-ad37-0f9478287d6e)' action on view view.getId() is <2131231211/ru.iteco.fmhandroid:id/news_item_description_text_input_edit_text>
09-07 03:39:58.740 11442 11442 I ViewInteraction: Performing 'wait for a specific view with <view.getId() is <2131231291/ru.iteco.fmhandroid:id/save_button>> during 10000 millis.' action on view view.getRootView() to equal view
09-07 03:39:58.742 11442 11442 I ViewInteraction: Performing 'single click' action on view view.getId() is <2131231291/ru.iteco.fmhandroid:id/save_button>
09-07 03:39:58.802 11442 11571 I okhttp.OkHttpClient: --> POST http://www.981757-ca08998.tmweb.ru:8080/fmh/news
09-07 03:39:58.802 11442 11571 I okhttp.OkHttpClient: Content-Type: application/json; charset=UTF-8
09-07 03:39:58.803 11442 11571 I okhttp.OkHttpClient: Content-Length: 294
09-07 03:39:58.803 11442 11571 I okhttp.OkHttpClient: {"createDate":1694047198,"creatorId":1,"creatorName":"Ivanov Ivan Ivanovich","description":"Описание 5b68d826-8dad-4f2b-ad37-0f9478287d6e","isOpen":false,"newsCategoryId":1,"publishDate":1694057940,"publishEnabled":true,"title":"Заголовок c50cfdc4-1384-4ba1-8ec5-686927fc0687"}
09-07 03:39:58.803 11442 11571 I okhttp.OkHttpClient: --> END POST (294-byte body)
09-07 03:39:58.809  1774 11824 E ResolverController: No valid NAT64 prefix (101, <unspecified>/0)
09-07 03:39:58.906  1792  2272 E GnssHAL_GnssInterface: gnssSvStatusCb: a: input svInfo.flags is 8
09-07 03:39:58.906  1792  2272 E GnssHAL_GnssInterface: gnssSvStatusCb: b: input svInfo.flags is 8
09-07 03:39:59.052 11442 11442 I ViewInteraction: Performing 'wait for a specific view with <view.getId() is <2131231230/ru.iteco.fmhandroid:id/news_list_recycler_view>> during 10000 millis.' action on view view.getRootView() to equal view
09-07 03:39:59.181 11442 11571 I okhttp.OkHttpClient: <-- 200 http://www.981757-ca08998.tmweb.ru:8080/fmh/news (377ms)
09-07 03:39:59.181 11442 11571 I okhttp.OkHttpClient: Vary: Origin
09-07 03:39:59.181 11442 11571 I okhttp.OkHttpClient: Vary: Access-Control-Request-Method
09-07 03:39:59.181 11442 11571 I okhttp.OkHttpClient: Vary: Access-Control-Request-Headers
09-07 03:39:59.181 11442 11571 I okhttp.OkHttpClient: X-Content-Type-Options: nosniff
09-07 03:39:59.181 11442 11571 I okhttp.OkHttpClient: X-XSS-Protection: 1; mode=block
09-07 03:39:59.181 11442 11571 I okhttp.OkHttpClient: Cache-Control: no-cache, no-store, max-age=0, must-revalidate
09-07 03:39:59.181 11442 11571 I okhttp.OkHttpClient: Pragma: no-cache
09-07 03:39:59.181 11442 11571 I okhttp.OkHttpClient: Expires: 0
09-07 03:39:59.181 11442 11571 I okhttp.OkHttpClient: X-Frame-Options: DENY
09-07 03:39:59.181 11442 11571 I okhttp.OkHttpClient: Content-Type: application/json
09-07 03:39:59.181 11442 11571 I okhttp.OkHttpClient: Transfer-Encoding: chunked
09-07 03:39:59.181 11442 11571 I okhttp.OkHttpClient: Date: Thu, 07 Sep 2023 03:40:00 GMT
09-07 03:39:59.182 11442 11571 I okhttp.OkHttpClient: Keep-Alive: timeout=60
09-07 03:39:59.182 11442 11571 I okhttp.OkHttpClient: Connection: keep-alive
09-07 03:39:59.182 11442 11571 I okhttp.OkHttpClient: {"id":6397,"newsCategoryId":1,"title":"Заголовок c50cfdc4-1384-4ba1-8ec5-686927fc0687","description":"Описание 5b68d826-8dad-4f2b-ad37-0f9478287d6e","creatorId":1,"createDate":1694047198,"publishDate":1694057940,"publishEnabled":true,"creatorName":"Ivanov Ivan Ivanovich"}
09-07 03:39:59.182 11442 11571 I okhttp.OkHttpClient: <-- END HTTP (289-byte body)
09-07 03:39:59.307 11442 11442 I ViewInteraction: Performing 'scroll RecyclerView to: holder with view: ((view is an instance of android.view.ViewGroup and has descendant matching an instance of android.widget.TextView and view.getText() with or without transformation to match: is "Заголовок c50cfdc4-1384-4ba1-8ec5-686927fc0687"))' action on view view.getId() is <2131231230/ru.iteco.fmhandroid:id/news_list_recycler_view>
09-07 03:39:59.667 11442 11442 I ViewInteraction: Checking 'MatchesViewAssertion{viewMatcher=(view has effective visibility <VISIBLE> and view.getGlobalVisibleRect() to return non-empty rectangle)}' assertion on view view.getId() is <2131231230/ru.iteco.fmhandroid:id/news_list_recycler_view>
09-07 03:39:59.672 11442 11442 I ViewInteraction: Performing 'single click' action on view (view.getId() is <2131231024/ru.iteco.fmhandroid:id/edit_news_item_image_view> and view.getParent() view.getParent() (view.getId() is <2131231215/ru.iteco.fmhandroid:id/news_item_material_card_view> and (view is an instance of android.view.ViewGroup and has child matching: (view is an instance of android.view.ViewGroup and has child matching: an instance of android.widget.TextView and view.getText() with or without transformation to match: is "Заголовок c50cfdc4-1384-4ba1-8ec5-686927fc0687"))))
09-07 03:39:59.906  1792  2272 E GnssHAL_GnssInterface: gnssSvStatusCb: a: input svInfo.flags is 8
09-07 03:39:59.906  1792  2272 E GnssHAL_GnssInterface: gnssSvStatusCb: b: input svInfo.flags is 8
09-07 03:40:00.025  2182  2182 W View    : requestLayout() improperly called by com.android.keyguard.AlphaOptimizedLinearLayout{551c6d8 V.E...... ......ID 7,0-48,61 #7f0a041c app:id/wifi_group} during second layout pass: posting in next frame
09-07 03:40:00.039  2182  2182 W View    : requestLayout() improperly called by StatusBarIconView(slot=mobile icon=null notification=null) during layout: running second layout pass
09-07 03:40:00.065 11442 11442 I ViewInteraction: Performing 'wait for a specific view with <view.getId() is <2131230890/ru.iteco.fmhandroid:id/cancel_button>> during 10000 millis.' action on view view.getRootView() to equal view
09-07 03:40:00.066 11442 11442 I ViewInteraction: Performing 'single click' action on view view.getId() is <2131230890/ru.iteco.fmhandroid:id/cancel_button>
09-07 03:40:00.179  1793  1793 D gralloc_ranchu: gralloc_alloc: Creating ashmem region of size 2781184
09-07 03:40:00.195  1793  1793 I chatty  : uid=1000(system) allocator@2.0-s identical 1 line
09-07 03:40:00.196  1793  1793 D gralloc_ranchu: gralloc_alloc: Creating ashmem region of size 2781184
09-07 03:40:00.197 11442 11534 D EGL_emulation: eglMakeCurrent: 0xe2257740: ver 2 0 (tinfo 0xe233aea0)
09-07 03:40:00.214 11442 11534 D EGL_emulation: eglMakeCurrent: 0xe2257740: ver 2 0 (tinfo 0xe233aea0)
09-07 03:40:00.455 11442 11442 I ViewInteraction: Performing 'wait for a specific view with <an instance of android.widget.TextView and view.getText() with or without transformation to match: is "The changes won't be saved, do you really want to log out?"> during 10000 millis.' action on view view.getRootView() to equal view
09-07 03:40:00.458 11442 11442 I ViewInteraction: Checking 'MatchesViewAssertion{viewMatcher=(view has effective visibility <VISIBLE> and view.getGlobalVisibleRect() to return non-empty rectangle)}' assertion on view an instance of android.widget.TextView and view.getText() with or without transformation to match: is "The changes won't be saved, do you really want to log out?"
09-07 03:40:00.460 11442 11442 I ViewInteraction: Performing 'wait for a specific view with <view.getId() is <16908313/android:id/button1>> during 10000 millis.' action on view view.getRootView() to equal view
09-07 03:40:00.463 11442 11442 I ViewInteraction: Performing 'single click' action on view view.getId() is <16908313/android:id/button1>
09-07 03:40:00.514 11442 11534 D EGL_emulation: eglMakeCurrent: 0xe2257740: ver 2 0 (tinfo 0xe233aea0)
09-07 03:40:00.521 11442 11534 D EGL_emulation: eglMakeCurrent: 0xe2257740: ver 2 0 (tinfo 0xe233aea0)
09-07 03:40:00.531  2037  4328 E InputDispatcher: Window handle Window{2658fb u0 ru.iteco.fmhandroid/ru.iteco.fmhandroid.ui.AppActivity} has no registered input channel
09-07 03:40:00.559 11442 11534 D EGL_emulation: eglMakeCurrent: 0xe2257740: ver 2 0 (tinfo 0xe233aea0)
09-07 03:40:00.887 11442 11442 I ViewInteraction: Performing 'wait for a specific view with <view.getId() is <2131231230/ru.iteco.fmhandroid:id/news_list_recycler_view>> during 10000 millis.' action on view view.getRootView() to equal view
09-07 03:40:00.889 11442 11442 I ViewInteraction: Performing 'scroll RecyclerView to: holder with view: ((view is an instance of android.view.ViewGroup and has descendant matching an instance of android.widget.TextView and view.getText() with or without transformation to match: is "Заголовок c50cfdc4-1384-4ba1-8ec5-686927fc0687"))' action on view view.getId() is <2131231230/ru.iteco.fmhandroid:id/news_list_recycler_view>
09-07 03:40:00.906  1792  2272 E GnssHAL_GnssInterface: gnssSvStatusCb: a: input svInfo.flags is 8
09-07 03:40:00.906  1792  2272 E GnssHAL_GnssInterface: gnssSvStatusCb: b: input svInfo.flags is 8
09-07 03:40:01.161  7867  7867 D BoundBrokerSvc: onUnbind: Intent { act=com.google.android.gms.measurement.START pkg=com.google.android.gms }
09-07 03:40:01.205 11442 11442 I ViewInteraction: Checking 'MatchesViewAssertion{viewMatcher=(view has effective visibility <VISIBLE> and view.getGlobalVisibleRect() to return non-empty rectangle)}' assertion on view view.getId() is <2131231230/ru.iteco.fmhandroid:id/news_list_recycler_view>
--------- beginning of system
09-07 03:40:01.208  2037  4328 I ActivityTaskManager: START u0 {act=android.intent.action.MAIN cat=[android.intent.category.LAUNCHER] flg=0x10000000 cmp=ru.iteco.fmhandroid.test/androidx.test.core.app.InstrumentationActivityInvoker$EmptyActivity} from uid 10136
09-07 03:40:01.214 11442 11442 D LifecycleMonitor: Lifecycle status change: ru.iteco.fmhandroid.ui.AppActivity@f5e34e2 in: PAUSED
09-07 03:40:01.214 11442 11442 V ActivityScenario: Update currentActivityStage to PAUSED, currentActivity=ru.iteco.fmhandroid.ui.AppActivity@f5e34e2
09-07 03:40:01.214  2037  5216 W InputReader: Device has associated, but no associated display id.
09-07 03:40:01.218  2037  5216 I chatty  : uid=1000(system) Binder:2037_18 identical 42 lines
09-07 03:40:01.218  2037  5216 W InputReader: Device has associated, but no associated display id.
09-07 03:40:01.220 11498 11498 W ActivityThread: handleWindowVisibility: no activity for token android.os.BinderProxy@a3d0111
09-07 03:40:01.218  2037  5216 W InputReader: Device has associated, but no associated display id.
09-07 03:40:01.222  2037  5216 I chatty  : uid=1000(system) Binder:2037_18 identical 4 lines
09-07 03:40:01.222  2037  5216 W InputReader: Device has associated, but no associated display id.
09-07 03:40:01.223 11442 11488 V FA      : Recording user engagement, ms: 10410
09-07 03:40:01.254  2037  2847 I ActivityTaskManager: START u0 {act=android.intent.action.MAIN cat=[android.intent.category.LAUNCHER] flg=0x10000000 cmp=ru.iteco.fmhandroid.test/androidx.test.core.app.InstrumentationActivityInvoker$EmptyActivity} from uid 10136
09-07 03:40:01.254  1793  1793 D gralloc_ranchu: gralloc_alloc: Creating ashmem region of size 9850880
09-07 03:40:01.263  1793  1793 I chatty  : uid=1000(system) allocator@2.0-s identical 1 line
09-07 03:40:01.264  1793  1793 D gralloc_ranchu: gralloc_alloc: Creating ashmem region of size 9850880
09-07 03:40:01.272 11498 11530 D EGL_emulation: eglMakeCurrent: 0xe224fae0: ver 2 0 (tinfo 0xed4894a0)
09-07 03:40:01.294 11442 11488 V FA      : Connecting to remote service
09-07 03:40:01.298  7867  7867 D BoundBrokerSvc: onBind: Intent { act=com.google.android.gms.measurement.START pkg=com.google.android.gms }
09-07 03:40:01.298  7867  7867 D BoundBrokerSvc: Loading bound service for intent: Intent { act=com.google.android.gms.measurement.START pkg=com.google.android.gms }
09-07 03:40:01.306  2037  7860 W InputReader: Device has associated, but no associated display id.
09-07 03:40:01.309  2037  7860 I chatty  : uid=1000(system) Binder:2037_1F identical 48 lines
09-07 03:40:01.309  2037  7860 W InputReader: Device has associated, but no associated display id.
09-07 03:40:01.326 11442 11488 V FA      : Connection attempt already in progress
09-07 03:40:01.326 11442 11488 V FA      : Activity paused, time: 925115
09-07 03:40:01.328 11442 11488 D FA      : Connected to remote service
09-07 03:40:01.329 11442 11488 V FA      : Processing queued up service tasks: 2
09-07 03:40:01.330 11498 11498 W ActivityThread: handleWindowVisibility: no activity for token android.os.BinderProxy@761d468
09-07 03:40:01.344  2037  7860 W ActivityTaskManager: Duplicate finish request for ActivityRecord{ab242b4 u0 ru.iteco.fmhandroid/.ui.AppActivity t675 f}
09-07 03:40:01.347  7867 10859 V FA-SVC  : Logging event: origin=auto,name=user_engagement(_e),params=Bundle[{ga_event_origin(_o)=auto, engagement_time_msec(_et)=10410, ga_screen_class(_sc)=AppActivity, ga_screen_id(_si)=3589103207949889547}]
09-07 03:40:01.357  2037  2115 W InputReader: Device has associated, but no associated display id.
09-07 03:40:01.357  2037  2115 I chatty  : uid=1000(system) Binder:2037_3 identical 8 lines
09-07 03:40:01.357  2037  2115 W InputReader: Device has associated, but no associated display id.
09-07 03:40:01.369  1793  1793 D gralloc_ranchu: gralloc_alloc: Creating ashmem region of size 9850880
09-07 03:40:01.380  1793  1793 I chatty  : uid=1000(system) allocator@2.0-s identical 1 line
09-07 03:40:01.381  1793  1793 D gralloc_ranchu: gralloc_alloc: Creating ashmem region of size 9850880
09-07 03:40:01.383  7867 10859 V FA-SVC  : Upload scheduled in approximately ms: 2835727
09-07 03:40:01.383  7867 10859 V FA-SVC  : Unscheduling upload
09-07 03:40:01.383 11498 11530 D EGL_emulation: eglMakeCurrent: 0xe224fae0: ver 2 0 (tinfo 0xed4894a0)
09-07 03:40:01.384  7867 10859 V FA-SVC  : Scheduling upload, millis: 2835727
09-07 03:40:01.385  7867 10859 V FA-SVC  : Background event processing time, ms: 41
09-07 03:40:01.416  2037  2115 W InputReader: Device has associated, but no associated display id.
09-07 03:40:01.423  2037  2037 W ActivityManager: Unable to start service Intent { act=android.service.appprediction.AppPredictionService cmp=com.google.android.as/com.google.android.apps.miphone.aiai.app.AiAiPredictionService } U=0: not found
09-07 03:40:01.423  2037  2037 W RemoteAppPredictionService: could not bind to Intent { act=android.service.appprediction.AppPredictionService cmp=com.google.android.as/com.google.android.apps.miphone.aiai.app.AiAiPredictionService } using flags 67108865
09-07 03:40:01.416  2037  2115 I chatty  : uid=1000(system) Binder:2037_3 identical 8 lines
09-07 03:40:01.416  2037  2115 W InputReader: Device has associated, but no associated display id.
09-07 03:40:01.425  1823  1823 W SurfaceFlinger: couldn't log to binary event log: overflow.
09-07 03:40:01.434  1793  1793 D gralloc_ranchu: gralloc_alloc: Creating ashmem region of size 9850880
09-07 03:40:01.439  1793  1793 D gralloc_ranchu: gralloc_alloc: Creating ashmem region of size 9850880
09-07 03:40:01.440  1793  2554 D gralloc_ranchu: gralloc_alloc: Creating ashmem region of size 9850880
09-07 03:40:01.441  2666  3068 D EGL_emulation: eglMakeCurrent: 0xda21b0e0: ver 2 0 (tinfo 0xda20fbb0)
09-07 03:40:01.467  1793  2554 D gralloc_ranchu: gralloc_alloc: Creating ashmem region of size 9850880
09-07 03:40:01.469  2434  2714 D EGL_emulation: eglMakeCurrent: 0xed453b60: ver 2 0 (tinfo 0xe233a960)
09-07 03:40:01.470  1793  1793 D gralloc_ranchu: gralloc_alloc: Creating ashmem region of size 9850880
09-07 03:40:01.471  1793  2554 D gralloc_ranchu: gralloc_alloc: Creating ashmem region of size 9850880
09-07 03:40:01.473  2666  2666 I dnsi    : onStart
09-07 03:40:01.474  2666  2666 I dnsi    : onResume
09-07 03:40:01.506  2037  2061 W InputReader: Device has associated, but no associated display id.
09-07 03:40:01.507  2037  2061 I chatty  : uid=1000(system) android.anim identical 8 lines
09-07 03:40:01.507  2037  2061 W InputReader: Device has associated, but no associated display id.
09-07 03:40:01.511  1793  2554 D gralloc_ranchu: gralloc_alloc: Creating ashmem region of size 6307840
09-07 03:40:01.516  2182  2468 D EGL_emulation: eglMakeCurrent: 0xda21a360: ver 2 0 (tinfo 0xda20f590)
09-07 03:40:01.519  2182  2182 W View    : requestLayout() improperly called by com.android.keyguard.AlphaOptimizedLinearLayout{551c6d8 V.E...... ......ID 7,0-48,61 #7f0a041c app:id/wifi_group} during second layout pass: posting in next frame
09-07 03:40:01.526 11498 11530 D EGL_emulation: eglMakeCurrent: 0xe224fae0: ver 2 0 (tinfo 0xed4894a0)
09-07 03:40:01.535  2182  2182 W View    : requestLayout() improperly called by StatusBarIconView(slot=mobile icon=null notification=null) during layout: running second layout pass
09-07 03:40:01.536 11442 11534 D EGL_emulation: eglMakeCurrent: 0xe2257740: ver 2 0 (tinfo 0xe233aea0)
09-07 03:40:01.537  2182  2468 D EGL_emulation: eglMakeCurrent: 0xda21a360: ver 2 0 (tinfo 0xda20f590)
09-07 03:40:01.542  2037  5599 D HostConnection: HostConnection::get() New Host Connection established 0xda23f020, tid 5599
09-07 03:40:01.545  2037  5599 D HostConnection: HostComposition ext ANDROID_EMU_CHECKSUM_HELPER_v1 ANDROID_EMU_dma_v1 ANDROID_EMU_direct_mem ANDROID_EMU_vulkan ANDROID_EMU_deferred_vulkan_commands ANDROID_EMU_vulkan_null_optional_strings ANDROID_EMU_vulkan_create_resources_with_requirements ANDROID_EMU_YUV420_888_to_NV21 ANDROID_EMU_YUV_Cache ANDROID_EMU_vulkan_free_memory_sync ANDROID_EMU_vulkan_shader_float16_int8 ANDROID_EMU_vulkan_async_queue_submit ANDROID_EMU_sync_buffer_data GL_OES_vertex_array_object GL_KHR_texture_compression_astc_ldr ANDROID_EMU_host_side_tracing ANDROID_EMU_gles_max_version_2 
09-07 03:40:01.546  2037  5599 W OpenGLRenderer: Failed to choose config with EGL_SWAP_BEHAVIOR_PRESERVED, retrying without...
09-07 03:40:01.552  1823  1823 E Layer   : [Surface(name=AppWindowToken{459e199 token=Token{b961ae0 ActivityRecord{53be0e3 u0 com.google.android.apps.nexuslauncher/.NexusLauncherActivity t652}}})/@0xafc1306 - animation-leash#0] No local sync point found
09-07 03:40:01.552  1823  1823 E Layer   : [Surface(name=AppWindowToken{101ba52 token=Token{9716edd ActivityRecord{ab242b4 u0 ru.iteco.fmhandroid/.ui.AppActivity t675}}})/@0xa29931 - animation-leash#0] No local sync point found
09-07 03:40:01.568  2434  2453 W System  : A resource failed to call release. 
09-07 03:40:01.568  2434  2453 W System  : A resource failed to call release. 
09-07 03:40:01.570  2037  5599 D eglCodecCommon: setVertexArrayObject: set vao to 0 (0) 0 0
09-07 03:40:01.571  2037  5599 D EGL_emulation: eglCreateContext: 0xba761460: maj 2 min 0 rcv 2
09-07 03:40:01.572  2182  2468 D EGL_emulation: eglMakeCurrent: 0xda21a360: ver 2 0 (tinfo 0xda20f590)
09-07 03:40:01.574  2182  2182 W View    : requestLayout() improperly called by com.android.keyguard.AlphaOptimizedLinearLayout{551c6d8 V.E...... ......ID 7,0-48,61 #7f0a041c app:id/wifi_group} during second layout pass: posting in next frame
09-07 03:40:01.589 11442 11442 D LifecycleMonitor: Lifecycle status change: ru.iteco.fmhandroid.ui.AppActivity@f5e34e2 in: STOPPED
09-07 03:40:01.589 11442 11442 V ActivityScenario: Update currentActivityStage to STOPPED, currentActivity=ru.iteco.fmhandroid.ui.AppActivity@f5e34e2
09-07 03:40:01.591  2182  2182 W View    : requestLayout() improperly called by StatusBarIconView(slot=mobile icon=null notification=null) during layout: running second layout pass
09-07 03:40:01.592 11442 11442 W System.err: ru.iteco.fmhandroid.exceptions.UnknownException
09-07 03:40:01.593 11442 11442 W System.err: 	at ru.iteco.fmhandroid.utils.Utils.makeRequest(Utils.kt:123)
09-07 03:40:01.593 11442 11442 W System.err: 	at ru.iteco.fmhandroid.utils.Utils$makeRequest$1.invokeSuspend(Unknown Source:15)
09-07 03:40:01.593 11442 11442 W System.err: 	at kotlin.coroutines.jvm.internal.BaseContinuationImpl.resumeWith(ContinuationImpl.kt:33)
09-07 03:40:01.593 11442 11442 W System.err: 	at kotlinx.coroutines.DispatchedTaskKt.resume(DispatchedTask.kt:234)
09-07 03:40:01.593 11442 11442 W System.err: 	at kotlinx.coroutines.DispatchedTaskKt.resumeUnconfined(DispatchedTask.kt:190)
09-07 03:40:01.593 11442 11442 W System.err: 	at kotlinx.coroutines.DispatchedTaskKt.dispatch(DispatchedTask.kt:161)
09-07 03:40:01.593 11442 11442 W System.err: 	at kotlinx.coroutines.CancellableContinuationImpl.dispatchResume(CancellableContinuationImpl.kt:397)
09-07 03:40:01.593 11442 11442 W System.err: 	at kotlinx.coroutines.CancellableContinuationImpl.cancel(CancellableContinuationImpl.kt:183)
09-07 03:40:01.593 11442 11442 W System.err: 	at kotlinx.coroutines.CancellableContinuationImpl.parentCancelled$kotlinx_coroutines_core(CancellableContinuationImpl.kt:190)
09-07 03:40:01.593 11442 11442 W System.err: 	at kotlinx.coroutines.ChildContinuation.invoke(JobSupport.kt:1474)
09-07 03:40:01.593 11442 11442 W System.err: 	at kotlinx.coroutines.JobSupport.notifyCancelling(JobSupport.kt:1499)
09-07 03:40:01.593 11442 11442 W System.err: 	at kotlinx.coroutines.JobSupport.tryMakeCancelling(JobSupport.kt:795)
09-07 03:40:01.593 11442 11442 W System.err: 	at kotlinx.coroutines.JobSupport.makeCancelling(JobSupport.kt:755)
09-07 03:40:01.593 11442 11442 W System.err: 	at kotlinx.coroutines.JobSupport.cancelImpl$kotlinx_coroutines_core(JobSupport.kt:671)
09-07 03:40:01.593 11442 11561 I okhttp.OkHttpClient: <-- HTTP FAILED: java.net.SocketException: Socket closed
09-07 03:40:01.593 11442 11442 W System.err: 	at kotlinx.coroutines.JobSupport.parentCancelled(JobSupport.kt:637)
09-07 03:40:01.593 11442 11442 W System.err: 	at kotlinx.coroutines.ChildHandleNode.invoke(JobSupport.kt:1465)
09-07 03:40:01.593 11442 11442 W System.err: 	at kotlinx.coroutines.JobSupport.notifyCancelling(JobSupport.kt:1499)
09-07 03:40:01.593 11442 11442 W System.err: 	at kotlinx.coroutines.JobSupport.tryMakeCompletingSlowPath(JobSupport.kt:900)
09-07 03:40:01.593 11442 11442 W System.err: 	at kotlinx.coroutines.JobSupport.tryMakeCompleting(JobSupport.kt:863)
09-07 03:40:01.593 11442 11442 W System.err: 	at kotlinx.coroutines.JobSupport.cancelMakeCompleting(JobSupport.kt:696)
09-07 03:40:01.593 11442 11442 W System.err: 	at kotlinx.coroutines.JobSupport.cancelImpl$kotlinx_coroutines_core(JobSupport.kt:667)
09-07 03:40:01.593 11442 11442 W System.err: 	at kotlinx.coroutines.JobSupport.cancelInternal(JobSupport.kt:632)
09-07 03:40:01.593 11442 11442 W System.err: 	at kotlinx.coroutines.JobSupport.cancel(JobSupport.kt:617)
09-07 03:40:01.593 11442 11442 W System.err: 	at kotlinx.coroutines.JobKt__JobKt.cancel(Job.kt:561)
09-07 03:40:01.593 11442 11442 W System.err: 	at kotlinx.coroutines.JobKt.cancel(Unknown Source:1)
09-07 03:40:01.593 11442 11442 W System.err: 	at kotlinx.coroutines.JobKt__JobKt.cancel$default(Job.kt:560)
09-07 03:40:01.593 11442 11442 W System.err: 	at kotlinx.coroutines.JobKt.cancel$default(Unknown Source:1)
09-07 03:40:01.593 11442 11442 W System.err: 	at androidx.lifecycle.CloseableCoroutineScope.close(ViewModel.kt:51)
09-07 03:40:01.593 11442 11442 W System.err: 	at androidx.lifecycle.ViewModel.closeWithRuntimeException(ViewModel.java:188)
09-07 03:40:01.593 11442 11442 W System.err: 	at androidx.lifecycle.ViewModel.clear(ViewModel.java:134)
09-07 03:40:01.594 11442 11442 W System.err: 	at androidx.lifecycle.ViewModelStore.clear(ViewModelStore.java:62)
09-07 03:40:01.594 11442 11442 W System.err: 	at androidx.fragment.app.FragmentManagerViewModel.clearNonConfigStateInternal(FragmentManagerViewModel.java:210)
09-07 03:40:01.594 11442 11442 W System.err: 	at androidx.fragment.app.FragmentManagerViewModel.clearNonConfigState(FragmentManagerViewModel.java:190)
09-07 03:40:01.594 11442 11442 W System.err: 	at androidx.fragment.app.FragmentStateManager.destroy(FragmentStateManager.java:778)
09-07 03:40:01.594 11442 11442 W System.err: 	at androidx.fragment.app.FragmentStateManager.moveToExpectedState(FragmentStateManager.java:335)
09-07 03:40:01.594 11442 11442 W System.err: 	at androidx.fragment.app.FragmentStore.moveToExpectedState(FragmentStore.java:121)
09-07 03:40:01.594 11442 11442 W System.err: 	at androidx.fragment.app.FragmentManager.moveToState(FragmentManager.java:1374)
09-07 03:40:01.594 11442 11442 W System.err: 	at androidx.fragment.app.FragmentManager.dispatchStateChange(FragmentManager.java:2841)
09-07 03:40:01.594 11442 11442 W System.err: 	at androidx.fragment.app.FragmentManager.dispatchDestroy(FragmentManager.java:2820)
09-07 03:40:01.594 11442 11442 W System.err: 	at androidx.fragment.app.Fragment.performDestroy(Fragment.java:3246)
09-07 03:40:01.594 11442 11442 W System.err: 	at androidx.fragment.app.FragmentStateManager.destroy(FragmentStateManager.java:780)
09-07 03:40:01.594 11442 11442 W System.err: 	at androidx.fragment.app.FragmentStateManager.moveToExpectedState(FragmentStateManager.java:335)
09-07 03:40:01.594 11442 11442 W System.err: 	at androidx.fragment.app.SpecialEffectsController$FragmentStateManagerOperation.complete(SpecialEffectsController.java:771)
09-07 03:40:01.594 11442 11442 W System.err: 	at androidx.fragment.app.SpecialEffectsController$Operation.cancel(SpecialEffectsController.java:615)
09-07 03:40:01.594 11442 11442 W System.err: 	at androidx.fragment.app.SpecialEffectsController.forceCompleteAllOperations(SpecialEffectsController.java:350)
09-07 03:40:01.594 11442 11442 W System.err: 	at androidx.fragment.app.FragmentManager.dispatchStateChange(FragmentManager.java:2844)
09-07 03:40:01.594 11442 11442 W System.err: 	at androidx.fragment.app.FragmentManager.dispatchDestroy(FragmentManager.java:2820)
09-07 03:40:01.594 11442 11442 W System.err: 	at androidx.fragment.app.FragmentController.dispatchDestroy(FragmentController.java:345)
09-07 03:40:01.594 11442 11442 W System.err: 	at androidx.fragment.app.FragmentActivity.onDestroy(FragmentActivity.java:306)
09-07 03:40:01.594 11442 11442 W System.err: 	at androidx.appcompat.app.AppCompatActivity.onDestroy(AppCompatActivity.java:278)
09-07 03:40:01.594 11442 11442 W System.err: 	at android.app.Activity.performDestroy(Activity.java:8048)
09-07 03:40:01.594 11442 11442 W System.err: 	at android.app.Instrumentation.callActivityOnDestroy(Instrumentation.java:1334)
09-07 03:40:01.594 11442 11442 W System.err: 	at androidx.test.runner.MonitoringInstrumentation.callActivityOnDestroy(MonitoringInstrumentation.java:766)
09-07 03:40:01.594 11442 11442 W System.err: 	at android.app.ActivityThread.performDestroyActivity(ActivityThread.java:4926)
09-07 03:40:01.594 11442 11442 W System.err: 	at android.app.ActivityThread.handleDestroyActivity(ActivityThread.java:4970)
09-07 03:40:01.594 11442 11442 W System.err: 	at android.app.servertransaction.DestroyActivityItem.execute(DestroyActivityItem.java:44)
09-07 03:40:01.594 11442 11442 W System.err: 	at android.app.servertransaction.TransactionExecutor.executeLifecycleState(TransactionExecutor.java:176)
09-07 03:40:01.594 11442 11442 W System.err: 	at android.app.servertransaction.TransactionExecutor.execute(TransactionExecutor.java:97)
09-07 03:40:01.594 11442 11442 W System.err: 	at android.app.ActivityThread$H.handleMessage(ActivityThread.java:2016)
09-07 03:40:01.594 11442 11442 W System.err: 	at android.os.Handler.dispatchMessage(Handler.java:107)
09-07 03:40:01.594 11442 11442 W System.err: 	at android.os.Looper.loop(Looper.java:214)
09-07 03:40:01.594 11442 11442 W System.err: 	at android.app.ActivityThread.main(ActivityThread.java:7356)
09-07 03:40:01.594 11442 11442 W System.err: 	at java.lang.reflect.Method.invoke(Native Method)
09-07 03:40:01.594 11442 11442 W System.err: 	at com.android.internal.os.RuntimeInit$MethodAndArgsCaller.run(RuntimeInit.java:492)
09-07 03:40:01.594 11442 11442 W System.err: 	at com.android.internal.os.ZygoteInit.main(ZygoteInit.java:930)
09-07 03:40:01.602 11442 11442 W System.err: ru.iteco.fmhandroid.exceptions.UnknownException
09-07 03:40:01.602 11442 11442 W System.err: 	at ru.iteco.fmhandroid.utils.Utils.makeRequest(Utils.kt:123)
09-07 03:40:01.602 11442 11442 W System.err: 	at ru.iteco.fmhandroid.utils.Utils$makeRequest$1.invokeSuspend(Unknown Source:15)
09-07 03:40:01.602 11442 11442 W System.err: 	at kotlin.coroutines.jvm.internal.BaseContinuationImpl.resumeWith(ContinuationImpl.kt:33)
09-07 03:40:01.602 11442 11442 W System.err: 	at kotlinx.coroutines.DispatchedTaskKt.resume(DispatchedTask.kt:234)
09-07 03:40:01.602 11442 11442 W System.err: 	at kotlinx.coroutines.DispatchedTaskKt.resumeUnconfined(DispatchedTask.kt:190)
09-07 03:40:01.602 11442 11442 W System.err: 	at kotlinx.coroutines.DispatchedTaskKt.dispatch(DispatchedTask.kt:161)
09-07 03:40:01.602 11442 11442 W System.err: 	at kotlinx.coroutines.CancellableContinuationImpl.dispatchResume(CancellableContinuationImpl.kt:397)
09-07 03:40:01.602 11442 11442 W System.err: 	at kotlinx.coroutines.CancellableContinuationImpl.cancel(CancellableContinuationImpl.kt:183)
09-07 03:40:01.602 11442 11442 W System.err: 	at kotlinx.coroutines.CancellableContinuationImpl.parentCancelled$kotlinx_coroutines_core(CancellableContinuationImpl.kt:190)
09-07 03:40:01.602 11442 11442 W System.err: 	at kotlinx.coroutines.ChildContinuation.invoke(JobSupport.kt:1474)
09-07 03:40:01.602 11442 11442 W System.err: 	at kotlinx.coroutines.JobSupport.notifyCancelling(JobSupport.kt:1499)
09-07 03:40:01.602 11442 11442 W System.err: 	at kotlinx.coroutines.JobSupport.tryMakeCancelling(JobSupport.kt:795)
09-07 03:40:01.602 11442 11442 W System.err: 	at kotlinx.coroutines.JobSupport.makeCancelling(JobSupport.kt:755)
09-07 03:40:01.602 11442 11442 W System.err: 	at kotlinx.coroutines.JobSupport.cancelImpl$kotlinx_coroutines_core(JobSupport.kt:671)
09-07 03:40:01.602 11442 11442 W System.err: 	at kotlinx.coroutines.JobSupport.parentCancelled(JobSupport.kt:637)
09-07 03:40:01.602 11442 11442 W System.err: 	at kotlinx.coroutines.ChildHandleNode.invoke(JobSupport.kt:1465)
09-07 03:40:01.602 11442 11442 W System.err: 	at kotlinx.coroutines.JobSupport.notifyCancelling(JobSupport.kt:1499)
09-07 03:40:01.602 11442 11442 W System.err: 	at kotlinx.coroutines.JobSupport.tryMakeCompletingSlowPath(JobSupport.kt:900)
09-07 03:40:01.602 11442 11442 W System.err: 	at kotlinx.coroutines.JobSupport.tryMakeCompleting(JobSupport.kt:863)
09-07 03:40:01.602 11442 11442 W System.err: 	at kotlinx.coroutines.JobSupport.cancelMakeCompleting(JobSupport.kt:696)
09-07 03:40:01.602 11442 11442 W System.err: 	at kotlinx.coroutines.JobSupport.cancelImpl$kotlinx_coroutines_core(JobSupport.kt:667)
09-07 03:40:01.602 11442 11442 W System.err: 	at kotlinx.coroutines.JobSupport.cancelInternal(JobSupport.kt:632)
09-07 03:40:01.602 11442 11442 W System.err: 	at kotlinx.coroutines.JobSupport.cancel(JobSupport.kt:617)
09-07 03:40:01.602 11442 11442 W System.err: 	at kotlinx.coroutines.JobKt__JobKt.cancel(Job.kt:561)
09-07 03:40:01.602 11442 11442 W System.err: 	at kotlinx.coroutines.JobKt.cancel(Unknown Source:1)
09-07 03:40:01.602 11442 11442 W System.err: 	at kotlinx.coroutines.JobKt__JobKt.cancel$default(Job.kt:560)
09-07 03:40:01.602 11442 11442 W System.err: 	at kotlinx.coroutines.JobKt.cancel$default(Unknown Source:1)
09-07 03:40:01.602 11442 11442 W System.err: 	at androidx.lifecycle.CloseableCoroutineScope.close(ViewModel.kt:51)
09-07 03:40:01.602 11442 11442 W System.err: 	at androidx.lifecycle.ViewModel.closeWithRuntimeException(ViewModel.java:188)
09-07 03:40:01.602 11442 11442 W System.err: 	at androidx.lifecycle.ViewModel.clear(ViewModel.java:134)
09-07 03:40:01.602 11442 11442 W System.err: 	at androidx.lifecycle.ViewModelStore.clear(ViewModelStore.java:62)
09-07 03:40:01.602 11442 11442 W System.err: 	at androidx.fragment.app.FragmentManagerViewModel.clearNonConfigStateInternal(FragmentManagerViewModel.java:210)
09-07 03:40:01.602 11442 11442 W System.err: 	at androidx.fragment.app.FragmentManagerViewModel.clearNonConfigState(FragmentManagerViewModel.java:190)
09-07 03:40:01.602 11442 11442 W System.err: 	at androidx.fragment.app.FragmentStateManager.destroy(FragmentStateManager.java:778)
09-07 03:40:01.602 11442 11442 W System.err: 	at androidx.fragment.app.FragmentStateManager.moveToExpectedState(FragmentStateManager.java:335)
09-07 03:40:01.602 11442 11442 W System.err: 	at androidx.fragment.app.FragmentStore.moveToExpectedState(FragmentStore.java:121)
09-07 03:40:01.602 11442 11442 W System.err: 	at androidx.fragment.app.FragmentManager.moveToState(FragmentManager.java:1374)
09-07 03:40:01.602 11442 11442 W System.err: 	at androidx.fragment.app.FragmentManager.dispatchStateChange(FragmentManager.java:2841)
09-07 03:40:01.602 11442 11442 W System.err: 	at androidx.fragment.app.FragmentManager.dispatchDestroy(FragmentManager.java:2820)
09-07 03:40:01.602 11442 11442 W System.err: 	at androidx.fragment.app.Fragment.performDestroy(Fragment.java:3246)
09-07 03:40:01.602 11442 11442 W System.err: 	at androidx.fragment.app.FragmentStateManager.destroy(FragmentStateManager.java:780)
09-07 03:40:01.602 11442 11442 W System.err: 	at androidx.fragment.app.FragmentStateManager.moveToExpectedState(FragmentStateManager.java:335)
09-07 03:40:01.602 11442 11442 W System.err: 	at androidx.fragment.app.SpecialEffectsController$FragmentStateManagerOperation.complete(SpecialEffectsController.java:771)
09-07 03:40:01.602 11442 11442 W System.err: 	at androidx.fragment.app.SpecialEffectsController$Operation.cancel(SpecialEffectsController.java:615)
09-07 03:40:01.602 11442 11442 W System.err: 	at androidx.fragment.app.SpecialEffectsController.forceCompleteAllOperations(SpecialEffectsController.java:350)
09-07 03:40:01.602 11442 11442 W System.err: 	at androidx.fragment.app.FragmentManager.dispatchStateChange(FragmentManager.java:2844)
09-07 03:40:01.602 11442 11442 W System.err: 	at androidx.fragment.app.FragmentManager.dispatchDestroy(FragmentManager.java:2820)
09-07 03:40:01.602 11442 11442 W System.err: 	at androidx.fragment.app.FragmentController.dispatchDestroy(FragmentController.java:345)
09-07 03:40:01.602 11442 11442 W System.err: 	at androidx.fragment.app.FragmentActivity.onDestroy(FragmentActivity.java:306)
09-07 03:40:01.602 11442 11442 W System.err: 	at androidx.appcompat.app.AppCompatActivity.onDestroy(AppCompatActivity.java:278)
09-07 03:40:01.602 11442 11442 W System.err: 	at android.app.Activity.performDestroy(Activity.java:8048)
09-07 03:40:01.602 11442 11442 W System.err: 	at android.app.Instrumentation.callActivityOnDestroy(Instrumentation.java:1334)
09-07 03:40:01.602 11442 11442 W System.err: 	at androidx.test.runner.MonitoringInstrumentation.callActivityOnDestroy(MonitoringInstrumentation.java:766)
09-07 03:40:01.602 11442 11442 W System.err: 	at android.app.ActivityThread.performDestroyActivity(ActivityThread.java:4926)
09-07 03:40:01.602 11442 11442 W System.err: 	at android.app.ActivityThread.handleDestroyActivity(ActivityThread.java:4970)
09-07 03:40:01.602 11442 11442 W System.err: 	at android.app.servertransaction.DestroyActivityItem.execute(DestroyActivityItem.java:44)
09-07 03:40:01.603 11442 11550 I okhttp.OkHttpClient: <-- HTTP FAILED: java.net.SocketException: Socket closed
09-07 03:40:01.603  2182  2468 D EGL_emulation: eglMakeCurrent: 0xda21a360: ver 2 0 (tinfo 0xda20f590)
09-07 03:40:01.602 11442 11442 W System.err: 	at android.app.servertransaction.TransactionExecutor.executeLifecycleState(TransactionExecutor.java:176)
09-07 03:40:01.604 11442 11442 W System.err: 	at android.app.servertransaction.TransactionExecutor.execute(TransactionExecutor.java:97)
09-07 03:40:01.604 11442 11442 W System.err: 	at android.app.ActivityThread$H.handleMessage(ActivityThread.java:2016)
09-07 03:40:01.604 11442 11442 W System.err: 	at android.os.Handler.dispatchMessage(Handler.java:107)
09-07 03:40:01.604 11442 11442 W System.err: 	at android.os.Looper.loop(Looper.java:214)
09-07 03:40:01.604 11442 11442 W System.err: 	at android.app.ActivityThread.main(ActivityThread.java:7356)
09-07 03:40:01.604 11442 11442 W System.err: 	at java.lang.reflect.Method.invoke(Native Method)
09-07 03:40:01.604 11442 11442 W System.err: 	at com.android.internal.os.RuntimeInit$MethodAndArgsCaller.run(RuntimeInit.java:492)
09-07 03:40:01.604 11442 11442 W System.err: 	at com.android.internal.os.ZygoteInit.main(ZygoteInit.java:930)
09-07 03:40:01.609 11442 11442 W System.err: ru.iteco.fmhandroid.exceptions.UnknownException
09-07 03:40:01.609 11442 11442 W System.err: 	at ru.iteco.fmhandroid.utils.Utils.makeRequest(Utils.kt:123)
09-07 03:40:01.610 11442 11442 W System.err: 	at ru.iteco.fmhandroid.utils.Utils$makeRequest$1.invokeSuspend(Unknown Source:15)
09-07 03:40:01.610 11442 11562 I okhttp.OkHttpClient: <-- HTTP FAILED: java.io.IOException: Canceled
09-07 03:40:01.610 11442 11442 W System.err: 	at kotlin.coroutines.jvm.internal.BaseContinuationImpl.resumeWith(ContinuationImpl.kt:33)
09-07 03:40:01.610 11442 11442 W System.err: 	at kotlinx.coroutines.DispatchedTaskKt.resume(DispatchedTask.kt:234)
09-07 03:40:01.610 11442 11442 W System.err: 	at kotlinx.coroutines.DispatchedTaskKt.resumeUnconfined(DispatchedTask.kt:190)
09-07 03:40:01.610 11442 11442 W System.err: 	at kotlinx.coroutines.DispatchedTaskKt.dispatch(DispatchedTask.kt:161)
09-07 03:40:01.610 11442 11442 W System.err: 	at kotlinx.coroutines.CancellableContinuationImpl.dispatchResume(CancellableContinuationImpl.kt:397)
09-07 03:40:01.610 11442 11442 W System.err: 	at kotlinx.coroutines.CancellableContinuationImpl.cancel(CancellableContinuationImpl.kt:183)
09-07 03:40:01.610 11442 11442 W System.err: 	at kotlinx.coroutines.CancellableContinuationImpl.parentCancelled$kotlinx_coroutines_core(CancellableContinuationImpl.kt:190)
09-07 03:40:01.610 11442 11442 W System.err: 	at kotlinx.coroutines.ChildContinuation.invoke(JobSupport.kt:1474)
09-07 03:40:01.610 11442 11442 W System.err: 	at kotlinx.coroutines.JobSupport.notifyCancelling(JobSupport.kt:1499)
09-07 03:40:01.610 11442 11442 W System.err: 	at kotlinx.coroutines.JobSupport.tryMakeCancelling(JobSupport.kt:795)
09-07 03:40:01.610 11442 11442 W System.err: 	at kotlinx.coroutines.JobSupport.makeCancelling(JobSupport.kt:755)
09-07 03:40:01.610 11442 11442 W System.err: 	at kotlinx.coroutines.JobSupport.cancelImpl$kotlinx_coroutines_core(JobSupport.kt:671)
09-07 03:40:01.610 11442 11442 W System.err: 	at kotlinx.coroutines.JobSupport.parentCancelled(JobSupport.kt:637)
09-07 03:40:01.610 11442 11442 W System.err: 	at kotlinx.coroutines.ChildHandleNode.invoke(JobSupport.kt:1465)
09-07 03:40:01.610 11442 11442 W System.err: 	at kotlinx.coroutines.JobSupport.notifyCancelling(JobSupport.kt:1499)
09-07 03:40:01.610 11442 11442 W System.err: 	at kotlinx.coroutines.JobSupport.tryMakeCompletingSlowPath(JobSupport.kt:900)
09-07 03:40:01.610 11442 11442 W System.err: 	at kotlinx.coroutines.JobSupport.tryMakeCompleting(JobSupport.kt:863)
09-07 03:40:01.611 11442 11442 W System.err: 	at kotlinx.coroutines.JobSupport.cancelMakeCompleting(JobSupport.kt:696)
09-07 03:40:01.611 11442 11442 W System.err: 	at kotlinx.coroutines.JobSupport.cancelImpl$kotlinx_coroutines_core(JobSupport.kt:667)
09-07 03:40:01.611 11442 11442 W System.err: 	at kotlinx.coroutines.JobSupport.cancelInternal(JobSupport.kt:632)
09-07 03:40:01.611 11442 11442 W System.err: 	at kotlinx.coroutines.JobSupport.cancel(JobSupport.kt:617)
09-07 03:40:01.611 11442 11442 W System.err: 	at kotlinx.coroutines.JobKt__JobKt.cancel(Job.kt:561)
09-07 03:40:01.611 11442 11442 W System.err: 	at kotlinx.coroutines.JobKt.cancel(Unknown Source:1)
09-07 03:40:01.611 11442 11442 W System.err: 	at kotlinx.coroutines.JobKt__JobKt.cancel$default(Job.kt:560)
09-07 03:40:01.611 11442 11442 W System.err: 	at kotlinx.coroutines.JobKt.cancel$default(Unknown Source:1)
09-07 03:40:01.611 11442 11442 W System.err: 	at androidx.lifecycle.CloseableCoroutineScope.close(ViewModel.kt:51)
09-07 03:40:01.611 11442 11442 W System.err: 	at androidx.lifecycle.ViewModel.closeWithRuntimeException(ViewModel.java:188)
09-07 03:40:01.611 11442 11442 W System.err: 	at androidx.lifecycle.ViewModel.clear(ViewModel.java:134)
09-07 03:40:01.611 11442 11442 W System.err: 	at androidx.lifecycle.ViewModelStore.clear(ViewModelStore.java:62)
09-07 03:40:01.611 11442 11442 W System.err: 	at androidx.fragment.app.FragmentManagerViewModel.clearNonConfigStateInternal(FragmentManagerViewModel.java:210)
09-07 03:40:01.611 11442 11442 W System.err: 	at androidx.fragment.app.FragmentManagerViewModel.clearNonConfigState(FragmentManagerViewModel.java:190)
09-07 03:40:01.611 11442 11442 W System.err: 	at androidx.fragment.app.FragmentStateManager.destroy(FragmentStateManager.java:778)
09-07 03:40:01.611 11442 11442 W System.err: 	at androidx.fragment.app.FragmentStateManager.moveToExpectedState(FragmentStateManager.java:335)
09-07 03:40:01.611 11442 11442 W System.err: 	at androidx.fragment.app.FragmentStore.moveToExpectedState(FragmentStore.java:121)
09-07 03:40:01.611 11442 11442 W System.err: 	at androidx.fragment.app.FragmentManager.moveToState(FragmentManager.java:1374)
09-07 03:40:01.611 11442 11442 W System.err: 	at androidx.fragment.app.FragmentManager.dispatchStateChange(FragmentManager.java:2841)
09-07 03:40:01.611 11442 11442 W System.err: 	at androidx.fragment.app.FragmentManager.dispatchDestroy(FragmentManager.java:2820)
09-07 03:40:01.611 11442 11442 W System.err: 	at androidx.fragment.app.Fragment.performDestroy(Fragment.java:3246)
09-07 03:40:01.612  2037  5599 D EGL_emulation: eglMakeCurrent: 0xba761460: ver 2 0 (tinfo 0xba668ca0)
09-07 03:40:01.611 11442 11442 W System.err: 	at androidx.fragment.app.FragmentStateManager.destroy(FragmentStateManager.java:780)
09-07 03:40:01.612 11442 11442 W System.err: 	at androidx.fragment.app.FragmentStateManager.moveToExpectedState(FragmentStateManager.java:335)
09-07 03:40:01.612 11442 11442 W System.err: 	at androidx.fragment.app.SpecialEffectsController$FragmentStateManagerOperation.complete(SpecialEffectsController.java:771)
09-07 03:40:01.612 11442 11442 W System.err: 	at androidx.fragment.app.SpecialEffectsController$Operation.cancel(SpecialEffectsController.java:615)
09-07 03:40:01.612 11442 11442 W System.err: 	at androidx.fragment.app.SpecialEffectsController.forceCompleteAllOperations(SpecialEffectsController.java:350)
09-07 03:40:01.612 11442 11442 W System.err: 	at androidx.fragment.app.FragmentManager.dispatchStateChange(FragmentManager.java:2844)
09-07 03:40:01.612 11442 11442 W System.err: 	at androidx.fragment.app.FragmentManager.dispatchDestroy(FragmentManager.java:2820)
09-07 03:40:01.612 11442 11442 W System.err: 	at androidx.fragment.app.FragmentController.dispatchDestroy(FragmentController.java:345)
09-07 03:40:01.612 11442 11442 W System.err: 	at androidx.fragment.app.FragmentActivity.onDestroy(FragmentActivity.java:306)
09-07 03:40:01.612 11442 11442 W System.err: 	at androidx.appcompat.app.AppCompatActivity.onDestroy(AppCompatActivity.java:278)
09-07 03:40:01.612 11442 11442 W System.err: 	at android.app.Activity.performDestroy(Activity.java:8048)
09-07 03:40:01.612 11442 11442 W System.err: 	at android.app.Instrumentation.callActivityOnDestroy(Instrumentation.java:1334)
09-07 03:40:01.613 11442 11442 W System.err: 	at androidx.test.runner.MonitoringInstrumentation.callActivityOnDestroy(MonitoringInstrumentation.java:766)
09-07 03:40:01.613 11442 11442 W System.err: 	at android.app.ActivityThread.performDestroyActivity(ActivityThread.java:4926)
09-07 03:40:01.613 11442 11442 W System.err: 	at android.app.ActivityThread.handleDestroyActivity(ActivityThread.java:4970)
09-07 03:40:01.613 11442 11442 W System.err: 	at android.app.servertransaction.DestroyActivityItem.execute(DestroyActivityItem.java:44)
09-07 03:40:01.613 11442 11442 W System.err: 	at android.app.servertransaction.TransactionExecutor.executeLifecycleState(TransactionExecutor.java:176)
09-07 03:40:01.613 11442 11442 W System.err: 	at android.app.servertransaction.TransactionExecutor.execute(TransactionExecutor.java:97)
09-07 03:40:01.613 11442 11442 W System.err: 	at android.app.ActivityThread$H.handleMessage(ActivityThread.java:2016)
09-07 03:40:01.613 11442 11442 W System.err: 	at android.os.Handler.dispatchMessage(Handler.java:107)
09-07 03:40:01.613 11442 11442 W System.err: 	at android.os.Looper.loop(Looper.java:214)
09-07 03:40:01.613 11442 11442 W System.err: 	at android.app.ActivityThread.main(ActivityThread.java:7356)
09-07 03:40:01.613 11442 11442 W System.err: 	at java.lang.reflect.Method.invoke(Native Method)
09-07 03:40:01.613 11442 11442 W System.err: 	at com.android.internal.os.RuntimeInit$MethodAndArgsCaller.run(RuntimeInit.java:492)
09-07 03:40:01.613 11442 11442 W System.err: 	at com.android.internal.os.ZygoteInit.main(ZygoteInit.java:930)
09-07 03:40:01.614 11442 11442 D LifecycleMonitor: Lifecycle status change: ru.iteco.fmhandroid.ui.AppActivity@f5e34e2 in: DESTROYED
09-07 03:40:01.614 11442 11442 V ActivityScenario: Update currentActivityStage to DESTROYED, currentActivity=null
09-07 03:40:01.614 11442 11486 I TestRunner: finished: shouldNotEditTheNews(ru.iteco.fmhandroid.ui.ControlPanelTest)
09-07 03:40:01.622 11442 11455 I teco.fmhandroi: Background young concurrent copying GC freed 94577(3620KB) AllocSpace objects, 4(144KB) LOS objects, 20% free, 14MB/18MB, paused 5.194ms total 32.019ms
09-07 03:40:01.637  2037  5599 D eglCodecCommon: setVertexArrayObject: set vao to 0 (0) 1 0
09-07 03:40:01.681 11442 11486 I TestRunner: started: shouldOpenNewsDescription(ru.iteco.fmhandroid.ui.ControlPanelTest)
09-07 03:40:01.694 11442 11486 W Settings: Setting always_finish_activities has moved from android.provider.Settings.System to android.provider.Settings.Global, returning read-only value.
09-07 03:40:01.698  2037  2847 I ActivityTaskManager: START u0 {act=android.intent.action.MAIN cat=[android.intent.category.LAUNCHER] flg=0x10008000 cmp=ru.iteco.fmhandroid.test/androidx.test.core.app.InstrumentationActivityInvoker$BootstrapActivity (has extras)} from uid 10136
09-07 03:40:01.703  2037  2061 E system_server: Invalid ID 0x00000000.
09-07 03:40:01.705  2037  2847 W InputReader: Device has associated, but no associated display id.
09-07 03:40:01.706  2037  2847 I chatty  : uid=1000(system) Binder:2037_B identical 28 lines
09-07 03:40:01.706  2037  2847 W InputReader: Device has associated, but no associated display id.
09-07 03:40:01.706 11498 11498 W ActivityThread: handleWindowVisibility: no activity for token android.os.BinderProxy@2dacd7b
09-07 03:40:01.707  2037  2847 W InputReader: Device has associated, but no associated display id.
09-07 03:40:01.707  2037  2847 I chatty  : uid=1000(system) Binder:2037_B identical 8 lines
09-07 03:40:01.707  2037  2847 W InputReader: Device has associated, but no associated display id.
09-07 03:40:01.724  1793  2554 D gralloc_ranchu: gralloc_alloc: Creating ashmem region of size 9850880
09-07 03:40:01.762  2037  5216 I ActivityTaskManager: START u0 {act=android.intent.action.MAIN cat=[android.intent.category.LAUNCHER] cmp=ru.iteco.fmhandroid/.ui.AppActivity} from uid 10136
09-07 03:40:01.767  2037  5216 W InputReader: Device has associated, but no associated display id.
09-07 03:40:01.768  2037  5216 I chatty  : uid=1000(system) Binder:2037_18 identical 48 lines
09-07 03:40:01.768  2037  5216 W InputReader: Device has associated, but no associated display id.
09-07 03:40:01.769 11442 11442 W ActivityThread: handleWindowVisibility: no activity for token android.os.BinderProxy@6075dab
09-07 03:40:01.770  2037  5216 W InputReader: Device has associated, but no associated display id.
09-07 03:40:01.779  2037  2060 W ProcessStats: Tracking association SourceState{55caa9b com.google.android.gms/10099 Top #11635} whose proc state 1 is better than process ProcessState{bab285 com.google.android.gms.persistent/10099 pkg=com.google.android.gms} proc state 2 (2 skipped)
09-07 03:40:01.770  2037  5216 I chatty  : uid=1000(system) Binder:2037_18 identical 8 lines
09-07 03:40:01.770  2037  5216 W InputReader: Device has associated, but no associated display id.
09-07 03:40:01.781 11442 11442 D LifecycleMonitor: Lifecycle status change: ru.iteco.fmhandroid.ui.AppActivity@5c2987 in: PRE_ON_CREATE
09-07 03:40:01.782 11442 11442 V ActivityScenario: Activity lifecycle changed event received but ignored because the reported transition was not ON_CREATE while the last known transition was PRE_ON_CREATE
09-07 03:40:01.785 11442 11478 V FA      : onActivityCreated
09-07 03:40:01.794 11442 11442 D LifecycleMonitor: Lifecycle status change: ru.iteco.fmhandroid.ui.AppActivity@5c2987 in: CREATED
09-07 03:40:01.794 11442 11442 V ActivityScenario: Update currentActivityStage to CREATED, currentActivity=ru.iteco.fmhandroid.ui.AppActivity@5c2987
09-07 03:40:01.794  2666  3068 D EGL_emulation: eglMakeCurrent: 0xda21b0e0: ver 2 0 (tinfo 0xda20fbb0)
09-07 03:40:01.800  2434  2714 D EGL_emulation: eglMakeCurrent: 0xed453b60: ver 2 0 (tinfo 0xe233a960)
09-07 03:40:01.800  2182  2468 D EGL_emulation: eglMakeCurrent: 0xda21a360: ver 2 0 (tinfo 0xda20f590)
09-07 03:40:01.804  2666  2666 I dnsi    : onPause
09-07 03:40:01.805  2182  2468 D EGL_emulation: eglMakeCurrent: 0xda21a360: ver 2 0 (tinfo 0xda20f590)
09-07 03:40:01.805  2182  2182 W View    : requestLayout() improperly called by com.android.keyguard.AlphaOptimizedLinearLayout{551c6d8 V.E...... ......ID 7,0-48,61 #7f0a041c app:id/wifi_group} during second layout pass: posting in next frame
09-07 03:40:01.812  2182  2182 W View    : requestLayout() improperly called by StatusBarIconView(slot=mobile icon=null notification=null) during layout: running second layout pass
09-07 03:40:01.813 11442 11442 D LifecycleMonitor: Lifecycle status change: ru.iteco.fmhandroid.ui.AppActivity@5c2987 in: STARTED
09-07 03:40:01.813 11442 11442 V ActivityScenario: Update currentActivityStage to STARTED, currentActivity=ru.iteco.fmhandroid.ui.AppActivity@5c2987
