--------- beginning of main
09-07 05:26:19.583  1792  2272 E GnssHAL_GnssInterface: gnssSvStatusCb: a: input svInfo.flags is 8
09-07 05:26:19.583  1792  2272 E GnssHAL_GnssInterface: gnssSvStatusCb: b: input svInfo.flags is 8
09-07 05:26:20.584  1792  2272 E GnssHAL_GnssInterface: gnssSvStatusCb: a: input svInfo.flags is 8
09-07 05:26:20.584  1792  2272 E GnssHAL_GnssInterface: gnssSvStatusCb: b: input svInfo.flags is 8
09-07 05:26:20.869  2845  3380 V FA      : Inactivity, disconnecting from the service
09-07 05:26:21.586  1792  2272 E GnssHAL_GnssInterface: gnssSvStatusCb: a: input svInfo.flags is 8
09-07 05:26:21.587  1792  2272 E GnssHAL_GnssInterface: gnssSvStatusCb: b: input svInfo.flags is 8
09-07 05:26:21.763  2845  3035 I okhttp.OkHttpClient: <-- 200 http://www.981757-ca08998.tmweb.ru:8080/fmh/authentication/login (2607ms)
09-07 05:26:21.763  2845  3035 I okhttp.OkHttpClient: Vary: Origin
09-07 05:26:21.763  2845  3035 I okhttp.OkHttpClient: Vary: Access-Control-Request-Method
09-07 05:26:21.763  2845  3035 I okhttp.OkHttpClient: Vary: Access-Control-Request-Headers
09-07 05:26:21.764  2845  3035 I okhttp.OkHttpClient: X-Content-Type-Options: nosniff
09-07 05:26:21.764  2845  3035 I okhttp.OkHttpClient: X-XSS-Protection: 1; mode=block
09-07 05:26:21.764  2845  3035 I okhttp.OkHttpClient: Cache-Control: no-cache, no-store, max-age=0, must-revalidate
09-07 05:26:21.764  2845  3035 I okhttp.OkHttpClient: Pragma: no-cache
09-07 05:26:21.765  2845  3035 I okhttp.OkHttpClient: Expires: 0
09-07 05:26:21.765  2845  3035 I okhttp.OkHttpClient: X-Frame-Options: DENY
09-07 05:26:21.766  2845  3035 I okhttp.OkHttpClient: Content-Type: application/json
09-07 05:26:21.766  2845  3035 I okhttp.OkHttpClient: Transfer-Encoding: chunked
09-07 05:26:21.766  2845  3035 I okhttp.OkHttpClient: Date: Thu, 07 Sep 2023 05:26:22 GMT
09-07 05:26:21.767  2845  3035 I okhttp.OkHttpClient: Keep-Alive: timeout=60
09-07 05:26:21.768  2845  3035 I okhttp.OkHttpClient: Connection: keep-alive
09-07 05:26:21.769  2845  3035 I okhttp.OkHttpClient: {"accessToken":"eyJhbGciOiJIUzUxMiJ9.eyJzdWIiOiJsb2dpbjIiLCJqdGkiOiIxIiwiZXhwIjoxNjk0MTUwNzgyfQ.p56GAc5A05Qv7cFhxyOhkVz1qj54fO0QBiP_ALvb2jx83PMocVGDeuPubB-cz6QjvpTyGG85lq2lSTeSpxw5Cw","refreshToken":"eyJhbGciOiJIUzUxMiJ9.eyJzdWIiOiJsb2dpbjIiLCJqdGkiOiIxIiwiZXhwIjoxNjk2NjU2MzgyfQ.1QVLzBFDzJYTckDO-rbXkt8OYCEB037N4zqaJUsOFgujXPUsQgOkBC_MrteXVJuMFCHpgcE8XA59-UWNYVceXg"}
09-07 05:26:21.769  2845  3035 I okhttp.OkHttpClient: <-- END HTTP (368-byte body)
09-07 05:26:21.776  2845  2990 I okhttp.OkHttpClient: --> GET http://www.981757-ca08998.tmweb.ru:8080/fmh/authentication/userInfo
09-07 05:26:21.776  2845  2990 I okhttp.OkHttpClient: --> END GET
09-07 05:26:21.892  2845  2990 I okhttp.OkHttpClient: <-- 200 http://www.981757-ca08998.tmweb.ru:8080/fmh/authentication/userInfo (115ms)
09-07 05:26:21.892  2845  2990 I okhttp.OkHttpClient: Vary: Origin
09-07 05:26:21.892  2845  2990 I okhttp.OkHttpClient: Vary: Access-Control-Request-Method
09-07 05:26:21.893  2845  2990 I okhttp.OkHttpClient: Vary: Access-Control-Request-Headers
09-07 05:26:21.893  2845  2990 I okhttp.OkHttpClient: X-Content-Type-Options: nosniff
09-07 05:26:21.893  2845  2990 I okhttp.OkHttpClient: X-XSS-Protection: 1; mode=block
09-07 05:26:21.894  2845  2990 I okhttp.OkHttpClient: Cache-Control: no-cache, no-store, max-age=0, must-revalidate
09-07 05:26:21.895  2845  2990 I okhttp.OkHttpClient: Pragma: no-cache
09-07 05:26:21.895  2845  2990 I okhttp.OkHttpClient: Expires: 0
09-07 05:26:21.896  2845  2990 I okhttp.OkHttpClient: X-Frame-Options: DENY
09-07 05:26:21.896  2845  2990 I okhttp.OkHttpClient: Content-Type: application/json
09-07 05:26:21.897  2845  2990 I okhttp.OkHttpClient: Transfer-Encoding: chunked
09-07 05:26:21.897  2845  2990 I okhttp.OkHttpClient: Date: Thu, 07 Sep 2023 05:26:22 GMT
09-07 05:26:21.898  2845  2990 I okhttp.OkHttpClient: Keep-Alive: timeout=60
09-07 05:26:21.898  2845  2990 I okhttp.OkHttpClient: Connection: keep-alive
09-07 05:26:21.899  2845  2990 I okhttp.OkHttpClient: {"id":1,"firstName":"Ivan","lastName":"Ivanov","middleName":"Ivanovich","admin":true}
09-07 05:26:21.899  2845  2990 I okhttp.OkHttpClient: <-- END HTTP (85-byte body)
09-07 05:26:21.910  2845  3043 I okhttp.OkHttpClient: --> GET http://www.981757-ca08998.tmweb.ru:8080/fmh/claims
09-07 05:26:21.910  2845  3043 I okhttp.OkHttpClient: --> END GET
09-07 05:26:21.919  1774  3490 E ResolverController: No valid NAT64 prefix (101, <unspecified>/0)
09-07 05:26:21.988  2845  2845 I ViewInteraction: Checking 'MatchesViewAssertion{viewMatcher=(view has effective visibility <VISIBLE> and view.getGlobalVisibleRect() to return non-empty rectangle)}' assertion on view an instance of android.widget.TextView and view.getText() with or without transformation to match: is "News"
09-07 05:26:22.003  2845  2845 I ViewInteraction: Performing 'wait for a specific view with <view.getId() is <2131230951>> during 10000 millis.' action on view view.getRootView() to equal view
09-07 05:26:22.017  2845  2845 I ViewInteraction: Checking 'MatchesViewAssertion{viewMatcher=(view has effective visibility <VISIBLE> and view.getGlobalVisibleRect() to return non-empty rectangle)}' assertion on view view.getId() is <2131230951/ru.iteco.fmhandroid:id/container_list_news_include_on_fragment_main>
09-07 05:26:22.023  2845  2845 I ViewInteraction: Performing 'wait for a specific view with <view.getId() is <2131230949>> during 10000 millis.' action on view view.getRootView() to equal view
09-07 05:26:22.028  2845  2845 I ViewInteraction: Checking 'MatchesViewAssertion{viewMatcher=(view has effective visibility <VISIBLE> and view.getGlobalVisibleRect() to return non-empty rectangle)}' assertion on view view.getId() is <2131230949/ru.iteco.fmhandroid:id/container_list_claim_include_on_fragment_main>
09-07 05:26:22.032  2845  2845 I ViewInteraction: Performing 'wait for a specific view with <an instance of android.widget.TextView and view.getText() with or without transformation to match: is "Claims"> during 10000 millis.' action on view view.getRootView() to equal view
09-07 05:26:22.033  2845  2866 I teco.fmhandroi: NativeAlloc concurrent copying GC freed 114683(5345KB) AllocSpace objects, 10(392KB) LOS objects, 44% free, 7626KB/13MB, paused 237us total 116.144ms
09-07 05:26:22.048  2845  2845 I ViewInteraction: Checking 'MatchesViewAssertion{viewMatcher=(view has effective visibility <VISIBLE> and view.getGlobalVisibleRect() to return non-empty rectangle)}' assertion on view an instance of android.widget.TextView and view.getText() with or without transformation to match: is "Claims"
--------- beginning of system
09-07 05:26:22.050  2037  2428 I ActivityTaskManager: START u0 {act=android.intent.action.MAIN cat=[android.intent.category.LAUNCHER] flg=0x10000000 cmp=ru.iteco.fmhandroid.test/androidx.test.core.app.InstrumentationActivityInvoker$EmptyActivity} from uid 10136
09-07 05:26:22.054  2845  2845 D LifecycleMonitor: Lifecycle status change: ru.iteco.fmhandroid.ui.AppActivity@3328699 in: PAUSED
09-07 05:26:22.054  2845  2845 V ActivityScenario: Update currentActivityStage to PAUSED, currentActivity=ru.iteco.fmhandroid.ui.AppActivity@3328699
09-07 05:26:22.055  2037  2847 W InputReader: Device has associated, but no associated display id.
09-07 05:26:22.056  2037  2847 I chatty  : uid=1000(system) Binder:2037_B identical 38 lines
09-07 05:26:22.056  2037  2847 W InputReader: Device has associated, but no associated display id.
09-07 05:26:22.056  2921  2921 W ActivityThread: handleWindowVisibility: no activity for token android.os.BinderProxy@f88b11d
09-07 05:26:22.056  2037  2847 W InputReader: Device has associated, but no associated display id.
09-07 05:26:22.057  2037  2847 I chatty  : uid=1000(system) Binder:2037_B identical 8 lines
09-07 05:26:22.057  2037  2847 W InputReader: Device has associated, but no associated display id.
09-07 05:26:22.059  2845  3380 V FA      : Recording user engagement, ms: 6249
09-07 05:26:22.096  2037  4291 I ActivityTaskManager: START u0 {act=android.intent.action.MAIN cat=[android.intent.category.LAUNCHER] flg=0x10000000 cmp=ru.iteco.fmhandroid.test/androidx.test.core.app.InstrumentationActivityInvoker$EmptyActivity} from uid 10136
09-07 05:26:22.106  1793 14098 D gralloc_ranchu: gralloc_alloc: Creating ashmem region of size 9850880
09-07 05:26:22.115  2845  3380 V FA      : Connecting to remote service
09-07 05:26:22.115  2845  3380 V FA      : Connection attempt already in progress
09-07 05:26:22.115  2845  3380 V FA      : Activity paused, time: 7305951
09-07 05:26:22.118  1793 14098 D gralloc_ranchu: gralloc_alloc: Creating ashmem region of size 9850880
09-07 05:26:22.124  1793 14098 D gralloc_ranchu: gralloc_alloc: Creating ashmem region of size 9850880
09-07 05:26:22.124  2921  2954 D EGL_emulation: eglMakeCurrent: 0xe2256960: ver 2 0 (tinfo 0xed4894a0)
09-07 05:26:22.150  2037  2428 W InputReader: Device has associated, but no associated display id.
09-07 05:26:22.153  2037  2428 I chatty  : uid=1000(system) Binder:2037_8 identical 48 lines
09-07 05:26:22.153  2037  2428 W InputReader: Device has associated, but no associated display id.
09-07 05:26:22.158  2921  2921 W ActivityThread: handleWindowVisibility: no activity for token android.os.BinderProxy@ee2f424
09-07 05:26:22.203  1793 14098 D gralloc_ranchu: gralloc_alloc: Creating ashmem region of size 9850880
09-07 05:26:22.219  1793 14098 I chatty  : uid=1000(system) HwBinder:1793_3 identical 1 line
09-07 05:26:22.223  1793 14098 D gralloc_ranchu: gralloc_alloc: Creating ashmem region of size 9850880
09-07 05:26:22.231  2921  2954 D EGL_emulation: eglMakeCurrent: 0xe2256960: ver 2 0 (tinfo 0xed4894a0)
09-07 05:26:22.252  2845  3380 D FA      : Connected to remote service
09-07 05:26:22.253  2845  3380 V FA      : Processing queued up service tasks: 2
09-07 05:26:22.270  2037  2061 W InputReader: Device has associated, but no associated display id.
09-07 05:26:22.271  2037  2061 I chatty  : uid=1000(system) android.anim identical 18 lines
09-07 05:26:22.271  2037  2061 W InputReader: Device has associated, but no associated display id.
09-07 05:26:22.300  7867  3385 V FA-SVC  : Logging event: origin=auto,name=user_engagement(_e),params=Bundle[{ga_event_origin(_o)=auto, engagement_time_msec(_et)=6249, ga_screen_class(_sc)=AppActivity, ga_screen_id(_si)=5126745013386989256}]
09-07 05:26:22.300  1781  1781 W audio_hw_generic: Not supplying enough data to HAL, expected position 66706364 , only wrote 66569310
09-07 05:26:22.304  2037  2065 I ActivityTaskManager: Displayed ru.iteco.fmhandroid.test/androidx.test.core.app.InstrumentationActivityInvoker$EmptyActivity: +94ms
09-07 05:26:22.322  2037  4315 W ActivityTaskManager: Duplicate finish request for ActivityRecord{2bda01a u0 ru.iteco.fmhandroid/.ui.AppActivity t850 f}
09-07 05:26:22.335  7867  3385 V FA-SVC  : Upload scheduled in approximately ms: 56964
09-07 05:26:22.335  7867  3385 V FA-SVC  : Unscheduling upload
09-07 05:26:22.339  7867  3385 V FA-SVC  : Scheduling upload, millis: 56964
09-07 05:26:22.344  2037  4315 W InputReader: Device has associated, but no associated display id.
09-07 05:26:22.345  2037  4315 I chatty  : uid=1000(system) Binder:2037_11 identical 8 lines
09-07 05:26:22.345  2037  4315 W InputReader: Device has associated, but no associated display id.
09-07 05:26:22.348  7867  3385 V FA-SVC  : Background event processing time, ms: 48
09-07 05:26:22.349  1823  1823 W SurfaceFlinger: couldn't log to binary event log: overflow.
09-07 05:26:22.361  2845  2957 D EGL_emulation: eglMakeCurrent: 0xda21b080: ver 2 0 (tinfo 0xda20fd30)
09-07 05:26:22.365  2845  2845 D LifecycleMonitor: Lifecycle status change: ru.iteco.fmhandroid.ui.AppActivity@3328699 in: STOPPED
09-07 05:26:22.365  2845  2845 V ActivityScenario: Update currentActivityStage to STOPPED, currentActivity=ru.iteco.fmhandroid.ui.AppActivity@3328699
09-07 05:26:22.366  2037  2847 W InputReader: Device has associated, but no associated display id.
09-07 05:26:22.368  2037  2847 I chatty  : uid=1000(system) Binder:2037_B identical 28 lines
09-07 05:26:22.368  2037  2847 W InputReader: Device has associated, but no associated display id.
09-07 05:26:22.381  2845  3043 I okhttp.OkHttpClient: <-- HTTP FAILED: java.net.SocketException: Socket closed
09-07 05:26:22.382  2845  2845 W System.err: ru.iteco.fmhandroid.exceptions.UnknownException
09-07 05:26:22.382  2845  2845 W System.err: 	at ru.iteco.fmhandroid.utils.Utils.makeRequest(Utils.kt:123)
09-07 05:26:22.382  2845  2845 W System.err: 	at ru.iteco.fmhandroid.utils.Utils$makeRequest$1.invokeSuspend(Unknown Source:15)
09-07 05:26:22.382  2845  2845 W System.err: 	at kotlin.coroutines.jvm.internal.BaseContinuationImpl.resumeWith(ContinuationImpl.kt:33)
09-07 05:26:22.382  2845  2845 W System.err: 	at kotlinx.coroutines.DispatchedTaskKt.resume(DispatchedTask.kt:234)
09-07 05:26:22.382  2845  2845 W System.err: 	at kotlinx.coroutines.DispatchedTaskKt.resumeUnconfined(DispatchedTask.kt:190)
09-07 05:26:22.382  2845  2845 W System.err: 	at kotlinx.coroutines.DispatchedTaskKt.dispatch(DispatchedTask.kt:161)
09-07 05:26:22.382  2845  2845 W System.err: 	at kotlinx.coroutines.CancellableContinuationImpl.dispatchResume(CancellableContinuationImpl.kt:397)
09-07 05:26:22.382  2845  2845 W System.err: 	at kotlinx.coroutines.CancellableContinuationImpl.cancel(CancellableContinuationImpl.kt:183)
09-07 05:26:22.382  2845  2845 W System.err: 	at kotlinx.coroutines.CancellableContinuationImpl.parentCancelled$kotlinx_coroutines_core(CancellableContinuationImpl.kt:190)
09-07 05:26:22.382  2845  2845 W System.err: 	at kotlinx.coroutines.ChildContinuation.invoke(JobSupport.kt:1474)
09-07 05:26:22.382  2845  2845 W System.err: 	at kotlinx.coroutines.JobSupport.notifyCancelling(JobSupport.kt:1499)
09-07 05:26:22.382  2845  2845 W System.err: 	at kotlinx.coroutines.JobSupport.tryMakeCancelling(JobSupport.kt:795)
09-07 05:26:22.382  2845  2845 W System.err: 	at kotlinx.coroutines.JobSupport.makeCancelling(JobSupport.kt:755)
09-07 05:26:22.382  2845  2845 W System.err: 	at kotlinx.coroutines.JobSupport.cancelImpl$kotlinx_coroutines_core(JobSupport.kt:671)
09-07 05:26:22.382  2845  2845 W System.err: 	at kotlinx.coroutines.JobSupport.parentCancelled(JobSupport.kt:637)
09-07 05:26:22.382  2845  2845 W System.err: 	at kotlinx.coroutines.ChildHandleNode.invoke(JobSupport.kt:1465)
09-07 05:26:22.382  2845  2845 W System.err: 	at kotlinx.coroutines.JobSupport.notifyCancelling(JobSupport.kt:1499)
09-07 05:26:22.382  2845  2845 W System.err: 	at kotlinx.coroutines.JobSupport.tryMakeCompletingSlowPath(JobSupport.kt:900)
09-07 05:26:22.382  2845  2845 W System.err: 	at kotlinx.coroutines.JobSupport.tryMakeCompleting(JobSupport.kt:863)
09-07 05:26:22.382  2845  2845 W System.err: 	at kotlinx.coroutines.JobSupport.cancelMakeCompleting(JobSupport.kt:696)
09-07 05:26:22.382  2845  2845 W System.err: 	at kotlinx.coroutines.JobSupport.cancelImpl$kotlinx_coroutines_core(JobSupport.kt:667)
09-07 05:26:22.382  2845  2845 W System.err: 	at kotlinx.coroutines.JobSupport.cancelInternal(JobSupport.kt:632)
09-07 05:26:22.382  2845  2845 W System.err: 	at kotlinx.coroutines.JobSupport.cancel(JobSupport.kt:617)
09-07 05:26:22.382  2845  2845 W System.err: 	at kotlinx.coroutines.JobKt__JobKt.cancel(Job.kt:561)
09-07 05:26:22.382  2845  2845 W System.err: 	at kotlinx.coroutines.JobKt.cancel(Unknown Source:1)
09-07 05:26:22.382  2845  2845 W System.err: 	at kotlinx.coroutines.JobKt__JobKt.cancel$default(Job.kt:560)
09-07 05:26:22.382  2845  2845 W System.err: 	at kotlinx.coroutines.JobKt.cancel$default(Unknown Source:1)
09-07 05:26:22.382  2845  2845 W System.err: 	at androidx.lifecycle.CloseableCoroutineScope.close(ViewModel.kt:51)
09-07 05:26:22.382  2845  2845 W System.err: 	at androidx.lifecycle.ViewModel.closeWithRuntimeException(ViewModel.java:188)
09-07 05:26:22.382  2845  2845 W System.err: 	at androidx.lifecycle.ViewModel.clear(ViewModel.java:134)
09-07 05:26:22.382  2845  2845 W System.err: 	at androidx.lifecycle.ViewModelStore.clear(ViewModelStore.java:62)
09-07 05:26:22.382  2845  2845 W System.err: 	at androidx.fragment.app.FragmentManagerViewModel.clearNonConfigStateInternal(FragmentManagerViewModel.java:210)
09-07 05:26:22.382  2845  2845 W System.err: 	at androidx.fragment.app.FragmentManagerViewModel.clearNonConfigState(FragmentManagerViewModel.java:190)
09-07 05:26:22.382  2845  2845 W System.err: 	at androidx.fragment.app.FragmentStateManager.destroy(FragmentStateManager.java:778)
09-07 05:26:22.382  2845  2845 W System.err: 	at androidx.fragment.app.FragmentStateManager.moveToExpectedState(FragmentStateManager.java:335)
09-07 05:26:22.383  2845  2845 W System.err: 	at androidx.fragment.app.FragmentStore.moveToExpectedState(FragmentStore.java:113)
09-07 05:26:22.383  2845  2845 W System.err: 	at androidx.fragment.app.FragmentManager.moveToState(FragmentManager.java:1374)
09-07 05:26:22.383  2845  2845 W System.err: 	at androidx.fragment.app.FragmentManager.dispatchStateChange(FragmentManager.java:2841)
09-07 05:26:22.383  2845  2845 W System.err: 	at androidx.fragment.app.FragmentManager.dispatchDestroy(FragmentManager.java:2820)
09-07 05:26:22.383  2845  2845 W System.err: 	at androidx.fragment.app.Fragment.performDestroy(Fragment.java:3246)
09-07 05:26:22.383  2845  2845 W System.err: 	at androidx.fragment.app.FragmentStateManager.destroy(FragmentStateManager.java:780)
09-07 05:26:22.383  2845  2845 W System.err: 	at androidx.fragment.app.FragmentStateManager.moveToExpectedState(FragmentStateManager.java:335)
09-07 05:26:22.383  2845  2845 W System.err: 	at androidx.fragment.app.SpecialEffectsController$FragmentStateManagerOperation.complete(SpecialEffectsController.java:771)
09-07 05:26:22.383  2845  2845 W System.err: 	at androidx.fragment.app.SpecialEffectsController$Operation.cancel(SpecialEffectsController.java:615)
09-07 05:26:22.383  2845  2845 W System.err: 	at androidx.fragment.app.SpecialEffectsController.forceCompleteAllOperations(SpecialEffectsController.java:350)
09-07 05:26:22.383  2845  2845 W System.err: 	at androidx.fragment.app.FragmentManager.dispatchStateChange(FragmentManager.java:2844)
09-07 05:26:22.383  2845  2845 W System.err: 	at androidx.fragment.app.FragmentManager.dispatchDestroy(FragmentManager.java:2820)
09-07 05:26:22.383  2845  2845 W System.err: 	at androidx.fragment.app.FragmentController.dispatchDestroy(FragmentController.java:345)
09-07 05:26:22.383  2845  2845 W System.err: 	at androidx.fragment.app.FragmentActivity.onDestroy(FragmentActivity.java:306)
09-07 05:26:22.383  2845  2845 W System.err: 	at androidx.appcompat.app.AppCompatActivity.onDestroy(AppCompatActivity.java:278)
09-07 05:26:22.383  2845  2845 W System.err: 	at android.app.Activity.performDestroy(Activity.java:8048)
09-07 05:26:22.384  2845  2845 W System.err: 	at android.app.Instrumentation.callActivityOnDestroy(Instrumentation.java:1334)
09-07 05:26:22.384  2845  2845 W System.err: 	at androidx.test.runner.MonitoringInstrumentation.callActivityOnDestroy(MonitoringInstrumentation.java:766)
09-07 05:26:22.385  2845  2845 W System.err: 	at android.app.ActivityThread.performDestroyActivity(ActivityThread.java:4926)
09-07 05:26:22.386  2845  2845 W System.err: 	at android.app.ActivityThread.handleDestroyActivity(ActivityThread.java:4970)
09-07 05:26:22.386  2845  2845 W System.err: 	at android.app.servertransaction.DestroyActivityItem.execute(DestroyActivityItem.java:44)
09-07 05:26:22.386  2845  2845 W System.err: 	at android.app.servertransaction.TransactionExecutor.executeLifecycleState(TransactionExecutor.java:176)
09-07 05:26:22.389  2845  2845 W System.err: 	at android.app.servertransaction.TransactionExecutor.execute(TransactionExecutor.java:97)
09-07 05:26:22.389  2845  2845 W System.err: 	at android.app.ActivityThread$H.handleMessage(ActivityThread.java:2016)
09-07 05:26:22.389  2845  2845 W System.err: 	at android.os.Handler.dispatchMessage(Handler.java:107)
09-07 05:26:22.389  2845  2845 W System.err: 	at android.os.Looper.loop(Looper.java:214)
09-07 05:26:22.389  2845  2845 W System.err: 	at android.app.ActivityThread.main(ActivityThread.java:7356)
09-07 05:26:22.391  2845  2845 W System.err: 	at java.lang.reflect.Method.invoke(Native Method)
09-07 05:26:22.391  2845  2845 W System.err: 	at com.android.internal.os.RuntimeInit$MethodAndArgsCaller.run(RuntimeInit.java:492)
09-07 05:26:22.391  2845  2845 W System.err: 	at com.android.internal.os.ZygoteInit.main(ZygoteInit.java:930)
09-07 05:26:22.400  2845  2845 D LifecycleMonitor: Lifecycle status change: ru.iteco.fmhandroid.ui.AppActivity@3328699 in: DESTROYED
09-07 05:26:22.400  2845  2845 V ActivityScenario: Update currentActivityStage to DESTROYED, currentActivity=null
09-07 05:26:22.403  2037  2428 D ConnectivityService: requestNetwork for uid/pid:10113/29289 NetworkRequest [ TRACK_DEFAULT id=181, [ Capabilities: INTERNET&NOT_RESTRICTED&TRUSTED Uid: 10113] ]
09-07 05:26:22.404  2037  2143 D WifiNetworkFactory: got request NetworkRequest [ TRACK_DEFAULT id=181, [ Capabilities: INTERNET&NOT_RESTRICTED&TRUSTED Uid: 10113] ] with score 60 and serial -1
09-07 05:26:22.405  2037  2143 D UntrustedWifiNetworkFactory: got request NetworkRequest [ TRACK_DEFAULT id=181, [ Capabilities: INTERNET&NOT_RESTRICTED&TRUSTED Uid: 10113] ] with score 60 and serial -1
09-07 05:26:22.405  2279  2279 D PhoneSwitcherNetworkRequstListener: got request NetworkRequest [ TRACK_DEFAULT id=181, [ Capabilities: INTERNET&NOT_RESTRICTED&TRUSTED Uid: 10113] ] with score 60 and serial -1
09-07 05:26:22.414  2845  2901 I TestRunner: finished: shouldLogInWithValidData(ru.iteco.fmhandroid.ui.AuthPageTest)
09-07 05:26:22.426  1793 14098 D gralloc_ranchu: gralloc_alloc: Creating ashmem region of size 9850880
09-07 05:26:22.436  1793 14098 D gralloc_ranchu: gralloc_alloc: Creating ashmem region of size 9850880
09-07 05:26:22.438 29289 29310 D EGL_emulation: eglMakeCurrent: 0xda21a1e0: ver 2 0 (tinfo 0xda20f710)
09-07 05:26:22.439  1793 14098 D gralloc_ranchu: gralloc_alloc: Creating ashmem region of size 9850880
09-07 05:26:22.449  2845  2901 I TestRunner: started: shouldKeepTheNewsUnchanged(ru.iteco.fmhandroid.ui.ControlPanelTest)
09-07 05:26:22.465  2037  2061 W InputReader: Device has associated, but no associated display id.
09-07 05:26:22.465  2037  2061 I chatty  : uid=1000(system) android.anim identical 18 lines
09-07 05:26:22.465  2037  2061 W InputReader: Device has associated, but no associated display id.
09-07 05:26:22.467  1793 14098 D gralloc_ranchu: gralloc_alloc: Creating ashmem region of size 6307840
09-07 05:26:22.482  2921  2954 D EGL_emulation: eglMakeCurrent: 0xe2256960: ver 2 0 (tinfo 0xed4894a0)
09-07 05:26:22.506  2182  2468 D EGL_emulation: eglMakeCurrent: 0xda21a360: ver 2 0 (tinfo 0xda20f590)
09-07 05:26:22.516  2845  2901 W Settings: Setting always_finish_activities has moved from android.provider.Settings.System to android.provider.Settings.Global, returning read-only value.
09-07 05:26:22.520  2182  2182 W View    : requestLayout() improperly called by com.android.keyguard.AlphaOptimizedLinearLayout{551c6d8 V.E...... ......ID 7,0-48,61 #7f0a041c app:id/wifi_group} during second layout pass: posting in next frame
09-07 05:26:22.524  2037  2847 I ActivityTaskManager: START u0 {act=android.intent.action.MAIN cat=[android.intent.category.LAUNCHER] flg=0x10008000 cmp=ru.iteco.fmhandroid.test/androidx.test.core.app.InstrumentationActivityInvoker$BootstrapActivity (has extras)} from uid 10136
09-07 05:26:22.530  1823  1823 W SurfaceFlinger: couldn't log to binary event log: overflow.
09-07 05:26:22.540  2182  2182 W View    : requestLayout() improperly called by StatusBarIconView(slot=mobile icon=null notification=null) during layout: running second layout pass
09-07 05:26:22.546  2037  2146 D ConnectivityService: releasing NetworkRequest [ TRACK_DEFAULT id=181, [ Capabilities: INTERNET&NOT_RESTRICTED&TRUSTED Uid: 10113] ] (release request)
09-07 05:26:22.549  2037  2847 W InputReader: Device has associated, but no associated display id.
09-07 05:26:22.549  2037  2847 I chatty  : uid=1000(system) Binder:2037_B identical 7 lines
09-07 05:26:22.549  2037  2847 W InputReader: Device has associated, but no associated display id.
09-07 05:26:22.549  2182  2468 D EGL_emulation: eglMakeCurrent: 0xda21a360: ver 2 0 (tinfo 0xda20f590)
09-07 05:26:22.549  2037  2847 W InputReader: Device has associated, but no associated display id.
09-07 05:26:22.550  2037  2847 I chatty  : uid=1000(system) Binder:2037_B identical 29 lines
09-07 05:26:22.550  2037  2847 W InputReader: Device has associated, but no associated display id.
09-07 05:26:22.551  2921  2921 W ActivityThread: handleWindowVisibility: no activity for token android.os.BinderProxy@a4889a7
09-07 05:26:22.552  2037  2847 W InputReader: Device has associated, but no associated display id.
09-07 05:26:22.552  2037  2847 I chatty  : uid=1000(system) Binder:2037_B identical 8 lines
09-07 05:26:22.552  2037  2847 W InputReader: Device has associated, but no associated display id.
09-07 05:26:22.563  1793 14098 D gralloc_ranchu: gralloc_alloc: Creating ashmem region of size 9850880
09-07 05:26:22.584  1792  2272 E GnssHAL_GnssInterface: gnssSvStatusCb: a: input svInfo.flags is 8
09-07 05:26:22.584  1792  2272 E GnssHAL_GnssInterface: gnssSvStatusCb: b: input svInfo.flags is 8
09-07 05:26:22.607  2037  2061 W InputReader: Device has associated, but no associated display id.
09-07 05:26:22.611  2037  2061 I chatty  : uid=1000(system) android.anim identical 18 lines
09-07 05:26:22.611  2037  2061 W InputReader: Device has associated, but no associated display id.
09-07 05:26:22.614  1793 14098 D gralloc_ranchu: gralloc_alloc: Creating ashmem region of size 6307840
09-07 05:26:22.624 29289 29310 D EGL_emulation: eglMakeCurrent: 0xda21a1e0: ver 2 0 (tinfo 0xda20f710)
09-07 05:26:22.639  2037  4291 I ActivityTaskManager: START u0 {act=android.intent.action.MAIN cat=[android.intent.category.LAUNCHER] cmp=ru.iteco.fmhandroid/.ui.AppActivity} from uid 10136
09-07 05:26:22.645  2037  2428 W InputReader: Device has associated, but no associated display id.
09-07 05:26:22.646  2037  2428 I chatty  : uid=1000(system) Binder:2037_8 identical 29 lines
09-07 05:26:22.646  2037  2428 W InputReader: Device has associated, but no associated display id.
09-07 05:26:22.646  2182  2468 D EGL_emulation: eglMakeCurrent: 0xda21a360: ver 2 0 (tinfo 0xda20f590)
09-07 05:26:22.646  2037  2428 W InputReader: Device has associated, but no associated display id.
09-07 05:26:22.646  2037  2428 I chatty  : uid=1000(system) Binder:2037_8 identical 1 line
09-07 05:26:22.647  2037  2428 W InputReader: Device has associated, but no associated display id.
09-07 05:26:22.647  2845  2845 W ActivityThread: handleWindowVisibility: no activity for token android.os.BinderProxy@6dd93b9
09-07 05:26:22.648  2037  2428 W InputReader: Device has associated, but no associated display id.
09-07 05:26:22.648  2037  2428 W InputReader: Device has associated, but no associated display id.
09-07 05:26:22.648  2182  2182 W View    : requestLayout() improperly called by com.android.keyguard.AlphaOptimizedLinearLayout{551c6d8 V.E...... ......ID 7,0-48,61 #7f0a041c app:id/wifi_group} during second layout pass: posting in next frame
09-07 05:26:22.648  2037  2428 W InputReader: Device has associated, but no associated display id.
09-07 05:26:22.653  2037  2428 I chatty  : uid=1000(system) Binder:2037_8 identical 22 lines
09-07 05:26:22.653  2037  2428 W InputReader: Device has associated, but no associated display id.
09-07 05:26:22.662  2182  2182 W View    : requestLayout() improperly called by StatusBarIconView(slot=mobile icon=null notification=null) during layout: running second layout pass
09-07 05:26:22.665  2182  2468 D EGL_emulation: eglMakeCurrent: 0xda21a360: ver 2 0 (tinfo 0xda20f590)
09-07 05:26:22.672  2845  2845 D LifecycleMonitor: Lifecycle status change: ru.iteco.fmhandroid.ui.AppActivity@bbab275 in: PRE_ON_CREATE
09-07 05:26:22.672  2845  2845 V ActivityScenario: Activity lifecycle changed event received but ignored because the reported transition was not ON_CREATE while the last known transition was PRE_ON_CREATE
09-07 05:26:22.687  2845  2892 V FA      : onActivityCreated
09-07 05:26:22.688  2037  2051 I system_server: NativeAlloc concurrent copying GC freed 16753(1047KB) AllocSpace objects, 3(124KB) LOS objects, 28% free, 15MB/21MB, paused 859us total 145.060ms
09-07 05:26:22.701  2845  2845 D LifecycleMonitor: Lifecycle status change: ru.iteco.fmhandroid.ui.AppActivity@bbab275 in: CREATED
09-07 05:26:22.701  2845  2845 V ActivityScenario: Update currentActivityStage to CREATED, currentActivity=ru.iteco.fmhandroid.ui.AppActivity@bbab275
09-07 05:26:22.722  2845  2845 D LifecycleMonitor: Lifecycle status change: ru.iteco.fmhandroid.ui.AppActivity@bbab275 in: STARTED
09-07 05:26:22.722  2845  2845 V ActivityScenario: Update currentActivityStage to STARTED, currentActivity=ru.iteco.fmhandroid.ui.AppActivity@bbab275
09-07 05:26:22.724  2845  2845 D LifecycleMonitor: Lifecycle status change: ru.iteco.fmhandroid.ui.AppActivity@bbab275 in: RESUMED
09-07 05:26:22.724  2845  2845 V ActivityScenario: Update currentActivityStage to RESUMED, currentActivity=ru.iteco.fmhandroid.ui.AppActivity@bbab275
09-07 05:26:22.729  2845  3380 V FA      : Activity resumed, time: 7306618
09-07 05:26:22.775  1793 14098 D gralloc_ranchu: gralloc_alloc: Creating ashmem region of size 9113600
09-07 05:26:22.793  1793 14098 D gralloc_ranchu: gralloc_alloc: Creating ashmem region of size 9113600
09-07 05:26:22.797  2845  2957 D EGL_emulation: eglMakeCurrent: 0xda21b080: ver 2 0 (tinfo 0xda20fd30)
09-07 05:26:22.812  1793 14098 D gralloc_ranchu: gralloc_alloc: Creating ashmem region of size 9113600
09-07 05:26:22.823  7867  3385 V FA-SVC  : Logging event: origin=auto,name=screen_view(_vs),params=Bundle[{ga_event_origin(_o)=auto, ga_previous_class(_pc)=AppActivity, ga_previous_id(_pi)=5126745013386989256, ga_screen_class(_sc)=AppActivity, ga_screen_id(_si)=5126745013386989257}]
09-07 05:26:22.832  7867  3385 V FA-SVC  : Upload scheduled in approximately ms: 56467
09-07 05:26:22.832  7867  3385 V FA-SVC  : Unscheduling upload
09-07 05:26:22.839  7867  3385 V FA-SVC  : Scheduling upload, millis: 56467
09-07 05:26:22.840  2037  2065 I ActivityTaskManager: Displayed ru.iteco.fmhandroid/.ui.AppActivity: +314ms
09-07 05:26:22.845  7867  3385 V FA-SVC  : Background event processing time, ms: 22
09-07 05:26:22.869  2845  2845 I ViewInteraction: Performing 'wait for a specific view with <(an instance of android.widget.TextView and view.getText() with or without transformation to match: is "Authorization" and view.getParent() view.getParent() view.getId() is <2131231186>)> during 10000 millis.' action on view view.getRootView() to equal view
09-07 05:26:22.875  2182  2182 W View    : requestLayout() improperly called by com.android.keyguard.AlphaOptimizedLinearLayout{551c6d8 V.E...... ......ID 7,0-48,61 #7f0a041c app:id/wifi_group} during second layout pass: posting in next frame
09-07 05:26:22.876  2182  2182 W View    : requestLayout() improperly called by StatusBarIconView(slot=mobile icon=null notification=null) during layout: running second layout pass
09-07 05:26:22.893  2182  2182 W View    : requestLayout() improperly called by com.android.keyguard.AlphaOptimizedLinearLayout{551c6d8 V.E...... ......ID 7,0-48,61 #7f0a041c app:id/wifi_group} during second layout pass: posting in next frame
09-07 05:26:22.906  2037  5599 D HostConnection: HostConnection::get() New Host Connection established 0xda23f020, tid 5599
09-07 05:26:22.910  2037  5599 D HostConnection: HostComposition ext ANDROID_EMU_CHECKSUM_HELPER_v1 ANDROID_EMU_dma_v1 ANDROID_EMU_direct_mem ANDROID_EMU_vulkan ANDROID_EMU_deferred_vulkan_commands ANDROID_EMU_vulkan_null_optional_strings ANDROID_EMU_vulkan_create_resources_with_requirements ANDROID_EMU_YUV420_888_to_NV21 ANDROID_EMU_YUV_Cache ANDROID_EMU_vulkan_free_memory_sync ANDROID_EMU_vulkan_shader_float16_int8 ANDROID_EMU_vulkan_async_queue_submit ANDROID_EMU_sync_buffer_data GL_OES_vertex_array_object GL_KHR_texture_compression_astc_ldr ANDROID_EMU_host_side_tracing ANDROID_EMU_gles_max_version_2 
09-07 05:26:22.910  2182  2182 W View    : requestLayout() improperly called by StatusBarIconView(slot=mobile icon=null notification=null) during layout: running second layout pass
09-07 05:26:22.917  2037  5599 W OpenGLRenderer: Failed to choose config with EGL_SWAP_BEHAVIOR_PRESERVED, retrying without...
09-07 05:26:22.938  2037  5599 D eglCodecCommon: setVertexArrayObject: set vao to 0 (0) 0 0
09-07 05:26:22.939  2037  5599 D EGL_emulation: eglCreateContext: 0xa7a623a0: maj 2 min 0 rcv 2
09-07 05:26:22.968  2037  5599 D EGL_emulation: eglMakeCurrent: 0xa7a623a0: ver 2 0 (tinfo 0xba668ca0)
09-07 05:26:22.987  2037  5599 D eglCodecCommon: setVertexArrayObject: set vao to 0 (0) 1 0
09-07 05:26:23.586  1792  2272 E GnssHAL_GnssInterface: gnssSvStatusCb: a: input svInfo.flags is 8
09-07 05:26:23.586  1792  2272 E GnssHAL_GnssInterface: gnssSvStatusCb: b: input svInfo.flags is 8
09-07 05:26:23.933  2037  2037 W WindowManager: removeWindowToken: Attempted to remove non-existing token: android.os.Binder@6d3d21b
09-07 05:26:24.586  1792  2272 E GnssHAL_GnssInterface: gnssSvStatusCb: a: input svInfo.flags is 8
09-07 05:26:24.586  1792  2272 E GnssHAL_GnssInterface: gnssSvStatusCb: b: input svInfo.flags is 8
09-07 05:26:25.585  1792  2272 E GnssHAL_GnssInterface: gnssSvStatusCb: a: input svInfo.flags is 8
09-07 05:26:25.585  1792  2272 E GnssHAL_GnssInterface: gnssSvStatusCb: b: input svInfo.flags is 8
09-07 05:26:25.727  2845  2990 I okhttp.OkHttpClient: --> GET http://www.981757-ca08998.tmweb.ru:8080/fmh/authentication/userInfo
09-07 05:26:25.729  2845  2990 I okhttp.OkHttpClient: --> END GET
09-07 05:26:26.061  2845  2990 I okhttp.OkHttpClient: <-- 200 http://www.981757-ca08998.tmweb.ru:8080/fmh/authentication/userInfo (331ms)
09-07 05:26:26.061  2845  2990 I okhttp.OkHttpClient: Vary: Origin
09-07 05:26:26.061  2845  2990 I okhttp.OkHttpClient: Vary: Access-Control-Request-Method
09-07 05:26:26.061  2845  2990 I okhttp.OkHttpClient: Vary: Access-Control-Request-Headers
09-07 05:26:26.061  2845  2990 I okhttp.OkHttpClient: X-Content-Type-Options: nosniff
09-07 05:26:26.061  2845  2990 I okhttp.OkHttpClient: X-XSS-Protection: 1; mode=block
09-07 05:26:26.061  2845  2990 I okhttp.OkHttpClient: Cache-Control: no-cache, no-store, max-age=0, must-revalidate
09-07 05:26:26.062  2845  2990 I okhttp.OkHttpClient: Pragma: no-cache
09-07 05:26:26.062  2845  2990 I okhttp.OkHttpClient: Expires: 0
09-07 05:26:26.062  2845  2990 I okhttp.OkHttpClient: X-Frame-Options: DENY
09-07 05:26:26.062  2845  2990 I okhttp.OkHttpClient: Content-Type: application/json
09-07 05:26:26.062  2845  2990 I okhttp.OkHttpClient: Transfer-Encoding: chunked
09-07 05:26:26.062  2845  2990 I okhttp.OkHttpClient: Date: Thu, 07 Sep 2023 05:26:26 GMT
09-07 05:26:26.063  2845  2990 I okhttp.OkHttpClient: Keep-Alive: timeout=60
09-07 05:26:26.063  2845  2990 I okhttp.OkHttpClient: Connection: keep-alive
09-07 05:26:26.063  2845  2990 I okhttp.OkHttpClient: {"id":1,"firstName":"Ivan","lastName":"Ivanov","middleName":"Ivanovich","admin":true}
09-07 05:26:26.064  2845  2990 I okhttp.OkHttpClient: <-- END HTTP (85-byte body)
09-07 05:26:26.071  2845  3043 I okhttp.OkHttpClient: --> GET http://www.981757-ca08998.tmweb.ru:8080/fmh/claims
09-07 05:26:26.071  2845  3043 I okhttp.OkHttpClient: --> END GET
09-07 05:26:26.075  1774  3512 E ResolverController: No valid NAT64 prefix (101, <unspecified>/0)
09-07 05:26:26.373  2845  2957 D EGL_emulation: eglMakeCurrent: 0xda21b080: ver 2 0 (tinfo 0xda20fd30)
09-07 05:26:26.382  2182  2182 W View    : requestLayout() improperly called by com.android.keyguard.AlphaOptimizedLinearLayout{551c6d8 V.E...... ......ID 7,0-48,61 #7f0a041c app:id/wifi_group} during second layout pass: posting in next frame
09-07 05:26:26.389  1793 14098 D gralloc_ranchu: gralloc_alloc: Creating ashmem region of size 9850880
09-07 05:26:26.398  2182  2182 W View    : requestLayout() improperly called by StatusBarIconView(slot=mobile icon=null notification=null) during layout: running second layout pass
09-07 05:26:26.410  2845  2957 D EGL_emulation: eglMakeCurrent: 0xda21b080: ver 2 0 (tinfo 0xda20fd30)
09-07 05:26:26.584  1792  2272 E GnssHAL_GnssInterface: gnssSvStatusCb: a: input svInfo.flags is 8
09-07 05:26:26.585  1792  2272 E GnssHAL_GnssInterface: gnssSvStatusCb: b: input svInfo.flags is 8
09-07 05:26:26.646  1793 14098 D gralloc_ranchu: gralloc_alloc: Creating ashmem region of size 9850880
09-07 05:26:26.680  1793 14098 D gralloc_ranchu: gralloc_alloc: Creating ashmem region of size 9850880
09-07 05:26:27.584  1792  2272 E GnssHAL_GnssInterface: gnssSvStatusCb: a: input svInfo.flags is 8
09-07 05:26:27.584  1792  2272 E GnssHAL_GnssInterface: gnssSvStatusCb: b: input svInfo.flags is 8
09-07 05:26:27.824  2845  3380 V FA      : Inactivity, disconnecting from the service
09-07 05:26:28.585  1792  2272 E GnssHAL_GnssInterface: gnssSvStatusCb: a: input svInfo.flags is 8
09-07 05:26:28.586  1792  2272 E GnssHAL_GnssInterface: gnssSvStatusCb: b: input svInfo.flags is 8
09-07 05:26:29.586  1792  2272 E GnssHAL_GnssInterface: gnssSvStatusCb: a: input svInfo.flags is 8
09-07 05:26:29.586  1792  2272 E GnssHAL_GnssInterface: gnssSvStatusCb: b: input svInfo.flags is 8
09-07 05:26:30.584  1792  2272 E GnssHAL_GnssInterface: gnssSvStatusCb: a: input svInfo.flags is 8
09-07 05:26:30.584  1792  2272 E GnssHAL_GnssInterface: gnssSvStatusCb: b: input svInfo.flags is 8
09-07 05:26:31.584  1792  2272 E GnssHAL_GnssInterface: gnssSvStatusCb: a: input svInfo.flags is 8
09-07 05:26:31.584  1792  2272 E GnssHAL_GnssInterface: gnssSvStatusCb: b: input svInfo.flags is 8
09-07 05:26:32.585  1792  2272 E GnssHAL_GnssInterface: gnssSvStatusCb: a: input svInfo.flags is 8
09-07 05:26:32.585  1792  2272 E GnssHAL_GnssInterface: gnssSvStatusCb: b: input svInfo.flags is 8
09-07 05:26:32.831  7867  7867 D BoundBrokerSvc: onUnbind: Intent { act=com.google.android.gms.measurement.START pkg=com.google.android.gms }
09-07 05:26:32.894  2845  2845 D takeScreenshot: Found 1 global views to redraw
09-07 05:26:32.965  1793 14098 D gralloc_ranchu: gralloc_alloc: Creating ashmem region of size 9850880
09-07 05:26:33.004  2845  2901 W DefaultFailureHandler: Failed to take screenshot
09-07 05:26:33.004  2845  2901 W DefaultFailureHandler: java.io.FileNotFoundException: view-op-error-7.png: open failed: EROFS (Read-only file system)
09-07 05:26:33.004  2845  2901 W DefaultFailureHandler: 	at libcore.io.IoBridge.open(IoBridge.java:496)
09-07 05:26:33.004  2845  2901 W DefaultFailureHandler: 	at java.io.FileOutputStream.<init>(FileOutputStream.java:235)
09-07 05:26:33.004  2845  2901 W DefaultFailureHandler: 	at java.io.FileOutputStream.<init>(FileOutputStream.java:125)
09-07 05:26:33.004  2845  2901 W DefaultFailureHandler: 	at androidx.test.platform.io.FileTestStorage.openOutputFile(FileTestStorage.java:60)
09-07 05:26:33.004  2845  2901 W DefaultFailureHandler: 	at androidx.test.core.graphics.BitmapStorage.writeToTestStorage(BitmapStorageExt.kt:49)
09-07 05:26:33.004  2845  2901 W DefaultFailureHandler: 	at androidx.test.espresso.base.DefaultFailureHandler.takeScreenshot(DefaultFailureHandler.java:4)
09-07 05:26:33.004  2845  2901 W DefaultFailureHandler: 	at androidx.test.espresso.base.DefaultFailureHandler.handle(DefaultFailureHandler.java:3)
09-07 05:26:33.004  2845  2901 W DefaultFailureHandler: 	at androidx.test.espresso.ViewInteraction.waitForAndHandleInteractionResults(ViewInteraction.java:8)
09-07 05:26:33.004  2845  2901 W DefaultFailureHandler: 	at androidx.test.espresso.ViewInteraction.desugaredPerform(ViewInteraction.java:11)
09-07 05:26:33.004  2845  2901 W DefaultFailureHandler: 	at androidx.test.espresso.ViewInteraction.perform(ViewInteraction.java:8)
09-07 05:26:33.004  2845  2901 W DefaultFailureHandler: 	at ru.iteco.fmhandroid.ui.data.TestUtils.waitView(TestUtils.java:61)
09-07 05:26:33.004  2845  2901 W DefaultFailureHandler: 	at ru.iteco.fmhandroid.ui.steps.AuthSteps.isAuthScreen(AuthSteps.java:58)
09-07 05:26:33.004  2845  2901 W DefaultFailureHandler: 	at ru.iteco.fmhandroid.ui.ControlPanelTest.logoutCheckAndOpenControlPanelPage(ControlPanelTest.java:58)
09-07 05:26:33.004  2845  2901 W DefaultFailureHandler: 	at java.lang.reflect.Method.invoke(Native Method)
09-07 05:26:33.004  2845  2901 W DefaultFailureHandler: 	at org.junit.runners.model.FrameworkMethod$1.runReflectiveCall(FrameworkMethod.java:59)
09-07 05:26:33.004  2845  2901 W DefaultFailureHandler: 	at org.junit.internal.runners.model.ReflectiveCallable.run(ReflectiveCallable.java:12)
09-07 05:26:33.004  2845  2901 W DefaultFailureHandler: 	at org.junit.runners.model.FrameworkMethod.invokeExplosively(FrameworkMethod.java:56)
09-07 05:26:33.004  2845  2901 W DefaultFailureHandler: 	at androidx.test.internal.runner.junit4.statement.RunBefores.evaluate(RunBefores.java:76)
09-07 05:26:33.004  2845  2901 W DefaultFailureHandler: 	at io.qameta.allure.android.rules.ScreenshotRule$apply$1.evaluate(ScreenshotRule.kt:22)
09-07 05:26:33.004  2845  2901 W DefaultFailureHandler: 	at org.junit.rules.ExternalResource$1.evaluate(ExternalResource.java:54)
09-07 05:26:33.004  2845  2901 W DefaultFailureHandler: 	at io.qameta.allure.android.rules.LogcatRule$apply$1.evaluate(LogcatRule.kt:23)
09-07 05:26:33.004  2845  2901 W DefaultFailureHandler: 	at org.junit.rules.RunRules.evaluate(RunRules.java:20)
09-07 05:26:33.004  2845  2901 W DefaultFailureHandler: 	at org.junit.runners.ParentRunner$3.evaluate(ParentRunner.java:306)
09-07 05:26:33.004  2845  2901 W DefaultFailureHandler: 	at org.junit.runners.BlockJUnit4ClassRunner$1.evaluate(BlockJUnit4ClassRunner.java:100)
09-07 05:26:33.004  2845  2901 W DefaultFailureHandler: 	at org.junit.runners.ParentRunner.runLeaf(ParentRunner.java:366)
09-07 05:26:33.004  2845  2901 W DefaultFailureHandler: 	at org.junit.runners.BlockJUnit4ClassRunner.runChild(BlockJUnit4ClassRunner.java:103)
09-07 05:26:33.004  2845  2901 W DefaultFailureHandler: 	at org.junit.runners.BlockJUnit4ClassRunner.runChild(BlockJUnit4ClassRunner.java:63)
09-07 05:26:33.004  2845  2901 W DefaultFailureHandler: 	at org.junit.runners.ParentRunner$4.run(ParentRunner.java:331)
09-07 05:26:33.004  2845  2901 W DefaultFailureHandler: 	at org.junit.runners.ParentRunner$1.schedule(ParentRunner.java:79)
09-07 05:26:33.004  2845  2901 W DefaultFailureHandler: 	at org.junit.runners.ParentRunner.runChildren(ParentRunner.java:329)
09-07 05:26:33.004  2845  2901 W DefaultFailureHandler: 	at org.junit.runners.ParentRunner.access$100(ParentRunner.java:66)
09-07 05:26:33.004  2845  2901 W DefaultFailureHandler: 	at org.junit.runners.ParentRunner$2.evaluate(ParentRunner.java:293)
09-07 05:26:33.004  2845  2901 W DefaultFailureHandler: 	at org.junit.runners.ParentRunner$3.evaluate(ParentRunner.java:306)
09-07 05:26:33.004  2845  2901 W DefaultFailureHandler: 	at org.junit.runners.ParentRunner.run(ParentRunner.java:413)
09-07 05:26:33.004  2845  2901 W DefaultFailureHandler: 	at androidx.test.ext.junit.runners.AndroidJUnit4.run(AndroidJUnit4.java:162)
09-07 05:26:33.004  2845  2901 W DefaultFailureHandler: 	at io.qameta.allure.android.runners.AllureAndroidJUnit4.run(AllureAndroidJUnitRunners.kt:29)
09-07 05:26:33.004  2845  2901 W DefaultFailureHandler: 	at org.junit.runners.Suite.runChild(Suite.java:128)
09-07 05:26:33.004  2845  2901 W DefaultFailureHandler: 	at org.junit.runners.Suite.runChild(Suite.java:27)
09-07 05:26:33.004  2845  2901 W DefaultFailureHandler: 	at org.junit.runners.ParentRunner$4.run(ParentRunner.java:331)
09-07 05:26:33.004  2845  2901 W DefaultFailureHandler: 	at org.junit.runners.ParentRunner$1.schedule(ParentRunner.java:79)
09-07 05:26:33.004  2845  2901 W DefaultFailureHandler: 	at org.junit.runners.ParentRunner.runChildren(ParentRunner.java:329)
09-07 05:26:33.004  2845  2901 W DefaultFailureHandler: 	at org.junit.runners.ParentRunner.access$100(ParentRunner.java:66)
09-07 05:26:33.004  2845  2901 W DefaultFailureHandler: 	at org.junit.runners.ParentRunner$2.evaluate(ParentRunner.java:293)
09-07 05:26:33.004  2845  2901 W DefaultFailureHandler: 	at org.junit.runners.ParentRunner$3.evaluate(ParentRunner.java:306)
09-07 05:26:33.004  2845  2901 W DefaultFailureHandler: 	at org.junit.runners.ParentRunner.run(ParentRunner.java:413)
09-07 05:26:33.004  2845  2901 W DefaultFailureHandler: 	at org.junit.runner.JUnitCore.run(JUnitCore.java:137)
09-07 05:26:33.004  2845  2901 W DefaultFailureHandler: 	at org.junit.runner.JUnitCore.run(JUnitCore.java:115)
09-07 05:26:33.004  2845  2901 W DefaultFailureHandler: 	at androidx.test.internal.runner.TestExecutor.execute(TestExecutor.java:67)
09-07 05:26:33.004  2845  2901 W DefaultFailureHandler: 	at androidx.test.internal.runner.TestExecutor.execute(TestExecutor.java:58)
09-07 05:26:33.004  2845  2901 W DefaultFailureHandler: 	at androidx.test.runner.AndroidJUnitRunner.onStart(AndroidJUnitRunner.java:438)
09-07 05:26:33.004  2845  2901 W DefaultFailureHandler: 	at android.app.Instrumentation$InstrumentationThread.run(Instrumentation.java:2189)
09-07 05:26:33.004  2845  2901 W DefaultFailureHandler: Caused by: android.system.ErrnoException: open failed: EROFS (Read-only file system)
09-07 05:26:33.004  2845  2901 W DefaultFailureHandler: 	at libcore.io.Linux.open(Native Method)
09-07 05:26:33.004  2845  2901 W DefaultFailureHandler: 	at libcore.io.ForwardingOs.open(ForwardingOs.java:167)
09-07 05:26:33.004  2845  2901 W DefaultFailureHandler: 	at libcore.io.BlockGuardOs.open(BlockGuardOs.java:252)
09-07 05:26:33.004  2845  2901 W DefaultFailureHandler: 	at libcore.io.ForwardingOs.open(ForwardingOs.java:167)
09-07 05:26:33.004  2845  2901 W DefaultFailureHandler: 	at android.app.ActivityThread$AndroidOs.open(ActivityThread.java:7255)
09-07 05:26:33.004  2845  2901 W DefaultFailureHandler: 	at libcore.io.IoBridge.open(IoBridge.java:482)
09-07 05:26:33.004  2845  2901 W DefaultFailureHandler: 	... 50 more
09-07 05:26:33.008  2845  2845 I ViewInteraction: Performing 'wait for a specific view with <view.getId() is <2131230870>> during 10000 millis.' action on view view.getRootView() to equal view
09-07 05:26:33.010  2845  2845 I ViewInteraction: Checking 'MatchesViewAssertion{viewMatcher=(view has effective visibility <VISIBLE> and view.getGlobalVisibleRect() to return non-empty rectangle)}' assertion on view view.getId() is <2131230870/ru.iteco.fmhandroid:id/authorization_image_button>
09-07 05:26:33.012  2845  2845 I ViewInteraction: Performing 'single click' action on view view.getId() is <2131230870/ru.iteco.fmhandroid:id/authorization_image_button>
09-07 05:26:33.063  1781  6116 W audio_hw_generic: Not supplying enough data to HAL, expected position 66569321 , only wrote 66569310
09-07 05:26:33.080  1793 14098 D gralloc_ranchu: gralloc_alloc: Creating ashmem region of size 884736
09-07 05:26:33.084  1793  2554 D gralloc_ranchu: gralloc_alloc: Creating ashmem region of size 884736
09-07 05:26:33.086  1793  2554 D gralloc_ranchu: gralloc_alloc: Creating ashmem region of size 884736
09-07 05:26:33.089  2845  2957 D EGL_emulation: eglMakeCurrent: 0xda21b080: ver 2 0 (tinfo 0xda20fd30)
09-07 05:26:33.123  2845  2957 I chatty  : uid=10136(ru.iteco.fmhandroid) RenderThread identical 2 lines
09-07 05:26:33.156  2845  2957 D EGL_emulation: eglMakeCurrent: 0xda21b080: ver 2 0 (tinfo 0xda20fd30)
09-07 05:26:33.378  2845  2845 I ViewInteraction: Performing 'wait for a specific view with <an instance of android.widget.TextView and view.getText() with or without transformation to match: is "Log out"> during 10000 millis.' action on view view.getRootView() to equal view
09-07 05:26:33.380  2845  2845 I ViewInteraction: Checking 'MatchesViewAssertion{viewMatcher=(view has effective visibility <VISIBLE> and view.getGlobalVisibleRect() to return non-empty rectangle)}' assertion on view an instance of android.widget.TextView and view.getText() with or without transformation to match: is "Log out"
09-07 05:26:33.384  2845  2845 I ViewInteraction: Performing 'single click' action on view an instance of android.widget.TextView and view.getText() with or without transformation to match: is "Log out"
09-07 05:26:33.443  2845  2957 D EGL_emulation: eglMakeCurrent: 0xda21b080: ver 2 0 (tinfo 0xda20fd30)
09-07 05:26:33.557  2845  2957 D EGL_emulation: eglMakeCurrent: 0xda21b080: ver 2 0 (tinfo 0xda20fd30)
09-07 05:26:33.585  1792  2272 E GnssHAL_GnssInterface: gnssSvStatusCb: a: input svInfo.flags is 8
09-07 05:26:33.585  1792  2272 E GnssHAL_GnssInterface: gnssSvStatusCb: b: input svInfo.flags is 8
09-07 05:26:33.610  2845  2957 D EGL_emulation: eglMakeCurrent: 0xda21b080: ver 2 0 (tinfo 0xda20fd30)
09-07 05:26:33.705  2845  2845 I ViewInteraction: Performing 'wait for a specific view with <(an instance of android.widget.TextView and view.getText() with or without transformation to match: is "Authorization" and view.getParent() view.getParent() view.getId() is <2131231186>)> during 10000 millis.' action on view view.getRootView() to equal view
09-07 05:26:33.707  2845  2845 I ViewInteraction: Checking 'MatchesViewAssertion{viewMatcher=(view has effective visibility <VISIBLE> and view.getGlobalVisibleRect() to return non-empty rectangle)}' assertion on view (an instance of android.widget.TextView and view.getText() with or without transformation to match: is "Authorization" and view.getParent() view.getParent() view.getId() is <2131231186/ru.iteco.fmhandroid:id/nav_host_fragment>)
