09-07 05:26:42.634  2037  2847 I ActivityTaskManager: START u0 {act=android.intent.action.MAIN cat=[android.intent.category.LAUNCHER] flg=0x10000000 cmp=ru.iteco.fmhandroid.test/androidx.test.core.app.InstrumentationActivityInvoker$EmptyActivity} from uid 10136
09-07 05:26:42.637  2845  2845 D LifecycleMonitor: Lifecycle status change: ru.iteco.fmhandroid.ui.AppActivity@bbab275 in: PAUSED
09-07 05:26:42.637  2845  2845 V ActivityScenario: Update currentActivityStage to PAUSED, currentActivity=ru.iteco.fmhandroid.ui.AppActivity@bbab275
09-07 05:26:42.640  2037  2847 W InputReader: Device has associated, but no associated display id.
09-07 05:26:42.642  2037  2847 I chatty  : uid=1000(system) Binder:2037_B identical 38 lines
09-07 05:26:42.642  2037  2847 W InputReader: Device has associated, but no associated display id.
09-07 05:26:42.643  2921  2921 W ActivityThread: handleWindowVisibility: no activity for token android.os.BinderProxy@e8b069f
09-07 05:26:42.643  2845  3380 V FA      : Recording user engagement, ms: 19912
09-07 05:26:42.644  2037  2847 W InputReader: Device has associated, but no associated display id.
09-07 05:26:42.645  2037  2847 I chatty  : uid=1000(system) Binder:2037_B identical 8 lines
09-07 05:26:42.645  2037  2847 W InputReader: Device has associated, but no associated display id.
09-07 05:26:42.670  2037  2065 E memtrack: Couldn't load memtrack module
09-07 05:26:42.670  2037  2065 W android.os.Debug: failed to get memory consumption info: -1
09-07 05:26:42.674  2037  6424 I ActivityTaskManager: START u0 {act=android.intent.action.MAIN cat=[android.intent.category.LAUNCHER] flg=0x10000000 cmp=ru.iteco.fmhandroid.test/androidx.test.core.app.InstrumentationActivityInvoker$EmptyActivity} from uid 10136
09-07 05:26:42.680  2037  2065 E memtrack: Couldn't load memtrack module
09-07 05:26:42.680  2037  2065 W android.os.Debug: failed to get memory consumption info: -1
09-07 05:26:42.681  2037  2065 E memtrack: Couldn't load memtrack module
09-07 05:26:42.681  2037  2065 W android.os.Debug: failed to get memory consumption info: -1
09-07 05:26:42.689  2845  3380 V FA      : Connecting to remote service
09-07 05:26:42.693  1793  2554 D gralloc_ranchu: gralloc_alloc: Creating ashmem region of size 9850880
09-07 05:26:42.694  7867  7867 D BoundBrokerSvc: onBind: Intent { act=com.google.android.gms.measurement.START pkg=com.google.android.gms }
09-07 05:26:42.694  7867  7867 D BoundBrokerSvc: Loading bound service for intent: Intent { act=com.google.android.gms.measurement.START pkg=com.google.android.gms }
09-07 05:26:42.701  2845  3380 V FA      : Connection attempt already in progress
09-07 05:26:42.702  2845  3380 V FA      : Activity paused, time: 7326531
09-07 05:26:42.703  1793  2554 D gralloc_ranchu: gralloc_alloc: Creating ashmem region of size 9850880
09-07 05:26:42.706  1793  2554 D gralloc_ranchu: gralloc_alloc: Creating ashmem region of size 9850880
09-07 05:26:42.707  2921  2954 D EGL_emulation: eglMakeCurrent: 0xe2256960: ver 2 0 (tinfo 0xed4894a0)
09-07 05:26:42.726  2845  3380 D FA      : Connected to remote service
09-07 05:26:42.727  2845  3380 V FA      : Processing queued up service tasks: 2
09-07 05:26:42.733  2037  2428 W InputReader: Device has associated, but no associated display id.
09-07 05:26:42.736  2037  2428 I chatty  : uid=1000(system) Binder:2037_8 identical 48 lines
09-07 05:26:42.737  2037  2428 W InputReader: Device has associated, but no associated display id.
09-07 05:26:42.742  2921  2921 W ActivityThread: handleWindowVisibility: no activity for token android.os.BinderProxy@e152cee
09-07 05:26:42.757  2037  6424 W ActivityTaskManager: Duplicate finish request for ActivityRecord{f4f4ea8 u0 ru.iteco.fmhandroid/.ui.AppActivity t851 f}
09-07 05:26:42.764  7867  3385 V FA-SVC  : Logging event: origin=auto,name=user_engagement(_e),params=Bundle[{ga_event_origin(_o)=auto, engagement_time_msec(_et)=19912, ga_screen_class(_sc)=AppActivity, ga_screen_id(_si)=5126745013386989257}]
09-07 05:26:42.779  1793  2554 D gralloc_ranchu: gralloc_alloc: Creating ashmem region of size 9850880
09-07 05:26:42.782  1793  2554 I chatty  : uid=1000(system) HwBinder:1793_2 identical 1 line
09-07 05:26:42.791  1793  2554 D gralloc_ranchu: gralloc_alloc: Creating ashmem region of size 9850880
09-07 05:26:42.793  2921  2954 D EGL_emulation: eglMakeCurrent: 0xe2256960: ver 2 0 (tinfo 0xed4894a0)
09-07 05:26:42.813  2037  2061 W InputReader: Device has associated, but no associated display id.
09-07 05:26:42.813  2037  2061 I chatty  : uid=1000(system) android.anim identical 18 lines
09-07 05:26:42.813  2037  2061 W InputReader: Device has associated, but no associated display id.
09-07 05:26:42.815  2037  2065 I ActivityTaskManager: Displayed ru.iteco.fmhandroid.test/androidx.test.core.app.InstrumentationActivityInvoker$EmptyActivity: +94ms
09-07 05:26:42.818  7867  3385 V FA-SVC  : Upload scheduled in approximately ms: 36481
09-07 05:26:42.818  7867  3385 V FA-SVC  : Unscheduling upload
09-07 05:26:42.819  2037  4291 W InputReader: Device has associated, but no associated display id.
09-07 05:26:42.819  2037  4291 I chatty  : uid=1000(system) Binder:2037_10 identical 8 lines
09-07 05:26:42.819  2037  4291 W InputReader: Device has associated, but no associated display id.
09-07 05:26:42.825  2845  2957 D EGL_emulation: eglMakeCurrent: 0xda21b080: ver 2 0 (tinfo 0xda20fd30)
09-07 05:26:42.830  7867  3385 V FA-SVC  : Scheduling upload, millis: 36481
09-07 05:26:42.833  7867  3385 V FA-SVC  : Background event processing time, ms: 68
09-07 05:26:42.838  1823  1823 W SurfaceFlinger: couldn't log to binary event log: overflow.
09-07 05:26:42.840  2037  6424 W InputReader: Device has associated, but no associated display id.
09-07 05:26:42.850  2037  6424 D ConnectivityService: requestNetwork for uid/pid:10113/29289 NetworkRequest [ TRACK_DEFAULT id=183, [ Capabilities: INTERNET&NOT_RESTRICTED&TRUSTED Uid: 10113] ]
09-07 05:26:42.841  2037  6424 I chatty  : uid=1000(system) Binder:2037_1B identical 28 lines
09-07 05:26:42.841  2037  6424 W InputReader: Device has associated, but no associated display id.
09-07 05:26:42.851  2279  2279 D PhoneSwitcherNetworkRequstListener: got request NetworkRequest [ TRACK_DEFAULT id=183, [ Capabilities: INTERNET&NOT_RESTRICTED&TRUSTED Uid: 10113] ] with score 60 and serial -1
09-07 05:26:42.851  2845  2845 D LifecycleMonitor: Lifecycle status change: ru.iteco.fmhandroid.ui.AppActivity@bbab275 in: STOPPED
09-07 05:26:42.851  2845  2845 V ActivityScenario: Update currentActivityStage to STOPPED, currentActivity=ru.iteco.fmhandroid.ui.AppActivity@bbab275
09-07 05:26:42.852  2037  2143 D WifiNetworkFactory: got request NetworkRequest [ TRACK_DEFAULT id=183, [ Capabilities: INTERNET&NOT_RESTRICTED&TRUSTED Uid: 10113] ] with score 60 and serial -1
09-07 05:26:42.852  2037  2143 D UntrustedWifiNetworkFactory: got request NetworkRequest [ TRACK_DEFAULT id=183, [ Capabilities: INTERNET&NOT_RESTRICTED&TRUSTED Uid: 10113] ] with score 60 and serial -1
09-07 05:26:42.858  2845  2845 W System.err: ru.iteco.fmhandroid.exceptions.UnknownException
09-07 05:26:42.858  2845  2845 W System.err: 	at ru.iteco.fmhandroid.utils.Utils.makeRequest(Utils.kt:123)
09-07 05:26:42.858  2845  3543 I okhttp.OkHttpClient: <-- HTTP FAILED: java.net.SocketException: Socket closed
09-07 05:26:42.858  2845  2845 W System.err: 	at ru.iteco.fmhandroid.utils.Utils$makeRequest$1.invokeSuspend(Unknown Source:15)
09-07 05:26:42.859  2845  2845 W System.err: 	at kotlin.coroutines.jvm.internal.BaseContinuationImpl.resumeWith(ContinuationImpl.kt:33)
09-07 05:26:42.859  2845  2845 W System.err: 	at kotlinx.coroutines.DispatchedTaskKt.resume(DispatchedTask.kt:234)
09-07 05:26:42.859  2845  2845 W System.err: 	at kotlinx.coroutines.DispatchedTaskKt.resumeUnconfined(DispatchedTask.kt:190)
09-07 05:26:42.861  2845  2845 W System.err: 	at kotlinx.coroutines.DispatchedTaskKt.dispatch(DispatchedTask.kt:161)
09-07 05:26:42.861  2845  2845 W System.err: 	at kotlinx.coroutines.CancellableContinuationImpl.dispatchResume(CancellableContinuationImpl.kt:397)
09-07 05:26:42.861  2845  2845 W System.err: 	at kotlinx.coroutines.CancellableContinuationImpl.cancel(CancellableContinuationImpl.kt:183)
09-07 05:26:42.861  2845  2845 W System.err: 	at kotlinx.coroutines.CancellableContinuationImpl.parentCancelled$kotlinx_coroutines_core(CancellableContinuationImpl.kt:190)
09-07 05:26:42.861  2845  2845 W System.err: 	at kotlinx.coroutines.ChildContinuation.invoke(JobSupport.kt:1474)
09-07 05:26:42.861  2845  2845 W System.err: 	at kotlinx.coroutines.JobSupport.notifyCancelling(JobSupport.kt:1499)
09-07 05:26:42.861  2845  2845 W System.err: 	at kotlinx.coroutines.JobSupport.tryMakeCancelling(JobSupport.kt:795)
09-07 05:26:42.861  2845  2845 W System.err: 	at kotlinx.coroutines.JobSupport.makeCancelling(JobSupport.kt:755)
09-07 05:26:42.861  2845  2845 W System.err: 	at kotlinx.coroutines.JobSupport.cancelImpl$kotlinx_coroutines_core(JobSupport.kt:671)
09-07 05:26:42.861  2845  2845 W System.err: 	at kotlinx.coroutines.JobSupport.parentCancelled(JobSupport.kt:637)
09-07 05:26:42.861  2845  2845 W System.err: 	at kotlinx.coroutines.ChildHandleNode.invoke(JobSupport.kt:1465)
09-07 05:26:42.861  2845  2845 W System.err: 	at kotlinx.coroutines.JobSupport.notifyCancelling(JobSupport.kt:1499)
09-07 05:26:42.861  2845  2845 W System.err: 	at kotlinx.coroutines.JobSupport.tryMakeCompletingSlowPath(JobSupport.kt:900)
09-07 05:26:42.861  2845  2845 W System.err: 	at kotlinx.coroutines.JobSupport.tryMakeCompleting(JobSupport.kt:863)
09-07 05:26:42.862  2845  2845 W System.err: 	at kotlinx.coroutines.JobSupport.cancelMakeCompleting(JobSupport.kt:696)
09-07 05:26:42.862  2845  2845 W System.err: 	at kotlinx.coroutines.JobSupport.cancelImpl$kotlinx_coroutines_core(JobSupport.kt:667)
09-07 05:26:42.862  2845  2845 W System.err: 	at kotlinx.coroutines.JobSupport.cancelInternal(JobSupport.kt:632)
09-07 05:26:42.862  2845  2845 W System.err: 	at kotlinx.coroutines.JobSupport.cancel(JobSupport.kt:617)
09-07 05:26:42.862  2845  2845 W System.err: 	at kotlinx.coroutines.JobKt__JobKt.cancel(Job.kt:561)
09-07 05:26:42.862  2845  2845 W System.err: 	at kotlinx.coroutines.JobKt.cancel(Unknown Source:1)
09-07 05:26:42.862  2845  2845 W System.err: 	at kotlinx.coroutines.JobKt__JobKt.cancel$default(Job.kt:560)
09-07 05:26:42.862  2845  2845 W System.err: 	at kotlinx.coroutines.JobKt.cancel$default(Unknown Source:1)
09-07 05:26:42.862  2845  2845 W System.err: 	at androidx.lifecycle.CloseableCoroutineScope.close(ViewModel.kt:51)
09-07 05:26:42.862  2845  2845 W System.err: 	at androidx.lifecycle.ViewModel.closeWithRuntimeException(ViewModel.java:188)
09-07 05:26:42.862  2845  2845 W System.err: 	at androidx.lifecycle.ViewModel.clear(ViewModel.java:134)
09-07 05:26:42.862  2845  2845 W System.err: 	at androidx.lifecycle.ViewModelStore.clear(ViewModelStore.java:62)
09-07 05:26:42.862  2845  2845 W System.err: 	at androidx.fragment.app.FragmentManagerViewModel.clearNonConfigStateInternal(FragmentManagerViewModel.java:210)
09-07 05:26:42.862  2845  2845 W System.err: 	at androidx.fragment.app.FragmentManagerViewModel.clearNonConfigState(FragmentManagerViewModel.java:190)
09-07 05:26:42.862  2845  2845 W System.err: 	at androidx.fragment.app.FragmentStateManager.destroy(FragmentStateManager.java:778)
09-07 05:26:42.862  2845  2845 W System.err: 	at androidx.fragment.app.FragmentStateManager.moveToExpectedState(FragmentStateManager.java:335)
09-07 05:26:42.862  2845  2845 W System.err: 	at androidx.fragment.app.FragmentStore.moveToExpectedState(FragmentStore.java:113)
09-07 05:26:42.862  2845  2845 W System.err: 	at androidx.fragment.app.FragmentManager.moveToState(FragmentManager.java:1374)
09-07 05:26:42.862  2845  2845 W System.err: 	at androidx.fragment.app.FragmentManager.dispatchStateChange(FragmentManager.java:2841)
09-07 05:26:42.862  2845  2845 W System.err: 	at androidx.fragment.app.FragmentManager.dispatchDestroy(FragmentManager.java:2820)
09-07 05:26:42.862  2845  2845 W System.err: 	at androidx.fragment.app.Fragment.performDestroy(Fragment.java:3246)
09-07 05:26:42.862  2845  2845 W System.err: 	at androidx.fragment.app.FragmentStateManager.destroy(FragmentStateManager.java:780)
09-07 05:26:42.862  2845  2845 W System.err: 	at androidx.fragment.app.FragmentStateManager.moveToExpectedState(FragmentStateManager.java:335)
09-07 05:26:42.863  2845  2845 W System.err: 	at androidx.fragment.app.SpecialEffectsController$FragmentStateManagerOperation.complete(SpecialEffectsController.java:771)
09-07 05:26:42.863  2845  2845 W System.err: 	at androidx.fragment.app.SpecialEffectsController$Operation.cancel(SpecialEffectsController.java:615)
09-07 05:26:42.863  2845  2845 W System.err: 	at androidx.fragment.app.SpecialEffectsController.forceCompleteAllOperations(SpecialEffectsController.java:350)
09-07 05:26:42.863  2845  2845 W System.err: 	at androidx.fragment.app.FragmentManager.dispatchStateChange(FragmentManager.java:2844)
09-07 05:26:42.863  2845  2845 W System.err: 	at androidx.fragment.app.FragmentManager.dispatchDestroy(FragmentManager.java:2820)
09-07 05:26:42.863  2845  2845 W System.err: 	at androidx.fragment.app.FragmentController.dispatchDestroy(FragmentController.java:345)
09-07 05:26:42.863  2845  2845 W System.err: 	at androidx.fragment.app.FragmentActivity.onDestroy(FragmentActivity.java:306)
09-07 05:26:42.863  2845  2845 W System.err: 	at androidx.appcompat.app.AppCompatActivity.onDestroy(AppCompatActivity.java:278)
09-07 05:26:42.863  2845  2845 W System.err: 	at android.app.Activity.performDestroy(Activity.java:8048)
09-07 05:26:42.863  2845  2845 W System.err: 	at android.app.Instrumentation.callActivityOnDestroy(Instrumentation.java:1334)
09-07 05:26:42.863  2845  2845 W System.err: 	at androidx.test.runner.MonitoringInstrumentation.callActivityOnDestroy(MonitoringInstrumentation.java:766)
09-07 05:26:42.863  2845  2845 W System.err: 	at android.app.ActivityThread.performDestroyActivity(ActivityThread.java:4926)
09-07 05:26:42.863  2845  2845 W System.err: 	at android.app.ActivityThread.handleDestroyActivity(ActivityThread.java:4970)
09-07 05:26:42.863  2845  2845 W System.err: 	at android.app.servertransaction.DestroyActivityItem.execute(DestroyActivityItem.java:44)
09-07 05:26:42.863  2845  2845 W System.err: 	at android.app.servertransaction.TransactionExecutor.executeLifecycleState(TransactionExecutor.java:176)
09-07 05:26:42.863  2845  2845 W System.err: 	at android.app.servertransaction.TransactionExecutor.execute(TransactionExecutor.java:97)
09-07 05:26:42.863  2845  2845 W System.err: 	at android.app.ActivityThread$H.handleMessage(ActivityThread.java:2016)
09-07 05:26:42.863  2845  2845 W System.err: 	at android.os.Handler.dispatchMessage(Handler.java:107)
09-07 05:26:42.863  2845  2845 W System.err: 	at android.os.Looper.loop(Looper.java:214)
09-07 05:26:42.865  2845  2845 W System.err: 	at android.app.ActivityThread.main(ActivityThread.java:7356)
09-07 05:26:42.865  2845  2845 W System.err: 	at java.lang.reflect.Method.invoke(Native Method)
09-07 05:26:42.865  2845  2845 W System.err: 	at com.android.internal.os.RuntimeInit$MethodAndArgsCaller.run(RuntimeInit.java:492)
09-07 05:26:42.870  2845  2845 W System.err: 	at com.android.internal.os.ZygoteInit.main(ZygoteInit.java:930)
09-07 05:26:42.885  2845  2845 W System.err: ru.iteco.fmhandroid.exceptions.UnknownException
09-07 05:26:42.885  2845  3542 I okhttp.OkHttpClient: <-- HTTP FAILED: java.net.SocketException: Socket closed
09-07 05:26:42.886  2845  2845 W System.err: 	at ru.iteco.fmhandroid.utils.Utils.makeRequest(Utils.kt:123)
09-07 05:26:42.886  2845  2845 W System.err: 	at ru.iteco.fmhandroid.utils.Utils$makeRequest$1.invokeSuspend(Unknown Source:15)
09-07 05:26:42.887  2845  2845 W System.err: 	at kotlin.coroutines.jvm.internal.BaseContinuationImpl.resumeWith(ContinuationImpl.kt:33)
09-07 05:26:42.887  2845  2845 W System.err: 	at kotlinx.coroutines.DispatchedTaskKt.resume(DispatchedTask.kt:234)
09-07 05:26:42.887  1793  2554 D gralloc_ranchu: gralloc_alloc: Creating ashmem region of size 9850880
09-07 05:26:42.890  2845  2845 W System.err: 	at kotlinx.coroutines.DispatchedTaskKt.resumeUnconfined(DispatchedTask.kt:190)
09-07 05:26:42.890  2845  2845 W System.err: 	at kotlinx.coroutines.DispatchedTaskKt.dispatch(DispatchedTask.kt:161)
09-07 05:26:42.890  2845  2845 W System.err: 	at kotlinx.coroutines.CancellableContinuationImpl.dispatchResume(CancellableContinuationImpl.kt:397)
09-07 05:26:42.890  2845  2845 W System.err: 	at kotlinx.coroutines.CancellableContinuationImpl.cancel(CancellableContinuationImpl.kt:183)
09-07 05:26:42.891  2845  2845 W System.err: 	at kotlinx.coroutines.CancellableContinuationImpl.parentCancelled$kotlinx_coroutines_core(CancellableContinuationImpl.kt:190)
09-07 05:26:42.891  2845  2845 W System.err: 	at kotlinx.coroutines.ChildContinuation.invoke(JobSupport.kt:1474)
09-07 05:26:42.891  2845  2845 W System.err: 	at kotlinx.coroutines.JobSupport.notifyCancelling(JobSupport.kt:1499)
09-07 05:26:42.891  2845  2845 W System.err: 	at kotlinx.coroutines.JobSupport.tryMakeCancelling(JobSupport.kt:795)
09-07 05:26:42.891  2845  2845 W System.err: 	at kotlinx.coroutines.JobSupport.makeCancelling(JobSupport.kt:755)
09-07 05:26:42.891  2845  2845 W System.err: 	at kotlinx.coroutines.JobSupport.cancelImpl$kotlinx_coroutines_core(JobSupport.kt:671)
09-07 05:26:42.891  2845  2845 W System.err: 	at kotlinx.coroutines.JobSupport.parentCancelled(JobSupport.kt:637)
09-07 05:26:42.891  2845  2845 W System.err: 	at kotlinx.coroutines.ChildHandleNode.invoke(JobSupport.kt:1465)
09-07 05:26:42.891  2845  2845 W System.err: 	at kotlinx.coroutines.JobSupport.notifyCancelling(JobSupport.kt:1499)
09-07 05:26:42.891  2845  2845 W System.err: 	at kotlinx.coroutines.JobSupport.tryMakeCompletingSlowPath(JobSupport.kt:900)
09-07 05:26:42.891  2845  2845 W System.err: 	at kotlinx.coroutines.JobSupport.tryMakeCompleting(JobSupport.kt:863)
09-07 05:26:42.891  2845  2845 W System.err: 	at kotlinx.coroutines.JobSupport.cancelMakeCompleting(JobSupport.kt:696)
09-07 05:26:42.891  2845  2845 W System.err: 	at kotlinx.coroutines.JobSupport.cancelImpl$kotlinx_coroutines_core(JobSupport.kt:667)
09-07 05:26:42.891  2845  2845 W System.err: 	at kotlinx.coroutines.JobSupport.cancelInternal(JobSupport.kt:632)
09-07 05:26:42.892  2845  2845 W System.err: 	at kotlinx.coroutines.JobSupport.cancel(JobSupport.kt:617)
09-07 05:26:42.892  2845  2845 W System.err: 	at kotlinx.coroutines.JobKt__JobKt.cancel(Job.kt:561)
09-07 05:26:42.892  2845  2845 W System.err: 	at kotlinx.coroutines.JobKt.cancel(Unknown Source:1)
09-07 05:26:42.892  2845  2845 W System.err: 	at kotlinx.coroutines.JobKt__JobKt.cancel$default(Job.kt:560)
09-07 05:26:42.892  2845  2845 W System.err: 	at kotlinx.coroutines.JobKt.cancel$default(Unknown Source:1)
09-07 05:26:42.892  2845  2845 W System.err: 	at androidx.lifecycle.CloseableCoroutineScope.close(ViewModel.kt:51)
09-07 05:26:42.892  2845  2845 W System.err: 	at androidx.lifecycle.ViewModel.closeWithRuntimeException(ViewModel.java:188)
09-07 05:26:42.892  2845  2845 W System.err: 	at androidx.lifecycle.ViewModel.clear(ViewModel.java:134)
09-07 05:26:42.892  2845  2845 W System.err: 	at androidx.lifecycle.ViewModelStore.clear(ViewModelStore.java:62)
09-07 05:26:42.892  2845  2845 W System.err: 	at androidx.fragment.app.FragmentManagerViewModel.clearNonConfigStateInternal(FragmentManagerViewModel.java:210)
09-07 05:26:42.892  2845  2845 W System.err: 	at androidx.fragment.app.FragmentManagerViewModel.clearNonConfigState(FragmentManagerViewModel.java:190)
09-07 05:26:42.892  2845  2845 W System.err: 	at androidx.fragment.app.FragmentStateManager.destroy(FragmentStateManager.java:778)
09-07 05:26:42.892  2845  2845 W System.err: 	at androidx.fragment.app.FragmentStateManager.moveToExpectedState(FragmentStateManager.java:335)
09-07 05:26:42.892  2845  2845 W System.err: 	at androidx.fragment.app.FragmentStore.moveToExpectedState(FragmentStore.java:113)
09-07 05:26:42.892  2845  2845 W System.err: 	at androidx.fragment.app.FragmentManager.moveToState(FragmentManager.java:1374)
09-07 05:26:42.892  2845  2845 W System.err: 	at androidx.fragment.app.FragmentManager.dispatchStateChange(FragmentManager.java:2841)
09-07 05:26:42.892  2845  2845 W System.err: 	at androidx.fragment.app.FragmentManager.dispatchDestroy(FragmentManager.java:2820)
09-07 05:26:42.893  2845  2845 W System.err: 	at androidx.fragment.app.Fragment.performDestroy(Fragment.java:3246)
09-07 05:26:42.893  2845  2845 W System.err: 	at androidx.fragment.app.FragmentStateManager.destroy(FragmentStateManager.java:780)
09-07 05:26:42.893  2845  2845 W System.err: 	at androidx.fragment.app.FragmentStateManager.moveToExpectedState(FragmentStateManager.java:335)
09-07 05:26:42.894  2845  2845 W System.err: 	at androidx.fragment.app.SpecialEffectsController$FragmentStateManagerOperation.complete(SpecialEffectsController.java:771)
09-07 05:26:42.894  2845  2845 W System.err: 	at androidx.fragment.app.SpecialEffectsController$Operation.cancel(SpecialEffectsController.java:615)
09-07 05:26:42.894  2845  2845 W System.err: 	at androidx.fragment.app.SpecialEffectsController.forceCompleteAllOperations(SpecialEffectsController.java:350)
09-07 05:26:42.894  2845  2845 W System.err: 	at androidx.fragment.app.FragmentManager.dispatchStateChange(FragmentManager.java:2844)
09-07 05:26:42.894  2845  2845 W System.err: 	at androidx.fragment.app.FragmentManager.dispatchDestroy(FragmentManager.java:2820)
09-07 05:26:42.894  2845  2845 W System.err: 	at androidx.fragment.app.FragmentController.dispatchDestroy(FragmentController.java:345)
09-07 05:26:42.894  2845  2845 W System.err: 	at androidx.fragment.app.FragmentActivity.onDestroy(FragmentActivity.java:306)
09-07 05:26:42.894  2845  2845 W System.err: 	at androidx.appcompat.app.AppCompatActivity.onDestroy(AppCompatActivity.java:278)
09-07 05:26:42.894  2845  2845 W System.err: 	at android.app.Activity.performDestroy(Activity.java:8048)
09-07 05:26:42.894  2845  2845 W System.err: 	at android.app.Instrumentation.callActivityOnDestroy(Instrumentation.java:1334)
09-07 05:26:42.896  2845  2845 W System.err: 	at androidx.test.runner.MonitoringInstrumentation.callActivityOnDestroy(MonitoringInstrumentation.java:766)
09-07 05:26:42.896  2845  2845 W System.err: 	at android.app.ActivityThread.performDestroyActivity(ActivityThread.java:4926)
09-07 05:26:42.896  2845  2845 W System.err: 	at android.app.ActivityThread.handleDestroyActivity(ActivityThread.java:4970)
09-07 05:26:42.896  2845  2845 W System.err: 	at android.app.servertransaction.DestroyActivityItem.execute(DestroyActivityItem.java:44)
09-07 05:26:42.897  2845  2845 W System.err: 	at android.app.servertransaction.TransactionExecutor.executeLifecycleState(TransactionExecutor.java:176)
09-07 05:26:42.897  2845  2845 W System.err: 	at android.app.servertransaction.TransactionExecutor.execute(TransactionExecutor.java:97)
09-07 05:26:42.897  2845  2845 W System.err: 	at android.app.ActivityThread$H.handleMessage(ActivityThread.java:2016)
09-07 05:26:42.897  2845  2845 W System.err: 	at android.os.Handler.dispatchMessage(Handler.java:107)
09-07 05:26:42.897  2845  2845 W System.err: 	at android.os.Looper.loop(Looper.java:214)
09-07 05:26:42.897  2845  2845 W System.err: 	at android.app.ActivityThread.main(ActivityThread.java:7356)
09-07 05:26:42.897  2845  2845 W System.err: 	at java.lang.reflect.Method.invoke(Native Method)
09-07 05:26:42.898  2845  2845 W System.err: 	at com.android.internal.os.RuntimeInit$MethodAndArgsCaller.run(RuntimeInit.java:492)
09-07 05:26:42.898  2845  2845 W System.err: 	at com.android.internal.os.ZygoteInit.main(ZygoteInit.java:930)
09-07 05:26:42.901  2845  2845 W System.err: ru.iteco.fmhandroid.exceptions.UnknownException
09-07 05:26:42.901  2845  2845 W System.err: 	at ru.iteco.fmhandroid.utils.Utils.makeRequest(Utils.kt:123)
09-07 05:26:42.901  2845  2845 W System.err: 	at ru.iteco.fmhandroid.utils.Utils$makeRequest$1.invokeSuspend(Unknown Source:15)
09-07 05:26:42.901  2845  2845 W System.err: 	at kotlin.coroutines.jvm.internal.BaseContinuationImpl.resumeWith(ContinuationImpl.kt:33)
09-07 05:26:42.901  2845  2845 W System.err: 	at kotlinx.coroutines.DispatchedTaskKt.resume(DispatchedTask.kt:234)
09-07 05:26:42.901  2845  2845 W System.err: 	at kotlinx.coroutines.DispatchedTaskKt.resumeUnconfined(DispatchedTask.kt:190)
09-07 05:26:42.901  2845  2845 W System.err: 	at kotlinx.coroutines.DispatchedTaskKt.dispatch(DispatchedTask.kt:161)
09-07 05:26:42.902  2845  2845 W System.err: 	at kotlinx.coroutines.CancellableContinuationImpl.dispatchResume(CancellableContinuationImpl.kt:397)
09-07 05:26:42.902  2845  2845 W System.err: 	at kotlinx.coroutines.CancellableContinuationImpl.cancel(CancellableContinuationImpl.kt:183)
09-07 05:26:42.902  2845  2845 W System.err: 	at kotlinx.coroutines.CancellableContinuationImpl.parentCancelled$kotlinx_coroutines_core(CancellableContinuationImpl.kt:190)
09-07 05:26:42.902  2845  2845 W System.err: 	at kotlinx.coroutines.ChildContinuation.invoke(JobSupport.kt:1474)
09-07 05:26:42.902  2845  2845 W System.err: 	at kotlinx.coroutines.JobSupport.notifyCancelling(JobSupport.kt:1499)
09-07 05:26:42.902  2845  3043 I okhttp.OkHttpClient: <-- HTTP FAILED: java.net.SocketException: Socket closed
09-07 05:26:42.902  2845  2845 W System.err: 	at kotlinx.coroutines.JobSupport.tryMakeCancelling(JobSupport.kt:795)
09-07 05:26:42.902  2845  2845 W System.err: 	at kotlinx.coroutines.JobSupport.makeCancelling(JobSupport.kt:755)
09-07 05:26:42.902  2845  2845 W System.err: 	at kotlinx.coroutines.JobSupport.cancelImpl$kotlinx_coroutines_core(JobSupport.kt:671)
09-07 05:26:42.902  2845  2845 W System.err: 	at kotlinx.coroutines.JobSupport.parentCancelled(JobSupport.kt:637)
09-07 05:26:42.902  2845  2845 W System.err: 	at kotlinx.coroutines.ChildHandleNode.invoke(JobSupport.kt:1465)
09-07 05:26:42.902  2845  2845 W System.err: 	at kotlinx.coroutines.JobSupport.notifyCancelling(JobSupport.kt:1499)
09-07 05:26:42.902  2845  2845 W System.err: 	at kotlinx.coroutines.JobSupport.tryMakeCompletingSlowPath(JobSupport.kt:900)
09-07 05:26:42.902  2845  2845 W System.err: 	at kotlinx.coroutines.JobSupport.tryMakeCompleting(JobSupport.kt:863)
09-07 05:26:42.902  2845  2845 W System.err: 	at kotlinx.coroutines.JobSupport.cancelMakeCompleting(JobSupport.kt:696)
09-07 05:26:42.902  2845  2845 W System.err: 	at kotlinx.coroutines.JobSupport.cancelImpl$kotlinx_coroutines_core(JobSupport.kt:667)
09-07 05:26:42.902  2845  2845 W System.err: 	at kotlinx.coroutines.JobSupport.cancelInternal(JobSupport.kt:632)
09-07 05:26:42.902  2845  2845 W System.err: 	at kotlinx.coroutines.JobSupport.cancel(JobSupport.kt:617)
09-07 05:26:42.902  2845  2845 W System.err: 	at kotlinx.coroutines.JobKt__JobKt.cancel(Job.kt:561)
09-07 05:26:42.903  1793  2554 D gralloc_ranchu: gralloc_alloc: Creating ashmem region of size 9850880
09-07 05:26:42.903  2845  2845 W System.err: 	at kotlinx.coroutines.JobKt.cancel(Unknown Source:1)
09-07 05:26:42.903 29289 29310 D EGL_emulation: eglMakeCurrent: 0xda21a1e0: ver 2 0 (tinfo 0xda20f710)
09-07 05:26:42.903  2845  2845 W System.err: 	at kotlinx.coroutines.JobKt__JobKt.cancel$default(Job.kt:560)
09-07 05:26:42.903  2845  2845 W System.err: 	at kotlinx.coroutines.JobKt.cancel$default(Unknown Source:1)
09-07 05:26:42.903  2845  2845 W System.err: 	at androidx.lifecycle.CloseableCoroutineScope.close(ViewModel.kt:51)
09-07 05:26:42.904  2845  2845 W System.err: 	at androidx.lifecycle.ViewModel.closeWithRuntimeException(ViewModel.java:188)
09-07 05:26:42.904  2845  2845 W System.err: 	at androidx.lifecycle.ViewModel.clear(ViewModel.java:134)
09-07 05:26:42.904  2845  2845 W System.err: 	at androidx.lifecycle.ViewModelStore.clear(ViewModelStore.java:62)
09-07 05:26:42.904  2845  2845 W System.err: 	at androidx.fragment.app.FragmentManagerViewModel.clearNonConfigStateInternal(FragmentManagerViewModel.java:210)
09-07 05:26:42.904  2845  2845 W System.err: 	at androidx.fragment.app.FragmentManagerViewModel.clearNonConfigState(FragmentManagerViewModel.java:190)
09-07 05:26:42.904  2845  2845 W System.err: 	at androidx.fragment.app.FragmentStateManager.destroy(FragmentStateManager.java:778)
09-07 05:26:42.904  2845  2845 W System.err: 	at androidx.fragment.app.FragmentStateManager.moveToExpectedState(FragmentStateManager.java:335)
09-07 05:26:42.904  2845  2845 W System.err: 	at androidx.fragment.app.FragmentStore.moveToExpectedState(FragmentStore.java:113)
09-07 05:26:42.904  2845  2845 W System.err: 	at androidx.fragment.app.FragmentManager.moveToState(FragmentManager.java:1374)
09-07 05:26:42.904  2845  2845 W System.err: 	at androidx.fragment.app.FragmentManager.dispatchStateChange(FragmentManager.java:2841)
09-07 05:26:42.904  2845  2845 W System.err: 	at androidx.fragment.app.FragmentManager.dispatchDestroy(FragmentManager.java:2820)
09-07 05:26:42.904  2845  2845 W System.err: 	at androidx.fragment.app.Fragment.performDestroy(Fragment.java:3246)
09-07 05:26:42.904  2845  2845 W System.err: 	at androidx.fragment.app.FragmentStateManager.destroy(FragmentStateManager.java:780)
09-07 05:26:42.904  2845  2845 W System.err: 	at androidx.fragment.app.FragmentStateManager.moveToExpectedState(FragmentStateManager.java:335)
09-07 05:26:42.904  2845  2845 W System.err: 	at androidx.fragment.app.SpecialEffectsController$FragmentStateManagerOperation.complete(SpecialEffectsController.java:771)
09-07 05:26:42.904  2845  2845 W System.err: 	at androidx.fragment.app.SpecialEffectsController$Operation.cancel(SpecialEffectsController.java:615)
09-07 05:26:42.904  2845  2845 W System.err: 	at androidx.fragment.app.SpecialEffectsController.forceCompleteAllOperations(SpecialEffectsController.java:350)
09-07 05:26:42.904  2845  2845 W System.err: 	at androidx.fragment.app.FragmentManager.dispatchStateChange(FragmentManager.java:2844)
09-07 05:26:42.904  2845  2845 W System.err: 	at androidx.fragment.app.FragmentManager.dispatchDestroy(FragmentManager.java:2820)
09-07 05:26:42.904  2845  2845 W System.err: 	at androidx.fragment.app.FragmentController.dispatchDestroy(FragmentController.java:345)
09-07 05:26:42.906  2845  2845 W System.err: 	at androidx.fragment.app.FragmentActivity.onDestroy(FragmentActivity.java:306)
09-07 05:26:42.906  2845  2845 W System.err: 	at androidx.appcompat.app.AppCompatActivity.onDestroy(AppCompatActivity.java:278)
09-07 05:26:42.907  2845  2845 W System.err: 	at android.app.Activity.performDestroy(Activity.java:8048)
09-07 05:26:42.907  2845  2845 W System.err: 	at android.app.Instrumentation.callActivityOnDestroy(Instrumentation.java:1334)
09-07 05:26:42.907  2845  2845 W System.err: 	at androidx.test.runner.MonitoringInstrumentation.callActivityOnDestroy(MonitoringInstrumentation.java:766)
09-07 05:26:42.907  2845  2845 W System.err: 	at android.app.ActivityThread.performDestroyActivity(ActivityThread.java:4926)
09-07 05:26:42.907  2845  2845 W System.err: 	at android.app.ActivityThread.handleDestroyActivity(ActivityThread.java:4970)
09-07 05:26:42.907  2845  2845 W System.err: 	at android.app.servertransaction.DestroyActivityItem.execute(DestroyActivityItem.java:44)
09-07 05:26:42.908  2845  2845 W System.err: 	at android.app.servertransaction.TransactionExecutor.executeLifecycleState(TransactionExecutor.java:176)
09-07 05:26:42.908  1793  2554 D gralloc_ranchu: gralloc_alloc: Creating ashmem region of size 9850880
09-07 05:26:42.908  2845  2845 W System.err: 	at android.app.servertransaction.TransactionExecutor.execute(TransactionExecutor.java:97)
09-07 05:26:42.908  2845  2845 W System.err: 	at android.app.ActivityThread$H.handleMessage(ActivityThread.java:2016)
09-07 05:26:42.908  2845  2845 W System.err: 	at android.os.Handler.dispatchMessage(Handler.java:107)
09-07 05:26:42.908  2845  2845 W System.err: 	at android.os.Looper.loop(Looper.java:214)
09-07 05:26:42.908  2845  2845 W System.err: 	at android.app.ActivityThread.main(ActivityThread.java:7356)
09-07 05:26:42.908  2845  2845 W System.err: 	at java.lang.reflect.Method.invoke(Native Method)
09-07 05:26:42.908  2845  2845 W System.err: 	at com.android.internal.os.RuntimeInit$MethodAndArgsCaller.run(RuntimeInit.java:492)
09-07 05:26:42.908  2845  2845 W System.err: 	at com.android.internal.os.ZygoteInit.main(ZygoteInit.java:930)
09-07 05:26:42.922  2037  2061 W InputReader: Device has associated, but no associated display id.
09-07 05:26:42.923  2037  2061 I chatty  : uid=1000(system) android.anim identical 18 lines
09-07 05:26:42.923  2037  2061 W InputReader: Device has associated, but no associated display id.
09-07 05:26:42.925  2845  2845 D LifecycleMonitor: Lifecycle status change: ru.iteco.fmhandroid.ui.AppActivity@bbab275 in: DESTROYED
09-07 05:26:42.925  2845  2845 V ActivityScenario: Update currentActivityStage to DESTROYED, currentActivity=null
09-07 05:26:42.934  2921  2954 D EGL_emulation: eglMakeCurrent: 0xe2256960: ver 2 0 (tinfo 0xed4894a0)
09-07 05:26:42.934  1793  2554 D gralloc_ranchu: gralloc_alloc: Creating ashmem region of size 6307840
09-07 05:26:42.970  2182  2468 D EGL_emulation: eglMakeCurrent: 0xda21a360: ver 2 0 (tinfo 0xda20f590)
09-07 05:26:42.972  2182  2182 W View    : requestLayout() improperly called by com.android.keyguard.AlphaOptimizedLinearLayout{551c6d8 V.E...... ......ID 7,0-48,61 #7f0a041c app:id/wifi_group} during second layout pass: posting in next frame
09-07 05:26:42.986  2182  2182 W View    : requestLayout() improperly called by StatusBarIconView(slot=mobile icon=null notification=null) during layout: running second layout pass
09-07 05:26:43.000  2182  2468 D EGL_emulation: eglMakeCurrent: 0xda21a360: ver 2 0 (tinfo 0xda20f590)
09-07 05:26:43.001  2434  2451 I s.nexuslaunche: NativeAlloc concurrent copying GC freed 384(48KB) AllocSpace objects, 0(0B) LOS objects, 49% free, 2870KB/5741KB, paused 5.217ms total 43.630ms
