--------- beginning of system
09-07 03:34:21.105  2037  2080 W PackageParser: Unknown element under <manifest>: queries at /data/app/vmdl1372201155.tmp/base.apk Binary XML file line #16
09-07 03:34:21.112  2037  2080 I PackageManager: Update package ru.iteco.fmhandroid.test code path from /data/app/ru.iteco.fmhandroid.test-7yzesuzC1HR5lAimzp9Auw== to /data/app/ru.iteco.fmhandroid.test-Q87Tp4CeQ7K-Asz95YxXNA==; Retain data and using new
09-07 03:34:21.112  2037  2080 I PackageManager: Update package ru.iteco.fmhandroid.test resource path from /data/app/ru.iteco.fmhandroid.test-7yzesuzC1HR5lAimzp9Auw== to /data/app/ru.iteco.fmhandroid.test-Q87Tp4CeQ7K-Asz95YxXNA==; Retain data and using new
09-07 03:34:21.137  2037  2080 I PackageManager: Un-granting permission android.permission.MANAGE_DOCUMENTS from package com.google.android.youtube (protectionLevel=262146 flags=0x30dbbe45)
09-07 03:34:21.137  2037  2080 I PackageManager: Un-granting permission android.permission.INTERACT_ACROSS_PROFILES from package com.google.android.googlequicksearchbox (protectionLevel=18 flags=0x28dbbec5)
09-07 03:34:21.137  2037  2080 I PackageManager: Un-granting permission android.permission.MANAGE_SOUND_TRIGGER from package com.google.android.googlequicksearchbox (protectionLevel=18 flags=0x28dbbec5)
09-07 03:34:21.137  2037  2080 I PackageManager: Un-granting permission android.permission.MANAGE_USB from package com.google.android.googlequicksearchbox (protectionLevel=18 flags=0x28dbbec5)
09-07 03:34:21.137  2037  2080 I PackageManager: Un-granting permission android.permission.CONTROL_INCALL_EXPERIENCE from package com.google.android.googlequicksearchbox (protectionLevel=18 flags=0x28dbbec5)
09-07 03:34:21.137  2037  2080 I PackageManager: Un-granting permission android.permission.WRITE_APN_SETTINGS from package com.google.android.googlequicksearchbox (protectionLevel=18 flags=0x28dbbec5)
09-07 03:34:21.137  2037  2080 I PackageManager: Un-granting permission android.permission.SUBSTITUTE_SHARE_TARGET_APP_NAME_AND_ICON from package com.google.android.googlequicksearchbox (protectionLevel=18 flags=0x28dbbec5)
09-07 03:34:21.137  2037  2080 I PackageManager: Un-granting permission com.google.android.googleapps.permission.GOOGLE_AUTH from package com.android.providers.calendar (protectionLevel=2 flags=0x30883e45)
09-07 03:34:21.137  2037  2080 I PackageManager: Un-granting permission com.google.android.googleapps.permission.GOOGLE_AUTH.cl from package com.android.providers.calendar (protectionLevel=2 flags=0x30883e45)
09-07 03:34:21.137  2037  2080 I PackageManager: Un-granting permission android.permission.WRITE_SECURE_SETTINGS from package com.google.android.apps.enterprise.dmagent (protectionLevel=50 flags=0x30083e05)
09-07 03:34:21.137  2037  2080 I PackageManager: Un-granting permission android.permission.CONNECTIVITY_INTERNAL from package com.google.android.apps.enterprise.dmagent (protectionLevel=18 flags=0x30083e05)
09-07 03:34:21.137  2037  2080 I PackageManager: Un-granting permission android.permission.MANAGE_USB from package com.google.android.apps.enterprise.dmagent (protectionLevel=18 flags=0x30083e05)
09-07 03:34:21.137  2037  2080 I PackageManager: Un-granting permission android.permission.CHANGE_COMPONENT_ENABLED_STATE from package com.google.android.apps.enterprise.dmagent (protectionLevel=18 flags=0x30083e05)
09-07 03:34:21.137  2037  2080 I PackageManager: Un-granting permission android.permission.MANAGE_CA_CERTIFICATES from package com.google.android.apps.enterprise.dmagent (protectionLevel=18 flags=0x30083e05)
09-07 03:34:21.138  2037  2080 I PackageManager: Un-granting permission android.permission.MANAGE_USERS from package com.google.android.apps.enterprise.dmagent (protectionLevel=18 flags=0x30083e05)
09-07 03:34:21.138  2037  2080 I PackageManager: Un-granting permission com.google.android.setupwizard.READ_DEVICE_ORIGIN from package com.google.android.apps.messaging (protectionLevel=18 flags=0x38cbbe45)
09-07 03:34:21.138  2037  2080 I PackageManager: Un-granting permission android.permission.HIDE_NON_SYSTEM_OVERLAY_WINDOWS from package com.android.vending (protectionLevel=258 flags=0x28cabec5)
09-07 03:34:21.138  2037  2080 I PackageManager: Un-granting permission android.permission.SEND_DOWNLOAD_COMPLETED_INTENTS from package com.android.vending (protectionLevel=2 flags=0x28cabec5)
09-07 03:34:21.139  2037  2080 I PackageManager: Un-granting permission android.permission.BIND_WALLPAPER from package com.android.camera2 (protectionLevel=18 flags=0x20d8bc45)
09-07 03:34:21.139  2037  2080 I PackageManager: Un-granting permission android.permission.REQUEST_INSTALL_PACKAGES from package com.google.android.gm (protectionLevel=66 flags=0x38cbbe45)
09-07 03:34:21.139  2037  2080 I PackageManager: Un-granting permission android.permission.BIND_JOB_SERVICE from package com.google.android.music (protectionLevel=2 flags=0x38cbbe65)
09-07 03:34:21.139  2037  2080 I PackageManager: Un-granting permission android.permission.CONNECTIVITY_USE_RESTRICTED_NETWORKS from package com.google.android.captiveportallogin (protectionLevel=18 flags=0x38c8be45)
09-07 03:34:21.139  2037  2080 I PackageManager: Un-granting permission android.permission.NETWORK_BYPASS_PRIVATE_DNS from package com.google.android.captiveportallogin (protectionLevel=2 flags=0x38c8be45)
09-07 03:34:21.139  2037  2080 I PackageManager: Un-granting permission android.permission.REQUEST_INSTALL_PACKAGES from package com.google.android.apps.docs (protectionLevel=66 flags=0x38cbbe45)
09-07 03:34:21.139  2037  2080 I PackageManager: Un-granting permission android.permission.INTERACT_ACROSS_USERS from package com.google.android.syncadapters.contacts (protectionLevel=50 flags=0x20883e45)
09-07 03:34:21.139  2037  2080 I PackageManager: Un-granting permission android.permission.REQUEST_INSTALL_PACKAGES from package com.android.chrome (protectionLevel=66 flags=0xa0cbbe45)
09-07 03:34:21.139  2037  2080 I PackageManager: Un-granting permission android.permission.WRITE_EMBEDDED_SUBSCRIPTIONS from package com.google.android.gms (protectionLevel=50 flags=0xa0cabec5)
09-07 03:34:21.139  2037  2080 I PackageManager: Un-granting permission android.permission.CAPTURE_VIDEO_OUTPUT from package com.google.android.gms (protectionLevel=2 flags=0xa0cabec5)
09-07 03:34:21.139  2037  2080 I PackageManager: Un-granting permission android.permission.FORCE_STOP_PACKAGES from package com.google.android.gms (protectionLevel=18 flags=0xa0cabec5)
09-07 03:34:21.140  2037  2080 I PackageManager: Un-granting permission android.permission.MODIFY_DEFAULT_AUDIO_EFFECTS from package com.google.android.gms (protectionLevel=18 flags=0xa0cabec5)
09-07 03:34:21.140  2037  2080 I PackageManager: Un-granting permission android.permission.MANAGE_DEVICE_ADMINS from package com.google.android.gms (protectionLevel=2 flags=0xa0cabec5)
09-07 03:34:21.140  2037  2080 I PackageManager: Un-granting permission android.permission.MANAGE_ACTIVITY_STACKS from package com.google.android.gms (protectionLevel=2 flags=0xa0cabec5)
09-07 03:34:21.140  2037  2080 I PackageManager: Un-granting permission android.permission.CAPTURE_SECURE_VIDEO_OUTPUT from package com.google.android.gms (protectionLevel=2 flags=0xa0cabec5)
09-07 03:34:21.140  2037  2080 I PackageManager: Un-granting permission android.permission.MANAGE_ROLLBACKS from package com.google.android.gms (protectionLevel=514 flags=0xa0cabec5)
09-07 03:34:21.140  2037  2080 I PackageManager: Un-granting permission android.permission.MEDIA_CONTENT_CONTROL from package com.google.android.gms (protectionLevel=18 flags=0xa0cabec5)
09-07 03:34:21.140  2037  2080 I PackageManager: Un-granting permission android.permission.HIDE_NON_SYSTEM_OVERLAY_WINDOWS from package com.google.android.gms (protectionLevel=258 flags=0xa0cabec5)
09-07 03:34:21.140  2037  2080 I PackageManager: Un-granting permission com.google.android.googleapps.permission.GOOGLE_AUTH from package com.google.android.videos (protectionLevel=2 flags=0x30dbbe45)
09-07 03:34:21.140  2037  2080 I PackageManager: Un-granting permission android.permission.WRITE_MEDIA_STORAGE from package com.google.android.apps.photos (protectionLevel=18 flags=0x38d9be45)
--------- beginning of main
09-07 03:34:21.207  2037  2133 I InputReader: Reconfiguring input devices.  changes=0x00000010
09-07 03:34:21.213  2037  2066 W BroadcastQueue: Background execution not allowed: receiving Intent { act=android.intent.action.PACKAGE_REMOVED dat=package:ru.iteco.fmhandroid.test flg=0x4000010 (has extras) } to com.android.musicfx/.Compatibility$Receiver
09-07 03:34:21.215  2037  2066 W BroadcastQueue: Background execution not allowed: receiving Intent { act=android.intent.action.PACKAGE_REMOVED dat=package:ru.iteco.fmhandroid.test flg=0x4000010 (has extras) } to com.android.vending/com.google.android.finsky.packagemonitor.impl.PackageMonitorReceiverImpl$RegisteredReceiver
09-07 03:34:21.240  2037  2066 W BroadcastQueue: Background execution not allowed: receiving Intent { act=android.intent.action.PACKAGE_REMOVED dat=package:ru.iteco.fmhandroid.test flg=0x4000010 (has extras) } to com.android.vending/com.google.android.finsky.packagemonitor.backgroundimpl.BackgroundPackageMonitorReceiverImpl$RegisteredReceiver
09-07 03:34:21.240  2037  2066 W BroadcastQueue: Background execution not allowed: receiving Intent { act=android.intent.action.PACKAGE_REMOVED dat=package:ru.iteco.fmhandroid.test flg=0x4000010 (has extras) } to com.android.vending/com.google.android.finsky.instantapps.appmanagement.InstantAppRemoveMonitor
09-07 03:34:21.243  2037  2066 W BroadcastQueue: Background execution not allowed: receiving Intent { act=android.intent.action.PACKAGE_REMOVED dat=package:ru.iteco.fmhandroid.test flg=0x4000010 (has extras) } to com.google.android.gms/.games.chimera.GamesSystemBroadcastReceiverProxy
09-07 03:34:21.243  2037  2066 W BroadcastQueue: Background execution not allowed: receiving Intent { act=android.intent.action.PACKAGE_REMOVED dat=package:ru.iteco.fmhandroid.test flg=0x4000010 (has extras) } to com.google.android.gms/.chimera.GmsIntentOperationService$PersistentTrustedReceiver
09-07 03:34:21.241  2037  2133 I InputReader: Reconfiguring input devices.  changes=0x00000010
09-07 03:34:21.245  2689  2689 I GsaVoiceInteractionSrv: (REDACTED) O received %s
09-07 03:34:21.246  2037  2066 W BroadcastQueue: Background execution not allowed: receiving Intent { act=android.intent.action.PACKAGE_ADDED dat=package:ru.iteco.fmhandroid.test flg=0x4000010 (has extras) } to com.google.android.packageinstaller/com.android.packageinstaller.PackageInstalledReceiver
09-07 03:34:21.247  2037  2066 W BroadcastQueue: Background execution not allowed: receiving Intent { act=android.intent.action.PACKAGE_ADDED dat=package:ru.iteco.fmhandroid.test flg=0x4000010 (has extras) } to com.android.musicfx/.Compatibility$Receiver
09-07 03:34:21.247  2037  2066 W BroadcastQueue: Background execution not allowed: receiving Intent { act=android.intent.action.PACKAGE_ADDED dat=package:ru.iteco.fmhandroid.test flg=0x4000010 (has extras) } to com.android.vending/com.google.android.finsky.packagemonitor.impl.PackageMonitorReceiverImpl$RegisteredReceiver
09-07 03:34:21.247  2037  2066 W BroadcastQueue: Background execution not allowed: receiving Intent { act=android.intent.action.PACKAGE_ADDED dat=package:ru.iteco.fmhandroid.test flg=0x4000010 (has extras) } to com.android.vending/com.google.android.finsky.packagemonitor.backgroundimpl.BackgroundPackageMonitorReceiverImpl$RegisteredReceiver
09-07 03:34:21.247  2037  2066 W BroadcastQueue: Background execution not allowed: receiving Intent { act=android.intent.action.PACKAGE_ADDED dat=package:ru.iteco.fmhandroid.test flg=0x4000010 (has extras) } to com.google.android.gms/.games.chimera.GamesSystemBroadcastReceiverProxy
09-07 03:34:21.247  2037  2066 W BroadcastQueue: Background execution not allowed: receiving Intent { act=android.intent.action.PACKAGE_ADDED dat=package:ru.iteco.fmhandroid.test flg=0x4000010 (has extras) } to com.google.android.gms/.gass.chimera.PackageChangeBroadcastReceiver
09-07 03:34:21.247  2037  2066 W BroadcastQueue: Background execution not allowed: receiving Intent { act=android.intent.action.PACKAGE_ADDED dat=package:ru.iteco.fmhandroid.test flg=0x4000010 (has extras) } to com.google.android.gms/.chimera.GmsIntentOperationService$PersistentTrustedReceiver
09-07 03:34:21.248  2037  2133 I InputReader: Reconfiguring input devices.  changes=0x00000010
09-07 03:34:21.248  2037  2066 W BroadcastQueue: Background execution not allowed: receiving Intent { act=android.intent.action.PACKAGE_ADDED dat=package:ru.iteco.fmhandroid.test flg=0x4000010 (has extras) } to com.google.android.ims/.receivers.RcsAutoStartReceiver
09-07 03:34:21.255  2434  2940 E ActivityThread: Failed to find provider info for com.google.android.apps.wellbeing.api
09-07 03:34:21.259  1775  1775 D Zygote  : Forked child process 9770
09-07 03:34:21.263  2689  2689 I GsaVoiceInteractionSrv: (REDACTED) O received %s
09-07 03:34:21.264  2037  2067 I ActivityManager: Start proc 9770:com.android.keychain/1000 for service {com.android.keychain/com.android.keychain.KeyChainService}
09-07 03:34:21.264  2689  2689 I GsaVoiceInteractionSrv: (REDACTED) O received %s
09-07 03:34:21.270  9770  9770 W ndroid.keychai: Unexpected CPU variant for X86 using defaults: x86
09-07 03:34:21.273  9770  9770 E ndroid.keychai: Not starting debugger since process cannot load the jdwp agent.
09-07 03:34:21.273  8176  8176 I Finsky  : [2] vms.g(1): vms - Received: android.intent.action.PACKAGE_REMOVED, [JKgrAT7ZrU_atynDxHtFKlznxOwkruuqzdx-Cu5fTVw]
09-07 03:34:21.319  2666  3039 W aoza    : Abort, client detached.
09-07 03:34:21.319  2666  3039 I chatty  : uid=10104(com.google.android.googlequicksearchbox) EventBus0 identical 1 line
09-07 03:34:21.331  2666  3039 W aoza    : Abort, client detached.
09-07 03:34:21.332  9770  9770 I ndroid.keychai: The ClassLoaderContext is a special shared library.
09-07 03:34:21.382  7867  9793 I Auth    : [SupervisedAccountIntentOperation] onHandleIntent(): android.intent.action.PACKAGE_ADDED
09-07 03:34:21.406  2037  2037 W Looper  : Slow dispatch took 146ms main h=android.app.ActivityThread$H c=android.app.-$$Lambda$LoadedApk$ReceiverDispatcher$Args$_BumDX2UKsnxLVrE6UJsJZkotuA@62fc9d4 m=0
09-07 03:34:21.416  8425  9807 I Fitness : (REDACTED) FitCleanupIntentOperation received Intent %s
09-07 03:34:21.416  7867  7867 D BoundBrokerSvc: onBind: Intent { act=com.google.android.gms.common.BIND_SHARED_PREFS pkg=com.google.android.gms }
09-07 03:34:21.416  7867  7867 D BoundBrokerSvc: Loading bound service for intent: Intent { act=com.google.android.gms.common.BIND_SHARED_PREFS pkg=com.google.android.gms }
09-07 03:34:21.422  8425  9789 I FontLog : (REDACTED) Package %s has no metadata
09-07 03:34:21.427  2279  2279 D CarrierSvcBindHelper: No carrier app for: 0
09-07 03:34:21.430  2279  2279 D CarrierSvcBindHelper: No carrier app for: 0
09-07 03:34:21.444  8425  8425 D BoundBrokerSvc: onBind: Intent { act=com.google.android.gms.nearby.exposurenotification.START dat=chimera-action: cmp=com.google.android.gms/.chimera.PersistentApiServiceNoInstantApps }
09-07 03:34:21.445  8425  8425 D BoundBrokerSvc: Loading bound service for intent: Intent { act=com.google.android.gms.nearby.exposurenotification.START dat=chimera-action: cmp=com.google.android.gms/.chimera.PersistentApiServiceNoInstantApps }
09-07 03:34:21.454  2279  2279 D CarrierConfigLoader: mHandler: 9 phoneId: 0
09-07 03:34:21.457  8176  9816 I Finsky  : [716] oll.run(296): Wrote row to frosting DB: 1618
09-07 03:34:21.482  8425  8574 W ChimeraUtils: Module com.google.android.gms.nearby_en missing resource null(0)
09-07 03:34:21.489  8425  8574 W ChimeraUtils: Module com.google.android.gms.nearby_en missing resource null(0)
09-07 03:34:21.508  7867  7867 D BoundBrokerSvc: onUnbind: Intent { act=com.google.android.gms.common.BIND_SHARED_PREFS pkg=com.google.android.gms }
09-07 03:34:21.516  7867  7898 I Icing   : IndexChimeraService.getServiceInterface callingPackage=com.google.android.gms componentName=AppsCorpus serviceId=36
09-07 03:34:21.538  2037  2037 W Looper  : Slow delivery took 211ms main h=android.app.ActivityThread$H c=android.app.-$$Lambda$LoadedApk$ReceiverDispatcher$Args$_BumDX2UKsnxLVrE6UJsJZkotuA@31c17a m=0
09-07 03:34:21.539  2037  2037 W Looper  : Slow dispatch took 132ms main h=android.app.ActivityThread$H c=android.app.-$$Lambda$LoadedApk$ReceiverDispatcher$Args$_BumDX2UKsnxLVrE6UJsJZkotuA@31c17a m=0
09-07 03:34:21.558  8176  8257 I Finsky  : [592] jnn.a(53): AIM: AppInfoManager-Perf > OnDeviceAppInfo > cacheHitCount=0, cacheMissCount=1. Missed  in cache (limit 10) : [ru.iteco.fmhandroid.test]
09-07 03:34:21.574  8176  9816 I Finsky  : [716] oll.run(296): Wrote row to frosting DB: 1619
09-07 03:34:21.575  8176  8176 I Finsky  : [2] vms.g(1): vms - Received: android.intent.action.PACKAGE_ADDED, [JKgrAT7ZrU_atynDxHtFKlznxOwkruuqzdx-Cu5fTVw]
09-07 03:34:21.582  8176  9829 I Finsky  : [720] pth.accept(76): IQ: handled package removed
09-07 03:34:21.585  8176  8257 I Finsky  : [592] jlf.apply(886): AIM: Got app ownership map. App counts: . Unique apps: 0
09-07 03:34:21.603  7867  7932 W Icing   : No valid account for uploading user actions
09-07 03:34:21.611  2037  2037 I Telecom : DefaultDialerCache: Refreshing default dialer for user 0: now com.android.dialer: DDC.oR@AJE
09-07 03:34:21.612  8176  9816 I Finsky  : [716] oll.run(296): Wrote row to frosting DB: 1620
09-07 03:34:21.613  8425  8425 D BoundBrokerSvc: onBind: Intent { act=com.google.android.gms.icing.LIGHTWEIGHT_INDEX_SERVICE dat=chimera-action: cmp=com.google.android.gms/.chimera.PersistentApiService }
09-07 03:34:21.613  8425  8425 D BoundBrokerSvc: Loading bound service for intent: Intent { act=com.google.android.gms.icing.LIGHTWEIGHT_INDEX_SERVICE dat=chimera-action: cmp=com.google.android.gms/.chimera.PersistentApiService }
09-07 03:34:21.619  2037  2037 V BackupManagerConstants: getFullBackupIntervalMilliseconds(...) returns 86400000
09-07 03:34:21.621  8176  8176 I Finsky  : [2] qos.akj(13): DTU: Received onPackageAdded, replacing: true
09-07 03:34:21.626  8176  8221 I android.vendin: Waiting for a blocking GC ProfileSaver
09-07 03:34:21.626  2037  2037 V BackupManagerConstants: getFullBackupRequiredNetworkType(...) returns 2
09-07 03:34:21.626  8176  8176 I Finsky  : [2] vms.g(1): vms - Received: android.intent.action.PACKAGE_ADDED, [JKgrAT7ZrU_atynDxHtFKlznxOwkruuqzdx-Cu5fTVw]
09-07 03:34:21.627  2037  2037 V BackupManagerConstants: getFullBackupRequireCharging(...) returns true
09-07 03:34:21.633  8176  8257 I Finsky  : [592] jnn.a(53): AIM: AppInfoManager-Perf > OnDeviceAppInfo > cacheHitCount=0, cacheMissCount=1. Missed  in cache (limit 10) : [ru.iteco.fmhandroid.test]
09-07 03:34:21.634  7867  7867 D BoundBrokerSvc: onBind: Intent { act=com.google.android.gms.feedback.internal.IFeedbackService dat=chimera-action: cmp=com.google.android.gms/.chimera.GmsBoundBrokerService }
09-07 03:34:21.634  7867  7867 D BoundBrokerSvc: Loading bound service for intent: Intent { act=com.google.android.gms.feedback.internal.IFeedbackService dat=chimera-action: cmp=com.google.android.gms/.chimera.GmsBoundBrokerService }
09-07 03:34:21.638  8176  8257 I Finsky  : [592] jlf.apply(886): AIM: Got app ownership map. App counts: . Unique apps: 0
09-07 03:34:21.648  8176  8221 I android.vendin: WaitForGcToComplete blocked ProfileSaver on ProfileSaver for 22.577ms
09-07 03:34:21.649  8176  9816 I Finsky  : [716] oll.run(296): Wrote row to frosting DB: 1621
09-07 03:34:21.652  7867  7932 I Icing   : Usage reports ok 0, Failed Usage reports 0, indexed 0, rejected 0
09-07 03:34:21.654  8176  8176 I Finsky  : [2] vms.g(1): vms - Deduping intent android.intent.action.PACKAGE_ADDED
09-07 03:34:21.656  8176  8176 I Finsky  : [2] vms.g(1): vms - Received: android.intent.action.PACKAGE_ADDED, [JKgrAT7ZrU_atynDxHtFKlznxOwkruuqzdx-Cu5fTVw]
09-07 03:34:21.659  8176  9816 I Finsky  : [716] oll.run(296): Wrote row to frosting DB: 1622
09-07 03:34:21.665  7867  7932 I Icing   : Indexing com.google.android.gms-apps from com.google.android.gms
09-07 03:34:21.671  7867  7932 I Icing   : Indexing done com.google.android.gms-apps
09-07 03:34:21.671  8176  8176 I Finsky  : [2] vms.g(1): vms - Deduping intent android.intent.action.PACKAGE_ADDED
09-07 03:34:21.675  7867  7932 I Icing   : Indexing com.google.android.gms-apps from com.google.android.gms
09-07 03:34:21.676  7867  7932 I Icing   : Indexing done com.google.android.gms-apps
09-07 03:34:21.684  8176  8257 I Finsky  : [592] jnj.a(202): AIM: AppInfoManager-Perf > ItemModel > CacheSize=0, cacheHitCount=0, cacheMissCount=1, total appsWithNoServerDataCount=0. Missed  in cache (limit 10) : [ru.iteco.fmhandroid.test]
09-07 03:34:21.684  8176  9816 I Finsky  : [716] oll.run(296): Wrote row to frosting DB: 1623
09-07 03:34:21.685  8176  8257 I Finsky  : [592] jnm.n(24): AIM: AppInfoManager-Perf > ItemModel > ItemStore Called 1 apps cacheOptions = USE_CACHE
09-07 03:34:21.685  8176  8257 I Finsky  : [592] jnj.a(1098): AIM: ItemModel fetch - unauth(1), auth()
09-07 03:34:21.690  7867  7909 I Icing   : IndexChimeraService.getServiceInterface callingPackage=com.google.android.gms componentName=null serviceId=30
09-07 03:34:21.692  8176  8257 I Finsky  : [592] rmt.apply(40): ItemStore: Not cached: ru.iteco.fmhandroid.test
09-07 03:34:21.693  8176  8252 I Finsky  : [587] jnj.a(202): AIM: AppInfoManager-Perf > ItemModel > CacheSize=0, cacheHitCount=0, cacheMissCount=1, total appsWithNoServerDataCount=0. Missed  in cache (limit 10) : [ru.iteco.fmhandroid.test]
09-07 03:34:21.693  8176  8252 I Finsky  : [587] jnm.n(24): AIM: AppInfoManager-Perf > ItemModel > ItemStore Called 1 apps cacheOptions = USE_CACHE
09-07 03:34:21.693  8176  8252 I Finsky  : [587] jnj.a(1098): AIM: ItemModel fetch - unauth(1), auth()
09-07 03:34:21.694  8176  8252 I Finsky  : [587] rmt.apply(40): ItemStore: Not cached: ru.iteco.fmhandroid.test
09-07 03:34:21.698  8176  8189 I android.vendin: WaitForGcToComplete blocked Background on ProfileSaver for 40.493ms
09-07 03:34:21.719  7867  7901 W Icing   : No valid account for uploading user actions
09-07 03:34:21.721  2037  4831 W BroadcastQueue: Background execution not allowed: receiving Intent { act=android.intent.action.PACKAGE_REPLACED dat=package:ru.iteco.fmhandroid.test flg=0x4000010 (has extras) } to com.android.musicfx/.Compatibility$Receiver
09-07 03:34:21.722  2037  2066 W BroadcastQueue: Background execution not allowed: receiving Intent { act=android.intent.action.PACKAGE_REPLACED dat=package:ru.iteco.fmhandroid.test flg=0x4000010 (has extras) } to com.google.android.apps.photos/.account.full.FetchAccountPropertiesAppUpgradeBroadcastReceiver
09-07 03:34:21.722  2037  2066 W BroadcastQueue: Background execution not allowed: receiving Intent { act=android.intent.action.PACKAGE_REPLACED dat=package:ru.iteco.fmhandroid.test flg=0x4000010 (has extras) } to com.google.android.apps.photos/.account.full.SyncAccountsForLoginBroadcastReceiver
09-07 03:34:21.722  2037  2066 W BroadcastQueue: Background execution not allowed: receiving Intent { act=android.intent.action.PACKAGE_REPLACED dat=package:ru.iteco.fmhandroid.test flg=0x4000010 (has extras) } to com.google.android.apps.photos/.experiments.phenotype.full.PhenotypeAppUpgradeBroadcastReceiver
09-07 03:34:21.722  2037  2066 W BroadcastQueue: Background execution not allowed: receiving Intent { act=android.intent.action.PACKAGE_REPLACED dat=package:ru.iteco.fmhandroid.test flg=0x4000010 (has extras) } to com.google.android.apps.photos/.notificationchannels.AppUpdateBroadcastReceiver
09-07 03:34:21.722  2037  2037 W Looper  : Drained
09-07 03:34:21.723  2037  2066 W BroadcastQueue: Background execution not allowed: receiving Intent { act=android.intent.action.PACKAGE_REPLACED dat=package:ru.iteco.fmhandroid.test flg=0x4000010 (has extras) } to com.google.android.gms/.gass.chimera.PackageChangeBroadcastReceiver
09-07 03:34:21.723  2037  2066 W BroadcastQueue: Background execution not allowed: receiving Intent { act=android.intent.action.PACKAGE_REPLACED dat=package:ru.iteco.fmhandroid.test flg=0x4000010 (has extras) } to com.google.android.gms/.chimera.GmsIntentOperationService$PersistentTrustedReceiver
09-07 03:34:21.723  2037  2066 W BroadcastQueue: Background execution not allowed: receiving Intent { act=android.intent.action.PACKAGE_REPLACED dat=package:ru.iteco.fmhandroid.test flg=0x4000010 (has extras) } to com.google.android.ims/.receivers.RcsAutoStartReceiver
09-07 03:34:21.726  1858  2116 E         : Couldn't opendir /data/app/vmdl1372201155.tmp: No such file or directory
09-07 03:34:21.727  1858  2116 E installd: Failed to delete /data/app/vmdl1372201155.tmp: No such file or directory
09-07 03:34:21.748  7867  7901 I Icing   : Usage reports ok 0, Failed Usage reports 0, indexed 0, rejected 0
09-07 03:34:21.784  2037  2428 I ActivityManager: Force stopping ru.iteco.fmhandroid.test appid=10135 user=0: from pid 9836
09-07 03:34:21.795  2279  2279 D CarrierSvcBindHelper: No carrier app for: 0
09-07 03:34:21.814  8425  9819 I AlarmManager: setExactAndAllowWhileIdle [name: GCM_HB_ALARM type: 2 triggerAtMillis: 695707]
09-07 03:34:21.823  8425  9819 I AlarmManager: setExactAndAllowWhileIdle [name: GCM_HB_ALARM type: 2 triggerAtMillis: 695715]
09-07 03:34:21.878  1792  2272 E GnssHAL_GnssInterface: gnssSvStatusCb: a: input svInfo.flags is 8
09-07 03:34:21.878  1792  2272 E GnssHAL_GnssInterface: gnssSvStatusCb: b: input svInfo.flags is 8
09-07 03:34:22.342  9846  9846 D AndroidRuntime: >>>>>> START com.android.internal.os.RuntimeInit uid 2000 <<<<<<
09-07 03:34:22.372  9846  9846 E libc    : Access denied finding property "persist.device_config.runtime_native_boot.enable_apex_image"
09-07 03:34:22.373  9846  9846 I AndroidRuntime: Using default boot image
09-07 03:34:22.373  9846  9846 E libc    : Access denied finding property "persist.device_config.runtime_native_boot.disable_lock_profiling"
09-07 03:34:22.373  9846  9846 I AndroidRuntime: Leaving lock profiling enabled
09-07 03:34:22.374  9846  9846 E libc    : Access denied finding property "persist.device_config.runtime_native_boot.enable_generational_cc"
09-07 03:34:22.386  9846  9846 W app_process: Could not reserve sentinel fault page
09-07 03:34:22.365  9846  9846 W app_process: type=1400 audit(0.0:67): avc: denied { read } for name="u:object_r:device_config_runtime_native_boot_prop:s0" dev="tmpfs" ino=6894 scontext=u:r:shell:s0 tcontext=u:object_r:device_config_runtime_native_boot_prop:s0 tclass=file permissive=0
09-07 03:34:22.365  9846  9846 W app_process: type=1400 audit(0.0:68): avc: denied { read } for name="u:object_r:device_config_runtime_native_boot_prop:s0" dev="tmpfs" ino=6894 scontext=u:r:shell:s0 tcontext=u:object_r:device_config_runtime_native_boot_prop:s0 tclass=file permissive=0
09-07 03:34:22.365  9846  9846 W app_process: type=1400 audit(0.0:69): avc: denied { read } for name="u:object_r:device_config_runtime_native_boot_prop:s0" dev="tmpfs" ino=6894 scontext=u:r:shell:s0 tcontext=u:object_r:device_config_runtime_native_boot_prop:s0 tclass=file permissive=0
09-07 03:34:22.733  9846  9846 D ICU     : Time zone APEX file found: /apex/com.android.tzdata/etc/icu/icu_tzdata.dat
09-07 03:34:22.743  9846  9846 W app_process: Unexpected CPU variant for X86 using defaults: x86
09-07 03:34:22.750  9846  9846 I app_process: The ClassLoaderContext is a special shared library.
09-07 03:34:22.763  9846  9846 W app_process: JNI RegisterNativeMethods: attempt to register 0 native methods for android.media.AudioAttributes
09-07 03:34:22.769  8176  8257 E Finsky  : [592] rna.a(110): ItemStore: getItems RPC failed.
09-07 03:34:22.769  9846  9846 D AndroidRuntime: Calling main entry com.android.commands.am.Am
09-07 03:34:22.779  2037  2428 I ActivityManager: Force stopping ru.iteco.fmhandroid appid=10136 user=0: start instr
09-07 03:34:22.796  1775  1775 D Zygote  : Forked child process 9865
09-07 03:34:22.800  9865  9865 I teco.fmhandroi: Late-enabling -Xcheck:jni
09-07 03:34:22.810  9865  9865 E teco.fmhandroi: Unknown bits set in runtime_flags: 0x8000
09-07 03:34:22.810  9865  9865 W teco.fmhandroi: Unexpected CPU variant for X86 using defaults: x86
09-07 03:34:22.814  2037  2067 I ActivityManager: Start proc 9865:ru.iteco.fmhandroid/u0a136 for added application ru.iteco.fmhandroid
09-07 03:34:22.852  9865  9865 I teco.fmhandroi: The ClassLoaderContext is a special shared library.
09-07 03:34:22.855  9865  9865 I teco.fmhandroi: The ClassLoaderContext is a special shared library.
09-07 03:34:22.877  1792  2272 E GnssHAL_GnssInterface: gnssSvStatusCb: a: input svInfo.flags is 8
09-07 03:34:22.877  1792  2272 E GnssHAL_GnssInterface: gnssSvStatusCb: b: input svInfo.flags is 8
09-07 03:34:23.210  9865  9865 I teco.fmhandroi: The ClassLoaderContext is a special shared library.
09-07 03:34:23.211  9865  9865 I teco.fmhandroi: The ClassLoaderContext is a special shared library.
09-07 03:34:23.503  9865  9865 W teco.fmhandroi: Accessing hidden method Landroid/app/Instrumentation;->execStartActivity(Landroid/content/Context;Landroid/os/IBinder;Landroid/os/IBinder;Landroid/app/Activity;Landroid/content/Intent;ILandroid/os/Bundle;)Landroid/app/Instrumentation$ActivityResult; (greylist, linking, allowed)
09-07 03:34:23.503  9865  9865 W teco.fmhandroi: Accessing hidden method Landroid/app/Instrumentation;->execStartActivity(Landroid/content/Context;Landroid/os/IBinder;Landroid/os/IBinder;Ljava/lang/String;Landroid/content/Intent;ILandroid/os/Bundle;)Landroid/app/Instrumentation$ActivityResult; (greylist, linking, allowed)
09-07 03:34:23.510  9865  9865 I MonitoringInstr: newApplication called!
09-07 03:34:23.530  9865  9865 I FirebaseApp: Device unlocked: initializing all Firebase APIs for app [DEFAULT]
09-07 03:34:23.537  9865  9865 I FirebaseCrashlytics: Initializing Firebase Crashlytics 18.2.6 for ru.iteco.fmhandroid
09-07 03:34:23.568  9865  9899 I DynamiteModule: Considering local module com.google.android.gms.measurement.dynamite:55 and remote module com.google.android.gms.measurement.dynamite:93
09-07 03:34:23.568  9865  9899 I DynamiteModule: Selected remote version of com.google.android.gms.measurement.dynamite, version >= 93
09-07 03:34:23.569  9865  9899 V DynamiteModule: Dynamite loader version >= 2, using loadModule2NoCrashUtils
09-07 03:34:23.584  9865  9899 W System  : ClassLoader referenced unknown path: 
09-07 03:34:23.636  9865  9865 I FirebaseInitProvider: FirebaseApp initialization successful
09-07 03:34:23.649  9865  9899 W teco.fmhandroi: Accessing hidden method Lsun/misc/Unsafe;->arrayBaseOffset(Ljava/lang/Class;)I (greylist,core-platform-api, linking, allowed)
09-07 03:34:23.650  9865  9899 W teco.fmhandroi: Accessing hidden method Lsun/misc/Unsafe;->arrayIndexScale(Ljava/lang/Class;)I (greylist, linking, allowed)
09-07 03:34:23.650  9865  9899 W teco.fmhandroi: Accessing hidden method Lsun/misc/Unsafe;->compareAndSwapInt(Ljava/lang/Object;JII)Z (greylist, linking, allowed)
09-07 03:34:23.650  9865  9899 W teco.fmhandroi: Accessing hidden method Lsun/misc/Unsafe;->compareAndSwapLong(Ljava/lang/Object;JJJ)Z (greylist, linking, allowed)
09-07 03:34:23.650  9865  9899 W teco.fmhandroi: Accessing hidden method Lsun/misc/Unsafe;->getIntVolatile(Ljava/lang/Object;J)I (greylist, linking, allowed)
09-07 03:34:23.650  9865  9899 W teco.fmhandroi: Accessing hidden method Lsun/misc/Unsafe;->getObjectVolatile(Ljava/lang/Object;J)Ljava/lang/Object; (greylist, linking, allowed)
09-07 03:34:23.650  9865  9899 W teco.fmhandroi: Accessing hidden method Lsun/misc/Unsafe;->objectFieldOffset(Ljava/lang/reflect/Field;)J (greylist,core-platform-api, linking, allowed)
09-07 03:34:23.650  9865  9899 W teco.fmhandroi: Accessing hidden method Lsun/misc/Unsafe;->putObjectVolatile(Ljava/lang/Object;JLjava/lang/Object;)V (greylist, linking, allowed)
09-07 03:34:23.650  9865  9899 W teco.fmhandroi: Accessing hidden field Lsun/misc/Unsafe;->theUnsafe:Lsun/misc/Unsafe; (greylist, reflection, allowed)
09-07 03:34:23.654  9865  9865 I MonitoringInstr: Instrumentation started!
09-07 03:34:23.661  9865  9865 D ClassesArgTokenizer: input: ru.iteco.fmhandroid.ui.ControlPanelTest#shouldOpenCreateNewsForm
09-07 03:34:23.663  9865  9865 D ClassesArgTokenizer: result: [ru.iteco.fmhandroid.ui.ControlPanelTest#shouldOpenCreateNewsForm]
09-07 03:34:23.663  9865  9865 D ClassesArgTokenizer: input: null
09-07 03:34:23.663  9865  9865 D ClassesArgTokenizer: result: []
09-07 03:34:23.667  9865  9865 V TestEventClient: No service name argument was given (testDiscoveryService, testRunEventService or orchestratorService)
09-07 03:34:23.677  9865  9911 D AndroidJUnitRunner: onStart is called.
09-07 03:34:23.682  9865  9865 I MonitoringInstr: No JSBridge.
09-07 03:34:23.695  9865  9911 D TestRequestBuilder: Skipping class path scanning and directly running [ru.iteco.fmhandroid.ui.ControlPanelTest]
09-07 03:34:23.701  9865  9911 D ClassesArgTokenizer: input: ru.iteco.fmhandroid.ui.ControlPanelTest#shouldOpenCreateNewsForm
09-07 03:34:23.701  9865  9911 D ClassesArgTokenizer: result: [ru.iteco.fmhandroid.ui.ControlPanelTest#shouldOpenCreateNewsForm]
09-07 03:34:23.701  9865  9911 D ClassesArgTokenizer: input: null
09-07 03:34:23.701  9865  9911 D ClassesArgTokenizer: result: []
09-07 03:34:23.716  9865  9911 D AndroidJUnitRunner: Use the raw file system for managing file I/O.
09-07 03:34:23.717  9865  9909 V FA      : App measurement collection enabled
09-07 03:34:23.718  9865  9909 V FA      : App measurement enabled for app package, google app id: ru.iteco.fmhandroid, 1:729587742060:android:e7d6f87c783f52b9a42f49
09-07 03:34:23.721  9865  9909 I FA      : App measurement initialized, version: 80069
09-07 03:34:23.721  9865  9909 I FA      : To enable debug logging run: adb shell setprop log.tag.FA VERBOSE
09-07 03:34:23.721  9865  9909 I FA      : To enable faster debug mode event logging run:
09-07 03:34:23.721  9865  9909 I FA      :   adb shell setprop debug.firebase.analytics.app ru.iteco.fmhandroid
09-07 03:34:23.721  9865  9909 D FA      : Debug-level message logging enabled
09-07 03:34:23.723  9865  9911 D TestExecutor: Adding listener androidx.test.internal.runner.listener.LogRunListener
09-07 03:34:23.724  9865  9911 D TestExecutor: Adding listener androidx.test.internal.runner.listener.InstrumentationResultPrinter
09-07 03:34:23.724  9865  9911 D TestExecutor: Adding listener androidx.test.internal.runner.listener.ActivityFinisherRunListener
09-07 03:34:23.724  9865  9911 D TestExecutor: Adding listener androidx.test.internal.runner.listener.TraceRunListener
09-07 03:34:23.728  9865  9911 I TestRunner: run started: 1 tests
09-07 03:34:23.746  9865  9909 D FA      : Resetting session stitching token to not null
09-07 03:34:23.759  9865  9909 V FA      : Connecting to remote service
09-07 03:34:23.763  7867  7867 D BoundBrokerSvc: onBind: Intent { act=com.google.android.gms.measurement.START pkg=com.google.android.gms }
09-07 03:34:23.763  7867  7867 D BoundBrokerSvc: Loading bound service for intent: Intent { act=com.google.android.gms.measurement.START pkg=com.google.android.gms }
09-07 03:34:23.767  9865  9911 I TestRunner: started: shouldOpenCreateNewsForm(ru.iteco.fmhandroid.ui.ControlPanelTest)
09-07 03:34:23.776  9865  9909 V FA      : Connection attempt already in progress
09-07 03:34:23.785  9865  9909 V FA      : Connection attempt already in progress
09-07 03:34:23.785  9865  9909 D FA      : Connected to remote service
09-07 03:34:23.786  9865  9909 V FA      : Processing queued up service tasks: 3
09-07 03:34:23.833  7867  9914 V FA-SVC  : Saving default event parameters, appId, data size: ru.iteco.fmhandroid, 2
09-07 03:34:23.878  1792  2272 E GnssHAL_GnssInterface: gnssSvStatusCb: a: input svInfo.flags is 8
09-07 03:34:23.878  1792  2272 E GnssHAL_GnssInterface: gnssSvStatusCb: b: input svInfo.flags is 8
09-07 03:34:23.899  1774  9915 E ResolverController: No valid NAT64 prefix (101, <unspecified>/0)
09-07 03:34:23.949  2037  2037 V SettingsProvider: Notifying for 0: content://settings/secure/accessibility_enabled
09-07 03:34:23.953  2689  3033 I fteu    : (REDACTED) #onAccessibilityStateChanged enabled: %s
09-07 03:34:23.965  2666  3003 I biwj    : NGA disabled since it's running Panthera and at least one a11y feature is on.
09-07 03:34:23.969  2666  3003 I biwj    : (REDACTED) Nga state changed to %s
09-07 03:34:23.969  2689  3084 I fteu    : #onChange
09-07 03:34:23.974  2689  3084 I csoe    : #FCF: onChange
09-07 03:34:23.992  2689  3084 I csoi    : (REDACTED) FCF System FeatureName to check: %s
09-07 03:34:23.993  2689  3084 I csoi    : (REDACTED) FCF: Device model check status : %s
09-07 03:34:23.996  2689  3085 I csof    : FCF A11y Checker - readyForTngMa
09-07 03:34:24.007  2689  3085 I csqs    : (REDACTED) #FCF: Managed profile check status : %s
09-07 03:34:24.008  2689  3084 I ctnd    : (REDACTED) #isBluetoothOrWiredHeadsetConnected Number of connected audio devices: %s
09-07 03:34:24.008  2689  3084 I cspe    : (REDACTED) #FCF: Headset Connected Status: %s
09-07 03:34:24.009  2689  3085 I csqr    : (REDACTED) #FCF: Demo mode check status : %s
09-07 03:34:24.014  2689  3085 I csno    : (REDACTED) #FCF: Assistant primary locale : %s
09-07 03:34:24.014  2689  3085 I csno    : (REDACTED) #FCF: Assistant Primary locale check status : %s
09-07 03:34:24.021  9865  9911 W Settings: Setting always_finish_activities has moved from android.provider.Settings.System to android.provider.Settings.Global, returning read-only value.
09-07 03:34:24.026  2666  2806 I earchbox:searc: Waiting for a blocking GC ProfileSaver
09-07 03:34:24.032  8425  8425 W SystemServiceRegistry: No service published for: persistent_data_block
09-07 03:34:24.038  2037  2428 I ActivityTaskManager: START u0 {act=android.intent.action.MAIN cat=[android.intent.category.LAUNCHER] flg=0x10008000 cmp=ru.iteco.fmhandroid.test/androidx.test.core.app.InstrumentationActivityInvoker$BootstrapActivity (has extras)} from uid 10136
09-07 03:34:24.039  2689  3085 I yzq     : (REDACTED) Nga on-device enabled based on TNG:MA active state: %b
09-07 03:34:24.040  7867  7867 D BoundBrokerSvc: onBind: Intent { act=com.google.android.gms.checkin.START pkg=com.google.android.gms }
09-07 03:34:24.040  7867  7867 D BoundBrokerSvc: Loading bound service for intent: Intent { act=com.google.android.gms.checkin.START pkg=com.google.android.gms }
09-07 03:34:24.042  2666  3039 I bjbd    : Trying to enqueue PieTriggeringWorker
09-07 03:34:24.046  2689  2689 I aaag    : (REDACTED) eventData = %s
09-07 03:34:24.046  2689  3085 I yzq     : (REDACTED) Nga on-device enabled based on TNG:MA active state: %b
09-07 03:34:24.047  2689  3085 I yzq     : Unsubscribed to apa or classic variant change.
09-07 03:34:24.057  2037  2061 E system_server: Invalid ID 0x00000000.
09-07 03:34:24.059  2037  4391 W InputReader: Device has associated, but no associated display id.
09-07 03:34:24.059  2037  4391 I chatty  : uid=1000(system) Binder:2037_13 identical 8 lines
09-07 03:34:24.059  2037  4391 W InputReader: Device has associated, but no associated display id.
09-07 03:34:24.070  1793  1793 D gralloc_ranchu: gralloc_alloc: Creating ashmem region of size 9850880
09-07 03:34:24.077  2689  3084 I znc     : Logging success flow
09-07 03:34:24.078  7867  8058 I Checkin : [CheckinApiChimeraService] onGetService
09-07 03:34:24.087  2666  2806 I earchbox:searc: WaitForGcToComplete blocked ProfileSaver on HeapTrim for 63.016ms
09-07 03:34:24.103  1775  1775 D Zygote  : Forked child process 9923
09-07 03:34:24.105  2037  2067 I ActivityManager: Start proc 9923:ru.iteco.fmhandroid.test/u0a135 for activity {ru.iteco.fmhandroid.test/androidx.test.core.app.InstrumentationActivityInvoker$BootstrapActivity}
09-07 03:34:24.106  2666  3039 I bjbd    : Trying to enqueue PieTriggeringWorker
09-07 03:34:24.107  2689  3085 W csqu    : Unable to check for productivity accounts. Assuming there are none.
09-07 03:34:24.107  2689  3085 W csqu    : com.google.android.libraries.geller.portable.GellerException: Code: INVALID_ARGUMENT, Message: Account name is null.
09-07 03:34:24.107  2689  3085 W csqu    : 	at ghid.a(PG:6)
09-07 03:34:24.107  2689  3085 W csqu    : 	at gxvx.a(PG:3)
09-07 03:34:24.107  2689  3085 W csqu    : 	at hnzx.a(PG:1)
09-07 03:34:24.107  2689  3085 W csqu    : 	at hobr.run(PG:4)
09-07 03:34:24.107  2689  3085 W csqu    : 	at ewes.run(PG:1)
09-07 03:34:24.107  2689  3085 W csqu    : 	at java.util.concurrent.ThreadPoolExecutor.runWorker(ThreadPoolExecutor.java:1167)
09-07 03:34:24.107  2689  3085 W csqu    : 	at java.util.concurrent.ThreadPoolExecutor$Worker.run(ThreadPoolExecutor.java:641)
09-07 03:34:24.107  2689  3085 W csqu    : 	at ewdw.run(PG:2)
09-07 03:34:24.107  2689  3085 W csqu    : 	at java.lang.Thread.run(Thread.java:919)
09-07 03:34:24.107  2689  3085 W csqu    : 	at ewfb.run(PG:5)
09-07 03:34:24.109  2689  2689 I aaag    : (REDACTED) eventData = %s
09-07 03:34:24.112  2689  3085 I csts    : (REDACTED) #FCF evaluate: %s
09-07 03:34:24.112  2689  3085 I csts    : (REDACTED) TngMaStatusChecker#evaluateInternal completed in %s millis
09-07 03:34:24.115  2689  3085 I cscy    : (REDACTED) TNG:MA status updated: %s
09-07 03:34:24.115  2689  3085 I cscy    : TNG:MA became ineligible, client should disconnect
09-07 03:34:24.117  2689  3085 I cscy    : #disconnectAndStop - preventing double stop
09-07 03:34:24.119  2689  3085 I csts    : #invalidationSource: adding saa update checker
09-07 03:34:24.120  2689  3085 I csts    : #invalidationSource: adding headset checker
09-07 03:34:24.120  2689  3085 I znc     : Logging success flow
09-07 03:34:24.122  9923  9923 I fmhandroid.tes: Late-enabling -Xcheck:jni
09-07 03:34:24.144  2666  3039 I bjbd    : Trying to enqueue PieTriggeringWorker
09-07 03:34:24.145  9923  9923 E fmhandroid.tes: Unknown bits set in runtime_flags: 0x8000
09-07 03:34:24.145  9923  9923 W fmhandroid.tes: Unexpected CPU variant for X86 using defaults: x86
09-07 03:34:24.149  2689  2689 I aaag    : (REDACTED) eventData = %s
09-07 03:34:24.163  2666  2666 I dnsi    : onPause
09-07 03:34:24.168  2037  2425 W InputReader: Device has associated, but no associated display id.
09-07 03:34:24.183  2037  2425 I chatty  : uid=1000(system) Binder:2037_7 identical 28 lines
09-07 03:34:24.183  2037  2425 W InputReader: Device has associated, but no associated display id.
09-07 03:34:24.193  2037  2061 W InputReader: Device has associated, but no associated display id.
09-07 03:34:24.194  2037  2061 I chatty  : uid=1000(system) android.anim identical 8 lines
09-07 03:34:24.194  2037  2061 W InputReader: Device has associated, but no associated display id.
09-07 03:34:24.216  2666  3068 D EGL_emulation: eglMakeCurrent: 0xda21b0e0: ver 2 0 (tinfo 0xda20fbb0)
09-07 03:34:24.221  2182  2468 D EGL_emulation: eglMakeCurrent: 0xda21a360: ver 2 0 (tinfo 0xda20f590)
09-07 03:34:24.231  9923  9923 I fmhandroid.tes: The ClassLoaderContext is a special shared library.
09-07 03:34:24.234  9923  9923 I fmhandroid.tes: The ClassLoaderContext is a special shared library.
09-07 03:34:24.237  2182  2468 D EGL_emulation: eglMakeCurrent: 0xda21a360: ver 2 0 (tinfo 0xda20f590)
09-07 03:34:24.239  2182  2182 W View    : requestLayout() improperly called by com.android.keyguard.AlphaOptimizedLinearLayout{551c6d8 V.E...... ......ID 7,0-48,61 #7f0a041c app:id/wifi_group} during second layout pass: posting in next frame
09-07 03:34:24.244  2182  2182 W View    : requestLayout() improperly called by StatusBarIconView(slot=mobile icon=null notification=null) during layout: running second layout pass
09-07 03:34:24.263  2434  2714 D EGL_emulation: eglMakeCurrent: 0xed453b60: ver 2 0 (tinfo 0xe233a960)
09-07 03:34:24.375  2666  5798 V ClearcutMetricXmitter: Transmission is done.
09-07 03:34:24.562  1823  2077 E SurfaceFlinger: ro.sf.lcd_density must be defined as a build property
09-07 03:34:24.564  1823  2077 E SurfaceFlinger: ro.sf.lcd_density must be defined as a build property
09-07 03:34:24.568  9923  9958 D libEGL  : Emulator has host GPU support, qemu.gles is set to 1.
09-07 03:34:24.568  9923  9958 W libc    : Unable to set property "qemu.gles" to "1": connection failed; errno=13 (Permission denied)
09-07 03:34:24.581  9923  9958 D libEGL  : loaded /vendor/lib/egl/libEGL_emulation.so
09-07 03:34:24.581  9923  9958 D libEGL  : loaded /vendor/lib/egl/libGLESv1_CM_emulation.so
09-07 03:34:24.582  9923  9958 D libEGL  : loaded /vendor/lib/egl/libGLESv2_emulation.so
09-07 03:34:24.565  9923  9923 W RenderThread: type=1400 audit(0.0:70): avc: denied { write } for name="property_service" dev="tmpfs" ino=6988 scontext=u:r:untrusted_app:s0:c135,c256,c512,c768 tcontext=u:object_r:property_socket:s0 tclass=sock_file permissive=0
09-07 03:34:24.619  2037  4510 I ActivityTaskManager: START u0 {act=android.intent.action.MAIN cat=[android.intent.category.LAUNCHER] cmp=ru.iteco.fmhandroid/.ui.AppActivity} from uid 10136
09-07 03:34:24.631  2037  4510 W InputReader: Device has associated, but no associated display id.
09-07 03:34:24.634  2037  4510 I chatty  : uid=1000(system) Binder:2037_15 identical 38 lines
09-07 03:34:24.634  2037  4510 W InputReader: Device has associated, but no associated display id.
09-07 03:34:24.635  9865  9865 W ActivityThread: handleWindowVisibility: no activity for token android.os.BinderProxy@dce2beb
09-07 03:34:24.635  2037  4510 W InputReader: Device has associated, but no associated display id.
09-07 03:34:24.640  2037  4510 I chatty  : uid=1000(system) Binder:2037_15 identical 18 lines
09-07 03:34:24.640  2037  4510 W InputReader: Device has associated, but no associated display id.
09-07 03:34:24.652  2666  2666 I dnsi    : onStop
09-07 03:34:24.661  1823  2078 E SurfaceFlinger: ro.sf.lcd_density must be defined as a build property
09-07 03:34:24.668  1823  2078 E SurfaceFlinger: ro.sf.lcd_density must be defined as a build property
09-07 03:34:24.673  9865  9962 D libEGL  : Emulator has host GPU support, qemu.gles is set to 1.
09-07 03:34:24.675  9865  9962 W libc    : Unable to set property "qemu.gles" to "1": connection failed; errno=13 (Permission denied)
09-07 03:34:24.665  9865  9865 W RenderThread: type=1400 audit(0.0:71): avc: denied { write } for name="property_service" dev="tmpfs" ino=6988 scontext=u:r:untrusted_app:s0:c136,c256,c512,c768 tcontext=u:object_r:property_socket:s0 tclass=sock_file permissive=0
09-07 03:34:24.693  1823  1823 W SurfaceFlinger: couldn't log to binary event log: overflow.
09-07 03:34:24.693  1823  1823 W SurfaceFlinger: couldn't log to binary event log: overflow.
09-07 03:34:24.744  9865  9962 D libEGL  : loaded /vendor/lib/egl/libEGL_emulation.so
09-07 03:34:24.752  9865  9962 D libEGL  : loaded /vendor/lib/egl/libGLESv1_CM_emulation.so
09-07 03:34:24.758  9865  9962 D libEGL  : loaded /vendor/lib/egl/libGLESv2_emulation.so
09-07 03:34:24.767  9865  9865 D LifecycleMonitor: Lifecycle status change: ru.iteco.fmhandroid.ui.AppActivity@bf025f4 in: PRE_ON_CREATE
09-07 03:34:24.770  9865  9865 V ActivityScenario: Activity lifecycle changed event received but ignored because the reported transition was not ON_CREATE while the last known transition was PRE_ON_CREATE
09-07 03:34:24.792  9865  9899 V FA      : onActivityCreated
09-07 03:34:24.843  9865  9865 W teco.fmhandroi: Accessing hidden method Landroid/view/View;->computeFitSystemWindows(Landroid/graphics/Rect;Landroid/graphics/Rect;)Z (greylist, reflection, allowed)
09-07 03:34:24.844  9865  9865 W teco.fmhandroi: Accessing hidden method Landroid/view/ViewGroup;->makeOptionalFitsSystemWindows()V (greylist, reflection, allowed)
09-07 03:34:24.878  1792  2272 E GnssHAL_GnssInterface: gnssSvStatusCb: a: input svInfo.flags is 8
09-07 03:34:24.878  1792  2272 E GnssHAL_GnssInterface: gnssSvStatusCb: b: input svInfo.flags is 8
09-07 03:34:25.007  9865  9865 D NetworkSecurityConfig: No Network Security Config specified, using platform default
09-07 03:34:25.020  9865  9865 W teco.fmhandroi: Accessing hidden method Ljava/lang/invoke/MethodHandles$Lookup;-><init>(Ljava/lang/Class;I)V (greylist, reflection, allowed)
09-07 03:34:25.160  9865  9865 D LifecycleMonitor: Lifecycle status change: ru.iteco.fmhandroid.ui.AppActivity@bf025f4 in: CREATED
09-07 03:34:25.160  9865  9865 V ActivityScenario: Update currentActivityStage to CREATED, currentActivity=ru.iteco.fmhandroid.ui.AppActivity@bf025f4
09-07 03:34:25.297  9865  9865 D LifecycleMonitor: Lifecycle status change: ru.iteco.fmhandroid.ui.AppActivity@bf025f4 in: STARTED
09-07 03:34:25.298  9865  9865 V ActivityScenario: Update currentActivityStage to STARTED, currentActivity=ru.iteco.fmhandroid.ui.AppActivity@bf025f4
09-07 03:34:25.300  9865  9865 D LifecycleMonitor: Lifecycle status change: ru.iteco.fmhandroid.ui.AppActivity@bf025f4 in: RESUMED
09-07 03:34:25.300  9865  9865 V ActivityScenario: Update currentActivityStage to RESUMED, currentActivity=ru.iteco.fmhandroid.ui.AppActivity@bf025f4
09-07 03:34:25.300  9865  9909 V FA      : Activity resumed, time: 589193
09-07 03:34:25.305  9865  9899 W teco.fmhandroi: Accessing hidden method Lsun/misc/Unsafe;->compareAndSwapObject(Ljava/lang/Object;JLjava/lang/Object;Ljava/lang/Object;)Z (greylist, linking, allowed)
09-07 03:34:25.305  9865  9899 W teco.fmhandroi: Accessing hidden method Lsun/misc/Unsafe;->getObject(Ljava/lang/Object;J)Ljava/lang/Object; (greylist, linking, allowed)
09-07 03:34:25.308  9865  9909 I FA      : Tag Manager is not found and thus will not be used
09-07 03:34:25.314  9865  9911 W FileTestStorage: Output properties is not supported.
09-07 03:34:25.315  9865  9911 I Tracing : Tracer added: class androidx.test.platform.tracing.AndroidXTracer
09-07 03:34:25.331  9865  9911 D EventInjectionStrategy: Creating injection strategy with input manager.
