09-07 03:34:36.833  9865  9999 I okhttp.OkHttpClient: --> END POST (41-byte body)
09-07 03:34:36.835  1774 10000 E ResolverController: No valid NAT64 prefix (101, <unspecified>/0)
09-07 03:34:36.878  1792  2272 E GnssHAL_GnssInterface: gnssSvStatusCb: a: input svInfo.flags is 8
09-07 03:34:36.878  1792  2272 E GnssHAL_GnssInterface: gnssSvStatusCb: b: input svInfo.flags is 8
09-07 03:34:37.058  9865  9911 W teco.fmhandroi: Accessing hidden method Lsun/misc/Unsafe;->compareAndSwapObject(Ljava/lang/Object;JLjava/lang/Object;Ljava/lang/Object;)Z (greylist, linking, allowed)
09-07 03:34:37.060  9865  9865 I ViewInteraction: Performing 'wait for a specific view with <an instance of android.widget.TextView and view.getText() with or without transformation to match: is "News"> during 10000 millis.' action on view view.getRootView() to equal view
09-07 03:34:37.879  1792  2272 E GnssHAL_GnssInterface: gnssSvStatusCb: a: input svInfo.flags is 8
09-07 03:34:37.879  1792  2272 E GnssHAL_GnssInterface: gnssSvStatusCb: b: input svInfo.flags is 8
09-07 03:34:38.879  1792  2272 E GnssHAL_GnssInterface: gnssSvStatusCb: a: input svInfo.flags is 8
09-07 03:34:38.880  1792  2272 E GnssHAL_GnssInterface: gnssSvStatusCb: b: input svInfo.flags is 8
09-07 03:34:39.133  7867  7867 D BoundBrokerSvc: onUnbind: Intent { act=com.google.android.gms.checkin.START pkg=com.google.android.gms }
09-07 03:34:39.716  8176  8250 I Finsky  : [585] xty.accept(378): SCH: Scheduling phonesky job Id: 12-1, CT: 1694057661633, Constraints: [{ L: 15000, D: 86400000, C: 1, I: 1, N: 1 }]
09-07 03:34:39.725  8176  8257 I Finsky  : [592] yew.apply(123): SCH: Scheduling 1 system job(s)
09-07 03:34:39.725  8176  8257 I Finsky  : [592] yvz.d(263): SCH: Scheduling system job Id: 9038, L: 0, D: 73282904, C: false, I: false, N: 1
09-07 03:34:39.728  7867  7867 D BoundBrokerSvc: onUnbind: Intent { act=com.google.android.gms.inappreach.service.START dat=chimera-action: cmp=com.google.android.gms/.chimera.GmsApiService }
09-07 03:34:39.735  8176  8176 I Finsky  : [2] yxo.onStartJob(132): SCH: job service start with id 9038.
09-07 03:34:39.739  8176  8256 I Finsky  : [591] xty.accept(378): SCH: Scheduling phonesky job Id: 12-1, CT: 1694057661594, Constraints: [{ L: 15000, D: 86400000, C: 1, I: 1, N: 1 }]
09-07 03:34:39.740  8176  8246 I Finsky  : [581] kiz.aeG(143): [ContentSync] finished, scheduled=true
09-07 03:34:39.744  8176  9828 I Finsky  : [719] yvx.a(769): SCH: Satisfied jobs for 9038 are: 12-1
09-07 03:34:39.745  8176  8256 I Finsky  : [591] yew.apply(123): SCH: Scheduling 0 system job(s)
09-07 03:34:39.745  8176  8256 I Finsky  : [591] kiz.aeG(143): [ContentSync] finished, scheduled=true
09-07 03:34:39.748  8176 10003 I Finsky  : [725] ywl.accept(764): SCH: Job 12-1 starting
09-07 03:34:39.748  8176  8176 I Finsky  : [2] ContentSyncJob.v(14): [ContentSync] job started
09-07 03:34:39.854  8176 10004 I Finsky  : [726] tcy.p(41): Completed 0 account content syncs with 0 successful.
09-07 03:34:39.854  8176  8176 I Finsky  : [2] ContentSyncJob.a(14): [ContentSync] Installation state replication succeeded.
09-07 03:34:39.855  8176  8176 I Finsky  : [2] ywb.r(83): SCH: jobFinished: 12-1. TimeElapsed: 106ms.
09-07 03:34:39.878  8176  8256 I Finsky  : [591] xty.accept(378): SCH: Scheduling phonesky job Id: 1-1337, CT: 1694057295644, Constraints: [{ L: 30466985, D: 73666985, C: 1, I: 1, N: 1 }]
09-07 03:34:39.878  1792  2272 E GnssHAL_GnssInterface: gnssSvStatusCb: a: input svInfo.flags is 8
09-07 03:34:39.878  1792  2272 E GnssHAL_GnssInterface: gnssSvStatusCb: b: input svInfo.flags is 8
09-07 03:34:39.880  8176  8256 I Finsky  : [591] xty.accept(378): SCH: Scheduling phonesky job Id: 10-4, CT: 1694057295294, Constraints: [{ L: 1200000, D: 86400000, C: 1, I: 1, N: 1 }]
09-07 03:34:39.880  8176  8256 I Finsky  : [591] xty.accept(378): SCH: Scheduling phonesky job Id: 10-11, CT: 1694057295294, Constraints: [{ L: 600000, D: 86400000, C: 1, I: 1, N: 1 }]
09-07 03:34:39.880  8176  8256 I Finsky  : [591] xty.accept(378): SCH: Scheduling phonesky job Id: 10-26, CT: 1694057295295, Constraints: [{ L: 600000, D: 86400000, C: 1, I: 1, N: 1 }]
09-07 03:34:39.886  8176  8257 I Finsky  : [592] yew.apply(123): SCH: Scheduling 1 system job(s)
09-07 03:34:39.886  8176  8257 I Finsky  : [592] yvz.d(263): SCH: Scheduling system job Id: 9044, L: 215408, D: 73282743, C: false, I: false, N: 1
09-07 03:34:39.892  8176 10003 I Finsky  : [725] yxo.a(17): SCH: job service finished with id 9038.
09-07 03:34:39.953  1781  1887 W audio_hw_generic: Not supplying enough data to HAL, expected position 6255411 , only wrote 6080539
09-07 03:34:40.880  1792  2272 E GnssHAL_GnssInterface: gnssSvStatusCb: a: input svInfo.flags is 8
09-07 03:34:40.880  1792  2272 E GnssHAL_GnssInterface: gnssSvStatusCb: b: input svInfo.flags is 8
09-07 03:34:41.880  1792  2272 E GnssHAL_GnssInterface: gnssSvStatusCb: a: input svInfo.flags is 8
09-07 03:34:41.880  1792  2272 E GnssHAL_GnssInterface: gnssSvStatusCb: b: input svInfo.flags is 8
09-07 03:34:42.882  1792  2272 E GnssHAL_GnssInterface: gnssSvStatusCb: a: input svInfo.flags is 8
09-07 03:34:42.882  1792  2272 E GnssHAL_GnssInterface: gnssSvStatusCb: b: input svInfo.flags is 8
09-07 03:34:43.722  9865  9982 I okhttp.OkHttpClient: <-- HTTP FAILED: java.net.SocketTimeoutException: timeout
09-07 03:34:43.726  9865  9865 W System.err: ru.iteco.fmhandroid.exceptions.ServerException
09-07 03:34:43.726  9865  9865 W System.err: 	at ru.iteco.fmhandroid.utils.Utils.makeRequest(Utils.kt:119)
09-07 03:34:43.726  9865  9865 W System.err: 	at ru.iteco.fmhandroid.utils.Utils$makeRequest$1.invokeSuspend(Unknown Source:15)
09-07 03:34:43.726  9865  9865 W System.err: 	at kotlin.coroutines.jvm.internal.BaseContinuationImpl.resumeWith(ContinuationImpl.kt:33)
09-07 03:34:43.726  9865  9865 W System.err: 	at kotlinx.coroutines.DispatchedTask.run(DispatchedTask.kt:104)
09-07 03:34:43.726  9865  9865 W System.err: 	at android.os.Handler.handleCallback(Handler.java:883)
09-07 03:34:43.726  9865  9865 W System.err: 	at android.os.Handler.dispatchMessage(Handler.java:100)
09-07 03:34:43.727  9865  9865 W System.err: 	at androidx.test.espresso.base.Interrogator.loopAndInterrogate(Interrogator.java:14)
09-07 03:34:43.727  9865  9865 W System.err: 	at androidx.test.espresso.base.UiControllerImpl.loopUntil(UiControllerImpl.java:8)
09-07 03:34:43.727  9865  9865 W System.err: 	at androidx.test.espresso.base.UiControllerImpl.loopUntil(UiControllerImpl.java:1)
09-07 03:34:43.727  9865  9865 W System.err: 	at androidx.test.espresso.base.UiControllerImpl.loopMainThreadForAtLeast(UiControllerImpl.java:7)
09-07 03:34:43.727  9865  9865 W System.err: 	at ru.iteco.fmhandroid.ui.data.ViewActions$1.perform(ViewActions.java:48)
09-07 03:34:43.727  9865  9865 W System.err: 	at androidx.test.espresso.ViewInteraction$SingleExecutionViewAction.perform(ViewInteraction.java:2)
09-07 03:34:43.727  9865  9865 W System.err: 	at androidx.test.espresso.ViewInteraction.doPerform(ViewInteraction.java:25)
09-07 03:34:43.727  9865  9865 W System.err: 	at androidx.test.espresso.ViewInteraction.-$$Nest$mdoPerform(Unknown Source:0)
09-07 03:34:43.727  9865  9865 W System.err: 	at androidx.test.espresso.ViewInteraction$1.call(ViewInteraction.java:7)
09-07 03:34:43.727  9865  9865 W System.err: 	at androidx.test.espresso.ViewInteraction$1.call(ViewInteraction.java:1)
09-07 03:34:43.727  9865  9865 W System.err: 	at java.util.concurrent.FutureTask.run(FutureTask.java:266)
09-07 03:34:43.727  9865  9865 W System.err: 	at android.os.Handler.handleCallback(Handler.java:883)
09-07 03:34:43.728  9865  9865 W System.err: 	at android.os.Handler.dispatchMessage(Handler.java:100)
09-07 03:34:43.728  9865  9865 W System.err: 	at android.os.Looper.loop(Looper.java:214)
09-07 03:34:43.728  9865  9865 W System.err: 	at android.app.ActivityThread.main(ActivityThread.java:7356)
09-07 03:34:43.728  9865  9865 W System.err: 	at java.lang.reflect.Method.invoke(Native Method)
09-07 03:34:43.728  9865  9865 W System.err: 	at com.android.internal.os.RuntimeInit$MethodAndArgsCaller.run(RuntimeInit.java:492)
09-07 03:34:43.728  9865  9865 W System.err: 	at com.android.internal.os.ZygoteInit.main(ZygoteInit.java:930)
09-07 03:34:43.881  1792  2272 E GnssHAL_GnssInterface: gnssSvStatusCb: a: input svInfo.flags is 8
09-07 03:34:43.881  1792  2272 E GnssHAL_GnssInterface: gnssSvStatusCb: b: input svInfo.flags is 8
09-07 03:34:44.748  1937  1937 E netmgr  : Failed to open QEMU pipe 'qemud:network': Invalid argument
09-07 03:34:44.881  1792  2272 E GnssHAL_GnssInterface: gnssSvStatusCb: a: input svInfo.flags is 8
09-07 03:34:44.881  1792  2272 E GnssHAL_GnssInterface: gnssSvStatusCb: b: input svInfo.flags is 8
09-07 03:34:44.949  1939  1939 E wifi_forwarder: RemoteConnection failed to initialize: RemoteConnection failed to open pipe
09-07 03:34:45.880  1792  2272 E GnssHAL_GnssInterface: gnssSvStatusCb: a: input svInfo.flags is 8
09-07 03:34:45.880  1792  2272 E GnssHAL_GnssInterface: gnssSvStatusCb: b: input svInfo.flags is 8
09-07 03:34:46.882  1792  2272 E GnssHAL_GnssInterface: gnssSvStatusCb: a: input svInfo.flags is 8
09-07 03:34:46.882  1792  2272 E GnssHAL_GnssInterface: gnssSvStatusCb: b: input svInfo.flags is 8
09-07 03:34:46.978  9865  9999 I okhttp.OkHttpClient: <-- HTTP FAILED: java.net.SocketTimeoutException: timeout
09-07 03:34:46.982  9865  9865 W System.err: ru.iteco.fmhandroid.exceptions.ServerException
09-07 03:34:46.982  9865  9865 W System.err: 	at ru.iteco.fmhandroid.utils.Utils.makeRequest(Utils.kt:119)
09-07 03:34:46.983  9865  9865 W System.err: 	at ru.iteco.fmhandroid.utils.Utils$makeRequest$1.invokeSuspend(Unknown Source:15)
09-07 03:34:46.984  9865  9865 W System.err: 	at kotlin.coroutines.jvm.internal.BaseContinuationImpl.resumeWith(ContinuationImpl.kt:33)
09-07 03:34:46.984  9865  9865 W System.err: 	at kotlinx.coroutines.DispatchedTask.run(DispatchedTask.kt:104)
09-07 03:34:46.984  9865  9865 W System.err: 	at android.os.Handler.handleCallback(Handler.java:883)
09-07 03:34:46.984  9865  9865 W System.err: 	at android.os.Handler.dispatchMessage(Handler.java:100)
09-07 03:34:46.984  9865  9865 W System.err: 	at androidx.test.espresso.base.Interrogator.loopAndInterrogate(Interrogator.java:14)
09-07 03:34:46.984  9865  9865 W System.err: 	at androidx.test.espresso.base.UiControllerImpl.loopUntil(UiControllerImpl.java:8)
09-07 03:34:46.984  9865  9865 W System.err: 	at androidx.test.espresso.base.UiControllerImpl.loopUntil(UiControllerImpl.java:1)
09-07 03:34:46.984  9865  9865 W System.err: 	at androidx.test.espresso.base.UiControllerImpl.loopMainThreadForAtLeast(UiControllerImpl.java:7)
09-07 03:34:46.985  9865  9865 W System.err: 	at ru.iteco.fmhandroid.ui.data.ViewActions$1.perform(ViewActions.java:48)
09-07 03:34:46.985  9865  9865 W System.err: 	at androidx.test.espresso.ViewInteraction$SingleExecutionViewAction.perform(ViewInteraction.java:2)
09-07 03:34:46.985  9865  9865 W System.err: 	at androidx.test.espresso.ViewInteraction.doPerform(ViewInteraction.java:25)
09-07 03:34:46.985  9865  9865 W System.err: 	at androidx.test.espresso.ViewInteraction.-$$Nest$mdoPerform(Unknown Source:0)
09-07 03:34:46.985  9865  9865 W System.err: 	at androidx.test.espresso.ViewInteraction$1.call(ViewInteraction.java:7)
09-07 03:34:46.985  9865  9865 W System.err: 	at androidx.test.espresso.ViewInteraction$1.call(ViewInteraction.java:1)
09-07 03:34:46.985  9865  9865 W System.err: 	at java.util.concurrent.FutureTask.run(FutureTask.java:266)
09-07 03:34:46.985  9865  9865 W System.err: 	at android.os.Handler.handleCallback(Handler.java:883)
09-07 03:34:46.985  9865  9865 W System.err: 	at android.os.Handler.dispatchMessage(Handler.java:100)
09-07 03:34:46.986  9865  9865 W System.err: 	at android.os.Looper.loop(Looper.java:214)
09-07 03:34:46.986  9865  9865 W System.err: 	at android.app.ActivityThread.main(ActivityThread.java:7356)
09-07 03:34:46.986  9865  9865 W System.err: 	at java.lang.reflect.Method.invoke(Native Method)
09-07 03:34:46.986  9865  9865 W System.err: 	at com.android.internal.os.RuntimeInit$MethodAndArgsCaller.run(RuntimeInit.java:492)
09-07 03:34:46.986  9865  9865 W System.err: 	at com.android.internal.os.ZygoteInit.main(ZygoteInit.java:930)
09-07 03:34:46.995  2037  2065 E memtrack: Couldn't load memtrack module
09-07 03:34:46.995  2037  2065 W android.os.Debug: failed to get memory consumption info: -1
09-07 03:34:46.999  2037  2065 E memtrack: Couldn't load memtrack module
09-07 03:34:46.999  2037  2065 W android.os.Debug: failed to get memory consumption info: -1
09-07 03:34:47.001  2037  2065 E memtrack: Couldn't load memtrack module
09-07 03:34:47.001  2037  2065 W android.os.Debug: failed to get memory consumption info: -1
09-07 03:34:47.026  1793  1793 D gralloc_ranchu: gralloc_alloc: Creating ashmem region of size 438272
09-07 03:34:47.031  1793  1793 D gralloc_ranchu: gralloc_alloc: Creating ashmem region of size 438272
09-07 03:34:47.033  9865  9960 D EGL_emulation: eglMakeCurrent: 0xe2250080: ver 2 0 (tinfo 0xe2336220)
09-07 03:34:47.041  1793  1793 D gralloc_ranchu: gralloc_alloc: Creating ashmem region of size 438272
09-07 03:34:47.098  9865  9865 D takeScreenshot: Found 2 global views to redraw
09-07 03:34:47.104  9865  9960 D EGL_emulation: eglMakeCurrent: 0xe2250080: ver 2 0 (tinfo 0xe2336220)
09-07 03:34:47.126  9865  9960 D EGL_emulation: eglMakeCurrent: 0xe2250080: ver 2 0 (tinfo 0xe2336220)
09-07 03:34:47.143  1793  1793 D gralloc_ranchu: gralloc_alloc: Creating ashmem region of size 9850880
09-07 03:34:47.182  9865  9911 W DefaultFailureHandler: Failed to take screenshot
09-07 03:34:47.182  9865  9911 W DefaultFailureHandler: java.io.FileNotFoundException: view-op-error-2.png: open failed: EROFS (Read-only file system)
09-07 03:34:47.182  9865  9911 W DefaultFailureHandler: 	at libcore.io.IoBridge.open(IoBridge.java:496)
09-07 03:34:47.182  9865  9911 W DefaultFailureHandler: 	at java.io.FileOutputStream.<init>(FileOutputStream.java:235)
09-07 03:34:47.182  9865  9911 W DefaultFailureHandler: 	at java.io.FileOutputStream.<init>(FileOutputStream.java:125)
09-07 03:34:47.182  9865  9911 W DefaultFailureHandler: 	at androidx.test.platform.io.FileTestStorage.openOutputFile(FileTestStorage.java:60)
09-07 03:34:47.182  9865  9911 W DefaultFailureHandler: 	at androidx.test.core.graphics.BitmapStorage.writeToTestStorage(BitmapStorageExt.kt:49)
09-07 03:34:47.182  9865  9911 W DefaultFailureHandler: 	at androidx.test.espresso.base.DefaultFailureHandler.takeScreenshot(DefaultFailureHandler.java:4)
09-07 03:34:47.182  9865  9911 W DefaultFailureHandler: 	at androidx.test.espresso.base.DefaultFailureHandler.handle(DefaultFailureHandler.java:3)
09-07 03:34:47.182  9865  9911 W DefaultFailureHandler: 	at androidx.test.espresso.ViewInteraction.waitForAndHandleInteractionResults(ViewInteraction.java:8)
09-07 03:34:47.182  9865  9911 W DefaultFailureHandler: 	at androidx.test.espresso.ViewInteraction.desugaredPerform(ViewInteraction.java:11)
09-07 03:34:47.182  9865  9911 W DefaultFailureHandler: 	at androidx.test.espresso.ViewInteraction.perform(ViewInteraction.java:8)
09-07 03:34:47.182  9865  9911 W DefaultFailureHandler: 	at ru.iteco.fmhandroid.ui.data.TestUtils.waitView(TestUtils.java:61)
09-07 03:34:47.182  9865  9911 W DefaultFailureHandler: 	at ru.iteco.fmhandroid.ui.steps.MainPageSteps.isMainPage(MainPageSteps.java:50)
09-07 03:34:47.182  9865  9911 W DefaultFailureHandler: 	at ru.iteco.fmhandroid.ui.ControlPanelTest.logoutCheckAndOpenControlPanelPage(ControlPanelTest.java:63)
09-07 03:34:47.182  9865  9911 W DefaultFailureHandler: 	at java.lang.reflect.Method.invoke(Native Method)
09-07 03:34:47.182  9865  9911 W DefaultFailureHandler: 	at org.junit.runners.model.FrameworkMethod$1.runReflectiveCall(FrameworkMethod.java:59)
09-07 03:34:47.182  9865  9911 W DefaultFailureHandler: 	at org.junit.internal.runners.model.ReflectiveCallable.run(ReflectiveCallable.java:12)
09-07 03:34:47.182  9865  9911 W DefaultFailureHandler: 	at org.junit.runners.model.FrameworkMethod.invokeExplosively(FrameworkMethod.java:56)
09-07 03:34:47.182  9865  9911 W DefaultFailureHandler: 	at androidx.test.internal.runner.junit4.statement.RunBefores.evaluate(RunBefores.java:76)
09-07 03:34:47.182  9865  9911 W DefaultFailureHandler: 	at io.qameta.allure.android.rules.ScreenshotRule$apply$1.evaluate(ScreenshotRule.kt:22)
09-07 03:34:47.182  9865  9911 W DefaultFailureHandler: 	at org.junit.rules.ExternalResource$1.evaluate(ExternalResource.java:54)
09-07 03:34:47.182  9865  9911 W DefaultFailureHandler: 	at io.qameta.allure.android.rules.LogcatRule$apply$1.evaluate(LogcatRule.kt:23)
09-07 03:34:47.182  9865  9911 W DefaultFailureHandler: 	at org.junit.rules.RunRules.evaluate(RunRules.java:20)
09-07 03:34:47.182  9865  9911 W DefaultFailureHandler: 	at org.junit.runners.ParentRunner$3.evaluate(ParentRunner.java:306)
09-07 03:34:47.182  9865  9911 W DefaultFailureHandler: 	at org.junit.runners.BlockJUnit4ClassRunner$1.evaluate(BlockJUnit4ClassRunner.java:100)
09-07 03:34:47.182  9865  9911 W DefaultFailureHandler: 	at org.junit.runners.ParentRunner.runLeaf(ParentRunner.java:366)
09-07 03:34:47.182  9865  9911 W DefaultFailureHandler: 	at org.junit.runners.BlockJUnit4ClassRunner.runChild(BlockJUnit4ClassRunner.java:103)
09-07 03:34:47.182  9865  9911 W DefaultFailureHandler: 	at org.junit.runners.BlockJUnit4ClassRunner.runChild(BlockJUnit4ClassRunner.java:63)
09-07 03:34:47.182  9865  9911 W DefaultFailureHandler: 	at org.junit.runners.ParentRunner$4.run(ParentRunner.java:331)
09-07 03:34:47.182  9865  9911 W DefaultFailureHandler: 	at org.junit.runners.ParentRunner$1.schedule(ParentRunner.java:79)
09-07 03:34:47.182  9865  9911 W DefaultFailureHandler: 	at org.junit.runners.ParentRunner.runChildren(ParentRunner.java:329)
09-07 03:34:47.182  9865  9911 W DefaultFailureHandler: 	at org.junit.runners.ParentRunner.access$100(ParentRunner.java:66)
09-07 03:34:47.182  9865  9911 W DefaultFailureHandler: 	at org.junit.runners.ParentRunner$2.evaluate(ParentRunner.java:293)
09-07 03:34:47.182  9865  9911 W DefaultFailureHandler: 	at org.junit.runners.ParentRunner$3.evaluate(ParentRunner.java:306)
09-07 03:34:47.182  9865  9911 W DefaultFailureHandler: 	at org.junit.runners.ParentRunner.run(ParentRunner.java:413)
09-07 03:34:47.182  9865  9911 W DefaultFailureHandler: 	at androidx.test.ext.junit.runners.AndroidJUnit4.run(AndroidJUnit4.java:162)
09-07 03:34:47.182  9865  9911 W DefaultFailureHandler: 	at io.qameta.allure.android.runners.AllureAndroidJUnit4.run(AllureAndroidJUnitRunners.kt:29)
09-07 03:34:47.182  9865  9911 W DefaultFailureHandler: 	at org.junit.runners.Suite.runChild(Suite.java:128)
09-07 03:34:47.182  9865  9911 W DefaultFailureHandler: 	at org.junit.runners.Suite.runChild(Suite.java:27)
09-07 03:34:47.182  9865  9911 W DefaultFailureHandler: 	at org.junit.runners.ParentRunner$4.run(ParentRunner.java:331)
09-07 03:34:47.182  9865  9911 W DefaultFailureHandler: 	at org.junit.runners.ParentRunner$1.schedule(ParentRunner.java:79)
09-07 03:34:47.182  9865  9911 W DefaultFailureHandler: 	at org.junit.runners.ParentRunner.runChildren(ParentRunner.java:329)
09-07 03:34:47.182  9865  9911 W DefaultFailureHandler: 	at org.junit.runners.ParentRunner.access$100(ParentRunner.java:66)
09-07 03:34:47.182  9865  9911 W DefaultFailureHandler: 	at org.junit.runners.ParentRunner$2.evaluate(ParentRunner.java:293)
09-07 03:34:47.182  9865  9911 W DefaultFailureHandler: 	at org.junit.runners.ParentRunner$3.evaluate(ParentRunner.java:306)
09-07 03:34:47.182  9865  9911 W DefaultFailureHandler: 	at org.junit.runners.ParentRunner.run(ParentRunner.java:413)
09-07 03:34:47.182  9865  9911 W DefaultFailureHandler: 	at org.junit.runner.JUnitCore.run(JUnitCore.java:137)
09-07 03:34:47.182  9865  9911 W DefaultFailureHandler: 	at org.junit.runner.JUnitCore.run(JUnitCore.java:115)
09-07 03:34:47.182  9865  9911 W DefaultFailureHandler: 	at androidx.test.internal.runner.TestExecutor.execute(TestExecutor.java:67)
09-07 03:34:47.182  9865  9911 W DefaultFailureHandler: 	at androidx.test.internal.runner.TestExecutor.execute(TestExecutor.java:58)
09-07 03:34:47.182  9865  9911 W DefaultFailureHandler: 	at androidx.test.runner.AndroidJUnitRunner.onStart(AndroidJUnitRunner.java:438)
09-07 03:34:47.182  9865  9911 W DefaultFailureHandler: 	at android.app.Instrumentation$InstrumentationThread.run(Instrumentation.java:2189)
09-07 03:34:47.182  9865  9911 W DefaultFailureHandler: Caused by: android.system.ErrnoException: open failed: EROFS (Read-only file system)
09-07 03:34:47.182  9865  9911 W DefaultFailureHandler: 	at libcore.io.Linux.open(Native Method)
09-07 03:34:47.182  9865  9911 W DefaultFailureHandler: 	at libcore.io.ForwardingOs.open(ForwardingOs.java:167)
09-07 03:34:47.182  9865  9911 W DefaultFailureHandler: 	at libcore.io.BlockGuardOs.open(BlockGuardOs.java:252)
09-07 03:34:47.182  9865  9911 W DefaultFailureHandler: 	at libcore.io.ForwardingOs.open(ForwardingOs.java:167)
09-07 03:34:47.182  9865  9911 W DefaultFailureHandler: 	at android.app.ActivityThread$AndroidOs.open(ActivityThread.java:7255)
09-07 03:34:47.182  9865  9911 W DefaultFailureHandler: 	at libcore.io.IoBridge.open(IoBridge.java:482)
09-07 03:34:47.182  9865  9911 W DefaultFailureHandler: 	... 50 more
09-07 03:34:47.189  1793  1793 D gralloc_ranchu: gralloc_alloc: Creating ashmem region of size 9850880
09-07 03:34:41.282  2434  2940 E ActivityThread: Failed to find provider info for com.google.android.apps.wellbeing.api
09-07 03:34:47.429  2037  6130 I ActivityTaskManager: START u0 {act=android.intent.action.MAIN cat=[android.intent.category.LAUNCHER] flg=0x10000000 cmp=ru.iteco.fmhandroid.test/androidx.test.core.app.InstrumentationActivityInvoker$EmptyActivity} from uid 10136
09-07 03:34:47.434  9865  9909 V FA      : Recording user engagement, ms: 22133
09-07 03:34:47.434  9865  9865 D LifecycleMonitor: Lifecycle status change: ru.iteco.fmhandroid.ui.AppActivity@bf025f4 in: PAUSED
09-07 03:34:47.434  9865  9865 V ActivityScenario: Update currentActivityStage to PAUSED, currentActivity=ru.iteco.fmhandroid.ui.AppActivity@bf025f4
09-07 03:34:47.435  2037  6130 W InputReader: Device has associated, but no associated display id.
09-07 03:34:47.437  2037  6130 I chatty  : uid=1000(system) Binder:2037_1A identical 38 lines
09-07 03:34:47.437  2037  6130 W InputReader: Device has associated, but no associated display id.
09-07 03:34:47.437  9923  9923 W ActivityThread: handleWindowVisibility: no activity for token android.os.BinderProxy@d6eec89
09-07 03:34:47.439  2037  6130 W InputReader: Device has associated, but no associated display id.
09-07 03:34:47.439  2037  6130 I chatty  : uid=1000(system) Binder:2037_1A identical 8 lines
09-07 03:34:47.439  2037  6130 W InputReader: Device has associated, but no associated display id.
09-07 03:34:47.460  9865  9960 D EGL_emulation: eglMakeCurrent: 0xe2250080: ver 2 0 (tinfo 0xe2336220)
09-07 03:34:47.479  9923  9956 D HostConnection: HostConnection::get() New Host Connection established 0xd6c2ae10, tid 9956
09-07 03:34:47.487  9923  9956 D HostConnection: HostComposition ext ANDROID_EMU_CHECKSUM_HELPER_v1 ANDROID_EMU_dma_v1 ANDROID_EMU_direct_mem ANDROID_EMU_vulkan ANDROID_EMU_deferred_vulkan_commands ANDROID_EMU_vulkan_null_optional_strings ANDROID_EMU_vulkan_create_resources_with_requirements ANDROID_EMU_YUV420_888_to_NV21 ANDROID_EMU_YUV_Cache ANDROID_EMU_vulkan_free_memory_sync ANDROID_EMU_vulkan_shader_float16_int8 ANDROID_EMU_vulkan_async_queue_submit ANDROID_EMU_sync_buffer_data GL_OES_vertex_array_object GL_KHR_texture_compression_astc_ldr ANDROID_EMU_host_side_tracing ANDROID_EMU_gles_max_version_2 
09-07 03:34:47.490  9923  9956 W OpenGLRenderer: Failed to choose config with EGL_SWAP_BEHAVIOR_PRESERVED, retrying without...
09-07 03:34:47.496  2037  5231 I ActivityTaskManager: START u0 {act=android.intent.action.MAIN cat=[android.intent.category.LAUNCHER] flg=0x10000000 cmp=ru.iteco.fmhandroid.test/androidx.test.core.app.InstrumentationActivityInvoker$EmptyActivity} from uid 10136
09-07 03:34:47.505  9923  9956 D eglCodecCommon: setVertexArrayObject: set vao to 0 (0) 0 0
09-07 03:34:47.505  9923  9956 D EGL_emulation: eglCreateContext: 0xed47ece0: maj 2 min 0 rcv 2
09-07 03:34:47.528  9923  9956 D EGL_emulation: eglMakeCurrent: 0xed47ece0: ver 2 0 (tinfo 0xed489550)
09-07 03:34:47.536  9865  9909 V FA      : Connecting to remote service
09-07 03:34:47.542  7867  7867 D BoundBrokerSvc: onBind: Intent { act=com.google.android.gms.measurement.START pkg=com.google.android.gms }
09-07 03:34:47.542  9865  9909 V FA      : Connection attempt already in progress
09-07 03:34:47.542  7867  7867 D BoundBrokerSvc: Loading bound service for intent: Intent { act=com.google.android.gms.measurement.START pkg=com.google.android.gms }
09-07 03:34:47.542  9865  9909 V FA      : Activity paused, time: 611326
09-07 03:34:47.544  1793  1793 D gralloc_ranchu: gralloc_alloc: Creating ashmem region of size 9850880
09-07 03:34:47.548  1678  1678 I hwservicemanager: getTransport: Cannot find entry android.hardware.graphics.mapper@3.0::IMapper/default in either framework or device manifest.
09-07 03:34:47.548  9923  9956 W Gralloc3: mapper 3.x is not supported
09-07 03:34:47.549  9923  9956 D HostConnection: createUnique: call
09-07 03:34:47.550  9923  9956 D HostConnection: HostConnection::get() New Host Connection established 0xd6c2c490, tid 9956
09-07 03:34:47.550  9923  9956 D HostConnection: HostComposition ext ANDROID_EMU_CHECKSUM_HELPER_v1 ANDROID_EMU_dma_v1 ANDROID_EMU_direct_mem ANDROID_EMU_vulkan ANDROID_EMU_deferred_vulkan_commands ANDROID_EMU_vulkan_null_optional_strings ANDROID_EMU_vulkan_create_resources_with_requirements ANDROID_EMU_YUV420_888_to_NV21 ANDROID_EMU_YUV_Cache ANDROID_EMU_vulkan_free_memory_sync ANDROID_EMU_vulkan_shader_float16_int8 ANDROID_EMU_vulkan_async_queue_submit ANDROID_EMU_sync_buffer_data GL_OES_vertex_array_object GL_KHR_texture_compression_astc_ldr ANDROID_EMU_host_side_tracing ANDROID_EMU_gles_max_version_2 
09-07 03:34:47.550  9923  9956 D eglCodecCommon: allocate: Ask for block of size 0x1000
09-07 03:34:47.550  9923  9956 D eglCodecCommon: allocate: ioctl allocate returned offset 0x3ff686000 size 0x2000
09-07 03:34:47.551  9865  9909 D FA      : Connected to remote service
09-07 03:34:47.551  9865  9909 V FA      : Processing queued up service tasks: 2
09-07 03:34:47.552  1793  1793 D gralloc_ranchu: gralloc_alloc: Creating ashmem region of size 9850880
09-07 03:34:47.553  1793  1793 D gralloc_ranchu: gralloc_alloc: Creating ashmem region of size 9850880
09-07 03:34:47.554  9923  9956 D EGL_emulation: eglMakeCurrent: 0xed47ece0: ver 2 0 (tinfo 0xed489550)
09-07 03:34:47.555  9923  9956 D eglCodecCommon: setVertexArrayObject: set vao to 0 (0) 1 0
09-07 03:34:47.565  7867  9914 V FA-SVC  : Logging event: origin=auto,name=user_engagement(_e),params=Bundle[{ga_event_origin(_o)=auto, engagement_time_msec(_et)=22133, ga_screen_class(_sc)=AppActivity, ga_screen_id(_si)=-407995581426403538}]
09-07 03:34:47.576  7867  9914 V FA-SVC  : Upload scheduled in approximately ms: 3149534
09-07 03:34:47.577  7867  9914 V FA-SVC  : Unscheduling upload
09-07 03:34:47.579  7867  9914 V FA-SVC  : Scheduling upload, millis: 3149534
09-07 03:34:47.581  7867  9914 V FA-SVC  : Background event processing time, ms: 16
09-07 03:34:47.641  2037  4613 W InputReader: Device has associated, but no associated display id.
09-07 03:34:47.644  2037  4613 I chatty  : uid=1000(system) Binder:2037_16 identical 48 lines
09-07 03:34:47.644  2037  4613 W InputReader: Device has associated, but no associated display id.
09-07 03:34:47.665  9923  9923 W ActivityThread: handleWindowVisibility: no activity for token android.os.BinderProxy@ee74d3e
09-07 03:34:47.677  2037  4613 W ActivityTaskManager: Duplicate finish request for ActivityRecord{f76986f u0 ru.iteco.fmhandroid/.ui.AppActivity t660 f}
09-07 03:34:47.690  2037  4613 W InputReader: Device has associated, but no associated display id.
09-07 03:34:47.690  2037  4613 I chatty  : uid=1000(system) Binder:2037_16 identical 8 lines
09-07 03:34:47.690  2037  4613 W InputReader: Device has associated, but no associated display id.
09-07 03:34:47.710  1793  1793 D gralloc_ranchu: gralloc_alloc: Creating ashmem region of size 9850880
09-07 03:34:47.750  1793  1793 I chatty  : uid=1000(system) allocator@2.0-s identical 1 line
09-07 03:34:47.751  1793  1793 D gralloc_ranchu: gralloc_alloc: Creating ashmem region of size 9850880
09-07 03:34:47.755  9923  9956 D EGL_emulation: eglMakeCurrent: 0xed47ece0: ver 2 0 (tinfo 0xed489550)
09-07 03:34:47.780  2037  4613 W InputReader: Device has associated, but no associated display id.
09-07 03:34:47.780  2037  4613 I chatty  : uid=1000(system) Binder:2037_16 identical 8 lines
09-07 03:34:47.780  2037  4613 W InputReader: Device has associated, but no associated display id.
09-07 03:34:47.788  1823  1823 W SurfaceFlinger: couldn't log to binary event log: overflow.
09-07 03:34:47.802  1793  1793 D gralloc_ranchu: gralloc_alloc: Creating ashmem region of size 9850880
09-07 03:34:47.803  2037  2037 W ActivityManager: Unable to start service Intent { act=android.service.appprediction.AppPredictionService cmp=com.google.android.as/com.google.android.apps.miphone.aiai.app.AiAiPredictionService } U=0: not found
09-07 03:34:47.803  2037  2037 W RemoteAppPredictionService: could not bind to Intent { act=android.service.appprediction.AppPredictionService cmp=com.google.android.as/com.google.android.apps.miphone.aiai.app.AiAiPredictionService } using flags 67108865
09-07 03:34:47.809  1793  1793 D gralloc_ranchu: gralloc_alloc: Creating ashmem region of size 9850880
09-07 03:34:47.810  1793  2554 D gralloc_ranchu: gralloc_alloc: Creating ashmem region of size 9850880
09-07 03:34:47.819  2666  3068 D EGL_emulation: eglMakeCurrent: 0xda21b0e0: ver 2 0 (tinfo 0xda20fbb0)
09-07 03:34:47.822  1793  1793 D gralloc_ranchu: gralloc_alloc: Creating ashmem region of size 9850880
09-07 03:34:47.843  1793  1793 D gralloc_ranchu: gralloc_alloc: Creating ashmem region of size 9850880
09-07 03:34:47.847  2666  2666 I dnsi    : onStart
09-07 03:34:47.850  2666  2666 I dnsi    : onResume
09-07 03:34:47.850  1793  1793 D gralloc_ranchu: gralloc_alloc: Creating ashmem region of size 9850880
09-07 03:34:47.852  2434  2714 D EGL_emulation: eglMakeCurrent: 0xed453b60: ver 2 0 (tinfo 0xe233a960)
09-07 03:34:47.859  7867  7867 D BoundBrokerSvc: onBind: Intent { act=com.google.android.gms.inappreach.service.START dat=chimera-action: cmp=com.google.android.gms/.chimera.GmsApiService }
09-07 03:34:47.859  7867  7867 D BoundBrokerSvc: Loading bound service for intent: Intent { act=com.google.android.gms.inappreach.service.START dat=chimera-action: cmp=com.google.android.gms/.chimera.GmsApiService }
09-07 03:34:47.880  1792  2272 E GnssHAL_GnssInterface: gnssSvStatusCb: a: input svInfo.flags is 8
09-07 03:34:47.880  1792  2272 E GnssHAL_GnssInterface: gnssSvStatusCb: b: input svInfo.flags is 8
09-07 03:34:47.891  2037  2061 W InputReader: Device has associated, but no associated display id.
09-07 03:34:47.892  2037  2061 I chatty  : uid=1000(system) android.anim identical 8 lines
09-07 03:34:47.892  2037  2061 W InputReader: Device has associated, but no associated display id.
09-07 03:34:47.894  1793  1793 D gralloc_ranchu: gralloc_alloc: Creating ashmem region of size 6307840
09-07 03:34:47.898  2182  2468 D EGL_emulation: eglMakeCurrent: 0xda21a360: ver 2 0 (tinfo 0xda20f590)
09-07 03:34:47.903  2182  2182 W View    : requestLayout() improperly called by com.android.keyguard.AlphaOptimizedLinearLayout{551c6d8 V.E...... ......ID 7,0-48,61 #7f0a041c app:id/wifi_group} during second layout pass: posting in next frame
09-07 03:34:47.914  9923  9956 D EGL_emulation: eglMakeCurrent: 0xed47ece0: ver 2 0 (tinfo 0xed489550)
09-07 03:34:47.916  2182  2182 W View    : requestLayout() improperly called by StatusBarIconView(slot=mobile icon=null notification=null) during layout: running second layout pass
09-07 03:34:47.919  9865  9960 D EGL_emulation: eglMakeCurrent: 0xe2250080: ver 2 0 (tinfo 0xe2336220)
09-07 03:34:47.921  2182  2468 D EGL_emulation: eglMakeCurrent: 0xda21a360: ver 2 0 (tinfo 0xda20f590)
09-07 03:34:47.934  1823  1823 E Layer   : [Surface(name=AppWindowToken{459e199 token=Token{b961ae0 ActivityRecord{53be0e3 u0 com.google.android.apps.nexuslauncher/.NexusLauncherActivity t652}}})/@0xafc1306 - animation-leash#0] No local sync point found
09-07 03:34:47.934  1823  1823 E Layer   : [Surface(name=AppWindowToken{7716205 token=Token{ccae97c ActivityRecord{f76986f u0 ru.iteco.fmhandroid/.ui.AppActivity t660}}})/@0x3b47c16 - animation-leash#0] No local sync point found
09-07 03:34:47.945  2037  5599 D HostConnection: HostConnection::get() New Host Connection established 0xda23f020, tid 5599
09-07 03:34:47.951  2037  5599 D HostConnection: HostComposition ext ANDROID_EMU_CHECKSUM_HELPER_v1 ANDROID_EMU_dma_v1 ANDROID_EMU_direct_mem ANDROID_EMU_vulkan ANDROID_EMU_deferred_vulkan_commands ANDROID_EMU_vulkan_null_optional_strings ANDROID_EMU_vulkan_create_resources_with_requirements ANDROID_EMU_YUV420_888_to_NV21 ANDROID_EMU_YUV_Cache ANDROID_EMU_vulkan_free_memory_sync ANDROID_EMU_vulkan_shader_float16_int8 ANDROID_EMU_vulkan_async_queue_submit ANDROID_EMU_sync_buffer_data GL_OES_vertex_array_object GL_KHR_texture_compression_astc_ldr ANDROID_EMU_host_side_tracing ANDROID_EMU_gles_max_version_2 
09-07 03:34:47.952  2037  5599 W OpenGLRenderer: Failed to choose config with EGL_SWAP_BEHAVIOR_PRESERVED, retrying without...
09-07 03:34:47.954  9865  9865 D LifecycleMonitor: Lifecycle status change: ru.iteco.fmhandroid.ui.AppActivity@bf025f4 in: STOPPED
09-07 03:34:47.955  9865  9865 V ActivityScenario: Update currentActivityStage to STOPPED, currentActivity=ru.iteco.fmhandroid.ui.AppActivity@bf025f4
09-07 03:34:47.962  2037  5599 D eglCodecCommon: setVertexArrayObject: set vao to 0 (0) 0 0
09-07 03:34:47.962  2037  5599 D EGL_emulation: eglCreateContext: 0xa7a623a0: maj 2 min 0 rcv 2
09-07 03:34:47.985  2037  5599 D EGL_emulation: eglMakeCurrent: 0xa7a623a0: ver 2 0 (tinfo 0xba668ca0)
09-07 03:34:47.989  2182  2468 D EGL_emulation: eglMakeCurrent: 0xda21a360: ver 2 0 (tinfo 0xda20f590)
09-07 03:34:47.989  2182  2182 W View    : requestLayout() improperly called by com.android.keyguard.AlphaOptimizedLinearLayout{551c6d8 V.E...... ......ID 7,0-48,61 #7f0a041c app:id/wifi_group} during second layout pass: posting in next frame
09-07 03:34:48.002  2037  5599 D eglCodecCommon: setVertexArrayObject: set vao to 0 (0) 1 0
09-07 03:34:48.005  2182  2182 W View    : requestLayout() improperly called by StatusBarIconView(slot=mobile icon=null notification=null) during layout: running second layout pass
09-07 03:34:48.013  2182  2468 D EGL_emulation: eglMakeCurrent: 0xda21a360: ver 2 0 (tinfo 0xda20f590)
09-07 03:34:48.021  9865  9865 D LifecycleMonitor: Lifecycle status change: ru.iteco.fmhandroid.ui.AppActivity@bf025f4 in: DESTROYED
09-07 03:34:48.021  9865  9865 V ActivityScenario: Update currentActivityStage to DESTROYED, currentActivity=null
09-07 03:34:48.040  2182  2197 I ndroid.systemu: NativeAlloc concurrent copying GC freed 24606(1196KB) AllocSpace objects, 0(0B) LOS objects, 49% free, 5630KB/10MB, paused 897us total 113.030ms
