--------- beginning of main
09-07 04:14:15.524 19456 19456 I ViewInteraction: Performing 'wait for a specific view with <view.getId() is <2131231061/ru.iteco.fmhandroid:id/filter_news_title_text_view>> during 10000 millis.' action on view view.getRootView() to equal view
09-07 04:14:15.527 19456 19456 I ViewInteraction: Checking 'MatchesViewAssertion{viewMatcher=(view has effective visibility <VISIBLE> and view.getGlobalVisibleRect() to return non-empty rectangle)}' assertion on view view.getId() is <2131231061/ru.iteco.fmhandroid:id/filter_news_title_text_view>
09-07 04:14:15.528 19456 19456 I ViewInteraction: Performing 'wait for a specific view with <view.getId() is <2131231204/ru.iteco.fmhandroid:id/news_item_category_text_auto_complete_text_view>> during 10000 millis.' action on view view.getRootView() to equal view
09-07 04:14:15.531 19456 19456 I ViewInteraction: Checking 'MatchesViewAssertion{viewMatcher=(view has effective visibility <VISIBLE> and view.getGlobalVisibleRect() to return non-empty rectangle)}' assertion on view view.getId() is <2131231204/ru.iteco.fmhandroid:id/news_item_category_text_auto_complete_text_view>
09-07 04:14:15.532 19456 19456 I ViewInteraction: Performing 'wait for a specific view with <view.getId() is <2131231220/ru.iteco.fmhandroid:id/news_item_publish_date_start_text_input_edit_text>> during 10000 millis.' action on view view.getRootView() to equal view
09-07 04:14:15.534 19456 19456 I ViewInteraction: Checking 'MatchesViewAssertion{viewMatcher=(view has effective visibility <VISIBLE> and view.getGlobalVisibleRect() to return non-empty rectangle)}' assertion on view view.getId() is <2131231220/ru.iteco.fmhandroid:id/news_item_publish_date_start_text_input_edit_text>
09-07 04:14:15.535 19456 19456 I ViewInteraction: Performing 'wait for a specific view with <view.getId() is <2131231218/ru.iteco.fmhandroid:id/news_item_publish_date_end_text_input_edit_text>> during 10000 millis.' action on view view.getRootView() to equal view
09-07 04:14:15.536 19456 19456 I ViewInteraction: Checking 'MatchesViewAssertion{viewMatcher=(view has effective visibility <VISIBLE> and view.getGlobalVisibleRect() to return non-empty rectangle)}' assertion on view view.getId() is <2131231218/ru.iteco.fmhandroid:id/news_item_publish_date_end_text_input_edit_text>
09-07 04:14:15.538 19456 19456 I ViewInteraction: Performing 'wait for a specific view with <view.getId() is <2131231057/ru.iteco.fmhandroid:id/filter_button>> during 10000 millis.' action on view view.getRootView() to equal view
09-07 04:14:15.539 19456 19456 I ViewInteraction: Checking 'MatchesViewAssertion{viewMatcher=(view has effective visibility <VISIBLE> and view.getGlobalVisibleRect() to return non-empty rectangle)}' assertion on view view.getId() is <2131231057/ru.iteco.fmhandroid:id/filter_button>
09-07 04:14:15.541 19456 19456 I ViewInteraction: Performing 'wait for a specific view with <view.getId() is <2131230890/ru.iteco.fmhandroid:id/cancel_button>> during 10000 millis.' action on view view.getRootView() to equal view
09-07 04:14:15.543 19456 19456 I ViewInteraction: Checking 'MatchesViewAssertion{viewMatcher=(view has effective visibility <VISIBLE> and view.getGlobalVisibleRect() to return non-empty rectangle)}' assertion on view view.getId() is <2131230890/ru.iteco.fmhandroid:id/cancel_button>
09-07 04:14:15.544 19456 19456 I ViewInteraction: Performing 'wait for a specific view with <view.getId() is <2131231204/ru.iteco.fmhandroid:id/news_item_category_text_auto_complete_text_view>> during 10000 millis.' action on view view.getRootView() to equal view
09-07 04:14:15.545 19456 19456 I ViewInteraction: Performing 'single click' action on view view.getId() is <2131231204/ru.iteco.fmhandroid:id/news_item_category_text_auto_complete_text_view>
09-07 04:14:15.616  1793  1793 D gralloc_ranchu: gralloc_alloc: Creating ashmem region of size 5423104
09-07 04:14:15.623  1793  1793 I chatty  : uid=1000(system) allocator@2.0-s identical 1 line
09-07 04:14:15.624  1793  1793 D gralloc_ranchu: gralloc_alloc: Creating ashmem region of size 5423104
09-07 04:14:15.625 19456 19547 D EGL_emulation: eglMakeCurrent: 0xd6c30c20: ver 2 0 (tinfo 0xd6c899e0)
09-07 04:14:15.634 19456 19456 I AssistStructure: Flattened final assist data: 5588 bytes, containing 2 windows, 34 views
09-07 04:14:15.644  8425  8425 W AutofillChimeraService: Pending fill request while another request in the same session was triggered. [CONTEXT service_id=177 ]
09-07 04:14:15.647  7867  7867 D BoundBrokerSvc: onBind: Intent { act=com.google.android.mdd.service.START dat=chimera-action: cmp=com.google.android.gms/.chimera.GmsBoundBrokerService }
09-07 04:14:15.647  7867  7867 D BoundBrokerSvc: Loading bound service for intent: Intent { act=com.google.android.mdd.service.START dat=chimera-action: cmp=com.google.android.gms/.chimera.GmsBoundBrokerService }
09-07 04:14:15.653 19456 19547 D EGL_emulation: eglMakeCurrent: 0xd6c30c20: ver 2 0 (tinfo 0xd6c899e0)
09-07 04:14:15.662 19456 19547 D EGL_emulation: eglMakeCurrent: 0xd6c30c20: ver 2 0 (tinfo 0xd6c899e0)
09-07 04:14:15.665 19456 19456 I AssistStructure: Flattened final assist data: 5588 bytes, containing 2 windows, 34 views
09-07 04:14:15.685 19456 19547 D EGL_emulation: eglMakeCurrent: 0xd6c30c20: ver 2 0 (tinfo 0xd6c899e0)
09-07 04:14:15.688  6131  6131 I KeyboardViewUtil: systemKeyboardHeightRatio:1.000000; userKeyboardHeightRatio:1.000000.
09-07 04:14:15.688  6131  6131 I AndroidIME: LatinIme.onActivate() : EditorInfo = Package = ru.iteco.fmhandroid : Type = Text : Learning = Disable : Suggestion = Show : AutoCorrection = Disable : Microphone = Show : NoPersonalizedLearning = Disable
09-07 04:14:15.693  6131  6131 I Conv2QueryExtension: Current locale: en_US, config allows these locales: de,en,es,fr,it,ms,pt,ta
09-07 04:14:15.693  6131  6131 I Conv2QueryExtension: Conv2Query not enabled due to current app [ru.iteco.fmhandroid] not in whitelist
09-07 04:14:15.693  6131  6131 I Conv2QueryExtension: onActivate() : Disabled by unsupported host app
09-07 04:14:15.701  1793  1793 D gralloc_ranchu: gralloc_alloc: Creating ashmem region of size 9113600
09-07 04:14:15.706  1793  1793 D gralloc_ranchu: gralloc_alloc: Creating ashmem region of size 9113600
09-07 04:14:15.707  2182  2468 D EGL_emulation: eglMakeCurrent: 0xda21a360: ver 2 0 (tinfo 0xda20f590)
09-07 04:14:15.708  1793  1793 D gralloc_ranchu: gralloc_alloc: Creating ashmem region of size 9113600
09-07 04:14:15.710  6131  6653 D EGL_emulation: eglMakeCurrent: 0xe224f240: ver 2 0 (tinfo 0xe227da70)
09-07 04:14:15.711  2182  2182 W View    : requestLayout() improperly called by com.android.keyguard.AlphaOptimizedLinearLayout{551c6d8 V.E...... ......ID 7,0-48,61 #7f0a041c app:id/wifi_group} during second layout pass: posting in next frame
09-07 04:14:15.726  2182  2182 W View    : requestLayout() improperly called by StatusBarIconView(slot=mobile icon=null notification=null) during layout: running second layout pass
09-07 04:14:15.728  2182  2468 D EGL_emulation: eglMakeCurrent: 0xda21a360: ver 2 0 (tinfo 0xda20f590)
09-07 04:14:15.756  1793  1793 D gralloc_ranchu: gralloc_alloc: Creating ashmem region of size 4157440
09-07 04:14:15.761 19456 19547 D EGL_emulation: eglMakeCurrent: 0xd6c30c20: ver 2 0 (tinfo 0xd6c899e0)
09-07 04:14:15.765  1793  1793 D gralloc_ranchu: gralloc_alloc: Creating ashmem region of size 4157440
09-07 04:14:15.768 19456 19547 D EGL_emulation: eglMakeCurrent: 0xd6c30c20: ver 2 0 (tinfo 0xd6c899e0)
09-07 04:14:15.774 19456 19547 D EGL_emulation: eglMakeCurrent: 0xd6c30c20: ver 2 0 (tinfo 0xd6c899e0)
09-07 04:14:15.777  1793  1793 D gralloc_ranchu: gralloc_alloc: Creating ashmem region of size 4157440
09-07 04:14:15.959 19456 19983 V FA      : Inactivity, disconnecting from the service
09-07 04:14:15.995 19456 19456 I ViewInteraction: Performing 'close keyboard' action on view view.getRootView() to equal view
09-07 04:14:16.004  6131  6131 I PhenotypeExpConfig: refreshConfiguration() : Force = false : UpdateAvailable = false : Age = 66 minutes : MaxAge = 720 minutes
09-07 04:14:16.006  6131  6131 I AndroidIME: LatinIme.onDeactivate()
09-07 04:14:16.016  6131  6653 D EGL_emulation: eglMakeCurrent: 0xe224f240: ver 2 0 (tinfo 0xe227da70)
09-07 04:14:16.017  2182  2468 D EGL_emulation: eglMakeCurrent: 0xda21a360: ver 2 0 (tinfo 0xda20f590)
09-07 04:14:16.018  2182  2182 W View    : requestLayout() improperly called by com.android.keyguard.AlphaOptimizedLinearLayout{551c6d8 V.E...... ......ID 7,0-48,61 #7f0a041c app:id/wifi_group} during second layout pass: posting in next frame
09-07 04:14:16.040  2182  2182 W View    : requestLayout() improperly called by StatusBarIconView(slot=mobile icon=null notification=null) during layout: running second layout pass
09-07 04:14:16.043 19456 19547 D EGL_emulation: eglMakeCurrent: 0xd6c30c20: ver 2 0 (tinfo 0xd6c899e0)
09-07 04:14:16.044  2182  2468 D EGL_emulation: eglMakeCurrent: 0xda21a360: ver 2 0 (tinfo 0xda20f590)
09-07 04:14:16.066  1793  1793 D gralloc_ranchu: gralloc_alloc: Creating ashmem region of size 5423104
09-07 04:14:16.073 19456 19547 D EGL_emulation: eglMakeCurrent: 0xd6c30c20: ver 2 0 (tinfo 0xd6c899e0)
09-07 04:14:16.076  1793  1793 D gralloc_ranchu: gralloc_alloc: Creating ashmem region of size 5423104
09-07 04:14:16.078 19456 19547 D EGL_emulation: eglMakeCurrent: 0xd6c30c20: ver 2 0 (tinfo 0xd6c899e0)
09-07 04:14:16.085 19456 19547 D EGL_emulation: eglMakeCurrent: 0xd6c30c20: ver 2 0 (tinfo 0xd6c899e0)
09-07 04:14:16.087  1793  1793 D gralloc_ranchu: gralloc_alloc: Creating ashmem region of size 5423104
09-07 04:14:16.088  1792  2272 E GnssHAL_GnssInterface: gnssSvStatusCb: a: input svInfo.flags is 8
09-07 04:14:16.088  1792  2272 E GnssHAL_GnssInterface: gnssSvStatusCb: b: input svInfo.flags is 8
09-07 04:14:16.107 19456 19547 D EGL_emulation: eglMakeCurrent: 0xd6c30c20: ver 2 0 (tinfo 0xd6c899e0)
09-07 04:14:16.317 19456 19456 I ViewInteraction: Checking 'MatchesViewAssertion{viewMatcher=(view has effective visibility <VISIBLE> and view.getGlobalVisibleRect() to return non-empty rectangle)}' assertion on view an instance of android.widget.TextView and view.getText() with or without transformation to match: is "Объявление"
09-07 04:14:16.318 19456 19456 I ViewInteraction: Performing 'single click' action on view an instance of android.widget.TextView and view.getText() with or without transformation to match: is "Объявление"
09-07 04:14:16.375 19456 19547 D EGL_emulation: eglMakeCurrent: 0xd6c30c20: ver 2 0 (tinfo 0xd6c899e0)
09-07 04:14:16.444 19456 19547 I chatty  : uid=10136(ru.iteco.fmhandroid) RenderThread identical 1 line
09-07 04:14:16.452 19456 19547 D EGL_emulation: eglMakeCurrent: 0xd6c30c20: ver 2 0 (tinfo 0xd6c899e0)
09-07 04:14:16.461  2037  7737 E InputDispatcher: Window handle Window{62d1fb6 u0 PopupWindow:2607ea4} has no registered input channel
09-07 04:14:16.611 19456 19456 I ViewInteraction: Performing 'wait for a specific view with <view.getId() is <2131231220/ru.iteco.fmhandroid:id/news_item_publish_date_start_text_input_edit_text>> during 10000 millis.' action on view view.getRootView() to equal view
09-07 04:14:16.613 19456 19456 I ViewInteraction: Performing 'single click' action on view view.getId() is <2131231220/ru.iteco.fmhandroid:id/news_item_publish_date_start_text_input_edit_text>
09-07 04:14:16.691  1793  1793 D gralloc_ranchu: gralloc_alloc: Creating ashmem region of size 6778880
09-07 04:14:16.700  1793  1793 I chatty  : uid=1000(system) allocator@2.0-s identical 1 line
09-07 04:14:16.701  1793  1793 D gralloc_ranchu: gralloc_alloc: Creating ashmem region of size 6778880
09-07 04:14:16.703 19456 19547 D EGL_emulation: eglMakeCurrent: 0xd6c30c20: ver 2 0 (tinfo 0xd6c899e0)
09-07 04:14:16.825 19456 19547 I chatty  : uid=10136(ru.iteco.fmhandroid) RenderThread identical 3 lines
09-07 04:14:16.836 19456 19547 D EGL_emulation: eglMakeCurrent: 0xd6c30c20: ver 2 0 (tinfo 0xd6c899e0)
09-07 04:14:17.089  1792  2272 E GnssHAL_GnssInterface: gnssSvStatusCb: a: input svInfo.flags is 8
09-07 04:14:17.089  1792  2272 E GnssHAL_GnssInterface: gnssSvStatusCb: b: input svInfo.flags is 8
09-07 04:14:17.222 19456 19456 I ViewInteraction: Performing 'wait for a specific view with <is assignable from class <class android.widget.DatePicker>> during 10000 millis.' action on view view.getRootView() to equal view
09-07 04:14:17.224 19456 19456 I ViewInteraction: Checking 'MatchesViewAssertion{viewMatcher=(view has effective visibility <VISIBLE> and view.getGlobalVisibleRect() to return non-empty rectangle)}' assertion on view is assignable from class <class android.widget.DatePicker>
09-07 04:14:17.225 19456 19456 I ViewInteraction: Performing 'wait for a specific view with <is assignable from class <class android.widget.DatePicker>> during 10000 millis.' action on view view.getRootView() to equal view
09-07 04:14:17.226 19456 19456 I ViewInteraction: Performing 'set date' action on view is assignable from class <class android.widget.DatePicker>
09-07 04:14:17.263 19456 19456 I ViewInteraction: Performing 'wait for a specific view with <view.getId() is <16908313/android:id/button1>> during 10000 millis.' action on view view.getRootView() to equal view
09-07 04:14:17.265 19456 19456 I ViewInteraction: Performing 'single click' action on view view.getId() is <16908313/android:id/button1>
09-07 04:14:17.340 19456 19547 D EGL_emulation: eglMakeCurrent: 0xd6c30c20: ver 2 0 (tinfo 0xd6c899e0)
09-07 04:14:17.351  2037  2055 E InputDispatcher: Window handle Window{62986b4 u0 ru.iteco.fmhandroid/ru.iteco.fmhandroid.ui.AppActivity} has no registered input channel
09-07 04:14:17.357 19456 19547 D EGL_emulation: eglMakeCurrent: 0xd6c30c20: ver 2 0 (tinfo 0xd6c899e0)
09-07 04:14:17.600 19456 19456 I ViewInteraction: Performing 'wait for a specific view with <view.getId() is <2131231057/ru.iteco.fmhandroid:id/filter_button>> during 10000 millis.' action on view view.getRootView() to equal view
09-07 04:14:17.602 19456 19456 I ViewInteraction: Performing 'single click' action on view view.getId() is <2131231057/ru.iteco.fmhandroid:id/filter_button>
09-07 04:14:17.670  1793  1793 D gralloc_ranchu: gralloc_alloc: Creating ashmem region of size 2641920
09-07 04:14:17.676  1793  1793 I chatty  : uid=1000(system) allocator@2.0-s identical 1 line
09-07 04:14:17.677  1793  1793 D gralloc_ranchu: gralloc_alloc: Creating ashmem region of size 2641920
09-07 04:14:17.678 19456 19547 D EGL_emulation: eglMakeCurrent: 0xd6c30c20: ver 2 0 (tinfo 0xd6c899e0)
09-07 04:14:17.703 19456 19547 I chatty  : uid=10136(ru.iteco.fmhandroid) RenderThread identical 2 lines
09-07 04:14:17.712 19456 19547 D EGL_emulation: eglMakeCurrent: 0xd6c30c20: ver 2 0 (tinfo 0xd6c899e0)
09-07 04:14:17.899 19456 20017 I okhttp.OkHttpClient: <-- 200 http://www.981757-ca08998.tmweb.ru:8080/fmh/news (2900ms)
09-07 04:14:17.900 19456 20017 I okhttp.OkHttpClient: Vary: Origin
09-07 04:14:17.900 19456 20017 I okhttp.OkHttpClient: Vary: Access-Control-Request-Method
09-07 04:14:17.900 19456 20017 I okhttp.OkHttpClient: Vary: Access-Control-Request-Headers
09-07 04:14:17.900 19456 20017 I okhttp.OkHttpClient: X-Content-Type-Options: nosniff
09-07 04:14:17.900 19456 20017 I okhttp.OkHttpClient: X-XSS-Protection: 1; mode=block
09-07 04:14:17.900 19456 20017 I okhttp.OkHttpClient: Cache-Control: no-cache, no-store, max-age=0, must-revalidate
09-07 04:14:17.901 19456 20017 I okhttp.OkHttpClient: Pragma: no-cache
09-07 04:14:17.901 19456 20017 I okhttp.OkHttpClient: Expires: 0
09-07 04:14:17.901 19456 20017 I okhttp.OkHttpClient: X-Frame-Options: DENY
09-07 04:14:17.901 19456 20017 I okhttp.OkHttpClient: Content-Type: application/json
09-07 04:14:17.902 19456 20017 I okhttp.OkHttpClient: Transfer-Encoding: chunked
09-07 04:14:17.902 19456 20017 I okhttp.OkHttpClient: Date: Thu, 07 Sep 2023 04:14:18 GMT
09-07 04:14:17.902 19456 20017 I okhttp.OkHttpClient: Keep-Alive: timeout=60
09-07 04:14:17.902 19456 20017 I okhttp.OkHttpClient: Connection: keep-alive
09-07 04:14:17.937 19456 19456 I ViewInteraction: Performing 'wait for a specific view with <an instance of android.widget.TextView and view.getText() with or without transformation to match: is "Wrong period"> during 10000 millis.' action on view view.getRootView() to equal view
09-07 04:14:17.941 19456 19456 I ViewInteraction: Checking 'MatchesViewAssertion{viewMatcher=(view has effective visibility <VISIBLE> and view.getGlobalVisibleRect() to return non-empty rectangle)}' assertion on view an instance of android.widget.TextView and view.getText() with or without transformation to match: is "Wrong period"
09-07 04:14:17.943 19456 19456 I ViewInteraction: Performing 'wait for a specific view with <view.getId() is <16908313/android:id/button1>> during 10000 millis.' action on view view.getRootView() to equal view
09-07 04:14:17.945 19456 19456 I ViewInteraction: Checking 'MatchesViewAssertion{viewMatcher=(view has effective visibility <VISIBLE> and view.getGlobalVisibleRect() to return non-empty rectangle)}' assertion on view view.getId() is <16908313/android:id/button1>
--------- beginning of system
09-07 04:14:17.948  2037  2310 I ActivityTaskManager: START u0 {act=android.intent.action.MAIN cat=[android.intent.category.LAUNCHER] flg=0x10000000 cmp=ru.iteco.fmhandroid.test/androidx.test.core.app.InstrumentationActivityInvoker$EmptyActivity} from uid 10136
09-07 04:14:17.953 19456 19456 D LifecycleMonitor: Lifecycle status change: ru.iteco.fmhandroid.ui.AppActivity@8b6d908 in: PAUSED
09-07 04:14:17.953 19456 19456 V ActivityScenario: Update currentActivityStage to PAUSED, currentActivity=ru.iteco.fmhandroid.ui.AppActivity@8b6d908
09-07 04:14:17.954 19456 19983 V FA      : Recording user engagement, ms: 7077
09-07 04:14:17.954  2037  5231 W InputReader: Device has associated, but no associated display id.
09-07 04:14:17.957  2037  5231 I chatty  : uid=1000(system) Binder:2037_19 identical 48 lines
09-07 04:14:17.957  2037  5231 W InputReader: Device has associated, but no associated display id.
09-07 04:14:17.958 19513 19513 W ActivityThread: handleWindowVisibility: no activity for token android.os.BinderProxy@e8b069f
09-07 04:14:17.977 19456 19547 D EGL_emulation: eglMakeCurrent: 0xd6c30c20: ver 2 0 (tinfo 0xd6c899e0)
09-07 04:14:17.986  1793  1793 D gralloc_ranchu: gralloc_alloc: Creating ashmem region of size 9850880
09-07 04:14:17.989  1793  1793 D gralloc_ranchu: gralloc_alloc: Creating ashmem region of size 9850880
09-07 04:14:17.991 19513 19544 D EGL_emulation: eglMakeCurrent: 0xe22f9940: ver 2 0 (tinfo 0xed4894e0)
09-07 04:14:17.992  1793  1793 D gralloc_ranchu: gralloc_alloc: Creating ashmem region of size 9850880
09-07 04:14:18.030  2037  2310 W InputReader: Device has associated, but no associated display id.
09-07 04:14:18.033  2037  2310 I chatty  : uid=1000(system) Binder:2037_5 identical 48 lines
09-07 04:14:18.033  2037  2310 W InputReader: Device has associated, but no associated display id.
09-07 04:14:18.038 19456 19983 V FA      : Connecting to remote service
09-07 04:14:18.039 19456 19983 V FA      : Connection attempt already in progress
09-07 04:14:18.040 19456 19983 V FA      : Activity paused, time: 2981846
09-07 04:14:18.058 19513 19513 W ActivityThread: handleWindowVisibility: no activity for token android.os.BinderProxy@e152cee
09-07 04:14:18.065 19456 19983 D FA      : Connected to remote service
09-07 04:14:18.065 19456 19983 V FA      : Processing queued up service tasks: 2
09-07 04:14:17.992  2037  2310 I ActivityTaskManager: START u0 {act=android.intent.action.MAIN cat=[android.intent.category.LAUNCHER] flg=0x10000000 cmp=ru.iteco.fmhandroid.test/androidx.test.core.app.InstrumentationActivityInvoker$EmptyActivity} from uid 10136
09-07 04:14:18.072  2037  5231 W ActivityTaskManager: Duplicate finish request for ActivityRecord{db83de7 u0 ru.iteco.fmhandroid/.ui.AppActivity t750 f}
09-07 04:14:18.080  7867 19988 V FA-SVC  : Logging event: origin=auto,name=user_engagement(_e),params=Bundle[{ga_event_origin(_o)=auto, engagement_time_msec(_et)=7077, ga_screen_class(_sc)=AppActivity, ga_screen_id(_si)=8095026974737859332}]
09-07 04:14:18.086  7867 19988 V FA-SVC  : Upload scheduled in approximately ms: 779024
09-07 04:14:18.086  7867 19988 V FA-SVC  : Unscheduling upload
09-07 04:14:18.088  1792  2272 E GnssHAL_GnssInterface: gnssSvStatusCb: a: input svInfo.flags is 8
09-07 04:14:18.088  1792  2272 E GnssHAL_GnssInterface: gnssSvStatusCb: b: input svInfo.flags is 8
09-07 04:14:18.090  7867 19988 V FA-SVC  : Scheduling upload, millis: 779024
09-07 04:14:18.095  7867 19988 V FA-SVC  : Background event processing time, ms: 16
09-07 04:14:18.100  1793  1793 D gralloc_ranchu: gralloc_alloc: Creating ashmem region of size 9850880
09-07 04:14:18.103  1793  1793 D gralloc_ranchu: gralloc_alloc: Creating ashmem region of size 9850880
09-07 04:14:18.105 19513 19544 D EGL_emulation: eglMakeCurrent: 0xe22f9940: ver 2 0 (tinfo 0xed4894e0)
09-07 04:14:18.125  1793  1793 D gralloc_ranchu: gralloc_alloc: Creating ashmem region of size 9850880
09-07 04:14:18.129  2037  2061 W InputReader: Device has associated, but no associated display id.
09-07 04:14:18.129  2037  2061 I chatty  : uid=1000(system) android.anim identical 18 lines
09-07 04:14:18.129  2037  2061 W InputReader: Device has associated, but no associated display id.
09-07 04:14:18.133  2037  2065 I ActivityTaskManager: Displayed ru.iteco.fmhandroid.test/androidx.test.core.app.InstrumentationActivityInvoker$EmptyActivity: +65ms
09-07 04:14:18.137  2037  5231 W InputReader: Device has associated, but no associated display id.
09-07 04:14:18.137  2037  5231 I chatty  : uid=1000(system) Binder:2037_19 identical 8 lines
09-07 04:14:18.137  2037  5231 W InputReader: Device has associated, but no associated display id.
09-07 04:14:18.163  2037  2310 W InputReader: Device has associated, but no associated display id.
09-07 04:14:18.163  2037  2310 I chatty  : uid=1000(system) Binder:2037_5 identical 8 lines
09-07 04:14:18.163  2037  2310 W InputReader: Device has associated, but no associated display id.
09-07 04:14:18.167 19456 19547 D EGL_emulation: eglMakeCurrent: 0xd6c30c20: ver 2 0 (tinfo 0xd6c899e0)
09-07 04:14:18.173  1823  1823 W SurfaceFlinger: couldn't log to binary event log: overflow.
09-07 04:14:18.184 19456 19456 D LifecycleMonitor: Lifecycle status change: ru.iteco.fmhandroid.ui.AppActivity@8b6d908 in: STOPPED
09-07 04:14:18.184 19456 19456 V ActivityScenario: Update currentActivityStage to STOPPED, currentActivity=ru.iteco.fmhandroid.ui.AppActivity@8b6d908
09-07 04:14:18.188  1793  1793 D gralloc_ranchu: gralloc_alloc: Creating ashmem region of size 9850880
09-07 04:14:18.191  2037  2037 W ActivityManager: Unable to start service Intent { act=android.service.appprediction.AppPredictionService cmp=com.google.android.as/com.google.android.apps.miphone.aiai.app.AiAiPredictionService } U=0: not found
09-07 04:14:18.192  2037  2037 W RemoteAppPredictionService: could not bind to Intent { act=android.service.appprediction.AppPredictionService cmp=com.google.android.as/com.google.android.apps.miphone.aiai.app.AiAiPredictionService } using flags 67108865
09-07 04:14:18.197 19456 19568 I okhttp.OkHttpClient: <-- HTTP FAILED: java.net.SocketException: Socket closed
09-07 04:14:18.198  1793  1793 D gralloc_ranchu: gralloc_alloc: Creating ashmem region of size 9850880
09-07 04:14:18.199 19456 19456 W System.err: ru.iteco.fmhandroid.exceptions.UnknownException
09-07 04:14:18.199 19456 19456 W System.err: 	at ru.iteco.fmhandroid.utils.Utils.makeRequest(Utils.kt:123)
09-07 04:14:18.199 19456 19456 W System.err: 	at ru.iteco.fmhandroid.utils.Utils$makeRequest$1.invokeSuspend(Unknown Source:15)
09-07 04:14:18.199 19456 19456 W System.err: 	at kotlin.coroutines.jvm.internal.BaseContinuationImpl.resumeWith(ContinuationImpl.kt:33)
09-07 04:14:18.199 19456 19456 W System.err: 	at kotlinx.coroutines.DispatchedTaskKt.resume(DispatchedTask.kt:234)
09-07 04:14:18.199 19456 19456 W System.err: 	at kotlinx.coroutines.DispatchedTaskKt.resumeUnconfined(DispatchedTask.kt:190)
09-07 04:14:18.199 19456 19456 W System.err: 	at kotlinx.coroutines.DispatchedTaskKt.dispatch(DispatchedTask.kt:161)
09-07 04:14:18.199 19456 19456 W System.err: 	at kotlinx.coroutines.CancellableContinuationImpl.dispatchResume(CancellableContinuationImpl.kt:397)
09-07 04:14:18.199 19456 19456 W System.err: 	at kotlinx.coroutines.CancellableContinuationImpl.cancel(CancellableContinuationImpl.kt:183)
09-07 04:14:18.199 19456 19456 W System.err: 	at kotlinx.coroutines.CancellableContinuationImpl.parentCancelled$kotlinx_coroutines_core(CancellableContinuationImpl.kt:190)
09-07 04:14:18.199 19456 19456 W System.err: 	at kotlinx.coroutines.ChildContinuation.invoke(JobSupport.kt:1474)
09-07 04:14:18.199 19456 19456 W System.err: 	at kotlinx.coroutines.JobSupport.notifyCancelling(JobSupport.kt:1499)
09-07 04:14:18.199 19456 19456 W System.err: 	at kotlinx.coroutines.JobSupport.tryMakeCancelling(JobSupport.kt:795)
09-07 04:14:18.199 19456 19456 W System.err: 	at kotlinx.coroutines.JobSupport.makeCancelling(JobSupport.kt:755)
09-07 04:14:18.199 19456 19456 W System.err: 	at kotlinx.coroutines.JobSupport.cancelImpl$kotlinx_coroutines_core(JobSupport.kt:671)
09-07 04:14:18.199 19456 19456 W System.err: 	at kotlinx.coroutines.JobSupport.parentCancelled(JobSupport.kt:637)
09-07 04:14:18.199 19456 19456 W System.err: 	at kotlinx.coroutines.ChildHandleNode.invoke(JobSupport.kt:1465)
09-07 04:14:18.199 19456 19456 W System.err: 	at kotlinx.coroutines.JobSupport.notifyCancelling(JobSupport.kt:1499)
09-07 04:14:18.200 19456 19456 W System.err: 	at kotlinx.coroutines.JobSupport.tryMakeCompletingSlowPath(JobSupport.kt:900)
09-07 04:14:18.200 19456 19456 W System.err: 	at kotlinx.coroutines.JobSupport.tryMakeCompleting(JobSupport.kt:863)
09-07 04:14:18.200 19456 19456 W System.err: 	at kotlinx.coroutines.JobSupport.cancelMakeCompleting(JobSupport.kt:696)
09-07 04:14:18.200 19456 19456 W System.err: 	at kotlinx.coroutines.JobSupport.cancelImpl$kotlinx_coroutines_core(JobSupport.kt:667)
09-07 04:14:18.200 19456 19456 W System.err: 	at kotlinx.coroutines.JobSupport.cancelInternal(JobSupport.kt:632)
09-07 04:14:18.200 19456 19456 W System.err: 	at kotlinx.coroutines.JobSupport.cancel(JobSupport.kt:617)
09-07 04:14:18.200 19456 19456 W System.err: 	at kotlinx.coroutines.JobKt__JobKt.cancel(Job.kt:561)
09-07 04:14:18.200 19456 19456 W System.err: 	at kotlinx.coroutines.JobKt.cancel(Unknown Source:1)
09-07 04:14:18.200 19456 19456 W System.err: 	at kotlinx.coroutines.JobKt__JobKt.cancel$default(Job.kt:560)
09-07 04:14:18.200 19456 19456 W System.err: 	at kotlinx.coroutines.JobKt.cancel$default(Unknown Source:1)
09-07 04:14:18.200 19456 19456 W System.err: 	at androidx.lifecycle.CloseableCoroutineScope.close(ViewModel.kt:51)
09-07 04:14:18.200 19456 19456 W System.err: 	at androidx.lifecycle.ViewModel.closeWithRuntimeException(ViewModel.java:188)
09-07 04:14:18.200 19456 19456 W System.err: 	at androidx.lifecycle.ViewModel.clear(ViewModel.java:134)
09-07 04:14:18.200 19456 19456 W System.err: 	at androidx.lifecycle.ViewModelStore.clear(ViewModelStore.java:62)
09-07 04:14:18.200 19456 19456 W System.err: 	at androidx.fragment.app.FragmentManagerViewModel.clearNonConfigStateInternal(FragmentManagerViewModel.java:210)
09-07 04:14:18.200 19456 19456 W System.err: 	at androidx.fragment.app.FragmentManagerViewModel.clearNonConfigState(FragmentManagerViewModel.java:190)
09-07 04:14:18.200 19456 19456 W System.err: 	at androidx.fragment.app.FragmentStateManager.destroy(FragmentStateManager.java:778)
09-07 04:14:18.200 19456 19456 W System.err: 	at androidx.fragment.app.FragmentStateManager.moveToExpectedState(FragmentStateManager.java:335)
09-07 04:14:18.200 19456 19456 W System.err: 	at androidx.fragment.app.FragmentStore.moveToExpectedState(FragmentStore.java:121)
09-07 04:14:18.200 19456 19456 W System.err: 	at androidx.fragment.app.FragmentManager.moveToState(FragmentManager.java:1374)
09-07 04:14:18.200 19456 19456 W System.err: 	at androidx.fragment.app.FragmentManager.dispatchStateChange(FragmentManager.java:2841)
09-07 04:14:18.200 19456 19456 W System.err: 	at androidx.fragment.app.FragmentManager.dispatchDestroy(FragmentManager.java:2820)
09-07 04:14:18.200 19456 19456 W System.err: 	at androidx.fragment.app.Fragment.performDestroy(Fragment.java:3246)
09-07 04:14:18.200 19456 19456 W System.err: 	at androidx.fragment.app.FragmentStateManager.destroy(FragmentStateManager.java:780)
09-07 04:14:18.200 19456 19456 W System.err: 	at androidx.fragment.app.FragmentStateManager.moveToExpectedState(FragmentStateManager.java:335)
09-07 04:14:18.200 19456 19456 W System.err: 	at androidx.fragment.app.SpecialEffectsController$FragmentStateManagerOperation.complete(SpecialEffectsController.java:771)
09-07 04:14:18.200 19456 19456 W System.err: 	at androidx.fragment.app.SpecialEffectsController$Operation.cancel(SpecialEffectsController.java:615)
09-07 04:14:18.200 19456 19456 W System.err: 	at androidx.fragment.app.SpecialEffectsController.forceCompleteAllOperations(SpecialEffectsController.java:350)
09-07 04:14:18.200 19456 19456 W System.err: 	at androidx.fragment.app.FragmentManager.dispatchStateChange(FragmentManager.java:2844)
09-07 04:14:18.200 19456 19456 W System.err: 	at androidx.fragment.app.FragmentManager.dispatchDestroy(FragmentManager.java:2820)
09-07 04:14:18.200 19456 19456 W System.err: 	at androidx.fragment.app.FragmentController.dispatchDestroy(FragmentController.java:345)
09-07 04:14:18.200 19456 19456 W System.err: 	at androidx.fragment.app.FragmentActivity.onDestroy(FragmentActivity.java:306)
09-07 04:14:18.200 19456 19456 W System.err: 	at androidx.appcompat.app.AppCompatActivity.onDestroy(AppCompatActivity.java:278)
09-07 04:14:18.200 19456 19456 W System.err: 	at android.app.Activity.performDestroy(Activity.java:8048)
09-07 04:14:18.200 19456 19456 W System.err: 	at android.app.Instrumentation.callActivityOnDestroy(Instrumentation.java:1334)
09-07 04:14:18.200 19456 19456 W System.err: 	at androidx.test.runner.MonitoringInstrumentation.callActivityOnDestroy(MonitoringInstrumentation.java:766)
09-07 04:14:18.200 19456 19456 W System.err: 	at android.app.ActivityThread.performDestroyActivity(ActivityThread.java:4926)
09-07 04:14:18.200 19456 19456 W System.err: 	at android.app.ActivityThread.handleDestroyActivity(ActivityThread.java:4970)
09-07 04:14:18.200 19456 19456 W System.err: 	at android.app.servertransaction.DestroyActivityItem.execute(DestroyActivityItem.java:44)
09-07 04:14:18.200 19456 19456 W System.err: 	at android.app.servertransaction.TransactionExecutor.executeLifecycleState(TransactionExecutor.java:176)
09-07 04:14:18.200 19456 19456 W System.err: 	at android.app.servertransaction.TransactionExecutor.execute(TransactionExecutor.java:97)
09-07 04:14:18.200 19456 19456 W System.err: 	at android.app.ActivityThread$H.handleMessage(ActivityThread.java:2016)
09-07 04:14:18.200 19456 19456 W System.err: 	at android.os.Handler.dispatchMessage(Handler.java:107)
09-07 04:14:18.200 19456 19456 W System.err: 	at android.os.Looper.loop(Looper.java:214)
09-07 04:14:18.200 19456 19456 W System.err: 	at android.app.ActivityThread.main(ActivityThread.java:7356)
09-07 04:14:18.200 19456 19456 W System.err: 	at java.lang.reflect.Method.invoke(Native Method)
09-07 04:14:18.200 19456 19456 W System.err: 	at com.android.internal.os.RuntimeInit$MethodAndArgsCaller.run(RuntimeInit.java:492)
09-07 04:14:18.200 19456 19456 W System.err: 	at com.android.internal.os.ZygoteInit.main(ZygoteInit.java:930)
09-07 04:14:18.204  2666  3068 D EGL_emulation: eglMakeCurrent: 0xda21b0e0: ver 2 0 (tinfo 0xda20fbb0)
09-07 04:14:18.204 19456 19456 W System.err: ru.iteco.fmhandroid.exceptions.UnknownException
09-07 04:14:18.205 19456 19456 W System.err: 	at ru.iteco.fmhandroid.utils.Utils.makeRequest(Utils.kt:123)
09-07 04:14:18.205 19456 19456 W System.err: 	at ru.iteco.fmhandroid.utils.Utils$makeRequest$1.invokeSuspend(Unknown Source:15)
09-07 04:14:18.205 19456 19456 W System.err: 	at kotlin.coroutines.jvm.internal.BaseContinuationImpl.resumeWith(ContinuationImpl.kt:33)
09-07 04:14:18.205 19456 19456 W System.err: 	at kotlinx.coroutines.DispatchedTaskKt.resume(DispatchedTask.kt:234)
09-07 04:14:18.205 19456 19456 W System.err: 	at kotlinx.coroutines.DispatchedTaskKt.resumeUnconfined(DispatchedTask.kt:190)
09-07 04:14:18.205 19456 19456 W System.err: 	at kotlinx.coroutines.DispatchedTaskKt.dispatch(DispatchedTask.kt:161)
09-07 04:14:18.205 19456 19456 W System.err: 	at kotlinx.coroutines.CancellableContinuationImpl.dispatchResume(CancellableContinuationImpl.kt:397)
09-07 04:14:18.205 19456 19456 W System.err: 	at kotlinx.coroutines.CancellableContinuationImpl.cancel(CancellableContinuationImpl.kt:183)
09-07 04:14:18.205 19456 19456 W System.err: 	at kotlinx.coroutines.CancellableContinuationImpl.parentCancelled$kotlinx_coroutines_core(CancellableContinuationImpl.kt:190)
09-07 04:14:18.205 19456 19456 W System.err: 	at kotlinx.coroutines.ChildContinuation.invoke(JobSupport.kt:1474)
09-07 04:14:18.205 19456 19456 W System.err: 	at kotlinx.coroutines.JobSupport.notifyCancelling(JobSupport.kt:1499)
09-07 04:14:18.205 19456 19456 W System.err: 	at kotlinx.coroutines.JobSupport.tryMakeCancelling(JobSupport.kt:795)
09-07 04:14:18.205 19456 19456 W System.err: 	at kotlinx.coroutines.JobSupport.makeCancelling(JobSupport.kt:755)
09-07 04:14:18.205 19456 19456 W System.err: 	at kotlinx.coroutines.JobSupport.cancelImpl$kotlinx_coroutines_core(JobSupport.kt:671)
09-07 04:14:18.205 19456 19456 W System.err: 	at kotlinx.coroutines.JobSupport.parentCancelled(JobSupport.kt:637)
09-07 04:14:18.205 19456 19456 W System.err: 	at kotlinx.coroutines.ChildHandleNode.invoke(JobSupport.kt:1465)
09-07 04:14:18.205 19456 19456 W System.err: 	at kotlinx.coroutines.JobSupport.notifyCancelling(JobSupport.kt:1499)
09-07 04:14:18.205 19456 19456 W System.err: 	at kotlinx.coroutines.JobSupport.tryMakeCompletingSlowPath(JobSupport.kt:900)
09-07 04:14:18.205 19456 19456 W System.err: 	at kotlinx.coroutines.JobSupport.tryMakeCompleting(JobSupport.kt:863)
09-07 04:14:18.205 19456 19456 W System.err: 	at kotlinx.coroutines.JobSupport.cancelMakeCompleting(JobSupport.kt:696)
09-07 04:14:18.205 19456 19456 W System.err: 	at kotlinx.coroutines.JobSupport.cancelImpl$kotlinx_coroutines_core(JobSupport.kt:667)
09-07 04:14:18.205 19456 19456 W System.err: 	at kotlinx.coroutines.JobSupport.cancelInternal(JobSupport.kt:632)
09-07 04:14:18.205 19456 19456 W System.err: 	at kotlinx.coroutines.JobSupport.cancel(JobSupport.kt:617)
09-07 04:14:18.206 19456 19456 W System.err: 	at kotlinx.coroutines.JobKt__JobKt.cancel(Job.kt:561)
09-07 04:14:18.206 19456 19456 W System.err: 	at kotlinx.coroutines.JobKt.cancel(Unknown Source:1)
09-07 04:14:18.206 19456 19456 W System.err: 	at kotlinx.coroutines.JobKt__JobKt.cancel$default(Job.kt:560)
09-07 04:14:18.206 19456 19456 W System.err: 	at kotlinx.coroutines.JobKt.cancel$default(Unknown Source:1)
09-07 04:14:18.206 19456 19456 W System.err: 	at androidx.lifecycle.CloseableCoroutineScope.close(ViewModel.kt:51)
09-07 04:14:18.206 19456 19456 W System.err: 	at androidx.lifecycle.ViewModel.closeWithRuntimeException(ViewModel.java:188)
09-07 04:14:18.206 19456 19456 W System.err: 	at androidx.lifecycle.ViewModel.clear(ViewModel.java:134)
09-07 04:14:18.206 19456 19456 W System.err: 	at androidx.lifecycle.ViewModelStore.clear(ViewModelStore.java:62)
09-07 04:14:18.206 19456 19456 W System.err: 	at androidx.fragment.app.FragmentManagerViewModel.clearNonConfigStateInternal(FragmentManagerViewModel.java:210)
09-07 04:14:18.206 19456 19456 W System.err: 	at androidx.fragment.app.FragmentManagerViewModel.clearNonConfigState(FragmentManagerViewModel.java:190)
09-07 04:14:18.206 19456 19456 W System.err: 	at androidx.fragment.app.FragmentStateManager.destroy(FragmentStateManager.java:778)
09-07 04:14:18.206 19456 19456 W System.err: 	at androidx.fragment.app.FragmentStateManager.moveToExpectedState(FragmentStateManager.java:335)
09-07 04:14:18.206 19456 19456 W System.err: 	at androidx.fragment.app.FragmentStore.moveToExpectedState(FragmentStore.java:121)
09-07 04:14:18.206 19456 19456 W System.err: 	at androidx.fragment.app.FragmentManager.moveToState(FragmentManager.java:1374)
09-07 04:14:18.206 19456 19456 W System.err: 	at androidx.fragment.app.FragmentManager.dispatchStateChange(FragmentManager.java:2841)
09-07 04:14:18.206 19456 19456 W System.err: 	at androidx.fragment.app.FragmentManager.dispatchDestroy(FragmentManager.java:2820)
09-07 04:14:18.206 19456 19456 W System.err: 	at androidx.fragment.app.Fragment.performDestroy(Fragment.java:3246)
09-07 04:14:18.206 19456 19456 W System.err: 	at androidx.fragment.app.FragmentStateManager.destroy(FragmentStateManager.java:780)
09-07 04:14:18.206 19456 19456 W System.err: 	at androidx.fragment.app.FragmentStateManager.moveToExpectedState(FragmentStateManager.java:335)
09-07 04:14:18.206 19456 19456 W System.err: 	at androidx.fragment.app.SpecialEffectsController$FragmentStateManagerOperation.complete(SpecialEffectsController.java:771)
09-07 04:14:18.206 19456 19456 W System.err: 	at androidx.fragment.app.SpecialEffectsController$Operation.cancel(SpecialEffectsController.java:615)
09-07 04:14:18.206 19456 19456 W System.err: 	at androidx.fragment.app.SpecialEffectsController.forceCompleteAllOperations(SpecialEffectsController.java:350)
09-07 04:14:18.206 19456 19456 W System.err: 	at androidx.fragment.app.FragmentManager.dispatchStateChange(FragmentManager.java:2844)
09-07 04:14:18.206 19456 19456 W System.err: 	at androidx.fragment.app.FragmentManager.dispatchDestroy(FragmentManager.java:2820)
09-07 04:14:18.206 19456 19456 W System.err: 	at androidx.fragment.app.FragmentController.dispatchDestroy(FragmentController.java:345)
09-07 04:14:18.207 19456 19456 W System.err: 	at androidx.fragment.app.FragmentActivity.onDestroy(FragmentActivity.java:306)
09-07 04:14:18.207 19456 19456 W System.err: 	at androidx.appcompat.app.AppCompatActivity.onDestroy(AppCompatActivity.java:278)
09-07 04:14:18.207 19456 19456 W System.err: 	at android.app.Activity.performDestroy(Activity.java:8048)
09-07 04:14:18.207 19456 19456 W System.err: 	at android.app.Instrumentation.callActivityOnDestroy(Instrumentation.java:1334)
09-07 04:14:18.207 19456 19456 W System.err: 	at androidx.test.runner.MonitoringInstrumentation.callActivityOnDestroy(MonitoringInstrumentation.java:766)
09-07 04:14:18.207 19456 19456 W System.err: 	at android.app.ActivityThread.performDestroyActivity(ActivityThread.java:4926)
09-07 04:14:18.207 19456 19456 W System.err: 	at android.app.ActivityThread.handleDestroyActivity(ActivityThread.java:4970)
09-07 04:14:18.207 19456 19456 W System.err: 	at android.app.servertransaction.DestroyActivityItem.execute(DestroyActivityItem.java:44)
09-07 04:14:18.207 19456 19456 W System.err: 	at android.app.servertransaction.TransactionExecutor.executeLifecycleState(TransactionExecutor.java:176)
09-07 04:14:18.207 19456 19456 W System.err: 	at android.app.servertransaction.TransactionExecutor.execute(TransactionExecutor.java:97)
09-07 04:14:18.207 19456 19456 W System.err: 	at android.app.ActivityThread$H.handleMessage(ActivityThread.java:2016)
09-07 04:14:18.207 19456 19456 W System.err: 	at android.os.Handler.dispatchMessage(Handler.java:107)
09-07 04:14:18.207 19456 19456 W System.err: 	at android.os.Looper.loop(Looper.java:214)
09-07 04:14:18.207 19456 19456 W System.err: 	at android.app.ActivityThread.main(ActivityThread.java:7356)
09-07 04:14:18.207 19456 19456 W System.err: 	at java.lang.reflect.Method.invoke(Native Method)
09-07 04:14:18.207 19456 19456 W System.err: 	at com.android.internal.os.RuntimeInit$MethodAndArgsCaller.run(RuntimeInit.java:492)
09-07 04:14:18.207 19456 19456 W System.err: 	at com.android.internal.os.ZygoteInit.main(ZygoteInit.java:930)
09-07 04:14:18.210  1793 14098 D gralloc_ranchu: gralloc_alloc: Creating ashmem region of size 9850880
09-07 04:14:18.210 19456 19456 D LifecycleMonitor: Lifecycle status change: ru.iteco.fmhandroid.ui.AppActivity@8b6d908 in: DESTROYED
09-07 04:14:18.211 19456 19456 V ActivityScenario: Update currentActivityStage to DESTROYED, currentActivity=null
09-07 04:14:18.214 19456 19500 I TestRunner: finished: shouldShowMessageWrongPeriodPublishDateEndField(ru.iteco.fmhandroid.ui.FilterNewsPageTest)
09-07 04:14:18.220  1793 14098 D gralloc_ranchu: gralloc_alloc: Creating ashmem region of size 9850880
09-07 04:14:18.222  1793 14098 D gralloc_ranchu: gralloc_alloc: Creating ashmem region of size 9850880
09-07 04:14:18.223  2434  2714 D EGL_emulation: eglMakeCurrent: 0xed453b60: ver 2 0 (tinfo 0xe233a960)
09-07 04:14:18.223  2666  2666 I dnsi    : onStart
09-07 04:14:18.225  1793  1793 D gralloc_ranchu: gralloc_alloc: Creating ashmem region of size 9850880
09-07 04:14:18.228  2666  2666 I dnsi    : onResume
09-07 04:14:18.248 19456 19456 E WindowManager: 
09-07 04:14:18.248 19456 19456 E WindowManager: android.view.WindowLeaked: Activity ru.iteco.fmhandroid.ui.AppActivity has leaked window DecorView@797f025[AppActivity] that was originally added here
09-07 04:14:18.248 19456 19456 E WindowManager: 	at android.view.ViewRootImpl.<init>(ViewRootImpl.java:597)
09-07 04:14:18.248 19456 19456 E WindowManager: 	at android.view.WindowManagerGlobal.addView(WindowManagerGlobal.java:377)
09-07 04:14:18.248 19456 19456 E WindowManager: 	at android.view.WindowManagerImpl.addView(WindowManagerImpl.java:95)
09-07 04:14:18.248 19456 19456 E WindowManager: 	at android.app.Dialog.show(Dialog.java:342)
09-07 04:14:18.248 19456 19456 E WindowManager: 	at ru.iteco.fmhandroid.ui.FilterNewsListFragment.onViewCreated$lambda-6(FilterNewsListFragment.kt:168)
09-07 04:14:18.248 19456 19456 E WindowManager: 	at ru.iteco.fmhandroid.ui.FilterNewsListFragment.$r8$lambda$2iZBpxgog5xK71q0jkTfx8e6j1c(Unknown Source:0)
09-07 04:14:18.248 19456 19456 E WindowManager: 	at ru.iteco.fmhandroid.ui.FilterNewsListFragment$$ExternalSyntheticLambda3.onClick(Unknown Source:8)
09-07 04:14:18.248 19456 19456 E WindowManager: 	at android.view.View.performClick(View.java:7125)
09-07 04:14:18.248 19456 19456 E WindowManager: 	at com.google.android.material.button.MaterialButton.performClick(MaterialButton.java:1131)
09-07 04:14:18.248 19456 19456 E WindowManager: 	at android.view.View.performClickInternal(View.java:7102)
09-07 04:14:18.248 19456 19456 E WindowManager: 	at android.view.View.access$3500(View.java:801)
09-07 04:14:18.248 19456 19456 E WindowManager: 	at android.view.View$PerformClick.run(View.java:27336)
09-07 04:14:18.248 19456 19456 E WindowManager: 	at android.os.Handler.handleCallback(Handler.java:883)
09-07 04:14:18.248 19456 19456 E WindowManager: 	at android.os.Handler.dispatchMessage(Handler.java:100)
09-07 04:14:18.248 19456 19456 E WindowManager: 	at androidx.test.espresso.base.Interrogator.loopAndInterrogate(Interrogator.java:14)
09-07 04:14:18.248 19456 19456 E WindowManager: 	at androidx.test.espresso.base.UiControllerImpl.loopUntil(UiControllerImpl.java:8)
09-07 04:14:18.248 19456 19456 E WindowManager: 	at androidx.test.espresso.base.UiControllerImpl.loopUntil(UiControllerImpl.java:1)
09-07 04:14:18.248 19456 19456 E WindowManager: 	at androidx.test.espresso.base.UiControllerImpl.injectMotionEvent(UiControllerImpl.java:5)
09-07 04:14:18.248 19456 19456 E WindowManager: 	at androidx.test.espresso.action.MotionEvents.sendUp(MotionEvents.java:7)
09-07 04:14:18.248 19456 19456 E WindowManager: 	at androidx.test.espresso.action.MotionEvents.sendUp(MotionEvents.java:1)
09-07 04:14:18.248 19456 19456 E WindowManager: 	at androidx.test.espresso.action.Tap.sendSingleTap(Tap.java:5)
09-07 04:14:18.248 19456 19456 E WindowManager: 	at androidx.test.espresso.action.Tap.-$$Nest$smsendSingleTap(Unknown Source:0)
09-07 04:14:18.248 19456 19456 E WindowManager: 	at androidx.test.espresso.action.Tap$1.sendTap(Tap.java:3)
09-07 04:14:18.248 19456 19456 E WindowManager: 	at androidx.test.espresso.action.GeneralClickAction.perform(GeneralClickAction.java:6)
09-07 04:14:18.248 19456 19456 E WindowManager: 	at androidx.test.espresso.ViewInteraction$SingleExecutionViewAction.perform(ViewInteraction.java:2)
09-07 04:14:18.248 19456 19456 E WindowManager: 	at androidx.test.espresso.ViewInteraction.doPerform(ViewInteraction.java:25)
09-07 04:14:18.248 19456 19456 E WindowManager: 	at androidx.test.espresso.ViewInteraction.-$$Nest$mdoPerform(Unknown Source:0)
09-07 04:14:18.248 19456 19456 E WindowManager: 	at androidx.test.espresso.ViewInteraction$1.call(ViewInteraction.java:7)
09-07 04:14:18.248 19456 19456 E WindowManager: 	at androidx.test.espresso.ViewInteraction$1.call(ViewInteraction.java:1)
09-07 04:14:18.248 19456 19456 E WindowManager: 	at java.util.concurrent.FutureTask.run(FutureTask.java:266)
09-07 04:14:18.248 19456 19456 E WindowManager: 	at android.os.Handler.handleCallback(Handler.java:883)
09-07 04:14:18.248 19456 19456 E WindowManager: 	at android.os.Handler.dispatchMessage(Handler.java:100)
09-07 04:14:18.248 19456 19456 E WindowManager: 	at android.os.Looper.loop(Looper.java:214)
09-07 04:14:18.248 19456 19456 E WindowManager: 	at android.app.ActivityThread.main(ActivityThread.java:7356)
09-07 04:14:18.248 19456 19456 E WindowManager: 	at java.lang.reflect.Method.invoke(Native Method)
09-07 04:14:18.248 19456 19456 E WindowManager: 	at com.android.internal.os.RuntimeInit$MethodAndArgsCaller.run(RuntimeInit.java:492)
09-07 04:14:18.248 19456 19456 E WindowManager: 	at com.android.internal.os.ZygoteInit.main(ZygoteInit.java:930)
09-07 04:14:18.249  2037  2061 W InputReader: Device has associated, but no associated display id.
09-07 04:14:18.249  2037  2061 I chatty  : uid=1000(system) android.anim identical 8 lines
09-07 04:14:18.249  2037  2061 W InputReader: Device has associated, but no associated display id.
09-07 04:14:18.250  1793  1793 D gralloc_ranchu: gralloc_alloc: Creating ashmem region of size 6307840
09-07 04:14:18.264  2182  2468 D EGL_emulation: eglMakeCurrent: 0xda21a360: ver 2 0 (tinfo 0xda20f590)
09-07 04:14:18.265  2182  2182 W View    : requestLayout() improperly called by com.android.keyguard.AlphaOptimizedLinearLayout{551c6d8 V.E...... ......ID 7,0-48,61 #7f0a041c app:id/wifi_group} during second layout pass: posting in next frame
09-07 04:14:18.274  2037  2310 W WindowManager: Failed looking up window callers=com.android.server.wm.WindowManagerService.windowForClientLocked:5281 com.android.server.wm.WindowManagerService.removeWindow:1753 com.android.server.wm.Session.remove:176 
09-07 04:14:18.280 19456 19500 I TestRunner: started: shouldShowAllActualNewsCategoryAnnouncement(ru.iteco.fmhandroid.ui.FilterNewsPageTest)
09-07 04:14:18.285  2182  2182 W View    : requestLayout() improperly called by StatusBarIconView(slot=mobile icon=null notification=null) during layout: running second layout pass
09-07 04:14:18.288 19513 19544 D EGL_emulation: eglMakeCurrent: 0xe22f9940: ver 2 0 (tinfo 0xed4894e0)
09-07 04:14:18.289  2182  2468 D EGL_emulation: eglMakeCurrent: 0xda21a360: ver 2 0 (tinfo 0xda20f590)
09-07 04:14:18.307  1823  1823 E Layer   : [Surface(name=AppWindowToken{459e199 token=Token{b961ae0 ActivityRecord{53be0e3 u0 com.google.android.apps.nexuslauncher/.NexusLauncherActivity t652}}})/@0xafc1306 - animation-leash#0] No local sync point found
09-07 04:14:18.307  1823  1823 E Layer   : [Surface(name=AppWindowToken{7ee63d6 token=Token{cd07bf1 ActivityRecord{ba7c798 u0 ru.iteco.fmhandroid.test/androidx.test.core.app.InstrumentationActivityInvoker$EmptyActivity t750}}})/@0x58c8536 - animation-leash#0] No local sync point found
09-07 04:14:18.316  2037  5599 D HostConnection: HostConnection::get() New Host Connection established 0xda23f020, tid 5599
09-07 04:14:18.318  2037  5599 D HostConnection: HostComposition ext ANDROID_EMU_CHECKSUM_HELPER_v1 ANDROID_EMU_dma_v1 ANDROID_EMU_direct_mem ANDROID_EMU_vulkan ANDROID_EMU_deferred_vulkan_commands ANDROID_EMU_vulkan_null_optional_strings ANDROID_EMU_vulkan_create_resources_with_requirements ANDROID_EMU_YUV420_888_to_NV21 ANDROID_EMU_YUV_Cache ANDROID_EMU_vulkan_free_memory_sync ANDROID_EMU_vulkan_shader_float16_int8 ANDROID_EMU_vulkan_async_queue_submit ANDROID_EMU_sync_buffer_data GL_OES_vertex_array_object GL_KHR_texture_compression_astc_ldr ANDROID_EMU_host_side_tracing ANDROID_EMU_gles_max_version_2 
09-07 04:14:18.320  2037  5599 W OpenGLRenderer: Failed to choose config with EGL_SWAP_BEHAVIOR_PRESERVED, retrying without...
09-07 04:14:18.324 19456 19500 W Settings: Setting always_finish_activities has moved from android.provider.Settings.System to android.provider.Settings.Global, returning read-only value.
09-07 04:14:18.326  2037  5599 D eglCodecCommon: setVertexArrayObject: set vao to 0 (0) 0 0
09-07 04:14:18.327  2037  5599 D EGL_emulation: eglCreateContext: 0xba761460: maj 2 min 0 rcv 2
09-07 04:14:18.327  2037  4497 I ActivityTaskManager: START u0 {act=android.intent.action.MAIN cat=[android.intent.category.LAUNCHER] flg=0x10008000 cmp=ru.iteco.fmhandroid.test/androidx.test.core.app.InstrumentationActivityInvoker$BootstrapActivity (has extras)} from uid 10136
09-07 04:14:18.353  2037  2055 W InputReader: Device has associated, but no associated display id.
09-07 04:14:18.357  2037  2055 I chatty  : uid=1000(system) Binder:2037_1 identical 38 lines
09-07 04:14:18.357  2037  2055 W InputReader: Device has associated, but no associated display id.
09-07 04:14:18.362  2037  5599 D EGL_emulation: eglMakeCurrent: 0xba761460: ver 2 0 (tinfo 0xba668ca0)
09-07 04:14:18.363  2182  2468 D EGL_emulation: eglMakeCurrent: 0xda21a360: ver 2 0 (tinfo 0xda20f590)
09-07 04:14:18.365 19513 19513 W ActivityThread: handleWindowVisibility: no activity for token android.os.BinderProxy@9562fd9
09-07 04:14:18.365  1793  1793 D gralloc_ranchu: gralloc_alloc: Creating ashmem region of size 9850880
