09-07 04:14:18.367  2182  2182 W View    : requestLayout() improperly called by com.android.keyguard.AlphaOptimizedLinearLayout{551c6d8 V.E...... ......ID 7,0-48,61 #7f0a041c app:id/wifi_group} during second layout pass: posting in next frame
09-07 04:14:18.374  1823  1823 W SurfaceFlinger: couldn't log to binary event log: overflow.
09-07 04:14:18.375  2182  2182 W View    : requestLayout() improperly called by StatusBarIconView(slot=mobile icon=null notification=null) during layout: running second layout pass
09-07 04:14:18.392  2037  2055 I ActivityTaskManager: START u0 {act=android.intent.action.MAIN cat=[android.intent.category.LAUNCHER] cmp=ru.iteco.fmhandroid/.ui.AppActivity} from uid 10136
09-07 04:14:18.394  2182  2468 D EGL_emulation: eglMakeCurrent: 0xda21a360: ver 2 0 (tinfo 0xda20f590)
09-07 04:14:18.399  2037  2055 W InputReader: Device has associated, but no associated display id.
09-07 04:14:18.399  2037  5599 D eglCodecCommon: setVertexArrayObject: set vao to 0 (0) 1 0
09-07 04:14:18.399  2037  2055 W InputReader: Device has associated, but no associated display id.
09-07 04:14:18.401  2037  2055 I chatty  : uid=1000(system) Binder:2037_1 identical 47 lines
09-07 04:14:18.402  2037  2055 W InputReader: Device has associated, but no associated display id.
09-07 04:14:18.402 19456 19456 W ActivityThread: handleWindowVisibility: no activity for token android.os.BinderProxy@767054f
09-07 04:14:18.409  2434  2453 W System  : A resource failed to call release. 
09-07 04:14:18.409  2434  2453 I chatty  : uid=10090(com.google.android.apps.nexuslauncher) FinalizerDaemon identical 2 lines
09-07 04:14:18.409  2434  2453 W System  : A resource failed to call release. 
09-07 04:14:18.419 19456 19456 D LifecycleMonitor: Lifecycle status change: ru.iteco.fmhandroid.ui.AppActivity@1b8a76b in: PRE_ON_CREATE
09-07 04:14:18.419 19456 19456 V ActivityScenario: Activity lifecycle changed event received but ignored because the reported transition was not ON_CREATE while the last known transition was PRE_ON_CREATE
09-07 04:14:18.432 19456 19980 V FA      : onActivityCreated
09-07 04:14:18.436  2037  2061 W InputReader: Device has associated, but no associated display id.
09-07 04:14:18.436  2037  2061 I chatty  : uid=1000(system) android.anim identical 8 lines
09-07 04:14:18.436  2037  2061 W InputReader: Device has associated, but no associated display id.
09-07 04:14:18.444  2182  2468 D EGL_emulation: eglMakeCurrent: 0xda21a360: ver 2 0 (tinfo 0xda20f590)
09-07 04:14:18.446  2182  2182 W View    : requestLayout() improperly called by com.android.keyguard.AlphaOptimizedLinearLayout{551c6d8 V.E...... ......ID 7,0-48,61 #7f0a041c app:id/wifi_group} during second layout pass: posting in next frame
09-07 04:14:18.447  2666  3068 D EGL_emulation: eglMakeCurrent: 0xda21b0e0: ver 2 0 (tinfo 0xda20fbb0)
09-07 04:14:18.448 19456 19456 D LifecycleMonitor: Lifecycle status change: ru.iteco.fmhandroid.ui.AppActivity@1b8a76b in: CREATED
09-07 04:14:18.448 19456 19456 V ActivityScenario: Update currentActivityStage to CREATED, currentActivity=ru.iteco.fmhandroid.ui.AppActivity@1b8a76b
09-07 04:14:18.450  2434  2714 D EGL_emulation: eglMakeCurrent: 0xed453b60: ver 2 0 (tinfo 0xe233a960)
09-07 04:14:18.452  1793  1793 D gralloc_ranchu: gralloc_alloc: Creating ashmem region of size 9850880
09-07 04:14:18.459  2666  2666 I dnsi    : onPause
09-07 04:14:18.464  2182  2182 W View    : requestLayout() improperly called by StatusBarIconView(slot=mobile icon=null notification=null) during layout: running second layout pass
09-07 04:14:18.468  2666  2666 I dnsi    : onStop
09-07 04:14:18.473  2182  2468 D EGL_emulation: eglMakeCurrent: 0xda21a360: ver 2 0 (tinfo 0xda20f590)
09-07 04:14:18.476 19456 19456 D LifecycleMonitor: Lifecycle status change: ru.iteco.fmhandroid.ui.AppActivity@1b8a76b in: STARTED
09-07 04:14:18.476 19456 19456 V ActivityScenario: Update currentActivityStage to STARTED, currentActivity=ru.iteco.fmhandroid.ui.AppActivity@1b8a76b
09-07 04:14:18.477 19456 19456 D LifecycleMonitor: Lifecycle status change: ru.iteco.fmhandroid.ui.AppActivity@1b8a76b in: RESUMED
09-07 04:14:18.477 19456 19456 V ActivityScenario: Update currentActivityStage to RESUMED, currentActivity=ru.iteco.fmhandroid.ui.AppActivity@1b8a76b
09-07 04:14:18.477 19456 19983 V FA      : Activity resumed, time: 2982370
09-07 04:14:18.483  2182  2468 D EGL_emulation: eglMakeCurrent: 0xda21a360: ver 2 0 (tinfo 0xda20f590)
09-07 04:14:18.485  2182  2182 W View    : requestLayout() improperly called by com.android.keyguard.AlphaOptimizedLinearLayout{551c6d8 V.E...... ......ID 7,0-48,61 #7f0a041c app:id/wifi_group} during second layout pass: posting in next frame
09-07 04:14:18.486  2182  2182 W View    : requestLayout() improperly called by StatusBarIconView(slot=mobile icon=null notification=null) during layout: running second layout pass
09-07 04:14:18.494  2666 14109 V ClearcutMetricXmitter: Transmission is done.
09-07 04:14:18.505  2182  2468 D EGL_emulation: eglMakeCurrent: 0xda21a360: ver 2 0 (tinfo 0xda20f590)
09-07 04:14:18.509  1823  1823 W SurfaceFlinger: couldn't log to binary event log: overflow.
09-07 04:14:18.509  1823  1823 W SurfaceFlinger: couldn't log to binary event log: overflow.
09-07 04:14:18.512  1793  1793 D gralloc_ranchu: gralloc_alloc: Creating ashmem region of size 9113600
09-07 04:14:18.520  1793  1793 D gralloc_ranchu: gralloc_alloc: Creating ashmem region of size 9113600
09-07 04:14:18.519  2037  2051 I system_server: NativeAlloc concurrent copying GC freed 63986(2792KB) AllocSpace objects, 10(360KB) LOS objects, 29% free, 14MB/20MB, paused 450us total 183.210ms
09-07 04:14:18.522  1793  1793 D gralloc_ranchu: gralloc_alloc: Creating ashmem region of size 9113600
09-07 04:14:18.523 19456 19547 D EGL_emulation: eglMakeCurrent: 0xd6c30c20: ver 2 0 (tinfo 0xd6c899e0)
09-07 04:14:18.534 19456 19469 I teco.fmhandroi: Background concurrent copying GC freed 173740(8109KB) AllocSpace objects, 6(240KB) LOS objects, 40% free, 8990KB/14MB, paused 741us total 256.591ms
09-07 04:14:18.546  2037  2065 I ActivityTaskManager: Displayed ru.iteco.fmhandroid/.ui.AppActivity: +217ms
09-07 04:14:18.559  2182  2182 W View    : requestLayout() improperly called by com.android.keyguard.AlphaOptimizedLinearLayout{551c6d8 V.E...... ......ID 7,0-48,61 #7f0a041c app:id/wifi_group} during second layout pass: posting in next frame
09-07 04:14:18.575  2182  2182 W View    : requestLayout() improperly called by StatusBarIconView(slot=mobile icon=null notification=null) during layout: running second layout pass
09-07 04:14:18.579  7867 19988 V FA-SVC  : Logging event: origin=auto,name=screen_view(_vs),params=Bundle[{ga_event_origin(_o)=auto, ga_previous_class(_pc)=AppActivity, ga_previous_id(_pi)=8095026974737859332, ga_screen_class(_sc)=AppActivity, ga_screen_id(_si)=8095026974737859333}]
09-07 04:14:18.582 19456 19456 I ViewInteraction: Performing 'wait for a specific view with <an instance of android.widget.TextView and view.getText() with or without transformation to match: is "News"> during 10000 millis.' action on view view.getRootView() to equal view
09-07 04:14:18.587  7867 19988 V FA-SVC  : Upload scheduled in approximately ms: 778523
09-07 04:14:18.587  7867 19988 V FA-SVC  : Unscheduling upload
09-07 04:14:18.588  7867 19988 V FA-SVC  : Scheduling upload, millis: 778523
09-07 04:14:18.590  7867 19988 V FA-SVC  : Background event processing time, ms: 13
09-07 04:14:18.601  2182  2182 W View    : requestLayout() improperly called by com.android.keyguard.AlphaOptimizedLinearLayout{551c6d8 V.E...... ......ID 7,0-48,61 #7f0a041c app:id/wifi_group} during second layout pass: posting in next frame
09-07 04:14:18.621  2182  2182 W View    : requestLayout() improperly called by StatusBarIconView(slot=mobile icon=null notification=null) during layout: running second layout pass
09-07 04:14:18.644  2182  2182 W View    : requestLayout() improperly called by com.android.keyguard.AlphaOptimizedLinearLayout{551c6d8 V.E...... ......ID 7,0-48,61 #7f0a041c app:id/wifi_group} during second layout pass: posting in next frame
09-07 04:14:18.666  2182  2182 W View    : requestLayout() improperly called by StatusBarIconView(slot=mobile icon=null notification=null) during layout: running second layout pass
09-07 04:14:18.689  2182  2182 W View    : requestLayout() improperly called by com.android.keyguard.AlphaOptimizedLinearLayout{551c6d8 V.E...... ......ID 7,0-48,61 #7f0a041c app:id/wifi_group} during second layout pass: posting in next frame
09-07 04:14:18.713  2182  2182 W View    : requestLayout() improperly called by StatusBarIconView(slot=mobile icon=null notification=null) during layout: running second layout pass
09-07 04:14:18.734  2182  2182 W View    : requestLayout() improperly called by com.android.keyguard.AlphaOptimizedLinearLayout{551c6d8 V.E...... ......ID 7,0-48,61 #7f0a041c app:id/wifi_group} during second layout pass: posting in next frame
09-07 04:14:18.755  2182  2182 W View    : requestLayout() improperly called by StatusBarIconView(slot=mobile icon=null notification=null) during layout: running second layout pass
09-07 04:14:18.780  2182  2182 W View    : requestLayout() improperly called by com.android.keyguard.AlphaOptimizedLinearLayout{551c6d8 V.E...... ......ID 7,0-48,61 #7f0a041c app:id/wifi_group} during second layout pass: posting in next frame
09-07 04:14:18.800  2182  2182 W View    : requestLayout() improperly called by StatusBarIconView(slot=mobile icon=null notification=null) during layout: running second layout pass
09-07 04:14:19.090  1792  2272 E GnssHAL_GnssInterface: gnssSvStatusCb: a: input svInfo.flags is 8
09-07 04:14:19.090  1792  2272 E GnssHAL_GnssInterface: gnssSvStatusCb: b: input svInfo.flags is 8
09-07 04:14:20.089  1792  2272 E GnssHAL_GnssInterface: gnssSvStatusCb: a: input svInfo.flags is 8
09-07 04:14:20.089  1792  2272 E GnssHAL_GnssInterface: gnssSvStatusCb: b: input svInfo.flags is 8
09-07 04:14:20.667  2037  2037 W PendingFillRequest: timed out after 5000 ms
09-07 04:14:20.802  1781  1781 W audio_hw_generic: Not supplying enough data to HAL, expected position 44740788 , only wrote 44468114
09-07 04:14:21.089  1792  2272 E GnssHAL_GnssInterface: gnssSvStatusCb: a: input svInfo.flags is 8
09-07 04:14:21.089  1792  2272 E GnssHAL_GnssInterface: gnssSvStatusCb: b: input svInfo.flags is 8
09-07 04:14:21.480 19456 20012 I okhttp.OkHttpClient: --> GET http://www.981757-ca08998.tmweb.ru:8080/fmh/authentication/userInfo
09-07 04:14:21.481 19456 20012 I okhttp.OkHttpClient: --> END GET
09-07 04:14:21.632 19456 20012 I okhttp.OkHttpClient: <-- 200 http://www.981757-ca08998.tmweb.ru:8080/fmh/authentication/userInfo (151ms)
09-07 04:14:21.633 19456 20012 I okhttp.OkHttpClient: Vary: Origin
09-07 04:14:21.633 19456 20012 I okhttp.OkHttpClient: Vary: Access-Control-Request-Method
09-07 04:14:21.633 19456 20012 I okhttp.OkHttpClient: Vary: Access-Control-Request-Headers
09-07 04:14:21.633 19456 20012 I okhttp.OkHttpClient: X-Content-Type-Options: nosniff
09-07 04:14:21.633 19456 20012 I okhttp.OkHttpClient: X-XSS-Protection: 1; mode=block
09-07 04:14:21.634 19456 20012 I okhttp.OkHttpClient: Cache-Control: no-cache, no-store, max-age=0, must-revalidate
09-07 04:14:21.634 19456 20012 I okhttp.OkHttpClient: Pragma: no-cache
09-07 04:14:21.634 19456 20012 I okhttp.OkHttpClient: Expires: 0
09-07 04:14:21.634 19456 20012 I okhttp.OkHttpClient: X-Frame-Options: DENY
09-07 04:14:21.634 19456 20012 I okhttp.OkHttpClient: Content-Type: application/json
09-07 04:14:21.634 19456 20012 I okhttp.OkHttpClient: Transfer-Encoding: chunked
09-07 04:14:21.634 19456 20012 I okhttp.OkHttpClient: Date: Thu, 07 Sep 2023 04:14:22 GMT
09-07 04:14:21.635 19456 20012 I okhttp.OkHttpClient: Keep-Alive: timeout=60
09-07 04:14:21.635 19456 20012 I okhttp.OkHttpClient: Connection: keep-alive
09-07 04:14:21.635 19456 20012 I okhttp.OkHttpClient: {"id":1,"firstName":"Ivan","lastName":"Ivanov","middleName":"Ivanovich","admin":true}
09-07 04:14:21.635 19456 20012 I okhttp.OkHttpClient: <-- END HTTP (85-byte body)
09-07 04:14:21.641 19456 19568 I okhttp.OkHttpClient: --> GET http://www.981757-ca08998.tmweb.ru:8080/fmh/claims
09-07 04:14:21.641 19456 19568 I okhttp.OkHttpClient: --> END GET
09-07 04:14:21.647  1774 20047 E ResolverController: No valid NAT64 prefix (101, <unspecified>/0)
09-07 04:14:21.683 19456 19547 D EGL_emulation: eglMakeCurrent: 0xd6c30c20: ver 2 0 (tinfo 0xd6c899e0)
09-07 04:14:21.685  1793  1793 D gralloc_ranchu: gralloc_alloc: Creating ashmem region of size 9850880
09-07 04:14:21.693  2182  2182 W View    : requestLayout() improperly called by com.android.keyguard.AlphaOptimizedLinearLayout{551c6d8 V.E...... ......ID 7,0-48,61 #7f0a041c app:id/wifi_group} during second layout pass: posting in next frame
09-07 04:14:21.695 19456 19547 D EGL_emulation: eglMakeCurrent: 0xd6c30c20: ver 2 0 (tinfo 0xd6c899e0)
09-07 04:14:21.724  2182  2182 W View    : requestLayout() improperly called by StatusBarIconView(slot=mobile icon=null notification=null) during layout: running second layout pass
09-07 04:14:21.724  1793  1793 D gralloc_ranchu: gralloc_alloc: Creating ashmem region of size 9850880
09-07 04:14:21.732 19456 19456 I ViewInteraction: Checking 'MatchesViewAssertion{viewMatcher=(view has effective visibility <VISIBLE> and view.getGlobalVisibleRect() to return non-empty rectangle)}' assertion on view an instance of android.widget.TextView and view.getText() with or without transformation to match: is "News"
09-07 04:14:21.737 19456 19456 I ViewInteraction: Performing 'wait for a specific view with <view.getId() is <2131230951>> during 10000 millis.' action on view view.getRootView() to equal view
09-07 04:14:21.739 19456 19456 I ViewInteraction: Checking 'MatchesViewAssertion{viewMatcher=(view has effective visibility <VISIBLE> and view.getGlobalVisibleRect() to return non-empty rectangle)}' assertion on view view.getId() is <2131230951/ru.iteco.fmhandroid:id/container_list_news_include_on_fragment_main>
09-07 04:14:21.740 19456 19456 I ViewInteraction: Performing 'wait for a specific view with <view.getId() is <2131230949>> during 10000 millis.' action on view view.getRootView() to equal view
09-07 04:14:21.742 19456 19456 I ViewInteraction: Checking 'MatchesViewAssertion{viewMatcher=(view has effective visibility <VISIBLE> and view.getGlobalVisibleRect() to return non-empty rectangle)}' assertion on view view.getId() is <2131230949/ru.iteco.fmhandroid:id/container_list_claim_include_on_fragment_main>
09-07 04:14:21.743 19456 19456 I ViewInteraction: Performing 'wait for a specific view with <an instance of android.widget.TextView and view.getText() with or without transformation to match: is "Claims"> during 10000 millis.' action on view view.getRootView() to equal view
09-07 04:14:21.745 19456 19456 I ViewInteraction: Checking 'MatchesViewAssertion{viewMatcher=(view has effective visibility <VISIBLE> and view.getGlobalVisibleRect() to return non-empty rectangle)}' assertion on view an instance of android.widget.TextView and view.getText() with or without transformation to match: is "Claims"
09-07 04:14:21.746 19456 19456 I ViewInteraction: Performing 'wait for a specific view with <view.getId() is <2131231123/ru.iteco.fmhandroid:id/main_menu_image_button>> during 10000 millis.' action on view view.getRootView() to equal view
09-07 04:14:21.753 19456 19456 I ViewInteraction: Performing 'single click' action on view view.getId() is <2131231123/ru.iteco.fmhandroid:id/main_menu_image_button>
09-07 04:14:21.753  1793  1793 D gralloc_ranchu: gralloc_alloc: Creating ashmem region of size 9850880
09-07 04:14:21.844 19456 19488 I teco.fmhandroi: Waiting for a blocking GC ProfileSaver
09-07 04:14:21.870 19456 19488 I teco.fmhandroi: WaitForGcToComplete blocked ProfileSaver on HeapTrim for 25.892ms
09-07 04:14:21.898  1781  6116 W audio_hw_generic: Not supplying enough data to HAL, expected position 44468147 , only wrote 44468114
09-07 04:14:21.926  1793  1793 D gralloc_ranchu: gralloc_alloc: Creating ashmem region of size 2015232
09-07 04:14:21.930  1793  1793 I chatty  : uid=1000(system) allocator@2.0-s identical 1 line
09-07 04:14:21.931  1793  1793 D gralloc_ranchu: gralloc_alloc: Creating ashmem region of size 2015232
09-07 04:14:21.940 19456 19547 D EGL_emulation: eglMakeCurrent: 0xd6c30c20: ver 2 0 (tinfo 0xd6c899e0)
09-07 04:14:21.969 19456 19547 I chatty  : uid=10136(ru.iteco.fmhandroid) RenderThread identical 2 lines
09-07 04:14:21.995 19456 19547 D EGL_emulation: eglMakeCurrent: 0xd6c30c20: ver 2 0 (tinfo 0xd6c899e0)
09-07 04:14:22.089  1792  2272 E GnssHAL_GnssInterface: gnssSvStatusCb: a: input svInfo.flags is 8
09-07 04:14:22.089  1792  2272 E GnssHAL_GnssInterface: gnssSvStatusCb: b: input svInfo.flags is 8
09-07 04:14:22.218 19456 19456 I ViewInteraction: Performing 'wait for a specific view with <an instance of android.widget.TextView and view.getText() with or without transformation to match: is "News"> during 10000 millis.' action on view view.getRootView() to equal view
09-07 04:14:22.221 19456 19456 I ViewInteraction: Performing 'single click' action on view an instance of android.widget.TextView and view.getText() with or without transformation to match: is "News"
09-07 04:14:22.288 19456 19547 D EGL_emulation: eglMakeCurrent: 0xd6c30c20: ver 2 0 (tinfo 0xd6c899e0)
09-07 04:14:22.345 19456 20017 I okhttp.OkHttpClient: --> GET http://www.981757-ca08998.tmweb.ru:8080/fmh/news
09-07 04:14:22.346 19456 20017 I okhttp.OkHttpClient: --> END GET
09-07 04:14:22.366 19456 19547 D EGL_emulation: eglMakeCurrent: 0xd6c30c20: ver 2 0 (tinfo 0xd6c899e0)
09-07 04:14:22.374 19456 19547 D EGL_emulation: eglMakeCurrent: 0xd6c30c20: ver 2 0 (tinfo 0xd6c899e0)
09-07 04:14:22.539 19456 19456 I ViewInteraction: Performing 'wait for a specific view with <view.getId() is <2131231025/ru.iteco.fmhandroid:id/edit_news_material_button>> during 10000 millis.' action on view view.getRootView() to equal view
09-07 04:14:22.541 19456 19456 I ViewInteraction: Performing 'single click' action on view view.getId() is <2131231025/ru.iteco.fmhandroid:id/edit_news_material_button>
09-07 04:14:22.626 19456 20050 I okhttp.OkHttpClient: --> GET http://www.981757-ca08998.tmweb.ru:8080/fmh/news
09-07 04:14:22.627 19456 20050 I okhttp.OkHttpClient: --> END GET
09-07 04:14:22.963 19456 19456 I ViewInteraction: Performing 'wait for a specific view with <view.getId() is <2131230850/ru.iteco.fmhandroid:id/add_news_image_view>> during 10000 millis.' action on view view.getRootView() to equal view
09-07 04:14:22.967 19456 19456 I ViewInteraction: Performing 'single click' action on view view.getId() is <2131230850/ru.iteco.fmhandroid:id/add_news_image_view>
09-07 04:14:23.089  1792  2272 E GnssHAL_GnssInterface: gnssSvStatusCb: a: input svInfo.flags is 8
09-07 04:14:23.089  1792  2272 E GnssHAL_GnssInterface: gnssSvStatusCb: b: input svInfo.flags is 8
09-07 04:14:23.291 19456 19456 I ViewInteraction: Performing 'wait for a specific view with <view.getId() is <2131231204/ru.iteco.fmhandroid:id/news_item_category_text_auto_complete_text_view>> during 10000 millis.' action on view view.getRootView() to equal view
09-07 04:14:23.295 19456 19456 I ViewInteraction: Performing 'single click' action on view view.getId() is <2131231204/ru.iteco.fmhandroid:id/news_item_category_text_auto_complete_text_view>
09-07 04:14:23.387  1793  1793 D gralloc_ranchu: gralloc_alloc: Creating ashmem region of size 5308416
09-07 04:14:23.393  1793  1793 D gralloc_ranchu: gralloc_alloc: Creating ashmem region of size 5308416
09-07 04:14:23.395 19456 19547 D EGL_emulation: eglMakeCurrent: 0xd6c30c20: ver 2 0 (tinfo 0xd6c899e0)
09-07 04:14:23.398  1793  1793 D gralloc_ranchu: gralloc_alloc: Creating ashmem region of size 5308416
09-07 04:14:23.421 19456 19456 I AssistStructure: Flattened final assist data: 7432 bytes, containing 2 windows, 55 views
09-07 04:14:23.428  8425  8425 W AutofillChimeraService: Pending fill request while another request in the same session was triggered. [CONTEXT service_id=177 ]
09-07 04:14:23.445 19456 19547 D EGL_emulation: eglMakeCurrent: 0xd6c30c20: ver 2 0 (tinfo 0xd6c899e0)
09-07 04:14:23.450 19456 19456 I AssistStructure: Flattened final assist data: 7432 bytes, containing 2 windows, 55 views
09-07 04:14:23.477 19456 19547 D EGL_emulation: eglMakeCurrent: 0xd6c30c20: ver 2 0 (tinfo 0xd6c899e0)
09-07 04:14:23.479  6131  6131 I KeyboardViewUtil: systemKeyboardHeightRatio:1.000000; userKeyboardHeightRatio:1.000000.
09-07 04:14:23.479  6131  6131 I AndroidIME: LatinIme.onActivate() : EditorInfo = Package = ru.iteco.fmhandroid : Type = Text : Learning = Disable : Suggestion = Show : AutoCorrection = Disable : Microphone = Show : NoPersonalizedLearning = Disable
09-07 04:14:23.485  6131  6131 I Conv2QueryExtension: Current locale: en_US, config allows these locales: de,en,es,fr,it,ms,pt,ta
09-07 04:14:23.485  6131  6131 I Conv2QueryExtension: Conv2Query not enabled due to current app [ru.iteco.fmhandroid] not in whitelist
09-07 04:14:23.485  6131  6131 I Conv2QueryExtension: onActivate() : Disabled by unsupported host app
09-07 04:14:23.496  1793  1793 D gralloc_ranchu: gralloc_alloc: Creating ashmem region of size 9113600
09-07 04:14:23.499  1793  1793 I chatty  : uid=1000(system) allocator@2.0-s identical 1 line
09-07 04:14:23.501  1793  1793 D gralloc_ranchu: gralloc_alloc: Creating ashmem region of size 9113600
09-07 04:14:23.502  6131  6653 D EGL_emulation: eglMakeCurrent: 0xe224f240: ver 2 0 (tinfo 0xe227da70)
09-07 04:14:23.520  2182  2468 D EGL_emulation: eglMakeCurrent: 0xda21a360: ver 2 0 (tinfo 0xda20f590)
09-07 04:14:23.523  2182  2182 W View    : requestLayout() improperly called by com.android.keyguard.AlphaOptimizedLinearLayout{551c6d8 V.E...... ......ID 7,0-48,61 #7f0a041c app:id/wifi_group} during second layout pass: posting in next frame
09-07 04:14:23.534 19456 19547 D EGL_emulation: eglMakeCurrent: 0xd6c30c20: ver 2 0 (tinfo 0xd6c899e0)
09-07 04:14:23.550  2182  2182 W View    : requestLayout() improperly called by StatusBarIconView(slot=mobile icon=null notification=null) during layout: running second layout pass
09-07 04:14:23.553  2182  2468 D EGL_emulation: eglMakeCurrent: 0xda21a360: ver 2 0 (tinfo 0xda20f590)
09-07 04:14:23.559  1793  1793 D gralloc_ranchu: gralloc_alloc: Creating ashmem region of size 3530752
09-07 04:14:23.570 19456 19547 D EGL_emulation: eglMakeCurrent: 0xd6c30c20: ver 2 0 (tinfo 0xd6c899e0)
09-07 04:14:23.579  1793  1793 D gralloc_ranchu: gralloc_alloc: Creating ashmem region of size 3530752
09-07 04:14:23.582 19456 19547 D EGL_emulation: eglMakeCurrent: 0xd6c30c20: ver 2 0 (tinfo 0xd6c899e0)
09-07 04:14:23.597 19456 19547 D EGL_emulation: eglMakeCurrent: 0xd6c30c20: ver 2 0 (tinfo 0xd6c899e0)
09-07 04:14:23.598 19456 19983 V FA      : Inactivity, disconnecting from the service
09-07 04:14:23.604  1793  1793 D gralloc_ranchu: gralloc_alloc: Creating ashmem region of size 3530752
09-07 04:14:23.701 19456 19456 I ViewInteraction: Performing 'close keyboard' action on view view.getRootView() to equal view
09-07 04:14:23.703  6131  6131 I PhenotypeExpConfig: refreshConfiguration() : Force = false : UpdateAvailable = false : Age = 66 minutes : MaxAge = 720 minutes
09-07 04:14:23.706  6131  6131 I AndroidIME: LatinIme.onDeactivate()
09-07 04:14:23.710  2182  2468 D EGL_emulation: eglMakeCurrent: 0xda21a360: ver 2 0 (tinfo 0xda20f590)
09-07 04:14:23.710  2182  2182 W View    : requestLayout() improperly called by com.android.keyguard.AlphaOptimizedLinearLayout{551c6d8 V.E...... ......ID 7,0-48,61 #7f0a041c app:id/wifi_group} during second layout pass: posting in next frame
09-07 04:14:23.730  2182  2182 W View    : requestLayout() improperly called by StatusBarIconView(slot=mobile icon=null notification=null) during layout: running second layout pass
09-07 04:14:23.732  2182  2468 D EGL_emulation: eglMakeCurrent: 0xda21a360: ver 2 0 (tinfo 0xda20f590)
09-07 04:14:23.736  6131  6653 D EGL_emulation: eglMakeCurrent: 0xe224f240: ver 2 0 (tinfo 0xe227da70)
09-07 04:14:23.758 19456 19547 D EGL_emulation: eglMakeCurrent: 0xd6c30c20: ver 2 0 (tinfo 0xd6c899e0)
09-07 04:14:23.780  1793  1793 D gralloc_ranchu: gralloc_alloc: Creating ashmem region of size 5308416
09-07 04:14:23.793 19456 19547 D EGL_emulation: eglMakeCurrent: 0xd6c30c20: ver 2 0 (tinfo 0xd6c899e0)
09-07 04:14:23.809  1793  1793 D gralloc_ranchu: gralloc_alloc: Creating ashmem region of size 5308416
09-07 04:14:23.814 19456 19547 D EGL_emulation: eglMakeCurrent: 0xd6c30c20: ver 2 0 (tinfo 0xd6c899e0)
09-07 04:14:23.827 19456 19547 D EGL_emulation: eglMakeCurrent: 0xd6c30c20: ver 2 0 (tinfo 0xd6c899e0)
09-07 04:14:23.838  1793  1793 D gralloc_ranchu: gralloc_alloc: Creating ashmem region of size 5308416
09-07 04:14:23.858 19456 19547 D EGL_emulation: eglMakeCurrent: 0xd6c30c20: ver 2 0 (tinfo 0xd6c899e0)
09-07 04:14:24.020 19456 19456 I ViewInteraction: Checking 'MatchesViewAssertion{viewMatcher=(view has effective visibility <VISIBLE> and view.getGlobalVisibleRect() to return non-empty rectangle)}' assertion on view an instance of android.widget.TextView and view.getText() with or without transformation to match: is "Объявление"
09-07 04:14:24.023 19456 19456 I ViewInteraction: Performing 'single click' action on view an instance of android.widget.TextView and view.getText() with or without transformation to match: is "Объявление"
09-07 04:14:24.080 19456 19547 D EGL_emulation: eglMakeCurrent: 0xd6c30c20: ver 2 0 (tinfo 0xd6c899e0)
09-07 04:14:24.090  1792  2272 E GnssHAL_GnssInterface: gnssSvStatusCb: a: input svInfo.flags is 8
09-07 04:14:24.090  1792  2272 E GnssHAL_GnssInterface: gnssSvStatusCb: b: input svInfo.flags is 8
09-07 04:14:24.145 19456 19547 D EGL_emulation: eglMakeCurrent: 0xd6c30c20: ver 2 0 (tinfo 0xd6c899e0)
09-07 04:14:24.154  2037  2302 E InputDispatcher: Window handle Window{e486ce7 u0 PopupWindow:aaedcf7} has no registered input channel
09-07 04:14:24.163 19456 19547 D EGL_emulation: eglMakeCurrent: 0xd6c30c20: ver 2 0 (tinfo 0xd6c899e0)
09-07 04:14:24.309 19456 19456 I ViewInteraction: Performing 'wait for a specific view with <view.getId() is <2131231227/ru.iteco.fmhandroid:id/news_item_title_text_input_edit_text>> during 10000 millis.' action on view view.getRootView() to equal view
09-07 04:14:24.311 19456 19456 I ViewInteraction: Performing 'replace text(Заголовок 3e014e6f-ec8c-445f-9019-0f22c26dfb73)' action on view view.getId() is <2131231227/ru.iteco.fmhandroid:id/news_item_title_text_input_edit_text>
09-07 04:14:24.344 19456 19456 I ViewInteraction: Performing 'wait for a specific view with <view.getId() is <2131231222/ru.iteco.fmhandroid:id/news_item_publish_date_text_input_edit_text>> during 10000 millis.' action on view view.getRootView() to equal view
09-07 04:14:24.347 19456 19456 I ViewInteraction: Performing 'single click' action on view view.getId() is <2131231222/ru.iteco.fmhandroid:id/news_item_publish_date_text_input_edit_text>
09-07 04:14:24.445  1793  1793 D gralloc_ranchu: gralloc_alloc: Creating ashmem region of size 6778880
09-07 04:14:24.456  1793  1793 I chatty  : uid=1000(system) allocator@2.0-s identical 1 line
09-07 04:14:24.458  1793  1793 D gralloc_ranchu: gralloc_alloc: Creating ashmem region of size 6778880
09-07 04:14:24.459 19456 19547 D EGL_emulation: eglMakeCurrent: 0xd6c30c20: ver 2 0 (tinfo 0xd6c899e0)
09-07 04:14:24.740 19456 19547 I chatty  : uid=10136(ru.iteco.fmhandroid) RenderThread identical 10 lines
09-07 04:14:24.749 19456 19547 D EGL_emulation: eglMakeCurrent: 0xd6c30c20: ver 2 0 (tinfo 0xd6c899e0)
09-07 04:14:25.090  1792  2272 E GnssHAL_GnssInterface: gnssSvStatusCb: a: input svInfo.flags is 8
09-07 04:14:25.090  1792  2272 E GnssHAL_GnssInterface: gnssSvStatusCb: b: input svInfo.flags is 8
09-07 04:14:25.153 19456 19456 I ViewInteraction: Performing 'wait for a specific view with <is assignable from class <class android.widget.DatePicker>> during 10000 millis.' action on view view.getRootView() to equal view
09-07 04:14:25.155 19456 19456 I ViewInteraction: Checking 'MatchesViewAssertion{viewMatcher=(view has effective visibility <VISIBLE> and view.getGlobalVisibleRect() to return non-empty rectangle)}' assertion on view is assignable from class <class android.widget.DatePicker>
09-07 04:14:25.156 19456 19456 I ViewInteraction: Performing 'wait for a specific view with <is assignable from class <class android.widget.DatePicker>> during 10000 millis.' action on view view.getRootView() to equal view
09-07 04:14:25.158 19456 19456 I ViewInteraction: Performing 'set date' action on view is assignable from class <class android.widget.DatePicker>
09-07 04:14:25.170 19456 19547 D EGL_emulation: eglMakeCurrent: 0xd6c30c20: ver 2 0 (tinfo 0xd6c899e0)
09-07 04:14:25.189 19456 19456 I ViewInteraction: Performing 'wait for a specific view with <view.getId() is <16908313/android:id/button1>> during 10000 millis.' action on view view.getRootView() to equal view
09-07 04:14:25.191 19456 19456 I ViewInteraction: Performing 'single click' action on view view.getId() is <16908313/android:id/button1>
09-07 04:14:25.251 19456 19547 D EGL_emulation: eglMakeCurrent: 0xd6c30c20: ver 2 0 (tinfo 0xd6c899e0)
09-07 04:14:25.262  2037  2302 E InputDispatcher: Window handle Window{52aadd5 u0 ru.iteco.fmhandroid/ru.iteco.fmhandroid.ui.AppActivity} has no registered input channel
09-07 04:14:25.265 19456 19547 D EGL_emulation: eglMakeCurrent: 0xd6c30c20: ver 2 0 (tinfo 0xd6c899e0)
09-07 04:14:25.507 19456 19456 I ViewInteraction: Performing 'wait for a specific view with <view.getId() is <2131231223/ru.iteco.fmhandroid:id/news_item_publish_time_text_input_edit_text>> during 10000 millis.' action on view view.getRootView() to equal view
09-07 04:14:25.509 19456 19456 I ViewInteraction: Performing 'single click' action on view view.getId() is <2131231223/ru.iteco.fmhandroid:id/news_item_publish_time_text_input_edit_text>
09-07 04:14:25.605  1793  1793 D gralloc_ranchu: gralloc_alloc: Creating ashmem region of size 5718016
09-07 04:14:25.611  1793  1793 I chatty  : uid=1000(system) allocator@2.0-s identical 1 line
09-07 04:14:25.613  1793  1793 D gralloc_ranchu: gralloc_alloc: Creating ashmem region of size 5718016
09-07 04:14:25.617 19456 19547 D EGL_emulation: eglMakeCurrent: 0xd6c30c20: ver 2 0 (tinfo 0xd6c899e0)
09-07 04:14:25.642 19456 19547 D EGL_emulation: eglMakeCurrent: 0xd6c30c20: ver 2 0 (tinfo 0xd6c899e0)
09-07 04:14:25.866 19456 19456 I ViewInteraction: Performing 'wait for a specific view with <is assignable from class <class android.widget.TimePicker>> during 10000 millis.' action on view view.getRootView() to equal view
09-07 04:14:25.868 19456 19456 I ViewInteraction: Checking 'MatchesViewAssertion{viewMatcher=(view has effective visibility <VISIBLE> and view.getGlobalVisibleRect() to return non-empty rectangle)}' assertion on view is assignable from class <class android.widget.TimePicker>
09-07 04:14:25.870 19456 19456 I ViewInteraction: Performing 'wait for a specific view with <is assignable from class <class android.widget.TimePicker>> during 10000 millis.' action on view view.getRootView() to equal view
09-07 04:14:25.873 19456 19456 I ViewInteraction: Performing 'set time' action on view is assignable from class <class android.widget.TimePicker>
09-07 04:14:25.875 19456 19456 I ViewInteraction: Performing 'wait for a specific view with <view.getId() is <16908313/android:id/button1>> during 10000 millis.' action on view view.getRootView() to equal view
09-07 04:14:25.876 19456 19456 I ViewInteraction: Performing 'single click' action on view view.getId() is <16908313/android:id/button1>
09-07 04:14:25.930 19456 19547 D EGL_emulation: eglMakeCurrent: 0xd6c30c20: ver 2 0 (tinfo 0xd6c899e0)
09-07 04:14:25.940 19456 19547 D EGL_emulation: eglMakeCurrent: 0xd6c30c20: ver 2 0 (tinfo 0xd6c899e0)
09-07 04:14:25.946  2037  4497 E InputDispatcher: Window handle Window{c6bd19a u0 ru.iteco.fmhandroid/ru.iteco.fmhandroid.ui.AppActivity} has no registered input channel
09-07 04:14:25.953 19456 19547 D EGL_emulation: eglMakeCurrent: 0xd6c30c20: ver 2 0 (tinfo 0xd6c899e0)
09-07 04:14:26.090  1792  2272 E GnssHAL_GnssInterface: gnssSvStatusCb: a: input svInfo.flags is 8
09-07 04:14:26.091  1792  2272 E GnssHAL_GnssInterface: gnssSvStatusCb: b: input svInfo.flags is 8
09-07 04:14:26.193 19456 19456 I ViewInteraction: Performing 'wait for a specific view with <view.getId() is <2131231211/ru.iteco.fmhandroid:id/news_item_description_text_input_edit_text>> during 10000 millis.' action on view view.getRootView() to equal view
09-07 04:14:26.195 19456 19456 I ViewInteraction: Performing 'replace text(Описание a98725d9-54da-4e11-94df-a9235e3210bd)' action on view view.getId() is <2131231211/ru.iteco.fmhandroid:id/news_item_description_text_input_edit_text>
09-07 04:14:26.229 19456 19456 I ViewInteraction: Performing 'wait for a specific view with <view.getId() is <2131231291/ru.iteco.fmhandroid:id/save_button>> during 10000 millis.' action on view view.getRootView() to equal view
09-07 04:14:26.232 19456 19456 I ViewInteraction: Performing 'single click' action on view view.getId() is <2131231291/ru.iteco.fmhandroid:id/save_button>
09-07 04:14:26.281 19456 20060 I okhttp.OkHttpClient: --> POST http://www.981757-ca08998.tmweb.ru:8080/fmh/news
09-07 04:14:26.281 19456 20060 I okhttp.OkHttpClient: Content-Type: application/json; charset=UTF-8
09-07 04:14:26.281 19456 20060 I okhttp.OkHttpClient: Content-Length: 294
09-07 04:14:26.281 19456 20060 I okhttp.OkHttpClient: {"createDate":1694049266,"creatorId":1,"creatorName":"Ivanov Ivan Ivanovich","description":"Описание a98725d9-54da-4e11-94df-a9235e3210bd","isOpen":false,"newsCategoryId":1,"publishDate":1691381640,"publishEnabled":true,"title":"Заголовок 3e014e6f-ec8c-445f-9019-0f22c26dfb73"}
09-07 04:14:26.282 19456 20060 I okhttp.OkHttpClient: --> END POST (294-byte body)
09-07 04:14:26.284  1774 20061 E ResolverController: No valid NAT64 prefix (101, <unspecified>/0)
09-07 04:14:26.503 19456 19456 I ViewInteraction: Performing 'wait for a specific view with <view.getId() is <2131230850/ru.iteco.fmhandroid:id/add_news_image_view>> during 10000 millis.' action on view view.getRootView() to equal view
09-07 04:14:26.553 19456 20060 I okhttp.OkHttpClient: <-- 200 http://www.981757-ca08998.tmweb.ru:8080/fmh/news (270ms)
09-07 04:14:26.553 19456 20060 I okhttp.OkHttpClient: Vary: Origin
09-07 04:14:26.553 19456 20060 I okhttp.OkHttpClient: Vary: Access-Control-Request-Method
09-07 04:14:26.553 19456 20060 I okhttp.OkHttpClient: Vary: Access-Control-Request-Headers
09-07 04:14:26.553 19456 20060 I okhttp.OkHttpClient: X-Content-Type-Options: nosniff
09-07 04:14:26.553 19456 20060 I okhttp.OkHttpClient: X-XSS-Protection: 1; mode=block
09-07 04:14:26.553 19456 20060 I okhttp.OkHttpClient: Cache-Control: no-cache, no-store, max-age=0, must-revalidate
09-07 04:14:26.554 19456 20060 I okhttp.OkHttpClient: Pragma: no-cache
09-07 04:14:26.554 19456 20060 I okhttp.OkHttpClient: Expires: 0
09-07 04:14:26.554 19456 20060 I okhttp.OkHttpClient: X-Frame-Options: DENY
09-07 04:14:26.554 19456 20060 I okhttp.OkHttpClient: Content-Type: application/json
09-07 04:14:26.555 19456 20060 I okhttp.OkHttpClient: Transfer-Encoding: chunked
09-07 04:14:26.555 19456 20060 I okhttp.OkHttpClient: Date: Thu, 07 Sep 2023 04:14:27 GMT
09-07 04:14:26.555 19456 20060 I okhttp.OkHttpClient: Keep-Alive: timeout=60
09-07 04:14:26.556 19456 20060 I okhttp.OkHttpClient: Connection: keep-alive
09-07 04:14:26.556 19456 20060 I okhttp.OkHttpClient: {"id":6440,"newsCategoryId":1,"title":"Заголовок 3e014e6f-ec8c-445f-9019-0f22c26dfb73","description":"Описание a98725d9-54da-4e11-94df-a9235e3210bd","creatorId":1,"createDate":1694049266,"publishDate":1691381640,"publishEnabled":true,"creatorName":"Ivanov Ivan Ivanovich"}
09-07 04:14:26.556 19456 20060 I okhttp.OkHttpClient: <-- END HTTP (289-byte body)
09-07 04:14:26.608 19456 19456 I ViewInteraction: Performing 'single click' action on view view.getId() is <2131230850/ru.iteco.fmhandroid:id/add_news_image_view>
09-07 04:14:27.005 19456 19456 I ViewInteraction: Performing 'wait for a specific view with <view.getId() is <2131231204/ru.iteco.fmhandroid:id/news_item_category_text_auto_complete_text_view>> during 10000 millis.' action on view view.getRootView() to equal view
09-07 04:14:27.008 19456 19456 I ViewInteraction: Performing 'single click' action on view view.getId() is <2131231204/ru.iteco.fmhandroid:id/news_item_category_text_auto_complete_text_view>
09-07 04:14:27.090  1792  2272 E GnssHAL_GnssInterface: gnssSvStatusCb: a: input svInfo.flags is 8
09-07 04:14:27.090  1792  2272 E GnssHAL_GnssInterface: gnssSvStatusCb: b: input svInfo.flags is 8
09-07 04:14:27.102  1793  1793 D gralloc_ranchu: gralloc_alloc: Creating ashmem region of size 5308416
09-07 04:14:27.107  1793  1793 I chatty  : uid=1000(system) allocator@2.0-s identical 1 line
09-07 04:14:27.109  1793  1793 D gralloc_ranchu: gralloc_alloc: Creating ashmem region of size 5308416
09-07 04:14:27.109 19456 19547 D EGL_emulation: eglMakeCurrent: 0xd6c30c20: ver 2 0 (tinfo 0xd6c899e0)
09-07 04:14:27.134 19456 19456 I AssistStructure: Flattened final assist data: 7432 bytes, containing 2 windows, 55 views
09-07 04:14:27.143  8425  8425 W AutofillChimeraService: Pending fill request while another request in the same session was triggered. [CONTEXT service_id=177 ]
09-07 04:14:27.161 19456 19547 D EGL_emulation: eglMakeCurrent: 0xd6c30c20: ver 2 0 (tinfo 0xd6c899e0)
09-07 04:14:27.165 19456 19456 I AssistStructure: Flattened final assist data: 7432 bytes, containing 2 windows, 55 views
09-07 04:14:27.177 19456 19547 D EGL_emulation: eglMakeCurrent: 0xd6c30c20: ver 2 0 (tinfo 0xd6c899e0)
09-07 04:14:27.191 19456 19547 D EGL_emulation: eglMakeCurrent: 0xd6c30c20: ver 2 0 (tinfo 0xd6c899e0)
09-07 04:14:27.193  6131  6131 I KeyboardViewUtil: systemKeyboardHeightRatio:1.000000; userKeyboardHeightRatio:1.000000.
09-07 04:14:27.194  6131  6131 I AndroidIME: LatinIme.onActivate() : EditorInfo = Package = ru.iteco.fmhandroid : Type = Text : Learning = Disable : Suggestion = Show : AutoCorrection = Disable : Microphone = Show : NoPersonalizedLearning = Disable
09-07 04:14:27.198  6131  6131 I Conv2QueryExtension: Current locale: en_US, config allows these locales: de,en,es,fr,it,ms,pt,ta
09-07 04:14:27.198  6131  6131 I Conv2QueryExtension: Conv2Query not enabled due to current app [ru.iteco.fmhandroid] not in whitelist
09-07 04:14:27.198  6131  6131 I Conv2QueryExtension: onActivate() : Disabled by unsupported host app
09-07 04:14:27.210  2182  2468 D EGL_emulation: eglMakeCurrent: 0xda21a360: ver 2 0 (tinfo 0xda20f590)
09-07 04:14:27.211  2182  2182 W View    : requestLayout() improperly called by com.android.keyguard.AlphaOptimizedLinearLayout{551c6d8 V.E...... ......ID 7,0-48,61 #7f0a041c app:id/wifi_group} during second layout pass: posting in next frame
09-07 04:14:27.211  1793  1793 D gralloc_ranchu: gralloc_alloc: Creating ashmem region of size 9113600
09-07 04:14:27.213  1793  1793 I chatty  : uid=1000(system) allocator@2.0-s identical 1 line
09-07 04:14:27.215  1793  1793 D gralloc_ranchu: gralloc_alloc: Creating ashmem region of size 9113600
09-07 04:14:27.221  6131  6653 D EGL_emulation: eglMakeCurrent: 0xe224f240: ver 2 0 (tinfo 0xe227da70)
09-07 04:14:27.230  2182  2182 W View    : requestLayout() improperly called by StatusBarIconView(slot=mobile icon=null notification=null) during layout: running second layout pass
09-07 04:14:27.233  2182  2468 D EGL_emulation: eglMakeCurrent: 0xda21a360: ver 2 0 (tinfo 0xda20f590)
09-07 04:14:27.274  1793  1793 D gralloc_ranchu: gralloc_alloc: Creating ashmem region of size 3530752
09-07 04:14:27.284 19456 19547 D EGL_emulation: eglMakeCurrent: 0xd6c30c20: ver 2 0 (tinfo 0xd6c899e0)
09-07 04:14:27.293  1793  1793 D gralloc_ranchu: gralloc_alloc: Creating ashmem region of size 3530752
09-07 04:14:27.294 19456 19547 D EGL_emulation: eglMakeCurrent: 0xd6c30c20: ver 2 0 (tinfo 0xd6c899e0)
09-07 04:14:27.311 19456 19547 D EGL_emulation: eglMakeCurrent: 0xd6c30c20: ver 2 0 (tinfo 0xd6c899e0)
09-07 04:14:27.322  1793  1793 D gralloc_ranchu: gralloc_alloc: Creating ashmem region of size 3530752
09-07 04:14:27.392 19456 20017 I okhttp.OkHttpClient: <-- 200 http://www.981757-ca08998.tmweb.ru:8080/fmh/news (5046ms)
09-07 04:14:27.392 19456 20017 I okhttp.OkHttpClient: Vary: Origin
09-07 04:14:27.392 19456 20017 I okhttp.OkHttpClient: Vary: Access-Control-Request-Method
09-07 04:14:27.392 19456 20017 I okhttp.OkHttpClient: Vary: Access-Control-Request-Headers
09-07 04:14:27.392 19456 20017 I okhttp.OkHttpClient: X-Content-Type-Options: nosniff
09-07 04:14:27.392 19456 20017 I okhttp.OkHttpClient: X-XSS-Protection: 1; mode=block
09-07 04:14:27.392 19456 20017 I okhttp.OkHttpClient: Cache-Control: no-cache, no-store, max-age=0, must-revalidate
09-07 04:14:27.393 19456 20017 I okhttp.OkHttpClient: Pragma: no-cache
09-07 04:14:27.393 19456 20017 I okhttp.OkHttpClient: Expires: 0
09-07 04:14:27.393 19456 20017 I okhttp.OkHttpClient: X-Frame-Options: DENY
09-07 04:14:27.393 19456 20017 I okhttp.OkHttpClient: Content-Type: application/json
09-07 04:14:27.393 19456 20017 I okhttp.OkHttpClient: Transfer-Encoding: chunked
09-07 04:14:27.393 19456 20017 I okhttp.OkHttpClient: Date: Thu, 07 Sep 2023 04:14:27 GMT
09-07 04:14:27.393 19456 20017 I okhttp.OkHttpClient: Keep-Alive: timeout=60
09-07 04:14:27.393 19456 20017 I okhttp.OkHttpClient: Connection: keep-alive
09-07 04:14:27.412 19456 19456 I ViewInteraction: Performing 'close keyboard' action on view view.getRootView() to equal view
09-07 04:14:27.416  6131  6131 I PhenotypeExpConfig: refreshConfiguration() : Force = false : UpdateAvailable = false : Age = 66 minutes : MaxAge = 720 minutes
09-07 04:14:27.417  6131  6131 I AndroidIME: LatinIme.onDeactivate()
09-07 04:14:27.426  2182  2468 D EGL_emulation: eglMakeCurrent: 0xda21a360: ver 2 0 (tinfo 0xda20f590)
09-07 04:14:27.427  2182  2182 W View    : requestLayout() improperly called by com.android.keyguard.AlphaOptimizedLinearLayout{551c6d8 V.E...... ......ID 7,0-48,61 #7f0a041c app:id/wifi_group} during second layout pass: posting in next frame
09-07 04:14:27.430  6131  6653 D EGL_emulation: eglMakeCurrent: 0xe224f240: ver 2 0 (tinfo 0xe227da70)
09-07 04:14:27.443  2182  2182 W View    : requestLayout() improperly called by StatusBarIconView(slot=mobile icon=null notification=null) during layout: running second layout pass
09-07 04:14:27.449  2182  2468 D EGL_emulation: eglMakeCurrent: 0xda21a360: ver 2 0 (tinfo 0xda20f590)
09-07 04:14:27.457 19456 19547 D EGL_emulation: eglMakeCurrent: 0xd6c30c20: ver 2 0 (tinfo 0xd6c899e0)
09-07 04:14:27.477  1793  1793 D gralloc_ranchu: gralloc_alloc: Creating ashmem region of size 5308416
09-07 04:14:27.490 19456 19547 D EGL_emulation: eglMakeCurrent: 0xd6c30c20: ver 2 0 (tinfo 0xd6c899e0)
09-07 04:14:27.505  1793  1793 D gralloc_ranchu: gralloc_alloc: Creating ashmem region of size 5308416
09-07 04:14:27.510 19456 19547 D EGL_emulation: eglMakeCurrent: 0xd6c30c20: ver 2 0 (tinfo 0xd6c899e0)
09-07 04:14:27.525 19456 19547 D EGL_emulation: eglMakeCurrent: 0xd6c30c20: ver 2 0 (tinfo 0xd6c899e0)
09-07 04:14:27.534 19456 20050 I okhttp.OkHttpClient: <-- 200 http://www.981757-ca08998.tmweb.ru:8080/fmh/news (4907ms)
09-07 04:14:27.534 19456 20050 I okhttp.OkHttpClient: Vary: Origin
09-07 04:14:27.534 19456 20050 I okhttp.OkHttpClient: Vary: Access-Control-Request-Method
09-07 04:14:27.534 19456 20050 I okhttp.OkHttpClient: Vary: Access-Control-Request-Headers
09-07 04:14:27.534 19456 20050 I okhttp.OkHttpClient: X-Content-Type-Options: nosniff
09-07 04:14:27.534  1793  1793 D gralloc_ranchu: gralloc_alloc: Creating ashmem region of size 5308416
09-07 04:14:27.536 19456 20050 I okhttp.OkHttpClient: X-XSS-Protection: 1; mode=block
09-07 04:14:27.536 19456 20050 I okhttp.OkHttpClient: Cache-Control: no-cache, no-store, max-age=0, must-revalidate
09-07 04:14:27.536 19456 20050 I okhttp.OkHttpClient: Pragma: no-cache
09-07 04:14:27.536 19456 20050 I okhttp.OkHttpClient: Expires: 0
09-07 04:14:27.536 19456 20050 I okhttp.OkHttpClient: X-Frame-Options: DENY
09-07 04:14:27.536 19456 20050 I okhttp.OkHttpClient: Content-Type: application/json
09-07 04:14:27.536 19456 20050 I okhttp.OkHttpClient: Transfer-Encoding: chunked
09-07 04:14:27.536 19456 20050 I okhttp.OkHttpClient: Date: Thu, 07 Sep 2023 04:14:27 GMT
09-07 04:14:27.537 19456 20050 I okhttp.OkHttpClient: Keep-Alive: timeout=60
09-07 04:14:27.537 19456 20050 I okhttp.OkHttpClient: Connection: keep-alive
09-07 04:14:27.574 19456 19547 D EGL_emulation: eglMakeCurrent: 0xd6c30c20: ver 2 0 (tinfo 0xd6c899e0)
09-07 04:14:27.724 19456 19456 I ViewInteraction: Checking 'MatchesViewAssertion{viewMatcher=(view has effective visibility <VISIBLE> and view.getGlobalVisibleRect() to return non-empty rectangle)}' assertion on view an instance of android.widget.TextView and view.getText() with or without transformation to match: is "Объявление"
09-07 04:14:27.726 19456 19456 I ViewInteraction: Performing 'single click' action on view an instance of android.widget.TextView and view.getText() with or without transformation to match: is "Объявление"
09-07 04:14:27.778 19456 19547 D EGL_emulation: eglMakeCurrent: 0xd6c30c20: ver 2 0 (tinfo 0xd6c899e0)
09-07 04:14:27.850 19456 19547 I chatty  : uid=10136(ru.iteco.fmhandroid) RenderThread identical 1 line
09-07 04:14:27.859 19456 19547 D EGL_emulation: eglMakeCurrent: 0xd6c30c20: ver 2 0 (tinfo 0xd6c899e0)
09-07 04:14:27.948 19456 20017 I okhttp.OkHttpClient: [{"id":6432,"newsCategoryId":1,"title":"Заголовок c066acf3-8a6a-4e83-8e0b-93486125dca6","description":"Описание 1144af88-9746-4ad3-92ff-d2a9286f6bdc","creatorId":1,"createDate":1694049054,"publishDate":1694146200,"publishEnabled":true,"creatorName":"Ivanov Ivan Ivanovich"},{"id":6433,"newsCategoryId":1,"title":"Заголовок 7b4671d8-7b17-4a26-9dc3-f641d2a5d69f","description":"Описание 6b14c0dc-6ce7-4b21-b1a0-f0e01dc4d8d9","creatorId":1,"createDate":1694049065,"publishDate":1694063400,"publishEnabled":true,"creatorName":"Ivanov Ivan Ivanovich"},{"id":6439,"newsCategoryId":2,"title":"Заголовок 0f0a40fb-12ab-48e9-8cf8-e7859889b553","description":"Описание bb14a142-063b-4af9-a521-e888a4884834","creatorId":1,"createDate":1694049168,"publishDate":1694059920,"publishEnabled":true,"creatorName":"Ivanov Ivan Ivanovich"},{"id":6437,"newsCategoryId":7,"title":"Заголовок b51f1f33-9794-4f02-b335-07ba98b11a2d","description":"Описание e7d542c4-fc5a-41a7-aacd-b0c5e37abb36","creatorId":1,"createDate":1694049142,"publishDate":1694059920,"publishEnabled":true,"creatorName":"Ivanov Ivan Ivanovich"},{"id":6436,"newsCategoryId":4,"title":"Заголовок 2596b7c6-36fb-4fe5-81b8-1ed73be6c430","description":"Описание cf7a2f3d-d9e2-4b15-bc23-d3dc18a92245","creatorId":1,"createDate":1694049128,"publishDate":1694059920,"publishEnabled":true,"creatorName":"Ivanov Ivan Ivanovich"},{"id":6438,"newsCategoryId":8,"title":"Заголовок 277a78ff-7d57-4fdb-ac80-68516baf6bf1","description":"Описание d66cd411-1afb-4da0-b417-a0d2ab19ccba","creatorId":1,"createDate":1694049155,"publishDate":1694059920,"publishEnabled":true,"creatorName":"Ivanov Ivan Ivanovich"},{"id":6434,"newsCategoryId":1,"title":"Заголовок 80d2abd9-30bc-4366-bf31-090dac707603","description":"Описание ceac6d0c-1b04-47cf-948a-05f8cf160f99","creatorId":1,"createDate":1694049082,"publishDate":1694059860,"publishEnabled":false,"creatorName":"Ivanov Ivan Ivanovich"},{"id":6435,"newsCategoryId":3,"title":"Заголовок 44497b1b-1444-4b8a-b707-c047737bd755","description":"Описание 48890c05-c840-4d2b-9928-09cca7734d4c","creatorId":1,"createDate":1694049114,"publishDate":1694059860,"publishEnabled":true,"creatorName":"Ivanov Ivan Ivanovich"},{"id":6429,"newsCategoryId":1,"title":"Заголовок 3d87c484-4a09-4208-b095-32bf0f43ac53","description":"Описание c7f0918c-9928-4427-901f-673dfaf5ff6c","creatorId":1,"createDate":1694049023,"publishDate":1694059800,"publishEnabled":true,"creatorName":"Ivanov Ivan Ivanovich"},{"id":6431,"newsCategoryId":1,"title":"Заголовок 0bf0a38f-d180-4618-aeec-248b6fda8dbd","description":"Описание 1cef6782-99cb-4a2c-a520-3baf56426f0f","creatorId":1,"createDate":1694049044,"publishDate":1694059800,"publishEnabled":true,"creatorName":"Ivanov Ivan Ivanovich"},{"id":6430,"newsCategoryId":1,"title":"Заголовок fc4439ef-d9e8-4629-a451-ca3a19830c97","description":"Оп��сание 18fac2ac-147d-4d6c-85a3-4c856c11f194","creatorId":1,"createDate":1694049033,"publishDate":1694059800,"publishEnabled":true,"creatorName":"Ivanov Ivan Ivanovich"},{"id":6428,"newsCategoryId":1,"title":"Заголовок 5fbccc16-cf7b-4593-ab7e-77ca8c2d9c36","description":"Описание a5823a77-1725-4076-968c-61dba1784180","creatorId":1,"createDate":1694049012,"publishDate":1694059800,"publishEnabled":true,"creatorName":"Ivanov Ivan Ivanovich"},{"id":6426,"newsCategoryId":1,"title":"Заго��овок 62cfcbb1-3fad-4074-a2d5-938bd277ded0","description":"Описание ed9ab407-4840-4986-ba63-274e04076509","creatorId":1,"createDate":1694048991,"publishDate":1694059740,"publishEnabled":true,"creatorName":"Ivanov Ivan Ivanovich"},{"id":6427,"newsCategoryId":1,"title":"Заголовок 3d8a2861-9975-4831-abb3-0ec41ad1df20","description":"Описание f51f3868-2617-4ea2-abc9-0b9d5d41436d проверка","creatorId":1,"createDate":1694049001,"publishDate":1694059740,"publishEnabled":true,"creat
