09-07 06:11:38.466  9067  9067 I ViewInteraction: Performing 'wait for a specific view with <is assignable from class <class android.widget.DatePicker>> during 10000 millis.' action on view view.getRootView() to equal view
09-07 06:11:38.471  9067  9067 I ViewInteraction: Checking 'MatchesViewAssertion{viewMatcher=(view has effective visibility <VISIBLE> and view.getGlobalVisibleRect() to return non-empty rectangle)}' assertion on view is assignable from class <class android.widget.DatePicker>
09-07 06:11:38.475  9067  9067 I ViewInteraction: Performing 'wait for a specific view with <is assignable from class <class android.widget.DatePicker>> during 10000 millis.' action on view view.getRootView() to equal view
09-07 06:11:38.480  9067  9067 I ViewInteraction: Performing 'set date' action on view is assignable from class <class android.widget.DatePicker>
09-07 06:11:38.518  9067  9067 I ViewInteraction: Performing 'wait for a specific view with <view.getId() is <16908313/android:id/button1>> during 10000 millis.' action on view view.getRootView() to equal view
09-07 06:11:38.523  9067  9067 I ViewInteraction: Performing 'single click' action on view view.getId() is <16908313/android:id/button1>
09-07 06:11:38.549  1792  2272 E GnssHAL_GnssInterface: gnssSvStatusCb: a: input svInfo.flags is 8
09-07 06:11:38.549  1792  2272 E GnssHAL_GnssInterface: gnssSvStatusCb: b: input svInfo.flags is 8
09-07 06:11:38.615  9067  9293 D EGL_emulation: eglMakeCurrent: 0xda21a9c0: ver 2 0 (tinfo 0xda20fc10)
09-07 06:11:38.621  2037  7767 E InputDispatcher: Window handle Window{c181aed u0 ru.iteco.fmhandroid/ru.iteco.fmhandroid.ui.AppActivity} has no registered input channel
09-07 06:11:38.639  9067  9293 D EGL_emulation: eglMakeCurrent: 0xda21a9c0: ver 2 0 (tinfo 0xda20fc10)
09-07 06:11:38.897  9067  9067 I ViewInteraction: Performing 'wait for a specific view with <view.getId() is <2131231223/ru.iteco.fmhandroid:id/news_item_publish_time_text_input_edit_text>> during 10000 millis.' action on view view.getRootView() to equal view
09-07 06:11:38.903  9067  9067 I ViewInteraction: Performing 'single click' action on view view.getId() is <2131231223/ru.iteco.fmhandroid:id/news_item_publish_time_text_input_edit_text>
09-07 06:11:39.025  1793  1793 D gralloc_ranchu: gralloc_alloc: Creating ashmem region of size 5718016
09-07 06:11:39.047  1793  1793 I chatty  : uid=1000(system) allocator@2.0-s identical 1 line
09-07 06:11:39.051  1793  1793 D gralloc_ranchu: gralloc_alloc: Creating ashmem region of size 5718016
09-07 06:11:39.054  9067  9293 D EGL_emulation: eglMakeCurrent: 0xda21a9c0: ver 2 0 (tinfo 0xda20fc10)
09-07 06:11:39.087  9067  9293 D EGL_emulation: eglMakeCurrent: 0xda21a9c0: ver 2 0 (tinfo 0xda20fc10)
09-07 06:11:39.371  9067  9067 I ViewInteraction: Performing 'wait for a specific view with <is assignable from class <class android.widget.TimePicker>> during 10000 millis.' action on view view.getRootView() to equal view
09-07 06:11:39.378  9067  9067 I ViewInteraction: Checking 'MatchesViewAssertion{viewMatcher=(view has effective visibility <VISIBLE> and view.getGlobalVisibleRect() to return non-empty rectangle)}' assertion on view is assignable from class <class android.widget.TimePicker>
09-07 06:11:39.387  9067  9067 I ViewInteraction: Performing 'wait for a specific view with <is assignable from class <class android.widget.TimePicker>> during 10000 millis.' action on view view.getRootView() to equal view
09-07 06:11:39.398  9067  9067 I ViewInteraction: Performing 'set time' action on view is assignable from class <class android.widget.TimePicker>
09-07 06:11:39.405  9067  9067 I ViewInteraction: Performing 'wait for a specific view with <view.getId() is <16908313/android:id/button1>> during 10000 millis.' action on view view.getRootView() to equal view
09-07 06:11:39.412  9067  9067 I ViewInteraction: Performing 'single click' action on view view.getId() is <16908313/android:id/button1>
09-07 06:11:39.473  9067  9293 D EGL_emulation: eglMakeCurrent: 0xda21a9c0: ver 2 0 (tinfo 0xda20fc10)
09-07 06:11:39.516  9067  9293 D EGL_emulation: eglMakeCurrent: 0xda21a9c0: ver 2 0 (tinfo 0xda20fc10)
09-07 06:11:39.543  2037  2428 E InputDispatcher: Window handle Window{103d2d2 u0 ru.iteco.fmhandroid/ru.iteco.fmhandroid.ui.AppActivity} has no registered input channel
09-07 06:11:39.546  9067  9293 D EGL_emulation: eglMakeCurrent: 0xda21a9c0: ver 2 0 (tinfo 0xda20fc10)
09-07 06:11:39.551  1792  2272 E GnssHAL_GnssInterface: gnssSvStatusCb: a: input svInfo.flags is 8
09-07 06:11:39.551  1792  2272 E GnssHAL_GnssInterface: gnssSvStatusCb: b: input svInfo.flags is 8
09-07 06:11:39.843  9067  9067 I ViewInteraction: Performing 'wait for a specific view with <view.getId() is <2131231211/ru.iteco.fmhandroid:id/news_item_description_text_input_edit_text>> during 10000 millis.' action on view view.getRootView() to equal view
09-07 06:11:39.847  9067  9067 I ViewInteraction: Performing 'replace text(Описание ffd71dd3-3014-4327-9fe5-6977b9e23766)' action on view view.getId() is <2131231211/ru.iteco.fmhandroid:id/news_item_description_text_input_edit_text>
09-07 06:11:39.882  9067  9067 I ViewInteraction: Performing 'wait for a specific view with <view.getId() is <2131231291/ru.iteco.fmhandroid:id/save_button>> during 10000 millis.' action on view view.getRootView() to equal view
09-07 06:11:39.885  9067  9067 I ViewInteraction: Performing 'single click' action on view view.getId() is <2131231291/ru.iteco.fmhandroid:id/save_button>
09-07 06:11:39.960  9067  9353 I okhttp.OkHttpClient: --> POST http://www.981757-ca08998.tmweb.ru:8080/fmh/news
09-07 06:11:39.961  9067  9353 I okhttp.OkHttpClient: Content-Type: application/json; charset=UTF-8
09-07 06:11:39.964  9067  9353 I okhttp.OkHttpClient: Content-Length: 294
09-07 06:11:39.965  9067  9353 I okhttp.OkHttpClient: {"createDate":1694056299,"creatorId":1,"creatorName":"Ivanov Ivan Ivanovich","description":"Описание ffd71dd3-3014-4327-9fe5-6977b9e23766","isOpen":false,"newsCategoryId":1,"publishDate":1694067060,"publishEnabled":true,"title":"Заголовок 4a8029cd-9b84-42e1-a413-f8c48f6f16ba"}
09-07 06:11:39.965  9067  9353 I okhttp.OkHttpClient: --> END POST (294-byte body)
09-07 06:11:39.972  1774  9408 E ResolverController: No valid NAT64 prefix (101, <unspecified>/0)
09-07 06:11:40.191  9067  9067 I ViewInteraction: Performing 'wait for a specific view with <view.getId() is <2131231230/ru.iteco.fmhandroid:id/news_list_recycler_view>> during 10000 millis.' action on view view.getRootView() to equal view
09-07 06:11:40.414  9067  9353 I okhttp.OkHttpClient: <-- 200 http://www.981757-ca08998.tmweb.ru:8080/fmh/news (448ms)
09-07 06:11:40.415  9067  9353 I okhttp.OkHttpClient: Vary: Origin
09-07 06:11:40.415  9067  9353 I okhttp.OkHttpClient: Vary: Access-Control-Request-Method
09-07 06:11:40.415  9067  9353 I okhttp.OkHttpClient: Vary: Access-Control-Request-Headers
09-07 06:11:40.416  9067  9353 I okhttp.OkHttpClient: X-Content-Type-Options: nosniff
09-07 06:11:40.416  9067  9353 I okhttp.OkHttpClient: X-XSS-Protection: 1; mode=block
09-07 06:11:40.416  9067  9353 I okhttp.OkHttpClient: Cache-Control: no-cache, no-store, max-age=0, must-revalidate
09-07 06:11:40.416  9067  9353 I okhttp.OkHttpClient: Pragma: no-cache
09-07 06:11:40.418  9067  9353 I okhttp.OkHttpClient: Expires: 0
09-07 06:11:40.418  9067  9353 I okhttp.OkHttpClient: X-Frame-Options: DENY
09-07 06:11:40.418  9067  9353 I okhttp.OkHttpClient: Content-Type: application/json
09-07 06:11:40.418  9067  9353 I okhttp.OkHttpClient: Transfer-Encoding: chunked
09-07 06:11:40.418  9067  9353 I okhttp.OkHttpClient: Date: Thu, 07 Sep 2023 06:11:40 GMT
09-07 06:11:40.419  9067  9353 I okhttp.OkHttpClient: Keep-Alive: timeout=60
09-07 06:11:40.421  9067  9353 I okhttp.OkHttpClient: Connection: keep-alive
09-07 06:11:40.422  9067  9353 I okhttp.OkHttpClient: {"id":6484,"newsCategoryId":1,"title":"Заголовок 4a8029cd-9b84-42e1-a413-f8c48f6f16ba","description":"Описание ffd71dd3-3014-4327-9fe5-6977b9e23766","creatorId":1,"createDate":1694056299,"publishDate":1694067060,"publishEnabled":true,"creatorName":"Ivanov Ivan Ivanovich"}
09-07 06:11:40.423  9067  9353 I okhttp.OkHttpClient: <-- END HTTP (289-byte body)
09-07 06:11:40.516  2037  2065 E memtrack: Couldn't load memtrack module
09-07 06:11:40.517  2037  2065 W android.os.Debug: failed to get memory consumption info: -1
09-07 06:11:40.549  1792  2272 E GnssHAL_GnssInterface: gnssSvStatusCb: a: input svInfo.flags is 8
09-07 06:11:40.549  1792  2272 E GnssHAL_GnssInterface: gnssSvStatusCb: b: input svInfo.flags is 8
09-07 06:11:40.567  9067  9067 I ViewInteraction: Performing 'scroll RecyclerView to: holder with view: ((view is an instance of android.view.ViewGroup and has descendant matching an instance of android.widget.TextView and view.getText() with or without transformation to match: is "Заголовок 4a8029cd-9b84-42e1-a413-f8c48f6f16ba"))' action on view view.getId() is <2131231230/ru.iteco.fmhandroid:id/news_list_recycler_view>
09-07 06:11:40.569  9067  9067 D takeScreenshot: Found 1 global views to redraw
09-07 06:11:40.615  1793  1793 D gralloc_ranchu: gralloc_alloc: Creating ashmem region of size 9850880
09-07 06:11:40.664  9067  9235 W DefaultFailureHandler: Failed to take screenshot
09-07 06:11:40.664  9067  9235 W DefaultFailureHandler: java.io.FileNotFoundException: view-op-error-2.png: open failed: EROFS (Read-only file system)
09-07 06:11:40.664  9067  9235 W DefaultFailureHandler: 	at libcore.io.IoBridge.open(IoBridge.java:496)
09-07 06:11:40.664  9067  9235 W DefaultFailureHandler: 	at java.io.FileOutputStream.<init>(FileOutputStream.java:235)
09-07 06:11:40.664  9067  9235 W DefaultFailureHandler: 	at java.io.FileOutputStream.<init>(FileOutputStream.java:125)
09-07 06:11:40.664  9067  9235 W DefaultFailureHandler: 	at androidx.test.platform.io.FileTestStorage.openOutputFile(FileTestStorage.java:60)
09-07 06:11:40.664  9067  9235 W DefaultFailureHandler: 	at androidx.test.core.graphics.BitmapStorage.writeToTestStorage(BitmapStorageExt.kt:49)
09-07 06:11:40.664  9067  9235 W DefaultFailureHandler: 	at androidx.test.espresso.base.DefaultFailureHandler.takeScreenshot(DefaultFailureHandler.java:4)
09-07 06:11:40.664  9067  9235 W DefaultFailureHandler: 	at androidx.test.espresso.base.DefaultFailureHandler.handle(DefaultFailureHandler.java:3)
09-07 06:11:40.664  9067  9235 W DefaultFailureHandler: 	at androidx.test.espresso.ViewInteraction.waitForAndHandleInteractionResults(ViewInteraction.java:8)
09-07 06:11:40.664  9067  9235 W DefaultFailureHandler: 	at androidx.test.espresso.ViewInteraction.desugaredPerform(ViewInteraction.java:11)
09-07 06:11:40.664  9067  9235 W DefaultFailureHandler: 	at androidx.test.espresso.ViewInteraction.perform(ViewInteraction.java:8)
09-07 06:11:40.664  9067  9235 W DefaultFailureHandler: 	at ru.iteco.fmhandroid.ui.steps.ControlPanelSteps.scrollToElementInRecyclerList(ControlPanelSteps.java:204)
09-07 06:11:40.664  9067  9235 W DefaultFailureHandler: 	at ru.iteco.fmhandroid.ui.steps.ControlPanelSteps.checkNewsIsPresent(ControlPanelSteps.java:309)
09-07 06:11:40.664  9067  9235 W DefaultFailureHandler: 	at ru.iteco.fmhandroid.ui.ControlPanelTest.shouldDeleteNewsItem(ControlPanelTest.java:115)
09-07 06:11:40.664  9067  9235 W DefaultFailureHandler: 	at java.lang.reflect.Method.invoke(Native Method)
09-07 06:11:40.664  9067  9235 W DefaultFailureHandler: 	at org.junit.runners.model.FrameworkMethod$1.runReflectiveCall(FrameworkMethod.java:59)
09-07 06:11:40.664  9067  9235 W DefaultFailureHandler: 	at org.junit.internal.runners.model.ReflectiveCallable.run(ReflectiveCallable.java:12)
09-07 06:11:40.664  9067  9235 W DefaultFailureHandler: 	at org.junit.runners.model.FrameworkMethod.invokeExplosively(FrameworkMethod.java:56)
09-07 06:11:40.664  9067  9235 W DefaultFailureHandler: 	at org.junit.internal.runners.statements.InvokeMethod.evaluate(InvokeMethod.java:17)
09-07 06:11:40.664  9067  9235 W DefaultFailureHandler: 	at androidx.test.internal.runner.junit4.statement.RunBefores.evaluate(RunBefores.java:80)
09-07 06:11:40.664  9067  9235 W DefaultFailureHandler: 	at io.qameta.allure.android.rules.ScreenshotRule$apply$1.evaluate(ScreenshotRule.kt:22)
09-07 06:11:40.664  9067  9235 W DefaultFailureHandler: 	at org.junit.rules.ExternalResource$1.evaluate(ExternalResource.java:54)
09-07 06:11:40.664  9067  9235 W DefaultFailureHandler: 	at io.qameta.allure.android.rules.LogcatRule$apply$1.evaluate(LogcatRule.kt:23)
09-07 06:11:40.664  9067  9235 W DefaultFailureHandler: 	at org.junit.rules.RunRules.evaluate(RunRules.java:20)
09-07 06:11:40.664  9067  9235 W DefaultFailureHandler: 	at org.junit.runners.ParentRunner$3.evaluate(ParentRunner.java:306)
09-07 06:11:40.664  9067  9235 W DefaultFailureHandler: 	at org.junit.runners.BlockJUnit4ClassRunner$1.evaluate(BlockJUnit4ClassRunner.java:100)
09-07 06:11:40.664  9067  9235 W DefaultFailureHandler: 	at org.junit.runners.ParentRunner.runLeaf(ParentRunner.java:366)
09-07 06:11:40.664  9067  9235 W DefaultFailureHandler: 	at org.junit.runners.BlockJUnit4ClassRunner.runChild(BlockJUnit4ClassRunner.java:103)
09-07 06:11:40.664  9067  9235 W DefaultFailureHandler: 	at org.junit.runners.BlockJUnit4ClassRunner.runChild(BlockJUnit4ClassRunner.java:63)
09-07 06:11:40.664  9067  9235 W DefaultFailureHandler: 	at org.junit.runners.ParentRunner$4.run(ParentRunner.java:331)
09-07 06:11:40.664  9067  9235 W DefaultFailureHandler: 	at org.junit.runners.ParentRunner$1.schedule(ParentRunner.java:79)
09-07 06:11:40.664  9067  9235 W DefaultFailureHandler: 	at org.junit.runners.ParentRunner.runChildren(ParentRunner.java:329)
09-07 06:11:40.664  9067  9235 W DefaultFailureHandler: 	at org.junit.runners.ParentRunner.access$100(ParentRunner.java:66)
09-07 06:11:40.664  9067  9235 W DefaultFailureHandler: 	at org.junit.runners.ParentRunner$2.evaluate(ParentRunner.java:293)
09-07 06:11:40.664  9067  9235 W DefaultFailureHandler: 	at org.junit.runners.ParentRunner$3.evaluate(ParentRunner.java:306)
09-07 06:11:40.664  9067  9235 W DefaultFailureHandler: 	at org.junit.runners.ParentRunner.run(ParentRunner.java:413)
09-07 06:11:40.664  9067  9235 W DefaultFailureHandler: 	at androidx.test.ext.junit.runners.AndroidJUnit4.run(AndroidJUnit4.java:162)
09-07 06:11:40.664  9067  9235 W DefaultFailureHandler: 	at io.qameta.allure.android.runners.AllureAndroidJUnit4.run(AllureAndroidJUnitRunners.kt:29)
09-07 06:11:40.664  9067  9235 W DefaultFailureHandler: 	at org.junit.runners.Suite.runChild(Suite.java:128)
09-07 06:11:40.664  9067  9235 W DefaultFailureHandler: 	at org.junit.runners.Suite.runChild(Suite.java:27)
09-07 06:11:40.664  9067  9235 W DefaultFailureHandler: 	at org.junit.runners.ParentRunner$4.run(ParentRunner.java:331)
09-07 06:11:40.664  9067  9235 W DefaultFailureHandler: 	at org.junit.runners.ParentRunner$1.schedule(ParentRunner.java:79)
09-07 06:11:40.664  9067  9235 W DefaultFailureHandler: 	at org.junit.runners.ParentRunner.runChildren(ParentRunner.java:329)
09-07 06:11:40.664  9067  9235 W DefaultFailureHandler: 	at org.junit.runners.ParentRunner.access$100(ParentRunner.java:66)
09-07 06:11:40.664  9067  9235 W DefaultFailureHandler: 	at org.junit.runners.ParentRunner$2.evaluate(ParentRunner.java:293)
09-07 06:11:40.664  9067  9235 W DefaultFailureHandler: 	at org.junit.runners.ParentRunner$3.evaluate(ParentRunner.java:306)
09-07 06:11:40.664  9067  9235 W DefaultFailureHandler: 	at org.junit.runners.ParentRunner.run(ParentRunner.java:413)
09-07 06:11:40.664  9067  9235 W DefaultFailureHandler: 	at org.junit.runner.JUnitCore.run(JUnitCore.java:137)
09-07 06:11:40.664  9067  9235 W DefaultFailureHandler: 	at org.junit.runner.JUnitCore.run(JUnitCore.java:115)
09-07 06:11:40.664  9067  9235 W DefaultFailureHandler: 	at androidx.test.internal.runner.TestExecutor.execute(TestExecutor.java:67)
09-07 06:11:40.664  9067  9235 W DefaultFailureHandler: 	at androidx.test.internal.runner.TestExecutor.execute(TestExecutor.java:58)
09-07 06:11:40.664  9067  9235 W DefaultFailureHandler: 	at androidx.test.runner.AndroidJUnitRunner.onStart(AndroidJUnitRunner.java:438)
09-07 06:11:40.664  9067  9235 W DefaultFailureHandler: 	at android.app.Instrumentation$InstrumentationThread.run(Instrumentation.java:2189)
09-07 06:11:40.664  9067  9235 W DefaultFailureHandler: Caused by: android.system.ErrnoException: open failed: EROFS (Read-only file system)
09-07 06:11:40.664  9067  9235 W DefaultFailureHandler: 	at libcore.io.Linux.open(Native Method)
09-07 06:11:40.664  9067  9235 W DefaultFailureHandler: 	at libcore.io.ForwardingOs.open(ForwardingOs.java:167)
09-07 06:11:40.664  9067  9235 W DefaultFailureHandler: 	at libcore.io.BlockGuardOs.open(BlockGuardOs.java:252)
09-07 06:11:40.664  9067  9235 W DefaultFailureHandler: 	at libcore.io.ForwardingOs.open(ForwardingOs.java:167)
09-07 06:11:40.664  9067  9235 W DefaultFailureHandler: 	at android.app.ActivityThread$AndroidOs.open(ActivityThread.java:7255)
09-07 06:11:40.664  9067  9235 W DefaultFailureHandler: 	at libcore.io.IoBridge.open(IoBridge.java:482)
09-07 06:11:40.664  9067  9235 W DefaultFailureHandler: 	... 51 more
09-07 06:11:40.673  1793  1793 D gralloc_ranchu: gralloc_alloc: Creating ashmem region of size 9850880
09-07 06:11:41.203  2037  4510 I ActivityTaskManager: START u0 {act=android.intent.action.MAIN cat=[android.intent.category.LAUNCHER] flg=0x10000000 cmp=ru.iteco.fmhandroid.test/androidx.test.core.app.InstrumentationActivityInvoker$EmptyActivity} from uid 10136
09-07 06:11:41.210  9067  9067 D LifecycleMonitor: Lifecycle status change: ru.iteco.fmhandroid.ui.AppActivity@92610b4 in: PAUSED
09-07 06:11:41.210  9067  9067 V ActivityScenario: Update currentActivityStage to PAUSED, currentActivity=ru.iteco.fmhandroid.ui.AppActivity@92610b4
09-07 06:11:41.210  2037  2428 W InputReader: Device has associated, but no associated display id.
09-07 06:11:41.214  2037  2428 I chatty  : uid=1000(system) Binder:2037_8 identical 38 lines
09-07 06:11:41.214  2037  2428 W InputReader: Device has associated, but no associated display id.
09-07 06:11:41.214  9067  9230 V FA      : Recording user engagement, ms: 19217
09-07 06:11:41.214  9256  9256 W ActivityThread: handleWindowVisibility: no activity for token android.os.BinderProxy@fb116a1
09-07 06:11:41.218  2037  2428 W InputReader: Device has associated, but no associated display id.
09-07 06:11:41.218  2037  2428 I chatty  : uid=1000(system) Binder:2037_8 identical 8 lines
09-07 06:11:41.218  2037  2428 W InputReader: Device has associated, but no associated display id.
09-07 06:11:41.228  2037  2065 E memtrack: Couldn't load memtrack module
09-07 06:11:41.228  2037  2065 W android.os.Debug: failed to get memory consumption info: -1
09-07 06:11:41.268  9067  9230 V FA      : Connecting to remote service
09-07 06:11:41.269  2037  4831 I ActivityTaskManager: START u0 {act=android.intent.action.MAIN cat=[android.intent.category.LAUNCHER] flg=0x10000000 cmp=ru.iteco.fmhandroid.test/androidx.test.core.app.InstrumentationActivityInvoker$EmptyActivity} from uid 10136
09-07 06:11:41.286  1793  1793 D gralloc_ranchu: gralloc_alloc: Creating ashmem region of size 9850880
09-07 06:11:41.303  9256  9290 D EGL_emulation: eglMakeCurrent: 0xda21a240: ver 2 0 (tinfo 0xda20f0a0)
09-07 06:11:41.319  7867  7867 D BoundBrokerSvc: onBind: Intent { act=com.google.android.gms.measurement.START pkg=com.google.android.gms }
09-07 06:11:41.319  7867  7867 D BoundBrokerSvc: Loading bound service for intent: Intent { act=com.google.android.gms.measurement.START pkg=com.google.android.gms }
09-07 06:11:41.322  1793  1793 D gralloc_ranchu: gralloc_alloc: Creating ashmem region of size 9850880
09-07 06:11:41.325  1793  1793 D gralloc_ranchu: gralloc_alloc: Creating ashmem region of size 9850880
09-07 06:11:41.331  9067  9230 V FA      : Connection attempt already in progress
09-07 06:11:41.333  9067  9230 V FA      : Activity paused, time: 9645923
09-07 06:11:41.347  9067  9230 D FA      : Connected to remote service
09-07 06:11:41.348  9067  9230 V FA      : Processing queued up service tasks: 2
09-07 06:11:41.350  2037  4831 W InputReader: Device has associated, but no associated display id.
09-07 06:11:41.354  2037  4831 I chatty  : uid=1000(system) Binder:2037_17 identical 48 lines
09-07 06:11:41.354  2037  4831 W InputReader: Device has associated, but no associated display id.
09-07 06:11:41.366  9256  9256 W ActivityThread: handleWindowVisibility: no activity for token android.os.BinderProxy@7819a38
09-07 06:11:41.398  2037  4831 W ActivityTaskManager: Duplicate finish request for ActivityRecord{7c1a108 u0 ru.iteco.fmhandroid/.ui.AppActivity t882 f}
09-07 06:11:41.407  7867  9246 V FA-SVC  : Logging event: origin=auto,name=user_engagement(_e),params=Bundle[{ga_event_origin(_o)=auto, engagement_time_msec(_et)=19217, ga_screen_class(_sc)=AppActivity, ga_screen_id(_si)=5099809632112841104}]
09-07 06:11:41.426  1793  1793 D gralloc_ranchu: gralloc_alloc: Creating ashmem region of size 9850880
09-07 06:11:41.437  1793  1793 D gralloc_ranchu: gralloc_alloc: Creating ashmem region of size 9850880
09-07 06:11:41.444  9256  9290 D EGL_emulation: eglMakeCurrent: 0xda21a240: ver 2 0 (tinfo 0xda20f0a0)
09-07 06:11:41.449  8425  8425 D BoundBrokerSvc: onBind: Intent { act=com.google.android.gms.presencemanager.service.START dat=chimera-action: cmp=com.google.android.gms/.chimera.PersistentApiService }
09-07 06:11:41.449  8425  8425 D BoundBrokerSvc: Loading bound service for intent: Intent { act=com.google.android.gms.presencemanager.service.START dat=chimera-action: cmp=com.google.android.gms/.chimera.PersistentApiService }
09-07 06:11:41.456  8425  8425 D BoundBrokerSvc: onBind: Intent { act=com.google.android.gms.presencemanager.service.INTERNAL_IDENTITY dat=chimera-action: cmp=com.google.android.gms/.chimera.PersistentApiService }
09-07 06:11:41.456  8425  8425 D BoundBrokerSvc: Loading bound service for intent: Intent { act=com.google.android.gms.presencemanager.service.INTERNAL_IDENTITY dat=chimera-action: cmp=com.google.android.gms/.chimera.PersistentApiService }
09-07 06:11:41.463  1793  1793 D gralloc_ranchu: gralloc_alloc: Creating ashmem region of size 9850880
09-07 06:11:41.466  2037  2061 W InputReader: Device has associated, but no associated display id.
09-07 06:11:41.467  2037  2061 I chatty  : uid=1000(system) android.anim identical 18 lines
09-07 06:11:41.467  2037  2061 W InputReader: Device has associated, but no associated display id.
09-07 06:11:41.472  2037  2065 I ActivityTaskManager: Displayed ru.iteco.fmhandroid.test/androidx.test.core.app.InstrumentationActivityInvoker$EmptyActivity: +133ms
09-07 06:11:41.480  2037  2428 W InputReader: Device has associated, but no associated display id.
09-07 06:11:41.481  2037  2428 I chatty  : uid=1000(system) Binder:2037_8 identical 8 lines
09-07 06:11:41.481  2037  2428 W InputReader: Device has associated, but no associated display id.
09-07 06:11:41.483  9067  9293 D EGL_emulation: eglMakeCurrent: 0xda21a9c0: ver 2 0 (tinfo 0xda20fc10)
09-07 06:11:41.493  7867  9246 V FA-SVC  : Upload scheduled in approximately ms: 939456
09-07 06:11:41.495  7867  9246 V FA-SVC  : Unscheduling upload
09-07 06:11:41.498  7867  9246 V FA-SVC  : Scheduling upload, millis: 939456
09-07 06:11:41.501  7867  9246 V FA-SVC  : Background event processing time, ms: 94
09-07 06:11:41.513  2037  4831 W InputReader: Device has associated, but no associated display id.
09-07 06:11:41.514  2037  4831 I chatty  : uid=1000(system) Binder:2037_17 identical 28 lines
09-07 06:11:41.514  2037  4831 W InputReader: Device has associated, but no associated display id.
09-07 06:11:41.526  1823  1823 W SurfaceFlinger: couldn't log to binary event log: overflow.
09-07 06:11:41.539  2037  2037 W ActivityManager: Unable to start service Intent { act=android.service.appprediction.AppPredictionService cmp=com.google.android.as/com.google.android.apps.miphone.aiai.app.AiAiPredictionService } U=0: not found
09-07 06:11:41.539  2037  2037 W RemoteAppPredictionService: could not bind to Intent { act=android.service.appprediction.AppPredictionService cmp=com.google.android.as/com.google.android.apps.miphone.aiai.app.AiAiPredictionService } using flags 67108865
09-07 06:11:41.542  9067  9067 D LifecycleMonitor: Lifecycle status change: ru.iteco.fmhandroid.ui.AppActivity@92610b4 in: STOPPED
09-07 06:11:41.542  9067  9067 V ActivityScenario: Update currentActivityStage to STOPPED, currentActivity=ru.iteco.fmhandroid.ui.AppActivity@92610b4
09-07 06:11:41.543  1793  1793 D gralloc_ranchu: gralloc_alloc: Creating ashmem region of size 9850880
09-07 06:11:41.549  1792  2272 E GnssHAL_GnssInterface: gnssSvStatusCb: a: input svInfo.flags is 8
09-07 06:11:41.549  1792  2272 E GnssHAL_GnssInterface: gnssSvStatusCb: b: input svInfo.flags is 8
09-07 06:11:41.563  1793  1793 D gralloc_ranchu: gralloc_alloc: Creating ashmem region of size 9850880
09-07 06:11:41.569  2666  3068 D EGL_emulation: eglMakeCurrent: 0xda21b0e0: ver 2 0 (tinfo 0xda20fbb0)
09-07 06:11:41.569  1793 14098 D gralloc_ranchu: gralloc_alloc: Creating ashmem region of size 9850880
09-07 06:11:41.584  1793  1793 D gralloc_ranchu: gralloc_alloc: Creating ashmem region of size 9850880
09-07 06:11:41.587  9067  9067 W System.err: ru.iteco.fmhandroid.exceptions.UnknownException
09-07 06:11:41.587  9067  9067 W System.err: 	at ru.iteco.fmhandroid.utils.Utils.makeRequest(Utils.kt:123)
09-07 06:11:41.587  9067  9067 W System.err: 	at ru.iteco.fmhandroid.utils.Utils$makeRequest$1.invokeSuspend(Unknown Source:15)
09-07 06:11:41.587  9067  9067 W System.err: 	at kotlin.coroutines.jvm.internal.BaseContinuationImpl.resumeWith(ContinuationImpl.kt:33)
09-07 06:11:41.587  9067  9067 W System.err: 	at kotlinx.coroutines.DispatchedTaskKt.resume(DispatchedTask.kt:234)
09-07 06:11:41.587  9067  9067 W System.err: 	at kotlinx.coroutines.DispatchedTaskKt.resumeUnconfined(DispatchedTask.kt:190)
09-07 06:11:41.587  9067  9067 W System.err: 	at kotlinx.coroutines.DispatchedTaskKt.dispatch(DispatchedTask.kt:161)
09-07 06:11:41.587  9067  9067 W System.err: 	at kotlinx.coroutines.CancellableContinuationImpl.dispatchResume(CancellableContinuationImpl.kt:397)
09-07 06:11:41.587  9067  9067 W System.err: 	at kotlinx.coroutines.CancellableContinuationImpl.cancel(CancellableContinuationImpl.kt:183)
09-07 06:11:41.587  9067  9067 W System.err: 	at kotlinx.coroutines.CancellableContinuationImpl.parentCancelled$kotlinx_coroutines_core(CancellableContinuationImpl.kt:190)
09-07 06:11:41.587  9067  9067 W System.err: 	at kotlinx.coroutines.ChildContinuation.invoke(JobSupport.kt:1474)
09-07 06:11:41.587  9067  9067 W System.err: 	at kotlinx.coroutines.JobSupport.notifyCancelling(JobSupport.kt:1499)
09-07 06:11:41.587  9067  9067 W System.err: 	at kotlinx.coroutines.JobSupport.tryMakeCancelling(JobSupport.kt:795)
09-07 06:11:41.587  9067  9067 W System.err: 	at kotlinx.coroutines.JobSupport.makeCancelling(JobSupport.kt:755)
09-07 06:11:41.587  9067  9067 W System.err: 	at kotlinx.coroutines.JobSupport.cancelImpl$kotlinx_coroutines_core(JobSupport.kt:671)
09-07 06:11:41.588  9067  9067 W System.err: 	at kotlinx.coroutines.JobSupport.parentCancelled(JobSupport.kt:637)
09-07 06:11:41.588  9067  9067 W System.err: 	at kotlinx.coroutines.ChildHandleNode.invoke(JobSupport.kt:1465)
09-07 06:11:41.588  9067  9067 W System.err: 	at kotlinx.coroutines.JobSupport.notifyCancelling(JobSupport.kt:1499)
09-07 06:11:41.588  9067  9067 W System.err: 	at kotlinx.coroutines.JobSupport.tryMakeCompletingSlowPath(JobSupport.kt:900)
09-07 06:11:41.588  9067  9067 W System.err: 	at kotlinx.coroutines.JobSupport.tryMakeCompleting(JobSupport.kt:863)
09-07 06:11:41.588  9067  9067 W System.err: 	at kotlinx.coroutines.JobSupport.cancelMakeCompleting(JobSupport.kt:696)
09-07 06:11:41.588  9067  9067 W System.err: 	at kotlinx.coroutines.JobSupport.cancelImpl$kotlinx_coroutines_core(JobSupport.kt:667)
09-07 06:11:41.588  9067  9067 W System.err: 	at kotlinx.coroutines.JobSupport.cancelInternal(JobSupport.kt:632)
09-07 06:11:41.588  9067  9067 W System.err: 	at kotlinx.coroutines.JobSupport.cancel(JobSupport.kt:617)
09-07 06:11:41.588  9067  9067 W System.err: 	at kotlinx.coroutines.JobKt__JobKt.cancel(Job.kt:561)
09-07 06:11:41.588  9067  9067 W System.err: 	at kotlinx.coroutines.JobKt.cancel(Unknown Source:1)
09-07 06:11:41.589  9067  9329 I okhttp.OkHttpClient: <-- HTTP FAILED: java.net.SocketException: Socket closed
09-07 06:11:41.591  9067  9067 W System.err: 	at kotlinx.coroutines.JobKt__JobKt.cancel$default(Job.kt:560)
09-07 06:11:41.591  9067  9067 W System.err: 	at kotlinx.coroutines.JobKt.cancel$default(Unknown Source:1)
09-07 06:11:41.591  9067  9067 W System.err: 	at androidx.lifecycle.CloseableCoroutineScope.close(ViewModel.kt:51)
09-07 06:11:41.591  9067  9067 W System.err: 	at androidx.lifecycle.ViewModel.closeWithRuntimeException(ViewModel.java:188)
09-07 06:11:41.591  9067  9067 W System.err: 	at androidx.lifecycle.ViewModel.clear(ViewModel.java:134)
09-07 06:11:41.591  9067  9067 W System.err: 	at androidx.lifecycle.ViewModelStore.clear(ViewModelStore.java:62)
09-07 06:11:41.591  9067  9067 W System.err: 	at androidx.fragment.app.FragmentManagerViewModel.clearNonConfigStateInternal(FragmentManagerViewModel.java:210)
09-07 06:11:41.591  9067  9067 W System.err: 	at androidx.fragment.app.FragmentManagerViewModel.clearNonConfigState(FragmentManagerViewModel.java:190)
09-07 06:11:41.592  9067  9067 W System.err: 	at androidx.fragment.app.FragmentStateManager.destroy(FragmentStateManager.java:778)
09-07 06:11:41.592  9067  9067 W System.err: 	at androidx.fragment.app.FragmentStateManager.moveToExpectedState(FragmentStateManager.java:335)
09-07 06:11:41.592  9067  9067 W System.err: 	at androidx.fragment.app.FragmentStore.moveToExpectedState(FragmentStore.java:113)
09-07 06:11:41.592  9067  9067 W System.err: 	at androidx.fragment.app.FragmentManager.moveToState(FragmentManager.java:1374)
09-07 06:11:41.592  9067  9067 W System.err: 	at androidx.fragment.app.FragmentManager.dispatchStateChange(FragmentManager.java:2841)
09-07 06:11:41.592  9067  9067 W System.err: 	at androidx.fragment.app.FragmentManager.dispatchDestroy(FragmentManager.java:2820)
09-07 06:11:41.592  9067  9067 W System.err: 	at androidx.fragment.app.Fragment.performDestroy(Fragment.java:3246)
09-07 06:11:41.593  9067  9067 W System.err: 	at androidx.fragment.app.FragmentStateManager.destroy(FragmentStateManager.java:780)
09-07 06:11:41.593  9067  9067 W System.err: 	at androidx.fragment.app.FragmentStateManager.moveToExpectedState(FragmentStateManager.java:335)
09-07 06:11:41.593  9067  9067 W System.err: 	at androidx.fragment.app.SpecialEffectsController$FragmentStateManagerOperation.complete(SpecialEffectsController.java:771)
09-07 06:11:41.598  1793  1793 D gralloc_ranchu: gralloc_alloc: Creating ashmem region of size 9850880
09-07 06:11:41.599  9067  9067 W System.err: 	at androidx.fragment.app.SpecialEffectsController$Operation.cancel(SpecialEffectsController.java:615)
09-07 06:11:41.599  9067  9067 W System.err: 	at androidx.fragment.app.SpecialEffectsController.forceCompleteAllOperations(SpecialEffectsController.java:350)
09-07 06:11:41.599  9067  9067 W System.err: 	at androidx.fragment.app.FragmentManager.dispatchStateChange(FragmentManager.java:2844)
09-07 06:11:41.599  9067  9067 W System.err: 	at androidx.fragment.app.FragmentManager.dispatchDestroy(FragmentManager.java:2820)
09-07 06:11:41.599  9067  9067 W System.err: 	at androidx.fragment.app.FragmentController.dispatchDestroy(FragmentController.java:345)
09-07 06:11:41.599  9067  9067 W System.err: 	at androidx.fragment.app.FragmentActivity.onDestroy(FragmentActivity.java:306)
09-07 06:11:41.600  9067  9067 W System.err: 	at androidx.appcompat.app.AppCompatActivity.onDestroy(AppCompatActivity.java:278)
09-07 06:11:41.600  9067  9067 W System.err: 	at android.app.Activity.performDestroy(Activity.java:8048)
09-07 06:11:41.600  9067  9067 W System.err: 	at android.app.Instrumentation.callActivityOnDestroy(Instrumentation.java:1334)
09-07 06:11:41.600  9067  9067 W System.err: 	at androidx.test.runner.MonitoringInstrumentation.callActivityOnDestroy(MonitoringInstrumentation.java:766)
09-07 06:11:41.600  9067  9067 W System.err: 	at android.app.ActivityThread.performDestroyActivity(ActivityThread.java:4926)
09-07 06:11:41.600  2666  2666 I dnsi    : onStart
09-07 06:11:41.600  9067  9067 W System.err: 	at android.app.ActivityThread.handleDestroyActivity(ActivityThread.java:4970)
09-07 06:11:41.600  9067  9067 W System.err: 	at android.app.servertransaction.DestroyActivityItem.execute(DestroyActivityItem.java:44)
09-07 06:11:41.600  9067  9067 W System.err: 	at android.app.servertransaction.TransactionExecutor.executeLifecycleState(TransactionExecutor.java:176)
09-07 06:11:41.600  9067  9067 W System.err: 	at android.app.servertransaction.TransactionExecutor.execute(TransactionExecutor.java:97)
09-07 06:11:41.602  9067  9067 W System.err: 	at android.app.ActivityThread$H.handleMessage(ActivityThread.java:2016)
09-07 06:11:41.602  9067  9067 W System.err: 	at android.os.Handler.dispatchMessage(Handler.java:107)
09-07 06:11:41.602  9067  9067 W System.err: 	at android.os.Looper.loop(Looper.java:214)
09-07 06:11:41.602  9067  9067 W System.err: 	at android.app.ActivityThread.main(ActivityThread.java:7356)
09-07 06:11:41.602  9067  9067 W System.err: 	at java.lang.reflect.Method.invoke(Native Method)
09-07 06:11:41.602  9067  9067 W System.err: 	at com.android.internal.os.RuntimeInit$MethodAndArgsCaller.run(RuntimeInit.java:492)
09-07 06:11:41.602  9067  9067 W System.err: 	at com.android.internal.os.ZygoteInit.main(ZygoteInit.java:930)
09-07 06:11:41.606  2434  2714 D EGL_emulation: eglMakeCurrent: 0xed453b60: ver 2 0 (tinfo 0xe233a960)
09-07 06:11:41.607  2666  2666 I dnsi    : onResume
09-07 06:11:41.608  1793  1793 D gralloc_ranchu: gralloc_alloc: Creating ashmem region of size 9850880
09-07 06:11:41.622  9067  9067 W System.err: ru.iteco.fmhandroid.exceptions.UnknownException
09-07 06:11:41.623  9067  9067 W System.err: 	at ru.iteco.fmhandroid.utils.Utils.makeRequest(Utils.kt:123)
09-07 06:11:41.623  9067  9067 W System.err: 	at ru.iteco.fmhandroid.utils.Utils$makeRequest$1.invokeSuspend(Unknown Source:15)
09-07 06:11:41.623  9067  9067 W System.err: 	at kotlin.coroutines.jvm.internal.BaseContinuationImpl.resumeWith(ContinuationImpl.kt:33)
09-07 06:11:41.623  9067  9067 W System.err: 	at kotlinx.coroutines.DispatchedTaskKt.resume(DispatchedTask.kt:234)
09-07 06:11:41.623  9067  9067 W System.err: 	at kotlinx.coroutines.DispatchedTaskKt.resumeUnconfined(DispatchedTask.kt:190)
09-07 06:11:41.623  9067  9067 W System.err: 	at kotlinx.coroutines.DispatchedTaskKt.dispatch(DispatchedTask.kt:161)
09-07 06:11:41.623  9067  9067 W System.err: 	at kotlinx.coroutines.CancellableContinuationImpl.dispatchResume(CancellableContinuationImpl.kt:397)
09-07 06:11:41.623  9067  9067 W System.err: 	at kotlinx.coroutines.CancellableContinuationImpl.cancel(CancellableContinuationImpl.kt:183)
09-07 06:11:41.623  9067  9067 W System.err: 	at kotlinx.coroutines.CancellableContinuationImpl.parentCancelled$kotlinx_coroutines_core(CancellableContinuationImpl.kt:190)
09-07 06:11:41.623  9067  9067 W System.err: 	at kotlinx.coroutines.ChildContinuation.invoke(JobSupport.kt:1474)
09-07 06:11:41.623  9067  9067 W System.err: 	at kotlinx.coroutines.JobSupport.notifyCancelling(JobSupport.kt:1499)
09-07 06:11:41.624  9067  9067 W System.err: 	at kotlinx.coroutines.JobSupport.tryMakeCancelling(JobSupport.kt:795)
09-07 06:11:41.624  9067  9067 W System.err: 	at kotlinx.coroutines.JobSupport.makeCancelling(JobSupport.kt:755)
09-07 06:11:41.624  9067  9067 W System.err: 	at kotlinx.coroutines.JobSupport.cancelImpl$kotlinx_coroutines_core(JobSupport.kt:671)
09-07 06:11:41.624  9067  9067 W System.err: 	at kotlinx.coroutines.JobSupport.parentCancelled(JobSupport.kt:637)
09-07 06:11:41.624  9067  9067 W System.err: 	at kotlinx.coroutines.ChildHandleNode.invoke(JobSupport.kt:1465)
09-07 06:11:41.624  9067  9067 W System.err: 	at kotlinx.coroutines.JobSupport.notifyCancelling(JobSupport.kt:1499)
09-07 06:11:41.624  9067  9333 I okhttp.OkHttpClient: <-- HTTP FAILED: java.io.IOException: Canceled
09-07 06:11:41.624  9067  9067 W System.err: 	at kotlinx.coroutines.JobSupport.tryMakeCompletingSlowPath(JobSupport.kt:900)
09-07 06:11:41.624  9067  9067 W System.err: 	at kotlinx.coroutines.JobSupport.tryMakeCompleting(JobSupport.kt:863)
09-07 06:11:41.624  9067  9067 W System.err: 	at kotlinx.coroutines.JobSupport.cancelMakeCompleting(JobSupport.kt:696)
09-07 06:11:41.624  9067  9067 W System.err: 	at kotlinx.coroutines.JobSupport.cancelImpl$kotlinx_coroutines_core(JobSupport.kt:667)
09-07 06:11:41.624  9067  9067 W System.err: 	at kotlinx.coroutines.JobSupport.cancelInternal(JobSupport.kt:632)
09-07 06:11:41.624  9067  9067 W System.err: 	at kotlinx.coroutines.JobSupport.cancel(JobSupport.kt:617)
09-07 06:11:41.624  9067  9067 W System.err: 	at kotlinx.coroutines.JobKt__JobKt.cancel(Job.kt:561)
09-07 06:11:41.624  9067  9067 W System.err: 	at kotlinx.coroutines.JobKt.cancel(Unknown Source:1)
09-07 06:11:41.624  9067  9067 W System.err: 	at kotlinx.coroutines.JobKt__JobKt.cancel$default(Job.kt:560)
09-07 06:11:41.624  9067  9067 W System.err: 	at kotlinx.coroutines.JobKt.cancel$default(Unknown Source:1)
09-07 06:11:41.624  9067  9067 W System.err: 	at androidx.lifecycle.CloseableCoroutineScope.close(ViewModel.kt:51)
09-07 06:11:41.624  9067  9067 W System.err: 	at androidx.lifecycle.ViewModel.closeWithRuntimeException(ViewModel.java:188)
09-07 06:11:41.624  9067  9067 W System.err: 	at androidx.lifecycle.ViewModel.clear(ViewModel.java:134)
09-07 06:11:41.624  9067  9067 W System.err: 	at androidx.lifecycle.ViewModelStore.clear(ViewModelStore.java:62)
09-07 06:11:41.624  9067  9067 W System.err: 	at androidx.fragment.app.FragmentManagerViewModel.clearNonConfigStateInternal(FragmentManagerViewModel.java:210)
09-07 06:11:41.625  9067  9067 W System.err: 	at androidx.fragment.app.FragmentManagerViewModel.clearNonConfigState(FragmentManagerViewModel.java:190)
09-07 06:11:41.625  9067  9067 W System.err: 	at androidx.fragment.app.FragmentStateManager.destroy(FragmentStateManager.java:778)
09-07 06:11:41.625  9067  9067 W System.err: 	at androidx.fragment.app.FragmentStateManager.moveToExpectedState(FragmentStateManager.java:335)
09-07 06:11:41.625  9067  9067 W System.err: 	at androidx.fragment.app.FragmentStore.moveToExpectedState(FragmentStore.java:113)
09-07 06:11:41.625  9067  9067 W System.err: 	at androidx.fragment.app.FragmentManager.moveToState(FragmentManager.java:1374)
09-07 06:11:41.625  9067  9067 W System.err: 	at androidx.fragment.app.FragmentManager.dispatchStateChange(FragmentManager.java:2841)
09-07 06:11:41.625  9067  9067 W System.err: 	at androidx.fragment.app.FragmentManager.dispatchDestroy(FragmentManager.java:2820)
09-07 06:11:41.625  9067  9067 W System.err: 	at androidx.fragment.app.Fragment.performDestroy(Fragment.java:3246)
09-07 06:11:41.625  9067  9067 W System.err: 	at androidx.fragment.app.FragmentStateManager.destroy(FragmentStateManager.java:780)
09-07 06:11:41.625  9067  9067 W System.err: 	at androidx.fragment.app.FragmentStateManager.moveToExpectedState(FragmentStateManager.java:335)
09-07 06:11:41.625  9067  9067 W System.err: 	at androidx.fragment.app.SpecialEffectsController$FragmentStateManagerOperation.complete(SpecialEffectsController.java:771)
09-07 06:11:41.625  9067  9067 W System.err: 	at androidx.fragment.app.SpecialEffectsController$Operation.cancel(SpecialEffectsController.java:615)
09-07 06:11:41.625  9067  9067 W System.err: 	at androidx.fragment.app.SpecialEffectsController.forceCompleteAllOperations(SpecialEffectsController.java:350)
09-07 06:11:41.625  9067  9067 W System.err: 	at androidx.fragment.app.FragmentManager.dispatchStateChange(FragmentManager.java:2844)
09-07 06:11:41.625  9067  9067 W System.err: 	at androidx.fragment.app.FragmentManager.dispatchDestroy(FragmentManager.java:2820)
09-07 06:11:41.625  9067  9067 W System.err: 	at androidx.fragment.app.FragmentController.dispatchDestroy(FragmentController.java:345)
09-07 06:11:41.625  9067  9067 W System.err: 	at androidx.fragment.app.FragmentActivity.onDestroy(FragmentActivity.java:306)
09-07 06:11:41.625  9067  9067 W System.err: 	at androidx.appcompat.app.AppCompatActivity.onDestroy(AppCompatActivity.java:278)
09-07 06:11:41.625  9067  9067 W System.err: 	at android.app.Activity.performDestroy(Activity.java:8048)
09-07 06:11:41.625  9067  9067 W System.err: 	at android.app.Instrumentation.callActivityOnDestroy(Instrumentation.java:1334)
09-07 06:11:41.628  7867  7867 D BoundBrokerSvc: onBind: Intent { act=com.google.android.gms.inappreach.service.START dat=chimera-action: cmp=com.google.android.gms/.chimera.GmsApiService }
09-07 06:11:41.628  7867  7867 D BoundBrokerSvc: Loading bound service for intent: Intent { act=com.google.android.gms.inappreach.service.START dat=chimera-action: cmp=com.google.android.gms/.chimera.GmsApiService }
09-07 06:11:41.629  9067  9067 W System.err: 	at androidx.test.runner.MonitoringInstrumentation.callActivityOnDestroy(MonitoringInstrumentation.java:766)
09-07 06:11:41.629  9067  9067 W System.err: 	at android.app.ActivityThread.performDestroyActivity(ActivityThread.java:4926)
09-07 06:11:41.630  9067  9067 W System.err: 	at android.app.ActivityThread.handleDestroyActivity(ActivityThread.java:4970)
09-07 06:11:41.644  2037  2061 W InputReader: Device has associated, but no associated display id.
09-07 06:11:41.646  2037  2061 I chatty  : uid=1000(system) android.anim identical 18 lines
09-07 06:11:41.646  2037  2061 W InputReader: Device has associated, but no associated display id.
09-07 06:11:41.649  9067  9067 W System.err: 	at android.app.servertransaction.DestroyActivityItem.execute(DestroyActivityItem.java:44)
09-07 06:11:41.649  9067  9067 W System.err: 	at android.app.servertransaction.TransactionExecutor.executeLifecycleState(TransactionExecutor.java:176)
09-07 06:11:41.649  9067  9067 W System.err: 	at android.app.servertransaction.TransactionExecutor.execute(TransactionExecutor.java:97)
09-07 06:11:41.649  9067  9067 W System.err: 	at android.app.ActivityThread$H.handleMessage(ActivityThread.java:2016)
09-07 06:11:41.649  9067  9067 W System.err: 	at android.os.Handler.dispatchMessage(Handler.java:107)
09-07 06:11:41.649  9067  9067 W System.err: 	at android.os.Looper.loop(Looper.java:214)
09-07 06:11:41.649  9067  9067 W System.err: 	at android.app.ActivityThread.main(ActivityThread.java:7356)
09-07 06:11:41.649  9067  9067 W System.err: 	at java.lang.reflect.Method.invoke(Native Method)
09-07 06:11:41.649  9067  9067 W System.err: 	at com.android.internal.os.RuntimeInit$MethodAndArgsCaller.run(RuntimeInit.java:492)
09-07 06:11:41.649  9067  9067 W System.err: 	at com.android.internal.os.ZygoteInit.main(ZygoteInit.java:930)
09-07 06:11:41.650  1793  1793 D gralloc_ranchu: gralloc_alloc: Creating ashmem region of size 6307840
09-07 06:11:41.652  9067  9067 W System.err: ru.iteco.fmhandroid.exceptions.UnknownException
09-07 06:11:41.653  9067  9067 W System.err: 	at ru.iteco.fmhandroid.utils.Utils.makeRequest(Utils.kt:123)
09-07 06:11:41.653  9067  9067 W System.err: 	at ru.iteco.fmhandroid.utils.Utils$makeRequest$1.invokeSuspend(Unknown Source:15)
09-07 06:11:41.653  9067  9067 W System.err: 	at kotlin.coroutines.jvm.internal.BaseContinuationImpl.resumeWith(ContinuationImpl.kt:33)
09-07 06:11:41.653  9067  9067 W System.err: 	at kotlinx.coroutines.DispatchedTaskKt.resume(DispatchedTask.kt:234)
09-07 06:11:41.654  9067  9067 W System.err: 	at kotlinx.coroutines.DispatchedTaskKt.resumeUnconfined(DispatchedTask.kt:190)
09-07 06:11:41.654  9067  9067 W System.err: 	at kotlinx.coroutines.DispatchedTaskKt.dispatch(DispatchedTask.kt:161)
09-07 06:11:41.654  9067  9067 W System.err: 	at kotlinx.coroutines.CancellableContinuationImpl.dispatchResume(CancellableContinuationImpl.kt:397)
09-07 06:11:41.654  9067  9067 W System.err: 	at kotlinx.coroutines.CancellableContinuationImpl.cancel(CancellableContinuationImpl.kt:183)
09-07 06:11:41.654  9067  9067 W System.err: 	at kotlinx.coroutines.CancellableContinuationImpl.parentCancelled$kotlinx_coroutines_core(CancellableContinuationImpl.kt:190)
09-07 06:11:41.654  9067  9067 W System.err: 	at kotlinx.coroutines.ChildContinuation.invoke(JobSupport.kt:1474)
09-07 06:11:41.654  9067  9067 W System.err: 	at kotlinx.coroutines.JobSupport.notifyCancelling(JobSupport.kt:1499)
09-07 06:11:41.654  9067  9067 W System.err: 	at kotlinx.coroutines.JobSupport.tryMakeCancelling(JobSupport.kt:795)
09-07 06:11:41.654  9067  9067 W System.err: 	at kotlinx.coroutines.JobSupport.makeCancelling(JobSupport.kt:755)
09-07 06:11:41.654  9067  9067 W System.err: 	at kotlinx.coroutines.JobSupport.cancelImpl$kotlinx_coroutines_core(JobSupport.kt:671)
09-07 06:11:41.655  9067  9399 I okhttp.OkHttpClient: <-- HTTP FAILED: java.net.SocketException: Socket closed
09-07 06:11:41.655  9067  9067 W System.err: 	at kotlinx.coroutines.JobSupport.parentCancelled(JobSupport.kt:637)
09-07 06:11:41.656  9067  9067 W System.err: 	at kotlinx.coroutines.ChildHandleNode.invoke(JobSupport.kt:1465)
09-07 06:11:41.657  2182  2468 D EGL_emulation: eglMakeCurrent: 0xda21a360: ver 2 0 (tinfo 0xda20f590)
09-07 06:11:41.659  2182  2182 W View    : requestLayout() improperly called by com.android.keyguard.AlphaOptimizedLinearLayout{551c6d8 V.E...... ......ID 7,0-48,61 #7f0a041c app:id/wifi_group} during second layout pass: posting in next frame
09-07 06:11:41.663  9067  9067 W System.err: 	at kotlinx.coroutines.JobSupport.notifyCancelling(JobSupport.kt:1499)
09-07 06:11:41.663  9067  9067 W System.err: 	at kotlinx.coroutines.JobSupport.tryMakeCompletingSlowPath(JobSupport.kt:900)
09-07 06:11:41.663  9067  9067 W System.err: 	at kotlinx.coroutines.JobSupport.tryMakeCompleting(JobSupport.kt:863)
09-07 06:11:41.663  9067  9067 W System.err: 	at kotlinx.coroutines.JobSupport.cancelMakeCompleting(JobSupport.kt:696)
09-07 06:11:41.663  9067  9067 W System.err: 	at kotlinx.coroutines.JobSupport.cancelImpl$kotlinx_coroutines_core(JobSupport.kt:667)
09-07 06:11:41.663  9067  9067 W System.err: 	at kotlinx.coroutines.JobSupport.cancelInternal(JobSupport.kt:632)
09-07 06:11:41.663  9067  9067 W System.err: 	at kotlinx.coroutines.JobSupport.cancel(JobSupport.kt:617)
09-07 06:11:41.663  9067  9067 W System.err: 	at kotlinx.coroutines.JobKt__JobKt.cancel(Job.kt:561)
09-07 06:11:41.663  9067  9067 W System.err: 	at kotlinx.coroutines.JobKt.cancel(Unknown Source:1)
09-07 06:11:41.663  9067  9067 W System.err: 	at kotlinx.coroutines.JobKt__JobKt.cancel$default(Job.kt:560)
09-07 06:11:41.663  9067  9067 W System.err: 	at kotlinx.coroutines.JobKt.cancel$default(Unknown Source:1)
09-07 06:11:41.664  9067  9067 W System.err: 	at androidx.lifecycle.CloseableCoroutineScope.close(ViewModel.kt:51)
09-07 06:11:41.664  9067  9067 W System.err: 	at androidx.lifecycle.ViewModel.closeWithRuntimeException(ViewModel.java:188)
09-07 06:11:41.664  9067  9067 W System.err: 	at androidx.lifecycle.ViewModel.clear(ViewModel.java:134)
09-07 06:11:41.664  9067  9067 W System.err: 	at androidx.lifecycle.ViewModelStore.clear(ViewModelStore.java:62)
09-07 06:11:41.664  9067  9067 W System.err: 	at androidx.fragment.app.FragmentManagerViewModel.clearNonConfigStateInternal(FragmentManagerViewModel.java:210)
09-07 06:11:41.664  9067  9067 W System.err: 	at androidx.fragment.app.FragmentManagerViewModel.clearNonConfigState(FragmentManagerViewModel.java:190)
09-07 06:11:41.664  9067  9067 W System.err: 	at androidx.fragment.app.FragmentStateManager.destroy(FragmentStateManager.java:778)
09-07 06:11:41.664  9067  9067 W System.err: 	at androidx.fragment.app.FragmentStateManager.moveToExpectedState(FragmentStateManager.java:335)
09-07 06:11:41.664  9067  9067 W System.err: 	at androidx.fragment.app.FragmentStore.moveToExpectedState(FragmentStore.java:113)
09-07 06:11:41.664  9067  9067 W System.err: 	at androidx.fragment.app.FragmentManager.moveToState(FragmentManager.java:1374)
09-07 06:11:41.664  9067  9067 W System.err: 	at androidx.fragment.app.FragmentManager.dispatchStateChange(FragmentManager.java:2841)
09-07 06:11:41.664  9067  9067 W System.err: 	at androidx.fragment.app.FragmentManager.dispatchDestroy(FragmentManager.java:2820)
09-07 06:11:41.664  9067  9067 W System.err: 	at androidx.fragment.app.Fragment.performDestroy(Fragment.java:3246)
09-07 06:11:41.664  9067  9067 W System.err: 	at androidx.fragment.app.FragmentStateManager.destroy(FragmentStateManager.java:780)
09-07 06:11:41.664  9067  9067 W System.err: 	at androidx.fragment.app.FragmentStateManager.moveToExpectedState(FragmentStateManager.java:335)
09-07 06:11:41.664  9067  9067 W System.err: 	at androidx.fragment.app.SpecialEffectsController$FragmentStateManagerOperation.complete(SpecialEffectsController.java:771)
09-07 06:11:41.664  9067  9067 W System.err: 	at androidx.fragment.app.SpecialEffectsController$Operation.cancel(SpecialEffectsController.java:615)
09-07 06:11:41.664  9067  9067 W System.err: 	at androidx.fragment.app.SpecialEffectsController.forceCompleteAllOperations(SpecialEffectsController.java:350)
09-07 06:11:41.664  9067  9067 W System.err: 	at androidx.fragment.app.FragmentManager.dispatchStateChange(FragmentManager.java:2844)
09-07 06:11:41.664  9067  9067 W System.err: 	at androidx.fragment.app.FragmentManager.dispatchDestroy(FragmentManager.java:2820)
09-07 06:11:41.664  9067  9067 W System.err: 	at androidx.fragment.app.FragmentController.dispatchDestroy(FragmentController.java:345)
09-07 06:11:41.664  9067  9067 W System.err: 	at androidx.fragment.app.FragmentActivity.onDestroy(FragmentActivity.java:306)
09-07 06:11:41.664  9067  9067 W System.err: 	at androidx.appcompat.app.AppCompatActivity.onDestroy(AppCompatActivity.java:278)
