--------- beginning of main
09-07 06:11:19.129  9067  9067 I ViewInteraction: Performing 'wait for a specific view with <view.getId() is <2131231204/ru.iteco.fmhandroid:id/news_item_category_text_auto_complete_text_view>> during 10000 millis.' action on view view.getRootView() to equal view
09-07 06:11:19.134  9067  9067 I ViewInteraction: Checking 'MatchesViewAssertion{viewMatcher=an instance of android.widget.TextView and view.getText() with or without transformation to match: is "Объявление"}' assertion on view view.getId() is <2131231204/ru.iteco.fmhandroid:id/news_item_category_text_auto_complete_text_view>
09-07 06:11:19.140  9067  9067 I ViewInteraction: Performing 'wait for a specific view with <view.getId() is <2131231227/ru.iteco.fmhandroid:id/news_item_title_text_input_edit_text>> during 10000 millis.' action on view view.getRootView() to equal view
09-07 06:11:19.145  9067  9067 I ViewInteraction: Checking 'MatchesViewAssertion{viewMatcher=an instance of android.widget.TextView and view.getText() with or without transformation to match: is "Заголовок b51d62e1-185f-4a84-ada1-222bbb759266"}' assertion on view view.getId() is <2131231227/ru.iteco.fmhandroid:id/news_item_title_text_input_edit_text>
09-07 06:11:19.150  9067  9067 I ViewInteraction: Performing 'wait for a specific view with <view.getId() is <2131231211/ru.iteco.fmhandroid:id/news_item_description_text_input_edit_text>> during 10000 millis.' action on view view.getRootView() to equal view
09-07 06:11:19.158  9067  9067 I ViewInteraction: Checking 'MatchesViewAssertion{viewMatcher=an instance of android.widget.TextView and view.getText() with or without transformation to match: is "Описание 041c0edc-93fc-47f8-8b7c-d41aab51c305"}' assertion on view view.getId() is <2131231211/ru.iteco.fmhandroid:id/news_item_description_text_input_edit_text>
09-07 06:11:19.162  9067  9067 I ViewInteraction: Performing 'wait for a specific view with <view.getId() is <2131231291/ru.iteco.fmhandroid:id/save_button>> during 10000 millis.' action on view view.getRootView() to equal view
09-07 06:11:19.165  9067  9067 I ViewInteraction: Checking 'MatchesViewAssertion{viewMatcher=(view has effective visibility <VISIBLE> and view.getGlobalVisibleRect() to return non-empty rectangle)}' assertion on view view.getId() is <2131231291/ru.iteco.fmhandroid:id/save_button>
09-07 06:11:19.168  9067  9067 I ViewInteraction: Performing 'wait for a specific view with <view.getId() is <2131230890>> during 10000 millis.' action on view view.getRootView() to equal view
09-07 06:11:19.175  9067  9067 I ViewInteraction: Checking 'MatchesViewAssertion{viewMatcher=(view has effective visibility <VISIBLE> and view.getGlobalVisibleRect() to return non-empty rectangle)}' assertion on view view.getId() is <2131230890/ru.iteco.fmhandroid:id/cancel_button>
09-07 06:11:19.179  9067  9067 I ViewInteraction: Performing 'wait for a specific view with <view.getId() is <2131231361>> during 10000 millis.' action on view view.getRootView() to equal view
09-07 06:11:19.182  9067  9067 I ViewInteraction: Checking 'MatchesViewAssertion{viewMatcher=(view has effective visibility <VISIBLE> and view.getGlobalVisibleRect() to return non-empty rectangle)}' assertion on view view.getId() is <2131231361/ru.iteco.fmhandroid:id/switcher>
09-07 06:11:19.186  9067  9067 I ViewInteraction: Performing 'wait for a specific view with <view.getId() is <2131231291/ru.iteco.fmhandroid:id/save_button>> during 10000 millis.' action on view view.getRootView() to equal view
09-07 06:11:19.189  9067  9067 I ViewInteraction: Performing 'single click' action on view view.getId() is <2131231291/ru.iteco.fmhandroid:id/save_button>
09-07 06:11:19.262  9067  9353 I okhttp.OkHttpClient: --> PUT http://www.981757-ca08998.tmweb.ru:8080/fmh/news
09-07 06:11:19.262  9067  9353 I okhttp.OkHttpClient: Content-Type: application/json; charset=UTF-8
09-07 06:11:19.262  9067  9353 I okhttp.OkHttpClient: Content-Length: 304
09-07 06:11:19.263  9067  9353 I okhttp.OkHttpClient: {"createDate":1694056276,"creatorId":1,"creatorName":"Ivanov Ivan Ivanovich","description":"Описание 041c0edc-93fc-47f8-8b7c-d41aab51c305","id":6483,"isOpen":false,"newsCategoryId":1,"publishDate":1694067060,"publishEnabled":true,"title":"Заголовок b51d62e1-185f-4a84-ada1-222bbb759266"}
09-07 06:11:19.263  9067  9353 I okhttp.OkHttpClient: --> END PUT (304-byte body)
09-07 06:11:19.492  9067  9067 I ViewInteraction: Performing 'wait for a specific view with <view.getId() is <2131231230/ru.iteco.fmhandroid:id/news_list_recycler_view>> during 10000 millis.' action on view view.getRootView() to equal view
09-07 06:11:19.548  9067  9322 I okhttp.OkHttpClient: <-- HTTP FAILED: java.net.SocketTimeoutException: timeout
09-07 06:11:19.549  1792  2272 E GnssHAL_GnssInterface: gnssSvStatusCb: a: input svInfo.flags is 8
09-07 06:11:19.549  1792  2272 E GnssHAL_GnssInterface: gnssSvStatusCb: b: input svInfo.flags is 8
09-07 06:11:19.564  9067  9067 W System.err: ru.iteco.fmhandroid.exceptions.ServerException
09-07 06:11:19.565  9067  9067 W System.err: 	at ru.iteco.fmhandroid.utils.Utils.makeRequest(Utils.kt:119)
09-07 06:11:19.565  9067  9067 W System.err: 	at ru.iteco.fmhandroid.utils.Utils$makeRequest$1.invokeSuspend(Unknown Source:15)
09-07 06:11:19.565  9067  9067 W System.err: 	at kotlin.coroutines.jvm.internal.BaseContinuationImpl.resumeWith(ContinuationImpl.kt:33)
09-07 06:11:19.565  9067  9067 W System.err: 	at kotlinx.coroutines.DispatchedTask.run(DispatchedTask.kt:104)
09-07 06:11:19.565  9067  9067 W System.err: 	at android.os.Handler.handleCallback(Handler.java:883)
09-07 06:11:19.566  9067  9067 W System.err: 	at android.os.Handler.dispatchMessage(Handler.java:100)
09-07 06:11:19.566  9067  9067 W System.err: 	at androidx.test.espresso.base.Interrogator.loopAndInterrogate(Interrogator.java:14)
09-07 06:11:19.566  9067  9067 W System.err: 	at androidx.test.espresso.base.UiControllerImpl.loopUntil(UiControllerImpl.java:8)
09-07 06:11:19.566  9067  9067 W System.err: 	at androidx.test.espresso.base.UiControllerImpl.loopMainThreadUntilIdle(UiControllerImpl.java:16)
09-07 06:11:19.566  9067  9067 W System.err: 	at androidx.test.espresso.base.UiControllerImpl.loopMainThreadForAtLeast(UiControllerImpl.java:8)
09-07 06:11:19.566  9067  9067 W System.err: 	at ru.iteco.fmhandroid.ui.data.ViewActions$1.perform(ViewActions.java:48)
09-07 06:11:19.566  9067  9067 W System.err: 	at androidx.test.espresso.ViewInteraction$SingleExecutionViewAction.perform(ViewInteraction.java:2)
09-07 06:11:19.567  9067  9067 W System.err: 	at androidx.test.espresso.ViewInteraction.doPerform(ViewInteraction.java:25)
09-07 06:11:19.567  9067  9067 W System.err: 	at androidx.test.espresso.ViewInteraction.-$$Nest$mdoPerform(Unknown Source:0)
09-07 06:11:19.567  9067  9067 W System.err: 	at androidx.test.espresso.ViewInteraction$1.call(ViewInteraction.java:7)
09-07 06:11:19.567  9067  9067 W System.err: 	at androidx.test.espresso.ViewInteraction$1.call(ViewInteraction.java:1)
09-07 06:11:19.568  9067  9067 W System.err: 	at java.util.concurrent.FutureTask.run(FutureTask.java:266)
09-07 06:11:19.568  9067  9067 W System.err: 	at android.os.Handler.handleCallback(Handler.java:883)
09-07 06:11:19.568  9067  9067 W System.err: 	at android.os.Handler.dispatchMessage(Handler.java:100)
09-07 06:11:19.568  9067  9067 W System.err: 	at android.os.Looper.loop(Looper.java:214)
09-07 06:11:19.569  9067  9067 W System.err: 	at android.app.ActivityThread.main(ActivityThread.java:7356)
09-07 06:11:19.569  9067  9067 W System.err: 	at java.lang.reflect.Method.invoke(Native Method)
09-07 06:11:19.569  9067  9067 W System.err: 	at com.android.internal.os.RuntimeInit$MethodAndArgsCaller.run(RuntimeInit.java:492)
09-07 06:11:19.569  9067  9067 W System.err: 	at com.android.internal.os.ZygoteInit.main(ZygoteInit.java:930)
09-07 06:11:19.952  9067  9353 I okhttp.OkHttpClient: <-- 200 http://www.981757-ca08998.tmweb.ru:8080/fmh/news (687ms)
09-07 06:11:19.952  9067  9353 I okhttp.OkHttpClient: Vary: Origin
09-07 06:11:19.952  9067  9353 I okhttp.OkHttpClient: Vary: Access-Control-Request-Method
09-07 06:11:19.953  9067  9353 I okhttp.OkHttpClient: Vary: Access-Control-Request-Headers
09-07 06:11:19.953  9067  9353 I okhttp.OkHttpClient: X-Content-Type-Options: nosniff
09-07 06:11:19.954  9067  9353 I okhttp.OkHttpClient: X-XSS-Protection: 1; mode=block
09-07 06:11:19.954  9067  9353 I okhttp.OkHttpClient: Cache-Control: no-cache, no-store, max-age=0, must-revalidate
09-07 06:11:19.954  9067  9353 I okhttp.OkHttpClient: Pragma: no-cache
09-07 06:11:19.955  9067  9353 I okhttp.OkHttpClient: Expires: 0
09-07 06:11:19.955  9067  9353 I okhttp.OkHttpClient: X-Frame-Options: DENY
09-07 06:11:19.955  9067  9353 I okhttp.OkHttpClient: Content-Type: application/json
09-07 06:11:19.956  9067  9353 I okhttp.OkHttpClient: Transfer-Encoding: chunked
09-07 06:11:19.956  9067  9353 I okhttp.OkHttpClient: Date: Thu, 07 Sep 2023 06:11:20 GMT
09-07 06:11:19.957  9067  9353 I okhttp.OkHttpClient: Keep-Alive: timeout=60
09-07 06:11:19.957  9067  9353 I okhttp.OkHttpClient: Connection: keep-alive
09-07 06:11:19.959  9067  9353 I okhttp.OkHttpClient: {"id":6483,"newsCategoryId":1,"title":"Заголовок b51d62e1-185f-4a84-ada1-222bbb759266","description":"Описание 041c0edc-93fc-47f8-8b7c-d41aab51c305","creatorId":1,"createDate":1694056276,"publishDate":1694067060,"publishEnabled":true,"creatorName":"Ivanov Ivan Ivanovich"}
09-07 06:11:19.961  9067  9353 I okhttp.OkHttpClient: <-- END HTTP (289-byte body)
09-07 06:11:20.265  9067  9067 I ViewInteraction: Performing 'scroll RecyclerView to: holder with view: ((view is an instance of android.view.ViewGroup and has descendant matching an instance of android.widget.TextView and view.getText() with or without transformation to match: is "Заголовок b51d62e1-185f-4a84-ada1-222bbb759266"))' action on view view.getId() is <2131231230/ru.iteco.fmhandroid:id/news_list_recycler_view>
09-07 06:11:20.547  1792  2272 E GnssHAL_GnssInterface: gnssSvStatusCb: a: input svInfo.flags is 8
09-07 06:11:20.548  1792  2272 E GnssHAL_GnssInterface: gnssSvStatusCb: b: input svInfo.flags is 8
09-07 06:11:20.915  9067  9067 I ViewInteraction: Checking 'MatchesViewAssertion{viewMatcher=(view has effective visibility <VISIBLE> and view.getGlobalVisibleRect() to return non-empty rectangle)}' assertion on view view.getId() is <2131231230/ru.iteco.fmhandroid:id/news_list_recycler_view>
--------- beginning of system
09-07 06:11:19.926  2434  2940 E ActivityThread: Failed to find provider info for com.google.android.apps.wellbeing.api
09-07 06:11:20.923  2037  2428 I ActivityTaskManager: START u0 {act=android.intent.action.MAIN cat=[android.intent.category.LAUNCHER] flg=0x10000000 cmp=ru.iteco.fmhandroid.test/androidx.test.core.app.InstrumentationActivityInvoker$EmptyActivity} from uid 10136
09-07 06:11:20.931  9067  9067 D LifecycleMonitor: Lifecycle status change: ru.iteco.fmhandroid.ui.AppActivity@bf025f4 in: PAUSED
09-07 06:11:20.931  9067  9067 V ActivityScenario: Update currentActivityStage to PAUSED, currentActivity=ru.iteco.fmhandroid.ui.AppActivity@bf025f4
09-07 06:11:20.931  2037  2428 W InputReader: Device has associated, but no associated display id.
09-07 06:11:20.934  2037  2428 I chatty  : uid=1000(system) Binder:2037_8 identical 28 lines
09-07 06:11:20.934  2037  2428 W InputReader: Device has associated, but no associated display id.
09-07 06:11:20.935  9067  9230 V FA      : Recording user engagement, ms: 16838
09-07 06:11:20.936  2037  2428 W InputReader: Device has associated, but no associated display id.
09-07 06:11:20.936  2037  2428 I chatty  : uid=1000(system) Binder:2037_8 identical 8 lines
09-07 06:11:20.936  2037  2428 W InputReader: Device has associated, but no associated display id.
09-07 06:11:20.937  9256  9256 W ActivityThread: handleWindowVisibility: no activity for token android.os.BinderProxy@d6eec89
09-07 06:11:20.940  2037  2428 W InputReader: Device has associated, but no associated display id.
09-07 06:11:20.940  2037  2428 I chatty  : uid=1000(system) Binder:2037_8 identical 8 lines
09-07 06:11:20.940  2037  2428 W InputReader: Device has associated, but no associated display id.
09-07 06:11:20.942  2037  4510 D WificondControl: Scan result ready event
09-07 06:11:20.946  2037  2065 E memtrack: Couldn't load memtrack module
09-07 06:11:20.946  2037  2065 W android.os.Debug: failed to get memory consumption info: -1
09-07 06:11:20.972  8425 12245 I ChimeraSrvcProxy: NullBinder for android.net.action.RECOMMEND_NETWORKS triggering remote TransactionTooLargeException due to Service without Chimera impl
09-07 06:11:21.028  9256  9290 D HostConnection: HostConnection::get() New Host Connection established 0xda256190, tid 9290
09-07 06:11:21.030  9256  9290 D HostConnection: HostComposition ext ANDROID_EMU_CHECKSUM_HELPER_v1 ANDROID_EMU_dma_v1 ANDROID_EMU_direct_mem ANDROID_EMU_vulkan ANDROID_EMU_deferred_vulkan_commands ANDROID_EMU_vulkan_null_optional_strings ANDROID_EMU_vulkan_create_resources_with_requirements ANDROID_EMU_YUV420_888_to_NV21 ANDROID_EMU_YUV_Cache ANDROID_EMU_vulkan_free_memory_sync ANDROID_EMU_vulkan_shader_float16_int8 ANDROID_EMU_vulkan_async_queue_submit ANDROID_EMU_sync_buffer_data GL_OES_vertex_array_object GL_KHR_texture_compression_astc_ldr ANDROID_EMU_host_side_tracing ANDROID_EMU_gles_max_version_2 
09-07 06:11:21.035  9256  9290 W OpenGLRenderer: Failed to choose config with EGL_SWAP_BEHAVIOR_PRESERVED, retrying without...
09-07 06:11:21.054  9067  9329 I okhttp.OkHttpClient: <-- HTTP FAILED: java.net.SocketTimeoutException: timeout
09-07 06:11:21.054  9256  9290 D eglCodecCommon: setVertexArrayObject: set vao to 0 (0) 0 0
09-07 06:11:21.055  9256  9290 D EGL_emulation: eglCreateContext: 0xda21a240: maj 2 min 0 rcv 2
09-07 06:11:21.089  9067  9067 W System.err: ru.iteco.fmhandroid.exceptions.ServerException
09-07 06:11:21.089  9067  9067 W System.err: 	at ru.iteco.fmhandroid.utils.Utils.makeRequest(Utils.kt:119)
09-07 06:11:21.089  9067  9067 W System.err: 	at ru.iteco.fmhandroid.utils.Utils$makeRequest$1.invokeSuspend(Unknown Source:15)
09-07 06:11:21.089  9067  9067 W System.err: 	at kotlin.coroutines.jvm.internal.BaseContinuationImpl.resumeWith(ContinuationImpl.kt:33)
09-07 06:11:21.089  9067  9067 W System.err: 	at kotlinx.coroutines.DispatchedTask.run(DispatchedTask.kt:104)
09-07 06:11:21.089  9067  9067 W System.err: 	at android.os.Handler.handleCallback(Handler.java:883)
09-07 06:11:21.089  9067  9067 W System.err: 	at android.os.Handler.dispatchMessage(Handler.java:100)
09-07 06:11:21.089  9067  9067 W System.err: 	at androidx.test.espresso.base.Interrogator.loopAndInterrogate(Interrogator.java:14)
09-07 06:11:21.089  9067  9067 W System.err: 	at androidx.test.espresso.base.UiControllerImpl.loopUntil(UiControllerImpl.java:8)
09-07 06:11:21.089  9067  9067 W System.err: 	at androidx.test.espresso.base.UiControllerImpl.loopMainThreadUntilIdle(UiControllerImpl.java:16)
09-07 06:11:21.089  9067  9067 W System.err: 	at androidx.test.espresso.base.UiControllerImpl.loopMainThreadForAtLeast(UiControllerImpl.java:8)
09-07 06:11:21.089  9067  9067 W System.err: 	at ru.iteco.fmhandroid.ui.data.ViewActions$1.perform(ViewActions.java:48)
09-07 06:11:21.089  9067  9067 W System.err: 	at androidx.test.espresso.ViewInteraction$SingleExecutionViewAction.perform(ViewInteraction.java:2)
09-07 06:11:21.089  9067  9067 W System.err: 	at androidx.test.espresso.ViewInteraction.doPerform(ViewInteraction.java:25)
09-07 06:11:21.089  9067  9067 W System.err: 	at androidx.test.espresso.ViewInteraction.-$$Nest$mdoPerform(Unknown Source:0)
09-07 06:11:21.089  9067  9067 W System.err: 	at androidx.test.espresso.ViewInteraction$1.call(ViewInteraction.java:7)
09-07 06:11:21.089  9067  9067 W System.err: 	at androidx.test.espresso.ViewInteraction$1.call(ViewInteraction.java:1)
09-07 06:11:21.090  9067  9067 W System.err: 	at java.util.concurrent.FutureTask.run(FutureTask.java:266)
09-07 06:11:21.090  9067  9067 W System.err: 	at android.os.Handler.handleCallback(Handler.java:883)
09-07 06:11:21.090  9067  9067 W System.err: 	at android.os.Handler.dispatchMessage(Handler.java:100)
09-07 06:11:21.090  9067  9067 W System.err: 	at android.os.Looper.loop(Looper.java:214)
09-07 06:11:21.090  9067  9067 W System.err: 	at android.app.ActivityThread.main(ActivityThread.java:7356)
09-07 06:11:21.090  9067  9067 W System.err: 	at java.lang.reflect.Method.invoke(Native Method)
09-07 06:11:21.090  9067  9067 W System.err: 	at com.android.internal.os.RuntimeInit$MethodAndArgsCaller.run(RuntimeInit.java:492)
09-07 06:11:21.090  9067  9067 W System.err: 	at com.android.internal.os.ZygoteInit.main(ZygoteInit.java:930)
09-07 06:11:21.094  9256  9290 D EGL_emulation: eglMakeCurrent: 0xda21a240: ver 2 0 (tinfo 0xda20f0a0)
09-07 06:11:21.103  1793 14098 D gralloc_ranchu: gralloc_alloc: Creating ashmem region of size 9850880
09-07 06:11:21.107  1678  1678 I hwservicemanager: getTransport: Cannot find entry android.hardware.graphics.mapper@3.0::IMapper/default in either framework or device manifest.
09-07 06:11:21.107  9256  9290 W Gralloc3: mapper 3.x is not supported
09-07 06:11:21.107  9067  9230 V FA      : Connecting to remote service
09-07 06:11:21.109  9256  9290 D HostConnection: createUnique: call
09-07 06:11:21.110  9256  9290 D HostConnection: HostConnection::get() New Host Connection established 0xda256410, tid 9290
09-07 06:11:21.112  9256  9290 D HostConnection: HostComposition ext ANDROID_EMU_CHECKSUM_HELPER_v1 ANDROID_EMU_dma_v1 ANDROID_EMU_direct_mem ANDROID_EMU_vulkan ANDROID_EMU_deferred_vulkan_commands ANDROID_EMU_vulkan_null_optional_strings ANDROID_EMU_vulkan_create_resources_with_requirements ANDROID_EMU_YUV420_888_to_NV21 ANDROID_EMU_YUV_Cache ANDROID_EMU_vulkan_free_memory_sync ANDROID_EMU_vulkan_shader_float16_int8 ANDROID_EMU_vulkan_async_queue_submit ANDROID_EMU_sync_buffer_data GL_OES_vertex_array_object GL_KHR_texture_compression_astc_ldr ANDROID_EMU_host_side_tracing ANDROID_EMU_gles_max_version_2 
09-07 06:11:21.112  9256  9290 D eglCodecCommon: allocate: Ask for block of size 0x1000
09-07 06:11:21.112  9256  9290 D eglCodecCommon: allocate: ioctl allocate returned offset 0x3ffff6000 size 0x2000
09-07 06:11:21.116  1793 14098 D gralloc_ranchu: gralloc_alloc: Creating ashmem region of size 9850880
09-07 06:11:21.119  1793  1793 D gralloc_ranchu: gralloc_alloc: Creating ashmem region of size 9850880
09-07 06:11:21.120  9256  9290 D EGL_emulation: eglMakeCurrent: 0xda21a240: ver 2 0 (tinfo 0xda20f0a0)
09-07 06:11:21.122  9256  9290 D eglCodecCommon: setVertexArrayObject: set vao to 0 (0) 1 0
09-07 06:11:21.134  7867  7867 D BoundBrokerSvc: onBind: Intent { act=com.google.android.gms.measurement.START pkg=com.google.android.gms }
09-07 06:11:21.134  7867  7867 D BoundBrokerSvc: Loading bound service for intent: Intent { act=com.google.android.gms.measurement.START pkg=com.google.android.gms }
09-07 06:11:21.140  9067  9230 V FA      : Connection attempt already in progress
09-07 06:11:21.141  9067  9230 V FA      : Activity paused, time: 9625643
09-07 06:11:21.150  9067  9230 D FA      : Connected to remote service
09-07 06:11:21.151  9067  9230 V FA      : Processing queued up service tasks: 2
09-07 06:11:21.168  7867  9246 V FA-SVC  : Logging event: origin=auto,name=user_engagement(_e),params=Bundle[{ga_event_origin(_o)=auto, engagement_time_msec(_et)=16838, ga_screen_class(_sc)=AppActivity, ga_screen_id(_si)=5099809632112841103}]
09-07 06:11:21.184  7867  9246 V FA-SVC  : Upload scheduled in approximately ms: 959765
09-07 06:11:21.184  7867  9246 V FA-SVC  : Unscheduling upload
09-07 06:11:21.187  7867  9246 V FA-SVC  : Scheduling upload, millis: 959765
09-07 06:11:21.189  7867  9246 V FA-SVC  : Background event processing time, ms: 21
09-07 06:11:21.199  2037  2428 W InputReader: Device has associated, but no associated display id.
09-07 06:11:21.207  2037  2428 I chatty  : uid=1000(system) Binder:2037_8 identical 48 lines
09-07 06:11:21.207  2037  2428 W InputReader: Device has associated, but no associated display id.
09-07 06:11:21.215  9256  9256 W ActivityThread: handleWindowVisibility: no activity for token android.os.BinderProxy@ee74d3e
09-07 06:11:20.992  2037  2428 I ActivityTaskManager: START u0 {act=android.intent.action.MAIN cat=[android.intent.category.LAUNCHER] flg=0x10000000 cmp=ru.iteco.fmhandroid.test/androidx.test.core.app.InstrumentationActivityInvoker$EmptyActivity} from uid 10136
09-07 06:11:21.245  2037  2428 W ActivityTaskManager: Duplicate finish request for ActivityRecord{b3f12a3 u0 ru.iteco.fmhandroid/.ui.AppActivity t881 f}
09-07 06:11:21.272  1793  1793 D gralloc_ranchu: gralloc_alloc: Creating ashmem region of size 9850880
09-07 06:11:21.281  1793  1793 D gralloc_ranchu: gralloc_alloc: Creating ashmem region of size 9850880
09-07 06:11:21.286  1793 14098 D gralloc_ranchu: gralloc_alloc: Creating ashmem region of size 9850880
09-07 06:11:21.286  9256  9290 D EGL_emulation: eglMakeCurrent: 0xda21a240: ver 2 0 (tinfo 0xda20f0a0)
09-07 06:11:21.309  2037  2061 W InputReader: Device has associated, but no associated display id.
09-07 06:11:21.312  2037  2061 I chatty  : uid=1000(system) android.anim identical 18 lines
09-07 06:11:21.312  2037  2061 W InputReader: Device has associated, but no associated display id.
09-07 06:11:21.318  2037  2065 I ActivityTaskManager: Displayed ru.iteco.fmhandroid.test/androidx.test.core.app.InstrumentationActivityInvoker$EmptyActivity: +272ms
09-07 06:11:21.326  2037  3740 W InputReader: Device has associated, but no associated display id.
09-07 06:11:21.327  2037  3740 I chatty  : uid=1000(system) Binder:2037_D identical 8 lines
09-07 06:11:21.327  2037  3740 W InputReader: Device has associated, but no associated display id.
09-07 06:11:21.333  9067  9293 D EGL_emulation: eglMakeCurrent: 0xda21a9c0: ver 2 0 (tinfo 0xda20fc10)
09-07 06:11:21.347  2037  3740 W InputReader: Device has associated, but no associated display id.
09-07 06:11:21.349  2037  3740 I chatty  : uid=1000(system) Binder:2037_D identical 23 lines
09-07 06:11:21.349  2037  3740 W InputReader: Device has associated, but no associated display id.
09-07 06:11:21.349  1823  1823 W SurfaceFlinger: couldn't log to binary event log: overflow.
09-07 06:11:21.349  2037  3740 W InputReader: Device has associated, but no associated display id.
09-07 06:11:21.349  2037  3740 I chatty  : uid=1000(system) Binder:2037_D identical 3 lines
09-07 06:11:21.349  2037  3740 W InputReader: Device has associated, but no associated display id.
09-07 06:11:21.362  9067  9067 D LifecycleMonitor: Lifecycle status change: ru.iteco.fmhandroid.ui.AppActivity@bf025f4 in: STOPPED
09-07 06:11:21.363  9067  9067 V ActivityScenario: Update currentActivityStage to STOPPED, currentActivity=ru.iteco.fmhandroid.ui.AppActivity@bf025f4
09-07 06:11:21.380  1793 14098 D gralloc_ranchu: gralloc_alloc: Creating ashmem region of size 9850880
09-07 06:11:21.384  9067  9067 W System.err: ru.iteco.fmhandroid.exceptions.UnknownException
09-07 06:11:21.385  9067  9067 W System.err: 	at ru.iteco.fmhandroid.utils.Utils.makeRequest(Utils.kt:123)
09-07 06:11:21.385  9067  9067 W System.err: 	at ru.iteco.fmhandroid.utils.Utils$makeRequest$1.invokeSuspend(Unknown Source:15)
09-07 06:11:21.385  9067  9067 W System.err: 	at kotlin.coroutines.jvm.internal.BaseContinuationImpl.resumeWith(ContinuationImpl.kt:33)
09-07 06:11:21.385  9067  9067 W System.err: 	at kotlinx.coroutines.DispatchedTaskKt.resume(DispatchedTask.kt:234)
09-07 06:11:21.385  9067  9067 W System.err: 	at kotlinx.coroutines.DispatchedTaskKt.resumeUnconfined(DispatchedTask.kt:190)
09-07 06:11:21.385  9067  9067 W System.err: 	at kotlinx.coroutines.DispatchedTaskKt.dispatch(DispatchedTask.kt:161)
09-07 06:11:21.385  9067  9067 W System.err: 	at kotlinx.coroutines.CancellableContinuationImpl.dispatchResume(CancellableContinuationImpl.kt:397)
09-07 06:11:21.385  9067  9067 W System.err: 	at kotlinx.coroutines.CancellableContinuationImpl.cancel(CancellableContinuationImpl.kt:183)
09-07 06:11:21.385  9067  9333 I okhttp.OkHttpClient: <-- HTTP FAILED: java.net.SocketException: Socket closed
09-07 06:11:21.385  9067  9067 W System.err: 	at kotlinx.coroutines.CancellableContinuationImpl.parentCancelled$kotlinx_coroutines_core(CancellableContinuationImpl.kt:190)
09-07 06:11:21.385  9067  9067 W System.err: 	at kotlinx.coroutines.ChildContinuation.invoke(JobSupport.kt:1474)
09-07 06:11:21.385  9067  9067 W System.err: 	at kotlinx.coroutines.JobSupport.notifyCancelling(JobSupport.kt:1499)
09-07 06:11:21.385  9067  9067 W System.err: 	at kotlinx.coroutines.JobSupport.tryMakeCancelling(JobSupport.kt:795)
09-07 06:11:21.385  9067  9067 W System.err: 	at kotlinx.coroutines.JobSupport.makeCancelling(JobSupport.kt:755)
09-07 06:11:21.385  9067  9067 W System.err: 	at kotlinx.coroutines.JobSupport.cancelImpl$kotlinx_coroutines_core(JobSupport.kt:671)
09-07 06:11:21.385  9067  9067 W System.err: 	at kotlinx.coroutines.JobSupport.parentCancelled(JobSupport.kt:637)
09-07 06:11:21.386  9067  9067 W System.err: 	at kotlinx.coroutines.ChildHandleNode.invoke(JobSupport.kt:1465)
09-07 06:11:21.386  9067  9067 W System.err: 	at kotlinx.coroutines.JobSupport.notifyCancelling(JobSupport.kt:1499)
09-07 06:11:21.386  9067  9067 W System.err: 	at kotlinx.coroutines.JobSupport.tryMakeCompletingSlowPath(JobSupport.kt:900)
09-07 06:11:21.386  9067  9067 W System.err: 	at kotlinx.coroutines.JobSupport.tryMakeCompleting(JobSupport.kt:863)
09-07 06:11:21.386  9067  9067 W System.err: 	at kotlinx.coroutines.JobSupport.cancelMakeCompleting(JobSupport.kt:696)
09-07 06:11:21.386  9067  9067 W System.err: 	at kotlinx.coroutines.JobSupport.cancelImpl$kotlinx_coroutines_core(JobSupport.kt:667)
09-07 06:11:21.386  9067  9067 W System.err: 	at kotlinx.coroutines.JobSupport.cancelInternal(JobSupport.kt:632)
09-07 06:11:21.386  9067  9067 W System.err: 	at kotlinx.coroutines.JobSupport.cancel(JobSupport.kt:617)
09-07 06:11:21.386  9067  9067 W System.err: 	at kotlinx.coroutines.JobKt__JobKt.cancel(Job.kt:561)
09-07 06:11:21.386  9067  9067 W System.err: 	at kotlinx.coroutines.JobKt.cancel(Unknown Source:1)
09-07 06:11:21.386  9067  9067 W System.err: 	at kotlinx.coroutines.JobKt__JobKt.cancel$default(Job.kt:560)
09-07 06:11:21.386  9067  9067 W System.err: 	at kotlinx.coroutines.JobKt.cancel$default(Unknown Source:1)
09-07 06:11:21.386  9067  9067 W System.err: 	at androidx.lifecycle.CloseableCoroutineScope.close(ViewModel.kt:51)
09-07 06:11:21.386  9067  9067 W System.err: 	at androidx.lifecycle.ViewModel.closeWithRuntimeException(ViewModel.java:188)
09-07 06:11:21.386  9067  9067 W System.err: 	at androidx.lifecycle.ViewModel.clear(ViewModel.java:134)
09-07 06:11:21.386  9067  9067 W System.err: 	at androidx.lifecycle.ViewModelStore.clear(ViewModelStore.java:62)
09-07 06:11:21.386  9067  9067 W System.err: 	at androidx.fragment.app.FragmentManagerViewModel.clearNonConfigStateInternal(FragmentManagerViewModel.java:210)
09-07 06:11:21.386  9067  9067 W System.err: 	at androidx.fragment.app.FragmentManagerViewModel.clearNonConfigState(FragmentManagerViewModel.java:190)
09-07 06:11:21.386  9067  9067 W System.err: 	at androidx.fragment.app.FragmentStateManager.destroy(FragmentStateManager.java:778)
09-07 06:11:21.386  9067  9067 W System.err: 	at androidx.fragment.app.FragmentStateManager.moveToExpectedState(FragmentStateManager.java:335)
09-07 06:11:21.387  9067  9067 W System.err: 	at androidx.fragment.app.FragmentStore.moveToExpectedState(FragmentStore.java:113)
09-07 06:11:21.387  9067  9067 W System.err: 	at androidx.fragment.app.FragmentManager.moveToState(FragmentManager.java:1374)
09-07 06:11:21.387  9067  9067 W System.err: 	at androidx.fragment.app.FragmentManager.dispatchStateChange(FragmentManager.java:2841)
09-07 06:11:21.387  9067  9067 W System.err: 	at androidx.fragment.app.FragmentManager.dispatchDestroy(FragmentManager.java:2820)
09-07 06:11:21.388  9067  9067 W System.err: 	at androidx.fragment.app.Fragment.performDestroy(Fragment.java:3246)
09-07 06:11:21.388  9067  9067 W System.err: 	at androidx.fragment.app.FragmentStateManager.destroy(FragmentStateManager.java:780)
09-07 06:11:21.388  9067  9067 W System.err: 	at androidx.fragment.app.FragmentStateManager.moveToExpectedState(FragmentStateManager.java:335)
09-07 06:11:21.388  9067  9067 W System.err: 	at androidx.fragment.app.SpecialEffectsController$FragmentStateManagerOperation.complete(SpecialEffectsController.java:771)
09-07 06:11:21.388  9067  9067 W System.err: 	at androidx.fragment.app.SpecialEffectsController$Operation.cancel(SpecialEffectsController.java:615)
09-07 06:11:21.388  9067  9067 W System.err: 	at androidx.fragment.app.SpecialEffectsController.forceCompleteAllOperations(SpecialEffectsController.java:350)
09-07 06:11:21.388  9067  9067 W System.err: 	at androidx.fragment.app.FragmentManager.dispatchStateChange(FragmentManager.java:2844)
09-07 06:11:21.388  9067  9067 W System.err: 	at androidx.fragment.app.FragmentManager.dispatchDestroy(FragmentManager.java:2820)
09-07 06:11:21.388  9067  9067 W System.err: 	at androidx.fragment.app.FragmentController.dispatchDestroy(FragmentController.java:345)
09-07 06:11:21.388  9067  9067 W System.err: 	at androidx.fragment.app.FragmentActivity.onDestroy(FragmentActivity.java:306)
09-07 06:11:21.388  9067  9067 W System.err: 	at androidx.appcompat.app.AppCompatActivity.onDestroy(AppCompatActivity.java:278)
09-07 06:11:21.388  9067  9067 W System.err: 	at android.app.Activity.performDestroy(Activity.java:8048)
09-07 06:11:21.388  9067  9067 W System.err: 	at android.app.Instrumentation.callActivityOnDestroy(Instrumentation.java:1334)
09-07 06:11:21.388  2037  2037 W ActivityManager: Unable to start service Intent { act=android.service.appprediction.AppPredictionService cmp=com.google.android.as/com.google.android.apps.miphone.aiai.app.AiAiPredictionService } U=0: not found
09-07 06:11:21.389  2037  2037 W RemoteAppPredictionService: could not bind to Intent { act=android.service.appprediction.AppPredictionService cmp=com.google.android.as/com.google.android.apps.miphone.aiai.app.AiAiPredictionService } using flags 67108865
09-07 06:11:21.388  9067  9067 W System.err: 	at androidx.test.runner.MonitoringInstrumentation.callActivityOnDestroy(MonitoringInstrumentation.java:766)
09-07 06:11:21.389  9067  9067 W System.err: 	at android.app.ActivityThread.performDestroyActivity(ActivityThread.java:4926)
09-07 06:11:21.389  9067  9067 W System.err: 	at android.app.ActivityThread.handleDestroyActivity(ActivityThread.java:4970)
09-07 06:11:21.389  9067  9067 W System.err: 	at android.app.servertransaction.DestroyActivityItem.execute(DestroyActivityItem.java:44)
09-07 06:11:21.389  9067  9067 W System.err: 	at android.app.servertransaction.TransactionExecutor.executeLifecycleState(TransactionExecutor.java:176)
09-07 06:11:21.389  9067  9067 W System.err: 	at android.app.servertransaction.TransactionExecutor.execute(TransactionExecutor.java:97)
09-07 06:11:21.389  9067  9067 W System.err: 	at android.app.ActivityThread$H.handleMessage(ActivityThread.java:2016)
09-07 06:11:21.389  9067  9067 W System.err: 	at android.os.Handler.dispatchMessage(Handler.java:107)
09-07 06:11:21.389  9067  9067 W System.err: 	at android.os.Looper.loop(Looper.java:214)
09-07 06:11:21.389  9067  9067 W System.err: 	at android.app.ActivityThread.main(ActivityThread.java:7356)
09-07 06:11:21.389  9067  9067 W System.err: 	at java.lang.reflect.Method.invoke(Native Method)
09-07 06:11:21.389  9067  9067 W System.err: 	at com.android.internal.os.RuntimeInit$MethodAndArgsCaller.run(RuntimeInit.java:492)
09-07 06:11:21.389  9067  9067 W System.err: 	at com.android.internal.os.ZygoteInit.main(ZygoteInit.java:930)
09-07 06:11:21.408  1793 14098 D gralloc_ranchu: gralloc_alloc: Creating ashmem region of size 9850880
09-07 06:11:21.409  2666  3068 D EGL_emulation: eglMakeCurrent: 0xda21b0e0: ver 2 0 (tinfo 0xda20fbb0)
09-07 06:11:21.411  1793 14098 D gralloc_ranchu: gralloc_alloc: Creating ashmem region of size 9850880
09-07 06:11:21.439  1793 14098 D gralloc_ranchu: gralloc_alloc: Creating ashmem region of size 9850880
09-07 06:11:21.441  9067  9067 D LifecycleMonitor: Lifecycle status change: ru.iteco.fmhandroid.ui.AppActivity@bf025f4 in: DESTROYED
09-07 06:11:21.441  9067  9067 V ActivityScenario: Update currentActivityStage to DESTROYED, currentActivity=null
09-07 06:11:21.442  2666  2666 I dnsi    : onStart
09-07 06:11:21.447  2666  2666 I dnsi    : onResume
09-07 06:11:21.455  9067  9235 I TestRunner: finished: shouldKeepTheNewsUnchanged(ru.iteco.fmhandroid.ui.ControlPanelTest)
09-07 06:11:21.457  1793 14098 D gralloc_ranchu: gralloc_alloc: Creating ashmem region of size 9850880
09-07 06:11:21.467  2434  2714 D EGL_emulation: eglMakeCurrent: 0xed453b60: ver 2 0 (tinfo 0xe233a960)
09-07 06:11:21.490  1793 14098 D gralloc_ranchu: gralloc_alloc: Creating ashmem region of size 9850880
09-07 06:11:21.499  7867  7867 D BoundBrokerSvc: onBind: Intent { act=com.google.android.gms.inappreach.service.START dat=chimera-action: cmp=com.google.android.gms/.chimera.GmsApiService }
09-07 06:11:21.499  7867  7867 D BoundBrokerSvc: Loading bound service for intent: Intent { act=com.google.android.gms.inappreach.service.START dat=chimera-action: cmp=com.google.android.gms/.chimera.GmsApiService }
09-07 06:11:21.513  2037  2061 W InputReader: Device has associated, but no associated display id.
09-07 06:11:21.514  2037  2061 I chatty  : uid=1000(system) android.anim identical 18 lines
09-07 06:11:21.514  2037  2061 W InputReader: Device has associated, but no associated display id.
09-07 06:11:21.520  2182  2468 D EGL_emulation: eglMakeCurrent: 0xda21a360: ver 2 0 (tinfo 0xda20f590)
09-07 06:11:21.522  1793 14098 D gralloc_ranchu: gralloc_alloc: Creating ashmem region of size 6307840
09-07 06:11:21.540  2182  2182 W View    : requestLayout() improperly called by com.android.keyguard.AlphaOptimizedLinearLayout{551c6d8 V.E...... ......ID 7,0-48,61 #7f0a041c app:id/wifi_group} during second layout pass: posting in next frame
09-07 06:11:21.547  1792  2272 E GnssHAL_GnssInterface: gnssSvStatusCb: a: input svInfo.flags is 8
09-07 06:11:21.547  1792  2272 E GnssHAL_GnssInterface: gnssSvStatusCb: b: input svInfo.flags is 8
09-07 06:11:21.555  2182  2182 W View    : requestLayout() improperly called by StatusBarIconView(slot=mobile icon=null notification=null) during layout: running second layout pass
09-07 06:11:21.557  2182  2468 D EGL_emulation: eglMakeCurrent: 0xda21a360: ver 2 0 (tinfo 0xda20f590)
09-07 06:11:21.571  1823  1823 E Layer   : [Surface(name=AppWindowToken{459e199 token=Token{b961ae0 ActivityRecord{53be0e3 u0 com.google.android.apps.nexuslauncher/.NexusLauncherActivity t652}}})/@0xafc1306 - animation-leash#0] No local sync point found
09-07 06:11:21.572  1823  1823 E Layer   : [Surface(name=AppWindowToken{c54a3a token=Token{55b2d65 ActivityRecord{19465c u0 ru.iteco.fmhandroid.test/androidx.test.core.app.InstrumentationActivityInvoker$EmptyActivity t881}}})/@0xea6bdc1 - animation-leash#0] No local sync point found
09-07 06:11:21.578  2182  2468 D EGL_emulation: eglMakeCurrent: 0xda21a360: ver 2 0 (tinfo 0xda20f590)
09-07 06:11:21.580  2182  2182 W View    : requestLayout() improperly called by com.android.keyguard.AlphaOptimizedLinearLayout{551c6d8 V.E...... ......ID 7,0-48,61 #7f0a041c app:id/wifi_group} during second layout pass: posting in next frame
09-07 06:11:21.582  2182  2182 W View    : requestLayout() improperly called by StatusBarIconView(slot=mobile icon=null notification=null) during layout: running second layout pass
09-07 06:11:21.587  9256  9290 D EGL_emulation: eglMakeCurrent: 0xda21a240: ver 2 0 (tinfo 0xda20f0a0)
09-07 06:11:21.602  2434  2453 W System  : A resource failed to call release. 
09-07 06:11:21.603  2434  2453 I chatty  : uid=10090(com.google.android.apps.nexuslauncher) FinalizerDaemon identical 2 lines
09-07 06:11:21.603  2434  2453 W System  : A resource failed to call release. 
09-07 06:11:21.607  2037  5599 D HostConnection: HostConnection::get() New Host Connection established 0xda23f020, tid 5599
09-07 06:11:21.611  2182  2468 D EGL_emulation: eglMakeCurrent: 0xda21a360: ver 2 0 (tinfo 0xda20f590)
09-07 06:11:21.627  2037  5599 D HostConnection: HostComposition ext ANDROID_EMU_CHECKSUM_HELPER_v1 ANDROID_EMU_dma_v1 ANDROID_EMU_direct_mem ANDROID_EMU_vulkan ANDROID_EMU_deferred_vulkan_commands ANDROID_EMU_vulkan_null_optional_strings ANDROID_EMU_vulkan_create_resources_with_requirements ANDROID_EMU_YUV420_888_to_NV21 ANDROID_EMU_YUV_Cache ANDROID_EMU_vulkan_free_memory_sync ANDROID_EMU_vulkan_shader_float16_int8 ANDROID_EMU_vulkan_async_queue_submit ANDROID_EMU_sync_buffer_data GL_OES_vertex_array_object GL_KHR_texture_compression_astc_ldr ANDROID_EMU_host_side_tracing ANDROID_EMU_gles_max_version_2 
09-07 06:11:21.630  2037  5599 W OpenGLRenderer: Failed to choose config with EGL_SWAP_BEHAVIOR_PRESERVED, retrying without...
09-07 06:11:21.648  2037  5599 D eglCodecCommon: setVertexArrayObject: set vao to 0 (0) 0 0
09-07 06:11:21.648  2037  5599 D EGL_emulation: eglCreateContext: 0xba761460: maj 2 min 0 rcv 2
09-07 06:11:21.689  2037  5599 D EGL_emulation: eglMakeCurrent: 0xba761460: ver 2 0 (tinfo 0xba668ca0)
09-07 06:11:21.708  2037  5599 D eglCodecCommon: setVertexArrayObject: set vao to 0 (0) 1 0
09-07 06:11:21.747  9067  9235 I TestRunner: started: shouldDeleteNewsItem(ru.iteco.fmhandroid.ui.ControlPanelTest)
09-07 06:11:21.797  9067  9235 W Settings: Setting always_finish_activities has moved from android.provider.Settings.System to android.provider.Settings.Global, returning read-only value.
09-07 06:11:21.804  2037  3740 I ActivityTaskManager: START u0 {act=android.intent.action.MAIN cat=[android.intent.category.LAUNCHER] flg=0x10008000 cmp=ru.iteco.fmhandroid.test/androidx.test.core.app.InstrumentationActivityInvoker$BootstrapActivity (has extras)} from uid 10136
09-07 06:11:21.819  2037  7767 W InputReader: Device has associated, but no associated display id.
09-07 06:11:21.823  2037  7767 I chatty  : uid=1000(system) Binder:2037_1E identical 38 lines
09-07 06:11:21.823  2037  7767 W InputReader: Device has associated, but no associated display id.
09-07 06:11:21.824  9256  9256 W ActivityThread: handleWindowVisibility: no activity for token android.os.BinderProxy@7296369
09-07 06:11:21.830  2037  7767 W InputReader: Device has associated, but no associated display id.
09-07 06:11:21.830  2037  7767 I chatty  : uid=1000(system) Binder:2037_1E identical 8 lines
09-07 06:11:21.830  2037  7767 W InputReader: Device has associated, but no associated display id.
09-07 06:11:21.833  2037  2061 E system_server: Invalid ID 0x00000000.
09-07 06:11:21.856  2037  3740 I ActivityTaskManager: START u0 {act=android.intent.action.MAIN cat=[android.intent.category.LAUNCHER] cmp=ru.iteco.fmhandroid/.ui.AppActivity} from uid 10136
09-07 06:11:21.862  2037  2051 I system_server: NativeAlloc concurrent copying GC freed 29929(1895KB) AllocSpace objects, 3(488KB) LOS objects, 28% free, 15MB/21MB, paused 1.319ms total 127.951ms
09-07 06:11:21.868  2037  3740 W InputReader: Device has associated, but no associated display id.
09-07 06:11:21.873  2037  3740 I chatty  : uid=1000(system) Binder:2037_D identical 48 lines
09-07 06:11:21.873  2037  3740 W InputReader: Device has associated, but no associated display id.
09-07 06:11:21.876  9067  9067 W ActivityThread: handleWindowVisibility: no activity for token android.os.BinderProxy@a753c08
09-07 06:11:21.884  1793 14098 D gralloc_ranchu: gralloc_alloc: Creating ashmem region of size 9850880
09-07 06:11:21.890  9067  9067 D LifecycleMonitor: Lifecycle status change: ru.iteco.fmhandroid.ui.AppActivity@92610b4 in: PRE_ON_CREATE
09-07 06:11:21.890  9067  9067 V ActivityScenario: Activity lifecycle changed event received but ignored because the reported transition was not ON_CREATE while the last known transition was PRE_ON_CREATE
09-07 06:11:21.894  9067  9213 V FA      : onActivityCreated
09-07 06:11:21.919  9067  9067 D LifecycleMonitor: Lifecycle status change: ru.iteco.fmhandroid.ui.AppActivity@92610b4 in: CREATED
09-07 06:11:21.920  9067  9067 V ActivityScenario: Update currentActivityStage to CREATED, currentActivity=ru.iteco.fmhandroid.ui.AppActivity@92610b4
09-07 06:11:21.921  2666  2666 I dnsi    : onPause
09-07 06:11:21.942  2037  2061 W InputReader: Device has associated, but no associated display id.
09-07 06:11:21.944  2037  2061 I chatty  : uid=1000(system) android.anim identical 18 lines
09-07 06:11:21.944  2037  2061 W InputReader: Device has associated, but no associated display id.
09-07 06:11:21.959  2434  2714 D EGL_emulation: eglMakeCurrent: 0xed453b60: ver 2 0 (tinfo 0xe233a960)
09-07 06:11:21.963  2666  3068 D EGL_emulation: eglMakeCurrent: 0xda21b0e0: ver 2 0 (tinfo 0xda20fbb0)
09-07 06:11:21.984  2182  2468 D EGL_emulation: eglMakeCurrent: 0xda21a360: ver 2 0 (tinfo 0xda20f590)
09-07 06:11:21.989  9067  9067 D LifecycleMonitor: Lifecycle status change: ru.iteco.fmhandroid.ui.AppActivity@92610b4 in: STARTED
09-07 06:11:21.989  9067  9067 V ActivityScenario: Update currentActivityStage to STARTED, currentActivity=ru.iteco.fmhandroid.ui.AppActivity@92610b4
09-07 06:11:21.992  2182  2182 W View    : requestLayout() improperly called by com.android.keyguard.AlphaOptimizedLinearLayout{551c6d8 V.E...... ......ID 7,0-48,61 #7f0a041c app:id/wifi_group} during second layout pass: posting in next frame
09-07 06:11:21.993  9067  9067 D LifecycleMonitor: Lifecycle status change: ru.iteco.fmhandroid.ui.AppActivity@92610b4 in: RESUMED
09-07 06:11:21.993  9067  9067 V ActivityScenario: Update currentActivityStage to RESUMED, currentActivity=ru.iteco.fmhandroid.ui.AppActivity@92610b4
09-07 06:11:21.994  9067  9230 V FA      : Activity resumed, time: 9626703
09-07 06:11:21.995  9067  9235 W teco.fmhandroi: Accessing hidden method Lsun/misc/Unsafe;->compareAndSwapObject(Ljava/lang/Object;JLjava/lang/Object;Ljava/lang/Object;)Z (greylist, linking, allowed)
09-07 06:11:22.002  2182  2182 W View    : requestLayout() improperly called by StatusBarIconView(slot=mobile icon=null notification=null) during layout: running second layout pass
09-07 06:11:22.008  2182  2468 D EGL_emulation: eglMakeCurrent: 0xda21a360: ver 2 0 (tinfo 0xda20f590)
09-07 06:11:22.040  1793 14098 D gralloc_ranchu: gralloc_alloc: Creating ashmem region of size 9113600
09-07 06:11:22.064  1793 14098 D gralloc_ranchu: gralloc_alloc: Creating ashmem region of size 9113600
09-07 06:11:22.067  1793  1793 D gralloc_ranchu: gralloc_alloc: Creating ashmem region of size 9113600
09-07 06:11:22.068  9067  9293 D EGL_emulation: eglMakeCurrent: 0xda21a9c0: ver 2 0 (tinfo 0xda20fc10)
09-07 06:11:22.110  7867  9246 V FA-SVC  : Logging event: origin=auto,name=screen_view(_vs),params=Bundle[{ga_event_origin(_o)=auto, ga_previous_class(_pc)=AppActivity, ga_previous_id(_pi)=5099809632112841103, ga_screen_class(_sc)=AppActivity, ga_screen_id(_si)=5099809632112841104}]
09-07 06:11:22.115  2037  2065 I ActivityTaskManager: Displayed ru.iteco.fmhandroid/.ui.AppActivity: +306ms
09-07 06:11:22.134  2182  2182 W View    : requestLayout() improperly called by com.android.keyguard.AlphaOptimizedLinearLayout{551c6d8 V.E...... ......ID 7,0-48,61 #7f0a041c app:id/wifi_group} during second layout pass: posting in next frame
09-07 06:11:22.155  2182  2182 W View    : requestLayout() improperly called by StatusBarIconView(slot=mobile icon=null notification=null) during layout: running second layout pass
09-07 06:11:22.156  7867  9246 V FA-SVC  : Upload scheduled in approximately ms: 958793
09-07 06:11:22.156  7867  9246 V FA-SVC  : Unscheduling upload
09-07 06:11:22.157  9067  9067 I ViewInteraction: Performing 'wait for a specific view with <(an instance of android.widget.TextView and view.getText() with or without transformation to match: is "Authorization" and view.getParent() view.getParent() view.getId() is <2131231186>)> during 10000 millis.' action on view view.getRootView() to equal view
09-07 06:11:22.163  7867  9246 V FA-SVC  : Scheduling upload, millis: 958793
09-07 06:11:22.177  7867  9246 V FA-SVC  : Background event processing time, ms: 67
09-07 06:11:22.197  2666  2666 I dnsi    : onStop
09-07 06:11:22.207  2182  2182 W View    : requestLayout() improperly called by com.android.keyguard.AlphaOptimizedLinearLayout{551c6d8 V.E...... ......ID 7,0-48,61 #7f0a041c app:id/wifi_group} during second layout pass: posting in next frame
09-07 06:11:22.208  2182  2182 W View    : requestLayout() improperly called by StatusBarIconView(slot=mobile icon=null notification=null) during layout: running second layout pass
09-07 06:11:22.227  2666  3161 V ClearcutMetricXmitter: Transmission is done.
09-07 06:11:22.233  2182  2182 W View    : requestLayout() improperly called by com.android.keyguard.AlphaOptimizedLinearLayout{551c6d8 V.E...... ......ID 7,0-48,61 #7f0a041c app:id/wifi_group} during second layout pass: posting in next frame
09-07 06:11:22.241  1823  1823 W SurfaceFlinger: couldn't log to binary event log: overflow.
09-07 06:11:22.241  1823  1823 W SurfaceFlinger: couldn't log to binary event log: overflow.
09-07 06:11:22.249  2182  2182 W View    : requestLayout() improperly called by StatusBarIconView(slot=mobile icon=null notification=null) during layout: running second layout pass
09-07 06:11:22.265  2182  2182 W View    : requestLayout() improperly called by com.android.keyguard.AlphaOptimizedLinearLayout{551c6d8 V.E...... ......ID 7,0-48,61 #7f0a041c app:id/wifi_group} during second layout pass: posting in next frame
09-07 06:11:22.283  2182  2182 W View    : requestLayout() improperly called by StatusBarIconView(slot=mobile icon=null notification=null) during layout: running second layout pass
09-07 06:11:22.303  2182  2182 W View    : requestLayout() improperly called by com.android.keyguard.AlphaOptimizedLinearLayout{551c6d8 V.E...... ......ID 7,0-48,61 #7f0a041c app:id/wifi_group} during second layout pass: posting in next frame
09-07 06:11:22.319  2182  2182 W View    : requestLayout() improperly called by StatusBarIconView(slot=mobile icon=null notification=null) during layout: running second layout pass
09-07 06:11:22.341  2182  2182 W View    : requestLayout() improperly called by com.android.keyguard.AlphaOptimizedLinearLayout{551c6d8 V.E...... ......ID 7,0-48,61 #7f0a041c app:id/wifi_group} during second layout pass: posting in next frame
09-07 06:11:22.352  2182  2182 W View    : requestLayout() improperly called by StatusBarIconView(slot=mobile icon=null notification=null) during layout: running second layout pass
09-07 06:11:22.373  1781  1887 W audio_hw_generic: Not supplying enough data to HAL, expected position 78392887 , only wrote 77771938
09-07 06:11:22.531  2037  2065 E memtrack: Couldn't load memtrack module
09-07 06:11:22.531  2037  2065 W android.os.Debug: failed to get memory consumption info: -1
09-07 06:11:22.549  1792  2272 E GnssHAL_GnssInterface: gnssSvStatusCb: a: input svInfo.flags is 8
09-07 06:11:22.549  1792  2272 E GnssHAL_GnssInterface: gnssSvStatusCb: b: input svInfo.flags is 8
09-07 06:11:22.698  9152  9152 I Finsky:background: [2] rjb.onDestroy(9): IPC-SERVER: Stopping gRPC host service...
09-07 06:11:23.215  2244  2260 W id.networkstac: Reducing the number of considered missed Gc histogram windows from 187 to 100
09-07 06:11:23.548  1792  2272 E GnssHAL_GnssInterface: gnssSvStatusCb: a: input svInfo.flags is 8
09-07 06:11:23.548  1792  2272 E GnssHAL_GnssInterface: gnssSvStatusCb: b: input svInfo.flags is 8
09-07 06:11:24.548  1792  2272 E GnssHAL_GnssInterface: gnssSvStatusCb: a: input svInfo.flags is 8
09-07 06:11:24.549  1792  2272 E GnssHAL_GnssInterface: gnssSvStatusCb: b: input svInfo.flags is 8
09-07 06:11:24.995  9067  9320 I okhttp.OkHttpClient: --> GET http://www.981757-ca08998.tmweb.ru:8080/fmh/authentication/userInfo
09-07 06:11:24.995  9067  9320 I okhttp.OkHttpClient: --> END GET
09-07 06:11:25.363  9067  9320 I okhttp.OkHttpClient: <-- 200 http://www.981757-ca08998.tmweb.ru:8080/fmh/authentication/userInfo (367ms)
09-07 06:11:25.363  9067  9320 I okhttp.OkHttpClient: Vary: Origin
09-07 06:11:25.363  9067  9320 I okhttp.OkHttpClient: Vary: Access-Control-Request-Method
09-07 06:11:25.364  9067  9320 I okhttp.OkHttpClient: Vary: Access-Control-Request-Headers
09-07 06:11:25.364  9067  9320 I okhttp.OkHttpClient: X-Content-Type-Options: nosniff
09-07 06:11:25.364  9067  9320 I okhttp.OkHttpClient: X-XSS-Protection: 1; mode=block
09-07 06:11:25.364  9067  9320 I okhttp.OkHttpClient: Cache-Control: no-cache, no-store, max-age=0, must-revalidate
09-07 06:11:25.364  9067  9320 I okhttp.OkHttpClient: Pragma: no-cache
09-07 06:11:25.364  9067  9320 I okhttp.OkHttpClient: Expires: 0
09-07 06:11:25.364  9067  9320 I okhttp.OkHttpClient: X-Frame-Options: DENY
09-07 06:11:25.364  9067  9320 I okhttp.OkHttpClient: Content-Type: application/json
09-07 06:11:25.364  9067  9320 I okhttp.OkHttpClient: Transfer-Encoding: chunked
09-07 06:11:25.364  9067  9320 I okhttp.OkHttpClient: Date: Thu, 07 Sep 2023 06:11:25 GMT
09-07 06:11:25.365  9067  9320 I okhttp.OkHttpClient: Keep-Alive: timeout=60
09-07 06:11:25.365  9067  9320 I okhttp.OkHttpClient: Connection: keep-alive
09-07 06:11:25.365  9067  9320 I okhttp.OkHttpClient: {"id":1,"firstName":"Ivan","lastName":"Ivanov","middleName":"Ivanovich","admin":true}
09-07 06:11:25.366  9067  9320 I okhttp.OkHttpClient: <-- END HTTP (85-byte body)
09-07 06:11:25.380  9067  9322 I okhttp.OkHttpClient: --> GET http://www.981757-ca08998.tmweb.ru:8080/fmh/claims
09-07 06:11:25.380  9067  9322 I okhttp.OkHttpClient: --> END GET
09-07 06:11:25.386  1774  9387 E ResolverController: No valid NAT64 prefix (101, <unspecified>/0)
09-07 06:11:25.456  9067  9293 D EGL_emulation: eglMakeCurrent: 0xda21a9c0: ver 2 0 (tinfo 0xda20fc10)
