--------- beginning of main
09-07 04:46:51.291  1792  2272 E GnssHAL_GnssInterface: gnssSvStatusCb: a: input svInfo.flags is 8
09-07 04:46:51.291  1792  2272 E GnssHAL_GnssInterface: gnssSvStatusCb: b: input svInfo.flags is 8
09-07 04:46:52.292  1792  2272 E GnssHAL_GnssInterface: gnssSvStatusCb: a: input svInfo.flags is 8
09-07 04:46:52.292  1792  2272 E GnssHAL_GnssInterface: gnssSvStatusCb: b: input svInfo.flags is 8
09-07 04:46:53.278 29126 29168 W takeScreenshot: force redraw failed. Proceeding with screenshot
09-07 04:46:53.278 29126 29168 W takeScreenshot: java.util.concurrent.TimeoutException: Waited 5 seconds (plus 3195700 nanoseconds delay) for androidx.concurrent.futures.ResolvableFuture@bad36dc[status=PENDING, info=[setFuture=[androidx.test.core.app.ListFuture@99f93e5]]]
09-07 04:46:53.278 29126 29168 W takeScreenshot: 	at androidx.concurrent.futures.AbstractResolvableFuture.get(AbstractResolvableFuture.java:456)
09-07 04:46:53.278 29126 29168 W takeScreenshot: 	at androidx.test.core.app.DeviceCapture.takeScreenshotNoSync(DeviceCapture.kt:106)
09-07 04:46:53.278 29126 29168 W takeScreenshot: 	at androidx.test.espresso.base.DefaultFailureHandler.takeScreenshot(DefaultFailureHandler.java:3)
09-07 04:46:53.278 29126 29168 W takeScreenshot: 	at androidx.test.espresso.base.DefaultFailureHandler.handle(DefaultFailureHandler.java:3)
09-07 04:46:53.278 29126 29168 W takeScreenshot: 	at androidx.test.espresso.ViewInteraction.waitForAndHandleInteractionResults(ViewInteraction.java:8)
09-07 04:46:53.278 29126 29168 W takeScreenshot: 	at androidx.test.espresso.ViewInteraction.desugaredPerform(ViewInteraction.java:11)
09-07 04:46:53.278 29126 29168 W takeScreenshot: 	at androidx.test.espresso.ViewInteraction.perform(ViewInteraction.java:8)
09-07 04:46:53.278 29126 29168 W takeScreenshot: 	at ru.iteco.fmhandroid.ui.data.TestUtils.waitView(TestUtils.java:61)
09-07 04:46:53.278 29126 29168 W takeScreenshot: 	at ru.iteco.fmhandroid.ui.steps.AboutPageSteps.getHeaderPrivacyPolicyPage(AboutPageSteps.java:43)
09-07 04:46:53.278 29126 29168 W takeScreenshot: 	at ru.iteco.fmhandroid.ui.AboutPageTest.shouldOpenPrivacyPolicyDetailsPage(AboutPageTest.java:69)
09-07 04:46:53.278 29126 29168 W takeScreenshot: 	at java.lang.reflect.Method.invoke(Native Method)
09-07 04:46:53.278 29126 29168 W takeScreenshot: 	at org.junit.runners.model.FrameworkMethod$1.runReflectiveCall(FrameworkMethod.java:59)
09-07 04:46:53.278 29126 29168 W takeScreenshot: 	at org.junit.internal.runners.model.ReflectiveCallable.run(ReflectiveCallable.java:12)
09-07 04:46:53.278 29126 29168 W takeScreenshot: 	at org.junit.runners.model.FrameworkMethod.invokeExplosively(FrameworkMethod.java:56)
09-07 04:46:53.278 29126 29168 W takeScreenshot: 	at org.junit.internal.runners.statements.InvokeMethod.evaluate(InvokeMethod.java:17)
09-07 04:46:53.278 29126 29168 W takeScreenshot: 	at androidx.test.internal.runner.junit4.statement.RunBefores.evaluate(RunBefores.java:80)
09-07 04:46:53.278 29126 29168 W takeScreenshot: 	at io.qameta.allure.android.rules.ScreenshotRule$apply$1.evaluate(ScreenshotRule.kt:22)
09-07 04:46:53.278 29126 29168 W takeScreenshot: 	at org.junit.rules.ExternalResource$1.evaluate(ExternalResource.java:54)
09-07 04:46:53.278 29126 29168 W takeScreenshot: 	at io.qameta.allure.android.rules.LogcatRule$apply$1.evaluate(LogcatRule.kt:23)
09-07 04:46:53.278 29126 29168 W takeScreenshot: 	at org.junit.rules.RunRules.evaluate(RunRules.java:20)
09-07 04:46:53.278 29126 29168 W takeScreenshot: 	at org.junit.runners.ParentRunner$3.evaluate(ParentRunner.java:306)
09-07 04:46:53.278 29126 29168 W takeScreenshot: 	at org.junit.runners.BlockJUnit4ClassRunner$1.evaluate(BlockJUnit4ClassRunner.java:100)
09-07 04:46:53.278 29126 29168 W takeScreenshot: 	at org.junit.runners.ParentRunner.runLeaf(ParentRunner.java:366)
09-07 04:46:53.278 29126 29168 W takeScreenshot: 	at org.junit.runners.BlockJUnit4ClassRunner.runChild(BlockJUnit4ClassRunner.java:103)
09-07 04:46:53.278 29126 29168 W takeScreenshot: 	at org.junit.runners.BlockJUnit4ClassRunner.runChild(BlockJUnit4ClassRunner.java:63)
09-07 04:46:53.278 29126 29168 W takeScreenshot: 	at org.junit.runners.ParentRunner$4.run(ParentRunner.java:331)
09-07 04:46:53.278 29126 29168 W takeScreenshot: 	at org.junit.runners.ParentRunner$1.schedule(ParentRunner.java:79)
09-07 04:46:53.278 29126 29168 W takeScreenshot: 	at org.junit.runners.ParentRunner.runChildren(ParentRunner.java:329)
09-07 04:46:53.278 29126 29168 W takeScreenshot: 	at org.junit.runners.ParentRunner.access$100(ParentRunner.java:66)
09-07 04:46:53.278 29126 29168 W takeScreenshot: 	at org.junit.runners.ParentRunner$2.evaluate(ParentRunner.java:293)
09-07 04:46:53.278 29126 29168 W takeScreenshot: 	at org.junit.runners.ParentRunner$3.evaluate(ParentRunner.java:306)
09-07 04:46:53.278 29126 29168 W takeScreenshot: 	at org.junit.runners.ParentRunner.run(ParentRunner.java:413)
09-07 04:46:53.278 29126 29168 W takeScreenshot: 	at androidx.test.ext.junit.runners.AndroidJUnit4.run(AndroidJUnit4.java:162)
09-07 04:46:53.278 29126 29168 W takeScreenshot: 	at io.qameta.allure.android.runners.AllureAndroidJUnit4.run(AllureAndroidJUnitRunners.kt:29)
09-07 04:46:53.278 29126 29168 W takeScreenshot: 	at org.junit.runners.Suite.runChild(Suite.java:128)
09-07 04:46:53.278 29126 29168 W takeScreenshot: 	at org.junit.runners.Suite.runChild(Suite.java:27)
09-07 04:46:53.278 29126 29168 W takeScreenshot: 	at org.junit.runners.ParentRunner$4.run(ParentRunner.java:331)
09-07 04:46:53.278 29126 29168 W takeScreenshot: 	at org.junit.runners.ParentRunner$1.schedule(ParentRunner.java:79)
09-07 04:46:53.278 29126 29168 W takeScreenshot: 	at org.junit.runners.ParentRunner.runChildren(ParentRunner.java:329)
09-07 04:46:53.278 29126 29168 W takeScreenshot: 	at org.junit.runners.ParentRunner.access$100(ParentRunner.java:66)
09-07 04:46:53.278 29126 29168 W takeScreenshot: 	at org.junit.runners.ParentRunner$2.evaluate(ParentRunner.java:293)
09-07 04:46:53.278 29126 29168 W takeScreenshot: 	at org.junit.runners.ParentRunner$3.evaluate(ParentRunner.java:306)
09-07 04:46:53.278 29126 29168 W takeScreenshot: 	at org.junit.runners.ParentRunner.run(ParentRunner.java:413)
09-07 04:46:53.278 29126 29168 W takeScreenshot: 	at org.junit.runner.JUnitCore.run(JUnitCore.java:137)
09-07 04:46:53.278 29126 29168 W takeScreenshot: 	at org.junit.runner.JUnitCore.run(JUnitCore.java:115)
09-07 04:46:53.278 29126 29168 W takeScreenshot: 	at androidx.test.internal.runner.TestExecutor.execute(TestExecutor.java:67)
09-07 04:46:53.278 29126 29168 W takeScreenshot: 	at androidx.test.internal.runner.TestExecutor.execute(TestExecutor.java:58)
09-07 04:46:53.278 29126 29168 W takeScreenshot: 	at androidx.test.runner.AndroidJUnitRunner.onStart(AndroidJUnitRunner.java:438)
09-07 04:46:53.278 29126 29168 W takeScreenshot: 	at android.app.Instrumentation$InstrumentationThread.run(Instrumentation.java:2189)
09-07 04:46:53.291  1792  2272 E GnssHAL_GnssInterface: gnssSvStatusCb: a: input svInfo.flags is 8
09-07 04:46:53.291  1792  2272 E GnssHAL_GnssInterface: gnssSvStatusCb: b: input svInfo.flags is 8
09-07 04:46:53.303  1793  2554 D gralloc_ranchu: gralloc_alloc: Creating ashmem region of size 9850880
09-07 04:46:53.565  1678  1678 I hwservicemanager: getTransport: Cannot find entry android.hardware.graphics.mapper@3.0::IMapper/default in either framework or device manifest.
09-07 04:46:53.565 29110 29179 W Gralloc3: mapper 3.x is not supported
09-07 04:46:53.571 29110 29179 D HostConnection: createUnique: call
09-07 04:46:53.571 29110 29179 D HostConnection: HostConnection::get() New Host Connection established 0xf3d55d50, tid 29179
09-07 04:46:53.573 29110 29179 D HostConnection: HostComposition ext ANDROID_EMU_CHECKSUM_HELPER_v1 ANDROID_EMU_dma_v1 ANDROID_EMU_direct_mem ANDROID_EMU_vulkan ANDROID_EMU_deferred_vulkan_commands ANDROID_EMU_vulkan_null_optional_strings ANDROID_EMU_vulkan_create_resources_with_requirements ANDROID_EMU_YUV420_888_to_NV21 ANDROID_EMU_YUV_Cache ANDROID_EMU_vulkan_free_memory_sync ANDROID_EMU_vulkan_shader_float16_int8 ANDROID_EMU_vulkan_async_queue_submit ANDROID_EMU_sync_buffer_data GL_OES_vertex_array_object GL_KHR_texture_compression_astc_ldr ANDROID_EMU_host_side_tracing ANDROID_EMU_gles_max_version_2 
09-07 04:46:53.573 29110 29179 D eglCodecCommon: allocate: Ask for block of size 0x1000
09-07 04:46:53.573 29110 29179 D eglCodecCommon: allocate: ioctl allocate returned offset 0x3ff684000 size 0x2000
09-07 04:46:53.577  1823  2077 E SurfaceFlinger: ro.sf.lcd_density must be defined as a build property
09-07 04:46:53.578  1823  2077 E SurfaceFlinger: ro.sf.lcd_density must be defined as a build property
09-07 04:46:53.581 29110 29492 D libEGL  : Emulator has host GPU support, qemu.gles is set to 1.
09-07 04:46:53.585 29110 29492 W libc    : Unable to set property "qemu.gles" to "1": error code: 0x18
09-07 04:46:53.585 29110 29492 D libEGL  : loaded /vendor/lib/egl/libEGL_emulation.so
09-07 04:46:53.586 29110 29492 D libEGL  : loaded /vendor/lib/egl/libGLESv1_CM_emulation.so
09-07 04:46:53.586 29110 29492 D libEGL  : loaded /vendor/lib/egl/libGLESv2_emulation.so
09-07 04:46:53.592 29110 29492 D HostConnection: HostConnection::get() New Host Connection established 0xf3d553f0, tid 29492
09-07 04:46:53.593 29110 29492 D HostConnection: HostComposition ext ANDROID_EMU_CHECKSUM_HELPER_v1 ANDROID_EMU_dma_v1 ANDROID_EMU_direct_mem ANDROID_EMU_vulkan ANDROID_EMU_deferred_vulkan_commands ANDROID_EMU_vulkan_null_optional_strings ANDROID_EMU_vulkan_create_resources_with_requirements ANDROID_EMU_YUV420_888_to_NV21 ANDROID_EMU_YUV_Cache ANDROID_EMU_vulkan_free_memory_sync ANDROID_EMU_vulkan_shader_float16_int8 ANDROID_EMU_vulkan_async_queue_submit ANDROID_EMU_sync_buffer_data GL_OES_vertex_array_object GL_KHR_texture_compression_astc_ldr ANDROID_EMU_host_side_tracing ANDROID_EMU_gles_max_version_2 
09-07 04:46:53.595 29110 29492 W OpenGLRenderer: Failed to choose config with EGL_SWAP_BEHAVIOR_PRESERVED, retrying without...
09-07 04:46:53.605 29110 29492 D eglCodecCommon: setVertexArrayObject: set vao to 0 (0) 0 0
09-07 04:46:53.605 29110 29492 D EGL_emulation: eglCreateContext: 0xdebb7240: maj 2 min 0 rcv 2
09-07 04:46:53.626 29110 29492 D EGL_emulation: eglMakeCurrent: 0xdebb7240: ver 2 0 (tinfo 0xdeb9e350)
09-07 04:46:53.641 29110 29492 D eglCodecCommon: setVertexArrayObject: set vao to 0 (0) 1 0
09-07 04:46:53.665 29126 29168 W DefaultFailureHandler: Failed to take screenshot
09-07 04:46:53.665 29126 29168 W DefaultFailureHandler: java.io.FileNotFoundException: view-op-error-1.png: open failed: EROFS (Read-only file system)
09-07 04:46:53.665 29126 29168 W DefaultFailureHandler: 	at libcore.io.IoBridge.open(IoBridge.java:496)
09-07 04:46:53.665 29126 29168 W DefaultFailureHandler: 	at java.io.FileOutputStream.<init>(FileOutputStream.java:235)
09-07 04:46:53.665 29126 29168 W DefaultFailureHandler: 	at java.io.FileOutputStream.<init>(FileOutputStream.java:125)
09-07 04:46:53.665 29126 29168 W DefaultFailureHandler: 	at androidx.test.platform.io.FileTestStorage.openOutputFile(FileTestStorage.java:60)
09-07 04:46:53.665 29126 29168 W DefaultFailureHandler: 	at androidx.test.core.graphics.BitmapStorage.writeToTestStorage(BitmapStorageExt.kt:49)
09-07 04:46:53.665 29126 29168 W DefaultFailureHandler: 	at androidx.test.espresso.base.DefaultFailureHandler.takeScreenshot(DefaultFailureHandler.java:4)
09-07 04:46:53.665 29126 29168 W DefaultFailureHandler: 	at androidx.test.espresso.base.DefaultFailureHandler.handle(DefaultFailureHandler.java:3)
09-07 04:46:53.665 29126 29168 W DefaultFailureHandler: 	at androidx.test.espresso.ViewInteraction.waitForAndHandleInteractionResults(ViewInteraction.java:8)
09-07 04:46:53.665 29126 29168 W DefaultFailureHandler: 	at androidx.test.espresso.ViewInteraction.desugaredPerform(ViewInteraction.java:11)
09-07 04:46:53.665 29126 29168 W DefaultFailureHandler: 	at androidx.test.espresso.ViewInteraction.perform(ViewInteraction.java:8)
09-07 04:46:53.665 29126 29168 W DefaultFailureHandler: 	at ru.iteco.fmhandroid.ui.data.TestUtils.waitView(TestUtils.java:61)
09-07 04:46:53.665 29126 29168 W DefaultFailureHandler: 	at ru.iteco.fmhandroid.ui.steps.AboutPageSteps.getHeaderPrivacyPolicyPage(AboutPageSteps.java:43)
09-07 04:46:53.665 29126 29168 W DefaultFailureHandler: 	at ru.iteco.fmhandroid.ui.AboutPageTest.shouldOpenPrivacyPolicyDetailsPage(AboutPageTest.java:69)
09-07 04:46:53.665 29126 29168 W DefaultFailureHandler: 	at java.lang.reflect.Method.invoke(Native Method)
09-07 04:46:53.665 29126 29168 W DefaultFailureHandler: 	at org.junit.runners.model.FrameworkMethod$1.runReflectiveCall(FrameworkMethod.java:59)
09-07 04:46:53.665 29126 29168 W DefaultFailureHandler: 	at org.junit.internal.runners.model.ReflectiveCallable.run(ReflectiveCallable.java:12)
09-07 04:46:53.665 29126 29168 W DefaultFailureHandler: 	at org.junit.runners.model.FrameworkMethod.invokeExplosively(FrameworkMethod.java:56)
09-07 04:46:53.665 29126 29168 W DefaultFailureHandler: 	at org.junit.internal.runners.statements.InvokeMethod.evaluate(InvokeMethod.java:17)
09-07 04:46:53.665 29126 29168 W DefaultFailureHandler: 	at androidx.test.internal.runner.junit4.statement.RunBefores.evaluate(RunBefores.java:80)
09-07 04:46:53.665 29126 29168 W DefaultFailureHandler: 	at io.qameta.allure.android.rules.ScreenshotRule$apply$1.evaluate(ScreenshotRule.kt:22)
09-07 04:46:53.665 29126 29168 W DefaultFailureHandler: 	at org.junit.rules.ExternalResource$1.evaluate(ExternalResource.java:54)
09-07 04:46:53.665 29126 29168 W DefaultFailureHandler: 	at io.qameta.allure.android.rules.LogcatRule$apply$1.evaluate(LogcatRule.kt:23)
09-07 04:46:53.665 29126 29168 W DefaultFailureHandler: 	at org.junit.rules.RunRules.evaluate(RunRules.java:20)
09-07 04:46:53.665 29126 29168 W DefaultFailureHandler: 	at org.junit.runners.ParentRunner$3.evaluate(ParentRunner.java:306)
09-07 04:46:53.665 29126 29168 W DefaultFailureHandler: 	at org.junit.runners.BlockJUnit4ClassRunner$1.evaluate(BlockJUnit4ClassRunner.java:100)
09-07 04:46:53.665 29126 29168 W DefaultFailureHandler: 	at org.junit.runners.ParentRunner.runLeaf(ParentRunner.java:366)
09-07 04:46:53.665 29126 29168 W DefaultFailureHandler: 	at org.junit.runners.BlockJUnit4ClassRunner.runChild(BlockJUnit4ClassRunner.java:103)
09-07 04:46:53.665 29126 29168 W DefaultFailureHandler: 	at org.junit.runners.BlockJUnit4ClassRunner.runChild(BlockJUnit4ClassRunner.java:63)
09-07 04:46:53.665 29126 29168 W DefaultFailureHandler: 	at org.junit.runners.ParentRunner$4.run(ParentRunner.java:331)
09-07 04:46:53.665 29126 29168 W DefaultFailureHandler: 	at org.junit.runners.ParentRunner$1.schedule(ParentRunner.java:79)
09-07 04:46:53.665 29126 29168 W DefaultFailureHandler: 	at org.junit.runners.ParentRunner.runChildren(ParentRunner.java:329)
09-07 04:46:53.665 29126 29168 W DefaultFailureHandler: 	at org.junit.runners.ParentRunner.access$100(ParentRunner.java:66)
09-07 04:46:53.665 29126 29168 W DefaultFailureHandler: 	at org.junit.runners.ParentRunner$2.evaluate(ParentRunner.java:293)
09-07 04:46:53.665 29126 29168 W DefaultFailureHandler: 	at org.junit.runners.ParentRunner$3.evaluate(ParentRunner.java:306)
09-07 04:46:53.665 29126 29168 W DefaultFailureHandler: 	at org.junit.runners.ParentRunner.run(ParentRunner.java:413)
09-07 04:46:53.665 29126 29168 W DefaultFailureHandler: 	at androidx.test.ext.junit.runners.AndroidJUnit4.run(AndroidJUnit4.java:162)
09-07 04:46:53.665 29126 29168 W DefaultFailureHandler: 	at io.qameta.allure.android.runners.AllureAndroidJUnit4.run(AllureAndroidJUnitRunners.kt:29)
09-07 04:46:53.665 29126 29168 W DefaultFailureHandler: 	at org.junit.runners.Suite.runChild(Suite.java:128)
09-07 04:46:53.665 29126 29168 W DefaultFailureHandler: 	at org.junit.runners.Suite.runChild(Suite.java:27)
09-07 04:46:53.665 29126 29168 W DefaultFailureHandler: 	at org.junit.runners.ParentRunner$4.run(ParentRunner.java:331)
09-07 04:46:53.665 29126 29168 W DefaultFailureHandler: 	at org.junit.runners.ParentRunner$1.schedule(ParentRunner.java:79)
09-07 04:46:53.665 29126 29168 W DefaultFailureHandler: 	at org.junit.runners.ParentRunner.runChildren(ParentRunner.java:329)
09-07 04:46:53.665 29126 29168 W DefaultFailureHandler: 	at org.junit.runners.ParentRunner.access$100(ParentRunner.java:66)
09-07 04:46:53.665 29126 29168 W DefaultFailureHandler: 	at org.junit.runners.ParentRunner$2.evaluate(ParentRunner.java:293)
09-07 04:46:53.665 29126 29168 W DefaultFailureHandler: 	at org.junit.runners.ParentRunner$3.evaluate(ParentRunner.java:306)
09-07 04:46:53.665 29126 29168 W DefaultFailureHandler: 	at org.junit.runners.ParentRunner.run(ParentRunner.java:413)
09-07 04:46:53.665 29126 29168 W DefaultFailureHandler: 	at org.junit.runner.JUnitCore.run(JUnitCore.java:137)
09-07 04:46:53.665 29126 29168 W DefaultFailureHandler: 	at org.junit.runner.JUnitCore.run(JUnitCore.java:115)
09-07 04:46:53.665 29126 29168 W DefaultFailureHandler: 	at androidx.test.internal.runner.TestExecutor.execute(TestExecutor.java:67)
09-07 04:46:53.665 29126 29168 W DefaultFailureHandler: 	at androidx.test.internal.runner.TestExecutor.execute(TestExecutor.java:58)
09-07 04:46:53.665 29126 29168 W DefaultFailureHandler: 	at androidx.test.runner.AndroidJUnitRunner.onStart(AndroidJUnitRunner.java:438)
09-07 04:46:53.665 29126 29168 W DefaultFailureHandler: 	at android.app.Instrumentation$InstrumentationThread.run(Instrumentation.java:2189)
09-07 04:46:53.665 29126 29168 W DefaultFailureHandler: Caused by: android.system.ErrnoException: open failed: EROFS (Read-only file system)
09-07 04:46:53.665 29126 29168 W DefaultFailureHandler: 	at libcore.io.Linux.open(Native Method)
09-07 04:46:53.665 29126 29168 W DefaultFailureHandler: 	at libcore.io.ForwardingOs.open(ForwardingOs.java:167)
09-07 04:46:53.665 29126 29168 W DefaultFailureHandler: 	at libcore.io.BlockGuardOs.open(BlockGuardOs.java:252)
09-07 04:46:53.665 29126 29168 W DefaultFailureHandler: 	at libcore.io.ForwardingOs.open(ForwardingOs.java:167)
09-07 04:46:53.665 29126 29168 W DefaultFailureHandler: 	at android.app.ActivityThread$AndroidOs.open(ActivityThread.java:7255)
09-07 04:46:53.665 29126 29168 W DefaultFailureHandler: 	at libcore.io.IoBridge.open(IoBridge.java:482)
09-07 04:46:53.665 29126 29168 W DefaultFailureHandler: 	... 51 more
09-07 04:46:53.671  1793  2554 D gralloc_ranchu: gralloc_alloc: Creating ashmem region of size 9850880
--------- beginning of system
09-07 04:46:53.785  2037  5231 I ActivityTaskManager: START u0 {act=android.intent.action.MAIN cat=[android.intent.category.LAUNCHER] flg=0x10000000 cmp=ru.iteco.fmhandroid.test/androidx.test.core.app.InstrumentationActivityInvoker$EmptyActivity} from uid 10136
09-07 04:46:53.791  2037  2146 D ConnectivityService: releasing NetworkRequest [ TRACK_DEFAULT id=109, [ Capabilities: INTERNET&NOT_RESTRICTED&TRUSTED Uid: 10113] ] (release request)
09-07 04:46:53.792  2037  4090 W InputReader: Device has associated, but no associated display id.
09-07 04:46:53.795  2037  4090 I chatty  : uid=1000(system) Binder:2037_E identical 48 lines
09-07 04:46:53.795  2037  4090 W InputReader: Device has associated, but no associated display id.
09-07 04:46:53.796 29182 29182 W ActivityThread: handleWindowVisibility: no activity for token android.os.BinderProxy@fb116a1
09-07 04:46:53.826  2037  4090 I ActivityTaskManager: START u0 {act=android.intent.action.MAIN cat=[android.intent.category.LAUNCHER] flg=0x10000000 cmp=ru.iteco.fmhandroid.test/androidx.test.core.app.InstrumentationActivityInvoker$EmptyActivity} from uid 10136
09-07 04:46:53.845 29126 29126 D LifecycleMonitor: Lifecycle status change: ru.iteco.fmhandroid.ui.AppActivity@2682e15 in: DESTROYED
09-07 04:46:53.845 29126 29126 V ActivityScenario: Update currentActivityStage to DESTROYED, currentActivity=null
09-07 04:46:53.852  1793  2554 D gralloc_ranchu: gralloc_alloc: Creating ashmem region of size 9850880
09-07 04:46:53.861  1793  2554 I chatty  : uid=1000(system) HwBinder:1793_2 identical 1 line
09-07 04:46:53.868  1793  2554 D gralloc_ranchu: gralloc_alloc: Creating ashmem region of size 9850880
09-07 04:46:53.870 29182 29216 D EGL_emulation: eglMakeCurrent: 0xda21a3c0: ver 2 0 (tinfo 0xda20f660)
09-07 04:46:53.899  2037  4391 W InputReader: Device has associated, but no associated display id.
09-07 04:46:53.901  2037  4391 I chatty  : uid=1000(system) Binder:2037_13 identical 48 lines
09-07 04:46:53.901  2037  4391 W InputReader: Device has associated, but no associated display id.
09-07 04:46:53.920 29182 29182 W ActivityThread: handleWindowVisibility: no activity for token android.os.BinderProxy@7819a38
09-07 04:46:53.979  1793  2554 D gralloc_ranchu: gralloc_alloc: Creating ashmem region of size 9850880
09-07 04:46:53.984  1793  2554 I chatty  : uid=1000(system) HwBinder:1793_2 identical 1 line
09-07 04:46:53.986  1793  2554 D gralloc_ranchu: gralloc_alloc: Creating ashmem region of size 9850880
09-07 04:46:53.992 29182 29216 D EGL_emulation: eglMakeCurrent: 0xda21a3c0: ver 2 0 (tinfo 0xda20f660)
09-07 04:46:54.012  2037  2061 W InputReader: Device has associated, but no associated display id.
09-07 04:46:54.013  2037  2061 I chatty  : uid=1000(system) android.anim identical 18 lines
09-07 04:46:54.013  2037  2061 W InputReader: Device has associated, but no associated display id.
09-07 04:46:54.014  1793  2554 D gralloc_ranchu: gralloc_alloc: Creating ashmem region of size 6307840
09-07 04:46:54.025  2037  2065 I ActivityTaskManager: Displayed ru.iteco.fmhandroid.test/androidx.test.core.app.InstrumentationActivityInvoker$EmptyActivity: +104ms
09-07 04:46:54.026 29289 29310 D EGL_emulation: eglMakeCurrent: 0xda21a1e0: ver 2 0 (tinfo 0xda20f710)
09-07 04:46:54.037  2037  5599 D HostConnection: HostConnection::get() New Host Connection established 0xda23f020, tid 5599
09-07 04:46:54.038  2037  5599 D HostConnection: HostComposition ext ANDROID_EMU_CHECKSUM_HELPER_v1 ANDROID_EMU_dma_v1 ANDROID_EMU_direct_mem ANDROID_EMU_vulkan ANDROID_EMU_deferred_vulkan_commands ANDROID_EMU_vulkan_null_optional_strings ANDROID_EMU_vulkan_create_resources_with_requirements ANDROID_EMU_YUV420_888_to_NV21 ANDROID_EMU_YUV_Cache ANDROID_EMU_vulkan_free_memory_sync ANDROID_EMU_vulkan_shader_float16_int8 ANDROID_EMU_vulkan_async_queue_submit ANDROID_EMU_sync_buffer_data GL_OES_vertex_array_object GL_KHR_texture_compression_astc_ldr ANDROID_EMU_host_side_tracing ANDROID_EMU_gles_max_version_2 
09-07 04:46:54.039  2037  5599 W OpenGLRenderer: Failed to choose config with EGL_SWAP_BEHAVIOR_PRESERVED, retrying without...
09-07 04:46:54.039  2037  6130 W InputReader: Device has associated, but no associated display id.
09-07 04:46:54.039  2037  6130 I chatty  : uid=1000(system) Binder:2037_1A identical 8 lines
09-07 04:46:54.039  2037  6130 W InputReader: Device has associated, but no associated display id.
09-07 04:46:54.057  2037  5599 D eglCodecCommon: setVertexArrayObject: set vao to 0 (0) 0 0
09-07 04:46:54.057  2037  5599 D EGL_emulation: eglCreateContext: 0xa7a623a0: maj 2 min 0 rcv 2
09-07 04:46:54.059  2182  2468 D EGL_emulation: eglMakeCurrent: 0xda21a360: ver 2 0 (tinfo 0xda20f590)
09-07 04:46:54.089  2037  5599 D EGL_emulation: eglMakeCurrent: 0xa7a623a0: ver 2 0 (tinfo 0xba668ca0)
09-07 04:46:54.096  2037  5231 W InputReader: Device has associated, but no associated display id.
09-07 04:46:54.098  2037  5231 I chatty  : uid=1000(system) Binder:2037_19 identical 28 lines
09-07 04:46:54.098  2037  5231 W InputReader: Device has associated, but no associated display id.
09-07 04:46:54.100  2182  2182 W View    : requestLayout() improperly called by com.android.keyguard.AlphaOptimizedLinearLayout{551c6d8 V.E...... ......ID 7,0-48,61 #7f0a041c app:id/wifi_group} during second layout pass: posting in next frame
09-07 04:46:54.105 29126 29168 E TestRunner: failed: shouldOpenPrivacyPolicyDetailsPage(ru.iteco.fmhandroid.ui.AboutPageTest)
09-07 04:46:54.106 29126 29168 E TestRunner: ----- begin exception -----
09-07 04:46:54.106  1823  1823 W SurfaceFlinger: couldn't log to binary event log: overflow.
09-07 04:46:54.107 29126 29168 E TestRunner: androidx.test.espresso.NoActivityResumedException: No activities in stage RESUMED. Did you forget to launch the activity. (test.getActivity() or similar)?
09-07 04:46:54.107 29126 29168 E TestRunner: 	at dalvik.system.VMStack.getThreadStackTrace(Native Method)
09-07 04:46:54.107 29126 29168 E TestRunner: 	at java.lang.Thread.getStackTrace(Thread.java:1720)
09-07 04:46:54.107 29126 29168 E TestRunner: 	at androidx.test.espresso.base.EspressoExceptionHandler.handleSafely(EspressoExceptionHandler.java:2)
09-07 04:46:54.107 29126 29168 E TestRunner: 	at androidx.test.espresso.base.EspressoExceptionHandler.handleSafely(EspressoExceptionHandler.java:1)
09-07 04:46:54.107 29126 29168 E TestRunner: 	at androidx.test.espresso.base.DefaultFailureHandler$TypedFailureHandler.handle(DefaultFailureHandler.java:4)
09-07 04:46:54.107 29126 29168 E TestRunner: 	at androidx.test.espresso.base.DefaultFailureHandler.handle(DefaultFailureHandler.java:5)
09-07 04:46:54.107 29126 29168 E TestRunner: 	at androidx.test.espresso.ViewInteraction.waitForAndHandleInteractionResults(ViewInteraction.java:8)
09-07 04:46:54.107 29126 29168 E TestRunner: 	at androidx.test.espresso.ViewInteraction.desugaredPerform(ViewInteraction.java:11)
09-07 04:46:54.107 29126 29168 E TestRunner: 	at androidx.test.espresso.ViewInteraction.perform(ViewInteraction.java:8)
09-07 04:46:54.107 29126 29168 E TestRunner: 	at ru.iteco.fmhandroid.ui.data.TestUtils.waitView(TestUtils.java:61)
09-07 04:46:54.107 29126 29168 E TestRunner: 	at ru.iteco.fmhandroid.ui.steps.AboutPageSteps.getHeaderPrivacyPolicyPage(AboutPageSteps.java:43)
09-07 04:46:54.107 29126 29168 E TestRunner: 	at ru.iteco.fmhandroid.ui.AboutPageTest.shouldOpenPrivacyPolicyDetailsPage(AboutPageTest.java:69)
09-07 04:46:54.107 29126 29168 E TestRunner: 	at java.lang.reflect.Method.invoke(Native Method)
09-07 04:46:54.107 29126 29168 E TestRunner: 	at org.junit.runners.model.FrameworkMethod$1.runReflectiveCall(FrameworkMethod.java:59)
09-07 04:46:54.107 29126 29168 E TestRunner: 	at org.junit.internal.runners.model.ReflectiveCallable.run(ReflectiveCallable.java:12)
09-07 04:46:54.107 29126 29168 E TestRunner: 	at org.junit.runners.model.FrameworkMethod.invokeExplosively(FrameworkMethod.java:56)
09-07 04:46:54.107 29126 29168 E TestRunner: 	at org.junit.internal.runners.statements.InvokeMethod.evaluate(InvokeMethod.java:17)
09-07 04:46:54.107 29126 29168 E TestRunner: 	at androidx.test.internal.runner.junit4.statement.RunBefores.evaluate(RunBefores.java:80)
09-07 04:46:54.107 29126 29168 E TestRunner: 	at io.qameta.allure.android.rules.ScreenshotRule$apply$1.evaluate(ScreenshotRule.kt:22)
09-07 04:46:54.107 29126 29168 E TestRunner: 	at org.junit.rules.ExternalResource$1.evaluate(ExternalResource.java:54)
09-07 04:46:54.107 29126 29168 E TestRunner: 	at io.qameta.allure.android.rules.LogcatRule$apply$1.evaluate(LogcatRule.kt:23)
09-07 04:46:54.107 29126 29168 E TestRunner: 	at org.junit.rules.RunRules.evaluate(RunRules.java:20)
09-07 04:46:54.107 29126 29168 E TestRunner: 	at org.junit.runners.ParentRunner$3.evaluate(ParentRunner.java:306)
09-07 04:46:54.107 29126 29168 E TestRunner: 	at org.junit.runners.BlockJUnit4ClassRunner$1.evaluate(BlockJUnit4ClassRunner.java:100)
09-07 04:46:54.107 29126 29168 E TestRunner: 	at org.junit.runners.ParentRunner.runLeaf(ParentRunner.java:366)
09-07 04:46:54.107 29126 29168 E TestRunner: 	at org.junit.runners.BlockJUnit4ClassRunner.runChild(BlockJUnit4ClassRunner.java:103)
09-07 04:46:54.107 29126 29168 E TestRunner: 	at org.junit.runners.BlockJUnit4ClassRunner.runChild(BlockJUnit4ClassRunner.java:63)
09-07 04:46:54.107 29126 29168 E TestRunner: 	at org.junit.runners.ParentRunner$4.run(ParentRunner.java:331)
09-07 04:46:54.107 29126 29168 E TestRunner: 	at org.junit.runners.ParentRunner$1.schedule(ParentRunner.java:79)
09-07 04:46:54.107 29126 29168 E TestRunner: 	at org.junit.runners.ParentRunner.runChildren(ParentRunner.java:329)
09-07 04:46:54.107 29126 29168 E TestRunner: 	at org.junit.runners.ParentRunner.access$100(ParentRunner.java:66)
09-07 04:46:54.107 29126 29168 E TestRunner: 	at org.junit.runners.ParentRunner$2.evaluate(ParentRunner.java:293)
09-07 04:46:54.107 29126 29168 E TestRunner: 	at org.junit.runners.ParentRunner$3.evaluate(ParentRunner.java:306)
09-07 04:46:54.107 29126 29168 E TestRunner: 	at org.junit.runners.ParentRunner.run(ParentRunner.java:413)
09-07 04:46:54.107 29126 29168 E TestRunner: 	at androidx.test.ext.junit.runners.AndroidJUnit4.run(AndroidJUnit4.java:162)
09-07 04:46:54.107 29126 29168 E TestRunner: 	at io.qameta.allure.android.runners.AllureAndroidJUnit4.run(AllureAndroidJUnitRunners.kt:29)
09-07 04:46:54.107 29126 29168 E TestRunner: 	at org.junit.runners.Suite.runChild(Suite.java:128)
09-07 04:46:54.107 29126 29168 E TestRunner: 	at org.junit.runners.Suite.runChild(Suite.java:27)
09-07 04:46:54.107 29126 29168 E TestRunner: 	at org.junit.runners.ParentRunner$4.run(ParentRunner.java:331)
09-07 04:46:54.107 29126 29168 E TestRunner: 	at org.junit.runners.ParentRunner$1.schedule(ParentRunner.java:79)
09-07 04:46:54.107 29126 29168 E TestRunner: 	at org.junit.runners.ParentRunner.runChildren(ParentRunner.java:329)
09-07 04:46:54.107 29126 29168 E TestRunner: 	at org.junit.runners.ParentRunner.access$100(ParentRunner.java:66)
09-07 04:46:54.107 29126 29168 E TestRunner: 	at org.junit.runners.ParentRunner$2.evaluate(ParentRunner.java:293)
09-07 04:46:54.107 29126 29168 E TestRunner: 	at org.junit.runners.ParentRunner$3.evaluate(ParentRunner.java:306)
09-07 04:46:54.107 29126 29168 E TestRunner: 	at org.junit.runners.ParentRunner.run(ParentRunner.java:413)
09-07 04:46:54.107 29126 29168 E TestRunner: 	at org.junit.runner.JUnitCore.run(JUnitCore.java:137)
09-07 04:46:54.107 29126 29168 E TestRunner: 	at org.junit.runner.JUnitCore.run(JUnitCore.java:115)
09-07 04:46:54.107 29126 29168 E TestRunner: 	at androidx.test.internal.runner.TestExecutor.execute(TestExecutor.java:67)
09-07 04:46:54.107 29126 29168 E TestRunner: 	at androidx.test.internal.runner.TestExecutor.execute(TestExecutor.java:58)
09-07 04:46:54.107 29126 29168 E TestRunner: 	at androidx.test.runner.AndroidJUnitRunner.onStart(AndroidJUnitRunner.java:438)
09-07 04:46:54.107 29126 29168 E TestRunner: 	at android.app.Instrumentation$InstrumentationThread.run(Instrumentation.java:2189)
09-07 04:46:54.107 29126 29168 E TestRunner: ----- end exception -----
09-07 04:46:54.110  2037  6130 W InputReader: Device has associated, but no associated display id.
09-07 04:46:54.111  2037  6130 I chatty  : uid=1000(system) Binder:2037_1A identical 18 lines
09-07 04:46:54.111  2037  6130 W InputReader: Device has associated, but no associated display id.
09-07 04:46:54.114  1793  2554 D gralloc_ranchu: gralloc_alloc: Creating ashmem region of size 6307840
09-07 04:46:54.115 29126 29168 I TestRunner: finished: shouldOpenPrivacyPolicyDetailsPage(ru.iteco.fmhandroid.ui.AboutPageTest)
09-07 04:46:54.116  2182  2182 W View    : requestLayout() improperly called by StatusBarIconView(slot=mobile icon=null notification=null) during layout: running second layout pass
09-07 04:46:54.120  2182  2468 D EGL_emulation: eglMakeCurrent: 0xda21a360: ver 2 0 (tinfo 0xda20f590)
09-07 04:46:54.127  2037  5599 D eglCodecCommon: setVertexArrayObject: set vao to 0 (0) 1 0
09-07 04:46:54.133  1793  2554 D gralloc_ranchu: gralloc_alloc: Creating ashmem region of size 9850880
09-07 04:46:54.141 29182 29216 D EGL_emulation: eglMakeCurrent: 0xda21a3c0: ver 2 0 (tinfo 0xda20f660)
09-07 04:46:54.153  1793  2554 D gralloc_ranchu: gralloc_alloc: Creating ashmem region of size 9850880
09-07 04:46:54.157  1793 14098 D gralloc_ranchu: gralloc_alloc: Creating ashmem region of size 9850880
09-07 04:46:54.159 29289 29310 D EGL_emulation: eglMakeCurrent: 0xda21a1e0: ver 2 0 (tinfo 0xda20f710)
09-07 04:46:54.181  2037  4090 D ConnectivityService: requestNetwork for uid/pid:10113/29289 NetworkRequest [ TRACK_DEFAULT id=113, [ Capabilities: INTERNET&NOT_RESTRICTED&TRUSTED Uid: 10113] ]
09-07 04:46:54.181  2037  2143 D WifiNetworkFactory: got request NetworkRequest [ TRACK_DEFAULT id=113, [ Capabilities: INTERNET&NOT_RESTRICTED&TRUSTED Uid: 10113] ] with score 60 and serial -1
09-07 04:46:54.182  2037  2143 D UntrustedWifiNetworkFactory: got request NetworkRequest [ TRACK_DEFAULT id=113, [ Capabilities: INTERNET&NOT_RESTRICTED&TRUSTED Uid: 10113] ] with score 60 and serial -1
09-07 04:46:54.183  2182  2468 D EGL_emulation: eglMakeCurrent: 0xda21a360: ver 2 0 (tinfo 0xda20f590)
09-07 04:46:54.185  2279  2279 D PhoneSwitcherNetworkRequstListener: got request NetworkRequest [ TRACK_DEFAULT id=113, [ Capabilities: INTERNET&NOT_RESTRICTED&TRUSTED Uid: 10113] ] with score 60 and serial -1
09-07 04:46:54.191  2182  2182 W View    : requestLayout() improperly called by com.android.keyguard.AlphaOptimizedLinearLayout{551c6d8 V.E...... ......ID 7,0-48,61 #7f0a041c app:id/wifi_group} during second layout pass: posting in next frame
09-07 04:46:54.212  2182  2182 W View    : requestLayout() improperly called by StatusBarIconView(slot=mobile icon=null notification=null) during layout: running second layout pass
09-07 04:46:54.224  2182  2468 D EGL_emulation: eglMakeCurrent: 0xda21a360: ver 2 0 (tinfo 0xda20f590)
09-07 04:46:54.241 29126 29168 I TestRunner: started: shouldOpenTermsOfUseDetailsPage(ru.iteco.fmhandroid.ui.AboutPageTest)
09-07 04:46:54.257 29126 29168 W Settings: Setting always_finish_activities has moved from android.provider.Settings.System to android.provider.Settings.Global, returning read-only value.
09-07 04:46:54.261  2037  5231 I ActivityTaskManager: START u0 {act=android.intent.action.MAIN cat=[android.intent.category.LAUNCHER] flg=0x10008000 cmp=ru.iteco.fmhandroid.test/androidx.test.core.app.InstrumentationActivityInvoker$BootstrapActivity (has extras)} from uid 10136
09-07 04:46:54.268  2037  2146 D ConnectivityService: releasing NetworkRequest [ TRACK_DEFAULT id=113, [ Capabilities: INTERNET&NOT_RESTRICTED&TRUSTED Uid: 10113] ] (release request)
09-07 04:46:54.269  2037  4090 W InputReader: Device has associated, but no associated display id.
09-07 04:46:54.271  2037  4090 I chatty  : uid=1000(system) Binder:2037_E identical 48 lines
09-07 04:46:54.271  2037  4090 W InputReader: Device has associated, but no associated display id.
09-07 04:46:54.272 29182 29182 W ActivityThread: handleWindowVisibility: no activity for token android.os.BinderProxy@7c6ac8b
09-07 04:46:54.274  2037  2061 E system_server: Invalid ID 0x00000000.
09-07 04:46:54.285  2037  5231 I ActivityTaskManager: START u0 {act=android.intent.action.MAIN cat=[android.intent.category.LAUNCHER] cmp=ru.iteco.fmhandroid/.ui.AppActivity} from uid 10136
09-07 04:46:54.289  1792  2272 E GnssHAL_GnssInterface: gnssSvStatusCb: a: input svInfo.flags is 8
09-07 04:46:54.290  1792  2272 E GnssHAL_GnssInterface: gnssSvStatusCb: b: input svInfo.flags is 8
09-07 04:46:54.291  2037  5231 W InputReader: Device has associated, but no associated display id.
09-07 04:46:54.293  2037  5231 I chatty  : uid=1000(system) Binder:2037_19 identical 48 lines
09-07 04:46:54.293  2037  5231 W InputReader: Device has associated, but no associated display id.
09-07 04:46:54.294 29126 29126 W ActivityThread: handleWindowVisibility: no activity for token android.os.BinderProxy@bb7130e
09-07 04:46:54.305  1793 14098 D gralloc_ranchu: gralloc_alloc: Creating ashmem region of size 9850880
09-07 04:46:54.312 29126 29126 D LifecycleMonitor: Lifecycle status change: ru.iteco.fmhandroid.ui.AppActivity@655521a in: PRE_ON_CREATE
09-07 04:46:54.313 29126 29126 V ActivityScenario: Activity lifecycle changed event received but ignored because the reported transition was not ON_CREATE while the last known transition was PRE_ON_CREATE
09-07 04:46:54.334 29126 29160 V FA      : onActivityCreated
09-07 04:46:54.348 29126 29126 D LifecycleMonitor: Lifecycle status change: ru.iteco.fmhandroid.ui.AppActivity@655521a in: CREATED
09-07 04:46:54.349 29126 29126 V ActivityScenario: Update currentActivityStage to CREATED, currentActivity=ru.iteco.fmhandroid.ui.AppActivity@655521a
09-07 04:46:54.365  2037  2061 W InputReader: Device has associated, but no associated display id.
09-07 04:46:54.366  2037  2061 I chatty  : uid=1000(system) android.anim identical 18 lines
09-07 04:46:54.366  2037  2061 W InputReader: Device has associated, but no associated display id.
09-07 04:46:54.366  1793 14098 D gralloc_ranchu: gralloc_alloc: Creating ashmem region of size 6307840
09-07 04:46:54.379 29289 29310 D EGL_emulation: eglMakeCurrent: 0xda21a1e0: ver 2 0 (tinfo 0xda20f710)
09-07 04:46:54.393 29126 29126 D LifecycleMonitor: Lifecycle status change: ru.iteco.fmhandroid.ui.AppActivity@655521a in: STARTED
09-07 04:46:54.393 29126 29126 V ActivityScenario: Update currentActivityStage to STARTED, currentActivity=ru.iteco.fmhandroid.ui.AppActivity@655521a
09-07 04:46:54.395 29126 29126 D LifecycleMonitor: Lifecycle status change: ru.iteco.fmhandroid.ui.AppActivity@655521a in: RESUMED
09-07 04:46:54.395 29126 29126 V ActivityScenario: Update currentActivityStage to RESUMED, currentActivity=ru.iteco.fmhandroid.ui.AppActivity@655521a
09-07 04:46:54.416  2182  2468 D EGL_emulation: eglMakeCurrent: 0xda21a360: ver 2 0 (tinfo 0xda20f590)
09-07 04:46:54.417  2182  2182 W View    : requestLayout() improperly called by com.android.keyguard.AlphaOptimizedLinearLayout{551c6d8 V.E...... ......ID 7,0-48,61 #7f0a041c app:id/wifi_group} during second layout pass: posting in next frame
09-07 04:46:54.423 29126 29515 V FA      : Activity resumed, time: 4938288
09-07 04:46:54.423  2182  2182 W View    : requestLayout() improperly called by StatusBarIconView(slot=mobile icon=null notification=null) during layout: running second layout pass
09-07 04:46:54.426  2182  2468 D EGL_emulation: eglMakeCurrent: 0xda21a360: ver 2 0 (tinfo 0xda20f590)
09-07 04:46:54.459  1793 14098 D gralloc_ranchu: gralloc_alloc: Creating ashmem region of size 9113600
09-07 04:46:54.471  1793 14098 D gralloc_ranchu: gralloc_alloc: Creating ashmem region of size 9113600
09-07 04:46:54.474  1793  2554 D gralloc_ranchu: gralloc_alloc: Creating ashmem region of size 9113600
09-07 04:46:54.477 29126 29219 D EGL_emulation: eglMakeCurrent: 0xe2258280: ver 2 0 (tinfo 0xe233aed0)
09-07 04:46:54.519 29126 29139 I teco.fmhandroi: NativeAlloc concurrent copying GC freed 122013(7294KB) AllocSpace objects, 8(1044KB) LOS objects, 49% free, 5633KB/11MB, paused 1.312ms total 135.910ms
09-07 04:46:54.534  2037  2065 I ActivityTaskManager: Displayed ru.iteco.fmhandroid/.ui.AppActivity: +263ms
09-07 04:46:54.545  2182  2182 W View    : requestLayout() improperly called by com.android.keyguard.AlphaOptimizedLinearLayout{551c6d8 V.E...... ......ID 7,0-48,61 #7f0a041c app:id/wifi_group} during second layout pass: posting in next frame
09-07 04:46:54.550  2182  2182 W View    : requestLayout() improperly called by StatusBarIconView(slot=mobile icon=null notification=null) during layout: running second layout pass
09-07 04:46:54.556 29126 29515 V FA      : Connecting to remote service
09-07 04:46:54.563 29126 29126 I ViewInteraction: Performing 'wait for a specific view with <an instance of android.widget.TextView and view.getText() with or without transformation to match: is "News"> during 10000 millis.' action on view view.getRootView() to equal view
09-07 04:46:54.563  7867  7867 D BoundBrokerSvc: onBind: Intent { act=com.google.android.gms.measurement.START pkg=com.google.android.gms }
09-07 04:46:54.563  7867  7867 D BoundBrokerSvc: Loading bound service for intent: Intent { act=com.google.android.gms.measurement.START pkg=com.google.android.gms }
09-07 04:46:54.570 29126 29515 V FA      : Connection attempt already in progress
09-07 04:46:54.580 29126 29515 D FA      : Connected to remote service
09-07 04:46:54.583 29126 29515 V FA      : Processing queued up service tasks: 2
09-07 04:46:54.588  2182  2182 W View    : requestLayout() improperly called by com.android.keyguard.AlphaOptimizedLinearLayout{551c6d8 V.E...... ......ID 7,0-48,61 #7f0a041c app:id/wifi_group} during second layout pass: posting in next frame
09-07 04:46:54.590  2182  2182 W View    : requestLayout() improperly called by StatusBarIconView(slot=mobile icon=null notification=null) during layout: running second layout pass
09-07 04:46:54.608  7867 29518 V FA-SVC  : Logging event: origin=auto,name=screen_view(_vs),params=Bundle[{ga_event_origin(_o)=auto, ga_previous_class(_pc)=AppActivity, ga_previous_id(_pi)=-4651013091003756150, ga_screen_class(_sc)=AppActivity, ga_screen_id(_si)=-4651013091003756149}]
09-07 04:46:54.614  2182  2182 W View    : requestLayout() improperly called by com.android.keyguard.AlphaOptimizedLinearLayout{551c6d8 V.E...... ......ID 7,0-48,61 #7f0a041c app:id/wifi_group} during second layout pass: posting in next frame
09-07 04:46:54.627  7867 29518 V FA-SVC  : Upload scheduled in approximately ms: 2424672
09-07 04:46:54.627  7867 29518 V FA-SVC  : Unscheduling upload
09-07 04:46:54.630  2182  2182 W View    : requestLayout() improperly called by StatusBarIconView(slot=mobile icon=null notification=null) during layout: running second layout pass
09-07 04:46:54.630  7867 29518 V FA-SVC  : Scheduling upload, millis: 2424672
09-07 04:46:54.632  7867 29518 V FA-SVC  : Background event processing time, ms: 24
09-07 04:46:54.655  2182  2182 W View    : requestLayout() improperly called by com.android.keyguard.AlphaOptimizedLinearLayout{551c6d8 V.E...... ......ID 7,0-48,61 #7f0a041c app:id/wifi_group} during second layout pass: posting in next frame
09-07 04:46:54.672  2182  2182 W View    : requestLayout() improperly called by StatusBarIconView(slot=mobile icon=null notification=null) during layout: running second layout pass
09-07 04:46:54.698  2182  2182 W View    : requestLayout() improperly called by com.android.keyguard.AlphaOptimizedLinearLayout{551c6d8 V.E...... ......ID 7,0-48,61 #7f0a041c app:id/wifi_group} during second layout pass: posting in next frame
09-07 04:46:54.714  2182  2182 W View    : requestLayout() improperly called by StatusBarIconView(slot=mobile icon=null notification=null) during layout: running second layout pass
09-07 04:46:54.742  2182  2182 W View    : requestLayout() improperly called by com.android.keyguard.AlphaOptimizedLinearLayout{551c6d8 V.E...... ......ID 7,0-48,61 #7f0a041c app:id/wifi_group} during second layout pass: posting in next frame
09-07 04:46:54.744  2037  5599 D HostConnection: HostConnection::get() New Host Connection established 0xda23f020, tid 5599
09-07 04:46:54.745  2037  5599 D HostConnection: HostComposition ext ANDROID_EMU_CHECKSUM_HELPER_v1 ANDROID_EMU_dma_v1 ANDROID_EMU_direct_mem ANDROID_EMU_vulkan ANDROID_EMU_deferred_vulkan_commands ANDROID_EMU_vulkan_null_optional_strings ANDROID_EMU_vulkan_create_resources_with_requirements ANDROID_EMU_YUV420_888_to_NV21 ANDROID_EMU_YUV_Cache ANDROID_EMU_vulkan_free_memory_sync ANDROID_EMU_vulkan_shader_float16_int8 ANDROID_EMU_vulkan_async_queue_submit ANDROID_EMU_sync_buffer_data GL_OES_vertex_array_object GL_KHR_texture_compression_astc_ldr ANDROID_EMU_host_side_tracing ANDROID_EMU_gles_max_version_2 
09-07 04:46:54.746  2037  5599 W OpenGLRenderer: Failed to choose config with EGL_SWAP_BEHAVIOR_PRESERVED, retrying without...
09-07 04:46:54.758  2182  2182 W View    : requestLayout() improperly called by StatusBarIconView(slot=mobile icon=null notification=null) during layout: running second layout pass
09-07 04:46:54.761  2037  5599 D eglCodecCommon: setVertexArrayObject: set vao to 0 (0) 0 0
09-07 04:46:54.761  2037  5599 D EGL_emulation: eglCreateContext: 0xba761460: maj 2 min 0 rcv 2
09-07 04:46:54.782  2037  5599 D EGL_emulation: eglMakeCurrent: 0xba761460: ver 2 0 (tinfo 0xba668ca0)
09-07 04:46:54.798  2037  5599 D eglCodecCommon: setVertexArrayObject: set vao to 0 (0) 1 0
09-07 04:46:55.291  1792  2272 E GnssHAL_GnssInterface: gnssSvStatusCb: a: input svInfo.flags is 8
09-07 04:46:55.291  1792  2272 E GnssHAL_GnssInterface: gnssSvStatusCb: b: input svInfo.flags is 8
09-07 04:46:56.291  1792  2272 E GnssHAL_GnssInterface: gnssSvStatusCb: a: input svInfo.flags is 8
09-07 04:46:56.291  1792  2272 E GnssHAL_GnssInterface: gnssSvStatusCb: b: input svInfo.flags is 8
09-07 04:46:57.292  1792  2272 E GnssHAL_GnssInterface: gnssSvStatusCb: a: input svInfo.flags is 8
09-07 04:46:57.292  1792  2272 E GnssHAL_GnssInterface: gnssSvStatusCb: b: input svInfo.flags is 8
09-07 04:46:57.399 29126 29239 I okhttp.OkHttpClient: --> GET http://www.981757-ca08998.tmweb.ru:8080/fmh/authentication/userInfo
09-07 04:46:57.400 29126 29239 I okhttp.OkHttpClient: --> END GET
09-07 04:46:57.975  8425 27855 I AlarmManager: setExactAndAllowWhileIdle [name: GCM_HB_ALARM type: 2 triggerAtMillis: 5001868]
09-07 04:46:57.977  8425 27855 E WakeLock: GCM_HB_ALARM release without a matched acquire!
09-07 04:46:58.150  8425 28467 I AlarmManager: setExactAndAllowWhileIdle [name: GCM_HB_ALARM type: 2 triggerAtMillis: 5292043]
09-07 04:46:58.155 29126 29239 I okhttp.OkHttpClient: <-- 200 http://www.981757-ca08998.tmweb.ru:8080/fmh/authentication/userInfo (754ms)
09-07 04:46:58.155 29126 29239 I okhttp.OkHttpClient: Vary: Origin
09-07 04:46:58.156 29126 29239 I okhttp.OkHttpClient: Vary: Access-Control-Request-Method
09-07 04:46:58.156 29126 29239 I okhttp.OkHttpClient: Vary: Access-Control-Request-Headers
09-07 04:46:58.156 29126 29239 I okhttp.OkHttpClient: X-Content-Type-Options: nosniff
09-07 04:46:58.156 29126 29239 I okhttp.OkHttpClient: X-XSS-Protection: 1; mode=block
09-07 04:46:58.156 29126 29239 I okhttp.OkHttpClient: Cache-Control: no-cache, no-store, max-age=0, must-revalidate
09-07 04:46:58.156 29126 29239 I okhttp.OkHttpClient: Pragma: no-cache
09-07 04:46:58.156 29126 29239 I okhttp.OkHttpClient: Expires: 0
09-07 04:46:58.156 29126 29239 I okhttp.OkHttpClient: X-Frame-Options: DENY
09-07 04:46:58.156 29126 29239 I okhttp.OkHttpClient: Content-Type: application/json
09-07 04:46:58.156 29126 29239 I okhttp.OkHttpClient: Transfer-Encoding: chunked
09-07 04:46:58.156 29126 29239 I okhttp.OkHttpClient: Date: Thu, 07 Sep 2023 04:46:59 GMT
09-07 04:46:58.156 29126 29239 I okhttp.OkHttpClient: Keep-Alive: timeout=60
09-07 04:46:58.156 29126 29239 I okhttp.OkHttpClient: Connection: keep-alive
09-07 04:46:58.157 29126 29239 I okhttp.OkHttpClient: {"id":1,"firstName":"Ivan","lastName":"Ivanov","middleName":"Ivanovich","admin":true}
09-07 04:46:58.157 29126 29239 I okhttp.OkHttpClient: <-- END HTTP (85-byte body)
09-07 04:46:58.164 29126 29249 I okhttp.OkHttpClient: --> GET http://www.981757-ca08998.tmweb.ru:8080/fmh/claims
09-07 04:46:58.164 29126 29249 I okhttp.OkHttpClient: --> END GET
09-07 04:46:58.167  1774 29528 E ResolverController: No valid NAT64 prefix (101, <unspecified>/0)
09-07 04:46:58.290  1792  2272 E GnssHAL_GnssInterface: gnssSvStatusCb: a: input svInfo.flags is 8
09-07 04:46:58.290  1792  2272 E GnssHAL_GnssInterface: gnssSvStatusCb: b: input svInfo.flags is 8
09-07 04:46:58.423  2182  2182 W View    : requestLayout() improperly called by com.android.keyguard.AlphaOptimizedLinearLayout{551c6d8 V.E...... ......ID 7,0-48,61 #7f0a041c app:id/wifi_group} during second layout pass: posting in next frame
09-07 04:46:58.431 29126 29219 D EGL_emulation: eglMakeCurrent: 0xe2258280: ver 2 0 (tinfo 0xe233aed0)
09-07 04:46:58.435  1793 14098 D gralloc_ranchu: gralloc_alloc: Creating ashmem region of size 9850880
09-07 04:46:58.438  2182  2182 W View    : requestLayout() improperly called by StatusBarIconView(slot=mobile icon=null notification=null) during layout: running second layout pass
09-07 04:46:58.447 29126 29219 D EGL_emulation: eglMakeCurrent: 0xe2258280: ver 2 0 (tinfo 0xe233aed0)
09-07 04:46:58.646  1793 14098 D gralloc_ranchu: gralloc_alloc: Creating ashmem region of size 9850880
09-07 04:46:58.669  1793 14098 D gralloc_ranchu: gralloc_alloc: Creating ashmem region of size 9850880
09-07 04:46:58.795 29126 29126 I ViewInteraction: Checking 'MatchesViewAssertion{viewMatcher=(view has effective visibility <VISIBLE> and view.getGlobalVisibleRect() to return non-empty rectangle)}' assertion on view an instance of android.widget.TextView and view.getText() with or without transformation to match: is "News"
09-07 04:46:58.797 29126 29126 I ViewInteraction: Performing 'wait for a specific view with <view.getId() is <2131230951>> during 10000 millis.' action on view view.getRootView() to equal view
09-07 04:46:58.798 29126 29168 W teco.fmhandroi: Accessing hidden method Lsun/misc/Unsafe;->compareAndSwapObject(Ljava/lang/Object;JLjava/lang/Object;Ljava/lang/Object;)Z (greylist, linking, allowed)
09-07 04:46:58.809 29126 29126 I ViewInteraction: Checking 'MatchesViewAssertion{viewMatcher=(view has effective visibility <VISIBLE> and view.getGlobalVisibleRect() to return non-empty rectangle)}' assertion on view view.getId() is <2131230951/ru.iteco.fmhandroid:id/container_list_news_include_on_fragment_main>
09-07 04:46:58.810 29126 29168 W teco.fmhandroi: Accessing hidden method Lsun/misc/Unsafe;->compareAndSwapObject(Ljava/lang/Object;JLjava/lang/Object;Ljava/lang/Object;)Z (greylist, linking, allowed)
09-07 04:46:58.813 29126 29126 I ViewInteraction: Performing 'wait for a specific view with <view.getId() is <2131230949>> during 10000 millis.' action on view view.getRootView() to equal view
09-07 04:46:58.815 29126 29168 W teco.fmhandroi: Accessing hidden method Lsun/misc/Unsafe;->compareAndSwapObject(Ljava/lang/Object;JLjava/lang/Object;Ljava/lang/Object;)Z (greylist, linking, allowed)
