--------- beginning of main
09-07 05:27:16.002  2845  3607 I okhttp.OkHttpClient: <-- HTTP FAILED: java.net.SocketTimeoutException: timeout
09-07 05:27:16.007  2845  2845 W System.err: ru.iteco.fmhandroid.exceptions.ServerException
09-07 05:27:16.007  2845  2845 W System.err: 	at ru.iteco.fmhandroid.utils.Utils.makeRequest(Utils.kt:119)
09-07 05:27:16.007  2845  2845 W System.err: 	at ru.iteco.fmhandroid.utils.Utils$makeRequest$1.invokeSuspend(Unknown Source:15)
09-07 05:27:16.007  2845  2845 W System.err: 	at kotlin.coroutines.jvm.internal.BaseContinuationImpl.resumeWith(ContinuationImpl.kt:33)
09-07 05:27:16.007  2845  2845 W System.err: 	at kotlinx.coroutines.DispatchedTask.run(DispatchedTask.kt:104)
09-07 05:27:16.007  2845  2845 W System.err: 	at android.os.Handler.handleCallback(Handler.java:883)
09-07 05:27:16.007  2845  2845 W System.err: 	at android.os.Handler.dispatchMessage(Handler.java:100)
09-07 05:27:16.007  2845  2845 W System.err: 	at androidx.test.espresso.base.Interrogator.loopAndInterrogate(Interrogator.java:14)
09-07 05:27:16.007  2845  2845 W System.err: 	at androidx.test.espresso.base.UiControllerImpl.loopUntil(UiControllerImpl.java:8)
09-07 05:27:16.007  2845  2845 W System.err: 	at androidx.test.espresso.base.UiControllerImpl.loopUntil(UiControllerImpl.java:1)
09-07 05:27:16.008  2845  2845 W System.err: 	at androidx.test.espresso.base.UiControllerImpl.loopMainThreadForAtLeast(UiControllerImpl.java:7)
09-07 05:27:16.008  2845  2845 W System.err: 	at androidx.test.espresso.action.GeneralClickAction.perform(GeneralClickAction.java:18)
09-07 05:27:16.008  2845  2845 W System.err: 	at androidx.test.espresso.ViewInteraction$SingleExecutionViewAction.perform(ViewInteraction.java:2)
09-07 05:27:16.008  2845  2845 W System.err: 	at androidx.test.espresso.ViewInteraction.doPerform(ViewInteraction.java:25)
09-07 05:27:16.008  2845  2845 W System.err: 	at androidx.test.espresso.ViewInteraction.-$$Nest$mdoPerform(Unknown Source:0)
09-07 05:27:16.008  2845  2845 W System.err: 	at androidx.test.espresso.ViewInteraction$1.call(ViewInteraction.java:7)
09-07 05:27:16.008  2845  2845 W System.err: 	at androidx.test.espresso.ViewInteraction$1.call(ViewInteraction.java:1)
09-07 05:27:16.008  2845  2845 W System.err: 	at java.util.concurrent.FutureTask.run(FutureTask.java:266)
09-07 05:27:16.008  2845  2845 W System.err: 	at android.os.Handler.handleCallback(Handler.java:883)
09-07 05:27:16.008  2845  2845 W System.err: 	at android.os.Handler.dispatchMessage(Handler.java:100)
09-07 05:27:16.008  2845  2845 W System.err: 	at android.os.Looper.loop(Looper.java:214)
09-07 05:27:16.008  2845  2845 W System.err: 	at android.app.ActivityThread.main(ActivityThread.java:7356)
09-07 05:27:16.008  2845  2845 W System.err: 	at java.lang.reflect.Method.invoke(Native Method)
09-07 05:27:16.008  2845  2845 W System.err: 	at com.android.internal.os.RuntimeInit$MethodAndArgsCaller.run(RuntimeInit.java:492)
09-07 05:27:16.008  2845  2845 W System.err: 	at com.android.internal.os.ZygoteInit.main(ZygoteInit.java:930)
09-07 05:27:16.443  2845  3035 I okhttp.OkHttpClient: <-- 200 http://www.981757-ca08998.tmweb.ru:8080/fmh/authentication/login (2734ms)
09-07 05:27:16.443  2845  3035 I okhttp.OkHttpClient: Vary: Origin
09-07 05:27:16.443  2845  3035 I okhttp.OkHttpClient: Vary: Access-Control-Request-Method
09-07 05:27:16.443  2845  3035 I okhttp.OkHttpClient: Vary: Access-Control-Request-Headers
09-07 05:27:16.443  2845  3035 I okhttp.OkHttpClient: X-Content-Type-Options: nosniff
09-07 05:27:16.443  2845  3035 I okhttp.OkHttpClient: X-XSS-Protection: 1; mode=block
09-07 05:27:16.443  2845  3035 I okhttp.OkHttpClient: Cache-Control: no-cache, no-store, max-age=0, must-revalidate
09-07 05:27:16.443  2845  3035 I okhttp.OkHttpClient: Pragma: no-cache
09-07 05:27:16.444  2845  3035 I okhttp.OkHttpClient: Expires: 0
09-07 05:27:16.444  2845  3035 I okhttp.OkHttpClient: X-Frame-Options: DENY
09-07 05:27:16.444  2845  3035 I okhttp.OkHttpClient: Content-Type: application/json
09-07 05:27:16.444  2845  3035 I okhttp.OkHttpClient: Transfer-Encoding: chunked
09-07 05:27:16.444  2845  3035 I okhttp.OkHttpClient: Date: Thu, 07 Sep 2023 05:27:17 GMT
09-07 05:27:16.444  2845  3035 I okhttp.OkHttpClient: Keep-Alive: timeout=60
09-07 05:27:16.444  2845  3035 I okhttp.OkHttpClient: Connection: keep-alive
09-07 05:27:16.444  2845  3035 I okhttp.OkHttpClient: {"accessToken":"eyJhbGciOiJIUzUxMiJ9.eyJzdWIiOiJsb2dpbjIiLCJqdGkiOiIxIiwiZXhwIjoxNjk0MTUwODM3fQ.aXEjGjwDk6aviS4IdIiCsEVoUMf576pZNKca0hozINhVtGkutMuEi712p_eblMP8k4MN3hW6utuhAUsG5nfNPw","refreshToken":"eyJhbGciOiJIUzUxMiJ9.eyJzdWIiOiJsb2dpbjIiLCJqdGkiOiIxIiwiZXhwIjoxNjk2NjU2NDM3fQ.6A9xcjf1UQSaGmrzT0dSoRbxres0-DUf1oTmPDEVKnc-KTqZQDUp0NZUYpcexobJNvBOCNsFppz2K_ALQsAyLw"}
09-07 05:27:16.445  2845  3035 I okhttp.OkHttpClient: <-- END HTTP (368-byte body)
09-07 05:27:16.448  2845  2990 I okhttp.OkHttpClient: --> GET http://www.981757-ca08998.tmweb.ru:8080/fmh/authentication/userInfo
09-07 05:27:16.449  2845  2990 I okhttp.OkHttpClient: --> END GET
09-07 05:27:16.589  1792  2272 E GnssHAL_GnssInterface: gnssSvStatusCb: a: input svInfo.flags is 8
09-07 05:27:16.589  1792  2272 E GnssHAL_GnssInterface: gnssSvStatusCb: b: input svInfo.flags is 8
09-07 05:27:16.649  2845  2990 I okhttp.OkHttpClient: <-- 200 http://www.981757-ca08998.tmweb.ru:8080/fmh/authentication/userInfo (199ms)
09-07 05:27:16.649  2845  2990 I okhttp.OkHttpClient: Vary: Origin
09-07 05:27:16.649  2845  2990 I okhttp.OkHttpClient: Vary: Access-Control-Request-Method
09-07 05:27:16.650  2845  2990 I okhttp.OkHttpClient: Vary: Access-Control-Request-Headers
09-07 05:27:16.650  2845  2990 I okhttp.OkHttpClient: X-Content-Type-Options: nosniff
09-07 05:27:16.651  2845  2990 I okhttp.OkHttpClient: X-XSS-Protection: 1; mode=block
09-07 05:27:16.651  2845  2990 I okhttp.OkHttpClient: Cache-Control: no-cache, no-store, max-age=0, must-revalidate
09-07 05:27:16.651  2845  2990 I okhttp.OkHttpClient: Pragma: no-cache
09-07 05:27:16.651  2845  2990 I okhttp.OkHttpClient: Expires: 0
09-07 05:27:16.651  2845  2990 I okhttp.OkHttpClient: X-Frame-Options: DENY
09-07 05:27:16.651  2845  2990 I okhttp.OkHttpClient: Content-Type: application/json
09-07 05:27:16.651  2845  2990 I okhttp.OkHttpClient: Transfer-Encoding: chunked
09-07 05:27:16.651  2845  2990 I okhttp.OkHttpClient: Date: Thu, 07 Sep 2023 05:27:17 GMT
09-07 05:27:16.651  2845  2990 I okhttp.OkHttpClient: Keep-Alive: timeout=60
09-07 05:27:16.651  2845  2990 I okhttp.OkHttpClient: Connection: keep-alive
09-07 05:27:16.651  2845  2990 I okhttp.OkHttpClient: {"id":1,"firstName":"Ivan","lastName":"Ivanov","middleName":"Ivanovich","admin":true}
09-07 05:27:16.651  2845  2990 I okhttp.OkHttpClient: <-- END HTTP (85-byte body)
09-07 05:27:16.655  2845  3607 I okhttp.OkHttpClient: --> GET http://www.981757-ca08998.tmweb.ru:8080/fmh/claims
09-07 05:27:16.655  2845  3607 I okhttp.OkHttpClient: --> END GET
09-07 05:27:16.659  1774  3677 E ResolverController: No valid NAT64 prefix (101, <unspecified>/0)
09-07 05:27:16.719  2845  2845 I ViewInteraction: Checking 'MatchesViewAssertion{viewMatcher=(view has effective visibility <VISIBLE> and view.getGlobalVisibleRect() to return non-empty rectangle)}' assertion on view an instance of android.widget.TextView and view.getText() with or without transformation to match: is "News"
09-07 05:27:16.735  2845  2845 I ViewInteraction: Performing 'wait for a specific view with <view.getId() is <2131230951>> during 10000 millis.' action on view view.getRootView() to equal view
09-07 05:27:16.743  2845  2845 I ViewInteraction: Checking 'MatchesViewAssertion{viewMatcher=(view has effective visibility <VISIBLE> and view.getGlobalVisibleRect() to return non-empty rectangle)}' assertion on view view.getId() is <2131230951/ru.iteco.fmhandroid:id/container_list_news_include_on_fragment_main>
09-07 05:27:16.744  2845  2845 I ViewInteraction: Performing 'wait for a specific view with <view.getId() is <2131230949>> during 10000 millis.' action on view view.getRootView() to equal view
09-07 05:27:16.745  2845  2858 W teco.fmhandroi: Accessing hidden method Lsun/misc/Unsafe;->getObject(Ljava/lang/Object;J)Ljava/lang/Object; (greylist, linking, allowed)
09-07 05:27:16.747  2845  2845 I ViewInteraction: Checking 'MatchesViewAssertion{viewMatcher=(view has effective visibility <VISIBLE> and view.getGlobalVisibleRect() to return non-empty rectangle)}' assertion on view view.getId() is <2131230949/ru.iteco.fmhandroid:id/container_list_claim_include_on_fragment_main>
09-07 05:27:16.749  2845  2845 I ViewInteraction: Performing 'wait for a specific view with <an instance of android.widget.TextView and view.getText() with or without transformation to match: is "Claims"> during 10000 millis.' action on view view.getRootView() to equal view
09-07 05:27:16.751  2845  2845 I ViewInteraction: Checking 'MatchesViewAssertion{viewMatcher=(view has effective visibility <VISIBLE> and view.getGlobalVisibleRect() to return non-empty rectangle)}' assertion on view an instance of android.widget.TextView and view.getText() with or without transformation to match: is "Claims"
09-07 05:27:16.752  2845  2845 I ViewInteraction: Performing 'wait for a specific view with <view.getId() is <2131231123/ru.iteco.fmhandroid:id/main_menu_image_button>> during 10000 millis.' action on view view.getRootView() to equal view
09-07 05:27:16.754  2845  2845 I ViewInteraction: Performing 'single click' action on view view.getId() is <2131231123/ru.iteco.fmhandroid:id/main_menu_image_button>
09-07 05:27:16.833  1781  1781 W audio_hw_generic: Not supplying enough data to HAL, expected position 67907434 , only wrote 67736636
09-07 05:27:16.947  1781  6116 W audio_hw_generic: Not supplying enough data to HAL, expected position 67736655 , only wrote 67736636
09-07 05:27:16.973  1793  2554 D gralloc_ranchu: gralloc_alloc: Creating ashmem region of size 2015232
09-07 05:27:16.982  1793  2554 D gralloc_ranchu: gralloc_alloc: Creating ashmem region of size 2015232
09-07 05:27:16.984  2845  2957 D EGL_emulation: eglMakeCurrent: 0xda21b080: ver 2 0 (tinfo 0xda20fd30)
09-07 05:27:16.984  1793  2554 D gralloc_ranchu: gralloc_alloc: Creating ashmem region of size 2015232
09-07 05:27:17.000  2845  2957 D EGL_emulation: eglMakeCurrent: 0xda21b080: ver 2 0 (tinfo 0xda20fd30)
09-07 05:27:17.049  2845  2957 I chatty  : uid=10136(ru.iteco.fmhandroid) RenderThread identical 2 lines
09-07 05:27:17.071  2845  2957 D EGL_emulation: eglMakeCurrent: 0xda21b080: ver 2 0 (tinfo 0xda20fd30)
09-07 05:27:17.295  2845  2845 I ViewInteraction: Performing 'wait for a specific view with <an instance of android.widget.TextView and view.getText() with or without transformation to match: is "News"> during 10000 millis.' action on view view.getRootView() to equal view
09-07 05:27:17.298  2845  2845 I ViewInteraction: Performing 'single click' action on view an instance of android.widget.TextView and view.getText() with or without transformation to match: is "News"
09-07 05:27:17.426  2845  3542 I okhttp.OkHttpClient: --> GET http://www.981757-ca08998.tmweb.ru:8080/fmh/news
09-07 05:27:17.427  2845  3542 I okhttp.OkHttpClient: --> END GET
09-07 05:27:17.450  2845  2957 D EGL_emulation: eglMakeCurrent: 0xda21b080: ver 2 0 (tinfo 0xda20fd30)
09-07 05:27:17.466  2845  2957 D EGL_emulation: eglMakeCurrent: 0xda21b080: ver 2 0 (tinfo 0xda20fd30)
09-07 05:27:17.589  1792  2272 E GnssHAL_GnssInterface: gnssSvStatusCb: a: input svInfo.flags is 8
09-07 05:27:17.589  1792  2272 E GnssHAL_GnssInterface: gnssSvStatusCb: b: input svInfo.flags is 8
09-07 05:27:17.651  2845  2845 I ViewInteraction: Performing 'wait for a specific view with <view.getId() is <2131231025/ru.iteco.fmhandroid:id/edit_news_material_button>> during 10000 millis.' action on view view.getRootView() to equal view
09-07 05:27:17.653  2845  2845 I ViewInteraction: Performing 'single click' action on view view.getId() is <2131231025/ru.iteco.fmhandroid:id/edit_news_material_button>
09-07 05:27:17.725  2845  3543 I okhttp.OkHttpClient: --> GET http://www.981757-ca08998.tmweb.ru:8080/fmh/news
09-07 05:27:17.726  2845  3543 I okhttp.OkHttpClient: --> END GET
09-07 05:27:18.066  2845  2845 I ViewInteraction: Performing 'wait for a specific view with <view.getId() is <2131231060>> during 10000 millis.' action on view view.getRootView() to equal view
09-07 05:27:18.075  2845  2845 I ViewInteraction: Performing 'single click' action on view view.getId() is <2131231060/ru.iteco.fmhandroid:id/filter_news_material_button>
09-07 05:27:18.457  2845  2845 I ViewInteraction: Performing 'wait for a specific view with <view.getId() is <2131231061>> during 10000 millis.' action on view view.getRootView() to equal view
09-07 05:27:18.464  2845  2845 I ViewInteraction: Checking 'MatchesViewAssertion{viewMatcher=(view has effective visibility <VISIBLE> and view.getGlobalVisibleRect() to return non-empty rectangle)}' assertion on view view.getId() is <2131231061/ru.iteco.fmhandroid:id/filter_news_title_text_view>
09-07 05:27:18.470  2845  2845 I ViewInteraction: Performing 'wait for a specific view with <view.getId() is <2131231204>> during 10000 millis.' action on view view.getRootView() to equal view
09-07 05:27:18.474  2845  2845 I ViewInteraction: Checking 'MatchesViewAssertion{viewMatcher=(view has effective visibility <VISIBLE> and view.getGlobalVisibleRect() to return non-empty rectangle)}' assertion on view view.getId() is <2131231204/ru.iteco.fmhandroid:id/news_item_category_text_auto_complete_text_view>
09-07 05:27:18.476  2845  2845 I ViewInteraction: Performing 'wait for a specific view with <view.getId() is <2131231220>> during 10000 millis.' action on view view.getRootView() to equal view
09-07 05:27:18.480  2845  2845 I ViewInteraction: Checking 'MatchesViewAssertion{viewMatcher=(view has effective visibility <VISIBLE> and view.getGlobalVisibleRect() to return non-empty rectangle)}' assertion on view view.getId() is <2131231220/ru.iteco.fmhandroid:id/news_item_publish_date_start_text_input_edit_text>
09-07 05:27:18.483  2845  2845 I ViewInteraction: Performing 'wait for a specific view with <view.getId() is <2131231218>> during 10000 millis.' action on view view.getRootView() to equal view
09-07 05:27:18.486  2845  2845 I ViewInteraction: Checking 'MatchesViewAssertion{viewMatcher=(view has effective visibility <VISIBLE> and view.getGlobalVisibleRect() to return non-empty rectangle)}' assertion on view view.getId() is <2131231218/ru.iteco.fmhandroid:id/news_item_publish_date_end_text_input_edit_text>
09-07 05:27:18.489  2845  2845 I ViewInteraction: Performing 'wait for a specific view with <view.getId() is <2131231057>> during 10000 millis.' action on view view.getRootView() to equal view
09-07 05:27:18.492  2845  2845 I ViewInteraction: Checking 'MatchesViewAssertion{viewMatcher=(view has effective visibility <VISIBLE> and view.getGlobalVisibleRect() to return non-empty rectangle)}' assertion on view view.getId() is <2131231057/ru.iteco.fmhandroid:id/filter_button>
09-07 05:27:18.495  2845  2845 I ViewInteraction: Performing 'wait for a specific view with <view.getId() is <2131230890>> during 10000 millis.' action on view view.getRootView() to equal view
09-07 05:27:18.497  2845  2845 I ViewInteraction: Checking 'MatchesViewAssertion{viewMatcher=(view has effective visibility <VISIBLE> and view.getGlobalVisibleRect() to return non-empty rectangle)}' assertion on view view.getId() is <2131230890/ru.iteco.fmhandroid:id/cancel_button>
09-07 05:27:18.500  2845  2845 I ViewInteraction: Performing 'wait for a specific view with <view.getId() is <2131231058>> during 10000 millis.' action on view view.getRootView() to equal view
09-07 05:27:18.502  2845  2845 I ViewInteraction: Checking 'MatchesViewAssertion{viewMatcher=(view has effective visibility <VISIBLE> and view.getGlobalVisibleRect() to return non-empty rectangle)}' assertion on view view.getId() is <2131231058/ru.iteco.fmhandroid:id/filter_news_active_material_check_box>
09-07 05:27:18.503  2845  2845 I ViewInteraction: Performing 'wait for a specific view with <view.getId() is <2131231059>> during 10000 millis.' action on view view.getRootView() to equal view
09-07 05:27:18.505  2845  2845 I ViewInteraction: Checking 'MatchesViewAssertion{viewMatcher=(view has effective visibility <VISIBLE> and view.getGlobalVisibleRect() to return non-empty rectangle)}' assertion on view view.getId() is <2131231059/ru.iteco.fmhandroid:id/filter_news_inactive_material_check_box>
--------- beginning of system
09-07 05:27:18.507  2037  2056 I ActivityTaskManager: START u0 {act=android.intent.action.MAIN cat=[android.intent.category.LAUNCHER] flg=0x10000000 cmp=ru.iteco.fmhandroid.test/androidx.test.core.app.InstrumentationActivityInvoker$EmptyActivity} from uid 10136
09-07 05:27:18.512  2845  2845 D LifecycleMonitor: Lifecycle status change: ru.iteco.fmhandroid.ui.AppActivity@4bc125e in: PAUSED
09-07 05:27:18.512  2845  2845 V ActivityScenario: Update currentActivityStage to PAUSED, currentActivity=ru.iteco.fmhandroid.ui.AppActivity@4bc125e
09-07 05:27:18.513  2037  2055 W InputReader: Device has associated, but no associated display id.
09-07 05:27:18.514  2037  2055 I chatty  : uid=1000(system) Binder:2037_1 identical 38 lines
09-07 05:27:18.514  2037  2055 W InputReader: Device has associated, but no associated display id.
09-07 05:27:18.514  2921  2921 W ActivityThread: handleWindowVisibility: no activity for token android.os.BinderProxy@c7f70f3
09-07 05:27:18.515  2037  2055 W InputReader: Device has associated, but no associated display id.
09-07 05:27:18.515  2037  2055 I chatty  : uid=1000(system) Binder:2037_1 identical 8 lines
09-07 05:27:18.515  2037  2055 W InputReader: Device has associated, but no associated display id.
09-07 05:27:18.521  2845  3380 V FA      : Recording user engagement, ms: 15922
09-07 05:27:18.543  2037  2428 I ActivityTaskManager: START u0 {act=android.intent.action.MAIN cat=[android.intent.category.LAUNCHER] flg=0x10000000 cmp=ru.iteco.fmhandroid.test/androidx.test.core.app.InstrumentationActivityInvoker$EmptyActivity} from uid 10136
09-07 05:27:18.572  1793  2554 D gralloc_ranchu: gralloc_alloc: Creating ashmem region of size 9850880
09-07 05:27:18.584  2845  3380 V FA      : Connecting to remote service
09-07 05:27:18.587  1793  2554 D gralloc_ranchu: gralloc_alloc: Creating ashmem region of size 9850880
09-07 05:27:18.588  7867  7867 D BoundBrokerSvc: onBind: Intent { act=com.google.android.gms.measurement.START pkg=com.google.android.gms }
09-07 05:27:18.588  7867  7867 D BoundBrokerSvc: Loading bound service for intent: Intent { act=com.google.android.gms.measurement.START pkg=com.google.android.gms }
09-07 05:27:18.589  1792  2272 E GnssHAL_GnssInterface: gnssSvStatusCb: a: input svInfo.flags is 8
09-07 05:27:18.589  1792  2272 E GnssHAL_GnssInterface: gnssSvStatusCb: b: input svInfo.flags is 8
09-07 05:27:18.589  1793  2554 D gralloc_ranchu: gralloc_alloc: Creating ashmem region of size 9850880
09-07 05:27:18.593  2921  2954 D EGL_emulation: eglMakeCurrent: 0xe2256960: ver 2 0 (tinfo 0xed4894a0)
09-07 05:27:18.596  2845  3380 V FA      : Connection attempt already in progress
09-07 05:27:18.596  2845  3380 V FA      : Activity paused, time: 7362410
09-07 05:27:18.620  2037  2425 W InputReader: Device has associated, but no associated display id.
09-07 05:27:18.620  2037  2425 W InputReader: Device has associated, but no associated display id.
09-07 05:27:18.620  2845  3380 D FA      : Connected to remote service
09-07 05:27:18.620  2037  2425 W InputReader: Device has associated, but no associated display id.
09-07 05:27:18.621  2037  2425 I chatty  : uid=1000(system) Binder:2037_7 identical 25 lines
09-07 05:27:18.621  2037  2425 W InputReader: Device has associated, but no associated display id.
09-07 05:27:18.621  2845  3380 V FA      : Processing queued up service tasks: 2
09-07 05:27:18.621  2037  2425 W InputReader: Device has associated, but no associated display id.
09-07 05:27:18.622  2037  2425 I chatty  : uid=1000(system) Binder:2037_7 identical 19 lines
09-07 05:27:18.622  2037  2425 W InputReader: Device has associated, but no associated display id.
09-07 05:27:18.626  2921  2921 W ActivityThread: handleWindowVisibility: no activity for token android.os.BinderProxy@5164d12
09-07 05:27:18.642  2037  2056 W ActivityTaskManager: Duplicate finish request for ActivityRecord{93fba7e u0 ru.iteco.fmhandroid/.ui.AppActivity t853 f}
09-07 05:27:18.645  7867  3385 V FA-SVC  : Logging event: origin=auto,name=user_engagement(_e),params=Bundle[{ga_event_origin(_o)=auto, engagement_time_msec(_et)=15922, ga_screen_class(_sc)=AppActivity, ga_screen_id(_si)=5126745013386989259}]
09-07 05:27:18.663  1793  2554 D gralloc_ranchu: gralloc_alloc: Creating ashmem region of size 9850880
09-07 05:27:18.669  1793  2554 I chatty  : uid=1000(system) HwBinder:1793_2 identical 1 line
09-07 05:27:18.671  1793  2554 D gralloc_ranchu: gralloc_alloc: Creating ashmem region of size 9850880
09-07 05:27:18.671  2921  2954 D EGL_emulation: eglMakeCurrent: 0xe2256960: ver 2 0 (tinfo 0xed4894a0)
09-07 05:27:18.698  7867  3385 V FA-SVC  : Upload scheduled in approximately ms: 602
09-07 05:27:18.698  7867  3385 V FA-SVC  : Unscheduling upload
09-07 05:27:18.699  2037  2061 W InputReader: Device has associated, but no associated display id.
09-07 05:27:18.699  2037  2061 I chatty  : uid=1000(system) android.anim identical 18 lines
09-07 05:27:18.699  2037  2061 W InputReader: Device has associated, but no associated display id.
09-07 05:27:18.708  2845  2957 D EGL_emulation: eglMakeCurrent: 0xda21b080: ver 2 0 (tinfo 0xda20fd30)
09-07 05:27:18.710  2037  2065 I ActivityTaskManager: Displayed ru.iteco.fmhandroid.test/androidx.test.core.app.InstrumentationActivityInvoker$EmptyActivity: +110ms
09-07 05:27:18.711  7867  3385 V FA-SVC  : Scheduling upload, millis: 602
09-07 05:27:18.713  7867  3385 V FA-SVC  : Background event processing time, ms: 69
09-07 05:27:18.717  2037  2428 W InputReader: Device has associated, but no associated display id.
09-07 05:27:18.717  2037  2428 I chatty  : uid=1000(system) Binder:2037_8 identical 8 lines
09-07 05:27:18.717  2037  2428 W InputReader: Device has associated, but no associated display id.
09-07 05:27:18.752  2037  2056 W InputReader: Device has associated, but no associated display id.
09-07 05:27:18.754  2037  2056 I chatty  : uid=1000(system) Binder:2037_2 identical 28 lines
09-07 05:27:18.754  2037  2056 W InputReader: Device has associated, but no associated display id.
09-07 05:27:18.762  2845  2845 D LifecycleMonitor: Lifecycle status change: ru.iteco.fmhandroid.ui.AppActivity@4bc125e in: STOPPED
09-07 05:27:18.762  2845  2845 V ActivityScenario: Update currentActivityStage to STOPPED, currentActivity=ru.iteco.fmhandroid.ui.AppActivity@4bc125e
09-07 05:27:18.765  2037  2428 D ConnectivityService: requestNetwork for uid/pid:10113/29289 NetworkRequest [ TRACK_DEFAULT id=187, [ Capabilities: INTERNET&NOT_RESTRICTED&TRUSTED Uid: 10113] ]
09-07 05:27:18.766  2037  2143 D WifiNetworkFactory: got request NetworkRequest [ TRACK_DEFAULT id=187, [ Capabilities: INTERNET&NOT_RESTRICTED&TRUSTED Uid: 10113] ] with score 60 and serial -1
09-07 05:27:18.766  2037  2143 D UntrustedWifiNetworkFactory: got request NetworkRequest [ TRACK_DEFAULT id=187, [ Capabilities: INTERNET&NOT_RESTRICTED&TRUSTED Uid: 10113] ] with score 60 and serial -1
09-07 05:27:18.766  2279  2279 D PhoneSwitcherNetworkRequstListener: got request NetworkRequest [ TRACK_DEFAULT id=187, [ Capabilities: INTERNET&NOT_RESTRICTED&TRUSTED Uid: 10113] ] with score 60 and serial -1
09-07 05:27:18.774  2845  2845 W System.err: ru.iteco.fmhandroid.exceptions.UnknownException
09-07 05:27:18.774  2845  2845 W System.err: 	at ru.iteco.fmhandroid.utils.Utils.makeRequest(Utils.kt:123)
09-07 05:27:18.774  2845  2845 W System.err: 	at ru.iteco.fmhandroid.utils.Utils$makeRequest$1.invokeSuspend(Unknown Source:15)
09-07 05:27:18.774  2845  2845 W System.err: 	at kotlin.coroutines.jvm.internal.BaseContinuationImpl.resumeWith(ContinuationImpl.kt:33)
09-07 05:27:18.774  2845  2845 W System.err: 	at kotlinx.coroutines.DispatchedTaskKt.resume(DispatchedTask.kt:234)
09-07 05:27:18.774  2845  2845 W System.err: 	at kotlinx.coroutines.DispatchedTaskKt.resumeUnconfined(DispatchedTask.kt:190)
09-07 05:27:18.774  2845  2845 W System.err: 	at kotlinx.coroutines.DispatchedTaskKt.dispatch(DispatchedTask.kt:161)
09-07 05:27:18.774  2845  2845 W System.err: 	at kotlinx.coroutines.CancellableContinuationImpl.dispatchResume(CancellableContinuationImpl.kt:397)
09-07 05:27:18.779  2845  2845 W System.err: 	at kotlinx.coroutines.CancellableContinuationImpl.cancel(CancellableContinuationImpl.kt:183)
09-07 05:27:18.779  2845  3543 I okhttp.OkHttpClient: <-- HTTP FAILED: java.net.SocketException: Socket closed
09-07 05:27:18.779  2845  2845 W System.err: 	at kotlinx.coroutines.CancellableContinuationImpl.parentCancelled$kotlinx_coroutines_core(CancellableContinuationImpl.kt:190)
09-07 05:27:18.781  2845  2845 W System.err: 	at kotlinx.coroutines.ChildContinuation.invoke(JobSupport.kt:1474)
09-07 05:27:18.781  2845  2845 W System.err: 	at kotlinx.coroutines.JobSupport.notifyCancelling(JobSupport.kt:1499)
09-07 05:27:18.781  2845  2845 W System.err: 	at kotlinx.coroutines.JobSupport.tryMakeCancelling(JobSupport.kt:795)
09-07 05:27:18.781  2845  2845 W System.err: 	at kotlinx.coroutines.JobSupport.makeCancelling(JobSupport.kt:755)
09-07 05:27:18.781  2845  2845 W System.err: 	at kotlinx.coroutines.JobSupport.cancelImpl$kotlinx_coroutines_core(JobSupport.kt:671)
09-07 05:27:18.781  2845  2845 W System.err: 	at kotlinx.coroutines.JobSupport.parentCancelled(JobSupport.kt:637)
09-07 05:27:18.781  2845  2845 W System.err: 	at kotlinx.coroutines.ChildHandleNode.invoke(JobSupport.kt:1465)
09-07 05:27:18.781  2845  2845 W System.err: 	at kotlinx.coroutines.JobSupport.notifyCancelling(JobSupport.kt:1499)
09-07 05:27:18.781  2845  2845 W System.err: 	at kotlinx.coroutines.JobSupport.tryMakeCompletingSlowPath(JobSupport.kt:900)
09-07 05:27:18.781  2845  2845 W System.err: 	at kotlinx.coroutines.JobSupport.tryMakeCompleting(JobSupport.kt:863)
09-07 05:27:18.781  2845  2845 W System.err: 	at kotlinx.coroutines.JobSupport.cancelMakeCompleting(JobSupport.kt:696)
09-07 05:27:18.781  2845  2845 W System.err: 	at kotlinx.coroutines.JobSupport.cancelImpl$kotlinx_coroutines_core(JobSupport.kt:667)
09-07 05:27:18.781  2845  2845 W System.err: 	at kotlinx.coroutines.JobSupport.cancelInternal(JobSupport.kt:632)
09-07 05:27:18.781  2845  2845 W System.err: 	at kotlinx.coroutines.JobSupport.cancel(JobSupport.kt:617)
09-07 05:27:18.781  2845  2845 W System.err: 	at kotlinx.coroutines.JobKt__JobKt.cancel(Job.kt:561)
09-07 05:27:18.781  2845  2845 W System.err: 	at kotlinx.coroutines.JobKt.cancel(Unknown Source:1)
09-07 05:27:18.781  2845  2845 W System.err: 	at kotlinx.coroutines.JobKt__JobKt.cancel$default(Job.kt:560)
09-07 05:27:18.781  2845  2845 W System.err: 	at kotlinx.coroutines.JobKt.cancel$default(Unknown Source:1)
09-07 05:27:18.781  2845  2845 W System.err: 	at androidx.lifecycle.CloseableCoroutineScope.close(ViewModel.kt:51)
09-07 05:27:18.781  2845  2845 W System.err: 	at androidx.lifecycle.ViewModel.closeWithRuntimeException(ViewModel.java:188)
09-07 05:27:18.781  2845  2845 W System.err: 	at androidx.lifecycle.ViewModel.clear(ViewModel.java:134)
09-07 05:27:18.781  2845  2845 W System.err: 	at androidx.lifecycle.ViewModelStore.clear(ViewModelStore.java:62)
09-07 05:27:18.781  2845  2845 W System.err: 	at androidx.fragment.app.FragmentManagerViewModel.clearNonConfigStateInternal(FragmentManagerViewModel.java:210)
09-07 05:27:18.781  2845  2845 W System.err: 	at androidx.fragment.app.FragmentManagerViewModel.clearNonConfigState(FragmentManagerViewModel.java:190)
09-07 05:27:18.781  2845  2845 W System.err: 	at androidx.fragment.app.FragmentStateManager.destroy(FragmentStateManager.java:778)
09-07 05:27:18.781  2845  2845 W System.err: 	at androidx.fragment.app.FragmentStateManager.moveToExpectedState(FragmentStateManager.java:335)
09-07 05:27:18.781  2845  2845 W System.err: 	at androidx.fragment.app.FragmentStore.moveToExpectedState(FragmentStore.java:113)
09-07 05:27:18.781  2845  2845 W System.err: 	at androidx.fragment.app.FragmentManager.moveToState(FragmentManager.java:1374)
09-07 05:27:18.781  2845  2845 W System.err: 	at androidx.fragment.app.FragmentManager.dispatchStateChange(FragmentManager.java:2841)
09-07 05:27:18.781  2845  2845 W System.err: 	at androidx.fragment.app.FragmentManager.dispatchDestroy(FragmentManager.java:2820)
09-07 05:27:18.781  2845  2845 W System.err: 	at androidx.fragment.app.Fragment.performDestroy(Fragment.java:3246)
09-07 05:27:18.781  2845  2845 W System.err: 	at androidx.fragment.app.FragmentStateManager.destroy(FragmentStateManager.java:780)
09-07 05:27:18.781  2845  2845 W System.err: 	at androidx.fragment.app.FragmentStateManager.moveToExpectedState(FragmentStateManager.java:335)
09-07 05:27:18.781  2845  2845 W System.err: 	at androidx.fragment.app.SpecialEffectsController$FragmentStateManagerOperation.complete(SpecialEffectsController.java:771)
09-07 05:27:18.781  2845  2845 W System.err: 	at androidx.fragment.app.SpecialEffectsController$Operation.cancel(SpecialEffectsController.java:615)
09-07 05:27:18.781  2845  2845 W System.err: 	at androidx.fragment.app.SpecialEffectsController.forceCompleteAllOperations(SpecialEffectsController.java:350)
09-07 05:27:18.781  2845  2845 W System.err: 	at androidx.fragment.app.FragmentManager.dispatchStateChange(FragmentManager.java:2844)
09-07 05:27:18.781  2845  2845 W System.err: 	at androidx.fragment.app.FragmentManager.dispatchDestroy(FragmentManager.java:2820)
09-07 05:27:18.782  2845  2845 W System.err: 	at androidx.fragment.app.FragmentController.dispatchDestroy(FragmentController.java:345)
09-07 05:27:18.782  2845  2845 W System.err: 	at androidx.fragment.app.FragmentActivity.onDestroy(FragmentActivity.java:306)
09-07 05:27:18.783  2845  2845 W System.err: 	at androidx.appcompat.app.AppCompatActivity.onDestroy(AppCompatActivity.java:278)
09-07 05:27:18.783  2845  2845 W System.err: 	at android.app.Activity.performDestroy(Activity.java:8048)
09-07 05:27:18.783  2845  2845 W System.err: 	at android.app.Instrumentation.callActivityOnDestroy(Instrumentation.java:1334)
09-07 05:27:18.783  2845  2845 W System.err: 	at androidx.test.runner.MonitoringInstrumentation.callActivityOnDestroy(MonitoringInstrumentation.java:766)
09-07 05:27:18.783  2845  2845 W System.err: 	at android.app.ActivityThread.performDestroyActivity(ActivityThread.java:4926)
09-07 05:27:18.783  2845  2845 W System.err: 	at android.app.ActivityThread.handleDestroyActivity(ActivityThread.java:4970)
09-07 05:27:18.783  2845  2845 W System.err: 	at android.app.servertransaction.DestroyActivityItem.execute(DestroyActivityItem.java:44)
09-07 05:27:18.783  2845  2845 W System.err: 	at android.app.servertransaction.TransactionExecutor.executeLifecycleState(TransactionExecutor.java:176)
09-07 05:27:18.783  2845  2845 W System.err: 	at android.app.servertransaction.TransactionExecutor.execute(TransactionExecutor.java:97)
09-07 05:27:18.783  2845  2845 W System.err: 	at android.app.ActivityThread$H.handleMessage(ActivityThread.java:2016)
09-07 05:27:18.783  2845  2845 W System.err: 	at android.os.Handler.dispatchMessage(Handler.java:107)
09-07 05:27:18.784  2845  2845 W System.err: 	at android.os.Looper.loop(Looper.java:214)
09-07 05:27:18.784  2845  2845 W System.err: 	at android.app.ActivityThread.main(ActivityThread.java:7356)
09-07 05:27:18.784  2845  2845 W System.err: 	at java.lang.reflect.Method.invoke(Native Method)
09-07 05:27:18.784  2845  2845 W System.err: 	at com.android.internal.os.RuntimeInit$MethodAndArgsCaller.run(RuntimeInit.java:492)
09-07 05:27:18.784  2845  2845 W System.err: 	at com.android.internal.os.ZygoteInit.main(ZygoteInit.java:930)
09-07 05:27:18.785  2845  2845 W System.err: ru.iteco.fmhandroid.exceptions.UnknownException
09-07 05:27:18.785  2845  2845 W System.err: 	at ru.iteco.fmhandroid.utils.Utils.makeRequest(Utils.kt:123)
09-07 05:27:18.785  2845  2845 W System.err: 	at ru.iteco.fmhandroid.utils.Utils$makeRequest$1.invokeSuspend(Unknown Source:15)
09-07 05:27:18.785  2845  2845 W System.err: 	at kotlin.coroutines.jvm.internal.BaseContinuationImpl.resumeWith(ContinuationImpl.kt:33)
09-07 05:27:18.785  2845  2845 W System.err: 	at kotlinx.coroutines.DispatchedTaskKt.resume(DispatchedTask.kt:234)
09-07 05:27:18.785  2845  2845 W System.err: 	at kotlinx.coroutines.DispatchedTaskKt.resumeUnconfined(DispatchedTask.kt:190)
09-07 05:27:18.785  2845  2845 W System.err: 	at kotlinx.coroutines.DispatchedTaskKt.dispatch(DispatchedTask.kt:161)
09-07 05:27:18.785  2845  2845 W System.err: 	at kotlinx.coroutines.CancellableContinuationImpl.dispatchResume(CancellableContinuationImpl.kt:397)
09-07 05:27:18.786  2845  3607 I okhttp.OkHttpClient: <-- HTTP FAILED: java.net.SocketException: Socket closed
09-07 05:27:18.786  2845  2845 W System.err: 	at kotlinx.coroutines.CancellableContinuationImpl.cancel(CancellableContinuationImpl.kt:183)
09-07 05:27:18.786  2845  2845 W System.err: 	at kotlinx.coroutines.CancellableContinuationImpl.parentCancelled$kotlinx_coroutines_core(CancellableContinuationImpl.kt:190)
09-07 05:27:18.786  2845  2845 W System.err: 	at kotlinx.coroutines.ChildContinuation.invoke(JobSupport.kt:1474)
09-07 05:27:18.786  2845  2845 W System.err: 	at kotlinx.coroutines.JobSupport.notifyCancelling(JobSupport.kt:1499)
09-07 05:27:18.786  2845  2845 W System.err: 	at kotlinx.coroutines.JobSupport.tryMakeCancelling(JobSupport.kt:795)
09-07 05:27:18.786  2845  2845 W System.err: 	at kotlinx.coroutines.JobSupport.makeCancelling(JobSupport.kt:755)
09-07 05:27:18.786  2845  2845 W System.err: 	at kotlinx.coroutines.JobSupport.cancelImpl$kotlinx_coroutines_core(JobSupport.kt:671)
09-07 05:27:18.786  2845  2845 W System.err: 	at kotlinx.coroutines.JobSupport.parentCancelled(JobSupport.kt:637)
09-07 05:27:18.786  2845  2845 W System.err: 	at kotlinx.coroutines.ChildHandleNode.invoke(JobSupport.kt:1465)
09-07 05:27:18.786  2845  2845 W System.err: 	at kotlinx.coroutines.JobSupport.notifyCancelling(JobSupport.kt:1499)
09-07 05:27:18.786  2845  2845 W System.err: 	at kotlinx.coroutines.JobSupport.tryMakeCompletingSlowPath(JobSupport.kt:900)
09-07 05:27:18.786  2845  2845 W System.err: 	at kotlinx.coroutines.JobSupport.tryMakeCompleting(JobSupport.kt:863)
09-07 05:27:18.786  2845  2845 W System.err: 	at kotlinx.coroutines.JobSupport.cancelMakeCompleting(JobSupport.kt:696)
09-07 05:27:18.786  2845  2845 W System.err: 	at kotlinx.coroutines.JobSupport.cancelImpl$kotlinx_coroutines_core(JobSupport.kt:667)
09-07 05:27:18.786  2845  2845 W System.err: 	at kotlinx.coroutines.JobSupport.cancelInternal(JobSupport.kt:632)
09-07 05:27:18.786  2845  2845 W System.err: 	at kotlinx.coroutines.JobSupport.cancel(JobSupport.kt:617)
09-07 05:27:18.786  2845  2845 W System.err: 	at kotlinx.coroutines.JobKt__JobKt.cancel(Job.kt:561)
09-07 05:27:18.786  2845  2845 W System.err: 	at kotlinx.coroutines.JobKt.cancel(Unknown Source:1)
09-07 05:27:18.786  2845  2845 W System.err: 	at kotlinx.coroutines.JobKt__JobKt.cancel$default(Job.kt:560)
09-07 05:27:18.786  2845  2845 W System.err: 	at kotlinx.coroutines.JobKt.cancel$default(Unknown Source:1)
09-07 05:27:18.786  2845  2845 W System.err: 	at androidx.lifecycle.CloseableCoroutineScope.close(ViewModel.kt:51)
09-07 05:27:18.786  2845  2845 W System.err: 	at androidx.lifecycle.ViewModel.closeWithRuntimeException(ViewModel.java:188)
09-07 05:27:18.786  2845  2845 W System.err: 	at androidx.lifecycle.ViewModel.clear(ViewModel.java:134)
09-07 05:27:18.786  2845  2845 W System.err: 	at androidx.lifecycle.ViewModelStore.clear(ViewModelStore.java:62)
09-07 05:27:18.786  2845  2845 W System.err: 	at androidx.fragment.app.FragmentManagerViewModel.clearNonConfigStateInternal(FragmentManagerViewModel.java:210)
09-07 05:27:18.786  2845  2845 W System.err: 	at androidx.fragment.app.FragmentManagerViewModel.clearNonConfigState(FragmentManagerViewModel.java:190)
09-07 05:27:18.786  2845  2845 W System.err: 	at androidx.fragment.app.FragmentStateManager.destroy(FragmentStateManager.java:778)
09-07 05:27:18.787  2845  2845 W System.err: 	at androidx.fragment.app.FragmentStateManager.moveToExpectedState(FragmentStateManager.java:335)
09-07 05:27:18.787  2845  2845 W System.err: 	at androidx.fragment.app.FragmentStore.moveToExpectedState(FragmentStore.java:113)
09-07 05:27:18.787  2845  2845 W System.err: 	at androidx.fragment.app.FragmentManager.moveToState(FragmentManager.java:1374)
09-07 05:27:18.787  1793  2554 D gralloc_ranchu: gralloc_alloc: Creating ashmem region of size 9850880
09-07 05:27:18.787  2845  2845 W System.err: 	at androidx.fragment.app.FragmentManager.dispatchStateChange(FragmentManager.java:2841)
09-07 05:27:18.787  2845  2845 W System.err: 	at androidx.fragment.app.FragmentManager.dispatchDestroy(FragmentManager.java:2820)
09-07 05:27:18.787  2845  2845 W System.err: 	at androidx.fragment.app.Fragment.performDestroy(Fragment.java:3246)
09-07 05:27:18.787  2845  2845 W System.err: 	at androidx.fragment.app.FragmentStateManager.destroy(FragmentStateManager.java:780)
09-07 05:27:18.787  2845  2845 W System.err: 	at androidx.fragment.app.FragmentStateManager.moveToExpectedState(FragmentStateManager.java:335)
09-07 05:27:18.787  2845  2845 W System.err: 	at androidx.fragment.app.SpecialEffectsController$FragmentStateManagerOperation.complete(SpecialEffectsController.java:771)
09-07 05:27:18.787  2845  2845 W System.err: 	at androidx.fragment.app.SpecialEffectsController$Operation.cancel(SpecialEffectsController.java:615)
09-07 05:27:18.787  2845  2845 W System.err: 	at androidx.fragment.app.SpecialEffectsController.forceCompleteAllOperations(SpecialEffectsController.java:350)
09-07 05:27:18.787  2845  2845 W System.err: 	at androidx.fragment.app.FragmentManager.dispatchStateChange(FragmentManager.java:2844)
09-07 05:27:18.787  2845  2845 W System.err: 	at androidx.fragment.app.FragmentManager.dispatchDestroy(FragmentManager.java:2820)
09-07 05:27:18.787  2845  2845 W System.err: 	at androidx.fragment.app.FragmentController.dispatchDestroy(FragmentController.java:345)
09-07 05:27:18.787  2845  2845 W System.err: 	at androidx.fragment.app.FragmentActivity.onDestroy(FragmentActivity.java:306)
09-07 05:27:18.787  2845  2845 W System.err: 	at androidx.appcompat.app.AppCompatActivity.onDestroy(AppCompatActivity.java:278)
09-07 05:27:18.787  2845  2845 W System.err: 	at android.app.Activity.performDestroy(Activity.java:8048)
09-07 05:27:18.787  2845  2845 W System.err: 	at android.app.Instrumentation.callActivityOnDestroy(Instrumentation.java:1334)
09-07 05:27:18.787  2845  2845 W System.err: 	at androidx.test.runner.MonitoringInstrumentation.callActivityOnDestroy(MonitoringInstrumentation.java:766)
09-07 05:27:18.787  2845  2845 W System.err: 	at android.app.ActivityThread.performDestroyActivity(ActivityThread.java:4926)
09-07 05:27:18.787  2845  2845 W System.err: 	at android.app.ActivityThread.handleDestroyActivity(ActivityThread.java:4970)
09-07 05:27:18.787  2845  2845 W System.err: 	at android.app.servertransaction.DestroyActivityItem.execute(DestroyActivityItem.java:44)
09-07 05:27:18.787  2845  2845 W System.err: 	at android.app.servertransaction.TransactionExecutor.executeLifecycleState(TransactionExecutor.java:176)
09-07 05:27:18.787  2845  2845 W System.err: 	at android.app.servertransaction.TransactionExecutor.execute(TransactionExecutor.java:97)
09-07 05:27:18.787  2845  2845 W System.err: 	at android.app.ActivityThread$H.handleMessage(ActivityThread.java:2016)
09-07 05:27:18.787  2845  2845 W System.err: 	at android.os.Handler.dispatchMessage(Handler.java:107)
09-07 05:27:18.787  2845  2845 W System.err: 	at android.os.Looper.loop(Looper.java:214)
09-07 05:27:18.787  2845  2845 W System.err: 	at android.app.ActivityThread.main(ActivityThread.java:7356)
09-07 05:27:18.787  2845  2845 W System.err: 	at java.lang.reflect.Method.invoke(Native Method)
09-07 05:27:18.787  2845  2845 W System.err: 	at com.android.internal.os.RuntimeInit$MethodAndArgsCaller.run(RuntimeInit.java:492)
09-07 05:27:18.787  2845  2845 W System.err: 	at com.android.internal.os.ZygoteInit.main(ZygoteInit.java:930)
09-07 05:27:18.804  2845  2845 W System.err: ru.iteco.fmhandroid.exceptions.UnknownException
09-07 05:27:18.805  2845  2845 W System.err: 	at ru.iteco.fmhandroid.utils.Utils.makeRequest(Utils.kt:123)
09-07 05:27:18.805  2845  2845 W System.err: 	at ru.iteco.fmhandroid.utils.Utils$makeRequest$1.invokeSuspend(Unknown Source:15)
09-07 05:27:18.805  2845  2845 W System.err: 	at kotlin.coroutines.jvm.internal.BaseContinuationImpl.resumeWith(ContinuationImpl.kt:33)
09-07 05:27:18.805  2845  2845 W System.err: 	at kotlinx.coroutines.DispatchedTaskKt.resume(DispatchedTask.kt:234)
09-07 05:27:18.805  2845  3542 I okhttp.OkHttpClient: <-- HTTP FAILED: java.io.IOException: Canceled
09-07 05:27:18.805  2845  2845 W System.err: 	at kotlinx.coroutines.DispatchedTaskKt.resumeUnconfined(DispatchedTask.kt:190)
09-07 05:27:18.805  2845  2845 W System.err: 	at kotlinx.coroutines.DispatchedTaskKt.dispatch(DispatchedTask.kt:161)
09-07 05:27:18.805  2845  2845 W System.err: 	at kotlinx.coroutines.CancellableContinuationImpl.dispatchResume(CancellableContinuationImpl.kt:397)
09-07 05:27:18.805  2845  2845 W System.err: 	at kotlinx.coroutines.CancellableContinuationImpl.cancel(CancellableContinuationImpl.kt:183)
09-07 05:27:18.805  2845  2845 W System.err: 	at kotlinx.coroutines.CancellableContinuationImpl.parentCancelled$kotlinx_coroutines_core(CancellableContinuationImpl.kt:190)
09-07 05:27:18.805  2845  2845 W System.err: 	at kotlinx.coroutines.ChildContinuation.invoke(JobSupport.kt:1474)
09-07 05:27:18.805  2845  2845 W System.err: 	at kotlinx.coroutines.JobSupport.notifyCancelling(JobSupport.kt:1499)
09-07 05:27:18.805  2845  2845 W System.err: 	at kotlinx.coroutines.JobSupport.tryMakeCancelling(JobSupport.kt:795)
09-07 05:27:18.805  2845  2845 W System.err: 	at kotlinx.coroutines.JobSupport.makeCancelling(JobSupport.kt:755)
09-07 05:27:18.805  2845  2845 W System.err: 	at kotlinx.coroutines.JobSupport.cancelImpl$kotlinx_coroutines_core(JobSupport.kt:671)
09-07 05:27:18.805  2845  2845 W System.err: 	at kotlinx.coroutines.JobSupport.parentCancelled(JobSupport.kt:637)
09-07 05:27:18.805  2845  2845 W System.err: 	at kotlinx.coroutines.ChildHandleNode.invoke(JobSupport.kt:1465)
09-07 05:27:18.805  2845  2845 W System.err: 	at kotlinx.coroutines.JobSupport.notifyCancelling(JobSupport.kt:1499)
09-07 05:27:18.805  2845  2845 W System.err: 	at kotlinx.coroutines.JobSupport.tryMakeCompletingSlowPath(JobSupport.kt:900)
09-07 05:27:18.805  2845  2845 W System.err: 	at kotlinx.coroutines.JobSupport.tryMakeCompleting(JobSupport.kt:863)
09-07 05:27:18.805  2845  2845 W System.err: 	at kotlinx.coroutines.JobSupport.cancelMakeCompleting(JobSupport.kt:696)
09-07 05:27:18.805  2845  2845 W System.err: 	at kotlinx.coroutines.JobSupport.cancelImpl$kotlinx_coroutines_core(JobSupport.kt:667)
09-07 05:27:18.805  2845  2845 W System.err: 	at kotlinx.coroutines.JobSupport.cancelInternal(JobSupport.kt:632)
09-07 05:27:18.805  2845  2845 W System.err: 	at kotlinx.coroutines.JobSupport.cancel(JobSupport.kt:617)
09-07 05:27:18.805  2845  2845 W System.err: 	at kotlinx.coroutines.JobKt__JobKt.cancel(Job.kt:561)
09-07 05:27:18.806  2845  2845 W System.err: 	at kotlinx.coroutines.JobKt.cancel(Unknown Source:1)
09-07 05:27:18.806  2845  2845 W System.err: 	at kotlinx.coroutines.JobKt__JobKt.cancel$default(Job.kt:560)
09-07 05:27:18.806  2845  2845 W System.err: 	at kotlinx.coroutines.JobKt.cancel$default(Unknown Source:1)
09-07 05:27:18.806  2845  2845 W System.err: 	at androidx.lifecycle.CloseableCoroutineScope.close(ViewModel.kt:51)
09-07 05:27:18.806  2845  2845 W System.err: 	at androidx.lifecycle.ViewModel.closeWithRuntimeException(ViewModel.java:188)
09-07 05:27:18.806  2845  2845 W System.err: 	at androidx.lifecycle.ViewModel.clear(ViewModel.java:134)
09-07 05:27:18.806  2845  2845 W System.err: 	at androidx.lifecycle.ViewModelStore.clear(ViewModelStore.java:62)
09-07 05:27:18.806  2845  2845 W System.err: 	at androidx.fragment.app.FragmentManagerViewModel.clearNonConfigStateInternal(FragmentManagerViewModel.java:210)
09-07 05:27:18.806  2845  2845 W System.err: 	at androidx.fragment.app.FragmentManagerViewModel.clearNonConfigState(FragmentManagerViewModel.java:190)
09-07 05:27:18.806  2845  2845 W System.err: 	at androidx.fragment.app.FragmentStateManager.destroy(FragmentStateManager.java:778)
09-07 05:27:18.806  2845  2845 W System.err: 	at androidx.fragment.app.FragmentStateManager.moveToExpectedState(FragmentStateManager.java:335)
09-07 05:27:18.806  2845  2845 W System.err: 	at androidx.fragment.app.FragmentStore.moveToExpectedState(FragmentStore.java:113)
09-07 05:27:18.807  1793  2554 D gralloc_ranchu: gralloc_alloc: Creating ashmem region of size 9850880
09-07 05:27:18.807  2845  2845 W System.err: 	at androidx.fragment.app.FragmentManager.moveToState(FragmentManager.java:1374)
09-07 05:27:18.807  2845  2845 W System.err: 	at androidx.fragment.app.FragmentManager.dispatchStateChange(FragmentManager.java:2841)
09-07 05:27:18.807  2845  2845 W System.err: 	at androidx.fragment.app.FragmentManager.dispatchDestroy(FragmentManager.java:2820)
09-07 05:27:18.807  2845  2845 W System.err: 	at androidx.fragment.app.Fragment.performDestroy(Fragment.java:3246)
09-07 05:27:18.807  2845  2845 W System.err: 	at androidx.fragment.app.FragmentStateManager.destroy(FragmentStateManager.java:780)
09-07 05:27:18.807  2845  2845 W System.err: 	at androidx.fragment.app.FragmentStateManager.moveToExpectedState(FragmentStateManager.java:335)
09-07 05:27:18.807  2845  2845 W System.err: 	at androidx.fragment.app.SpecialEffectsController$FragmentStateManagerOperation.complete(SpecialEffectsController.java:771)
09-07 05:27:18.807  2845  2845 W System.err: 	at androidx.fragment.app.SpecialEffectsController$Operation.cancel(SpecialEffectsController.java:615)
09-07 05:27:18.807  2845  2845 W System.err: 	at androidx.fragment.app.SpecialEffectsController.forceCompleteAllOperations(SpecialEffectsController.java:350)
09-07 05:27:18.807  2845  2845 W System.err: 	at androidx.fragment.app.FragmentManager.dispatchStateChange(FragmentManager.java:2844)
09-07 05:27:18.807  2845  2845 W System.err: 	at androidx.fragment.app.FragmentManager.dispatchDestroy(FragmentManager.java:2820)
09-07 05:27:18.807  2845  2845 W System.err: 	at androidx.fragment.app.FragmentController.dispatchDestroy(FragmentController.java:345)
09-07 05:27:18.807  2845  2845 W System.err: 	at androidx.fragment.app.FragmentActivity.onDestroy(FragmentActivity.java:306)
09-07 05:27:18.807  2845  2845 W System.err: 	at androidx.appcompat.app.AppCompatActivity.onDestroy(AppCompatActivity.java:278)
09-07 05:27:18.808  2845  2845 W System.err: 	at android.app.Activity.performDestroy(Activity.java:8048)
09-07 05:27:18.808  2845  2845 W System.err: 	at android.app.Instrumentation.callActivityOnDestroy(Instrumentation.java:1334)
09-07 05:27:18.808  2845  2845 W System.err: 	at androidx.test.runner.MonitoringInstrumentation.callActivityOnDestroy(MonitoringInstrumentation.java:766)
09-07 05:27:18.808  2845  2845 W System.err: 	at android.app.ActivityThread.performDestroyActivity(ActivityThread.java:4926)
09-07 05:27:18.808  2845  2845 W System.err: 	at android.app.ActivityThread.handleDestroyActivity(ActivityThread.java:4970)
09-07 05:27:18.808  2845  2845 W System.err: 	at android.app.servertransaction.DestroyActivityItem.execute(DestroyActivityItem.java:44)
09-07 05:27:18.808  2845  2845 W System.err: 	at android.app.servertransaction.TransactionExecutor.executeLifecycleState(TransactionExecutor.java:176)
09-07 05:27:18.808  2845  2845 W System.err: 	at android.app.servertransaction.TransactionExecutor.execute(TransactionExecutor.java:97)
09-07 05:27:18.808  2845  2845 W System.err: 	at android.app.ActivityThread$H.handleMessage(ActivityThread.java:2016)
09-07 05:27:18.808  2845  2845 W System.err: 	at android.os.Handler.dispatchMessage(Handler.java:107)
09-07 05:27:18.808  2845  2845 W System.err: 	at android.os.Looper.loop(Looper.java:214)
09-07 05:27:18.808  2845  2845 W System.err: 	at android.app.ActivityThread.main(ActivityThread.java:7356)
09-07 05:27:18.808  2845  2845 W System.err: 	at java.lang.reflect.Method.invoke(Native Method)
09-07 05:27:18.808  2845  2845 W System.err: 	at com.android.internal.os.RuntimeInit$MethodAndArgsCaller.run(RuntimeInit.java:492)
09-07 05:27:18.808  2845  2845 W System.err: 	at com.android.internal.os.ZygoteInit.main(ZygoteInit.java:930)
09-07 05:27:18.809 29289 29310 D EGL_emulation: eglMakeCurrent: 0xda21a1e0: ver 2 0 (tinfo 0xda20f710)
09-07 05:27:18.809  1793  2554 D gralloc_ranchu: gralloc_alloc: Creating ashmem region of size 9850880
09-07 05:27:18.809  2845  2845 D LifecycleMonitor: Lifecycle status change: ru.iteco.fmhandroid.ui.AppActivity@4bc125e in: DESTROYED
09-07 05:27:18.809  2845  2845 V ActivityScenario: Update currentActivityStage to DESTROYED, currentActivity=null
09-07 05:27:18.810  2845  2901 I TestRunner: finished: shouldOpenTheNewsFilterSettingsForm(ru.iteco.fmhandroid.ui.ControlPanelTest)
09-07 05:27:18.837  2037  2061 W InputReader: Device has associated, but no associated display id.
09-07 05:27:18.839  2037  2061 I chatty  : uid=1000(system) android.anim identical 18 lines
09-07 05:27:18.839  2037  2061 W InputReader: Device has associated, but no associated display id.
09-07 05:27:18.841  1793  2554 D gralloc_ranchu: gralloc_alloc: Creating ashmem region of size 6307840
09-07 05:27:18.848  2921  2954 D EGL_emulation: eglMakeCurrent: 0xe2256960: ver 2 0 (tinfo 0xed4894a0)
