09-07 05:27:18.881  2182  2468 D EGL_emulation: eglMakeCurrent: 0xda21a360: ver 2 0 (tinfo 0xda20f590)
09-07 05:27:18.886  2182  2182 W View    : requestLayout() improperly called by com.android.keyguard.AlphaOptimizedLinearLayout{551c6d8 V.E...... ......ID 7,0-48,61 #7f0a041c app:id/wifi_group} during second layout pass: posting in next frame
09-07 05:27:18.897  1823  1823 W SurfaceFlinger: couldn't log to binary event log: overflow.
09-07 05:27:18.900  2182  2182 W View    : requestLayout() improperly called by StatusBarIconView(slot=mobile icon=null notification=null) during layout: running second layout pass
09-07 05:27:18.903  2182  2468 D EGL_emulation: eglMakeCurrent: 0xda21a360: ver 2 0 (tinfo 0xda20f590)
09-07 05:27:18.938  2845  2901 I TestRunner: started: shouldChangeNewsTitle(ru.iteco.fmhandroid.ui.ControlPanelTest)
09-07 05:27:18.952  2845  2901 W Settings: Setting always_finish_activities has moved from android.provider.Settings.System to android.provider.Settings.Global, returning read-only value.
09-07 05:27:18.958  2037  2056 I ActivityTaskManager: START u0 {act=android.intent.action.MAIN cat=[android.intent.category.LAUNCHER] flg=0x10008000 cmp=ru.iteco.fmhandroid.test/androidx.test.core.app.InstrumentationActivityInvoker$BootstrapActivity (has extras)} from uid 10136
09-07 05:27:18.969  2037  2061 E system_server: Invalid ID 0x00000000.
09-07 05:27:18.972  2037  2428 W InputReader: Device has associated, but no associated display id.
09-07 05:27:18.978  2037  2146 D ConnectivityService: releasing NetworkRequest [ TRACK_DEFAULT id=187, [ Capabilities: INTERNET&NOT_RESTRICTED&TRUSTED Uid: 10113] ] (release request)
09-07 05:27:18.976  2037  2428 I chatty  : uid=1000(system) Binder:2037_8 identical 38 lines
09-07 05:27:18.976  2037  2428 W InputReader: Device has associated, but no associated display id.
09-07 05:27:18.979  2921  2921 W ActivityThread: handleWindowVisibility: no activity for token android.os.BinderProxy@b19df0d
09-07 05:27:18.979  2037  2428 W InputReader: Device has associated, but no associated display id.
09-07 05:27:18.999  2037  2056 I ActivityTaskManager: START u0 {act=android.intent.action.MAIN cat=[android.intent.category.LAUNCHER] cmp=ru.iteco.fmhandroid/.ui.AppActivity} from uid 10136
09-07 05:27:18.980  2037  2428 I chatty  : uid=1000(system) Binder:2037_8 identical 8 lines
09-07 05:27:18.980  2037  2428 W InputReader: Device has associated, but no associated display id.
09-07 05:27:19.004  2037  2056 W InputReader: Device has associated, but no associated display id.
09-07 05:27:19.005  2037  2056 I chatty  : uid=1000(system) Binder:2037_2 identical 38 lines
09-07 05:27:19.005  2037  2056 W InputReader: Device has associated, but no associated display id.
09-07 05:27:19.006  2845  2845 W ActivityThread: handleWindowVisibility: no activity for token android.os.BinderProxy@93760d8
09-07 05:27:19.009  2037  2056 W InputReader: Device has associated, but no associated display id.
09-07 05:27:19.009  2037  2056 I chatty  : uid=1000(system) Binder:2037_2 identical 8 lines
09-07 05:27:19.009  2037  2056 W InputReader: Device has associated, but no associated display id.
09-07 05:27:19.021  1793  2554 D gralloc_ranchu: gralloc_alloc: Creating ashmem region of size 9850880
09-07 05:27:19.028  2845  2845 D LifecycleMonitor: Lifecycle status change: ru.iteco.fmhandroid.ui.AppActivity@12db284 in: PRE_ON_CREATE
09-07 05:27:19.029  2845  2845 V ActivityScenario: Activity lifecycle changed event received but ignored because the reported transition was not ON_CREATE while the last known transition was PRE_ON_CREATE
09-07 05:27:19.032  2845  2892 V FA      : onActivityCreated
09-07 05:27:19.057  2845  2845 D LifecycleMonitor: Lifecycle status change: ru.iteco.fmhandroid.ui.AppActivity@12db284 in: CREATED
09-07 05:27:19.058  2845  2845 V ActivityScenario: Update currentActivityStage to CREATED, currentActivity=ru.iteco.fmhandroid.ui.AppActivity@12db284
09-07 05:27:19.072  2037  2061 W InputReader: Device has associated, but no associated display id.
09-07 05:27:19.073  2037  2061 I chatty  : uid=1000(system) android.anim identical 18 lines
09-07 05:27:19.073  2037  2061 W InputReader: Device has associated, but no associated display id.
09-07 05:27:19.075  1793  2554 D gralloc_ranchu: gralloc_alloc: Creating ashmem region of size 6307840
09-07 05:27:19.087  2845  2845 D LifecycleMonitor: Lifecycle status change: ru.iteco.fmhandroid.ui.AppActivity@12db284 in: STARTED
09-07 05:27:19.087  2845  2845 V ActivityScenario: Update currentActivityStage to STARTED, currentActivity=ru.iteco.fmhandroid.ui.AppActivity@12db284
09-07 05:27:19.088  2845  2845 D LifecycleMonitor: Lifecycle status change: ru.iteco.fmhandroid.ui.AppActivity@12db284 in: RESUMED
09-07 05:27:19.089  2845  3380 V FA      : Activity resumed, time: 7362981
09-07 05:27:19.088  2845  2845 V ActivityScenario: Update currentActivityStage to RESUMED, currentActivity=ru.iteco.fmhandroid.ui.AppActivity@12db284
09-07 05:27:19.095 29289 29310 D EGL_emulation: eglMakeCurrent: 0xda21a1e0: ver 2 0 (tinfo 0xda20f710)
09-07 05:27:19.121  2182  2468 D EGL_emulation: eglMakeCurrent: 0xda21a360: ver 2 0 (tinfo 0xda20f590)
09-07 05:27:19.123  2182  2182 W View    : requestLayout() improperly called by com.android.keyguard.AlphaOptimizedLinearLayout{551c6d8 V.E...... ......ID 7,0-48,61 #7f0a041c app:id/wifi_group} during second layout pass: posting in next frame
09-07 05:27:19.123  1793  2554 D gralloc_ranchu: gralloc_alloc: Creating ashmem region of size 9113600
09-07 05:27:19.136  2182  2182 W View    : requestLayout() improperly called by StatusBarIconView(slot=mobile icon=null notification=null) during layout: running second layout pass
09-07 05:27:19.140  1793  2554 D gralloc_ranchu: gralloc_alloc: Creating ashmem region of size 9113600
09-07 05:27:19.140  2182  2468 D EGL_emulation: eglMakeCurrent: 0xda21a360: ver 2 0 (tinfo 0xda20f590)
09-07 05:27:19.143  2845  2957 D EGL_emulation: eglMakeCurrent: 0xda21b080: ver 2 0 (tinfo 0xda20fd30)
09-07 05:27:19.148  1793  2554 D gralloc_ranchu: gralloc_alloc: Creating ashmem region of size 9113600
09-07 05:27:19.195  2845  2866 I teco.fmhandroi: NativeAlloc concurrent copying GC freed 163571(6941KB) AllocSpace objects, 4(144KB) LOS objects, 36% free, 10MB/16MB, paused 244us total 109.782ms
09-07 05:27:19.196  2037  2065 I ActivityTaskManager: Displayed ru.iteco.fmhandroid/.ui.AppActivity: +237ms
09-07 05:27:19.209  2182  2182 W View    : requestLayout() improperly called by com.android.keyguard.AlphaOptimizedLinearLayout{551c6d8 V.E...... ......ID 7,0-48,61 #7f0a041c app:id/wifi_group} during second layout pass: posting in next frame
09-07 05:27:19.223  2182  2182 W View    : requestLayout() improperly called by StatusBarIconView(slot=mobile icon=null notification=null) during layout: running second layout pass
09-07 05:27:19.234  2845  2845 I ViewInteraction: Performing 'wait for a specific view with <(an instance of android.widget.TextView and view.getText() with or without transformation to match: is "Authorization" and view.getParent() view.getParent() view.getId() is <2131231186>)> during 10000 millis.' action on view view.getRootView() to equal view
09-07 05:27:19.249  2182  2182 W View    : requestLayout() improperly called by com.android.keyguard.AlphaOptimizedLinearLayout{551c6d8 V.E...... ......ID 7,0-48,61 #7f0a041c app:id/wifi_group} during second layout pass: posting in next frame
09-07 05:27:19.272  2037  5599 D HostConnection: HostConnection::get() New Host Connection established 0xda23f020, tid 5599
09-07 05:27:19.274  2037  5599 D HostConnection: HostComposition ext ANDROID_EMU_CHECKSUM_HELPER_v1 ANDROID_EMU_dma_v1 ANDROID_EMU_direct_mem ANDROID_EMU_vulkan ANDROID_EMU_deferred_vulkan_commands ANDROID_EMU_vulkan_null_optional_strings ANDROID_EMU_vulkan_create_resources_with_requirements ANDROID_EMU_YUV420_888_to_NV21 ANDROID_EMU_YUV_Cache ANDROID_EMU_vulkan_free_memory_sync ANDROID_EMU_vulkan_shader_float16_int8 ANDROID_EMU_vulkan_async_queue_submit ANDROID_EMU_sync_buffer_data GL_OES_vertex_array_object GL_KHR_texture_compression_astc_ldr ANDROID_EMU_host_side_tracing ANDROID_EMU_gles_max_version_2 
09-07 05:27:19.276  2182  2182 W View    : requestLayout() improperly called by StatusBarIconView(slot=mobile icon=null notification=null) during layout: running second layout pass
09-07 05:27:19.279  2037  5599 W OpenGLRenderer: Failed to choose config with EGL_SWAP_BEHAVIOR_PRESERVED, retrying without...
09-07 05:27:19.291  2037  5599 D eglCodecCommon: setVertexArrayObject: set vao to 0 (0) 0 0
09-07 05:27:19.291  2037  5599 D EGL_emulation: eglCreateContext: 0xba761460: maj 2 min 0 rcv 2
09-07 05:27:19.318  7867  3385 V FA-SVC  : Unscheduling upload
09-07 05:27:19.319  2037  5599 D EGL_emulation: eglMakeCurrent: 0xba761460: ver 2 0 (tinfo 0xba668ca0)
09-07 05:27:19.323  2182  2182 W View    : requestLayout() improperly called by com.android.keyguard.AlphaOptimizedLinearLayout{551c6d8 V.E...... ......ID 7,0-48,61 #7f0a041c app:id/wifi_group} during second layout pass: posting in next frame
09-07 05:27:19.323  7867  3385 V FA-SVC  : Starting upload from DelayedRunnable
09-07 05:27:19.323  2182  2182 W View    : requestLayout() improperly called by StatusBarIconView(slot=mobile icon=null notification=null) during layout: running second layout pass
09-07 05:27:19.330  7867  3385 D FA-SVC  : Uploading events. Elapsed time since last upload attempt (ms): 3600025
09-07 05:27:19.340  7867  3385 V FA-SVC  : Fetching remote configuration: ru.iteco.fmhandroid
09-07 05:27:19.341  7867  3385 V FA-SVC  : Not stopping services. fetch, network, upload: true, false, false
09-07 05:27:19.343  2037  5599 D eglCodecCommon: setVertexArrayObject: set vao to 0 (0) 1 0
09-07 05:27:19.344  7867  3385 V FA-SVC  : Logging event: origin=auto,name=screen_view(_vs),params=Bundle[{ga_event_origin(_o)=auto, ga_previous_class(_pc)=AppActivity, ga_previous_id(_pi)=5126745013386989259, ga_screen_class(_sc)=AppActivity, ga_screen_id(_si)=5126745013386989260}]
09-07 05:27:19.358  2182  2182 W View    : requestLayout() improperly called by com.android.keyguard.AlphaOptimizedLinearLayout{551c6d8 V.E...... ......ID 7,0-48,61 #7f0a041c app:id/wifi_group} during second layout pass: posting in next frame
09-07 05:27:19.359  2182  2182 W View    : requestLayout() improperly called by StatusBarIconView(slot=mobile icon=null notification=null) during layout: running second layout pass
09-07 05:27:19.366  7867  3385 V FA-SVC  : Upload scheduled in approximately ms: 14740
09-07 05:27:19.366  7867  3385 V FA-SVC  : Unscheduling upload
09-07 05:27:19.372  7867  3385 V FA-SVC  : Scheduling upload, millis: 14740
09-07 05:27:19.373  7867  3385 V FA-SVC  : Background event processing time, ms: 29
09-07 05:27:19.385  2182  2182 W View    : requestLayout() improperly called by com.android.keyguard.AlphaOptimizedLinearLayout{551c6d8 V.E...... ......ID 7,0-48,61 #7f0a041c app:id/wifi_group} during second layout pass: posting in next frame
09-07 05:27:19.386  2182  2182 W View    : requestLayout() improperly called by StatusBarIconView(slot=mobile icon=null notification=null) during layout: running second layout pass
09-07 05:27:19.401  2182  2182 W View    : requestLayout() improperly called by com.android.keyguard.AlphaOptimizedLinearLayout{551c6d8 V.E...... ......ID 7,0-48,61 #7f0a041c app:id/wifi_group} during second layout pass: posting in next frame
09-07 05:27:19.415  2182  2182 W View    : requestLayout() improperly called by StatusBarIconView(slot=mobile icon=null notification=null) during layout: running second layout pass
09-07 05:27:19.438  2182  2182 W View    : requestLayout() improperly called by com.android.keyguard.AlphaOptimizedLinearLayout{551c6d8 V.E...... ......ID 7,0-48,61 #7f0a041c app:id/wifi_group} during second layout pass: posting in next frame
09-07 05:27:19.450  2182  2182 W View    : requestLayout() improperly called by StatusBarIconView(slot=mobile icon=null notification=null) during layout: running second layout pass
09-07 05:27:19.589  1792  2272 E GnssHAL_GnssInterface: gnssSvStatusCb: a: input svInfo.flags is 8
09-07 05:27:19.590  1792  2272 E GnssHAL_GnssInterface: gnssSvStatusCb: b: input svInfo.flags is 8
09-07 05:27:20.560  7867  3385 V FA-SVC  : onConfigFetched. Response size: 0
09-07 05:27:20.568  7867  3385 V FA-SVC  : Successfully fetched config. Got network response. code, size: 304, 0
09-07 05:27:20.587  7867  3385 V FA-SVC  : Updated engagement user property. scope, value: lifetime, 2199539
09-07 05:27:20.589  1792  2272 E GnssHAL_GnssInterface: gnssSvStatusCb: a: input svInfo.flags is 8
09-07 05:27:20.590  1792  2272 E GnssHAL_GnssInterface: gnssSvStatusCb: b: input svInfo.flags is 8
09-07 05:27:20.594  7867  3385 V FA-SVC  : Updated engagement user property. scope, value: session-scoped, 2199538
09-07 05:27:20.594  7867  3385 V FA-SVC  : Checking account type status for ad personalization signals
09-07 05:27:20.662  7867  3385 V FA-SVC  : Saving bundle, size: 1740
09-07 05:27:20.668  7867  3385 V FA-SVC  : Updated engagement user property. scope, value: lifetime, 2324141
09-07 05:27:20.670  7867  3385 V FA-SVC  : Updated engagement user property. scope, value: session-scoped, 2324140
09-07 05:27:20.670  7867  3385 V FA-SVC  : Checking account type status for ad personalization signals
09-07 05:27:20.683  7867  3385 V FA-SVC  : Saving bundle, size: 738
09-07 05:27:20.685  7867  3385 D FA-SVC  : Uploading events. Elapsed time since last upload attempt (ms): 3601276
09-07 05:27:20.690  7867  3385 V FA-SVC  : Uploading data. app, uncompressed size, data: ru.iteco.fmhandroid, 9158, 
09-07 05:27:20.690  7867  3385 V FA-SVC  : batch {
09-07 05:27:20.690  7867  3385 V FA-SVC  :   bundle {
09-07 05:27:20.690  7867  3385 V FA-SVC  :     protocol_version: 1
09-07 05:27:20.690  7867  3385 V FA-SVC  :     platform: android
09-07 05:27:20.690  7867  3385 V FA-SVC  :     gmp_version: 80069
09-07 05:27:20.690  7867  3385 V FA-SVC  :     uploading_gmp_version: 233316
09-07 05:27:20.690  7867  3385 V FA-SVC  :     dynamite_version: 93
09-07 05:27:20.690  7867  3385 V FA-SVC  :     config_version: 1689796930550857
09-07 05:27:20.690  7867  3385 V FA-SVC  :     gmp_app_id: 1:729587742060:android:e7d6f87c783f52b9a42f49
09-07 05:27:20.690  7867  3385 V FA-SVC  :     admob_app_id: 
09-07 05:27:20.690  7867  3385 V FA-SVC  :     app_id: ru.iteco.fmhandroid
09-07 05:27:20.690  7867  3385 V FA-SVC  :     app_version: 1.0.0
09-07 05:27:20.690  7867  3385 V FA-SVC  :     app_version_major: 14
09-07 05:27:20.690  7867  3385 V FA-SVC  :     firebase_instance_id: fAiU1Yg8Si-SK56o7h7vxM
09-07 05:27:20.690  7867  3385 V FA-SVC  :     dev_cert_hash: 3325993992436324909
09-07 05:27:20.690  7867  3385 V FA-SVC  :     app_store: manual_install
09-07 05:27:20.690  7867  3385 V FA-SVC  :     upload_timestamp_millis: 1694064440575
09-07 05:27:20.690  7867  3385 V FA-SVC  :     start_timestamp_millis: 1694060842599
09-07 05:27:20.690  7867  3385 V FA-SVC  :     end_timestamp_millis: 1694062452531
09-07 05:27:20.690  7867  3385 V FA-SVC  :     previous_bundle_start_timestamp_millis: 1694059212523
09-07 05:27:20.690  7867  3385 V FA-SVC  :     previous_bundle_end_timestamp_millis: 1694060825810
09-07 05:27:20.690  7867  3385 V FA-SVC  :     app_instance_id: 538651ea3ebc6869a3dde1a5fbb34cb4
09-07 05:27:20.690  7867  3385 V FA-SVC  :     resettable_device_id: c93a4f51-0119-48dd-9829-795b9f3759b4
09-07 05:27:20.690  7867  3385 V FA-SVC  :     ds_id: 
09-07 05:27:20.690  7867  3385 V FA-SVC  :     limited_ad_tracking: false
09-07 05:27:20.690  7867  3385 V FA-SVC  :     os_version: 10
09-07 05:27:20.690  7867  3385 V FA-SVC  :     device_model: Android SDK built for x86
09-07 05:27:20.690  7867  3385 V FA-SVC  :     user_default_language: en-us
09-07 05:27:20.690  7867  3385 V FA-SVC  :     time_zone_offset_minutes: 0
09-07 05:27:20.690  7867  3385 V FA-SVC  :     bundle_sequential_index: 6
09-07 05:27:20.690  7867  3385 V FA-SVC  :     service_upload: true
09-07 05:27:20.690  7867  3385 V FA-SVC  :     health_monitor: 
09-07 05:27:20.690  7867  3385 V FA-SVC  :     consent_signals: G1--
09-07 05:27:20.690  7867  3385 V FA-SVC  :     target_os_version: 32
09-07 05:27:20.690  7867  3385 V FA-SVC  :     user_property {
09-07 05:27:20.690  7867  3385 V FA-SVC  :       set_timestamp_millis: 1694056104260
09-07 05:27:20.690  7867  3385 V FA-SVC  :       name: first_open_time(_fot)
09-07 05:27:20.690  7867  3385 V FA-SVC  :       string_value: 
09-07 05:27:20.690  7867  3385 V FA-SVC  :       int_value: 1694059200000
09-07 05:27:20.690  7867  3385 V FA-SVC  :     }
09-07 05:27:20.690  7867  3385 V FA-SVC  :     user_property {
09-07 05:27:20.690  7867  3385 V FA-SVC  :       set_timestamp_millis: 1694056104260
09-07 05:27:20.690  7867  3385 V FA-SVC  :       name: first_open_after_install(_fi)
09-07 05:27:20.690  7867  3385 V FA-SVC  :       string_value: 
09-07 05:27:20.690  7867  3385 V FA-SVC  :       int_value: 1
09-07 05:27:20.690  7867  3385 V FA-SVC  :     }
09-07 05:27:20.690  7867  3385 V FA-SVC  :     user_property {
09-07 05:27:20.690  7867  3385 V FA-SVC  :       set_timestamp_millis: 1694056104623
09-07 05:27:20.690  7867  3385 V FA-SVC  :       name: ga_session_number(_sno)
09-07 05:27:20.690  7867  3385 V FA-SVC  :       string_value: 
09-07 05:27:20.690  7867  3385 V FA-SVC  :       int_value: 1
09-07 05:27:20.690  7867  3385 V FA-SVC  :     }
09-07 05:27:20.690  7867  3385 V FA-SVC  :     user_property {
09-07 05:27:20.690  7867  3385 V FA-SVC  :       set_timestamp_millis: 1694056104623
09-07 05:27:20.690  7867  3385 V FA-SVC  :       name: ga_session_id(_sid)
09-07 05:27:20.690  7867  3385 V FA-SVC  :       string_value: 
09-07 05:27:20.690  7867  3385 V FA-SVC  :       int_value: 1694056104
09-07 05:27:20.690  7867  3385 V FA-SVC  :     }
09-07 05:27:20.690  7867  3385 V FA-SVC  :     user_property {
09-07 05:27:20.690  7867  3385 V FA-SVC  :       set_timestamp_millis: 1694064440586
09-07 05:27:20.690  7867  3385 V FA-SVC  :       name: lifetime_user_engagement(_lte)
09-07 05:27:20.690  7867  3385 V FA-SVC  :       string_value: 
09-07 05:27:20.690  7867  3385 V FA-SVC  :       int_value: 2199539
09-07 05:27:20.690  7867  3385 V FA-SVC  :     }
09-07 05:27:20.690  7867  3385 V FA-SVC  :     user_property {
09-07 05:27:20.690  7867  3385 V FA-SVC  :       set_timestamp_millis: 1694064440592
09-07 05:27:20.690  7867  3385 V FA-SVC  :       name: session_user_engagement(_se)
09-07 05:27:20.690  7867  3385 V FA-SVC  :       string_value: 
09-07 05:27:20.690  7867  3385 V FA-SVC  :       int_value: 2199538
09-07 05:27:20.690  7867  3385 V FA-SVC  :     }
09-07 05:27:20.690  7867  3385 V FA-SVC  :     event {
09-07 05:27:20.690  7867  3385 V FA-SVC  :       name: screen_view(_vs)
09-07 05:27:20.690  7867  3385 V FA-SVC  :       timestamp_millis: 1694060842599
09-07 05:27:20.690  7867  3385 V FA-SVC  :       previous_timestamp_millis: 1694060825810
09-07 05:27:20.690  7867  3385 V FA-SVC  :       param {
09-07 05:27:20.690  7867  3385 V FA-SVC  :         name: ga_event_origin(_o)
09-07 05:27:20.690  7867  3385 V FA-SVC  :         string_value: auto
09-07 05:27:20.690  7867  3385 V FA-SVC  :       }
09-07 05:27:20.690  7867  3385 V FA-SVC  :       param {
09-07 05:27:20.690  7867  3385 V FA-SVC  :         name: ga_previous_class(_pc)
09-07 05:27:20.690  7867  3385 V FA-SVC  :         string_value: AppActivity
09-07 05:27:20.690  7867  3385 V FA-SVC  :       }
09-07 05:27:20.690  7867  3385 V FA-SVC  :       param {
09-07 05:27:20.690  7867  3385 V FA-SVC  :         name: ga_previous_id(_pi)
09-07 05:27:20.690  7867  3385 V FA-SVC  :         int_value: 6688537982189829867
09-07 05:27:20.690  7867  3385 V FA-SVC  :       }
09-07 05:27:20.690  7867  3385 V FA-SVC  :       param {
09-07 05:27:20.690  7867  3385 V FA-SVC  :         name: ga_screen_class(_sc)
09-07 05:27:20.690  7867  3385 V FA-SVC  :         string_value: AppActivity
09-07 05:27:20.690  7867  3385 V FA-SVC  :       }
09-07 05:27:20.690  7867  3385 V FA-SVC  :       param {
09-07 05:27:20.690  7867  3385 V FA-SVC  :         name: ga_screen_id(_si)
09-07 05:27:20.690  7867  3385 V FA-SVC  :         int_value: 6688537982189829868
09-07 05:27:20.690  7867  3385 V FA-SVC  :       }
09-07 05:27:20.690  7867  3385 V FA-SVC  :       param {
09-07 05:27:20.690  7867  3385 V FA-SVC  :         name: engagement_time_msec(_et)
09-07 05:27:20.690  7867  3385 V FA-SVC  :         int_value: 15930
09-07 05:27:20.690  7867  3385 V FA-SVC  :       }
09-07 05:27:20.690  7867  3385 V FA-SVC  :     }
09-07 05:27:20.690  7867  3385 V FA-SVC  :     event {
09-07 05:27:20.690  7867  3385 V FA-SVC  :       name: screen_view(_vs)
09-07 05:27:20.690  7867  3385 V FA-SVC  :       timestamp_millis: 1694060859434
09-07 05:27:20.690  7867  3385 V FA-SVC  :       previous_timestamp_millis: 1694060842599
09-07 05:27:20.690  7867  3385 V FA-SVC  :       param {
09-07 05:27:20.690  7867  3385 V FA-SVC  :         name: ga_event_origin(_o)
09-07 05:27:20.690  7867  3385 V FA-SVC  :         string_value: auto
09-07 05:27:20.690  7867  3385 V FA-SVC  :       }
09-07 05:27:20.690  7867  3385 V FA-SVC  :       param {
09-07 05:27:20.690  7867  3385 V FA-SVC  :         name: ga_previous_class(_pc)
09-07 05:27:20.690  7867  3385 V FA-SVC  :         string_value: AppActivity
09-07 05:27:20.690  7867  3385 V FA-SVC  :       }
09-07 05:27:20.690  7867  3385 V FA-SVC  :       param {
09-07 05:27:20.690  7867  3385 V FA-SVC  :         name: ga_previous_id(_pi)
09-07 05:27:20.690  7867  3385 V FA-SVC  :         int_value: 6688537982189829868
09-07 05:27:20.690  7867  3385 V FA-SVC  :       }
09-07 05:27:20.690  7867  3385 V FA-SVC  :       param {
09-07 05:27:20.690  7867  3385 V FA-SVC  :         name: ga_screen_class(_sc)
09-07 05:27:20.690  7867  3385 V FA-SVC  :         string_value: AppActivity
09-07 05:27:20.690  7867  3385 V FA-SVC  :       }
09-07 05:27:20.690  7867  3385 V FA-SVC  :       param {
09-07 05:27:20.690  7867  3385 V FA-SVC  :         name: ga_screen_id(_si)
09-07 05:27:20.690  7867  3385 V FA-SVC  :         int_value: 6688537982189829869
09-07 05:27:20.690  7867  3385 V FA-SVC  :       }
09-07 05:27:20.690  7867  3385 V FA-SVC  :       param {
09-07 05:27:20.690  7867  3385 V FA-SVC  :         name: engagement_time_msec(_et)
09-07 05:27:20.690  7867  3385 V FA-SVC  :         int_value: 15993
09-07 05:27:20.690  7867  3385 V FA-SVC  :       }
09-07 05:27:20.690  7867  3385 V FA-SVC  :     }
09-07 05:27:20.690  7867  3385 V FA-SVC  :     event {
09-07 05:27:20.690  7867  3385 V FA-SVC  :       name: screen_view(_vs)
09-07 05:27:20.690  7867  3385 V FA-SVC  :       timestamp_millis: 1694060875613
09-07 05:27:20.690  7867  3385 V FA-SVC  :       previous_timestamp_millis: 1694060859434
09-07 05:27:20.690  7867  3385 V FA-SVC  :       param {
09-07 05:27:20.690  7867  3385 V FA-SVC  :         name: ga_event_origin(_o)
09-07 05:27:20.690  7867  3385 V FA-SVC  :         string_value: auto
09-07 05:27:20.690  7867  3385 V FA-SVC  :       }
09-07 05:27:20.690  7867  3385 V FA-SVC  :       param {
09-07 05:27:20.690  7867  3385 V FA-SVC  :         name: ga_previous_class(_pc)
09-07 05:27:20.690  7867  3385 V FA-SVC  :         string_value: AppActivity
09-07 05:27:20.690  7867  3385 V FA-SVC  :       }
09-07 05:27:20.690  7867  3385 V FA-SVC  :       param {
09-07 05:27:20.690  7867  3385 V FA-SVC  :         name: ga_previous_id(_pi)
09-07 05:27:20.690  7867  3385 V FA-SVC  :         int_value: 6688537982189829869
09-07 05:27:20.690  7867  3385 V FA-SVC  :       }
09-07 05:27:20.690  7867  3385 V FA-SVC  :       param {
09-07 05:27:20.690  7867  3385 V FA-SVC  :         name: ga_screen_class(_sc)
09-07 05:27:20.690  7867  3385 V FA-SVC  :         string_value: AppActivity
09-07 05:27:20.690  7867  3385 V FA-SVC  :       }
09-07 05:27:20.690  7867  3385 V FA-SVC  :       param {
09-07 05:27:20.690  7867  3385 V FA-SVC  :         name: ga_screen_id(_si)
09-07 05:27:20.690  7867  3385 V FA-SVC  :         int_value: 6688537982189829870
09-07 05:27:20.690  7867  3385 V FA-SVC  :       }
09-07 05:27:20.690  7867  3385 V FA-SVC  :       param {
09-07 05:27:20.690  7867  3385 V FA-SVC  :         name:
09-07 05:27:20.690  7867  3385 V FA-SVC  : Not stopping services. fetch, network, upload: true, true, false
09-07 05:27:20.693  7867  3698 V FA-SVC  : Uploading data. size: 2073
09-07 05:27:20.698  7867  3385 V FA-SVC  : Not stopping services. fetch, network, upload: false, true, false
09-07 05:27:20.960  7867  3385 V FA-SVC  : Upload scheduled in approximately ms: 3599989
09-07 05:27:20.960  7867  3385 V FA-SVC  : Unscheduling upload
09-07 05:27:20.971  7867  3385 V FA-SVC  : Scheduling upload, millis: 3599989
09-07 05:27:20.976  7867  3385 V FA-SVC  : Successful upload. Got network response. code, size: 204, 0
09-07 05:27:21.004  7867  3385 V FA-SVC  : Nothing to upload or uploading impossible
09-07 05:27:21.004  7867  3385 V FA-SVC  : Unscheduling upload
09-07 05:27:21.007  7867  3385 V FA-SVC  : Stopping uploading service(s)
09-07 05:27:21.265  1781  1781 W audio_hw_generic: Not supplying enough data to HAL, expected position 68115662 , only wrote 67927004
09-07 05:27:21.589  1792  2272 E GnssHAL_GnssInterface: gnssSvStatusCb: a: input svInfo.flags is 8
09-07 05:27:21.590  1792  2272 E GnssHAL_GnssInterface: gnssSvStatusCb: b: input svInfo.flags is 8
09-07 05:27:22.090  2845  2990 I okhttp.OkHttpClient: --> GET http://www.981757-ca08998.tmweb.ru:8080/fmh/authentication/userInfo
09-07 05:27:22.090  2845  2990 I okhttp.OkHttpClient: --> END GET
09-07 05:27:22.384  2845  2990 I okhttp.OkHttpClient: <-- 200 http://www.981757-ca08998.tmweb.ru:8080/fmh/authentication/userInfo (293ms)
09-07 05:27:22.384  2845  2990 I okhttp.OkHttpClient: Vary: Origin
09-07 05:27:22.384  2845  2990 I okhttp.OkHttpClient: Vary: Access-Control-Request-Method
09-07 05:27:22.385  2845  2990 I okhttp.OkHttpClient: Vary: Access-Control-Request-Headers
09-07 05:27:22.385  2845  2990 I okhttp.OkHttpClient: X-Content-Type-Options: nosniff
09-07 05:27:22.385  2845  2990 I okhttp.OkHttpClient: X-XSS-Protection: 1; mode=block
09-07 05:27:22.385  2845  2990 I okhttp.OkHttpClient: Cache-Control: no-cache, no-store, max-age=0, must-revalidate
09-07 05:27:22.387  2845  2990 I okhttp.OkHttpClient: Pragma: no-cache
09-07 05:27:22.388  2845  2990 I okhttp.OkHttpClient: Expires: 0
09-07 05:27:22.388  2845  2990 I okhttp.OkHttpClient: X-Frame-Options: DENY
09-07 05:27:22.389  2845  2990 I okhttp.OkHttpClient: Content-Type: application/json
09-07 05:27:22.390  2845  2990 I okhttp.OkHttpClient: Transfer-Encoding: chunked
09-07 05:27:22.390  2845  2990 I okhttp.OkHttpClient: Date: Thu, 07 Sep 2023 05:27:23 GMT
09-07 05:27:22.393  2845  2990 I okhttp.OkHttpClient: Keep-Alive: timeout=60
09-07 05:27:22.393  2845  2990 I okhttp.OkHttpClient: Connection: keep-alive
09-07 05:27:22.397  2845  2990 I okhttp.OkHttpClient: {"id":1,"firstName":"Ivan","lastName":"Ivanov","middleName":"Ivanovich","admin":true}
09-07 05:27:22.398  2845  2990 I okhttp.OkHttpClient: <-- END HTTP (85-byte body)
09-07 05:27:22.409  2845  3607 I okhttp.OkHttpClient: --> GET http://www.981757-ca08998.tmweb.ru:8080/fmh/claims
09-07 05:27:22.409  2845  3607 I okhttp.OkHttpClient: --> END GET
09-07 05:27:22.413  1774  3710 E ResolverController: No valid NAT64 prefix (101, <unspecified>/0)
09-07 05:27:22.589  1792  2272 E GnssHAL_GnssInterface: gnssSvStatusCb: a: input svInfo.flags is 8
09-07 05:27:22.589  1792  2272 E GnssHAL_GnssInterface: gnssSvStatusCb: b: input svInfo.flags is 8
09-07 05:27:22.643  2845  2957 D EGL_emulation: eglMakeCurrent: 0xda21b080: ver 2 0 (tinfo 0xda20fd30)
09-07 05:27:22.647  1793  2554 D gralloc_ranchu: gralloc_alloc: Creating ashmem region of size 9850880
09-07 05:27:22.655  2845  2957 D EGL_emulation: eglMakeCurrent: 0xda21b080: ver 2 0 (tinfo 0xda20fd30)
09-07 05:27:22.659  2182  2182 W View    : requestLayout() improperly called by com.android.keyguard.AlphaOptimizedLinearLayout{551c6d8 V.E...... ......ID 7,0-48,61 #7f0a041c app:id/wifi_group} during second layout pass: posting in next frame
09-07 05:27:22.689  2182  2182 W View    : requestLayout() improperly called by StatusBarIconView(slot=mobile icon=null notification=null) during layout: running second layout pass
09-07 05:27:22.854  1793  2554 D gralloc_ranchu: gralloc_alloc: Creating ashmem region of size 9850880
09-07 05:27:22.881  1793  2554 D gralloc_ranchu: gralloc_alloc: Creating ashmem region of size 9850880
09-07 05:27:23.591  1792  2272 E GnssHAL_GnssInterface: gnssSvStatusCb: a: input svInfo.flags is 8
09-07 05:27:23.591  1792  2272 E GnssHAL_GnssInterface: gnssSvStatusCb: b: input svInfo.flags is 8
09-07 05:27:24.342  2845  3380 V FA      : Inactivity, disconnecting from the service
09-07 05:27:24.590  1792  2272 E GnssHAL_GnssInterface: gnssSvStatusCb: a: input svInfo.flags is 8
09-07 05:27:24.591  1792  2272 E GnssHAL_GnssInterface: gnssSvStatusCb: b: input svInfo.flags is 8
09-07 05:27:25.590  1792  2272 E GnssHAL_GnssInterface: gnssSvStatusCb: a: input svInfo.flags is 8
09-07 05:27:25.591  1792  2272 E GnssHAL_GnssInterface: gnssSvStatusCb: b: input svInfo.flags is 8
09-07 05:27:26.589  1792  2272 E GnssHAL_GnssInterface: gnssSvStatusCb: a: input svInfo.flags is 8
09-07 05:27:26.589  1792  2272 E GnssHAL_GnssInterface: gnssSvStatusCb: b: input svInfo.flags is 8
09-07 05:27:27.590  1792  2272 E GnssHAL_GnssInterface: gnssSvStatusCb: a: input svInfo.flags is 8
09-07 05:27:27.590  1792  2272 E GnssHAL_GnssInterface: gnssSvStatusCb: b: input svInfo.flags is 8
09-07 05:27:28.589  1792  2272 E GnssHAL_GnssInterface: gnssSvStatusCb: a: input svInfo.flags is 8
09-07 05:27:28.590  1792  2272 E GnssHAL_GnssInterface: gnssSvStatusCb: b: input svInfo.flags is 8
09-07 05:27:29.272  2845  2845 D takeScreenshot: Found 1 global views to redraw
09-07 05:27:29.324  1793  2554 D gralloc_ranchu: gralloc_alloc: Creating ashmem region of size 9850880
09-07 05:27:29.361  2845  2901 W DefaultFailureHandler: Failed to take screenshot
09-07 05:27:29.361  2845  2901 W DefaultFailureHandler: java.io.FileNotFoundException: view-op-error-12.png: open failed: EROFS (Read-only file system)
09-07 05:27:29.361  2845  2901 W DefaultFailureHandler: 	at libcore.io.IoBridge.open(IoBridge.java:496)
09-07 05:27:29.361  2845  2901 W DefaultFailureHandler: 	at java.io.FileOutputStream.<init>(FileOutputStream.java:235)
09-07 05:27:29.361  2845  2901 W DefaultFailureHandler: 	at java.io.FileOutputStream.<init>(FileOutputStream.java:125)
09-07 05:27:29.361  2845  2901 W DefaultFailureHandler: 	at androidx.test.platform.io.FileTestStorage.openOutputFile(FileTestStorage.java:60)
09-07 05:27:29.361  2845  2901 W DefaultFailureHandler: 	at androidx.test.core.graphics.BitmapStorage.writeToTestStorage(BitmapStorageExt.kt:49)
09-07 05:27:29.361  2845  2901 W DefaultFailureHandler: 	at androidx.test.espresso.base.DefaultFailureHandler.takeScreenshot(DefaultFailureHandler.java:4)
09-07 05:27:29.361  2845  2901 W DefaultFailureHandler: 	at androidx.test.espresso.base.DefaultFailureHandler.handle(DefaultFailureHandler.java:3)
09-07 05:27:29.361  2845  2901 W DefaultFailureHandler: 	at androidx.test.espresso.ViewInteraction.waitForAndHandleInteractionResults(ViewInteraction.java:8)
09-07 05:27:29.361  2845  2901 W DefaultFailureHandler: 	at androidx.test.espresso.ViewInteraction.desugaredPerform(ViewInteraction.java:11)
09-07 05:27:29.361  2845  2901 W DefaultFailureHandler: 	at androidx.test.espresso.ViewInteraction.perform(ViewInteraction.java:8)
09-07 05:27:29.361  2845  2901 W DefaultFailureHandler: 	at ru.iteco.fmhandroid.ui.data.TestUtils.waitView(TestUtils.java:61)
09-07 05:27:29.361  2845  2901 W DefaultFailureHandler: 	at ru.iteco.fmhandroid.ui.steps.AuthSteps.isAuthScreen(AuthSteps.java:58)
09-07 05:27:29.361  2845  2901 W DefaultFailureHandler: 	at ru.iteco.fmhandroid.ui.ControlPanelTest.logoutCheckAndOpenControlPanelPage(ControlPanelTest.java:58)
09-07 05:27:29.361  2845  2901 W DefaultFailureHandler: 	at java.lang.reflect.Method.invoke(Native Method)
09-07 05:27:29.361  2845  2901 W DefaultFailureHandler: 	at org.junit.runners.model.FrameworkMethod$1.runReflectiveCall(FrameworkMethod.java:59)
09-07 05:27:29.361  2845  2901 W DefaultFailureHandler: 	at org.junit.internal.runners.model.ReflectiveCallable.run(ReflectiveCallable.java:12)
09-07 05:27:29.361  2845  2901 W DefaultFailureHandler: 	at org.junit.runners.model.FrameworkMethod.invokeExplosively(FrameworkMethod.java:56)
09-07 05:27:29.361  2845  2901 W DefaultFailureHandler: 	at androidx.test.internal.runner.junit4.statement.RunBefores.evaluate(RunBefores.java:76)
09-07 05:27:29.361  2845  2901 W DefaultFailureHandler: 	at io.qameta.allure.android.rules.ScreenshotRule$apply$1.evaluate(ScreenshotRule.kt:22)
09-07 05:27:29.361  2845  2901 W DefaultFailureHandler: 	at org.junit.rules.ExternalResource$1.evaluate(ExternalResource.java:54)
09-07 05:27:29.361  2845  2901 W DefaultFailureHandler: 	at io.qameta.allure.android.rules.LogcatRule$apply$1.evaluate(LogcatRule.kt:23)
09-07 05:27:29.361  2845  2901 W DefaultFailureHandler: 	at org.junit.rules.RunRules.evaluate(RunRules.java:20)
09-07 05:27:29.361  2845  2901 W DefaultFailureHandler: 	at org.junit.runners.ParentRunner$3.evaluate(ParentRunner.java:306)
09-07 05:27:29.361  2845  2901 W DefaultFailureHandler: 	at org.junit.runners.BlockJUnit4ClassRunner$1.evaluate(BlockJUnit4ClassRunner.java:100)
09-07 05:27:29.361  2845  2901 W DefaultFailureHandler: 	at org.junit.runners.ParentRunner.runLeaf(ParentRunner.java:366)
09-07 05:27:29.361  2845  2901 W DefaultFailureHandler: 	at org.junit.runners.BlockJUnit4ClassRunner.runChild(BlockJUnit4ClassRunner.java:103)
09-07 05:27:29.361  2845  2901 W DefaultFailureHandler: 	at org.junit.runners.BlockJUnit4ClassRunner.runChild(BlockJUnit4ClassRunner.java:63)
09-07 05:27:29.361  2845  2901 W DefaultFailureHandler: 	at org.junit.runners.ParentRunner$4.run(ParentRunner.java:331)
09-07 05:27:29.361  2845  2901 W DefaultFailureHandler: 	at org.junit.runners.ParentRunner$1.schedule(ParentRunner.java:79)
09-07 05:27:29.361  2845  2901 W DefaultFailureHandler: 	at org.junit.runners.ParentRunner.runChildren(ParentRunner.java:329)
09-07 05:27:29.361  2845  2901 W DefaultFailureHandler: 	at org.junit.runners.ParentRunner.access$100(ParentRunner.java:66)
09-07 05:27:29.361  2845  2901 W DefaultFailureHandler: 	at org.junit.runners.ParentRunner$2.evaluate(ParentRunner.java:293)
09-07 05:27:29.361  2845  2901 W DefaultFailureHandler: 	at org.junit.runners.ParentRunner$3.evaluate(ParentRunner.java:306)
09-07 05:27:29.361  2845  2901 W DefaultFailureHandler: 	at org.junit.runners.ParentRunner.run(ParentRunner.java:413)
09-07 05:27:29.361  2845  2901 W DefaultFailureHandler: 	at androidx.test.ext.junit.runners.AndroidJUnit4.run(AndroidJUnit4.java:162)
09-07 05:27:29.361  2845  2901 W DefaultFailureHandler: 	at io.qameta.allure.android.runners.AllureAndroidJUnit4.run(AllureAndroidJUnitRunners.kt:29)
09-07 05:27:29.361  2845  2901 W DefaultFailureHandler: 	at org.junit.runners.Suite.runChild(Suite.java:128)
09-07 05:27:29.361  2845  2901 W DefaultFailureHandler: 	at org.junit.runners.Suite.runChild(Suite.java:27)
09-07 05:27:29.361  2845  2901 W DefaultFailureHandler: 	at org.junit.runners.ParentRunner$4.run(ParentRunner.java:331)
09-07 05:27:29.361  2845  2901 W DefaultFailureHandler: 	at org.junit.runners.ParentRunner$1.schedule(ParentRunner.java:79)
09-07 05:27:29.361  2845  2901 W DefaultFailureHandler: 	at org.junit.runners.ParentRunner.runChildren(ParentRunner.java:329)
09-07 05:27:29.361  2845  2901 W DefaultFailureHandler: 	at org.junit.runners.ParentRunner.access$100(ParentRunner.java:66)
09-07 05:27:29.361  2845  2901 W DefaultFailureHandler: 	at org.junit.runners.ParentRunner$2.evaluate(ParentRunner.java:293)
09-07 05:27:29.361  2845  2901 W DefaultFailureHandler: 	at org.junit.runners.ParentRunner$3.evaluate(ParentRunner.java:306)
09-07 05:27:29.361  2845  2901 W DefaultFailureHandler: 	at org.junit.runners.ParentRunner.run(ParentRunner.java:413)
09-07 05:27:29.361  2845  2901 W DefaultFailureHandler: 	at org.junit.runner.JUnitCore.run(JUnitCore.java:137)
09-07 05:27:29.361  2845  2901 W DefaultFailureHandler: 	at org.junit.runner.JUnitCore.run(JUnitCore.java:115)
09-07 05:27:29.361  2845  2901 W DefaultFailureHandler: 	at androidx.test.internal.runner.TestExecutor.execute(TestExecutor.java:67)
09-07 05:27:29.361  2845  2901 W DefaultFailureHandler: 	at androidx.test.internal.runner.TestExecutor.execute(TestExecutor.java:58)
09-07 05:27:29.361  2845  2901 W DefaultFailureHandler: 	at androidx.test.runner.AndroidJUnitRunner.onStart(AndroidJUnitRunner.java:438)
09-07 05:27:29.361  2845  2901 W DefaultFailureHandler: 	at android.app.Instrumentation$InstrumentationThread.run(Instrumentation.java:2189)
09-07 05:27:29.361  2845  2901 W DefaultFailureHandler: Caused by: android.system.ErrnoException: open failed: EROFS (Read-only file system)
09-07 05:27:29.361  2845  2901 W DefaultFailureHandler: 	at libcore.io.Linux.open(Native Method)
09-07 05:27:29.361  2845  2901 W DefaultFailureHandler: 	at libcore.io.ForwardingOs.open(ForwardingOs.java:167)
09-07 05:27:29.361  2845  2901 W DefaultFailureHandler: 	at libcore.io.BlockGuardOs.open(BlockGuardOs.java:252)
09-07 05:27:29.361  2845  2901 W DefaultFailureHandler: 	at libcore.io.ForwardingOs.open(ForwardingOs.java:167)
09-07 05:27:29.361  2845  2901 W DefaultFailureHandler: 	at android.app.ActivityThread$AndroidOs.open(ActivityThread.java:7255)
09-07 05:27:29.361  2845  2901 W DefaultFailureHandler: 	at libcore.io.IoBridge.open(IoBridge.java:482)
09-07 05:27:29.361  2845  2901 W DefaultFailureHandler: 	... 50 more
09-07 05:27:29.362  7867  7867 D BoundBrokerSvc: onUnbind: Intent { act=com.google.android.gms.measurement.START pkg=com.google.android.gms }
09-07 05:27:29.366  2845  2845 I ViewInteraction: Performing 'wait for a specific view with <view.getId() is <2131230870/ru.iteco.fmhandroid:id/authorization_image_button>> during 10000 millis.' action on view view.getRootView() to equal view
09-07 05:27:29.369  2845  2845 I ViewInteraction: Checking 'MatchesViewAssertion{viewMatcher=(view has effective visibility <VISIBLE> and view.getGlobalVisibleRect() to return non-empty rectangle)}' assertion on view view.getId() is <2131230870/ru.iteco.fmhandroid:id/authorization_image_button>
09-07 05:27:29.371  2845  2845 I ViewInteraction: Performing 'single click' action on view view.getId() is <2131230870/ru.iteco.fmhandroid:id/authorization_image_button>
09-07 05:27:29.418  1781  6116 W audio_hw_generic: Not supplying enough data to HAL, expected position 67927016 , only wrote 67927004
09-07 05:27:29.450  1793  2554 D gralloc_ranchu: gralloc_alloc: Creating ashmem region of size 884736
09-07 05:27:29.456  1793  2554 I chatty  : uid=1000(system) HwBinder:1793_2 identical 1 line
09-07 05:27:29.459  1793  2554 D gralloc_ranchu: gralloc_alloc: Creating ashmem region of size 884736
09-07 05:27:29.466  2845  2957 D EGL_emulation: eglMakeCurrent: 0xda21b080: ver 2 0 (tinfo 0xda20fd30)
09-07 05:27:29.502  2845  2957 I chatty  : uid=10136(ru.iteco.fmhandroid) RenderThread identical 2 lines
09-07 05:27:29.523  2845  2957 D EGL_emulation: eglMakeCurrent: 0xda21b080: ver 2 0 (tinfo 0xda20fd30)
09-07 05:27:29.589  1792  2272 E GnssHAL_GnssInterface: gnssSvStatusCb: a: input svInfo.flags is 8
09-07 05:27:29.590  1792  2272 E GnssHAL_GnssInterface: gnssSvStatusCb: b: input svInfo.flags is 8
09-07 05:27:29.754  2845  2845 I ViewInteraction: Performing 'wait for a specific view with <an instance of android.widget.TextView and view.getText() with or without transformation to match: is "Log out"> during 10000 millis.' action on view view.getRootView() to equal view
09-07 05:27:29.777  2845  2845 I ViewInteraction: Checking 'MatchesViewAssertion{viewMatcher=(view has effective visibility <VISIBLE> and view.getGlobalVisibleRect() to return non-empty rectangle)}' assertion on view an instance of android.widget.TextView and view.getText() with or without transformation to match: is "Log out"
09-07 05:27:29.782  2845  2845 I ViewInteraction: Performing 'single click' action on view an instance of android.widget.TextView and view.getText() with or without transformation to match: is "Log out"
09-07 05:27:29.834  2845  2957 D EGL_emulation: eglMakeCurrent: 0xda21b080: ver 2 0 (tinfo 0xda20fd30)
09-07 05:27:29.948  2845  2957 I chatty  : uid=10136(ru.iteco.fmhandroid) RenderThread identical 1 line
09-07 05:27:29.970  2845  2957 D EGL_emulation: eglMakeCurrent: 0xda21b080: ver 2 0 (tinfo 0xda20fd30)
09-07 05:27:30.063  2845  2845 I ViewInteraction: Performing 'wait for a specific view with <(an instance of android.widget.TextView and view.getText() with or without transformation to match: is "Authorization" and view.getParent() view.getParent() view.getId() is <2131231186>)> during 10000 millis.' action on view view.getRootView() to equal view
09-07 05:27:30.065  2845  2845 I ViewInteraction: Checking 'MatchesViewAssertion{viewMatcher=(view has effective visibility <VISIBLE> and view.getGlobalVisibleRect() to return non-empty rectangle)}' assertion on view (an instance of android.widget.TextView and view.getText() with or without transformation to match: is "Authorization" and view.getParent() view.getParent() view.getId() is <2131231186/ru.iteco.fmhandroid:id/nav_host_fragment>)
09-07 05:27:30.067  2845  2845 I ViewInteraction: Performing 'wait for a specific view with <(an instance of android.widget.TextView and view.getHint() matching: is "Login" and view.getParent() view.getParent() view.getId() is <2131231121/ru.iteco.fmhandroid:id/login_text_input_layout>)> during 10000 millis.' action on view view.getRootView() to equal view
09-07 05:27:30.069  2845  2845 I ViewInteraction: Checking 'MatchesViewAssertion{viewMatcher=(view has effective visibility <VISIBLE> and view.getGlobalVisibleRect() to return non-empty rectangle)}' assertion on view (an instance of android.widget.TextView and view.getHint() matching: is "Login" and view.getParent() view.getParent() view.getId() is <2131231121/ru.iteco.fmhandroid:id/login_text_input_layout>)
09-07 05:27:30.071  2845  2845 I ViewInteraction: Performing 'wait for a specific view with <(an instance of android.widget.TextView and view.getHint() matching: is "Password" and view.getParent() view.getParent() view.getId() is <2131231264/ru.iteco.fmhandroid:id/password_text_input_layout>)> during 10000 millis.' action on view view.getRootView() to equal view
09-07 05:27:30.073  2845  2845 I ViewInteraction: Checking 'MatchesViewAssertion{viewMatcher=(view has effective visibility <VISIBLE> and view.getGlobalVisibleRect() to return non-empty rectangle)}' assertion on view (an instance of android.widget.TextView and view.getHint() matching: is "Password" and view.getParent() view.getParent() view.getId() is <2131231264/ru.iteco.fmhandroid:id/password_text_input_layout>)
09-07 05:27:30.074  2845  2845 I ViewInteraction: Performing 'wait for a specific view with <(view.getId() is <2131231039/ru.iteco.fmhandroid:id/enter_button> and an instance of android.widget.TextView and view.getText() with or without transformation to match: is "SIGN IN" and view.getContentDescription() is "Save" and view.getParent() view.getParent() an instance of android.widget.RelativeLayout)> during 10000 millis.' action on view view.getRootView() to equal view
09-07 05:27:30.077  2845  2845 I ViewInteraction: Checking 'MatchesViewAssertion{viewMatcher=(view has effective visibility <VISIBLE> and view.getGlobalVisibleRect() to return non-empty rectangle)}' assertion on view (view.getId() is <2131231039/ru.iteco.fmhandroid:id/enter_button> and an instance of android.widget.TextView and view.getText() with or without transformation to match: is "SIGN IN" and view.getContentDescription() is "Save" and view.getParent() view.getParent() an instance of android.widget.RelativeLayout)
09-07 05:27:30.079  2845  2845 I ViewInteraction: Performing 'wait for a specific view with <(an instance of android.widget.TextView and view.getText() with or without transformation to match: is "Authorization" and view.getParent() view.getParent() view.getId() is <2131231186>)> during 10000 millis.' action on view view.getRootView() to equal view
09-07 05:27:30.081  2845  2845 I ViewInteraction: Checking 'MatchesViewAssertion{viewMatcher=(view has effective visibility <VISIBLE> and view.getGlobalVisibleRect() to return non-empty rectangle)}' assertion on view (an instance of android.widget.TextView and view.getText() with or without transformation to match: is "Authorization" and view.getParent() view.getParent() view.getId() is <2131231186/ru.iteco.fmhandroid:id/nav_host_fragment>)
09-07 05:27:30.083  2845  2845 I ViewInteraction: Performing 'wait for a specific view with <(an instance of android.widget.TextView and view.getHint() matching: is "Login" and view.getParent() view.getParent() view.getId() is <2131231121/ru.iteco.fmhandroid:id/login_text_input_layout>)> during 10000 millis.' action on view view.getRootView() to equal view
09-07 05:27:30.084  2845  2845 I ViewInteraction: Checking 'MatchesViewAssertion{viewMatcher=(view has effective visibility <VISIBLE> and view.getGlobalVisibleRect() to return non-empty rectangle)}' assertion on view (an instance of android.widget.TextView and view.getHint() matching: is "Login" and view.getParent() view.getParent() view.getId() is <2131231121/ru.iteco.fmhandroid:id/login_text_input_layout>)
09-07 05:27:30.086  2845  2845 I ViewInteraction: Performing 'wait for a specific view with <(an instance of android.widget.TextView and view.getHint() matching: is "Password" and view.getParent() view.getParent() view.getId() is <2131231264/ru.iteco.fmhandroid:id/password_text_input_layout>)> during 10000 millis.' action on view view.getRootView() to equal view
09-07 05:27:30.087  2845  2845 I ViewInteraction: Checking 'MatchesViewAssertion{viewMatcher=(view has effective visibility <VISIBLE> and view.getGlobalVisibleRect() to return non-empty rectangle)}' assertion on view (an instance of android.widget.TextView and view.getHint() matching: is "Password" and view.getParent() view.getParent() view.getId() is <2131231264/ru.iteco.fmhandroid:id/password_text_input_layout>)
09-07 05:27:30.089  2845  2845 I ViewInteraction: Performing 'wait for a specific view with <(view.getId() is <2131231039/ru.iteco.fmhandroid:id/enter_button> and an instance of android.widget.TextView and view.getText() with or without transformation to match: is "SIGN IN" and view.getContentDescription() is "Save" and view.getParent() view.getParent() an instance of android.widget.RelativeLayout)> during 10000 millis.' action on view view.getRootView() to equal view
09-07 05:27:30.090  2845  2845 I ViewInteraction: Checking 'MatchesViewAssertion{viewMatcher=(view has effective visibility <VISIBLE> and view.getGlobalVisibleRect() to return non-empty rectangle)}' assertion on view (view.getId() is <2131231039/ru.iteco.fmhandroid:id/enter_button> and an instance of android.widget.TextView and view.getText() with or without transformation to match: is "SIGN IN" and view.getContentDescription() is "Save" and view.getParent() view.getParent() an instance of android.widget.RelativeLayout)
09-07 05:27:30.092  2845  2845 I ViewInteraction: Performing 'wait for a specific view with <(an instance of android.widget.TextView and view.getHint() matching: is "Login" and view.getParent() view.getParent() view.getId() is <2131231121/ru.iteco.fmhandroid:id/login_text_input_layout>)> during 10000 millis.' action on view view.getRootView() to equal view
09-07 05:27:30.093  2845  2845 I ViewInteraction: Performing 'replace text(login2)' action on view (an instance of android.widget.TextView and view.getHint() matching: is "Login" and view.getParent() view.getParent() view.getId() is <2131231121/ru.iteco.fmhandroid:id/login_text_input_layout>)
09-07 05:27:30.111  2845  2845 I ViewInteraction: Performing 'wait for a specific view with <(an instance of android.widget.TextView and view.getHint() matching: is "Password" and view.getParent() view.getParent() view.getId() is <2131231264/ru.iteco.fmhandroid:id/password_text_input_layout>)> during 10000 millis.' action on view view.getRootView() to equal view
09-07 05:27:30.113  2845  2845 I ViewInteraction: Performing 'replace text(password2)' action on view (an instance of android.widget.TextView and view.getHint() matching: is "Password" and view.getParent() view.getParent() view.getId() is <2131231264/ru.iteco.fmhandroid:id/password_text_input_layout>)
09-07 05:27:30.124  2845  2845 I ViewInteraction: Performing 'wait for a specific view with <(view.getId() is <2131231039/ru.iteco.fmhandroid:id/enter_button> and an instance of android.widget.TextView and view.getText() with or without transformation to match: is "SIGN IN" and view.getContentDescription() is "Save" and view.getParent() view.getParent() an instance of android.widget.RelativeLayout)> during 10000 millis.' action on view view.getRootView() to equal view
09-07 05:27:30.126  2845  2845 I ViewInteraction: Checking 'MatchesViewAssertion{viewMatcher=view.isClickable() is <true>}' assertion on view (view.getId() is <2131231039/ru.iteco.fmhandroid:id/enter_button> and an instance of android.widget.TextView and view.getText() with or without transformation to match: is "SIGN IN" and view.getContentDescription() is "Save" and view.getParent() view.getParent() an instance of android.widget.RelativeLayout)
