--------- beginning of main
09-07 04:25:03.159  1792  2272 E GnssHAL_GnssInterface: gnssSvStatusCb: a: input svInfo.flags is 8
09-07 04:25:03.159  1792  2272 E GnssHAL_GnssInterface: gnssSvStatusCb: b: input svInfo.flags is 8
09-07 04:25:04.087  8425  8425 D BoundBrokerSvc: onUnbind: Intent { act=com.google.android.gms.nearby.exposurenotification.START dat=chimera-action: cmp=com.google.android.gms/.chimera.PersistentApiServiceNoInstantApps }
09-07 04:25:04.159  1792  2272 E GnssHAL_GnssInterface: gnssSvStatusCb: a: input svInfo.flags is 8
09-07 04:25:04.159  1792  2272 E GnssHAL_GnssInterface: gnssSvStatusCb: b: input svInfo.flags is 8
09-07 04:25:04.176  7867  7867 D BoundBrokerSvc: onUnbind: Intent { act=com.google.android.gms.feedback.internal.IFeedbackService dat=chimera-action: cmp=com.google.android.gms/.chimera.GmsBoundBrokerService }
09-07 04:25:04.181  8425  8425 D BoundBrokerSvc: onUnbind: Intent { act=com.google.android.gms.icing.LIGHTWEIGHT_INDEX_SERVICE dat=chimera-action: cmp=com.google.android.gms/.chimera.PersistentApiService }
--------- beginning of system
09-07 04:25:04.334  2037  2302 I ActivityManager: Force stopping ru.iteco.fmhandroid appid=10136 user=0: from pid 23480
09-07 04:25:04.340  2279  2279 D CarrierSvcBindHelper: No carrier app for: 0
09-07 04:25:04.359  9734  9734 I studio.deploy: Received request 'dump'
09-07 04:25:04.413  2037  2302 I ActivityManager: Force stopping ru.iteco.fmhandroid appid=10136 user=0: from pid 23499
09-07 04:25:04.419  2037  2169 E ClipboardService: Denying clipboard access to com.android.chrome, application is not in focus neither is a system service for user 0
09-07 04:25:04.420  2279  2279 D CarrierSvcBindHelper: No carrier app for: 0
09-07 04:25:04.437  9734  9734 I studio.deploy: Received request 'dump'
09-07 04:25:04.506  2037  2302 I ActivityManager: Force stopping ru.iteco.fmhandroid.test appid=10135 user=0: from pid 23516
09-07 04:25:04.514  2279  2279 D CarrierSvcBindHelper: No carrier app for: 0
09-07 04:25:04.620 23525 23525 D AndroidRuntime: >>>>>> START com.android.internal.os.RuntimeInit uid 2000 <<<<<<
09-07 04:25:04.622 23525 23525 E libc    : Access denied finding property "persist.device_config.runtime_native_boot.enable_apex_image"
09-07 04:25:04.622 23525 23525 I AndroidRuntime: Using default boot image
09-07 04:25:04.622 23525 23525 E libc    : Access denied finding property "persist.device_config.runtime_native_boot.disable_lock_profiling"
09-07 04:25:04.622 23525 23525 I AndroidRuntime: Leaving lock profiling enabled
09-07 04:25:04.622 23525 23525 E libc    : Access denied finding property "persist.device_config.runtime_native_boot.enable_generational_cc"
09-07 04:25:04.615 23525 23525 W app_process: type=1400 audit(0.0:244): avc: denied { read } for name="u:object_r:device_config_runtime_native_boot_prop:s0" dev="tmpfs" ino=6894 scontext=u:r:shell:s0 tcontext=u:object_r:device_config_runtime_native_boot_prop:s0 tclass=file permissive=0
09-07 04:25:04.615 23525 23525 W app_process: type=1400 audit(0.0:245): avc: denied { read } for name="u:object_r:device_config_runtime_native_boot_prop:s0" dev="tmpfs" ino=6894 scontext=u:r:shell:s0 tcontext=u:object_r:device_config_runtime_native_boot_prop:s0 tclass=file permissive=0
09-07 04:25:04.615 23525 23525 W app_process: type=1400 audit(0.0:246): avc: denied { read } for name="u:object_r:device_config_runtime_native_boot_prop:s0" dev="tmpfs" ino=6894 scontext=u:r:shell:s0 tcontext=u:object_r:device_config_runtime_native_boot_prop:s0 tclass=file permissive=0
09-07 04:25:04.663 23525 23525 D ICU     : Time zone APEX file found: /apex/com.android.tzdata/etc/icu/icu_tzdata.dat
09-07 04:25:04.666 23525 23525 W app_process: Unexpected CPU variant for X86 using defaults: x86
09-07 04:25:04.668 23525 23525 I app_process: The ClassLoaderContext is a special shared library.
09-07 04:25:04.683 23525 23525 W app_process: JNI RegisterNativeMethods: attempt to register 0 native methods for android.media.AudioAttributes
09-07 04:25:04.687 23525 23525 D AndroidRuntime: Calling main entry com.android.commands.am.Am
09-07 04:25:04.694  2037  6424 I ActivityManager: Force stopping ru.iteco.fmhandroid appid=10136 user=0: start instr
09-07 04:25:04.703  1775  1775 D Zygote  : Forked child process 23540
09-07 04:25:04.706 23540 23540 I teco.fmhandroi: Late-enabling -Xcheck:jni
09-07 04:25:04.713  2037  2067 I ActivityManager: Start proc 23540:ru.iteco.fmhandroid/u0a136 for added application ru.iteco.fmhandroid
09-07 04:25:04.720 23540 23540 E teco.fmhandroi: Unknown bits set in runtime_flags: 0x8000
09-07 04:25:04.720 23540 23540 W teco.fmhandroi: Unexpected CPU variant for X86 using defaults: x86
09-07 04:25:04.770 23540 23540 I teco.fmhandroi: The ClassLoaderContext is a special shared library.
09-07 04:25:05.088 23540 23540 I chatty  : uid=10136(ru.iteco.fmhandroid) identical 2 lines
09-07 04:25:05.088 23540 23540 I teco.fmhandroi: The ClassLoaderContext is a special shared library.
09-07 04:25:05.158  1792  2272 E GnssHAL_GnssInterface: gnssSvStatusCb: a: input svInfo.flags is 8
09-07 04:25:05.158  1792  2272 E GnssHAL_GnssInterface: gnssSvStatusCb: b: input svInfo.flags is 8
09-07 04:25:05.392 23540 23540 W teco.fmhandroi: Accessing hidden method Landroid/app/Instrumentation;->execStartActivity(Landroid/content/Context;Landroid/os/IBinder;Landroid/os/IBinder;Landroid/app/Activity;Landroid/content/Intent;ILandroid/os/Bundle;)Landroid/app/Instrumentation$ActivityResult; (greylist, linking, allowed)
09-07 04:25:05.392 23540 23540 W teco.fmhandroi: Accessing hidden method Landroid/app/Instrumentation;->execStartActivity(Landroid/content/Context;Landroid/os/IBinder;Landroid/os/IBinder;Ljava/lang/String;Landroid/content/Intent;ILandroid/os/Bundle;)Landroid/app/Instrumentation$ActivityResult; (greylist, linking, allowed)
09-07 04:25:05.399 23540 23540 I MonitoringInstr: newApplication called!
09-07 04:25:05.420 23540 23540 I FirebaseApp: Device unlocked: initializing all Firebase APIs for app [DEFAULT]
09-07 04:25:05.428 23540 23540 I FirebaseCrashlytics: Initializing Firebase Crashlytics 18.2.6 for ru.iteco.fmhandroid
09-07 04:25:05.462 23540 23574 I DynamiteModule: Considering local module com.google.android.gms.measurement.dynamite:55 and remote module com.google.android.gms.measurement.dynamite:93
09-07 04:25:05.462 23540 23574 I DynamiteModule: Selected remote version of com.google.android.gms.measurement.dynamite, version >= 93
09-07 04:25:05.463 23540 23574 V DynamiteModule: Dynamite loader version >= 2, using loadModule2NoCrashUtils
09-07 04:25:05.480 23540 23574 W System  : ClassLoader referenced unknown path: 
09-07 04:25:05.509 23540 23540 I FirebaseInitProvider: FirebaseApp initialization successful
09-07 04:25:05.527 23540 23540 I MonitoringInstr: Instrumentation started!
09-07 04:25:05.532 23540 23540 D ClassesArgTokenizer: input: ru.iteco.fmhandroid.ui.MainPageTest
09-07 04:25:05.533 23540 23574 W teco.fmhandroi: Accessing hidden method Lsun/misc/Unsafe;->arrayBaseOffset(Ljava/lang/Class;)I (greylist,core-platform-api, linking, allowed)
09-07 04:25:05.533 23540 23540 D ClassesArgTokenizer: result: [ru.iteco.fmhandroid.ui.MainPageTest]
09-07 04:25:05.533 23540 23574 W teco.fmhandroi: Accessing hidden method Lsun/misc/Unsafe;->arrayIndexScale(Ljava/lang/Class;)I (greylist, linking, allowed)
09-07 04:25:05.533 23540 23540 D ClassesArgTokenizer: input: null
09-07 04:25:05.533 23540 23540 D ClassesArgTokenizer: result: []
09-07 04:25:05.533 23540 23574 W teco.fmhandroi: Accessing hidden method Lsun/misc/Unsafe;->compareAndSwapInt(Ljava/lang/Object;JII)Z (greylist, linking, allowed)
09-07 04:25:05.534 23540 23574 W teco.fmhandroi: Accessing hidden method Lsun/misc/Unsafe;->compareAndSwapLong(Ljava/lang/Object;JJJ)Z (greylist, linking, allowed)
09-07 04:25:05.534 23540 23574 W teco.fmhandroi: Accessing hidden method Lsun/misc/Unsafe;->getIntVolatile(Ljava/lang/Object;J)I (greylist, linking, allowed)
09-07 04:25:05.534 23540 23574 W teco.fmhandroi: Accessing hidden method Lsun/misc/Unsafe;->getObjectVolatile(Ljava/lang/Object;J)Ljava/lang/Object; (greylist, linking, allowed)
09-07 04:25:05.534 23540 23574 W teco.fmhandroi: Accessing hidden method Lsun/misc/Unsafe;->objectFieldOffset(Ljava/lang/reflect/Field;)J (greylist,core-platform-api, linking, allowed)
09-07 04:25:05.534 23540 23574 W teco.fmhandroi: Accessing hidden method Lsun/misc/Unsafe;->putObjectVolatile(Ljava/lang/Object;JLjava/lang/Object;)V (greylist, linking, allowed)
09-07 04:25:05.534 23540 23574 W teco.fmhandroi: Accessing hidden field Lsun/misc/Unsafe;->theUnsafe:Lsun/misc/Unsafe; (greylist, reflection, allowed)
09-07 04:25:05.537 23540 23540 V TestEventClient: No service name argument was given (testDiscoveryService, testRunEventService or orchestratorService)
09-07 04:25:05.548 23540 23583 D AndroidJUnitRunner: onStart is called.
09-07 04:25:05.552 23540 23540 I MonitoringInstr: No JSBridge.
09-07 04:25:05.562 23540 23583 D TestRequestBuilder: Skipping class path scanning and directly running [ru.iteco.fmhandroid.ui.MainPageTest]
09-07 04:25:05.567 23540 23583 D ClassesArgTokenizer: input: ru.iteco.fmhandroid.ui.MainPageTest
09-07 04:25:05.567 23540 23583 D ClassesArgTokenizer: result: [ru.iteco.fmhandroid.ui.MainPageTest]
09-07 04:25:05.567 23540 23583 D ClassesArgTokenizer: input: null
09-07 04:25:05.568 23540 23583 D ClassesArgTokenizer: result: []
09-07 04:25:05.579 23540 23583 D AndroidJUnitRunner: Use the raw file system for managing file I/O.
09-07 04:25:05.583 23540 23583 D TestExecutor: Adding listener androidx.test.internal.runner.listener.LogRunListener
09-07 04:25:05.583 23540 23583 D TestExecutor: Adding listener androidx.test.internal.runner.listener.InstrumentationResultPrinter
09-07 04:25:05.583 23540 23583 D TestExecutor: Adding listener androidx.test.internal.runner.listener.ActivityFinisherRunListener
09-07 04:25:05.583 23540 23583 D TestExecutor: Adding listener androidx.test.internal.runner.listener.TraceRunListener
09-07 04:25:05.586 23540 23583 I TestRunner: run started: 12 tests
09-07 04:25:05.590 23540 23582 V FA      : App measurement collection enabled
09-07 04:25:05.590 23540 23582 V FA      : App measurement enabled for app package, google app id: ru.iteco.fmhandroid, 1:729587742060:android:e7d6f87c783f52b9a42f49
09-07 04:25:05.591 23540 23582 I FA      : App measurement initialized, version: 80069
09-07 04:25:05.591 23540 23582 I FA      : To enable debug logging run: adb shell setprop log.tag.FA VERBOSE
09-07 04:25:05.591 23540 23582 I FA      : To enable faster debug mode event logging run:
09-07 04:25:05.591 23540 23582 I FA      :   adb shell setprop debug.firebase.analytics.app ru.iteco.fmhandroid
09-07 04:25:05.591 23540 23582 D FA      : Debug-level message logging enabled
09-07 04:25:05.604 23540 23582 D FA      : Resetting session stitching token to not null
09-07 04:25:05.614 23540 23582 V FA      : Connecting to remote service
09-07 04:25:05.618  7867  7867 D BoundBrokerSvc: onBind: Intent { act=com.google.android.gms.measurement.START pkg=com.google.android.gms }
09-07 04:25:05.618  7867  7867 D BoundBrokerSvc: Loading bound service for intent: Intent { act=com.google.android.gms.measurement.START pkg=com.google.android.gms }
09-07 04:25:05.622 23540 23583 I TestRunner: started: shouldCollapseTheListOfNews(ru.iteco.fmhandroid.ui.MainPageTest)
09-07 04:25:05.626 23540 23582 V FA      : Connection attempt already in progress
09-07 04:25:05.642 23540 23582 V FA      : Connection attempt already in progress
09-07 04:25:05.642 23540 23582 D FA      : Connected to remote service
09-07 04:25:05.643 23540 23582 V FA      : Processing queued up service tasks: 3
09-07 04:25:05.676  7867 22594 V FA-SVC  : Saving default event parameters, appId, data size: ru.iteco.fmhandroid, 2
09-07 04:25:05.733  1774 23589 E ResolverController: No valid NAT64 prefix (101, <unspecified>/0)
09-07 04:25:05.770  2037  2037 V SettingsProvider: Notifying for 0: content://settings/secure/accessibility_enabled
09-07 04:25:05.772  2689  3033 I fteu    : (REDACTED) #onAccessibilityStateChanged enabled: %s
09-07 04:25:05.772  2689  3085 I fteu    : #onChange
09-07 04:25:05.772  2689  3085 I csoe    : #FCF: onChange
09-07 04:25:05.773  2689  3085 I csoi    : (REDACTED) FCF System FeatureName to check: %s
09-07 04:25:05.773  2689  3085 I csoi    : (REDACTED) FCF: Device model check status : %s
09-07 04:25:05.773  2689  3085 I csof    : FCF A11y Checker - readyForTngMa
09-07 04:25:05.774  2689  3085 I ctnd    : (REDACTED) #isBluetoothOrWiredHeadsetConnected Number of connected audio devices: %s
09-07 04:25:05.774  2689  3085 I cspe    : (REDACTED) #FCF: Headset Connected Status: %s
09-07 04:25:05.774  2689  3085 I csqr    : (REDACTED) #FCF: Demo mode check status : %s
09-07 04:25:05.775  2689  3084 I csqs    : (REDACTED) #FCF: Managed profile check status : %s
09-07 04:25:05.775  2689  3084 I csno    : (REDACTED) #FCF: Assistant primary locale : %s
09-07 04:25:05.775  2689  3084 I csno    : (REDACTED) #FCF: Assistant Primary locale check status : %s
09-07 04:25:05.776  2689  3084 W csqu    : Unable to check for productivity accounts. Assuming there are none.
09-07 04:25:05.776  2689  3084 W csqu    : com.google.android.libraries.geller.portable.GellerException: Code: INVALID_ARGUMENT, Message: Account name is null.
09-07 04:25:05.776  2689  3084 W csqu    : 	at ghid.a(PG:6)
09-07 04:25:05.776  2689  3084 W csqu    : 	at gxvx.a(PG:3)
09-07 04:25:05.776  2689  3084 W csqu    : 	at hnzx.a(PG:1)
09-07 04:25:05.776  2689  3084 W csqu    : 	at hobr.run(PG:4)
09-07 04:25:05.776  2689  3084 W csqu    : 	at ewes.run(PG:1)
09-07 04:25:05.776  2689  3084 W csqu    : 	at java.util.concurrent.ThreadPoolExecutor.runWorker(ThreadPoolExecutor.java:1167)
09-07 04:25:05.776  2689  3084 W csqu    : 	at java.util.concurrent.ThreadPoolExecutor$Worker.run(ThreadPoolExecutor.java:641)
09-07 04:25:05.776  2689  3084 W csqu    : 	at ewdw.run(PG:2)
09-07 04:25:05.776  2689  3084 W csqu    : 	at java.lang.Thread.run(Thread.java:919)
09-07 04:25:05.776  2689  3084 W csqu    : 	at ewfb.run(PG:5)
09-07 04:25:05.787  2666  3005 I biwj    : NGA disabled since it's running Panthera and at least one a11y feature is on.
09-07 04:25:05.787  2666  3005 I biwj    : (REDACTED) Nga state changed to %s
09-07 04:25:05.796  2666  3039 I bjbd    : Trying to enqueue PieTriggeringWorker
09-07 04:25:05.798  2689  2689 I aaag    : (REDACTED) eventData = %s
09-07 04:25:05.799  2689  3084 I znc     : Logging success flow
09-07 04:25:05.809  2689  3085 I csts    : (REDACTED) #FCF evaluate: %s
09-07 04:25:05.810  2689  3085 I csts    : (REDACTED) TngMaStatusChecker#evaluateInternal completed in %s millis
09-07 04:25:05.811  2689  3085 I cscy    : (REDACTED) TNG:MA status updated: %s
09-07 04:25:05.812  2689  3085 I cscy    : TNG:MA became ineligible, client should disconnect
09-07 04:25:05.812  2689  3085 I cscy    : #disconnectAndStop - preventing double stop
09-07 04:25:05.812  2689  3085 I csts    : #invalidationSource: adding saa update checker
09-07 04:25:05.812  2689  3085 I csts    : #invalidationSource: adding headset checker
09-07 04:25:05.814  2689  3084 I yzq     : (REDACTED) Nga on-device enabled based on TNG:MA active state: %b
09-07 04:25:05.815  2689  3084 I yzq     : (REDACTED) Nga on-device enabled based on TNG:MA active state: %b
09-07 04:25:05.815  2689  3084 I yzq     : Unsubscribed to apa or classic variant change.
09-07 04:25:05.826 23540 23583 W Settings: Setting always_finish_activities has moved from android.provider.Settings.System to android.provider.Settings.Global, returning read-only value.
09-07 04:25:05.829  2666  3039 I bjbd    : Trying to enqueue PieTriggeringWorker
09-07 04:25:05.830  2689  2689 I aaag    : (REDACTED) eventData = %s
09-07 04:25:05.831  2689  3085 I znc     : Logging success flow
09-07 04:25:05.838  2666  3039 I bjbd    : Trying to enqueue PieTriggeringWorker
09-07 04:25:05.838  2037  2428 I ActivityTaskManager: START u0 {act=android.intent.action.MAIN cat=[android.intent.category.LAUNCHER] flg=0x10008000 cmp=ru.iteco.fmhandroid.test/androidx.test.core.app.InstrumentationActivityInvoker$BootstrapActivity (has extras)} from uid 10136
09-07 04:25:05.843  2689  2689 I aaag    : (REDACTED) eventData = %s
09-07 04:25:05.846  2037  2061 E system_server: Invalid ID 0x00000000.
09-07 04:25:05.851  2037  8423 W InputReader: Device has associated, but no associated display id.
09-07 04:25:05.851  2037  8423 I chatty  : uid=1000(system) Binder:2037_20 identical 8 lines
09-07 04:25:05.851  2037  8423 W InputReader: Device has associated, but no associated display id.
09-07 04:25:05.872  1775  1775 D Zygote  : Forked child process 23597
09-07 04:25:05.874 23597 23597 I fmhandroid.tes: Late-enabling -Xcheck:jni
09-07 04:25:05.882  2037  2067 I ActivityManager: Start proc 23597:ru.iteco.fmhandroid.test/u0a135 for activity {ru.iteco.fmhandroid.test/androidx.test.core.app.InstrumentationActivityInvoker$BootstrapActivity}
09-07 04:25:05.882  1793 14098 D gralloc_ranchu: gralloc_alloc: Creating ashmem region of size 9850880
09-07 04:25:05.885 23597 23597 E fmhandroid.tes: Unknown bits set in runtime_flags: 0x8000
09-07 04:25:05.886 23597 23597 W fmhandroid.tes: Unexpected CPU variant for X86 using defaults: x86
09-07 04:25:05.926  2037  8423 W InputReader: Device has associated, but no associated display id.
09-07 04:25:05.932  2037  8423 I chatty  : uid=1000(system) Binder:2037_20 identical 28 lines
09-07 04:25:05.932  2037  8423 W InputReader: Device has associated, but no associated display id.
09-07 04:25:05.936  2037  2061 W InputReader: Device has associated, but no associated display id.
09-07 04:25:05.936  2037  2061 I chatty  : uid=1000(system) android.anim identical 8 lines
09-07 04:25:05.936  2037  2061 W InputReader: Device has associated, but no associated display id.
09-07 04:25:05.951  1793 14098 D gralloc_ranchu: gralloc_alloc: Creating ashmem region of size 9850880
09-07 04:25:05.959  2666  3068 D EGL_emulation: eglMakeCurrent: 0xda21b0e0: ver 2 0 (tinfo 0xda20fbb0)
09-07 04:25:05.974 23597 23597 I fmhandroid.tes: The ClassLoaderContext is a special shared library.
09-07 04:25:05.975 23597 23597 I fmhandroid.tes: The ClassLoaderContext is a special shared library.
09-07 04:25:05.989  2182  2468 D EGL_emulation: eglMakeCurrent: 0xda21a360: ver 2 0 (tinfo 0xda20f590)
09-07 04:25:05.990  2434  2714 D EGL_emulation: eglMakeCurrent: 0xed453b60: ver 2 0 (tinfo 0xe233a960)
09-07 04:25:06.013  2182  2182 W View    : requestLayout() improperly called by com.android.keyguard.AlphaOptimizedLinearLayout{551c6d8 V.E...... ......ID 7,0-48,61 #7f0a041c app:id/wifi_group} during second layout pass: posting in next frame
09-07 04:25:06.031  2666  2666 I dnsi    : onPause
09-07 04:25:06.041  2182  2182 W View    : requestLayout() improperly called by StatusBarIconView(slot=mobile icon=null notification=null) during layout: running second layout pass
09-07 04:25:06.087  2182  2468 D EGL_emulation: eglMakeCurrent: 0xda21a360: ver 2 0 (tinfo 0xda20f590)
09-07 04:25:06.095  2182  2468 D EGL_emulation: eglMakeCurrent: 0xda21a360: ver 2 0 (tinfo 0xda20f590)
09-07 04:25:06.097  2182  2182 W View    : requestLayout() improperly called by com.android.keyguard.AlphaOptimizedLinearLayout{551c6d8 V.E...... ......ID 7,0-48,61 #7f0a041c app:id/wifi_group} during second layout pass: posting in next frame
09-07 04:25:06.112  2666 20907 V ClearcutMetricXmitter: Transmission is done.
09-07 04:25:06.119  2182  2182 W View    : requestLayout() improperly called by StatusBarIconView(slot=mobile icon=null notification=null) during layout: running second layout pass
09-07 04:25:06.128  2182  2468 D EGL_emulation: eglMakeCurrent: 0xda21a360: ver 2 0 (tinfo 0xda20f590)
09-07 04:25:06.155  1823  2077 E SurfaceFlinger: ro.sf.lcd_density must be defined as a build property
09-07 04:25:06.156  1823  2078 E SurfaceFlinger: ro.sf.lcd_density must be defined as a build property
09-07 04:25:06.158  1792  2272 E GnssHAL_GnssInterface: gnssSvStatusCb: a: input svInfo.flags is 8
09-07 04:25:06.158  1792  2272 E GnssHAL_GnssInterface: gnssSvStatusCb: b: input svInfo.flags is 8
09-07 04:25:06.161 23597 23631 D libEGL  : Emulator has host GPU support, qemu.gles is set to 1.
09-07 04:25:06.161 23597 23631 W libc    : Unable to set property "qemu.gles" to "1": connection failed; errno=13 (Permission denied)
09-07 04:25:06.155 23597 23597 W RenderThread: type=1400 audit(0.0:247): avc: denied { write } for name="property_service" dev="tmpfs" ino=6988 scontext=u:r:untrusted_app:s0:c135,c256,c512,c768 tcontext=u:object_r:property_socket:s0 tclass=sock_file permissive=0
09-07 04:25:06.173 23597 23631 D libEGL  : loaded /vendor/lib/egl/libEGL_emulation.so
09-07 04:25:06.174 23597 23631 D libEGL  : loaded /vendor/lib/egl/libGLESv1_CM_emulation.so
09-07 04:25:06.175 23597 23631 D libEGL  : loaded /vendor/lib/egl/libGLESv2_emulation.so
09-07 04:25:06.193  2037  6424 I ActivityTaskManager: START u0 {act=android.intent.action.MAIN cat=[android.intent.category.LAUNCHER] cmp=ru.iteco.fmhandroid/.ui.AppActivity} from uid 10136
09-07 04:25:06.199  2037  6424 W InputReader: Device has associated, but no associated display id.
09-07 04:25:06.200  2037  6424 I chatty  : uid=1000(system) Binder:2037_1B identical 38 lines
09-07 04:25:06.200  2037  6424 W InputReader: Device has associated, but no associated display id.
09-07 04:25:06.201 23540 23540 W ActivityThread: handleWindowVisibility: no activity for token android.os.BinderProxy@dce2beb
09-07 04:25:06.202  2037  6424 W InputReader: Device has associated, but no associated display id.
09-07 04:25:06.204  2037  6424 I chatty  : uid=1000(system) Binder:2037_1B identical 18 lines
09-07 04:25:06.204  2037  6424 W InputReader: Device has associated, but no associated display id.
09-07 04:25:06.207  1823  2078 E SurfaceFlinger: ro.sf.lcd_density must be defined as a build property
09-07 04:25:06.212  2666  2666 I dnsi    : onStop
09-07 04:25:06.214  1823  2077 E SurfaceFlinger: ro.sf.lcd_density must be defined as a build property
09-07 04:25:06.223 23540 23635 D libEGL  : Emulator has host GPU support, qemu.gles is set to 1.
09-07 04:25:06.223 23540 23635 W libc    : Unable to set property "qemu.gles" to "1": connection failed; errno=13 (Permission denied)
09-07 04:25:06.215 23540 23540 W RenderThread: type=1400 audit(0.0:248): avc: denied { write } for name="property_service" dev="tmpfs" ino=6988 scontext=u:r:untrusted_app:s0:c136,c256,c512,c768 tcontext=u:object_r:property_socket:s0 tclass=sock_file permissive=0
09-07 04:25:06.233  1823  1823 W SurfaceFlinger: couldn't log to binary event log: overflow.
09-07 04:25:06.244  1823  1823 W SurfaceFlinger: couldn't log to binary event log: overflow.
09-07 04:25:06.262 23540 23635 D libEGL  : loaded /vendor/lib/egl/libEGL_emulation.so
09-07 04:25:06.263 23540 23635 D libEGL  : loaded /vendor/lib/egl/libGLESv1_CM_emulation.so
09-07 04:25:06.270 23540 23635 D libEGL  : loaded /vendor/lib/egl/libGLESv2_emulation.so
09-07 04:25:06.273 23540 23540 D LifecycleMonitor: Lifecycle status change: ru.iteco.fmhandroid.ui.AppActivity@bf025f4 in: PRE_ON_CREATE
09-07 04:25:06.273 23540 23540 V ActivityScenario: Activity lifecycle changed event received but ignored because the reported transition was not ON_CREATE while the last known transition was PRE_ON_CREATE
09-07 04:25:06.286 23540 23574 V FA      : onActivityCreated
09-07 04:25:06.305 23540 23540 W teco.fmhandroi: Accessing hidden method Landroid/view/View;->computeFitSystemWindows(Landroid/graphics/Rect;Landroid/graphics/Rect;)Z (greylist, reflection, allowed)
09-07 04:25:06.305 23540 23540 W teco.fmhandroi: Accessing hidden method Landroid/view/ViewGroup;->makeOptionalFitsSystemWindows()V (greylist, reflection, allowed)
09-07 04:25:06.383  2689 11368 V ClearcutMetricXmitter: Transmission is done.
09-07 04:25:06.402 23540 23540 D NetworkSecurityConfig: No Network Security Config specified, using platform default
09-07 04:25:06.409 23540 23540 W teco.fmhandroi: Accessing hidden method Ljava/lang/invoke/MethodHandles$Lookup;-><init>(Ljava/lang/Class;I)V (greylist, reflection, allowed)
09-07 04:25:06.497 23540 23540 D LifecycleMonitor: Lifecycle status change: ru.iteco.fmhandroid.ui.AppActivity@bf025f4 in: CREATED
09-07 04:25:06.497 23540 23540 V ActivityScenario: Update currentActivityStage to CREATED, currentActivity=ru.iteco.fmhandroid.ui.AppActivity@bf025f4
09-07 04:25:06.565 23540 23540 D LifecycleMonitor: Lifecycle status change: ru.iteco.fmhandroid.ui.AppActivity@bf025f4 in: STARTED
09-07 04:25:06.566 23540 23540 V ActivityScenario: Update currentActivityStage to STARTED, currentActivity=ru.iteco.fmhandroid.ui.AppActivity@bf025f4
09-07 04:25:06.567 23540 23540 D LifecycleMonitor: Lifecycle status change: ru.iteco.fmhandroid.ui.AppActivity@bf025f4 in: RESUMED
09-07 04:25:06.568 23540 23540 V ActivityScenario: Update currentActivityStage to RESUMED, currentActivity=ru.iteco.fmhandroid.ui.AppActivity@bf025f4
09-07 04:25:06.570 23540 23574 W teco.fmhandroi: Accessing hidden method Lsun/misc/Unsafe;->compareAndSwapObject(Ljava/lang/Object;JLjava/lang/Object;Ljava/lang/Object;)Z (greylist, linking, allowed)
09-07 04:25:06.570 23540 23574 W teco.fmhandroi: Accessing hidden method Lsun/misc/Unsafe;->getObject(Ljava/lang/Object;J)Ljava/lang/Object; (greylist, linking, allowed)
09-07 04:25:06.569 23540 23582 V FA      : Activity resumed, time: 3630460
09-07 04:25:06.578 23540 23583 W FileTestStorage: Output properties is not supported.
09-07 04:25:06.579 23540 23583 I Tracing : Tracer added: class androidx.test.platform.tracing.AndroidXTracer
09-07 04:25:06.579 23540 23582 I FA      : Tag Manager is not found and thus will not be used
09-07 04:25:06.600 23540 23583 D EventInjectionStrategy: Creating injection strategy with input manager.
09-07 04:25:06.601 23540 23583 W teco.fmhandroi: Accessing hidden method Landroid/hardware/input/InputManager;->getInstance()Landroid/hardware/input/InputManager; (greylist, reflection, allowed)
09-07 04:25:06.601 23540 23583 W teco.fmhandroi: Accessing hidden method Landroid/hardware/input/InputManager;->injectInputEvent(Landroid/view/InputEvent;I)Z (greylist, reflection, allowed)
09-07 04:25:06.601 23540 23583 W teco.fmhandroi: Accessing hidden field Landroid/hardware/input/InputManager;->INJECT_INPUT_EVENT_MODE_WAIT_FOR_FINISH:I (greylist, reflection, allowed)
09-07 04:25:06.650 23540 23632 D HostConnection: HostConnection::get() New Host Connection established 0xd6c2d1b0, tid 23632
09-07 04:25:06.650 23540 23632 D HostConnection: HostComposition ext ANDROID_EMU_CHECKSUM_HELPER_v1 ANDROID_EMU_dma_v1 ANDROID_EMU_direct_mem ANDROID_EMU_vulkan ANDROID_EMU_deferred_vulkan_commands ANDROID_EMU_vulkan_null_optional_strings ANDROID_EMU_vulkan_create_resources_with_requirements ANDROID_EMU_YUV420_888_to_NV21 ANDROID_EMU_YUV_Cache ANDROID_EMU_vulkan_free_memory_sync ANDROID_EMU_vulkan_shader_float16_int8 ANDROID_EMU_vulkan_async_queue_submit ANDROID_EMU_sync_buffer_data GL_OES_vertex_array_object GL_KHR_texture_compression_astc_ldr ANDROID_EMU_host_side_tracing ANDROID_EMU_gles_max_version_2 
09-07 04:25:06.655 23540 23632 W OpenGLRenderer: Failed to choose config with EGL_SWAP_BEHAVIOR_PRESERVED, retrying without...
09-07 04:25:06.672 23540 23632 D eglCodecCommon: setVertexArrayObject: set vao to 0 (0) 0 0
09-07 04:25:06.672 23540 23632 D EGL_emulation: eglCreateContext: 0xed47fd00: maj 2 min 0 rcv 2
09-07 04:25:06.689  7867 22594 V FA-SVC  : Logging event: origin=auto,name=screen_view(_vs),params=Bundle[{ga_event_origin(_o)=auto, ga_screen_class(_sc)=AppActivity, ga_screen_id(_si)=7057929611104525204}]
09-07 04:25:06.694 23540 23632 D EGL_emulation: eglMakeCurrent: 0xed47fd00: ver 2 0 (tinfo 0xe22a70d0)
09-07 04:25:06.701  8425  8425 D BoundBrokerSvc: onBind: Intent { act=com.google.android.gms.presencemanager.service.START dat=chimera-action: cmp=com.google.android.gms/.chimera.PersistentApiService }
09-07 04:25:06.701  8425  8425 D BoundBrokerSvc: Loading bound service for intent: Intent { act=com.google.android.gms.presencemanager.service.START dat=chimera-action: cmp=com.google.android.gms/.chimera.PersistentApiService }
09-07 04:25:06.703  1793 14098 D gralloc_ranchu: gralloc_alloc: Creating ashmem region of size 9113600
09-07 04:25:06.705  8425  8425 D BoundBrokerSvc: onBind: Intent { act=com.google.android.gms.presencemanager.service.INTERNAL_IDENTITY dat=chimera-action: cmp=com.google.android.gms/.chimera.PersistentApiService }
09-07 04:25:06.705  8425  8425 D BoundBrokerSvc: Loading bound service for intent: Intent { act=com.google.android.gms.presencemanager.service.INTERNAL_IDENTITY dat=chimera-action: cmp=com.google.android.gms/.chimera.PersistentApiService }
09-07 04:25:06.705  1678  1678 I hwservicemanager: getTransport: Cannot find entry android.hardware.graphics.mapper@3.0::IMapper/default in either framework or device manifest.
09-07 04:25:06.706 23540 23632 W Gralloc3: mapper 3.x is not supported
09-07 04:25:06.707 23540 23632 D HostConnection: createUnique: call
09-07 04:25:06.707 23540 23632 D HostConnection: HostConnection::get() New Host Connection established 0xd6c2d980, tid 23632
09-07 04:25:06.708 23540 23632 D HostConnection: HostComposition ext ANDROID_EMU_CHECKSUM_HELPER_v1 ANDROID_EMU_dma_v1 ANDROID_EMU_direct_mem ANDROID_EMU_vulkan ANDROID_EMU_deferred_vulkan_commands ANDROID_EMU_vulkan_null_optional_strings ANDROID_EMU_vulkan_create_resources_with_requirements ANDROID_EMU_YUV420_888_to_NV21 ANDROID_EMU_YUV_Cache ANDROID_EMU_vulkan_free_memory_sync ANDROID_EMU_vulkan_shader_float16_int8 ANDROID_EMU_vulkan_async_queue_submit ANDROID_EMU_sync_buffer_data GL_OES_vertex_array_object GL_KHR_texture_compression_astc_ldr ANDROID_EMU_host_side_tracing ANDROID_EMU_gles_max_version_2 
09-07 04:25:06.708 23540 23632 D eglCodecCommon: allocate: Ask for block of size 0x1000
09-07 04:25:06.709 23540 23632 D eglCodecCommon: allocate: ioctl allocate returned offset 0x3ff68a000 size 0x2000
09-07 04:25:06.710  1793 14098 D gralloc_ranchu: gralloc_alloc: Creating ashmem region of size 9113600
09-07 04:25:06.712  1793 14098 D gralloc_ranchu: gralloc_alloc: Creating ashmem region of size 9113600
09-07 04:25:06.715  7867 22594 V FA-SVC  : Upload scheduled in approximately ms: 130395
09-07 04:25:06.715  7867 22594 V FA-SVC  : Unscheduling upload
09-07 04:25:06.717  7867 22594 V FA-SVC  : Scheduling upload, millis: 130395
09-07 04:25:06.718 23540 23632 D EGL_emulation: eglMakeCurrent: 0xed47fd00: ver 2 0 (tinfo 0xe22a70d0)
09-07 04:25:06.719  7867 22594 V FA-SVC  : Background event processing time, ms: 38
09-07 04:25:06.727 23540 23632 D eglCodecCommon: setVertexArrayObject: set vao to 0 (0) 1 0
09-07 04:25:06.804  2182  2182 W View    : requestLayout() improperly called by com.android.keyguard.AlphaOptimizedLinearLayout{551c6d8 V.E...... ......ID 7,0-48,61 #7f0a041c app:id/wifi_group} during second layout pass: posting in next frame
09-07 04:25:06.823  2182  2182 W View    : requestLayout() improperly called by StatusBarIconView(slot=mobile icon=null notification=null) during layout: running second layout pass
09-07 04:25:06.826  2037  2065 I ActivityTaskManager: Displayed ru.iteco.fmhandroid/.ui.AppActivity: +955ms
09-07 04:25:06.839 23540 23583 W FileTestStorage: Test input args is not supported.
09-07 04:25:06.847 23540 23540 W teco.fmhandroi: Accessing hidden method Landroid/os/MessageQueue;->next()Landroid/os/Message; (greylist, reflection, allowed)
09-07 04:25:06.847 23540 23540 W teco.fmhandroi: Accessing hidden field Landroid/os/MessageQueue;->mMessages:Landroid/os/Message; (greylist, reflection, allowed)
09-07 04:25:06.847 23540 23540 W teco.fmhandroi: Accessing hidden method Landroid/os/Message;->recycleUnchecked()V (greylist, reflection, allowed)
09-07 04:25:06.847 23540 23583 W teco.fmhandroi: Accessing hidden method Lsun/misc/Unsafe;->getUnsafe()Lsun/misc/Unsafe; (greylist,core-platform-api, linking, allowed)
09-07 04:25:06.848 23540 23583 W teco.fmhandroi: Accessing hidden method Lsun/misc/Unsafe;->putObject(Ljava/lang/Object;JLjava/lang/Object;)V (greylist, linking, allowed)
09-07 04:25:06.850  2182  2182 W View    : requestLayout() improperly called by com.android.keyguard.AlphaOptimizedLinearLayout{551c6d8 V.E...... ......ID 7,0-48,61 #7f0a041c app:id/wifi_group} during second layout pass: posting in next frame
09-07 04:25:06.856 23540 23583 W teco.fmhandroi: Accessing hidden method Lsun/misc/Unsafe;->compareAndSwapObject(Ljava/lang/Object;JLjava/lang/Object;Ljava/lang/Object;)Z (greylist, linking, allowed)
09-07 04:25:06.856 23540 23583 W teco.fmhandroi: Accessing hidden method Lsun/misc/Unsafe;->getObject(Ljava/lang/Object;J)Ljava/lang/Object; (greylist, linking, allowed)
09-07 04:25:06.857 23540 23540 W teco.fmhandroi: Accessing hidden method Landroid/view/WindowManagerGlobal;->getInstance()Landroid/view/WindowManagerGlobal; (greylist, reflection, allowed)
09-07 04:25:06.857 23540 23540 W teco.fmhandroi: Accessing hidden field Landroid/view/WindowManagerGlobal;->mViews:Ljava/util/ArrayList; (greylist, reflection, allowed)
09-07 04:25:06.857 23540 23540 W teco.fmhandroi: Accessing hidden field Landroid/view/WindowManagerGlobal;->mParams:Ljava/util/ArrayList; (greylist, reflection, allowed)
09-07 04:25:06.868 23540 23540 I ViewInteraction: Performing 'wait for a specific view with <an instance of android.widget.TextView and view.getText() with or without transformation to match: is "News"> during 10000 millis.' action on view view.getRootView() to equal view
09-07 04:25:06.871  2182  2182 W View    : requestLayout() improperly called by StatusBarIconView(slot=mobile icon=null notification=null) during layout: running second layout pass
09-07 04:25:06.895  2182  2182 W View    : requestLayout() improperly called by com.android.keyguard.AlphaOptimizedLinearLayout{551c6d8 V.E...... ......ID 7,0-48,61 #7f0a041c app:id/wifi_group} during second layout pass: posting in next frame
09-07 04:25:06.907  2182  2182 W View    : requestLayout() improperly called by StatusBarIconView(slot=mobile icon=null notification=null) during layout: running second layout pass
09-07 04:25:06.928  2182  2182 W View    : requestLayout() improperly called by com.android.keyguard.AlphaOptimizedLinearLayout{551c6d8 V.E...... ......ID 7,0-48,61 #7f0a041c app:id/wifi_group} during second layout pass: posting in next frame
09-07 04:25:06.944  2182  2182 W View    : requestLayout() improperly called by StatusBarIconView(slot=mobile icon=null notification=null) during layout: running second layout pass
09-07 04:25:06.963  2182  2182 W View    : requestLayout() improperly called by com.android.keyguard.AlphaOptimizedLinearLayout{551c6d8 V.E...... ......ID 7,0-48,61 #7f0a041c app:id/wifi_group} during second layout pass: posting in next frame
09-07 04:25:06.982  2182  2182 W View    : requestLayout() improperly called by StatusBarIconView(slot=mobile icon=null notification=null) during layout: running second layout pass
09-07 04:25:06.999  2182  2182 W View    : requestLayout() improperly called by com.android.keyguard.AlphaOptimizedLinearLayout{551c6d8 V.E...... ......ID 7,0-48,61 #7f0a041c app:id/wifi_group} during second layout pass: posting in next frame
09-07 04:25:07.018  2182  2182 W View    : requestLayout() improperly called by StatusBarIconView(slot=mobile icon=null notification=null) during layout: running second layout pass
09-07 04:25:07.036  2182  2182 W View    : requestLayout() improperly called by com.android.keyguard.AlphaOptimizedLinearLayout{551c6d8 V.E...... ......ID 7,0-48,61 #7f0a041c app:id/wifi_group} during second layout pass: posting in next frame
09-07 04:25:07.054  2182  2182 W View    : requestLayout() improperly called by StatusBarIconView(slot=mobile icon=null notification=null) during layout: running second layout pass
09-07 04:25:07.085  8425  8441 I FontLog : (REDACTED) Received query %s, URI %s
09-07 04:25:07.085  8425  8441 I FontLog : (REDACTED) Query [%s] resolved to %s
09-07 04:25:07.087  8425  8441 I FontLog : (REDACTED) Fetch %s end status %s
09-07 04:25:07.094  8425  8441 I FontLog : (REDACTED) Pulling font file for id = %d, cache size = %d
09-07 04:25:07.097  8425  8441 I FontLog : (REDACTED) Pulling font file for id = %d, cache size = %d
09-07 04:25:07.159  1792  2272 E GnssHAL_GnssInterface: gnssSvStatusCb: a: input svInfo.flags is 8
09-07 04:25:07.159  1792  2272 E GnssHAL_GnssInterface: gnssSvStatusCb: b: input svInfo.flags is 8
09-07 04:25:08.160  1792  2272 E GnssHAL_GnssInterface: gnssSvStatusCb: a: input svInfo.flags is 8
09-07 04:25:08.160  1792  2272 E GnssHAL_GnssInterface: gnssSvStatusCb: b: input svInfo.flags is 8
09-07 04:25:08.768  2434  2940 E ActivityThread: Failed to find provider info for com.google.android.apps.wellbeing.api
09-07 04:25:09.161  1792  2272 E GnssHAL_GnssInterface: gnssSvStatusCb: a: input svInfo.flags is 8
09-07 04:25:09.161  1792  2272 E GnssHAL_GnssInterface: gnssSvStatusCb: b: input svInfo.flags is 8
09-07 04:25:09.899  2182  2182 W View    : requestLayout() improperly called by com.android.keyguard.AlphaOptimizedLinearLayout{551c6d8 V.E...... ......ID 7,0-48,61 #7f0a041c app:id/wifi_group} during second layout pass: posting in next frame
09-07 04:25:09.908 23540 23632 D EGL_emulation: eglMakeCurrent: 0xed47fd00: ver 2 0 (tinfo 0xe22a70d0)
09-07 04:25:09.917  2182  2182 W View    : requestLayout() improperly called by StatusBarIconView(slot=mobile icon=null notification=null) during layout: running second layout pass
09-07 04:25:09.918  1793 14098 D gralloc_ranchu: gralloc_alloc: Creating ashmem region of size 9850880
09-07 04:25:09.946 23540 23632 D EGL_emulation: eglMakeCurrent: 0xed47fd00: ver 2 0 (tinfo 0xe22a70d0)
09-07 04:25:10.129  1793 14098 D gralloc_ranchu: gralloc_alloc: Creating ashmem region of size 9850880
09-07 04:25:10.159  1793 14098 D gralloc_ranchu: gralloc_alloc: Creating ashmem region of size 9850880
09-07 04:25:10.159  1792  2272 E GnssHAL_GnssInterface: gnssSvStatusCb: a: input svInfo.flags is 8
09-07 04:25:10.159  1792  2272 E GnssHAL_GnssInterface: gnssSvStatusCb: b: input svInfo.flags is 8
09-07 04:25:11.160  1792  2272 E GnssHAL_GnssInterface: gnssSvStatusCb: a: input svInfo.flags is 8
09-07 04:25:11.160  1792  2272 E GnssHAL_GnssInterface: gnssSvStatusCb: b: input svInfo.flags is 8
09-07 04:25:11.687 23540 23582 V FA      : Inactivity, disconnecting from the service
09-07 04:25:12.162  1792  2272 E GnssHAL_GnssInterface: gnssSvStatusCb: a: input svInfo.flags is 8
09-07 04:25:12.162  1792  2272 E GnssHAL_GnssInterface: gnssSvStatusCb: b: input svInfo.flags is 8
09-07 04:25:13.162  1792  2272 E GnssHAL_GnssInterface: gnssSvStatusCb: a: input svInfo.flags is 8
09-07 04:25:13.162  1792  2272 E GnssHAL_GnssInterface: gnssSvStatusCb: b: input svInfo.flags is 8
09-07 04:25:14.162  1792  2272 E GnssHAL_GnssInterface: gnssSvStatusCb: a: input svInfo.flags is 8
09-07 04:25:14.162  1792  2272 E GnssHAL_GnssInterface: gnssSvStatusCb: b: input svInfo.flags is 8
09-07 04:25:15.162  1792  2272 E GnssHAL_GnssInterface: gnssSvStatusCb: a: input svInfo.flags is 8
09-07 04:25:15.162  1792  2272 E GnssHAL_GnssInterface: gnssSvStatusCb: b: input svInfo.flags is 8
09-07 04:25:15.879  2666  3039 I apeh    : dispose()
09-07 04:25:15.880  2666  3039 W awiv    : (REDACTED) Queue length for executor %s is now %d. Perhaps some tasks are too long, or the pool is too small.
09-07 04:25:16.162  1792  2272 E GnssHAL_GnssInterface: gnssSvStatusCb: a: input svInfo.flags is 8
09-07 04:25:16.162  1792  2272 E GnssHAL_GnssInterface: gnssSvStatusCb: b: input svInfo.flags is 8
09-07 04:25:16.691  7867  7867 D BoundBrokerSvc: onUnbind: Intent { act=com.google.android.gms.measurement.START pkg=com.google.android.gms }
09-07 04:25:16.699  2037  2065 E memtrack: Couldn't load memtrack module
09-07 04:25:16.700  2037  2065 W android.os.Debug: failed to get memory consumption info: -1
09-07 04:25:16.932 23540 23540 D takeScreenshot: Found 1 global views to redraw
09-07 04:25:16.985  1793 14098 D gralloc_ranchu: gralloc_alloc: Creating ashmem region of size 9850880
09-07 04:25:17.000  1678  1678 I hwservicemanager: getTransport: Cannot find entry android.hardware.graphics.mapper@3.0::IMapper/default in either framework or device manifest.
09-07 04:25:17.000 23525 23592 W Gralloc3: mapper 3.x is not supported
09-07 04:25:17.005 23525 23592 D HostConnection: createUnique: call
09-07 04:25:17.005 23525 23592 D HostConnection: HostConnection::get() New Host Connection established 0xf2d55620, tid 23592
09-07 04:25:17.006 23525 23592 D HostConnection: HostComposition ext ANDROID_EMU_CHECKSUM_HELPER_v1 ANDROID_EMU_dma_v1 ANDROID_EMU_direct_mem ANDROID_EMU_vulkan ANDROID_EMU_deferred_vulkan_commands ANDROID_EMU_vulkan_null_optional_strings ANDROID_EMU_vulkan_create_resources_with_requirements ANDROID_EMU_YUV420_888_to_NV21 ANDROID_EMU_YUV_Cache ANDROID_EMU_vulkan_free_memory_sync ANDROID_EMU_vulkan_shader_float16_int8 ANDROID_EMU_vulkan_async_queue_submit ANDROID_EMU_sync_buffer_data GL_OES_vertex_array_object GL_KHR_texture_compression_astc_ldr ANDROID_EMU_host_side_tracing ANDROID_EMU_gles_max_version_2 
09-07 04:25:17.007 23525 23592 D eglCodecCommon: allocate: Ask for block of size 0x1000
09-07 04:25:17.007 23525 23592 D eglCodecCommon: allocate: ioctl allocate returned offset 0x3ffff6000 size 0x2000
09-07 04:25:17.011  1823  2077 E SurfaceFlinger: ro.sf.lcd_density must be defined as a build property
09-07 04:25:17.013  1823  2077 E SurfaceFlinger: ro.sf.lcd_density must be defined as a build property
09-07 04:25:17.015 23525 23667 D libEGL  : Emulator has host GPU support, qemu.gles is set to 1.
09-07 04:25:17.019 23525 23667 W libc    : Unable to set property "qemu.gles" to "1": error code: 0x18
09-07 04:25:17.019 23525 23667 D libEGL  : loaded /vendor/lib/egl/libEGL_emulation.so
09-07 04:25:17.020 23525 23667 D libEGL  : loaded /vendor/lib/egl/libGLESv1_CM_emulation.so
09-07 04:25:17.020 23525 23667 D libEGL  : loaded /vendor/lib/egl/libGLESv2_emulation.so
09-07 04:25:17.026 23525 23667 D HostConnection: HostConnection::get() New Host Connection established 0xddb7c000, tid 23667
09-07 04:25:17.026 23525 23667 D HostConnection: HostComposition ext ANDROID_EMU_CHECKSUM_HELPER_v1 ANDROID_EMU_dma_v1 ANDROID_EMU_direct_mem ANDROID_EMU_vulkan ANDROID_EMU_deferred_vulkan_commands ANDROID_EMU_vulkan_null_optional_strings ANDROID_EMU_vulkan_create_resources_with_requirements ANDROID_EMU_YUV420_888_to_NV21 ANDROID_EMU_YUV_Cache ANDROID_EMU_vulkan_free_memory_sync ANDROID_EMU_vulkan_shader_float16_int8 ANDROID_EMU_vulkan_async_queue_submit ANDROID_EMU_sync_buffer_data GL_OES_vertex_array_object GL_KHR_texture_compression_astc_ldr ANDROID_EMU_host_side_tracing ANDROID_EMU_gles_max_version_2 
09-07 04:25:17.028 23525 23667 W OpenGLRenderer: Failed to choose config with EGL_SWAP_BEHAVIOR_PRESERVED, retrying without...
09-07 04:25:17.039 23525 23667 D eglCodecCommon: setVertexArrayObject: set vao to 0 (0) 0 0
09-07 04:25:17.039 23525 23667 D EGL_emulation: eglCreateContext: 0xddb284e0: maj 2 min 0 rcv 2
09-07 04:25:17.058 23525 23667 D EGL_emulation: eglMakeCurrent: 0xddb284e0: ver 2 0 (tinfo 0xddb0f280)
09-07 04:25:17.069 23525 23667 D eglCodecCommon: setVertexArrayObject: set vao to 0 (0) 1 0
09-07 04:25:17.094 23540 23583 W DefaultFailureHandler: Failed to take screenshot
09-07 04:25:17.094 23540 23583 W DefaultFailureHandler: java.io.FileNotFoundException: view-op-error-1.png: open failed: EROFS (Read-only file system)
09-07 04:25:17.094 23540 23583 W DefaultFailureHandler: 	at libcore.io.IoBridge.open(IoBridge.java:496)
09-07 04:25:17.094 23540 23583 W DefaultFailureHandler: 	at java.io.FileOutputStream.<init>(FileOutputStream.java:235)
09-07 04:25:17.094 23540 23583 W DefaultFailureHandler: 	at java.io.FileOutputStream.<init>(FileOutputStream.java:125)
09-07 04:25:17.094 23540 23583 W DefaultFailureHandler: 	at androidx.test.platform.io.FileTestStorage.openOutputFile(FileTestStorage.java:60)
09-07 04:25:17.094 23540 23583 W DefaultFailureHandler: 	at androidx.test.core.graphics.BitmapStorage.writeToTestStorage(BitmapStorageExt.kt:49)
09-07 04:25:17.094 23540 23583 W DefaultFailureHandler: 	at androidx.test.espresso.base.DefaultFailureHandler.takeScreenshot(DefaultFailureHandler.java:4)
09-07 04:25:17.094 23540 23583 W DefaultFailureHandler: 	at androidx.test.espresso.base.DefaultFailureHandler.handle(DefaultFailureHandler.java:3)
09-07 04:25:17.094 23540 23583 W DefaultFailureHandler: 	at androidx.test.espresso.ViewInteraction.waitForAndHandleInteractionResults(ViewInteraction.java:8)
09-07 04:25:17.094 23540 23583 W DefaultFailureHandler: 	at androidx.test.espresso.ViewInteraction.desugaredPerform(ViewInteraction.java:11)
09-07 04:25:17.094 23540 23583 W DefaultFailureHandler: 	at androidx.test.espresso.ViewInteraction.perform(ViewInteraction.java:8)
09-07 04:25:17.094 23540 23583 W DefaultFailureHandler: 	at ru.iteco.fmhandroid.ui.data.TestUtils.waitView(TestUtils.java:61)
09-07 04:25:17.094 23540 23583 W DefaultFailureHandler: 	at ru.iteco.fmhandroid.ui.steps.MainPageSteps.isMainPage(MainPageSteps.java:50)
09-07 04:25:17.094 23540 23583 W DefaultFailureHandler: 	at ru.iteco.fmhandroid.ui.MainPageTest.logoutCheck(MainPageTest.java:49)
09-07 04:25:17.094 23540 23583 W DefaultFailureHandler: 	at java.lang.reflect.Method.invoke(Native Method)
09-07 04:25:17.094 23540 23583 W DefaultFailureHandler: 	at org.junit.runners.model.FrameworkMethod$1.runReflectiveCall(FrameworkMethod.java:59)
09-07 04:25:17.094 23540 23583 W DefaultFailureHandler: 	at org.junit.internal.runners.model.ReflectiveCallable.run(ReflectiveCallable.java:12)
09-07 04:25:17.094 23540 23583 W DefaultFailureHandler: 	at org.junit.runners.model.FrameworkMethod.invokeExplosively(FrameworkMethod.java:56)
09-07 04:25:17.094 23540 23583 W DefaultFailureHandler: 	at androidx.test.internal.runner.junit4.statement.RunBefores.evaluate(RunBefores.java:76)
09-07 04:25:17.094 23540 23583 W DefaultFailureHandler: 	at io.qameta.allure.android.rules.ScreenshotRule$apply$1.evaluate(ScreenshotRule.kt:22)
09-07 04:25:17.094 23540 23583 W DefaultFailureHandler: 	at org.junit.rules.ExternalResource$1.evaluate(ExternalResource.java:54)
09-07 04:25:17.094 23540 23583 W DefaultFailureHandler: 	at io.qameta.allure.android.rules.LogcatRule$apply$1.evaluate(LogcatRule.kt:23)
09-07 04:25:17.094 23540 23583 W DefaultFailureHandler: 	at org.junit.rules.RunRules.evaluate(RunRules.java:20)
09-07 04:25:17.094 23540 23583 W DefaultFailureHandler: 	at org.junit.runners.ParentRunner$3.evaluate(ParentRunner.java:306)
09-07 04:25:17.094 23540 23583 W DefaultFailureHandler: 	at org.junit.runners.BlockJUnit4ClassRunner$1.evaluate(BlockJUnit4ClassRunner.java:100)
09-07 04:25:17.094 23540 23583 W DefaultFailureHandler: 	at org.junit.runners.ParentRunner.runLeaf(ParentRunner.java:366)
09-07 04:25:17.094 23540 23583 W DefaultFailureHandler: 	at org.junit.runners.BlockJUnit4ClassRunner.runChild(BlockJUnit4ClassRunner.java:103)
09-07 04:25:17.094 23540 23583 W DefaultFailureHandler: 	at org.junit.runners.BlockJUnit4ClassRunner.runChild(BlockJUnit4ClassRunner.java:63)
09-07 04:25:17.094 23540 23583 W DefaultFailureHandler: 	at org.junit.runners.ParentRunner$4.run(ParentRunner.java:331)
09-07 04:25:17.094 23540 23583 W DefaultFailureHandler: 	at org.junit.runners.ParentRunner$1.schedule(ParentRunner.java:79)
09-07 04:25:17.094 23540 23583 W DefaultFailureHandler: 	at org.junit.runners.ParentRunner.runChildren(ParentRunner.java:329)
09-07 04:25:17.094 23540 23583 W DefaultFailureHandler: 	at org.junit.runners.ParentRunner.access$100(ParentRunner.java:66)
09-07 04:25:17.094 23540 23583 W DefaultFailureHandler: 	at org.junit.runners.ParentRunner$2.evaluate(ParentRunner.java:293)
09-07 04:25:17.094 23540 23583 W DefaultFailureHandler: 	at org.junit.runners.ParentRunner$3.evaluate(ParentRunner.java:306)
09-07 04:25:17.094 23540 23583 W DefaultFailureHandler: 	at org.junit.runners.ParentRunner.run(ParentRunner.java:413)
09-07 04:25:17.094 23540 23583 W DefaultFailureHandler: 	at androidx.test.ext.junit.runners.AndroidJUnit4.run(AndroidJUnit4.java:162)
09-07 04:25:17.094 23540 23583 W DefaultFailureHandler: 	at io.qameta.allure.android.runners.AllureAndroidJUnit4.run(AllureAndroidJUnitRunners.kt:29)
09-07 04:25:17.094 23540 23583 W DefaultFailureHandler: 	at org.junit.runners.Suite.runChild(Suite.java:128)
09-07 04:25:17.094 23540 23583 W DefaultFailureHandler: 	at org.junit.runners.Suite.runChild(Suite.java:27)
09-07 04:25:17.094 23540 23583 W DefaultFailureHandler: 	at org.junit.runners.ParentRunner$4.run(ParentRunner.java:331)
09-07 04:25:17.094 23540 23583 W DefaultFailureHandler: 	at org.junit.runners.ParentRunner$1.schedule(ParentRunner.java:79)
09-07 04:25:17.094 23540 23583 W DefaultFailureHandler: 	at org.junit.runners.ParentRunner.runChildren(ParentRunner.java:329)
09-07 04:25:17.094 23540 23583 W DefaultFailureHandler: 	at org.junit.runners.ParentRunner.access$100(ParentRunner.java:66)
09-07 04:25:17.094 23540 23583 W DefaultFailureHandler: 	at org.junit.runners.ParentRunner$2.evaluate(ParentRunner.java:293)
09-07 04:25:17.094 23540 23583 W DefaultFailureHandler: 	at org.junit.runners.ParentRunner$3.evaluate(ParentRunner.java:306)
09-07 04:25:17.094 23540 23583 W DefaultFailureHandler: 	at org.junit.runners.ParentRunner.run(ParentRunner.java:413)
09-07 04:25:17.094 23540 23583 W DefaultFailureHandler: 	at org.junit.runner.JUnitCore.run(JUnitCore.java:137)
09-07 04:25:17.094 23540 23583 W DefaultFailureHandler: 	at org.junit.runner.JUnitCore.run(JUnitCore.java:115)
09-07 04:25:17.094 23540 23583 W DefaultFailureHandler: 	at androidx.test.internal.runner.TestExecutor.execute(TestExecutor.java:67)
09-07 04:25:17.094 23540 23583 W DefaultFailureHandler: 	at androidx.test.internal.runner.TestExecutor.execute(TestExecutor.java:58)
