09-07 04:25:17.094 23540 23583 W DefaultFailureHandler: 	at androidx.test.runner.AndroidJUnitRunner.onStart(AndroidJUnitRunner.java:438)
09-07 04:25:17.094 23540 23583 W DefaultFailureHandler: 	at android.app.Instrumentation$InstrumentationThread.run(Instrumentation.java:2189)
09-07 04:25:17.094 23540 23583 W DefaultFailureHandler: Caused by: android.system.ErrnoException: open failed: EROFS (Read-only file system)
09-07 04:25:17.094 23540 23583 W DefaultFailureHandler: 	at libcore.io.Linux.open(Native Method)
09-07 04:25:17.094 23540 23583 W DefaultFailureHandler: 	at libcore.io.ForwardingOs.open(ForwardingOs.java:167)
09-07 04:25:17.094 23540 23583 W DefaultFailureHandler: 	at libcore.io.BlockGuardOs.open(BlockGuardOs.java:252)
09-07 04:25:17.094 23540 23583 W DefaultFailureHandler: 	at libcore.io.ForwardingOs.open(ForwardingOs.java:167)
09-07 04:25:17.094 23540 23583 W DefaultFailureHandler: 	at android.app.ActivityThread$AndroidOs.open(ActivityThread.java:7255)
09-07 04:25:17.094 23540 23583 W DefaultFailureHandler: 	at libcore.io.IoBridge.open(IoBridge.java:482)
09-07 04:25:17.094 23540 23583 W DefaultFailureHandler: 	... 50 more
09-07 04:25:17.101  1793 14098 D gralloc_ranchu: gralloc_alloc: Creating ashmem region of size 9850880
09-07 04:25:17.160  1792  2272 E GnssHAL_GnssInterface: gnssSvStatusCb: a: input svInfo.flags is 8
09-07 04:25:17.160  1792  2272 E GnssHAL_GnssInterface: gnssSvStatusCb: b: input svInfo.flags is 8
09-07 04:25:17.366  2037  2302 I ActivityTaskManager: START u0 {act=android.intent.action.MAIN cat=[android.intent.category.LAUNCHER] flg=0x10000000 cmp=ru.iteco.fmhandroid.test/androidx.test.core.app.InstrumentationActivityInvoker$EmptyActivity} from uid 10136
09-07 04:25:17.371 23540 23540 D LifecycleMonitor: Lifecycle status change: ru.iteco.fmhandroid.ui.AppActivity@bf025f4 in: PAUSED
09-07 04:25:17.372 23540 23540 V ActivityScenario: Update currentActivityStage to PAUSED, currentActivity=ru.iteco.fmhandroid.ui.AppActivity@bf025f4
09-07 04:25:17.372  2037  8423 W InputReader: Device has associated, but no associated display id.
09-07 04:25:17.373  2037  8423 I chatty  : uid=1000(system) Binder:2037_20 identical 28 lines
09-07 04:25:17.373  2037  8423 W InputReader: Device has associated, but no associated display id.
09-07 04:25:17.373 23540 23582 V FA      : Recording user engagement, ms: 10804
09-07 04:25:17.373  2037  8423 W InputReader: Device has associated, but no associated display id.
09-07 04:25:17.373  2037  8423 I chatty  : uid=1000(system) Binder:2037_20 identical 8 lines
09-07 04:25:17.373  2037  8423 W InputReader: Device has associated, but no associated display id.
09-07 04:25:17.375 23597 23597 W ActivityThread: handleWindowVisibility: no activity for token android.os.BinderProxy@d6eec89
09-07 04:25:17.380  2037  8423 W InputReader: Device has associated, but no associated display id.
09-07 04:25:17.380  2037  8423 I chatty  : uid=1000(system) Binder:2037_20 identical 8 lines
09-07 04:25:17.380  2037  8423 W InputReader: Device has associated, but no associated display id.
09-07 04:25:17.427 23540 23582 V FA      : Connecting to remote service
09-07 04:25:17.430  2037  2428 I ActivityTaskManager: START u0 {act=android.intent.action.MAIN cat=[android.intent.category.LAUNCHER] flg=0x10000000 cmp=ru.iteco.fmhandroid.test/androidx.test.core.app.InstrumentationActivityInvoker$EmptyActivity} from uid 10136
09-07 04:25:17.441  7867  7867 D BoundBrokerSvc: onBind: Intent { act=com.google.android.gms.measurement.START pkg=com.google.android.gms }
09-07 04:25:17.441  7867  7867 D BoundBrokerSvc: Loading bound service for intent: Intent { act=com.google.android.gms.measurement.START pkg=com.google.android.gms }
09-07 04:25:17.441 23597 23629 D HostConnection: HostConnection::get() New Host Connection established 0xda256190, tid 23629
09-07 04:25:17.443 23540 23582 V FA      : Connection attempt already in progress
09-07 04:25:17.443 23540 23582 V FA      : Activity paused, time: 3641265
09-07 04:25:17.444 23597 23629 D HostConnection: HostComposition ext ANDROID_EMU_CHECKSUM_HELPER_v1 ANDROID_EMU_dma_v1 ANDROID_EMU_direct_mem ANDROID_EMU_vulkan ANDROID_EMU_deferred_vulkan_commands ANDROID_EMU_vulkan_null_optional_strings ANDROID_EMU_vulkan_create_resources_with_requirements ANDROID_EMU_YUV420_888_to_NV21 ANDROID_EMU_YUV_Cache ANDROID_EMU_vulkan_free_memory_sync ANDROID_EMU_vulkan_shader_float16_int8 ANDROID_EMU_vulkan_async_queue_submit ANDROID_EMU_sync_buffer_data GL_OES_vertex_array_object GL_KHR_texture_compression_astc_ldr ANDROID_EMU_host_side_tracing ANDROID_EMU_gles_max_version_2 
09-07 04:25:17.453 23597 23629 W OpenGLRenderer: Failed to choose config with EGL_SWAP_BEHAVIOR_PRESERVED, retrying without...
09-07 04:25:17.464 23597 23629 D eglCodecCommon: setVertexArrayObject: set vao to 0 (0) 0 0
09-07 04:25:17.464 23597 23629 D EGL_emulation: eglCreateContext: 0xda21a240: maj 2 min 0 rcv 2
09-07 04:25:17.494 23597 23629 D EGL_emulation: eglMakeCurrent: 0xda21a240: ver 2 0 (tinfo 0xda20f0b0)
09-07 04:25:17.499 23540 23582 D FA      : Connected to remote service
09-07 04:25:17.499 23540 23582 V FA      : Processing queued up service tasks: 2
09-07 04:25:17.503  1793 14098 D gralloc_ranchu: gralloc_alloc: Creating ashmem region of size 9850880
09-07 04:25:17.505  1678  1678 I hwservicemanager: getTransport: Cannot find entry android.hardware.graphics.mapper@3.0::IMapper/default in either framework or device manifest.
09-07 04:25:17.505 23597 23629 W Gralloc3: mapper 3.x is not supported
09-07 04:25:17.508 23597 23629 D HostConnection: createUnique: call
09-07 04:25:17.508 23597 23629 D HostConnection: HostConnection::get() New Host Connection established 0xda2562d0, tid 23629
09-07 04:25:17.510 23597 23629 D HostConnection: HostComposition ext ANDROID_EMU_CHECKSUM_HELPER_v1 ANDROID_EMU_dma_v1 ANDROID_EMU_direct_mem ANDROID_EMU_vulkan ANDROID_EMU_deferred_vulkan_commands ANDROID_EMU_vulkan_null_optional_strings ANDROID_EMU_vulkan_create_resources_with_requirements ANDROID_EMU_YUV420_888_to_NV21 ANDROID_EMU_YUV_Cache ANDROID_EMU_vulkan_free_memory_sync ANDROID_EMU_vulkan_shader_float16_int8 ANDROID_EMU_vulkan_async_queue_submit ANDROID_EMU_sync_buffer_data GL_OES_vertex_array_object GL_KHR_texture_compression_astc_ldr ANDROID_EMU_host_side_tracing ANDROID_EMU_gles_max_version_2 
09-07 04:25:17.511 23597 23629 D eglCodecCommon: allocate: Ask for block of size 0x1000
09-07 04:25:17.511 23597 23629 D eglCodecCommon: allocate: ioctl allocate returned offset 0x3ff684000 size 0x2000
09-07 04:25:17.512  1793 14098 D gralloc_ranchu: gralloc_alloc: Creating ashmem region of size 9850880
09-07 04:25:17.514  7867 22594 V FA-SVC  : Logging event: origin=auto,name=user_engagement(_e),params=Bundle[{ga_event_origin(_o)=auto, engagement_time_msec(_et)=10804, ga_screen_class(_sc)=AppActivity, ga_screen_id(_si)=7057929611104525204}]
09-07 04:25:17.514  1793 14098 D gralloc_ranchu: gralloc_alloc: Creating ashmem region of size 9850880
09-07 04:25:17.514 23597 23629 D EGL_emulation: eglMakeCurrent: 0xda21a240: ver 2 0 (tinfo 0xda20f0b0)
09-07 04:25:17.516 23597 23629 D eglCodecCommon: setVertexArrayObject: set vao to 0 (0) 1 0
09-07 04:25:17.535  7867 22594 V FA-SVC  : Upload scheduled in approximately ms: 119575
09-07 04:25:17.535  7867 22594 V FA-SVC  : Unscheduling upload
09-07 04:25:17.537  7867 22594 V FA-SVC  : Scheduling upload, millis: 119575
09-07 04:25:17.538  7867 22594 V FA-SVC  : Background event processing time, ms: 26
09-07 04:25:17.606  2037  8423 W InputReader: Device has associated, but no associated display id.
09-07 04:25:17.608  2037  8423 I chatty  : uid=1000(system) Binder:2037_20 identical 48 lines
09-07 04:25:17.608  2037  8423 W InputReader: Device has associated, but no associated display id.
09-07 04:25:17.610 23597 23597 W ActivityThread: handleWindowVisibility: no activity for token android.os.BinderProxy@ee74d3e
09-07 04:25:17.623  2037  8423 W ActivityTaskManager: Duplicate finish request for ActivityRecord{48630d1 u0 ru.iteco.fmhandroid/.ui.AppActivity t777 f}
09-07 04:25:17.656  1793 14098 D gralloc_ranchu: gralloc_alloc: Creating ashmem region of size 9850880
09-07 04:25:17.675  1793 14098 D gralloc_ranchu: gralloc_alloc: Creating ashmem region of size 9850880
09-07 04:25:17.678  1793  1793 D gralloc_ranchu: gralloc_alloc: Creating ashmem region of size 9850880
09-07 04:25:17.682 23597 23629 D EGL_emulation: eglMakeCurrent: 0xda21a240: ver 2 0 (tinfo 0xda20f0b0)
09-07 04:25:17.709  2037  2061 W InputReader: Device has associated, but no associated display id.
09-07 04:25:17.710  2037  2061 I chatty  : uid=1000(system) android.anim identical 18 lines
09-07 04:25:17.710  2037  2061 W InputReader: Device has associated, but no associated display id.
09-07 04:25:17.713  2037  2065 I ActivityTaskManager: Displayed ru.iteco.fmhandroid.test/androidx.test.core.app.InstrumentationActivityInvoker$EmptyActivity: +236ms
09-07 04:25:17.716  2037  2302 W InputReader: Device has associated, but no associated display id.
09-07 04:25:17.716  2037  2302 I chatty  : uid=1000(system) Binder:2037_4 identical 8 lines
09-07 04:25:17.716  2037  2302 W InputReader: Device has associated, but no associated display id.
09-07 04:25:17.740 23540 23632 D EGL_emulation: eglMakeCurrent: 0xed47fd00: ver 2 0 (tinfo 0xe22a70d0)
09-07 04:25:17.749  2037  8423 W InputReader: Device has associated, but no associated display id.
09-07 04:25:17.750  2037  8423 I chatty  : uid=1000(system) Binder:2037_20 identical 8 lines
09-07 04:25:17.750  2037  8423 W InputReader: Device has associated, but no associated display id.
09-07 04:25:17.755  1823  1823 W SurfaceFlinger: couldn't log to binary event log: overflow.
09-07 04:25:17.764 23540 23540 D LifecycleMonitor: Lifecycle status change: ru.iteco.fmhandroid.ui.AppActivity@bf025f4 in: STOPPED
09-07 04:25:17.764 23540 23540 V ActivityScenario: Update currentActivityStage to STOPPED, currentActivity=ru.iteco.fmhandroid.ui.AppActivity@bf025f4
09-07 04:25:17.769  1793  1793 D gralloc_ranchu: gralloc_alloc: Creating ashmem region of size 9850880
09-07 04:25:17.784  1793  1793 D gralloc_ranchu: gralloc_alloc: Creating ashmem region of size 9850880
09-07 04:25:17.793  2666  3068 D EGL_emulation: eglMakeCurrent: 0xda21b0e0: ver 2 0 (tinfo 0xda20fbb0)
09-07 04:25:17.794  1793 14098 D gralloc_ranchu: gralloc_alloc: Creating ashmem region of size 9850880
09-07 04:25:17.814  2666  2666 I dnsi    : onStart
09-07 04:25:17.816  2666  2666 I dnsi    : onResume
09-07 04:25:17.846  2037  2037 W ActivityManager: Unable to start service Intent { act=android.service.appprediction.AppPredictionService cmp=com.google.android.as/com.google.android.apps.miphone.aiai.app.AiAiPredictionService } U=0: not found
09-07 04:25:17.846  2037  2037 W RemoteAppPredictionService: could not bind to Intent { act=android.service.appprediction.AppPredictionService cmp=com.google.android.as/com.google.android.apps.miphone.aiai.app.AiAiPredictionService } using flags 67108865
09-07 04:25:17.858  1793 14098 D gralloc_ranchu: gralloc_alloc: Creating ashmem region of size 9850880
09-07 04:25:17.884  1793 14098 D gralloc_ranchu: gralloc_alloc: Creating ashmem region of size 9850880
09-07 04:25:17.892  2434  2714 D EGL_emulation: eglMakeCurrent: 0xed453b60: ver 2 0 (tinfo 0xe233a960)
09-07 04:25:17.895  1793  1793 D gralloc_ranchu: gralloc_alloc: Creating ashmem region of size 9850880
09-07 04:25:17.928  2037  2061 W InputReader: Device has associated, but no associated display id.
09-07 04:25:17.928  2037  2061 I chatty  : uid=1000(system) android.anim identical 8 lines
09-07 04:25:17.928  2037  2061 W InputReader: Device has associated, but no associated display id.
09-07 04:25:17.931  1793  1793 D gralloc_ranchu: gralloc_alloc: Creating ashmem region of size 6307840
09-07 04:25:17.942  2182  2468 D EGL_emulation: eglMakeCurrent: 0xda21a360: ver 2 0 (tinfo 0xda20f590)
09-07 04:25:17.953  2182  2182 W View    : requestLayout() improperly called by com.android.keyguard.AlphaOptimizedLinearLayout{551c6d8 V.E...... ......ID 7,0-48,61 #7f0a041c app:id/wifi_group} during second layout pass: posting in next frame
09-07 04:25:17.974  2037  5599 D HostConnection: HostConnection::get() New Host Connection established 0xda23f020, tid 5599
09-07 04:25:17.974  2037  5599 D HostConnection: HostComposition ext ANDROID_EMU_CHECKSUM_HELPER_v1 ANDROID_EMU_dma_v1 ANDROID_EMU_direct_mem ANDROID_EMU_vulkan ANDROID_EMU_deferred_vulkan_commands ANDROID_EMU_vulkan_null_optional_strings ANDROID_EMU_vulkan_create_resources_with_requirements ANDROID_EMU_YUV420_888_to_NV21 ANDROID_EMU_YUV_Cache ANDROID_EMU_vulkan_free_memory_sync ANDROID_EMU_vulkan_shader_float16_int8 ANDROID_EMU_vulkan_async_queue_submit ANDROID_EMU_sync_buffer_data GL_OES_vertex_array_object GL_KHR_texture_compression_astc_ldr ANDROID_EMU_host_side_tracing ANDROID_EMU_gles_max_version_2 
09-07 04:25:17.980  1823  1823 E Layer   : [Surface(name=AppWindowToken{459e199 token=Token{b961ae0 ActivityRecord{53be0e3 u0 com.google.android.apps.nexuslauncher/.NexusLauncherActivity t652}}})/@0xafc1306 - animation-leash#0] No local sync point found
09-07 04:25:17.980  1823  1823 E Layer   : [Surface(name=AppWindowToken{d4d8a83 token=Token{ce08d32 ActivityRecord{7ce413d u0 ru.iteco.fmhandroid.test/androidx.test.core.app.InstrumentationActivityInvoker$EmptyActivity t777}}})/@0x3f7baf4 - animation-leash#0] No local sync point found
09-07 04:25:17.984  2037  5599 W OpenGLRenderer: Failed to choose config with EGL_SWAP_BEHAVIOR_PRESERVED, retrying without...
09-07 04:25:17.995  2037  5599 D eglCodecCommon: setVertexArrayObject: set vao to 0 (0) 0 0
09-07 04:25:17.995  2037  5599 D EGL_emulation: eglCreateContext: 0xa7a623a0: maj 2 min 0 rcv 2
09-07 04:25:17.997 23597 23629 D EGL_emulation: eglMakeCurrent: 0xda21a240: ver 2 0 (tinfo 0xda20f0b0)
09-07 04:25:18.031  2037  5599 D EGL_emulation: eglMakeCurrent: 0xa7a623a0: ver 2 0 (tinfo 0xba668ca0)
09-07 04:25:18.039  2182  2182 W View    : requestLayout() improperly called by StatusBarIconView(slot=mobile icon=null notification=null) during layout: running second layout pass
09-07 04:25:18.042  2182  2468 D EGL_emulation: eglMakeCurrent: 0xda21a360: ver 2 0 (tinfo 0xda20f590)
09-07 04:25:18.054 23540 23540 D LifecycleMonitor: Lifecycle status change: ru.iteco.fmhandroid.ui.AppActivity@bf025f4 in: DESTROYED
09-07 04:25:18.054 23540 23540 V ActivityScenario: Update currentActivityStage to DESTROYED, currentActivity=null
09-07 04:25:18.055  2037  5599 D eglCodecCommon: setVertexArrayObject: set vao to 0 (0) 1 0
09-07 04:25:18.068  1823  1823 W SurfaceFlinger: couldn't log to binary event log: overflow.
09-07 04:25:18.079  2182  2468 D EGL_emulation: eglMakeCurrent: 0xda21a360: ver 2 0 (tinfo 0xda20f590)
09-07 04:25:18.104  2182  2182 W View    : requestLayout() improperly called by com.android.keyguard.AlphaOptimizedLinearLayout{551c6d8 V.E...... ......ID 7,0-48,61 #7f0a041c app:id/wifi_group} during second layout pass: posting in next frame
09-07 04:25:18.105  2182  2182 W View    : requestLayout() improperly called by StatusBarIconView(slot=mobile icon=null notification=null) during layout: running second layout pass
