09-07 06:15:35.211  2037  2037 W ActivityManager: Unable to start service Intent { act=android.service.appprediction.AppPredictionService cmp=com.google.android.as/com.google.android.apps.miphone.aiai.app.AiAiPredictionService } U=0: not found
09-07 06:15:35.211  2037  2037 W RemoteAppPredictionService: could not bind to Intent { act=android.service.appprediction.AppPredictionService cmp=com.google.android.as/com.google.android.apps.miphone.aiai.app.AiAiPredictionService } using flags 67108865
09-07 06:15:35.216  2182  2468 D EGL_emulation: eglMakeCurrent: 0xda21a360: ver 2 0 (tinfo 0xda20f590)
09-07 06:15:35.225  9256  9290 D EGL_emulation: eglMakeCurrent: 0xda21a240: ver 2 0 (tinfo 0xda20f0a0)
09-07 06:15:35.238  1823  1823 E Layer   : [Surface(name=AppWindowToken{459e199 token=Token{b961ae0 ActivityRecord{53be0e3 u0 com.google.android.apps.nexuslauncher/.NexusLauncherActivity t652}}})/@0xafc1306 - animation-leash#0] No local sync point found
09-07 06:15:35.238  1823  1823 E Layer   : [Surface(name=AppWindowToken{2803ccb token=Token{990fb9a ActivityRecord{77f80bc u0 ru.iteco.fmhandroid.test/androidx.test.core.app.InstrumentationActivityInvoker$EmptyActivity t893}}})/@0x103fcab - animation-leash#0] No local sync point found
09-07 06:15:35.242  2182  2468 D EGL_emulation: eglMakeCurrent: 0xda21a360: ver 2 0 (tinfo 0xda20f590)
09-07 06:15:35.247  2182  2182 W View    : requestLayout() improperly called by com.android.keyguard.AlphaOptimizedLinearLayout{551c6d8 V.E...... ......ID 7,0-48,61 #7f0a041c app:id/wifi_group} during second layout pass: posting in next frame
09-07 06:15:35.260  2182  2182 W View    : requestLayout() improperly called by StatusBarIconView(slot=mobile icon=null notification=null) during layout: running second layout pass
09-07 06:15:35.279  2182  2468 D EGL_emulation: eglMakeCurrent: 0xda21a360: ver 2 0 (tinfo 0xda20f590)
09-07 06:15:35.282  2037  5599 D HostConnection: HostConnection::get() New Host Connection established 0xda23f020, tid 5599
09-07 06:15:35.283  2037  5599 D HostConnection: HostComposition ext ANDROID_EMU_CHECKSUM_HELPER_v1 ANDROID_EMU_dma_v1 ANDROID_EMU_direct_mem ANDROID_EMU_vulkan ANDROID_EMU_deferred_vulkan_commands ANDROID_EMU_vulkan_null_optional_strings ANDROID_EMU_vulkan_create_resources_with_requirements ANDROID_EMU_YUV420_888_to_NV21 ANDROID_EMU_YUV_Cache ANDROID_EMU_vulkan_free_memory_sync ANDROID_EMU_vulkan_shader_float16_int8 ANDROID_EMU_vulkan_async_queue_submit ANDROID_EMU_sync_buffer_data GL_OES_vertex_array_object GL_KHR_texture_compression_astc_ldr ANDROID_EMU_host_side_tracing ANDROID_EMU_gles_max_version_2 
09-07 06:15:35.285  2037  5599 W OpenGLRenderer: Failed to choose config with EGL_SWAP_BEHAVIOR_PRESERVED, retrying without...
09-07 06:15:35.304  2037  5599 D eglCodecCommon: setVertexArrayObject: set vao to 0 (0) 0 0
09-07 06:15:35.304  2037  5599 D EGL_emulation: eglCreateContext: 0xba761460: maj 2 min 0 rcv 2
09-07 06:15:35.336  2037  5599 D EGL_emulation: eglMakeCurrent: 0xba761460: ver 2 0 (tinfo 0xba668ca0)
09-07 06:15:35.364  2037  5599 D eglCodecCommon: setVertexArrayObject: set vao to 0 (0) 1 0
09-07 06:15:35.365  2182  2197 I ndroid.systemu: NativeAlloc concurrent copying GC freed 5604(310KB) AllocSpace objects, 0(0B) LOS objects, 49% free, 5712KB/11MB, paused 1.274ms total 118.803ms
09-07 06:15:35.368  9067  9235 I TestRunner: started: shouldTurnOffActiveStatus(ru.iteco.fmhandroid.ui.ControlPanelTest)
09-07 06:15:35.372  2434  2451 I s.nexuslaunche: NativeAlloc concurrent copying GC freed 2589(271KB) AllocSpace objects, 0(0B) LOS objects, 49% free, 2896KB/5792KB, paused 53.110ms total 137.574ms
09-07 06:15:35.373  2434  2453 W System  : A resource failed to call release. 
09-07 06:15:35.373  2434  2453 I chatty  : uid=10090(com.google.android.apps.nexuslauncher) FinalizerDaemon identical 2 lines
09-07 06:15:35.373  2434  2453 W System  : A resource failed to call release. 
09-07 06:15:35.403  9067  9235 W Settings: Setting always_finish_activities has moved from android.provider.Settings.System to android.provider.Settings.Global, returning read-only value.
09-07 06:15:35.408  2037  2674 I ActivityTaskManager: START u0 {act=android.intent.action.MAIN cat=[android.intent.category.LAUNCHER] flg=0x10008000 cmp=ru.iteco.fmhandroid.test/androidx.test.core.app.InstrumentationActivityInvoker$BootstrapActivity (has extras)} from uid 10136
09-07 06:15:35.415  2037  3740 W InputReader: Device has associated, but no associated display id.
09-07 06:15:35.418  2037  3740 I chatty  : uid=1000(system) Binder:2037_D identical 48 lines
09-07 06:15:35.418  2037  3740 W InputReader: Device has associated, but no associated display id.
09-07 06:15:35.423  9256  9256 W ActivityThread: handleWindowVisibility: no activity for token android.os.BinderProxy@cb1cc63
09-07 06:15:35.441  1793  1793 D gralloc_ranchu: gralloc_alloc: Creating ashmem region of size 9850880
09-07 06:15:35.450  2037  3740 I ActivityTaskManager: START u0 {act=android.intent.action.MAIN cat=[android.intent.category.LAUNCHER] cmp=ru.iteco.fmhandroid/.ui.AppActivity} from uid 10136
09-07 06:15:35.460  2037  2056 W InputReader: Device has associated, but no associated display id.
09-07 06:15:35.466  2037  2056 I chatty  : uid=1000(system) Binder:2037_2 identical 48 lines
09-07 06:15:35.466  2037  2056 W InputReader: Device has associated, but no associated display id.
09-07 06:15:35.472  9067  9067 W ActivityThread: handleWindowVisibility: no activity for token android.os.BinderProxy@ff2483c
09-07 06:15:35.481  9067  9067 D LifecycleMonitor: Lifecycle status change: ru.iteco.fmhandroid.ui.AppActivity@b9ac28 in: PRE_ON_CREATE
09-07 06:15:35.481  9067  9067 V ActivityScenario: Activity lifecycle changed event received but ignored because the reported transition was not ON_CREATE while the last known transition was PRE_ON_CREATE
09-07 06:15:35.487  9067  9213 V FA      : onActivityCreated
09-07 06:15:35.517  2666  2666 I dnsi    : onPause
09-07 06:15:35.520  9067  9067 D LifecycleMonitor: Lifecycle status change: ru.iteco.fmhandroid.ui.AppActivity@b9ac28 in: CREATED
09-07 06:15:35.520  9067  9067 V ActivityScenario: Update currentActivityStage to CREATED, currentActivity=ru.iteco.fmhandroid.ui.AppActivity@b9ac28
09-07 06:15:35.522  2037  2061 W InputReader: Device has associated, but no associated display id.
09-07 06:15:35.524  2037  2061 I chatty  : uid=1000(system) android.anim identical 18 lines
09-07 06:15:35.524  2037  2061 W InputReader: Device has associated, but no associated display id.
09-07 06:15:35.527  2434  2714 D EGL_emulation: eglMakeCurrent: 0xed453b60: ver 2 0 (tinfo 0xe233a960)
09-07 06:15:35.545  2666  3068 D EGL_emulation: eglMakeCurrent: 0xda21b0e0: ver 2 0 (tinfo 0xda20fbb0)
09-07 06:15:35.547  2182  2468 D EGL_emulation: eglMakeCurrent: 0xda21a360: ver 2 0 (tinfo 0xda20f590)
09-07 06:15:35.561  2182  2468 D EGL_emulation: eglMakeCurrent: 0xda21a360: ver 2 0 (tinfo 0xda20f590)
09-07 06:15:35.567  9067  9067 D LifecycleMonitor: Lifecycle status change: ru.iteco.fmhandroid.ui.AppActivity@b9ac28 in: STARTED
09-07 06:15:35.568  9067  9067 V ActivityScenario: Update currentActivityStage to STARTED, currentActivity=ru.iteco.fmhandroid.ui.AppActivity@b9ac28
09-07 06:15:35.569  9067  9067 D LifecycleMonitor: Lifecycle status change: ru.iteco.fmhandroid.ui.AppActivity@b9ac28 in: RESUMED
09-07 06:15:35.569  9067  9067 V ActivityScenario: Update currentActivityStage to RESUMED, currentActivity=ru.iteco.fmhandroid.ui.AppActivity@b9ac28
09-07 06:15:35.572  9067  9230 V FA      : Activity resumed, time: 9880280
09-07 06:15:35.571  2182  2182 W View    : requestLayout() improperly called by com.android.keyguard.AlphaOptimizedLinearLayout{551c6d8 V.E...... ......ID 7,0-48,61 #7f0a041c app:id/wifi_group} during second layout pass: posting in next frame
09-07 06:15:35.575  1792  2272 E GnssHAL_GnssInterface: gnssSvStatusCb: a: input svInfo.flags is 8
09-07 06:15:35.576  1792  2272 E GnssHAL_GnssInterface: gnssSvStatusCb: b: input svInfo.flags is 8
09-07 06:15:35.583  2182  2182 W View    : requestLayout() improperly called by StatusBarIconView(slot=mobile icon=null notification=null) during layout: running second layout pass
09-07 06:15:35.606  2666  2710 V ClearcutMetricXmitter: Transmission is done.
09-07 06:15:35.617  1793  1793 D gralloc_ranchu: gralloc_alloc: Creating ashmem region of size 9113600
09-07 06:15:35.636  1793  1793 D gralloc_ranchu: gralloc_alloc: Creating ashmem region of size 9113600
09-07 06:15:35.642  9067  9293 D EGL_emulation: eglMakeCurrent: 0xda21a9c0: ver 2 0 (tinfo 0xda20fc10)
09-07 06:15:35.653  1793  1793 D gralloc_ranchu: gralloc_alloc: Creating ashmem region of size 9113600
09-07 06:15:35.694  9067  9080 I teco.fmhandroi: NativeAlloc concurrent copying GC freed 195987(8198KB) AllocSpace objects, 4(144KB) LOS objects, 35% free, 11MB/17MB, paused 1.596ms total 130.115ms
09-07 06:15:35.695  2037  2065 I ActivityTaskManager: Displayed ru.iteco.fmhandroid/.ui.AppActivity: +285ms
09-07 06:15:35.705  2182  2182 W View    : requestLayout() improperly called by com.android.keyguard.AlphaOptimizedLinearLayout{551c6d8 V.E...... ......ID 7,0-48,61 #7f0a041c app:id/wifi_group} during second layout pass: posting in next frame
09-07 06:15:35.721  2182  2182 W View    : requestLayout() improperly called by StatusBarIconView(slot=mobile icon=null notification=null) during layout: running second layout pass
09-07 06:15:35.726  7867  9646 V FA-SVC  : Logging event: origin=auto,name=screen_view(_vs),params=Bundle[{ga_event_origin(_o)=auto, ga_previous_class(_pc)=AppActivity, ga_previous_id(_pi)=5099809632112841115, ga_screen_class(_sc)=AppActivity, ga_screen_id(_si)=5099809632112841116}]
09-07 06:15:35.733  9067  9067 I ViewInteraction: Performing 'wait for a specific view with <(an instance of android.widget.TextView and view.getText() with or without transformation to match: is "Authorization" and view.getParent() view.getParent() view.getId() is <2131231186>)> during 10000 millis.' action on view view.getRootView() to equal view
09-07 06:15:35.744  2666  2666 I dnsi    : onStop
09-07 06:15:35.750  7867  9646 V FA-SVC  : Upload scheduled in approximately ms: 705199
09-07 06:15:35.750  7867  9646 V FA-SVC  : Unscheduling upload
09-07 06:15:35.765  1823  1823 W SurfaceFlinger: couldn't log to binary event log: overflow.
09-07 06:15:35.765  1823  1823 W SurfaceFlinger: couldn't log to binary event log: overflow.
09-07 06:15:35.768  7867  9646 V FA-SVC  : Scheduling upload, millis: 705199
09-07 06:15:35.774  7867  9646 V FA-SVC  : Background event processing time, ms: 48
09-07 06:15:35.778  2182  2182 W View    : requestLayout() improperly called by com.android.keyguard.AlphaOptimizedLinearLayout{551c6d8 V.E...... ......ID 7,0-48,61 #7f0a041c app:id/wifi_group} during second layout pass: posting in next frame
09-07 06:15:35.779  2182  2182 W View    : requestLayout() improperly called by StatusBarIconView(slot=mobile icon=null notification=null) during layout: running second layout pass
09-07 06:15:35.803  2182  2182 W View    : requestLayout() improperly called by com.android.keyguard.AlphaOptimizedLinearLayout{551c6d8 V.E...... ......ID 7,0-48,61 #7f0a041c app:id/wifi_group} during second layout pass: posting in next frame
09-07 06:15:35.813  2182  2182 W View    : requestLayout() improperly called by StatusBarIconView(slot=mobile icon=null notification=null) during layout: running second layout pass
09-07 06:15:35.837  2182  2182 W View    : requestLayout() improperly called by com.android.keyguard.AlphaOptimizedLinearLayout{551c6d8 V.E...... ......ID 7,0-48,61 #7f0a041c app:id/wifi_group} during second layout pass: posting in next frame
09-07 06:15:35.852  2182  2182 W View    : requestLayout() improperly called by StatusBarIconView(slot=mobile icon=null notification=null) during layout: running second layout pass
09-07 06:15:35.874  2182  2182 W View    : requestLayout() improperly called by com.android.keyguard.AlphaOptimizedLinearLayout{551c6d8 V.E...... ......ID 7,0-48,61 #7f0a041c app:id/wifi_group} during second layout pass: posting in next frame
09-07 06:15:35.890  2182  2182 W View    : requestLayout() improperly called by StatusBarIconView(slot=mobile icon=null notification=null) during layout: running second layout pass
09-07 06:15:35.918  2182  2182 W View    : requestLayout() improperly called by com.android.keyguard.AlphaOptimizedLinearLayout{551c6d8 V.E...... ......ID 7,0-48,61 #7f0a041c app:id/wifi_group} during second layout pass: posting in next frame
09-07 06:15:35.928  2182  2182 W View    : requestLayout() improperly called by StatusBarIconView(slot=mobile icon=null notification=null) during layout: running second layout pass
09-07 06:15:36.575  1792  2272 E GnssHAL_GnssInterface: gnssSvStatusCb: a: input svInfo.flags is 8
09-07 06:15:36.576  1792  2272 E GnssHAL_GnssInterface: gnssSvStatusCb: b: input svInfo.flags is 8
09-07 06:15:37.511  1781  1781 W audio_hw_generic: Not supplying enough data to HAL, expected position 82677093 , only wrote 82412158
09-07 06:15:37.576  1792  2272 E GnssHAL_GnssInterface: gnssSvStatusCb: a: input svInfo.flags is 8
09-07 06:15:37.576  1792  2272 E GnssHAL_GnssInterface: gnssSvStatusCb: b: input svInfo.flags is 8
09-07 06:15:38.569  9067  9320 I okhttp.OkHttpClient: --> GET http://www.981757-ca08998.tmweb.ru:8080/fmh/authentication/userInfo
09-07 06:15:38.569  9067  9320 I okhttp.OkHttpClient: --> END GET
09-07 06:15:38.575  1792  2272 E GnssHAL_GnssInterface: gnssSvStatusCb: a: input svInfo.flags is 8
09-07 06:15:38.575  1792  2272 E GnssHAL_GnssInterface: gnssSvStatusCb: b: input svInfo.flags is 8
09-07 06:15:38.805  9067  9320 I okhttp.OkHttpClient: <-- 200 http://www.981757-ca08998.tmweb.ru:8080/fmh/authentication/userInfo (234ms)
09-07 06:15:38.806  9067  9320 I okhttp.OkHttpClient: Vary: Origin
09-07 06:15:38.806  9067  9320 I okhttp.OkHttpClient: Vary: Access-Control-Request-Method
09-07 06:15:38.807  9067  9320 I okhttp.OkHttpClient: Vary: Access-Control-Request-Headers
09-07 06:15:38.807  9067  9320 I okhttp.OkHttpClient: X-Content-Type-Options: nosniff
09-07 06:15:38.807  9067  9320 I okhttp.OkHttpClient: X-XSS-Protection: 1; mode=block
09-07 06:15:38.807  9067  9320 I okhttp.OkHttpClient: Cache-Control: no-cache, no-store, max-age=0, must-revalidate
09-07 06:15:38.808  9067  9320 I okhttp.OkHttpClient: Pragma: no-cache
09-07 06:15:38.808  9067  9320 I okhttp.OkHttpClient: Expires: 0
09-07 06:15:38.809  9067  9320 I okhttp.OkHttpClient: X-Frame-Options: DENY
09-07 06:15:38.809  9067  9320 I okhttp.OkHttpClient: Content-Type: application/json
09-07 06:15:38.809  9067  9320 I okhttp.OkHttpClient: Transfer-Encoding: chunked
09-07 06:15:38.809  9067  9320 I okhttp.OkHttpClient: Date: Thu, 07 Sep 2023 06:15:39 GMT
09-07 06:15:38.810  9067  9320 I okhttp.OkHttpClient: Keep-Alive: timeout=60
09-07 06:15:38.811  9067  9320 I okhttp.OkHttpClient: Connection: keep-alive
09-07 06:15:38.812  9067  9320 I okhttp.OkHttpClient: {"id":1,"firstName":"Ivan","lastName":"Ivanov","middleName":"Ivanovich","admin":true}
09-07 06:15:38.813  9067  9320 I okhttp.OkHttpClient: <-- END HTTP (85-byte body)
09-07 06:15:38.826  9067  9818 I okhttp.OkHttpClient: --> GET http://www.981757-ca08998.tmweb.ru:8080/fmh/claims
09-07 06:15:38.827  9067  9818 I okhttp.OkHttpClient: --> END GET
09-07 06:15:38.872  1774  9919 E ResolverController: No valid NAT64 prefix (101, <unspecified>/0)
09-07 06:15:38.932  9067  9293 D EGL_emulation: eglMakeCurrent: 0xda21a9c0: ver 2 0 (tinfo 0xda20fc10)
09-07 06:15:38.936  1793  1793 D gralloc_ranchu: gralloc_alloc: Creating ashmem region of size 9850880
09-07 06:15:38.950  2182  2182 W View    : requestLayout() improperly called by com.android.keyguard.AlphaOptimizedLinearLayout{551c6d8 V.E...... ......ID 7,0-48,61 #7f0a041c app:id/wifi_group} during second layout pass: posting in next frame
09-07 06:15:38.958  9067  9293 D EGL_emulation: eglMakeCurrent: 0xda21a9c0: ver 2 0 (tinfo 0xda20fc10)
09-07 06:15:38.980  2182  2182 W View    : requestLayout() improperly called by StatusBarIconView(slot=mobile icon=null notification=null) during layout: running second layout pass
09-07 06:15:39.000  1793  1793 D gralloc_ranchu: gralloc_alloc: Creating ashmem region of size 9850880
09-07 06:15:39.031  1793  1793 D gralloc_ranchu: gralloc_alloc: Creating ashmem region of size 9850880
09-07 06:15:39.575  1792  2272 E GnssHAL_GnssInterface: gnssSvStatusCb: a: input svInfo.flags is 8
09-07 06:15:39.575  1792  2272 E GnssHAL_GnssInterface: gnssSvStatusCb: b: input svInfo.flags is 8
09-07 06:15:40.576  1792  2272 E GnssHAL_GnssInterface: gnssSvStatusCb: a: input svInfo.flags is 8
09-07 06:15:40.576  1792  2272 E GnssHAL_GnssInterface: gnssSvStatusCb: b: input svInfo.flags is 8
09-07 06:15:40.727  9067  9230 V FA      : Inactivity, disconnecting from the service
09-07 06:15:41.575  1792  2272 E GnssHAL_GnssInterface: gnssSvStatusCb: a: input svInfo.flags is 8
09-07 06:15:41.576  1792  2272 E GnssHAL_GnssInterface: gnssSvStatusCb: b: input svInfo.flags is 8
09-07 06:15:42.576  1792  2272 E GnssHAL_GnssInterface: gnssSvStatusCb: a: input svInfo.flags is 8
09-07 06:15:42.577  1792  2272 E GnssHAL_GnssInterface: gnssSvStatusCb: b: input svInfo.flags is 8
09-07 06:15:43.575  1792  2272 E GnssHAL_GnssInterface: gnssSvStatusCb: a: input svInfo.flags is 8
09-07 06:15:43.575  1792  2272 E GnssHAL_GnssInterface: gnssSvStatusCb: b: input svInfo.flags is 8
09-07 06:15:44.575  1792  2272 E GnssHAL_GnssInterface: gnssSvStatusCb: a: input svInfo.flags is 8
09-07 06:15:44.575  1792  2272 E GnssHAL_GnssInterface: gnssSvStatusCb: b: input svInfo.flags is 8
09-07 06:15:45.577  1792  2272 E GnssHAL_GnssInterface: gnssSvStatusCb: a: input svInfo.flags is 8
09-07 06:15:45.577  1792  2272 E GnssHAL_GnssInterface: gnssSvStatusCb: b: input svInfo.flags is 8
09-07 06:15:45.732  7867  7867 D BoundBrokerSvc: onUnbind: Intent { act=com.google.android.gms.measurement.START pkg=com.google.android.gms }
09-07 06:15:45.733  2037  2065 E memtrack: Couldn't load memtrack module
09-07 06:15:45.733  2037  2065 W android.os.Debug: failed to get memory consumption info: -1
09-07 06:15:45.742  9067  9067 D takeScreenshot: Found 1 global views to redraw
09-07 06:15:45.800  1793  1793 D gralloc_ranchu: gralloc_alloc: Creating ashmem region of size 9850880
09-07 06:15:45.848  9067  9235 W DefaultFailureHandler: Failed to take screenshot
09-07 06:15:45.848  9067  9235 W DefaultFailureHandler: java.io.FileNotFoundException: view-op-error-21.png: open failed: EROFS (Read-only file system)
09-07 06:15:45.848  9067  9235 W DefaultFailureHandler: 	at libcore.io.IoBridge.open(IoBridge.java:496)
09-07 06:15:45.848  9067  9235 W DefaultFailureHandler: 	at java.io.FileOutputStream.<init>(FileOutputStream.java:235)
09-07 06:15:45.848  9067  9235 W DefaultFailureHandler: 	at java.io.FileOutputStream.<init>(FileOutputStream.java:125)
09-07 06:15:45.848  9067  9235 W DefaultFailureHandler: 	at androidx.test.platform.io.FileTestStorage.openOutputFile(FileTestStorage.java:60)
09-07 06:15:45.848  9067  9235 W DefaultFailureHandler: 	at androidx.test.core.graphics.BitmapStorage.writeToTestStorage(BitmapStorageExt.kt:49)
09-07 06:15:45.848  9067  9235 W DefaultFailureHandler: 	at androidx.test.espresso.base.DefaultFailureHandler.takeScreenshot(DefaultFailureHandler.java:4)
09-07 06:15:45.848  9067  9235 W DefaultFailureHandler: 	at androidx.test.espresso.base.DefaultFailureHandler.handle(DefaultFailureHandler.java:3)
09-07 06:15:45.848  9067  9235 W DefaultFailureHandler: 	at androidx.test.espresso.ViewInteraction.waitForAndHandleInteractionResults(ViewInteraction.java:8)
09-07 06:15:45.848  9067  9235 W DefaultFailureHandler: 	at androidx.test.espresso.ViewInteraction.desugaredPerform(ViewInteraction.java:11)
09-07 06:15:45.848  9067  9235 W DefaultFailureHandler: 	at androidx.test.espresso.ViewInteraction.perform(ViewInteraction.java:8)
09-07 06:15:45.848  9067  9235 W DefaultFailureHandler: 	at ru.iteco.fmhandroid.ui.data.TestUtils.waitView(TestUtils.java:61)
09-07 06:15:45.848  9067  9235 W DefaultFailureHandler: 	at ru.iteco.fmhandroid.ui.steps.AuthSteps.isAuthScreen(AuthSteps.java:58)
09-07 06:15:45.848  9067  9235 W DefaultFailureHandler: 	at ru.iteco.fmhandroid.ui.ControlPanelTest.logoutCheckAndOpenControlPanelPage(ControlPanelTest.java:58)
09-07 06:15:45.848  9067  9235 W DefaultFailureHandler: 	at java.lang.reflect.Method.invoke(Native Method)
09-07 06:15:45.848  9067  9235 W DefaultFailureHandler: 	at org.junit.runners.model.FrameworkMethod$1.runReflectiveCall(FrameworkMethod.java:59)
09-07 06:15:45.848  9067  9235 W DefaultFailureHandler: 	at org.junit.internal.runners.model.ReflectiveCallable.run(ReflectiveCallable.java:12)
09-07 06:15:45.848  9067  9235 W DefaultFailureHandler: 	at org.junit.runners.model.FrameworkMethod.invokeExplosively(FrameworkMethod.java:56)
09-07 06:15:45.848  9067  9235 W DefaultFailureHandler: 	at androidx.test.internal.runner.junit4.statement.RunBefores.evaluate(RunBefores.java:76)
09-07 06:15:45.848  9067  9235 W DefaultFailureHandler: 	at io.qameta.allure.android.rules.ScreenshotRule$apply$1.evaluate(ScreenshotRule.kt:22)
09-07 06:15:45.848  9067  9235 W DefaultFailureHandler: 	at org.junit.rules.ExternalResource$1.evaluate(ExternalResource.java:54)
09-07 06:15:45.848  9067  9235 W DefaultFailureHandler: 	at io.qameta.allure.android.rules.LogcatRule$apply$1.evaluate(LogcatRule.kt:23)
09-07 06:15:45.848  9067  9235 W DefaultFailureHandler: 	at org.junit.rules.RunRules.evaluate(RunRules.java:20)
09-07 06:15:45.848  9067  9235 W DefaultFailureHandler: 	at org.junit.runners.ParentRunner$3.evaluate(ParentRunner.java:306)
09-07 06:15:45.848  9067  9235 W DefaultFailureHandler: 	at org.junit.runners.BlockJUnit4ClassRunner$1.evaluate(BlockJUnit4ClassRunner.java:100)
09-07 06:15:45.848  9067  9235 W DefaultFailureHandler: 	at org.junit.runners.ParentRunner.runLeaf(ParentRunner.java:366)
09-07 06:15:45.848  9067  9235 W DefaultFailureHandler: 	at org.junit.runners.BlockJUnit4ClassRunner.runChild(BlockJUnit4ClassRunner.java:103)
09-07 06:15:45.848  9067  9235 W DefaultFailureHandler: 	at org.junit.runners.BlockJUnit4ClassRunner.runChild(BlockJUnit4ClassRunner.java:63)
09-07 06:15:45.848  9067  9235 W DefaultFailureHandler: 	at org.junit.runners.ParentRunner$4.run(ParentRunner.java:331)
09-07 06:15:45.848  9067  9235 W DefaultFailureHandler: 	at org.junit.runners.ParentRunner$1.schedule(ParentRunner.java:79)
09-07 06:15:45.848  9067  9235 W DefaultFailureHandler: 	at org.junit.runners.ParentRunner.runChildren(ParentRunner.java:329)
09-07 06:15:45.848  9067  9235 W DefaultFailureHandler: 	at org.junit.runners.ParentRunner.access$100(ParentRunner.java:66)
09-07 06:15:45.848  9067  9235 W DefaultFailureHandler: 	at org.junit.runners.ParentRunner$2.evaluate(ParentRunner.java:293)
09-07 06:15:45.848  9067  9235 W DefaultFailureHandler: 	at org.junit.runners.ParentRunner$3.evaluate(ParentRunner.java:306)
09-07 06:15:45.848  9067  9235 W DefaultFailureHandler: 	at org.junit.runners.ParentRunner.run(ParentRunner.java:413)
09-07 06:15:45.848  9067  9235 W DefaultFailureHandler: 	at androidx.test.ext.junit.runners.AndroidJUnit4.run(AndroidJUnit4.java:162)
09-07 06:15:45.848  9067  9235 W DefaultFailureHandler: 	at io.qameta.allure.android.runners.AllureAndroidJUnit4.run(AllureAndroidJUnitRunners.kt:29)
09-07 06:15:45.848  9067  9235 W DefaultFailureHandler: 	at org.junit.runners.Suite.runChild(Suite.java:128)
09-07 06:15:45.848  9067  9235 W DefaultFailureHandler: 	at org.junit.runners.Suite.runChild(Suite.java:27)
09-07 06:15:45.848  9067  9235 W DefaultFailureHandler: 	at org.junit.runners.ParentRunner$4.run(ParentRunner.java:331)
09-07 06:15:45.848  9067  9235 W DefaultFailureHandler: 	at org.junit.runners.ParentRunner$1.schedule(ParentRunner.java:79)
09-07 06:15:45.848  9067  9235 W DefaultFailureHandler: 	at org.junit.runners.ParentRunner.runChildren(ParentRunner.java:329)
09-07 06:15:45.848  9067  9235 W DefaultFailureHandler: 	at org.junit.runners.ParentRunner.access$100(ParentRunner.java:66)
09-07 06:15:45.848  9067  9235 W DefaultFailureHandler: 	at org.junit.runners.ParentRunner$2.evaluate(ParentRunner.java:293)
09-07 06:15:45.848  9067  9235 W DefaultFailureHandler: 	at org.junit.runners.ParentRunner$3.evaluate(ParentRunner.java:306)
09-07 06:15:45.848  9067  9235 W DefaultFailureHandler: 	at org.junit.runners.ParentRunner.run(ParentRunner.java:413)
09-07 06:15:45.848  9067  9235 W DefaultFailureHandler: 	at org.junit.runner.JUnitCore.run(JUnitCore.java:137)
09-07 06:15:45.848  9067  9235 W DefaultFailureHandler: 	at org.junit.runner.JUnitCore.run(JUnitCore.java:115)
09-07 06:15:45.848  9067  9235 W DefaultFailureHandler: 	at androidx.test.internal.runner.TestExecutor.execute(TestExecutor.java:67)
09-07 06:15:45.848  9067  9235 W DefaultFailureHandler: 	at androidx.test.internal.runner.TestExecutor.execute(TestExecutor.java:58)
09-07 06:15:45.848  9067  9235 W DefaultFailureHandler: 	at androidx.test.runner.AndroidJUnitRunner.onStart(AndroidJUnitRunner.java:438)
09-07 06:15:45.848  9067  9235 W DefaultFailureHandler: 	at android.app.Instrumentation$InstrumentationThread.run(Instrumentation.java:2189)
09-07 06:15:45.848  9067  9235 W DefaultFailureHandler: Caused by: android.system.ErrnoException: open failed: EROFS (Read-only file system)
09-07 06:15:45.848  9067  9235 W DefaultFailureHandler: 	at libcore.io.Linux.open(Native Method)
09-07 06:15:45.848  9067  9235 W DefaultFailureHandler: 	at libcore.io.ForwardingOs.open(ForwardingOs.java:167)
09-07 06:15:45.848  9067  9235 W DefaultFailureHandler: 	at libcore.io.BlockGuardOs.open(BlockGuardOs.java:252)
09-07 06:15:45.848  9067  9235 W DefaultFailureHandler: 	at libcore.io.ForwardingOs.open(ForwardingOs.java:167)
09-07 06:15:45.848  9067  9235 W DefaultFailureHandler: 	at android.app.ActivityThread$AndroidOs.open(ActivityThread.java:7255)
09-07 06:15:45.848  9067  9235 W DefaultFailureHandler: 	at libcore.io.IoBridge.open(IoBridge.java:482)
09-07 06:15:45.848  9067  9235 W DefaultFailureHandler: 	... 50 more
09-07 06:15:45.850  9067  9067 I ViewInteraction: Performing 'wait for a specific view with <view.getId() is <2131230870/ru.iteco.fmhandroid:id/authorization_image_button>> during 10000 millis.' action on view view.getRootView() to equal view
09-07 06:15:45.852  9067  9067 I ViewInteraction: Checking 'MatchesViewAssertion{viewMatcher=(view has effective visibility <VISIBLE> and view.getGlobalVisibleRect() to return non-empty rectangle)}' assertion on view view.getId() is <2131230870/ru.iteco.fmhandroid:id/authorization_image_button>
09-07 06:15:45.854  9067  9067 I ViewInteraction: Performing 'single click' action on view view.getId() is <2131230870/ru.iteco.fmhandroid:id/authorization_image_button>
09-07 06:15:45.905  1781  6116 W audio_hw_generic: Not supplying enough data to HAL, expected position 82412183 , only wrote 82412158
09-07 06:15:45.945  1793  1793 D gralloc_ranchu: gralloc_alloc: Creating ashmem region of size 884736
09-07 06:15:45.956  1793  1793 I chatty  : uid=1000(system) allocator@2.0-s identical 1 line
09-07 06:15:45.962  1793  1793 D gralloc_ranchu: gralloc_alloc: Creating ashmem region of size 884736
09-07 06:15:45.970  9067  9293 D EGL_emulation: eglMakeCurrent: 0xda21a9c0: ver 2 0 (tinfo 0xda20fc10)
09-07 06:15:46.037  9067  9293 I chatty  : uid=10136(ru.iteco.fmhandroid) RenderThread identical 3 lines
09-07 06:15:46.060  9067  9293 D EGL_emulation: eglMakeCurrent: 0xda21a9c0: ver 2 0 (tinfo 0xda20fc10)
09-07 06:15:46.263  9067  9067 I ViewInteraction: Performing 'wait for a specific view with <an instance of android.widget.TextView and view.getText() with or without transformation to match: is "Log out"> during 10000 millis.' action on view view.getRootView() to equal view
09-07 06:15:46.267  9067  9067 I ViewInteraction: Checking 'MatchesViewAssertion{viewMatcher=(view has effective visibility <VISIBLE> and view.getGlobalVisibleRect() to return non-empty rectangle)}' assertion on view an instance of android.widget.TextView and view.getText() with or without transformation to match: is "Log out"
09-07 06:15:46.272  9067  9067 I ViewInteraction: Performing 'single click' action on view an instance of android.widget.TextView and view.getText() with or without transformation to match: is "Log out"
09-07 06:15:46.491  9067  9293 D EGL_emulation: eglMakeCurrent: 0xda21a9c0: ver 2 0 (tinfo 0xda20fc10)
09-07 06:15:46.527  9067  9293 D EGL_emulation: eglMakeCurrent: 0xda21a9c0: ver 2 0 (tinfo 0xda20fc10)
09-07 06:15:46.575  1792  2272 E GnssHAL_GnssInterface: gnssSvStatusCb: a: input svInfo.flags is 8
09-07 06:15:46.575  1792  2272 E GnssHAL_GnssInterface: gnssSvStatusCb: b: input svInfo.flags is 8
09-07 06:15:46.618  9067  9067 I ViewInteraction: Performing 'wait for a specific view with <(an instance of android.widget.TextView and view.getText() with or without transformation to match: is "Authorization" and view.getParent() view.getParent() view.getId() is <2131231186>)> during 10000 millis.' action on view view.getRootView() to equal view
09-07 06:15:46.622  9067  9067 I ViewInteraction: Checking 'MatchesViewAssertion{viewMatcher=(view has effective visibility <VISIBLE> and view.getGlobalVisibleRect() to return non-empty rectangle)}' assertion on view (an instance of android.widget.TextView and view.getText() with or without transformation to match: is "Authorization" and view.getParent() view.getParent() view.getId() is <2131231186/ru.iteco.fmhandroid:id/nav_host_fragment>)
09-07 06:15:46.624  9067  9067 I ViewInteraction: Performing 'wait for a specific view with <(an instance of android.widget.TextView and view.getHint() matching: is "Login" and view.getParent() view.getParent() view.getId() is <2131231121/ru.iteco.fmhandroid:id/login_text_input_layout>)> during 10000 millis.' action on view view.getRootView() to equal view
09-07 06:15:46.627  9067  9067 I ViewInteraction: Checking 'MatchesViewAssertion{viewMatcher=(view has effective visibility <VISIBLE> and view.getGlobalVisibleRect() to return non-empty rectangle)}' assertion on view (an instance of android.widget.TextView and view.getHint() matching: is "Login" and view.getParent() view.getParent() view.getId() is <2131231121/ru.iteco.fmhandroid:id/login_text_input_layout>)
09-07 06:15:46.629  9067  9067 I ViewInteraction: Performing 'wait for a specific view with <(an instance of android.widget.TextView and view.getHint() matching: is "Password" and view.getParent() view.getParent() view.getId() is <2131231264/ru.iteco.fmhandroid:id/password_text_input_layout>)> during 10000 millis.' action on view view.getRootView() to equal view
09-07 06:15:46.632  9067  9067 I ViewInteraction: Checking 'MatchesViewAssertion{viewMatcher=(view has effective visibility <VISIBLE> and view.getGlobalVisibleRect() to return non-empty rectangle)}' assertion on view (an instance of android.widget.TextView and view.getHint() matching: is "Password" and view.getParent() view.getParent() view.getId() is <2131231264/ru.iteco.fmhandroid:id/password_text_input_layout>)
09-07 06:15:46.635  9067  9067 I ViewInteraction: Performing 'wait for a specific view with <(view.getId() is <2131231039/ru.iteco.fmhandroid:id/enter_button> and an instance of android.widget.TextView and view.getText() with or without transformation to match: is "SIGN IN" and view.getContentDescription() is "Save" and view.getParent() view.getParent() an instance of android.widget.RelativeLayout)> during 10000 millis.' action on view view.getRootView() to equal view
09-07 06:15:46.639  9067  9067 I ViewInteraction: Checking 'MatchesViewAssertion{viewMatcher=(view has effective visibility <VISIBLE> and view.getGlobalVisibleRect() to return non-empty rectangle)}' assertion on view (view.getId() is <2131231039/ru.iteco.fmhandroid:id/enter_button> and an instance of android.widget.TextView and view.getText() with or without transformation to match: is "SIGN IN" and view.getContentDescription() is "Save" and view.getParent() view.getParent() an instance of android.widget.RelativeLayout)
09-07 06:15:46.641  9067  9067 I ViewInteraction: Performing 'wait for a specific view with <(an instance of android.widget.TextView and view.getText() with or without transformation to match: is "Authorization" and view.getParent() view.getParent() view.getId() is <2131231186>)> during 10000 millis.' action on view view.getRootView() to equal view
09-07 06:15:46.644  9067  9067 I ViewInteraction: Checking 'MatchesViewAssertion{viewMatcher=(view has effective visibility <VISIBLE> and view.getGlobalVisibleRect() to return non-empty rectangle)}' assertion on view (an instance of android.widget.TextView and view.getText() with or without transformation to match: is "Authorization" and view.getParent() view.getParent() view.getId() is <2131231186/ru.iteco.fmhandroid:id/nav_host_fragment>)
09-07 06:15:46.648  9067  9067 I ViewInteraction: Performing 'wait for a specific view with <(an instance of android.widget.TextView and view.getHint() matching: is "Login" and view.getParent() view.getParent() view.getId() is <2131231121/ru.iteco.fmhandroid:id/login_text_input_layout>)> during 10000 millis.' action on view view.getRootView() to equal view
09-07 06:15:46.654  9067  9067 I ViewInteraction: Checking 'MatchesViewAssertion{viewMatcher=(view has effective visibility <VISIBLE> and view.getGlobalVisibleRect() to return non-empty rectangle)}' assertion on view (an instance of android.widget.TextView and view.getHint() matching: is "Login" and view.getParent() view.getParent() view.getId() is <2131231121/ru.iteco.fmhandroid:id/login_text_input_layout>)
09-07 06:15:46.658  9067  9067 I ViewInteraction: Performing 'wait for a specific view with <(an instance of android.widget.TextView and view.getHint() matching: is "Password" and view.getParent() view.getParent() view.getId() is <2131231264/ru.iteco.fmhandroid:id/password_text_input_layout>)> during 10000 millis.' action on view view.getRootView() to equal view
09-07 06:15:46.661  9067  9067 I ViewInteraction: Checking 'MatchesViewAssertion{viewMatcher=(view has effective visibility <VISIBLE> and view.getGlobalVisibleRect() to return non-empty rectangle)}' assertion on view (an instance of android.widget.TextView and view.getHint() matching: is "Password" and view.getParent() view.getParent() view.getId() is <2131231264/ru.iteco.fmhandroid:id/password_text_input_layout>)
09-07 06:15:46.664  9067  9067 I ViewInteraction: Performing 'wait for a specific view with <(view.getId() is <2131231039/ru.iteco.fmhandroid:id/enter_button> and an instance of android.widget.TextView and view.getText() with or without transformation to match: is "SIGN IN" and view.getContentDescription() is "Save" and view.getParent() view.getParent() an instance of android.widget.RelativeLayout)> during 10000 millis.' action on view view.getRootView() to equal view
09-07 06:15:46.667  9067  9067 I ViewInteraction: Checking 'MatchesViewAssertion{viewMatcher=(view has effective visibility <VISIBLE> and view.getGlobalVisibleRect() to return non-empty rectangle)}' assertion on view (view.getId() is <2131231039/ru.iteco.fmhandroid:id/enter_button> and an instance of android.widget.TextView and view.getText() with or without transformation to match: is "SIGN IN" and view.getContentDescription() is "Save" and view.getParent() view.getParent() an instance of android.widget.RelativeLayout)
09-07 06:15:46.671  9067  9067 I ViewInteraction: Performing 'wait for a specific view with <(an instance of android.widget.TextView and view.getHint() matching: is "Login" and view.getParent() view.getParent() view.getId() is <2131231121/ru.iteco.fmhandroid:id/login_text_input_layout>)> during 10000 millis.' action on view view.getRootView() to equal view
09-07 06:15:46.674  9067  9067 I ViewInteraction: Performing 'replace text(login2)' action on view (an instance of android.widget.TextView and view.getHint() matching: is "Login" and view.getParent() view.getParent() view.getId() is <2131231121/ru.iteco.fmhandroid:id/login_text_input_layout>)
09-07 06:15:46.713  9067  9067 I ViewInteraction: Performing 'wait for a specific view with <(an instance of android.widget.TextView and view.getHint() matching: is "Password" and view.getParent() view.getParent() view.getId() is <2131231264/ru.iteco.fmhandroid:id/password_text_input_layout>)> during 10000 millis.' action on view view.getRootView() to equal view
09-07 06:15:46.732  9067  9067 I ViewInteraction: Performing 'replace text(password2)' action on view (an instance of android.widget.TextView and view.getHint() matching: is "Password" and view.getParent() view.getParent() view.getId() is <2131231264/ru.iteco.fmhandroid:id/password_text_input_layout>)
09-07 06:15:46.743  9067  9067 I ViewInteraction: Performing 'wait for a specific view with <(view.getId() is <2131231039/ru.iteco.fmhandroid:id/enter_button> and an instance of android.widget.TextView and view.getText() with or without transformation to match: is "SIGN IN" and view.getContentDescription() is "Save" and view.getParent() view.getParent() an instance of android.widget.RelativeLayout)> during 10000 millis.' action on view view.getRootView() to equal view
09-07 06:15:46.748  9067  9067 I ViewInteraction: Checking 'MatchesViewAssertion{viewMatcher=view.isClickable() is <true>}' assertion on view (view.getId() is <2131231039/ru.iteco.fmhandroid:id/enter_button> and an instance of android.widget.TextView and view.getText() with or without transformation to match: is "SIGN IN" and view.getContentDescription() is "Save" and view.getParent() view.getParent() an instance of android.widget.RelativeLayout)
09-07 06:15:46.768  9067  9067 I ViewInteraction: Performing 'wait for a specific view with <(view.getId() is <2131231039/ru.iteco.fmhandroid:id/enter_button> and an instance of android.widget.TextView and view.getText() with or without transformation to match: is "SIGN IN" and view.getContentDescription() is "Save" and view.getParent() view.getParent() an instance of android.widget.RelativeLayout)> during 10000 millis.' action on view view.getRootView() to equal view
09-07 06:15:46.772  9067  9067 I ViewInteraction: Checking 'MatchesViewAssertion{viewMatcher=view.isClickable() is <true>}' assertion on view (view.getId() is <2131231039/ru.iteco.fmhandroid:id/enter_button> and an instance of android.widget.TextView and view.getText() with or without transformation to match: is "SIGN IN" and view.getContentDescription() is "Save" and view.getParent() view.getParent() an instance of android.widget.RelativeLayout)
09-07 06:15:46.775  9067  9067 I ViewInteraction: Performing 'wait for a specific view with <(view.getId() is <2131231039/ru.iteco.fmhandroid:id/enter_button> and an instance of android.widget.TextView and view.getText() with or without transformation to match: is "SIGN IN" and view.getContentDescription() is "Save" and view.getParent() view.getParent() an instance of android.widget.RelativeLayout)> during 10000 millis.' action on view view.getRootView() to equal view
09-07 06:15:46.779  9067  9067 I ViewInteraction: Performing 'single click' action on view (view.getId() is <2131231039/ru.iteco.fmhandroid:id/enter_button> and an instance of android.widget.TextView and view.getText() with or without transformation to match: is "SIGN IN" and view.getContentDescription() is "Save" and view.getParent() view.getParent() an instance of android.widget.RelativeLayout)
09-07 06:15:46.828  9067  9314 I okhttp.OkHttpClient: --> POST http://www.981757-ca08998.tmweb.ru:8080/fmh/authentication/login
09-07 06:15:46.829  9067  9314 I okhttp.OkHttpClient: Content-Type: application/json; charset=UTF-8
09-07 06:15:46.829  9067  9314 I okhttp.OkHttpClient: Content-Length: 41
09-07 06:15:46.829  9067  9314 I okhttp.OkHttpClient: {"login":"login2","password":"password2"}
09-07 06:15:46.829  9067  9314 I okhttp.OkHttpClient: --> END POST (41-byte body)
09-07 06:15:47.064  9067  9067 I ViewInteraction: Performing 'wait for a specific view with <an instance of android.widget.TextView and view.getText() with or without transformation to match: is "News"> during 10000 millis.' action on view view.getRootView() to equal view
09-07 06:15:47.409  9067  9314 I okhttp.OkHttpClient: <-- 200 http://www.981757-ca08998.tmweb.ru:8080/fmh/authentication/login (579ms)
09-07 06:15:47.410  9067  9314 I okhttp.OkHttpClient: Vary: Origin
09-07 06:15:47.410  9067  9314 I okhttp.OkHttpClient: Vary: Access-Control-Request-Method
09-07 06:15:47.410  9067  9314 I okhttp.OkHttpClient: Vary: Access-Control-Request-Headers
09-07 06:15:47.410  9067  9314 I okhttp.OkHttpClient: X-Content-Type-Options: nosniff
09-07 06:15:47.411  9067  9314 I okhttp.OkHttpClient: X-XSS-Protection: 1; mode=block
09-07 06:15:47.411  9067  9314 I okhttp.OkHttpClient: Cache-Control: no-cache, no-store, max-age=0, must-revalidate
09-07 06:15:47.411  9067  9314 I okhttp.OkHttpClient: Pragma: no-cache
09-07 06:15:47.411  9067  9314 I okhttp.OkHttpClient: Expires: 0
09-07 06:15:47.412  9067  9314 I okhttp.OkHttpClient: X-Frame-Options: DENY
09-07 06:15:47.413  9067  9314 I okhttp.OkHttpClient: Content-Type: application/json
09-07 06:15:47.413  9067  9314 I okhttp.OkHttpClient: Transfer-Encoding: chunked
09-07 06:15:47.413  9067  9314 I okhttp.OkHttpClient: Date: Thu, 07 Sep 2023 06:15:47 GMT
09-07 06:15:47.414  9067  9314 I okhttp.OkHttpClient: Keep-Alive: timeout=60
09-07 06:15:47.414  9067  9314 I okhttp.OkHttpClient: Connection: keep-alive
09-07 06:15:47.415  9067  9314 I okhttp.OkHttpClient: {"accessToken":"eyJhbGciOiJIUzUxMiJ9.eyJzdWIiOiJsb2dpbjIiLCJqdGkiOiIxIiwiZXhwIjoxNjk0MTUzNzQ3fQ.fkwrbFQyZVRhjkGe7GFg8RHhY51cuQ-27h1xg_O-1OpdkjzN7GHiFg2QCB4fYetDGiYMVR3LWg5CR7QlGaofBA","refreshToken":"eyJhbGciOiJIUzUxMiJ9.eyJzdWIiOiJsb2dpbjIiLCJqdGkiOiIxIiwiZXhwIjoxNjk2NjU5MzQ3fQ.azgttswXLk9lwR1TkJiYu7ThsRjZSSobdh2lv5hS7pP2cT09B23F_uIoF3f03K0sKWfY1bSb4EktGvvNYGSW8Q"}
09-07 06:15:47.415  9067  9314 I okhttp.OkHttpClient: <-- END HTTP (368-byte body)
09-07 06:15:47.425  9067  9320 I okhttp.OkHttpClient: --> GET http://www.981757-ca08998.tmweb.ru:8080/fmh/authentication/userInfo
09-07 06:15:47.426  9067  9320 I okhttp.OkHttpClient: --> END GET
09-07 06:15:47.576  1792  2272 E GnssHAL_GnssInterface: gnssSvStatusCb: a: input svInfo.flags is 8
09-07 06:15:47.576  1792  2272 E GnssHAL_GnssInterface: gnssSvStatusCb: b: input svInfo.flags is 8
09-07 06:15:47.611  9067  9320 I okhttp.OkHttpClient: <-- 200 http://www.981757-ca08998.tmweb.ru:8080/fmh/authentication/userInfo (184ms)
09-07 06:15:47.612  9067  9320 I okhttp.OkHttpClient: Vary: Origin
09-07 06:15:47.612  9067  9320 I okhttp.OkHttpClient: Vary: Access-Control-Request-Method
09-07 06:15:47.612  9067  9320 I okhttp.OkHttpClient: Vary: Access-Control-Request-Headers
09-07 06:15:47.615  9067  9320 I okhttp.OkHttpClient: X-Content-Type-Options: nosniff
09-07 06:15:47.616  9067  9320 I okhttp.OkHttpClient: X-XSS-Protection: 1; mode=block
09-07 06:15:47.617  9067  9320 I okhttp.OkHttpClient: Cache-Control: no-cache, no-store, max-age=0, must-revalidate
09-07 06:15:47.618  9067  9320 I okhttp.OkHttpClient: Pragma: no-cache
09-07 06:15:47.620  9067  9320 I okhttp.OkHttpClient: Expires: 0
09-07 06:15:47.622  9067  9320 I okhttp.OkHttpClient: X-Frame-Options: DENY
09-07 06:15:47.622  9067  9320 I okhttp.OkHttpClient: Content-Type: application/json
09-07 06:15:47.622  9067  9320 I okhttp.OkHttpClient: Transfer-Encoding: chunked
09-07 06:15:47.623  9067  9320 I okhttp.OkHttpClient: Date: Thu, 07 Sep 2023 06:15:47 GMT
09-07 06:15:47.623  9067  9320 I okhttp.OkHttpClient: Keep-Alive: timeout=60
09-07 06:15:47.623  9067  9320 I okhttp.OkHttpClient: Connection: keep-alive
09-07 06:15:47.626  9067  9320 I okhttp.OkHttpClient: {"id":1,"firstName":"Ivan","lastName":"Ivanov","middleName":"Ivanovich","admin":true}
09-07 06:15:47.626  9067  9320 I okhttp.OkHttpClient: <-- END HTTP (85-byte body)
09-07 06:15:47.642  9067  9322 I okhttp.OkHttpClient: --> GET http://www.981757-ca08998.tmweb.ru:8080/fmh/claims
09-07 06:15:47.643  9067  9322 I okhttp.OkHttpClient: --> END GET
09-07 06:15:47.655  1774  9930 E ResolverController: No valid NAT64 prefix (101, <unspecified>/0)
09-07 06:15:47.752  9067  9067 I ViewInteraction: Checking 'MatchesViewAssertion{viewMatcher=(view has effective visibility <VISIBLE> and view.getGlobalVisibleRect() to return non-empty rectangle)}' assertion on view an instance of android.widget.TextView and view.getText() with or without transformation to match: is "News"
09-07 06:15:47.756  9067  9067 I ViewInteraction: Performing 'wait for a specific view with <view.getId() is <2131230951>> during 10000 millis.' action on view view.getRootView() to equal view
09-07 06:15:47.759  9067  9067 I ViewInteraction: Checking 'MatchesViewAssertion{viewMatcher=(view has effective visibility <VISIBLE> and view.getGlobalVisibleRect() to return non-empty rectangle)}' assertion on view view.getId() is <2131230951/ru.iteco.fmhandroid:id/container_list_news_include_on_fragment_main>
09-07 06:15:47.763  9067  9067 I ViewInteraction: Performing 'wait for a specific view with <view.getId() is <2131230949>> during 10000 millis.' action on view view.getRootView() to equal view
09-07 06:15:47.768  9067  9067 I ViewInteraction: Checking 'MatchesViewAssertion{viewMatcher=(view has effective visibility <VISIBLE> and view.getGlobalVisibleRect() to return non-empty rectangle)}' assertion on view view.getId() is <2131230949/ru.iteco.fmhandroid:id/container_list_claim_include_on_fragment_main>
09-07 06:15:47.774  9067  9067 I ViewInteraction: Performing 'wait for a specific view with <an instance of android.widget.TextView and view.getText() with or without transformation to match: is "Claims"> during 10000 millis.' action on view view.getRootView() to equal view
09-07 06:15:47.776  9067  9067 I ViewInteraction: Checking 'MatchesViewAssertion{viewMatcher=(view has effective visibility <VISIBLE> and view.getGlobalVisibleRect() to return non-empty rectangle)}' assertion on view an instance of android.widget.TextView and view.getText() with or without transformation to match: is "Claims"
09-07 06:15:47.778  9067  9067 I ViewInteraction: Performing 'wait for a specific view with <view.getId() is <2131231123/ru.iteco.fmhandroid:id/main_menu_image_button>> during 10000 millis.' action on view view.getRootView() to equal view
09-07 06:15:47.782  9067  9067 I ViewInteraction: Performing 'single click' action on view view.getId() is <2131231123/ru.iteco.fmhandroid:id/main_menu_image_button>
09-07 06:15:47.871  1793  1793 D gralloc_ranchu: gralloc_alloc: Creating ashmem region of size 2015232
09-07 06:15:47.880  1793  1793 D gralloc_ranchu: gralloc_alloc: Creating ashmem region of size 2015232
09-07 06:15:47.883  1793  2554 D gralloc_ranchu: gralloc_alloc: Creating ashmem region of size 2015232
09-07 06:15:47.890  9067  9293 D EGL_emulation: eglMakeCurrent: 0xda21a9c0: ver 2 0 (tinfo 0xda20fc10)
09-07 06:15:48.051  9067  9293 I chatty  : uid=10136(ru.iteco.fmhandroid) RenderThread identical 4 lines
09-07 06:15:48.058  9067  9293 D EGL_emulation: eglMakeCurrent: 0xda21a9c0: ver 2 0 (tinfo 0xda20fc10)
09-07 06:15:48.306  9067  9067 I ViewInteraction: Performing 'wait for a specific view with <an instance of android.widget.TextView and view.getText() with or without transformation to match: is "News"> during 10000 millis.' action on view view.getRootView() to equal view
09-07 06:15:48.313  9067  9067 I ViewInteraction: Performing 'single click' action on view an instance of android.widget.TextView and view.getText() with or without transformation to match: is "News"
09-07 06:15:48.382  9067  9293 D EGL_emulation: eglMakeCurrent: 0xda21a9c0: ver 2 0 (tinfo 0xda20fc10)
09-07 06:15:48.477  9067  9329 I okhttp.OkHttpClient: --> GET http://www.981757-ca08998.tmweb.ru:8080/fmh/news
09-07 06:15:48.478  9067  9329 I okhttp.OkHttpClient: --> END GET
09-07 06:15:48.530  9067  9293 D EGL_emulation: eglMakeCurrent: 0xda21a9c0: ver 2 0 (tinfo 0xda20fc10)
09-07 06:15:48.545  9067  9293 D EGL_emulation: eglMakeCurrent: 0xda21a9c0: ver 2 0 (tinfo 0xda20fc10)
09-07 06:15:48.576  1792  2272 E GnssHAL_GnssInterface: gnssSvStatusCb: a: input svInfo.flags is 8
09-07 06:15:48.576  1792  2272 E GnssHAL_GnssInterface: gnssSvStatusCb: b: input svInfo.flags is 8
09-07 06:15:48.698  9067  9067 I ViewInteraction: Performing 'wait for a specific view with <view.getId() is <2131231025/ru.iteco.fmhandroid:id/edit_news_material_button>> during 10000 millis.' action on view view.getRootView() to equal view
09-07 06:15:48.699  9067  9067 I ViewInteraction: Performing 'single click' action on view view.getId() is <2131231025/ru.iteco.fmhandroid:id/edit_news_material_button>
09-07 06:15:48.790  9067  9333 I okhttp.OkHttpClient: --> GET http://www.981757-ca08998.tmweb.ru:8080/fmh/news
09-07 06:15:48.790  9067  9333 I okhttp.OkHttpClient: --> END GET
09-07 06:15:49.114  9067  9818 I okhttp.OkHttpClient: <-- HTTP FAILED: java.net.SocketTimeoutException: timeout
09-07 06:15:49.116  9067  9067 W System.err: ru.iteco.fmhandroid.exceptions.ServerException
09-07 06:15:49.117  9067  9067 W System.err: 	at ru.iteco.fmhandroid.utils.Utils.makeRequest(Utils.kt:119)
09-07 06:15:49.117  9067  9067 W System.err: 	at ru.iteco.fmhandroid.utils.Utils$makeRequest$1.invokeSuspend(Unknown Source:15)
09-07 06:15:49.118  9067  9067 W System.err: 	at kotlin.coroutines.jvm.internal.BaseContinuationImpl.resumeWith(ContinuationImpl.kt:33)
09-07 06:15:49.118  9067  9067 W System.err: 	at kotlinx.coroutines.DispatchedTask.run(DispatchedTask.kt:104)
09-07 06:15:49.118  9067  9067 W System.err: 	at android.os.Handler.handleCallback(Handler.java:883)
09-07 06:15:49.118  9067  9067 W System.err: 	at android.os.Handler.dispatchMessage(Handler.java:100)
09-07 06:15:49.119  9067  9067 W System.err: 	at androidx.test.espresso.base.Interrogator.loopAndInterrogate(Interrogator.java:14)
