--------- beginning of main
09-07 06:07:20.269  7823  7823 D AndroidRuntime: >>>>>> START com.android.internal.os.RuntimeInit uid 2000 <<<<<<
09-07 06:07:20.277  7823  7823 E libc    : Access denied finding property "persist.device_config.runtime_native_boot.enable_apex_image"
09-07 06:07:20.277  7823  7823 I AndroidRuntime: Using default boot image
09-07 06:07:20.277  7823  7823 E libc    : Access denied finding property "persist.device_config.runtime_native_boot.disable_lock_profiling"
09-07 06:07:20.277  7823  7823 I AndroidRuntime: Leaving lock profiling enabled
09-07 06:07:20.277  7823  7823 E libc    : Access denied finding property "persist.device_config.runtime_native_boot.enable_generational_cc"
09-07 06:07:20.283  7823  7823 W app_process: Could not reserve sentinel fault page
09-07 06:07:20.261  7823  7823 W app_process: type=1400 audit(0.0:326): avc: denied { read } for name="u:object_r:device_config_runtime_native_boot_prop:s0" dev="tmpfs" ino=6894 scontext=u:r:shell:s0 tcontext=u:object_r:device_config_runtime_native_boot_prop:s0 tclass=file permissive=0
09-07 06:07:20.261  7823  7823 W app_process: type=1400 audit(0.0:327): avc: denied { read } for name="u:object_r:device_config_runtime_native_boot_prop:s0" dev="tmpfs" ino=6894 scontext=u:r:shell:s0 tcontext=u:object_r:device_config_runtime_native_boot_prop:s0 tclass=file permissive=0
09-07 06:07:20.261  7823  7823 W app_process: type=1400 audit(0.0:328): avc: denied { read } for name="u:object_r:device_config_runtime_native_boot_prop:s0" dev="tmpfs" ino=6894 scontext=u:r:shell:s0 tcontext=u:object_r:device_config_runtime_native_boot_prop:s0 tclass=file permissive=0
09-07 06:07:20.524  1792  2272 E GnssHAL_GnssInterface: gnssSvStatusCb: a: input svInfo.flags is 8
09-07 06:07:20.524  1792  2272 E GnssHAL_GnssInterface: gnssSvStatusCb: b: input svInfo.flags is 8
09-07 06:07:20.637  7823  7823 D ICU     : Time zone APEX file found: /apex/com.android.tzdata/etc/icu/icu_tzdata.dat
09-07 06:07:20.648  7823  7823 W app_process: Unexpected CPU variant for X86 using defaults: x86
09-07 06:07:20.651  7823  7823 I app_process: The ClassLoaderContext is a special shared library.
09-07 06:07:20.677  7823  7823 W app_process: JNI RegisterNativeMethods: attempt to register 0 native methods for android.media.AudioAttributes
09-07 06:07:20.685  7823  7823 D AndroidRuntime: Calling main entry com.android.commands.am.Am
--------- beginning of system
09-07 06:07:20.698  2037  2056 I ActivityManager: Force stopping ru.iteco.fmhandroid appid=10136 user=0: start instr
09-07 06:07:20.708  1775  1775 D Zygote  : Forked child process 7841
09-07 06:07:20.714  7841  7841 I teco.fmhandroi: Late-enabling -Xcheck:jni
09-07 06:07:20.718  2037  2067 I ActivityManager: Start proc 7841:ru.iteco.fmhandroid/u0a136 for added application ru.iteco.fmhandroid
09-07 06:07:20.731  7841  7841 E teco.fmhandroi: Unknown bits set in runtime_flags: 0x8000
09-07 06:07:20.732  7841  7841 W teco.fmhandroi: Unexpected CPU variant for X86 using defaults: x86
09-07 06:07:20.826  7841  7841 I teco.fmhandroi: The ClassLoaderContext is a special shared library.
09-07 06:07:20.829  7841  7841 I teco.fmhandroi: The ClassLoaderContext is a special shared library.
09-07 06:07:21.523  1792  2272 E GnssHAL_GnssInterface: gnssSvStatusCb: a: input svInfo.flags is 8
09-07 06:07:21.524  1792  2272 E GnssHAL_GnssInterface: gnssSvStatusCb: b: input svInfo.flags is 8
09-07 06:07:21.543  7841  7841 I teco.fmhandroi: The ClassLoaderContext is a special shared library.
09-07 06:07:21.544  7841  7841 I teco.fmhandroi: The ClassLoaderContext is a special shared library.
09-07 06:07:22.157  7841  7841 W teco.fmhandroi: Accessing hidden method Landroid/app/Instrumentation;->execStartActivity(Landroid/content/Context;Landroid/os/IBinder;Landroid/os/IBinder;Landroid/app/Activity;Landroid/content/Intent;ILandroid/os/Bundle;)Landroid/app/Instrumentation$ActivityResult; (greylist, linking, allowed)
09-07 06:07:22.157  7841  7841 W teco.fmhandroi: Accessing hidden method Landroid/app/Instrumentation;->execStartActivity(Landroid/content/Context;Landroid/os/IBinder;Landroid/os/IBinder;Ljava/lang/String;Landroid/content/Intent;ILandroid/os/Bundle;)Landroid/app/Instrumentation$ActivityResult; (greylist, linking, allowed)
09-07 06:07:22.172  7841  7841 I MonitoringInstr: newApplication called!
09-07 06:07:22.228  7841  7841 I FirebaseApp: Device unlocked: initializing all Firebase APIs for app [DEFAULT]
09-07 06:07:22.247  7841  7841 I FirebaseCrashlytics: Initializing Firebase Crashlytics 18.2.6 for ru.iteco.fmhandroid
09-07 06:07:22.326  7841  7892 I DynamiteModule: Considering local module com.google.android.gms.measurement.dynamite:55 and remote module com.google.android.gms.measurement.dynamite:93
09-07 06:07:22.327  7841  7892 I DynamiteModule: Selected remote version of com.google.android.gms.measurement.dynamite, version >= 93
09-07 06:07:22.328  7841  7892 V DynamiteModule: Dynamite loader version >= 2, using loadModule2NoCrashUtils
09-07 06:07:22.365  7841  7892 W System  : ClassLoader referenced unknown path: 
09-07 06:07:22.440  7841  7841 I FirebaseInitProvider: FirebaseApp initialization successful
09-07 06:07:22.479  7841  7841 I MonitoringInstr: Instrumentation started!
09-07 06:07:22.487  7841  7841 D ClassesArgTokenizer: input: ru.iteco.fmhandroid.ui.AboutPageTest
09-07 06:07:22.489  7841  7841 D ClassesArgTokenizer: result: [ru.iteco.fmhandroid.ui.AboutPageTest]
09-07 06:07:22.489  7841  7841 D ClassesArgTokenizer: input: null
09-07 06:07:22.489  7841  7841 D ClassesArgTokenizer: result: []
09-07 06:07:22.495  7841  7841 V TestEventClient: No service name argument was given (testDiscoveryService, testRunEventService or orchestratorService)
09-07 06:07:22.515  7841  7905 D AndroidJUnitRunner: onStart is called.
09-07 06:07:22.524  1792  2272 E GnssHAL_GnssInterface: gnssSvStatusCb: a: input svInfo.flags is 8
09-07 06:07:22.524  1792  2272 E GnssHAL_GnssInterface: gnssSvStatusCb: b: input svInfo.flags is 8
09-07 06:07:22.524  7841  7892 W teco.fmhandroi: Accessing hidden method Lsun/misc/Unsafe;->arrayBaseOffset(Ljava/lang/Class;)I (greylist,core-platform-api, linking, allowed)
09-07 06:07:22.525  7841  7892 W teco.fmhandroi: Accessing hidden method Lsun/misc/Unsafe;->arrayIndexScale(Ljava/lang/Class;)I (greylist, linking, allowed)
09-07 06:07:22.525  7841  7892 W teco.fmhandroi: Accessing hidden method Lsun/misc/Unsafe;->compareAndSwapInt(Ljava/lang/Object;JII)Z (greylist, linking, allowed)
09-07 06:07:22.525  7841  7841 I MonitoringInstr: No JSBridge.
09-07 06:07:22.525  7841  7892 W teco.fmhandroi: Accessing hidden method Lsun/misc/Unsafe;->compareAndSwapLong(Ljava/lang/Object;JJJ)Z (greylist, linking, allowed)
09-07 06:07:22.525  7841  7892 W teco.fmhandroi: Accessing hidden method Lsun/misc/Unsafe;->getIntVolatile(Ljava/lang/Object;J)I (greylist, linking, allowed)
09-07 06:07:22.526  7841  7892 W teco.fmhandroi: Accessing hidden method Lsun/misc/Unsafe;->getObjectVolatile(Ljava/lang/Object;J)Ljava/lang/Object; (greylist, linking, allowed)
09-07 06:07:22.526  7841  7892 W teco.fmhandroi: Accessing hidden method Lsun/misc/Unsafe;->objectFieldOffset(Ljava/lang/reflect/Field;)J (greylist,core-platform-api, linking, allowed)
09-07 06:07:22.528  7841  7892 W teco.fmhandroi: Accessing hidden method Lsun/misc/Unsafe;->putObjectVolatile(Ljava/lang/Object;JLjava/lang/Object;)V (greylist, linking, allowed)
09-07 06:07:22.528  7841  7892 W teco.fmhandroi: Accessing hidden field Lsun/misc/Unsafe;->theUnsafe:Lsun/misc/Unsafe; (greylist, reflection, allowed)
09-07 06:07:22.553  7841  7905 D TestRequestBuilder: Skipping class path scanning and directly running [ru.iteco.fmhandroid.ui.AboutPageTest]
09-07 06:07:22.567  7841  7905 D ClassesArgTokenizer: input: ru.iteco.fmhandroid.ui.AboutPageTest
09-07 06:07:22.567  7841  7905 D ClassesArgTokenizer: result: [ru.iteco.fmhandroid.ui.AboutPageTest]
09-07 06:07:22.567  7841  7905 D ClassesArgTokenizer: input: null
09-07 06:07:22.567  7841  7905 D ClassesArgTokenizer: result: []
09-07 06:07:22.587  7841  7905 D AndroidJUnitRunner: Use the raw file system for managing file I/O.
09-07 06:07:22.596  7841  7905 D TestExecutor: Adding listener androidx.test.internal.runner.listener.LogRunListener
09-07 06:07:22.597  7841  7905 D TestExecutor: Adding listener androidx.test.internal.runner.listener.InstrumentationResultPrinter
09-07 06:07:22.597  7841  7905 D TestExecutor: Adding listener androidx.test.internal.runner.listener.ActivityFinisherRunListener
09-07 06:07:22.597  7841  7905 D TestExecutor: Adding listener androidx.test.internal.runner.listener.TraceRunListener
09-07 06:07:22.603  7841  7905 I TestRunner: run started: 3 tests
09-07 06:07:22.629  7841  7912 V FA      : App measurement collection enabled
09-07 06:07:22.629  7841  7912 V FA      : App measurement enabled for app package, google app id: ru.iteco.fmhandroid, 1:729587742060:android:e7d6f87c783f52b9a42f49
09-07 06:07:22.631  7841  7912 I FA      : App measurement initialized, version: 80069
09-07 06:07:22.631  7841  7912 I FA      : To enable debug logging run: adb shell setprop log.tag.FA VERBOSE
09-07 06:07:22.631  7841  7912 I FA      : To enable faster debug mode event logging run:
09-07 06:07:22.631  7841  7912 I FA      :   adb shell setprop debug.firebase.analytics.app ru.iteco.fmhandroid
09-07 06:07:22.632  7841  7912 D FA      : Debug-level message logging enabled
09-07 06:07:22.665  7841  7912 D FA      : Resetting session stitching token to not null
09-07 06:07:22.684  7841  7905 I TestRunner: started: shouldGoBackBut(ru.iteco.fmhandroid.ui.AboutPageTest)
09-07 06:07:22.694  7841  7912 V FA      : Connecting to remote service
09-07 06:07:22.702  7867  7867 D BoundBrokerSvc: onBind: Intent { act=com.google.android.gms.measurement.START pkg=com.google.android.gms }
09-07 06:07:22.702  7867  7867 D BoundBrokerSvc: Loading bound service for intent: Intent { act=com.google.android.gms.measurement.START pkg=com.google.android.gms }
09-07 06:07:22.730  7841  7912 V FA      : Connection attempt already in progress
09-07 06:07:22.761  7841  7912 V FA      : Connection attempt already in progress
09-07 06:07:22.762  7841  7912 D FA      : Connected to remote service
09-07 06:07:22.764  7841  7912 V FA      : Processing queued up service tasks: 3
09-07 06:07:22.819  7867  7915 V FA-SVC  : Saving default event parameters, appId, data size: ru.iteco.fmhandroid, 2
09-07 06:07:22.936  1774  7916 E ResolverController: No valid NAT64 prefix (101, <unspecified>/0)
09-07 06:07:23.019  2037  2037 V SettingsProvider: Notifying for 0: content://settings/secure/accessibility_enabled
09-07 06:07:23.033  2689  3033 I fteu    : (REDACTED) #onAccessibilityStateChanged enabled: %s
09-07 06:07:23.037  2689  3084 I fteu    : #onChange
09-07 06:07:23.038  2689  3084 I csoe    : #FCF: onChange
09-07 06:07:23.040  2689  3084 I csoi    : (REDACTED) FCF System FeatureName to check: %s
09-07 06:07:23.040  2689  3084 I csoi    : (REDACTED) FCF: Device model check status : %s
09-07 06:07:23.049  2689  3084 I csof    : FCF A11y Checker - readyForTngMa
09-07 06:07:23.059  2689  3084 I ctnd    : (REDACTED) #isBluetoothOrWiredHeadsetConnected Number of connected audio devices: %s
09-07 06:07:23.059  2689  3084 I cspe    : (REDACTED) #FCF: Headset Connected Status: %s
09-07 06:07:23.064  2689  3084 I csqs    : (REDACTED) #FCF: Managed profile check status : %s
09-07 06:07:23.064  2689  3084 I csqr    : (REDACTED) #FCF: Demo mode check status : %s
09-07 06:07:23.069  2689  3085 I csno    : (REDACTED) #FCF: Assistant primary locale : %s
09-07 06:07:23.069  2689  3085 I csno    : (REDACTED) #FCF: Assistant Primary locale check status : %s
09-07 06:07:23.072  2689  3085 W csqu    : Unable to check for productivity accounts. Assuming there are none.
09-07 06:07:23.072  2689  3085 W csqu    : com.google.android.libraries.geller.portable.GellerException: Code: INVALID_ARGUMENT, Message: Account name is null.
09-07 06:07:23.072  2689  3085 W csqu    : 	at ghid.a(PG:6)
09-07 06:07:23.072  2689  3085 W csqu    : 	at gxvx.a(PG:3)
09-07 06:07:23.072  2689  3085 W csqu    : 	at hnzx.a(PG:1)
09-07 06:07:23.072  2689  3085 W csqu    : 	at hobr.run(PG:4)
09-07 06:07:23.072  2689  3085 W csqu    : 	at ewes.run(PG:1)
09-07 06:07:23.072  2689  3085 W csqu    : 	at java.util.concurrent.ThreadPoolExecutor.runWorker(ThreadPoolExecutor.java:1167)
09-07 06:07:23.072  2689  3085 W csqu    : 	at java.util.concurrent.ThreadPoolExecutor$Worker.run(ThreadPoolExecutor.java:641)
09-07 06:07:23.072  2689  3085 W csqu    : 	at ewdw.run(PG:2)
09-07 06:07:23.072  2689  3085 W csqu    : 	at java.lang.Thread.run(Thread.java:919)
09-07 06:07:23.072  2689  3085 W csqu    : 	at ewfb.run(PG:5)
09-07 06:07:23.082  2689  3084 I csts    : (REDACTED) #FCF evaluate: %s
09-07 06:07:23.082  2666  3004 I biwj    : NGA disabled since it's running Panthera and at least one a11y feature is on.
09-07 06:07:23.082  2689  3084 I csts    : (REDACTED) TngMaStatusChecker#evaluateInternal completed in %s millis
09-07 06:07:23.083  7841  7905 W Settings: Setting always_finish_activities has moved from android.provider.Settings.System to android.provider.Settings.Global, returning read-only value.
09-07 06:07:23.084  2666  3004 I biwj    : (REDACTED) Nga state changed to %s
09-07 06:07:23.084  2689  3084 I cscy    : (REDACTED) TNG:MA status updated: %s
09-07 06:07:23.084  2689  3084 I cscy    : TNG:MA became ineligible, client should disconnect
09-07 06:07:23.088  2689  3084 I cscy    : #disconnectAndStop - preventing double stop
09-07 06:07:23.093  2037  4090 I ActivityTaskManager: START u0 {act=android.intent.action.MAIN cat=[android.intent.category.LAUNCHER] flg=0x10008000 cmp=ru.iteco.fmhandroid.test/androidx.test.core.app.InstrumentationActivityInvoker$BootstrapActivity (has extras)} from uid 10136
09-07 06:07:23.093  2689  3084 I csts    : #invalidationSource: adding saa update checker
09-07 06:07:23.093  2689  3084 I csts    : #invalidationSource: adding headset checker
09-07 06:07:23.103  2689  3084 I yzq     : (REDACTED) Nga on-device enabled based on TNG:MA active state: %b
09-07 06:07:23.115  2037  2146 D ConnectivityService: releasing NetworkRequest [ TRACK_DEFAULT id=225, [ Capabilities: INTERNET&NOT_RESTRICTED&TRUSTED Uid: 10113] ] (release request)
09-07 06:07:23.122  2689  3084 I yzq     : (REDACTED) Nga on-device enabled based on TNG:MA active state: %b
09-07 06:07:23.123  2689  3084 I yzq     : Unsubscribed to apa or classic variant change.
09-07 06:07:23.125  2037  2056 W InputReader: Device has associated, but no associated display id.
09-07 06:07:23.132  2037  2056 I chatty  : uid=1000(system) Binder:2037_2 identical 18 lines
09-07 06:07:23.132  2037  2056 W InputReader: Device has associated, but no associated display id.
09-07 06:07:23.154  1775  1775 D Zygote  : Forked child process 7925
09-07 06:07:23.155  1793 14098 D gralloc_ranchu: gralloc_alloc: Creating ashmem region of size 9850880
09-07 06:07:23.161  2037  2067 I ActivityManager: Start proc 7925:ru.iteco.fmhandroid.test/u0a135 for activity {ru.iteco.fmhandroid.test/androidx.test.core.app.InstrumentationActivityInvoker$BootstrapActivity}
09-07 06:07:23.170  7925  7925 I fmhandroid.tes: Late-enabling -Xcheck:jni
09-07 06:07:23.184  2666  3039 I aykq    : (REDACTED) isOpaHotwordEnabled: %b
09-07 06:07:23.185  2666  3039 I aykq    : Disabling the hotword detector.
09-07 06:07:23.190  2666  3039 I apsj    : (REDACTED) Updating hotword opa ineligibility to %b
09-07 06:07:23.197  2666  3039 I ayhu    : getLocaleToModelSpecsMap
09-07 06:07:23.197  2666  3039 I ayhu    : Fetching latest config from MDD...
09-07 06:07:23.204  2689  3085 W gmjq    : Receive a config update when there's no subscriber. Ignore the request!
09-07 06:07:23.204  2666  3039 I ayhu    : (REDACTED) Found map of size: %d
09-07 06:07:23.205  2666  3039 I ayht    : (REDACTED) Adding from proto config to map [configKey: %s locale: %s modelType: %s modelPrefix: %s Location: %s isSpeakerIdSupported: %b]
09-07 06:07:23.214  2666  3039 I bioh    : (REDACTED) Initializing MicroDataManager InitializeType-%d, isForced-%b, isActivePhoneEnrollment-%b isActiveGoogleHomeEnrollment-%b
09-07 06:07:23.214  2666  3039 I ayhu    : getLocaleToModelSpecsMap
09-07 06:07:23.214  2666  3039 I ayhu    : Fetching latest config from MDD...
09-07 06:07:23.214  2666  3039 I ayhu    : (REDACTED) Found map of size: %d
09-07 06:07:23.215  2666  3039 I ayht    : (REDACTED) Adding from proto config to map [configKey: %s locale: %s modelType: %s modelPrefix: %s Location: %s isSpeakerIdSupported: %b]
09-07 06:07:23.215  2666  3039 I ayma    : (REDACTED) Location for model with model type: %s and locale: %s, is : %s
09-07 06:07:23.216  2666  3039 I aykq    : (REDACTED) isOpaHotwordEnabled: %b
09-07 06:07:23.216  2666  3039 I aykq    : Disabling the hotword detector.
09-07 06:07:23.218  2666  3039 I apsj    : (REDACTED) #takeChangeMicroDetectorMode [mIsBargeInEnabled: %b, mCurrentDetectionMode: %s]
09-07 06:07:23.218  2666  3039 I apsj    : (REDACTED) Should stop hotword detection immediately - %b
09-07 06:07:23.219  2666  3039 I aykq    : (REDACTED) isOpaHotwordEnabled: %b
09-07 06:07:23.219  2666  3039 I aykq    : Disabling the hotword detector.
09-07 06:07:23.219  2689  3085 W gmjq    : Receive a config update when there's no subscriber. Ignore the request!
09-07 06:07:23.221  2666  3039 I apsj    : (REDACTED) #takeChangeMicroDetectorMode [mIsBargeInEnabled: %b, mCurrentDetectionMode: %s]
09-07 06:07:23.222  2666  3039 I apsj    : (REDACTED) Should stop hotword detection immediately - %b
09-07 06:07:23.222  2689  3085 W gmjq    : Receive a config update when there's no subscriber. Ignore the request!
09-07 06:07:23.231  2666  3039 I bjbd    : Trying to enqueue PieTriggeringWorker
09-07 06:07:23.233  2666  3039 I ayhu    : getLocaleToModelSpecsMap
09-07 06:07:23.234  2666  3039 I ayhu    : Fetching latest config from MDD...
09-07 06:07:23.234  2666  3039 I ayhu    : (REDACTED) Found map of size: %d
09-07 06:07:23.234  2666  3039 I ayht    : (REDACTED) Adding from proto config to map [configKey: %s locale: %s modelType: %s modelPrefix: %s Location: %s isSpeakerIdSupported: %b]
09-07 06:07:23.237  2689  2689 I aaag    : (REDACTED) eventData = %s
09-07 06:07:23.238  2689  3085 I znc     : Logging success flow
09-07 06:07:23.243  7925  7925 E fmhandroid.tes: Unknown bits set in runtime_flags: 0x8000
09-07 06:07:23.245  7925  7925 W fmhandroid.tes: Unexpected CPU variant for X86 using defaults: x86
09-07 06:07:23.263  2666  3039 I bjbd    : Trying to enqueue PieTriggeringWorker
09-07 06:07:23.267  2689  2689 I aaag    : (REDACTED) eventData = %s
09-07 06:07:23.268  2689  3084 I znc     : Logging success flow
09-07 06:07:23.287  2666  3039 I bjbd    : Trying to enqueue PieTriggeringWorker
09-07 06:07:23.289  2689  2689 I aaag    : (REDACTED) eventData = %s
09-07 06:07:23.307  2037  6424 W InputReader: Device has associated, but no associated display id.
09-07 06:07:23.316  2037  6424 I chatty  : uid=1000(system) Binder:2037_1B identical 28 lines
09-07 06:07:23.316  2037  6424 W InputReader: Device has associated, but no associated display id.
09-07 06:07:23.332  7925  7925 I fmhandroid.tes: The ClassLoaderContext is a special shared library.
09-07 06:07:23.334  7925  7925 I fmhandroid.tes: The ClassLoaderContext is a special shared library.
09-07 06:07:23.455  2037  2061 W InputReader: Device has associated, but no associated display id.
09-07 06:07:23.456  2037  2061 I chatty  : uid=1000(system) android.anim identical 18 lines
09-07 06:07:23.457  2037  2061 W InputReader: Device has associated, but no associated display id.
09-07 06:07:23.459  1793 14098 D gralloc_ranchu: gralloc_alloc: Creating ashmem region of size 6307840
09-07 06:07:23.482 29289 29310 D EGL_emulation: eglMakeCurrent: 0xda21a1e0: ver 2 0 (tinfo 0xda20f710)
09-07 06:07:23.487  1793 14098 D gralloc_ranchu: gralloc_alloc: Creating ashmem region of size 9850880
09-07 06:07:23.593  1792  2272 E GnssHAL_GnssInterface: gnssSvStatusCb: a: input svInfo.flags is 8
09-07 06:07:23.595  1792  2272 E GnssHAL_GnssInterface: gnssSvStatusCb: b: input svInfo.flags is 8
09-07 06:07:23.598  2182  2468 D EGL_emulation: eglMakeCurrent: 0xda21a360: ver 2 0 (tinfo 0xda20f590)
09-07 06:07:23.603  2182  2182 W View    : requestLayout() improperly called by com.android.keyguard.AlphaOptimizedLinearLayout{551c6d8 V.E...... ......ID 7,0-48,61 #7f0a041c app:id/wifi_group} during second layout pass: posting in next frame
09-07 06:07:23.620  2182  2182 W View    : requestLayout() improperly called by StatusBarIconView(slot=mobile icon=null notification=null) during layout: running second layout pass
09-07 06:07:23.635  2434  2451 I s.nexuslaunche: NativeAlloc concurrent copying GC freed 714(83KB) AllocSpace objects, 0(0B) LOS objects, 49% free, 2840KB/5681KB, paused 108.483ms total 153.030ms
09-07 06:07:23.654  2182  2468 D EGL_emulation: eglMakeCurrent: 0xda21a360: ver 2 0 (tinfo 0xda20f590)
09-07 06:07:23.664  1823  1897 E SurfaceFlinger: ro.sf.lcd_density must be defined as a build property
09-07 06:07:23.664  1823  1897 E SurfaceFlinger: ro.sf.lcd_density must be defined as a build property
09-07 06:07:23.669  7925  7966 D libEGL  : Emulator has host GPU support, qemu.gles is set to 1.
09-07 06:07:23.669  7925  7966 W libc    : Unable to set property "qemu.gles" to "1": connection failed; errno=13 (Permission denied)
09-07 06:07:23.651  7925  7925 W RenderThread: type=1400 audit(0.0:329): avc: denied { write } for name="property_service" dev="tmpfs" ino=6988 scontext=u:r:untrusted_app:s0:c135,c256,c512,c768 tcontext=u:object_r:property_socket:s0 tclass=sock_file permissive=0
09-07 06:07:23.696  7925  7966 D libEGL  : loaded /vendor/lib/egl/libEGL_emulation.so
09-07 06:07:23.704  7925  7966 D libEGL  : loaded /vendor/lib/egl/libGLESv1_CM_emulation.so
09-07 06:07:23.708  7925  7966 D libEGL  : loaded /vendor/lib/egl/libGLESv2_emulation.so
09-07 06:07:23.743  2037  2056 I ActivityTaskManager: START u0 {act=android.intent.action.MAIN cat=[android.intent.category.LAUNCHER] cmp=ru.iteco.fmhandroid/.ui.AppActivity} from uid 10136
09-07 06:07:23.752  2037  2056 W InputReader: Device has associated, but no associated display id.
09-07 06:07:23.755  2037  2056 I chatty  : uid=1000(system) Binder:2037_2 identical 38 lines
09-07 06:07:23.755  2037  2056 W InputReader: Device has associated, but no associated display id.
09-07 06:07:23.755  7841  7841 W ActivityThread: handleWindowVisibility: no activity for token android.os.BinderProxy@4ec7d48
09-07 06:07:23.757  2037  2056 W InputReader: Device has associated, but no associated display id.
09-07 06:07:23.761  2037  2056 I chatty  : uid=1000(system) Binder:2037_2 identical 18 lines
09-07 06:07:23.761  2037  2056 W InputReader: Device has associated, but no associated display id.
09-07 06:07:23.778  1823  1897 E SurfaceFlinger: ro.sf.lcd_density must be defined as a build property
09-07 06:07:23.778  1823  1897 E SurfaceFlinger: ro.sf.lcd_density must be defined as a build property
09-07 06:07:23.780  7841  7971 D libEGL  : Emulator has host GPU support, qemu.gles is set to 1.
09-07 06:07:23.780  7841  7971 W libc    : Unable to set property "qemu.gles" to "1": connection failed; errno=13 (Permission denied)
09-07 06:07:23.771  7841  7841 W RenderThread: type=1400 audit(0.0:330): avc: denied { write } for name="property_service" dev="tmpfs" ino=6988 scontext=u:r:untrusted_app:s0:c136,c256,c512,c768 tcontext=u:object_r:property_socket:s0 tclass=sock_file permissive=0
09-07 06:07:23.839  7841  7971 D libEGL  : loaded /vendor/lib/egl/libEGL_emulation.so
09-07 06:07:23.844  7841  7971 D libEGL  : loaded /vendor/lib/egl/libGLESv1_CM_emulation.so
09-07 06:07:23.846  7841  7971 D libEGL  : loaded /vendor/lib/egl/libGLESv2_emulation.so
09-07 06:07:23.863  7841  7841 D LifecycleMonitor: Lifecycle status change: ru.iteco.fmhandroid.ui.AppActivity@f88b11d in: PRE_ON_CREATE
09-07 06:07:23.864  7841  7841 V ActivityScenario: Activity lifecycle changed event received but ignored because the reported transition was not ON_CREATE while the last known transition was PRE_ON_CREATE
09-07 06:07:23.876  7841  7892 V FA      : onActivityCreated
09-07 06:07:23.894  7841  7841 W teco.fmhandroi: Accessing hidden method Landroid/view/View;->computeFitSystemWindows(Landroid/graphics/Rect;Landroid/graphics/Rect;)Z (greylist, reflection, allowed)
09-07 06:07:23.895  7841  7841 W teco.fmhandroi: Accessing hidden method Landroid/view/ViewGroup;->makeOptionalFitsSystemWindows()V (greylist, reflection, allowed)
09-07 06:07:24.010  7841  7841 D NetworkSecurityConfig: No Network Security Config specified, using platform default
09-07 06:07:24.018  7841  7841 W teco.fmhandroi: Accessing hidden method Ljava/lang/invoke/MethodHandles$Lookup;-><init>(Ljava/lang/Class;I)V (greylist, reflection, allowed)
09-07 06:07:24.118  7841  7841 D LifecycleMonitor: Lifecycle status change: ru.iteco.fmhandroid.ui.AppActivity@f88b11d in: CREATED
09-07 06:07:24.118  7841  7841 V ActivityScenario: Update currentActivityStage to CREATED, currentActivity=ru.iteco.fmhandroid.ui.AppActivity@f88b11d
09-07 06:07:24.218  7841  7841 D LifecycleMonitor: Lifecycle status change: ru.iteco.fmhandroid.ui.AppActivity@f88b11d in: STARTED
09-07 06:07:24.218  7841  7841 V ActivityScenario: Update currentActivityStage to STARTED, currentActivity=ru.iteco.fmhandroid.ui.AppActivity@f88b11d
09-07 06:07:24.220  7841  7841 D LifecycleMonitor: Lifecycle status change: ru.iteco.fmhandroid.ui.AppActivity@f88b11d in: RESUMED
09-07 06:07:24.221  7841  7841 V ActivityScenario: Update currentActivityStage to RESUMED, currentActivity=ru.iteco.fmhandroid.ui.AppActivity@f88b11d
09-07 06:07:24.224  7841  7912 V FA      : Activity resumed, time: 9388930
09-07 06:07:24.232  7841  7892 W teco.fmhandroi: Accessing hidden method Lsun/misc/Unsafe;->compareAndSwapObject(Ljava/lang/Object;JLjava/lang/Object;Ljava/lang/Object;)Z (greylist, linking, allowed)
09-07 06:07:24.232  7841  7892 W teco.fmhandroi: Accessing hidden method Lsun/misc/Unsafe;->getObject(Ljava/lang/Object;J)Ljava/lang/Object; (greylist, linking, allowed)
09-07 06:07:24.244  7841  7912 D FA      : Resetting session stitching token to not null
09-07 06:07:24.248  7841  7912 V FA      : Session started, time: 9388958
09-07 06:07:24.254  7841  7905 W FileTestStorage: Output properties is not supported.
09-07 06:07:24.255  7841  7905 I Tracing : Tracer added: class androidx.test.platform.tracing.AndroidXTracer
09-07 06:07:24.267  7841  7905 D EventInjectionStrategy: Creating injection strategy with input manager.
09-07 06:07:24.268  7841  7905 W teco.fmhandroi: Accessing hidden method Landroid/hardware/input/InputManager;->getInstance()Landroid/hardware/input/InputManager; (greylist, reflection, allowed)
09-07 06:07:24.268  7841  7905 W teco.fmhandroi: Accessing hidden method Landroid/hardware/input/InputManager;->injectInputEvent(Landroid/view/InputEvent;I)Z (greylist, reflection, allowed)
09-07 06:07:24.268  7841  7905 W teco.fmhandroi: Accessing hidden field Landroid/hardware/input/InputManager;->INJECT_INPUT_EVENT_MODE_WAIT_FOR_FINISH:I (greylist, reflection, allowed)
09-07 06:07:24.303  7867  7915 V FA-SVC  : Setting user property: ga_session_number(_sno), 2
09-07 06:07:24.305  7841  7968 D HostConnection: HostConnection::get() New Host Connection established 0xda2562d0, tid 7968
09-07 06:07:24.319  7867  7915 V FA-SVC  : Setting user property: ga_session_id(_sid), 1694066844
09-07 06:07:24.321  7841  7912 I FA      : Tag Manager is not found and thus will not be used
09-07 06:07:24.326  7841  7968 D HostConnection: HostComposition ext ANDROID_EMU_CHECKSUM_HELPER_v1 ANDROID_EMU_dma_v1 ANDROID_EMU_direct_mem ANDROID_EMU_vulkan ANDROID_EMU_deferred_vulkan_commands ANDROID_EMU_vulkan_null_optional_strings ANDROID_EMU_vulkan_create_resources_with_requirements ANDROID_EMU_YUV420_888_to_NV21 ANDROID_EMU_YUV_Cache ANDROID_EMU_vulkan_free_memory_sync ANDROID_EMU_vulkan_shader_float16_int8 ANDROID_EMU_vulkan_async_queue_submit ANDROID_EMU_sync_buffer_data GL_OES_vertex_array_object GL_KHR_texture_compression_astc_ldr ANDROID_EMU_host_side_tracing ANDROID_EMU_gles_max_version_2 
09-07 06:07:24.340  7841  7968 W OpenGLRenderer: Failed to choose config with EGL_SWAP_BEHAVIOR_PRESERVED, retrying without...
09-07 06:07:24.357  7841  7968 D eglCodecCommon: setVertexArrayObject: set vao to 0 (0) 0 0
09-07 06:07:24.357  7841  7968 D EGL_emulation: eglCreateContext: 0xda21af60: maj 2 min 0 rcv 2
09-07 06:07:24.392  7841  7968 D EGL_emulation: eglMakeCurrent: 0xda21af60: ver 2 0 (tinfo 0xda20fa40)
09-07 06:07:24.401  1793 14098 D gralloc_ranchu: gralloc_alloc: Creating ashmem region of size 9113600
09-07 06:07:24.404  7867  7915 V FA-SVC  : Logging event: origin=auto,name=session_start(_s),params=Bundle[{ga_event_origin(_o)=auto, ga_screen_class(_sc)=AppActivity, ga_screen_id(_si)=5126745013386989277, ga_session_id(_sid)=1694066844}]
09-07 06:07:24.404  1678  1678 I hwservicemanager: getTransport: Cannot find entry android.hardware.graphics.mapper@3.0::IMapper/default in either framework or device manifest.
09-07 06:07:24.405  7841  7968 W Gralloc3: mapper 3.x is not supported
09-07 06:07:24.408  7841  7968 D HostConnection: createUnique: call
09-07 06:07:24.409  7841  7968 D HostConnection: HostConnection::get() New Host Connection established 0xda2565a0, tid 7968
09-07 06:07:24.409  7841  7968 D HostConnection: HostComposition ext ANDROID_EMU_CHECKSUM_HELPER_v1 ANDROID_EMU_dma_v1 ANDROID_EMU_direct_mem ANDROID_EMU_vulkan ANDROID_EMU_deferred_vulkan_commands ANDROID_EMU_vulkan_null_optional_strings ANDROID_EMU_vulkan_create_resources_with_requirements ANDROID_EMU_YUV420_888_to_NV21 ANDROID_EMU_YUV_Cache ANDROID_EMU_vulkan_free_memory_sync ANDROID_EMU_vulkan_shader_float16_int8 ANDROID_EMU_vulkan_async_queue_submit ANDROID_EMU_sync_buffer_data GL_OES_vertex_array_object GL_KHR_texture_compression_astc_ldr ANDROID_EMU_host_side_tracing ANDROID_EMU_gles_max_version_2 
09-07 06:07:24.410  7841  7968 D eglCodecCommon: allocate: Ask for block of size 0x1000
09-07 06:07:24.410  7841  7968 D eglCodecCommon: allocate: ioctl allocate returned offset 0x3ff68a000 size 0x2000
09-07 06:07:24.412  1793 14098 D gralloc_ranchu: gralloc_alloc: Creating ashmem region of size 9113600
09-07 06:07:24.416  7841  7968 D EGL_emulation: eglMakeCurrent: 0xda21af60: ver 2 0 (tinfo 0xda20fa40)
09-07 06:07:24.416  1793 14098 D gralloc_ranchu: gralloc_alloc: Creating ashmem region of size 9113600
09-07 06:07:24.418  8425  8425 D BoundBrokerSvc: onBind: Intent { act=com.google.android.gms.presencemanager.service.START dat=chimera-action: cmp=com.google.android.gms/.chimera.PersistentApiService }
09-07 06:07:24.418  8425  8425 D BoundBrokerSvc: Loading bound service for intent: Intent { act=com.google.android.gms.presencemanager.service.START dat=chimera-action: cmp=com.google.android.gms/.chimera.PersistentApiService }
09-07 06:07:24.424  8425  8425 D BoundBrokerSvc: onBind: Intent { act=com.google.android.gms.presencemanager.service.INTERNAL_IDENTITY dat=chimera-action: cmp=com.google.android.gms/.chimera.PersistentApiService }
09-07 06:07:24.424  8425  8425 D BoundBrokerSvc: Loading bound service for intent: Intent { act=com.google.android.gms.presencemanager.service.INTERNAL_IDENTITY dat=chimera-action: cmp=com.google.android.gms/.chimera.PersistentApiService }
09-07 06:07:24.431  7841  7968 D eglCodecCommon: setVertexArrayObject: set vao to 0 (0) 1 0
09-07 06:07:24.442  7867  7915 V FA-SVC  : Upload scheduled in approximately ms: 1196507
09-07 06:07:24.442  7867  7915 V FA-SVC  : Unscheduling upload
09-07 06:07:24.448  7867  7915 V FA-SVC  : Scheduling upload, millis: 1196507
09-07 06:07:24.453  7867  7915 V FA-SVC  : Background event processing time, ms: 50
09-07 06:07:24.524  1792  2272 E GnssHAL_GnssInterface: gnssSvStatusCb: a: input svInfo.flags is 8
09-07 06:07:24.524  1792  2272 E GnssHAL_GnssInterface: gnssSvStatusCb: b: input svInfo.flags is 8
09-07 06:07:24.533  7867  7879 W gle.android.gm: Reducing the number of considered missed Gc histogram windows from 163 to 100
09-07 06:07:24.541  2182  2182 W View    : requestLayout() improperly called by com.android.keyguard.AlphaOptimizedLinearLayout{551c6d8 V.E...... ......ID 7,0-48,61 #7f0a041c app:id/wifi_group} during second layout pass: posting in next frame
09-07 06:07:24.548  2182  2182 W View    : requestLayout() improperly called by StatusBarIconView(slot=mobile icon=null notification=null) during layout: running second layout pass
09-07 06:07:24.572  7841  7905 W FileTestStorage: Test input args is not supported.
09-07 06:07:24.581  7841  7841 W teco.fmhandroi: Accessing hidden method Landroid/os/MessageQueue;->next()Landroid/os/Message; (greylist, reflection, allowed)
09-07 06:07:24.582  7841  7841 W teco.fmhandroi: Accessing hidden field Landroid/os/MessageQueue;->mMessages:Landroid/os/Message; (greylist, reflection, allowed)
09-07 06:07:24.582  7841  7841 W teco.fmhandroi: Accessing hidden method Landroid/os/Message;->recycleUnchecked()V (greylist, reflection, allowed)
09-07 06:07:24.582  2037  2065 I ActivityTaskManager: Displayed ru.iteco.fmhandroid/.ui.AppActivity: +1s431ms
09-07 06:07:24.588  7841  7905 W teco.fmhandroi: Accessing hidden method Lsun/misc/Unsafe;->getUnsafe()Lsun/misc/Unsafe; (greylist,core-platform-api, linking, allowed)
09-07 06:07:24.589  7841  7905 W teco.fmhandroi: Accessing hidden method Lsun/misc/Unsafe;->putObject(Ljava/lang/Object;JLjava/lang/Object;)V (greylist, linking, allowed)
09-07 06:07:24.595  7841  7905 W teco.fmhandroi: Accessing hidden method Lsun/misc/Unsafe;->compareAndSwapObject(Ljava/lang/Object;JLjava/lang/Object;Ljava/lang/Object;)Z (greylist, linking, allowed)
09-07 06:07:24.595  7841  7905 W teco.fmhandroi: Accessing hidden method Lsun/misc/Unsafe;->getObject(Ljava/lang/Object;J)Ljava/lang/Object; (greylist, linking, allowed)
09-07 06:07:24.601  7867  7915 V FA-SVC  : Logging event: origin=auto,name=screen_view(_vs),params=Bundle[{ga_event_origin(_o)=auto, ga_screen_class(_sc)=AppActivity, ga_screen_id(_si)=1297566106269836714}]
09-07 06:07:24.604  2182  2182 W View    : requestLayout() improperly called by com.android.keyguard.AlphaOptimizedLinearLayout{551c6d8 V.E...... ......ID 7,0-48,61 #7f0a041c app:id/wifi_group} during second layout pass: posting in next frame
09-07 06:07:24.605  2182  2182 W View    : requestLayout() improperly called by StatusBarIconView(slot=mobile icon=null notification=null) during layout: running second layout pass
09-07 06:07:24.608  7841  7841 W teco.fmhandroi: Accessing hidden method Landroid/view/WindowManagerGlobal;->getInstance()Landroid/view/WindowManagerGlobal; (greylist, reflection, allowed)
09-07 06:07:24.608  7841  7841 W teco.fmhandroi: Accessing hidden field Landroid/view/WindowManagerGlobal;->mViews:Ljava/util/ArrayList; (greylist, reflection, allowed)
09-07 06:07:24.608  7841  7841 W teco.fmhandroi: Accessing hidden field Landroid/view/WindowManagerGlobal;->mParams:Ljava/util/ArrayList; (greylist, reflection, allowed)
09-07 06:07:24.615  7867  7915 V FA-SVC  : Upload scheduled in approximately ms: 1196334
09-07 06:07:24.615  7867  7915 V FA-SVC  : Unscheduling upload
09-07 06:07:24.616  7841  7841 I ViewInteraction: Performing 'wait for a specific view with <(an instance of android.widget.TextView and view.getText() with or without transformation to match: is "Authorization" and view.getParent() view.getParent() view.getId() is <2131231186>)> during 10000 millis.' action on view view.getRootView() to equal view
09-07 06:07:24.623  7867  7915 V FA-SVC  : Scheduling upload, millis: 1196334
09-07 06:07:24.626  7867  7915 V FA-SVC  : Background event processing time, ms: 25
09-07 06:07:24.627  2182  2182 W View    : requestLayout() improperly called by com.android.keyguard.AlphaOptimizedLinearLayout{551c6d8 V.E...... ......ID 7,0-48,61 #7f0a041c app:id/wifi_group} during second layout pass: posting in next frame
09-07 06:07:24.640  2182  2182 W View    : requestLayout() improperly called by StatusBarIconView(slot=mobile icon=null notification=null) during layout: running second layout pass
09-07 06:07:24.659  2182  2182 W View    : requestLayout() improperly called by com.android.keyguard.AlphaOptimizedLinearLayout{551c6d8 V.E...... ......ID 7,0-48,61 #7f0a041c app:id/wifi_group} during second layout pass: posting in next frame
09-07 06:07:24.676  2182  2182 W View    : requestLayout() improperly called by StatusBarIconView(slot=mobile icon=null notification=null) during layout: running second layout pass
09-07 06:07:24.695  2182  2182 W View    : requestLayout() improperly called by com.android.keyguard.AlphaOptimizedLinearLayout{551c6d8 V.E...... ......ID 7,0-48,61 #7f0a041c app:id/wifi_group} during second layout pass: posting in next frame
09-07 06:07:24.712  2182  2182 W View    : requestLayout() improperly called by StatusBarIconView(slot=mobile icon=null notification=null) during layout: running second layout pass
09-07 06:07:24.734  2182  2182 W View    : requestLayout() improperly called by com.android.keyguard.AlphaOptimizedLinearLayout{551c6d8 V.E...... ......ID 7,0-48,61 #7f0a041c app:id/wifi_group} during second layout pass: posting in next frame
09-07 06:07:24.749  2182  2182 W View    : requestLayout() improperly called by StatusBarIconView(slot=mobile icon=null notification=null) during layout: running second layout pass
09-07 06:07:24.758  8425 12245 I FontLog : (REDACTED) Received query %s, URI %s
09-07 06:07:24.758  8425 12245 I FontLog : (REDACTED) Query [%s] resolved to %s
09-07 06:07:24.761  8425 12245 I FontLog : (REDACTED) Fetch %s end status %s
09-07 06:07:24.772  2182  2182 W View    : requestLayout() improperly called by com.android.keyguard.AlphaOptimizedLinearLayout{551c6d8 V.E...... ......ID 7,0-48,61 #7f0a041c app:id/wifi_group} during second layout pass: posting in next frame
09-07 06:07:24.775  8425 12245 I FontLog : (REDACTED) Pulling font file for id = %d, cache size = %d
09-07 06:07:24.781  8425 12245 I FontLog : (REDACTED) Pulling font file for id = %d, cache size = %d
09-07 06:07:24.786  2182  2182 W View    : requestLayout() improperly called by StatusBarIconView(slot=mobile icon=null notification=null) during layout: running second layout pass
09-07 06:07:25.523  1792  2272 E GnssHAL_GnssInterface: gnssSvStatusCb: a: input svInfo.flags is 8
09-07 06:07:25.523  1792  2272 E GnssHAL_GnssInterface: gnssSvStatusCb: b: input svInfo.flags is 8
09-07 06:07:26.524  1792  2272 E GnssHAL_GnssInterface: gnssSvStatusCb: a: input svInfo.flags is 8
09-07 06:07:26.524  1792  2272 E GnssHAL_GnssInterface: gnssSvStatusCb: b: input svInfo.flags is 8
09-07 06:07:27.217  7841  7841 W teco.fmhandroi: Accessing hidden method Lsun/misc/Unsafe;->allocateInstance(Ljava/lang/Class;)Ljava/lang/Object; (greylist, reflection, allowed)
09-07 06:07:27.234  7841  7984 I okhttp.OkHttpClient: --> GET http://www.981757-ca08998.tmweb.ru:8080/fmh/authentication/userInfo
09-07 06:07:27.234  7841  7984 I okhttp.OkHttpClient: --> END GET
09-07 06:07:27.524  1792  2272 E GnssHAL_GnssInterface: gnssSvStatusCb: a: input svInfo.flags is 8
09-07 06:07:27.524  1792  2272 E GnssHAL_GnssInterface: gnssSvStatusCb: b: input svInfo.flags is 8
09-07 06:07:28.096  1774  7986 E ResolverController: No valid NAT64 prefix (101, <unspecified>/0)
09-07 06:07:28.416  2666  2704 W earchbox:searc: Reducing the number of considered missed Gc histogram windows from 165 to 100
09-07 06:07:28.524  1792  2272 E GnssHAL_GnssInterface: gnssSvStatusCb: a: input svInfo.flags is 8
09-07 06:07:28.524  1792  2272 E GnssHAL_GnssInterface: gnssSvStatusCb: b: input svInfo.flags is 8
09-07 06:07:28.614  7841  7984 I okhttp.OkHttpClient: <-- 200 http://www.981757-ca08998.tmweb.ru:8080/fmh/authentication/userInfo (1379ms)
09-07 06:07:28.614  7841  7984 I okhttp.OkHttpClient: Vary: Origin
09-07 06:07:28.614  7841  7984 I okhttp.OkHttpClient: Vary: Access-Control-Request-Method
09-07 06:07:28.614  7841  7984 I okhttp.OkHttpClient: Vary: Access-Control-Request-Headers
09-07 06:07:28.614  7841  7984 I okhttp.OkHttpClient: X-Content-Type-Options: nosniff
09-07 06:07:28.614  7841  7984 I okhttp.OkHttpClient: X-XSS-Protection: 1; mode=block
09-07 06:07:28.614  7841  7984 I okhttp.OkHttpClient: Cache-Control: no-cache, no-store, max-age=0, must-revalidate
09-07 06:07:28.614  7841  7984 I okhttp.OkHttpClient: Pragma: no-cache
09-07 06:07:28.614  7841  7984 I okhttp.OkHttpClient: Expires: 0
09-07 06:07:28.615  7841  7984 I okhttp.OkHttpClient: X-Frame-Options: DENY
09-07 06:07:28.615  7841  7984 I okhttp.OkHttpClient: Content-Type: application/json
09-07 06:07:28.615  7841  7984 I okhttp.OkHttpClient: Transfer-Encoding: chunked
09-07 06:07:28.615  7841  7984 I okhttp.OkHttpClient: Date: Thu, 07 Sep 2023 06:07:28 GMT
09-07 06:07:28.615  7841  7984 I okhttp.OkHttpClient: Keep-Alive: timeout=60
09-07 06:07:28.615  7841  7984 I okhttp.OkHttpClient: Connection: keep-alive
09-07 06:07:28.617  7841  7984 I okhttp.OkHttpClient: {"id":1,"firstName":"Ivan","lastName":"Ivanov","middleName":"Ivanovich","admin":true}
09-07 06:07:28.617  7841  7984 I okhttp.OkHttpClient: <-- END HTTP (85-byte body)
09-07 06:07:28.647  7841  7994 I okhttp.OkHttpClient: --> GET http://www.981757-ca08998.tmweb.ru:8080/fmh/claims
09-07 06:07:28.647  7841  7994 I okhttp.OkHttpClient: --> END GET
09-07 06:07:28.785 29331 29343 W ProcessService: Reducing the number of considered missed Gc histogram windows from 166 to 100
09-07 06:07:28.790 29367 29379 W ileged_process: Reducing the number of considered missed Gc histogram windows from 166 to 100
09-07 06:07:28.794 29289 29301 W .android.chrom: Reducing the number of considered missed Gc histogram windows from 166 to 100
09-07 06:07:29.368  7841  7841 I Choreographer: Skipped 44 frames!  The application may be doing too much work on its main thread.
09-07 06:07:29.408  7841  7968 D EGL_emulation: eglMakeCurrent: 0xda21af60: ver 2 0 (tinfo 0xda20fa40)
09-07 06:07:29.410  2182  2182 W View    : requestLayout() improperly called by com.android.keyguard.AlphaOptimizedLinearLayout{551c6d8 V.E...... ......ID 7,0-48,61 #7f0a041c app:id/wifi_group} during second layout pass: posting in next frame
09-07 06:07:29.415  1793 14098 D gralloc_ranchu: gralloc_alloc: Creating ashmem region of size 9850880
09-07 06:07:29.431  7841  7968 D EGL_emulation: eglMakeCurrent: 0xda21af60: ver 2 0 (tinfo 0xda20fa40)
09-07 06:07:29.432  2182  2182 W View    : requestLayout() improperly called by StatusBarIconView(slot=mobile icon=null notification=null) during layout: running second layout pass
09-07 06:07:29.525  1792  2272 E GnssHAL_GnssInterface: gnssSvStatusCb: a: input svInfo.flags is 8
09-07 06:07:29.525  1792  2272 E GnssHAL_GnssInterface: gnssSvStatusCb: b: input svInfo.flags is 8
09-07 06:07:29.624  1793 14098 D gralloc_ranchu: gralloc_alloc: Creating ashmem region of size 9850880
09-07 06:07:29.628  7841  7968 I OpenGLRenderer: Davey! duration=994ms; Flags=1, IntendedVsync=9393338986693, Vsync=9394072319997, OldestInputEvent=9223372036854775807, NewestInputEvent=0, HandleInputStart=9394078512200, AnimationStart=9394078574700, PerformTraversalsStart=9394078734700, DrawStart=9394134533900, SyncQueued=9394138208200, SyncStart=9394142886800, IssueDrawCommandsStart=9394142980600, SwapBuffers=9394306788500, FrameCompleted=9394338541800, DequeueBufferDuration=3265000, QueueBufferDuration=448000, 
09-07 06:07:29.635  7841  7912 V FA      : Inactivity, disconnecting from the service
09-07 06:07:29.647  1793 14098 D gralloc_ranchu: gralloc_alloc: Creating ashmem region of size 9850880
09-07 06:07:30.525  1792  2272 E GnssHAL_GnssInterface: gnssSvStatusCb: a: input svInfo.flags is 8
09-07 06:07:30.526  1792  2272 E GnssHAL_GnssInterface: gnssSvStatusCb: b: input svInfo.flags is 8
09-07 06:07:31.525  1792  2272 E GnssHAL_GnssInterface: gnssSvStatusCb: a: input svInfo.flags is 8
09-07 06:07:31.525  1792  2272 E GnssHAL_GnssInterface: gnssSvStatusCb: b: input svInfo.flags is 8
09-07 06:07:32.526  1792  2272 E GnssHAL_GnssInterface: gnssSvStatusCb: a: input svInfo.flags is 8
09-07 06:07:32.526  1792  2272 E GnssHAL_GnssInterface: gnssSvStatusCb: b: input svInfo.flags is 8
09-07 06:07:33.524  1792  2272 E GnssHAL_GnssInterface: gnssSvStatusCb: a: input svInfo.flags is 8
09-07 06:07:33.524  1792  2272 E GnssHAL_GnssInterface: gnssSvStatusCb: b: input svInfo.flags is 8
09-07 06:07:34.525  1792  2272 E GnssHAL_GnssInterface: gnssSvStatusCb: a: input svInfo.flags is 8
09-07 06:07:34.525  1792  2272 E GnssHAL_GnssInterface: gnssSvStatusCb: b: input svInfo.flags is 8
09-07 06:07:34.642  7867  7867 D BoundBrokerSvc: onUnbind: Intent { act=com.google.android.gms.measurement.START pkg=com.google.android.gms }
09-07 06:07:34.662  2037  2065 E memtrack: Couldn't load memtrack module
09-07 06:07:34.662  2037  2065 W android.os.Debug: failed to get memory consumption info: -1
09-07 06:07:34.681  7841  7841 D takeScreenshot: Found 1 global views to redraw
09-07 06:07:34.746  1793 14098 D gralloc_ranchu: gralloc_alloc: Creating ashmem region of size 9850880
09-07 06:07:34.755  1678  1678 I hwservicemanager: getTransport: Cannot find entry android.hardware.graphics.mapper@3.0::IMapper/default in either framework or device manifest.
09-07 06:07:34.755  7823  7840 W Gralloc3: mapper 3.x is not supported
09-07 06:07:34.768  7823  7840 D HostConnection: createUnique: call
09-07 06:07:34.769  7823  7840 D HostConnection: HostConnection::get() New Host Connection established 0xefd554e0, tid 7840
09-07 06:07:34.770  7823  7840 D HostConnection: HostComposition ext ANDROID_EMU_CHECKSUM_HELPER_v1 ANDROID_EMU_dma_v1 ANDROID_EMU_direct_mem ANDROID_EMU_vulkan ANDROID_EMU_deferred_vulkan_commands ANDROID_EMU_vulkan_null_optional_strings ANDROID_EMU_vulkan_create_resources_with_requirements ANDROID_EMU_YUV420_888_to_NV21 ANDROID_EMU_YUV_Cache ANDROID_EMU_vulkan_free_memory_sync ANDROID_EMU_vulkan_shader_float16_int8 ANDROID_EMU_vulkan_async_queue_submit ANDROID_EMU_sync_buffer_data GL_OES_vertex_array_object GL_KHR_texture_compression_astc_ldr ANDROID_EMU_host_side_tracing ANDROID_EMU_gles_max_version_2 
09-07 06:07:34.770  7823  7840 D eglCodecCommon: allocate: Ask for block of size 0x1000
09-07 06:07:34.770  7823  7840 D eglCodecCommon: allocate: ioctl allocate returned offset 0x3ffff6000 size 0x2000
09-07 06:07:34.774  1823  2078 E SurfaceFlinger: ro.sf.lcd_density must be defined as a build property
09-07 06:07:34.774  1823  2078 E SurfaceFlinger: ro.sf.lcd_density must be defined as a build property
09-07 06:07:34.777  7823  8007 D libEGL  : Emulator has host GPU support, qemu.gles is set to 1.
09-07 06:07:34.781  7823  8007 W libc    : Unable to set property "qemu.gles" to "1": error code: 0x18
09-07 06:07:34.782  7823  8007 D libEGL  : loaded /vendor/lib/egl/libEGL_emulation.so
09-07 06:07:34.782  7823  8007 D libEGL  : loaded /vendor/lib/egl/libGLESv1_CM_emulation.so
09-07 06:07:34.783  7823  8007 D libEGL  : loaded /vendor/lib/egl/libGLESv2_emulation.so
09-07 06:07:34.789  7823  8007 D HostConnection: HostConnection::get() New Host Connection established 0xefd553f0, tid 8007
09-07 06:07:34.789  7823  8007 D HostConnection: HostComposition ext ANDROID_EMU_CHECKSUM_HELPER_v1 ANDROID_EMU_dma_v1 ANDROID_EMU_direct_mem ANDROID_EMU_vulkan ANDROID_EMU_deferred_vulkan_commands ANDROID_EMU_vulkan_null_optional_strings ANDROID_EMU_vulkan_create_resources_with_requirements ANDROID_EMU_YUV420_888_to_NV21 ANDROID_EMU_YUV_Cache ANDROID_EMU_vulkan_free_memory_sync ANDROID_EMU_vulkan_shader_float16_int8 ANDROID_EMU_vulkan_async_queue_submit ANDROID_EMU_sync_buffer_data GL_OES_vertex_array_object GL_KHR_texture_compression_astc_ldr ANDROID_EMU_host_side_tracing ANDROID_EMU_gles_max_version_2 
09-07 06:07:34.792  7823  8007 W OpenGLRenderer: Failed to choose config with EGL_SWAP_BEHAVIOR_PRESERVED, retrying without...
09-07 06:07:34.803  7823  8007 D eglCodecCommon: setVertexArrayObject: set vao to 0 (0) 0 0
09-07 06:07:34.803  7823  8007 D EGL_emulation: eglCreateContext: 0xefd7ee60: maj 2 min 0 rcv 2
09-07 06:07:34.823  7823  8007 D EGL_emulation: eglMakeCurrent: 0xefd7ee60: ver 2 0 (tinfo 0xefd8cdf0)
09-07 06:07:34.836  7823  8007 D eglCodecCommon: setVertexArrayObject: set vao to 0 (0) 1 0
09-07 06:07:34.872  7841  7905 W DefaultFailureHandler: Failed to take screenshot
09-07 06:07:34.872  7841  7905 W DefaultFailureHandler: java.io.FileNotFoundException: view-op-error-1.png: open failed: EROFS (Read-only file system)
09-07 06:07:34.872  7841  7905 W DefaultFailureHandler: 	at libcore.io.IoBridge.open(IoBridge.java:496)
09-07 06:07:34.872  7841  7905 W DefaultFailureHandler: 	at java.io.FileOutputStream.<init>(FileOutputStream.java:235)
09-07 06:07:34.872  7841  7905 W DefaultFailureHandler: 	at java.io.FileOutputStream.<init>(FileOutputStream.java:125)
09-07 06:07:34.872  7841  7905 W DefaultFailureHandler: 	at androidx.test.platform.io.FileTestStorage.openOutputFile(FileTestStorage.java:60)
09-07 06:07:34.872  7841  7905 W DefaultFailureHandler: 	at androidx.test.core.graphics.BitmapStorage.writeToTestStorage(BitmapStorageExt.kt:49)
09-07 06:07:34.872  7841  7905 W DefaultFailureHandler: 	at androidx.test.espresso.base.DefaultFailureHandler.takeScreenshot(DefaultFailureHandler.java:4)
09-07 06:07:34.872  7841  7905 W DefaultFailureHandler: 	at androidx.test.espresso.base.DefaultFailureHandler.handle(DefaultFailureHandler.java:3)
09-07 06:07:34.872  7841  7905 W DefaultFailureHandler: 	at androidx.test.espresso.ViewInteraction.waitForAndHandleInteractionResults(ViewInteraction.java:8)
09-07 06:07:34.872  7841  7905 W DefaultFailureHandler: 	at androidx.test.espresso.ViewInteraction.desugaredPerform(ViewInteraction.java:11)
09-07 06:07:34.872  7841  7905 W DefaultFailureHandler: 	at androidx.test.espresso.ViewInteraction.perform(ViewInteraction.java:8)
