09-07 06:07:47.374  7925  7964 D HostConnection: HostComposition ext ANDROID_EMU_CHECKSUM_HELPER_v1 ANDROID_EMU_dma_v1 ANDROID_EMU_direct_mem ANDROID_EMU_vulkan ANDROID_EMU_deferred_vulkan_commands ANDROID_EMU_vulkan_null_optional_strings ANDROID_EMU_vulkan_create_resources_with_requirements ANDROID_EMU_YUV420_888_to_NV21 ANDROID_EMU_YUV_Cache ANDROID_EMU_vulkan_free_memory_sync ANDROID_EMU_vulkan_shader_float16_int8 ANDROID_EMU_vulkan_async_queue_submit ANDROID_EMU_sync_buffer_data GL_OES_vertex_array_object GL_KHR_texture_compression_astc_ldr ANDROID_EMU_host_side_tracing ANDROID_EMU_gles_max_version_2 
09-07 06:07:47.377  7925  7964 W OpenGLRenderer: Failed to choose config with EGL_SWAP_BEHAVIOR_PRESERVED, retrying without...
09-07 06:07:47.390  7925  7964 D eglCodecCommon: setVertexArrayObject: set vao to 0 (0) 0 0
09-07 06:07:47.390  7925  7964 D EGL_emulation: eglCreateContext: 0xda21a3c0: maj 2 min 0 rcv 2
09-07 06:07:47.474  7925  7964 D EGL_emulation: eglMakeCurrent: 0xda21a3c0: ver 2 0 (tinfo 0xda20f0e0)
09-07 06:07:47.480  1793 14098 D gralloc_ranchu: gralloc_alloc: Creating ashmem region of size 9850880
09-07 06:07:47.485  1678  1678 I hwservicemanager: getTransport: Cannot find entry android.hardware.graphics.mapper@3.0::IMapper/default in either framework or device manifest.
09-07 06:07:47.485  7925  7964 W Gralloc3: mapper 3.x is not supported
09-07 06:07:47.486  7925  7964 D HostConnection: createUnique: call
09-07 06:07:47.486  7925  7964 D HostConnection: HostConnection::get() New Host Connection established 0xda24c410, tid 7964
09-07 06:07:47.487  7925  7964 D HostConnection: HostComposition ext ANDROID_EMU_CHECKSUM_HELPER_v1 ANDROID_EMU_dma_v1 ANDROID_EMU_direct_mem ANDROID_EMU_vulkan ANDROID_EMU_deferred_vulkan_commands ANDROID_EMU_vulkan_null_optional_strings ANDROID_EMU_vulkan_create_resources_with_requirements ANDROID_EMU_YUV420_888_to_NV21 ANDROID_EMU_YUV_Cache ANDROID_EMU_vulkan_free_memory_sync ANDROID_EMU_vulkan_shader_float16_int8 ANDROID_EMU_vulkan_async_queue_submit ANDROID_EMU_sync_buffer_data GL_OES_vertex_array_object GL_KHR_texture_compression_astc_ldr ANDROID_EMU_host_side_tracing ANDROID_EMU_gles_max_version_2 
09-07 06:07:47.488  7925  7964 D eglCodecCommon: allocate: Ask for block of size 0x1000
09-07 06:07:47.488  7867  7915 V FA-SVC  : Logging event: origin=auto,name=user_engagement(_e),params=Bundle[{ga_event_origin(_o)=auto, engagement_time_msec(_et)=23077, ga_screen_class(_sc)=AppActivity, ga_screen_id(_si)=1297566106269836714}]
09-07 06:07:47.488  7925  7964 D eglCodecCommon: allocate: ioctl allocate returned offset 0x3ff684000 size 0x2000
09-07 06:07:47.490  1793 14098 D gralloc_ranchu: gralloc_alloc: Creating ashmem region of size 9850880
09-07 06:07:47.492  7925  7964 D EGL_emulation: eglMakeCurrent: 0xda21a3c0: ver 2 0 (tinfo 0xda20f0e0)
09-07 06:07:47.493  1793  2554 D gralloc_ranchu: gralloc_alloc: Creating ashmem region of size 9850880
09-07 06:07:47.495  7925  7964 D eglCodecCommon: setVertexArrayObject: set vao to 0 (0) 1 0
09-07 06:07:47.515  7867  7915 V FA-SVC  : Upload scheduled in approximately ms: 1173434
09-07 06:07:47.515  7867  7915 V FA-SVC  : Unscheduling upload
09-07 06:07:47.518  7867  7915 V FA-SVC  : Scheduling upload, millis: 1173434
09-07 06:07:47.519  7867  7915 V FA-SVC  : Background event processing time, ms: 31
09-07 06:07:47.526  1792  2272 E GnssHAL_GnssInterface: gnssSvStatusCb: a: input svInfo.flags is 8
09-07 06:07:47.526  1792  2272 E GnssHAL_GnssInterface: gnssSvStatusCb: b: input svInfo.flags is 8
09-07 06:07:47.569  2037  4090 W InputReader: Device has associated, but no associated display id.
09-07 06:07:47.572  2037  4090 I chatty  : uid=1000(system) Binder:2037_E identical 48 lines
09-07 06:07:47.572  2037  4090 W InputReader: Device has associated, but no associated display id.
09-07 06:07:47.586  7925  7925 W ActivityThread: handleWindowVisibility: no activity for token android.os.BinderProxy@ee74d3e
09-07 06:07:47.345  2037  4497 I ActivityTaskManager: START u0 {act=android.intent.action.MAIN cat=[android.intent.category.LAUNCHER] flg=0x10000000 cmp=ru.iteco.fmhandroid.test/androidx.test.core.app.InstrumentationActivityInvoker$EmptyActivity} from uid 10136
09-07 06:07:47.598  2037  5216 W ActivityTaskManager: Duplicate finish request for ActivityRecord{47f15d1 u0 ru.iteco.fmhandroid/.ui.AppActivity t872 f}
09-07 06:07:47.613  1793  2554 D gralloc_ranchu: gralloc_alloc: Creating ashmem region of size 9850880
09-07 06:07:47.619  1793  2554 D gralloc_ranchu: gralloc_alloc: Creating ashmem region of size 9850880
09-07 06:07:47.623  7925  7964 D EGL_emulation: eglMakeCurrent: 0xda21a3c0: ver 2 0 (tinfo 0xda20f0e0)
09-07 06:07:47.636  1793 14098 D gralloc_ranchu: gralloc_alloc: Creating ashmem region of size 9850880
09-07 06:07:47.646  2037  2061 W InputReader: Device has associated, but no associated display id.
09-07 06:07:47.646  2037  2061 I chatty  : uid=1000(system) android.anim identical 18 lines
09-07 06:07:47.646  2037  2061 W InputReader: Device has associated, but no associated display id.
09-07 06:07:47.649  2037  2065 I ActivityTaskManager: Displayed ru.iteco.fmhandroid.test/androidx.test.core.app.InstrumentationActivityInvoker$EmptyActivity: +274ms
09-07 06:07:47.657  2037  2428 W InputReader: Device has associated, but no associated display id.
09-07 06:07:47.658  2037  2428 I chatty  : uid=1000(system) Binder:2037_8 identical 8 lines
09-07 06:07:47.658  2037  2428 W InputReader: Device has associated, but no associated display id.
09-07 06:07:47.658  7841  7968 D EGL_emulation: eglMakeCurrent: 0xda21af60: ver 2 0 (tinfo 0xda20fa40)
09-07 06:07:47.669  2037  4090 W InputReader: Device has associated, but no associated display id.
09-07 06:07:47.671  2037  4090 I chatty  : uid=1000(system) Binder:2037_E identical 28 lines
09-07 06:07:47.671  2037  4090 W InputReader: Device has associated, but no associated display id.
09-07 06:07:47.672  1823  1823 W SurfaceFlinger: couldn't log to binary event log: overflow.
09-07 06:07:47.682  2037  2428 D ConnectivityService: requestNetwork for uid/pid:10113/29289 NetworkRequest [ TRACK_DEFAULT id=227, [ Capabilities: INTERNET&NOT_RESTRICTED&TRUSTED Uid: 10113] ]
09-07 06:07:47.684  2037  2143 D WifiNetworkFactory: got request NetworkRequest [ TRACK_DEFAULT id=227, [ Capabilities: INTERNET&NOT_RESTRICTED&TRUSTED Uid: 10113] ] with score 60 and serial -1
09-07 06:07:47.684  2037  2143 D UntrustedWifiNetworkFactory: got request NetworkRequest [ TRACK_DEFAULT id=227, [ Capabilities: INTERNET&NOT_RESTRICTED&TRUSTED Uid: 10113] ] with score 60 and serial -1
09-07 06:07:47.684  7841  7841 D LifecycleMonitor: Lifecycle status change: ru.iteco.fmhandroid.ui.AppActivity@f88b11d in: STOPPED
09-07 06:07:47.684  7841  7841 V ActivityScenario: Update currentActivityStage to STOPPED, currentActivity=ru.iteco.fmhandroid.ui.AppActivity@f88b11d
09-07 06:07:47.685  2279  2279 D PhoneSwitcherNetworkRequstListener: got request NetworkRequest [ TRACK_DEFAULT id=227, [ Capabilities: INTERNET&NOT_RESTRICTED&TRUSTED Uid: 10113] ] with score 60 and serial -1
09-07 06:07:47.698  1793 14098 D gralloc_ranchu: gralloc_alloc: Creating ashmem region of size 9850880
09-07 06:07:47.711  1793 14098 D gralloc_ranchu: gralloc_alloc: Creating ashmem region of size 9850880
09-07 06:07:47.715 29289 29310 D EGL_emulation: eglMakeCurrent: 0xda21a1e0: ver 2 0 (tinfo 0xda20f710)
09-07 06:07:47.716  1793 14098 D gralloc_ranchu: gralloc_alloc: Creating ashmem region of size 9850880
09-07 06:07:47.741  7841  7841 D LifecycleMonitor: Lifecycle status change: ru.iteco.fmhandroid.ui.AppActivity@f88b11d in: DESTROYED
09-07 06:07:47.741  7841  7841 V ActivityScenario: Update currentActivityStage to DESTROYED, currentActivity=null
09-07 06:07:47.743  2037  2061 W InputReader: Device has associated, but no associated display id.
09-07 06:07:47.743  2037  2061 I chatty  : uid=1000(system) android.anim identical 18 lines
09-07 06:07:47.744  2037  2061 W InputReader: Device has associated, but no associated display id.
09-07 06:07:47.750  1793 14098 D gralloc_ranchu: gralloc_alloc: Creating ashmem region of size 6307840
09-07 06:07:47.751  7925  7964 D EGL_emulation: eglMakeCurrent: 0xda21a3c0: ver 2 0 (tinfo 0xda20f0e0)
