--------- beginning of main
09-07 04:50:59.309  1792  2272 E GnssHAL_GnssInterface: gnssSvStatusCb: a: input svInfo.flags is 8
09-07 04:50:59.310  1792  2272 E GnssHAL_GnssInterface: gnssSvStatusCb: b: input svInfo.flags is 8
09-07 04:51:00.024  2182  2182 W View    : requestLayout() improperly called by com.android.keyguard.AlphaOptimizedLinearLayout{551c6d8 V.E...... ......ID 7,0-48,61 #7f0a041c app:id/wifi_group} during second layout pass: posting in next frame
09-07 04:51:00.039  2182  2182 W View    : requestLayout() improperly called by StatusBarIconView(slot=mobile icon=null notification=null) during layout: running second layout pass
09-07 04:51:00.308  1792  2272 E GnssHAL_GnssInterface: gnssSvStatusCb: a: input svInfo.flags is 8
09-07 04:51:00.308  1792  2272 E GnssHAL_GnssInterface: gnssSvStatusCb: b: input svInfo.flags is 8
09-07 04:51:01.154 30151 30196 W takeScreenshot: force redraw failed. Proceeding with screenshot
09-07 04:51:01.154 30151 30196 W takeScreenshot: java.util.concurrent.TimeoutException: Waited 5 seconds (plus 2140800 nanoseconds delay) for androidx.concurrent.futures.ResolvableFuture@81e588[status=PENDING, info=[setFuture=[androidx.test.core.app.ListFuture@a6e5b21]]]
09-07 04:51:01.154 30151 30196 W takeScreenshot: 	at androidx.concurrent.futures.AbstractResolvableFuture.get(AbstractResolvableFuture.java:456)
09-07 04:51:01.154 30151 30196 W takeScreenshot: 	at androidx.test.core.app.DeviceCapture.takeScreenshotNoSync(DeviceCapture.kt:106)
09-07 04:51:01.154 30151 30196 W takeScreenshot: 	at androidx.test.espresso.base.DefaultFailureHandler.takeScreenshot(DefaultFailureHandler.java:3)
09-07 04:51:01.154 30151 30196 W takeScreenshot: 	at androidx.test.espresso.base.DefaultFailureHandler.handle(DefaultFailureHandler.java:3)
09-07 04:51:01.154 30151 30196 W takeScreenshot: 	at androidx.test.espresso.ViewInteraction.waitForAndHandleInteractionResults(ViewInteraction.java:8)
09-07 04:51:01.154 30151 30196 W takeScreenshot: 	at androidx.test.espresso.ViewInteraction.desugaredPerform(ViewInteraction.java:11)
09-07 04:51:01.154 30151 30196 W takeScreenshot: 	at androidx.test.espresso.ViewInteraction.perform(ViewInteraction.java:8)
09-07 04:51:01.154 30151 30196 W takeScreenshot: 	at ru.iteco.fmhandroid.ui.data.TestUtils.waitView(TestUtils.java:61)
09-07 04:51:01.154 30151 30196 W takeScreenshot: 	at ru.iteco.fmhandroid.ui.steps.AboutPageSteps.getHeaderPrivacyPolicyPage(AboutPageSteps.java:43)
09-07 04:51:01.154 30151 30196 W takeScreenshot: 	at ru.iteco.fmhandroid.ui.AboutPageTest.shouldOpenPrivacyPolicyDetailsPage(AboutPageTest.java:69)
09-07 04:51:01.154 30151 30196 W takeScreenshot: 	at java.lang.reflect.Method.invoke(Native Method)
09-07 04:51:01.154 30151 30196 W takeScreenshot: 	at org.junit.runners.model.FrameworkMethod$1.runReflectiveCall(FrameworkMethod.java:59)
09-07 04:51:01.154 30151 30196 W takeScreenshot: 	at org.junit.internal.runners.model.ReflectiveCallable.run(ReflectiveCallable.java:12)
09-07 04:51:01.154 30151 30196 W takeScreenshot: 	at org.junit.runners.model.FrameworkMethod.invokeExplosively(FrameworkMethod.java:56)
09-07 04:51:01.154 30151 30196 W takeScreenshot: 	at org.junit.internal.runners.statements.InvokeMethod.evaluate(InvokeMethod.java:17)
09-07 04:51:01.154 30151 30196 W takeScreenshot: 	at androidx.test.internal.runner.junit4.statement.RunBefores.evaluate(RunBefores.java:80)
09-07 04:51:01.154 30151 30196 W takeScreenshot: 	at io.qameta.allure.android.rules.ScreenshotRule$apply$1.evaluate(ScreenshotRule.kt:22)
09-07 04:51:01.154 30151 30196 W takeScreenshot: 	at org.junit.rules.ExternalResource$1.evaluate(ExternalResource.java:54)
09-07 04:51:01.154 30151 30196 W takeScreenshot: 	at io.qameta.allure.android.rules.LogcatRule$apply$1.evaluate(LogcatRule.kt:23)
09-07 04:51:01.154 30151 30196 W takeScreenshot: 	at org.junit.rules.RunRules.evaluate(RunRules.java:20)
09-07 04:51:01.154 30151 30196 W takeScreenshot: 	at org.junit.runners.ParentRunner$3.evaluate(ParentRunner.java:306)
09-07 04:51:01.154 30151 30196 W takeScreenshot: 	at org.junit.runners.BlockJUnit4ClassRunner$1.evaluate(BlockJUnit4ClassRunner.java:100)
09-07 04:51:01.154 30151 30196 W takeScreenshot: 	at org.junit.runners.ParentRunner.runLeaf(ParentRunner.java:366)
09-07 04:51:01.154 30151 30196 W takeScreenshot: 	at org.junit.runners.BlockJUnit4ClassRunner.runChild(BlockJUnit4ClassRunner.java:103)
09-07 04:51:01.154 30151 30196 W takeScreenshot: 	at org.junit.runners.BlockJUnit4ClassRunner.runChild(BlockJUnit4ClassRunner.java:63)
09-07 04:51:01.154 30151 30196 W takeScreenshot: 	at org.junit.runners.ParentRunner$4.run(ParentRunner.java:331)
09-07 04:51:01.154 30151 30196 W takeScreenshot: 	at org.junit.runners.ParentRunner$1.schedule(ParentRunner.java:79)
09-07 04:51:01.154 30151 30196 W takeScreenshot: 	at org.junit.runners.ParentRunner.runChildren(ParentRunner.java:329)
09-07 04:51:01.154 30151 30196 W takeScreenshot: 	at org.junit.runners.ParentRunner.access$100(ParentRunner.java:66)
09-07 04:51:01.154 30151 30196 W takeScreenshot: 	at org.junit.runners.ParentRunner$2.evaluate(ParentRunner.java:293)
09-07 04:51:01.154 30151 30196 W takeScreenshot: 	at org.junit.runners.ParentRunner$3.evaluate(ParentRunner.java:306)
09-07 04:51:01.154 30151 30196 W takeScreenshot: 	at org.junit.runners.ParentRunner.run(ParentRunner.java:413)
09-07 04:51:01.154 30151 30196 W takeScreenshot: 	at androidx.test.ext.junit.runners.AndroidJUnit4.run(AndroidJUnit4.java:162)
09-07 04:51:01.154 30151 30196 W takeScreenshot: 	at io.qameta.allure.android.runners.AllureAndroidJUnit4.run(AllureAndroidJUnitRunners.kt:29)
09-07 04:51:01.154 30151 30196 W takeScreenshot: 	at org.junit.runners.Suite.runChild(Suite.java:128)
09-07 04:51:01.154 30151 30196 W takeScreenshot: 	at org.junit.runners.Suite.runChild(Suite.java:27)
09-07 04:51:01.154 30151 30196 W takeScreenshot: 	at org.junit.runners.ParentRunner$4.run(ParentRunner.java:331)
09-07 04:51:01.154 30151 30196 W takeScreenshot: 	at org.junit.runners.ParentRunner$1.schedule(ParentRunner.java:79)
09-07 04:51:01.154 30151 30196 W takeScreenshot: 	at org.junit.runners.ParentRunner.runChildren(ParentRunner.java:329)
09-07 04:51:01.154 30151 30196 W takeScreenshot: 	at org.junit.runners.ParentRunner.access$100(ParentRunner.java:66)
09-07 04:51:01.154 30151 30196 W takeScreenshot: 	at org.junit.runners.ParentRunner$2.evaluate(ParentRunner.java:293)
09-07 04:51:01.154 30151 30196 W takeScreenshot: 	at org.junit.runners.ParentRunner$3.evaluate(ParentRunner.java:306)
09-07 04:51:01.154 30151 30196 W takeScreenshot: 	at org.junit.runners.ParentRunner.run(ParentRunner.java:413)
09-07 04:51:01.154 30151 30196 W takeScreenshot: 	at org.junit.runner.JUnitCore.run(JUnitCore.java:137)
09-07 04:51:01.154 30151 30196 W takeScreenshot: 	at org.junit.runner.JUnitCore.run(JUnitCore.java:115)
09-07 04:51:01.154 30151 30196 W takeScreenshot: 	at androidx.test.internal.runner.TestExecutor.execute(TestExecutor.java:67)
09-07 04:51:01.154 30151 30196 W takeScreenshot: 	at androidx.test.internal.runner.TestExecutor.execute(TestExecutor.java:58)
09-07 04:51:01.154 30151 30196 W takeScreenshot: 	at androidx.test.runner.AndroidJUnitRunner.onStart(AndroidJUnitRunner.java:438)
09-07 04:51:01.154 30151 30196 W takeScreenshot: 	at android.app.Instrumentation$InstrumentationThread.run(Instrumentation.java:2189)
09-07 04:51:01.185  1793 14098 D gralloc_ranchu: gralloc_alloc: Creating ashmem region of size 9850880
09-07 04:51:01.238 30151 30196 W DefaultFailureHandler: Failed to take screenshot
09-07 04:51:01.238 30151 30196 W DefaultFailureHandler: java.io.FileNotFoundException: view-op-error-2.png: open failed: EROFS (Read-only file system)
09-07 04:51:01.238 30151 30196 W DefaultFailureHandler: 	at libcore.io.IoBridge.open(IoBridge.java:496)
09-07 04:51:01.238 30151 30196 W DefaultFailureHandler: 	at java.io.FileOutputStream.<init>(FileOutputStream.java:235)
09-07 04:51:01.238 30151 30196 W DefaultFailureHandler: 	at java.io.FileOutputStream.<init>(FileOutputStream.java:125)
09-07 04:51:01.238 30151 30196 W DefaultFailureHandler: 	at androidx.test.platform.io.FileTestStorage.openOutputFile(FileTestStorage.java:60)
09-07 04:51:01.238 30151 30196 W DefaultFailureHandler: 	at androidx.test.core.graphics.BitmapStorage.writeToTestStorage(BitmapStorageExt.kt:49)
09-07 04:51:01.238 30151 30196 W DefaultFailureHandler: 	at androidx.test.espresso.base.DefaultFailureHandler.takeScreenshot(DefaultFailureHandler.java:4)
09-07 04:51:01.238 30151 30196 W DefaultFailureHandler: 	at androidx.test.espresso.base.DefaultFailureHandler.handle(DefaultFailureHandler.java:3)
09-07 04:51:01.238 30151 30196 W DefaultFailureHandler: 	at androidx.test.espresso.ViewInteraction.waitForAndHandleInteractionResults(ViewInteraction.java:8)
09-07 04:51:01.238 30151 30196 W DefaultFailureHandler: 	at androidx.test.espresso.ViewInteraction.desugaredPerform(ViewInteraction.java:11)
09-07 04:51:01.238 30151 30196 W DefaultFailureHandler: 	at androidx.test.espresso.ViewInteraction.perform(ViewInteraction.java:8)
09-07 04:51:01.238 30151 30196 W DefaultFailureHandler: 	at ru.iteco.fmhandroid.ui.data.TestUtils.waitView(TestUtils.java:61)
09-07 04:51:01.238 30151 30196 W DefaultFailureHandler: 	at ru.iteco.fmhandroid.ui.steps.AboutPageSteps.getHeaderPrivacyPolicyPage(AboutPageSteps.java:43)
09-07 04:51:01.238 30151 30196 W DefaultFailureHandler: 	at ru.iteco.fmhandroid.ui.AboutPageTest.shouldOpenPrivacyPolicyDetailsPage(AboutPageTest.java:69)
09-07 04:51:01.238 30151 30196 W DefaultFailureHandler: 	at java.lang.reflect.Method.invoke(Native Method)
09-07 04:51:01.238 30151 30196 W DefaultFailureHandler: 	at org.junit.runners.model.FrameworkMethod$1.runReflectiveCall(FrameworkMethod.java:59)
09-07 04:51:01.238 30151 30196 W DefaultFailureHandler: 	at org.junit.internal.runners.model.ReflectiveCallable.run(ReflectiveCallable.java:12)
09-07 04:51:01.238 30151 30196 W DefaultFailureHandler: 	at org.junit.runners.model.FrameworkMethod.invokeExplosively(FrameworkMethod.java:56)
09-07 04:51:01.238 30151 30196 W DefaultFailureHandler: 	at org.junit.internal.runners.statements.InvokeMethod.evaluate(InvokeMethod.java:17)
09-07 04:51:01.238 30151 30196 W DefaultFailureHandler: 	at androidx.test.internal.runner.junit4.statement.RunBefores.evaluate(RunBefores.java:80)
09-07 04:51:01.238 30151 30196 W DefaultFailureHandler: 	at io.qameta.allure.android.rules.ScreenshotRule$apply$1.evaluate(ScreenshotRule.kt:22)
09-07 04:51:01.238 30151 30196 W DefaultFailureHandler: 	at org.junit.rules.ExternalResource$1.evaluate(ExternalResource.java:54)
09-07 04:51:01.238 30151 30196 W DefaultFailureHandler: 	at io.qameta.allure.android.rules.LogcatRule$apply$1.evaluate(LogcatRule.kt:23)
09-07 04:51:01.238 30151 30196 W DefaultFailureHandler: 	at org.junit.rules.RunRules.evaluate(RunRules.java:20)
09-07 04:51:01.238 30151 30196 W DefaultFailureHandler: 	at org.junit.runners.ParentRunner$3.evaluate(ParentRunner.java:306)
09-07 04:51:01.238 30151 30196 W DefaultFailureHandler: 	at org.junit.runners.BlockJUnit4ClassRunner$1.evaluate(BlockJUnit4ClassRunner.java:100)
09-07 04:51:01.238 30151 30196 W DefaultFailureHandler: 	at org.junit.runners.ParentRunner.runLeaf(ParentRunner.java:366)
09-07 04:51:01.238 30151 30196 W DefaultFailureHandler: 	at org.junit.runners.BlockJUnit4ClassRunner.runChild(BlockJUnit4ClassRunner.java:103)
09-07 04:51:01.238 30151 30196 W DefaultFailureHandler: 	at org.junit.runners.BlockJUnit4ClassRunner.runChild(BlockJUnit4ClassRunner.java:63)
09-07 04:51:01.238 30151 30196 W DefaultFailureHandler: 	at org.junit.runners.ParentRunner$4.run(ParentRunner.java:331)
09-07 04:51:01.238 30151 30196 W DefaultFailureHandler: 	at org.junit.runners.ParentRunner$1.schedule(ParentRunner.java:79)
09-07 04:51:01.238 30151 30196 W DefaultFailureHandler: 	at org.junit.runners.ParentRunner.runChildren(ParentRunner.java:329)
09-07 04:51:01.238 30151 30196 W DefaultFailureHandler: 	at org.junit.runners.ParentRunner.access$100(ParentRunner.java:66)
09-07 04:51:01.238 30151 30196 W DefaultFailureHandler: 	at org.junit.runners.ParentRunner$2.evaluate(ParentRunner.java:293)
09-07 04:51:01.238 30151 30196 W DefaultFailureHandler: 	at org.junit.runners.ParentRunner$3.evaluate(ParentRunner.java:306)
09-07 04:51:01.238 30151 30196 W DefaultFailureHandler: 	at org.junit.runners.ParentRunner.run(ParentRunner.java:413)
09-07 04:51:01.238 30151 30196 W DefaultFailureHandler: 	at androidx.test.ext.junit.runners.AndroidJUnit4.run(AndroidJUnit4.java:162)
09-07 04:51:01.238 30151 30196 W DefaultFailureHandler: 	at io.qameta.allure.android.runners.AllureAndroidJUnit4.run(AllureAndroidJUnitRunners.kt:29)
09-07 04:51:01.238 30151 30196 W DefaultFailureHandler: 	at org.junit.runners.Suite.runChild(Suite.java:128)
09-07 04:51:01.238 30151 30196 W DefaultFailureHandler: 	at org.junit.runners.Suite.runChild(Suite.java:27)
09-07 04:51:01.238 30151 30196 W DefaultFailureHandler: 	at org.junit.runners.ParentRunner$4.run(ParentRunner.java:331)
09-07 04:51:01.238 30151 30196 W DefaultFailureHandler: 	at org.junit.runners.ParentRunner$1.schedule(ParentRunner.java:79)
09-07 04:51:01.238 30151 30196 W DefaultFailureHandler: 	at org.junit.runners.ParentRunner.runChildren(ParentRunner.java:329)
09-07 04:51:01.238 30151 30196 W DefaultFailureHandler: 	at org.junit.runners.ParentRunner.access$100(ParentRunner.java:66)
09-07 04:51:01.238 30151 30196 W DefaultFailureHandler: 	at org.junit.runners.ParentRunner$2.evaluate(ParentRunner.java:293)
09-07 04:51:01.238 30151 30196 W DefaultFailureHandler: 	at org.junit.runners.ParentRunner$3.evaluate(ParentRunner.java:306)
09-07 04:51:01.238 30151 30196 W DefaultFailureHandler: 	at org.junit.runners.ParentRunner.run(ParentRunner.java:413)
09-07 04:51:01.238 30151 30196 W DefaultFailureHandler: 	at org.junit.runner.JUnitCore.run(JUnitCore.java:137)
09-07 04:51:01.238 30151 30196 W DefaultFailureHandler: 	at org.junit.runner.JUnitCore.run(JUnitCore.java:115)
09-07 04:51:01.238 30151 30196 W DefaultFailureHandler: 	at androidx.test.internal.runner.TestExecutor.execute(TestExecutor.java:67)
09-07 04:51:01.238 30151 30196 W DefaultFailureHandler: 	at androidx.test.internal.runner.TestExecutor.execute(TestExecutor.java:58)
09-07 04:51:01.238 30151 30196 W DefaultFailureHandler: 	at androidx.test.runner.AndroidJUnitRunner.onStart(AndroidJUnitRunner.java:438)
09-07 04:51:01.238 30151 30196 W DefaultFailureHandler: 	at android.app.Instrumentation$InstrumentationThread.run(Instrumentation.java:2189)
09-07 04:51:01.238 30151 30196 W DefaultFailureHandler: Caused by: android.system.ErrnoException: open failed: EROFS (Read-only file system)
09-07 04:51:01.238 30151 30196 W DefaultFailureHandler: 	at libcore.io.Linux.open(Native Method)
09-07 04:51:01.238 30151 30196 W DefaultFailureHandler: 	at libcore.io.ForwardingOs.open(ForwardingOs.java:167)
09-07 04:51:01.238 30151 30196 W DefaultFailureHandler: 	at libcore.io.BlockGuardOs.open(BlockGuardOs.java:252)
09-07 04:51:01.238 30151 30196 W DefaultFailureHandler: 	at libcore.io.ForwardingOs.open(ForwardingOs.java:167)
09-07 04:51:01.238 30151 30196 W DefaultFailureHandler: 	at android.app.ActivityThread$AndroidOs.open(ActivityThread.java:7255)
09-07 04:51:01.238 30151 30196 W DefaultFailureHandler: 	at libcore.io.IoBridge.open(IoBridge.java:482)
09-07 04:51:01.238 30151 30196 W DefaultFailureHandler: 	... 51 more
09-07 04:51:01.245  1793 14098 D gralloc_ranchu: gralloc_alloc: Creating ashmem region of size 9850880
09-07 04:51:01.309  1792  2272 E GnssHAL_GnssInterface: gnssSvStatusCb: a: input svInfo.flags is 8
09-07 04:51:01.309  1792  2272 E GnssHAL_GnssInterface: gnssSvStatusCb: b: input svInfo.flags is 8
--------- beginning of system
09-07 04:51:01.360  2037  2903 I ActivityTaskManager: START u0 {act=android.intent.action.MAIN cat=[android.intent.category.LAUNCHER] flg=0x10000000 cmp=ru.iteco.fmhandroid.test/androidx.test.core.app.InstrumentationActivityInvoker$EmptyActivity} from uid 10136
09-07 04:51:01.365  2037  2146 D ConnectivityService: releasing NetworkRequest [ TRACK_DEFAULT id=135, [ Capabilities: INTERNET&NOT_RESTRICTED&TRUSTED Uid: 10113] ] (release request)
09-07 04:51:01.366  2037  6130 W InputReader: Device has associated, but no associated display id.
09-07 04:51:01.369  2037  6130 I chatty  : uid=1000(system) Binder:2037_1A identical 48 lines
09-07 04:51:01.369  2037  6130 W InputReader: Device has associated, but no associated display id.
09-07 04:51:01.369 30213 30213 W ActivityThread: handleWindowVisibility: no activity for token android.os.BinderProxy@fb116a1
09-07 04:51:01.389  2037  6130 I ActivityTaskManager: START u0 {act=android.intent.action.MAIN cat=[android.intent.category.LAUNCHER] flg=0x10000000 cmp=ru.iteco.fmhandroid.test/androidx.test.core.app.InstrumentationActivityInvoker$EmptyActivity} from uid 10136
09-07 04:51:01.403 30151 30151 D LifecycleMonitor: Lifecycle status change: ru.iteco.fmhandroid.ui.AppActivity@20bc11a in: DESTROYED
09-07 04:51:01.403 30151 30151 V ActivityScenario: Update currentActivityStage to DESTROYED, currentActivity=null
09-07 04:51:01.415  1793 14098 D gralloc_ranchu: gralloc_alloc: Creating ashmem region of size 9850880
09-07 04:51:01.423  1793 14098 I chatty  : uid=1000(system) HwBinder:1793_3 identical 1 line
09-07 04:51:01.425  1793 14098 D gralloc_ranchu: gralloc_alloc: Creating ashmem region of size 9850880
09-07 04:51:01.425 30213 30245 D EGL_emulation: eglMakeCurrent: 0xda21a240: ver 2 0 (tinfo 0xda20f7b0)
09-07 04:51:01.448  2037  2311 W InputReader: Device has associated, but no associated display id.
09-07 04:51:01.450  2037  2311 I chatty  : uid=1000(system) Binder:2037_6 identical 48 lines
09-07 04:51:01.450  2037  2311 W InputReader: Device has associated, but no associated display id.
09-07 04:51:01.462 30213 30213 W ActivityThread: handleWindowVisibility: no activity for token android.os.BinderProxy@7819a38
09-07 04:51:01.493  1793 14098 D gralloc_ranchu: gralloc_alloc: Creating ashmem region of size 9850880
09-07 04:51:01.496  1793 14098 D gralloc_ranchu: gralloc_alloc: Creating ashmem region of size 9850880
09-07 04:51:01.499 30213 30245 D EGL_emulation: eglMakeCurrent: 0xda21a240: ver 2 0 (tinfo 0xda20f7b0)
09-07 04:51:01.505  1793 14098 D gralloc_ranchu: gralloc_alloc: Creating ashmem region of size 9850880
09-07 04:51:01.519  2037  2061 W InputReader: Device has associated, but no associated display id.
09-07 04:51:01.520  2037  2061 I chatty  : uid=1000(system) android.anim identical 18 lines
09-07 04:51:01.520  2037  2061 W InputReader: Device has associated, but no associated display id.
09-07 04:51:01.523  1793 14098 D gralloc_ranchu: gralloc_alloc: Creating ashmem region of size 6307840
09-07 04:51:01.523 29289 29310 D EGL_emulation: eglMakeCurrent: 0xda21a1e0: ver 2 0 (tinfo 0xda20f710)
09-07 04:51:01.542  2037  2065 I ActivityTaskManager: Displayed ru.iteco.fmhandroid.test/androidx.test.core.app.InstrumentationActivityInvoker$EmptyActivity: +85ms
09-07 04:51:01.552  2037  6130 W InputReader: Device has associated, but no associated display id.
09-07 04:51:01.552  2037  6130 I chatty  : uid=1000(system) Binder:2037_1A identical 8 lines
09-07 04:51:01.552  2037  6130 W InputReader: Device has associated, but no associated display id.
09-07 04:51:01.554 30151 30196 E TestRunner: failed: shouldOpenPrivacyPolicyDetailsPage(ru.iteco.fmhandroid.ui.AboutPageTest)
09-07 04:51:01.554 30151 30196 E TestRunner: ----- begin exception -----
09-07 04:51:01.554 30151 30196 E TestRunner: androidx.test.espresso.NoActivityResumedException: No activities in stage RESUMED. Did you forget to launch the activity. (test.getActivity() or similar)?
09-07 04:51:01.554 30151 30196 E TestRunner: 	at dalvik.system.VMStack.getThreadStackTrace(Native Method)
09-07 04:51:01.554 30151 30196 E TestRunner: 	at java.lang.Thread.getStackTrace(Thread.java:1720)
09-07 04:51:01.554 30151 30196 E TestRunner: 	at androidx.test.espresso.base.EspressoExceptionHandler.handleSafely(EspressoExceptionHandler.java:2)
09-07 04:51:01.554 30151 30196 E TestRunner: 	at androidx.test.espresso.base.EspressoExceptionHandler.handleSafely(EspressoExceptionHandler.java:1)
09-07 04:51:01.554 30151 30196 E TestRunner: 	at androidx.test.espresso.base.DefaultFailureHandler$TypedFailureHandler.handle(DefaultFailureHandler.java:4)
09-07 04:51:01.554 30151 30196 E TestRunner: 	at androidx.test.espresso.base.DefaultFailureHandler.handle(DefaultFailureHandler.java:5)
09-07 04:51:01.554 30151 30196 E TestRunner: 	at androidx.test.espresso.ViewInteraction.waitForAndHandleInteractionResults(ViewInteraction.java:8)
09-07 04:51:01.554 30151 30196 E TestRunner: 	at androidx.test.espresso.ViewInteraction.desugaredPerform(ViewInteraction.java:11)
09-07 04:51:01.554 30151 30196 E TestRunner: 	at androidx.test.espresso.ViewInteraction.perform(ViewInteraction.java:8)
09-07 04:51:01.554 30151 30196 E TestRunner: 	at ru.iteco.fmhandroid.ui.data.TestUtils.waitView(TestUtils.java:61)
09-07 04:51:01.554 30151 30196 E TestRunner: 	at ru.iteco.fmhandroid.ui.steps.AboutPageSteps.getHeaderPrivacyPolicyPage(AboutPageSteps.java:43)
09-07 04:51:01.554 30151 30196 E TestRunner: 	at ru.iteco.fmhandroid.ui.AboutPageTest.shouldOpenPrivacyPolicyDetailsPage(AboutPageTest.java:69)
09-07 04:51:01.554 30151 30196 E TestRunner: 	at java.lang.reflect.Method.invoke(Native Method)
09-07 04:51:01.554 30151 30196 E TestRunner: 	at org.junit.runners.model.FrameworkMethod$1.runReflectiveCall(FrameworkMethod.java:59)
09-07 04:51:01.554 30151 30196 E TestRunner: 	at org.junit.internal.runners.model.ReflectiveCallable.run(ReflectiveCallable.java:12)
09-07 04:51:01.554 30151 30196 E TestRunner: 	at org.junit.runners.model.FrameworkMethod.invokeExplosively(FrameworkMethod.java:56)
09-07 04:51:01.554 30151 30196 E TestRunner: 	at org.junit.internal.runners.statements.InvokeMethod.evaluate(InvokeMethod.java:17)
09-07 04:51:01.554 30151 30196 E TestRunner: 	at androidx.test.internal.runner.junit4.statement.RunBefores.evaluate(RunBefores.java:80)
09-07 04:51:01.554 30151 30196 E TestRunner: 	at io.qameta.allure.android.rules.ScreenshotRule$apply$1.evaluate(ScreenshotRule.kt:22)
09-07 04:51:01.554 30151 30196 E TestRunner: 	at org.junit.rules.ExternalResource$1.evaluate(ExternalResource.java:54)
09-07 04:51:01.554 30151 30196 E TestRunner: 	at io.qameta.allure.android.rules.LogcatRule$apply$1.evaluate(LogcatRule.kt:23)
09-07 04:51:01.554 30151 30196 E TestRunner: 	at org.junit.rules.RunRules.evaluate(RunRules.java:20)
09-07 04:51:01.554 30151 30196 E TestRunner: 	at org.junit.runners.ParentRunner$3.evaluate(ParentRunner.java:306)
09-07 04:51:01.554 30151 30196 E TestRunner: 	at org.junit.runners.BlockJUnit4ClassRunner$1.evaluate(BlockJUnit4ClassRunner.java:100)
09-07 04:51:01.554 30151 30196 E TestRunner: 	at org.junit.runners.ParentRunner.runLeaf(ParentRunner.java:366)
09-07 04:51:01.554 30151 30196 E TestRunner: 	at org.junit.runners.BlockJUnit4ClassRunner.runChild(BlockJUnit4ClassRunner.java:103)
09-07 04:51:01.554 30151 30196 E TestRunner: 	at org.junit.runners.BlockJUnit4ClassRunner.runChild(BlockJUnit4ClassRunner.java:63)
09-07 04:51:01.554 30151 30196 E TestRunner: 	at org.junit.runners.ParentRunner$4.run(ParentRunner.java:331)
09-07 04:51:01.554 30151 30196 E TestRunner: 	at org.junit.runners.ParentRunner$1.schedule(ParentRunner.java:79)
09-07 04:51:01.554 30151 30196 E TestRunner: 	at org.junit.runners.ParentRunner.runChildren(ParentRunner.java:329)
09-07 04:51:01.554 30151 30196 E TestRunner: 	at org.junit.runners.ParentRunner.access$100(ParentRunner.java:66)
09-07 04:51:01.554 30151 30196 E TestRunner: 	at org.junit.runners.ParentRunner$2.evaluate(ParentRunner.java:293)
09-07 04:51:01.554 30151 30196 E TestRunner: 	at org.junit.runners.ParentRunner$3.evaluate(ParentRunner.java:306)
09-07 04:51:01.554 30151 30196 E TestRunner: 	at org.junit.runners.ParentRunner.run(ParentRunner.java:413)
09-07 04:51:01.554 30151 30196 E TestRunner: 	at androidx.test.ext.junit.runners.AndroidJUnit4.run(AndroidJUnit4.java:162)
09-07 04:51:01.554 30151 30196 E TestRunner: 	at io.qameta.allure.android.runners.AllureAndroidJUnit4.run(AllureAndroidJUnitRunners.kt:29)
09-07 04:51:01.554 30151 30196 E TestRunner: 	at org.junit.runners.Suite.runChild(Suite.java:128)
09-07 04:51:01.554 30151 30196 E TestRunner: 	at org.junit.runners.Suite.runChild(Suite.java:27)
09-07 04:51:01.554 30151 30196 E TestRunner: 	at org.junit.runners.ParentRunner$4.run(ParentRunner.java:331)
09-07 04:51:01.554 30151 30196 E TestRunner: 	at org.junit.runners.ParentRunner$1.schedule(ParentRunner.java:79)
09-07 04:51:01.554 30151 30196 E TestRunner: 	at org.junit.runners.ParentRunner.runChildren(ParentRunner.java:329)
09-07 04:51:01.554 30151 30196 E TestRunner: 	at org.junit.runners.ParentRunner.access$100(ParentRunner.java:66)
09-07 04:51:01.554 30151 30196 E TestRunner: 	at org.junit.runners.ParentRunner$2.evaluate(ParentRunner.java:293)
09-07 04:51:01.554 30151 30196 E TestRunner: 	at org.junit.runners.ParentRunner$3.evaluate(ParentRunner.java:306)
09-07 04:51:01.554 30151 30196 E TestRunner: 	at org.junit.runners.ParentRunner.run(ParentRunner.java:413)
09-07 04:51:01.554 30151 30196 E TestRunner: 	at org.junit.runner.JUnitCore.run(JUnitCore.java:137)
09-07 04:51:01.554 30151 30196 E TestRunner: 	at org.junit.runner.JUnitCore.run(JUnitCore.java:115)
09-07 04:51:01.554 30151 30196 E TestRunner: 	at androidx.test.internal.runner.TestExecutor.execute(TestExecutor.java:67)
09-07 04:51:01.554 30151 30196 E TestRunner: 	at androidx.test.internal.runner.TestExecutor.execute(TestExecutor.java:58)
09-07 04:51:01.554 30151 30196 E TestRunner: 	at androidx.test.runner.AndroidJUnitRunner.onStart(AndroidJUnitRunner.java:438)
09-07 04:51:01.554 30151 30196 E TestRunner: 	at android.app.Instrumentation$InstrumentationThread.run(Instrumentation.java:2189)
09-07 04:51:01.554 30151 30196 E TestRunner: ----- end exception -----
09-07 04:51:01.558 30151 30196 I TestRunner: finished: shouldOpenPrivacyPolicyDetailsPage(ru.iteco.fmhandroid.ui.AboutPageTest)
09-07 04:51:01.565  2182  2468 D EGL_emulation: eglMakeCurrent: 0xda21a360: ver 2 0 (tinfo 0xda20f590)
09-07 04:51:01.574  2182  2182 W View    : requestLayout() improperly called by com.android.keyguard.AlphaOptimizedLinearLayout{551c6d8 V.E...... ......ID 7,0-48,61 #7f0a041c app:id/wifi_group} during second layout pass: posting in next frame
09-07 04:51:01.589  2037  6130 W InputReader: Device has associated, but no associated display id.
09-07 04:51:01.590  2037  6130 I chatty  : uid=1000(system) Binder:2037_1A identical 28 lines
09-07 04:51:01.590  2037  6130 W InputReader: Device has associated, but no associated display id.
09-07 04:51:01.595  1823  1823 W SurfaceFlinger: couldn't log to binary event log: overflow.
09-07 04:51:01.596  2182  2182 W View    : requestLayout() improperly called by StatusBarIconView(slot=mobile icon=null notification=null) during layout: running second layout pass
09-07 04:51:01.603  2182  2468 D EGL_emulation: eglMakeCurrent: 0xda21a360: ver 2 0 (tinfo 0xda20f590)
09-07 04:51:01.609  2037  8423 W InputReader: Device has associated, but no associated display id.
09-07 04:51:01.609  2037  8423 I chatty  : uid=1000(system) Binder:2037_20 identical 18 lines
09-07 04:51:01.609  2037  8423 W InputReader: Device has associated, but no associated display id.
09-07 04:51:01.612  1793 14098 D gralloc_ranchu: gralloc_alloc: Creating ashmem region of size 6307840
09-07 04:51:01.631 30213 30245 D EGL_emulation: eglMakeCurrent: 0xda21a240: ver 2 0 (tinfo 0xda20f7b0)
09-07 04:51:01.637  1793 14098 D gralloc_ranchu: gralloc_alloc: Creating ashmem region of size 9850880
09-07 04:51:01.644  1793 14098 I chatty  : uid=1000(system) HwBinder:1793_3 identical 1 line
09-07 04:51:01.646  1793 14098 D gralloc_ranchu: gralloc_alloc: Creating ashmem region of size 9850880
09-07 04:51:01.648 29289 29310 D EGL_emulation: eglMakeCurrent: 0xda21a1e0: ver 2 0 (tinfo 0xda20f710)
09-07 04:51:01.653  2037  2903 D ConnectivityService: requestNetwork for uid/pid:10113/29289 NetworkRequest [ TRACK_DEFAULT id=137, [ Capabilities: INTERNET&NOT_RESTRICTED&TRUSTED Uid: 10113] ]
09-07 04:51:01.654  2037  2143 D WifiNetworkFactory: got request NetworkRequest [ TRACK_DEFAULT id=137, [ Capabilities: INTERNET&NOT_RESTRICTED&TRUSTED Uid: 10113] ] with score 60 and serial -1
09-07 04:51:01.654  2037  2143 D UntrustedWifiNetworkFactory: got request NetworkRequest [ TRACK_DEFAULT id=137, [ Capabilities: INTERNET&NOT_RESTRICTED&TRUSTED Uid: 10113] ] with score 60 and serial -1
09-07 04:51:01.655  2182  2468 D EGL_emulation: eglMakeCurrent: 0xda21a360: ver 2 0 (tinfo 0xda20f590)
09-07 04:51:01.662  2182  2182 W View    : requestLayout() improperly called by com.android.keyguard.AlphaOptimizedLinearLayout{551c6d8 V.E...... ......ID 7,0-48,61 #7f0a041c app:id/wifi_group} during second layout pass: posting in next frame
09-07 04:51:01.663  2279  2279 D PhoneSwitcherNetworkRequstListener: got request NetworkRequest [ TRACK_DEFAULT id=137, [ Capabilities: INTERNET&NOT_RESTRICTED&TRUSTED Uid: 10113] ] with score 60 and serial -1
09-07 04:51:01.666 30151 30196 I TestRunner: started: shouldOpenTermsOfUseDetailsPage(ru.iteco.fmhandroid.ui.AboutPageTest)
09-07 04:51:01.668  2182  2182 W View    : requestLayout() improperly called by StatusBarIconView(slot=mobile icon=null notification=null) during layout: running second layout pass
09-07 04:51:01.680  2182  2468 D EGL_emulation: eglMakeCurrent: 0xda21a360: ver 2 0 (tinfo 0xda20f590)
09-07 04:51:01.713 30151 30196 W Settings: Setting always_finish_activities has moved from android.provider.Settings.System to android.provider.Settings.Global, returning read-only value.
09-07 04:51:01.731  2037  2903 I ActivityTaskManager: START u0 {act=android.intent.action.MAIN cat=[android.intent.category.LAUNCHER] flg=0x10008000 cmp=ru.iteco.fmhandroid.test/androidx.test.core.app.InstrumentationActivityInvoker$BootstrapActivity (has extras)} from uid 10136
09-07 04:51:01.748  2037  2061 E system_server: Invalid ID 0x00000000.
09-07 04:51:01.750  2037  2146 D ConnectivityService: releasing NetworkRequest [ TRACK_DEFAULT id=137, [ Capabilities: INTERNET&NOT_RESTRICTED&TRUSTED Uid: 10113] ] (release request)
09-07 04:51:01.754  2037  4090 W InputReader: Device has associated, but no associated display id.
09-07 04:51:01.756  2037  4090 I chatty  : uid=1000(system) Binder:2037_E identical 38 lines
09-07 04:51:01.756  2037  4090 W InputReader: Device has associated, but no associated display id.
09-07 04:51:01.756 30213 30213 W ActivityThread: handleWindowVisibility: no activity for token android.os.BinderProxy@7c6ac8b
09-07 04:51:01.758  2037  4090 W InputReader: Device has associated, but no associated display id.
09-07 04:51:01.758  2037  4090 I chatty  : uid=1000(system) Binder:2037_E identical 8 lines
09-07 04:51:01.758  2037  4090 W InputReader: Device has associated, but no associated display id.
09-07 04:51:01.776  1793 14098 D gralloc_ranchu: gralloc_alloc: Creating ashmem region of size 9850880
09-07 04:51:01.795  2037  4090 I ActivityTaskManager: START u0 {act=android.intent.action.MAIN cat=[android.intent.category.LAUNCHER] cmp=ru.iteco.fmhandroid/.ui.AppActivity} from uid 10136
09-07 04:51:01.802  2037  4090 W InputReader: Device has associated, but no associated display id.
09-07 04:51:01.808  2037  4090 I chatty  : uid=1000(system) Binder:2037_E identical 40 lines
09-07 04:51:01.808  2037  4090 W InputReader: Device has associated, but no associated display id.
09-07 04:51:01.808 30151 30151 W ActivityThread: handleWindowVisibility: no activity for token android.os.BinderProxy@1fec7e8
09-07 04:51:01.808  2037  4090 W InputReader: Device has associated, but no associated display id.
09-07 04:51:01.808  2037  4090 I chatty  : uid=1000(system) Binder:2037_E identical 6 lines
09-07 04:51:01.808  2037  4090 W InputReader: Device has associated, but no associated display id.
09-07 04:51:01.833 30151 30151 D LifecycleMonitor: Lifecycle status change: ru.iteco.fmhandroid.ui.AppActivity@cec7a94 in: PRE_ON_CREATE
09-07 04:51:01.833 30151 30151 V ActivityScenario: Activity lifecycle changed event received but ignored because the reported transition was not ON_CREATE while the last known transition was PRE_ON_CREATE
09-07 04:51:01.839 30151 30187 V FA      : onActivityCreated
09-07 04:51:01.841  2037  2061 W InputReader: Device has associated, but no associated display id.
09-07 04:51:01.842  2037  2061 I chatty  : uid=1000(system) android.anim identical 18 lines
09-07 04:51:01.842  2037  2061 W InputReader: Device has associated, but no associated display id.
09-07 04:51:01.843  1793 14098 D gralloc_ranchu: gralloc_alloc: Creating ashmem region of size 6307840
09-07 04:51:01.860 29289 29310 D EGL_emulation: eglMakeCurrent: 0xda21a1e0: ver 2 0 (tinfo 0xda20f710)
09-07 04:51:01.878  2182  2468 D EGL_emulation: eglMakeCurrent: 0xda21a360: ver 2 0 (tinfo 0xda20f590)
09-07 04:51:01.880  2182  2182 W View    : requestLayout() improperly called by com.android.keyguard.AlphaOptimizedLinearLayout{551c6d8 V.E...... ......ID 7,0-48,61 #7f0a041c app:id/wifi_group} during second layout pass: posting in next frame
09-07 04:51:01.881 30151 30151 D LifecycleMonitor: Lifecycle status change: ru.iteco.fmhandroid.ui.AppActivity@cec7a94 in: CREATED
09-07 04:51:01.882 30151 30151 V ActivityScenario: Update currentActivityStage to CREATED, currentActivity=ru.iteco.fmhandroid.ui.AppActivity@cec7a94
09-07 04:51:01.889  2182  2182 W View    : requestLayout() improperly called by StatusBarIconView(slot=mobile icon=null notification=null) during layout: running second layout pass
09-07 04:51:01.904  2182  2468 D EGL_emulation: eglMakeCurrent: 0xda21a360: ver 2 0 (tinfo 0xda20f590)
09-07 04:51:01.922 30151 30151 D LifecycleMonitor: Lifecycle status change: ru.iteco.fmhandroid.ui.AppActivity@cec7a94 in: STARTED
09-07 04:51:01.922 30151 30151 V ActivityScenario: Update currentActivityStage to STARTED, currentActivity=ru.iteco.fmhandroid.ui.AppActivity@cec7a94
09-07 04:51:01.924 30151 30151 D LifecycleMonitor: Lifecycle status change: ru.iteco.fmhandroid.ui.AppActivity@cec7a94 in: RESUMED
09-07 04:51:01.924 30151 30151 V ActivityScenario: Update currentActivityStage to RESUMED, currentActivity=ru.iteco.fmhandroid.ui.AppActivity@cec7a94
09-07 04:51:01.933 30151 30456 V FA      : Activity resumed, time: 5185817
09-07 04:51:01.968  1793 14098 D gralloc_ranchu: gralloc_alloc: Creating ashmem region of size 9113600
09-07 04:51:01.990  1793 14098 D gralloc_ranchu: gralloc_alloc: Creating ashmem region of size 9113600
09-07 04:51:01.994 30151 30248 D EGL_emulation: eglMakeCurrent: 0xe2258dc0: ver 2 0 (tinfo 0xe233aeb0)
09-07 04:51:01.995  1793 14098 D gralloc_ranchu: gralloc_alloc: Creating ashmem region of size 9113600
09-07 04:51:02.013 30151 30456 V FA      : Connecting to remote service
09-07 04:51:02.021  7867  7867 D BoundBrokerSvc: onBind: Intent { act=com.google.android.gms.measurement.START pkg=com.google.android.gms }
09-07 04:51:02.022  7867  7867 D BoundBrokerSvc: Loading bound service for intent: Intent { act=com.google.android.gms.measurement.START pkg=com.google.android.gms }
09-07 04:51:02.026  2037  2051 I system_server: NativeAlloc concurrent copying GC freed 22571(1164KB) AllocSpace objects, 1(36KB) LOS objects, 28% free, 14MB/20MB, paused 769us total 103.714ms
09-07 04:51:02.028 30151 30456 V FA      : Connection attempt already in progress
09-07 04:51:02.046  2037  2065 I ActivityTaskManager: Displayed ru.iteco.fmhandroid/.ui.AppActivity: +315ms
09-07 04:51:02.054  2182  2182 W View    : requestLayout() improperly called by com.android.keyguard.AlphaOptimizedLinearLayout{551c6d8 V.E...... ......ID 7,0-48,61 #7f0a041c app:id/wifi_group} during second layout pass: posting in next frame
09-07 04:51:02.070  2182  2182 W View    : requestLayout() improperly called by StatusBarIconView(slot=mobile icon=null notification=null) during layout: running second layout pass
09-07 04:51:02.096 30151 30456 D FA      : Connected to remote service
09-07 04:51:02.096  2182  2182 W View    : requestLayout() improperly called by com.android.keyguard.AlphaOptimizedLinearLayout{551c6d8 V.E...... ......ID 7,0-48,61 #7f0a041c app:id/wifi_group} during second layout pass: posting in next frame
09-07 04:51:02.096 30151 30151 I ViewInteraction: Performing 'wait for a specific view with <(an instance of android.widget.TextView and view.getText() with or without transformation to match: is "Authorization" and view.getParent() view.getParent() view.getId() is <2131231186>)> during 10000 millis.' action on view view.getRootView() to equal view
09-07 04:51:02.097 30151 30456 V FA      : Processing queued up service tasks: 2
09-07 04:51:02.109  2182  2182 W View    : requestLayout() improperly called by StatusBarIconView(slot=mobile icon=null notification=null) during layout: running second layout pass
09-07 04:51:02.124  7867 30462 V FA-SVC  : Logging event: origin=auto,name=screen_view(_vs),params=Bundle[{ga_event_origin(_o)=auto, ga_previous_class(_pc)=AppActivity, ga_previous_id(_pi)=-9034604991994632883, ga_screen_class(_sc)=AppActivity, ga_screen_id(_si)=-9034604991994632882}]
09-07 04:51:02.131  2182  2182 W View    : requestLayout() improperly called by com.android.keyguard.AlphaOptimizedLinearLayout{551c6d8 V.E...... ......ID 7,0-48,61 #7f0a041c app:id/wifi_group} during second layout pass: posting in next frame
09-07 04:51:02.141  7867 30462 V FA-SVC  : Upload scheduled in approximately ms: 2177158
09-07 04:51:02.141  7867 30462 V FA-SVC  : Unscheduling upload
09-07 04:51:02.142  2182  2182 W View    : requestLayout() improperly called by StatusBarIconView(slot=mobile icon=null notification=null) during layout: running second layout pass
09-07 04:51:02.144  7867 30462 V FA-SVC  : Scheduling upload, millis: 2177158
09-07 04:51:02.147  7867 30462 V FA-SVC  : Background event processing time, ms: 23
09-07 04:51:02.164  2182  2182 W View    : requestLayout() improperly called by com.android.keyguard.AlphaOptimizedLinearLayout{551c6d8 V.E...... ......ID 7,0-48,61 #7f0a041c app:id/wifi_group} during second layout pass: posting in next frame
09-07 04:51:02.177  2182  2182 W View    : requestLayout() improperly called by StatusBarIconView(slot=mobile icon=null notification=null) during layout: running second layout pass
09-07 04:51:02.201  2182  2182 W View    : requestLayout() improperly called by com.android.keyguard.AlphaOptimizedLinearLayout{551c6d8 V.E...... ......ID 7,0-48,61 #7f0a041c app:id/wifi_group} during second layout pass: posting in next frame
09-07 04:51:02.214  2182  2182 W View    : requestLayout() improperly called by StatusBarIconView(slot=mobile icon=null notification=null) during layout: running second layout pass
09-07 04:51:02.223  2037  5599 D HostConnection: HostConnection::get() New Host Connection established 0xda23f020, tid 5599
09-07 04:51:02.223  2037  5599 D HostConnection: HostComposition ext ANDROID_EMU_CHECKSUM_HELPER_v1 ANDROID_EMU_dma_v1 ANDROID_EMU_direct_mem ANDROID_EMU_vulkan ANDROID_EMU_deferred_vulkan_commands ANDROID_EMU_vulkan_null_optional_strings ANDROID_EMU_vulkan_create_resources_with_requirements ANDROID_EMU_YUV420_888_to_NV21 ANDROID_EMU_YUV_Cache ANDROID_EMU_vulkan_free_memory_sync ANDROID_EMU_vulkan_shader_float16_int8 ANDROID_EMU_vulkan_async_queue_submit ANDROID_EMU_sync_buffer_data GL_OES_vertex_array_object GL_KHR_texture_compression_astc_ldr ANDROID_EMU_host_side_tracing ANDROID_EMU_gles_max_version_2 
09-07 04:51:02.225  2037  5599 W OpenGLRenderer: Failed to choose config with EGL_SWAP_BEHAVIOR_PRESERVED, retrying without...
09-07 04:51:02.237  2037  5599 D eglCodecCommon: setVertexArrayObject: set vao to 0 (0) 0 0
09-07 04:51:02.237  2037  5599 D EGL_emulation: eglCreateContext: 0xba761460: maj 2 min 0 rcv 2
09-07 04:51:02.259  2037  5599 D EGL_emulation: eglMakeCurrent: 0xba761460: ver 2 0 (tinfo 0xba668ca0)
09-07 04:51:02.268  2182  2182 W View    : requestLayout() improperly called by com.android.keyguard.AlphaOptimizedLinearLayout{551c6d8 V.E...... ......ID 7,0-48,61 #7f0a041c app:id/wifi_group} during second layout pass: posting in next frame
09-07 04:51:02.268  2182  2182 W View    : requestLayout() improperly called by StatusBarIconView(slot=mobile icon=null notification=null) during layout: running second layout pass
09-07 04:51:02.277  2037  5599 D eglCodecCommon: setVertexArrayObject: set vao to 0 (0) 1 0
09-07 04:51:02.308  1792  2272 E GnssHAL_GnssInterface: gnssSvStatusCb: a: input svInfo.flags is 8
09-07 04:51:02.308  1792  2272 E GnssHAL_GnssInterface: gnssSvStatusCb: b: input svInfo.flags is 8
09-07 04:51:03.310  1792  2272 E GnssHAL_GnssInterface: gnssSvStatusCb: a: input svInfo.flags is 8
09-07 04:51:03.310  1792  2272 E GnssHAL_GnssInterface: gnssSvStatusCb: b: input svInfo.flags is 8
09-07 04:51:04.309  1792  2272 E GnssHAL_GnssInterface: gnssSvStatusCb: a: input svInfo.flags is 8
09-07 04:51:04.309  1792  2272 E GnssHAL_GnssInterface: gnssSvStatusCb: b: input svInfo.flags is 8
09-07 04:51:04.925 30151 30283 I okhttp.OkHttpClient: --> GET http://www.981757-ca08998.tmweb.ru:8080/fmh/authentication/userInfo
09-07 04:51:04.925 30151 30283 I okhttp.OkHttpClient: --> END GET
09-07 04:51:05.129 30151 30283 I okhttp.OkHttpClient: <-- 200 http://www.981757-ca08998.tmweb.ru:8080/fmh/authentication/userInfo (203ms)
09-07 04:51:05.129 30151 30283 I okhttp.OkHttpClient: Vary: Origin
09-07 04:51:05.130 30151 30283 I okhttp.OkHttpClient: Vary: Access-Control-Request-Method
09-07 04:51:05.130 30151 30283 I okhttp.OkHttpClient: Vary: Access-Control-Request-Headers
09-07 04:51:05.130 30151 30283 I okhttp.OkHttpClient: X-Content-Type-Options: nosniff
09-07 04:51:05.131 30151 30283 I okhttp.OkHttpClient: X-XSS-Protection: 1; mode=block
09-07 04:51:05.132 30151 30283 I okhttp.OkHttpClient: Cache-Control: no-cache, no-store, max-age=0, must-revalidate
09-07 04:51:05.133 30151 30283 I okhttp.OkHttpClient: Pragma: no-cache
09-07 04:51:05.134 30151 30283 I okhttp.OkHttpClient: Expires: 0
09-07 04:51:05.134 30151 30283 I okhttp.OkHttpClient: X-Frame-Options: DENY
09-07 04:51:05.136 30151 30283 I okhttp.OkHttpClient: Content-Type: application/json
09-07 04:51:05.136 30151 30283 I okhttp.OkHttpClient: Transfer-Encoding: chunked
09-07 04:51:05.136 30151 30283 I okhttp.OkHttpClient: Date: Thu, 07 Sep 2023 04:51:05 GMT
09-07 04:51:05.138 30151 30283 I okhttp.OkHttpClient: Keep-Alive: timeout=60
09-07 04:51:05.138 30151 30283 I okhttp.OkHttpClient: Connection: keep-alive
09-07 04:51:05.141 30151 30283 I okhttp.OkHttpClient: {"id":1,"firstName":"Ivan","lastName":"Ivanov","middleName":"Ivanovich","admin":true}
09-07 04:51:05.141 30151 30283 I okhttp.OkHttpClient: <-- END HTTP (85-byte body)
09-07 04:51:05.154 30151 30290 I okhttp.OkHttpClient: --> GET http://www.981757-ca08998.tmweb.ru:8080/fmh/claims
09-07 04:51:05.154 30151 30290 I okhttp.OkHttpClient: --> END GET
09-07 04:51:05.158  1774 30472 E ResolverController: No valid NAT64 prefix (101, <unspecified>/0)
09-07 04:51:05.208 30151 30248 D EGL_emulation: eglMakeCurrent: 0xe2258dc0: ver 2 0 (tinfo 0xe233aeb0)
09-07 04:51:05.213  1793 14098 D gralloc_ranchu: gralloc_alloc: Creating ashmem region of size 9850880
09-07 04:51:05.220  2182  2182 W View    : requestLayout() improperly called by com.android.keyguard.AlphaOptimizedLinearLayout{551c6d8 V.E...... ......ID 7,0-48,61 #7f0a041c app:id/wifi_group} during second layout pass: posting in next frame
09-07 04:51:05.223  2182  2182 W View    : requestLayout() improperly called by StatusBarIconView(slot=mobile icon=null notification=null) during layout: running second layout pass
09-07 04:51:05.228 30151 30248 D EGL_emulation: eglMakeCurrent: 0xe2258dc0: ver 2 0 (tinfo 0xe233aeb0)
09-07 04:51:05.309  1792  2272 E GnssHAL_GnssInterface: gnssSvStatusCb: a: input svInfo.flags is 8
09-07 04:51:05.309  1792  2272 E GnssHAL_GnssInterface: gnssSvStatusCb: b: input svInfo.flags is 8
09-07 04:51:05.431  1793 14098 D gralloc_ranchu: gralloc_alloc: Creating ashmem region of size 9850880
09-07 04:51:05.452  1793 14098 D gralloc_ranchu: gralloc_alloc: Creating ashmem region of size 9850880
09-07 04:51:06.309  1792  2272 E GnssHAL_GnssInterface: gnssSvStatusCb: a: input svInfo.flags is 8
09-07 04:51:06.310  1792  2272 E GnssHAL_GnssInterface: gnssSvStatusCb: b: input svInfo.flags is 8
09-07 04:51:07.125 30151 30456 V FA      : Inactivity, disconnecting from the service
09-07 04:51:07.310  1792  2272 E GnssHAL_GnssInterface: gnssSvStatusCb: a: input svInfo.flags is 8
09-07 04:51:07.310  1792  2272 E GnssHAL_GnssInterface: gnssSvStatusCb: b: input svInfo.flags is 8
09-07 04:51:08.309  1792  2272 E GnssHAL_GnssInterface: gnssSvStatusCb: a: input svInfo.flags is 8
09-07 04:51:08.310  1792  2272 E GnssHAL_GnssInterface: gnssSvStatusCb: b: input svInfo.flags is 8
09-07 04:51:09.309  1792  2272 E GnssHAL_GnssInterface: gnssSvStatusCb: a: input svInfo.flags is 8
09-07 04:51:09.310  1792  2272 E GnssHAL_GnssInterface: gnssSvStatusCb: b: input svInfo.flags is 8
09-07 04:51:10.309  1792  2272 E GnssHAL_GnssInterface: gnssSvStatusCb: a: input svInfo.flags is 8
09-07 04:51:10.309  1792  2272 E GnssHAL_GnssInterface: gnssSvStatusCb: b: input svInfo.flags is 8
09-07 04:51:11.309  1792  2272 E GnssHAL_GnssInterface: gnssSvStatusCb: a: input svInfo.flags is 8
09-07 04:51:11.309  1792  2272 E GnssHAL_GnssInterface: gnssSvStatusCb: b: input svInfo.flags is 8
09-07 04:51:12.114 30151 30151 D takeScreenshot: Found 1 global views to redraw
09-07 04:51:12.160  2037  2065 E memtrack: Couldn't load memtrack module
09-07 04:51:12.160  2037  2065 W android.os.Debug: failed to get memory consumption info: -1
09-07 04:51:12.164  2037  2065 E memtrack: Couldn't load memtrack module
09-07 04:51:12.164  2037  2065 W android.os.Debug: failed to get memory consumption info: -1
09-07 04:51:12.168  7867  7867 D BoundBrokerSvc: onUnbind: Intent { act=com.google.android.gms.measurement.START pkg=com.google.android.gms }
09-07 04:51:12.187  1793 14098 D gralloc_ranchu: gralloc_alloc: Creating ashmem region of size 9850880
09-07 04:51:12.225 30151 30196 W DefaultFailureHandler: Failed to take screenshot
09-07 04:51:12.225 30151 30196 W DefaultFailureHandler: java.io.FileNotFoundException: view-op-error-3.png: open failed: EROFS (Read-only file system)
09-07 04:51:12.225 30151 30196 W DefaultFailureHandler: 	at libcore.io.IoBridge.open(IoBridge.java:496)
09-07 04:51:12.225 30151 30196 W DefaultFailureHandler: 	at java.io.FileOutputStream.<init>(FileOutputStream.java:235)
09-07 04:51:12.225 30151 30196 W DefaultFailureHandler: 	at java.io.FileOutputStream.<init>(FileOutputStream.java:125)
09-07 04:51:12.225 30151 30196 W DefaultFailureHandler: 	at androidx.test.platform.io.FileTestStorage.openOutputFile(FileTestStorage.java:60)
09-07 04:51:12.225 30151 30196 W DefaultFailureHandler: 	at androidx.test.core.graphics.BitmapStorage.writeToTestStorage(BitmapStorageExt.kt:49)
09-07 04:51:12.225 30151 30196 W DefaultFailureHandler: 	at androidx.test.espresso.base.DefaultFailureHandler.takeScreenshot(DefaultFailureHandler.java:4)
09-07 04:51:12.225 30151 30196 W DefaultFailureHandler: 	at androidx.test.espresso.base.DefaultFailureHandler.handle(DefaultFailureHandler.java:3)
09-07 04:51:12.225 30151 30196 W DefaultFailureHandler: 	at androidx.test.espresso.ViewInteraction.waitForAndHandleInteractionResults(ViewInteraction.java:8)
09-07 04:51:12.225 30151 30196 W DefaultFailureHandler: 	at androidx.test.espresso.ViewInteraction.desugaredPerform(ViewInteraction.java:11)
09-07 04:51:12.225 30151 30196 W DefaultFailureHandler: 	at androidx.test.espresso.ViewInteraction.perform(ViewInteraction.java:8)
09-07 04:51:12.225 30151 30196 W DefaultFailureHandler: 	at ru.iteco.fmhandroid.ui.data.TestUtils.waitView(TestUtils.java:61)
09-07 04:51:12.225 30151 30196 W DefaultFailureHandler: 	at ru.iteco.fmhandroid.ui.steps.AuthSteps.isAuthScreen(AuthSteps.java:58)
09-07 04:51:12.225 30151 30196 W DefaultFailureHandler: 	at ru.iteco.fmhandroid.ui.AboutPageTest.logoutCheck(AboutPageTest.java:51)
09-07 04:51:12.225 30151 30196 W DefaultFailureHandler: 	at java.lang.reflect.Method.invoke(Native Method)
09-07 04:51:12.225 30151 30196 W DefaultFailureHandler: 	at org.junit.runners.model.FrameworkMethod$1.runReflectiveCall(FrameworkMethod.java:59)
09-07 04:51:12.225 30151 30196 W DefaultFailureHandler: 	at org.junit.internal.runners.model.ReflectiveCallable.run(ReflectiveCallable.java:12)
09-07 04:51:12.225 30151 30196 W DefaultFailureHandler: 	at org.junit.runners.model.FrameworkMethod.invokeExplosively(FrameworkMethod.java:56)
09-07 04:51:12.225 30151 30196 W DefaultFailureHandler: 	at androidx.test.internal.runner.junit4.statement.RunBefores.evaluate(RunBefores.java:76)
09-07 04:51:12.225 30151 30196 W DefaultFailureHandler: 	at io.qameta.allure.android.rules.ScreenshotRule$apply$1.evaluate(ScreenshotRule.kt:22)
09-07 04:51:12.225 30151 30196 W DefaultFailureHandler: 	at org.junit.rules.ExternalResource$1.evaluate(ExternalResource.java:54)
09-07 04:51:12.225 30151 30196 W DefaultFailureHandler: 	at io.qameta.allure.android.rules.LogcatRule$apply$1.evaluate(LogcatRule.kt:23)
09-07 04:51:12.225 30151 30196 W DefaultFailureHandler: 	at org.junit.rules.RunRules.evaluate(RunRules.java:20)
09-07 04:51:12.225 30151 30196 W DefaultFailureHandler: 	at org.junit.runners.ParentRunner$3.evaluate(ParentRunner.java:306)
09-07 04:51:12.225 30151 30196 W DefaultFailureHandler: 	at org.junit.runners.BlockJUnit4ClassRunner$1.evaluate(BlockJUnit4ClassRunner.java:100)
09-07 04:51:12.225 30151 30196 W DefaultFailureHandler: 	at org.junit.runners.ParentRunner.runLeaf(ParentRunner.java:366)
09-07 04:51:12.225 30151 30196 W DefaultFailureHandler: 	at org.junit.runners.BlockJUnit4ClassRunner.runChild(BlockJUnit4ClassRunner.java:103)
09-07 04:51:12.225 30151 30196 W DefaultFailureHandler: 	at org.junit.runners.BlockJUnit4ClassRunner.runChild(BlockJUnit4ClassRunner.java:63)
