--------- beginning of main
09-07 04:27:19.332  7867 22594 V FA-SVC  : Nothing to upload or uploading impossible
09-07 04:27:19.332  7867 22594 V FA-SVC  : Unscheduling upload
09-07 04:27:19.335  7867 22594 V FA-SVC  : Stopping uploading service(s)
09-07 04:27:20.157  1781  1781 W audio_hw_generic: Not supplying enough data to HAL, expected position 52319900 , only wrote 52143646
09-07 04:27:20.171  1792  2272 E GnssHAL_GnssInterface: gnssSvStatusCb: a: input svInfo.flags is 8
09-07 04:27:20.171  1792  2272 E GnssHAL_GnssInterface: gnssSvStatusCb: b: input svInfo.flags is 8
09-07 04:27:20.997 24475 24616 I okhttp.OkHttpClient: <-- 200 http://www.981757-ca08998.tmweb.ru:8080/fmh/authentication/login (3983ms)
09-07 04:27:20.997 24475 24616 I okhttp.OkHttpClient: Vary: Origin
09-07 04:27:20.997 24475 24616 I okhttp.OkHttpClient: Vary: Access-Control-Request-Method
09-07 04:27:20.997 24475 24616 I okhttp.OkHttpClient: Vary: Access-Control-Request-Headers
09-07 04:27:20.997 24475 24616 I okhttp.OkHttpClient: X-Content-Type-Options: nosniff
09-07 04:27:20.998 24475 24616 I okhttp.OkHttpClient: X-XSS-Protection: 1; mode=block
09-07 04:27:20.998 24475 24616 I okhttp.OkHttpClient: Cache-Control: no-cache, no-store, max-age=0, must-revalidate
09-07 04:27:20.998 24475 24616 I okhttp.OkHttpClient: Pragma: no-cache
09-07 04:27:20.998 24475 24616 I okhttp.OkHttpClient: Expires: 0
09-07 04:27:20.998 24475 24616 I okhttp.OkHttpClient: X-Frame-Options: DENY
09-07 04:27:20.998 24475 24616 I okhttp.OkHttpClient: Content-Type: application/json
09-07 04:27:20.998 24475 24616 I okhttp.OkHttpClient: Transfer-Encoding: chunked
09-07 04:27:20.998 24475 24616 I okhttp.OkHttpClient: Date: Thu, 07 Sep 2023 04:27:21 GMT
09-07 04:27:20.998 24475 24616 I okhttp.OkHttpClient: Keep-Alive: timeout=60
09-07 04:27:20.998 24475 24616 I okhttp.OkHttpClient: Connection: keep-alive
09-07 04:27:20.998 24475 24616 I okhttp.OkHttpClient: {"accessToken":"eyJhbGciOiJIUzUxMiJ9.eyJzdWIiOiJsb2dpbjIiLCJqdGkiOiIxIiwiZXhwIjoxNjk0MTQ3MjQxfQ.hV88FE2Z43ejPvkVCnqz2GdBhddnZLWuS830gimI0o1h1HZdCYlZs4-7gaOGWlbNHauEOo-ygRfo1eMHifezCg","refreshToken":"eyJhbGciOiJIUzUxMiJ9.eyJzdWIiOiJsb2dpbjIiLCJqdGkiOiIxIiwiZXhwIjoxNjk2NjUyODQxfQ.W4iBqPo4GuU_hvhfxVjB6YGUq9rF3wvl0NORYLg9UYnWL-ySCiiapYupgjX3WHeQ7Ls7pikgtMeZQRAOYdspmA"}
09-07 04:27:20.999 24475 24616 I okhttp.OkHttpClient: <-- END HTTP (368-byte body)
09-07 04:27:21.001 24475 24584 I okhttp.OkHttpClient: --> GET http://www.981757-ca08998.tmweb.ru:8080/fmh/authentication/userInfo
09-07 04:27:21.001 24475 24584 I okhttp.OkHttpClient: --> END GET
09-07 04:27:21.031  7867  7867 D BoundBrokerSvc: onUnbind: Intent { act=com.google.android.gms.inappreach.service.START dat=chimera-action: cmp=com.google.android.gms/.chimera.GmsApiService }
09-07 04:27:21.118 24475 24584 I okhttp.OkHttpClient: <-- 200 http://www.981757-ca08998.tmweb.ru:8080/fmh/authentication/userInfo (116ms)
09-07 04:27:21.118 24475 24584 I okhttp.OkHttpClient: Vary: Origin
09-07 04:27:21.118 24475 24584 I okhttp.OkHttpClient: Vary: Access-Control-Request-Method
09-07 04:27:21.118 24475 24584 I okhttp.OkHttpClient: Vary: Access-Control-Request-Headers
09-07 04:27:21.118 24475 24584 I okhttp.OkHttpClient: X-Content-Type-Options: nosniff
09-07 04:27:21.118 24475 24584 I okhttp.OkHttpClient: X-XSS-Protection: 1; mode=block
09-07 04:27:21.118 24475 24584 I okhttp.OkHttpClient: Cache-Control: no-cache, no-store, max-age=0, must-revalidate
09-07 04:27:21.118 24475 24584 I okhttp.OkHttpClient: Pragma: no-cache
09-07 04:27:21.118 24475 24584 I okhttp.OkHttpClient: Expires: 0
09-07 04:27:21.118 24475 24584 I okhttp.OkHttpClient: X-Frame-Options: DENY
09-07 04:27:21.118 24475 24584 I okhttp.OkHttpClient: Content-Type: application/json
09-07 04:27:21.118 24475 24584 I okhttp.OkHttpClient: Transfer-Encoding: chunked
09-07 04:27:21.118 24475 24584 I okhttp.OkHttpClient: Date: Thu, 07 Sep 2023 04:27:21 GMT
09-07 04:27:21.118 24475 24584 I okhttp.OkHttpClient: Keep-Alive: timeout=60
09-07 04:27:21.118 24475 24584 I okhttp.OkHttpClient: Connection: keep-alive
09-07 04:27:21.119 24475 24584 I okhttp.OkHttpClient: {"id":1,"firstName":"Ivan","lastName":"Ivanov","middleName":"Ivanovich","admin":true}
09-07 04:27:21.119 24475 24584 I okhttp.OkHttpClient: <-- END HTTP (85-byte body)
09-07 04:27:21.124 24475 24590 I okhttp.OkHttpClient: --> GET http://www.981757-ca08998.tmweb.ru:8080/fmh/claims
09-07 04:27:21.124 24475 24590 I okhttp.OkHttpClient: --> END GET
09-07 04:27:21.126  1774 24675 E ResolverController: No valid NAT64 prefix (101, <unspecified>/0)
09-07 04:27:21.171  1792  2272 E GnssHAL_GnssInterface: gnssSvStatusCb: a: input svInfo.flags is 8
09-07 04:27:21.171  1792  2272 E GnssHAL_GnssInterface: gnssSvStatusCb: b: input svInfo.flags is 8
09-07 04:27:21.231 24475 24475 I ViewInteraction: Checking 'MatchesViewAssertion{viewMatcher=(view has effective visibility <VISIBLE> and view.getGlobalVisibleRect() to return non-empty rectangle)}' assertion on view an instance of android.widget.TextView and view.getText() with or without transformation to match: is "News"
09-07 04:27:21.234 24475 24475 I ViewInteraction: Performing 'wait for a specific view with <view.getId() is <2131230951>> during 10000 millis.' action on view view.getRootView() to equal view
09-07 04:27:21.237 24475 24475 I ViewInteraction: Checking 'MatchesViewAssertion{viewMatcher=(view has effective visibility <VISIBLE> and view.getGlobalVisibleRect() to return non-empty rectangle)}' assertion on view view.getId() is <2131230951/ru.iteco.fmhandroid:id/container_list_news_include_on_fragment_main>
09-07 04:27:21.244 24475 24475 I ViewInteraction: Performing 'wait for a specific view with <view.getId() is <2131230949>> during 10000 millis.' action on view view.getRootView() to equal view
09-07 04:27:21.247 24475 24475 I ViewInteraction: Checking 'MatchesViewAssertion{viewMatcher=(view has effective visibility <VISIBLE> and view.getGlobalVisibleRect() to return non-empty rectangle)}' assertion on view view.getId() is <2131230949/ru.iteco.fmhandroid:id/container_list_claim_include_on_fragment_main>
09-07 04:27:21.255 24475 24475 I ViewInteraction: Performing 'wait for a specific view with <an instance of android.widget.TextView and view.getText() with or without transformation to match: is "Claims"> during 10000 millis.' action on view view.getRootView() to equal view
09-07 04:27:21.274 24475 24475 I ViewInteraction: Checking 'MatchesViewAssertion{viewMatcher=(view has effective visibility <VISIBLE> and view.getGlobalVisibleRect() to return non-empty rectangle)}' assertion on view an instance of android.widget.TextView and view.getText() with or without transformation to match: is "Claims"
09-07 04:27:21.280 24475 24475 I ViewInteraction: Performing 'wait for a specific view with <view.getId() is <2131231247>> during 10000 millis.' action on view view.getRootView() to equal view
09-07 04:27:21.288 24475 24475 I ViewInteraction: Performing 'single click' action on view view.getId() is <2131231247/ru.iteco.fmhandroid:id/our_mission_image_button>
09-07 04:27:21.342  1781  6116 W audio_hw_generic: Not supplying enough data to HAL, expected position 52143665 , only wrote 52143646
09-07 04:27:21.684 24475 24475 I ViewInteraction: Performing 'wait for a specific view with <view.getId() is <2131231254>> during 10000 millis.' action on view view.getRootView() to equal view
09-07 04:27:21.686 24475 24475 I ViewInteraction: Checking 'MatchesViewAssertion{viewMatcher=(view has effective visibility <VISIBLE> and view.getGlobalVisibleRect() to return non-empty rectangle)}' assertion on view view.getId() is <2131231254/ru.iteco.fmhandroid:id/our_mission_title_text_view>
09-07 04:27:21.688 24475 24475 I ViewInteraction: Performing 'wait for a specific view with <view.getId() is <2131231250>> during 10000 millis.' action on view view.getRootView() to equal view
09-07 04:27:21.690 24475 24475 I ViewInteraction: Checking 'MatchesViewAssertion{viewMatcher=(view has effective visibility <VISIBLE> and view.getGlobalVisibleRect() to return non-empty rectangle)}' assertion on view view.getId() is <2131231250/ru.iteco.fmhandroid:id/our_mission_item_list_recycler_view>
--------- beginning of system
09-07 04:27:21.693  2037  4328 I ActivityTaskManager: START u0 {act=android.intent.action.MAIN cat=[android.intent.category.LAUNCHER] flg=0x10000000 cmp=ru.iteco.fmhandroid.test/androidx.test.core.app.InstrumentationActivityInvoker$EmptyActivity} from uid 10136
09-07 04:27:21.698 24475 24475 D LifecycleMonitor: Lifecycle status change: ru.iteco.fmhandroid.ui.AppActivity@e2bb439 in: PAUSED
09-07 04:27:21.698 24475 24475 V ActivityScenario: Update currentActivityStage to PAUSED, currentActivity=ru.iteco.fmhandroid.ui.AppActivity@e2bb439
09-07 04:27:21.700 24475 24522 V FA      : Recording user engagement, ms: 15930
09-07 04:27:21.700  2037  4328 W InputReader: Device has associated, but no associated display id.
09-07 04:27:21.702  2037  4328 I chatty  : uid=1000(system) Binder:2037_12 identical 38 lines
09-07 04:27:21.702  2037  4328 W InputReader: Device has associated, but no associated display id.
09-07 04:27:21.702 24532 24532 W ActivityThread: handleWindowVisibility: no activity for token android.os.BinderProxy@fb116a1
09-07 04:27:21.704  2037  4328 W InputReader: Device has associated, but no associated display id.
09-07 04:27:21.704  2037  4328 I chatty  : uid=1000(system) Binder:2037_12 identical 8 lines
09-07 04:27:21.704  2037  4328 W InputReader: Device has associated, but no associated display id.
09-07 04:27:21.767  1793  1793 D gralloc_ranchu: gralloc_alloc: Creating ashmem region of size 9850880
09-07 04:27:21.779  1793  1793 D gralloc_ranchu: gralloc_alloc: Creating ashmem region of size 9850880
09-07 04:27:21.779 24475 24522 V FA      : Connecting to remote service
09-07 04:27:21.782  1793  2554 D gralloc_ranchu: gralloc_alloc: Creating ashmem region of size 9850880
09-07 04:27:21.791 24532 24566 D EGL_emulation: eglMakeCurrent: 0xda21a3c0: ver 2 0 (tinfo 0xda20f060)
09-07 04:27:21.793 24475 24522 V FA      : Connection attempt already in progress
09-07 04:27:21.793 24475 24522 V FA      : Activity paused, time: 3765592
09-07 04:27:21.810  7867  7867 D BoundBrokerSvc: onBind: Intent { act=com.google.android.gms.measurement.START pkg=com.google.android.gms }
09-07 04:27:21.810  7867  7867 D BoundBrokerSvc: Loading bound service for intent: Intent { act=com.google.android.gms.measurement.START pkg=com.google.android.gms }
09-07 04:27:21.827  2037  4391 W InputReader: Device has associated, but no associated display id.
09-07 04:27:21.828  2037  4391 I chatty  : uid=1000(system) Binder:2037_13 identical 20 lines
09-07 04:27:21.828  2037  4391 W InputReader: Device has associated, but no associated display id.
09-07 04:27:21.828 24475 24522 D FA      : Connected to remote service
09-07 04:27:21.828  2037  4391 W InputReader: Device has associated, but no associated display id.
09-07 04:27:21.828  2037  4391 I chatty  : uid=1000(system) Binder:2037_13 identical 6 lines
09-07 04:27:21.828  2037  4391 W InputReader: Device has associated, but no associated display id.
09-07 04:27:21.828 24475 24522 V FA      : Processing queued up service tasks: 2
09-07 04:27:21.829  2037  4391 W InputReader: Device has associated, but no associated display id.
09-07 04:27:21.831  2037  4391 I chatty  : uid=1000(system) Binder:2037_13 identical 18 lines
09-07 04:27:21.831  2037  4391 W InputReader: Device has associated, but no associated display id.
09-07 04:27:21.841 24532 24532 W ActivityThread: handleWindowVisibility: no activity for token android.os.BinderProxy@7819a38
09-07 04:27:21.740  2037  4328 I ActivityTaskManager: START u0 {act=android.intent.action.MAIN cat=[android.intent.category.LAUNCHER] flg=0x10000000 cmp=ru.iteco.fmhandroid.test/androidx.test.core.app.InstrumentationActivityInvoker$EmptyActivity} from uid 10136
09-07 04:27:21.861  2037  2115 W ActivityTaskManager: Duplicate finish request for ActivityRecord{20081f3 u0 ru.iteco.fmhandroid/.ui.AppActivity t783 f}
09-07 04:27:21.876  7867 22594 V FA-SVC  : Logging event: origin=auto,name=user_engagement(_e),params=Bundle[{ga_event_origin(_o)=auto, engagement_time_msec(_et)=15930, ga_screen_class(_sc)=AppActivity, ga_screen_id(_si)=6688537982189829867}]
09-07 04:27:21.882  1793  1793 D gralloc_ranchu: gralloc_alloc: Creating ashmem region of size 9850880
09-07 04:27:21.887  1793  1793 D gralloc_ranchu: gralloc_alloc: Creating ashmem region of size 9850880
09-07 04:27:21.890 24532 24566 D EGL_emulation: eglMakeCurrent: 0xda21a3c0: ver 2 0 (tinfo 0xda20f060)
09-07 04:27:21.913  1793  1793 D gralloc_ranchu: gralloc_alloc: Creating ashmem region of size 9850880
09-07 04:27:21.914  2037  2061 W InputReader: Device has associated, but no associated display id.
09-07 04:27:21.916  2037  2061 I chatty  : uid=1000(system) android.anim identical 18 lines
09-07 04:27:21.916  2037  2061 W InputReader: Device has associated, but no associated display id.
09-07 04:27:21.933  2037  2065 I ActivityTaskManager: Displayed ru.iteco.fmhandroid.test/androidx.test.core.app.InstrumentationActivityInvoker$EmptyActivity: +120ms
09-07 04:27:21.941  2037  4328 W InputReader: Device has associated, but no associated display id.
09-07 04:27:21.941  2037  4328 I chatty  : uid=1000(system) Binder:2037_12 identical 8 lines
09-07 04:27:21.941  2037  4328 W InputReader: Device has associated, but no associated display id.
09-07 04:27:21.946 24475 24569 D EGL_emulation: eglMakeCurrent: 0xe2250800: ver 2 0 (tinfo 0xe233ab20)
09-07 04:27:21.990  8425  8425 D BoundBrokerSvc: onBind: Intent { act=com.google.android.gms.presencemanager.service.START dat=chimera-action: cmp=com.google.android.gms/.chimera.PersistentApiService }
09-07 04:27:21.990  8425  8425 D BoundBrokerSvc: Loading bound service for intent: Intent { act=com.google.android.gms.presencemanager.service.START dat=chimera-action: cmp=com.google.android.gms/.chimera.PersistentApiService }
09-07 04:27:21.993  8425  8425 D BoundBrokerSvc: onBind: Intent { act=com.google.android.gms.presencemanager.service.INTERNAL_IDENTITY dat=chimera-action: cmp=com.google.android.gms/.chimera.PersistentApiService }
09-07 04:27:21.993  8425  8425 D BoundBrokerSvc: Loading bound service for intent: Intent { act=com.google.android.gms.presencemanager.service.INTERNAL_IDENTITY dat=chimera-action: cmp=com.google.android.gms/.chimera.PersistentApiService }
09-07 04:27:22.009  2037  4391 W InputReader: Device has associated, but no associated display id.
09-07 04:27:22.010  2037  4391 I chatty  : uid=1000(system) Binder:2037_13 identical 8 lines
09-07 04:27:22.010  2037  4391 W InputReader: Device has associated, but no associated display id.
09-07 04:27:22.012  7867 22594 V FA-SVC  : Upload scheduled in approximately ms: 3597288
09-07 04:27:22.012  7867 22594 V FA-SVC  : Unscheduling upload
09-07 04:27:22.013  1823  1823 W SurfaceFlinger: couldn't log to binary event log: overflow.
09-07 04:27:22.020 24475 24475 D LifecycleMonitor: Lifecycle status change: ru.iteco.fmhandroid.ui.AppActivity@e2bb439 in: STOPPED
09-07 04:27:22.020 24475 24475 V ActivityScenario: Update currentActivityStage to STOPPED, currentActivity=ru.iteco.fmhandroid.ui.AppActivity@e2bb439
09-07 04:27:22.025  7867 22594 V FA-SVC  : Scheduling upload, millis: 3597288
09-07 04:27:22.040  2037  2037 W ActivityManager: Unable to start service Intent { act=android.service.appprediction.AppPredictionService cmp=com.google.android.as/com.google.android.apps.miphone.aiai.app.AiAiPredictionService } U=0: not found
09-07 04:27:22.041  2037  2037 W RemoteAppPredictionService: could not bind to Intent { act=android.service.appprediction.AppPredictionService cmp=com.google.android.as/com.google.android.apps.miphone.aiai.app.AiAiPredictionService } using flags 67108865
09-07 04:27:22.048  1793  1793 D gralloc_ranchu: gralloc_alloc: Creating ashmem region of size 9850880
09-07 04:27:22.055  1793  2554 D gralloc_ranchu: gralloc_alloc: Creating ashmem region of size 9850880
09-07 04:27:22.055  7867 22594 V FA-SVC  : Background event processing time, ms: 180
09-07 04:27:22.076  1793  1793 D gralloc_ranchu: gralloc_alloc: Creating ashmem region of size 9850880
09-07 04:27:22.079  1793  2554 D gralloc_ranchu: gralloc_alloc: Creating ashmem region of size 9850880
09-07 04:27:22.081  2666  3068 D EGL_emulation: eglMakeCurrent: 0xda21b0e0: ver 2 0 (tinfo 0xda20fbb0)
09-07 04:27:22.081  1793  2554 D gralloc_ranchu: gralloc_alloc: Creating ashmem region of size 9850880
09-07 04:27:22.085  2434  2714 D EGL_emulation: eglMakeCurrent: 0xed453b60: ver 2 0 (tinfo 0xe233a960)
09-07 04:27:22.086  1793  2554 D gralloc_ranchu: gralloc_alloc: Creating ashmem region of size 9850880
09-07 04:27:22.094 24475 24475 W System.err: ru.iteco.fmhandroid.exceptions.UnknownException
09-07 04:27:22.095 24475 24475 W System.err: 	at ru.iteco.fmhandroid.utils.Utils.makeRequest(Utils.kt:123)
09-07 04:27:22.095 24475 24475 W System.err: 	at ru.iteco.fmhandroid.utils.Utils$makeRequest$1.invokeSuspend(Unknown Source:15)
09-07 04:27:22.095 24475 24475 W System.err: 	at kotlin.coroutines.jvm.internal.BaseContinuationImpl.resumeWith(ContinuationImpl.kt:33)
09-07 04:27:22.095 24475 24475 W System.err: 	at kotlinx.coroutines.DispatchedTaskKt.resume(DispatchedTask.kt:234)
09-07 04:27:22.095 24475 24475 W System.err: 	at kotlinx.coroutines.DispatchedTaskKt.resumeUnconfined(DispatchedTask.kt:190)
09-07 04:27:22.095 24475 24475 W System.err: 	at kotlinx.coroutines.DispatchedTaskKt.dispatch(DispatchedTask.kt:161)
09-07 04:27:22.095 24475 24475 W System.err: 	at kotlinx.coroutines.CancellableContinuationImpl.dispatchResume(CancellableContinuationImpl.kt:397)
09-07 04:27:22.095 24475 24475 W System.err: 	at kotlinx.coroutines.CancellableContinuationImpl.cancel(CancellableContinuationImpl.kt:183)
09-07 04:27:22.095 24475 24475 W System.err: 	at kotlinx.coroutines.CancellableContinuationImpl.parentCancelled$kotlinx_coroutines_core(CancellableContinuationImpl.kt:190)
09-07 04:27:22.095 24475 24475 W System.err: 	at kotlinx.coroutines.ChildContinuation.invoke(JobSupport.kt:1474)
09-07 04:27:22.096 24475 24475 W System.err: 	at kotlinx.coroutines.JobSupport.notifyCancelling(JobSupport.kt:1499)
09-07 04:27:22.096 24475 24475 W System.err: 	at kotlinx.coroutines.JobSupport.tryMakeCancelling(JobSupport.kt:795)
09-07 04:27:22.096 24475 24475 W System.err: 	at kotlinx.coroutines.JobSupport.makeCancelling(JobSupport.kt:755)
09-07 04:27:22.096 24475 24590 I okhttp.OkHttpClient: <-- HTTP FAILED: java.net.SocketException: Socket closed
09-07 04:27:22.096 24475 24475 W System.err: 	at kotlinx.coroutines.JobSupport.cancelImpl$kotlinx_coroutines_core(JobSupport.kt:671)
09-07 04:27:22.096 24475 24475 W System.err: 	at kotlinx.coroutines.JobSupport.parentCancelled(JobSupport.kt:637)
09-07 04:27:22.096 24475 24475 W System.err: 	at kotlinx.coroutines.ChildHandleNode.invoke(JobSupport.kt:1465)
09-07 04:27:22.096 24475 24475 W System.err: 	at kotlinx.coroutines.JobSupport.notifyCancelling(JobSupport.kt:1499)
09-07 04:27:22.096 24475 24475 W System.err: 	at kotlinx.coroutines.JobSupport.tryMakeCompletingSlowPath(JobSupport.kt:900)
09-07 04:27:22.096 24475 24475 W System.err: 	at kotlinx.coroutines.JobSupport.tryMakeCompleting(JobSupport.kt:863)
09-07 04:27:22.096 24475 24475 W System.err: 	at kotlinx.coroutines.JobSupport.cancelMakeCompleting(JobSupport.kt:696)
09-07 04:27:22.096 24475 24475 W System.err: 	at kotlinx.coroutines.JobSupport.cancelImpl$kotlinx_coroutines_core(JobSupport.kt:667)
09-07 04:27:22.096 24475 24475 W System.err: 	at kotlinx.coroutines.JobSupport.cancelInternal(JobSupport.kt:632)
09-07 04:27:22.096 24475 24475 W System.err: 	at kotlinx.coroutines.JobSupport.cancel(JobSupport.kt:617)
09-07 04:27:22.096 24475 24475 W System.err: 	at kotlinx.coroutines.JobKt__JobKt.cancel(Job.kt:561)
09-07 04:27:22.097 24475 24475 W System.err: 	at kotlinx.coroutines.JobKt.cancel(Unknown Source:1)
09-07 04:27:22.097 24475 24475 W System.err: 	at kotlinx.coroutines.JobKt__JobKt.cancel$default(Job.kt:560)
09-07 04:27:22.097 24475 24475 W System.err: 	at kotlinx.coroutines.JobKt.cancel$default(Unknown Source:1)
09-07 04:27:22.097 24475 24475 W System.err: 	at androidx.lifecycle.CloseableCoroutineScope.close(ViewModel.kt:51)
09-07 04:27:22.097 24475 24475 W System.err: 	at androidx.lifecycle.ViewModel.closeWithRuntimeException(ViewModel.java:188)
09-07 04:27:22.097 24475 24475 W System.err: 	at androidx.lifecycle.ViewModel.clear(ViewModel.java:134)
09-07 04:27:22.097 24475 24475 W System.err: 	at androidx.lifecycle.ViewModelStore.clear(ViewModelStore.java:62)
09-07 04:27:22.097 24475 24475 W System.err: 	at androidx.fragment.app.FragmentManagerViewModel.clearNonConfigStateInternal(FragmentManagerViewModel.java:210)
09-07 04:27:22.097 24475 24475 W System.err: 	at androidx.fragment.app.FragmentManagerViewModel.clearNonConfigState(FragmentManagerViewModel.java:190)
09-07 04:27:22.097 24475 24475 W System.err: 	at androidx.fragment.app.FragmentStateManager.destroy(FragmentStateManager.java:778)
09-07 04:27:22.097 24475 24475 W System.err: 	at androidx.fragment.app.FragmentStateManager.moveToExpectedState(FragmentStateManager.java:335)
09-07 04:27:22.097 24475 24475 W System.err: 	at androidx.fragment.app.FragmentStore.moveToExpectedState(FragmentStore.java:113)
09-07 04:27:22.098 24475 24475 W System.err: 	at androidx.fragment.app.FragmentManager.moveToState(FragmentManager.java:1374)
09-07 04:27:22.098 24475 24475 W System.err: 	at androidx.fragment.app.FragmentManager.dispatchStateChange(FragmentManager.java:2841)
09-07 04:27:22.098 24475 24475 W System.err: 	at androidx.fragment.app.FragmentManager.dispatchDestroy(FragmentManager.java:2820)
09-07 04:27:22.098 24475 24475 W System.err: 	at androidx.fragment.app.Fragment.performDestroy(Fragment.java:3246)
09-07 04:27:22.098 24475 24475 W System.err: 	at androidx.fragment.app.FragmentStateManager.destroy(FragmentStateManager.java:780)
09-07 04:27:22.098 24475 24475 W System.err: 	at androidx.fragment.app.FragmentStateManager.moveToExpectedState(FragmentStateManager.java:335)
09-07 04:27:22.098 24475 24475 W System.err: 	at androidx.fragment.app.SpecialEffectsController$FragmentStateManagerOperation.complete(SpecialEffectsController.java:771)
09-07 04:27:22.098 24475 24475 W System.err: 	at androidx.fragment.app.SpecialEffectsController$Operation.cancel(SpecialEffectsController.java:615)
09-07 04:27:22.098 24475 24475 W System.err: 	at androidx.fragment.app.SpecialEffectsController.forceCompleteAllOperations(SpecialEffectsController.java:350)
09-07 04:27:22.098 24475 24475 W System.err: 	at androidx.fragment.app.FragmentManager.dispatchStateChange(FragmentManager.java:2844)
09-07 04:27:22.098 24475 24475 W System.err: 	at androidx.fragment.app.FragmentManager.dispatchDestroy(FragmentManager.java:2820)
09-07 04:27:22.098 24475 24475 W System.err: 	at androidx.fragment.app.FragmentController.dispatchDestroy(FragmentController.java:345)
09-07 04:27:22.099 24475 24475 W System.err: 	at androidx.fragment.app.FragmentActivity.onDestroy(FragmentActivity.java:306)
09-07 04:27:22.101 24475 24475 W System.err: 	at androidx.appcompat.app.AppCompatActivity.onDestroy(AppCompatActivity.java:278)
09-07 04:27:22.101 24475 24475 W System.err: 	at android.app.Activity.performDestroy(Activity.java:8048)
09-07 04:27:22.101 24475 24475 W System.err: 	at android.app.Instrumentation.callActivityOnDestroy(Instrumentation.java:1334)
09-07 04:27:22.104 24475 24475 W System.err: 	at androidx.test.runner.MonitoringInstrumentation.callActivityOnDestroy(MonitoringInstrumentation.java:766)
09-07 04:27:22.104 24475 24475 W System.err: 	at android.app.ActivityThread.performDestroyActivity(ActivityThread.java:4926)
09-07 04:27:22.104 24475 24475 W System.err: 	at android.app.ActivityThread.handleDestroyActivity(ActivityThread.java:4970)
09-07 04:27:22.104 24475 24475 W System.err: 	at android.app.servertransaction.DestroyActivityItem.execute(DestroyActivityItem.java:44)
09-07 04:27:22.104 24475 24475 W System.err: 	at android.app.servertransaction.TransactionExecutor.executeLifecycleState(TransactionExecutor.java:176)
09-07 04:27:22.104 24475 24475 W System.err: 	at android.app.servertransaction.TransactionExecutor.execute(TransactionExecutor.java:97)
09-07 04:27:22.105 24475 24475 W System.err: 	at android.app.ActivityThread$H.handleMessage(ActivityThread.java:2016)
09-07 04:27:22.105 24475 24475 W System.err: 	at android.os.Handler.dispatchMessage(Handler.java:107)
09-07 04:27:22.105 24475 24475 W System.err: 	at android.os.Looper.loop(Looper.java:214)
09-07 04:27:22.105 24475 24475 W System.err: 	at android.app.ActivityThread.main(ActivityThread.java:7356)
09-07 04:27:22.105 24475 24475 W System.err: 	at java.lang.reflect.Method.invoke(Native Method)
09-07 04:27:22.105 24475 24475 W System.err: 	at com.android.internal.os.RuntimeInit$MethodAndArgsCaller.run(RuntimeInit.java:492)
09-07 04:27:22.105 24475 24475 W System.err: 	at com.android.internal.os.ZygoteInit.main(ZygoteInit.java:930)
09-07 04:27:22.127  2666  2666 I dnsi    : onStart
09-07 04:27:22.131  2666  2666 I dnsi    : onResume
09-07 04:27:22.131  2037  2061 W InputReader: Device has associated, but no associated display id.
09-07 04:27:22.131  2037  2061 I chatty  : uid=1000(system) android.anim identical 8 lines
09-07 04:27:22.132  2037  2061 W InputReader: Device has associated, but no associated display id.
09-07 04:27:22.133  2182  2468 D EGL_emulation: eglMakeCurrent: 0xda21a360: ver 2 0 (tinfo 0xda20f590)
09-07 04:27:22.134  2182  2182 W View    : requestLayout() improperly called by com.android.keyguard.AlphaOptimizedLinearLayout{551c6d8 V.E...... ......ID 7,0-48,61 #7f0a041c app:id/wifi_group} during second layout pass: posting in next frame
09-07 04:27:22.136  1793  2554 D gralloc_ranchu: gralloc_alloc: Creating ashmem region of size 6307840
09-07 04:27:22.143 24475 24475 D LifecycleMonitor: Lifecycle status change: ru.iteco.fmhandroid.ui.AppActivity@e2bb439 in: DESTROYED
09-07 04:27:22.143 24475 24475 V ActivityScenario: Update currentActivityStage to DESTROYED, currentActivity=null
09-07 04:27:22.144 24475 24520 I TestRunner: finished: shouldOpenOurMissionPage(ru.iteco.fmhandroid.ui.MainPageTest)
09-07 04:27:22.145  2182  2182 W View    : requestLayout() improperly called by StatusBarIconView(slot=mobile icon=null notification=null) during layout: running second layout pass
09-07 04:27:22.146  2182  2468 D EGL_emulation: eglMakeCurrent: 0xda21a360: ver 2 0 (tinfo 0xda20f590)
09-07 04:27:22.171  1792  2272 E GnssHAL_GnssInterface: gnssSvStatusCb: a: input svInfo.flags is 8
09-07 04:27:22.171  1792  2272 E GnssHAL_GnssInterface: gnssSvStatusCb: b: input svInfo.flags is 8
09-07 04:27:22.173  2182  2468 D EGL_emulation: eglMakeCurrent: 0xda21a360: ver 2 0 (tinfo 0xda20f590)
09-07 04:27:22.174  2182  2182 W View    : requestLayout() improperly called by com.android.keyguard.AlphaOptimizedLinearLayout{551c6d8 V.E...... ......ID 7,0-48,61 #7f0a041c app:id/wifi_group} during second layout pass: posting in next frame
09-07 04:27:22.176  2182  2182 W View    : requestLayout() improperly called by StatusBarIconView(slot=mobile icon=null notification=null) during layout: running second layout pass
09-07 04:27:22.189 24532 24566 D EGL_emulation: eglMakeCurrent: 0xda21a3c0: ver 2 0 (tinfo 0xda20f060)
09-07 04:27:22.196  1823  1823 E Layer   : [Surface(name=AppWindowToken{b21a81e token=Token{7c08459 ActivityRecord{73a90a0 u0 ru.iteco.fmhandroid.test/androidx.test.core.app.InstrumentationActivityInvoker$EmptyActivity t783}}})/@0xba0bdfb - animation-leash#0] No local sync point found
09-07 04:27:22.196  1823  1823 E Layer   : [Surface(name=AppWindowToken{459e199 token=Token{b961ae0 ActivityRecord{53be0e3 u0 com.google.android.apps.nexuslauncher/.NexusLauncherActivity t652}}})/@0xafc1306 - animation-leash#0] No local sync point found
09-07 04:27:22.208  2182  2468 D EGL_emulation: eglMakeCurrent: 0xda21a360: ver 2 0 (tinfo 0xda20f590)
09-07 04:27:22.239  7867  7867 D BoundBrokerSvc: onBind: Intent { act=com.google.android.gms.inappreach.service.START dat=chimera-action: cmp=com.google.android.gms/.chimera.GmsApiService }
09-07 04:27:22.239  7867  7867 D BoundBrokerSvc: Loading bound service for intent: Intent { act=com.google.android.gms.inappreach.service.START dat=chimera-action: cmp=com.google.android.gms/.chimera.GmsApiService }
09-07 04:27:22.242  2037  5599 D HostConnection: HostConnection::get() New Host Connection established 0xda23f020, tid 5599
09-07 04:27:22.243  2037  5599 D HostConnection: HostComposition ext ANDROID_EMU_CHECKSUM_HELPER_v1 ANDROID_EMU_dma_v1 ANDROID_EMU_direct_mem ANDROID_EMU_vulkan ANDROID_EMU_deferred_vulkan_commands ANDROID_EMU_vulkan_null_optional_strings ANDROID_EMU_vulkan_create_resources_with_requirements ANDROID_EMU_YUV420_888_to_NV21 ANDROID_EMU_YUV_Cache ANDROID_EMU_vulkan_free_memory_sync ANDROID_EMU_vulkan_shader_float16_int8 ANDROID_EMU_vulkan_async_queue_submit ANDROID_EMU_sync_buffer_data GL_OES_vertex_array_object GL_KHR_texture_compression_astc_ldr ANDROID_EMU_host_side_tracing ANDROID_EMU_gles_max_version_2 
09-07 04:27:22.244  2037  5599 W OpenGLRenderer: Failed to choose config with EGL_SWAP_BEHAVIOR_PRESERVED, retrying without...
09-07 04:27:22.248  2434  2453 W System  : A resource failed to call release. 
09-07 04:27:22.249  2434  2453 I chatty  : uid=10090(com.google.android.apps.nexuslauncher) FinalizerDaemon identical 2 lines
09-07 04:27:22.249  2434  2453 W System  : A resource failed to call release. 
09-07 04:27:22.254  2037  5599 D eglCodecCommon: setVertexArrayObject: set vao to 0 (0) 0 0
09-07 04:27:22.254  2037  5599 D EGL_emulation: eglCreateContext: 0xa7a623a0: maj 2 min 0 rcv 2
09-07 04:27:22.286  2037  5599 D EGL_emulation: eglMakeCurrent: 0xa7a623a0: ver 2 0 (tinfo 0xba668ca0)
09-07 04:27:22.302  1823  1823 W SurfaceFlinger: couldn't log to binary event log: overflow.
09-07 04:27:22.320  2037  5599 D eglCodecCommon: setVertexArrayObject: set vao to 0 (0) 1 0
09-07 04:27:22.326 24475 24520 I TestRunner: started: shouldOpenNewsItemDescription(ru.iteco.fmhandroid.ui.MainPageTest)
09-07 04:27:22.374 24475 24520 W Settings: Setting always_finish_activities has moved from android.provider.Settings.System to android.provider.Settings.Global, returning read-only value.
09-07 04:27:22.381  2037  4315 I ActivityTaskManager: START u0 {act=android.intent.action.MAIN cat=[android.intent.category.LAUNCHER] flg=0x10008000 cmp=ru.iteco.fmhandroid.test/androidx.test.core.app.InstrumentationActivityInvoker$BootstrapActivity (has extras)} from uid 10136
09-07 04:27:22.394  2037  4510 W InputReader: Device has associated, but no associated display id.
09-07 04:27:22.396  2037  4510 I chatty  : uid=1000(system) Binder:2037_15 identical 28 lines
09-07 04:27:22.396  2037  4510 W InputReader: Device has associated, but no associated display id.
09-07 04:27:22.397 24532 24532 W ActivityThread: handleWindowVisibility: no activity for token android.os.BinderProxy@7c6ac8b
09-07 04:27:22.401  2037  4510 W InputReader: Device has associated, but no associated display id.
09-07 04:27:22.402  2037  4510 I chatty  : uid=1000(system) Binder:2037_15 identical 8 lines
09-07 04:27:22.402  2037  4510 W InputReader: Device has associated, but no associated display id.
09-07 04:27:22.424  1793  2554 D gralloc_ranchu: gralloc_alloc: Creating ashmem region of size 9850880
09-07 04:27:22.462  2037  4328 I ActivityTaskManager: START u0 {act=android.intent.action.MAIN cat=[android.intent.category.LAUNCHER] cmp=ru.iteco.fmhandroid/.ui.AppActivity} from uid 10136
09-07 04:27:22.474  2037  4328 W InputReader: Device has associated, but no associated display id.
09-07 04:27:22.476  2037  4328 I chatty  : uid=1000(system) Binder:2037_12 identical 38 lines
09-07 04:27:22.476  2037  4328 W InputReader: Device has associated, but no associated display id.
09-07 04:27:22.476 24475 24475 W ActivityThread: handleWindowVisibility: no activity for token android.os.BinderProxy@a9ecc10
09-07 04:27:22.477  2037  4328 W InputReader: Device has associated, but no associated display id.
09-07 04:27:22.479  2037  4328 I chatty  : uid=1000(system) Binder:2037_12 identical 18 lines
09-07 04:27:22.479  2037  4328 W InputReader: Device has associated, but no associated display id.
09-07 04:27:22.489  2434  2714 D EGL_emulation: eglMakeCurrent: 0xed453b60: ver 2 0 (tinfo 0xe233a960)
09-07 04:27:22.503  2666  3068 D EGL_emulation: eglMakeCurrent: 0xda21b0e0: ver 2 0 (tinfo 0xda20fbb0)
09-07 04:27:22.510 24475 24475 D LifecycleMonitor: Lifecycle status change: ru.iteco.fmhandroid.ui.AppActivity@a8c993c in: PRE_ON_CREATE
09-07 04:27:22.510 24475 24475 V ActivityScenario: Activity lifecycle changed event received but ignored because the reported transition was not ON_CREATE while the last known transition was PRE_ON_CREATE
09-07 04:27:22.512  2182  2468 D EGL_emulation: eglMakeCurrent: 0xda21a360: ver 2 0 (tinfo 0xda20f590)
09-07 04:27:22.513  2182  2182 W View    : requestLayout() improperly called by com.android.keyguard.AlphaOptimizedLinearLayout{551c6d8 V.E...... ......ID 7,0-48,61 #7f0a041c app:id/wifi_group} during second layout pass: posting in next frame
09-07 04:27:22.516 24475 24512 V FA      : onActivityCreated
09-07 04:27:22.518  1823  1823 W SurfaceFlinger: couldn't log to binary event log: overflow.
09-07 04:27:22.518  1823  1823 W SurfaceFlinger: couldn't log to binary event log: overflow.
09-07 04:27:22.523  2182  2182 W View    : requestLayout() improperly called by StatusBarIconView(slot=mobile icon=null notification=null) during layout: running second layout pass
09-07 04:27:22.524  2666  2666 I dnsi    : onPause
09-07 04:27:22.526  2666  2666 I dnsi    : onStop
09-07 04:27:22.531  2182  2468 D EGL_emulation: eglMakeCurrent: 0xda21a360: ver 2 0 (tinfo 0xda20f590)
09-07 04:27:22.556 24475 24475 D LifecycleMonitor: Lifecycle status change: ru.iteco.fmhandroid.ui.AppActivity@a8c993c in: CREATED
09-07 04:27:22.557 24475 24475 V ActivityScenario: Update currentActivityStage to CREATED, currentActivity=ru.iteco.fmhandroid.ui.AppActivity@a8c993c
09-07 04:27:22.582  2666  9317 V ClearcutMetricXmitter: Transmission is done.
09-07 04:27:22.586 24475 24475 D LifecycleMonitor: Lifecycle status change: ru.iteco.fmhandroid.ui.AppActivity@a8c993c in: STARTED
09-07 04:27:22.586 24475 24475 V ActivityScenario: Update currentActivityStage to STARTED, currentActivity=ru.iteco.fmhandroid.ui.AppActivity@a8c993c
09-07 04:27:22.587 24475 24475 D LifecycleMonitor: Lifecycle status change: ru.iteco.fmhandroid.ui.AppActivity@a8c993c in: RESUMED
09-07 04:27:22.587 24475 24475 V ActivityScenario: Update currentActivityStage to RESUMED, currentActivity=ru.iteco.fmhandroid.ui.AppActivity@a8c993c
09-07 04:27:22.590 24475 24522 V FA      : Activity resumed, time: 3766480
09-07 04:27:22.637  1793  2554 D gralloc_ranchu: gralloc_alloc: Creating ashmem region of size 9113600
09-07 04:27:22.653  1793  2554 D gralloc_ranchu: gralloc_alloc: Creating ashmem region of size 9113600
09-07 04:27:22.656  1793  1793 D gralloc_ranchu: gralloc_alloc: Creating ashmem region of size 9113600
09-07 04:27:22.658 24475 24569 D EGL_emulation: eglMakeCurrent: 0xe2250800: ver 2 0 (tinfo 0xe233ab20)
09-07 04:27:22.702  7867 22594 V FA-SVC  : Logging event: origin=auto,name=screen_view(_vs),params=Bundle[{ga_event_origin(_o)=auto, ga_previous_class(_pc)=AppActivity, ga_previous_id(_pi)=6688537982189829867, ga_screen_class(_sc)=AppActivity, ga_screen_id(_si)=6688537982189829868}]
09-07 04:27:22.723  2037  2065 I ActivityTaskManager: Displayed ru.iteco.fmhandroid/.ui.AppActivity: +318ms
09-07 04:27:22.746  2182  2182 W View    : requestLayout() improperly called by com.android.keyguard.AlphaOptimizedLinearLayout{551c6d8 V.E...... ......ID 7,0-48,61 #7f0a041c app:id/wifi_group} during second layout pass: posting in next frame
09-07 04:27:22.746 24475 24475 I ViewInteraction: Performing 'wait for a specific view with <(an instance of android.widget.TextView and view.getText() with or without transformation to match: is "Authorization" and view.getParent() view.getParent() view.getId() is <2131231186>)> during 10000 millis.' action on view view.getRootView() to equal view
09-07 04:27:22.747  2182  2182 W View    : requestLayout() improperly called by StatusBarIconView(slot=mobile icon=null notification=null) during layout: running second layout pass
09-07 04:27:22.751  7867 22594 V FA-SVC  : Upload scheduled in approximately ms: 3596548
09-07 04:27:22.752  7867 22594 V FA-SVC  : Unscheduling upload
09-07 04:27:22.758  7867 22594 V FA-SVC  : Scheduling upload, millis: 3596548
09-07 04:27:22.760  7867 22594 V FA-SVC  : Background event processing time, ms: 58
09-07 04:27:22.781  2182  2182 W View    : requestLayout() improperly called by com.android.keyguard.AlphaOptimizedLinearLayout{551c6d8 V.E...... ......ID 7,0-48,61 #7f0a041c app:id/wifi_group} during second layout pass: posting in next frame
09-07 04:27:22.792  2182  2182 W View    : requestLayout() improperly called by StatusBarIconView(slot=mobile icon=null notification=null) during layout: running second layout pass
09-07 04:27:23.170  1792  2272 E GnssHAL_GnssInterface: gnssSvStatusCb: a: input svInfo.flags is 8
09-07 04:27:23.170  1792  2272 E GnssHAL_GnssInterface: gnssSvStatusCb: b: input svInfo.flags is 8
09-07 04:27:24.172  1792  2272 E GnssHAL_GnssInterface: gnssSvStatusCb: a: input svInfo.flags is 8
09-07 04:27:24.172  1792  2272 E GnssHAL_GnssInterface: gnssSvStatusCb: b: input svInfo.flags is 8
09-07 04:27:24.507  1781  1781 W audio_hw_generic: Not supplying enough data to HAL, expected position 52420983 , only wrote 52283117
09-07 04:27:25.171  1792  2272 E GnssHAL_GnssInterface: gnssSvStatusCb: a: input svInfo.flags is 8
09-07 04:27:25.171  1792  2272 E GnssHAL_GnssInterface: gnssSvStatusCb: b: input svInfo.flags is 8
09-07 04:27:25.585 24475 24584 I okhttp.OkHttpClient: --> GET http://www.981757-ca08998.tmweb.ru:8080/fmh/authentication/userInfo
09-07 04:27:25.585 24475 24584 I okhttp.OkHttpClient: --> END GET
09-07 04:27:25.800 24475 24584 I okhttp.OkHttpClient: <-- 200 http://www.981757-ca08998.tmweb.ru:8080/fmh/authentication/userInfo (214ms)
09-07 04:27:25.800 24475 24584 I okhttp.OkHttpClient: Vary: Origin
09-07 04:27:25.800 24475 24584 I okhttp.OkHttpClient: Vary: Access-Control-Request-Method
09-07 04:27:25.800 24475 24584 I okhttp.OkHttpClient: Vary: Access-Control-Request-Headers
09-07 04:27:25.800 24475 24584 I okhttp.OkHttpClient: X-Content-Type-Options: nosniff
09-07 04:27:25.800 24475 24584 I okhttp.OkHttpClient: X-XSS-Protection: 1; mode=block
09-07 04:27:25.800 24475 24584 I okhttp.OkHttpClient: Cache-Control: no-cache, no-store, max-age=0, must-revalidate
09-07 04:27:25.801 24475 24584 I okhttp.OkHttpClient: Pragma: no-cache
09-07 04:27:25.801 24475 24584 I okhttp.OkHttpClient: Expires: 0
09-07 04:27:25.801 24475 24584 I okhttp.OkHttpClient: X-Frame-Options: DENY
09-07 04:27:25.801 24475 24584 I okhttp.OkHttpClient: Content-Type: application/json
09-07 04:27:25.801 24475 24584 I okhttp.OkHttpClient: Transfer-Encoding: chunked
09-07 04:27:25.801 24475 24584 I okhttp.OkHttpClient: Date: Thu, 07 Sep 2023 04:27:26 GMT
09-07 04:27:25.801 24475 24584 I okhttp.OkHttpClient: Keep-Alive: timeout=60
09-07 04:27:25.801 24475 24584 I okhttp.OkHttpClient: Connection: keep-alive
09-07 04:27:25.802 24475 24584 I okhttp.OkHttpClient: {"id":1,"firstName":"Ivan","lastName":"Ivanov","middleName":"Ivanovich","admin":true}
09-07 04:27:25.802 24475 24584 I okhttp.OkHttpClient: <-- END HTTP (85-byte body)
09-07 04:27:25.821 24475 24590 I okhttp.OkHttpClient: --> GET http://www.981757-ca08998.tmweb.ru:8080/fmh/claims
09-07 04:27:25.822 24475 24590 I okhttp.OkHttpClient: --> END GET
09-07 04:27:25.826  1774 24693 E ResolverController: No valid NAT64 prefix (101, <unspecified>/0)
09-07 04:27:26.082  2182  2182 W View    : requestLayout() improperly called by com.android.keyguard.AlphaOptimizedLinearLayout{551c6d8 V.E...... ......ID 7,0-48,61 #7f0a041c app:id/wifi_group} during second layout pass: posting in next frame
09-07 04:27:26.090 24475 24569 D EGL_emulation: eglMakeCurrent: 0xe2250800: ver 2 0 (tinfo 0xe233ab20)
09-07 04:27:26.093  1793  2554 D gralloc_ranchu: gralloc_alloc: Creating ashmem region of size 9850880
09-07 04:27:26.100  2182  2182 W View    : requestLayout() improperly called by StatusBarIconView(slot=mobile icon=null notification=null) during layout: running second layout pass
09-07 04:27:26.111 24475 24569 D EGL_emulation: eglMakeCurrent: 0xe2250800: ver 2 0 (tinfo 0xe233ab20)
09-07 04:27:26.227  1792  2272 E GnssHAL_GnssInterface: gnssSvStatusCb: a: input svInfo.flags is 8
09-07 04:27:26.227  1792  2272 E GnssHAL_GnssInterface: gnssSvStatusCb: b: input svInfo.flags is 8
09-07 04:27:26.275  1793  2554 D gralloc_ranchu: gralloc_alloc: Creating ashmem region of size 9850880
09-07 04:27:26.298  1793  2554 D gralloc_ranchu: gralloc_alloc: Creating ashmem region of size 9850880
09-07 04:27:27.172  1792  2272 E GnssHAL_GnssInterface: gnssSvStatusCb: a: input svInfo.flags is 8
09-07 04:27:27.172  1792  2272 E GnssHAL_GnssInterface: gnssSvStatusCb: b: input svInfo.flags is 8
09-07 04:27:27.728 24475 24522 V FA      : Inactivity, disconnecting from the service
09-07 04:27:28.172  1792  2272 E GnssHAL_GnssInterface: gnssSvStatusCb: a: input svInfo.flags is 8
09-07 04:27:28.172  1792  2272 E GnssHAL_GnssInterface: gnssSvStatusCb: b: input svInfo.flags is 8
09-07 04:27:29.172  1792  2272 E GnssHAL_GnssInterface: gnssSvStatusCb: a: input svInfo.flags is 8
09-07 04:27:29.172  1792  2272 E GnssHAL_GnssInterface: gnssSvStatusCb: b: input svInfo.flags is 8
09-07 04:27:30.172  1792  2272 E GnssHAL_GnssInterface: gnssSvStatusCb: a: input svInfo.flags is 8
09-07 04:27:30.172  1792  2272 E GnssHAL_GnssInterface: gnssSvStatusCb: b: input svInfo.flags is 8
09-07 04:27:31.172  1792  2272 E GnssHAL_GnssInterface: gnssSvStatusCb: a: input svInfo.flags is 8
09-07 04:27:31.172  1792  2272 E GnssHAL_GnssInterface: gnssSvStatusCb: b: input svInfo.flags is 8
09-07 04:27:32.174  1792  2272 E GnssHAL_GnssInterface: gnssSvStatusCb: a: input svInfo.flags is 8
09-07 04:27:32.174  1792  2272 E GnssHAL_GnssInterface: gnssSvStatusCb: b: input svInfo.flags is 8
09-07 04:27:32.732  7867  7867 D BoundBrokerSvc: onUnbind: Intent { act=com.google.android.gms.measurement.START pkg=com.google.android.gms }
09-07 04:27:32.753 24475 24475 D takeScreenshot: Found 1 global views to redraw
09-07 04:27:32.816  1793  2554 D gralloc_ranchu: gralloc_alloc: Creating ashmem region of size 9850880
09-07 04:27:32.862 24475 24520 W DefaultFailureHandler: Failed to take screenshot
09-07 04:27:32.862 24475 24520 W DefaultFailureHandler: java.io.FileNotFoundException: view-op-error-3.png: open failed: EROFS (Read-only file system)
09-07 04:27:32.862 24475 24520 W DefaultFailureHandler: 	at libcore.io.IoBridge.open(IoBridge.java:496)
09-07 04:27:32.862 24475 24520 W DefaultFailureHandler: 	at java.io.FileOutputStream.<init>(FileOutputStream.java:235)
09-07 04:27:32.862 24475 24520 W DefaultFailureHandler: 	at java.io.FileOutputStream.<init>(FileOutputStream.java:125)
09-07 04:27:32.862 24475 24520 W DefaultFailureHandler: 	at androidx.test.platform.io.FileTestStorage.openOutputFile(FileTestStorage.java:60)
09-07 04:27:32.862 24475 24520 W DefaultFailureHandler: 	at androidx.test.core.graphics.BitmapStorage.writeToTestStorage(BitmapStorageExt.kt:49)
09-07 04:27:32.862 24475 24520 W DefaultFailureHandler: 	at androidx.test.espresso.base.DefaultFailureHandler.takeScreenshot(DefaultFailureHandler.java:4)
09-07 04:27:32.862 24475 24520 W DefaultFailureHandler: 	at androidx.test.espresso.base.DefaultFailureHandler.handle(DefaultFailureHandler.java:3)
09-07 04:27:32.862 24475 24520 W DefaultFailureHandler: 	at androidx.test.espresso.ViewInteraction.waitForAndHandleInteractionResults(ViewInteraction.java:8)
09-07 04:27:32.862 24475 24520 W DefaultFailureHandler: 	at androidx.test.espresso.ViewInteraction.desugaredPerform(ViewInteraction.java:11)
09-07 04:27:32.862 24475 24520 W DefaultFailureHandler: 	at androidx.test.espresso.ViewInteraction.perform(ViewInteraction.java:8)
09-07 04:27:32.862 24475 24520 W DefaultFailureHandler: 	at ru.iteco.fmhandroid.ui.data.TestUtils.waitView(TestUtils.java:61)
09-07 04:27:32.862 24475 24520 W DefaultFailureHandler: 	at ru.iteco.fmhandroid.ui.steps.AuthSteps.isAuthScreen(AuthSteps.java:58)
09-07 04:27:32.862 24475 24520 W DefaultFailureHandler: 	at ru.iteco.fmhandroid.ui.MainPageTest.logoutCheck(MainPageTest.java:44)
09-07 04:27:32.862 24475 24520 W DefaultFailureHandler: 	at java.lang.reflect.Method.invoke(Native Method)
09-07 04:27:32.862 24475 24520 W DefaultFailureHandler: 	at org.junit.runners.model.FrameworkMethod$1.runReflectiveCall(FrameworkMethod.java:59)
09-07 04:27:32.862 24475 24520 W DefaultFailureHandler: 	at org.junit.internal.runners.model.ReflectiveCallable.run(ReflectiveCallable.java:12)
09-07 04:27:32.862 24475 24520 W DefaultFailureHandler: 	at org.junit.runners.model.FrameworkMethod.invokeExplosively(FrameworkMethod.java:56)
09-07 04:27:32.862 24475 24520 W DefaultFailureHandler: 	at androidx.test.internal.runner.junit4.statement.RunBefores.evaluate(RunBefores.java:76)
09-07 04:27:32.862 24475 24520 W DefaultFailureHandler: 	at io.qameta.allure.android.rules.ScreenshotRule$apply$1.evaluate(ScreenshotRule.kt:22)
09-07 04:27:32.862 24475 24520 W DefaultFailureHandler: 	at org.junit.rules.ExternalResource$1.evaluate(ExternalResource.java:54)
09-07 04:27:32.862 24475 24520 W DefaultFailureHandler: 	at io.qameta.allure.android.rules.LogcatRule$apply$1.evaluate(LogcatRule.kt:23)
09-07 04:27:32.862 24475 24520 W DefaultFailureHandler: 	at org.junit.rules.RunRules.evaluate(RunRules.java:20)
09-07 04:27:32.862 24475 24520 W DefaultFailureHandler: 	at org.junit.runners.ParentRunner$3.evaluate(ParentRunner.java:306)
09-07 04:27:32.862 24475 24520 W DefaultFailureHandler: 	at org.junit.runners.BlockJUnit4ClassRunner$1.evaluate(BlockJUnit4ClassRunner.java:100)
09-07 04:27:32.862 24475 24520 W DefaultFailureHandler: 	at org.junit.runners.ParentRunner.runLeaf(ParentRunner.java:366)
09-07 04:27:32.862 24475 24520 W DefaultFailureHandler: 	at org.junit.runners.BlockJUnit4ClassRunner.runChild(BlockJUnit4ClassRunner.java:103)
09-07 04:27:32.862 24475 24520 W DefaultFailureHandler: 	at org.junit.runners.BlockJUnit4ClassRunner.runChild(BlockJUnit4ClassRunner.java:63)
09-07 04:27:32.862 24475 24520 W DefaultFailureHandler: 	at org.junit.runners.ParentRunner$4.run(ParentRunner.java:331)
09-07 04:27:32.862 24475 24520 W DefaultFailureHandler: 	at org.junit.runners.ParentRunner$1.schedule(ParentRunner.java:79)
09-07 04:27:32.862 24475 24520 W DefaultFailureHandler: 	at org.junit.runners.ParentRunner.runChildren(ParentRunner.java:329)
09-07 04:27:32.862 24475 24520 W DefaultFailureHandler: 	at org.junit.runners.ParentRunner.access$100(ParentRunner.java:66)
09-07 04:27:32.862 24475 24520 W DefaultFailureHandler: 	at org.junit.runners.ParentRunner$2.evaluate(ParentRunner.java:293)
09-07 04:27:32.862 24475 24520 W DefaultFailureHandler: 	at org.junit.runners.ParentRunner$3.evaluate(ParentRunner.java:306)
09-07 04:27:32.862 24475 24520 W DefaultFailureHandler: 	at org.junit.runners.ParentRunner.run(ParentRunner.java:413)
09-07 04:27:32.862 24475 24520 W DefaultFailureHandler: 	at androidx.test.ext.junit.runners.AndroidJUnit4.run(AndroidJUnit4.java:162)
09-07 04:27:32.862 24475 24520 W DefaultFailureHandler: 	at io.qameta.allure.android.runners.AllureAndroidJUnit4.run(AllureAndroidJUnitRunners.kt:29)
09-07 04:27:32.862 24475 24520 W DefaultFailureHandler: 	at org.junit.runners.Suite.runChild(Suite.java:128)
09-07 04:27:32.862 24475 24520 W DefaultFailureHandler: 	at org.junit.runners.Suite.runChild(Suite.java:27)
09-07 04:27:32.862 24475 24520 W DefaultFailureHandler: 	at org.junit.runners.ParentRunner$4.run(ParentRunner.java:331)
09-07 04:27:32.862 24475 24520 W DefaultFailureHandler: 	at org.junit.runners.ParentRunner$1.schedule(ParentRunner.java:79)
09-07 04:27:32.862 24475 24520 W DefaultFailureHandler: 	at org.junit.runners.ParentRunner.runChildren(ParentRunner.java:329)
09-07 04:27:32.862 24475 24520 W DefaultFailureHandler: 	at org.junit.runners.ParentRunner.access$100(ParentRunner.java:66)
09-07 04:27:32.862 24475 24520 W DefaultFailureHandler: 	at org.junit.runners.ParentRunner$2.evaluate(ParentRunner.java:293)
09-07 04:27:32.862 24475 24520 W DefaultFailureHandler: 	at org.junit.runners.ParentRunner$3.evaluate(ParentRunner.java:306)
09-07 04:27:32.862 24475 24520 W DefaultFailureHandler: 	at org.junit.runners.ParentRunner.run(ParentRunner.java:413)
09-07 04:27:32.862 24475 24520 W DefaultFailureHandler: 	at org.junit.runner.JUnitCore.run(JUnitCore.java:137)
09-07 04:27:32.862 24475 24520 W DefaultFailureHandler: 	at org.junit.runner.JUnitCore.run(JUnitCore.java:115)
09-07 04:27:32.862 24475 24520 W DefaultFailureHandler: 	at androidx.test.internal.runner.TestExecutor.execute(TestExecutor.java:67)
09-07 04:27:32.862 24475 24520 W DefaultFailureHandler: 	at androidx.test.internal.runner.TestExecutor.execute(TestExecutor.java:58)
09-07 04:27:32.862 24475 24520 W DefaultFailureHandler: 	at androidx.test.runner.AndroidJUnitRunner.onStart(AndroidJUnitRunner.java:438)
09-07 04:27:32.862 24475 24520 W DefaultFailureHandler: 	at android.app.Instrumentation$InstrumentationThread.run(Instrumentation.java:2189)
09-07 04:27:32.862 24475 24520 W DefaultFailureHandler: Caused by: android.system.ErrnoException: open failed: EROFS (Read-only file system)
09-07 04:27:32.862 24475 24520 W DefaultFailureHandler: 	at libcore.io.Linux.open(Native Method)
09-07 04:27:32.862 24475 24520 W DefaultFailureHandler: 	at libcore.io.ForwardingOs.open(ForwardingOs.java:167)
09-07 04:27:32.862 24475 24520 W DefaultFailureHandler: 	at libcore.io.BlockGuardOs.open(BlockGuardOs.java:252)
