09-07 04:27:32.862 24475 24520 W DefaultFailureHandler: 	at libcore.io.ForwardingOs.open(ForwardingOs.java:167)
09-07 04:27:32.862 24475 24520 W DefaultFailureHandler: 	at android.app.ActivityThread$AndroidOs.open(ActivityThread.java:7255)
09-07 04:27:32.862 24475 24520 W DefaultFailureHandler: 	at libcore.io.IoBridge.open(IoBridge.java:482)
09-07 04:27:32.862 24475 24520 W DefaultFailureHandler: 	... 50 more
09-07 04:27:32.869 24475 24475 I ViewInteraction: Performing 'wait for a specific view with <view.getId() is <2131230870/ru.iteco.fmhandroid:id/authorization_image_button>> during 10000 millis.' action on view view.getRootView() to equal view
09-07 04:27:32.875 24475 24475 I ViewInteraction: Checking 'MatchesViewAssertion{viewMatcher=(view has effective visibility <VISIBLE> and view.getGlobalVisibleRect() to return non-empty rectangle)}' assertion on view view.getId() is <2131230870/ru.iteco.fmhandroid:id/authorization_image_button>
09-07 04:27:32.880 24475 24475 I ViewInteraction: Performing 'single click' action on view view.getId() is <2131230870/ru.iteco.fmhandroid:id/authorization_image_button>
09-07 04:27:32.934  1781  6116 W audio_hw_generic: Not supplying enough data to HAL, expected position 52283146 , only wrote 52283117
09-07 04:27:32.984  1793  2554 D gralloc_ranchu: gralloc_alloc: Creating ashmem region of size 884736
09-07 04:27:33.000  1793  2554 I chatty  : uid=1000(system) HwBinder:1793_2 identical 1 line
09-07 04:27:33.002  1793  2554 D gralloc_ranchu: gralloc_alloc: Creating ashmem region of size 884736
09-07 04:27:33.003 24475 24569 D EGL_emulation: eglMakeCurrent: 0xe2250800: ver 2 0 (tinfo 0xe233ab20)
09-07 04:27:33.073 24475 24569 I chatty  : uid=10136(ru.iteco.fmhandroid) RenderThread identical 3 lines
09-07 04:27:33.096 24475 24569 D EGL_emulation: eglMakeCurrent: 0xe2250800: ver 2 0 (tinfo 0xe233ab20)
09-07 04:27:33.173  1792  2272 E GnssHAL_GnssInterface: gnssSvStatusCb: a: input svInfo.flags is 8
09-07 04:27:33.173  1792  2272 E GnssHAL_GnssInterface: gnssSvStatusCb: b: input svInfo.flags is 8
09-07 04:27:33.295 24475 24475 I ViewInteraction: Performing 'wait for a specific view with <an instance of android.widget.TextView and view.getText() with or without transformation to match: is "Log out"> during 10000 millis.' action on view view.getRootView() to equal view
09-07 04:27:33.299 24475 24475 I ViewInteraction: Checking 'MatchesViewAssertion{viewMatcher=(view has effective visibility <VISIBLE> and view.getGlobalVisibleRect() to return non-empty rectangle)}' assertion on view an instance of android.widget.TextView and view.getText() with or without transformation to match: is "Log out"
09-07 04:27:33.301 24475 24475 I ViewInteraction: Performing 'single click' action on view an instance of android.widget.TextView and view.getText() with or without transformation to match: is "Log out"
09-07 04:27:33.541 24475 24569 D EGL_emulation: eglMakeCurrent: 0xe2250800: ver 2 0 (tinfo 0xe233ab20)
09-07 04:27:33.581 24475 24569 D EGL_emulation: eglMakeCurrent: 0xe2250800: ver 2 0 (tinfo 0xe233ab20)
09-07 04:27:33.670 24475 24475 I ViewInteraction: Performing 'wait for a specific view with <(an instance of android.widget.TextView and view.getText() with or without transformation to match: is "Authorization" and view.getParent() view.getParent() view.getId() is <2131231186>)> during 10000 millis.' action on view view.getRootView() to equal view
09-07 04:27:33.673 24475 24475 I ViewInteraction: Checking 'MatchesViewAssertion{viewMatcher=(view has effective visibility <VISIBLE> and view.getGlobalVisibleRect() to return non-empty rectangle)}' assertion on view (an instance of android.widget.TextView and view.getText() with or without transformation to match: is "Authorization" and view.getParent() view.getParent() view.getId() is <2131231186/ru.iteco.fmhandroid:id/nav_host_fragment>)
09-07 04:27:33.676 24475 24475 I ViewInteraction: Performing 'wait for a specific view with <(an instance of android.widget.TextView and view.getHint() matching: is "Login" and view.getParent() view.getParent() view.getId() is <2131231121/ru.iteco.fmhandroid:id/login_text_input_layout>)> during 10000 millis.' action on view view.getRootView() to equal view
09-07 04:27:33.679 24475 24475 I ViewInteraction: Checking 'MatchesViewAssertion{viewMatcher=(view has effective visibility <VISIBLE> and view.getGlobalVisibleRect() to return non-empty rectangle)}' assertion on view (an instance of android.widget.TextView and view.getHint() matching: is "Login" and view.getParent() view.getParent() view.getId() is <2131231121/ru.iteco.fmhandroid:id/login_text_input_layout>)
09-07 04:27:33.681 24475 24475 I ViewInteraction: Performing 'wait for a specific view with <(an instance of android.widget.TextView and view.getHint() matching: is "Password" and view.getParent() view.getParent() view.getId() is <2131231264/ru.iteco.fmhandroid:id/password_text_input_layout>)> during 10000 millis.' action on view view.getRootView() to equal view
09-07 04:27:33.683 24475 24475 I ViewInteraction: Checking 'MatchesViewAssertion{viewMatcher=(view has effective visibility <VISIBLE> and view.getGlobalVisibleRect() to return non-empty rectangle)}' assertion on view (an instance of android.widget.TextView and view.getHint() matching: is "Password" and view.getParent() view.getParent() view.getId() is <2131231264/ru.iteco.fmhandroid:id/password_text_input_layout>)
09-07 04:27:33.685 24475 24475 I ViewInteraction: Performing 'wait for a specific view with <(view.getId() is <2131231039/ru.iteco.fmhandroid:id/enter_button> and an instance of android.widget.TextView and view.getText() with or without transformation to match: is "SIGN IN" and view.getContentDescription() is "Save" and view.getParent() view.getParent() an instance of android.widget.RelativeLayout)> during 10000 millis.' action on view view.getRootView() to equal view
09-07 04:27:33.687 24475 24475 I ViewInteraction: Checking 'MatchesViewAssertion{viewMatcher=(view has effective visibility <VISIBLE> and view.getGlobalVisibleRect() to return non-empty rectangle)}' assertion on view (view.getId() is <2131231039/ru.iteco.fmhandroid:id/enter_button> and an instance of android.widget.TextView and view.getText() with or without transformation to match: is "SIGN IN" and view.getContentDescription() is "Save" and view.getParent() view.getParent() an instance of android.widget.RelativeLayout)
09-07 04:27:33.690 24475 24475 I ViewInteraction: Performing 'wait for a specific view with <(an instance of android.widget.TextView and view.getText() with or without transformation to match: is "Authorization" and view.getParent() view.getParent() view.getId() is <2131231186>)> during 10000 millis.' action on view view.getRootView() to equal view
09-07 04:27:33.693 24475 24475 I ViewInteraction: Checking 'MatchesViewAssertion{viewMatcher=(view has effective visibility <VISIBLE> and view.getGlobalVisibleRect() to return non-empty rectangle)}' assertion on view (an instance of android.widget.TextView and view.getText() with or without transformation to match: is "Authorization" and view.getParent() view.getParent() view.getId() is <2131231186/ru.iteco.fmhandroid:id/nav_host_fragment>)
09-07 04:27:33.696 24475 24475 I ViewInteraction: Performing 'wait for a specific view with <(an instance of android.widget.TextView and view.getHint() matching: is "Login" and view.getParent() view.getParent() view.getId() is <2131231121/ru.iteco.fmhandroid:id/login_text_input_layout>)> during 10000 millis.' action on view view.getRootView() to equal view
09-07 04:27:33.700 24475 24475 I ViewInteraction: Checking 'MatchesViewAssertion{viewMatcher=(view has effective visibility <VISIBLE> and view.getGlobalVisibleRect() to return non-empty rectangle)}' assertion on view (an instance of android.widget.TextView and view.getHint() matching: is "Login" and view.getParent() view.getParent() view.getId() is <2131231121/ru.iteco.fmhandroid:id/login_text_input_layout>)
09-07 04:27:33.703 24475 24475 I ViewInteraction: Performing 'wait for a specific view with <(an instance of android.widget.TextView and view.getHint() matching: is "Password" and view.getParent() view.getParent() view.getId() is <2131231264/ru.iteco.fmhandroid:id/password_text_input_layout>)> during 10000 millis.' action on view view.getRootView() to equal view
09-07 04:27:33.705 24475 24475 I ViewInteraction: Checking 'MatchesViewAssertion{viewMatcher=(view has effective visibility <VISIBLE> and view.getGlobalVisibleRect() to return non-empty rectangle)}' assertion on view (an instance of android.widget.TextView and view.getHint() matching: is "Password" and view.getParent() view.getParent() view.getId() is <2131231264/ru.iteco.fmhandroid:id/password_text_input_layout>)
09-07 04:27:33.709 24475 24475 I ViewInteraction: Performing 'wait for a specific view with <(view.getId() is <2131231039/ru.iteco.fmhandroid:id/enter_button> and an instance of android.widget.TextView and view.getText() with or without transformation to match: is "SIGN IN" and view.getContentDescription() is "Save" and view.getParent() view.getParent() an instance of android.widget.RelativeLayout)> during 10000 millis.' action on view view.getRootView() to equal view
09-07 04:27:33.711 24475 24475 I ViewInteraction: Checking 'MatchesViewAssertion{viewMatcher=(view has effective visibility <VISIBLE> and view.getGlobalVisibleRect() to return non-empty rectangle)}' assertion on view (view.getId() is <2131231039/ru.iteco.fmhandroid:id/enter_button> and an instance of android.widget.TextView and view.getText() with or without transformation to match: is "SIGN IN" and view.getContentDescription() is "Save" and view.getParent() view.getParent() an instance of android.widget.RelativeLayout)
09-07 04:27:33.713 24475 24475 I ViewInteraction: Performing 'wait for a specific view with <(an instance of android.widget.TextView and view.getHint() matching: is "Login" and view.getParent() view.getParent() view.getId() is <2131231121/ru.iteco.fmhandroid:id/login_text_input_layout>)> during 10000 millis.' action on view view.getRootView() to equal view
09-07 04:27:33.716 24475 24475 I ViewInteraction: Performing 'replace text(login2)' action on view (an instance of android.widget.TextView and view.getHint() matching: is "Login" and view.getParent() view.getParent() view.getId() is <2131231121/ru.iteco.fmhandroid:id/login_text_input_layout>)
09-07 04:27:33.735 24475 24475 I ViewInteraction: Performing 'wait for a specific view with <(an instance of android.widget.TextView and view.getHint() matching: is "Password" and view.getParent() view.getParent() view.getId() is <2131231264/ru.iteco.fmhandroid:id/password_text_input_layout>)> during 10000 millis.' action on view view.getRootView() to equal view
09-07 04:27:33.739 24475 24475 I ViewInteraction: Performing 'replace text(password2)' action on view (an instance of android.widget.TextView and view.getHint() matching: is "Password" and view.getParent() view.getParent() view.getId() is <2131231264/ru.iteco.fmhandroid:id/password_text_input_layout>)
09-07 04:27:33.755 24475 24475 I ViewInteraction: Performing 'wait for a specific view with <(view.getId() is <2131231039/ru.iteco.fmhandroid:id/enter_button> and an instance of android.widget.TextView and view.getText() with or without transformation to match: is "SIGN IN" and view.getContentDescription() is "Save" and view.getParent() view.getParent() an instance of android.widget.RelativeLayout)> during 10000 millis.' action on view view.getRootView() to equal view
09-07 04:27:33.762 24475 24475 I ViewInteraction: Checking 'MatchesViewAssertion{viewMatcher=view.isClickable() is <true>}' assertion on view (view.getId() is <2131231039/ru.iteco.fmhandroid:id/enter_button> and an instance of android.widget.TextView and view.getText() with or without transformation to match: is "SIGN IN" and view.getContentDescription() is "Save" and view.getParent() view.getParent() an instance of android.widget.RelativeLayout)
09-07 04:27:33.775 24475 24475 I ViewInteraction: Performing 'wait for a specific view with <(view.getId() is <2131231039/ru.iteco.fmhandroid:id/enter_button> and an instance of android.widget.TextView and view.getText() with or without transformation to match: is "SIGN IN" and view.getContentDescription() is "Save" and view.getParent() view.getParent() an instance of android.widget.RelativeLayout)> during 10000 millis.' action on view view.getRootView() to equal view
09-07 04:27:33.794 24475 24475 I ViewInteraction: Checking 'MatchesViewAssertion{viewMatcher=view.isClickable() is <true>}' assertion on view (view.getId() is <2131231039/ru.iteco.fmhandroid:id/enter_button> and an instance of android.widget.TextView and view.getText() with or without transformation to match: is "SIGN IN" and view.getContentDescription() is "Save" and view.getParent() view.getParent() an instance of android.widget.RelativeLayout)
09-07 04:27:33.803 24475 24475 I ViewInteraction: Performing 'wait for a specific view with <(view.getId() is <2131231039/ru.iteco.fmhandroid:id/enter_button> and an instance of android.widget.TextView and view.getText() with or without transformation to match: is "SIGN IN" and view.getContentDescription() is "Save" and view.getParent() view.getParent() an instance of android.widget.RelativeLayout)> during 10000 millis.' action on view view.getRootView() to equal view
09-07 04:27:33.808 24475 24475 I ViewInteraction: Performing 'single click' action on view (view.getId() is <2131231039/ru.iteco.fmhandroid:id/enter_button> and an instance of android.widget.TextView and view.getText() with or without transformation to match: is "SIGN IN" and view.getContentDescription() is "Save" and view.getParent() view.getParent() an instance of android.widget.RelativeLayout)
09-07 04:27:33.859 24475 24616 I okhttp.OkHttpClient: --> POST http://www.981757-ca08998.tmweb.ru:8080/fmh/authentication/login
09-07 04:27:33.859 24475 24616 I okhttp.OkHttpClient: Content-Type: application/json; charset=UTF-8
09-07 04:27:33.859 24475 24616 I okhttp.OkHttpClient: Content-Length: 41
09-07 04:27:33.859 24475 24616 I okhttp.OkHttpClient: {"login":"login2","password":"password2"}
09-07 04:27:33.860 24475 24616 I okhttp.OkHttpClient: --> END POST (41-byte body)
09-07 04:27:34.092 24475 24475 I ViewInteraction: Performing 'wait for a specific view with <an instance of android.widget.TextView and view.getText() with or without transformation to match: is "News"> during 10000 millis.' action on view view.getRootView() to equal view
09-07 04:27:34.174  1792  2272 E GnssHAL_GnssInterface: gnssSvStatusCb: a: input svInfo.flags is 8
09-07 04:27:34.174  1792  2272 E GnssHAL_GnssInterface: gnssSvStatusCb: b: input svInfo.flags is 8
09-07 04:27:35.173  1792  2272 E GnssHAL_GnssInterface: gnssSvStatusCb: a: input svInfo.flags is 8
09-07 04:27:35.173  1792  2272 E GnssHAL_GnssInterface: gnssSvStatusCb: b: input svInfo.flags is 8
09-07 04:27:35.379  2434  2940 E ActivityThread: Failed to find provider info for com.google.android.apps.wellbeing.api
09-07 04:27:35.978 24475 24590 I okhttp.OkHttpClient: <-- HTTP FAILED: java.net.SocketTimeoutException: timeout
09-07 04:27:35.979 24475 24475 W System.err: ru.iteco.fmhandroid.exceptions.ServerException
09-07 04:27:35.979 24475 24475 W System.err: 	at ru.iteco.fmhandroid.utils.Utils.makeRequest(Utils.kt:119)
09-07 04:27:35.979 24475 24475 W System.err: 	at ru.iteco.fmhandroid.utils.Utils$makeRequest$1.invokeSuspend(Unknown Source:15)
09-07 04:27:35.979 24475 24475 W System.err: 	at kotlin.coroutines.jvm.internal.BaseContinuationImpl.resumeWith(ContinuationImpl.kt:33)
09-07 04:27:35.979 24475 24475 W System.err: 	at kotlinx.coroutines.DispatchedTask.run(DispatchedTask.kt:104)
09-07 04:27:35.980 24475 24475 W System.err: 	at android.os.Handler.handleCallback(Handler.java:883)
09-07 04:27:35.980 24475 24475 W System.err: 	at android.os.Handler.dispatchMessage(Handler.java:100)
09-07 04:27:35.980 24475 24475 W System.err: 	at androidx.test.espresso.base.Interrogator.loopAndInterrogate(Interrogator.java:14)
09-07 04:27:35.980 24475 24475 W System.err: 	at androidx.test.espresso.base.UiControllerImpl.loopUntil(UiControllerImpl.java:8)
09-07 04:27:35.980 24475 24475 W System.err: 	at androidx.test.espresso.base.UiControllerImpl.loopUntil(UiControllerImpl.java:1)
09-07 04:27:35.980 24475 24475 W System.err: 	at androidx.test.espresso.base.UiControllerImpl.loopMainThreadForAtLeast(UiControllerImpl.java:7)
09-07 04:27:35.980 24475 24475 W System.err: 	at ru.iteco.fmhandroid.ui.data.ViewActions$1.perform(ViewActions.java:48)
09-07 04:27:35.980 24475 24475 W System.err: 	at androidx.test.espresso.ViewInteraction$SingleExecutionViewAction.perform(ViewInteraction.java:2)
09-07 04:27:35.980 24475 24475 W System.err: 	at androidx.test.espresso.ViewInteraction.doPerform(ViewInteraction.java:25)
09-07 04:27:35.980 24475 24475 W System.err: 	at androidx.test.espresso.ViewInteraction.-$$Nest$mdoPerform(Unknown Source:0)
09-07 04:27:35.980 24475 24475 W System.err: 	at androidx.test.espresso.ViewInteraction$1.call(ViewInteraction.java:7)
09-07 04:27:35.980 24475 24475 W System.err: 	at androidx.test.espresso.ViewInteraction$1.call(ViewInteraction.java:1)
09-07 04:27:35.980 24475 24475 W System.err: 	at java.util.concurrent.FutureTask.run(FutureTask.java:266)
09-07 04:27:35.980 24475 24475 W System.err: 	at android.os.Handler.handleCallback(Handler.java:883)
09-07 04:27:35.980 24475 24475 W System.err: 	at android.os.Handler.dispatchMessage(Handler.java:100)
09-07 04:27:35.980 24475 24475 W System.err: 	at android.os.Looper.loop(Looper.java:214)
09-07 04:27:35.980 24475 24475 W System.err: 	at android.app.ActivityThread.main(ActivityThread.java:7356)
09-07 04:27:35.980 24475 24475 W System.err: 	at java.lang.reflect.Method.invoke(Native Method)
09-07 04:27:35.980 24475 24475 W System.err: 	at com.android.internal.os.RuntimeInit$MethodAndArgsCaller.run(RuntimeInit.java:492)
09-07 04:27:35.981 24475 24475 W System.err: 	at com.android.internal.os.ZygoteInit.main(ZygoteInit.java:930)
09-07 04:27:36.174  1792  2272 E GnssHAL_GnssInterface: gnssSvStatusCb: a: input svInfo.flags is 8
09-07 04:27:36.174  1792  2272 E GnssHAL_GnssInterface: gnssSvStatusCb: b: input svInfo.flags is 8
09-07 04:27:36.981  1781  1781 W audio_hw_generic: Not supplying enough data to HAL, expected position 52638383 , only wrote 52461587
09-07 04:27:37.058  8425  8425 D BoundBrokerSvc: onUnbind: Intent { act=com.google.android.gms.presencemanager.service.START dat=chimera-action: cmp=com.google.android.gms/.chimera.PersistentApiService }
09-07 04:27:37.059  8425  8425 D BoundBrokerSvc: onUnbind: Intent { act=com.google.android.gms.presencemanager.service.INTERNAL_IDENTITY dat=chimera-action: cmp=com.google.android.gms/.chimera.PersistentApiService }
09-07 04:27:37.174  1792  2272 E GnssHAL_GnssInterface: gnssSvStatusCb: a: input svInfo.flags is 8
09-07 04:27:37.174  1792  2272 E GnssHAL_GnssInterface: gnssSvStatusCb: b: input svInfo.flags is 8
09-07 04:27:37.613  7867  7867 D BoundBrokerSvc: onUnbind: Intent { act=com.google.android.gms.inappreach.service.START dat=chimera-action: cmp=com.google.android.gms/.chimera.GmsApiService }
09-07 04:27:37.726 24475 24616 I okhttp.OkHttpClient: <-- 200 http://www.981757-ca08998.tmweb.ru:8080/fmh/authentication/login (3865ms)
09-07 04:27:37.726 24475 24616 I okhttp.OkHttpClient: Vary: Origin
09-07 04:27:37.726 24475 24616 I okhttp.OkHttpClient: Vary: Access-Control-Request-Method
09-07 04:27:37.726 24475 24616 I okhttp.OkHttpClient: Vary: Access-Control-Request-Headers
09-07 04:27:37.726 24475 24616 I okhttp.OkHttpClient: X-Content-Type-Options: nosniff
09-07 04:27:37.726 24475 24616 I okhttp.OkHttpClient: X-XSS-Protection: 1; mode=block
09-07 04:27:37.726 24475 24616 I okhttp.OkHttpClient: Cache-Control: no-cache, no-store, max-age=0, must-revalidate
09-07 04:27:37.726 24475 24616 I okhttp.OkHttpClient: Pragma: no-cache
09-07 04:27:37.726 24475 24616 I okhttp.OkHttpClient: Expires: 0
09-07 04:27:37.726 24475 24616 I okhttp.OkHttpClient: X-Frame-Options: DENY
09-07 04:27:37.727 24475 24616 I okhttp.OkHttpClient: Content-Type: application/json
09-07 04:27:37.727 24475 24616 I okhttp.OkHttpClient: Transfer-Encoding: chunked
09-07 04:27:37.727 24475 24616 I okhttp.OkHttpClient: Date: Thu, 07 Sep 2023 04:27:38 GMT
09-07 04:27:37.727 24475 24616 I okhttp.OkHttpClient: Keep-Alive: timeout=60
09-07 04:27:37.727 24475 24616 I okhttp.OkHttpClient: Connection: keep-alive
09-07 04:27:37.729 24475 24616 I okhttp.OkHttpClient: {"accessToken":"eyJhbGciOiJIUzUxMiJ9.eyJzdWIiOiJsb2dpbjIiLCJqdGkiOiIxIiwiZXhwIjoxNjk0MTQ3MjU4fQ.nI7jIdALU7F4H4W65Zo_8TABpZGGjWcFvJLGHHMDj7ZO_nk8ZcSHKhjPmUkqO3dF7QynrIQRvBsewGlfd6Sg1g","refreshToken":"eyJhbGciOiJIUzUxMiJ9.eyJzdWIiOiJsb2dpbjIiLCJqdGkiOiIxIiwiZXhwIjoxNjk2NjUyODU4fQ._rsD6WGO79P5--pp9vb4gOttrkclceSDZkxNv1ZlrhxhAw36E-23nYPkuFR-_TVqx-aRjbBhfplclJvmUIMOwA"}
09-07 04:27:37.729 24475 24616 I okhttp.OkHttpClient: <-- END HTTP (368-byte body)
09-07 04:27:37.731 24475 24584 I okhttp.OkHttpClient: --> GET http://www.981757-ca08998.tmweb.ru:8080/fmh/authentication/userInfo
09-07 04:27:37.731 24475 24584 I okhttp.OkHttpClient: --> END GET
09-07 04:27:37.921 24475 24584 I okhttp.OkHttpClient: <-- 200 http://www.981757-ca08998.tmweb.ru:8080/fmh/authentication/userInfo (189ms)
09-07 04:27:37.921 24475 24584 I okhttp.OkHttpClient: Vary: Origin
09-07 04:27:37.921 24475 24584 I okhttp.OkHttpClient: Vary: Access-Control-Request-Method
09-07 04:27:37.921 24475 24584 I okhttp.OkHttpClient: Vary: Access-Control-Request-Headers
09-07 04:27:37.922 24475 24584 I okhttp.OkHttpClient: X-Content-Type-Options: nosniff
09-07 04:27:37.922 24475 24584 I okhttp.OkHttpClient: X-XSS-Protection: 1; mode=block
09-07 04:27:37.922 24475 24584 I okhttp.OkHttpClient: Cache-Control: no-cache, no-store, max-age=0, must-revalidate
09-07 04:27:37.922 24475 24584 I okhttp.OkHttpClient: Pragma: no-cache
09-07 04:27:37.922 24475 24584 I okhttp.OkHttpClient: Expires: 0
09-07 04:27:37.922 24475 24584 I okhttp.OkHttpClient: X-Frame-Options: DENY
09-07 04:27:37.922 24475 24584 I okhttp.OkHttpClient: Content-Type: application/json
09-07 04:27:37.922 24475 24584 I okhttp.OkHttpClient: Transfer-Encoding: chunked
09-07 04:27:37.922 24475 24584 I okhttp.OkHttpClient: Date: Thu, 07 Sep 2023 04:27:38 GMT
09-07 04:27:37.923 24475 24584 I okhttp.OkHttpClient: Keep-Alive: timeout=60
09-07 04:27:37.923 24475 24584 I okhttp.OkHttpClient: Connection: keep-alive
09-07 04:27:37.923 24475 24584 I okhttp.OkHttpClient: {"id":1,"firstName":"Ivan","lastName":"Ivanov","middleName":"Ivanovich","admin":true}
09-07 04:27:37.923 24475 24584 I okhttp.OkHttpClient: <-- END HTTP (85-byte body)
09-07 04:27:37.934 24475 24590 I okhttp.OkHttpClient: --> GET http://www.981757-ca08998.tmweb.ru:8080/fmh/claims
09-07 04:27:37.934 24475 24590 I okhttp.OkHttpClient: --> END GET
09-07 04:27:37.941  1774 24709 E ResolverController: No valid NAT64 prefix (101, <unspecified>/0)
09-07 04:27:38.063 24475 24475 I ViewInteraction: Checking 'MatchesViewAssertion{viewMatcher=(view has effective visibility <VISIBLE> and view.getGlobalVisibleRect() to return non-empty rectangle)}' assertion on view an instance of android.widget.TextView and view.getText() with or without transformation to match: is "News"
09-07 04:27:38.072 24475 24475 I ViewInteraction: Performing 'wait for a specific view with <view.getId() is <2131230951>> during 10000 millis.' action on view view.getRootView() to equal view
09-07 04:27:38.092 24475 24475 I ViewInteraction: Checking 'MatchesViewAssertion{viewMatcher=(view has effective visibility <VISIBLE> and view.getGlobalVisibleRect() to return non-empty rectangle)}' assertion on view view.getId() is <2131230951/ru.iteco.fmhandroid:id/container_list_news_include_on_fragment_main>
09-07 04:27:38.095 24475 24475 I ViewInteraction: Performing 'wait for a specific view with <view.getId() is <2131230949>> during 10000 millis.' action on view view.getRootView() to equal view
09-07 04:27:38.099 24475 24475 I ViewInteraction: Checking 'MatchesViewAssertion{viewMatcher=(view has effective visibility <VISIBLE> and view.getGlobalVisibleRect() to return non-empty rectangle)}' assertion on view view.getId() is <2131230949/ru.iteco.fmhandroid:id/container_list_claim_include_on_fragment_main>
09-07 04:27:38.103 24475 24475 I ViewInteraction: Performing 'wait for a specific view with <an instance of android.widget.TextView and view.getText() with or without transformation to match: is "Claims"> during 10000 millis.' action on view view.getRootView() to equal view
09-07 04:27:38.106 24475 24475 I ViewInteraction: Checking 'MatchesViewAssertion{viewMatcher=(view has effective visibility <VISIBLE> and view.getGlobalVisibleRect() to return non-empty rectangle)}' assertion on view an instance of android.widget.TextView and view.getText() with or without transformation to match: is "Claims"
09-07 04:27:38.109 24475 24475 I ViewInteraction: Performing 'wait for a specific view with <with id: 2131231230> during 10000 millis.' action on view view.getRootView() to equal view
09-07 04:27:38.111 24475 24475 D takeScreenshot: Found 1 global views to redraw
09-07 04:27:38.160  1793  2554 D gralloc_ranchu: gralloc_alloc: Creating ashmem region of size 9850880
09-07 04:27:38.174  1792  2272 E GnssHAL_GnssInterface: gnssSvStatusCb: a: input svInfo.flags is 8
09-07 04:27:38.174  1792  2272 E GnssHAL_GnssInterface: gnssSvStatusCb: b: input svInfo.flags is 8
09-07 04:27:38.203 24475 24520 W DefaultFailureHandler: Failed to take screenshot
09-07 04:27:38.203 24475 24520 W DefaultFailureHandler: java.io.FileNotFoundException: view-op-error-4.png: open failed: EROFS (Read-only file system)
09-07 04:27:38.203 24475 24520 W DefaultFailureHandler: 	at libcore.io.IoBridge.open(IoBridge.java:496)
09-07 04:27:38.203 24475 24520 W DefaultFailureHandler: 	at java.io.FileOutputStream.<init>(FileOutputStream.java:235)
09-07 04:27:38.203 24475 24520 W DefaultFailureHandler: 	at java.io.FileOutputStream.<init>(FileOutputStream.java:125)
09-07 04:27:38.203 24475 24520 W DefaultFailureHandler: 	at androidx.test.platform.io.FileTestStorage.openOutputFile(FileTestStorage.java:60)
09-07 04:27:38.203 24475 24520 W DefaultFailureHandler: 	at androidx.test.core.graphics.BitmapStorage.writeToTestStorage(BitmapStorageExt.kt:49)
09-07 04:27:38.203 24475 24520 W DefaultFailureHandler: 	at androidx.test.espresso.base.DefaultFailureHandler.takeScreenshot(DefaultFailureHandler.java:4)
09-07 04:27:38.203 24475 24520 W DefaultFailureHandler: 	at androidx.test.espresso.base.DefaultFailureHandler.handle(DefaultFailureHandler.java:3)
09-07 04:27:38.203 24475 24520 W DefaultFailureHandler: 	at androidx.test.espresso.ViewInteraction.waitForAndHandleInteractionResults(ViewInteraction.java:8)
09-07 04:27:38.203 24475 24520 W DefaultFailureHandler: 	at androidx.test.espresso.ViewInteraction.desugaredPerform(ViewInteraction.java:11)
09-07 04:27:38.203 24475 24520 W DefaultFailureHandler: 	at androidx.test.espresso.ViewInteraction.perform(ViewInteraction.java:8)
09-07 04:27:38.203 24475 24520 W DefaultFailureHandler: 	at ru.iteco.fmhandroid.ui.data.TestUtils.waitView(TestUtils.java:61)
09-07 04:27:38.203 24475 24520 W DefaultFailureHandler: 	at ru.iteco.fmhandroid.ui.steps.NewsPageSteps.openNewsOnNewsPage(NewsPageSteps.java:52)
09-07 04:27:38.203 24475 24520 W DefaultFailureHandler: 	at ru.iteco.fmhandroid.ui.MainPageTest.shouldOpenNewsItemDescription(MainPageTest.java:94)
09-07 04:27:38.203 24475 24520 W DefaultFailureHandler: 	at java.lang.reflect.Method.invoke(Native Method)
09-07 04:27:38.203 24475 24520 W DefaultFailureHandler: 	at org.junit.runners.model.FrameworkMethod$1.runReflectiveCall(FrameworkMethod.java:59)
09-07 04:27:38.203 24475 24520 W DefaultFailureHandler: 	at org.junit.internal.runners.model.ReflectiveCallable.run(ReflectiveCallable.java:12)
09-07 04:27:38.203 24475 24520 W DefaultFailureHandler: 	at org.junit.runners.model.FrameworkMethod.invokeExplosively(FrameworkMethod.java:56)
09-07 04:27:38.203 24475 24520 W DefaultFailureHandler: 	at org.junit.internal.runners.statements.InvokeMethod.evaluate(InvokeMethod.java:17)
09-07 04:27:38.203 24475 24520 W DefaultFailureHandler: 	at androidx.test.internal.runner.junit4.statement.RunBefores.evaluate(RunBefores.java:80)
09-07 04:27:38.203 24475 24520 W DefaultFailureHandler: 	at io.qameta.allure.android.rules.ScreenshotRule$apply$1.evaluate(ScreenshotRule.kt:22)
09-07 04:27:38.203 24475 24520 W DefaultFailureHandler: 	at org.junit.rules.ExternalResource$1.evaluate(ExternalResource.java:54)
09-07 04:27:38.203 24475 24520 W DefaultFailureHandler: 	at io.qameta.allure.android.rules.LogcatRule$apply$1.evaluate(LogcatRule.kt:23)
09-07 04:27:38.203 24475 24520 W DefaultFailureHandler: 	at org.junit.rules.RunRules.evaluate(RunRules.java:20)
09-07 04:27:38.203 24475 24520 W DefaultFailureHandler: 	at org.junit.runners.ParentRunner$3.evaluate(ParentRunner.java:306)
09-07 04:27:38.203 24475 24520 W DefaultFailureHandler: 	at org.junit.runners.BlockJUnit4ClassRunner$1.evaluate(BlockJUnit4ClassRunner.java:100)
09-07 04:27:38.203 24475 24520 W DefaultFailureHandler: 	at org.junit.runners.ParentRunner.runLeaf(ParentRunner.java:366)
09-07 04:27:38.203 24475 24520 W DefaultFailureHandler: 	at org.junit.runners.BlockJUnit4ClassRunner.runChild(BlockJUnit4ClassRunner.java:103)
09-07 04:27:38.203 24475 24520 W DefaultFailureHandler: 	at org.junit.runners.BlockJUnit4ClassRunner.runChild(BlockJUnit4ClassRunner.java:63)
09-07 04:27:38.203 24475 24520 W DefaultFailureHandler: 	at org.junit.runners.ParentRunner$4.run(ParentRunner.java:331)
09-07 04:27:38.203 24475 24520 W DefaultFailureHandler: 	at org.junit.runners.ParentRunner$1.schedule(ParentRunner.java:79)
09-07 04:27:38.203 24475 24520 W DefaultFailureHandler: 	at org.junit.runners.ParentRunner.runChildren(ParentRunner.java:329)
09-07 04:27:38.203 24475 24520 W DefaultFailureHandler: 	at org.junit.runners.ParentRunner.access$100(ParentRunner.java:66)
09-07 04:27:38.203 24475 24520 W DefaultFailureHandler: 	at org.junit.runners.ParentRunner$2.evaluate(ParentRunner.java:293)
09-07 04:27:38.203 24475 24520 W DefaultFailureHandler: 	at org.junit.runners.ParentRunner$3.evaluate(ParentRunner.java:306)
09-07 04:27:38.203 24475 24520 W DefaultFailureHandler: 	at org.junit.runners.ParentRunner.run(ParentRunner.java:413)
09-07 04:27:38.203 24475 24520 W DefaultFailureHandler: 	at androidx.test.ext.junit.runners.AndroidJUnit4.run(AndroidJUnit4.java:162)
09-07 04:27:38.203 24475 24520 W DefaultFailureHandler: 	at io.qameta.allure.android.runners.AllureAndroidJUnit4.run(AllureAndroidJUnitRunners.kt:29)
09-07 04:27:38.203 24475 24520 W DefaultFailureHandler: 	at org.junit.runners.Suite.runChild(Suite.java:128)
09-07 04:27:38.203 24475 24520 W DefaultFailureHandler: 	at org.junit.runners.Suite.runChild(Suite.java:27)
09-07 04:27:38.203 24475 24520 W DefaultFailureHandler: 	at org.junit.runners.ParentRunner$4.run(ParentRunner.java:331)
09-07 04:27:38.203 24475 24520 W DefaultFailureHandler: 	at org.junit.runners.ParentRunner$1.schedule(ParentRunner.java:79)
09-07 04:27:38.203 24475 24520 W DefaultFailureHandler: 	at org.junit.runners.ParentRunner.runChildren(ParentRunner.java:329)
09-07 04:27:38.203 24475 24520 W DefaultFailureHandler: 	at org.junit.runners.ParentRunner.access$100(ParentRunner.java:66)
09-07 04:27:38.203 24475 24520 W DefaultFailureHandler: 	at org.junit.runners.ParentRunner$2.evaluate(ParentRunner.java:293)
09-07 04:27:38.203 24475 24520 W DefaultFailureHandler: 	at org.junit.runners.ParentRunner$3.evaluate(ParentRunner.java:306)
09-07 04:27:38.203 24475 24520 W DefaultFailureHandler: 	at org.junit.runners.ParentRunner.run(ParentRunner.java:413)
09-07 04:27:38.203 24475 24520 W DefaultFailureHandler: 	at org.junit.runner.JUnitCore.run(JUnitCore.java:137)
09-07 04:27:38.203 24475 24520 W DefaultFailureHandler: 	at org.junit.runner.JUnitCore.run(JUnitCore.java:115)
09-07 04:27:38.203 24475 24520 W DefaultFailureHandler: 	at androidx.test.internal.runner.TestExecutor.execute(TestExecutor.java:67)
09-07 04:27:38.203 24475 24520 W DefaultFailureHandler: 	at androidx.test.internal.runner.TestExecutor.execute(TestExecutor.java:58)
09-07 04:27:38.203 24475 24520 W DefaultFailureHandler: 	at androidx.test.runner.AndroidJUnitRunner.onStart(AndroidJUnitRunner.java:438)
09-07 04:27:38.203 24475 24520 W DefaultFailureHandler: 	at android.app.Instrumentation$InstrumentationThread.run(Instrumentation.java:2189)
09-07 04:27:38.203 24475 24520 W DefaultFailureHandler: Caused by: android.system.ErrnoException: open failed: EROFS (Read-only file system)
09-07 04:27:38.203 24475 24520 W DefaultFailureHandler: 	at libcore.io.Linux.open(Native Method)
09-07 04:27:38.203 24475 24520 W DefaultFailureHandler: 	at libcore.io.ForwardingOs.open(ForwardingOs.java:167)
09-07 04:27:38.203 24475 24520 W DefaultFailureHandler: 	at libcore.io.BlockGuardOs.open(BlockGuardOs.java:252)
09-07 04:27:38.203 24475 24520 W DefaultFailureHandler: 	at libcore.io.ForwardingOs.open(ForwardingOs.java:167)
09-07 04:27:38.203 24475 24520 W DefaultFailureHandler: 	at android.app.ActivityThread$AndroidOs.open(ActivityThread.java:7255)
09-07 04:27:38.203 24475 24520 W DefaultFailureHandler: 	at libcore.io.IoBridge.open(IoBridge.java:482)
09-07 04:27:38.203 24475 24520 W DefaultFailureHandler: 	... 51 more
09-07 04:27:38.208  1793  2554 D gralloc_ranchu: gralloc_alloc: Creating ashmem region of size 9850880
09-07 04:27:38.575  2037  4328 I ActivityTaskManager: START u0 {act=android.intent.action.MAIN cat=[android.intent.category.LAUNCHER] flg=0x10000000 cmp=ru.iteco.fmhandroid.test/androidx.test.core.app.InstrumentationActivityInvoker$EmptyActivity} from uid 10136
09-07 04:27:38.581 24475 24522 V FA      : Recording user engagement, ms: 15993
09-07 04:27:38.581 24475 24475 D LifecycleMonitor: Lifecycle status change: ru.iteco.fmhandroid.ui.AppActivity@a8c993c in: PAUSED
09-07 04:27:38.581 24475 24475 V ActivityScenario: Update currentActivityStage to PAUSED, currentActivity=ru.iteco.fmhandroid.ui.AppActivity@a8c993c
09-07 04:27:38.582  2037  4510 W InputReader: Device has associated, but no associated display id.
09-07 04:27:38.584  2037  4510 I chatty  : uid=1000(system) Binder:2037_15 identical 38 lines
09-07 04:27:38.584  2037  4510 W InputReader: Device has associated, but no associated display id.
09-07 04:27:38.585 24532 24532 W ActivityThread: handleWindowVisibility: no activity for token android.os.BinderProxy@7062203
09-07 04:27:38.587  2037  4510 W InputReader: Device has associated, but no associated display id.
09-07 04:27:38.587  2037  4510 I chatty  : uid=1000(system) Binder:2037_15 identical 8 lines
09-07 04:27:38.587  2037  4510 W InputReader: Device has associated, but no associated display id.
09-07 04:27:38.618 24475 24522 V FA      : Connecting to remote service
09-07 04:27:38.627  7867  7867 D BoundBrokerSvc: onBind: Intent { act=com.google.android.gms.measurement.START pkg=com.google.android.gms }
09-07 04:27:38.628  7867  7867 D BoundBrokerSvc: Loading bound service for intent: Intent { act=com.google.android.gms.measurement.START pkg=com.google.android.gms }
09-07 04:27:38.631 24475 24522 V FA      : Connection attempt already in progress
09-07 04:27:38.631 24475 24522 V FA      : Activity paused, time: 3782473
09-07 04:27:38.655  1793  2554 D gralloc_ranchu: gralloc_alloc: Creating ashmem region of size 9850880
09-07 04:27:38.670  1793  2554 D gralloc_ranchu: gralloc_alloc: Creating ashmem region of size 9850880
09-07 04:27:38.673  1793  1793 D gralloc_ranchu: gralloc_alloc: Creating ashmem region of size 9850880
09-07 04:27:38.677 24532 24566 D EGL_emulation: eglMakeCurrent: 0xda21a3c0: ver 2 0 (tinfo 0xda20f060)
09-07 04:27:38.705 24475 24522 D FA      : Connected to remote service
09-07 04:27:38.707 24475 24522 V FA      : Processing queued up service tasks: 2
09-07 04:27:38.711  2037  4328 W InputReader: Device has associated, but no associated display id.
09-07 04:27:38.715  2037  4328 I chatty  : uid=1000(system) Binder:2037_12 identical 48 lines
09-07 04:27:38.715  2037  4328 W InputReader: Device has associated, but no associated display id.
09-07 04:27:38.750 24532 24532 W ActivityThread: handleWindowVisibility: no activity for token android.os.BinderProxy@5b54c62
09-07 04:27:38.757  7867 22594 V FA-SVC  : Logging event: origin=auto,name=user_engagement(_e),params=Bundle[{ga_event_origin(_o)=auto, engagement_time_msec(_et)=15993, ga_screen_class(_sc)=AppActivity, ga_screen_id(_si)=6688537982189829868}]
09-07 04:27:38.658  2037  4328 I ActivityTaskManager: START u0 {act=android.intent.action.MAIN cat=[android.intent.category.LAUNCHER] flg=0x10000000 cmp=ru.iteco.fmhandroid.test/androidx.test.core.app.InstrumentationActivityInvoker$EmptyActivity} from uid 10136
09-07 04:27:38.770  2037  2310 W ActivityTaskManager: Duplicate finish request for ActivityRecord{70c8b8d u0 ru.iteco.fmhandroid/.ui.AppActivity t784 f}
09-07 04:27:38.782  1793  1793 D gralloc_ranchu: gralloc_alloc: Creating ashmem region of size 9850880
09-07 04:27:38.786  1793  1793 D gralloc_ranchu: gralloc_alloc: Creating ashmem region of size 9850880
09-07 04:27:38.789 24532 24566 D EGL_emulation: eglMakeCurrent: 0xda21a3c0: ver 2 0 (tinfo 0xda20f060)
09-07 04:27:38.799  1793  2554 D gralloc_ranchu: gralloc_alloc: Creating ashmem region of size 9850880
09-07 04:27:38.813  2037  2061 W InputReader: Device has associated, but no associated display id.
09-07 04:27:38.814  2037  2061 I chatty  : uid=1000(system) android.anim identical 18 lines
09-07 04:27:38.814  2037  2061 W InputReader: Device has associated, but no associated display id.
09-07 04:27:38.814  7867 22594 V FA-SVC  : Upload scheduled in approximately ms: 3580485
09-07 04:27:38.814  7867 22594 V FA-SVC  : Unscheduling upload
09-07 04:27:38.816  2037  2065 I ActivityTaskManager: Displayed ru.iteco.fmhandroid.test/androidx.test.core.app.InstrumentationActivityInvoker$EmptyActivity: +127ms
09-07 04:27:38.818  7867 22594 V FA-SVC  : Scheduling upload, millis: 3580485
09-07 04:27:38.819  7867 22594 V FA-SVC  : Background event processing time, ms: 62
09-07 04:27:38.824  2037  2310 W InputReader: Device has associated, but no associated display id.
09-07 04:27:38.824  2037  2310 I chatty  : uid=1000(system) Binder:2037_5 identical 8 lines
09-07 04:27:38.824  2037  2310 W InputReader: Device has associated, but no associated display id.
09-07 04:27:38.833 24475 24569 D EGL_emulation: eglMakeCurrent: 0xe2250800: ver 2 0 (tinfo 0xe233ab20)
09-07 04:27:38.841  1823  1823 W SurfaceFlinger: couldn't log to binary event log: overflow.
09-07 04:27:38.846  2037  4328 W InputReader: Device has associated, but no associated display id.
09-07 04:27:38.846  2037  4328 I chatty  : uid=1000(system) Binder:2037_12 identical 8 lines
09-07 04:27:38.846  2037  4328 W InputReader: Device has associated, but no associated display id.
09-07 04:27:38.855 24475 24475 D LifecycleMonitor: Lifecycle status change: ru.iteco.fmhandroid.ui.AppActivity@a8c993c in: STOPPED
09-07 04:27:38.856 24475 24475 V ActivityScenario: Update currentActivityStage to STOPPED, currentActivity=ru.iteco.fmhandroid.ui.AppActivity@a8c993c
09-07 04:27:38.872 24475 24475 W System.err: ru.iteco.fmhandroid.exceptions.UnknownException
09-07 04:27:38.872 24475 24475 W System.err: 	at ru.iteco.fmhandroid.utils.Utils.makeRequest(Utils.kt:123)
09-07 04:27:38.873 24475 24475 W System.err: 	at ru.iteco.fmhandroid.utils.Utils$makeRequest$1.invokeSuspend(Unknown Source:15)
09-07 04:27:38.873 24475 24475 W System.err: 	at kotlin.coroutines.jvm.internal.BaseContinuationImpl.resumeWith(ContinuationImpl.kt:33)
09-07 04:27:38.873 24475 24475 W System.err: 	at kotlinx.coroutines.DispatchedTaskKt.resume(DispatchedTask.kt:234)
09-07 04:27:38.873 24475 24475 W System.err: 	at kotlinx.coroutines.DispatchedTaskKt.resumeUnconfined(DispatchedTask.kt:190)
09-07 04:27:38.873 24475 24475 W System.err: 	at kotlinx.coroutines.DispatchedTaskKt.dispatch(DispatchedTask.kt:161)
09-07 04:27:38.873 24475 24475 W System.err: 	at kotlinx.coroutines.CancellableContinuationImpl.dispatchResume(CancellableContinuationImpl.kt:397)
09-07 04:27:38.873 24475 24475 W System.err: 	at kotlinx.coroutines.CancellableContinuationImpl.cancel(CancellableContinuationImpl.kt:183)
09-07 04:27:38.873  1793  1793 D gralloc_ranchu: gralloc_alloc: Creating ashmem region of size 9850880
09-07 04:27:38.875 24475 24590 I okhttp.OkHttpClient: <-- HTTP FAILED: java.net.SocketException: Socket closed
09-07 04:27:38.878  2037  2037 W ActivityManager: Unable to start service Intent { act=android.service.appprediction.AppPredictionService cmp=com.google.android.as/com.google.android.apps.miphone.aiai.app.AiAiPredictionService } U=0: not found
09-07 04:27:38.878  2037  2037 W RemoteAppPredictionService: could not bind to Intent { act=android.service.appprediction.AppPredictionService cmp=com.google.android.as/com.google.android.apps.miphone.aiai.app.AiAiPredictionService } using flags 67108865
09-07 04:27:38.873 24475 24475 W System.err: 	at kotlinx.coroutines.CancellableContinuationImpl.parentCancelled$kotlinx_coroutines_core(CancellableContinuationImpl.kt:190)
09-07 04:27:38.889  2666  3068 D EGL_emulation: eglMakeCurrent: 0xda21b0e0: ver 2 0 (tinfo 0xda20fbb0)
09-07 04:27:38.889  1793  1793 D gralloc_ranchu: gralloc_alloc: Creating ashmem region of size 9850880
09-07 04:27:38.891 24475 24475 W System.err: 	at kotlinx.coroutines.ChildContinuation.invoke(JobSupport.kt:1474)
09-07 04:27:38.891 24475 24475 W System.err: 	at kotlinx.coroutines.JobSupport.notifyCancelling(JobSupport.kt:1499)
09-07 04:27:38.891 24475 24475 W System.err: 	at kotlinx.coroutines.JobSupport.tryMakeCancelling(JobSupport.kt:795)
09-07 04:27:38.891 24475 24475 W System.err: 	at kotlinx.coroutines.JobSupport.makeCancelling(JobSupport.kt:755)
09-07 04:27:38.891 24475 24475 W System.err: 	at kotlinx.coroutines.JobSupport.cancelImpl$kotlinx_coroutines_core(JobSupport.kt:671)
09-07 04:27:38.891 24475 24475 W System.err: 	at kotlinx.coroutines.JobSupport.parentCancelled(JobSupport.kt:637)
09-07 04:27:38.891 24475 24475 W System.err: 	at kotlinx.coroutines.ChildHandleNode.invoke(JobSupport.kt:1465)
09-07 04:27:38.891 24475 24475 W System.err: 	at kotlinx.coroutines.JobSupport.notifyCancelling(JobSupport.kt:1499)
09-07 04:27:38.891 24475 24475 W System.err: 	at kotlinx.coroutines.JobSupport.tryMakeCompletingSlowPath(JobSupport.kt:900)
09-07 04:27:38.891 24475 24475 W System.err: 	at kotlinx.coroutines.JobSupport.tryMakeCompleting(JobSupport.kt:863)
09-07 04:27:38.891 24475 24475 W System.err: 	at kotlinx.coroutines.JobSupport.cancelMakeCompleting(JobSupport.kt:696)
09-07 04:27:38.891 24475 24475 W System.err: 	at kotlinx.coroutines.JobSupport.cancelImpl$kotlinx_coroutines_core(JobSupport.kt:667)
09-07 04:27:38.891 24475 24475 W System.err: 	at kotlinx.coroutines.JobSupport.cancelInternal(JobSupport.kt:632)
09-07 04:27:38.891 24475 24475 W System.err: 	at kotlinx.coroutines.JobSupport.cancel(JobSupport.kt:617)
09-07 04:27:38.891 24475 24475 W System.err: 	at kotlinx.coroutines.JobKt__JobKt.cancel(Job.kt:561)
09-07 04:27:38.891 24475 24475 W System.err: 	at kotlinx.coroutines.JobKt.cancel(Unknown Source:1)
09-07 04:27:38.891 24475 24475 W System.err: 	at kotlinx.coroutines.JobKt__JobKt.cancel$default(Job.kt:560)
09-07 04:27:38.891 24475 24475 W System.err: 	at kotlinx.coroutines.JobKt.cancel$default(Unknown Source:1)
09-07 04:27:38.891 24475 24475 W System.err: 	at androidx.lifecycle.CloseableCoroutineScope.close(ViewModel.kt:51)
09-07 04:27:38.892  1793  1793 D gralloc_ranchu: gralloc_alloc: Creating ashmem region of size 9850880
09-07 04:27:38.893 24475 24475 W System.err: 	at androidx.lifecycle.ViewModel.closeWithRuntimeException(ViewModel.java:188)
09-07 04:27:38.894 24475 24475 W System.err: 	at androidx.lifecycle.ViewModel.clear(ViewModel.java:134)
09-07 04:27:38.894 24475 24475 W System.err: 	at androidx.lifecycle.ViewModelStore.clear(ViewModelStore.java:62)
09-07 04:27:38.894 24475 24475 W System.err: 	at androidx.fragment.app.FragmentManagerViewModel.clearNonConfigStateInternal(FragmentManagerViewModel.java:210)
09-07 04:27:38.894 24475 24475 W System.err: 	at androidx.fragment.app.FragmentManagerViewModel.clearNonConfigState(FragmentManagerViewModel.java:190)
09-07 04:27:38.894 24475 24475 W System.err: 	at androidx.fragment.app.FragmentStateManager.destroy(FragmentStateManager.java:778)
09-07 04:27:38.894 24475 24475 W System.err: 	at androidx.fragment.app.FragmentStateManager.moveToExpectedState(FragmentStateManager.java:335)
09-07 04:27:38.894 24475 24475 W System.err: 	at androidx.fragment.app.FragmentStore.moveToExpectedState(FragmentStore.java:113)
09-07 04:27:38.894 24475 24475 W System.err: 	at androidx.fragment.app.FragmentManager.moveToState(FragmentManager.java:1374)
09-07 04:27:38.894 24475 24475 W System.err: 	at androidx.fragment.app.FragmentManager.dispatchStateChange(FragmentManager.java:2841)
09-07 04:27:38.894 24475 24475 W System.err: 	at androidx.fragment.app.FragmentManager.dispatchDestroy(FragmentManager.java:2820)
09-07 04:27:38.894 24475 24475 W System.err: 	at androidx.fragment.app.Fragment.performDestroy(Fragment.java:3246)
09-07 04:27:38.894 24475 24475 W System.err: 	at androidx.fragment.app.FragmentStateManager.destroy(FragmentStateManager.java:780)
09-07 04:27:38.894 24475 24475 W System.err: 	at androidx.fragment.app.FragmentStateManager.moveToExpectedState(FragmentStateManager.java:335)
09-07 04:27:38.894 24475 24475 W System.err: 	at androidx.fragment.app.SpecialEffectsController$FragmentStateManagerOperation.complete(SpecialEffectsController.java:771)
09-07 04:27:38.894 24475 24475 W System.err: 	at androidx.fragment.app.SpecialEffectsController$Operation.cancel(SpecialEffectsController.java:615)
09-07 04:27:38.894 24475 24475 W System.err: 	at androidx.fragment.app.SpecialEffectsController.forceCompleteAllOperations(SpecialEffectsController.java:350)
09-07 04:27:38.894 24475 24475 W System.err: 	at androidx.fragment.app.FragmentManager.dispatchStateChange(FragmentManager.java:2844)
09-07 04:27:38.894 24475 24475 W System.err: 	at androidx.fragment.app.FragmentManager.dispatchDestroy(FragmentManager.java:2820)
09-07 04:27:38.894 24475 24475 W System.err: 	at androidx.fragment.app.FragmentController.dispatchDestroy(FragmentController.java:345)
09-07 04:27:38.894 24475 24475 W System.err: 	at androidx.fragment.app.FragmentActivity.onDestroy(FragmentActivity.java:306)
09-07 04:27:38.895 24475 24475 W System.err: 	at androidx.appcompat.app.AppCompatActivity.onDestroy(AppCompatActivity.java:278)
09-07 04:27:38.895 24475 24475 W System.err: 	at android.app.Activity.performDestroy(Activity.java:8048)
09-07 04:27:38.895 24475 24475 W System.err: 	at android.app.Instrumentation.callActivityOnDestroy(Instrumentation.java:1334)
09-07 04:27:38.895 24475 24475 W System.err: 	at androidx.test.runner.MonitoringInstrumentation.callActivityOnDestroy(MonitoringInstrumentation.java:766)
09-07 04:27:38.895 24475 24475 W System.err: 	at android.app.ActivityThread.performDestroyActivity(ActivityThread.java:4926)
09-07 04:27:38.895 24475 24475 W System.err: 	at android.app.ActivityThread.handleDestroyActivity(ActivityThread.java:4970)
09-07 04:27:38.895 24475 24475 W System.err: 	at android.app.servertransaction.DestroyActivityItem.execute(DestroyActivityItem.java:44)
09-07 04:27:38.895 24475 24475 W System.err: 	at android.app.servertransaction.TransactionExecutor.executeLifecycleState(TransactionExecutor.java:176)
09-07 04:27:38.895 24475 24475 W System.err: 	at android.app.servertransaction.TransactionExecutor.execute(TransactionExecutor.java:97)
09-07 04:27:38.895 24475 24475 W System.err: 	at android.app.ActivityThread$H.handleMessage(ActivityThread.java:2016)
09-07 04:27:38.896 24475 24475 W System.err: 	at android.os.Handler.dispatchMessage(Handler.java:107)
09-07 04:27:38.896 24475 24475 W System.err: 	at android.os.Looper.loop(Looper.java:214)
09-07 04:27:38.896 24475 24475 W System.err: 	at android.app.ActivityThread.main(ActivityThread.java:7356)
09-07 04:27:38.896 24475 24475 W System.err: 	at java.lang.reflect.Method.invoke(Native Method)
09-07 04:27:38.896 24475 24475 W System.err: 	at com.android.internal.os.RuntimeInit$MethodAndArgsCaller.run(RuntimeInit.java:492)
09-07 04:27:38.896 24475 24475 W System.err: 	at com.android.internal.os.ZygoteInit.main(ZygoteInit.java:930)
09-07 04:27:38.910  2666  2666 I dnsi    : onStart
09-07 04:27:38.913  2666  2666 I dnsi    : onResume
09-07 04:27:38.915  1793  1793 D gralloc_ranchu: gralloc_alloc: Creating ashmem region of size 9850880
09-07 04:27:38.930  1793  1793 D gralloc_ranchu: gralloc_alloc: Creating ashmem region of size 9850880
09-07 04:27:38.933  2434  2714 D EGL_emulation: eglMakeCurrent: 0xed453b60: ver 2 0 (tinfo 0xe233a960)
09-07 04:27:38.937  1793  1793 D gralloc_ranchu: gralloc_alloc: Creating ashmem region of size 9850880
09-07 04:27:38.977  2037  2061 W InputReader: Device has associated, but no associated display id.
09-07 04:27:38.977  2037  2061 I chatty  : uid=1000(system) android.anim identical 8 lines
09-07 04:27:38.977  2037  2061 W InputReader: Device has associated, but no associated display id.
09-07 04:27:38.980  1793  1793 D gralloc_ranchu: gralloc_alloc: Creating ashmem region of size 6307840
09-07 04:27:38.994  2182  2468 D EGL_emulation: eglMakeCurrent: 0xda21a360: ver 2 0 (tinfo 0xda20f590)
09-07 04:27:38.997  2182  2182 W View    : requestLayout() improperly called by com.android.keyguard.AlphaOptimizedLinearLayout{551c6d8 V.E...... ......ID 7,0-48,61 #7f0a041c app:id/wifi_group} during second layout pass: posting in next frame
09-07 04:27:39.002 24475 24475 D LifecycleMonitor: Lifecycle status change: ru.iteco.fmhandroid.ui.AppActivity@a8c993c in: DESTROYED
