09-07 04:06:30.820 18042 18042 W ActivityThread: handleWindowVisibility: no activity for token android.os.BinderProxy@7062203
09-07 04:06:30.822  2037  7737 W InputReader: Device has associated, but no associated display id.
09-07 04:06:30.822  2037  7737 I chatty  : uid=1000(system) Binder:2037_1D identical 8 lines
09-07 04:06:30.822  2037  7737 W InputReader: Device has associated, but no associated display id.
09-07 04:06:30.869  1793  1793 D gralloc_ranchu: gralloc_alloc: Creating ashmem region of size 9850880
09-07 04:06:30.875  1793 14098 D gralloc_ranchu: gralloc_alloc: Creating ashmem region of size 9850880
09-07 04:06:30.876  1793 14098 D gralloc_ranchu: gralloc_alloc: Creating ashmem region of size 9850880
09-07 04:06:30.880 17985 18031 V FA      : Activity paused, time: 2514711
09-07 04:06:30.885 18042 18074 D EGL_emulation: eglMakeCurrent: 0xda21a3c0: ver 2 0 (tinfo 0xda20f850)
09-07 04:06:30.903  7867 18034 V FA-SVC  : Logging event: origin=auto,name=user_engagement(_e),params=Bundle[{ga_event_origin(_o)=auto, engagement_time_msec(_et)=3747, ga_screen_class(_sc)=AppActivity, ga_screen_id(_si)=2417565805474579235}]
09-07 04:06:30.910  2037  2459 W InputReader: Device has associated, but no associated display id.
09-07 04:06:30.911  2037  2459 I chatty  : uid=1000(system) Binder:2037_9 identical 48 lines
09-07 04:06:30.911  2037  2459 W InputReader: Device has associated, but no associated display id.
09-07 04:06:30.935 18042 18042 W ActivityThread: handleWindowVisibility: no activity for token android.os.BinderProxy@5b54c62
09-07 04:06:30.877  2037  7737 I ActivityTaskManager: START u0 {act=android.intent.action.MAIN cat=[android.intent.category.LAUNCHER] flg=0x10000000 cmp=ru.iteco.fmhandroid.test/androidx.test.core.app.InstrumentationActivityInvoker$EmptyActivity} from uid 10136
09-07 04:06:30.948  2037  2459 W ActivityTaskManager: Duplicate finish request for ActivityRecord{7af803f u0 ru.iteco.fmhandroid/.ui.AppActivity t716 f}
09-07 04:06:30.957  7867 18034 V FA-SVC  : Upload scheduled in approximately ms: 1246153
09-07 04:06:30.958  7867 18034 V FA-SVC  : Unscheduling upload
09-07 04:06:30.964  7867 18034 V FA-SVC  : Scheduling upload, millis: 1246153
09-07 04:06:30.964  1793 14098 D gralloc_ranchu: gralloc_alloc: Creating ashmem region of size 9850880
09-07 04:06:30.968  1793 14098 I chatty  : uid=1000(system) HwBinder:1793_3 identical 1 line
09-07 04:06:30.970  1793 14098 D gralloc_ranchu: gralloc_alloc: Creating ashmem region of size 9850880
09-07 04:06:30.970 18042 18074 D EGL_emulation: eglMakeCurrent: 0xda21a3c0: ver 2 0 (tinfo 0xda20f850)
09-07 04:06:30.994  7867 18034 V FA-SVC  : Background event processing time, ms: 112
09-07 04:06:30.998  2037  2061 W InputReader: Device has associated, but no associated display id.
09-07 04:06:30.998  2037  2061 I chatty  : uid=1000(system) android.anim identical 18 lines
09-07 04:06:30.998  2037  2061 W InputReader: Device has associated, but no associated display id.
09-07 04:06:31.005  2037  7860 W InputReader: Device has associated, but no associated display id.
09-07 04:06:31.006  2037  7860 I chatty  : uid=1000(system) Binder:2037_1F identical 8 lines
09-07 04:06:31.006  2037  7860 W InputReader: Device has associated, but no associated display id.
09-07 04:06:31.010 17985 18077 D EGL_emulation: eglMakeCurrent: 0xda21ade0: ver 2 0 (tinfo 0xda20f9e0)
09-07 04:06:31.013  2037  2065 I ActivityTaskManager: Displayed ru.iteco.fmhandroid.test/androidx.test.core.app.InstrumentationActivityInvoker$EmptyActivity: +92ms
09-07 04:06:31.021  2037  3740 W InputReader: Device has associated, but no associated display id.
09-07 04:06:31.022  2037  3740 I chatty  : uid=1000(system) Binder:2037_D identical 28 lines
09-07 04:06:31.022  2037  3740 W InputReader: Device has associated, but no associated display id.
09-07 04:06:31.026  1823  1823 W SurfaceFlinger: couldn't log to binary event log: overflow.
09-07 04:06:31.026 17985 17985 D LifecycleMonitor: Lifecycle status change: ru.iteco.fmhandroid.ui.AppActivity@f67f797 in: STOPPED
09-07 04:06:31.026 17985 17985 V ActivityScenario: Update currentActivityStage to STOPPED, currentActivity=ru.iteco.fmhandroid.ui.AppActivity@f67f797
09-07 04:06:31.037  2037  7737 D ConnectivityService: requestNetwork for uid/pid:10113/17448 NetworkRequest [ TRACK_DEFAULT id=79, [ Capabilities: INTERNET&NOT_RESTRICTED&TRUSTED Uid: 10113] ]
09-07 04:06:31.037  2037  2143 D WifiNetworkFactory: got request NetworkRequest [ TRACK_DEFAULT id=79, [ Capabilities: INTERNET&NOT_RESTRICTED&TRUSTED Uid: 10113] ] with score 60 and serial -1
09-07 04:06:31.038  2279  2279 D PhoneSwitcherNetworkRequstListener: got request NetworkRequest [ TRACK_DEFAULT id=79, [ Capabilities: INTERNET&NOT_RESTRICTED&TRUSTED Uid: 10113] ] with score 60 and serial -1
09-07 04:06:31.038  2037  2143 D UntrustedWifiNetworkFactory: got request NetworkRequest [ TRACK_DEFAULT id=79, [ Capabilities: INTERNET&NOT_RESTRICTED&TRUSTED Uid: 10113] ] with score 60 and serial -1
09-07 04:06:31.038 17985 17985 D LifecycleMonitor: Lifecycle status change: ru.iteco.fmhandroid.ui.AppActivity@f67f797 in: DESTROYED
09-07 04:06:31.038 17985 17985 V ActivityScenario: Update currentActivityStage to DESTROYED, currentActivity=null
09-07 04:06:31.045  1792  2272 E GnssHAL_GnssInterface: gnssSvStatusCb: a: input svInfo.flags is 8
09-07 04:06:31.045  1792  2272 E GnssHAL_GnssInterface: gnssSvStatusCb: b: input svInfo.flags is 8
09-07 04:06:31.058  1793 14098 D gralloc_ranchu: gralloc_alloc: Creating ashmem region of size 9850880
