09-07 04:32:54.981 25964 25964 I ViewInteraction: Checking 'MatchesViewAssertion{viewMatcher=view.isClickable() is <true>}' assertion on view (view.getId() is <2131231039/ru.iteco.fmhandroid:id/enter_button> and an instance of android.widget.TextView and view.getText() with or without transformation to match: is "SIGN IN" and view.getContentDescription() is "Save" and view.getParent() view.getParent() an instance of android.widget.RelativeLayout)
09-07 04:32:54.982 25964 26008 W teco.fmhandroi: Accessing hidden method Lsun/misc/Unsafe;->compareAndSwapObject(Ljava/lang/Object;JLjava/lang/Object;Ljava/lang/Object;)Z (greylist, linking, allowed)
09-07 04:32:54.985 25964 25964 I ViewInteraction: Performing 'wait for a specific view with <(view.getId() is <2131231039/ru.iteco.fmhandroid:id/enter_button> and an instance of android.widget.TextView and view.getText() with or without transformation to match: is "SIGN IN" and view.getContentDescription() is "Save" and view.getParent() view.getParent() an instance of android.widget.RelativeLayout)> during 10000 millis.' action on view view.getRootView() to equal view
09-07 04:32:54.989 25964 26008 W teco.fmhandroi: Accessing hidden method Lsun/misc/Unsafe;->compareAndSwapObject(Ljava/lang/Object;JLjava/lang/Object;Ljava/lang/Object;)Z (greylist, linking, allowed)
09-07 04:32:55.014 25964 25964 I ViewInteraction: Performing 'single click' action on view (view.getId() is <2131231039/ru.iteco.fmhandroid:id/enter_button> and an instance of android.widget.TextView and view.getText() with or without transformation to match: is "SIGN IN" and view.getContentDescription() is "Save" and view.getParent() view.getParent() an instance of android.widget.RelativeLayout)
09-07 04:32:55.075 25964 26106 I okhttp.OkHttpClient: --> POST http://www.981757-ca08998.tmweb.ru:8080/fmh/authentication/login
09-07 04:32:55.076 25964 26106 I okhttp.OkHttpClient: Content-Type: application/json; charset=UTF-8
09-07 04:32:55.076 25964 26106 I okhttp.OkHttpClient: Content-Length: 41
09-07 04:32:55.076 25964 26106 I okhttp.OkHttpClient: {"login":"login2","password":"password2"}
09-07 04:32:55.076 25964 26106 I okhttp.OkHttpClient: --> END POST (41-byte body)
09-07 04:32:55.079  1774 26107 E ResolverController: No valid NAT64 prefix (101, <unspecified>/0)
09-07 04:32:55.208  1792  2272 E GnssHAL_GnssInterface: gnssSvStatusCb: a: input svInfo.flags is 8
09-07 04:32:55.208  1792  2272 E GnssHAL_GnssInterface: gnssSvStatusCb: b: input svInfo.flags is 8
09-07 04:32:55.302 25964 26008 W teco.fmhandroi: Accessing hidden method Lsun/misc/Unsafe;->compareAndSwapObject(Ljava/lang/Object;JLjava/lang/Object;Ljava/lang/Object;)Z (greylist, linking, allowed)
09-07 04:32:55.306 25964 25964 I ViewInteraction: Performing 'wait for a specific view with <an instance of android.widget.TextView and view.getText() with or without transformation to match: is "News"> during 10000 millis.' action on view view.getRootView() to equal view
09-07 04:32:56.025  8176  8176 I Finsky  : [2] yxo.onStartJob(132): SCH: job service start with id 9160.
09-07 04:32:56.036  8176  8256 I Finsky  : [591] xty.accept(378): SCH: Scheduling phonesky job Id: 1-1337, CT: 1694057295644, Constraints: [{ L: 30466985, D: 73666985, C: 1, I: 1, N: 1 }]
09-07 04:32:56.036  8176  8256 I Finsky  : [591] xty.accept(378): SCH: Scheduling phonesky job Id: 12-1, CT: 1694061161073, Constraints: [{ L: 15000, D: 86400000, C: 1, I: 1, N: 1 }]
09-07 04:32:56.041  8176  8257 I Finsky  : [592] yew.apply(123): SCH: Scheduling 1 system job(s)
09-07 04:32:56.041  8176  8257 I Finsky  : [592] yvz.d(263): SCH: Scheduling system job Id: 9163, L: 0, D: 69786588, C: false, I: false, N: 1
09-07 04:32:56.045  8176  8176 I Finsky  : [2] yxo.onStartJob(132): SCH: job service start with id 9163.
09-07 04:32:56.048  8176 26112 I Finsky  : [953] yxo.a(17): SCH: job service finished with id 9160.
09-07 04:32:56.060  8176  8256 I Finsky  : [591] xty.accept(378): SCH: Scheduling phonesky job Id: 1-1337, CT: 1694057295644, Constraints: [{ L: 30466985, D: 73666985, C: 1, I: 1, N: 1 }]
09-07 04:32:56.061  8176  8256 I Finsky  : [591] xty.accept(378): SCH: Scheduling phonesky job Id: 12-1, CT: 1694061161073, Constraints: [{ L: 15000, D: 86400000, C: 1, I: 1, N: 1 }]
09-07 04:32:56.065  8176  8257 I Finsky  : [592] yew.apply(123): SCH: Scheduling 1 system job(s)
09-07 04:32:56.066  8176  8257 I Finsky  : [592] yvz.d(263): SCH: Scheduling system job Id: 9165, L: 0, D: 69786564, C: false, I: false, N: 1
09-07 04:32:56.069  8176  8176 I Finsky  : [2] yxo.onStartJob(132): SCH: job service start with id 9165.
09-07 04:32:56.074  8176 26112 I Finsky  : [953] yxo.a(17): SCH: job service finished with id 9163.
09-07 04:32:56.079  8176 25902 I Finsky  : [948] yvx.a(769): SCH: Satisfied jobs for 9165 are: 12-1
09-07 04:32:56.079  8176 26112 I Finsky  : [953] ywl.accept(764): SCH: Job 12-1 starting
09-07 04:32:56.082  8176  8176 I Finsky  : [2] ContentSyncJob.v(14): [ContentSync] job started
09-07 04:32:56.208  1792  2272 E GnssHAL_GnssInterface: gnssSvStatusCb: a: input svInfo.flags is 8
09-07 04:32:56.208  1792  2272 E GnssHAL_GnssInterface: gnssSvStatusCb: b: input svInfo.flags is 8
09-07 04:32:56.227  8176 26113 I Finsky  : [954] tcy.p(41): Completed 0 account content syncs with 0 successful.
09-07 04:32:56.227  8176  8176 I Finsky  : [2] ContentSyncJob.a(14): [ContentSync] Installation state replication succeeded.
09-07 04:32:56.227  8176  8176 I Finsky  : [2] ywb.r(83): SCH: jobFinished: 12-1. TimeElapsed: 146ms.
09-07 04:32:56.243  8176  8256 I Finsky  : [591] xty.accept(378): SCH: Scheduling phonesky job Id: 1-1337, CT: 1694057295644, Constraints: [{ L: 30466985, D: 73666985, C: 1, I: 1, N: 1 }]
09-07 04:32:56.259  8176  8252 I Finsky  : [587] yew.apply(123): SCH: Scheduling 1 system job(s)
09-07 04:32:56.259  8176  8252 I Finsky  : [587] yvz.d(263): SCH: Scheduling system job Id: 9167, L: 26586370, D: 69786370, C: false, I: false, N: 1
09-07 04:32:56.265  8176 26112 I Finsky  : [953] yxo.a(17): SCH: job service finished with id 9165.
09-07 04:32:56.333  8425  8425 D BoundBrokerSvc: onUnbind: Intent { act=com.google.android.gms.nearby.exposurenotification.START dat=chimera-action: cmp=com.google.android.gms/.chimera.PersistentApiServiceNoInstantApps }
09-07 04:32:56.401  7867  7867 D BoundBrokerSvc: onUnbind: Intent { act=com.google.android.gms.feedback.internal.IFeedbackService dat=chimera-action: cmp=com.google.android.gms/.chimera.GmsBoundBrokerService }
09-07 04:32:56.436  8425  8425 D BoundBrokerSvc: onUnbind: Intent { act=com.google.android.gms.icing.LIGHTWEIGHT_INDEX_SERVICE dat=chimera-action: cmp=com.google.android.gms/.chimera.PersistentApiService }
09-07 04:32:57.159 25964 26077 I okhttp.OkHttpClient: <-- HTTP FAILED: java.net.SocketTimeoutException: timeout
09-07 04:32:57.164 25964 25964 W System.err: ru.iteco.fmhandroid.exceptions.ServerException
09-07 04:32:57.164 25964 25964 W System.err: 	at ru.iteco.fmhandroid.utils.Utils.makeRequest(Utils.kt:119)
09-07 04:32:57.164 25964 25964 W System.err: 	at ru.iteco.fmhandroid.utils.Utils$makeRequest$1.invokeSuspend(Unknown Source:15)
09-07 04:32:57.165 25964 25964 W System.err: 	at kotlin.coroutines.jvm.internal.BaseContinuationImpl.resumeWith(ContinuationImpl.kt:33)
09-07 04:32:57.165 25964 25964 W System.err: 	at kotlinx.coroutines.DispatchedTask.run(DispatchedTask.kt:104)
09-07 04:32:57.165 25964 25964 W System.err: 	at android.os.Handler.handleCallback(Handler.java:883)
09-07 04:32:57.165 25964 25964 W System.err: 	at android.os.Handler.dispatchMessage(Handler.java:100)
09-07 04:32:57.165 25964 25964 W System.err: 	at androidx.test.espresso.base.Interrogator.loopAndInterrogate(Interrogator.java:14)
09-07 04:32:57.165 25964 25964 W System.err: 	at androidx.test.espresso.base.UiControllerImpl.loopUntil(UiControllerImpl.java:8)
09-07 04:32:57.166 25964 25964 W System.err: 	at androidx.test.espresso.base.UiControllerImpl.loopUntil(UiControllerImpl.java:1)
09-07 04:32:57.168 25964 25964 W System.err: 	at androidx.test.espresso.base.UiControllerImpl.loopMainThreadForAtLeast(UiControllerImpl.java:7)
09-07 04:32:57.169 25964 25964 W System.err: 	at ru.iteco.fmhandroid.ui.data.ViewActions$1.perform(ViewActions.java:48)
09-07 04:32:57.169 25964 25964 W System.err: 	at androidx.test.espresso.ViewInteraction$SingleExecutionViewAction.perform(ViewInteraction.java:2)
09-07 04:32:57.169 25964 25964 W System.err: 	at androidx.test.espresso.ViewInteraction.doPerform(ViewInteraction.java:25)
09-07 04:32:57.169 25964 25964 W System.err: 	at androidx.test.espresso.ViewInteraction.-$$Nest$mdoPerform(Unknown Source:0)
09-07 04:32:57.170 25964 25964 W System.err: 	at androidx.test.espresso.ViewInteraction$1.call(ViewInteraction.java:7)
09-07 04:32:57.170 25964 25964 W System.err: 	at androidx.test.espresso.ViewInteraction$1.call(ViewInteraction.java:1)
09-07 04:32:57.170 25964 25964 W System.err: 	at java.util.concurrent.FutureTask.run(FutureTask.java:266)
09-07 04:32:57.170 25964 25964 W System.err: 	at android.os.Handler.handleCallback(Handler.java:883)
09-07 04:32:57.170 25964 25964 W System.err: 	at android.os.Handler.dispatchMessage(Handler.java:100)
09-07 04:32:57.170 25964 25964 W System.err: 	at android.os.Looper.loop(Looper.java:214)
09-07 04:32:57.171 25964 25964 W System.err: 	at android.app.ActivityThread.main(ActivityThread.java:7356)
09-07 04:32:57.171 25964 25964 W System.err: 	at java.lang.reflect.Method.invoke(Native Method)
09-07 04:32:57.171 25964 25964 W System.err: 	at com.android.internal.os.RuntimeInit$MethodAndArgsCaller.run(RuntimeInit.java:492)
09-07 04:32:57.171 25964 25964 W System.err: 	at com.android.internal.os.ZygoteInit.main(ZygoteInit.java:930)
09-07 04:32:57.209  1792  2272 E GnssHAL_GnssInterface: gnssSvStatusCb: a: input svInfo.flags is 8
09-07 04:32:57.209  1792  2272 E GnssHAL_GnssInterface: gnssSvStatusCb: b: input svInfo.flags is 8
09-07 04:32:58.208  1781  1781 W audio_hw_generic: Not supplying enough data to HAL, expected position 55985796 , only wrote 55804925
09-07 04:32:58.209  1792  2272 E GnssHAL_GnssInterface: gnssSvStatusCb: a: input svInfo.flags is 8
09-07 04:32:58.209  1792  2272 E GnssHAL_GnssInterface: gnssSvStatusCb: b: input svInfo.flags is 8
09-07 04:32:58.214  7867  7867 D BoundBrokerSvc: onUnbind: Intent { act=com.google.android.gms.inappreach.service.START dat=chimera-action: cmp=com.google.android.gms/.chimera.GmsApiService }
09-07 04:32:58.858 25964 26106 I okhttp.OkHttpClient: <-- 200 http://www.981757-ca08998.tmweb.ru:8080/fmh/authentication/login (3781ms)
09-07 04:32:58.858 25964 26106 I okhttp.OkHttpClient: Vary: Origin
09-07 04:32:58.858 25964 26106 I okhttp.OkHttpClient: Vary: Access-Control-Request-Method
09-07 04:32:58.859 25964 26106 I okhttp.OkHttpClient: Vary: Access-Control-Request-Headers
09-07 04:32:58.859 25964 26106 I okhttp.OkHttpClient: X-Content-Type-Options: nosniff
09-07 04:32:58.860 25964 26106 I okhttp.OkHttpClient: X-XSS-Protection: 1; mode=block
09-07 04:32:58.860 25964 26106 I okhttp.OkHttpClient: Cache-Control: no-cache, no-store, max-age=0, must-revalidate
09-07 04:32:58.861 25964 26106 I okhttp.OkHttpClient: Pragma: no-cache
09-07 04:32:58.861 25964 26106 I okhttp.OkHttpClient: Expires: 0
09-07 04:32:58.861 25964 26106 I okhttp.OkHttpClient: X-Frame-Options: DENY
09-07 04:32:58.862 25964 26106 I okhttp.OkHttpClient: Content-Type: application/json
09-07 04:32:58.862 25964 26106 I okhttp.OkHttpClient: Transfer-Encoding: chunked
09-07 04:32:58.862 25964 26106 I okhttp.OkHttpClient: Date: Thu, 07 Sep 2023 04:32:59 GMT
09-07 04:32:58.862 25964 26106 I okhttp.OkHttpClient: Keep-Alive: timeout=60
09-07 04:32:58.862 25964 26106 I okhttp.OkHttpClient: Connection: keep-alive
09-07 04:32:58.864 25964 26106 I okhttp.OkHttpClient: {"accessToken":"eyJhbGciOiJIUzUxMiJ9.eyJzdWIiOiJsb2dpbjIiLCJqdGkiOiIxIiwiZXhwIjoxNjk0MTQ3NTc5fQ.KFcq3rtcpZ27EnyWCC19vVOJsMiDSJo_WQCk9_qmIaBKNaNjSm6a7u0D63_Mt_qHp5KP7UkXT-yaeeOgJqzLOw","refreshToken":"eyJhbGciOiJIUzUxMiJ9.eyJzdWIiOiJsb2dpbjIiLCJqdGkiOiIxIiwiZXhwIjoxNjk2NjUzMTc5fQ.r9jytQ8o5n67EMqdoZPHYUkXbQHo1CHn7ifORWQInKAcItt5HnmIABnSlbRjfOMWPWr216xlYpZDxo43qI5VQg"}
09-07 04:32:58.864 25964 26106 I okhttp.OkHttpClient: <-- END HTTP (368-byte body)
09-07 04:32:58.874 25964 26073 I okhttp.OkHttpClient: --> GET http://www.981757-ca08998.tmweb.ru:8080/fmh/authentication/userInfo
09-07 04:32:58.874 25964 26073 I okhttp.OkHttpClient: --> END GET
09-07 04:32:59.209  1792  2272 E GnssHAL_GnssInterface: gnssSvStatusCb: a: input svInfo.flags is 8
09-07 04:32:59.209  1792  2272 E GnssHAL_GnssInterface: gnssSvStatusCb: b: input svInfo.flags is 8
09-07 04:32:59.676 25964 26073 I okhttp.OkHttpClient: <-- 200 http://www.981757-ca08998.tmweb.ru:8080/fmh/authentication/userInfo (801ms)
09-07 04:32:59.677 25964 26073 I okhttp.OkHttpClient: Vary: Origin
09-07 04:32:59.677 25964 26073 I okhttp.OkHttpClient: Vary: Access-Control-Request-Method
09-07 04:32:59.677 25964 26073 I okhttp.OkHttpClient: Vary: Access-Control-Request-Headers
09-07 04:32:59.677 25964 26073 I okhttp.OkHttpClient: X-Content-Type-Options: nosniff
09-07 04:32:59.677 25964 26073 I okhttp.OkHttpClient: X-XSS-Protection: 1; mode=block
09-07 04:32:59.678 25964 26073 I okhttp.OkHttpClient: Cache-Control: no-cache, no-store, max-age=0, must-revalidate
09-07 04:32:59.678 25964 26073 I okhttp.OkHttpClient: Pragma: no-cache
09-07 04:32:59.678 25964 26073 I okhttp.OkHttpClient: Expires: 0
09-07 04:32:59.678 25964 26073 I okhttp.OkHttpClient: X-Frame-Options: DENY
09-07 04:32:59.679 25964 26073 I okhttp.OkHttpClient: Content-Type: application/json
09-07 04:32:59.680 25964 26073 I okhttp.OkHttpClient: Transfer-Encoding: chunked
09-07 04:32:59.680 25964 26073 I okhttp.OkHttpClient: Date: Thu, 07 Sep 2023 04:32:59 GMT
09-07 04:32:59.680 25964 26073 I okhttp.OkHttpClient: Keep-Alive: timeout=60
09-07 04:32:59.680 25964 26073 I okhttp.OkHttpClient: Connection: keep-alive
09-07 04:32:59.681 25964 26073 I okhttp.OkHttpClient: {"id":1,"firstName":"Ivan","lastName":"Ivanov","middleName":"Ivanovich","admin":true}
09-07 04:32:59.682 25964 26073 I okhttp.OkHttpClient: <-- END HTTP (85-byte body)
09-07 04:32:59.697 25964 26077 I okhttp.OkHttpClient: --> GET http://www.981757-ca08998.tmweb.ru:8080/fmh/claims
09-07 04:32:59.697 25964 26077 I okhttp.OkHttpClient: --> END GET
09-07 04:32:59.700  1774 26124 E ResolverController: No valid NAT64 prefix (101, <unspecified>/0)
09-07 04:32:59.860 25964 25964 I ViewInteraction: Checking 'MatchesViewAssertion{viewMatcher=(view has effective visibility <VISIBLE> and view.getGlobalVisibleRect() to return non-empty rectangle)}' assertion on view an instance of android.widget.TextView and view.getText() with or without transformation to match: is "News"
09-07 04:32:59.863 25964 26101 W teco.fmhandroi: Accessing hidden method Lsun/misc/Unsafe;->compareAndSwapObject(Ljava/lang/Object;JLjava/lang/Object;Ljava/lang/Object;)Z (greylist, linking, allowed)
09-07 04:32:59.878 25964 25964 I ViewInteraction: Performing 'wait for a specific view with <view.getId() is <2131230951>> during 10000 millis.' action on view view.getRootView() to equal view
09-07 04:32:59.881 25964 26008 W teco.fmhandroi: Accessing hidden method Lsun/misc/Unsafe;->compareAndSwapObject(Ljava/lang/Object;JLjava/lang/Object;Ljava/lang/Object;)Z (greylist, linking, allowed)
09-07 04:32:59.886 25964 25964 I ViewInteraction: Checking 'MatchesViewAssertion{viewMatcher=(view has effective visibility <VISIBLE> and view.getGlobalVisibleRect() to return non-empty rectangle)}' assertion on view view.getId() is <2131230951/ru.iteco.fmhandroid:id/container_list_news_include_on_fragment_main>
09-07 04:32:59.889 25964 26008 W teco.fmhandroi: Accessing hidden method Lsun/misc/Unsafe;->compareAndSwapObject(Ljava/lang/Object;JLjava/lang/Object;Ljava/lang/Object;)Z (greylist, linking, allowed)
09-07 04:32:59.889 25964 26101 W teco.fmhandroi: Accessing hidden method Lsun/misc/Unsafe;->compareAndSwapObject(Ljava/lang/Object;JLjava/lang/Object;Ljava/lang/Object;)Z (greylist, linking, allowed)
09-07 04:32:59.892 25964 25964 I ViewInteraction: Performing 'wait for a specific view with <view.getId() is <2131230949>> during 10000 millis.' action on view view.getRootView() to equal view
09-07 04:32:59.894 25964 26008 W teco.fmhandroi: Accessing hidden method Lsun/misc/Unsafe;->compareAndSwapObject(Ljava/lang/Object;JLjava/lang/Object;Ljava/lang/Object;)Z (greylist, linking, allowed)
09-07 04:32:59.894 25964 26101 W teco.fmhandroi: Accessing hidden method Lsun/misc/Unsafe;->compareAndSwapObject(Ljava/lang/Object;JLjava/lang/Object;Ljava/lang/Object;)Z (greylist, linking, allowed)
09-07 04:32:59.896 25964 25964 I ViewInteraction: Checking 'MatchesViewAssertion{viewMatcher=(view has effective visibility <VISIBLE> and view.getGlobalVisibleRect() to return non-empty rectangle)}' assertion on view view.getId() is <2131230949/ru.iteco.fmhandroid:id/container_list_claim_include_on_fragment_main>
09-07 04:32:59.897 25964 26008 W teco.fmhandroi: Accessing hidden method Lsun/misc/Unsafe;->compareAndSwapObject(Ljava/lang/Object;JLjava/lang/Object;Ljava/lang/Object;)Z (greylist, linking, allowed)
09-07 04:32:59.901 25964 25964 I ViewInteraction: Performing 'wait for a specific view with <an instance of android.widget.TextView and view.getText() with or without transformation to match: is "Claims"> during 10000 millis.' action on view view.getRootView() to equal view
09-07 04:32:59.907 25964 25964 I ViewInteraction: Checking 'MatchesViewAssertion{viewMatcher=(view has effective visibility <VISIBLE> and view.getGlobalVisibleRect() to return non-empty rectangle)}' assertion on view an instance of android.widget.TextView and view.getText() with or without transformation to match: is "Claims"
09-07 04:32:59.910 25964 25964 I ViewInteraction: Performing 'wait for a specific view with <view.getClass().getName() matches: a string ending with "ScrollView"> during 10000 millis.' action on view view.getRootView() to equal view
09-07 04:32:59.912 25964 25964 I ViewInteraction: Checking 'MatchesViewAssertion{viewMatcher=view.isEnabled() is <true>}' assertion on view view.getClass().getName() matches: a string ending with "ScrollView"
09-07 04:32:59.915 25964 25964 I ViewInteraction: Performing 'wait for a specific view with <view.getClass().getName() matches: a string ending with "ScrollView"> during 10000 millis.' action on view view.getRootView() to equal view
09-07 04:32:59.921 25964 25964 I ViewInteraction: Performing 'fast swipe' action on view view.getClass().getName() matches: a string ending with "ScrollView"
09-07 04:32:59.923  2037  2132 V InputDispatcher: Asynchronous input event injection succeeded.
09-07 04:32:59.984  2037  2132 I chatty  : uid=1000(system) InputDispatcher identical 4 lines
09-07 04:32:59.998  2037  2132 V InputDispatcher: Asynchronous input event injection succeeded.
09-07 04:33:00.008  2037  6130 D WificondControl: Scan result ready event
09-07 04:33:00.014  2037  2132 V InputDispatcher: Asynchronous input event injection succeeded.
09-07 04:33:00.015  2182  2182 W View    : requestLayout() improperly called by com.android.keyguard.AlphaOptimizedLinearLayout{551c6d8 V.E...... ......ID 7,0-48,61 #7f0a041c app:id/wifi_group} during second layout pass: posting in next frame
09-07 04:33:00.021  8425 13078 I ChimeraSrvcProxy: NullBinder for android.net.action.RECOMMEND_NETWORKS triggering remote TransactionTooLargeException due to Service without Chimera impl
09-07 04:33:00.031  2037  2132 V InputDispatcher: Asynchronous input event injection succeeded.
09-07 04:33:00.033  2182  2182 W View    : requestLayout() improperly called by StatusBarIconView(slot=mobile icon=null notification=null) during layout: running second layout pass
09-07 04:33:00.046  2037  2132 V InputDispatcher: Asynchronous input event injection succeeded.
09-07 04:33:00.060  2037  2132 I chatty  : uid=1000(system) InputDispatcher identical 1 line
09-07 04:33:00.075  2037  2132 V InputDispatcher: Asynchronous input event injection succeeded.
09-07 04:33:00.208  1792  2272 E GnssHAL_GnssInterface: gnssSvStatusCb: a: input svInfo.flags is 8
09-07 04:33:00.208  1792  2272 E GnssHAL_GnssInterface: gnssSvStatusCb: b: input svInfo.flags is 8
09-07 04:33:01.009  2434  2940 E ActivityThread: Failed to find provider info for com.google.android.apps.wellbeing.api
09-07 04:33:01.208  1792  2272 E GnssHAL_GnssInterface: gnssSvStatusCb: a: input svInfo.flags is 8
09-07 04:33:01.208  1792  2272 E GnssHAL_GnssInterface: gnssSvStatusCb: b: input svInfo.flags is 8
09-07 04:33:02.209  1792  2272 E GnssHAL_GnssInterface: gnssSvStatusCb: a: input svInfo.flags is 8
09-07 04:33:02.210  1792  2272 E GnssHAL_GnssInterface: gnssSvStatusCb: b: input svInfo.flags is 8
09-07 04:33:03.210  1792  2272 E GnssHAL_GnssInterface: gnssSvStatusCb: a: input svInfo.flags is 8
09-07 04:33:03.210  1792  2272 E GnssHAL_GnssInterface: gnssSvStatusCb: b: input svInfo.flags is 8
09-07 04:33:03.504 25964 25964 I ViewInteraction: Performing 'wait for a specific view with <with id: 2131230916> during 10000 millis.' action on view view.getRootView() to equal view
09-07 04:33:03.508 25964 25964 I ViewInteraction: Performing 'single click' action on view with id: ru.iteco.fmhandroid:id/claim_list_recycler_view
09-07 04:33:03.509 25964 25964 D takeScreenshot: Found 1 global views to redraw
09-07 04:33:03.552  1793  1793 D gralloc_ranchu: gralloc_alloc: Creating ashmem region of size 9850880
09-07 04:33:03.597 25964 26008 W DefaultFailureHandler: Failed to take screenshot
09-07 04:33:03.597 25964 26008 W DefaultFailureHandler: java.io.FileNotFoundException: view-op-error-2.png: open failed: EROFS (Read-only file system)
09-07 04:33:03.597 25964 26008 W DefaultFailureHandler: 	at libcore.io.IoBridge.open(IoBridge.java:496)
09-07 04:33:03.597 25964 26008 W DefaultFailureHandler: 	at java.io.FileOutputStream.<init>(FileOutputStream.java:235)
09-07 04:33:03.597 25964 26008 W DefaultFailureHandler: 	at java.io.FileOutputStream.<init>(FileOutputStream.java:125)
09-07 04:33:03.597 25964 26008 W DefaultFailureHandler: 	at androidx.test.platform.io.FileTestStorage.openOutputFile(FileTestStorage.java:60)
09-07 04:33:03.597 25964 26008 W DefaultFailureHandler: 	at androidx.test.core.graphics.BitmapStorage.writeToTestStorage(BitmapStorageExt.kt:49)
09-07 04:33:03.597 25964 26008 W DefaultFailureHandler: 	at androidx.test.espresso.base.DefaultFailureHandler.takeScreenshot(DefaultFailureHandler.java:4)
09-07 04:33:03.597 25964 26008 W DefaultFailureHandler: 	at androidx.test.espresso.base.DefaultFailureHandler.handle(DefaultFailureHandler.java:3)
09-07 04:33:03.597 25964 26008 W DefaultFailureHandler: 	at androidx.test.espresso.ViewInteraction.waitForAndHandleInteractionResults(ViewInteraction.java:8)
09-07 04:33:03.597 25964 26008 W DefaultFailureHandler: 	at androidx.test.espresso.ViewInteraction.desugaredPerform(ViewInteraction.java:11)
09-07 04:33:03.597 25964 26008 W DefaultFailureHandler: 	at androidx.test.espresso.ViewInteraction.perform(ViewInteraction.java:8)
09-07 04:33:03.597 25964 26008 W DefaultFailureHandler: 	at ru.iteco.fmhandroid.ui.steps.MainPageSteps.openClaimItemDescription(MainPageSteps.java:113)
09-07 04:33:03.597 25964 26008 W DefaultFailureHandler: 	at ru.iteco.fmhandroid.ui.MainPageTest.shouldOpenClaimsItemDescription(MainPageTest.java:137)
09-07 04:33:03.597 25964 26008 W DefaultFailureHandler: 	at java.lang.reflect.Method.invoke(Native Method)
09-07 04:33:03.597 25964 26008 W DefaultFailureHandler: 	at org.junit.runners.model.FrameworkMethod$1.runReflectiveCall(FrameworkMethod.java:59)
09-07 04:33:03.597 25964 26008 W DefaultFailureHandler: 	at org.junit.internal.runners.model.ReflectiveCallable.run(ReflectiveCallable.java:12)
09-07 04:33:03.597 25964 26008 W DefaultFailureHandler: 	at org.junit.runners.model.FrameworkMethod.invokeExplosively(FrameworkMethod.java:56)
09-07 04:33:03.597 25964 26008 W DefaultFailureHandler: 	at org.junit.internal.runners.statements.InvokeMethod.evaluate(InvokeMethod.java:17)
09-07 04:33:03.597 25964 26008 W DefaultFailureHandler: 	at androidx.test.internal.runner.junit4.statement.RunBefores.evaluate(RunBefores.java:80)
09-07 04:33:03.597 25964 26008 W DefaultFailureHandler: 	at io.qameta.allure.android.rules.ScreenshotRule$apply$1.evaluate(ScreenshotRule.kt:22)
09-07 04:33:03.597 25964 26008 W DefaultFailureHandler: 	at org.junit.rules.ExternalResource$1.evaluate(ExternalResource.java:54)
09-07 04:33:03.597 25964 26008 W DefaultFailureHandler: 	at io.qameta.allure.android.rules.LogcatRule$apply$1.evaluate(LogcatRule.kt:23)
09-07 04:33:03.597 25964 26008 W DefaultFailureHandler: 	at org.junit.rules.RunRules.evaluate(RunRules.java:20)
09-07 04:33:03.597 25964 26008 W DefaultFailureHandler: 	at org.junit.runners.ParentRunner$3.evaluate(ParentRunner.java:306)
09-07 04:33:03.597 25964 26008 W DefaultFailureHandler: 	at org.junit.runners.BlockJUnit4ClassRunner$1.evaluate(BlockJUnit4ClassRunner.java:100)
09-07 04:33:03.597 25964 26008 W DefaultFailureHandler: 	at org.junit.runners.ParentRunner.runLeaf(ParentRunner.java:366)
09-07 04:33:03.597 25964 26008 W DefaultFailureHandler: 	at org.junit.runners.BlockJUnit4ClassRunner.runChild(BlockJUnit4ClassRunner.java:103)
09-07 04:33:03.597 25964 26008 W DefaultFailureHandler: 	at org.junit.runners.BlockJUnit4ClassRunner.runChild(BlockJUnit4ClassRunner.java:63)
09-07 04:33:03.597 25964 26008 W DefaultFailureHandler: 	at org.junit.runners.ParentRunner$4.run(ParentRunner.java:331)
09-07 04:33:03.597 25964 26008 W DefaultFailureHandler: 	at org.junit.runners.ParentRunner$1.schedule(ParentRunner.java:79)
09-07 04:33:03.597 25964 26008 W DefaultFailureHandler: 	at org.junit.runners.ParentRunner.runChildren(ParentRunner.java:329)
09-07 04:33:03.597 25964 26008 W DefaultFailureHandler: 	at org.junit.runners.ParentRunner.access$100(ParentRunner.java:66)
09-07 04:33:03.597 25964 26008 W DefaultFailureHandler: 	at org.junit.runners.ParentRunner$2.evaluate(ParentRunner.java:293)
09-07 04:33:03.597 25964 26008 W DefaultFailureHandler: 	at org.junit.runners.ParentRunner$3.evaluate(ParentRunner.java:306)
09-07 04:33:03.597 25964 26008 W DefaultFailureHandler: 	at org.junit.runners.ParentRunner.run(ParentRunner.java:413)
09-07 04:33:03.597 25964 26008 W DefaultFailureHandler: 	at androidx.test.ext.junit.runners.AndroidJUnit4.run(AndroidJUnit4.java:162)
09-07 04:33:03.597 25964 26008 W DefaultFailureHandler: 	at io.qameta.allure.android.runners.AllureAndroidJUnit4.run(AllureAndroidJUnitRunners.kt:29)
09-07 04:33:03.597 25964 26008 W DefaultFailureHandler: 	at org.junit.runners.Suite.runChild(Suite.java:128)
09-07 04:33:03.597 25964 26008 W DefaultFailureHandler: 	at org.junit.runners.Suite.runChild(Suite.java:27)
09-07 04:33:03.597 25964 26008 W DefaultFailureHandler: 	at org.junit.runners.ParentRunner$4.run(ParentRunner.java:331)
09-07 04:33:03.597 25964 26008 W DefaultFailureHandler: 	at org.junit.runners.ParentRunner$1.schedule(ParentRunner.java:79)
09-07 04:33:03.597 25964 26008 W DefaultFailureHandler: 	at org.junit.runners.ParentRunner.runChildren(ParentRunner.java:329)
09-07 04:33:03.597 25964 26008 W DefaultFailureHandler: 	at org.junit.runners.ParentRunner.access$100(ParentRunner.java:66)
09-07 04:33:03.597 25964 26008 W DefaultFailureHandler: 	at org.junit.runners.ParentRunner$2.evaluate(ParentRunner.java:293)
09-07 04:33:03.597 25964 26008 W DefaultFailureHandler: 	at org.junit.runners.ParentRunner$3.evaluate(ParentRunner.java:306)
09-07 04:33:03.597 25964 26008 W DefaultFailureHandler: 	at org.junit.runners.ParentRunner.run(ParentRunner.java:413)
09-07 04:33:03.597 25964 26008 W DefaultFailureHandler: 	at org.junit.runner.JUnitCore.run(JUnitCore.java:137)
09-07 04:33:03.597 25964 26008 W DefaultFailureHandler: 	at org.junit.runner.JUnitCore.run(JUnitCore.java:115)
09-07 04:33:03.597 25964 26008 W DefaultFailureHandler: 	at androidx.test.internal.runner.TestExecutor.execute(TestExecutor.java:67)
09-07 04:33:03.597 25964 26008 W DefaultFailureHandler: 	at androidx.test.internal.runner.TestExecutor.execute(TestExecutor.java:58)
09-07 04:33:03.597 25964 26008 W DefaultFailureHandler: 	at androidx.test.runner.AndroidJUnitRunner.onStart(AndroidJUnitRunner.java:438)
09-07 04:33:03.597 25964 26008 W DefaultFailureHandler: 	at android.app.Instrumentation$InstrumentationThread.run(Instrumentation.java:2189)
09-07 04:33:03.597 25964 26008 W DefaultFailureHandler: Caused by: android.system.ErrnoException: open failed: EROFS (Read-only file system)
09-07 04:33:03.597 25964 26008 W DefaultFailureHandler: 	at libcore.io.Linux.open(Native Method)
09-07 04:33:03.597 25964 26008 W DefaultFailureHandler: 	at libcore.io.ForwardingOs.open(ForwardingOs.java:167)
09-07 04:33:03.597 25964 26008 W DefaultFailureHandler: 	at libcore.io.BlockGuardOs.open(BlockGuardOs.java:252)
09-07 04:33:03.597 25964 26008 W DefaultFailureHandler: 	at libcore.io.ForwardingOs.open(ForwardingOs.java:167)
09-07 04:33:03.597 25964 26008 W DefaultFailureHandler: 	at android.app.ActivityThread$AndroidOs.open(ActivityThread.java:7255)
09-07 04:33:03.597 25964 26008 W DefaultFailureHandler: 	at libcore.io.IoBridge.open(IoBridge.java:482)
09-07 04:33:03.597 25964 26008 W DefaultFailureHandler: 	... 50 more
09-07 04:33:03.616  1793  1793 D gralloc_ranchu: gralloc_alloc: Creating ashmem region of size 9850880
09-07 04:33:03.742  2037  6130 I ActivityTaskManager: START u0 {act=android.intent.action.MAIN cat=[android.intent.category.LAUNCHER] flg=0x10000000 cmp=ru.iteco.fmhandroid.test/androidx.test.core.app.InstrumentationActivityInvoker$EmptyActivity} from uid 10136
09-07 04:33:03.747 25964 25964 D LifecycleMonitor: Lifecycle status change: ru.iteco.fmhandroid.ui.AppActivity@bf025f4 in: PAUSED
09-07 04:33:03.748 25964 25964 V ActivityScenario: Update currentActivityStage to PAUSED, currentActivity=ru.iteco.fmhandroid.ui.AppActivity@bf025f4
09-07 04:33:03.749  2037  4613 W InputReader: Device has associated, but no associated display id.
09-07 04:33:03.750  2037  4613 I chatty  : uid=1000(system) Binder:2037_16 identical 38 lines
09-07 04:33:03.750  2037  4613 W InputReader: Device has associated, but no associated display id.
09-07 04:33:03.750 26019 26019 W ActivityThread: handleWindowVisibility: no activity for token android.os.BinderProxy@d6eec89
09-07 04:33:03.751 25964 26006 V FA      : Recording user engagement, ms: 20237
09-07 04:33:03.751  2037  4613 W InputReader: Device has associated, but no associated display id.
09-07 04:33:03.751  2037  4613 I chatty  : uid=1000(system) Binder:2037_16 identical 8 lines
09-07 04:33:03.751  2037  4613 W InputReader: Device has associated, but no associated display id.
09-07 04:33:03.761  2037  2065 E memtrack: Couldn't load memtrack module
09-07 04:33:03.761  2037  2065 W android.os.Debug: failed to get memory consumption info: -1
09-07 04:33:03.800 25964 26006 V FA      : Connecting to remote service
09-07 04:33:03.805 26019 26056 D HostConnection: HostConnection::get() New Host Connection established 0xda24c190, tid 26056
09-07 04:33:03.806 26019 26056 D HostConnection: HostComposition ext ANDROID_EMU_CHECKSUM_HELPER_v1 ANDROID_EMU_dma_v1 ANDROID_EMU_direct_mem ANDROID_EMU_vulkan ANDROID_EMU_deferred_vulkan_commands ANDROID_EMU_vulkan_null_optional_strings ANDROID_EMU_vulkan_create_resources_with_requirements ANDROID_EMU_YUV420_888_to_NV21 ANDROID_EMU_YUV_Cache ANDROID_EMU_vulkan_free_memory_sync ANDROID_EMU_vulkan_shader_float16_int8 ANDROID_EMU_vulkan_async_queue_submit ANDROID_EMU_sync_buffer_data GL_OES_vertex_array_object GL_KHR_texture_compression_astc_ldr ANDROID_EMU_host_side_tracing ANDROID_EMU_gles_max_version_2 
09-07 04:33:03.809  7867  7867 D BoundBrokerSvc: onBind: Intent { act=com.google.android.gms.measurement.START pkg=com.google.android.gms }
09-07 04:33:03.809  7867  7867 D BoundBrokerSvc: Loading bound service for intent: Intent { act=com.google.android.gms.measurement.START pkg=com.google.android.gms }
09-07 04:33:03.812 26019 26056 W OpenGLRenderer: Failed to choose config with EGL_SWAP_BEHAVIOR_PRESERVED, retrying without...
09-07 04:33:03.813 25964 26006 V FA      : Connection attempt already in progress
09-07 04:33:03.813 25964 26006 V FA      : Activity paused, time: 4107643
09-07 04:33:03.823 26019 26056 D eglCodecCommon: setVertexArrayObject: set vao to 0 (0) 0 0
09-07 04:33:03.823 26019 26056 D EGL_emulation: eglCreateContext: 0xda21a3c0: maj 2 min 0 rcv 2
09-07 04:33:03.851 26019 26056 D EGL_emulation: eglMakeCurrent: 0xda21a3c0: ver 2 0 (tinfo 0xda20f030)
09-07 04:33:03.855 25964 26006 D FA      : Connected to remote service
09-07 04:33:03.856 25964 26006 V FA      : Processing queued up service tasks: 2
09-07 04:33:03.862  1793  1793 D gralloc_ranchu: gralloc_alloc: Creating ashmem region of size 9850880
09-07 04:33:03.865  1678  1678 I hwservicemanager: getTransport: Cannot find entry android.hardware.graphics.mapper@3.0::IMapper/default in either framework or device manifest.
09-07 04:33:03.865 26019 26056 W Gralloc3: mapper 3.x is not supported
09-07 04:33:03.866 26019 26056 D HostConnection: createUnique: call
09-07 04:33:03.866 26019 26056 D HostConnection: HostConnection::get() New Host Connection established 0xda24c410, tid 26056
09-07 04:33:03.868 26019 26056 D HostConnection: HostComposition ext ANDROID_EMU_CHECKSUM_HELPER_v1 ANDROID_EMU_dma_v1 ANDROID_EMU_direct_mem ANDROID_EMU_vulkan ANDROID_EMU_deferred_vulkan_commands ANDROID_EMU_vulkan_null_optional_strings ANDROID_EMU_vulkan_create_resources_with_requirements ANDROID_EMU_YUV420_888_to_NV21 ANDROID_EMU_YUV_Cache ANDROID_EMU_vulkan_free_memory_sync ANDROID_EMU_vulkan_shader_float16_int8 ANDROID_EMU_vulkan_async_queue_submit ANDROID_EMU_sync_buffer_data GL_OES_vertex_array_object GL_KHR_texture_compression_astc_ldr ANDROID_EMU_host_side_tracing ANDROID_EMU_gles_max_version_2 
09-07 04:33:03.868 26019 26056 D eglCodecCommon: allocate: Ask for block of size 0x1000
09-07 04:33:03.869 26019 26056 D eglCodecCommon: allocate: ioctl allocate returned offset 0x3ff684000 size 0x2000
09-07 04:33:03.872  1793  1793 D gralloc_ranchu: gralloc_alloc: Creating ashmem region of size 9850880
09-07 04:33:03.872 26019 26056 D EGL_emulation: eglMakeCurrent: 0xda21a3c0: ver 2 0 (tinfo 0xda20f030)
09-07 04:33:03.875  1793  1793 D gralloc_ranchu: gralloc_alloc: Creating ashmem region of size 9850880
09-07 04:33:03.876 26019 26056 D eglCodecCommon: setVertexArrayObject: set vao to 0 (0) 1 0
09-07 04:33:03.889  7867 26011 V FA-SVC  : Logging event: origin=auto,name=user_engagement(_e),params=Bundle[{ga_event_origin(_o)=auto, engagement_time_msec(_et)=20237, ga_screen_class(_sc)=AppActivity, ga_screen_id(_si)=-3769852900173881405}]
09-07 04:33:03.903  7867 26011 V FA-SVC  : Upload scheduled in approximately ms: 3255396
09-07 04:33:03.903  7867 26011 V FA-SVC  : Unscheduling upload
09-07 04:33:03.906  7867 26011 V FA-SVC  : Scheduling upload, millis: 3255396
09-07 04:33:03.908  7867 26011 V FA-SVC  : Background event processing time, ms: 19
09-07 04:33:03.955  2037  2903 W InputReader: Device has associated, but no associated display id.
09-07 04:33:03.957  2037  2903 I chatty  : uid=1000(system) Binder:2037_C identical 48 lines
09-07 04:33:03.957  2037  2903 W InputReader: Device has associated, but no associated display id.
09-07 04:33:03.964 26019 26019 W ActivityThread: handleWindowVisibility: no activity for token android.os.BinderProxy@ee74d3e
09-07 04:33:03.791  2037  6130 I ActivityTaskManager: START u0 {act=android.intent.action.MAIN cat=[android.intent.category.LAUNCHER] flg=0x10000000 cmp=ru.iteco.fmhandroid.test/androidx.test.core.app.InstrumentationActivityInvoker$EmptyActivity} from uid 10136
09-07 04:33:03.993  2037  2903 W ActivityTaskManager: Duplicate finish request for ActivityRecord{95e0a97 u0 ru.iteco.fmhandroid/.ui.AppActivity t796 f}
09-07 04:33:04.012  1793  1793 D gralloc_ranchu: gralloc_alloc: Creating ashmem region of size 9850880
09-07 04:33:04.017  1793  1793 I chatty  : uid=1000(system) allocator@2.0-s identical 1 line
09-07 04:33:04.019  1793  1793 D gralloc_ranchu: gralloc_alloc: Creating ashmem region of size 9850880
09-07 04:33:04.020 26019 26056 D EGL_emulation: eglMakeCurrent: 0xda21a3c0: ver 2 0 (tinfo 0xda20f030)
09-07 04:33:04.042  2037  2061 W InputReader: Device has associated, but no associated display id.
09-07 04:33:04.042  2037  2061 I chatty  : uid=1000(system) android.anim identical 18 lines
09-07 04:33:04.042  2037  2061 W InputReader: Device has associated, but no associated display id.
09-07 04:33:04.045  2037  2065 I ActivityTaskManager: Displayed ru.iteco.fmhandroid.test/androidx.test.core.app.InstrumentationActivityInvoker$EmptyActivity: +208ms
09-07 04:33:04.051  2037  2903 W InputReader: Device has associated, but no associated display id.
09-07 04:33:04.051  2037  2903 I chatty  : uid=1000(system) Binder:2037_C identical 8 lines
09-07 04:33:04.051  2037  2903 W InputReader: Device has associated, but no associated display id.
09-07 04:33:04.060  2037  4613 W InputReader: Device has associated, but no associated display id.
09-07 04:33:04.060  2037  4613 I chatty  : uid=1000(system) Binder:2037_16 identical 8 lines
09-07 04:33:04.060  2037  4613 W InputReader: Device has associated, but no associated display id.
09-07 04:33:04.061  1823  1823 W SurfaceFlinger: couldn't log to binary event log: overflow.
09-07 04:33:04.069 25964 26059 D EGL_emulation: eglMakeCurrent: 0xda21b3e0: ver 2 0 (tinfo 0xda20ffa0)
09-07 04:33:04.083 25964 25964 D LifecycleMonitor: Lifecycle status change: ru.iteco.fmhandroid.ui.AppActivity@bf025f4 in: STOPPED
09-07 04:33:04.083 25964 25964 V ActivityScenario: Update currentActivityStage to STOPPED, currentActivity=ru.iteco.fmhandroid.ui.AppActivity@bf025f4
09-07 04:33:04.085  2037  2037 W ActivityManager: Unable to start service Intent { act=android.service.appprediction.AppPredictionService cmp=com.google.android.as/com.google.android.apps.miphone.aiai.app.AiAiPredictionService } U=0: not found
09-07 04:33:04.085  2037  2037 W RemoteAppPredictionService: could not bind to Intent { act=android.service.appprediction.AppPredictionService cmp=com.google.android.as/com.google.android.apps.miphone.aiai.app.AiAiPredictionService } using flags 67108865
09-07 04:33:04.090  1793  1793 D gralloc_ranchu: gralloc_alloc: Creating ashmem region of size 9850880
09-07 04:33:04.097 25964 25964 W System.err: ru.iteco.fmhandroid.exceptions.UnknownException
09-07 04:33:04.101 25964 26077 I okhttp.OkHttpClient: <-- HTTP FAILED: java.net.SocketException: Socket closed
09-07 04:33:04.102  1793  1793 D gralloc_ranchu: gralloc_alloc: Creating ashmem region of size 9850880
09-07 04:33:04.102 25964 25964 W System.err: 	at ru.iteco.fmhandroid.utils.Utils.makeRequest(Utils.kt:123)
09-07 04:33:04.102 25964 25964 W System.err: 	at ru.iteco.fmhandroid.utils.Utils$makeRequest$1.invokeSuspend(Unknown Source:15)
09-07 04:33:04.102 25964 25964 W System.err: 	at kotlin.coroutines.jvm.internal.BaseContinuationImpl.resumeWith(ContinuationImpl.kt:33)
09-07 04:33:04.102 25964 25964 W System.err: 	at kotlinx.coroutines.DispatchedTaskKt.resume(DispatchedTask.kt:234)
09-07 04:33:04.103 25964 25964 W System.err: 	at kotlinx.coroutines.DispatchedTaskKt.resumeUnconfined(DispatchedTask.kt:190)
09-07 04:33:04.103 25964 25964 W System.err: 	at kotlinx.coroutines.DispatchedTaskKt.dispatch(DispatchedTask.kt:161)
09-07 04:33:04.103 25964 25964 W System.err: 	at kotlinx.coroutines.CancellableContinuationImpl.dispatchResume(CancellableContinuationImpl.kt:397)
09-07 04:33:04.103 25964 25964 W System.err: 	at kotlinx.coroutines.CancellableContinuationImpl.cancel(CancellableContinuationImpl.kt:183)
09-07 04:33:04.103 25964 25964 W System.err: 	at kotlinx.coroutines.CancellableContinuationImpl.parentCancelled$kotlinx_coroutines_core(CancellableContinuationImpl.kt:190)
09-07 04:33:04.103 25964 25964 W System.err: 	at kotlinx.coroutines.ChildContinuation.invoke(JobSupport.kt:1474)
09-07 04:33:04.103 25964 25964 W System.err: 	at kotlinx.coroutines.JobSupport.notifyCancelling(JobSupport.kt:1499)
09-07 04:33:04.103 25964 25964 W System.err: 	at kotlinx.coroutines.JobSupport.tryMakeCancelling(JobSupport.kt:795)
09-07 04:33:04.103 25964 25964 W System.err: 	at kotlinx.coroutines.JobSupport.makeCancelling(JobSupport.kt:755)
09-07 04:33:04.103 25964 25964 W System.err: 	at kotlinx.coroutines.JobSupport.cancelImpl$kotlinx_coroutines_core(JobSupport.kt:671)
09-07 04:33:04.103 25964 25964 W System.err: 	at kotlinx.coroutines.JobSupport.parentCancelled(JobSupport.kt:637)
09-07 04:33:04.103 25964 25964 W System.err: 	at kotlinx.coroutines.ChildHandleNode.invoke(JobSupport.kt:1465)
09-07 04:33:04.103 25964 25964 W System.err: 	at kotlinx.coroutines.JobSupport.notifyCancelling(JobSupport.kt:1499)
09-07 04:33:04.103 25964 25964 W System.err: 	at kotlinx.coroutines.JobSupport.tryMakeCompletingSlowPath(JobSupport.kt:900)
09-07 04:33:04.103 25964 25964 W System.err: 	at kotlinx.coroutines.JobSupport.tryMakeCompleting(JobSupport.kt:863)
09-07 04:33:04.103 25964 25964 W System.err: 	at kotlinx.coroutines.JobSupport.cancelMakeCompleting(JobSupport.kt:696)
09-07 04:33:04.103 25964 25964 W System.err: 	at kotlinx.coroutines.JobSupport.cancelImpl$kotlinx_coroutines_core(JobSupport.kt:667)
09-07 04:33:04.103 25964 25964 W System.err: 	at kotlinx.coroutines.JobSupport.cancelInternal(JobSupport.kt:632)
09-07 04:33:04.103 25964 25964 W System.err: 	at kotlinx.coroutines.JobSupport.cancel(JobSupport.kt:617)
09-07 04:33:04.103 25964 25964 W System.err: 	at kotlinx.coroutines.JobKt__JobKt.cancel(Job.kt:561)
09-07 04:33:04.103 25964 25964 W System.err: 	at kotlinx.coroutines.JobKt.cancel(Unknown Source:1)
09-07 04:33:04.103 25964 25964 W System.err: 	at kotlinx.coroutines.JobKt__JobKt.cancel$default(Job.kt:560)
09-07 04:33:04.103 25964 25964 W System.err: 	at kotlinx.coroutines.JobKt.cancel$default(Unknown Source:1)
09-07 04:33:04.103 25964 25964 W System.err: 	at androidx.lifecycle.CloseableCoroutineScope.close(ViewModel.kt:51)
09-07 04:33:04.103 25964 25964 W System.err: 	at androidx.lifecycle.ViewModel.closeWithRuntimeException(ViewModel.java:188)
09-07 04:33:04.107 25964 25964 W System.err: 	at androidx.lifecycle.ViewModel.clear(ViewModel.java:134)
09-07 04:33:04.107 25964 25964 W System.err: 	at androidx.lifecycle.ViewModelStore.clear(ViewModelStore.java:62)
09-07 04:33:04.107 25964 25964 W System.err: 	at androidx.fragment.app.FragmentManagerViewModel.clearNonConfigStateInternal(FragmentManagerViewModel.java:210)
09-07 04:33:04.107 25964 25964 W System.err: 	at androidx.fragment.app.FragmentManagerViewModel.clearNonConfigState(FragmentManagerViewModel.java:190)
09-07 04:33:04.107 25964 25964 W System.err: 	at androidx.fragment.app.FragmentStateManager.destroy(FragmentStateManager.java:778)
09-07 04:33:04.108 25964 25964 W System.err: 	at androidx.fragment.app.FragmentStateManager.moveToExpectedState(FragmentStateManager.java:335)
09-07 04:33:04.108 25964 25964 W System.err: 	at androidx.fragment.app.FragmentStore.moveToExpectedState(FragmentStore.java:113)
09-07 04:33:04.108 25964 25964 W System.err: 	at androidx.fragment.app.FragmentManager.moveToState(FragmentManager.java:1374)
09-07 04:33:04.108 25964 25964 W System.err: 	at androidx.fragment.app.FragmentManager.dispatchStateChange(FragmentManager.java:2841)
09-07 04:33:04.108 25964 25964 W System.err: 	at androidx.fragment.app.FragmentManager.dispatchDestroy(FragmentManager.java:2820)
09-07 04:33:04.108 25964 25964 W System.err: 	at androidx.fragment.app.Fragment.performDestroy(Fragment.java:3246)
09-07 04:33:04.108 25964 25964 W System.err: 	at androidx.fragment.app.FragmentStateManager.destroy(FragmentStateManager.java:780)
09-07 04:33:04.108 25964 25964 W System.err: 	at androidx.fragment.app.FragmentStateManager.moveToExpectedState(FragmentStateManager.java:335)
09-07 04:33:04.108 25964 25964 W System.err: 	at androidx.fragment.app.SpecialEffectsController$FragmentStateManagerOperation.complete(SpecialEffectsController.java:771)
09-07 04:33:04.108 25964 25964 W System.err: 	at androidx.fragment.app.SpecialEffectsController$Operation.cancel(SpecialEffectsController.java:615)
09-07 04:33:04.108 25964 25964 W System.err: 	at androidx.fragment.app.SpecialEffectsController.forceCompleteAllOperations(SpecialEffectsController.java:350)
09-07 04:33:04.108 25964 25964 W System.err: 	at androidx.fragment.app.FragmentManager.dispatchStateChange(FragmentManager.java:2844)
09-07 04:33:04.109 25964 25964 W System.err: 	at androidx.fragment.app.FragmentManager.dispatchDestroy(FragmentManager.java:2820)
09-07 04:33:04.109 25964 25964 W System.err: 	at androidx.fragment.app.FragmentController.dispatchDestroy(FragmentController.java:345)
09-07 04:33:04.109 25964 25964 W System.err: 	at androidx.fragment.app.FragmentActivity.onDestroy(FragmentActivity.java:306)
09-07 04:33:04.109 25964 25964 W System.err: 	at androidx.appcompat.app.AppCompatActivity.onDestroy(AppCompatActivity.java:278)
09-07 04:33:04.109 25964 25964 W System.err: 	at android.app.Activity.performDestroy(Activity.java:8048)
09-07 04:33:04.109 25964 25964 W System.err: 	at android.app.Instrumentation.callActivityOnDestroy(Instrumentation.java:1334)
09-07 04:33:04.109 25964 25964 W System.err: 	at androidx.test.runner.MonitoringInstrumentation.callActivityOnDestroy(MonitoringInstrumentation.java:766)
09-07 04:33:04.109 25964 25964 W System.err: 	at android.app.ActivityThread.performDestroyActivity(ActivityThread.java:4926)
09-07 04:33:04.110 25964 25964 W System.err: 	at android.app.ActivityThread.handleDestroyActivity(ActivityThread.java:4970)
09-07 04:33:04.110 25964 25964 W System.err: 	at android.app.servertransaction.DestroyActivityItem.execute(DestroyActivityItem.java:44)
09-07 04:33:04.110 25964 25964 W System.err: 	at android.app.servertransaction.TransactionExecutor.executeLifecycleState(TransactionExecutor.java:176)
09-07 04:33:04.110 25964 25964 W System.err: 	at android.app.servertransaction.TransactionExecutor.execute(TransactionExecutor.java:97)
09-07 04:33:04.110 25964 25964 W System.err: 	at android.app.ActivityThread$H.handleMessage(ActivityThread.java:2016)
09-07 04:33:04.110 25964 25964 W System.err: 	at android.os.Handler.dispatchMessage(Handler.java:107)
09-07 04:33:04.110 25964 25964 W System.err: 	at android.os.Looper.loop(Looper.java:214)
09-07 04:33:04.110 25964 25964 W System.err: 	at android.app.ActivityThread.main(ActivityThread.java:7356)
09-07 04:33:04.110 25964 25964 W System.err: 	at java.lang.reflect.Method.invoke(Native Method)
09-07 04:33:04.110 25964 25964 W System.err: 	at com.android.internal.os.RuntimeInit$MethodAndArgsCaller.run(RuntimeInit.java:492)
09-07 04:33:04.110 25964 25964 W System.err: 	at com.android.internal.os.ZygoteInit.main(ZygoteInit.java:930)
09-07 04:33:04.111  2666  3068 D EGL_emulation: eglMakeCurrent: 0xda21b0e0: ver 2 0 (tinfo 0xda20fbb0)
09-07 04:33:04.112  1793  1793 D gralloc_ranchu: gralloc_alloc: Creating ashmem region of size 9850880
09-07 04:33:04.114  1793  1793 D gralloc_ranchu: gralloc_alloc: Creating ashmem region of size 9850880
09-07 04:33:04.116  1793  2554 D gralloc_ranchu: gralloc_alloc: Creating ashmem region of size 9850880
09-07 04:33:04.119  2434  2714 D EGL_emulation: eglMakeCurrent: 0xed453b60: ver 2 0 (tinfo 0xe233a960)
09-07 04:33:04.136 25964 25964 D LifecycleMonitor: Lifecycle status change: ru.iteco.fmhandroid.ui.AppActivity@bf025f4 in: DESTROYED
09-07 04:33:04.136 25964 25964 V ActivityScenario: Update currentActivityStage to DESTROYED, currentActivity=null
09-07 04:33:04.141  1793  2554 D gralloc_ranchu: gralloc_alloc: Creating ashmem region of size 9850880
09-07 04:33:04.166  2666  2666 I dnsi    : onStart
09-07 04:33:04.169  2666  2666 I dnsi    : onResume
09-07 04:33:04.172  2037  2061 W InputReader: Device has associated, but no associated display id.
09-07 04:33:04.173  2037  2061 I chatty  : uid=1000(system) android.anim identical 8 lines
09-07 04:33:04.173  2037  2061 W InputReader: Device has associated, but no associated display id.
09-07 04:33:04.179  1793  1793 D gralloc_ranchu: gralloc_alloc: Creating ashmem region of size 6307840
09-07 04:33:04.203  2182  2468 D EGL_emulation: eglMakeCurrent: 0xda21a360: ver 2 0 (tinfo 0xda20f590)
09-07 04:33:04.209  1792  2272 E GnssHAL_GnssInterface: gnssSvStatusCb: a: input svInfo.flags is 8
09-07 04:33:04.209  1792  2272 E GnssHAL_GnssInterface: gnssSvStatusCb: b: input svInfo.flags is 8
09-07 04:33:04.226 26019 26056 D EGL_emulation: eglMakeCurrent: 0xda21a3c0: ver 2 0 (tinfo 0xda20f030)
09-07 04:33:04.233  1823  1823 E Layer   : [Surface(name=AppWindowToken{459e199 token=Token{b961ae0 ActivityRecord{53be0e3 u0 com.google.android.apps.nexuslauncher/.NexusLauncherActivity t652}}})/@0xafc1306 - animation-leash#0] No local sync point found
09-07 04:33:04.233  1823  1823 E Layer   : [Surface(name=AppWindowToken{bf0f301 token=Token{b5270e8 ActivityRecord{94b2a0b u0 ru.iteco.fmhandroid.test/androidx.test.core.app.InstrumentationActivityInvoker$EmptyActivity t796}}})/@0xb388348 - animation-leash#0] No local sync point found
09-07 04:33:04.242  2182  2182 W View    : requestLayout() improperly called by com.android.keyguard.AlphaOptimizedLinearLayout{551c6d8 V.E...... ......ID 7,0-48,61 #7f0a041c app:id/wifi_group} during second layout pass: posting in next frame
09-07 04:33:04.265  7867  7867 D BoundBrokerSvc: onBind: Intent { act=com.google.android.gms.inappreach.service.START dat=chimera-action: cmp=com.google.android.gms/.chimera.GmsApiService }
09-07 04:33:04.265  7867  7867 D BoundBrokerSvc: Loading bound service for intent: Intent { act=com.google.android.gms.inappreach.service.START dat=chimera-action: cmp=com.google.android.gms/.chimera.GmsApiService }
09-07 04:33:04.266  2182  2182 W View    : requestLayout() improperly called by StatusBarIconView(slot=mobile icon=null notification=null) during layout: running second layout pass
