--------- beginning of main
09-07 04:32:40.206  1792  2272 E GnssHAL_GnssInterface: gnssSvStatusCb: a: input svInfo.flags is 8
09-07 04:32:40.206  1792  2272 E GnssHAL_GnssInterface: gnssSvStatusCb: b: input svInfo.flags is 8
--------- beginning of system
09-07 04:32:40.633  2037  5231 I ActivityManager: Force stopping ru.iteco.fmhandroid appid=10136 user=0: from pid 25851
09-07 04:32:40.643  2279  2279 D CarrierSvcBindHelper: No carrier app for: 0
09-07 04:32:40.656  9734  9734 I studio.deploy: Received request 'dump'
09-07 04:32:40.706  2037  5231 I ActivityManager: Force stopping ru.iteco.fmhandroid appid=10136 user=0: from pid 25867
09-07 04:32:40.716  2279  2279 D CarrierSvcBindHelper: No carrier app for: 0
09-07 04:32:40.727  9734  9734 I studio.deploy: Received request 'dump'
09-07 04:32:40.789  9734  9734 I studio.deploy: Received request 'deltainstall'
09-07 04:32:40.865  2037  2080 W PackageParser: Unknown element under <manifest>: queries at /data/app/vmdl543147697.tmp/base.apk Binary XML file line #16
09-07 04:32:40.866  2037  2080 I PackageManager: Update package ru.iteco.fmhandroid.test code path from /data/app/ru.iteco.fmhandroid.test-4M7iuHDdXKpeQxn0etSUzw== to /data/app/ru.iteco.fmhandroid.test-wmXaQxsMMx3tsITpYUp3Pw==; Retain data and using new
09-07 04:32:40.866  2037  2080 I PackageManager: Update package ru.iteco.fmhandroid.test resource path from /data/app/ru.iteco.fmhandroid.test-4M7iuHDdXKpeQxn0etSUzw== to /data/app/ru.iteco.fmhandroid.test-wmXaQxsMMx3tsITpYUp3Pw==; Retain data and using new
09-07 04:32:40.886  2037  2080 I PackageManager: Un-granting permission android.permission.MANAGE_DOCUMENTS from package com.google.android.youtube (protectionLevel=262146 flags=0x30dbbe45)
09-07 04:32:40.886  2037  2080 I PackageManager: Un-granting permission android.permission.INTERACT_ACROSS_PROFILES from package com.google.android.googlequicksearchbox (protectionLevel=18 flags=0x28dbbec5)
09-07 04:32:40.886  2037  2080 I PackageManager: Un-granting permission android.permission.MANAGE_SOUND_TRIGGER from package com.google.android.googlequicksearchbox (protectionLevel=18 flags=0x28dbbec5)
09-07 04:32:40.887  2037  2080 I PackageManager: Un-granting permission android.permission.MANAGE_USB from package com.google.android.googlequicksearchbox (protectionLevel=18 flags=0x28dbbec5)
09-07 04:32:40.887  2037  2080 I PackageManager: Un-granting permission android.permission.CONTROL_INCALL_EXPERIENCE from package com.google.android.googlequicksearchbox (protectionLevel=18 flags=0x28dbbec5)
09-07 04:32:40.887  2037  2080 I PackageManager: Un-granting permission android.permission.WRITE_APN_SETTINGS from package com.google.android.googlequicksearchbox (protectionLevel=18 flags=0x28dbbec5)
09-07 04:32:40.887  2037  2080 I PackageManager: Un-granting permission android.permission.SUBSTITUTE_SHARE_TARGET_APP_NAME_AND_ICON from package com.google.android.googlequicksearchbox (protectionLevel=18 flags=0x28dbbec5)
09-07 04:32:40.887  2037  2080 I PackageManager: Un-granting permission com.google.android.googleapps.permission.GOOGLE_AUTH from package com.android.providers.calendar (protectionLevel=2 flags=0x30883e45)
09-07 04:32:40.887  2037  2080 I PackageManager: Un-granting permission com.google.android.googleapps.permission.GOOGLE_AUTH.cl from package com.android.providers.calendar (protectionLevel=2 flags=0x30883e45)
09-07 04:32:40.887  2037  2080 I PackageManager: Un-granting permission android.permission.WRITE_SECURE_SETTINGS from package com.google.android.apps.enterprise.dmagent (protectionLevel=50 flags=0x30083e05)
09-07 04:32:40.887  2037  2080 I PackageManager: Un-granting permission android.permission.CONNECTIVITY_INTERNAL from package com.google.android.apps.enterprise.dmagent (protectionLevel=18 flags=0x30083e05)
09-07 04:32:40.887  2037  2080 I PackageManager: Un-granting permission android.permission.MANAGE_USB from package com.google.android.apps.enterprise.dmagent (protectionLevel=18 flags=0x30083e05)
09-07 04:32:40.887  2037  2080 I PackageManager: Un-granting permission android.permission.CHANGE_COMPONENT_ENABLED_STATE from package com.google.android.apps.enterprise.dmagent (protectionLevel=18 flags=0x30083e05)
09-07 04:32:40.887  2037  2080 I PackageManager: Un-granting permission android.permission.MANAGE_CA_CERTIFICATES from package com.google.android.apps.enterprise.dmagent (protectionLevel=18 flags=0x30083e05)
09-07 04:32:40.887  2037  2080 I PackageManager: Un-granting permission android.permission.MANAGE_USERS from package com.google.android.apps.enterprise.dmagent (protectionLevel=18 flags=0x30083e05)
09-07 04:32:40.887  2037  2080 I PackageManager: Un-granting permission com.google.android.setupwizard.READ_DEVICE_ORIGIN from package com.google.android.apps.messaging (protectionLevel=18 flags=0x38cbbe45)
09-07 04:32:40.887  2037  2080 I PackageManager: Un-granting permission android.permission.HIDE_NON_SYSTEM_OVERLAY_WINDOWS from package com.android.vending (protectionLevel=258 flags=0x28cabec5)
09-07 04:32:40.887  2037  2080 I PackageManager: Un-granting permission android.permission.SEND_DOWNLOAD_COMPLETED_INTENTS from package com.android.vending (protectionLevel=2 flags=0x28cabec5)
09-07 04:32:40.887  2037  2080 I PackageManager: Un-granting permission android.permission.BIND_WALLPAPER from package com.android.camera2 (protectionLevel=18 flags=0x20d8bc45)
09-07 04:32:40.887  2037  2080 I PackageManager: Un-granting permission android.permission.REQUEST_INSTALL_PACKAGES from package com.google.android.gm (protectionLevel=66 flags=0x38cbbe45)
09-07 04:32:40.887  2037  2080 I PackageManager: Un-granting permission android.permission.BIND_JOB_SERVICE from package com.google.android.music (protectionLevel=2 flags=0x38cbbe65)
09-07 04:32:40.888  2037  2080 I PackageManager: Un-granting permission android.permission.CONNECTIVITY_USE_RESTRICTED_NETWORKS from package com.google.android.captiveportallogin (protectionLevel=18 flags=0x38c8be45)
09-07 04:32:40.888  2037  2080 I PackageManager: Un-granting permission android.permission.NETWORK_BYPASS_PRIVATE_DNS from package com.google.android.captiveportallogin (protectionLevel=2 flags=0x38c8be45)
09-07 04:32:40.888  2037  2080 I PackageManager: Un-granting permission android.permission.REQUEST_INSTALL_PACKAGES from package com.google.android.apps.docs (protectionLevel=66 flags=0x38cbbe45)
09-07 04:32:40.888  2037  2080 I PackageManager: Un-granting permission android.permission.INTERACT_ACROSS_USERS from package com.google.android.syncadapters.contacts (protectionLevel=50 flags=0x20883e45)
09-07 04:32:40.888  2037  2080 I PackageManager: Un-granting permission android.permission.REQUEST_INSTALL_PACKAGES from package com.android.chrome (protectionLevel=66 flags=0xa0cbbe45)
09-07 04:32:40.888  2037  2080 I PackageManager: Un-granting permission android.permission.WRITE_EMBEDDED_SUBSCRIPTIONS from package com.google.android.gms (protectionLevel=50 flags=0xa0cabec5)
09-07 04:32:40.888  2037  2080 I PackageManager: Un-granting permission android.permission.CAPTURE_VIDEO_OUTPUT from package com.google.android.gms (protectionLevel=2 flags=0xa0cabec5)
09-07 04:32:40.888  2037  2080 I PackageManager: Un-granting permission android.permission.FORCE_STOP_PACKAGES from package com.google.android.gms (protectionLevel=18 flags=0xa0cabec5)
09-07 04:32:40.888  2037  2080 I PackageManager: Un-granting permission android.permission.MODIFY_DEFAULT_AUDIO_EFFECTS from package com.google.android.gms (protectionLevel=18 flags=0xa0cabec5)
09-07 04:32:40.888  2037  2080 I PackageManager: Un-granting permission android.permission.MANAGE_DEVICE_ADMINS from package com.google.android.gms (protectionLevel=2 flags=0xa0cabec5)
09-07 04:32:40.888  2037  2080 I PackageManager: Un-granting permission android.permission.MANAGE_ACTIVITY_STACKS from package com.google.android.gms (protectionLevel=2 flags=0xa0cabec5)
09-07 04:32:40.888  2037  2080 I PackageManager: Un-granting permission android.permission.CAPTURE_SECURE_VIDEO_OUTPUT from package com.google.android.gms (protectionLevel=2 flags=0xa0cabec5)
09-07 04:32:40.888  2037  2080 I PackageManager: Un-granting permission android.permission.MANAGE_ROLLBACKS from package com.google.android.gms (protectionLevel=514 flags=0xa0cabec5)
09-07 04:32:40.888  2037  2080 I PackageManager: Un-granting permission android.permission.MEDIA_CONTENT_CONTROL from package com.google.android.gms (protectionLevel=18 flags=0xa0cabec5)
09-07 04:32:40.888  2037  2080 I PackageManager: Un-granting permission android.permission.HIDE_NON_SYSTEM_OVERLAY_WINDOWS from package com.google.android.gms (protectionLevel=258 flags=0xa0cabec5)
09-07 04:32:40.889  2037  2080 I PackageManager: Un-granting permission com.google.android.googleapps.permission.GOOGLE_AUTH from package com.google.android.videos (protectionLevel=2 flags=0x30dbbe45)
09-07 04:32:40.890  2037  2080 I PackageManager: Un-granting permission android.permission.WRITE_MEDIA_STORAGE from package com.google.android.apps.photos (protectionLevel=18 flags=0x38d9be45)
09-07 04:32:40.933  8176  8176 I Finsky  : [2] vms.g(1): vms - Received: android.intent.action.PACKAGE_REMOVED, [JKgrAT7ZrU_atynDxHtFKlznxOwkruuqzdx-Cu5fTVw]
09-07 04:32:40.938  2689  2689 I GsaVoiceInteractionSrv: (REDACTED) O received %s
09-07 04:32:40.941  2037  2133 I InputReader: Reconfiguring input devices.  changes=0x00000010
09-07 04:32:40.963  2037  2133 I InputReader: Reconfiguring input devices.  changes=0x00000010
09-07 04:32:40.967  8176 25897 I Finsky  : [944] oll.run(296): Wrote row to frosting DB: 1744
09-07 04:32:40.974  2037  2066 W BroadcastQueue: Background execution not allowed: receiving Intent { act=android.intent.action.PACKAGE_REMOVED dat=package:ru.iteco.fmhandroid.test flg=0x4000010 (has extras) } to com.android.musicfx/.Compatibility$Receiver
09-07 04:32:40.974  2037  2066 W BroadcastQueue: Background execution not allowed: receiving Intent { act=android.intent.action.PACKAGE_REMOVED dat=package:ru.iteco.fmhandroid.test flg=0x4000010 (has extras) } to com.android.vending/com.google.android.finsky.packagemonitor.impl.PackageMonitorReceiverImpl$RegisteredReceiver
09-07 04:32:40.978  8176 25900 I Finsky  : [946] pth.accept(76): IQ: handled package removed
09-07 04:32:40.986  2689  2689 I GsaVoiceInteractionSrv: (REDACTED) O received %s
09-07 04:32:40.988  2434  2940 E ActivityThread: Failed to find provider info for com.google.android.apps.wellbeing.api
09-07 04:32:40.989  2037  2066 W BroadcastQueue: Background execution not allowed: receiving Intent { act=android.intent.action.PACKAGE_REMOVED dat=package:ru.iteco.fmhandroid.test flg=0x4000010 (has extras) } to com.android.vending/com.google.android.finsky.packagemonitor.backgroundimpl.BackgroundPackageMonitorReceiverImpl$RegisteredReceiver
09-07 04:32:40.990  2037  2066 W BroadcastQueue: Background execution not allowed: receiving Intent { act=android.intent.action.PACKAGE_REMOVED dat=package:ru.iteco.fmhandroid.test flg=0x4000010 (has extras) } to com.android.vending/com.google.android.finsky.instantapps.appmanagement.InstantAppRemoveMonitor
09-07 04:32:40.990  2037  2066 W BroadcastQueue: Background execution not allowed: receiving Intent { act=android.intent.action.PACKAGE_REMOVED dat=package:ru.iteco.fmhandroid.test flg=0x4000010 (has extras) } to com.google.android.gms/.games.chimera.GamesSystemBroadcastReceiverProxy
09-07 04:32:40.990  2037  2066 W BroadcastQueue: Background execution not allowed: receiving Intent { act=android.intent.action.PACKAGE_REMOVED dat=package:ru.iteco.fmhandroid.test flg=0x4000010 (has extras) } to com.google.android.gms/.chimera.GmsIntentOperationService$PersistentTrustedReceiver
09-07 04:32:40.990  2037  2066 W BroadcastQueue: Background execution not allowed: receiving Intent { act=android.intent.action.PACKAGE_ADDED dat=package:ru.iteco.fmhandroid.test flg=0x4000010 (has extras) } to com.google.android.packageinstaller/com.android.packageinstaller.PackageInstalledReceiver
09-07 04:32:40.991  2037  2066 W BroadcastQueue: Background execution not allowed: receiving Intent { act=android.intent.action.PACKAGE_ADDED dat=package:ru.iteco.fmhandroid.test flg=0x4000010 (has extras) } to com.android.musicfx/.Compatibility$Receiver
09-07 04:32:40.991  2037  2066 W BroadcastQueue: Background execution not allowed: receiving Intent { act=android.intent.action.PACKAGE_ADDED dat=package:ru.iteco.fmhandroid.test flg=0x4000010 (has extras) } to com.android.vending/com.google.android.finsky.packagemonitor.impl.PackageMonitorReceiverImpl$RegisteredReceiver
09-07 04:32:40.991  2037  2066 W BroadcastQueue: Background execution not allowed: receiving Intent { act=android.intent.action.PACKAGE_ADDED dat=package:ru.iteco.fmhandroid.test flg=0x4000010 (has extras) } to com.android.vending/com.google.android.finsky.packagemonitor.backgroundimpl.BackgroundPackageMonitorReceiverImpl$RegisteredReceiver
09-07 04:32:40.991  2037  2066 W BroadcastQueue: Background execution not allowed: receiving Intent { act=android.intent.action.PACKAGE_ADDED dat=package:ru.iteco.fmhandroid.test flg=0x4000010 (has extras) } to com.google.android.gms/.games.chimera.GamesSystemBroadcastReceiverProxy
09-07 04:32:40.991  2037  2066 W BroadcastQueue: Background execution not allowed: receiving Intent { act=android.intent.action.PACKAGE_ADDED dat=package:ru.iteco.fmhandroid.test flg=0x4000010 (has extras) } to com.google.android.gms/.gass.chimera.PackageChangeBroadcastReceiver
09-07 04:32:40.991  2037  2066 W BroadcastQueue: Background execution not allowed: receiving Intent { act=android.intent.action.PACKAGE_ADDED dat=package:ru.iteco.fmhandroid.test flg=0x4000010 (has extras) } to com.google.android.gms/.chimera.GmsIntentOperationService$PersistentTrustedReceiver
09-07 04:32:40.992  2037  2066 W BroadcastQueue: Background execution not allowed: receiving Intent { act=android.intent.action.PACKAGE_ADDED dat=package:ru.iteco.fmhandroid.test flg=0x4000010 (has extras) } to com.google.android.ims/.receivers.RcsAutoStartReceiver
09-07 04:32:40.999  2037  2133 I InputReader: Reconfiguring input devices.  changes=0x00000010
09-07 04:32:40.999  2689  2689 I GsaVoiceInteractionSrv: (REDACTED) O received %s
09-07 04:32:41.006  8176  8257 I Finsky  : [592] jnn.a(53): AIM: AppInfoManager-Perf > OnDeviceAppInfo > cacheHitCount=0, cacheMissCount=1. Missed  in cache (limit 10) : [ru.iteco.fmhandroid.test]
09-07 04:32:41.006  8176  8257 I Finsky  : [592] jlf.apply(886): AIM: Got app ownership map. App counts: . Unique apps: 0
09-07 04:32:41.009  8176  8176 I Finsky  : [2] vms.g(1): vms - Received: android.intent.action.PACKAGE_ADDED, [JKgrAT7ZrU_atynDxHtFKlznxOwkruuqzdx-Cu5fTVw]
09-07 04:32:41.013  8176 25897 I Finsky  : [944] oll.run(296): Wrote row to frosting DB: 1745
09-07 04:32:41.035  8176 25897 I Finsky  : [944] oll.run(296): Wrote row to frosting DB: 1746
09-07 04:32:41.037  2666  3039 I aykq    : (REDACTED) isOpaHotwordEnabled: %b
09-07 04:32:41.038  2666  3039 I aykq    : Disabling the hotword detector.
09-07 04:32:41.049  2666  3039 I apsj    : (REDACTED) Updating hotword opa ineligibility to %b
09-07 04:32:41.051  2666  3039 I ayhu    : getLocaleToModelSpecsMap
09-07 04:32:41.051  2666  3039 I ayhu    : Fetching latest config from MDD...
09-07 04:32:41.051  2666  3039 I ayhu    : (REDACTED) Found map of size: %d
09-07 04:32:41.051  2666  3039 I ayht    : (REDACTED) Adding from proto config to map [configKey: %s locale: %s modelType: %s modelPrefix: %s Location: %s isSpeakerIdSupported: %b]
09-07 04:32:41.053  2689  3085 W gmjq    : Receive a config update when there's no subscriber. Ignore the request!
09-07 04:32:41.056  8176  8176 I Finsky  : [2] qos.akj(13): DTU: Received onPackageAdded, replacing: true
09-07 04:32:41.058  2666  3039 I bioh    : (REDACTED) Initializing MicroDataManager InitializeType-%d, isForced-%b, isActivePhoneEnrollment-%b isActiveGoogleHomeEnrollment-%b
09-07 04:32:41.058  2666  3039 I ayhu    : getLocaleToModelSpecsMap
09-07 04:32:41.058  2666  3039 I ayhu    : Fetching latest config from MDD...
09-07 04:32:41.058  2666  3039 I ayhu    : (REDACTED) Found map of size: %d
09-07 04:32:41.059  2666  3039 I ayht    : (REDACTED) Adding from proto config to map [configKey: %s locale: %s modelType: %s modelPrefix: %s Location: %s isSpeakerIdSupported: %b]
09-07 04:32:41.059  2666  3039 I ayma    : (REDACTED) Location for model with model type: %s and locale: %s, is : %s
09-07 04:32:41.059  2666  3039 I aykq    : (REDACTED) isOpaHotwordEnabled: %b
09-07 04:32:41.059  2666  3039 I aykq    : Disabling the hotword detector.
09-07 04:32:41.062  8176  8176 I Finsky  : [2] vms.g(1): vms - Received: android.intent.action.PACKAGE_ADDED, [JKgrAT7ZrU_atynDxHtFKlznxOwkruuqzdx-Cu5fTVw]
09-07 04:32:41.068  2666  3039 I apsj    : (REDACTED) #takeChangeMicroDetectorMode [mIsBargeInEnabled: %b, mCurrentDetectionMode: %s]
09-07 04:32:41.068  2666  3039 I apsj    : (REDACTED) Should stop hotword detection immediately - %b
09-07 04:32:41.070  8176  8256 I Finsky  : [591] jnn.a(53): AIM: AppInfoManager-Perf > OnDeviceAppInfo > cacheHitCount=0, cacheMissCount=1. Missed  in cache (limit 10) : [ru.iteco.fmhandroid.test]
09-07 04:32:41.070  2666  3039 I aykq    : (REDACTED) isOpaHotwordEnabled: %b
09-07 04:32:41.070  2666  3039 I aykq    : Disabling the hotword detector.
09-07 04:32:41.071  2689  3085 W gmjq    : Receive a config update when there's no subscriber. Ignore the request!
09-07 04:32:41.072  8176  8256 I Finsky  : [591] jlf.apply(886): AIM: Got app ownership map. App counts: . Unique apps: 0
09-07 04:32:41.075  8176 25897 I Finsky  : [944] oll.run(296): Wrote row to frosting DB: 1747
09-07 04:32:41.077  2666  3039 I apsj    : (REDACTED) #takeChangeMicroDetectorMode [mIsBargeInEnabled: %b, mCurrentDetectionMode: %s]
09-07 04:32:41.077  2666  3039 I apsj    : (REDACTED) Should stop hotword detection immediately - %b
09-07 04:32:41.078  2666  3039 I ayhu    : getLocaleToModelSpecsMap
09-07 04:32:41.079  2666  3039 I ayhu    : Fetching latest config from MDD...
09-07 04:32:41.079  2666  3039 I ayhu    : (REDACTED) Found map of size: %d
09-07 04:32:41.079  2666  3039 I ayht    : (REDACTED) Adding from proto config to map [configKey: %s locale: %s modelType: %s modelPrefix: %s Location: %s isSpeakerIdSupported: %b]
09-07 04:32:41.081  8176  8176 I Finsky  : [2] vms.g(1): vms - Deduping intent android.intent.action.PACKAGE_ADDED
09-07 04:32:41.085  2689  3085 W gmjq    : Receive a config update when there's no subscriber. Ignore the request!
09-07 04:32:41.089  8176  8176 I Finsky  : [2] vms.g(1): vms - Received: android.intent.action.PACKAGE_ADDED, [JKgrAT7ZrU_atynDxHtFKlznxOwkruuqzdx-Cu5fTVw]
09-07 04:32:41.093  2666  3039 W aoza    : Abort, client detached.
09-07 04:32:41.093  2666  3039 I chatty  : uid=10104(com.google.android.googlequicksearchbox) EventBus0 identical 1 line
09-07 04:32:41.094  2666  3039 W aoza    : Abort, client detached.
09-07 04:32:41.112  8176  8250 I Finsky  : [585] jnj.a(202): AIM: AppInfoManager-Perf > ItemModel > CacheSize=0, cacheHitCount=0, cacheMissCount=1, total appsWithNoServerDataCount=0. Missed  in cache (limit 10) : [ru.iteco.fmhandroid.test]
09-07 04:32:41.113  8176  8250 I Finsky  : [585] jnm.n(24): AIM: AppInfoManager-Perf > ItemModel > ItemStore Called 1 apps cacheOptions = USE_CACHE
09-07 04:32:41.113  8176  8250 I Finsky  : [585] jnj.a(1098): AIM: ItemModel fetch - unauth(1), auth()
09-07 04:32:41.113  8176  8250 I Finsky  : [585] rmt.apply(40): ItemStore: Not cached: ru.iteco.fmhandroid.test
09-07 04:32:41.124  8176  8252 I Finsky  : [587] jnj.a(202): AIM: AppInfoManager-Perf > ItemModel > CacheSize=0, cacheHitCount=0, cacheMissCount=1, total appsWithNoServerDataCount=0. Missed  in cache (limit 10) : [ru.iteco.fmhandroid.test]
09-07 04:32:41.125  8176  8252 I Finsky  : [587] jnm.n(24): AIM: AppInfoManager-Perf > ItemModel > ItemStore Called 1 apps cacheOptions = USE_CACHE
09-07 04:32:41.125  8176  8252 I Finsky  : [587] jnj.a(1098): AIM: ItemModel fetch - unauth(1), auth()
09-07 04:32:41.125  8176  8252 I Finsky  : [587] rmt.apply(40): ItemStore: Not cached: ru.iteco.fmhandroid.test
09-07 04:32:41.133  8425 25912 I Fitness : (REDACTED) FitCleanupIntentOperation received Intent %s
09-07 04:32:41.136  8176 25897 I Finsky  : [944] oll.run(296): Wrote row to frosting DB: 1748
09-07 04:32:41.174  8425 25905 I FontLog : (REDACTED) Package %s has no metadata
09-07 04:32:41.187  8176  8176 I Finsky  : [2] vms.g(1): vms - Deduping intent android.intent.action.PACKAGE_ADDED
09-07 04:32:41.192  2037  4831 W BroadcastQueue: Background execution not allowed: receiving Intent { act=android.intent.action.PACKAGE_REPLACED dat=package:ru.iteco.fmhandroid.test flg=0x4000010 (has extras) } to com.android.musicfx/.Compatibility$Receiver
09-07 04:32:41.192  2037  2066 W BroadcastQueue: Background execution not allowed: receiving Intent { act=android.intent.action.PACKAGE_REPLACED dat=package:ru.iteco.fmhandroid.test flg=0x4000010 (has extras) } to com.google.android.apps.photos/.account.full.FetchAccountPropertiesAppUpgradeBroadcastReceiver
09-07 04:32:41.192  2037  2066 W BroadcastQueue: Background execution not allowed: receiving Intent { act=android.intent.action.PACKAGE_REPLACED dat=package:ru.iteco.fmhandroid.test flg=0x4000010 (has extras) } to com.google.android.apps.photos/.account.full.SyncAccountsForLoginBroadcastReceiver
09-07 04:32:41.193  2037  2066 W BroadcastQueue: Background execution not allowed: receiving Intent { act=android.intent.action.PACKAGE_REPLACED dat=package:ru.iteco.fmhandroid.test flg=0x4000010 (has extras) } to com.google.android.apps.photos/.experiments.phenotype.full.PhenotypeAppUpgradeBroadcastReceiver
09-07 04:32:41.193  2037  2066 W BroadcastQueue: Background execution not allowed: receiving Intent { act=android.intent.action.PACKAGE_REPLACED dat=package:ru.iteco.fmhandroid.test flg=0x4000010 (has extras) } to com.google.android.apps.photos/.notificationchannels.AppUpdateBroadcastReceiver
09-07 04:32:41.193  2037  2066 W BroadcastQueue: Background execution not allowed: receiving Intent { act=android.intent.action.PACKAGE_REPLACED dat=package:ru.iteco.fmhandroid.test flg=0x4000010 (has extras) } to com.google.android.gms/.gass.chimera.PackageChangeBroadcastReceiver
09-07 04:32:41.193  2037  2066 W BroadcastQueue: Background execution not allowed: receiving Intent { act=android.intent.action.PACKAGE_REPLACED dat=package:ru.iteco.fmhandroid.test flg=0x4000010 (has extras) } to com.google.android.gms/.chimera.GmsIntentOperationService$PersistentTrustedReceiver
09-07 04:32:41.193  2037  2066 W BroadcastQueue: Background execution not allowed: receiving Intent { act=android.intent.action.PACKAGE_REPLACED dat=package:ru.iteco.fmhandroid.test flg=0x4000010 (has extras) } to com.google.android.ims/.receivers.RcsAutoStartReceiver
09-07 04:32:41.197  8176 25897 I Finsky  : [944] oll.run(296): Wrote row to frosting DB: 1749
09-07 04:32:41.206  1792  2272 E GnssHAL_GnssInterface: gnssSvStatusCb: a: input svInfo.flags is 8
09-07 04:32:41.207  1792  2272 E GnssHAL_GnssInterface: gnssSvStatusCb: b: input svInfo.flags is 8
09-07 04:32:41.210  2037  2037 W Looper  : Slow dispatch took 149ms main h=android.app.ActivityThread$H c=android.app.-$$Lambda$LoadedApk$ReceiverDispatcher$Args$_BumDX2UKsnxLVrE6UJsJZkotuA@950ac61 m=0
09-07 04:32:41.231  2037  2051 I system_server: Background concurrent copying GC freed 82060(4353KB) AllocSpace objects, 42(1696KB) LOS objects, 27% free, 15MB/21MB, paused 1.392ms total 314.449ms
09-07 04:32:41.239  2037  2037 W Looper  : Slow delivery took 265ms main h=android.app.ActivityThread$H c=android.app.-$$Lambda$LoadedApk$ReceiverDispatcher$Args$_BumDX2UKsnxLVrE6UJsJZkotuA@5698699 m=0
09-07 04:32:41.245  7867 25913 I Auth    : [SupervisedAccountIntentOperation] onHandleIntent(): android.intent.action.PACKAGE_ADDED
09-07 04:32:41.250  2279  2279 D CarrierSvcBindHelper: No carrier app for: 0
09-07 04:32:41.257  2279  2279 D CarrierSvcBindHelper: No carrier app for: 0
09-07 04:32:41.263  7867  7867 D BoundBrokerSvc: onBind: Intent { act=com.google.android.gms.common.BIND_SHARED_PREFS pkg=com.google.android.gms }
09-07 04:32:41.265  2037  2037 I Telecom : DefaultDialerCache: Refreshing default dialer for user 0: now com.android.dialer: DDC.oR@APo
09-07 04:32:41.269  7867  7867 D BoundBrokerSvc: Loading bound service for intent: Intent { act=com.google.android.gms.common.BIND_SHARED_PREFS pkg=com.google.android.gms }
09-07 04:32:41.281  2037  2037 V BackupManagerConstants: getFullBackupIntervalMilliseconds(...) returns 86400000
09-07 04:32:41.281  2037  2037 V BackupManagerConstants: getFullBackupRequiredNetworkType(...) returns 2
09-07 04:32:41.281  2037  2037 V BackupManagerConstants: getFullBackupRequireCharging(...) returns true
09-07 04:32:41.285  2279  2279 D CarrierConfigLoader: mHandler: 9 phoneId: 0
09-07 04:32:41.295  8425  8425 D BoundBrokerSvc: onBind: Intent { act=com.google.android.gms.nearby.exposurenotification.START dat=chimera-action: cmp=com.google.android.gms/.chimera.PersistentApiServiceNoInstantApps }
09-07 04:32:41.295  8425  8425 D BoundBrokerSvc: Loading bound service for intent: Intent { act=com.google.android.gms.nearby.exposurenotification.START dat=chimera-action: cmp=com.google.android.gms/.chimera.PersistentApiServiceNoInstantApps }
09-07 04:32:41.307  8425  8574 W ChimeraUtils: Module com.google.android.gms.nearby_en missing resource null(0)
09-07 04:32:41.312  8425  8574 W ChimeraUtils: Module com.google.android.gms.nearby_en missing resource null(0)
09-07 04:32:41.313  7867  7867 D BoundBrokerSvc: onUnbind: Intent { act=com.google.android.gms.common.BIND_SHARED_PREFS pkg=com.google.android.gms }
09-07 04:32:41.320  2037  2037 W Looper  : Drained
09-07 04:32:41.330  7867  7911 I Icing   : IndexChimeraService.getServiceInterface callingPackage=com.google.android.gms componentName=AppsCorpus serviceId=36
09-07 04:32:41.354  7867 21325 W Icing   : No valid account for uploading user actions
09-07 04:32:41.359  8425  8425 D BoundBrokerSvc: onBind: Intent { act=com.google.android.gms.icing.LIGHTWEIGHT_INDEX_SERVICE dat=chimera-action: cmp=com.google.android.gms/.chimera.PersistentApiService }
09-07 04:32:41.359  8425  8425 D BoundBrokerSvc: Loading bound service for intent: Intent { act=com.google.android.gms.icing.LIGHTWEIGHT_INDEX_SERVICE dat=chimera-action: cmp=com.google.android.gms/.chimera.PersistentApiService }
09-07 04:32:41.369  7867  7867 D BoundBrokerSvc: onBind: Intent { act=com.google.android.gms.feedback.internal.IFeedbackService dat=chimera-action: cmp=com.google.android.gms/.chimera.GmsBoundBrokerService }
09-07 04:32:41.369  7867  7867 D BoundBrokerSvc: Loading bound service for intent: Intent { act=com.google.android.gms.feedback.internal.IFeedbackService dat=chimera-action: cmp=com.google.android.gms/.chimera.GmsBoundBrokerService }
09-07 04:32:41.380  7867 21325 I Icing   : Usage reports ok 0, Failed Usage reports 0, indexed 0, rejected 0
09-07 04:32:41.382  7867 21325 I Icing   : Indexing com.google.android.gms-apps from com.google.android.gms
09-07 04:32:41.385  7867 21325 I Icing   : Indexing done com.google.android.gms-apps
09-07 04:32:41.388  7867  7898 I Icing   : IndexChimeraService.getServiceInterface callingPackage=com.google.android.gms componentName=null serviceId=30
09-07 04:32:41.410  7867 21325 I Icing   : Indexing com.google.android.gms-apps from com.google.android.gms
09-07 04:32:41.411  7867 21325 I Icing   : Indexing done com.google.android.gms-apps
09-07 04:32:41.426  7867 21325 W Icing   : No valid account for uploading user actions
09-07 04:32:41.431  7867 21325 I Icing   : Usage reports ok 0, Failed Usage reports 0, indexed 0, rejected 0
09-07 04:32:41.454  1858  1889 E         : Couldn't opendir /data/app/vmdl543147697.tmp: No such file or directory
09-07 04:32:41.454  1858  1889 E installd: Failed to delete /data/app/vmdl543147697.tmp: No such file or directory
09-07 04:32:41.464  8176  8250 I Finsky  : [585] xty.accept(378): SCH: Scheduling phonesky job Id: 12-1, CT: 1694061161012, Constraints: [{ L: 15000, D: 86400000, C: 1, I: 1, N: 1 }]
09-07 04:32:41.470  8176  8257 I Finsky  : [592] yew.apply(123): SCH: Scheduling 1 system job(s)
09-07 04:32:41.471  8176  8257 I Finsky  : [592] yvz.d(263): SCH: Scheduling system job Id: 9160, L: 14542, D: 69801159, C: false, I: false, N: 1
09-07 04:32:41.478  8176  8247 I Finsky  : [582] kiz.aeG(143): [ContentSync] finished, scheduled=true
09-07 04:32:41.478  8176  8250 I Finsky  : [585] xty.accept(378): SCH: Scheduling phonesky job Id: 12-1, CT: 1694061161073, Constraints: [{ L: 15000, D: 86400000, C: 1, I: 1, N: 1 }]
09-07 04:32:41.482  8176  8256 I Finsky  : [591] yew.apply(123): SCH: Scheduling 0 system job(s)
09-07 04:32:41.483  8176  8256 I Finsky  : [591] kiz.aeG(143): [ContentSync] finished, scheduled=true
09-07 04:32:41.487  8176  8257 E Finsky  : [592] rna.a(110): ItemStore: getItems RPC failed.
09-07 04:32:41.513  2037  4090 I ActivityManager: Force stopping ru.iteco.fmhandroid.test appid=10135 user=0: from pid 25942
09-07 04:32:41.521  2279  2279 D CarrierSvcBindHelper: No carrier app for: 0
09-07 04:32:41.612 25949 25949 D AndroidRuntime: >>>>>> START com.android.internal.os.RuntimeInit uid 2000 <<<<<<
09-07 04:32:41.614 25949 25949 E libc    : Access denied finding property "persist.device_config.runtime_native_boot.enable_apex_image"
09-07 04:32:41.614 25949 25949 I AndroidRuntime: Using default boot image
09-07 04:32:41.614 25949 25949 E libc    : Access denied finding property "persist.device_config.runtime_native_boot.disable_lock_profiling"
09-07 04:32:41.614 25949 25949 I AndroidRuntime: Leaving lock profiling enabled
09-07 04:32:41.614 25949 25949 E libc    : Access denied finding property "persist.device_config.runtime_native_boot.enable_generational_cc"
09-07 04:32:41.615 25949 25949 W app_process: Could not reserve sentinel fault page
09-07 04:32:41.605 25949 25949 W app_process: type=1400 audit(0.0:274): avc: denied { read } for name="u:object_r:device_config_runtime_native_boot_prop:s0" dev="tmpfs" ino=6894 scontext=u:r:shell:s0 tcontext=u:object_r:device_config_runtime_native_boot_prop:s0 tclass=file permissive=0
09-07 04:32:41.605 25949 25949 W app_process: type=1400 audit(0.0:275): avc: denied { read } for name="u:object_r:device_config_runtime_native_boot_prop:s0" dev="tmpfs" ino=6894 scontext=u:r:shell:s0 tcontext=u:object_r:device_config_runtime_native_boot_prop:s0 tclass=file permissive=0
09-07 04:32:41.605 25949 25949 W app_process: type=1400 audit(0.0:276): avc: denied { read } for name="u:object_r:device_config_runtime_native_boot_prop:s0" dev="tmpfs" ino=6894 scontext=u:r:shell:s0 tcontext=u:object_r:device_config_runtime_native_boot_prop:s0 tclass=file permissive=0
09-07 04:32:41.648 25949 25949 D ICU     : Time zone APEX file found: /apex/com.android.tzdata/etc/icu/icu_tzdata.dat
09-07 04:32:41.652 25949 25949 W app_process: Unexpected CPU variant for X86 using defaults: x86
09-07 04:32:41.660 25949 25949 I app_process: The ClassLoaderContext is a special shared library.
09-07 04:32:41.670 25949 25949 W app_process: JNI RegisterNativeMethods: attempt to register 0 native methods for android.media.AudioAttributes
09-07 04:32:41.672 25949 25949 D AndroidRuntime: Calling main entry com.android.commands.am.Am
09-07 04:32:41.677  2037  4090 I ActivityManager: Force stopping ru.iteco.fmhandroid appid=10136 user=0: start instr
09-07 04:32:41.682  1775  1775 D Zygote  : Forked child process 25964
09-07 04:32:41.685 25964 25964 I teco.fmhandroi: Late-enabling -Xcheck:jni
09-07 04:32:41.689  2037  2067 I ActivityManager: Start proc 25964:ru.iteco.fmhandroid/u0a136 for added application ru.iteco.fmhandroid
09-07 04:32:41.693 25964 25964 E teco.fmhandroi: Unknown bits set in runtime_flags: 0x8000
09-07 04:32:41.693 25964 25964 W teco.fmhandroi: Unexpected CPU variant for X86 using defaults: x86
09-07 04:32:41.725 25964 25964 I teco.fmhandroi: The ClassLoaderContext is a special shared library.
09-07 04:32:41.725 25964 25964 I teco.fmhandroi: The ClassLoaderContext is a special shared library.
09-07 04:32:41.770  8176  8257 E Finsky  : [592] rna.a(110): ItemStore: getItems RPC failed.
09-07 04:32:42.047 25964 25964 I teco.fmhandroi: The ClassLoaderContext is a special shared library.
09-07 04:32:42.047 25964 25964 I teco.fmhandroi: The ClassLoaderContext is a special shared library.
09-07 04:32:42.206  1792  2272 E GnssHAL_GnssInterface: gnssSvStatusCb: a: input svInfo.flags is 8
09-07 04:32:42.206  1792  2272 E GnssHAL_GnssInterface: gnssSvStatusCb: b: input svInfo.flags is 8
09-07 04:32:42.356 25964 25964 W teco.fmhandroi: Accessing hidden method Landroid/app/Instrumentation;->execStartActivity(Landroid/content/Context;Landroid/os/IBinder;Landroid/os/IBinder;Landroid/app/Activity;Landroid/content/Intent;ILandroid/os/Bundle;)Landroid/app/Instrumentation$ActivityResult; (greylist, linking, allowed)
09-07 04:32:42.356 25964 25964 W teco.fmhandroi: Accessing hidden method Landroid/app/Instrumentation;->execStartActivity(Landroid/content/Context;Landroid/os/IBinder;Landroid/os/IBinder;Ljava/lang/String;Landroid/content/Intent;ILandroid/os/Bundle;)Landroid/app/Instrumentation$ActivityResult; (greylist, linking, allowed)
09-07 04:32:42.362 25964 25964 I MonitoringInstr: newApplication called!
09-07 04:32:42.385 25964 25964 I FirebaseApp: Device unlocked: initializing all Firebase APIs for app [DEFAULT]
09-07 04:32:42.393 25964 25964 I FirebaseCrashlytics: Initializing Firebase Crashlytics 18.2.6 for ru.iteco.fmhandroid
09-07 04:32:42.426 25964 25998 I DynamiteModule: Considering local module com.google.android.gms.measurement.dynamite:55 and remote module com.google.android.gms.measurement.dynamite:93
09-07 04:32:42.426 25964 25998 I DynamiteModule: Selected remote version of com.google.android.gms.measurement.dynamite, version >= 93
09-07 04:32:42.426 25964 25998 V DynamiteModule: Dynamite loader version >= 2, using loadModule2NoCrashUtils
09-07 04:32:42.443 25964 25998 W System  : ClassLoader referenced unknown path: 
09-07 04:32:42.492 25964 25964 I FirebaseInitProvider: FirebaseApp initialization successful
09-07 04:32:42.509 25964 25998 W teco.fmhandroi: Accessing hidden method Lsun/misc/Unsafe;->arrayBaseOffset(Ljava/lang/Class;)I (greylist,core-platform-api, linking, allowed)
09-07 04:32:42.509 25964 25998 W teco.fmhandroi: Accessing hidden method Lsun/misc/Unsafe;->arrayIndexScale(Ljava/lang/Class;)I (greylist, linking, allowed)
09-07 04:32:42.509 25964 25998 W teco.fmhandroi: Accessing hidden method Lsun/misc/Unsafe;->compareAndSwapInt(Ljava/lang/Object;JII)Z (greylist, linking, allowed)
09-07 04:32:42.509 25964 25998 W teco.fmhandroi: Accessing hidden method Lsun/misc/Unsafe;->compareAndSwapLong(Ljava/lang/Object;JJJ)Z (greylist, linking, allowed)
09-07 04:32:42.509 25964 25998 W teco.fmhandroi: Accessing hidden method Lsun/misc/Unsafe;->getIntVolatile(Ljava/lang/Object;J)I (greylist, linking, allowed)
09-07 04:32:42.509 25964 25998 W teco.fmhandroi: Accessing hidden method Lsun/misc/Unsafe;->getObjectVolatile(Ljava/lang/Object;J)Ljava/lang/Object; (greylist, linking, allowed)
09-07 04:32:42.509 25964 25998 W teco.fmhandroi: Accessing hidden method Lsun/misc/Unsafe;->objectFieldOffset(Ljava/lang/reflect/Field;)J (greylist,core-platform-api, linking, allowed)
09-07 04:32:42.509 25964 25998 W teco.fmhandroi: Accessing hidden method Lsun/misc/Unsafe;->putObjectVolatile(Ljava/lang/Object;JLjava/lang/Object;)V (greylist, linking, allowed)
09-07 04:32:42.510 25964 25998 W teco.fmhandroi: Accessing hidden field Lsun/misc/Unsafe;->theUnsafe:Lsun/misc/Unsafe; (greylist, reflection, allowed)
09-07 04:32:42.514 25964 25964 I MonitoringInstr: Instrumentation started!
09-07 04:32:42.521 25964 25964 D ClassesArgTokenizer: input: ru.iteco.fmhandroid.ui.MainPageTest#shouldOpenClaimsItemDescription
09-07 04:32:42.522 25964 25964 D ClassesArgTokenizer: result: [ru.iteco.fmhandroid.ui.MainPageTest#shouldOpenClaimsItemDescription]
09-07 04:32:42.522 25964 25964 D ClassesArgTokenizer: input: null
09-07 04:32:42.522 25964 25964 D ClassesArgTokenizer: result: []
09-07 04:32:42.525 25964 25964 V TestEventClient: No service name argument was given (testDiscoveryService, testRunEventService or orchestratorService)
09-07 04:32:42.531 25964 26008 D AndroidJUnitRunner: onStart is called.
09-07 04:32:42.539 25964 25964 I MonitoringInstr: No JSBridge.
09-07 04:32:42.551 25964 26008 D TestRequestBuilder: Skipping class path scanning and directly running [ru.iteco.fmhandroid.ui.MainPageTest]
09-07 04:32:42.557 25964 26008 D ClassesArgTokenizer: input: ru.iteco.fmhandroid.ui.MainPageTest#shouldOpenClaimsItemDescription
09-07 04:32:42.557 25964 26008 D ClassesArgTokenizer: result: [ru.iteco.fmhandroid.ui.MainPageTest#shouldOpenClaimsItemDescription]
09-07 04:32:42.557 25964 26008 D ClassesArgTokenizer: input: null
09-07 04:32:42.557 25964 26008 D ClassesArgTokenizer: result: []
09-07 04:32:42.570 25964 26008 D AndroidJUnitRunner: Use the raw file system for managing file I/O.
09-07 04:32:42.573 25964 26008 D TestExecutor: Adding listener androidx.test.internal.runner.listener.LogRunListener
09-07 04:32:42.574 25964 26008 D TestExecutor: Adding listener androidx.test.internal.runner.listener.InstrumentationResultPrinter
09-07 04:32:42.574 25964 26008 D TestExecutor: Adding listener androidx.test.internal.runner.listener.ActivityFinisherRunListener
09-07 04:32:42.574 25964 26008 D TestExecutor: Adding listener androidx.test.internal.runner.listener.TraceRunListener
09-07 04:32:42.575 25964 26006 V FA      : App measurement collection enabled
09-07 04:32:42.575 25964 26006 V FA      : App measurement enabled for app package, google app id: ru.iteco.fmhandroid, 1:729587742060:android:e7d6f87c783f52b9a42f49
09-07 04:32:42.577 25964 26006 I FA      : App measurement initialized, version: 80069
09-07 04:32:42.577 25964 26006 I FA      : To enable debug logging run: adb shell setprop log.tag.FA VERBOSE
09-07 04:32:42.577 25964 26006 I FA      : To enable faster debug mode event logging run:
09-07 04:32:42.577 25964 26006 I FA      :   adb shell setprop debug.firebase.analytics.app ru.iteco.fmhandroid
09-07 04:32:42.578 25964 26006 D FA      : Debug-level message logging enabled
09-07 04:32:42.578 25964 26008 I TestRunner: run started: 1 tests
09-07 04:32:42.592 25964 26006 D FA      : Resetting session stitching token to not null
09-07 04:32:42.607 25964 26006 V FA      : Connecting to remote service
09-07 04:32:42.611  7867  7867 D BoundBrokerSvc: onBind: Intent { act=com.google.android.gms.measurement.START pkg=com.google.android.gms }
09-07 04:32:42.611  7867  7867 D BoundBrokerSvc: Loading bound service for intent: Intent { act=com.google.android.gms.measurement.START pkg=com.google.android.gms }
09-07 04:32:42.619 25964 26008 I TestRunner: started: shouldOpenClaimsItemDescription(ru.iteco.fmhandroid.ui.MainPageTest)
09-07 04:32:42.621 25964 26006 V FA      : Connection attempt already in progress
09-07 04:32:42.627 25964 26006 V FA      : Connection attempt already in progress
09-07 04:32:42.627 25964 26006 D FA      : Connected to remote service
09-07 04:32:42.628 25964 26006 V FA      : Processing queued up service tasks: 3
09-07 04:32:42.660  7867 26011 V FA-SVC  : Saving default event parameters, appId, data size: ru.iteco.fmhandroid, 2
09-07 04:32:42.719  1774 26012 E ResolverController: No valid NAT64 prefix (101, <unspecified>/0)
09-07 04:32:42.756  2037  2037 V SettingsProvider: Notifying for 0: content://settings/secure/accessibility_enabled
09-07 04:32:42.764  2689  3033 I fteu    : (REDACTED) #onAccessibilityStateChanged enabled: %s
09-07 04:32:42.765  2689  3084 I fteu    : #onChange
09-07 04:32:42.765  2689  3084 I csoe    : #FCF: onChange
09-07 04:32:42.765  2689  3084 I csoi    : (REDACTED) FCF System FeatureName to check: %s
09-07 04:32:42.766  2689  3084 I csoi    : (REDACTED) FCF: Device model check status : %s
09-07 04:32:42.767  2689  3085 I csof    : FCF A11y Checker - readyForTngMa
09-07 04:32:42.767  2689  3085 I ctnd    : (REDACTED) #isBluetoothOrWiredHeadsetConnected Number of connected audio devices: %s
09-07 04:32:42.767  2689  3085 I cspe    : (REDACTED) #FCF: Headset Connected Status: %s
09-07 04:32:42.768  2689  3084 I csqr    : (REDACTED) #FCF: Demo mode check status : %s
09-07 04:32:42.769  2689  3085 I csqs    : (REDACTED) #FCF: Managed profile check status : %s
09-07 04:32:42.769  2689  3085 I csno    : (REDACTED) #FCF: Assistant primary locale : %s
09-07 04:32:42.769  2689  3085 I csno    : (REDACTED) #FCF: Assistant Primary locale check status : %s
09-07 04:32:42.770  2689  3085 W csqu    : Unable to check for productivity accounts. Assuming there are none.
09-07 04:32:42.770  2689  3085 W csqu    : com.google.android.libraries.geller.portable.GellerException: Code: INVALID_ARGUMENT, Message: Account name is null.
09-07 04:32:42.770  2689  3085 W csqu    : 	at ghid.a(PG:6)
09-07 04:32:42.770  2689  3085 W csqu    : 	at gxvx.a(PG:3)
09-07 04:32:42.770  2689  3085 W csqu    : 	at hnzx.a(PG:1)
09-07 04:32:42.770  2689  3085 W csqu    : 	at hobr.run(PG:4)
09-07 04:32:42.770  2689  3085 W csqu    : 	at ewes.run(PG:1)
09-07 04:32:42.770  2689  3085 W csqu    : 	at java.util.concurrent.ThreadPoolExecutor.runWorker(ThreadPoolExecutor.java:1167)
09-07 04:32:42.770  2689  3085 W csqu    : 	at java.util.concurrent.ThreadPoolExecutor$Worker.run(ThreadPoolExecutor.java:641)
09-07 04:32:42.770  2689  3085 W csqu    : 	at ewdw.run(PG:2)
09-07 04:32:42.770  2689  3085 W csqu    : 	at java.lang.Thread.run(Thread.java:919)
09-07 04:32:42.770  2689  3085 W csqu    : 	at ewfb.run(PG:5)
09-07 04:32:42.774  2666  3003 I biwj    : NGA disabled since it's running Panthera and at least one a11y feature is on.
09-07 04:32:42.774  2666  3003 I biwj    : (REDACTED) Nga state changed to %s
09-07 04:32:42.786  2689  3085 I yzq     : (REDACTED) Nga on-device enabled based on TNG:MA active state: %b
09-07 04:32:42.787  2689  3085 I yzq     : (REDACTED) Nga on-device enabled based on TNG:MA active state: %b
09-07 04:32:42.787  2689  3085 I yzq     : Unsubscribed to apa or classic variant change.
09-07 04:32:42.796  2666  3039 I bjbd    : Trying to enqueue PieTriggeringWorker
09-07 04:32:42.797 25964 26008 W Settings: Setting always_finish_activities has moved from android.provider.Settings.System to android.provider.Settings.Global, returning read-only value.
09-07 04:32:42.798  2689  2689 I aaag    : (REDACTED) eventData = %s
09-07 04:32:42.804  2689  3084 I znc     : Logging success flow
09-07 04:32:42.806  2666  3039 I bjbd    : Trying to enqueue PieTriggeringWorker
09-07 04:32:42.807  2037  4090 I ActivityTaskManager: START u0 {act=android.intent.action.MAIN cat=[android.intent.category.LAUNCHER] flg=0x10008000 cmp=ru.iteco.fmhandroid.test/androidx.test.core.app.InstrumentationActivityInvoker$BootstrapActivity (has extras)} from uid 10136
09-07 04:32:42.808  2689  3085 I csts    : (REDACTED) #FCF evaluate: %s
09-07 04:32:42.808  2689  3085 I csts    : (REDACTED) TngMaStatusChecker#evaluateInternal completed in %s millis
09-07 04:32:42.808  2689  3085 I cscy    : (REDACTED) TNG:MA status updated: %s
09-07 04:32:42.808  2689  3085 I cscy    : TNG:MA became ineligible, client should disconnect
09-07 04:32:42.808  2689  2689 I aaag    : (REDACTED) eventData = %s
09-07 04:32:42.809  2689  3085 I cscy    : #disconnectAndStop - preventing double stop
09-07 04:32:42.809  2689  3085 I csts    : #invalidationSource: adding saa update checker
09-07 04:32:42.809  2689  3085 I csts    : #invalidationSource: adding headset checker
09-07 04:32:42.814  2689  3084 I znc     : Logging success flow
09-07 04:32:42.817  2037  2061 E system_server: Invalid ID 0x00000000.
09-07 04:32:42.823  2037  6130 W InputReader: Device has associated, but no associated display id.
09-07 04:32:42.823  2037  6130 I chatty  : uid=1000(system) Binder:2037_1A identical 8 lines
09-07 04:32:42.823  2037  6130 W InputReader: Device has associated, but no associated display id.
09-07 04:32:42.830  2666  3039 I bjbd    : Trying to enqueue PieTriggeringWorker
09-07 04:32:42.835  2689  2689 I aaag    : (REDACTED) eventData = %s
09-07 04:32:42.852  1793  1793 D gralloc_ranchu: gralloc_alloc: Creating ashmem region of size 9850880
09-07 04:32:42.853  1775  1775 D Zygote  : Forked child process 26019
09-07 04:32:42.856 26019 26019 I fmhandroid.tes: Late-enabling -Xcheck:jni
09-07 04:32:42.863  2037  2067 I ActivityManager: Start proc 26019:ru.iteco.fmhandroid.test/u0a135 for activity {ru.iteco.fmhandroid.test/androidx.test.core.app.InstrumentationActivityInvoker$BootstrapActivity}
09-07 04:32:42.867 26019 26019 E fmhandroid.tes: Unknown bits set in runtime_flags: 0x8000
09-07 04:32:42.868 26019 26019 W fmhandroid.tes: Unexpected CPU variant for X86 using defaults: x86
09-07 04:32:42.895  2037  4090 W InputReader: Device has associated, but no associated display id.
09-07 04:32:42.904  2037  4090 I chatty  : uid=1000(system) Binder:2037_E identical 28 lines
09-07 04:32:42.904  2037  4090 W InputReader: Device has associated, but no associated display id.
09-07 04:32:42.906  2037  2061 W InputReader: Device has associated, but no associated display id.
09-07 04:32:42.907  2037  2061 I chatty  : uid=1000(system) android.anim identical 8 lines
09-07 04:32:42.907  2037  2061 W InputReader: Device has associated, but no associated display id.
09-07 04:32:42.915  2666  3068 D EGL_emulation: eglMakeCurrent: 0xda21b0e0: ver 2 0 (tinfo 0xda20fbb0)
09-07 04:32:42.927  2434  2714 D EGL_emulation: eglMakeCurrent: 0xed453b60: ver 2 0 (tinfo 0xe233a960)
09-07 04:32:42.929  2666  2666 I dnsi    : onPause
09-07 04:32:42.935 26019 26019 I fmhandroid.tes: The ClassLoaderContext is a special shared library.
09-07 04:32:42.936 26019 26019 I fmhandroid.tes: The ClassLoaderContext is a special shared library.
09-07 04:32:42.941  2182  2468 D EGL_emulation: eglMakeCurrent: 0xda21a360: ver 2 0 (tinfo 0xda20f590)
09-07 04:32:42.942  2666  5846 V ClearcutMetricXmitter: Transmission is done.
09-07 04:32:42.951  2182  2468 D EGL_emulation: eglMakeCurrent: 0xda21a360: ver 2 0 (tinfo 0xda20f590)
09-07 04:32:42.953  2182  2182 W View    : requestLayout() improperly called by com.android.keyguard.AlphaOptimizedLinearLayout{551c6d8 V.E...... ......ID 7,0-48,61 #7f0a041c app:id/wifi_group} during second layout pass: posting in next frame
09-07 04:32:42.970  2182  2182 W View    : requestLayout() improperly called by StatusBarIconView(slot=mobile icon=null notification=null) during layout: running second layout pass
09-07 04:32:43.080  1823  1896 E SurfaceFlinger: ro.sf.lcd_density must be defined as a build property
09-07 04:32:43.081  1823  1896 E SurfaceFlinger: ro.sf.lcd_density must be defined as a build property
09-07 04:32:43.085 26019 26058 D libEGL  : Emulator has host GPU support, qemu.gles is set to 1.
09-07 04:32:43.085 26019 26058 W libc    : Unable to set property "qemu.gles" to "1": connection failed; errno=13 (Permission denied)
09-07 04:32:43.095 26019 26058 D libEGL  : loaded /vendor/lib/egl/libEGL_emulation.so
09-07 04:32:43.095 26019 26058 D libEGL  : loaded /vendor/lib/egl/libGLESv1_CM_emulation.so
09-07 04:32:43.096 26019 26058 D libEGL  : loaded /vendor/lib/egl/libGLESv2_emulation.so
09-07 04:32:43.075 26019 26019 W RenderThread: type=1400 audit(0.0:277): avc: denied { write } for name="property_service" dev="tmpfs" ino=6988 scontext=u:r:untrusted_app:s0:c135,c256,c512,c768 tcontext=u:object_r:property_socket:s0 tclass=sock_file permissive=0
09-07 04:32:43.117  2037  6130 I ActivityTaskManager: START u0 {act=android.intent.action.MAIN cat=[android.intent.category.LAUNCHER] cmp=ru.iteco.fmhandroid/.ui.AppActivity} from uid 10136
09-07 04:32:43.122  2037  2847 W InputReader: Device has associated, but no associated display id.
09-07 04:32:43.123  2037  2847 I chatty  : uid=1000(system) Binder:2037_B identical 48 lines
09-07 04:32:43.123  2037  2847 W InputReader: Device has associated, but no associated display id.
09-07 04:32:43.124 25964 25964 W ActivityThread: handleWindowVisibility: no activity for token android.os.BinderProxy@dce2beb
09-07 04:32:43.124  2037  2847 W InputReader: Device has associated, but no associated display id.
09-07 04:32:43.124  2037  2847 I chatty  : uid=1000(system) Binder:2037_B identical 8 lines
09-07 04:32:43.124  2037  2847 W InputReader: Device has associated, but no associated display id.
09-07 04:32:43.134  2666  2666 I dnsi    : onStop
09-07 04:32:43.141  1823  1896 E SurfaceFlinger: ro.sf.lcd_density must be defined as a build property
09-07 04:32:43.143  1823  2078 E SurfaceFlinger: ro.sf.lcd_density must be defined as a build property
09-07 04:32:43.164 25964 26062 D libEGL  : Emulator has host GPU support, qemu.gles is set to 1.
09-07 04:32:43.165 25964 26062 W libc    : Unable to set property "qemu.gles" to "1": connection failed; errno=13 (Permission denied)
09-07 04:32:43.174  1823  1823 W SurfaceFlinger: couldn't log to binary event log: overflow.
09-07 04:32:43.174  1823  1823 W SurfaceFlinger: couldn't log to binary event log: overflow.
09-07 04:32:43.155 25964 25964 W RenderThread: type=1400 audit(0.0:278): avc: denied { write } for name="property_service" dev="tmpfs" ino=6988 scontext=u:r:untrusted_app:s0:c136,c256,c512,c768 tcontext=u:object_r:property_socket:s0 tclass=sock_file permissive=0
09-07 04:32:43.188 25964 25964 D LifecycleMonitor: Lifecycle status change: ru.iteco.fmhandroid.ui.AppActivity@bf025f4 in: PRE_ON_CREATE
09-07 04:32:43.189 25964 25964 V ActivityScenario: Activity lifecycle changed event received but ignored because the reported transition was not ON_CREATE while the last known transition was PRE_ON_CREATE
09-07 04:32:43.203 25964 26062 D libEGL  : loaded /vendor/lib/egl/libEGL_emulation.so
09-07 04:32:43.205 25964 25998 V FA      : onActivityCreated
