09-07 04:52:53.808 30151 30151 I ViewInteraction: Performing 'wait for a specific view with <(an instance of android.widget.TextView and view.getHint() matching: is "Login" and view.getParent() view.getParent() view.getId() is <2131231121/ru.iteco.fmhandroid:id/login_text_input_layout>)> during 10000 millis.' action on view view.getRootView() to equal view
09-07 04:52:53.809 30151 30151 I ViewInteraction: Performing 'replace text(login2)' action on view (an instance of android.widget.TextView and view.getHint() matching: is "Login" and view.getParent() view.getParent() view.getId() is <2131231121/ru.iteco.fmhandroid:id/login_text_input_layout>)
09-07 04:52:53.825 30151 30151 I ViewInteraction: Performing 'wait for a specific view with <(an instance of android.widget.TextView and view.getHint() matching: is "Password" and view.getParent() view.getParent() view.getId() is <2131231264/ru.iteco.fmhandroid:id/password_text_input_layout>)> during 10000 millis.' action on view view.getRootView() to equal view
09-07 04:52:53.830 30151 30151 I ViewInteraction: Performing 'replace text(password2)' action on view (an instance of android.widget.TextView and view.getHint() matching: is "Password" and view.getParent() view.getParent() view.getId() is <2131231264/ru.iteco.fmhandroid:id/password_text_input_layout>)
09-07 04:52:53.841 30151 30151 I ViewInteraction: Performing 'wait for a specific view with <(view.getId() is <2131231039/ru.iteco.fmhandroid:id/enter_button> and an instance of android.widget.TextView and view.getText() with or without transformation to match: is "SIGN IN" and view.getContentDescription() is "Save" and view.getParent() view.getParent() an instance of android.widget.RelativeLayout)> during 10000 millis.' action on view view.getRootView() to equal view
09-07 04:52:53.843 30151 30151 I ViewInteraction: Checking 'MatchesViewAssertion{viewMatcher=view.isClickable() is <true>}' assertion on view (view.getId() is <2131231039/ru.iteco.fmhandroid:id/enter_button> and an instance of android.widget.TextView and view.getText() with or without transformation to match: is "SIGN IN" and view.getContentDescription() is "Save" and view.getParent() view.getParent() an instance of android.widget.RelativeLayout)
09-07 04:52:53.845 30151 30151 I ViewInteraction: Performing 'wait for a specific view with <(view.getId() is <2131231039/ru.iteco.fmhandroid:id/enter_button> and an instance of android.widget.TextView and view.getText() with or without transformation to match: is "SIGN IN" and view.getContentDescription() is "Save" and view.getParent() view.getParent() an instance of android.widget.RelativeLayout)> during 10000 millis.' action on view view.getRootView() to equal view
09-07 04:52:53.847 30151 30151 I ViewInteraction: Checking 'MatchesViewAssertion{viewMatcher=view.isClickable() is <true>}' assertion on view (view.getId() is <2131231039/ru.iteco.fmhandroid:id/enter_button> and an instance of android.widget.TextView and view.getText() with or without transformation to match: is "SIGN IN" and view.getContentDescription() is "Save" and view.getParent() view.getParent() an instance of android.widget.RelativeLayout)
09-07 04:52:53.849 30151 30151 I ViewInteraction: Performing 'wait for a specific view with <(view.getId() is <2131231039/ru.iteco.fmhandroid:id/enter_button> and an instance of android.widget.TextView and view.getText() with or without transformation to match: is "SIGN IN" and view.getContentDescription() is "Save" and view.getParent() view.getParent() an instance of android.widget.RelativeLayout)> during 10000 millis.' action on view view.getRootView() to equal view
09-07 04:52:53.852 30151 30151 I ViewInteraction: Performing 'single click' action on view (view.getId() is <2131231039/ru.iteco.fmhandroid:id/enter_button> and an instance of android.widget.TextView and view.getText() with or without transformation to match: is "SIGN IN" and view.getContentDescription() is "Save" and view.getParent() view.getParent() an instance of android.widget.RelativeLayout)
09-07 04:52:53.898 30151 30271 I okhttp.OkHttpClient: --> POST http://www.981757-ca08998.tmweb.ru:8080/fmh/authentication/login
09-07 04:52:53.898 30151 30271 I okhttp.OkHttpClient: Content-Type: application/json; charset=UTF-8
09-07 04:52:53.898 30151 30271 I okhttp.OkHttpClient: Content-Length: 41
09-07 04:52:53.898 30151 30271 I okhttp.OkHttpClient: {"login":"login2","password":"password2"}
09-07 04:52:53.898 30151 30271 I okhttp.OkHttpClient: --> END POST (41-byte body)
09-07 04:52:54.134 30151 30151 I ViewInteraction: Performing 'wait for a specific view with <an instance of android.widget.TextView and view.getText() with or without transformation to match: is "News"> during 10000 millis.' action on view view.getRootView() to equal view
09-07 04:52:54.317  1792  2272 E GnssHAL_GnssInterface: gnssSvStatusCb: a: input svInfo.flags is 8
09-07 04:52:54.317  1792  2272 E GnssHAL_GnssInterface: gnssSvStatusCb: b: input svInfo.flags is 8
09-07 04:52:54.911 30151 30271 I okhttp.OkHttpClient: <-- 200 http://www.981757-ca08998.tmweb.ru:8080/fmh/authentication/login (1012ms)
09-07 04:52:54.911 30151 30271 I okhttp.OkHttpClient: Vary: Origin
09-07 04:52:54.912 30151 30271 I okhttp.OkHttpClient: Vary: Access-Control-Request-Method
09-07 04:52:54.912 30151 30271 I okhttp.OkHttpClient: Vary: Access-Control-Request-Headers
09-07 04:52:54.912 30151 30271 I okhttp.OkHttpClient: X-Content-Type-Options: nosniff
09-07 04:52:54.912 30151 30271 I okhttp.OkHttpClient: X-XSS-Protection: 1; mode=block
09-07 04:52:54.912 30151 30271 I okhttp.OkHttpClient: Cache-Control: no-cache, no-store, max-age=0, must-revalidate
09-07 04:52:54.912 30151 30271 I okhttp.OkHttpClient: Pragma: no-cache
09-07 04:52:54.912 30151 30271 I okhttp.OkHttpClient: Expires: 0
09-07 04:52:54.913 30151 30271 I okhttp.OkHttpClient: X-Frame-Options: DENY
09-07 04:52:54.913 30151 30271 I okhttp.OkHttpClient: Content-Type: application/json
09-07 04:52:54.913 30151 30271 I okhttp.OkHttpClient: Transfer-Encoding: chunked
09-07 04:52:54.913 30151 30271 I okhttp.OkHttpClient: Date: Thu, 07 Sep 2023 04:52:55 GMT
09-07 04:52:54.914 30151 30271 I okhttp.OkHttpClient: Keep-Alive: timeout=60
09-07 04:52:54.914 30151 30271 I okhttp.OkHttpClient: Connection: keep-alive
09-07 04:52:54.915 30151 30271 I okhttp.OkHttpClient: {"accessToken":"eyJhbGciOiJIUzUxMiJ9.eyJzdWIiOiJsb2dpbjIiLCJqdGkiOiIxIiwiZXhwIjoxNjk0MTQ4Nzc1fQ.e-RE0nXtc18bwfmOCGJaOvm7-9jwGU35SwGp6cKFHRoxzlecFFofkMOgLN-QucwHu25N49iPwCwsyVhh3q3SwQ","refreshToken":"eyJhbGciOiJIUzUxMiJ9.eyJzdWIiOiJsb2dpbjIiLCJqdGkiOiIxIiwiZXhwIjoxNjk2NjU0Mzc1fQ.54YvV-G1DRF5jLATVgl20c45VYRVEmWhbqhkesVm6HkBhmZFMAyYpI_ADxQ7Ss0e5yxcQGlRk7wYvUuIcGuf-A"}
09-07 04:52:54.915 30151 30271 I okhttp.OkHttpClient: <-- END HTTP (368-byte body)
09-07 04:52:54.925 30151 30283 I okhttp.OkHttpClient: --> GET http://www.981757-ca08998.tmweb.ru:8080/fmh/authentication/userInfo
09-07 04:52:54.925 30151 30283 I okhttp.OkHttpClient: --> END GET
09-07 04:52:55.107 30151 30283 I okhttp.OkHttpClient: <-- 200 http://www.981757-ca08998.tmweb.ru:8080/fmh/authentication/userInfo (181ms)
09-07 04:52:55.107 30151 30283 I okhttp.OkHttpClient: Vary: Origin
09-07 04:52:55.108 30151 30283 I okhttp.OkHttpClient: Vary: Access-Control-Request-Method
09-07 04:52:55.109 30151 30283 I okhttp.OkHttpClient: Vary: Access-Control-Request-Headers
09-07 04:52:55.109 30151 30283 I okhttp.OkHttpClient: X-Content-Type-Options: nosniff
09-07 04:52:55.109 30151 30283 I okhttp.OkHttpClient: X-XSS-Protection: 1; mode=block
09-07 04:52:55.109 30151 30283 I okhttp.OkHttpClient: Cache-Control: no-cache, no-store, max-age=0, must-revalidate
09-07 04:52:55.109 30151 30283 I okhttp.OkHttpClient: Pragma: no-cache
09-07 04:52:55.110 30151 30283 I okhttp.OkHttpClient: Expires: 0
09-07 04:52:55.110 30151 30283 I okhttp.OkHttpClient: X-Frame-Options: DENY
09-07 04:52:55.110 30151 30283 I okhttp.OkHttpClient: Content-Type: application/json
09-07 04:52:55.110 30151 30283 I okhttp.OkHttpClient: Transfer-Encoding: chunked
09-07 04:52:55.111 30151 30283 I okhttp.OkHttpClient: Date: Thu, 07 Sep 2023 04:52:55 GMT
09-07 04:52:55.112 30151 30283 I okhttp.OkHttpClient: Keep-Alive: timeout=60
09-07 04:52:55.113 30151 30283 I okhttp.OkHttpClient: Connection: keep-alive
09-07 04:52:55.116 30151 30283 I okhttp.OkHttpClient: {"id":1,"firstName":"Ivan","lastName":"Ivanov","middleName":"Ivanovich","admin":true}
09-07 04:52:55.116 30151 30283 I okhttp.OkHttpClient: <-- END HTTP (85-byte body)
09-07 04:52:55.126 30151 30490 I okhttp.OkHttpClient: --> GET http://www.981757-ca08998.tmweb.ru:8080/fmh/claims
09-07 04:52:55.126 30151 30490 I okhttp.OkHttpClient: --> END GET
09-07 04:52:55.129  1774 30821 E ResolverController: No valid NAT64 prefix (101, <unspecified>/0)
09-07 04:52:55.193 30151 30151 I ViewInteraction: Checking 'MatchesViewAssertion{viewMatcher=(view has effective visibility <VISIBLE> and view.getGlobalVisibleRect() to return non-empty rectangle)}' assertion on view an instance of android.widget.TextView and view.getText() with or without transformation to match: is "News"
09-07 04:52:55.196 30151 30151 I ViewInteraction: Performing 'wait for a specific view with <view.getId() is <2131230951>> during 10000 millis.' action on view view.getRootView() to equal view
09-07 04:52:55.199 30151 30151 I ViewInteraction: Checking 'MatchesViewAssertion{viewMatcher=(view has effective visibility <VISIBLE> and view.getGlobalVisibleRect() to return non-empty rectangle)}' assertion on view view.getId() is <2131230951/ru.iteco.fmhandroid:id/container_list_news_include_on_fragment_main>
09-07 04:52:55.201 30151 30151 I ViewInteraction: Performing 'wait for a specific view with <view.getId() is <2131230949>> during 10000 millis.' action on view view.getRootView() to equal view
09-07 04:52:55.203 30151 30151 I ViewInteraction: Checking 'MatchesViewAssertion{viewMatcher=(view has effective visibility <VISIBLE> and view.getGlobalVisibleRect() to return non-empty rectangle)}' assertion on view view.getId() is <2131230949/ru.iteco.fmhandroid:id/container_list_claim_include_on_fragment_main>
09-07 04:52:55.205 30151 30151 I ViewInteraction: Performing 'wait for a specific view with <an instance of android.widget.TextView and view.getText() with or without transformation to match: is "Claims"> during 10000 millis.' action on view view.getRootView() to equal view
09-07 04:52:55.209 30151 30151 I ViewInteraction: Checking 'MatchesViewAssertion{viewMatcher=(view has effective visibility <VISIBLE> and view.getGlobalVisibleRect() to return non-empty rectangle)}' assertion on view an instance of android.widget.TextView and view.getText() with or without transformation to match: is "Claims"
09-07 04:52:55.212 30151 30151 I ViewInteraction: Performing 'wait for a specific view with <view.getId() is <2131231123/ru.iteco.fmhandroid:id/main_menu_image_button>> during 10000 millis.' action on view view.getRootView() to equal view
09-07 04:52:55.215 30151 30151 I ViewInteraction: Performing 'single click' action on view view.getId() is <2131231123/ru.iteco.fmhandroid:id/main_menu_image_button>
09-07 04:52:55.315  1792  2272 E GnssHAL_GnssInterface: gnssSvStatusCb: a: input svInfo.flags is 8
09-07 04:52:55.315  1792  2272 E GnssHAL_GnssInterface: gnssSvStatusCb: b: input svInfo.flags is 8
09-07 04:52:55.378  1793 14098 D gralloc_ranchu: gralloc_alloc: Creating ashmem region of size 2015232
09-07 04:52:55.388  1793 14098 I chatty  : uid=1000(system) HwBinder:1793_3 identical 1 line
09-07 04:52:55.389  1793 14098 D gralloc_ranchu: gralloc_alloc: Creating ashmem region of size 2015232
09-07 04:52:55.398 30151 30248 D EGL_emulation: eglMakeCurrent: 0xe2258dc0: ver 2 0 (tinfo 0xe233aeb0)
09-07 04:52:55.437 30151 30248 I chatty  : uid=10136(ru.iteco.fmhandroid) RenderThread identical 2 lines
09-07 04:52:55.457 30151 30248 D EGL_emulation: eglMakeCurrent: 0xe2258dc0: ver 2 0 (tinfo 0xe233aeb0)
09-07 04:52:55.698 30151 30151 I ViewInteraction: Performing 'wait for a specific view with <an instance of android.widget.TextView and view.getText() with or without transformation to match: is "News"> during 10000 millis.' action on view view.getRootView() to equal view
09-07 04:52:55.706 30151 30151 I ViewInteraction: Performing 'single click' action on view an instance of android.widget.TextView and view.getText() with or without transformation to match: is "News"
09-07 04:52:55.762 30151 30248 D EGL_emulation: eglMakeCurrent: 0xe2258dc0: ver 2 0 (tinfo 0xe233aeb0)
09-07 04:52:55.852 30151 30753 I okhttp.OkHttpClient: --> GET http://www.981757-ca08998.tmweb.ru:8080/fmh/news
09-07 04:52:55.852 30151 30753 I okhttp.OkHttpClient: --> END GET
09-07 04:52:55.872 30151 30248 D EGL_emulation: eglMakeCurrent: 0xe2258dc0: ver 2 0 (tinfo 0xe233aeb0)
09-07 04:52:55.884 30151 30248 D EGL_emulation: eglMakeCurrent: 0xe2258dc0: ver 2 0 (tinfo 0xe233aeb0)
09-07 04:52:56.014 30151 30151 I ViewInteraction: Performing 'wait for a specific view with <view.getId() is <2131231025/ru.iteco.fmhandroid:id/edit_news_material_button>> during 10000 millis.' action on view view.getRootView() to equal view
09-07 04:52:56.017 30151 30151 I ViewInteraction: Performing 'single click' action on view view.getId() is <2131231025/ru.iteco.fmhandroid:id/edit_news_material_button>
09-07 04:52:56.099 30151 30754 I okhttp.OkHttpClient: --> GET http://www.981757-ca08998.tmweb.ru:8080/fmh/news
09-07 04:52:56.100 30151 30754 I okhttp.OkHttpClient: --> END GET
09-07 04:52:56.199 30151 30751 I okhttp.OkHttpClient: <-- HTTP FAILED: java.net.SocketTimeoutException: timeout
09-07 04:52:56.200 30151 30151 W System.err: ru.iteco.fmhandroid.exceptions.ServerException
09-07 04:52:56.200 30151 30151 W System.err: 	at ru.iteco.fmhandroid.utils.Utils.makeRequest(Utils.kt:119)
09-07 04:52:56.200 30151 30151 W System.err: 	at ru.iteco.fmhandroid.utils.Utils$makeRequest$1.invokeSuspend(Unknown Source:15)
09-07 04:52:56.200 30151 30151 W System.err: 	at kotlin.coroutines.jvm.internal.BaseContinuationImpl.resumeWith(ContinuationImpl.kt:33)
09-07 04:52:56.200 30151 30151 W System.err: 	at kotlinx.coroutines.DispatchedTask.run(DispatchedTask.kt:104)
09-07 04:52:56.200 30151 30151 W System.err: 	at android.os.Handler.handleCallback(Handler.java:883)
09-07 04:52:56.200 30151 30151 W System.err: 	at android.os.Handler.dispatchMessage(Handler.java:100)
09-07 04:52:56.200 30151 30151 W System.err: 	at androidx.test.espresso.base.Interrogator.loopAndInterrogate(Interrogator.java:14)
09-07 04:52:56.200 30151 30151 W System.err: 	at androidx.test.espresso.base.UiControllerImpl.loopUntil(UiControllerImpl.java:8)
09-07 04:52:56.200 30151 30151 W System.err: 	at androidx.test.espresso.base.UiControllerImpl.loopUntil(UiControllerImpl.java:1)
09-07 04:52:56.200 30151 30151 W System.err: 	at androidx.test.espresso.base.UiControllerImpl.loopMainThreadForAtLeast(UiControllerImpl.java:7)
09-07 04:52:56.200 30151 30151 W System.err: 	at ru.iteco.fmhandroid.ui.data.ViewActions$1.perform(ViewActions.java:48)
09-07 04:52:56.201 30151 30151 W System.err: 	at androidx.test.espresso.ViewInteraction$SingleExecutionViewAction.perform(ViewInteraction.java:2)
09-07 04:52:56.201 30151 30151 W System.err: 	at androidx.test.espresso.ViewInteraction.doPerform(ViewInteraction.java:25)
09-07 04:52:56.201 30151 30151 W System.err: 	at androidx.test.espresso.ViewInteraction.-$$Nest$mdoPerform(Unknown Source:0)
09-07 04:52:56.201 30151 30151 W System.err: 	at androidx.test.espresso.ViewInteraction$1.call(ViewInteraction.java:7)
09-07 04:52:56.201 30151 30151 W System.err: 	at androidx.test.espresso.ViewInteraction$1.call(ViewInteraction.java:1)
09-07 04:52:56.201 30151 30151 W System.err: 	at java.util.concurrent.FutureTask.run(FutureTask.java:266)
09-07 04:52:56.201 30151 30151 W System.err: 	at android.os.Handler.handleCallback(Handler.java:883)
09-07 04:52:56.201 30151 30151 W System.err: 	at android.os.Handler.dispatchMessage(Handler.java:100)
09-07 04:52:56.201 30151 30151 W System.err: 	at android.os.Looper.loop(Looper.java:214)
09-07 04:52:56.201 30151 30151 W System.err: 	at android.app.ActivityThread.main(ActivityThread.java:7356)
09-07 04:52:56.201 30151 30151 W System.err: 	at java.lang.reflect.Method.invoke(Native Method)
09-07 04:52:56.201 30151 30151 W System.err: 	at com.android.internal.os.RuntimeInit$MethodAndArgsCaller.run(RuntimeInit.java:492)
09-07 04:52:56.201 30151 30151 W System.err: 	at com.android.internal.os.ZygoteInit.main(ZygoteInit.java:930)
09-07 04:52:56.317  1792  2272 E GnssHAL_GnssInterface: gnssSvStatusCb: a: input svInfo.flags is 8
09-07 04:52:56.317  1792  2272 E GnssHAL_GnssInterface: gnssSvStatusCb: b: input svInfo.flags is 8
09-07 04:52:56.417 30151 30151 I ViewInteraction: Performing 'wait for a specific view with <view.getId() is <2131230850/ru.iteco.fmhandroid:id/add_news_image_view>> during 10000 millis.' action on view view.getRootView() to equal view
09-07 04:52:56.421 30151 30151 I ViewInteraction: Performing 'single click' action on view view.getId() is <2131230850/ru.iteco.fmhandroid:id/add_news_image_view>
09-07 04:52:56.748 30151 30151 I ViewInteraction: Performing 'wait for a specific view with <view.getId() is <2131231204/ru.iteco.fmhandroid:id/news_item_category_text_auto_complete_text_view>> during 10000 millis.' action on view view.getRootView() to equal view
09-07 04:52:56.754 30151 30151 I ViewInteraction: Performing 'single click' action on view view.getId() is <2131231204/ru.iteco.fmhandroid:id/news_item_category_text_auto_complete_text_view>
09-07 04:52:56.834  2037  2065 E memtrack: Couldn't load memtrack module
09-07 04:52:56.834  2037  2065 W android.os.Debug: failed to get memory consumption info: -1
09-07 04:52:56.870  1793 14098 D gralloc_ranchu: gralloc_alloc: Creating ashmem region of size 5308416
09-07 04:52:56.885  1793 14098 I chatty  : uid=1000(system) HwBinder:1793_3 identical 1 line
09-07 04:52:56.887  1793 14098 D gralloc_ranchu: gralloc_alloc: Creating ashmem region of size 5308416
09-07 04:52:56.889 30151 30248 D EGL_emulation: eglMakeCurrent: 0xe2258dc0: ver 2 0 (tinfo 0xe233aeb0)
09-07 04:52:56.916 30151 30151 I AssistStructure: Flattened final assist data: 7432 bytes, containing 2 windows, 55 views
09-07 04:52:56.937 30151 30248 D EGL_emulation: eglMakeCurrent: 0xe2258dc0: ver 2 0 (tinfo 0xe233aeb0)
09-07 04:52:56.948 30151 30151 I AssistStructure: Flattened final assist data: 7432 bytes, containing 2 windows, 55 views
09-07 04:52:56.960  8425  8425 W AutofillChimeraService: Pending fill request while another request in the same session was triggered. [CONTEXT service_id=177 ]
09-07 04:52:56.966  7867  7867 D BoundBrokerSvc: onBind: Intent { act=com.google.android.mdd.service.START dat=chimera-action: cmp=com.google.android.gms/.chimera.GmsBoundBrokerService }
09-07 04:52:56.966  7867  7867 D BoundBrokerSvc: Loading bound service for intent: Intent { act=com.google.android.mdd.service.START dat=chimera-action: cmp=com.google.android.gms/.chimera.GmsBoundBrokerService }
09-07 04:52:56.977 30151 30248 D EGL_emulation: eglMakeCurrent: 0xe2258dc0: ver 2 0 (tinfo 0xe233aeb0)
09-07 04:52:56.980  6131  6131 I KeyboardViewUtil: systemKeyboardHeightRatio:1.000000; userKeyboardHeightRatio:1.000000.
09-07 04:52:56.980  6131  6131 I AndroidIME: LatinIme.onActivate() : EditorInfo = Package = ru.iteco.fmhandroid : Type = Text : Learning = Disable : Suggestion = Show : AutoCorrection = Disable : Microphone = Show : NoPersonalizedLearning = Disable
09-07 04:52:56.992  6131  6131 I Conv2QueryExtension: Current locale: en_US, config allows these locales: de,en,es,fr,it,ms,pt,ta
09-07 04:52:56.992  6131  6131 I Conv2QueryExtension: Conv2Query not enabled due to current app [ru.iteco.fmhandroid] not in whitelist
09-07 04:52:56.992  6131  6131 I Conv2QueryExtension: onActivate() : Disabled by unsupported host app
09-07 04:52:57.005  1793 14098 D gralloc_ranchu: gralloc_alloc: Creating ashmem region of size 9113600
09-07 04:52:57.009  1793 14098 I chatty  : uid=1000(system) HwBinder:1793_3 identical 1 line
09-07 04:52:57.012  1793 14098 D gralloc_ranchu: gralloc_alloc: Creating ashmem region of size 9113600
09-07 04:52:57.018  6131  6653 D EGL_emulation: eglMakeCurrent: 0xe224f240: ver 2 0 (tinfo 0xe227da70)
09-07 04:52:57.018  2182  2468 D EGL_emulation: eglMakeCurrent: 0xda21a360: ver 2 0 (tinfo 0xda20f590)
09-07 04:52:57.019  2182  2182 W View    : requestLayout() improperly called by com.android.keyguard.AlphaOptimizedLinearLayout{551c6d8 V.E...... ......ID 7,0-48,61 #7f0a041c app:id/wifi_group} during second layout pass: posting in next frame
09-07 04:52:57.028  2182  2182 W View    : requestLayout() improperly called by StatusBarIconView(slot=mobile icon=null notification=null) during layout: running second layout pass
09-07 04:52:57.041  2182  2468 D EGL_emulation: eglMakeCurrent: 0xda21a360: ver 2 0 (tinfo 0xda20f590)
09-07 04:52:57.061 30151 30248 D EGL_emulation: eglMakeCurrent: 0xe2258dc0: ver 2 0 (tinfo 0xe233aeb0)
09-07 04:52:57.092  1793 14098 D gralloc_ranchu: gralloc_alloc: Creating ashmem region of size 3530752
09-07 04:52:57.102 30151 30248 D EGL_emulation: eglMakeCurrent: 0xe2258dc0: ver 2 0 (tinfo 0xe233aeb0)
09-07 04:52:57.117  1793 14098 D gralloc_ranchu: gralloc_alloc: Creating ashmem region of size 3530752
09-07 04:52:57.134 30151 30248 D EGL_emulation: eglMakeCurrent: 0xe2258dc0: ver 2 0 (tinfo 0xe233aeb0)
09-07 04:52:57.150 30151 30248 D EGL_emulation: eglMakeCurrent: 0xe2258dc0: ver 2 0 (tinfo 0xe233aeb0)
09-07 04:52:57.156  1793 14098 D gralloc_ranchu: gralloc_alloc: Creating ashmem region of size 3530752
09-07 04:52:57.221 30151 30151 I ViewInteraction: Performing 'close keyboard' action on view view.getRootView() to equal view
09-07 04:52:57.225  6131  6131 I PhenotypeExpConfig: refreshConfiguration() : Force = false : UpdateAvailable = false : Age = 104 minutes : MaxAge = 720 minutes
09-07 04:52:57.226  6131  6131 I AndroidIME: LatinIme.onDeactivate()
09-07 04:52:57.242  6131  6653 D EGL_emulation: eglMakeCurrent: 0xe224f240: ver 2 0 (tinfo 0xe227da70)
09-07 04:52:57.244  2182  2468 D EGL_emulation: eglMakeCurrent: 0xda21a360: ver 2 0 (tinfo 0xda20f590)
09-07 04:52:57.245  2182  2182 W View    : requestLayout() improperly called by com.android.keyguard.AlphaOptimizedLinearLayout{551c6d8 V.E...... ......ID 7,0-48,61 #7f0a041c app:id/wifi_group} during second layout pass: posting in next frame
09-07 04:52:57.262  2182  2182 W View    : requestLayout() improperly called by StatusBarIconView(slot=mobile icon=null notification=null) during layout: running second layout pass
09-07 04:52:57.267  2182  2468 D EGL_emulation: eglMakeCurrent: 0xda21a360: ver 2 0 (tinfo 0xda20f590)
09-07 04:52:57.277 30151 30248 D EGL_emulation: eglMakeCurrent: 0xe2258dc0: ver 2 0 (tinfo 0xe233aeb0)
09-07 04:52:57.309  1793 14098 D gralloc_ranchu: gralloc_alloc: Creating ashmem region of size 5308416
09-07 04:52:57.316  1792  2272 E GnssHAL_GnssInterface: gnssSvStatusCb: a: input svInfo.flags is 8
09-07 04:52:57.316  1792  2272 E GnssHAL_GnssInterface: gnssSvStatusCb: b: input svInfo.flags is 8
09-07 04:52:57.322 30151 30248 D EGL_emulation: eglMakeCurrent: 0xe2258dc0: ver 2 0 (tinfo 0xe233aeb0)
09-07 04:52:57.336  1793 14098 D gralloc_ranchu: gralloc_alloc: Creating ashmem region of size 5308416
09-07 04:52:57.342 30151 30248 D EGL_emulation: eglMakeCurrent: 0xe2258dc0: ver 2 0 (tinfo 0xe233aeb0)
09-07 04:52:57.354 30151 30248 D EGL_emulation: eglMakeCurrent: 0xe2258dc0: ver 2 0 (tinfo 0xe233aeb0)
09-07 04:52:57.364  1793 14098 D gralloc_ranchu: gralloc_alloc: Creating ashmem region of size 5308416
09-07 04:52:57.371 30151 30248 D EGL_emulation: eglMakeCurrent: 0xe2258dc0: ver 2 0 (tinfo 0xe233aeb0)
09-07 04:52:57.404  8425  8425 D BoundBrokerSvc: onUnbind: Intent { act=com.google.android.gms.presencemanager.service.START dat=chimera-action: cmp=com.google.android.gms/.chimera.PersistentApiService }
09-07 04:52:57.405  8425  8425 D BoundBrokerSvc: onUnbind: Intent { act=com.google.android.gms.presencemanager.service.INTERNAL_IDENTITY dat=chimera-action: cmp=com.google.android.gms/.chimera.PersistentApiService }
09-07 04:52:57.540 30151 30151 I ViewInteraction: Checking 'MatchesViewAssertion{viewMatcher=(view has effective visibility <VISIBLE> and view.getGlobalVisibleRect() to return non-empty rectangle)}' assertion on view an instance of android.widget.TextView and view.getText() with or without transformation to match: is "Объявление"
09-07 04:52:57.544 30151 30151 I ViewInteraction: Performing 'single click' action on view an instance of android.widget.TextView and view.getText() with or without transformation to match: is "Объявление"
09-07 04:52:57.619 30151 30248 D EGL_emulation: eglMakeCurrent: 0xe2258dc0: ver 2 0 (tinfo 0xe233aeb0)
09-07 04:52:57.683 30151 30248 D EGL_emulation: eglMakeCurrent: 0xe2258dc0: ver 2 0 (tinfo 0xe233aeb0)
09-07 04:52:57.690  2037  2428 E InputDispatcher: Window handle Window{d69b8a0 u0 PopupWindow:9a5cefc} has no registered input channel
09-07 04:52:57.702 30151 30248 D EGL_emulation: eglMakeCurrent: 0xe2258dc0: ver 2 0 (tinfo 0xe233aeb0)
09-07 04:52:57.849 30151 30151 I ViewInteraction: Performing 'wait for a specific view with <view.getId() is <2131231227/ru.iteco.fmhandroid:id/news_item_title_text_input_edit_text>> during 10000 millis.' action on view view.getRootView() to equal view
09-07 04:52:57.854 30151 30151 I ViewInteraction: Performing 'replace text(Заголовок a531fc44-d5ab-429b-af10-bd310ca42f66)' action on view view.getId() is <2131231227/ru.iteco.fmhandroid:id/news_item_title_text_input_edit_text>
09-07 04:52:57.889 30151 30151 I ViewInteraction: Performing 'wait for a specific view with <view.getId() is <2131231222/ru.iteco.fmhandroid:id/news_item_publish_date_text_input_edit_text>> during 10000 millis.' action on view view.getRootView() to equal view
09-07 04:52:57.894 30151 30151 I ViewInteraction: Performing 'single click' action on view view.getId() is <2131231222/ru.iteco.fmhandroid:id/news_item_publish_date_text_input_edit_text>
09-07 04:52:57.995  1793 14098 D gralloc_ranchu: gralloc_alloc: Creating ashmem region of size 6778880
09-07 04:52:58.011  1793 14098 I chatty  : uid=1000(system) HwBinder:1793_3 identical 1 line
09-07 04:52:58.013  1793 14098 D gralloc_ranchu: gralloc_alloc: Creating ashmem region of size 6778880
09-07 04:52:58.017 30151 30248 D EGL_emulation: eglMakeCurrent: 0xe2258dc0: ver 2 0 (tinfo 0xe233aeb0)
09-07 04:52:58.297 30151 30248 I chatty  : uid=10136(ru.iteco.fmhandroid) RenderThread identical 18 lines
09-07 04:52:58.301 30151 30248 D EGL_emulation: eglMakeCurrent: 0xe2258dc0: ver 2 0 (tinfo 0xe233aeb0)
09-07 04:52:58.316  1792  2272 E GnssHAL_GnssInterface: gnssSvStatusCb: a: input svInfo.flags is 8
09-07 04:52:58.316  1792  2272 E GnssHAL_GnssInterface: gnssSvStatusCb: b: input svInfo.flags is 8
09-07 04:52:58.646 30151 30151 I ViewInteraction: Performing 'wait for a specific view with <is assignable from class <class android.widget.DatePicker>> during 10000 millis.' action on view view.getRootView() to equal view
09-07 04:52:58.651 30151 30151 I ViewInteraction: Checking 'MatchesViewAssertion{viewMatcher=(view has effective visibility <VISIBLE> and view.getGlobalVisibleRect() to return non-empty rectangle)}' assertion on view is assignable from class <class android.widget.DatePicker>
09-07 04:52:58.657 30151 30151 I ViewInteraction: Performing 'wait for a specific view with <is assignable from class <class android.widget.DatePicker>> during 10000 millis.' action on view view.getRootView() to equal view
09-07 04:52:58.660 30151 30151 I ViewInteraction: Performing 'set date' action on view is assignable from class <class android.widget.DatePicker>
09-07 04:52:58.668 30151 30248 D EGL_emulation: eglMakeCurrent: 0xe2258dc0: ver 2 0 (tinfo 0xe233aeb0)
09-07 04:52:58.686 30151 30151 I ViewInteraction: Performing 'wait for a specific view with <view.getId() is <16908313/android:id/button1>> during 10000 millis.' action on view view.getRootView() to equal view
09-07 04:52:58.691 30151 30151 I ViewInteraction: Performing 'single click' action on view view.getId() is <16908313/android:id/button1>
09-07 04:52:58.758 30151 30248 D EGL_emulation: eglMakeCurrent: 0xe2258dc0: ver 2 0 (tinfo 0xe233aeb0)
09-07 04:52:58.772 30151 30248 D EGL_emulation: eglMakeCurrent: 0xe2258dc0: ver 2 0 (tinfo 0xe233aeb0)
09-07 04:52:58.782  2037  2428 E InputDispatcher: Window handle Window{d1054a9 u0 ru.iteco.fmhandroid/ru.iteco.fmhandroid.ui.AppActivity} has no registered input channel
09-07 04:52:59.008 30151 30151 I ViewInteraction: Performing 'wait for a specific view with <view.getId() is <2131231223/ru.iteco.fmhandroid:id/news_item_publish_time_text_input_edit_text>> during 10000 millis.' action on view view.getRootView() to equal view
09-07 04:52:59.011 30151 30151 I ViewInteraction: Performing 'single click' action on view view.getId() is <2131231223/ru.iteco.fmhandroid:id/news_item_publish_time_text_input_edit_text>
09-07 04:52:59.124  1793 14098 D gralloc_ranchu: gralloc_alloc: Creating ashmem region of size 5718016
09-07 04:52:59.136  1793 14098 I chatty  : uid=1000(system) HwBinder:1793_3 identical 1 line
09-07 04:52:59.137  1793 14098 D gralloc_ranchu: gralloc_alloc: Creating ashmem region of size 5718016
09-07 04:52:59.140 30151 30248 D EGL_emulation: eglMakeCurrent: 0xe2258dc0: ver 2 0 (tinfo 0xe233aeb0)
09-07 04:52:59.160 30151 30248 D EGL_emulation: eglMakeCurrent: 0xe2258dc0: ver 2 0 (tinfo 0xe233aeb0)
09-07 04:52:59.316  1792  2272 E GnssHAL_GnssInterface: gnssSvStatusCb: a: input svInfo.flags is 8
09-07 04:52:59.316  1792  2272 E GnssHAL_GnssInterface: gnssSvStatusCb: b: input svInfo.flags is 8
09-07 04:52:59.399 30151 30151 I ViewInteraction: Performing 'wait for a specific view with <is assignable from class <class android.widget.TimePicker>> during 10000 millis.' action on view view.getRootView() to equal view
09-07 04:52:59.404 30151 30151 I ViewInteraction: Checking 'MatchesViewAssertion{viewMatcher=(view has effective visibility <VISIBLE> and view.getGlobalVisibleRect() to return non-empty rectangle)}' assertion on view is assignable from class <class android.widget.TimePicker>
09-07 04:52:59.407 30151 30151 I ViewInteraction: Performing 'wait for a specific view with <is assignable from class <class android.widget.TimePicker>> during 10000 millis.' action on view view.getRootView() to equal view
09-07 04:52:59.410 30151 30151 I ViewInteraction: Performing 'set time' action on view is assignable from class <class android.widget.TimePicker>
09-07 04:52:59.412 30151 30151 I ViewInteraction: Performing 'wait for a specific view with <view.getId() is <16908313/android:id/button1>> during 10000 millis.' action on view view.getRootView() to equal view
09-07 04:52:59.413 30151 30151 I ViewInteraction: Performing 'single click' action on view view.getId() is <16908313/android:id/button1>
09-07 04:52:59.468 30151 30248 D EGL_emulation: eglMakeCurrent: 0xe2258dc0: ver 2 0 (tinfo 0xe233aeb0)
09-07 04:52:59.480 30151 30248 I chatty  : uid=10136(ru.iteco.fmhandroid) RenderThread identical 1 line
09-07 04:52:59.493 30151 30248 D EGL_emulation: eglMakeCurrent: 0xe2258dc0: ver 2 0 (tinfo 0xe233aeb0)
09-07 04:52:59.503  2037  2459 E InputDispatcher: Window handle Window{75b0ade u0 ru.iteco.fmhandroid/ru.iteco.fmhandroid.ui.AppActivity} has no registered input channel
09-07 04:52:59.754 30151 30151 I ViewInteraction: Performing 'wait for a specific view with <view.getId() is <2131231211/ru.iteco.fmhandroid:id/news_item_description_text_input_edit_text>> during 10000 millis.' action on view view.getRootView() to equal view
09-07 04:52:59.759 30151 30151 I ViewInteraction: Performing 'replace text(Описание 363abbb3-59fc-4526-bdf3-e9b2fef16b89)' action on view view.getId() is <2131231211/ru.iteco.fmhandroid:id/news_item_description_text_input_edit_text>
09-07 04:52:59.800 30151 30151 I ViewInteraction: Performing 'wait for a specific view with <view.getId() is <2131231291/ru.iteco.fmhandroid:id/save_button>> during 10000 millis.' action on view view.getRootView() to equal view
09-07 04:52:59.802 30151 30151 I ViewInteraction: Performing 'single click' action on view view.getId() is <2131231291/ru.iteco.fmhandroid:id/save_button>
09-07 04:52:59.860 30151 30766 I okhttp.OkHttpClient: --> POST http://www.981757-ca08998.tmweb.ru:8080/fmh/news
09-07 04:52:59.860 30151 30766 I okhttp.OkHttpClient: Content-Type: application/json; charset=UTF-8
09-07 04:52:59.860 30151 30766 I okhttp.OkHttpClient: Content-Length: 294
09-07 04:52:59.860 30151 30766 I okhttp.OkHttpClient: {"createDate":1694051579,"creatorId":1,"creatorName":"Ivanov Ivan Ivanovich","description":"Описание 363abbb3-59fc-4526-bdf3-e9b2fef16b89","isOpen":false,"newsCategoryId":1,"publishDate":1694062320,"publishEnabled":true,"title":"Заголовок a531fc44-d5ab-429b-af10-bd310ca42f66"}
09-07 04:52:59.861 30151 30766 I okhttp.OkHttpClient: --> END POST (294-byte body)
09-07 04:52:59.865  1774 30834 E ResolverController: No valid NAT64 prefix (101, <unspecified>/0)
09-07 04:53:00.014  2182  2182 W View    : requestLayout() improperly called by com.android.keyguard.AlphaOptimizedLinearLayout{551c6d8 V.E...... ......ID 7,0-48,61 #7f0a041c app:id/wifi_group} during second layout pass: posting in next frame
09-07 04:53:00.031  2182  2182 W View    : requestLayout() improperly called by StatusBarIconView(slot=mobile icon=null notification=null) during layout: running second layout pass
09-07 04:53:00.085 30151 30151 I ViewInteraction: Performing 'wait for a specific view with <view.getId() is <2131231230/ru.iteco.fmhandroid:id/news_list_recycler_view>> during 10000 millis.' action on view view.getRootView() to equal view
09-07 04:53:00.228 30151 30766 I okhttp.OkHttpClient: <-- 200 http://www.981757-ca08998.tmweb.ru:8080/fmh/news (366ms)
09-07 04:53:00.228 30151 30766 I okhttp.OkHttpClient: Vary: Origin
09-07 04:53:00.228 30151 30766 I okhttp.OkHttpClient: Vary: Access-Control-Request-Method
09-07 04:53:00.229 30151 30766 I okhttp.OkHttpClient: Vary: Access-Control-Request-Headers
09-07 04:53:00.229 30151 30766 I okhttp.OkHttpClient: X-Content-Type-Options: nosniff
09-07 04:53:00.230 30151 30766 I okhttp.OkHttpClient: X-XSS-Protection: 1; mode=block
09-07 04:53:00.230 30151 30766 I okhttp.OkHttpClient: Cache-Control: no-cache, no-store, max-age=0, must-revalidate
09-07 04:53:00.230 30151 30766 I okhttp.OkHttpClient: Pragma: no-cache
09-07 04:53:00.231 30151 30766 I okhttp.OkHttpClient: Expires: 0
09-07 04:53:00.231 30151 30766 I okhttp.OkHttpClient: X-Frame-Options: DENY
09-07 04:53:00.231 30151 30766 I okhttp.OkHttpClient: Content-Type: application/json
09-07 04:53:00.231 30151 30766 I okhttp.OkHttpClient: Transfer-Encoding: chunked
09-07 04:53:00.231 30151 30766 I okhttp.OkHttpClient: Date: Thu, 07 Sep 2023 04:53:01 GMT
09-07 04:53:00.231 30151 30766 I okhttp.OkHttpClient: Keep-Alive: timeout=60
09-07 04:53:00.232 30151 30766 I okhttp.OkHttpClient: Connection: keep-alive
09-07 04:53:00.232 30151 30766 I okhttp.OkHttpClient: {"id":6459,"newsCategoryId":1,"title":"Заголовок a531fc44-d5ab-429b-af10-bd310ca42f66","description":"Описание 363abbb3-59fc-4526-bdf3-e9b2fef16b89","creatorId":1,"createDate":1694051579,"publishDate":1694062320,"publishEnabled":true,"creatorName":"Ivanov Ivan Ivanovich"}
09-07 04:53:00.233 30151 30766 I okhttp.OkHttpClient: <-- END HTTP (289-byte body)
09-07 04:53:00.305 30151 30151 I ViewInteraction: Performing 'scroll RecyclerView to: holder with view: ((view is an instance of android.view.ViewGroup and has descendant matching an instance of android.widget.TextView and view.getText() with or without transformation to match: is "Заголовок a531fc44-d5ab-429b-af10-bd310ca42f66"))' action on view view.getId() is <2131231230/ru.iteco.fmhandroid:id/news_list_recycler_view>
09-07 04:53:00.308 30151 30151 D takeScreenshot: Found 1 global views to redraw
09-07 04:53:00.315  1792  2272 E GnssHAL_GnssInterface: gnssSvStatusCb: a: input svInfo.flags is 8
09-07 04:53:00.315  1792  2272 E GnssHAL_GnssInterface: gnssSvStatusCb: b: input svInfo.flags is 8
09-07 04:53:00.381  1793 14098 D gralloc_ranchu: gralloc_alloc: Creating ashmem region of size 9850880
09-07 04:53:00.413 30151 30196 W DefaultFailureHandler: Failed to take screenshot
09-07 04:53:00.413 30151 30196 W DefaultFailureHandler: java.io.FileNotFoundException: view-op-error-9.png: open failed: EROFS (Read-only file system)
09-07 04:53:00.413 30151 30196 W DefaultFailureHandler: 	at libcore.io.IoBridge.open(IoBridge.java:496)
09-07 04:53:00.413 30151 30196 W DefaultFailureHandler: 	at java.io.FileOutputStream.<init>(FileOutputStream.java:235)
09-07 04:53:00.413 30151 30196 W DefaultFailureHandler: 	at java.io.FileOutputStream.<init>(FileOutputStream.java:125)
09-07 04:53:00.413 30151 30196 W DefaultFailureHandler: 	at androidx.test.platform.io.FileTestStorage.openOutputFile(FileTestStorage.java:60)
09-07 04:53:00.413 30151 30196 W DefaultFailureHandler: 	at androidx.test.core.graphics.BitmapStorage.writeToTestStorage(BitmapStorageExt.kt:49)
09-07 04:53:00.413 30151 30196 W DefaultFailureHandler: 	at androidx.test.espresso.base.DefaultFailureHandler.takeScreenshot(DefaultFailureHandler.java:4)
09-07 04:53:00.413 30151 30196 W DefaultFailureHandler: 	at androidx.test.espresso.base.DefaultFailureHandler.handle(DefaultFailureHandler.java:3)
09-07 04:53:00.413 30151 30196 W DefaultFailureHandler: 	at androidx.test.espresso.ViewInteraction.waitForAndHandleInteractionResults(ViewInteraction.java:8)
09-07 04:53:00.413 30151 30196 W DefaultFailureHandler: 	at androidx.test.espresso.ViewInteraction.desugaredPerform(ViewInteraction.java:11)
09-07 04:53:00.413 30151 30196 W DefaultFailureHandler: 	at androidx.test.espresso.ViewInteraction.perform(ViewInteraction.java:8)
09-07 04:53:00.413 30151 30196 W DefaultFailureHandler: 	at ru.iteco.fmhandroid.ui.steps.ControlPanelSteps.scrollToElementInRecyclerList(ControlPanelSteps.java:204)
09-07 04:53:00.413 30151 30196 W DefaultFailureHandler: 	at ru.iteco.fmhandroid.ui.steps.ControlPanelSteps.checkNewsIsPresent(ControlPanelSteps.java:309)
09-07 04:53:00.413 30151 30196 W DefaultFailureHandler: 	at ru.iteco.fmhandroid.ui.ControlPanelTest.shouldDeleteNewsItem(ControlPanelTest.java:115)
09-07 04:53:00.413 30151 30196 W DefaultFailureHandler: 	at java.lang.reflect.Method.invoke(Native Method)
09-07 04:53:00.413 30151 30196 W DefaultFailureHandler: 	at org.junit.runners.model.FrameworkMethod$1.runReflectiveCall(FrameworkMethod.java:59)
09-07 04:53:00.413 30151 30196 W DefaultFailureHandler: 	at org.junit.internal.runners.model.ReflectiveCallable.run(ReflectiveCallable.java:12)
09-07 04:53:00.413 30151 30196 W DefaultFailureHandler: 	at org.junit.runners.model.FrameworkMethod.invokeExplosively(FrameworkMethod.java:56)
09-07 04:53:00.413 30151 30196 W DefaultFailureHandler: 	at org.junit.internal.runners.statements.InvokeMethod.evaluate(InvokeMethod.java:17)
09-07 04:53:00.413 30151 30196 W DefaultFailureHandler: 	at androidx.test.internal.runner.junit4.statement.RunBefores.evaluate(RunBefores.java:80)
09-07 04:53:00.413 30151 30196 W DefaultFailureHandler: 	at io.qameta.allure.android.rules.ScreenshotRule$apply$1.evaluate(ScreenshotRule.kt:22)
09-07 04:53:00.413 30151 30196 W DefaultFailureHandler: 	at org.junit.rules.ExternalResource$1.evaluate(ExternalResource.java:54)
09-07 04:53:00.413 30151 30196 W DefaultFailureHandler: 	at io.qameta.allure.android.rules.LogcatRule$apply$1.evaluate(LogcatRule.kt:23)
09-07 04:53:00.413 30151 30196 W DefaultFailureHandler: 	at org.junit.rules.RunRules.evaluate(RunRules.java:20)
09-07 04:53:00.413 30151 30196 W DefaultFailureHandler: 	at org.junit.runners.ParentRunner$3.evaluate(ParentRunner.java:306)
09-07 04:53:00.413 30151 30196 W DefaultFailureHandler: 	at org.junit.runners.BlockJUnit4ClassRunner$1.evaluate(BlockJUnit4ClassRunner.java:100)
09-07 04:53:00.413 30151 30196 W DefaultFailureHandler: 	at org.junit.runners.ParentRunner.runLeaf(ParentRunner.java:366)
09-07 04:53:00.413 30151 30196 W DefaultFailureHandler: 	at org.junit.runners.BlockJUnit4ClassRunner.runChild(BlockJUnit4ClassRunner.java:103)
09-07 04:53:00.413 30151 30196 W DefaultFailureHandler: 	at org.junit.runners.BlockJUnit4ClassRunner.runChild(BlockJUnit4ClassRunner.java:63)
09-07 04:53:00.413 30151 30196 W DefaultFailureHandler: 	at org.junit.runners.ParentRunner$4.run(ParentRunner.java:331)
09-07 04:53:00.413 30151 30196 W DefaultFailureHandler: 	at org.junit.runners.ParentRunner$1.schedule(ParentRunner.java:79)
09-07 04:53:00.413 30151 30196 W DefaultFailureHandler: 	at org.junit.runners.ParentRunner.runChildren(ParentRunner.java:329)
09-07 04:53:00.413 30151 30196 W DefaultFailureHandler: 	at org.junit.runners.ParentRunner.access$100(ParentRunner.java:66)
09-07 04:53:00.413 30151 30196 W DefaultFailureHandler: 	at org.junit.runners.ParentRunner$2.evaluate(ParentRunner.java:293)
09-07 04:53:00.413 30151 30196 W DefaultFailureHandler: 	at org.junit.runners.ParentRunner$3.evaluate(ParentRunner.java:306)
09-07 04:53:00.413 30151 30196 W DefaultFailureHandler: 	at org.junit.runners.ParentRunner.run(ParentRunner.java:413)
09-07 04:53:00.413 30151 30196 W DefaultFailureHandler: 	at androidx.test.ext.junit.runners.AndroidJUnit4.run(AndroidJUnit4.java:162)
09-07 04:53:00.413 30151 30196 W DefaultFailureHandler: 	at io.qameta.allure.android.runners.AllureAndroidJUnit4.run(AllureAndroidJUnitRunners.kt:29)
09-07 04:53:00.413 30151 30196 W DefaultFailureHandler: 	at org.junit.runners.Suite.runChild(Suite.java:128)
09-07 04:53:00.413 30151 30196 W DefaultFailureHandler: 	at org.junit.runners.Suite.runChild(Suite.java:27)
09-07 04:53:00.413 30151 30196 W DefaultFailureHandler: 	at org.junit.runners.ParentRunner$4.run(ParentRunner.java:331)
09-07 04:53:00.413 30151 30196 W DefaultFailureHandler: 	at org.junit.runners.ParentRunner$1.schedule(ParentRunner.java:79)
09-07 04:53:00.413 30151 30196 W DefaultFailureHandler: 	at org.junit.runners.ParentRunner.runChildren(ParentRunner.java:329)
09-07 04:53:00.413 30151 30196 W DefaultFailureHandler: 	at org.junit.runners.ParentRunner.access$100(ParentRunner.java:66)
09-07 04:53:00.413 30151 30196 W DefaultFailureHandler: 	at org.junit.runners.ParentRunner$2.evaluate(ParentRunner.java:293)
09-07 04:53:00.413 30151 30196 W DefaultFailureHandler: 	at org.junit.runners.ParentRunner$3.evaluate(ParentRunner.java:306)
09-07 04:53:00.413 30151 30196 W DefaultFailureHandler: 	at org.junit.runners.ParentRunner.run(ParentRunner.java:413)
09-07 04:53:00.413 30151 30196 W DefaultFailureHandler: 	at org.junit.runner.JUnitCore.run(JUnitCore.java:137)
09-07 04:53:00.413 30151 30196 W DefaultFailureHandler: 	at org.junit.runner.JUnitCore.run(JUnitCore.java:115)
09-07 04:53:00.413 30151 30196 W DefaultFailureHandler: 	at androidx.test.internal.runner.TestExecutor.execute(TestExecutor.java:67)
09-07 04:53:00.413 30151 30196 W DefaultFailureHandler: 	at androidx.test.internal.runner.TestExecutor.execute(TestExecutor.java:58)
09-07 04:53:00.413 30151 30196 W DefaultFailureHandler: 	at androidx.test.runner.AndroidJUnitRunner.onStart(AndroidJUnitRunner.java:438)
09-07 04:53:00.414 30151 30196 W DefaultFailureHandler: 	at android.app.Instrumentation$InstrumentationThread.run(Instrumentation.java:2189)
09-07 04:53:00.414 30151 30196 W DefaultFailureHandler: Caused by: android.system.ErrnoException: open failed: EROFS (Read-only file system)
09-07 04:53:00.414 30151 30196 W DefaultFailureHandler: 	at libcore.io.Linux.open(Native Method)
09-07 04:53:00.414 30151 30196 W DefaultFailureHandler: 	at libcore.io.ForwardingOs.open(ForwardingOs.java:167)
09-07 04:53:00.414 30151 30196 W DefaultFailureHandler: 	at libcore.io.BlockGuardOs.open(BlockGuardOs.java:252)
09-07 04:53:00.414 30151 30196 W DefaultFailureHandler: 	at libcore.io.ForwardingOs.open(ForwardingOs.java:167)
09-07 04:53:00.414 30151 30196 W DefaultFailureHandler: 	at android.app.ActivityThread$AndroidOs.open(ActivityThread.java:7255)
09-07 04:53:00.414 30151 30196 W DefaultFailureHandler: 	at libcore.io.IoBridge.open(IoBridge.java:482)
09-07 04:53:00.414 30151 30196 W DefaultFailureHandler: 	... 51 more
09-07 04:53:00.417  1793 14098 D gralloc_ranchu: gralloc_alloc: Creating ashmem region of size 9850880
09-07 04:53:00.554  2037  2903 I ActivityTaskManager: START u0 {act=android.intent.action.MAIN cat=[android.intent.category.LAUNCHER] flg=0x10000000 cmp=ru.iteco.fmhandroid.test/androidx.test.core.app.InstrumentationActivityInvoker$EmptyActivity} from uid 10136
09-07 04:53:00.558 30151 30151 D LifecycleMonitor: Lifecycle status change: ru.iteco.fmhandroid.ui.AppActivity@2cea2a8 in: PAUSED
09-07 04:53:00.558 30151 30151 V ActivityScenario: Update currentActivityStage to PAUSED, currentActivity=ru.iteco.fmhandroid.ui.AppActivity@2cea2a8
09-07 04:53:00.559  2037  2903 W InputReader: Device has associated, but no associated display id.
09-07 04:53:00.560  2037  2903 I chatty  : uid=1000(system) Binder:2037_C identical 38 lines
09-07 04:53:00.560  2037  2903 W InputReader: Device has associated, but no associated display id.
09-07 04:53:00.561 30213 30213 W ActivityThread: handleWindowVisibility: no activity for token android.os.BinderProxy@a3d0111
09-07 04:53:00.562 30151 30602 V FA      : Recording user engagement, ms: 17728
09-07 04:53:00.562  2037  2903 W InputReader: Device has associated, but no associated display id.
09-07 04:53:00.562  2037  2903 I chatty  : uid=1000(system) Binder:2037_C identical 8 lines
09-07 04:53:00.562  2037  2903 W InputReader: Device has associated, but no associated display id.
09-07 04:53:00.594 30151 30602 V FA      : Connecting to remote service
09-07 04:53:00.603  1793 14098 D gralloc_ranchu: gralloc_alloc: Creating ashmem region of size 9850880
09-07 04:53:00.610  1793 14098 I chatty  : uid=1000(system) HwBinder:1793_3 identical 1 line
09-07 04:53:00.611  1793 14098 D gralloc_ranchu: gralloc_alloc: Creating ashmem region of size 9850880
09-07 04:53:00.612 30213 30245 D EGL_emulation: eglMakeCurrent: 0xda21a240: ver 2 0 (tinfo 0xda20f7b0)
09-07 04:53:00.619  7867  7867 D BoundBrokerSvc: onBind: Intent { act=com.google.android.gms.measurement.START pkg=com.google.android.gms }
09-07 04:53:00.619  7867  7867 D BoundBrokerSvc: Loading bound service for intent: Intent { act=com.google.android.gms.measurement.START pkg=com.google.android.gms }
09-07 04:53:00.632  2037  4090 W InputReader: Device has associated, but no associated display id.
09-07 04:53:00.633  2037  4090 I chatty  : uid=1000(system) Binder:2037_E identical 18 lines
09-07 04:53:00.633  2037  4090 W InputReader: Device has associated, but no associated display id.
09-07 04:53:00.633 30151 30602 V FA      : Connection attempt already in progress
09-07 04:53:00.633  2037  4090 W InputReader: Device has associated, but no associated display id.
09-07 04:53:00.633  2037  4090 I chatty  : uid=1000(system) Binder:2037_E identical 6 lines
09-07 04:53:00.633  2037  4090 W InputReader: Device has associated, but no associated display id.
09-07 04:53:00.633 30151 30602 V FA      : Activity paused, time: 5304453
09-07 04:53:00.633  2037  4090 W InputReader: Device has associated, but no associated display id.
09-07 04:53:00.634  2037  4090 I chatty  : uid=1000(system) Binder:2037_E identical 10 lines
09-07 04:53:00.634  2037  4090 W InputReader: Device has associated, but no associated display id.
09-07 04:53:00.636 30151 30602 D FA      : Connected to remote service
09-07 04:53:00.637 30151 30602 V FA      : Processing queued up service tasks: 2
09-07 04:53:00.638  2037  4090 W InputReader: Device has associated, but no associated display id.
09-07 04:53:00.638  2037  4090 I chatty  : uid=1000(system) Binder:2037_E identical 8 lines
09-07 04:53:00.638  2037  4090 W InputReader: Device has associated, but no associated display id.
09-07 04:53:00.646 30213 30213 W ActivityThread: handleWindowVisibility: no activity for token android.os.BinderProxy@761d468
09-07 04:53:00.589  2037  2903 I ActivityTaskManager: START u0 {act=android.intent.action.MAIN cat=[android.intent.category.LAUNCHER] flg=0x10000000 cmp=ru.iteco.fmhandroid.test/androidx.test.core.app.InstrumentationActivityInvoker$EmptyActivity} from uid 10136
09-07 04:53:00.665  2037  4090 W ActivityTaskManager: Duplicate finish request for ActivityRecord{e9895e3 u0 ru.iteco.fmhandroid/.ui.AppActivity t836 f}
09-07 04:53:00.677  7867 30607 V FA-SVC  : Logging event: origin=auto,name=user_engagement(_e),params=Bundle[{ga_event_origin(_o)=auto, engagement_time_msec(_et)=17728, ga_screen_class(_sc)=AppActivity, ga_screen_id(_si)=-9034604991994632876}]
09-07 04:53:00.680  1793 14098 D gralloc_ranchu: gralloc_alloc: Creating ashmem region of size 9850880
09-07 04:53:00.684  1793 14098 I chatty  : uid=1000(system) HwBinder:1793_3 identical 1 line
09-07 04:53:00.686  1793 14098 D gralloc_ranchu: gralloc_alloc: Creating ashmem region of size 9850880
09-07 04:53:00.686 30213 30245 D EGL_emulation: eglMakeCurrent: 0xda21a240: ver 2 0 (tinfo 0xda20f7b0)
09-07 04:53:00.700  2037  2061 W InputReader: Device has associated, but no associated display id.
09-07 04:53:00.702  2037  2061 I chatty  : uid=1000(system) android.anim identical 18 lines
09-07 04:53:00.702  2037  2061 W InputReader: Device has associated, but no associated display id.
09-07 04:53:00.705  2037  2065 I ActivityTaskManager: Displayed ru.iteco.fmhandroid.test/androidx.test.core.app.InstrumentationActivityInvoker$EmptyActivity: +73ms
09-07 04:53:00.708  2037  2056 W InputReader: Device has associated, but no associated display id.
09-07 04:53:00.708  2037  2056 I chatty  : uid=1000(system) Binder:2037_2 identical 8 lines
09-07 04:53:00.708  2037  2056 W InputReader: Device has associated, but no associated display id.
09-07 04:53:00.712 30151 30248 D EGL_emulation: eglMakeCurrent: 0xe2258dc0: ver 2 0 (tinfo 0xe233aeb0)
