09-07 04:00:17.356 16738 16738 I ViewInteraction: Checking 'MatchesViewAssertion{viewMatcher=(view has effective visibility <VISIBLE> and view.getGlobalVisibleRect() to return non-empty rectangle)}' assertion on view an instance of android.widget.TextView and view.getText() with or without transformation to match: is "Claims"
09-07 04:00:17.357 16738 16843 W teco.fmhandroi: Accessing hidden method Lsun/misc/Unsafe;->compareAndSwapObject(Ljava/lang/Object;JLjava/lang/Object;Ljava/lang/Object;)Z (greylist, linking, allowed)
09-07 04:00:17.359 16738 16738 I ViewInteraction: Performing 'wait for a specific view with <view.getId() is <2131231123>> during 10000 millis.' action on view view.getRootView() to equal view
09-07 04:00:17.363 16738 16783 W teco.fmhandroi: Accessing hidden method Landroid/view/ViewConfiguration;->getDoubleTapMinTime()I (greylist, reflection, allowed)
09-07 04:00:17.366 16738 16783 W teco.fmhandroi: Accessing hidden method Lsun/misc/Unsafe;->compareAndSwapObject(Ljava/lang/Object;JLjava/lang/Object;Ljava/lang/Object;)Z (greylist, linking, allowed)
09-07 04:00:17.368 16738 16738 I ViewInteraction: Performing 'single click' action on view view.getId() is <2131231123/ru.iteco.fmhandroid:id/main_menu_image_button>
09-07 04:00:17.497 16738 16744 I teco.fmhandroi: JIT allocated 70KB for compiled code of void android.view.View.<init>(android.content.Context, android.util.AttributeSet, int, int)
09-07 04:00:17.659 16738 16781 V FA      : Inactivity, disconnecting from the service
09-07 04:00:17.701  1781  6116 W audio_hw_generic: Not supplying enough data to HAL, expected position 33472399 , only wrote 33472379
09-07 04:00:17.751  1793  2554 D gralloc_ranchu: gralloc_alloc: Creating ashmem region of size 2015232
09-07 04:00:17.755  1793  2554 I chatty  : uid=1000(system) HwBinder:1793_2 identical 1 line
09-07 04:00:17.756  1793  2554 D gralloc_ranchu: gralloc_alloc: Creating ashmem region of size 2015232
09-07 04:00:17.775 16738 16835 D EGL_emulation: eglMakeCurrent: 0xe22f9ca0: ver 2 0 (tinfo 0xd6c9c4e0)
09-07 04:00:17.808 16738 16835 I chatty  : uid=10136(ru.iteco.fmhandroid) RenderThread identical 2 lines
09-07 04:00:17.840 16738 16835 D EGL_emulation: eglMakeCurrent: 0xe22f9ca0: ver 2 0 (tinfo 0xd6c9c4e0)
09-07 04:00:18.018  1792  2272 E GnssHAL_GnssInterface: gnssSvStatusCb: a: input svInfo.flags is 8
09-07 04:00:18.018  1792  2272 E GnssHAL_GnssInterface: gnssSvStatusCb: b: input svInfo.flags is 8
09-07 04:00:18.060 16738 16783 W teco.fmhandroi: Accessing hidden method Lsun/misc/Unsafe;->compareAndSwapObject(Ljava/lang/Object;JLjava/lang/Object;Ljava/lang/Object;)Z (greylist, linking, allowed)
09-07 04:00:18.062 16738 16738 I ViewInteraction: Performing 'wait for a specific view with <an instance of android.widget.TextView and view.getText() with or without transformation to match: is "Claims"> during 10000 millis.' action on view view.getRootView() to equal view
09-07 04:00:18.067 16738 16738 I ViewInteraction: Performing 'single click' action on view an instance of android.widget.TextView and view.getText() with or without transformation to match: is "Claims"
09-07 04:00:18.124 16738 16835 D EGL_emulation: eglMakeCurrent: 0xe22f9ca0: ver 2 0 (tinfo 0xd6c9c4e0)
09-07 04:00:18.207 16738 16864 I okhttp.OkHttpClient: --> GET http://www.981757-ca08998.tmweb.ru:8080/fmh/claims
09-07 04:00:18.207 16738 16864 I okhttp.OkHttpClient: --> END GET
09-07 04:00:18.209  1774 16865 E ResolverController: No valid NAT64 prefix (101, <unspecified>/0)
09-07 04:00:18.242 16738 16835 D EGL_emulation: eglMakeCurrent: 0xe22f9ca0: ver 2 0 (tinfo 0xd6c9c4e0)
09-07 04:00:18.258 16738 16835 D EGL_emulation: eglMakeCurrent: 0xe22f9ca0: ver 2 0 (tinfo 0xd6c9c4e0)
09-07 04:00:18.444 16738 16738 I ViewInteraction: Performing 'wait for a specific view with <view.getId() is <2131230849>> during 10000 millis.' action on view view.getRootView() to equal view
09-07 04:00:18.446 16738 16783 W teco.fmhandroi: Accessing hidden method Lsun/misc/Unsafe;->compareAndSwapObject(Ljava/lang/Object;JLjava/lang/Object;Ljava/lang/Object;)Z (greylist, linking, allowed)
09-07 04:00:18.449 16738 16738 I ViewInteraction: Performing 'single click' action on view view.getId() is <2131230849/ru.iteco.fmhandroid:id/add_new_claim_material_button>
09-07 04:00:18.526 16738 16847 I okhttp.OkHttpClient: --> GET http://www.981757-ca08998.tmweb.ru:8080/fmh/users
09-07 04:00:18.526 16738 16847 I okhttp.OkHttpClient: --> END GET
09-07 04:00:18.749 16738 16783 W teco.fmhandroi: Accessing hidden method Lsun/misc/Unsafe;->compareAndSwapObject(Ljava/lang/Object;JLjava/lang/Object;Ljava/lang/Object;)Z (greylist, linking, allowed)
09-07 04:00:18.752 16738 16738 I ViewInteraction: Performing 'wait for a specific view with <view.getId() is <2131231041>> during 10000 millis.' action on view view.getRootView() to equal view
09-07 04:00:19.018  1792  2272 E GnssHAL_GnssInterface: gnssSvStatusCb: a: input svInfo.flags is 8
09-07 04:00:19.018  1792  2272 E GnssHAL_GnssInterface: gnssSvStatusCb: b: input svInfo.flags is 8
09-07 04:00:19.301 16738 16847 I okhttp.OkHttpClient: <-- 200 http://www.981757-ca08998.tmweb.ru:8080/fmh/users (774ms)
09-07 04:00:19.301 16738 16847 I okhttp.OkHttpClient: Vary: Origin
09-07 04:00:19.301 16738 16847 I okhttp.OkHttpClient: Vary: Access-Control-Request-Method
09-07 04:00:19.301 16738 16847 I okhttp.OkHttpClient: Vary: Access-Control-Request-Headers
09-07 04:00:19.301 16738 16847 I okhttp.OkHttpClient: X-Content-Type-Options: nosniff
09-07 04:00:19.301 16738 16847 I okhttp.OkHttpClient: X-XSS-Protection: 1; mode=block
09-07 04:00:19.302 16738 16847 I okhttp.OkHttpClient: Cache-Control: no-cache, no-store, max-age=0, must-revalidate
09-07 04:00:19.302 16738 16847 I okhttp.OkHttpClient: Pragma: no-cache
09-07 04:00:19.302 16738 16847 I okhttp.OkHttpClient: Expires: 0
09-07 04:00:19.302 16738 16847 I okhttp.OkHttpClient: X-Frame-Options: DENY
09-07 04:00:19.302 16738 16847 I okhttp.OkHttpClient: Content-Type: application/json
09-07 04:00:19.302 16738 16847 I okhttp.OkHttpClient: Transfer-Encoding: chunked
09-07 04:00:19.303 16738 16847 I okhttp.OkHttpClient: Date: Thu, 07 Sep 2023 04:00:20 GMT
09-07 04:00:19.303 16738 16847 I okhttp.OkHttpClient: Keep-Alive: timeout=60
09-07 04:00:19.304 16738 16847 I okhttp.OkHttpClient: Connection: keep-alive
09-07 04:00:19.305 16738 16847 I okhttp.OkHttpClient: [{"id":1,"firstName":"Ivan","lastName":"Ivanov","middleName":"Ivanovich","admin":true}]
09-07 04:00:19.305 16738 16847 I okhttp.OkHttpClient: <-- END HTTP (87-byte body)
09-07 04:00:19.537 16738 16783 W teco.fmhandroi: Accessing hidden method Lsun/misc/Unsafe;->compareAndSwapObject(Ljava/lang/Object;JLjava/lang/Object;Ljava/lang/Object;)Z (greylist, linking, allowed)
09-07 04:00:19.540 16738 16738 I ViewInteraction: Performing 'single click' action on view view.getId() is <2131231041/ru.iteco.fmhandroid:id/executor_drop_menu_auto_complete_text_view>
09-07 04:00:19.650  1793  2554 D gralloc_ranchu: gralloc_alloc: Creating ashmem region of size 1134592
09-07 04:00:19.659  1793  2554 I chatty  : uid=1000(system) HwBinder:1793_2 identical 1 line
09-07 04:00:19.661  1793  2554 D gralloc_ranchu: gralloc_alloc: Creating ashmem region of size 1134592
09-07 04:00:19.662 16738 16835 D EGL_emulation: eglMakeCurrent: 0xe22f9ca0: ver 2 0 (tinfo 0xd6c9c4e0)
09-07 04:00:19.676 16738 16738 I AssistStructure: Flattened final assist data: 6348 bytes, containing 2 windows, 48 views
09-07 04:00:19.687 16738 16835 D EGL_emulation: eglMakeCurrent: 0xe22f9ca0: ver 2 0 (tinfo 0xd6c9c4e0)
09-07 04:00:19.699 16738 16738 I AssistStructure: Flattened final assist data: 6348 bytes, containing 2 windows, 48 views
09-07 04:00:19.704  8425  8425 W AutofillChimeraService: Pending fill request while another request in the same session was triggered. [CONTEXT service_id=177 ]
09-07 04:00:19.710  7867  7867 D BoundBrokerSvc: onBind: Intent { act=com.google.android.mdd.service.START dat=chimera-action: cmp=com.google.android.gms/.chimera.GmsBoundBrokerService }
09-07 04:00:19.710  7867  7867 D BoundBrokerSvc: Loading bound service for intent: Intent { act=com.google.android.mdd.service.START dat=chimera-action: cmp=com.google.android.gms/.chimera.GmsBoundBrokerService }
09-07 04:00:19.724 16738 16835 D EGL_emulation: eglMakeCurrent: 0xe22f9ca0: ver 2 0 (tinfo 0xd6c9c4e0)
09-07 04:00:19.726  6131  6131 I KeyboardViewUtil: systemKeyboardHeightRatio:1.000000; userKeyboardHeightRatio:1.000000.
09-07 04:00:19.727  6131  6131 I AndroidIME: LatinIme.onActivate() : EditorInfo = Package = ru.iteco.fmhandroid : Type = Text : Learning = Disable : Suggestion = Show : AutoCorrection = Disable : Microphone = Show : NoPersonalizedLearning = Disable
09-07 04:00:19.736  6131  6131 I Conv2QueryExtension: Current locale: en_US, config allows these locales: de,en,es,fr,it,ms,pt,ta
09-07 04:00:19.736  6131  6131 I Conv2QueryExtension: Conv2Query not enabled due to current app [ru.iteco.fmhandroid] not in whitelist
09-07 04:00:19.737  6131  6131 I Conv2QueryExtension: onActivate() : Disabled by unsupported host app
09-07 04:00:19.743  2182  2468 D EGL_emulation: eglMakeCurrent: 0xda21a360: ver 2 0 (tinfo 0xda20f590)
09-07 04:00:19.745  2182  2182 W View    : requestLayout() improperly called by com.android.keyguard.AlphaOptimizedLinearLayout{551c6d8 V.E...... ......ID 7,0-48,61 #7f0a041c app:id/wifi_group} during second layout pass: posting in next frame
09-07 04:00:19.750  1793  2554 D gralloc_ranchu: gralloc_alloc: Creating ashmem region of size 9113600
09-07 04:00:19.755  1793  2554 D gralloc_ranchu: gralloc_alloc: Creating ashmem region of size 9113600
09-07 04:00:19.756  6131  6653 D EGL_emulation: eglMakeCurrent: 0xe224f240: ver 2 0 (tinfo 0xe227da70)
09-07 04:00:19.756  1793  2554 D gralloc_ranchu: gralloc_alloc: Creating ashmem region of size 9113600
09-07 04:00:19.761  2182  2182 W View    : requestLayout() improperly called by StatusBarIconView(slot=mobile icon=null notification=null) during layout: running second layout pass
09-07 04:00:19.773  2182  2468 D EGL_emulation: eglMakeCurrent: 0xda21a360: ver 2 0 (tinfo 0xda20f590)
09-07 04:00:19.800 16738 16835 D EGL_emulation: eglMakeCurrent: 0xe22f9ca0: ver 2 0 (tinfo 0xd6c9c4e0)
09-07 04:00:19.949 16738 16783 W teco.fmhandroi: Accessing hidden method Lsun/misc/Unsafe;->compareAndSwapObject(Ljava/lang/Object;JLjava/lang/Object;Ljava/lang/Object;)Z (greylist, linking, allowed)
09-07 04:00:19.951 16738 16738 I ViewInteraction: Performing 'close keyboard' action on view view.getRootView() to equal view
09-07 04:00:19.956  6131  6131 I PhenotypeExpConfig: refreshConfiguration() : Force = false : UpdateAvailable = false : Age = 52 minutes : MaxAge = 720 minutes
09-07 04:00:19.957  6131  6131 I AndroidIME: LatinIme.onDeactivate()
09-07 04:00:19.966  2182  2468 D EGL_emulation: eglMakeCurrent: 0xda21a360: ver 2 0 (tinfo 0xda20f590)
09-07 04:00:19.967  2182  2182 W View    : requestLayout() improperly called by com.android.keyguard.AlphaOptimizedLinearLayout{551c6d8 V.E...... ......ID 7,0-48,61 #7f0a041c app:id/wifi_group} during second layout pass: posting in next frame
09-07 04:00:19.971  6131  6653 D EGL_emulation: eglMakeCurrent: 0xe224f240: ver 2 0 (tinfo 0xe227da70)
09-07 04:00:19.992  2182  2182 W View    : requestLayout() improperly called by StatusBarIconView(slot=mobile icon=null notification=null) during layout: running second layout pass
09-07 04:00:19.994  2182  2468 D EGL_emulation: eglMakeCurrent: 0xda21a360: ver 2 0 (tinfo 0xda20f590)
09-07 04:00:20.018  1792  2272 E GnssHAL_GnssInterface: gnssSvStatusCb: a: input svInfo.flags is 8
09-07 04:00:20.018  1792  2272 E GnssHAL_GnssInterface: gnssSvStatusCb: b: input svInfo.flags is 8
09-07 04:00:20.269 16738 16738 I ViewInteraction: Performing 'single click' action on view an instance of android.widget.TextView and view.getText() with or without transformation to match: is "Ivanov Ivan Ivanovich"
09-07 04:00:20.334 16738 16835 D EGL_emulation: eglMakeCurrent: 0xe22f9ca0: ver 2 0 (tinfo 0xd6c9c4e0)
09-07 04:00:20.401 16738 16835 D EGL_emulation: eglMakeCurrent: 0xe22f9ca0: ver 2 0 (tinfo 0xd6c9c4e0)
09-07 04:00:20.405  2037  4613 E InputDispatcher: Window handle Window{d6bc970 u0 PopupWindow:d0a5af5} has no registered input channel
09-07 04:00:20.416 16738 16835 D EGL_emulation: eglMakeCurrent: 0xe22f9ca0: ver 2 0 (tinfo 0xd6c9c4e0)
09-07 04:00:20.424  2037  4291 E InputDispatcher: Window handle Window{d6bc970 u0 PopupWindow:d0a5af5} has no registered input channel
09-07 04:00:20.570 16738 16843 W teco.fmhandroi: Accessing hidden method Lsun/misc/Unsafe;->compareAndSwapObject(Ljava/lang/Object;JLjava/lang/Object;Ljava/lang/Object;)Z (greylist, linking, allowed)
09-07 04:00:20.571 16738 16738 I ViewInteraction: Performing 'wait for a specific view with <(view.getId() is <2131231402> and view.getParent() view.getParent() view.getId() is <2131231406>)> during 10000 millis.' action on view view.getRootView() to equal view
09-07 04:00:20.573 16738 16783 W teco.fmhandroi: Accessing hidden method Lsun/misc/Unsafe;->compareAndSwapObject(Ljava/lang/Object;JLjava/lang/Object;Ljava/lang/Object;)Z (greylist, linking, allowed)
09-07 04:00:20.574 16738 16738 I ViewInteraction: Performing 'replace text( 66bbf785-5022-4a3f-976a-710a81693a24)' action on view (view.getId() is <2131231402/ru.iteco.fmhandroid:id/title_edit_text> and view.getParent() view.getParent() view.getId() is <2131231406/ru.iteco.fmhandroid:id/title_text_input_layout>)
09-07 04:00:20.583 16738 16783 W teco.fmhandroi: Accessing hidden method Lsun/misc/Unsafe;->compareAndSwapObject(Ljava/lang/Object;JLjava/lang/Object;Ljava/lang/Object;)Z (greylist, linking, allowed)
09-07 04:00:20.622 16738 16738 I ViewInteraction: Performing 'wait for a specific view with <view.getId() is <2131230975>> during 10000 millis.' action on view view.getRootView() to equal view
09-07 04:00:20.624 16738 16738 I ViewInteraction: Performing 'single click' action on view view.getId() is <2131230975/ru.iteco.fmhandroid:id/date_in_plan_text_input_edit_text>
09-07 04:00:20.624 16738 16783 W teco.fmhandroi: Accessing hidden method Lsun/misc/Unsafe;->compareAndSwapObject(Ljava/lang/Object;JLjava/lang/Object;Ljava/lang/Object;)Z (greylist, linking, allowed)
09-07 04:00:20.625 16738 16843 W teco.fmhandroi: Accessing hidden method Lsun/misc/Unsafe;->compareAndSwapObject(Ljava/lang/Object;JLjava/lang/Object;Ljava/lang/Object;)Z (greylist, linking, allowed)
09-07 04:00:20.804  1793  2554 D gralloc_ranchu: gralloc_alloc: Creating ashmem region of size 6778880
09-07 04:00:20.813  1793  2554 I chatty  : uid=1000(system) HwBinder:1793_2 identical 1 line
09-07 04:00:20.817  1793  2554 D gralloc_ranchu: gralloc_alloc: Creating ashmem region of size 6778880
09-07 04:00:20.828 16738 16835 D EGL_emulation: eglMakeCurrent: 0xe22f9ca0: ver 2 0 (tinfo 0xd6c9c4e0)
09-07 04:00:20.947  2037  2037 W WindowManager: removeWindowToken: Attempted to remove non-existing token: android.os.Binder@d7c4cd0
09-07 04:00:20.931 16738 16835 I chatty  : uid=10136(ru.iteco.fmhandroid) RenderThread identical 3 lines
09-07 04:00:20.950 16738 16835 D EGL_emulation: eglMakeCurrent: 0xe22f9ca0: ver 2 0 (tinfo 0xd6c9c4e0)
09-07 04:00:21.018  1792  2272 E GnssHAL_GnssInterface: gnssSvStatusCb: a: input svInfo.flags is 8
09-07 04:00:21.018  1792  2272 E GnssHAL_GnssInterface: gnssSvStatusCb: b: input svInfo.flags is 8
09-07 04:00:21.086 16738 16835 D EGL_emulation: eglMakeCurrent: 0xe22f9ca0: ver 2 0 (tinfo 0xd6c9c4e0)
09-07 04:00:21.434 16738 16738 I ViewInteraction: Performing 'wait for a specific view with <is assignable from class <class android.widget.DatePicker>> during 10000 millis.' action on view view.getRootView() to equal view
09-07 04:00:21.437 16738 16738 I ViewInteraction: Checking 'MatchesViewAssertion{viewMatcher=(view has effective visibility <VISIBLE> and view.getGlobalVisibleRect() to return non-empty rectangle)}' assertion on view is assignable from class <class android.widget.DatePicker>
09-07 04:00:21.438 16738 16738 I ViewInteraction: Performing 'wait for a specific view with <is assignable from class <class android.widget.DatePicker>> during 10000 millis.' action on view view.getRootView() to equal view
09-07 04:00:21.443 16738 16738 I ViewInteraction: Performing 'set date' action on view is assignable from class <class android.widget.DatePicker>
09-07 04:00:21.456 16738 16835 D EGL_emulation: eglMakeCurrent: 0xe22f9ca0: ver 2 0 (tinfo 0xd6c9c4e0)
09-07 04:00:21.473 16738 16738 I ViewInteraction: Performing 'wait for a specific view with <view.getId() is <16908313>> during 10000 millis.' action on view view.getRootView() to equal view
09-07 04:00:21.475 16738 16783 W teco.fmhandroi: Accessing hidden method Lsun/misc/Unsafe;->compareAndSwapObject(Ljava/lang/Object;JLjava/lang/Object;Ljava/lang/Object;)Z (greylist, linking, allowed)
09-07 04:00:21.475 16738 16843 W teco.fmhandroi: Accessing hidden method Lsun/misc/Unsafe;->compareAndSwapObject(Ljava/lang/Object;JLjava/lang/Object;Ljava/lang/Object;)Z (greylist, linking, allowed)
09-07 04:00:21.479 16738 16738 I ViewInteraction: Performing 'single click' action on view view.getId() is <16908313/android:id/button1>
09-07 04:00:21.540 16738 16835 D EGL_emulation: eglMakeCurrent: 0xe22f9ca0: ver 2 0 (tinfo 0xd6c9c4e0)
09-07 04:00:21.546  2037  2903 E InputDispatcher: Window handle Window{6b03783 u0 ru.iteco.fmhandroid/ru.iteco.fmhandroid.ui.AppActivity} has no registered input channel
09-07 04:00:21.554 16738 16835 D EGL_emulation: eglMakeCurrent: 0xe22f9ca0: ver 2 0 (tinfo 0xd6c9c4e0)
09-07 04:00:21.832 16738 16783 W teco.fmhandroi: Accessing hidden method Lsun/misc/Unsafe;->compareAndSwapObject(Ljava/lang/Object;JLjava/lang/Object;Ljava/lang/Object;)Z (greylist, linking, allowed)
09-07 04:00:21.835 16738 16738 I ViewInteraction: Performing 'wait for a specific view with <(an instance of android.widget.TextView and view.getHint() matching: is "Time" and view.getParent() view.getParent() view.getId() is <2131231399>)> during 10000 millis.' action on view view.getRootView() to equal view
09-07 04:00:21.837 16738 16783 W teco.fmhandroi: Accessing hidden method Lsun/misc/Unsafe;->compareAndSwapObject(Ljava/lang/Object;JLjava/lang/Object;Ljava/lang/Object;)Z (greylist, linking, allowed)
09-07 04:00:21.840 16738 16738 I ViewInteraction: Performing 'single click' action on view (an instance of android.widget.TextView and view.getHint() matching: is "Time" and view.getParent() view.getParent() view.getId() is <2131231399/ru.iteco.fmhandroid:id/time_in_plan_text_input_layout>)
09-07 04:00:21.984  1793  2554 D gralloc_ranchu: gralloc_alloc: Creating ashmem region of size 5718016
09-07 04:00:21.988  1793  2554 I chatty  : uid=1000(system) HwBinder:1793_2 identical 1 line
09-07 04:00:21.989  1793  2554 D gralloc_ranchu: gralloc_alloc: Creating ashmem region of size 5718016
09-07 04:00:22.000 16738 16835 D EGL_emulation: eglMakeCurrent: 0xe22f9ca0: ver 2 0 (tinfo 0xd6c9c4e0)
09-07 04:00:22.016 16738 16835 D EGL_emulation: eglMakeCurrent: 0xe22f9ca0: ver 2 0 (tinfo 0xd6c9c4e0)
09-07 04:00:22.018  1792  2272 E GnssHAL_GnssInterface: gnssSvStatusCb: a: input svInfo.flags is 8
09-07 04:00:22.018  1792  2272 E GnssHAL_GnssInterface: gnssSvStatusCb: b: input svInfo.flags is 8
09-07 04:00:22.030 16738 16835 D EGL_emulation: eglMakeCurrent: 0xe22f9ca0: ver 2 0 (tinfo 0xd6c9c4e0)
09-07 04:00:22.075 16738 16835 D EGL_emulation: eglMakeCurrent: 0xe22f9ca0: ver 2 0 (tinfo 0xd6c9c4e0)
09-07 04:00:22.318 16738 16783 W teco.fmhandroi: Accessing hidden method Lsun/misc/Unsafe;->compareAndSwapObject(Ljava/lang/Object;JLjava/lang/Object;Ljava/lang/Object;)Z (greylist, linking, allowed)
09-07 04:00:22.322 16738 16738 I ViewInteraction: Performing 'wait for a specific view with <is assignable from class <class android.widget.TimePicker>> during 10000 millis.' action on view view.getRootView() to equal view
09-07 04:00:22.326 16738 16738 I ViewInteraction: Checking 'MatchesViewAssertion{viewMatcher=(view has effective visibility <VISIBLE> and view.getGlobalVisibleRect() to return non-empty rectangle)}' assertion on view is assignable from class <class android.widget.TimePicker>
09-07 04:00:22.330 16738 16738 I ViewInteraction: Performing 'wait for a specific view with <is assignable from class <class android.widget.TimePicker>> during 10000 millis.' action on view view.getRootView() to equal view
09-07 04:00:22.334 16738 16738 I ViewInteraction: Performing 'set time' action on view is assignable from class <class android.widget.TimePicker>
09-07 04:00:22.338 16738 16738 I ViewInteraction: Performing 'wait for a specific view with <view.getId() is <16908313/android:id/button1>> during 10000 millis.' action on view view.getRootView() to equal view
09-07 04:00:22.338 16738 16783 W teco.fmhandroi: Accessing hidden method Lsun/misc/Unsafe;->compareAndSwapObject(Ljava/lang/Object;JLjava/lang/Object;Ljava/lang/Object;)Z (greylist, linking, allowed)
09-07 04:00:22.339 16738 16843 W teco.fmhandroi: Accessing hidden method Lsun/misc/Unsafe;->compareAndSwapObject(Ljava/lang/Object;JLjava/lang/Object;Ljava/lang/Object;)Z (greylist, linking, allowed)
09-07 04:00:22.341 16738 16738 I ViewInteraction: Performing 'single click' action on view view.getId() is <16908313/android:id/button1>
09-07 04:00:22.393 16738 16835 D EGL_emulation: eglMakeCurrent: 0xe22f9ca0: ver 2 0 (tinfo 0xd6c9c4e0)
09-07 04:00:22.405 16738 16835 D EGL_emulation: eglMakeCurrent: 0xe22f9ca0: ver 2 0 (tinfo 0xd6c9c4e0)
09-07 04:00:22.411  2037  4613 E InputDispatcher: Window handle Window{c406630 u0 ru.iteco.fmhandroid/ru.iteco.fmhandroid.ui.AppActivity} has no registered input channel
09-07 04:00:22.422 16738 16835 D EGL_emulation: eglMakeCurrent: 0xe22f9ca0: ver 2 0 (tinfo 0xd6c9c4e0)
09-07 04:00:22.665  7867  7867 D BoundBrokerSvc: onUnbind: Intent { act=com.google.android.gms.measurement.START pkg=com.google.android.gms }
09-07 04:00:22.670 16738 16783 W teco.fmhandroi: Accessing hidden method Lsun/misc/Unsafe;->compareAndSwapObject(Ljava/lang/Object;JLjava/lang/Object;Ljava/lang/Object;)Z (greylist, linking, allowed)
09-07 04:00:22.670  2037  2065 E memtrack: Couldn't load memtrack module
09-07 04:00:22.670  2037  2065 W android.os.Debug: failed to get memory consumption info: -1
09-07 04:00:22.670 16738 16843 W teco.fmhandroi: Accessing hidden method Lsun/misc/Unsafe;->compareAndSwapObject(Ljava/lang/Object;JLjava/lang/Object;Ljava/lang/Object;)Z (greylist, linking, allowed)
09-07 04:00:22.675 16738 16738 I ViewInteraction: Performing 'wait for a specific view with <(an instance of android.widget.TextView and view.getHint() matching: is "Description" and view.getParent() view.getParent() view.getId() is <2131230988>)> during 10000 millis.' action on view view.getRootView() to equal view
09-07 04:00:22.677 16738 16783 W teco.fmhandroi: Accessing hidden method Lsun/misc/Unsafe;->compareAndSwapObject(Ljava/lang/Object;JLjava/lang/Object;Ljava/lang/Object;)Z (greylist, linking, allowed)
09-07 04:00:22.682 16738 16738 I ViewInteraction: Performing 'replace text( 1e50f879-fb46-4713-a349-1d5edc29e0d1)' action on view (an instance of android.widget.TextView and view.getHint() matching: is "Description" and view.getParent() view.getParent() view.getId() is <2131230988/ru.iteco.fmhandroid:id/description_text_input_layout>)
09-07 04:00:22.690 16738 16783 W teco.fmhandroi: Accessing hidden method Lsun/misc/Unsafe;->compareAndSwapObject(Ljava/lang/Object;JLjava/lang/Object;Ljava/lang/Object;)Z (greylist, linking, allowed)
09-07 04:00:22.690 16738 16843 W teco.fmhandroi: Accessing hidden method Lsun/misc/Unsafe;->compareAndSwapObject(Ljava/lang/Object;JLjava/lang/Object;Ljava/lang/Object;)Z (greylist, linking, allowed)
09-07 04:00:22.710 16738 16738 I ViewInteraction: Performing 'wait for a specific view with <view.getId() is <2131231291>> during 10000 millis.' action on view view.getRootView() to equal view
09-07 04:00:22.711 16738 16783 W teco.fmhandroi: Accessing hidden method Lsun/misc/Unsafe;->compareAndSwapObject(Ljava/lang/Object;JLjava/lang/Object;Ljava/lang/Object;)Z (greylist, linking, allowed)
09-07 04:00:22.713 16738 16738 I ViewInteraction: Performing 'single click' action on view view.getId() is <2131231291/ru.iteco.fmhandroid:id/save_button>
09-07 04:00:22.774 16738 16874 I okhttp.OkHttpClient: --> POST http://www.981757-ca08998.tmweb.ru:8080/fmh/claims
09-07 04:00:22.774 16738 16874 I okhttp.OkHttpClient: Content-Type: application/json; charset=UTF-8
09-07 04:00:22.774 16738 16874 I okhttp.OkHttpClient: Content-Length: 273
09-07 04:00:22.774 16738 16874 I okhttp.OkHttpClient: {"createDate":1694059222,"creatorId":1,"creatorName":"Ivanov Ivan Ivanovich","description":" 1e50f879-fb46-4713-a349-1d5edc29e0d1","executorId":1,"planExecuteDate":1694059200,"status":"OPEN","title":" 66bbf785-5022-4a3f-976a-710a81693a24"}
09-07 04:00:22.775 16738 16874 I okhttp.OkHttpClient: --> END POST (273-byte body)
09-07 04:00:22.776  1774 16875 E ResolverController: No valid NAT64 prefix (101, <unspecified>/0)
09-07 04:00:23.015 16738 16783 W teco.fmhandroi: Accessing hidden method Lsun/misc/Unsafe;->compareAndSwapObject(Ljava/lang/Object;JLjava/lang/Object;Ljava/lang/Object;)Z (greylist, linking, allowed)
09-07 04:00:23.015 16738 16843 W teco.fmhandroi: Accessing hidden method Lsun/misc/Unsafe;->compareAndSwapObject(Ljava/lang/Object;JLjava/lang/Object;Ljava/lang/Object;)Z (greylist, linking, allowed)
09-07 04:00:23.017 16738 16738 I ViewInteraction: Performing 'wait for a specific view with <view.getId() is <2131230916>> during 10000 millis.' action on view view.getRootView() to equal view
09-07 04:00:23.018  1792  2272 E GnssHAL_GnssInterface: gnssSvStatusCb: a: input svInfo.flags is 8
09-07 04:00:23.018  1792  2272 E GnssHAL_GnssInterface: gnssSvStatusCb: b: input svInfo.flags is 8
09-07 04:00:24.018  1792  2272 E GnssHAL_GnssInterface: gnssSvStatusCb: a: input svInfo.flags is 8
09-07 04:00:24.018  1792  2272 E GnssHAL_GnssInterface: gnssSvStatusCb: b: input svInfo.flags is 8
09-07 04:00:24.934 16738 16874 I okhttp.OkHttpClient: <-- 200 http://www.981757-ca08998.tmweb.ru:8080/fmh/claims (2159ms)
09-07 04:00:24.935 16738 16874 I okhttp.OkHttpClient: Vary: Origin
09-07 04:00:24.935 16738 16874 I okhttp.OkHttpClient: Vary: Access-Control-Request-Method
09-07 04:00:24.935 16738 16874 I okhttp.OkHttpClient: Vary: Access-Control-Request-Headers
09-07 04:00:24.935 16738 16874 I okhttp.OkHttpClient: X-Content-Type-Options: nosniff
09-07 04:00:24.935 16738 16874 I okhttp.OkHttpClient: X-XSS-Protection: 1; mode=block
09-07 04:00:24.935 16738 16874 I okhttp.OkHttpClient: Cache-Control: no-cache, no-store, max-age=0, must-revalidate
09-07 04:00:24.935 16738 16874 I okhttp.OkHttpClient: Pragma: no-cache
09-07 04:00:24.936 16738 16874 I okhttp.OkHttpClient: Expires: 0
09-07 04:00:24.936 16738 16874 I okhttp.OkHttpClient: X-Frame-Options: DENY
09-07 04:00:24.936 16738 16874 I okhttp.OkHttpClient: Content-Type: application/json
09-07 04:00:24.936 16738 16874 I okhttp.OkHttpClient: Transfer-Encoding: chunked
09-07 04:00:24.936 16738 16874 I okhttp.OkHttpClient: Date: Thu, 07 Sep 2023 04:00:25 GMT
09-07 04:00:24.936 16738 16874 I okhttp.OkHttpClient: Keep-Alive: timeout=60
09-07 04:00:24.936 16738 16874 I okhttp.OkHttpClient: Connection: keep-alive
09-07 04:00:24.937 16738 16874 I okhttp.OkHttpClient: {"id":10695,"title":" 66bbf785-5022-4a3f-976a-710a81693a24","description":" 1e50f879-fb46-4713-a349-1d5edc29e0d1","creatorId":1,"executorId":1,"createDate":1694059222,"planExecuteDate":1694059200,"factExecuteDate":null,"status":"IN_PROGRESS","creatorName":"Ivanov Ivan Ivanovich","executorName":"Ivanov Ivan Ivanovich"}
09-07 04:00:24.937 16738 16874 I okhttp.OkHttpClient: <-- END HTTP (353-byte body)
09-07 04:00:25.018  1792  2272 E GnssHAL_GnssInterface: gnssSvStatusCb: a: input svInfo.flags is 8
09-07 04:00:25.018  1792  2272 E GnssHAL_GnssInterface: gnssSvStatusCb: b: input svInfo.flags is 8
09-07 04:00:25.023 16738 16783 W teco.fmhandroi: Accessing hidden method Lsun/misc/Unsafe;->compareAndSwapObject(Ljava/lang/Object;JLjava/lang/Object;Ljava/lang/Object;)Z (greylist, linking, allowed)
09-07 04:00:25.025 16738 16738 I ViewInteraction: Checking 'MatchesViewAssertion{viewMatcher=(view has effective visibility <VISIBLE> and view.getGlobalVisibleRect() to return non-empty rectangle)}' assertion on view view.getId() is <2131230916/ru.iteco.fmhandroid:id/claim_list_recycler_view>
09-07 04:00:25.035 16738 16783 W teco.fmhandroi: Accessing hidden method Lsun/misc/Unsafe;->compareAndSwapObject(Ljava/lang/Object;JLjava/lang/Object;Ljava/lang/Object;)Z (greylist, linking, allowed)
09-07 04:00:25.041 16738 16738 I ViewInteraction: Performing 'scroll RecyclerView to: holder with view: (view is an instance of android.view.ViewGroup and has descendant matching an instance of android.widget.TextView and view.getText() with or without transformation to match: is " 66bbf785-5022-4a3f-976a-710a81693a24")' action on view view.getId() is <2131230916/ru.iteco.fmhandroid:id/claim_list_recycler_view>
09-07 04:00:25.061 16738 16738 D takeScreenshot: Found 1 global views to redraw
09-07 04:00:25.104  1793  2554 D gralloc_ranchu: gralloc_alloc: Creating ashmem region of size 9850880
09-07 04:00:25.117  1678  1678 I hwservicemanager: getTransport: Cannot find entry android.hardware.graphics.mapper@3.0::IMapper/default in either framework or device manifest.
09-07 04:00:25.117 16722 16737 W Gralloc3: mapper 3.x is not supported
09-07 04:00:25.121 16722 16737 D HostConnection: createUnique: call
09-07 04:00:25.122 16722 16737 D HostConnection: HostConnection::get() New Host Connection established 0xee2554e0, tid 16737
09-07 04:00:25.123 16722 16737 D HostConnection: HostComposition ext ANDROID_EMU_CHECKSUM_HELPER_v1 ANDROID_EMU_dma_v1 ANDROID_EMU_direct_mem ANDROID_EMU_vulkan ANDROID_EMU_deferred_vulkan_commands ANDROID_EMU_vulkan_null_optional_strings ANDROID_EMU_vulkan_create_resources_with_requirements ANDROID_EMU_YUV420_888_to_NV21 ANDROID_EMU_YUV_Cache ANDROID_EMU_vulkan_free_memory_sync ANDROID_EMU_vulkan_shader_float16_int8 ANDROID_EMU_vulkan_async_queue_submit ANDROID_EMU_sync_buffer_data GL_OES_vertex_array_object GL_KHR_texture_compression_astc_ldr ANDROID_EMU_host_side_tracing ANDROID_EMU_gles_max_version_2 
09-07 04:00:25.124 16722 16737 D eglCodecCommon: allocate: Ask for block of size 0x1000
09-07 04:00:25.124 16722 16737 D eglCodecCommon: allocate: ioctl allocate returned offset 0x3ffff6000 size 0x2000
09-07 04:00:25.128  1823  1897 E SurfaceFlinger: ro.sf.lcd_density must be defined as a build property
09-07 04:00:25.128  1823  1897 E SurfaceFlinger: ro.sf.lcd_density must be defined as a build property
09-07 04:00:25.130 16722 16879 D libEGL  : Emulator has host GPU support, qemu.gles is set to 1.
09-07 04:00:25.135 16722 16879 W libc    : Unable to set property "qemu.gles" to "1": error code: 0x18
09-07 04:00:25.135 16722 16879 D libEGL  : loaded /vendor/lib/egl/libEGL_emulation.so
09-07 04:00:25.136 16722 16879 D libEGL  : loaded /vendor/lib/egl/libGLESv1_CM_emulation.so
09-07 04:00:25.136 16722 16879 D libEGL  : loaded /vendor/lib/egl/libGLESv2_emulation.so
09-07 04:00:25.142 16722 16879 D HostConnection: HostConnection::get() New Host Connection established 0xee2553f0, tid 16879
09-07 04:00:25.143 16722 16879 D HostConnection: HostComposition ext ANDROID_EMU_CHECKSUM_HELPER_v1 ANDROID_EMU_dma_v1 ANDROID_EMU_direct_mem ANDROID_EMU_vulkan ANDROID_EMU_deferred_vulkan_commands ANDROID_EMU_vulkan_null_optional_strings ANDROID_EMU_vulkan_create_resources_with_requirements ANDROID_EMU_YUV420_888_to_NV21 ANDROID_EMU_YUV_Cache ANDROID_EMU_vulkan_free_memory_sync ANDROID_EMU_vulkan_shader_float16_int8 ANDROID_EMU_vulkan_async_queue_submit ANDROID_EMU_sync_buffer_data GL_OES_vertex_array_object GL_KHR_texture_compression_astc_ldr ANDROID_EMU_host_side_tracing ANDROID_EMU_gles_max_version_2 
09-07 04:00:25.145 16722 16879 W OpenGLRenderer: Failed to choose config with EGL_SWAP_BEHAVIOR_PRESERVED, retrying without...
09-07 04:00:25.151 16722 16879 D eglCodecCommon: setVertexArrayObject: set vao to 0 (0) 0 0
09-07 04:00:25.151 16722 16879 D EGL_emulation: eglCreateContext: 0xd9028360: maj 2 min 0 rcv 2
09-07 04:00:25.170 16722 16879 D EGL_emulation: eglMakeCurrent: 0xd9028360: ver 2 0 (tinfo 0xd900f380)
09-07 04:00:25.177 16722 16879 D eglCodecCommon: setVertexArrayObject: set vao to 0 (0) 1 0
09-07 04:00:25.206 16738 16783 W DefaultFailureHandler: Failed to take screenshot
09-07 04:00:25.206 16738 16783 W DefaultFailureHandler: java.io.FileNotFoundException: view-op-error-1.png: open failed: EROFS (Read-only file system)
09-07 04:00:25.206 16738 16783 W DefaultFailureHandler: 	at libcore.io.IoBridge.open(IoBridge.java:496)
09-07 04:00:25.206 16738 16783 W DefaultFailureHandler: 	at java.io.FileOutputStream.<init>(FileOutputStream.java:235)
09-07 04:00:25.206 16738 16783 W DefaultFailureHandler: 	at java.io.FileOutputStream.<init>(FileOutputStream.java:125)
09-07 04:00:25.206 16738 16783 W DefaultFailureHandler: 	at androidx.test.platform.io.FileTestStorage.openOutputFile(FileTestStorage.java:60)
09-07 04:00:25.206 16738 16783 W DefaultFailureHandler: 	at androidx.test.core.graphics.BitmapStorage.writeToTestStorage(BitmapStorageExt.kt:49)
09-07 04:00:25.206 16738 16783 W DefaultFailureHandler: 	at androidx.test.espresso.base.DefaultFailureHandler.takeScreenshot(DefaultFailureHandler.java:4)
09-07 04:00:25.206 16738 16783 W DefaultFailureHandler: 	at androidx.test.espresso.base.DefaultFailureHandler.handle(DefaultFailureHandler.java:3)
09-07 04:00:25.206 16738 16783 W DefaultFailureHandler: 	at androidx.test.espresso.ViewInteraction.waitForAndHandleInteractionResults(ViewInteraction.java:8)
09-07 04:00:25.206 16738 16783 W DefaultFailureHandler: 	at androidx.test.espresso.ViewInteraction.desugaredPerform(ViewInteraction.java:11)
09-07 04:00:25.206 16738 16783 W DefaultFailureHandler: 	at androidx.test.espresso.ViewInteraction.perform(ViewInteraction.java:8)
09-07 04:00:25.206 16738 16783 W DefaultFailureHandler: 	at ru.iteco.fmhandroid.ui.steps.ClaimsPageSteps.scrollToElementInRecyclerList(ClaimsPageSteps.java:127)
09-07 04:00:25.206 16738 16783 W DefaultFailureHandler: 	at ru.iteco.fmhandroid.ui.steps.ClaimsPageSteps.openClaimCard(ClaimsPageSteps.java:158)
09-07 04:00:25.206 16738 16783 W DefaultFailureHandler: 	at ru.iteco.fmhandroid.ui.ClaimsPageTest.shouldShowMessageFieldCannotBeEmpty(ClaimsPageTest.java:103)
09-07 04:00:25.206 16738 16783 W DefaultFailureHandler: 	at java.lang.reflect.Method.invoke(Native Method)
09-07 04:00:25.206 16738 16783 W DefaultFailureHandler: 	at org.junit.runners.model.FrameworkMethod$1.runReflectiveCall(FrameworkMethod.java:59)
09-07 04:00:25.206 16738 16783 W DefaultFailureHandler: 	at org.junit.internal.runners.model.ReflectiveCallable.run(ReflectiveCallable.java:12)
09-07 04:00:25.206 16738 16783 W DefaultFailureHandler: 	at org.junit.runners.model.FrameworkMethod.invokeExplosively(FrameworkMethod.java:56)
09-07 04:00:25.206 16738 16783 W DefaultFailureHandler: 	at org.junit.internal.runners.statements.InvokeMethod.evaluate(InvokeMethod.java:17)
09-07 04:00:25.206 16738 16783 W DefaultFailureHandler: 	at androidx.test.internal.runner.junit4.statement.RunBefores.evaluate(RunBefores.java:80)
09-07 04:00:25.206 16738 16783 W DefaultFailureHandler: 	at io.qameta.allure.android.rules.ScreenshotRule$apply$1.evaluate(ScreenshotRule.kt:22)
09-07 04:00:25.206 16738 16783 W DefaultFailureHandler: 	at org.junit.rules.ExternalResource$1.evaluate(ExternalResource.java:54)
09-07 04:00:25.206 16738 16783 W DefaultFailureHandler: 	at io.qameta.allure.android.rules.LogcatRule$apply$1.evaluate(LogcatRule.kt:23)
09-07 04:00:25.206 16738 16783 W DefaultFailureHandler: 	at org.junit.rules.RunRules.evaluate(RunRules.java:20)
09-07 04:00:25.206 16738 16783 W DefaultFailureHandler: 	at org.junit.runners.ParentRunner$3.evaluate(ParentRunner.java:306)
09-07 04:00:25.206 16738 16783 W DefaultFailureHandler: 	at org.junit.runners.BlockJUnit4ClassRunner$1.evaluate(BlockJUnit4ClassRunner.java:100)
09-07 04:00:25.206 16738 16783 W DefaultFailureHandler: 	at org.junit.runners.ParentRunner.runLeaf(ParentRunner.java:366)
09-07 04:00:25.206 16738 16783 W DefaultFailureHandler: 	at org.junit.runners.BlockJUnit4ClassRunner.runChild(BlockJUnit4ClassRunner.java:103)
09-07 04:00:25.206 16738 16783 W DefaultFailureHandler: 	at org.junit.runners.BlockJUnit4ClassRunner.runChild(BlockJUnit4ClassRunner.java:63)
09-07 04:00:25.206 16738 16783 W DefaultFailureHandler: 	at org.junit.runners.ParentRunner$4.run(ParentRunner.java:331)
09-07 04:00:25.206 16738 16783 W DefaultFailureHandler: 	at org.junit.runners.ParentRunner$1.schedule(ParentRunner.java:79)
09-07 04:00:25.206 16738 16783 W DefaultFailureHandler: 	at org.junit.runners.ParentRunner.runChildren(ParentRunner.java:329)
09-07 04:00:25.206 16738 16783 W DefaultFailureHandler: 	at org.junit.runners.ParentRunner.access$100(ParentRunner.java:66)
09-07 04:00:25.206 16738 16783 W DefaultFailureHandler: 	at org.junit.runners.ParentRunner$2.evaluate(ParentRunner.java:293)
09-07 04:00:25.206 16738 16783 W DefaultFailureHandler: 	at org.junit.runners.ParentRunner$3.evaluate(ParentRunner.java:306)
09-07 04:00:25.206 16738 16783 W DefaultFailureHandler: 	at org.junit.runners.ParentRunner.run(ParentRunner.java:413)
09-07 04:00:25.206 16738 16783 W DefaultFailureHandler: 	at androidx.test.ext.junit.runners.AndroidJUnit4.run(AndroidJUnit4.java:162)
09-07 04:00:25.206 16738 16783 W DefaultFailureHandler: 	at io.qameta.allure.android.runners.AllureAndroidJUnit4.run(AllureAndroidJUnitRunners.kt:29)
09-07 04:00:25.206 16738 16783 W DefaultFailureHandler: 	at org.junit.runners.Suite.runChild(Suite.java:128)
09-07 04:00:25.206 16738 16783 W DefaultFailureHandler: 	at org.junit.runners.Suite.runChild(Suite.java:27)
09-07 04:00:25.206 16738 16783 W DefaultFailureHandler: 	at org.junit.runners.ParentRunner$4.run(ParentRunner.java:331)
09-07 04:00:25.206 16738 16783 W DefaultFailureHandler: 	at org.junit.runners.ParentRunner$1.schedule(ParentRunner.java:79)
09-07 04:00:25.206 16738 16783 W DefaultFailureHandler: 	at org.junit.runners.ParentRunner.runChildren(ParentRunner.java:329)
09-07 04:00:25.206 16738 16783 W DefaultFailureHandler: 	at org.junit.runners.ParentRunner.access$100(ParentRunner.java:66)
09-07 04:00:25.206 16738 16783 W DefaultFailureHandler: 	at org.junit.runners.ParentRunner$2.evaluate(ParentRunner.java:293)
09-07 04:00:25.206 16738 16783 W DefaultFailureHandler: 	at org.junit.runners.ParentRunner$3.evaluate(ParentRunner.java:306)
09-07 04:00:25.206 16738 16783 W DefaultFailureHandler: 	at org.junit.runners.ParentRunner.run(ParentRunner.java:413)
09-07 04:00:25.206 16738 16783 W DefaultFailureHandler: 	at org.junit.runner.JUnitCore.run(JUnitCore.java:137)
09-07 04:00:25.206 16738 16783 W DefaultFailureHandler: 	at org.junit.runner.JUnitCore.run(JUnitCore.java:115)
09-07 04:00:25.206 16738 16783 W DefaultFailureHandler: 	at androidx.test.internal.runner.TestExecutor.execute(TestExecutor.java:67)
09-07 04:00:25.206 16738 16783 W DefaultFailureHandler: 	at androidx.test.internal.runner.TestExecutor.execute(TestExecutor.java:58)
09-07 04:00:25.206 16738 16783 W DefaultFailureHandler: 	at androidx.test.runner.AndroidJUnitRunner.onStart(AndroidJUnitRunner.java:438)
09-07 04:00:25.206 16738 16783 W DefaultFailureHandler: 	at android.app.Instrumentation$InstrumentationThread.run(Instrumentation.java:2189)
09-07 04:00:25.206 16738 16783 W DefaultFailureHandler: Caused by: android.system.ErrnoException: open failed: EROFS (Read-only file system)
09-07 04:00:25.206 16738 16783 W DefaultFailureHandler: 	at libcore.io.Linux.open(Native Method)
09-07 04:00:25.206 16738 16783 W DefaultFailureHandler: 	at libcore.io.ForwardingOs.open(ForwardingOs.java:167)
09-07 04:00:25.206 16738 16783 W DefaultFailureHandler: 	at libcore.io.BlockGuardOs.open(BlockGuardOs.java:252)
09-07 04:00:25.206 16738 16783 W DefaultFailureHandler: 	at libcore.io.ForwardingOs.open(ForwardingOs.java:167)
09-07 04:00:25.206 16738 16783 W DefaultFailureHandler: 	at android.app.ActivityThread$AndroidOs.open(ActivityThread.java:7255)
09-07 04:00:25.206 16738 16783 W DefaultFailureHandler: 	at libcore.io.IoBridge.open(IoBridge.java:482)
09-07 04:00:25.206 16738 16783 W DefaultFailureHandler: 	... 51 more
09-07 04:00:25.216  1793  2554 D gralloc_ranchu: gralloc_alloc: Creating ashmem region of size 9850880
09-07 04:00:25.336  2037  2055 I ActivityTaskManager: START u0 {act=android.intent.action.MAIN cat=[android.intent.category.LAUNCHER] flg=0x10000000 cmp=ru.iteco.fmhandroid.test/androidx.test.core.app.InstrumentationActivityInvoker$EmptyActivity} from uid 10136
09-07 04:00:25.342 16738 16738 D LifecycleMonitor: Lifecycle status change: ru.iteco.fmhandroid.ui.AppActivity@bf025f4 in: PAUSED
09-07 04:00:25.343 16738 16738 V ActivityScenario: Update currentActivityStage to PAUSED, currentActivity=ru.iteco.fmhandroid.ui.AppActivity@bf025f4
09-07 04:00:25.343 16738 16781 V FA      : Recording user engagement, ms: 12825
09-07 04:00:25.343  2037  2311 W InputReader: Device has associated, but no associated display id.
09-07 04:00:25.345  2037  2311 I chatty  : uid=1000(system) Binder:2037_6 identical 38 lines
09-07 04:00:25.345  2037  2311 W InputReader: Device has associated, but no associated display id.
09-07 04:00:25.347 16799 16799 W ActivityThread: handleWindowVisibility: no activity for token android.os.BinderProxy@d6eec89
09-07 04:00:25.347  2037  2311 W InputReader: Device has associated, but no associated display id.
09-07 04:00:25.348  2037  2311 I chatty  : uid=1000(system) Binder:2037_6 identical 8 lines
09-07 04:00:25.348  2037  2311 W InputReader: Device has associated, but no associated display id.
09-07 04:00:25.382 16738 16781 V FA      : Connecting to remote service
09-07 04:00:25.388 16799 16832 D HostConnection: HostConnection::get() New Host Connection established 0xd6c2ae10, tid 16832
09-07 04:00:25.390 16799 16832 D HostConnection: HostComposition ext ANDROID_EMU_CHECKSUM_HELPER_v1 ANDROID_EMU_dma_v1 ANDROID_EMU_direct_mem ANDROID_EMU_vulkan ANDROID_EMU_deferred_vulkan_commands ANDROID_EMU_vulkan_null_optional_strings ANDROID_EMU_vulkan_create_resources_with_requirements ANDROID_EMU_YUV420_888_to_NV21 ANDROID_EMU_YUV_Cache ANDROID_EMU_vulkan_free_memory_sync ANDROID_EMU_vulkan_shader_float16_int8 ANDROID_EMU_vulkan_async_queue_submit ANDROID_EMU_sync_buffer_data GL_OES_vertex_array_object GL_KHR_texture_compression_astc_ldr ANDROID_EMU_host_side_tracing ANDROID_EMU_gles_max_version_2 
09-07 04:00:25.392 16799 16832 W OpenGLRenderer: Failed to choose config with EGL_SWAP_BEHAVIOR_PRESERVED, retrying without...
09-07 04:00:25.394  7867  7867 D BoundBrokerSvc: onBind: Intent { act=com.google.android.gms.measurement.START pkg=com.google.android.gms }
09-07 04:00:25.394  7867  7867 D BoundBrokerSvc: Loading bound service for intent: Intent { act=com.google.android.gms.measurement.START pkg=com.google.android.gms }
09-07 04:00:25.400 16799 16832 D eglCodecCommon: setVertexArrayObject: set vao to 0 (0) 0 0
09-07 04:00:25.401 16799 16832 D EGL_emulation: eglCreateContext: 0xe22f8260: maj 2 min 0 rcv 2
09-07 04:00:25.424 16799 16832 D EGL_emulation: eglMakeCurrent: 0xe22f8260: ver 2 0 (tinfo 0xed4894e0)
09-07 04:00:25.432  1793  2554 D gralloc_ranchu: gralloc_alloc: Creating ashmem region of size 9850880
09-07 04:00:25.433 16738 16781 V FA      : Connection attempt already in progress
09-07 04:00:25.433 16738 16781 V FA      : Activity paused, time: 2149235
09-07 04:00:25.435  1678  1678 I hwservicemanager: getTransport: Cannot find entry android.hardware.graphics.mapper@3.0::IMapper/default in either framework or device manifest.
09-07 04:00:25.435 16799 16832 W Gralloc3: mapper 3.x is not supported
09-07 04:00:25.436 16799 16832 D HostConnection: createUnique: call
09-07 04:00:25.436 16799 16832 D HostConnection: HostConnection::get() New Host Connection established 0xd6c2c4e0, tid 16832
09-07 04:00:25.438 16799 16832 D HostConnection: HostComposition ext ANDROID_EMU_CHECKSUM_HELPER_v1 ANDROID_EMU_dma_v1 ANDROID_EMU_direct_mem ANDROID_EMU_vulkan ANDROID_EMU_deferred_vulkan_commands ANDROID_EMU_vulkan_null_optional_strings ANDROID_EMU_vulkan_create_resources_with_requirements ANDROID_EMU_YUV420_888_to_NV21 ANDROID_EMU_YUV_Cache ANDROID_EMU_vulkan_free_memory_sync ANDROID_EMU_vulkan_shader_float16_int8 ANDROID_EMU_vulkan_async_queue_submit ANDROID_EMU_sync_buffer_data GL_OES_vertex_array_object GL_KHR_texture_compression_astc_ldr ANDROID_EMU_host_side_tracing ANDROID_EMU_gles_max_version_2 
09-07 04:00:25.438 16799 16832 D eglCodecCommon: allocate: Ask for block of size 0x1000
09-07 04:00:25.438 16799 16832 D eglCodecCommon: allocate: ioctl allocate returned offset 0x3ff686000 size 0x2000
09-07 04:00:25.440 16738 16781 D FA      : Connected to remote service
09-07 04:00:25.441  1793  2554 D gralloc_ranchu: gralloc_alloc: Creating ashmem region of size 9850880
09-07 04:00:25.441 16799 16832 D EGL_emulation: eglMakeCurrent: 0xe22f8260: ver 2 0 (tinfo 0xed4894e0)
09-07 04:00:25.442 16799 16832 D eglCodecCommon: setVertexArrayObject: set vao to 0 (0) 1 0
09-07 04:00:25.443  1793  2554 D gralloc_ranchu: gralloc_alloc: Creating ashmem region of size 9850880
09-07 04:00:25.459 16738 16781 V FA      : Processing queued up service tasks: 2
09-07 04:00:25.476  7867 16786 V FA-SVC  : Logging event: origin=auto,name=user_engagement(_e),params=Bundle[{ga_event_origin(_o)=auto, engagement_time_msec(_et)=12825, ga_screen_class(_sc)=AppActivity, ga_screen_id(_si)=6263231112395167333}]
09-07 04:00:25.488  7867 16786 V FA-SVC  : Upload scheduled in approximately ms: 1611623
09-07 04:00:25.488  7867 16786 V FA-SVC  : Unscheduling upload
09-07 04:00:25.489  7867 16786 V FA-SVC  : Scheduling upload, millis: 1611623
09-07 04:00:25.490  7867 16786 V FA-SVC  : Background event processing time, ms: 16
09-07 04:00:25.501  2037  7767 W InputReader: Device has associated, but no associated display id.
09-07 04:00:25.505  2037  7767 I chatty  : uid=1000(system) Binder:2037_1E identical 48 lines
09-07 04:00:25.505  2037  7767 W InputReader: Device has associated, but no associated display id.
09-07 04:00:25.511 16799 16799 W ActivityThread: handleWindowVisibility: no activity for token android.os.BinderProxy@ee74d3e
09-07 04:00:25.367  2037  2055 I ActivityTaskManager: START u0 {act=android.intent.action.MAIN cat=[android.intent.category.LAUNCHER] flg=0x10000000 cmp=ru.iteco.fmhandroid.test/androidx.test.core.app.InstrumentationActivityInvoker$EmptyActivity} from uid 10136
09-07 04:00:25.519  2037  2428 W ActivityTaskManager: Duplicate finish request for ActivityRecord{a21ecb0 u0 ru.iteco.fmhandroid/.ui.AppActivity t705 f}
09-07 04:00:25.548  1793  2554 D gralloc_ranchu: gralloc_alloc: Creating ashmem region of size 9850880
09-07 04:00:25.552  1793  2554 I chatty  : uid=1000(system) HwBinder:1793_2 identical 1 line
09-07 04:00:25.553  1793  2554 D gralloc_ranchu: gralloc_alloc: Creating ashmem region of size 9850880
09-07 04:00:25.554 16799 16832 D EGL_emulation: eglMakeCurrent: 0xe22f8260: ver 2 0 (tinfo 0xed4894e0)
09-07 04:00:25.573  2037  2061 W InputReader: Device has associated, but no associated display id.
09-07 04:00:25.574  2037  2061 I chatty  : uid=1000(system) android.anim identical 18 lines
09-07 04:00:25.574  2037  2061 W InputReader: Device has associated, but no associated display id.
09-07 04:00:25.578 16738 16835 D EGL_emulation: eglMakeCurrent: 0xe22f9ca0: ver 2 0 (tinfo 0xd6c9c4e0)
09-07 04:00:25.582  2037  2065 I ActivityTaskManager: Displayed ru.iteco.fmhandroid.test/androidx.test.core.app.InstrumentationActivityInvoker$EmptyActivity: +164ms
09-07 04:00:25.587  2037  2428 W InputReader: Device has associated, but no associated display id.
09-07 04:00:25.587  2037  2428 I chatty  : uid=1000(system) Binder:2037_8 identical 8 lines
09-07 04:00:25.587  2037  2428 W InputReader: Device has associated, but no associated display id.
09-07 04:00:25.594  1823  1823 W SurfaceFlinger: couldn't log to binary event log: overflow.
09-07 04:00:25.602  2037  2055 W InputReader: Device has associated, but no associated display id.
09-07 04:00:25.602  2037  2055 I chatty  : uid=1000(system) Binder:2037_1 identical 8 lines
09-07 04:00:25.602  2037  2055 W InputReader: Device has associated, but no associated display id.
09-07 04:00:25.606 16738 16738 D LifecycleMonitor: Lifecycle status change: ru.iteco.fmhandroid.ui.AppActivity@bf025f4 in: STOPPED
09-07 04:00:25.606 16738 16738 V ActivityScenario: Update currentActivityStage to STOPPED, currentActivity=ru.iteco.fmhandroid.ui.AppActivity@bf025f4
09-07 04:00:25.616 16738 16738 W System.err: ru.iteco.fmhandroid.exceptions.UnknownException
09-07 04:00:25.616 16738 16738 W System.err: 	at ru.iteco.fmhandroid.utils.Utils.makeRequest(Utils.kt:123)
09-07 04:00:25.616 16738 16738 W System.err: 	at ru.iteco.fmhandroid.utils.Utils$makeRequest$1.invokeSuspend(Unknown Source:15)
09-07 04:00:25.616 16738 16738 W System.err: 	at kotlin.coroutines.jvm.internal.BaseContinuationImpl.resumeWith(ContinuationImpl.kt:33)
09-07 04:00:25.616 16738 16738 W System.err: 	at kotlinx.coroutines.DispatchedTaskKt.resume(DispatchedTask.kt:234)
09-07 04:00:25.616 16738 16738 W System.err: 	at kotlinx.coroutines.DispatchedTaskKt.resumeUnconfined(DispatchedTask.kt:190)
09-07 04:00:25.616 16738 16738 W System.err: 	at kotlinx.coroutines.DispatchedTaskKt.dispatch(DispatchedTask.kt:161)
09-07 04:00:25.616 16738 16738 W System.err: 	at kotlinx.coroutines.CancellableContinuationImpl.dispatchResume(CancellableContinuationImpl.kt:397)
09-07 04:00:25.616 16738 16738 W System.err: 	at kotlinx.coroutines.CancellableContinuationImpl.cancel(CancellableContinuationImpl.kt:183)
