09-07 06:13:30.414  9067  9235 W DefaultFailureHandler: 	at androidx.test.runner.AndroidJUnitRunner.onStart(AndroidJUnitRunner.java:438)
09-07 06:13:30.414  9067  9235 W DefaultFailureHandler: 	at android.app.Instrumentation$InstrumentationThread.run(Instrumentation.java:2189)
09-07 06:13:30.414  9067  9235 W DefaultFailureHandler: Caused by: android.system.ErrnoException: open failed: EROFS (Read-only file system)
09-07 06:13:30.414  9067  9235 W DefaultFailureHandler: 	at libcore.io.Linux.open(Native Method)
09-07 06:13:30.414  9067  9235 W DefaultFailureHandler: 	at libcore.io.ForwardingOs.open(ForwardingOs.java:167)
09-07 06:13:30.414  9067  9235 W DefaultFailureHandler: 	at libcore.io.BlockGuardOs.open(BlockGuardOs.java:252)
09-07 06:13:30.414  9067  9235 W DefaultFailureHandler: 	at libcore.io.ForwardingOs.open(ForwardingOs.java:167)
09-07 06:13:30.414  9067  9235 W DefaultFailureHandler: 	at android.app.ActivityThread$AndroidOs.open(ActivityThread.java:7255)
09-07 06:13:30.414  9067  9235 W DefaultFailureHandler: 	at libcore.io.IoBridge.open(IoBridge.java:482)
09-07 06:13:30.414  9067  9235 W DefaultFailureHandler: 	... 53 more
09-07 06:13:30.422  1793  1793 D gralloc_ranchu: gralloc_alloc: Creating ashmem region of size 9850880
09-07 06:13:30.563  1792  2272 E GnssHAL_GnssInterface: gnssSvStatusCb: a: input svInfo.flags is 8
09-07 06:13:30.563  1792  2272 E GnssHAL_GnssInterface: gnssSvStatusCb: b: input svInfo.flags is 8
09-07 06:13:30.576  2037  2847 I ActivityTaskManager: START u0 {act=android.intent.action.MAIN cat=[android.intent.category.LAUNCHER] flg=0x10000000 cmp=ru.iteco.fmhandroid.test/androidx.test.core.app.InstrumentationActivityInvoker$EmptyActivity} from uid 10136
09-07 06:13:30.582  9067  9067 D LifecycleMonitor: Lifecycle status change: ru.iteco.fmhandroid.ui.AppActivity@45f196 in: PAUSED
09-07 06:13:30.582  9067  9067 V ActivityScenario: Update currentActivityStage to PAUSED, currentActivity=ru.iteco.fmhandroid.ui.AppActivity@45f196
09-07 06:13:30.583  2037  6424 W InputReader: Device has associated, but no associated display id.
09-07 06:13:30.586  2037  6424 I chatty  : uid=1000(system) Binder:2037_1B identical 35 lines
09-07 06:13:30.586  2037  6424 W InputReader: Device has associated, but no associated display id.
09-07 06:13:30.586  9067  9230 V FA      : Recording user engagement, ms: 30244
09-07 06:13:30.586  2037  6424 W InputReader: Device has associated, but no associated display id.
09-07 06:13:30.591  2037  6424 I chatty  : uid=1000(system) Binder:2037_1B identical 11 lines
09-07 06:13:30.591  2037  6424 W InputReader: Device has associated, but no associated display id.
09-07 06:13:30.591  9256  9256 W ActivityThread: handleWindowVisibility: no activity for token android.os.BinderProxy@dce2beb
09-07 06:13:30.660  1793  1793 D gralloc_ranchu: gralloc_alloc: Creating ashmem region of size 9850880
09-07 06:13:30.670  9067  9230 V FA      : Connecting to remote service
09-07 06:13:30.672  1793  1793 D gralloc_ranchu: gralloc_alloc: Creating ashmem region of size 9850880
09-07 06:13:30.675  7867  7867 D BoundBrokerSvc: onBind: Intent { act=com.google.android.gms.measurement.START pkg=com.google.android.gms }
09-07 06:13:30.675  7867  7867 D BoundBrokerSvc: Loading bound service for intent: Intent { act=com.google.android.gms.measurement.START pkg=com.google.android.gms }
09-07 06:13:30.675  9256  9290 D EGL_emulation: eglMakeCurrent: 0xda21a240: ver 2 0 (tinfo 0xda20f0a0)
09-07 06:13:30.676  1793  1793 D gralloc_ranchu: gralloc_alloc: Creating ashmem region of size 9850880
09-07 06:13:30.681  9067  9230 V FA      : Connection attempt already in progress
09-07 06:13:30.682  9067  9230 V FA      : Activity paused, time: 9755295
09-07 06:13:30.706  9067  9230 D FA      : Connected to remote service
09-07 06:13:30.706  9067  9230 V FA      : Processing queued up service tasks: 2
09-07 06:13:30.715  2037  4497 W InputReader: Device has associated, but no associated display id.
09-07 06:13:30.729  2037  4497 I chatty  : uid=1000(system) Binder:2037_14 identical 48 lines
09-07 06:13:30.729  2037  4497 W InputReader: Device has associated, but no associated display id.
09-07 06:13:30.738  9256  9256 W ActivityThread: handleWindowVisibility: no activity for token android.os.BinderProxy@4fe5eea
09-07 06:13:30.743  7867  9646 V FA-SVC  : Logging event: origin=auto,name=user_engagement(_e),params=Bundle[{ga_event_origin(_o)=auto, engagement_time_msec(_et)=30244, ga_screen_class(_sc)=AppActivity, ga_screen_id(_si)=5099809632112841109}]
09-07 06:13:30.648  2037  2847 I ActivityTaskManager: START u0 {act=android.intent.action.MAIN cat=[android.intent.category.LAUNCHER] flg=0x10000000 cmp=ru.iteco.fmhandroid.test/androidx.test.core.app.InstrumentationActivityInvoker$EmptyActivity} from uid 10136
09-07 06:13:30.771  2037  4497 W ActivityTaskManager: Duplicate finish request for ActivityRecord{1a5e104 u0 ru.iteco.fmhandroid/.ui.AppActivity t887 f}
09-07 06:13:30.795  1793  1793 D gralloc_ranchu: gralloc_alloc: Creating ashmem region of size 9850880
09-07 06:13:30.802  1793  1793 I chatty  : uid=1000(system) allocator@2.0-s identical 1 line
09-07 06:13:30.805  1793  1793 D gralloc_ranchu: gralloc_alloc: Creating ashmem region of size 9850880
09-07 06:13:30.809  7867  9646 V FA-SVC  : Upload scheduled in approximately ms: 830140
09-07 06:13:30.809  7867  9646 V FA-SVC  : Unscheduling upload
09-07 06:13:30.809  9256  9290 D EGL_emulation: eglMakeCurrent: 0xda21a240: ver 2 0 (tinfo 0xda20f0a0)
09-07 06:13:30.836  7867  9646 V FA-SVC  : Scheduling upload, millis: 830140
09-07 06:13:30.837  2037  2061 W InputReader: Device has associated, but no associated display id.
09-07 06:13:30.837  2037  2061 I chatty  : uid=1000(system) android.anim identical 18 lines
09-07 06:13:30.837  2037  2061 W InputReader: Device has associated, but no associated display id.
09-07 06:13:30.839  7867  9646 V FA-SVC  : Background event processing time, ms: 96
09-07 06:13:30.846  2037  2065 I ActivityTaskManager: Displayed ru.iteco.fmhandroid.test/androidx.test.core.app.InstrumentationActivityInvoker$EmptyActivity: +131ms
09-07 06:13:30.854  9067  9293 D EGL_emulation: eglMakeCurrent: 0xda21a9c0: ver 2 0 (tinfo 0xda20fc10)
09-07 06:13:30.860  2037  4497 W InputReader: Device has associated, but no associated display id.
09-07 06:13:30.885  2037  4497 I chatty  : uid=1000(system) Binder:2037_14 identical 38 lines
09-07 06:13:30.885  2037  4497 W InputReader: Device has associated, but no associated display id.
09-07 06:13:30.885  1823  1823 W SurfaceFlinger: couldn't log to binary event log: overflow.
09-07 06:13:30.898  9067  9067 D LifecycleMonitor: Lifecycle status change: ru.iteco.fmhandroid.ui.AppActivity@45f196 in: STOPPED
09-07 06:13:30.898  9067  9067 V ActivityScenario: Update currentActivityStage to STOPPED, currentActivity=ru.iteco.fmhandroid.ui.AppActivity@45f196
09-07 06:13:30.924  1793  1793 D gralloc_ranchu: gralloc_alloc: Creating ashmem region of size 9850880
09-07 06:13:30.935  1793  1793 D gralloc_ranchu: gralloc_alloc: Creating ashmem region of size 9850880
09-07 06:13:30.939  1793 14098 D gralloc_ranchu: gralloc_alloc: Creating ashmem region of size 9850880
09-07 06:13:30.945  2666  3068 D EGL_emulation: eglMakeCurrent: 0xda21b0e0: ver 2 0 (tinfo 0xda20fbb0)
09-07 06:13:30.950  1793  1793 D gralloc_ranchu: gralloc_alloc: Creating ashmem region of size 9850880
09-07 06:13:30.953  1793 14098 D gralloc_ranchu: gralloc_alloc: Creating ashmem region of size 9850880
09-07 06:13:30.954  9067  9067 D LifecycleMonitor: Lifecycle status change: ru.iteco.fmhandroid.ui.AppActivity@45f196 in: DESTROYED
09-07 06:13:30.954  9067  9067 V ActivityScenario: Update currentActivityStage to DESTROYED, currentActivity=null
09-07 06:13:30.961  2434  2714 D EGL_emulation: eglMakeCurrent: 0xed453b60: ver 2 0 (tinfo 0xe233a960)
09-07 06:13:30.991  2666  2666 I dnsi    : onStart
09-07 06:13:30.996  2666  2666 I dnsi    : onResume
09-07 06:13:31.011  1793  1793 D gralloc_ranchu: gralloc_alloc: Creating ashmem region of size 9850880
09-07 06:13:31.023  7867  7867 D BoundBrokerSvc: onBind: Intent { act=com.google.android.gms.inappreach.service.START dat=chimera-action: cmp=com.google.android.gms/.chimera.GmsApiService }
09-07 06:13:31.023  7867  7867 D BoundBrokerSvc: Loading bound service for intent: Intent { act=com.google.android.gms.inappreach.service.START dat=chimera-action: cmp=com.google.android.gms/.chimera.GmsApiService }
09-07 06:13:31.042  2037  2061 W InputReader: Device has associated, but no associated display id.
09-07 06:13:31.044  2037  2061 I chatty  : uid=1000(system) android.anim identical 18 lines
09-07 06:13:31.044  2037  2061 W InputReader: Device has associated, but no associated display id.
09-07 06:13:31.046  1793  1793 D gralloc_ranchu: gralloc_alloc: Creating ashmem region of size 6307840
09-07 06:13:31.073  2037  2037 W ActivityManager: Unable to start service Intent { act=android.service.appprediction.AppPredictionService cmp=com.google.android.as/com.google.android.apps.miphone.aiai.app.AiAiPredictionService } U=0: not found
09-07 06:13:31.073  2037  2037 W RemoteAppPredictionService: could not bind to Intent { act=android.service.appprediction.AppPredictionService cmp=com.google.android.as/com.google.android.apps.miphone.aiai.app.AiAiPredictionService } using flags 67108865
09-07 06:13:31.079  2182  2468 D EGL_emulation: eglMakeCurrent: 0xda21a360: ver 2 0 (tinfo 0xda20f590)
09-07 06:13:31.083  2182  2182 W View    : requestLayout() improperly called by com.android.keyguard.AlphaOptimizedLinearLayout{551c6d8 V.E...... ......ID 7,0-48,61 #7f0a041c app:id/wifi_group} during second layout pass: posting in next frame
09-07 06:13:31.088  9256  9290 D EGL_emulation: eglMakeCurrent: 0xda21a240: ver 2 0 (tinfo 0xda20f0a0)
09-07 06:13:31.094  1823  1823 E Layer   : [Surface(name=AppWindowToken{459e199 token=Token{b961ae0 ActivityRecord{53be0e3 u0 com.google.android.apps.nexuslauncher/.NexusLauncherActivity t652}}})/@0xafc1306 - animation-leash#0] No local sync point found
09-07 06:13:31.094  1823  1823 E Layer   : [Surface(name=AppWindowToken{c56c4b9 token=Token{8fa1680 ActivityRecord{c4a0703 u0 ru.iteco.fmhandroid.test/androidx.test.core.app.InstrumentationActivityInvoker$EmptyActivity t887}}})/@0xa465055 - animation-leash#0] No local sync point found
09-07 06:13:31.096  2182  2182 W View    : requestLayout() improperly called by StatusBarIconView(slot=mobile icon=null notification=null) during layout: running second layout pass
09-07 06:13:31.107  2182  2468 D EGL_emulation: eglMakeCurrent: 0xda21a360: ver 2 0 (tinfo 0xda20f590)
