09-07 04:21:39.734 21620 21729 I okhttp.OkHttpClient: Keep-Alive: timeout=60
09-07 04:21:39.734 21620 21729 I okhttp.OkHttpClient: Connection: keep-alive
09-07 04:21:39.735 21620 21729 I okhttp.OkHttpClient: {"id":1,"firstName":"Ivan","lastName":"Ivanov","middleName":"Ivanovich","admin":true}
09-07 04:21:39.735 21620 21729 I okhttp.OkHttpClient: <-- END HTTP (85-byte body)
09-07 04:21:39.744 21620 21735 I okhttp.OkHttpClient: --> GET http://www.981757-ca08998.tmweb.ru:8080/fmh/claims
09-07 04:21:39.744 21620 21735 I okhttp.OkHttpClient: --> END GET
09-07 04:21:39.748  1774 21900 E ResolverController: No valid NAT64 prefix (101, <unspecified>/0)
09-07 04:21:39.807 21620 21711 D EGL_emulation: eglMakeCurrent: 0xd6c30ec0: ver 2 0 (tinfo 0xd6c9e8f0)
09-07 04:21:39.810  1793 14098 D gralloc_ranchu: gralloc_alloc: Creating ashmem region of size 9850880
09-07 04:21:39.821  2182  2182 W View    : requestLayout() improperly called by com.android.keyguard.AlphaOptimizedLinearLayout{551c6d8 V.E...... ......ID 7,0-48,61 #7f0a041c app:id/wifi_group} during second layout pass: posting in next frame
09-07 04:21:39.830 21620 21711 D EGL_emulation: eglMakeCurrent: 0xd6c30ec0: ver 2 0 (tinfo 0xd6c9e8f0)
09-07 04:21:39.838  2182  2182 W View    : requestLayout() improperly called by StatusBarIconView(slot=mobile icon=null notification=null) during layout: running second layout pass
09-07 04:21:39.860  1793 14098 D gralloc_ranchu: gralloc_alloc: Creating ashmem region of size 9850880
09-07 04:21:39.883 21620 21620 I ViewInteraction: Checking 'MatchesViewAssertion{viewMatcher=(view has effective visibility <VISIBLE> and view.getGlobalVisibleRect() to return non-empty rectangle)}' assertion on view an instance of android.widget.TextView and view.getText() with or without transformation to match: is "News"
09-07 04:21:39.903  1793 14098 D gralloc_ranchu: gralloc_alloc: Creating ashmem region of size 9850880
09-07 04:21:40.084 21620 21620 I ViewInteraction: Performing 'wait for a specific view with <view.getId() is <2131230951>> during 10000 millis.' action on view view.getRootView() to equal view
09-07 04:21:40.085 21620 21663 W teco.fmhandroi: Accessing hidden method Lsun/misc/Unsafe;->compareAndSwapObject(Ljava/lang/Object;JLjava/lang/Object;Ljava/lang/Object;)Z (greylist, linking, allowed)
09-07 04:21:40.088 21620 21620 I ViewInteraction: Checking 'MatchesViewAssertion{viewMatcher=(view has effective visibility <VISIBLE> and view.getGlobalVisibleRect() to return non-empty rectangle)}' assertion on view view.getId() is <2131230951/ru.iteco.fmhandroid:id/container_list_news_include_on_fragment_main>
09-07 04:21:40.089 21620 21663 W teco.fmhandroi: Accessing hidden method Lsun/misc/Unsafe;->compareAndSwapObject(Ljava/lang/Object;JLjava/lang/Object;Ljava/lang/Object;)Z (greylist, linking, allowed)
09-07 04:21:40.090 21620 21620 I ViewInteraction: Performing 'wait for a specific view with <view.getId() is <2131230949>> during 10000 millis.' action on view view.getRootView() to equal view
09-07 04:21:40.091 21620 21663 W teco.fmhandroi: Accessing hidden method Lsun/misc/Unsafe;->compareAndSwapObject(Ljava/lang/Object;JLjava/lang/Object;Ljava/lang/Object;)Z (greylist, linking, allowed)
09-07 04:21:40.093 21620 21620 I ViewInteraction: Checking 'MatchesViewAssertion{viewMatcher=(view has effective visibility <VISIBLE> and view.getGlobalVisibleRect() to return non-empty rectangle)}' assertion on view view.getId() is <2131230949/ru.iteco.fmhandroid:id/container_list_claim_include_on_fragment_main>
09-07 04:21:40.093 21620 21663 W teco.fmhandroi: Accessing hidden method Lsun/misc/Unsafe;->compareAndSwapObject(Ljava/lang/Object;JLjava/lang/Object;Ljava/lang/Object;)Z (greylist, linking, allowed)
09-07 04:21:40.094 21620 21620 I ViewInteraction: Performing 'wait for a specific view with <an instance of android.widget.TextView and view.getText() with or without transformation to match: is "Claims"> during 10000 millis.' action on view view.getRootView() to equal view
09-07 04:21:40.097 21620 21620 I ViewInteraction: Checking 'MatchesViewAssertion{viewMatcher=(view has effective visibility <VISIBLE> and view.getGlobalVisibleRect() to return non-empty rectangle)}' assertion on view an instance of android.widget.TextView and view.getText() with or without transformation to match: is "Claims"
09-07 04:21:40.099 21620 21620 I ViewInteraction: Performing 'wait for a specific view with <view.getClass().getName() matches: a string ending with "ScrollView"> during 10000 millis.' action on view view.getRootView() to equal view
09-07 04:21:40.104 21620 21620 I ViewInteraction: Checking 'MatchesViewAssertion{viewMatcher=view.isEnabled() is <true>}' assertion on view view.getClass().getName() matches: a string ending with "ScrollView"
09-07 04:21:40.106 21620 21620 I ViewInteraction: Performing 'wait for a specific view with <view.getClass().getName() matches: a string ending with "ScrollView"> during 10000 millis.' action on view view.getRootView() to equal view
09-07 04:21:40.111 21620 21620 I ViewInteraction: Performing 'fast swipe' action on view view.getClass().getName() matches: a string ending with "ScrollView"
09-07 04:21:40.115  2037  2132 V InputDispatcher: Asynchronous input event injection succeeded.
09-07 04:21:40.129  1792  2272 E GnssHAL_GnssInterface: gnssSvStatusCb: a: input svInfo.flags is 8
09-07 04:21:40.129  1792  2272 E GnssHAL_GnssInterface: gnssSvStatusCb: b: input svInfo.flags is 8
09-07 04:21:40.130  2037  2132 V InputDispatcher: Asynchronous input event injection succeeded.
09-07 04:21:40.249  2037  2132 I chatty  : uid=1000(system) InputDispatcher identical 8 lines
09-07 04:21:40.265  2037  2132 V InputDispatcher: Asynchronous input event injection succeeded.
09-07 04:21:41.130  1792  2272 E GnssHAL_GnssInterface: gnssSvStatusCb: a: input svInfo.flags is 8
09-07 04:21:41.130  1792  2272 E GnssHAL_GnssInterface: gnssSvStatusCb: b: input svInfo.flags is 8
09-07 04:21:41.611 21620 21662 V FA      : Inactivity, disconnecting from the service
09-07 04:21:42.130  1792  2272 E GnssHAL_GnssInterface: gnssSvStatusCb: a: input svInfo.flags is 8
09-07 04:21:42.131  1792  2272 E GnssHAL_GnssInterface: gnssSvStatusCb: b: input svInfo.flags is 8
09-07 04:21:43.132  1792  2272 E GnssHAL_GnssInterface: gnssSvStatusCb: a: input svInfo.flags is 8
09-07 04:21:43.132  1792  2272 E GnssHAL_GnssInterface: gnssSvStatusCb: b: input svInfo.flags is 8
09-07 04:21:43.420 21620 21620 I ViewInteraction: Performing 'wait for a specific view with <with id: 2131230916> during 10000 millis.' action on view view.getRootView() to equal view
09-07 04:21:43.431 21620 21620 I ViewInteraction: Performing 'single click' action on view with id: ru.iteco.fmhandroid:id/claim_list_recycler_view
09-07 04:21:43.443 21620 21620 D takeScreenshot: Found 1 global views to redraw
09-07 04:21:43.485  1793 14098 D gralloc_ranchu: gralloc_alloc: Creating ashmem region of size 9850880
09-07 04:21:43.527 21620 21663 W DefaultFailureHandler: Failed to take screenshot
09-07 04:21:43.527 21620 21663 W DefaultFailureHandler: java.io.FileNotFoundException: view-op-error-2.png: open failed: EROFS (Read-only file system)
09-07 04:21:43.527 21620 21663 W DefaultFailureHandler: 	at libcore.io.IoBridge.open(IoBridge.java:496)
09-07 04:21:43.527 21620 21663 W DefaultFailureHandler: 	at java.io.FileOutputStream.<init>(FileOutputStream.java:235)
09-07 04:21:43.527 21620 21663 W DefaultFailureHandler: 	at java.io.FileOutputStream.<init>(FileOutputStream.java:125)
09-07 04:21:43.527 21620 21663 W DefaultFailureHandler: 	at androidx.test.platform.io.FileTestStorage.openOutputFile(FileTestStorage.java:60)
09-07 04:21:43.527 21620 21663 W DefaultFailureHandler: 	at androidx.test.core.graphics.BitmapStorage.writeToTestStorage(BitmapStorageExt.kt:49)
09-07 04:21:43.527 21620 21663 W DefaultFailureHandler: 	at androidx.test.espresso.base.DefaultFailureHandler.takeScreenshot(DefaultFailureHandler.java:4)
09-07 04:21:43.527 21620 21663 W DefaultFailureHandler: 	at androidx.test.espresso.base.DefaultFailureHandler.handle(DefaultFailureHandler.java:3)
09-07 04:21:43.527 21620 21663 W DefaultFailureHandler: 	at androidx.test.espresso.ViewInteraction.waitForAndHandleInteractionResults(ViewInteraction.java:8)
09-07 04:21:43.527 21620 21663 W DefaultFailureHandler: 	at androidx.test.espresso.ViewInteraction.desugaredPerform(ViewInteraction.java:11)
09-07 04:21:43.527 21620 21663 W DefaultFailureHandler: 	at androidx.test.espresso.ViewInteraction.perform(ViewInteraction.java:8)
09-07 04:21:43.527 21620 21663 W DefaultFailureHandler: 	at ru.iteco.fmhandroid.ui.steps.MainPageSteps.openClaimItemDescription(MainPageSteps.java:113)
09-07 04:21:43.527 21620 21663 W DefaultFailureHandler: 	at ru.iteco.fmhandroid.ui.MainPageTest.shouldOpenClaimsItemDescription(MainPageTest.java:137)
09-07 04:21:43.527 21620 21663 W DefaultFailureHandler: 	at java.lang.reflect.Method.invoke(Native Method)
09-07 04:21:43.527 21620 21663 W DefaultFailureHandler: 	at org.junit.runners.model.FrameworkMethod$1.runReflectiveCall(FrameworkMethod.java:59)
09-07 04:21:43.527 21620 21663 W DefaultFailureHandler: 	at org.junit.internal.runners.model.ReflectiveCallable.run(ReflectiveCallable.java:12)
09-07 04:21:43.527 21620 21663 W DefaultFailureHandler: 	at org.junit.runners.model.FrameworkMethod.invokeExplosively(FrameworkMethod.java:56)
09-07 04:21:43.527 21620 21663 W DefaultFailureHandler: 	at org.junit.internal.runners.statements.InvokeMethod.evaluate(InvokeMethod.java:17)
09-07 04:21:43.527 21620 21663 W DefaultFailureHandler: 	at androidx.test.internal.runner.junit4.statement.RunBefores.evaluate(RunBefores.java:80)
09-07 04:21:43.527 21620 21663 W DefaultFailureHandler: 	at io.qameta.allure.android.rules.ScreenshotRule$apply$1.evaluate(ScreenshotRule.kt:22)
09-07 04:21:43.527 21620 21663 W DefaultFailureHandler: 	at org.junit.rules.ExternalResource$1.evaluate(ExternalResource.java:54)
09-07 04:21:43.527 21620 21663 W DefaultFailureHandler: 	at io.qameta.allure.android.rules.LogcatRule$apply$1.evaluate(LogcatRule.kt:23)
09-07 04:21:43.527 21620 21663 W DefaultFailureHandler: 	at org.junit.rules.RunRules.evaluate(RunRules.java:20)
09-07 04:21:43.527 21620 21663 W DefaultFailureHandler: 	at org.junit.runners.ParentRunner$3.evaluate(ParentRunner.java:306)
09-07 04:21:43.527 21620 21663 W DefaultFailureHandler: 	at org.junit.runners.BlockJUnit4ClassRunner$1.evaluate(BlockJUnit4ClassRunner.java:100)
09-07 04:21:43.527 21620 21663 W DefaultFailureHandler: 	at org.junit.runners.ParentRunner.runLeaf(ParentRunner.java:366)
09-07 04:21:43.527 21620 21663 W DefaultFailureHandler: 	at org.junit.runners.BlockJUnit4ClassRunner.runChild(BlockJUnit4ClassRunner.java:103)
09-07 04:21:43.527 21620 21663 W DefaultFailureHandler: 	at org.junit.runners.BlockJUnit4ClassRunner.runChild(BlockJUnit4ClassRunner.java:63)
09-07 04:21:43.527 21620 21663 W DefaultFailureHandler: 	at org.junit.runners.ParentRunner$4.run(ParentRunner.java:331)
09-07 04:21:43.527 21620 21663 W DefaultFailureHandler: 	at org.junit.runners.ParentRunner$1.schedule(ParentRunner.java:79)
09-07 04:21:43.527 21620 21663 W DefaultFailureHandler: 	at org.junit.runners.ParentRunner.runChildren(ParentRunner.java:329)
09-07 04:21:43.527 21620 21663 W DefaultFailureHandler: 	at org.junit.runners.ParentRunner.access$100(ParentRunner.java:66)
09-07 04:21:43.527 21620 21663 W DefaultFailureHandler: 	at org.junit.runners.ParentRunner$2.evaluate(ParentRunner.java:293)
09-07 04:21:43.527 21620 21663 W DefaultFailureHandler: 	at org.junit.runners.ParentRunner$3.evaluate(ParentRunner.java:306)
09-07 04:21:43.527 21620 21663 W DefaultFailureHandler: 	at org.junit.runners.ParentRunner.run(ParentRunner.java:413)
09-07 04:21:43.527 21620 21663 W DefaultFailureHandler: 	at androidx.test.ext.junit.runners.AndroidJUnit4.run(AndroidJUnit4.java:162)
09-07 04:21:43.527 21620 21663 W DefaultFailureHandler: 	at io.qameta.allure.android.runners.AllureAndroidJUnit4.run(AllureAndroidJUnitRunners.kt:29)
09-07 04:21:43.527 21620 21663 W DefaultFailureHandler: 	at org.junit.runners.Suite.runChild(Suite.java:128)
09-07 04:21:43.527 21620 21663 W DefaultFailureHandler: 	at org.junit.runners.Suite.runChild(Suite.java:27)
09-07 04:21:43.527 21620 21663 W DefaultFailureHandler: 	at org.junit.runners.ParentRunner$4.run(ParentRunner.java:331)
09-07 04:21:43.527 21620 21663 W DefaultFailureHandler: 	at org.junit.runners.ParentRunner$1.schedule(ParentRunner.java:79)
09-07 04:21:43.527 21620 21663 W DefaultFailureHandler: 	at org.junit.runners.ParentRunner.runChildren(ParentRunner.java:329)
09-07 04:21:43.527 21620 21663 W DefaultFailureHandler: 	at org.junit.runners.ParentRunner.access$100(ParentRunner.java:66)
09-07 04:21:43.527 21620 21663 W DefaultFailureHandler: 	at org.junit.runners.ParentRunner$2.evaluate(ParentRunner.java:293)
09-07 04:21:43.527 21620 21663 W DefaultFailureHandler: 	at org.junit.runners.ParentRunner$3.evaluate(ParentRunner.java:306)
09-07 04:21:43.527 21620 21663 W DefaultFailureHandler: 	at org.junit.runners.ParentRunner.run(ParentRunner.java:413)
09-07 04:21:43.527 21620 21663 W DefaultFailureHandler: 	at org.junit.runner.JUnitCore.run(JUnitCore.java:137)
09-07 04:21:43.527 21620 21663 W DefaultFailureHandler: 	at org.junit.runner.JUnitCore.run(JUnitCore.java:115)
09-07 04:21:43.527 21620 21663 W DefaultFailureHandler: 	at androidx.test.internal.runner.TestExecutor.execute(TestExecutor.java:67)
09-07 04:21:43.527 21620 21663 W DefaultFailureHandler: 	at androidx.test.internal.runner.TestExecutor.execute(TestExecutor.java:58)
09-07 04:21:43.527 21620 21663 W DefaultFailureHandler: 	at androidx.test.runner.AndroidJUnitRunner.onStart(AndroidJUnitRunner.java:438)
09-07 04:21:43.527 21620 21663 W DefaultFailureHandler: 	at android.app.Instrumentation$InstrumentationThread.run(Instrumentation.java:2189)
09-07 04:21:43.527 21620 21663 W DefaultFailureHandler: Caused by: android.system.ErrnoException: open failed: EROFS (Read-only file system)
09-07 04:21:43.527 21620 21663 W DefaultFailureHandler: 	at libcore.io.Linux.open(Native Method)
09-07 04:21:43.527 21620 21663 W DefaultFailureHandler: 	at libcore.io.ForwardingOs.open(ForwardingOs.java:167)
09-07 04:21:43.527 21620 21663 W DefaultFailureHandler: 	at libcore.io.BlockGuardOs.open(BlockGuardOs.java:252)
09-07 04:21:43.527 21620 21663 W DefaultFailureHandler: 	at libcore.io.ForwardingOs.open(ForwardingOs.java:167)
09-07 04:21:43.527 21620 21663 W DefaultFailureHandler: 	at android.app.ActivityThread$AndroidOs.open(ActivityThread.java:7255)
09-07 04:21:43.527 21620 21663 W DefaultFailureHandler: 	at libcore.io.IoBridge.open(IoBridge.java:482)
09-07 04:21:43.527 21620 21663 W DefaultFailureHandler: 	... 50 more
09-07 04:21:43.533  1793 14098 D gralloc_ranchu: gralloc_alloc: Creating ashmem region of size 9850880
09-07 04:21:43.657  2037  2903 I ActivityTaskManager: START u0 {act=android.intent.action.MAIN cat=[android.intent.category.LAUNCHER] flg=0x10000000 cmp=ru.iteco.fmhandroid.test/androidx.test.core.app.InstrumentationActivityInvoker$EmptyActivity} from uid 10136
09-07 04:21:43.662 21620 21620 D LifecycleMonitor: Lifecycle status change: ru.iteco.fmhandroid.ui.AppActivity@e30db53 in: PAUSED
09-07 04:21:43.663 21620 21620 V ActivityScenario: Update currentActivityStage to PAUSED, currentActivity=ru.iteco.fmhandroid.ui.AppActivity@e30db53
09-07 04:21:43.663  2037  2428 W InputReader: Device has associated, but no associated display id.
09-07 04:21:43.664  2037  2428 I chatty  : uid=1000(system) Binder:2037_8 identical 28 lines
09-07 04:21:43.664  2037  2428 W InputReader: Device has associated, but no associated display id.
09-07 04:21:43.665 21620 21662 V FA      : Recording user engagement, ms: 7203
09-07 04:21:43.665  2037  2428 W InputReader: Device has associated, but no associated display id.
09-07 04:21:43.668  2037  2428 I chatty  : uid=1000(system) Binder:2037_8 identical 18 lines
09-07 04:21:43.668  2037  2428 W InputReader: Device has associated, but no associated display id.
09-07 04:21:43.669 21677 21677 W ActivityThread: handleWindowVisibility: no activity for token android.os.BinderProxy@f88b11d
09-07 04:21:43.713 21620 21662 V FA      : Connecting to remote service
09-07 04:21:43.726 21620 21662 V FA      : Connection attempt already in progress
09-07 04:21:43.727 21620 21662 V FA      : Activity paused, time: 3427557
09-07 04:21:43.739 21620 21662 D FA      : Connected to remote service
09-07 04:21:43.740 21620 21662 V FA      : Processing queued up service tasks: 2
09-07 04:21:43.769  1793 14098 D gralloc_ranchu: gralloc_alloc: Creating ashmem region of size 9850880
09-07 04:21:43.774  1793  1793 D gralloc_ranchu: gralloc_alloc: Creating ashmem region of size 9850880
09-07 04:21:43.776 21677 21708 D EGL_emulation: eglMakeCurrent: 0xd6c2f3c0: ver 2 0 (tinfo 0xed4892c0)
09-07 04:21:43.777  1793  1793 D gralloc_ranchu: gralloc_alloc: Creating ashmem region of size 9850880
09-07 04:21:43.800  7867 21436 V FA-SVC  : Logging event: origin=auto,name=user_engagement(_e),params=Bundle[{ga_event_origin(_o)=auto, engagement_time_msec(_et)=7203, ga_screen_class(_sc)=AppActivity, ga_screen_id(_si)=-7276878119267510243}]
09-07 04:21:43.808  2037  2055 W InputReader: Device has associated, but no associated display id.
09-07 04:21:43.812  2037  2055 I chatty  : uid=1000(system) Binder:2037_1 identical 48 lines
09-07 04:21:43.812  2037  2055 W InputReader: Device has associated, but no associated display id.
09-07 04:21:43.820 21677 21677 W ActivityThread: handleWindowVisibility: no activity for token android.os.BinderProxy@ee2f424
09-07 04:21:43.726  2037  2903 I ActivityTaskManager: START u0 {act=android.intent.action.MAIN cat=[android.intent.category.LAUNCHER] flg=0x10000000 cmp=ru.iteco.fmhandroid.test/androidx.test.core.app.InstrumentationActivityInvoker$EmptyActivity} from uid 10136
09-07 04:21:43.834  2037  2428 W ActivityTaskManager: Duplicate finish request for ActivityRecord{aed071f u0 ru.iteco.fmhandroid/.ui.AppActivity t766 f}
09-07 04:21:43.836  7867 21436 V FA-SVC  : Upload scheduled in approximately ms: 333274
09-07 04:21:43.836  7867 21436 V FA-SVC  : Unscheduling upload
09-07 04:21:43.839  7867 21436 V FA-SVC  : Scheduling upload, millis: 333274
09-07 04:21:43.845  7867 21436 V FA-SVC  : Background event processing time, ms: 83
09-07 04:21:43.869  1793  1793 D gralloc_ranchu: gralloc_alloc: Creating ashmem region of size 9850880
09-07 04:21:43.874  1793  1793 I chatty  : uid=1000(system) allocator@2.0-s identical 1 line
09-07 04:21:43.876  1793  1793 D gralloc_ranchu: gralloc_alloc: Creating ashmem region of size 9850880
09-07 04:21:43.879 21677 21708 D EGL_emulation: eglMakeCurrent: 0xd6c2f3c0: ver 2 0 (tinfo 0xed4892c0)
09-07 04:21:43.902  2037  2061 W InputReader: Device has associated, but no associated display id.
09-07 04:21:43.903  2037  2061 I chatty  : uid=1000(system) android.anim identical 18 lines
09-07 04:21:43.903  2037  2061 W InputReader: Device has associated, but no associated display id.
09-07 04:21:43.905  2037  2065 I ActivityTaskManager: Displayed ru.iteco.fmhandroid.test/androidx.test.core.app.InstrumentationActivityInvoker$EmptyActivity: +150ms
09-07 04:21:43.910 21620 21711 D EGL_emulation: eglMakeCurrent: 0xd6c30ec0: ver 2 0 (tinfo 0xd6c9e8f0)
09-07 04:21:43.916  2037  2428 W InputReader: Device has associated, but no associated display id.
09-07 04:21:43.916  2037  2428 I chatty  : uid=1000(system) Binder:2037_8 identical 8 lines
09-07 04:21:43.916  2037  2428 W InputReader: Device has associated, but no associated display id.
09-07 04:21:43.944  2037  2903 W InputReader: Device has associated, but no associated display id.
09-07 04:21:43.944  2037  2903 I chatty  : uid=1000(system) Binder:2037_C identical 8 lines
09-07 04:21:43.944  2037  2903 W InputReader: Device has associated, but no associated display id.
09-07 04:21:43.953  1793  1793 D gralloc_ranchu: gralloc_alloc: Creating ashmem region of size 9850880
09-07 04:21:43.957 21620 21620 D LifecycleMonitor: Lifecycle status change: ru.iteco.fmhandroid.ui.AppActivity@e30db53 in: STOPPED
09-07 04:21:43.958 21620 21620 V ActivityScenario: Update currentActivityStage to STOPPED, currentActivity=ru.iteco.fmhandroid.ui.AppActivity@e30db53
09-07 04:21:43.973 21620 21620 W System.err: ru.iteco.fmhandroid.exceptions.UnknownException
09-07 04:21:43.973 21620 21735 I okhttp.OkHttpClient: <-- HTTP FAILED: java.net.SocketException: Socket closed
09-07 04:21:43.973 21620 21620 W System.err: 	at ru.iteco.fmhandroid.utils.Utils.makeRequest(Utils.kt:123)
09-07 04:21:43.973 21620 21620 W System.err: 	at ru.iteco.fmhandroid.utils.Utils$makeRequest$1.invokeSuspend(Unknown Source:15)
09-07 04:21:43.974 21620 21620 W System.err: 	at kotlin.coroutines.jvm.internal.BaseContinuationImpl.resumeWith(ContinuationImpl.kt:33)
09-07 04:21:43.974 21620 21620 W System.err: 	at kotlinx.coroutines.DispatchedTaskKt.resume(DispatchedTask.kt:234)
09-07 04:21:43.974 21620 21620 W System.err: 	at kotlinx.coroutines.DispatchedTaskKt.resumeUnconfined(DispatchedTask.kt:190)
09-07 04:21:43.974 21620 21620 W System.err: 	at kotlinx.coroutines.DispatchedTaskKt.dispatch(DispatchedTask.kt:161)
09-07 04:21:43.974 21620 21620 W System.err: 	at kotlinx.coroutines.CancellableContinuationImpl.dispatchResume(CancellableContinuationImpl.kt:397)
09-07 04:21:43.974 21620 21620 W System.err: 	at kotlinx.coroutines.CancellableContinuationImpl.cancel(CancellableContinuationImpl.kt:183)
09-07 04:21:43.974 21620 21620 W System.err: 	at kotlinx.coroutines.CancellableContinuationImpl.parentCancelled$kotlinx_coroutines_core(CancellableContinuationImpl.kt:190)
09-07 04:21:43.974 21620 21620 W System.err: 	at kotlinx.coroutines.ChildContinuation.invoke(JobSupport.kt:1474)
09-07 04:21:43.974 21620 21620 W System.err: 	at kotlinx.coroutines.JobSupport.notifyCancelling(JobSupport.kt:1499)
09-07 04:21:43.974 21620 21620 W System.err: 	at kotlinx.coroutines.JobSupport.tryMakeCancelling(JobSupport.kt:795)
09-07 04:21:43.974 21620 21620 W System.err: 	at kotlinx.coroutines.JobSupport.makeCancelling(JobSupport.kt:755)
09-07 04:21:43.974 21620 21620 W System.err: 	at kotlinx.coroutines.JobSupport.cancelImpl$kotlinx_coroutines_core(JobSupport.kt:671)
09-07 04:21:43.974 21620 21620 W System.err: 	at kotlinx.coroutines.JobSupport.parentCancelled(JobSupport.kt:637)
09-07 04:21:43.974 21620 21620 W System.err: 	at kotlinx.coroutines.ChildHandleNode.invoke(JobSupport.kt:1465)
09-07 04:21:43.974 21620 21620 W System.err: 	at kotlinx.coroutines.JobSupport.notifyCancelling(JobSupport.kt:1499)
09-07 04:21:43.974 21620 21620 W System.err: 	at kotlinx.coroutines.JobSupport.tryMakeCompletingSlowPath(JobSupport.kt:900)
09-07 04:21:43.974 21620 21620 W System.err: 	at kotlinx.coroutines.JobSupport.tryMakeCompleting(JobSupport.kt:863)
09-07 04:21:43.974 21620 21620 W System.err: 	at kotlinx.coroutines.JobSupport.cancelMakeCompleting(JobSupport.kt:696)
09-07 04:21:43.974 21620 21620 W System.err: 	at kotlinx.coroutines.JobSupport.cancelImpl$kotlinx_coroutines_core(JobSupport.kt:667)
09-07 04:21:43.974 21620 21620 W System.err: 	at kotlinx.coroutines.JobSupport.cancelInternal(JobSupport.kt:632)
09-07 04:21:43.974 21620 21620 W System.err: 	at kotlinx.coroutines.JobSupport.cancel(JobSupport.kt:617)
09-07 04:21:43.974 21620 21620 W System.err: 	at kotlinx.coroutines.JobKt__JobKt.cancel(Job.kt:561)
09-07 04:21:43.974 21620 21620 W System.err: 	at kotlinx.coroutines.JobKt.cancel(Unknown Source:1)
09-07 04:21:43.974 21620 21620 W System.err: 	at kotlinx.coroutines.JobKt__JobKt.cancel$default(Job.kt:560)
09-07 04:21:43.974 21620 21620 W System.err: 	at kotlinx.coroutines.JobKt.cancel$default(Unknown Source:1)
09-07 04:21:43.974 21620 21620 W System.err: 	at androidx.lifecycle.CloseableCoroutineScope.close(ViewModel.kt:51)
09-07 04:21:43.974 21620 21620 W System.err: 	at androidx.lifecycle.ViewModel.closeWithRuntimeException(ViewModel.java:188)
09-07 04:21:43.974 21620 21620 W System.err: 	at androidx.lifecycle.ViewModel.clear(ViewModel.java:134)
09-07 04:21:43.974 21620 21620 W System.err: 	at androidx.lifecycle.ViewModelStore.clear(ViewModelStore.java:62)
09-07 04:21:43.974 21620 21620 W System.err: 	at androidx.fragment.app.FragmentManagerViewModel.clearNonConfigStateInternal(FragmentManagerViewModel.java:210)
09-07 04:21:43.974 21620 21620 W System.err: 	at androidx.fragment.app.FragmentManagerViewModel.clearNonConfigState(FragmentManagerViewModel.java:190)
09-07 04:21:43.974 21620 21620 W System.err: 	at androidx.fragment.app.FragmentStateManager.destroy(FragmentStateManager.java:778)
09-07 04:21:43.974 21620 21620 W System.err: 	at androidx.fragment.app.FragmentStateManager.moveToExpectedState(FragmentStateManager.java:335)
09-07 04:21:43.974 21620 21620 W System.err: 	at androidx.fragment.app.FragmentStore.moveToExpectedState(FragmentStore.java:113)
09-07 04:21:43.974 21620 21620 W System.err: 	at androidx.fragment.app.FragmentManager.moveToState(FragmentManager.java:1374)
09-07 04:21:43.974 21620 21620 W System.err: 	at androidx.fragment.app.FragmentManager.dispatchStateChange(FragmentManager.java:2841)
09-07 04:21:43.974 21620 21620 W System.err: 	at androidx.fragment.app.FragmentManager.dispatchDestroy(FragmentManager.java:2820)
09-07 04:21:43.974 21620 21620 W System.err: 	at androidx.fragment.app.Fragment.performDestroy(Fragment.java:3246)
09-07 04:21:43.974 21620 21620 W System.err: 	at androidx.fragment.app.FragmentStateManager.destroy(FragmentStateManager.java:780)
09-07 04:21:43.974 21620 21620 W System.err: 	at androidx.fragment.app.FragmentStateManager.moveToExpectedState(FragmentStateManager.java:335)
09-07 04:21:43.974 21620 21620 W System.err: 	at androidx.fragment.app.SpecialEffectsController$FragmentStateManagerOperation.complete(SpecialEffectsController.java:771)
09-07 04:21:43.974 21620 21620 W System.err: 	at androidx.fragment.app.SpecialEffectsController$Operation.cancel(SpecialEffectsController.java:615)
09-07 04:21:43.975 21620 21620 W System.err: 	at androidx.fragment.app.SpecialEffectsController.forceCompleteAllOperations(SpecialEffectsController.java:350)
09-07 04:21:43.975 21620 21620 W System.err: 	at androidx.fragment.app.FragmentManager.dispatchStateChange(FragmentManager.java:2844)
09-07 04:21:43.975 21620 21620 W System.err: 	at androidx.fragment.app.FragmentManager.dispatchDestroy(FragmentManager.java:2820)
09-07 04:21:43.975 21620 21620 W System.err: 	at androidx.fragment.app.FragmentController.dispatchDestroy(FragmentController.java:345)
09-07 04:21:43.975 21620 21620 W System.err: 	at androidx.fragment.app.FragmentActivity.onDestroy(FragmentActivity.java:306)
09-07 04:21:43.975 21620 21620 W System.err: 	at androidx.appcompat.app.AppCompatActivity.onDestroy(AppCompatActivity.java:278)
09-07 04:21:43.975 21620 21620 W System.err: 	at android.app.Activity.performDestroy(Activity.java:8048)
09-07 04:21:43.975 21620 21620 W System.err: 	at android.app.Instrumentation.callActivityOnDestroy(Instrumentation.java:1334)
09-07 04:21:43.975 21620 21620 W System.err: 	at androidx.test.runner.MonitoringInstrumentation.callActivityOnDestroy(MonitoringInstrumentation.java:766)
09-07 04:21:43.975 21620 21620 W System.err: 	at android.app.ActivityThread.performDestroyActivity(ActivityThread.java:4926)
09-07 04:21:43.975 21620 21620 W System.err: 	at android.app.ActivityThread.handleDestroyActivity(ActivityThread.java:4970)
09-07 04:21:43.975 21620 21620 W System.err: 	at android.app.servertransaction.DestroyActivityItem.execute(DestroyActivityItem.java:44)
09-07 04:21:43.975 21620 21620 W System.err: 	at android.app.servertransaction.TransactionExecutor.executeLifecycleState(TransactionExecutor.java:176)
09-07 04:21:43.975 21620 21620 W System.err: 	at android.app.servertransaction.TransactionExecutor.execute(TransactionExecutor.java:97)
09-07 04:21:43.975 21620 21620 W System.err: 	at android.app.ActivityThread$H.handleMessage(ActivityThread.java:2016)
09-07 04:21:43.975 21620 21620 W System.err: 	at android.os.Handler.dispatchMessage(Handler.java:107)
09-07 04:21:43.975 21620 21620 W System.err: 	at android.os.Looper.loop(Looper.java:214)
09-07 04:21:43.975 21620 21620 W System.err: 	at android.app.ActivityThread.main(ActivityThread.java:7356)
09-07 04:21:43.975 21620 21620 W System.err: 	at java.lang.reflect.Method.invoke(Native Method)
09-07 04:21:43.975 21620 21620 W System.err: 	at com.android.internal.os.RuntimeInit$MethodAndArgsCaller.run(RuntimeInit.java:492)
09-07 04:21:43.975 21620 21620 W System.err: 	at com.android.internal.os.ZygoteInit.main(ZygoteInit.java:930)
09-07 04:21:43.978  2037  2037 W ActivityManager: Unable to start service Intent { act=android.service.appprediction.AppPredictionService cmp=com.google.android.as/com.google.android.apps.miphone.aiai.app.AiAiPredictionService } U=0: not found
09-07 04:21:43.978  2037  2037 W RemoteAppPredictionService: could not bind to Intent { act=android.service.appprediction.AppPredictionService cmp=com.google.android.as/com.google.android.apps.miphone.aiai.app.AiAiPredictionService } using flags 67108865
09-07 04:21:43.986 21620 21620 D LifecycleMonitor: Lifecycle status change: ru.iteco.fmhandroid.ui.AppActivity@e30db53 in: DESTROYED
09-07 04:21:43.986 21620 21620 V ActivityScenario: Update currentActivityStage to DESTROYED, currentActivity=null
09-07 04:21:43.991  1793 14098 D gralloc_ranchu: gralloc_alloc: Creating ashmem region of size 9850880
09-07 04:21:43.996  2666  3068 D EGL_emulation: eglMakeCurrent: 0xda21b0e0: ver 2 0 (tinfo 0xda20fbb0)
09-07 04:21:43.999  1793  2554 D gralloc_ranchu: gralloc_alloc: Creating ashmem region of size 9850880
09-07 04:21:44.003  1793 14098 D gralloc_ranchu: gralloc_alloc: Creating ashmem region of size 9850880
09-07 04:21:44.018  1793 14098 I chatty  : uid=1000(system) HwBinder:1793_3 identical 1 line
09-07 04:21:44.020  1793 14098 D gralloc_ranchu: gralloc_alloc: Creating ashmem region of size 9850880
09-07 04:21:44.024  2666  2666 I dnsi    : onStart
09-07 04:21:44.025  2666  2666 I dnsi    : onResume
09-07 04:21:44.036  2434  2714 D EGL_emulation: eglMakeCurrent: 0xed453b60: ver 2 0 (tinfo 0xe233a960)
