--------- beginning of main
09-07 04:21:33.774  1781  1781 W audio_hw_generic: Not supplying enough data to HAL, expected position 50129546 , only wrote 49970278
09-07 04:21:34.129  1792  2272 E GnssHAL_GnssInterface: gnssSvStatusCb: a: input svInfo.flags is 8
09-07 04:21:34.129  1792  2272 E GnssHAL_GnssInterface: gnssSvStatusCb: b: input svInfo.flags is 8
09-07 04:21:34.671 21620 21729 I okhttp.OkHttpClient: --> GET http://www.981757-ca08998.tmweb.ru:8080/fmh/authentication/userInfo
09-07 04:21:34.672 21620 21729 I okhttp.OkHttpClient: --> END GET
09-07 04:21:34.918 21620 21729 I okhttp.OkHttpClient: <-- 200 http://www.981757-ca08998.tmweb.ru:8080/fmh/authentication/userInfo (245ms)
09-07 04:21:34.918 21620 21729 I okhttp.OkHttpClient: Vary: Origin
09-07 04:21:34.918 21620 21729 I okhttp.OkHttpClient: Vary: Access-Control-Request-Method
09-07 04:21:34.918 21620 21729 I okhttp.OkHttpClient: Vary: Access-Control-Request-Headers
09-07 04:21:34.918 21620 21729 I okhttp.OkHttpClient: X-Content-Type-Options: nosniff
09-07 04:21:34.918 21620 21729 I okhttp.OkHttpClient: X-XSS-Protection: 1; mode=block
09-07 04:21:34.918 21620 21729 I okhttp.OkHttpClient: Cache-Control: no-cache, no-store, max-age=0, must-revalidate
09-07 04:21:34.918 21620 21729 I okhttp.OkHttpClient: Pragma: no-cache
09-07 04:21:34.918 21620 21729 I okhttp.OkHttpClient: Expires: 0
09-07 04:21:34.918 21620 21729 I okhttp.OkHttpClient: X-Frame-Options: DENY
09-07 04:21:34.918 21620 21729 I okhttp.OkHttpClient: Content-Type: application/json
09-07 04:21:34.918 21620 21729 I okhttp.OkHttpClient: Transfer-Encoding: chunked
09-07 04:21:34.918 21620 21729 I okhttp.OkHttpClient: Date: Thu, 07 Sep 2023 04:21:35 GMT
09-07 04:21:34.918 21620 21729 I okhttp.OkHttpClient: Keep-Alive: timeout=60
09-07 04:21:34.918 21620 21729 I okhttp.OkHttpClient: Connection: keep-alive
09-07 04:21:34.919 21620 21729 I okhttp.OkHttpClient: {"id":1,"firstName":"Ivan","lastName":"Ivanov","middleName":"Ivanovich","admin":true}
09-07 04:21:34.919 21620 21729 I okhttp.OkHttpClient: <-- END HTTP (85-byte body)
09-07 04:21:34.926 21620 21735 I okhttp.OkHttpClient: --> GET http://www.981757-ca08998.tmweb.ru:8080/fmh/claims
09-07 04:21:34.926 21620 21735 I okhttp.OkHttpClient: --> END GET
09-07 04:21:34.929  1774 21875 E ResolverController: No valid NAT64 prefix (101, <unspecified>/0)
09-07 04:21:34.986  2182  2182 W View    : requestLayout() improperly called by com.android.keyguard.AlphaOptimizedLinearLayout{551c6d8 V.E...... ......ID 7,0-48,61 #7f0a041c app:id/wifi_group} during second layout pass: posting in next frame
09-07 04:21:34.990 21620 21711 D EGL_emulation: eglMakeCurrent: 0xd6c30ec0: ver 2 0 (tinfo 0xd6c9e8f0)
09-07 04:21:35.000  2182  2182 W View    : requestLayout() improperly called by StatusBarIconView(slot=mobile icon=null notification=null) during layout: running second layout pass
09-07 04:21:35.003  1793 14098 D gralloc_ranchu: gralloc_alloc: Creating ashmem region of size 9850880
09-07 04:21:35.046 21620 21711 D EGL_emulation: eglMakeCurrent: 0xd6c30ec0: ver 2 0 (tinfo 0xd6c9e8f0)
09-07 04:21:35.084  1793 14098 D gralloc_ranchu: gralloc_alloc: Creating ashmem region of size 9850880
09-07 04:21:35.096 21620 21620 I ViewInteraction: Checking 'MatchesViewAssertion{viewMatcher=(view has effective visibility <VISIBLE> and view.getGlobalVisibleRect() to return non-empty rectangle)}' assertion on view an instance of android.widget.TextView and view.getText() with or without transformation to match: is "News"
09-07 04:21:35.097 21620 21722 W teco.fmhandroi: Accessing hidden method Lsun/misc/Unsafe;->compareAndSwapObject(Ljava/lang/Object;JLjava/lang/Object;Ljava/lang/Object;)Z (greylist, linking, allowed)
09-07 04:21:35.100 21620 21620 I ViewInteraction: Performing 'wait for a specific view with <view.getId() is <2131230951>> during 10000 millis.' action on view view.getRootView() to equal view
09-07 04:21:35.103 21620 21663 W teco.fmhandroi: Accessing hidden method Lsun/misc/Unsafe;->compareAndSwapObject(Ljava/lang/Object;JLjava/lang/Object;Ljava/lang/Object;)Z (greylist, linking, allowed)
09-07 04:21:35.111  1793 14098 D gralloc_ranchu: gralloc_alloc: Creating ashmem region of size 9850880
09-07 04:21:35.113 21620 21620 I ViewInteraction: Checking 'MatchesViewAssertion{viewMatcher=(view has effective visibility <VISIBLE> and view.getGlobalVisibleRect() to return non-empty rectangle)}' assertion on view view.getId() is <2131230951/ru.iteco.fmhandroid:id/container_list_news_include_on_fragment_main>
09-07 04:21:35.114 21620 21663 W teco.fmhandroi: Accessing hidden method Lsun/misc/Unsafe;->compareAndSwapObject(Ljava/lang/Object;JLjava/lang/Object;Ljava/lang/Object;)Z (greylist, linking, allowed)
09-07 04:21:35.118 21620 21620 I ViewInteraction: Performing 'wait for a specific view with <view.getId() is <2131230949>> during 10000 millis.' action on view view.getRootView() to equal view
09-07 04:21:35.120 21620 21663 W teco.fmhandroi: Accessing hidden method Lsun/misc/Unsafe;->compareAndSwapObject(Ljava/lang/Object;JLjava/lang/Object;Ljava/lang/Object;)Z (greylist, linking, allowed)
09-07 04:21:35.126 21620 21620 I ViewInteraction: Checking 'MatchesViewAssertion{viewMatcher=(view has effective visibility <VISIBLE> and view.getGlobalVisibleRect() to return non-empty rectangle)}' assertion on view view.getId() is <2131230949/ru.iteco.fmhandroid:id/container_list_claim_include_on_fragment_main>
09-07 04:21:35.127 21620 21663 W teco.fmhandroi: Accessing hidden method Lsun/misc/Unsafe;->compareAndSwapObject(Ljava/lang/Object;JLjava/lang/Object;Ljava/lang/Object;)Z (greylist, linking, allowed)
09-07 04:21:35.128 21620 21722 W teco.fmhandroi: Accessing hidden method Lsun/misc/Unsafe;->compareAndSwapObject(Ljava/lang/Object;JLjava/lang/Object;Ljava/lang/Object;)Z (greylist, linking, allowed)
09-07 04:21:35.129  1792  2272 E GnssHAL_GnssInterface: gnssSvStatusCb: a: input svInfo.flags is 8
09-07 04:21:35.129  1792  2272 E GnssHAL_GnssInterface: gnssSvStatusCb: b: input svInfo.flags is 8
09-07 04:21:35.133 21620 21620 I ViewInteraction: Performing 'wait for a specific view with <an instance of android.widget.TextView and view.getText() with or without transformation to match: is "Claims"> during 10000 millis.' action on view view.getRootView() to equal view
09-07 04:21:35.142 21620 21620 I ViewInteraction: Checking 'MatchesViewAssertion{viewMatcher=(view has effective visibility <VISIBLE> and view.getGlobalVisibleRect() to return non-empty rectangle)}' assertion on view an instance of android.widget.TextView and view.getText() with or without transformation to match: is "Claims"
09-07 04:21:35.143 21620 21663 W teco.fmhandroi: Accessing hidden method Lsun/misc/Unsafe;->compareAndSwapObject(Ljava/lang/Object;JLjava/lang/Object;Ljava/lang/Object;)Z (greylist, linking, allowed)
09-07 04:21:35.145 21620 21620 I ViewInteraction: Performing 'wait for a specific view with <view.getId() is <2131230856>> during 10000 millis.' action on view view.getRootView() to equal view
09-07 04:21:35.148 21620 21663 W teco.fmhandroi: Accessing hidden method Lsun/misc/Unsafe;->compareAndSwapObject(Ljava/lang/Object;JLjava/lang/Object;Ljava/lang/Object;)Z (greylist, linking, allowed)
09-07 04:21:35.151 21620 21620 I ViewInteraction: Performing 'single click' action on view view.getId() is <2131230856/ru.iteco.fmhandroid:id/all_claims_text_view>
09-07 04:21:35.345  1781  6116 W audio_hw_generic: Not supplying enough data to HAL, expected position 49970292 , only wrote 49970278
09-07 04:21:35.354 21620 21850 I okhttp.OkHttpClient: --> GET http://www.981757-ca08998.tmweb.ru:8080/fmh/claims
09-07 04:21:35.354 21620 21850 I okhttp.OkHttpClient: --> END GET
09-07 04:21:35.625 21620 21663 W teco.fmhandroi: Accessing hidden method Lsun/misc/Unsafe;->compareAndSwapObject(Ljava/lang/Object;JLjava/lang/Object;Ljava/lang/Object;)Z (greylist, linking, allowed)
09-07 04:21:35.627 21620 21620 I ViewInteraction: Performing 'wait for a specific view with <an instance of android.widget.TextView and view.getText() with or without transformation to match: is "Claims"> during 10000 millis.' action on view view.getRootView() to equal view
09-07 04:21:35.629 21620 21620 I ViewInteraction: Checking 'MatchesViewAssertion{viewMatcher=(view has effective visibility <VISIBLE> and view.getGlobalVisibleRect() to return non-empty rectangle)}' assertion on view an instance of android.widget.TextView and view.getText() with or without transformation to match: is "Claims"
09-07 04:21:35.633 21620 21620 I ViewInteraction: Performing 'wait for a specific view with <view.getId() is <2131230916>> during 10000 millis.' action on view view.getRootView() to equal view
09-07 04:21:35.634 21620 21663 W teco.fmhandroi: Accessing hidden method Lsun/misc/Unsafe;->compareAndSwapObject(Ljava/lang/Object;JLjava/lang/Object;Ljava/lang/Object;)Z (greylist, linking, allowed)
09-07 04:21:35.635 21620 21620 I ViewInteraction: Checking 'MatchesViewAssertion{viewMatcher=(view has effective visibility <VISIBLE> and view.getGlobalVisibleRect() to return non-empty rectangle)}' assertion on view view.getId() is <2131230916/ru.iteco.fmhandroid:id/claim_list_recycler_view>
--------- beginning of system
09-07 04:21:35.638  2037  2428 I ActivityTaskManager: START u0 {act=android.intent.action.MAIN cat=[android.intent.category.LAUNCHER] flg=0x10000000 cmp=ru.iteco.fmhandroid.test/androidx.test.core.app.InstrumentationActivityInvoker$EmptyActivity} from uid 10136
09-07 04:21:35.643 21620 21620 D LifecycleMonitor: Lifecycle status change: ru.iteco.fmhandroid.ui.AppActivity@83f35e0 in: PAUSED
09-07 04:21:35.643 21620 21620 V ActivityScenario: Update currentActivityStage to PAUSED, currentActivity=ru.iteco.fmhandroid.ui.AppActivity@83f35e0
09-07 04:21:35.643  2037  4199 W InputReader: Device has associated, but no associated display id.
09-07 04:21:35.643  2037  4199 I chatty  : uid=1000(system) Binder:2037_F identical 8 lines
09-07 04:21:35.643  2037  4199 W InputReader: Device has associated, but no associated display id.
09-07 04:21:35.643 21620 21662 V FA      : Recording user engagement, ms: 3973
09-07 04:21:35.643  2037  4199 W InputReader: Device has associated, but no associated display id.
09-07 04:21:35.644  2037  4199 I chatty  : uid=1000(system) Binder:2037_F identical 28 lines
09-07 04:21:35.644  2037  4199 W InputReader: Device has associated, but no associated display id.
09-07 04:21:35.645 21677 21677 W ActivityThread: handleWindowVisibility: no activity for token android.os.BinderProxy@5b7c5c9
09-07 04:21:35.646  2037  4199 W InputReader: Device has associated, but no associated display id.
09-07 04:21:35.693  2037  4199 I ActivityTaskManager: START u0 {act=android.intent.action.MAIN cat=[android.intent.category.LAUNCHER] flg=0x10000000 cmp=ru.iteco.fmhandroid.test/androidx.test.core.app.InstrumentationActivityInvoker$EmptyActivity} from uid 10136
09-07 04:21:35.646  2037  4199 I chatty  : uid=1000(system) Binder:2037_F identical 8 lines
09-07 04:21:35.646  2037  4199 W InputReader: Device has associated, but no associated display id.
09-07 04:21:35.699  1793 14098 D gralloc_ranchu: gralloc_alloc: Creating ashmem region of size 9850880
09-07 04:21:35.713  1793 14098 D gralloc_ranchu: gralloc_alloc: Creating ashmem region of size 9850880
09-07 04:21:35.723 21677 21708 D EGL_emulation: eglMakeCurrent: 0xd6c2f3c0: ver 2 0 (tinfo 0xed4892c0)
09-07 04:21:35.726  1793 14098 D gralloc_ranchu: gralloc_alloc: Creating ashmem region of size 9850880
09-07 04:21:35.741 21620 21662 V FA      : Activity paused, time: 3419536
09-07 04:21:35.749  7867 21436 V FA-SVC  : Logging event: origin=auto,name=user_engagement(_e),params=Bundle[{ga_event_origin(_o)=auto, engagement_time_msec(_et)=3973, ga_screen_class(_sc)=AppActivity, ga_screen_id(_si)=-7276878119267510244}]
09-07 04:21:35.783  2037  2428 W InputReader: Device has associated, but no associated display id.
09-07 04:21:35.786  2037  2428 I chatty  : uid=1000(system) Binder:2037_8 identical 48 lines
09-07 04:21:35.786  2037  2428 W InputReader: Device has associated, but no associated display id.
09-07 04:21:35.793 21677 21677 W ActivityThread: handleWindowVisibility: no activity for token android.os.BinderProxy@1b4af00
09-07 04:21:35.814  2037  2428 W ActivityTaskManager: Duplicate finish request for ActivityRecord{65c7984 u0 ru.iteco.fmhandroid/.ui.AppActivity t765 f}
09-07 04:21:35.847  1793 14098 D gralloc_ranchu: gralloc_alloc: Creating ashmem region of size 9850880
09-07 04:21:35.856  7867 21436 V FA-SVC  : Upload scheduled in approximately ms: 341254
09-07 04:21:35.856  7867 21436 V FA-SVC  : Unscheduling upload
09-07 04:21:35.858  1793 14098 D gralloc_ranchu: gralloc_alloc: Creating ashmem region of size 9850880
09-07 04:21:35.867  1793 14098 D gralloc_ranchu: gralloc_alloc: Creating ashmem region of size 9850880
09-07 04:21:35.868 21677 21708 D EGL_emulation: eglMakeCurrent: 0xd6c2f3c0: ver 2 0 (tinfo 0xed4892c0)
09-07 04:21:35.892  7867 21436 V FA-SVC  : Scheduling upload, millis: 341254
09-07 04:21:35.895  2037  2061 W InputReader: Device has associated, but no associated display id.
09-07 04:21:35.896  2037  2061 I chatty  : uid=1000(system) android.anim identical 18 lines
09-07 04:21:35.896  2037  2061 W InputReader: Device has associated, but no associated display id.
09-07 04:21:35.900  2037  2065 I ActivityTaskManager: Displayed ru.iteco.fmhandroid.test/androidx.test.core.app.InstrumentationActivityInvoker$EmptyActivity: +120ms
09-07 04:21:35.902  7867 21436 V FA-SVC  : Background event processing time, ms: 159
09-07 04:21:35.919  2037  2311 W InputReader: Device has associated, but no associated display id.
09-07 04:21:35.920  2037  2311 I chatty  : uid=1000(system) Binder:2037_6 identical 8 lines
09-07 04:21:35.920  2037  2311 W InputReader: Device has associated, but no associated display id.
09-07 04:21:35.928 21620 21711 D EGL_emulation: eglMakeCurrent: 0xd6c30ec0: ver 2 0 (tinfo 0xd6c9e8f0)
09-07 04:21:35.961  2037  2055 W InputReader: Device has associated, but no associated display id.
09-07 04:21:35.961  2037  2055 I chatty  : uid=1000(system) Binder:2037_1 identical 8 lines
09-07 04:21:35.961  2037  2055 W InputReader: Device has associated, but no associated display id.
09-07 04:21:35.962  1823  1823 W SurfaceFlinger: couldn't log to binary event log: overflow.
09-07 04:21:35.970 21620 21620 D LifecycleMonitor: Lifecycle status change: ru.iteco.fmhandroid.ui.AppActivity@83f35e0 in: STOPPED
09-07 04:21:35.970 21620 21620 V ActivityScenario: Update currentActivityStage to STOPPED, currentActivity=ru.iteco.fmhandroid.ui.AppActivity@83f35e0
09-07 04:21:35.983  1793 14098 D gralloc_ranchu: gralloc_alloc: Creating ashmem region of size 9850880
09-07 04:21:35.985 21620 21620 W System.err: ru.iteco.fmhandroid.exceptions.UnknownException
09-07 04:21:35.985 21620 21620 W System.err: 	at ru.iteco.fmhandroid.utils.Utils.makeRequest(Utils.kt:123)
09-07 04:21:35.985 21620 21620 W System.err: 	at ru.iteco.fmhandroid.utils.Utils$makeRequest$1.invokeSuspend(Unknown Source:15)
09-07 04:21:35.985 21620 21620 W System.err: 	at kotlin.coroutines.jvm.internal.BaseContinuationImpl.resumeWith(ContinuationImpl.kt:33)
09-07 04:21:35.985 21620 21620 W System.err: 	at kotlinx.coroutines.DispatchedTaskKt.resume(DispatchedTask.kt:234)
09-07 04:21:35.985 21620 21620 W System.err: 	at kotlinx.coroutines.DispatchedTaskKt.resumeUnconfined(DispatchedTask.kt:190)
09-07 04:21:35.985 21620 21620 W System.err: 	at kotlinx.coroutines.DispatchedTaskKt.dispatch(DispatchedTask.kt:161)
09-07 04:21:35.985 21620 21620 W System.err: 	at kotlinx.coroutines.CancellableContinuationImpl.dispatchResume(CancellableContinuationImpl.kt:397)
09-07 04:21:35.985 21620 21620 W System.err: 	at kotlinx.coroutines.CancellableContinuationImpl.cancel(CancellableContinuationImpl.kt:183)
09-07 04:21:35.985 21620 21620 W System.err: 	at kotlinx.coroutines.CancellableContinuationImpl.parentCancelled$kotlinx_coroutines_core(CancellableContinuationImpl.kt:190)
09-07 04:21:35.985 21620 21620 W System.err: 	at kotlinx.coroutines.ChildContinuation.invoke(JobSupport.kt:1474)
09-07 04:21:35.985 21620 21620 W System.err: 	at kotlinx.coroutines.JobSupport.notifyCancelling(JobSupport.kt:1499)
09-07 04:21:35.986 21620 21620 W System.err: 	at kotlinx.coroutines.JobSupport.tryMakeCancelling(JobSupport.kt:795)
09-07 04:21:35.986 21620 21620 W System.err: 	at kotlinx.coroutines.JobSupport.makeCancelling(JobSupport.kt:755)
09-07 04:21:35.986 21620 21620 W System.err: 	at kotlinx.coroutines.JobSupport.cancelImpl$kotlinx_coroutines_core(JobSupport.kt:671)
09-07 04:21:35.986 21620 21620 W System.err: 	at kotlinx.coroutines.JobSupport.parentCancelled(JobSupport.kt:637)
09-07 04:21:35.986 21620 21620 W System.err: 	at kotlinx.coroutines.ChildHandleNode.invoke(JobSupport.kt:1465)
09-07 04:21:35.986 21620 21620 W System.err: 	at kotlinx.coroutines.JobSupport.notifyCancelling(JobSupport.kt:1499)
09-07 04:21:35.986 21620 21620 W System.err: 	at kotlinx.coroutines.JobSupport.tryMakeCompletingSlowPath(JobSupport.kt:900)
09-07 04:21:35.986 21620 21620 W System.err: 	at kotlinx.coroutines.JobSupport.tryMakeCompleting(JobSupport.kt:863)
09-07 04:21:35.986 21620 21620 W System.err: 	at kotlinx.coroutines.JobSupport.cancelMakeCompleting(JobSupport.kt:696)
09-07 04:21:35.986 21620 21620 W System.err: 	at kotlinx.coroutines.JobSupport.cancelImpl$kotlinx_coroutines_core(JobSupport.kt:667)
09-07 04:21:35.986 21620 21620 W System.err: 	at kotlinx.coroutines.JobSupport.cancelInternal(JobSupport.kt:632)
09-07 04:21:35.986 21620 21620 W System.err: 	at kotlinx.coroutines.JobSupport.cancel(JobSupport.kt:617)
09-07 04:21:35.986 21620 21620 W System.err: 	at kotlinx.coroutines.JobKt__JobKt.cancel(Job.kt:561)
09-07 04:21:35.986 21620 21620 W System.err: 	at kotlinx.coroutines.JobKt.cancel(Unknown Source:1)
09-07 04:21:35.986 21620 21620 W System.err: 	at kotlinx.coroutines.JobKt__JobKt.cancel$default(Job.kt:560)
09-07 04:21:35.986 21620 21620 W System.err: 	at kotlinx.coroutines.JobKt.cancel$default(Unknown Source:1)
09-07 04:21:35.986 21620 21620 W System.err: 	at androidx.lifecycle.CloseableCoroutineScope.close(ViewModel.kt:51)
09-07 04:21:35.986 21620 21620 W System.err: 	at androidx.lifecycle.ViewModel.closeWithRuntimeException(ViewModel.java:188)
09-07 04:21:35.986 21620 21620 W System.err: 	at androidx.lifecycle.ViewModel.clear(ViewModel.java:134)
09-07 04:21:35.986 21620 21620 W System.err: 	at androidx.lifecycle.ViewModelStore.clear(ViewModelStore.java:62)
09-07 04:21:35.986 21620 21620 W System.err: 	at androidx.fragment.app.FragmentManagerViewModel.clearNonConfigStateInternal(FragmentManagerViewModel.java:210)
09-07 04:21:35.986 21620 21620 W System.err: 	at androidx.fragment.app.FragmentManagerViewModel.clearNonConfigState(FragmentManagerViewModel.java:190)
09-07 04:21:35.986 21620 21620 W System.err: 	at androidx.fragment.app.FragmentStateManager.destroy(FragmentStateManager.java:778)
09-07 04:21:35.986 21620 21620 W System.err: 	at androidx.fragment.app.FragmentStateManager.moveToExpectedState(FragmentStateManager.java:335)
09-07 04:21:35.986 21620 21620 W System.err: 	at androidx.fragment.app.FragmentStore.moveToExpectedState(FragmentStore.java:113)
09-07 04:21:35.986 21620 21620 W System.err: 	at androidx.fragment.app.FragmentManager.moveToState(FragmentManager.java:1374)
09-07 04:21:35.986 21620 21620 W System.err: 	at androidx.fragment.app.FragmentManager.dispatchStateChange(FragmentManager.java:2841)
09-07 04:21:35.986 21620 21620 W System.err: 	at androidx.fragment.app.FragmentManager.dispatchDestroy(FragmentManager.java:2820)
09-07 04:21:35.986 21620 21620 W System.err: 	at androidx.fragment.app.Fragment.performDestroy(Fragment.java:3246)
09-07 04:21:35.986 21620 21620 W System.err: 	at androidx.fragment.app.FragmentStateManager.destroy(FragmentStateManager.java:780)
09-07 04:21:35.986 21620 21620 W System.err: 	at androidx.fragment.app.FragmentStateManager.moveToExpectedState(FragmentStateManager.java:335)
09-07 04:21:35.986 21620 21620 W System.err: 	at androidx.fragment.app.SpecialEffectsController$FragmentStateManagerOperation.complete(SpecialEffectsController.java:771)
09-07 04:21:35.986 21620 21620 W System.err: 	at androidx.fragment.app.SpecialEffectsController$Operation.cancel(SpecialEffectsController.java:615)
09-07 04:21:35.986 21620 21620 W System.err: 	at androidx.fragment.app.SpecialEffectsController.forceCompleteAllOperations(SpecialEffectsController.java:350)
09-07 04:21:35.986 21620 21620 W System.err: 	at androidx.fragment.app.FragmentManager.dispatchStateChange(FragmentManager.java:2844)
09-07 04:21:35.986 21620 21620 W System.err: 	at androidx.fragment.app.FragmentManager.dispatchDestroy(FragmentManager.java:2820)
09-07 04:21:35.986 21620 21620 W System.err: 	at androidx.fragment.app.FragmentController.dispatchDestroy(FragmentController.java:345)
09-07 04:21:35.986 21620 21620 W System.err: 	at androidx.fragment.app.FragmentActivity.onDestroy(FragmentActivity.java:306)
09-07 04:21:35.986 21620 21620 W System.err: 	at androidx.appcompat.app.AppCompatActivity.onDestroy(AppCompatActivity.java:278)
09-07 04:21:35.986 21620 21620 W System.err: 	at android.app.Activity.performDestroy(Activity.java:8048)
09-07 04:21:35.986 21620 21620 W System.err: 	at android.app.Instrumentation.callActivityOnDestroy(Instrumentation.java:1334)
09-07 04:21:35.986 21620 21620 W System.err: 	at androidx.test.runner.MonitoringInstrumentation.callActivityOnDestroy(MonitoringInstrumentation.java:766)
09-07 04:21:35.986 21620 21620 W System.err: 	at android.app.ActivityThread.performDestroyActivity(ActivityThread.java:4926)
09-07 04:21:35.986 21620 21620 W System.err: 	at android.app.ActivityThread.handleDestroyActivity(ActivityThread.java:4970)
09-07 04:21:35.986 21620 21620 W System.err: 	at android.app.servertransaction.DestroyActivityItem.execute(DestroyActivityItem.java:44)
09-07 04:21:35.986 21620 21620 W System.err: 	at android.app.servertransaction.TransactionExecutor.executeLifecycleState(TransactionExecutor.java:176)
09-07 04:21:35.986 21620 21620 W System.err: 	at android.app.servertransaction.TransactionExecutor.execute(TransactionExecutor.java:97)
09-07 04:21:35.986 21620 21620 W System.err: 	at android.app.ActivityThread$H.handleMessage(ActivityThread.java:2016)
09-07 04:21:35.986 21620 21620 W System.err: 	at android.os.Handler.dispatchMessage(Handler.java:107)
09-07 04:21:35.986 21620 21620 W System.err: 	at android.os.Looper.loop(Looper.java:214)
09-07 04:21:35.986 21620 21620 W System.err: 	at android.app.ActivityThread.main(ActivityThread.java:7356)
09-07 04:21:35.987 21620 21620 W System.err: 	at java.lang.reflect.Method.invoke(Native Method)
09-07 04:21:35.987 21620 21620 W System.err: 	at com.android.internal.os.RuntimeInit$MethodAndArgsCaller.run(RuntimeInit.java:492)
09-07 04:21:35.987 21620 21620 W System.err: 	at com.android.internal.os.ZygoteInit.main(ZygoteInit.java:930)
09-07 04:21:35.988 21620 21620 W System.err: ru.iteco.fmhandroid.exceptions.UnknownException
09-07 04:21:35.988 21620 21620 W System.err: 	at ru.iteco.fmhandroid.utils.Utils.makeRequest(Utils.kt:123)
09-07 04:21:35.988 21620 21620 W System.err: 	at ru.iteco.fmhandroid.utils.Utils$makeRequest$1.invokeSuspend(Unknown Source:15)
09-07 04:21:35.989 21620 21620 W System.err: 	at kotlin.coroutines.jvm.internal.BaseContinuationImpl.resumeWith(ContinuationImpl.kt:33)
09-07 04:21:35.989 21620 21850 I okhttp.OkHttpClient: <-- HTTP FAILED: java.net.SocketException: Socket closed
09-07 04:21:35.989 21620 21620 W System.err: 	at kotlinx.coroutines.DispatchedTaskKt.resume(DispatchedTask.kt:234)
09-07 04:21:35.991 21620 21620 W System.err: 	at kotlinx.coroutines.DispatchedTaskKt.resumeUnconfined(DispatchedTask.kt:190)
09-07 04:21:35.991 21620 21620 W System.err: 	at kotlinx.coroutines.DispatchedTaskKt.dispatch(DispatchedTask.kt:161)
09-07 04:21:35.991 21620 21620 W System.err: 	at kotlinx.coroutines.CancellableContinuationImpl.dispatchResume(CancellableContinuationImpl.kt:397)
09-07 04:21:35.991 21620 21620 W System.err: 	at kotlinx.coroutines.CancellableContinuationImpl.cancel(CancellableContinuationImpl.kt:183)
09-07 04:21:35.991 21620 21620 W System.err: 	at kotlinx.coroutines.CancellableContinuationImpl.parentCancelled$kotlinx_coroutines_core(CancellableContinuationImpl.kt:190)
09-07 04:21:35.991 21620 21620 W System.err: 	at kotlinx.coroutines.ChildContinuation.invoke(JobSupport.kt:1474)
09-07 04:21:35.991 21620 21620 W System.err: 	at kotlinx.coroutines.JobSupport.notifyCancelling(JobSupport.kt:1499)
09-07 04:21:35.991 21620 21620 W System.err: 	at kotlinx.coroutines.JobSupport.tryMakeCancelling(JobSupport.kt:795)
09-07 04:21:35.991 21620 21620 W System.err: 	at kotlinx.coroutines.JobSupport.makeCancelling(JobSupport.kt:755)
09-07 04:21:35.991 21620 21620 W System.err: 	at kotlinx.coroutines.JobSupport.cancelImpl$kotlinx_coroutines_core(JobSupport.kt:671)
09-07 04:21:35.991 21620 21620 W System.err: 	at kotlinx.coroutines.JobSupport.parentCancelled(JobSupport.kt:637)
09-07 04:21:35.991 21620 21620 W System.err: 	at kotlinx.coroutines.ChildHandleNode.invoke(JobSupport.kt:1465)
09-07 04:21:35.991 21620 21620 W System.err: 	at kotlinx.coroutines.JobSupport.notifyCancelling(JobSupport.kt:1499)
09-07 04:21:35.991 21620 21620 W System.err: 	at kotlinx.coroutines.JobSupport.tryMakeCompletingSlowPath(JobSupport.kt:900)
09-07 04:21:35.991 21620 21620 W System.err: 	at kotlinx.coroutines.JobSupport.tryMakeCompleting(JobSupport.kt:863)
09-07 04:21:35.991 21620 21620 W System.err: 	at kotlinx.coroutines.JobSupport.cancelMakeCompleting(JobSupport.kt:696)
09-07 04:21:35.991 21620 21620 W System.err: 	at kotlinx.coroutines.JobSupport.cancelImpl$kotlinx_coroutines_core(JobSupport.kt:667)
09-07 04:21:35.991 21620 21620 W System.err: 	at kotlinx.coroutines.JobSupport.cancelInternal(JobSupport.kt:632)
09-07 04:21:35.991 21620 21620 W System.err: 	at kotlinx.coroutines.JobSupport.cancel(JobSupport.kt:617)
09-07 04:21:35.992 21620 21620 W System.err: 	at kotlinx.coroutines.JobKt__JobKt.cancel(Job.kt:561)
09-07 04:21:35.992 21620 21620 W System.err: 	at kotlinx.coroutines.JobKt.cancel(Unknown Source:1)
09-07 04:21:35.992 21620 21620 W System.err: 	at kotlinx.coroutines.JobKt__JobKt.cancel$default(Job.kt:560)
09-07 04:21:35.992 21620 21620 W System.err: 	at kotlinx.coroutines.JobKt.cancel$default(Unknown Source:1)
09-07 04:21:35.992 21620 21620 W System.err: 	at androidx.lifecycle.CloseableCoroutineScope.close(ViewModel.kt:51)
09-07 04:21:35.992 21620 21620 W System.err: 	at androidx.lifecycle.ViewModel.closeWithRuntimeException(ViewModel.java:188)
09-07 04:21:35.992 21620 21620 W System.err: 	at androidx.lifecycle.ViewModel.clear(ViewModel.java:134)
09-07 04:21:35.992 21620 21620 W System.err: 	at androidx.lifecycle.ViewModelStore.clear(ViewModelStore.java:62)
09-07 04:21:35.993 21620 21620 W System.err: 	at androidx.fragment.app.FragmentManagerViewModel.clearNonConfigStateInternal(FragmentManagerViewModel.java:210)
09-07 04:21:35.993 21620 21620 W System.err: 	at androidx.fragment.app.FragmentManagerViewModel.clearNonConfigState(FragmentManagerViewModel.java:190)
09-07 04:21:35.993 21620 21620 W System.err: 	at androidx.fragment.app.FragmentStateManager.destroy(FragmentStateManager.java:778)
09-07 04:21:35.993 21620 21620 W System.err: 	at androidx.fragment.app.FragmentStateManager.moveToExpectedState(FragmentStateManager.java:335)
09-07 04:21:35.993 21620 21620 W System.err: 	at androidx.fragment.app.FragmentStore.moveToExpectedState(FragmentStore.java:113)
09-07 04:21:35.993 21620 21620 W System.err: 	at androidx.fragment.app.FragmentManager.moveToState(FragmentManager.java:1374)
09-07 04:21:35.993 21620 21620 W System.err: 	at androidx.fragment.app.FragmentManager.dispatchStateChange(FragmentManager.java:2841)
09-07 04:21:35.993 21620 21620 W System.err: 	at androidx.fragment.app.FragmentManager.dispatchDestroy(FragmentManager.java:2820)
09-07 04:21:35.993 21620 21620 W System.err: 	at androidx.fragment.app.Fragment.performDestroy(Fragment.java:3246)
09-07 04:21:35.993 21620 21620 W System.err: 	at androidx.fragment.app.FragmentStateManager.destroy(FragmentStateManager.java:780)
09-07 04:21:35.993 21620 21620 W System.err: 	at androidx.fragment.app.FragmentStateManager.moveToExpectedState(FragmentStateManager.java:335)
09-07 04:21:35.993 21620 21620 W System.err: 	at androidx.fragment.app.SpecialEffectsController$FragmentStateManagerOperation.complete(SpecialEffectsController.java:771)
09-07 04:21:35.993 21620 21620 W System.err: 	at androidx.fragment.app.SpecialEffectsController$Operation.cancel(SpecialEffectsController.java:615)
09-07 04:21:35.993 21620 21620 W System.err: 	at androidx.fragment.app.SpecialEffectsController.forceCompleteAllOperations(SpecialEffectsController.java:350)
09-07 04:21:35.993 21620 21620 W System.err: 	at androidx.fragment.app.FragmentManager.dispatchStateChange(FragmentManager.java:2844)
09-07 04:21:35.993 21620 21620 W System.err: 	at androidx.fragment.app.FragmentManager.dispatchDestroy(FragmentManager.java:2820)
09-07 04:21:35.993 21620 21620 W System.err: 	at androidx.fragment.app.FragmentController.dispatchDestroy(FragmentController.java:345)
09-07 04:21:35.993 21620 21620 W System.err: 	at androidx.fragment.app.FragmentActivity.onDestroy(FragmentActivity.java:306)
09-07 04:21:35.993 21620 21620 W System.err: 	at androidx.appcompat.app.AppCompatActivity.onDestroy(AppCompatActivity.java:278)
09-07 04:21:35.993 21620 21620 W System.err: 	at android.app.Activity.performDestroy(Activity.java:8048)
09-07 04:21:35.993 21620 21620 W System.err: 	at android.app.Instrumentation.callActivityOnDestroy(Instrumentation.java:1334)
09-07 04:21:35.993 21620 21620 W System.err: 	at androidx.test.runner.MonitoringInstrumentation.callActivityOnDestroy(MonitoringInstrumentation.java:766)
09-07 04:21:35.993 21620 21620 W System.err: 	at android.app.ActivityThread.performDestroyActivity(ActivityThread.java:4926)
09-07 04:21:35.993 21620 21620 W System.err: 	at android.app.ActivityThread.handleDestroyActivity(ActivityThread.java:4970)
09-07 04:21:35.993 21620 21620 W System.err: 	at android.app.servertransaction.DestroyActivityItem.execute(DestroyActivityItem.java:44)
09-07 04:21:35.993 21620 21620 W System.err: 	at android.app.servertransaction.TransactionExecutor.executeLifecycleState(TransactionExecutor.java:176)
09-07 04:21:35.993 21620 21620 W System.err: 	at android.app.servertransaction.TransactionExecutor.execute(TransactionExecutor.java:97)
09-07 04:21:35.993 21620 21620 W System.err: 	at android.app.ActivityThread$H.handleMessage(ActivityThread.java:2016)
09-07 04:21:35.993 21620 21620 W System.err: 	at android.os.Handler.dispatchMessage(Handler.java:107)
09-07 04:21:35.993 21620 21620 W System.err: 	at android.os.Looper.loop(Looper.java:214)
09-07 04:21:35.993 21620 21620 W System.err: 	at android.app.ActivityThread.main(ActivityThread.java:7356)
09-07 04:21:35.993 21620 21620 W System.err: 	at java.lang.reflect.Method.invoke(Native Method)
09-07 04:21:35.993 21620 21620 W System.err: 	at com.android.internal.os.RuntimeInit$MethodAndArgsCaller.run(RuntimeInit.java:492)
09-07 04:21:35.993 21620 21620 W System.err: 	at com.android.internal.os.ZygoteInit.main(ZygoteInit.java:930)
09-07 04:21:35.999 21620 21620 D LifecycleMonitor: Lifecycle status change: ru.iteco.fmhandroid.ui.AppActivity@83f35e0 in: DESTROYED
09-07 04:21:36.000 21620 21620 V ActivityScenario: Update currentActivityStage to DESTROYED, currentActivity=null
09-07 04:21:36.000 21620 21663 I TestRunner: finished: shouldOpenClaimsPageByButAllClaims(ru.iteco.fmhandroid.ui.MainPageTest)
09-07 04:21:36.002 21620 21735 I okhttp.OkHttpClient: <-- HTTP FAILED: java.net.SocketException: Socket closed
09-07 04:21:36.010  1793 14098 D gralloc_ranchu: gralloc_alloc: Creating ashmem region of size 9850880
09-07 04:21:36.013  2666  3068 D EGL_emulation: eglMakeCurrent: 0xda21b0e0: ver 2 0 (tinfo 0xda20fbb0)
09-07 04:21:36.015  1793 14098 D gralloc_ranchu: gralloc_alloc: Creating ashmem region of size 9850880
09-07 04:21:36.025  1793  1793 D gralloc_ranchu: gralloc_alloc: Creating ashmem region of size 9850880
09-07 04:21:36.044  2666  2666 I dnsi    : onStart
09-07 04:21:36.045  2666  2666 I dnsi    : onResume
09-07 04:21:36.068  1793  1793 D gralloc_ranchu: gralloc_alloc: Creating ashmem region of size 9850880
09-07 04:21:36.073  2434  2714 D EGL_emulation: eglMakeCurrent: 0xed453b60: ver 2 0 (tinfo 0xe233a960)
09-07 04:21:36.089  1793  1793 D gralloc_ranchu: gralloc_alloc: Creating ashmem region of size 9850880
09-07 04:21:36.120  2037  2061 W InputReader: Device has associated, but no associated display id.
09-07 04:21:36.120  2037  2061 I chatty  : uid=1000(system) android.anim identical 8 lines
09-07 04:21:36.120  2037  2061 W InputReader: Device has associated, but no associated display id.
09-07 04:21:36.125  1793  1793 D gralloc_ranchu: gralloc_alloc: Creating ashmem region of size 6307840
09-07 04:21:36.127 21620 21663 I TestRunner: started: shouldOpenClaimsItemDescription(ru.iteco.fmhandroid.ui.MainPageTest)
09-07 04:21:36.129  1792  2272 E GnssHAL_GnssInterface: gnssSvStatusCb: a: input svInfo.flags is 8
09-07 04:21:36.129  1792  2272 E GnssHAL_GnssInterface: gnssSvStatusCb: b: input svInfo.flags is 8
09-07 04:21:36.140  2182  2468 D EGL_emulation: eglMakeCurrent: 0xda21a360: ver 2 0 (tinfo 0xda20f590)
09-07 04:21:36.143  2182  2182 W View    : requestLayout() improperly called by com.android.keyguard.AlphaOptimizedLinearLayout{551c6d8 V.E...... ......ID 7,0-48,61 #7f0a041c app:id/wifi_group} during second layout pass: posting in next frame
09-07 04:21:36.148  2182  2182 W View    : requestLayout() improperly called by StatusBarIconView(slot=mobile icon=null notification=null) during layout: running second layout pass
09-07 04:21:36.163 21620 21663 W Settings: Setting always_finish_activities has moved from android.provider.Settings.System to android.provider.Settings.Global, returning read-only value.
09-07 04:21:36.171  2037  2037 W ActivityManager: Unable to start service Intent { act=android.service.appprediction.AppPredictionService cmp=com.google.android.as/com.google.android.apps.miphone.aiai.app.AiAiPredictionService } U=0: not found
09-07 04:21:36.171  2037  2037 W RemoteAppPredictionService: could not bind to Intent { act=android.service.appprediction.AppPredictionService cmp=com.google.android.as/com.google.android.apps.miphone.aiai.app.AiAiPredictionService } using flags 67108865
09-07 04:21:36.180  2182  2468 D EGL_emulation: eglMakeCurrent: 0xda21a360: ver 2 0 (tinfo 0xda20f590)
09-07 04:21:36.200  2037  4199 I ActivityTaskManager: START u0 {act=android.intent.action.MAIN cat=[android.intent.category.LAUNCHER] flg=0x10008000 cmp=ru.iteco.fmhandroid.test/androidx.test.core.app.InstrumentationActivityInvoker$BootstrapActivity (has extras)} from uid 10136
09-07 04:21:36.201  1823  1823 E Layer   : [Surface(name=AppWindowToken{5694a44 token=Token{9525f57 ActivityRecord{f5b20d6 u0 ru.iteco.fmhandroid.test/androidx.test.core.app.InstrumentationActivityInvoker$EmptyActivity t765}}})/@0x2f8db55 - animation-leash#0] No local sync point found
09-07 04:21:36.202  1823  1823 E Layer   : [Surface(name=AppWindowToken{459e199 token=Token{b961ae0 ActivityRecord{53be0e3 u0 com.google.android.apps.nexuslauncher/.NexusLauncherActivity t652}}})/@0xafc1306 - animation-leash#0] No local sync point found
09-07 04:21:36.230  2434  2453 W System  : A resource failed to call release. 
09-07 04:21:36.230  2434  2453 W System  : A resource failed to call release. 
09-07 04:21:36.232  2182  2468 D EGL_emulation: eglMakeCurrent: 0xda21a360: ver 2 0 (tinfo 0xda20f590)
09-07 04:21:36.233  2037  2055 W ActivityTaskManager: Finishing task with all activities already finished
09-07 04:21:36.233  2037  2055 W ActivityTaskManager: Duplicate finish request for ActivityRecord{f5b20d6 u0 ru.iteco.fmhandroid.test/androidx.test.core.app.InstrumentationActivityInvoker$EmptyActivity t765 f}
09-07 04:21:36.235  2037  2903 W InputReader: Device has associated, but no associated display id.
09-07 04:21:36.235  2037  2903 I chatty  : uid=1000(system) Binder:2037_C identical 3 lines
09-07 04:21:36.235  2037  2903 W InputReader: Device has associated, but no associated display id.
09-07 04:21:36.235  2182  2182 W View    : requestLayout() improperly called by com.android.keyguard.AlphaOptimizedLinearLayout{551c6d8 V.E...... ......ID 7,0-48,61 #7f0a041c app:id/wifi_group} during second layout pass: posting in next frame
09-07 04:21:36.235  2037  2903 W InputReader: Device has associated, but no associated display id.
09-07 04:21:36.239  2037  2903 I chatty  : uid=1000(system) Binder:2037_C identical 13 lines
09-07 04:21:36.239  2037  2903 W InputReader: Device has associated, but no associated display id.
09-07 04:21:36.242  2037  5599 D HostConnection: HostConnection::get() New Host Connection established 0xda23f020, tid 5599
09-07 04:21:36.245  2037  5599 D HostConnection: HostComposition ext ANDROID_EMU_CHECKSUM_HELPER_v1 ANDROID_EMU_dma_v1 ANDROID_EMU_direct_mem ANDROID_EMU_vulkan ANDROID_EMU_deferred_vulkan_commands ANDROID_EMU_vulkan_null_optional_strings ANDROID_EMU_vulkan_create_resources_with_requirements ANDROID_EMU_YUV420_888_to_NV21 ANDROID_EMU_YUV_Cache ANDROID_EMU_vulkan_free_memory_sync ANDROID_EMU_vulkan_shader_float16_int8 ANDROID_EMU_vulkan_async_queue_submit ANDROID_EMU_sync_buffer_data GL_OES_vertex_array_object GL_KHR_texture_compression_astc_ldr ANDROID_EMU_host_side_tracing ANDROID_EMU_gles_max_version_2 
09-07 04:21:36.246  2037  5599 W OpenGLRenderer: Failed to choose config with EGL_SWAP_BEHAVIOR_PRESERVED, retrying without...
09-07 04:21:36.247 21677 21708 D EGL_emulation: eglMakeCurrent: 0xd6c2f3c0: ver 2 0 (tinfo 0xed4892c0)
09-07 04:21:36.248  2037  2903 W InputReader: Device has associated, but no associated display id.
09-07 04:21:36.251  2037  2903 I chatty  : uid=1000(system) Binder:2037_C identical 18 lines
09-07 04:21:36.252  2037  2903 W InputReader: Device has associated, but no associated display id.
09-07 04:21:36.264  2182  2182 W View    : requestLayout() improperly called by StatusBarIconView(slot=mobile icon=null notification=null) during layout: running second layout pass
09-07 04:21:36.266  2037  5599 D eglCodecCommon: setVertexArrayObject: set vao to 0 (0) 0 0
09-07 04:21:36.266  2037  5599 D EGL_emulation: eglCreateContext: 0xa7a623a0: maj 2 min 0 rcv 2
09-07 04:21:36.275  1793  1793 D gralloc_ranchu: gralloc_alloc: Creating ashmem region of size 9850880
09-07 04:21:36.291  2182  2468 D EGL_emulation: eglMakeCurrent: 0xda21a360: ver 2 0 (tinfo 0xda20f590)
09-07 04:21:36.296 21677 21677 W ActivityThread: handleWindowVisibility: no activity for token android.os.BinderProxy@aa89a65
09-07 04:21:36.311  2037  4613 I ActivityTaskManager: START u0 {act=android.intent.action.MAIN cat=[android.intent.category.LAUNCHER] cmp=ru.iteco.fmhandroid/.ui.AppActivity} from uid 10136
09-07 04:21:36.318  2037  5599 D EGL_emulation: eglMakeCurrent: 0xa7a623a0: ver 2 0 (tinfo 0xba668ca0)
09-07 04:21:36.339  2666  2666 I dnsi    : onPause
09-07 04:21:36.347  2037  2311 W InputReader: Device has associated, but no associated display id.
09-07 04:21:36.347  2037  2311 I chatty  : uid=1000(system) Binder:2037_6 identical 4 lines
09-07 04:21:36.347  2037  2311 W InputReader: Device has associated, but no associated display id.
09-07 04:21:36.348  1823  1823 W SurfaceFlinger: couldn't log to binary event log: overflow.
09-07 04:21:36.350  2037  2311 W InputReader: Device has associated, but no associated display id.
09-07 04:21:36.351  2037  2311 I chatty  : uid=1000(system) Binder:2037_6 identical 32 lines
09-07 04:21:36.352  2037  2311 W InputReader: Device has associated, but no associated display id.
09-07 04:21:36.352 21620 21620 W ActivityThread: handleWindowVisibility: no activity for token android.os.BinderProxy@1ac4ab7
09-07 04:21:36.353  2666  7866 V ClearcutMetricXmitter: Transmission is done.
09-07 04:21:36.354  2037  2311 W InputReader: Device has associated, but no associated display id.
09-07 04:21:36.357  2037  2311 I chatty  : uid=1000(system) Binder:2037_6 identical 18 lines
09-07 04:21:36.357  2037  2311 W InputReader: Device has associated, but no associated display id.
09-07 04:21:36.360  2037  5599 D eglCodecCommon: setVertexArrayObject: set vao to 0 (0) 1 0
09-07 04:21:36.373  1793  1793 D gralloc_ranchu: gralloc_alloc: Creating ashmem region of size 9850880
09-07 04:21:36.374  2666  3068 D EGL_emulation: eglMakeCurrent: 0xda21b0e0: ver 2 0 (tinfo 0xda20fbb0)
09-07 04:21:36.380  2182  2468 D EGL_emulation: eglMakeCurrent: 0xda21a360: ver 2 0 (tinfo 0xda20f590)
09-07 04:21:36.380  2434  2714 D EGL_emulation: eglMakeCurrent: 0xed453b60: ver 2 0 (tinfo 0xe233a960)
09-07 04:21:36.395  2182  2182 W View    : requestLayout() improperly called by com.android.keyguard.AlphaOptimizedLinearLayout{551c6d8 V.E...... ......ID 7,0-48,61 #7f0a041c app:id/wifi_group} during second layout pass: posting in next frame
09-07 04:21:36.396 21620 21620 D LifecycleMonitor: Lifecycle status change: ru.iteco.fmhandroid.ui.AppActivity@e30db53 in: PRE_ON_CREATE
09-07 04:21:36.396 21620 21620 V ActivityScenario: Activity lifecycle changed event received but ignored because the reported transition was not ON_CREATE while the last known transition was PRE_ON_CREATE
09-07 04:21:36.401 21620 21654 V FA      : onActivityCreated
09-07 04:21:36.403  2182  2182 W View    : requestLayout() improperly called by StatusBarIconView(slot=mobile icon=null notification=null) during layout: running second layout pass
09-07 04:21:36.420  2182  2468 D EGL_emulation: eglMakeCurrent: 0xda21a360: ver 2 0 (tinfo 0xda20f590)
09-07 04:21:36.426  2666  2666 I dnsi    : onStop
09-07 04:21:36.431 21620 21620 D LifecycleMonitor: Lifecycle status change: ru.iteco.fmhandroid.ui.AppActivity@e30db53 in: CREATED
09-07 04:21:36.434 21620 21620 V ActivityScenario: Update currentActivityStage to CREATED, currentActivity=ru.iteco.fmhandroid.ui.AppActivity@e30db53
09-07 04:21:36.437  2182  2468 D EGL_emulation: eglMakeCurrent: 0xda21a360: ver 2 0 (tinfo 0xda20f590)
09-07 04:21:36.440  2182  2182 W View    : requestLayout() improperly called by com.android.keyguard.AlphaOptimizedLinearLayout{551c6d8 V.E...... ......ID 7,0-48,61 #7f0a041c app:id/wifi_group} during second layout pass: posting in next frame
09-07 04:21:36.456 21620 21620 D LifecycleMonitor: Lifecycle status change: ru.iteco.fmhandroid.ui.AppActivity@e30db53 in: STARTED
09-07 04:21:36.457 21620 21620 V ActivityScenario: Update currentActivityStage to STARTED, currentActivity=ru.iteco.fmhandroid.ui.AppActivity@e30db53
09-07 04:21:36.458  1823  1823 W SurfaceFlinger: couldn't log to binary event log: overflow.
09-07 04:21:36.458  1823  1823 W SurfaceFlinger: couldn't log to binary event log: overflow.
09-07 04:21:36.460 21620 21662 V FA      : Activity resumed, time: 3420353
09-07 04:21:36.460 21620 21620 D LifecycleMonitor: Lifecycle status change: ru.iteco.fmhandroid.ui.AppActivity@e30db53 in: RESUMED
09-07 04:21:36.460 21620 21620 V ActivityScenario: Update currentActivityStage to RESUMED, currentActivity=ru.iteco.fmhandroid.ui.AppActivity@e30db53
09-07 04:21:36.461 21620 21663 W teco.fmhandroi: Accessing hidden method Lsun/misc/Unsafe;->compareAndSwapObject(Ljava/lang/Object;JLjava/lang/Object;Ljava/lang/Object;)Z (greylist, linking, allowed)
09-07 04:21:36.462  2182  2182 W View    : requestLayout() improperly called by StatusBarIconView(slot=mobile icon=null notification=null) during layout: running second layout pass
09-07 04:21:36.468  2182  2468 D EGL_emulation: eglMakeCurrent: 0xda21a360: ver 2 0 (tinfo 0xda20f590)
09-07 04:21:36.483  2037  2051 I system_server: NativeAlloc concurrent copying GC freed 27561(1491KB) AllocSpace objects, 6(248KB) LOS objects, 29% free, 14MB/20MB, paused 239us total 105.205ms
09-07 04:21:36.490  1793  1793 D gralloc_ranchu: gralloc_alloc: Creating ashmem region of size 9113600
09-07 04:21:36.508  1793  1793 D gralloc_ranchu: gralloc_alloc: Creating ashmem region of size 9113600
09-07 04:21:36.510  1793 14098 D gralloc_ranchu: gralloc_alloc: Creating ashmem region of size 9113600
09-07 04:21:36.510 21620 21711 D EGL_emulation: eglMakeCurrent: 0xd6c30ec0: ver 2 0 (tinfo 0xd6c9e8f0)
09-07 04:21:36.543  2037  2065 I ActivityTaskManager: Displayed ru.iteco.fmhandroid/.ui.AppActivity: +226ms
09-07 04:21:36.563  2182  2182 W View    : requestLayout() improperly called by com.android.keyguard.AlphaOptimizedLinearLayout{551c6d8 V.E...... ......ID 7,0-48,61 #7f0a041c app:id/wifi_group} during second layout pass: posting in next frame
09-07 04:21:36.590 21620 21620 I ViewInteraction: Performing 'wait for a specific view with <an instance of android.widget.TextView and view.getText() with or without transformation to match: is "News"> during 10000 millis.' action on view view.getRootView() to equal view
09-07 04:21:36.598  2182  2182 W View    : requestLayout() improperly called by StatusBarIconView(slot=mobile icon=null notification=null) during layout: running second layout pass
09-07 04:21:36.614  7867 21436 V FA-SVC  : Logging event: origin=auto,name=screen_view(_vs),params=Bundle[{ga_event_origin(_o)=auto, ga_previous_class(_pc)=AppActivity, ga_previous_id(_pi)=-7276878119267510244, ga_screen_class(_sc)=AppActivity, ga_screen_id(_si)=-7276878119267510243}]
09-07 04:21:36.625  7867 21436 V FA-SVC  : Upload scheduled in approximately ms: 340485
09-07 04:21:36.625  7867 21436 V FA-SVC  : Unscheduling upload
09-07 04:21:36.629  2182  2182 W View    : requestLayout() improperly called by com.android.keyguard.AlphaOptimizedLinearLayout{551c6d8 V.E...... ......ID 7,0-48,61 #7f0a041c app:id/wifi_group} during second layout pass: posting in next frame
09-07 04:21:36.629  2182  2182 W View    : requestLayout() improperly called by StatusBarIconView(slot=mobile icon=null notification=null) during layout: running second layout pass
09-07 04:21:36.632  7867 21436 V FA-SVC  : Scheduling upload, millis: 340485
09-07 04:21:36.636  7867 21436 V FA-SVC  : Background event processing time, ms: 24
09-07 04:21:36.668  2182  2182 W View    : requestLayout() improperly called by com.android.keyguard.AlphaOptimizedLinearLayout{551c6d8 V.E...... ......ID 7,0-48,61 #7f0a041c app:id/wifi_group} during second layout pass: posting in next frame
09-07 04:21:36.668  2182  2182 W View    : requestLayout() improperly called by StatusBarIconView(slot=mobile icon=null notification=null) during layout: running second layout pass
09-07 04:21:36.701  2182  2182 W View    : requestLayout() improperly called by com.android.keyguard.AlphaOptimizedLinearLayout{551c6d8 V.E...... ......ID 7,0-48,61 #7f0a041c app:id/wifi_group} during second layout pass: posting in next frame
09-07 04:21:36.702  2182  2182 W View    : requestLayout() improperly called by StatusBarIconView(slot=mobile icon=null notification=null) during layout: running second layout pass
09-07 04:21:36.739  2182  2182 W View    : requestLayout() improperly called by com.android.keyguard.AlphaOptimizedLinearLayout{551c6d8 V.E...... ......ID 7,0-48,61 #7f0a041c app:id/wifi_group} during second layout pass: posting in next frame
09-07 04:21:36.740  2182  2182 W View    : requestLayout() improperly called by StatusBarIconView(slot=mobile icon=null notification=null) during layout: running second layout pass
09-07 04:21:36.774  2182  2182 W View    : requestLayout() improperly called by com.android.keyguard.AlphaOptimizedLinearLayout{551c6d8 V.E...... ......ID 7,0-48,61 #7f0a041c app:id/wifi_group} during second layout pass: posting in next frame
09-07 04:21:36.775  2182  2182 W View    : requestLayout() improperly called by StatusBarIconView(slot=mobile icon=null notification=null) during layout: running second layout pass
09-07 04:21:37.130  1792  2272 E GnssHAL_GnssInterface: gnssSvStatusCb: a: input svInfo.flags is 8
09-07 04:21:37.130  1792  2272 E GnssHAL_GnssInterface: gnssSvStatusCb: b: input svInfo.flags is 8
09-07 04:21:38.131  1792  2272 E GnssHAL_GnssInterface: gnssSvStatusCb: a: input svInfo.flags is 8
09-07 04:21:38.131  1792  2272 E GnssHAL_GnssInterface: gnssSvStatusCb: b: input svInfo.flags is 8
09-07 04:21:38.494  1781  1781 W audio_hw_generic: Not supplying enough data to HAL, expected position 50246237 , only wrote 50109088
09-07 04:21:39.130  1792  2272 E GnssHAL_GnssInterface: gnssSvStatusCb: a: input svInfo.flags is 8
09-07 04:21:39.131  1792  2272 E GnssHAL_GnssInterface: gnssSvStatusCb: b: input svInfo.flags is 8
09-07 04:21:39.460 21620 21729 I okhttp.OkHttpClient: --> GET http://www.981757-ca08998.tmweb.ru:8080/fmh/authentication/userInfo
09-07 04:21:39.461 21620 21729 I okhttp.OkHttpClient: --> END GET
09-07 04:21:39.733 21620 21729 I okhttp.OkHttpClient: <-- 200 http://www.981757-ca08998.tmweb.ru:8080/fmh/authentication/userInfo (271ms)
09-07 04:21:39.733 21620 21729 I okhttp.OkHttpClient: Vary: Origin
09-07 04:21:39.733 21620 21729 I okhttp.OkHttpClient: Vary: Access-Control-Request-Method
09-07 04:21:39.733 21620 21729 I okhttp.OkHttpClient: Vary: Access-Control-Request-Headers
09-07 04:21:39.733 21620 21729 I okhttp.OkHttpClient: X-Content-Type-Options: nosniff
09-07 04:21:39.733 21620 21729 I okhttp.OkHttpClient: X-XSS-Protection: 1; mode=block
09-07 04:21:39.733 21620 21729 I okhttp.OkHttpClient: Cache-Control: no-cache, no-store, max-age=0, must-revalidate
09-07 04:21:39.733 21620 21729 I okhttp.OkHttpClient: Pragma: no-cache
09-07 04:21:39.733 21620 21729 I okhttp.OkHttpClient: Expires: 0
09-07 04:21:39.734 21620 21729 I okhttp.OkHttpClient: X-Frame-Options: DENY
09-07 04:21:39.734 21620 21729 I okhttp.OkHttpClient: Content-Type: application/json
09-07 04:21:39.734 21620 21729 I okhttp.OkHttpClient: Transfer-Encoding: chunked
09-07 04:21:39.734 21620 21729 I okhttp.OkHttpClient: Date: Thu, 07 Sep 2023 04:21:40 GMT
