09-07 04:28:54.053  2037  4391 W InputReader: Device has associated, but no associated display id.
09-07 04:28:54.070 24532 24532 W ActivityThread: handleWindowVisibility: no activity for token android.os.BinderProxy@ee2f424
09-07 04:28:54.090  2037  4391 W ActivityTaskManager: Duplicate finish request for ActivityRecord{a8c6705 u0 ru.iteco.fmhandroid/.ui.AppActivity t788 f}
09-07 04:28:54.097  7867 22594 V FA-SVC  : Logging event: origin=auto,name=user_engagement(_e),params=Bundle[{ga_event_origin(_o)=auto, engagement_time_msec(_et)=21762, ga_screen_class(_sc)=AppActivity, ga_screen_id(_si)=6688537982189829872}]
09-07 04:28:54.109  1793  1793 D gralloc_ranchu: gralloc_alloc: Creating ashmem region of size 9850880
09-07 04:28:54.119  1793  1793 I chatty  : uid=1000(system) allocator@2.0-s identical 1 line
09-07 04:28:54.121  1793  1793 D gralloc_ranchu: gralloc_alloc: Creating ashmem region of size 9850880
09-07 04:28:54.123 24532 24566 D EGL_emulation: eglMakeCurrent: 0xda21a3c0: ver 2 0 (tinfo 0xda20f060)
09-07 04:28:54.144  2037  2061 W InputReader: Device has associated, but no associated display id.
09-07 04:28:54.144  2037  2061 I chatty  : uid=1000(system) android.anim identical 18 lines
09-07 04:28:54.144  2037  2061 W InputReader: Device has associated, but no associated display id.
09-07 04:28:54.149  2037  2065 I ActivityTaskManager: Displayed ru.iteco.fmhandroid.test/androidx.test.core.app.InstrumentationActivityInvoker$EmptyActivity: +97ms
09-07 04:28:54.153  2037  2903 W InputReader: Device has associated, but no associated display id.
09-07 04:28:54.153  2037  2903 I chatty  : uid=1000(system) Binder:2037_C identical 8 lines
09-07 04:28:54.153  2037  2903 W InputReader: Device has associated, but no associated display id.
09-07 04:28:54.158 24475 24569 D EGL_emulation: eglMakeCurrent: 0xe2250800: ver 2 0 (tinfo 0xe233ab20)
09-07 04:28:54.171  7867 22594 V FA-SVC  : Upload scheduled in approximately ms: 3505128
09-07 04:28:54.171  7867 22594 V FA-SVC  : Unscheduling upload
09-07 04:28:54.171  2037  2310 W InputReader: Device has associated, but no associated display id.
09-07 04:28:54.171  2037  2310 I chatty  : uid=1000(system) Binder:2037_5 identical 8 lines
09-07 04:28:54.171  2037  2310 W InputReader: Device has associated, but no associated display id.
09-07 04:28:54.175 24475 24475 D LifecycleMonitor: Lifecycle status change: ru.iteco.fmhandroid.ui.AppActivity@c0c9c3e in: STOPPED
09-07 04:28:54.175 24475 24475 V ActivityScenario: Update currentActivityStage to STOPPED, currentActivity=ru.iteco.fmhandroid.ui.AppActivity@c0c9c3e
09-07 04:28:54.176  1823  1823 W SurfaceFlinger: couldn't log to binary event log: overflow.
09-07 04:28:54.178  7867 22594 V FA-SVC  : Scheduling upload, millis: 3505128
09-07 04:28:54.180  7867 22594 V FA-SVC  : Background event processing time, ms: 83
09-07 04:28:54.181  1792  2272 E GnssHAL_GnssInterface: gnssSvStatusCb: a: input svInfo.flags is 8
09-07 04:28:54.181  1792  2272 E GnssHAL_GnssInterface: gnssSvStatusCb: b: input svInfo.flags is 8
09-07 04:28:54.195 24475 24475 W System.err: ru.iteco.fmhandroid.exceptions.UnknownException
09-07 04:28:54.196 24475 24475 W System.err: 	at ru.iteco.fmhandroid.utils.Utils.makeRequest(Utils.kt:123)
09-07 04:28:54.196 24475 24475 W System.err: 	at ru.iteco.fmhandroid.utils.Utils$makeRequest$1.invokeSuspend(Unknown Source:15)
09-07 04:28:54.196 24475 24475 W System.err: 	at kotlin.coroutines.jvm.internal.BaseContinuationImpl.resumeWith(ContinuationImpl.kt:33)
09-07 04:28:54.196 24475 24475 W System.err: 	at kotlinx.coroutines.DispatchedTaskKt.resume(DispatchedTask.kt:234)
09-07 04:28:54.196 24475 24475 W System.err: 	at kotlinx.coroutines.DispatchedTaskKt.resumeUnconfined(DispatchedTask.kt:190)
09-07 04:28:54.196 24475 24475 W System.err: 	at kotlinx.coroutines.DispatchedTaskKt.dispatch(DispatchedTask.kt:161)
09-07 04:28:54.196 24475 24475 W System.err: 	at kotlinx.coroutines.CancellableContinuationImpl.dispatchResume(CancellableContinuationImpl.kt:397)
09-07 04:28:54.196 24475 24475 W System.err: 	at kotlinx.coroutines.CancellableContinuationImpl.cancel(CancellableContinuationImpl.kt:183)
09-07 04:28:54.196 24475 24475 W System.err: 	at kotlinx.coroutines.CancellableContinuationImpl.parentCancelled$kotlinx_coroutines_core(CancellableContinuationImpl.kt:190)
09-07 04:28:54.196 24475 24475 W System.err: 	at kotlinx.coroutines.ChildContinuation.invoke(JobSupport.kt:1474)
09-07 04:28:54.196 24475 24475 W System.err: 	at kotlinx.coroutines.JobSupport.notifyCancelling(JobSupport.kt:1499)
09-07 04:28:54.196 24475 24475 W System.err: 	at kotlinx.coroutines.JobSupport.tryMakeCancelling(JobSupport.kt:795)
09-07 04:28:54.196 24475 24475 W System.err: 	at kotlinx.coroutines.JobSupport.makeCancelling(JobSupport.kt:755)
09-07 04:28:54.196 24475 24475 W System.err: 	at kotlinx.coroutines.JobSupport.cancelImpl$kotlinx_coroutines_core(JobSupport.kt:671)
09-07 04:28:54.197 24475 24475 W System.err: 	at kotlinx.coroutines.JobSupport.parentCancelled(JobSupport.kt:637)
09-07 04:28:54.197 24475 24590 I okhttp.OkHttpClient: <-- HTTP FAILED: java.net.SocketException: Socket closed
09-07 04:28:54.199 24475 24475 W System.err: 	at kotlinx.coroutines.ChildHandleNode.invoke(JobSupport.kt:1465)
09-07 04:28:54.199 24475 24475 W System.err: 	at kotlinx.coroutines.JobSupport.notifyCancelling(JobSupport.kt:1499)
09-07 04:28:54.199 24475 24475 W System.err: 	at kotlinx.coroutines.JobSupport.tryMakeCompletingSlowPath(JobSupport.kt:900)
09-07 04:28:54.199  2037  2037 W ActivityManager: Unable to start service Intent { act=android.service.appprediction.AppPredictionService cmp=com.google.android.as/com.google.android.apps.miphone.aiai.app.AiAiPredictionService } U=0: not found
09-07 04:28:54.199 24475 24475 W System.err: 	at kotlinx.coroutines.JobSupport.tryMakeCompleting(JobSupport.kt:863)
09-07 04:28:54.199 24475 24475 W System.err: 	at kotlinx.coroutines.JobSupport.cancelMakeCompleting(JobSupport.kt:696)
09-07 04:28:54.199  2037  2037 W RemoteAppPredictionService: could not bind to Intent { act=android.service.appprediction.AppPredictionService cmp=com.google.android.as/com.google.android.apps.miphone.aiai.app.AiAiPredictionService } using flags 67108865
09-07 04:28:54.200 24475 24475 W System.err: 	at kotlinx.coroutines.JobSupport.cancelImpl$kotlinx_coroutines_core(JobSupport.kt:667)
09-07 04:28:54.200 24475 24475 W System.err: 	at kotlinx.coroutines.JobSupport.cancelInternal(JobSupport.kt:632)
09-07 04:28:54.200 24475 24475 W System.err: 	at kotlinx.coroutines.JobSupport.cancel(JobSupport.kt:617)
09-07 04:28:54.200 24475 24475 W System.err: 	at kotlinx.coroutines.JobKt__JobKt.cancel(Job.kt:561)
09-07 04:28:54.200 24475 24475 W System.err: 	at kotlinx.coroutines.JobKt.cancel(Unknown Source:1)
09-07 04:28:54.200 24475 24475 W System.err: 	at kotlinx.coroutines.JobKt__JobKt.cancel$default(Job.kt:560)
09-07 04:28:54.200 24475 24475 W System.err: 	at kotlinx.coroutines.JobKt.cancel$default(Unknown Source:1)
09-07 04:28:54.200 24475 24475 W System.err: 	at androidx.lifecycle.CloseableCoroutineScope.close(ViewModel.kt:51)
09-07 04:28:54.200 24475 24475 W System.err: 	at androidx.lifecycle.ViewModel.closeWithRuntimeException(ViewModel.java:188)
09-07 04:28:54.200 24475 24475 W System.err: 	at androidx.lifecycle.ViewModel.clear(ViewModel.java:134)
09-07 04:28:54.200 24475 24475 W System.err: 	at androidx.lifecycle.ViewModelStore.clear(ViewModelStore.java:62)
09-07 04:28:54.200 24475 24475 W System.err: 	at androidx.fragment.app.FragmentManagerViewModel.clearNonConfigStateInternal(FragmentManagerViewModel.java:210)
09-07 04:28:54.200 24475 24475 W System.err: 	at androidx.fragment.app.FragmentManagerViewModel.clearNonConfigState(FragmentManagerViewModel.java:190)
09-07 04:28:54.200 24475 24475 W System.err: 	at androidx.fragment.app.FragmentStateManager.destroy(FragmentStateManager.java:778)
09-07 04:28:54.200 24475 24475 W System.err: 	at androidx.fragment.app.FragmentStateManager.moveToExpectedState(FragmentStateManager.java:335)
09-07 04:28:54.200 24475 24475 W System.err: 	at androidx.fragment.app.FragmentStore.moveToExpectedState(FragmentStore.java:113)
09-07 04:28:54.200 24475 24475 W System.err: 	at androidx.fragment.app.FragmentManager.moveToState(FragmentManager.java:1374)
09-07 04:28:54.200 24475 24475 W System.err: 	at androidx.fragment.app.FragmentManager.dispatchStateChange(FragmentManager.java:2841)
09-07 04:28:54.200 24475 24475 W System.err: 	at androidx.fragment.app.FragmentManager.dispatchDestroy(FragmentManager.java:2820)
09-07 04:28:54.200 24475 24475 W System.err: 	at androidx.fragment.app.Fragment.performDestroy(Fragment.java:3246)
09-07 04:28:54.200 24475 24475 W System.err: 	at androidx.fragment.app.FragmentStateManager.destroy(FragmentStateManager.java:780)
09-07 04:28:54.200 24475 24475 W System.err: 	at androidx.fragment.app.FragmentStateManager.moveToExpectedState(FragmentStateManager.java:335)
09-07 04:28:54.200 24475 24475 W System.err: 	at androidx.fragment.app.SpecialEffectsController$FragmentStateManagerOperation.complete(SpecialEffectsController.java:771)
09-07 04:28:54.200 24475 24475 W System.err: 	at androidx.fragment.app.SpecialEffectsController$Operation.cancel(SpecialEffectsController.java:615)
09-07 04:28:54.201 24475 24475 W System.err: 	at androidx.fragment.app.SpecialEffectsController.forceCompleteAllOperations(SpecialEffectsController.java:350)
09-07 04:28:54.201 24475 24475 W System.err: 	at androidx.fragment.app.FragmentManager.dispatchStateChange(FragmentManager.java:2844)
09-07 04:28:54.201 24475 24475 W System.err: 	at androidx.fragment.app.FragmentManager.dispatchDestroy(FragmentManager.java:2820)
09-07 04:28:54.201 24475 24475 W System.err: 	at androidx.fragment.app.FragmentController.dispatchDestroy(FragmentController.java:345)
09-07 04:28:54.201 24475 24475 W System.err: 	at androidx.fragment.app.FragmentActivity.onDestroy(FragmentActivity.java:306)
09-07 04:28:54.201 24475 24475 W System.err: 	at androidx.appcompat.app.AppCompatActivity.onDestroy(AppCompatActivity.java:278)
09-07 04:28:54.201 24475 24475 W System.err: 	at android.app.Activity.performDestroy(Activity.java:8048)
09-07 04:28:54.201 24475 24475 W System.err: 	at android.app.Instrumentation.callActivityOnDestroy(Instrumentation.java:1334)
09-07 04:28:54.201 24475 24475 W System.err: 	at androidx.test.runner.MonitoringInstrumentation.callActivityOnDestroy(MonitoringInstrumentation.java:766)
09-07 04:28:54.201 24475 24475 W System.err: 	at android.app.ActivityThread.performDestroyActivity(ActivityThread.java:4926)
09-07 04:28:54.201 24475 24475 W System.err: 	at android.app.ActivityThread.handleDestroyActivity(ActivityThread.java:4970)
09-07 04:28:54.201 24475 24475 W System.err: 	at android.app.servertransaction.DestroyActivityItem.execute(DestroyActivityItem.java:44)
09-07 04:28:54.201 24475 24475 W System.err: 	at android.app.servertransaction.TransactionExecutor.executeLifecycleState(TransactionExecutor.java:176)
09-07 04:28:54.201 24475 24475 W System.err: 	at android.app.servertransaction.TransactionExecutor.execute(TransactionExecutor.java:97)
09-07 04:28:54.201 24475 24475 W System.err: 	at android.app.ActivityThread$H.handleMessage(ActivityThread.java:2016)
09-07 04:28:54.201 24475 24475 W System.err: 	at android.os.Handler.dispatchMessage(Handler.java:107)
09-07 04:28:54.201 24475 24475 W System.err: 	at android.os.Looper.loop(Looper.java:214)
09-07 04:28:54.201 24475 24475 W System.err: 	at android.app.ActivityThread.main(ActivityThread.java:7356)
09-07 04:28:54.201 24475 24475 W System.err: 	at java.lang.reflect.Method.invoke(Native Method)
09-07 04:28:54.201 24475 24475 W System.err: 	at com.android.internal.os.RuntimeInit$MethodAndArgsCaller.run(RuntimeInit.java:492)
09-07 04:28:54.201 24475 24475 W System.err: 	at com.android.internal.os.ZygoteInit.main(ZygoteInit.java:930)
09-07 04:28:54.203  1793  1793 D gralloc_ranchu: gralloc_alloc: Creating ashmem region of size 9850880
09-07 04:28:54.218  1793  1793 D gralloc_ranchu: gralloc_alloc: Creating ashmem region of size 9850880
09-07 04:28:54.221  2666  3068 D EGL_emulation: eglMakeCurrent: 0xda21b0e0: ver 2 0 (tinfo 0xda20fbb0)
09-07 04:28:54.222 24475 24475 D LifecycleMonitor: Lifecycle status change: ru.iteco.fmhandroid.ui.AppActivity@c0c9c3e in: DESTROYED
09-07 04:28:54.222 24475 24475 V ActivityScenario: Update currentActivityStage to DESTROYED, currentActivity=null
09-07 04:28:54.224  1793  1793 D gralloc_ranchu: gralloc_alloc: Creating ashmem region of size 9850880
09-07 04:28:54.227  1793  2554 D gralloc_ranchu: gralloc_alloc: Creating ashmem region of size 9850880
09-07 04:28:54.253  1793  1793 D gralloc_ranchu: gralloc_alloc: Creating ashmem region of size 9850880
09-07 04:28:54.255  1793  1793 D gralloc_ranchu: gralloc_alloc: Creating ashmem region of size 9850880
09-07 04:28:54.260  2434  2714 D EGL_emulation: eglMakeCurrent: 0xed453b60: ver 2 0 (tinfo 0xe233a960)
09-07 04:28:54.273  2666  2666 I dnsi    : onStart
09-07 04:28:54.275  2666  2666 I dnsi    : onResume
09-07 04:28:54.291  2037  2061 W InputReader: Device has associated, but no associated display id.
09-07 04:28:54.291  2037  2061 I chatty  : uid=1000(system) android.anim identical 8 lines
09-07 04:28:54.291  2037  2061 W InputReader: Device has associated, but no associated display id.
09-07 04:28:54.298  1793  1793 D gralloc_ranchu: gralloc_alloc: Creating ashmem region of size 6307840
09-07 04:28:54.307  2182  2468 D EGL_emulation: eglMakeCurrent: 0xda21a360: ver 2 0 (tinfo 0xda20f590)
09-07 04:28:54.309  2182  2182 W View    : requestLayout() improperly called by com.android.keyguard.AlphaOptimizedLinearLayout{551c6d8 V.E...... ......ID 7,0-48,61 #7f0a041c app:id/wifi_group} during second layout pass: posting in next frame
09-07 04:28:54.319  2182  2182 W View    : requestLayout() improperly called by StatusBarIconView(slot=mobile icon=null notification=null) during layout: running second layout pass
09-07 04:28:54.320  2182  2468 D EGL_emulation: eglMakeCurrent: 0xda21a360: ver 2 0 (tinfo 0xda20f590)
09-07 04:28:54.333  7867  7867 D BoundBrokerSvc: onBind: Intent { act=com.google.android.gms.inappreach.service.START dat=chimera-action: cmp=com.google.android.gms/.chimera.GmsApiService }
09-07 04:28:54.333  7867  7867 D BoundBrokerSvc: Loading bound service for intent: Intent { act=com.google.android.gms.inappreach.service.START dat=chimera-action: cmp=com.google.android.gms/.chimera.GmsApiService }
