09-07 04:28:38.181  1792  2272 E GnssHAL_GnssInterface: gnssSvStatusCb: a: input svInfo.flags is 8
09-07 04:28:38.181  1792  2272 E GnssHAL_GnssInterface: gnssSvStatusCb: b: input svInfo.flags is 8
09-07 04:28:39.180  1792  2272 E GnssHAL_GnssInterface: gnssSvStatusCb: a: input svInfo.flags is 8
09-07 04:28:39.180  1792  2272 E GnssHAL_GnssInterface: gnssSvStatusCb: b: input svInfo.flags is 8
09-07 04:28:40.181  1792  2272 E GnssHAL_GnssInterface: gnssSvStatusCb: a: input svInfo.flags is 8
09-07 04:28:40.181  1792  2272 E GnssHAL_GnssInterface: gnssSvStatusCb: b: input svInfo.flags is 8
09-07 04:28:41.182  1792  2272 E GnssHAL_GnssInterface: gnssSvStatusCb: a: input svInfo.flags is 8
09-07 04:28:41.183  1792  2272 E GnssHAL_GnssInterface: gnssSvStatusCb: b: input svInfo.flags is 8
09-07 04:28:42.181  1792  2272 E GnssHAL_GnssInterface: gnssSvStatusCb: a: input svInfo.flags is 8
09-07 04:28:42.182  1792  2272 E GnssHAL_GnssInterface: gnssSvStatusCb: b: input svInfo.flags is 8
09-07 04:28:42.271  7867  7867 D BoundBrokerSvc: onUnbind: Intent { act=com.google.android.gms.measurement.START pkg=com.google.android.gms }
09-07 04:28:42.304 24475 24475 D takeScreenshot: Found 1 global views to redraw
09-07 04:28:42.337  1793  1793 D gralloc_ranchu: gralloc_alloc: Creating ashmem region of size 9850880
09-07 04:28:42.375 24475 24520 W DefaultFailureHandler: Failed to take screenshot
09-07 04:28:42.375 24475 24520 W DefaultFailureHandler: java.io.FileNotFoundException: view-op-error-8.png: open failed: EROFS (Read-only file system)
09-07 04:28:42.375 24475 24520 W DefaultFailureHandler: 	at libcore.io.IoBridge.open(IoBridge.java:496)
09-07 04:28:42.375 24475 24520 W DefaultFailureHandler: 	at java.io.FileOutputStream.<init>(FileOutputStream.java:235)
09-07 04:28:42.375 24475 24520 W DefaultFailureHandler: 	at java.io.FileOutputStream.<init>(FileOutputStream.java:125)
09-07 04:28:42.375 24475 24520 W DefaultFailureHandler: 	at androidx.test.platform.io.FileTestStorage.openOutputFile(FileTestStorage.java:60)
09-07 04:28:42.375 24475 24520 W DefaultFailureHandler: 	at androidx.test.core.graphics.BitmapStorage.writeToTestStorage(BitmapStorageExt.kt:49)
09-07 04:28:42.375 24475 24520 W DefaultFailureHandler: 	at androidx.test.espresso.base.DefaultFailureHandler.takeScreenshot(DefaultFailureHandler.java:4)
09-07 04:28:42.375 24475 24520 W DefaultFailureHandler: 	at androidx.test.espresso.base.DefaultFailureHandler.handle(DefaultFailureHandler.java:3)
09-07 04:28:42.375 24475 24520 W DefaultFailureHandler: 	at androidx.test.espresso.ViewInteraction.waitForAndHandleInteractionResults(ViewInteraction.java:8)
09-07 04:28:42.375 24475 24520 W DefaultFailureHandler: 	at androidx.test.espresso.ViewInteraction.desugaredPerform(ViewInteraction.java:11)
09-07 04:28:42.375 24475 24520 W DefaultFailureHandler: 	at androidx.test.espresso.ViewInteraction.perform(ViewInteraction.java:8)
09-07 04:28:42.375 24475 24520 W DefaultFailureHandler: 	at ru.iteco.fmhandroid.ui.data.TestUtils.waitView(TestUtils.java:61)
09-07 04:28:42.375 24475 24520 W DefaultFailureHandler: 	at ru.iteco.fmhandroid.ui.steps.AuthSteps.isAuthScreen(AuthSteps.java:58)
09-07 04:28:42.375 24475 24520 W DefaultFailureHandler: 	at ru.iteco.fmhandroid.ui.MainPageTest.logoutCheck(MainPageTest.java:44)
09-07 04:28:42.375 24475 24520 W DefaultFailureHandler: 	at java.lang.reflect.Method.invoke(Native Method)
09-07 04:28:42.375 24475 24520 W DefaultFailureHandler: 	at org.junit.runners.model.FrameworkMethod$1.runReflectiveCall(FrameworkMethod.java:59)
09-07 04:28:42.375 24475 24520 W DefaultFailureHandler: 	at org.junit.internal.runners.model.ReflectiveCallable.run(ReflectiveCallable.java:12)
09-07 04:28:42.375 24475 24520 W DefaultFailureHandler: 	at org.junit.runners.model.FrameworkMethod.invokeExplosively(FrameworkMethod.java:56)
09-07 04:28:42.375 24475 24520 W DefaultFailureHandler: 	at androidx.test.internal.runner.junit4.statement.RunBefores.evaluate(RunBefores.java:76)
09-07 04:28:42.375 24475 24520 W DefaultFailureHandler: 	at io.qameta.allure.android.rules.ScreenshotRule$apply$1.evaluate(ScreenshotRule.kt:22)
09-07 04:28:42.375 24475 24520 W DefaultFailureHandler: 	at org.junit.rules.ExternalResource$1.evaluate(ExternalResource.java:54)
09-07 04:28:42.375 24475 24520 W DefaultFailureHandler: 	at io.qameta.allure.android.rules.LogcatRule$apply$1.evaluate(LogcatRule.kt:23)
09-07 04:28:42.375 24475 24520 W DefaultFailureHandler: 	at org.junit.rules.RunRules.evaluate(RunRules.java:20)
09-07 04:28:42.375 24475 24520 W DefaultFailureHandler: 	at org.junit.runners.ParentRunner$3.evaluate(ParentRunner.java:306)
09-07 04:28:42.375 24475 24520 W DefaultFailureHandler: 	at org.junit.runners.BlockJUnit4ClassRunner$1.evaluate(BlockJUnit4ClassRunner.java:100)
09-07 04:28:42.375 24475 24520 W DefaultFailureHandler: 	at org.junit.runners.ParentRunner.runLeaf(ParentRunner.java:366)
09-07 04:28:42.375 24475 24520 W DefaultFailureHandler: 	at org.junit.runners.BlockJUnit4ClassRunner.runChild(BlockJUnit4ClassRunner.java:103)
09-07 04:28:42.375 24475 24520 W DefaultFailureHandler: 	at org.junit.runners.BlockJUnit4ClassRunner.runChild(BlockJUnit4ClassRunner.java:63)
09-07 04:28:42.375 24475 24520 W DefaultFailureHandler: 	at org.junit.runners.ParentRunner$4.run(ParentRunner.java:331)
09-07 04:28:42.375 24475 24520 W DefaultFailureHandler: 	at org.junit.runners.ParentRunner$1.schedule(ParentRunner.java:79)
09-07 04:28:42.375 24475 24520 W DefaultFailureHandler: 	at org.junit.runners.ParentRunner.runChildren(ParentRunner.java:329)
09-07 04:28:42.375 24475 24520 W DefaultFailureHandler: 	at org.junit.runners.ParentRunner.access$100(ParentRunner.java:66)
09-07 04:28:42.375 24475 24520 W DefaultFailureHandler: 	at org.junit.runners.ParentRunner$2.evaluate(ParentRunner.java:293)
09-07 04:28:42.375 24475 24520 W DefaultFailureHandler: 	at org.junit.runners.ParentRunner$3.evaluate(ParentRunner.java:306)
09-07 04:28:42.375 24475 24520 W DefaultFailureHandler: 	at org.junit.runners.ParentRunner.run(ParentRunner.java:413)
09-07 04:28:42.375 24475 24520 W DefaultFailureHandler: 	at androidx.test.ext.junit.runners.AndroidJUnit4.run(AndroidJUnit4.java:162)
09-07 04:28:42.375 24475 24520 W DefaultFailureHandler: 	at io.qameta.allure.android.runners.AllureAndroidJUnit4.run(AllureAndroidJUnitRunners.kt:29)
09-07 04:28:42.375 24475 24520 W DefaultFailureHandler: 	at org.junit.runners.Suite.runChild(Suite.java:128)
09-07 04:28:42.375 24475 24520 W DefaultFailureHandler: 	at org.junit.runners.Suite.runChild(Suite.java:27)
09-07 04:28:42.375 24475 24520 W DefaultFailureHandler: 	at org.junit.runners.ParentRunner$4.run(ParentRunner.java:331)
09-07 04:28:42.375 24475 24520 W DefaultFailureHandler: 	at org.junit.runners.ParentRunner$1.schedule(ParentRunner.java:79)
09-07 04:28:42.375 24475 24520 W DefaultFailureHandler: 	at org.junit.runners.ParentRunner.runChildren(ParentRunner.java:329)
09-07 04:28:42.375 24475 24520 W DefaultFailureHandler: 	at org.junit.runners.ParentRunner.access$100(ParentRunner.java:66)
09-07 04:28:42.375 24475 24520 W DefaultFailureHandler: 	at org.junit.runners.ParentRunner$2.evaluate(ParentRunner.java:293)
09-07 04:28:42.375 24475 24520 W DefaultFailureHandler: 	at org.junit.runners.ParentRunner$3.evaluate(ParentRunner.java:306)
09-07 04:28:42.375 24475 24520 W DefaultFailureHandler: 	at org.junit.runners.ParentRunner.run(ParentRunner.java:413)
09-07 04:28:42.375 24475 24520 W DefaultFailureHandler: 	at org.junit.runner.JUnitCore.run(JUnitCore.java:137)
09-07 04:28:42.375 24475 24520 W DefaultFailureHandler: 	at org.junit.runner.JUnitCore.run(JUnitCore.java:115)
09-07 04:28:42.375 24475 24520 W DefaultFailureHandler: 	at androidx.test.internal.runner.TestExecutor.execute(TestExecutor.java:67)
09-07 04:28:42.375 24475 24520 W DefaultFailureHandler: 	at androidx.test.internal.runner.TestExecutor.execute(TestExecutor.java:58)
09-07 04:28:42.375 24475 24520 W DefaultFailureHandler: 	at androidx.test.runner.AndroidJUnitRunner.onStart(AndroidJUnitRunner.java:438)
09-07 04:28:42.375 24475 24520 W DefaultFailureHandler: 	at android.app.Instrumentation$InstrumentationThread.run(Instrumentation.java:2189)
09-07 04:28:42.375 24475 24520 W DefaultFailureHandler: Caused by: android.system.ErrnoException: open failed: EROFS (Read-only file system)
09-07 04:28:42.375 24475 24520 W DefaultFailureHandler: 	at libcore.io.Linux.open(Native Method)
09-07 04:28:42.375 24475 24520 W DefaultFailureHandler: 	at libcore.io.ForwardingOs.open(ForwardingOs.java:167)
09-07 04:28:42.375 24475 24520 W DefaultFailureHandler: 	at libcore.io.BlockGuardOs.open(BlockGuardOs.java:252)
09-07 04:28:42.375 24475 24520 W DefaultFailureHandler: 	at libcore.io.ForwardingOs.open(ForwardingOs.java:167)
09-07 04:28:42.375 24475 24520 W DefaultFailureHandler: 	at android.app.ActivityThread$AndroidOs.open(ActivityThread.java:7255)
09-07 04:28:42.375 24475 24520 W DefaultFailureHandler: 	at libcore.io.IoBridge.open(IoBridge.java:482)
09-07 04:28:42.375 24475 24520 W DefaultFailureHandler: 	... 50 more
09-07 04:28:42.378 24475 24475 I ViewInteraction: Performing 'wait for a specific view with <view.getId() is <2131230870/ru.iteco.fmhandroid:id/authorization_image_button>> during 10000 millis.' action on view view.getRootView() to equal view
09-07 04:28:42.380 24475 24475 I ViewInteraction: Checking 'MatchesViewAssertion{viewMatcher=(view has effective visibility <VISIBLE> and view.getGlobalVisibleRect() to return non-empty rectangle)}' assertion on view view.getId() is <2131230870/ru.iteco.fmhandroid:id/authorization_image_button>
09-07 04:28:42.381 24475 24475 I ViewInteraction: Performing 'single click' action on view view.getId() is <2131230870/ru.iteco.fmhandroid:id/authorization_image_button>
09-07 04:28:42.434  1781  6116 W audio_hw_generic: Not supplying enough data to HAL, expected position 53412857 , only wrote 53412766
09-07 04:28:42.469  1793  1793 D gralloc_ranchu: gralloc_alloc: Creating ashmem region of size 884736
09-07 04:28:42.477  1793  1793 I chatty  : uid=1000(system) allocator@2.0-s identical 1 line
09-07 04:28:42.482  1793  1793 D gralloc_ranchu: gralloc_alloc: Creating ashmem region of size 884736
09-07 04:28:42.488 24475 24569 D EGL_emulation: eglMakeCurrent: 0xe2250800: ver 2 0 (tinfo 0xe233ab20)
09-07 04:28:42.543 24475 24569 I chatty  : uid=10136(ru.iteco.fmhandroid) RenderThread identical 3 lines
09-07 04:28:42.565 24475 24569 D EGL_emulation: eglMakeCurrent: 0xe2250800: ver 2 0 (tinfo 0xe233ab20)
09-07 04:28:42.793 24475 24475 I ViewInteraction: Performing 'wait for a specific view with <an instance of android.widget.TextView and view.getText() with or without transformation to match: is "Log out"> during 10000 millis.' action on view view.getRootView() to equal view
09-07 04:28:42.803 24475 24475 I ViewInteraction: Checking 'MatchesViewAssertion{viewMatcher=(view has effective visibility <VISIBLE> and view.getGlobalVisibleRect() to return non-empty rectangle)}' assertion on view an instance of android.widget.TextView and view.getText() with or without transformation to match: is "Log out"
09-07 04:28:42.806 24475 24475 I ViewInteraction: Performing 'single click' action on view an instance of android.widget.TextView and view.getText() with or without transformation to match: is "Log out"
09-07 04:28:42.991 24475 24569 D EGL_emulation: eglMakeCurrent: 0xe2250800: ver 2 0 (tinfo 0xe233ab20)
09-07 04:28:43.011 24475 24569 D EGL_emulation: eglMakeCurrent: 0xe2250800: ver 2 0 (tinfo 0xe233ab20)
09-07 04:28:43.110 24475 24475 I ViewInteraction: Performing 'wait for a specific view with <(an instance of android.widget.TextView and view.getText() with or without transformation to match: is "Authorization" and view.getParent() view.getParent() view.getId() is <2131231186>)> during 10000 millis.' action on view view.getRootView() to equal view
09-07 04:28:43.115 24475 24475 I ViewInteraction: Checking 'MatchesViewAssertion{viewMatcher=(view has effective visibility <VISIBLE> and view.getGlobalVisibleRect() to return non-empty rectangle)}' assertion on view (an instance of android.widget.TextView and view.getText() with or without transformation to match: is "Authorization" and view.getParent() view.getParent() view.getId() is <2131231186/ru.iteco.fmhandroid:id/nav_host_fragment>)
09-07 04:28:43.118 24475 24475 I ViewInteraction: Performing 'wait for a specific view with <(an instance of android.widget.TextView and view.getHint() matching: is "Login" and view.getParent() view.getParent() view.getId() is <2131231121/ru.iteco.fmhandroid:id/login_text_input_layout>)> during 10000 millis.' action on view view.getRootView() to equal view
09-07 04:28:43.120 24475 24475 I ViewInteraction: Checking 'MatchesViewAssertion{viewMatcher=(view has effective visibility <VISIBLE> and view.getGlobalVisibleRect() to return non-empty rectangle)}' assertion on view (an instance of android.widget.TextView and view.getHint() matching: is "Login" and view.getParent() view.getParent() view.getId() is <2131231121/ru.iteco.fmhandroid:id/login_text_input_layout>)
09-07 04:28:43.121 24475 24475 I ViewInteraction: Performing 'wait for a specific view with <(an instance of android.widget.TextView and view.getHint() matching: is "Password" and view.getParent() view.getParent() view.getId() is <2131231264/ru.iteco.fmhandroid:id/password_text_input_layout>)> during 10000 millis.' action on view view.getRootView() to equal view
09-07 04:28:43.124 24475 24475 I ViewInteraction: Checking 'MatchesViewAssertion{viewMatcher=(view has effective visibility <VISIBLE> and view.getGlobalVisibleRect() to return non-empty rectangle)}' assertion on view (an instance of android.widget.TextView and view.getHint() matching: is "Password" and view.getParent() view.getParent() view.getId() is <2131231264/ru.iteco.fmhandroid:id/password_text_input_layout>)
09-07 04:28:43.127 24475 24475 I ViewInteraction: Performing 'wait for a specific view with <(view.getId() is <2131231039/ru.iteco.fmhandroid:id/enter_button> and an instance of android.widget.TextView and view.getText() with or without transformation to match: is "SIGN IN" and view.getContentDescription() is "Save" and view.getParent() view.getParent() an instance of android.widget.RelativeLayout)> during 10000 millis.' action on view view.getRootView() to equal view
09-07 04:28:43.129 24475 24475 I ViewInteraction: Checking 'MatchesViewAssertion{viewMatcher=(view has effective visibility <VISIBLE> and view.getGlobalVisibleRect() to return non-empty rectangle)}' assertion on view (view.getId() is <2131231039/ru.iteco.fmhandroid:id/enter_button> and an instance of android.widget.TextView and view.getText() with or without transformation to match: is "SIGN IN" and view.getContentDescription() is "Save" and view.getParent() view.getParent() an instance of android.widget.RelativeLayout)
09-07 04:28:43.131 24475 24475 I ViewInteraction: Performing 'wait for a specific view with <(an instance of android.widget.TextView and view.getText() with or without transformation to match: is "Authorization" and view.getParent() view.getParent() view.getId() is <2131231186>)> during 10000 millis.' action on view view.getRootView() to equal view
09-07 04:28:43.133 24475 24475 I ViewInteraction: Checking 'MatchesViewAssertion{viewMatcher=(view has effective visibility <VISIBLE> and view.getGlobalVisibleRect() to return non-empty rectangle)}' assertion on view (an instance of android.widget.TextView and view.getText() with or without transformation to match: is "Authorization" and view.getParent() view.getParent() view.getId() is <2131231186/ru.iteco.fmhandroid:id/nav_host_fragment>)
09-07 04:28:43.134 24475 24475 I ViewInteraction: Performing 'wait for a specific view with <(an instance of android.widget.TextView and view.getHint() matching: is "Login" and view.getParent() view.getParent() view.getId() is <2131231121/ru.iteco.fmhandroid:id/login_text_input_layout>)> during 10000 millis.' action on view view.getRootView() to equal view
09-07 04:28:43.135 24475 24475 I ViewInteraction: Checking 'MatchesViewAssertion{viewMatcher=(view has effective visibility <VISIBLE> and view.getGlobalVisibleRect() to return non-empty rectangle)}' assertion on view (an instance of android.widget.TextView and view.getHint() matching: is "Login" and view.getParent() view.getParent() view.getId() is <2131231121/ru.iteco.fmhandroid:id/login_text_input_layout>)
09-07 04:28:43.137 24475 24475 I ViewInteraction: Performing 'wait for a specific view with <(an instance of android.widget.TextView and view.getHint() matching: is "Password" and view.getParent() view.getParent() view.getId() is <2131231264/ru.iteco.fmhandroid:id/password_text_input_layout>)> during 10000 millis.' action on view view.getRootView() to equal view
09-07 04:28:43.139 24475 24475 I ViewInteraction: Checking 'MatchesViewAssertion{viewMatcher=(view has effective visibility <VISIBLE> and view.getGlobalVisibleRect() to return non-empty rectangle)}' assertion on view (an instance of android.widget.TextView and view.getHint() matching: is "Password" and view.getParent() view.getParent() view.getId() is <2131231264/ru.iteco.fmhandroid:id/password_text_input_layout>)
09-07 04:28:43.142 24475 24475 I ViewInteraction: Performing 'wait for a specific view with <(view.getId() is <2131231039/ru.iteco.fmhandroid:id/enter_button> and an instance of android.widget.TextView and view.getText() with or without transformation to match: is "SIGN IN" and view.getContentDescription() is "Save" and view.getParent() view.getParent() an instance of android.widget.RelativeLayout)> during 10000 millis.' action on view view.getRootView() to equal view
09-07 04:28:43.145 24475 24475 I ViewInteraction: Checking 'MatchesViewAssertion{viewMatcher=(view has effective visibility <VISIBLE> and view.getGlobalVisibleRect() to return non-empty rectangle)}' assertion on view (view.getId() is <2131231039/ru.iteco.fmhandroid:id/enter_button> and an instance of android.widget.TextView and view.getText() with or without transformation to match: is "SIGN IN" and view.getContentDescription() is "Save" and view.getParent() view.getParent() an instance of android.widget.RelativeLayout)
09-07 04:28:43.146 24475 24475 I ViewInteraction: Performing 'wait for a specific view with <(an instance of android.widget.TextView and view.getHint() matching: is "Login" and view.getParent() view.getParent() view.getId() is <2131231121/ru.iteco.fmhandroid:id/login_text_input_layout>)> during 10000 millis.' action on view view.getRootView() to equal view
09-07 04:28:43.148 24475 24475 I ViewInteraction: Performing 'replace text(login2)' action on view (an instance of android.widget.TextView and view.getHint() matching: is "Login" and view.getParent() view.getParent() view.getId() is <2131231121/ru.iteco.fmhandroid:id/login_text_input_layout>)
09-07 04:28:43.165 24475 24475 I ViewInteraction: Performing 'wait for a specific view with <(an instance of android.widget.TextView and view.getHint() matching: is "Password" and view.getParent() view.getParent() view.getId() is <2131231264/ru.iteco.fmhandroid:id/password_text_input_layout>)> during 10000 millis.' action on view view.getRootView() to equal view
09-07 04:28:43.169 24475 24475 I ViewInteraction: Performing 'replace text(password2)' action on view (an instance of android.widget.TextView and view.getHint() matching: is "Password" and view.getParent() view.getParent() view.getId() is <2131231264/ru.iteco.fmhandroid:id/password_text_input_layout>)
09-07 04:28:43.180  1792  2272 E GnssHAL_GnssInterface: gnssSvStatusCb: a: input svInfo.flags is 8
09-07 04:28:43.180  1792  2272 E GnssHAL_GnssInterface: gnssSvStatusCb: b: input svInfo.flags is 8
09-07 04:28:43.184 24475 24475 I ViewInteraction: Performing 'wait for a specific view with <(view.getId() is <2131231039/ru.iteco.fmhandroid:id/enter_button> and an instance of android.widget.TextView and view.getText() with or without transformation to match: is "SIGN IN" and view.getContentDescription() is "Save" and view.getParent() view.getParent() an instance of android.widget.RelativeLayout)> during 10000 millis.' action on view view.getRootView() to equal view
09-07 04:28:43.187 24475 24475 I ViewInteraction: Checking 'MatchesViewAssertion{viewMatcher=view.isClickable() is <true>}' assertion on view (view.getId() is <2131231039/ru.iteco.fmhandroid:id/enter_button> and an instance of android.widget.TextView and view.getText() with or without transformation to match: is "SIGN IN" and view.getContentDescription() is "Save" and view.getParent() view.getParent() an instance of android.widget.RelativeLayout)
09-07 04:28:43.191 24475 24475 I ViewInteraction: Performing 'wait for a specific view with <(view.getId() is <2131231039/ru.iteco.fmhandroid:id/enter_button> and an instance of android.widget.TextView and view.getText() with or without transformation to match: is "SIGN IN" and view.getContentDescription() is "Save" and view.getParent() view.getParent() an instance of android.widget.RelativeLayout)> during 10000 millis.' action on view view.getRootView() to equal view
09-07 04:28:43.204 24475 24475 I ViewInteraction: Checking 'MatchesViewAssertion{viewMatcher=view.isClickable() is <true>}' assertion on view (view.getId() is <2131231039/ru.iteco.fmhandroid:id/enter_button> and an instance of android.widget.TextView and view.getText() with or without transformation to match: is "SIGN IN" and view.getContentDescription() is "Save" and view.getParent() view.getParent() an instance of android.widget.RelativeLayout)
09-07 04:28:43.209 24475 24475 I ViewInteraction: Performing 'wait for a specific view with <(view.getId() is <2131231039/ru.iteco.fmhandroid:id/enter_button> and an instance of android.widget.TextView and view.getText() with or without transformation to match: is "SIGN IN" and view.getContentDescription() is "Save" and view.getParent() view.getParent() an instance of android.widget.RelativeLayout)> during 10000 millis.' action on view view.getRootView() to equal view
09-07 04:28:43.213 24475 24475 I ViewInteraction: Performing 'single click' action on view (view.getId() is <2131231039/ru.iteco.fmhandroid:id/enter_button> and an instance of android.widget.TextView and view.getText() with or without transformation to match: is "SIGN IN" and view.getContentDescription() is "Save" and view.getParent() view.getParent() an instance of android.widget.RelativeLayout)
09-07 04:28:43.259 24475 24616 I okhttp.OkHttpClient: --> POST http://www.981757-ca08998.tmweb.ru:8080/fmh/authentication/login
09-07 04:28:43.259 24475 24616 I okhttp.OkHttpClient: Content-Type: application/json; charset=UTF-8
09-07 04:28:43.259 24475 24616 I okhttp.OkHttpClient: Content-Length: 41
09-07 04:28:43.260 24475 24616 I okhttp.OkHttpClient: {"login":"login2","password":"password2"}
09-07 04:28:43.260 24475 24616 I okhttp.OkHttpClient: --> END POST (41-byte body)
09-07 04:28:43.488 24475 24475 I ViewInteraction: Performing 'wait for a specific view with <an instance of android.widget.TextView and view.getText() with or without transformation to match: is "News"> during 10000 millis.' action on view view.getRootView() to equal view
09-07 04:28:44.180  1792  2272 E GnssHAL_GnssInterface: gnssSvStatusCb: a: input svInfo.flags is 8
09-07 04:28:44.181  1792  2272 E GnssHAL_GnssInterface: gnssSvStatusCb: b: input svInfo.flags is 8
09-07 04:28:45.183  1792  2272 E GnssHAL_GnssInterface: gnssSvStatusCb: a: input svInfo.flags is 8
09-07 04:28:45.183  1792  2272 E GnssHAL_GnssInterface: gnssSvStatusCb: b: input svInfo.flags is 8
09-07 04:28:45.449 24475 24590 I okhttp.OkHttpClient: <-- HTTP FAILED: java.net.SocketTimeoutException: timeout
09-07 04:28:45.452 24475 24475 W System.err: ru.iteco.fmhandroid.exceptions.ServerException
09-07 04:28:45.452 24475 24475 W System.err: 	at ru.iteco.fmhandroid.utils.Utils.makeRequest(Utils.kt:119)
09-07 04:28:45.452 24475 24475 W System.err: 	at ru.iteco.fmhandroid.utils.Utils$makeRequest$1.invokeSuspend(Unknown Source:15)
09-07 04:28:45.452 24475 24475 W System.err: 	at kotlin.coroutines.jvm.internal.BaseContinuationImpl.resumeWith(ContinuationImpl.kt:33)
09-07 04:28:45.452 24475 24475 W System.err: 	at kotlinx.coroutines.DispatchedTask.run(DispatchedTask.kt:104)
09-07 04:28:45.452 24475 24475 W System.err: 	at android.os.Handler.handleCallback(Handler.java:883)
09-07 04:28:45.452 24475 24475 W System.err: 	at android.os.Handler.dispatchMessage(Handler.java:100)
09-07 04:28:45.453 24475 24475 W System.err: 	at androidx.test.espresso.base.Interrogator.loopAndInterrogate(Interrogator.java:14)
09-07 04:28:45.453 24475 24475 W System.err: 	at androidx.test.espresso.base.UiControllerImpl.loopUntil(UiControllerImpl.java:8)
09-07 04:28:45.453 24475 24475 W System.err: 	at androidx.test.espresso.base.UiControllerImpl.loopUntil(UiControllerImpl.java:1)
09-07 04:28:45.453 24475 24475 W System.err: 	at androidx.test.espresso.base.UiControllerImpl.loopMainThreadForAtLeast(UiControllerImpl.java:7)
09-07 04:28:45.453 24475 24475 W System.err: 	at ru.iteco.fmhandroid.ui.data.ViewActions$1.perform(ViewActions.java:48)
09-07 04:28:45.453 24475 24475 W System.err: 	at androidx.test.espresso.ViewInteraction$SingleExecutionViewAction.perform(ViewInteraction.java:2)
09-07 04:28:45.453 24475 24475 W System.err: 	at androidx.test.espresso.ViewInteraction.doPerform(ViewInteraction.java:25)
09-07 04:28:45.454 24475 24475 W System.err: 	at androidx.test.espresso.ViewInteraction.-$$Nest$mdoPerform(Unknown Source:0)
09-07 04:28:45.454 24475 24475 W System.err: 	at androidx.test.espresso.ViewInteraction$1.call(ViewInteraction.java:7)
09-07 04:28:45.454 24475 24475 W System.err: 	at androidx.test.espresso.ViewInteraction$1.call(ViewInteraction.java:1)
09-07 04:28:45.454 24475 24475 W System.err: 	at java.util.concurrent.FutureTask.run(FutureTask.java:266)
09-07 04:28:45.454 24475 24475 W System.err: 	at android.os.Handler.handleCallback(Handler.java:883)
09-07 04:28:45.454 24475 24475 W System.err: 	at android.os.Handler.dispatchMessage(Handler.java:100)
09-07 04:28:45.454 24475 24475 W System.err: 	at android.os.Looper.loop(Looper.java:214)
09-07 04:28:45.454 24475 24475 W System.err: 	at android.app.ActivityThread.main(ActivityThread.java:7356)
09-07 04:28:45.455 24475 24475 W System.err: 	at java.lang.reflect.Method.invoke(Native Method)
09-07 04:28:45.455 24475 24475 W System.err: 	at com.android.internal.os.RuntimeInit$MethodAndArgsCaller.run(RuntimeInit.java:492)
09-07 04:28:45.455 24475 24475 W System.err: 	at com.android.internal.os.ZygoteInit.main(ZygoteInit.java:930)
09-07 04:28:46.182  1792  2272 E GnssHAL_GnssInterface: gnssSvStatusCb: a: input svInfo.flags is 8
09-07 04:28:46.182  1792  2272 E GnssHAL_GnssInterface: gnssSvStatusCb: b: input svInfo.flags is 8
09-07 04:28:46.393  1781  1781 W audio_hw_generic: Not supplying enough data to HAL, expected position 53760274 , only wrote 53587270
09-07 04:28:47.136  1937  1937 E netmgr  : Failed to open QEMU pipe 'qemud:network': Invalid argument
09-07 04:28:47.181  1792  2272 E GnssHAL_GnssInterface: gnssSvStatusCb: a: input svInfo.flags is 8
09-07 04:28:47.182  1792  2272 E GnssHAL_GnssInterface: gnssSvStatusCb: b: input svInfo.flags is 8
09-07 04:28:47.248  7867  7867 D BoundBrokerSvc: onUnbind: Intent { act=com.google.android.gms.inappreach.service.START dat=chimera-action: cmp=com.google.android.gms/.chimera.GmsApiService }
09-07 04:28:47.429  1939  1939 E wifi_forwarder: RemoteConnection failed to initialize: RemoteConnection failed to open pipe
09-07 04:28:48.182  1792  2272 E GnssHAL_GnssInterface: gnssSvStatusCb: a: input svInfo.flags is 8
09-07 04:28:48.182  1792  2272 E GnssHAL_GnssInterface: gnssSvStatusCb: b: input svInfo.flags is 8
09-07 04:28:49.180  1792  2272 E GnssHAL_GnssInterface: gnssSvStatusCb: a: input svInfo.flags is 8
09-07 04:28:49.180  1792  2272 E GnssHAL_GnssInterface: gnssSvStatusCb: b: input svInfo.flags is 8
09-07 04:28:49.253 24475 24616 I okhttp.OkHttpClient: <-- 200 http://www.981757-ca08998.tmweb.ru:8080/fmh/authentication/login (5992ms)
09-07 04:28:49.253 24475 24616 I okhttp.OkHttpClient: Vary: Origin
09-07 04:28:49.253 24475 24616 I okhttp.OkHttpClient: Vary: Access-Control-Request-Method
09-07 04:28:49.253 24475 24616 I okhttp.OkHttpClient: Vary: Access-Control-Request-Headers
09-07 04:28:49.253 24475 24616 I okhttp.OkHttpClient: X-Content-Type-Options: nosniff
09-07 04:28:49.253 24475 24616 I okhttp.OkHttpClient: X-XSS-Protection: 1; mode=block
09-07 04:28:49.253 24475 24616 I okhttp.OkHttpClient: Cache-Control: no-cache, no-store, max-age=0, must-revalidate
09-07 04:28:49.253 24475 24616 I okhttp.OkHttpClient: Pragma: no-cache
09-07 04:28:49.253 24475 24616 I okhttp.OkHttpClient: Expires: 0
09-07 04:28:49.253 24475 24616 I okhttp.OkHttpClient: X-Frame-Options: DENY
09-07 04:28:49.254 24475 24616 I okhttp.OkHttpClient: Content-Type: application/json
09-07 04:28:49.254 24475 24616 I okhttp.OkHttpClient: Transfer-Encoding: chunked
09-07 04:28:49.254 24475 24616 I okhttp.OkHttpClient: Date: Thu, 07 Sep 2023 04:28:50 GMT
09-07 04:28:49.254 24475 24616 I okhttp.OkHttpClient: Keep-Alive: timeout=60
09-07 04:28:49.254 24475 24616 I okhttp.OkHttpClient: Connection: keep-alive
09-07 04:28:49.255 24475 24616 I okhttp.OkHttpClient: {"accessToken":"eyJhbGciOiJIUzUxMiJ9.eyJzdWIiOiJsb2dpbjIiLCJqdGkiOiIxIiwiZXhwIjoxNjk0MTQ3MzI5fQ.JYSu5esUNtc_QYt7jp8BUH3aYfjDG1yTZptOimw9VDpTCMyWuyfbxS0gR9LOO_nGf6BnY_mkVoawRWZIJ8G8fA","refreshToken":"eyJhbGciOiJIUzUxMiJ9.eyJzdWIiOiJsb2dpbjIiLCJqdGkiOiIxIiwiZXhwIjoxNjk2NjUyOTI5fQ.f_m5tu4k0F-lTmdQ2y6KmnUhAxcCy_hJxNuuL9xYTg8eecl6YLBl51bNRyyhrbQx2jk5_iSgTcIi3Ona2Rp1pQ"}
09-07 04:28:49.255 24475 24616 I okhttp.OkHttpClient: <-- END HTTP (368-byte body)
09-07 04:28:49.258 24475 24584 I okhttp.OkHttpClient: --> GET http://www.981757-ca08998.tmweb.ru:8080/fmh/authentication/userInfo
09-07 04:28:49.259 24475 24584 I okhttp.OkHttpClient: --> END GET
09-07 04:28:49.382 24475 24584 I okhttp.OkHttpClient: <-- 200 http://www.981757-ca08998.tmweb.ru:8080/fmh/authentication/userInfo (123ms)
09-07 04:28:49.382 24475 24584 I okhttp.OkHttpClient: Vary: Origin
09-07 04:28:49.382 24475 24584 I okhttp.OkHttpClient: Vary: Access-Control-Request-Method
09-07 04:28:49.382 24475 24584 I okhttp.OkHttpClient: Vary: Access-Control-Request-Headers
09-07 04:28:49.382 24475 24584 I okhttp.OkHttpClient: X-Content-Type-Options: nosniff
09-07 04:28:49.382 24475 24584 I okhttp.OkHttpClient: X-XSS-Protection: 1; mode=block
09-07 04:28:49.382 24475 24584 I okhttp.OkHttpClient: Cache-Control: no-cache, no-store, max-age=0, must-revalidate
09-07 04:28:49.382 24475 24584 I okhttp.OkHttpClient: Pragma: no-cache
09-07 04:28:49.383 24475 24584 I okhttp.OkHttpClient: Expires: 0
09-07 04:28:49.383 24475 24584 I okhttp.OkHttpClient: X-Frame-Options: DENY
09-07 04:28:49.383 24475 24584 I okhttp.OkHttpClient: Content-Type: application/json
09-07 04:28:49.383 24475 24584 I okhttp.OkHttpClient: Transfer-Encoding: chunked
09-07 04:28:49.383 24475 24584 I okhttp.OkHttpClient: Date: Thu, 07 Sep 2023 04:28:50 GMT
09-07 04:28:49.383 24475 24584 I okhttp.OkHttpClient: Keep-Alive: timeout=60
09-07 04:28:49.383 24475 24584 I okhttp.OkHttpClient: Connection: keep-alive
09-07 04:28:49.385 24475 24584 I okhttp.OkHttpClient: {"id":1,"firstName":"Ivan","lastName":"Ivanov","middleName":"Ivanovich","admin":true}
09-07 04:28:49.385 24475 24584 I okhttp.OkHttpClient: <-- END HTTP (85-byte body)
09-07 04:28:49.395 24475 24590 I okhttp.OkHttpClient: --> GET http://www.981757-ca08998.tmweb.ru:8080/fmh/claims
09-07 04:28:49.395 24475 24590 I okhttp.OkHttpClient: --> END GET
09-07 04:28:49.454 24475 24506 I teco.fmhandroi: Waiting for a blocking GC ProfileSaver
09-07 04:28:49.461 24475 24506 I teco.fmhandroi: WaitForGcToComplete blocked ProfileSaver on HeapTrim for 6.838ms
09-07 04:28:49.489 24475 24475 I ViewInteraction: Checking 'MatchesViewAssertion{viewMatcher=(view has effective visibility <VISIBLE> and view.getGlobalVisibleRect() to return non-empty rectangle)}' assertion on view an instance of android.widget.TextView and view.getText() with or without transformation to match: is "News"
09-07 04:28:49.504 24475 24475 I ViewInteraction: Performing 'wait for a specific view with <view.getId() is <2131230951>> during 10000 millis.' action on view view.getRootView() to equal view
09-07 04:28:49.513 24475 24475 I ViewInteraction: Checking 'MatchesViewAssertion{viewMatcher=(view has effective visibility <VISIBLE> and view.getGlobalVisibleRect() to return non-empty rectangle)}' assertion on view view.getId() is <2131230951/ru.iteco.fmhandroid:id/container_list_news_include_on_fragment_main>
09-07 04:28:49.520 24475 24475 I ViewInteraction: Performing 'wait for a specific view with <view.getId() is <2131230949>> during 10000 millis.' action on view view.getRootView() to equal view
09-07 04:28:49.536 24475 24475 I ViewInteraction: Checking 'MatchesViewAssertion{viewMatcher=(view has effective visibility <VISIBLE> and view.getGlobalVisibleRect() to return non-empty rectangle)}' assertion on view view.getId() is <2131230949/ru.iteco.fmhandroid:id/container_list_claim_include_on_fragment_main>
09-07 04:28:49.540 24475 24475 I ViewInteraction: Performing 'wait for a specific view with <an instance of android.widget.TextView and view.getText() with or without transformation to match: is "Claims"> during 10000 millis.' action on view view.getRootView() to equal view
09-07 04:28:49.543 24475 24475 I ViewInteraction: Checking 'MatchesViewAssertion{viewMatcher=(view has effective visibility <VISIBLE> and view.getGlobalVisibleRect() to return non-empty rectangle)}' assertion on view an instance of android.widget.TextView and view.getText() with or without transformation to match: is "Claims"
09-07 04:28:49.545 24475 24475 I ViewInteraction: Performing 'wait for a specific view with <view.getClass().getName() matches: a string ending with "ScrollView"> during 10000 millis.' action on view view.getRootView() to equal view
09-07 04:28:49.548 24475 24475 I ViewInteraction: Checking 'MatchesViewAssertion{viewMatcher=view.isEnabled() is <true>}' assertion on view view.getClass().getName() matches: a string ending with "ScrollView"
09-07 04:28:49.549 24475 24475 I ViewInteraction: Performing 'wait for a specific view with <view.getClass().getName() matches: a string ending with "ScrollView"> during 10000 millis.' action on view view.getRootView() to equal view
09-07 04:28:49.557 24475 24475 I ViewInteraction: Performing 'fast swipe' action on view view.getClass().getName() matches: a string ending with "ScrollView"
09-07 04:28:49.561  2037  2132 V InputDispatcher: Asynchronous input event injection succeeded.
09-07 04:28:49.701  2037  2132 I chatty  : uid=1000(system) InputDispatcher identical 9 lines
09-07 04:28:49.702  2037  2132 V InputDispatcher: Asynchronous input event injection succeeded.
09-07 04:28:50.122  1774 24858 E ResolverController: No valid NAT64 prefix (101, <unspecified>/0)
09-07 04:28:50.180  1792  2272 E GnssHAL_GnssInterface: gnssSvStatusCb: a: input svInfo.flags is 8
09-07 04:28:50.180  1792  2272 E GnssHAL_GnssInterface: gnssSvStatusCb: b: input svInfo.flags is 8
09-07 04:28:51.181  1792  2272 E GnssHAL_GnssInterface: gnssSvStatusCb: a: input svInfo.flags is 8
09-07 04:28:51.182  1792  2272 E GnssHAL_GnssInterface: gnssSvStatusCb: b: input svInfo.flags is 8
09-07 04:28:52.181  1792  2272 E GnssHAL_GnssInterface: gnssSvStatusCb: a: input svInfo.flags is 8
09-07 04:28:52.181  1792  2272 E GnssHAL_GnssInterface: gnssSvStatusCb: b: input svInfo.flags is 8
09-07 04:28:53.059 24475 24475 I ViewInteraction: Performing 'wait for a specific view with <with id: 2131230916> during 10000 millis.' action on view view.getRootView() to equal view
09-07 04:28:53.067 24475 24475 I ViewInteraction: Performing 'single click' action on view with id: ru.iteco.fmhandroid:id/claim_list_recycler_view
09-07 04:28:53.140 24475 24788 I okhttp.OkHttpClient: --> GET http://www.981757-ca08998.tmweb.ru:8080/fmh/claims/7805/comments
09-07 04:28:53.141 24475 24788 I okhttp.OkHttpClient: --> END GET
09-07 04:28:53.148  1774 24864 E ResolverController: No valid NAT64 prefix (101, <unspecified>/0)
09-07 04:28:53.155  1781  6116 W audio_hw_generic: Not supplying enough data to HAL, expected position 53587364 , only wrote 53587270
09-07 04:28:53.181  1792  2272 E GnssHAL_GnssInterface: gnssSvStatusCb: a: input svInfo.flags is 8
09-07 04:28:53.181  1792  2272 E GnssHAL_GnssInterface: gnssSvStatusCb: b: input svInfo.flags is 8
09-07 04:28:53.367 24475 24475 I ViewInteraction: Performing 'wait for a specific view with <view.getId() is <2131230989>> during 10000 millis.' action on view view.getRootView() to equal view
09-07 04:28:53.606 24475 24788 I okhttp.OkHttpClient: <-- 200 http://www.981757-ca08998.tmweb.ru:8080/fmh/claims/7805/comments (464ms)
09-07 04:28:53.606 24475 24788 I okhttp.OkHttpClient: Vary: Origin
09-07 04:28:53.607 24475 24788 I okhttp.OkHttpClient: Vary: Access-Control-Request-Method
09-07 04:28:53.607 24475 24788 I okhttp.OkHttpClient: Vary: Access-Control-Request-Headers
09-07 04:28:53.607 24475 24788 I okhttp.OkHttpClient: X-Content-Type-Options: nosniff
09-07 04:28:53.608 24475 24788 I okhttp.OkHttpClient: X-XSS-Protection: 1; mode=block
09-07 04:28:53.608 24475 24788 I okhttp.OkHttpClient: Cache-Control: no-cache, no-store, max-age=0, must-revalidate
09-07 04:28:53.609 24475 24788 I okhttp.OkHttpClient: Pragma: no-cache
09-07 04:28:53.609 24475 24788 I okhttp.OkHttpClient: Expires: 0
09-07 04:28:53.610 24475 24788 I okhttp.OkHttpClient: X-Frame-Options: DENY
09-07 04:28:53.610 24475 24788 I okhttp.OkHttpClient: Content-Type: application/json
09-07 04:28:53.610 24475 24788 I okhttp.OkHttpClient: Transfer-Encoding: chunked
09-07 04:28:53.610 24475 24788 I okhttp.OkHttpClient: Date: Thu, 07 Sep 2023 04:28:54 GMT
09-07 04:28:53.611 24475 24788 I okhttp.OkHttpClient: Keep-Alive: timeout=60
09-07 04:28:53.611 24475 24788 I okhttp.OkHttpClient: Connection: keep-alive
09-07 04:28:53.612 24475 24788 I okhttp.OkHttpClient: [{"id":6895,"claimId":7805,"description":"  ","creatorId":1,"createDate":1693906956,"creatorName":"Ivanov Ivan Ivanovich"},{"id":6901,"claimId":7805,"description":"      50  .","creatorId":1,"createDate":1693941051,"creatorName":"Ivanov Ivan Ivanovich"},{"id":6902,"claimId":7805,"description":"      50  .","creatorId":1,"createDate":1693941122,"creatorName":"Ivanov Ivan Ivanovich"},{"id":6903,"claimId":7805,"description":"      50  .","creatorId":1,"createDate":1693959818,"creatorName":"Ivanov Ivan Ivanovich"},{"id":6931,"claimId":7805,"description":"      50  .","creatorId":1,"createDate":1694012584,"creatorName":"Ivanov Ivan Ivanovich"}]
09-07 04:28:53.612 24475 24788 I okhttp.OkHttpClient: <-- END HTTP (1083-byte body)
09-07 04:28:53.721 24475 24488 I teco.fmhandroi: Background young concurrent copying GC freed 48330(2224KB) AllocSpace objects, 3(112KB) LOS objects, 0% free, 15MB/15MB, paused 951us total 100.628ms
09-07 04:28:53.722 24475 24475 I ViewInteraction: Checking 'MatchesViewAssertion{viewMatcher=(view has effective visibility <VISIBLE> and view.getGlobalVisibleRect() to return non-empty rectangle)}' assertion on view view.getId() is <2131230989/ru.iteco.fmhandroid:id/description_text_view>
09-07 04:28:53.735 24475 24475 D takeScreenshot: Found 1 global views to redraw
09-07 04:28:53.767  1793  1793 D gralloc_ranchu: gralloc_alloc: Creating ashmem region of size 9850880
09-07 04:28:53.810 24475 24520 W DefaultFailureHandler: Failed to take screenshot
09-07 04:28:53.810 24475 24520 W DefaultFailureHandler: java.io.FileNotFoundException: view-op-error-9.png: open failed: EROFS (Read-only file system)
09-07 04:28:53.810 24475 24520 W DefaultFailureHandler: 	at libcore.io.IoBridge.open(IoBridge.java:496)
09-07 04:28:53.810 24475 24520 W DefaultFailureHandler: 	at java.io.FileOutputStream.<init>(FileOutputStream.java:235)
09-07 04:28:53.810 24475 24520 W DefaultFailureHandler: 	at java.io.FileOutputStream.<init>(FileOutputStream.java:125)
09-07 04:28:53.810 24475 24520 W DefaultFailureHandler: 	at androidx.test.platform.io.FileTestStorage.openOutputFile(FileTestStorage.java:60)
09-07 04:28:53.810 24475 24520 W DefaultFailureHandler: 	at androidx.test.core.graphics.BitmapStorage.writeToTestStorage(BitmapStorageExt.kt:49)
09-07 04:28:53.810 24475 24520 W DefaultFailureHandler: 	at androidx.test.espresso.base.DefaultFailureHandler.takeScreenshot(DefaultFailureHandler.java:4)
09-07 04:28:53.810 24475 24520 W DefaultFailureHandler: 	at androidx.test.espresso.base.DefaultFailureHandler.handle(DefaultFailureHandler.java:3)
09-07 04:28:53.810 24475 24520 W DefaultFailureHandler: 	at androidx.test.espresso.ViewInteraction.waitForAndHandleInteractionResults(ViewInteraction.java:5)
09-07 04:28:53.810 24475 24520 W DefaultFailureHandler: 	at androidx.test.espresso.ViewInteraction.check(ViewInteraction.java:12)
09-07 04:28:53.810 24475 24520 W DefaultFailureHandler: 	at ru.iteco.fmhandroid.ui.MainPageTest.shouldOpenClaimsItemDescription(MainPageTest.java:138)
09-07 04:28:53.810 24475 24520 W DefaultFailureHandler: 	at java.lang.reflect.Method.invoke(Native Method)
09-07 04:28:53.810 24475 24520 W DefaultFailureHandler: 	at org.junit.runners.model.FrameworkMethod$1.runReflectiveCall(FrameworkMethod.java:59)
09-07 04:28:53.810 24475 24520 W DefaultFailureHandler: 	at org.junit.internal.runners.model.ReflectiveCallable.run(ReflectiveCallable.java:12)
09-07 04:28:53.810 24475 24520 W DefaultFailureHandler: 	at org.junit.runners.model.FrameworkMethod.invokeExplosively(FrameworkMethod.java:56)
09-07 04:28:53.810 24475 24520 W DefaultFailureHandler: 	at org.junit.internal.runners.statements.InvokeMethod.evaluate(InvokeMethod.java:17)
09-07 04:28:53.810 24475 24520 W DefaultFailureHandler: 	at androidx.test.internal.runner.junit4.statement.RunBefores.evaluate(RunBefores.java:80)
09-07 04:28:53.810 24475 24520 W DefaultFailureHandler: 	at io.qameta.allure.android.rules.ScreenshotRule$apply$1.evaluate(ScreenshotRule.kt:22)
09-07 04:28:53.810 24475 24520 W DefaultFailureHandler: 	at org.junit.rules.ExternalResource$1.evaluate(ExternalResource.java:54)
09-07 04:28:53.810 24475 24520 W DefaultFailureHandler: 	at io.qameta.allure.android.rules.LogcatRule$apply$1.evaluate(LogcatRule.kt:23)
09-07 04:28:53.810 24475 24520 W DefaultFailureHandler: 	at org.junit.rules.RunRules.evaluate(RunRules.java:20)
09-07 04:28:53.810 24475 24520 W DefaultFailureHandler: 	at org.junit.runners.ParentRunner$3.evaluate(ParentRunner.java:306)
09-07 04:28:53.810 24475 24520 W DefaultFailureHandler: 	at org.junit.runners.BlockJUnit4ClassRunner$1.evaluate(BlockJUnit4ClassRunner.java:100)
09-07 04:28:53.810 24475 24520 W DefaultFailureHandler: 	at org.junit.runners.ParentRunner.runLeaf(ParentRunner.java:366)
09-07 04:28:53.810 24475 24520 W DefaultFailureHandler: 	at org.junit.runners.BlockJUnit4ClassRunner.runChild(BlockJUnit4ClassRunner.java:103)
09-07 04:28:53.810 24475 24520 W DefaultFailureHandler: 	at org.junit.runners.BlockJUnit4ClassRunner.runChild(BlockJUnit4ClassRunner.java:63)
09-07 04:28:53.810 24475 24520 W DefaultFailureHandler: 	at org.junit.runners.ParentRunner$4.run(ParentRunner.java:331)
09-07 04:28:53.810 24475 24520 W DefaultFailureHandler: 	at org.junit.runners.ParentRunner$1.schedule(ParentRunner.java:79)
09-07 04:28:53.810 24475 24520 W DefaultFailureHandler: 	at org.junit.runners.ParentRunner.runChildren(ParentRunner.java:329)
09-07 04:28:53.810 24475 24520 W DefaultFailureHandler: 	at org.junit.runners.ParentRunner.access$100(ParentRunner.java:66)
09-07 04:28:53.810 24475 24520 W DefaultFailureHandler: 	at org.junit.runners.ParentRunner$2.evaluate(ParentRunner.java:293)
09-07 04:28:53.810 24475 24520 W DefaultFailureHandler: 	at org.junit.runners.ParentRunner$3.evaluate(ParentRunner.java:306)
09-07 04:28:53.810 24475 24520 W DefaultFailureHandler: 	at org.junit.runners.ParentRunner.run(ParentRunner.java:413)
09-07 04:28:53.810 24475 24520 W DefaultFailureHandler: 	at androidx.test.ext.junit.runners.AndroidJUnit4.run(AndroidJUnit4.java:162)
09-07 04:28:53.810 24475 24520 W DefaultFailureHandler: 	at io.qameta.allure.android.runners.AllureAndroidJUnit4.run(AllureAndroidJUnitRunners.kt:29)
09-07 04:28:53.810 24475 24520 W DefaultFailureHandler: 	at org.junit.runners.Suite.runChild(Suite.java:128)
09-07 04:28:53.810 24475 24520 W DefaultFailureHandler: 	at org.junit.runners.Suite.runChild(Suite.java:27)
09-07 04:28:53.810 24475 24520 W DefaultFailureHandler: 	at org.junit.runners.ParentRunner$4.run(ParentRunner.java:331)
09-07 04:28:53.810 24475 24520 W DefaultFailureHandler: 	at org.junit.runners.ParentRunner$1.schedule(ParentRunner.java:79)
09-07 04:28:53.810 24475 24520 W DefaultFailureHandler: 	at org.junit.runners.ParentRunner.runChildren(ParentRunner.java:329)
09-07 04:28:53.810 24475 24520 W DefaultFailureHandler: 	at org.junit.runners.ParentRunner.access$100(ParentRunner.java:66)
09-07 04:28:53.810 24475 24520 W DefaultFailureHandler: 	at org.junit.runners.ParentRunner$2.evaluate(ParentRunner.java:293)
09-07 04:28:53.810 24475 24520 W DefaultFailureHandler: 	at org.junit.runners.ParentRunner$3.evaluate(ParentRunner.java:306)
09-07 04:28:53.810 24475 24520 W DefaultFailureHandler: 	at org.junit.runners.ParentRunner.run(ParentRunner.java:413)
09-07 04:28:53.810 24475 24520 W DefaultFailureHandler: 	at org.junit.runner.JUnitCore.run(JUnitCore.java:137)
09-07 04:28:53.810 24475 24520 W DefaultFailureHandler: 	at org.junit.runner.JUnitCore.run(JUnitCore.java:115)
09-07 04:28:53.810 24475 24520 W DefaultFailureHandler: 	at androidx.test.internal.runner.TestExecutor.execute(TestExecutor.java:67)
09-07 04:28:53.810 24475 24520 W DefaultFailureHandler: 	at androidx.test.internal.runner.TestExecutor.execute(TestExecutor.java:58)
09-07 04:28:53.810 24475 24520 W DefaultFailureHandler: 	at androidx.test.runner.AndroidJUnitRunner.onStart(AndroidJUnitRunner.java:438)
09-07 04:28:53.810 24475 24520 W DefaultFailureHandler: 	at android.app.Instrumentation$InstrumentationThread.run(Instrumentation.java:2189)
09-07 04:28:53.810 24475 24520 W DefaultFailureHandler: Caused by: android.system.ErrnoException: open failed: EROFS (Read-only file system)
09-07 04:28:53.810 24475 24520 W DefaultFailureHandler: 	at libcore.io.Linux.open(Native Method)
09-07 04:28:53.810 24475 24520 W DefaultFailureHandler: 	at libcore.io.ForwardingOs.open(ForwardingOs.java:167)
09-07 04:28:53.810 24475 24520 W DefaultFailureHandler: 	at libcore.io.BlockGuardOs.open(BlockGuardOs.java:252)
09-07 04:28:53.810 24475 24520 W DefaultFailureHandler: 	at libcore.io.ForwardingOs.open(ForwardingOs.java:167)
09-07 04:28:53.810 24475 24520 W DefaultFailureHandler: 	at android.app.ActivityThread$AndroidOs.open(ActivityThread.java:7255)
09-07 04:28:53.810 24475 24520 W DefaultFailureHandler: 	at libcore.io.IoBridge.open(IoBridge.java:482)
09-07 04:28:53.810 24475 24520 W DefaultFailureHandler: 	... 48 more
09-07 04:28:53.812  1793  1793 D gralloc_ranchu: gralloc_alloc: Creating ashmem region of size 9850880
09-07 04:28:53.948  2037  4391 I ActivityTaskManager: START u0 {act=android.intent.action.MAIN cat=[android.intent.category.LAUNCHER] flg=0x10000000 cmp=ru.iteco.fmhandroid.test/androidx.test.core.app.InstrumentationActivityInvoker$EmptyActivity} from uid 10136
09-07 04:28:53.953 24475 24475 D LifecycleMonitor: Lifecycle status change: ru.iteco.fmhandroid.ui.AppActivity@c0c9c3e in: PAUSED
09-07 04:28:53.954 24475 24475 V ActivityScenario: Update currentActivityStage to PAUSED, currentActivity=ru.iteco.fmhandroid.ui.AppActivity@c0c9c3e
09-07 04:28:53.954  2037  4391 W InputReader: Device has associated, but no associated display id.
09-07 04:28:53.956  2037  4391 I chatty  : uid=1000(system) Binder:2037_13 identical 38 lines
09-07 04:28:53.956  2037  4391 W InputReader: Device has associated, but no associated display id.
09-07 04:28:53.956 24475 24522 V FA      : Recording user engagement, ms: 21762
09-07 04:28:53.956 24532 24532 W ActivityThread: handleWindowVisibility: no activity for token android.os.BinderProxy@f88b11d
09-07 04:28:53.958  2037  4391 W InputReader: Device has associated, but no associated display id.
09-07 04:28:53.990  2037  2310 I ActivityTaskManager: START u0 {act=android.intent.action.MAIN cat=[android.intent.category.LAUNCHER] flg=0x10000000 cmp=ru.iteco.fmhandroid.test/androidx.test.core.app.InstrumentationActivityInvoker$EmptyActivity} from uid 10136
09-07 04:28:53.958  2037  4391 I chatty  : uid=1000(system) Binder:2037_13 identical 8 lines
09-07 04:28:53.958  2037  4391 W InputReader: Device has associated, but no associated display id.
09-07 04:28:53.997 24475 24522 V FA      : Connecting to remote service
09-07 04:28:54.009  7867  7867 D BoundBrokerSvc: onBind: Intent { act=com.google.android.gms.measurement.START pkg=com.google.android.gms }
09-07 04:28:54.009  7867  7867 D BoundBrokerSvc: Loading bound service for intent: Intent { act=com.google.android.gms.measurement.START pkg=com.google.android.gms }
09-07 04:28:54.012  1793  1793 D gralloc_ranchu: gralloc_alloc: Creating ashmem region of size 9850880
09-07 04:28:54.020  1793  1793 D gralloc_ranchu: gralloc_alloc: Creating ashmem region of size 9850880
09-07 04:28:54.025 24532 24566 D EGL_emulation: eglMakeCurrent: 0xda21a3c0: ver 2 0 (tinfo 0xda20f060)
09-07 04:28:54.025  1793  1793 D gralloc_ranchu: gralloc_alloc: Creating ashmem region of size 9850880
09-07 04:28:54.031 24475 24522 V FA      : Connection attempt already in progress
09-07 04:28:54.032 24475 24522 V FA      : Activity paused, time: 3857848
09-07 04:28:54.049 24475 24522 D FA      : Connected to remote service
09-07 04:28:54.049 24475 24522 V FA      : Processing queued up service tasks: 2
09-07 04:28:54.051  2037  4391 W InputReader: Device has associated, but no associated display id.
09-07 04:28:54.053  2037  4391 I chatty  : uid=1000(system) Binder:2037_13 identical 48 lines
