--------- beginning of main
09-07 04:28:29.180  1792  2272 E GnssHAL_GnssInterface: gnssSvStatusCb: a: input svInfo.flags is 8
09-07 04:28:29.180  1792  2272 E GnssHAL_GnssInterface: gnssSvStatusCb: b: input svInfo.flags is 8
09-07 04:28:29.531  1781  1781 W audio_hw_generic: Not supplying enough data to HAL, expected position 53443613 , only wrote 53274617
09-07 04:28:30.179  1792  2272 E GnssHAL_GnssInterface: gnssSvStatusCb: a: input svInfo.flags is 8
09-07 04:28:30.179  1792  2272 E GnssHAL_GnssInterface: gnssSvStatusCb: b: input svInfo.flags is 8
09-07 04:28:30.353  7867  7867 D BoundBrokerSvc: onUnbind: Intent { act=com.google.android.gms.inappreach.service.START dat=chimera-action: cmp=com.google.android.gms/.chimera.GmsApiService }
09-07 04:28:30.768 24475 24616 I okhttp.OkHttpClient: <-- 200 http://www.981757-ca08998.tmweb.ru:8080/fmh/authentication/login (4373ms)
09-07 04:28:30.768 24475 24616 I okhttp.OkHttpClient: Vary: Origin
09-07 04:28:30.768 24475 24616 I okhttp.OkHttpClient: Vary: Access-Control-Request-Method
09-07 04:28:30.768 24475 24616 I okhttp.OkHttpClient: Vary: Access-Control-Request-Headers
09-07 04:28:30.768 24475 24616 I okhttp.OkHttpClient: X-Content-Type-Options: nosniff
09-07 04:28:30.768 24475 24616 I okhttp.OkHttpClient: X-XSS-Protection: 1; mode=block
09-07 04:28:30.768 24475 24616 I okhttp.OkHttpClient: Cache-Control: no-cache, no-store, max-age=0, must-revalidate
09-07 04:28:30.768 24475 24616 I okhttp.OkHttpClient: Pragma: no-cache
09-07 04:28:30.768 24475 24616 I okhttp.OkHttpClient: Expires: 0
09-07 04:28:30.768 24475 24616 I okhttp.OkHttpClient: X-Frame-Options: DENY
09-07 04:28:30.768 24475 24616 I okhttp.OkHttpClient: Content-Type: application/json
09-07 04:28:30.769 24475 24616 I okhttp.OkHttpClient: Transfer-Encoding: chunked
09-07 04:28:30.769 24475 24616 I okhttp.OkHttpClient: Date: Thu, 07 Sep 2023 04:28:31 GMT
09-07 04:28:30.769 24475 24616 I okhttp.OkHttpClient: Keep-Alive: timeout=60
09-07 04:28:30.769 24475 24616 I okhttp.OkHttpClient: Connection: keep-alive
09-07 04:28:30.769 24475 24616 I okhttp.OkHttpClient: {"accessToken":"eyJhbGciOiJIUzUxMiJ9.eyJzdWIiOiJsb2dpbjIiLCJqdGkiOiIxIiwiZXhwIjoxNjk0MTQ3MzExfQ.62Sm3yjqjAoT2c4_mfU6DNmnuseUudrAy-T2VyzuK4ejhNmK9KYdVNJ0ljZiK0CmgRctv0oKnIHz4heYPSpeEg","refreshToken":"eyJhbGciOiJIUzUxMiJ9.eyJzdWIiOiJsb2dpbjIiLCJqdGkiOiIxIiwiZXhwIjoxNjk2NjUyOTExfQ.B3MXZLl2RUrtFML7FtiZN-NsABVszzLTEugWtGCkOQDwe82nIw45Rwutn0HZSbXizaovcAqPWEIS1v260WZcuQ"}
09-07 04:28:30.769 24475 24616 I okhttp.OkHttpClient: <-- END HTTP (368-byte body)
09-07 04:28:30.771 24475 24584 I okhttp.OkHttpClient: --> GET http://www.981757-ca08998.tmweb.ru:8080/fmh/authentication/userInfo
09-07 04:28:30.772 24475 24584 I okhttp.OkHttpClient: --> END GET
09-07 04:28:30.976 24475 24584 I okhttp.OkHttpClient: <-- 200 http://www.981757-ca08998.tmweb.ru:8080/fmh/authentication/userInfo (203ms)
09-07 04:28:30.976 24475 24584 I okhttp.OkHttpClient: Vary: Origin
09-07 04:28:30.976 24475 24584 I okhttp.OkHttpClient: Vary: Access-Control-Request-Method
09-07 04:28:30.977 24475 24584 I okhttp.OkHttpClient: Vary: Access-Control-Request-Headers
09-07 04:28:30.977 24475 24584 I okhttp.OkHttpClient: X-Content-Type-Options: nosniff
09-07 04:28:30.977 24475 24584 I okhttp.OkHttpClient: X-XSS-Protection: 1; mode=block
09-07 04:28:30.978 24475 24584 I okhttp.OkHttpClient: Cache-Control: no-cache, no-store, max-age=0, must-revalidate
09-07 04:28:30.978 24475 24584 I okhttp.OkHttpClient: Pragma: no-cache
09-07 04:28:30.980 24475 24584 I okhttp.OkHttpClient: Expires: 0
09-07 04:28:30.980 24475 24584 I okhttp.OkHttpClient: X-Frame-Options: DENY
09-07 04:28:30.980 24475 24584 I okhttp.OkHttpClient: Content-Type: application/json
09-07 04:28:30.980 24475 24584 I okhttp.OkHttpClient: Transfer-Encoding: chunked
09-07 04:28:30.981 24475 24584 I okhttp.OkHttpClient: Date: Thu, 07 Sep 2023 04:28:31 GMT
09-07 04:28:30.982 24475 24584 I okhttp.OkHttpClient: Keep-Alive: timeout=60
09-07 04:28:30.983 24475 24584 I okhttp.OkHttpClient: Connection: keep-alive
09-07 04:28:30.984 24475 24584 I okhttp.OkHttpClient: {"id":1,"firstName":"Ivan","lastName":"Ivanov","middleName":"Ivanovich","admin":true}
09-07 04:28:30.985 24475 24584 I okhttp.OkHttpClient: <-- END HTTP (85-byte body)
09-07 04:28:30.995 24475 24590 I okhttp.OkHttpClient: --> GET http://www.981757-ca08998.tmweb.ru:8080/fmh/claims
09-07 04:28:30.996 24475 24590 I okhttp.OkHttpClient: --> END GET
09-07 04:28:31.008  1774 24822 E ResolverController: No valid NAT64 prefix (101, <unspecified>/0)
09-07 04:28:31.063 24475 24475 I ViewInteraction: Checking 'MatchesViewAssertion{viewMatcher=(view has effective visibility <VISIBLE> and view.getGlobalVisibleRect() to return non-empty rectangle)}' assertion on view an instance of android.widget.TextView and view.getText() with or without transformation to match: is "News"
09-07 04:28:31.065 24475 24475 I ViewInteraction: Performing 'wait for a specific view with <view.getId() is <2131230951>> during 10000 millis.' action on view view.getRootView() to equal view
09-07 04:28:31.069 24475 24475 I ViewInteraction: Checking 'MatchesViewAssertion{viewMatcher=(view has effective visibility <VISIBLE> and view.getGlobalVisibleRect() to return non-empty rectangle)}' assertion on view view.getId() is <2131230951/ru.iteco.fmhandroid:id/container_list_news_include_on_fragment_main>
09-07 04:28:31.071 24475 24475 I ViewInteraction: Performing 'wait for a specific view with <view.getId() is <2131230949>> during 10000 millis.' action on view view.getRootView() to equal view
09-07 04:28:31.074 24475 24475 I ViewInteraction: Checking 'MatchesViewAssertion{viewMatcher=(view has effective visibility <VISIBLE> and view.getGlobalVisibleRect() to return non-empty rectangle)}' assertion on view view.getId() is <2131230949/ru.iteco.fmhandroid:id/container_list_claim_include_on_fragment_main>
09-07 04:28:31.077 24475 24475 I ViewInteraction: Performing 'wait for a specific view with <an instance of android.widget.TextView and view.getText() with or without transformation to match: is "Claims"> during 10000 millis.' action on view view.getRootView() to equal view
09-07 04:28:31.087 24475 24475 I ViewInteraction: Checking 'MatchesViewAssertion{viewMatcher=(view has effective visibility <VISIBLE> and view.getGlobalVisibleRect() to return non-empty rectangle)}' assertion on view an instance of android.widget.TextView and view.getText() with or without transformation to match: is "Claims"
09-07 04:28:31.091 24475 24475 I ViewInteraction: Performing 'wait for a specific view with <view.getId() is <2131230856>> during 10000 millis.' action on view view.getRootView() to equal view
09-07 04:28:31.095 24475 24475 I ViewInteraction: Performing 'single click' action on view view.getId() is <2131230856/ru.iteco.fmhandroid:id/all_claims_text_view>
09-07 04:28:31.145  1781  6116 W audio_hw_generic: Not supplying enough data to HAL, expected position 53274766 , only wrote 53274617
09-07 04:28:31.179  1792  2272 E GnssHAL_GnssInterface: gnssSvStatusCb: a: input svInfo.flags is 8
09-07 04:28:31.179  1792  2272 E GnssHAL_GnssInterface: gnssSvStatusCb: b: input svInfo.flags is 8
09-07 04:28:31.236 24475 24788 I okhttp.OkHttpClient: --> GET http://www.981757-ca08998.tmweb.ru:8080/fmh/claims
09-07 04:28:31.236 24475 24788 I okhttp.OkHttpClient: --> END GET
09-07 04:28:31.499 24475 24475 I ViewInteraction: Performing 'wait for a specific view with <an instance of android.widget.TextView and view.getText() with or without transformation to match: is "Claims"> during 10000 millis.' action on view view.getRootView() to equal view
09-07 04:28:31.501 24475 24475 I ViewInteraction: Checking 'MatchesViewAssertion{viewMatcher=(view has effective visibility <VISIBLE> and view.getGlobalVisibleRect() to return non-empty rectangle)}' assertion on view an instance of android.widget.TextView and view.getText() with or without transformation to match: is "Claims"
09-07 04:28:31.504 24475 24475 I ViewInteraction: Performing 'wait for a specific view with <view.getId() is <2131230916>> during 10000 millis.' action on view view.getRootView() to equal view
09-07 04:28:31.506 24475 24475 I ViewInteraction: Checking 'MatchesViewAssertion{viewMatcher=(view has effective visibility <VISIBLE> and view.getGlobalVisibleRect() to return non-empty rectangle)}' assertion on view view.getId() is <2131230916/ru.iteco.fmhandroid:id/claim_list_recycler_view>
--------- beginning of system
09-07 04:28:31.510  2037  2310 I ActivityTaskManager: START u0 {act=android.intent.action.MAIN cat=[android.intent.category.LAUNCHER] flg=0x10000000 cmp=ru.iteco.fmhandroid.test/androidx.test.core.app.InstrumentationActivityInvoker$EmptyActivity} from uid 10136
09-07 04:28:31.515 24475 24475 D LifecycleMonitor: Lifecycle status change: ru.iteco.fmhandroid.ui.AppActivity@c8474a2 in: PAUSED
09-07 04:28:31.515 24475 24475 V ActivityScenario: Update currentActivityStage to PAUSED, currentActivity=ru.iteco.fmhandroid.ui.AppActivity@c8474a2
09-07 04:28:31.515 24475 24522 V FA      : Recording user engagement, ms: 16175
09-07 04:28:31.515  2037  2310 W InputReader: Device has associated, but no associated display id.
09-07 04:28:31.516  2037  2310 I chatty  : uid=1000(system) Binder:2037_5 identical 38 lines
09-07 04:28:31.516  2037  2310 W InputReader: Device has associated, but no associated display id.
09-07 04:28:31.516 24532 24532 W ActivityThread: handleWindowVisibility: no activity for token android.os.BinderProxy@9d1cc0b
09-07 04:28:31.517  2037  2310 W InputReader: Device has associated, but no associated display id.
09-07 04:28:31.517  2037  2310 I chatty  : uid=1000(system) Binder:2037_5 identical 8 lines
09-07 04:28:31.517  2037  2310 W InputReader: Device has associated, but no associated display id.
09-07 04:28:31.566  1793  2554 D gralloc_ranchu: gralloc_alloc: Creating ashmem region of size 9850880
09-07 04:28:31.583  1793  2554 D gralloc_ranchu: gralloc_alloc: Creating ashmem region of size 9850880
09-07 04:28:31.586 24532 24566 D EGL_emulation: eglMakeCurrent: 0xda21a3c0: ver 2 0 (tinfo 0xda20f060)
09-07 04:28:31.590  1793  2554 D gralloc_ranchu: gralloc_alloc: Creating ashmem region of size 9850880
09-07 04:28:31.614 24475 24522 V FA      : Connecting to remote service
09-07 04:28:31.623  7867  7867 D BoundBrokerSvc: onBind: Intent { act=com.google.android.gms.measurement.START pkg=com.google.android.gms }
09-07 04:28:31.623  7867  7867 D BoundBrokerSvc: Loading bound service for intent: Intent { act=com.google.android.gms.measurement.START pkg=com.google.android.gms }
09-07 04:28:31.624  2037  2310 W InputReader: Device has associated, but no associated display id.
09-07 04:28:31.627  2037  2310 I chatty  : uid=1000(system) Binder:2037_5 identical 22 lines
09-07 04:28:31.628  2037  2310 W InputReader: Device has associated, but no associated display id.
09-07 04:28:31.628 24475 24522 V FA      : Connection attempt already in progress
09-07 04:28:31.628  2037  2310 W InputReader: Device has associated, but no associated display id.
09-07 04:28:31.628  2037  2310 I chatty  : uid=1000(system) Binder:2037_5 identical 4 lines
09-07 04:28:31.628  2037  2310 W InputReader: Device has associated, but no associated display id.
09-07 04:28:31.628 24475 24522 V FA      : Activity paused, time: 3835407
09-07 04:28:31.628  2037  2310 W InputReader: Device has associated, but no associated display id.
09-07 04:28:31.636  2037  2310 I chatty  : uid=1000(system) Binder:2037_5 identical 18 lines
09-07 04:28:31.636  2037  2310 W InputReader: Device has associated, but no associated display id.
09-07 04:28:31.642 24475 24522 D FA      : Connected to remote service
09-07 04:28:31.642 24532 24532 W ActivityThread: handleWindowVisibility: no activity for token android.os.BinderProxy@656538a
09-07 04:28:31.642 24475 24522 V FA      : Processing queued up service tasks: 2
09-07 04:28:31.550  2037  2310 I ActivityTaskManager: START u0 {act=android.intent.action.MAIN cat=[android.intent.category.LAUNCHER] flg=0x10000000 cmp=ru.iteco.fmhandroid.test/androidx.test.core.app.InstrumentationActivityInvoker$EmptyActivity} from uid 10136
09-07 04:28:31.659  2037  2310 W ActivityTaskManager: Duplicate finish request for ActivityRecord{72d141b u0 ru.iteco.fmhandroid/.ui.AppActivity t787 f}
09-07 04:28:31.691  1793  2554 D gralloc_ranchu: gralloc_alloc: Creating ashmem region of size 9850880
09-07 04:28:31.694  7867 22594 V FA-SVC  : Logging event: origin=auto,name=user_engagement(_e),params=Bundle[{ga_event_origin(_o)=auto, engagement_time_msec(_et)=16175, ga_screen_class(_sc)=AppActivity, ga_screen_id(_si)=6688537982189829871}]
09-07 04:28:31.698  1793  2554 D gralloc_ranchu: gralloc_alloc: Creating ashmem region of size 9850880
09-07 04:28:31.700 24532 24566 D EGL_emulation: eglMakeCurrent: 0xda21a3c0: ver 2 0 (tinfo 0xda20f060)
09-07 04:28:31.700  1793  2554 D gralloc_ranchu: gralloc_alloc: Creating ashmem region of size 9850880
09-07 04:28:31.725  2037  2061 W InputReader: Device has associated, but no associated display id.
09-07 04:28:31.725  2037  2061 I chatty  : uid=1000(system) android.anim identical 18 lines
09-07 04:28:31.725  2037  2061 W InputReader: Device has associated, but no associated display id.
09-07 04:28:31.726  2037  2065 I ActivityTaskManager: Displayed ru.iteco.fmhandroid.test/androidx.test.core.app.InstrumentationActivityInvoker$EmptyActivity: +99ms
09-07 04:28:31.731  2037  5231 W InputReader: Device has associated, but no associated display id.
09-07 04:28:31.732  2037  5231 I chatty  : uid=1000(system) Binder:2037_19 identical 8 lines
09-07 04:28:31.732  2037  5231 W InputReader: Device has associated, but no associated display id.
09-07 04:28:31.742 24475 24569 D EGL_emulation: eglMakeCurrent: 0xe2250800: ver 2 0 (tinfo 0xe233ab20)
09-07 04:28:31.753  2037  4315 W InputReader: Device has associated, but no associated display id.
09-07 04:28:31.753  2037  4315 I chatty  : uid=1000(system) Binder:2037_11 identical 8 lines
09-07 04:28:31.753  2037  4315 W InputReader: Device has associated, but no associated display id.
09-07 04:28:31.756  1823  1823 W SurfaceFlinger: couldn't log to binary event log: overflow.
09-07 04:28:31.764 24475 24475 D LifecycleMonitor: Lifecycle status change: ru.iteco.fmhandroid.ui.AppActivity@c8474a2 in: STOPPED
09-07 04:28:31.765 24475 24475 V ActivityScenario: Update currentActivityStage to STOPPED, currentActivity=ru.iteco.fmhandroid.ui.AppActivity@c8474a2
09-07 04:28:31.772  1793  2554 D gralloc_ranchu: gralloc_alloc: Creating ashmem region of size 9850880
09-07 04:28:31.783  1793  1793 D gralloc_ranchu: gralloc_alloc: Creating ashmem region of size 9850880
09-07 04:28:31.789 24475 24475 W System.err: ru.iteco.fmhandroid.exceptions.UnknownException
09-07 04:28:31.789 24475 24475 W System.err: 	at ru.iteco.fmhandroid.utils.Utils.makeRequest(Utils.kt:123)
09-07 04:28:31.789 24475 24475 W System.err: 	at ru.iteco.fmhandroid.utils.Utils$makeRequest$1.invokeSuspend(Unknown Source:15)
09-07 04:28:31.789 24475 24475 W System.err: 	at kotlin.coroutines.jvm.internal.BaseContinuationImpl.resumeWith(ContinuationImpl.kt:33)
09-07 04:28:31.789 24475 24475 W System.err: 	at kotlinx.coroutines.DispatchedTaskKt.resume(DispatchedTask.kt:234)
09-07 04:28:31.790 24475 24475 W System.err: 	at kotlinx.coroutines.DispatchedTaskKt.resumeUnconfined(DispatchedTask.kt:190)
09-07 04:28:31.790 24475 24475 W System.err: 	at kotlinx.coroutines.DispatchedTaskKt.dispatch(DispatchedTask.kt:161)
09-07 04:28:31.790 24475 24475 W System.err: 	at kotlinx.coroutines.CancellableContinuationImpl.dispatchResume(CancellableContinuationImpl.kt:397)
09-07 04:28:31.790 24475 24475 W System.err: 	at kotlinx.coroutines.CancellableContinuationImpl.cancel(CancellableContinuationImpl.kt:183)
09-07 04:28:31.790 24475 24475 W System.err: 	at kotlinx.coroutines.CancellableContinuationImpl.parentCancelled$kotlinx_coroutines_core(CancellableContinuationImpl.kt:190)
09-07 04:28:31.790 24475 24788 I okhttp.OkHttpClient: <-- HTTP FAILED: java.net.SocketException: Socket closed
09-07 04:28:31.790 24475 24475 W System.err: 	at kotlinx.coroutines.ChildContinuation.invoke(JobSupport.kt:1474)
09-07 04:28:31.791 24475 24475 W System.err: 	at kotlinx.coroutines.JobSupport.notifyCancelling(JobSupport.kt:1499)
09-07 04:28:31.791 24475 24475 W System.err: 	at kotlinx.coroutines.JobSupport.tryMakeCancelling(JobSupport.kt:795)
09-07 04:28:31.791 24475 24475 W System.err: 	at kotlinx.coroutines.JobSupport.makeCancelling(JobSupport.kt:755)
09-07 04:28:31.791 24475 24475 W System.err: 	at kotlinx.coroutines.JobSupport.cancelImpl$kotlinx_coroutines_core(JobSupport.kt:671)
09-07 04:28:31.791 24475 24475 W System.err: 	at kotlinx.coroutines.JobSupport.parentCancelled(JobSupport.kt:637)
09-07 04:28:31.791 24475 24475 W System.err: 	at kotlinx.coroutines.ChildHandleNode.invoke(JobSupport.kt:1465)
09-07 04:28:31.791 24475 24475 W System.err: 	at kotlinx.coroutines.JobSupport.notifyCancelling(JobSupport.kt:1499)
09-07 04:28:31.791 24475 24475 W System.err: 	at kotlinx.coroutines.JobSupport.tryMakeCompletingSlowPath(JobSupport.kt:900)
09-07 04:28:31.791 24475 24475 W System.err: 	at kotlinx.coroutines.JobSupport.tryMakeCompleting(JobSupport.kt:863)
09-07 04:28:31.791 24475 24475 W System.err: 	at kotlinx.coroutines.JobSupport.cancelMakeCompleting(JobSupport.kt:696)
09-07 04:28:31.791 24475 24475 W System.err: 	at kotlinx.coroutines.JobSupport.cancelImpl$kotlinx_coroutines_core(JobSupport.kt:667)
09-07 04:28:31.791 24475 24475 W System.err: 	at kotlinx.coroutines.JobSupport.cancelInternal(JobSupport.kt:632)
09-07 04:28:31.791 24475 24475 W System.err: 	at kotlinx.coroutines.JobSupport.cancel(JobSupport.kt:617)
09-07 04:28:31.791 24475 24475 W System.err: 	at kotlinx.coroutines.JobKt__JobKt.cancel(Job.kt:561)
09-07 04:28:31.791 24475 24475 W System.err: 	at kotlinx.coroutines.JobKt.cancel(Unknown Source:1)
09-07 04:28:31.791 24475 24475 W System.err: 	at kotlinx.coroutines.JobKt__JobKt.cancel$default(Job.kt:560)
09-07 04:28:31.791 24475 24475 W System.err: 	at kotlinx.coroutines.JobKt.cancel$default(Unknown Source:1)
09-07 04:28:31.791 24475 24475 W System.err: 	at androidx.lifecycle.CloseableCoroutineScope.close(ViewModel.kt:51)
09-07 04:28:31.791 24475 24475 W System.err: 	at androidx.lifecycle.ViewModel.closeWithRuntimeException(ViewModel.java:188)
09-07 04:28:31.791 24475 24475 W System.err: 	at androidx.lifecycle.ViewModel.clear(ViewModel.java:134)
09-07 04:28:31.791 24475 24475 W System.err: 	at androidx.lifecycle.ViewModelStore.clear(ViewModelStore.java:62)
09-07 04:28:31.791 24475 24475 W System.err: 	at androidx.fragment.app.FragmentManagerViewModel.clearNonConfigStateInternal(FragmentManagerViewModel.java:210)
09-07 04:28:31.791 24475 24475 W System.err: 	at androidx.fragment.app.FragmentManagerViewModel.clearNonConfigState(FragmentManagerViewModel.java:190)
09-07 04:28:31.791 24475 24475 W System.err: 	at androidx.fragment.app.FragmentStateManager.destroy(FragmentStateManager.java:778)
09-07 04:28:31.791 24475 24475 W System.err: 	at androidx.fragment.app.FragmentStateManager.moveToExpectedState(FragmentStateManager.java:335)
09-07 04:28:31.791 24475 24475 W System.err: 	at androidx.fragment.app.FragmentStore.moveToExpectedState(FragmentStore.java:113)
09-07 04:28:31.791 24475 24475 W System.err: 	at androidx.fragment.app.FragmentManager.moveToState(FragmentManager.java:1374)
09-07 04:28:31.791 24475 24475 W System.err: 	at androidx.fragment.app.FragmentManager.dispatchStateChange(FragmentManager.java:2841)
09-07 04:28:31.791 24475 24475 W System.err: 	at androidx.fragment.app.FragmentManager.dispatchDestroy(FragmentManager.java:2820)
09-07 04:28:31.791 24475 24475 W System.err: 	at androidx.fragment.app.Fragment.performDestroy(Fragment.java:3246)
09-07 04:28:31.791 24475 24475 W System.err: 	at androidx.fragment.app.FragmentStateManager.destroy(FragmentStateManager.java:780)
09-07 04:28:31.791 24475 24475 W System.err: 	at androidx.fragment.app.FragmentStateManager.moveToExpectedState(FragmentStateManager.java:335)
09-07 04:28:31.791 24475 24475 W System.err: 	at androidx.fragment.app.SpecialEffectsController$FragmentStateManagerOperation.complete(SpecialEffectsController.java:771)
09-07 04:28:31.791 24475 24475 W System.err: 	at androidx.fragment.app.SpecialEffectsController$Operation.cancel(SpecialEffectsController.java:615)
09-07 04:28:31.791 24475 24475 W System.err: 	at androidx.fragment.app.SpecialEffectsController.forceCompleteAllOperations(SpecialEffectsController.java:350)
09-07 04:28:31.792 24475 24475 W System.err: 	at androidx.fragment.app.FragmentManager.dispatchStateChange(FragmentManager.java:2844)
09-07 04:28:31.792 24475 24475 W System.err: 	at androidx.fragment.app.FragmentManager.dispatchDestroy(FragmentManager.java:2820)
09-07 04:28:31.792 24475 24475 W System.err: 	at androidx.fragment.app.FragmentController.dispatchDestroy(FragmentController.java:345)
09-07 04:28:31.792 24475 24475 W System.err: 	at androidx.fragment.app.FragmentActivity.onDestroy(FragmentActivity.java:306)
09-07 04:28:31.792 24475 24475 W System.err: 	at androidx.appcompat.app.AppCompatActivity.onDestroy(AppCompatActivity.java:278)
09-07 04:28:31.792 24475 24475 W System.err: 	at android.app.Activity.performDestroy(Activity.java:8048)
09-07 04:28:31.792 24475 24475 W System.err: 	at android.app.Instrumentation.callActivityOnDestroy(Instrumentation.java:1334)
09-07 04:28:31.792 24475 24475 W System.err: 	at androidx.test.runner.MonitoringInstrumentation.callActivityOnDestroy(MonitoringInstrumentation.java:766)
09-07 04:28:31.793 24475 24475 W System.err: 	at android.app.ActivityThread.performDestroyActivity(ActivityThread.java:4926)
09-07 04:28:31.793 24475 24475 W System.err: 	at android.app.ActivityThread.handleDestroyActivity(ActivityThread.java:4970)
09-07 04:28:31.793 24475 24475 W System.err: 	at android.app.servertransaction.DestroyActivityItem.execute(DestroyActivityItem.java:44)
09-07 04:28:31.793 24475 24475 W System.err: 	at android.app.servertransaction.TransactionExecutor.executeLifecycleState(TransactionExecutor.java:176)
09-07 04:28:31.793 24475 24475 W System.err: 	at android.app.servertransaction.TransactionExecutor.execute(TransactionExecutor.java:97)
09-07 04:28:31.793 24475 24475 W System.err: 	at android.app.ActivityThread$H.handleMessage(ActivityThread.java:2016)
09-07 04:28:31.793 24475 24475 W System.err: 	at android.os.Handler.dispatchMessage(Handler.java:107)
09-07 04:28:31.793 24475 24475 W System.err: 	at android.os.Looper.loop(Looper.java:214)
09-07 04:28:31.793 24475 24475 W System.err: 	at android.app.ActivityThread.main(ActivityThread.java:7356)
09-07 04:28:31.793 24475 24475 W System.err: 	at java.lang.reflect.Method.invoke(Native Method)
09-07 04:28:31.793 24475 24475 W System.err: 	at com.android.internal.os.RuntimeInit$MethodAndArgsCaller.run(RuntimeInit.java:492)
09-07 04:28:31.793 24475 24475 W System.err: 	at com.android.internal.os.ZygoteInit.main(ZygoteInit.java:930)
09-07 04:28:31.798 24475 24475 W System.err: ru.iteco.fmhandroid.exceptions.UnknownException
09-07 04:28:31.798 24475 24475 W System.err: 	at ru.iteco.fmhandroid.utils.Utils.makeRequest(Utils.kt:123)
09-07 04:28:31.798 24475 24475 W System.err: 	at ru.iteco.fmhandroid.utils.Utils$makeRequest$1.invokeSuspend(Unknown Source:15)
09-07 04:28:31.798 24475 24475 W System.err: 	at kotlin.coroutines.jvm.internal.BaseContinuationImpl.resumeWith(ContinuationImpl.kt:33)
09-07 04:28:31.798  1793  1793 D gralloc_ranchu: gralloc_alloc: Creating ashmem region of size 9850880
09-07 04:28:31.798 24475 24475 W System.err: 	at kotlinx.coroutines.DispatchedTaskKt.resume(DispatchedTask.kt:234)
09-07 04:28:31.798 24475 24475 W System.err: 	at kotlinx.coroutines.DispatchedTaskKt.resumeUnconfined(DispatchedTask.kt:190)
09-07 04:28:31.798 24475 24475 W System.err: 	at kotlinx.coroutines.DispatchedTaskKt.dispatch(DispatchedTask.kt:161)
09-07 04:28:31.798 24475 24475 W System.err: 	at kotlinx.coroutines.CancellableContinuationImpl.dispatchResume(CancellableContinuationImpl.kt:397)
09-07 04:28:31.798 24475 24475 W System.err: 	at kotlinx.coroutines.CancellableContinuationImpl.cancel(CancellableContinuationImpl.kt:183)
09-07 04:28:31.799 24475 24475 W System.err: 	at kotlinx.coroutines.CancellableContinuationImpl.parentCancelled$kotlinx_coroutines_core(CancellableContinuationImpl.kt:190)
09-07 04:28:31.799 24475 24475 W System.err: 	at kotlinx.coroutines.ChildContinuation.invoke(JobSupport.kt:1474)
09-07 04:28:31.799 24475 24475 W System.err: 	at kotlinx.coroutines.JobSupport.notifyCancelling(JobSupport.kt:1499)
09-07 04:28:31.799 24475 24475 W System.err: 	at kotlinx.coroutines.JobSupport.tryMakeCancelling(JobSupport.kt:795)
09-07 04:28:31.799 24475 24475 W System.err: 	at kotlinx.coroutines.JobSupport.makeCancelling(JobSupport.kt:755)
09-07 04:28:31.799 24475 24475 W System.err: 	at kotlinx.coroutines.JobSupport.cancelImpl$kotlinx_coroutines_core(JobSupport.kt:671)
09-07 04:28:31.799 24475 24475 W System.err: 	at kotlinx.coroutines.JobSupport.parentCancelled(JobSupport.kt:637)
09-07 04:28:31.799 24475 24475 W System.err: 	at kotlinx.coroutines.ChildHandleNode.invoke(JobSupport.kt:1465)
09-07 04:28:31.799 24475 24475 W System.err: 	at kotlinx.coroutines.JobSupport.notifyCancelling(JobSupport.kt:1499)
09-07 04:28:31.799 24475 24475 W System.err: 	at kotlinx.coroutines.JobSupport.tryMakeCompletingSlowPath(JobSupport.kt:900)
09-07 04:28:31.799 24475 24475 W System.err: 	at kotlinx.coroutines.JobSupport.tryMakeCompleting(JobSupport.kt:863)
09-07 04:28:31.799 24475 24475 W System.err: 	at kotlinx.coroutines.JobSupport.cancelMakeCompleting(JobSupport.kt:696)
09-07 04:28:31.799 24475 24475 W System.err: 	at kotlinx.coroutines.JobSupport.cancelImpl$kotlinx_coroutines_core(JobSupport.kt:667)
09-07 04:28:31.799 24475 24475 W System.err: 	at kotlinx.coroutines.JobSupport.cancelInternal(JobSupport.kt:632)
09-07 04:28:31.799 24475 24475 W System.err: 	at kotlinx.coroutines.JobSupport.cancel(JobSupport.kt:617)
09-07 04:28:31.799 24475 24475 W System.err: 	at kotlinx.coroutines.JobKt__JobKt.cancel(Job.kt:561)
09-07 04:28:31.799 24475 24475 W System.err: 	at kotlinx.coroutines.JobKt.cancel(Unknown Source:1)
09-07 04:28:31.799 24475 24475 W System.err: 	at kotlinx.coroutines.JobKt__JobKt.cancel$default(Job.kt:560)
09-07 04:28:31.799 24475 24475 W System.err: 	at kotlinx.coroutines.JobKt.cancel$default(Unknown Source:1)
09-07 04:28:31.799 24475 24475 W System.err: 	at androidx.lifecycle.CloseableCoroutineScope.close(ViewModel.kt:51)
09-07 04:28:31.800 24475 24475 W System.err: 	at androidx.lifecycle.ViewModel.closeWithRuntimeException(ViewModel.java:188)
09-07 04:28:31.800 24475 24475 W System.err: 	at androidx.lifecycle.ViewModel.clear(ViewModel.java:134)
09-07 04:28:31.800 24475 24475 W System.err: 	at androidx.lifecycle.ViewModelStore.clear(ViewModelStore.java:62)
09-07 04:28:31.800 24475 24475 W System.err: 	at androidx.fragment.app.FragmentManagerViewModel.clearNonConfigStateInternal(FragmentManagerViewModel.java:210)
09-07 04:28:31.800 24475 24475 W System.err: 	at androidx.fragment.app.FragmentManagerViewModel.clearNonConfigState(FragmentManagerViewModel.java:190)
09-07 04:28:31.800 24475 24475 W System.err: 	at androidx.fragment.app.FragmentStateManager.destroy(FragmentStateManager.java:778)
09-07 04:28:31.800 24475 24475 W System.err: 	at androidx.fragment.app.FragmentStateManager.moveToExpectedState(FragmentStateManager.java:335)
09-07 04:28:31.800 24475 24475 W System.err: 	at androidx.fragment.app.FragmentStore.moveToExpectedState(FragmentStore.java:113)
09-07 04:28:31.800 24475 24475 W System.err: 	at androidx.fragment.app.FragmentManager.moveToState(FragmentManager.java:1374)
09-07 04:28:31.800 24475 24475 W System.err: 	at androidx.fragment.app.FragmentManager.dispatchStateChange(FragmentManager.java:2841)
09-07 04:28:31.800 24475 24475 W System.err: 	at androidx.fragment.app.FragmentManager.dispatchDestroy(FragmentManager.java:2820)
09-07 04:28:31.800 24475 24475 W System.err: 	at androidx.fragment.app.Fragment.performDestroy(Fragment.java:3246)
09-07 04:28:31.800 24475 24475 W System.err: 	at androidx.fragment.app.FragmentStateManager.destroy(FragmentStateManager.java:780)
09-07 04:28:31.800 24475 24475 W System.err: 	at androidx.fragment.app.FragmentStateManager.moveToExpectedState(FragmentStateManager.java:335)
09-07 04:28:31.800 24475 24475 W System.err: 	at androidx.fragment.app.SpecialEffectsController$FragmentStateManagerOperation.complete(SpecialEffectsController.java:771)
09-07 04:28:31.800 24475 24475 W System.err: 	at androidx.fragment.app.SpecialEffectsController$Operation.cancel(SpecialEffectsController.java:615)
09-07 04:28:31.800 24475 24475 W System.err: 	at androidx.fragment.app.SpecialEffectsController.forceCompleteAllOperations(SpecialEffectsController.java:350)
09-07 04:28:31.800 24475 24475 W System.err: 	at androidx.fragment.app.FragmentManager.dispatchStateChange(FragmentManager.java:2844)
09-07 04:28:31.800 24475 24475 W System.err: 	at androidx.fragment.app.FragmentManager.dispatchDestroy(FragmentManager.java:2820)
09-07 04:28:31.800 24475 24475 W System.err: 	at androidx.fragment.app.FragmentController.dispatchDestroy(FragmentController.java:345)
09-07 04:28:31.800 24475 24475 W System.err: 	at androidx.fragment.app.FragmentActivity.onDestroy(FragmentActivity.java:306)
09-07 04:28:31.800 24475 24475 W System.err: 	at androidx.appcompat.app.AppCompatActivity.onDestroy(AppCompatActivity.java:278)
09-07 04:28:31.801 24475 24590 I okhttp.OkHttpClient: <-- HTTP FAILED: java.net.SocketException: Socket closed
09-07 04:28:31.802  2434  2714 D EGL_emulation: eglMakeCurrent: 0xed453b60: ver 2 0 (tinfo 0xe233a960)
09-07 04:28:31.804  1793  2554 D gralloc_ranchu: gralloc_alloc: Creating ashmem region of size 9850880
09-07 04:28:31.800 24475 24475 W System.err: 	at android.app.Activity.performDestroy(Activity.java:8048)
09-07 04:28:31.808 24475 24475 W System.err: 	at android.app.Instrumentation.callActivityOnDestroy(Instrumentation.java:1334)
09-07 04:28:31.808 24475 24475 W System.err: 	at androidx.test.runner.MonitoringInstrumentation.callActivityOnDestroy(MonitoringInstrumentation.java:766)
09-07 04:28:31.808 24475 24475 W System.err: 	at android.app.ActivityThread.performDestroyActivity(ActivityThread.java:4926)
09-07 04:28:31.808 24475 24475 W System.err: 	at android.app.ActivityThread.handleDestroyActivity(ActivityThread.java:4970)
09-07 04:28:31.808 24475 24475 W System.err: 	at android.app.servertransaction.DestroyActivityItem.execute(DestroyActivityItem.java:44)
09-07 04:28:31.808 24475 24475 W System.err: 	at android.app.servertransaction.TransactionExecutor.executeLifecycleState(TransactionExecutor.java:176)
09-07 04:28:31.808  2666  3068 D EGL_emulation: eglMakeCurrent: 0xda21b0e0: ver 2 0 (tinfo 0xda20fbb0)
09-07 04:28:31.808 24475 24475 W System.err: 	at android.app.servertransaction.TransactionExecutor.execute(TransactionExecutor.java:97)
09-07 04:28:31.808 24475 24475 W System.err: 	at android.app.ActivityThread$H.handleMessage(ActivityThread.java:2016)
09-07 04:28:31.809 24475 24475 W System.err: 	at android.os.Handler.dispatchMessage(Handler.java:107)
09-07 04:28:31.809 24475 24475 W System.err: 	at android.os.Looper.loop(Looper.java:214)
09-07 04:28:31.809 24475 24475 W System.err: 	at android.app.ActivityThread.main(ActivityThread.java:7356)
09-07 04:28:31.810  1793  2554 D gralloc_ranchu: gralloc_alloc: Creating ashmem region of size 9850880
09-07 04:28:31.812 24475 24475 W System.err: 	at java.lang.reflect.Method.invoke(Native Method)
09-07 04:28:31.812 24475 24475 W System.err: 	at com.android.internal.os.RuntimeInit$MethodAndArgsCaller.run(RuntimeInit.java:492)
09-07 04:28:31.812 24475 24475 W System.err: 	at com.android.internal.os.ZygoteInit.main(ZygoteInit.java:930)
09-07 04:28:31.817 24475 24475 D LifecycleMonitor: Lifecycle status change: ru.iteco.fmhandroid.ui.AppActivity@c8474a2 in: DESTROYED
09-07 04:28:31.817 24475 24475 V ActivityScenario: Update currentActivityStage to DESTROYED, currentActivity=null
09-07 04:28:31.818 24475 24520 I TestRunner: finished: shouldOpenClaimsPageByButAllClaims(ru.iteco.fmhandroid.ui.MainPageTest)
09-07 04:28:31.819  1793  2554 D gralloc_ranchu: gralloc_alloc: Creating ashmem region of size 9850880
09-07 04:28:31.831  7867 22594 V FA-SVC  : Upload scheduled in approximately ms: 3527468
09-07 04:28:31.831  7867 22594 V FA-SVC  : Unscheduling upload
09-07 04:28:31.836  7867 22594 V FA-SVC  : Scheduling upload, millis: 3527468
09-07 04:28:31.845  7867 22594 V FA-SVC  : Background event processing time, ms: 145
09-07 04:28:31.862  2666  2666 I dnsi    : onStart
09-07 04:28:31.864  2666  2666 I dnsi    : onResume
09-07 04:28:31.871  2037  2061 W InputReader: Device has associated, but no associated display id.
09-07 04:28:31.871  2037  2061 I chatty  : uid=1000(system) android.anim identical 8 lines
09-07 04:28:31.871  2037  2061 W InputReader: Device has associated, but no associated display id.
09-07 04:28:31.874  1793  1793 D gralloc_ranchu: gralloc_alloc: Creating ashmem region of size 6307840
09-07 04:28:31.887  2182  2468 D EGL_emulation: eglMakeCurrent: 0xda21a360: ver 2 0 (tinfo 0xda20f590)
09-07 04:28:31.891  2182  2182 W View    : requestLayout() improperly called by com.android.keyguard.AlphaOptimizedLinearLayout{551c6d8 V.E...... ......ID 7,0-48,61 #7f0a041c app:id/wifi_group} during second layout pass: posting in next frame
09-07 04:28:31.899  2037  2037 W ActivityManager: Unable to start service Intent { act=android.service.appprediction.AppPredictionService cmp=com.google.android.as/com.google.android.apps.miphone.aiai.app.AiAiPredictionService } U=0: not found
09-07 04:28:31.899  2037  2037 W RemoteAppPredictionService: could not bind to Intent { act=android.service.appprediction.AppPredictionService cmp=com.google.android.as/com.google.android.apps.miphone.aiai.app.AiAiPredictionService } using flags 67108865
09-07 04:28:31.901  2182  2182 W View    : requestLayout() improperly called by StatusBarIconView(slot=mobile icon=null notification=null) during layout: running second layout pass
09-07 04:28:31.902  2182  2468 D EGL_emulation: eglMakeCurrent: 0xda21a360: ver 2 0 (tinfo 0xda20f590)
09-07 04:28:31.918  1823  1823 E Layer   : [Surface(name=AppWindowToken{459e199 token=Token{b961ae0 ActivityRecord{53be0e3 u0 com.google.android.apps.nexuslauncher/.NexusLauncherActivity t652}}})/@0xafc1306 - animation-leash#0] No local sync point found
09-07 04:28:31.918  1823  1823 E Layer   : [Surface(name=AppWindowToken{6b9998d token=Token{8aaa24 ActivityRecord{95fd2b7 u0 ru.iteco.fmhandroid.test/androidx.test.core.app.InstrumentationActivityInvoker$EmptyActivity t787}}})/@0xbde8733 - animation-leash#0] No local sync point found
09-07 04:28:31.932  2037  5599 D HostConnection: HostConnection::get() New Host Connection established 0xda23f020, tid 5599
09-07 04:28:31.938 24532 24566 D EGL_emulation: eglMakeCurrent: 0xda21a3c0: ver 2 0 (tinfo 0xda20f060)
09-07 04:28:31.941  2037  5599 D HostConnection: HostComposition ext ANDROID_EMU_CHECKSUM_HELPER_v1 ANDROID_EMU_dma_v1 ANDROID_EMU_direct_mem ANDROID_EMU_vulkan ANDROID_EMU_deferred_vulkan_commands ANDROID_EMU_vulkan_null_optional_strings ANDROID_EMU_vulkan_create_resources_with_requirements ANDROID_EMU_YUV420_888_to_NV21 ANDROID_EMU_YUV_Cache ANDROID_EMU_vulkan_free_memory_sync ANDROID_EMU_vulkan_shader_float16_int8 ANDROID_EMU_vulkan_async_queue_submit ANDROID_EMU_sync_buffer_data GL_OES_vertex_array_object GL_KHR_texture_compression_astc_ldr ANDROID_EMU_host_side_tracing ANDROID_EMU_gles_max_version_2 
09-07 04:28:31.944  2037  5599 W OpenGLRenderer: Failed to choose config with EGL_SWAP_BEHAVIOR_PRESERVED, retrying without...
09-07 04:28:31.944  2182  2468 D EGL_emulation: eglMakeCurrent: 0xda21a360: ver 2 0 (tinfo 0xda20f590)
09-07 04:28:31.954 24475 24520 I TestRunner: started: shouldOpenClaimsItemDescription(ru.iteco.fmhandroid.ui.MainPageTest)
09-07 04:28:31.959  7867  7867 D BoundBrokerSvc: onBind: Intent { act=com.google.android.gms.inappreach.service.START dat=chimera-action: cmp=com.google.android.gms/.chimera.GmsApiService }
09-07 04:28:31.959  7867  7867 D BoundBrokerSvc: Loading bound service for intent: Intent { act=com.google.android.gms.inappreach.service.START dat=chimera-action: cmp=com.google.android.gms/.chimera.GmsApiService }
09-07 04:28:31.959  2037  5599 D eglCodecCommon: setVertexArrayObject: set vao to 0 (0) 0 0
09-07 04:28:31.960  2037  5599 D EGL_emulation: eglCreateContext: 0xa7a623a0: maj 2 min 0 rcv 2
09-07 04:28:31.964  2434  2453 W System  : A resource failed to call release. 
09-07 04:28:31.965  2434  2453 I chatty  : uid=10090(com.google.android.apps.nexuslauncher) FinalizerDaemon identical 4 lines
09-07 04:28:31.965  2434  2453 W System  : A resource failed to call release. 
09-07 04:28:31.989  2037  5599 D EGL_emulation: eglMakeCurrent: 0xa7a623a0: ver 2 0 (tinfo 0xba668ca0)
09-07 04:28:31.991  1823  1823 W SurfaceFlinger: couldn't log to binary event log: overflow.
09-07 04:28:32.004  2182  2182 W View    : requestLayout() improperly called by com.android.keyguard.AlphaOptimizedLinearLayout{551c6d8 V.E...... ......ID 7,0-48,61 #7f0a041c app:id/wifi_group} during second layout pass: posting in next frame
09-07 04:28:32.005  2037  5599 D eglCodecCommon: setVertexArrayObject: set vao to 0 (0) 1 0
09-07 04:28:32.023  2182  2182 W View    : requestLayout() improperly called by StatusBarIconView(slot=mobile icon=null notification=null) during layout: running second layout pass
09-07 04:28:32.024 24475 24520 W Settings: Setting always_finish_activities has moved from android.provider.Settings.System to android.provider.Settings.Global, returning read-only value.
09-07 04:28:32.025  2182  2468 D EGL_emulation: eglMakeCurrent: 0xda21a360: ver 2 0 (tinfo 0xda20f590)
09-07 04:28:32.029  2037  4391 I ActivityTaskManager: START u0 {act=android.intent.action.MAIN cat=[android.intent.category.LAUNCHER] flg=0x10008000 cmp=ru.iteco.fmhandroid.test/androidx.test.core.app.InstrumentationActivityInvoker$BootstrapActivity (has extras)} from uid 10136
09-07 04:28:32.038  2037  5231 W InputReader: Device has associated, but no associated display id.
09-07 04:28:32.045  2037  5231 I chatty  : uid=1000(system) Binder:2037_19 identical 28 lines
09-07 04:28:32.045  2037  5231 W InputReader: Device has associated, but no associated display id.
09-07 04:28:32.047 24532 24532 W ActivityThread: handleWindowVisibility: no activity for token android.os.BinderProxy@aa89a65
09-07 04:28:32.050  2037  5231 W InputReader: Device has associated, but no associated display id.
09-07 04:28:32.051  2037  5231 I chatty  : uid=1000(system) Binder:2037_19 identical 8 lines
09-07 04:28:32.051  2037  5231 W InputReader: Device has associated, but no associated display id.
09-07 04:28:32.060  1793  1793 D gralloc_ranchu: gralloc_alloc: Creating ashmem region of size 9850880
09-07 04:28:32.079  2037  5231 I ActivityTaskManager: START u0 {act=android.intent.action.MAIN cat=[android.intent.category.LAUNCHER] cmp=ru.iteco.fmhandroid/.ui.AppActivity} from uid 10136
09-07 04:28:32.102  2037  5231 W InputReader: Device has associated, but no associated display id.
09-07 04:28:32.107  2037  5231 I chatty  : uid=1000(system) Binder:2037_19 identical 38 lines
09-07 04:28:32.107  2037  5231 W InputReader: Device has associated, but no associated display id.
09-07 04:28:32.108 24475 24475 W ActivityThread: handleWindowVisibility: no activity for token android.os.BinderProxy@cb142f2
09-07 04:28:32.109  2037  5231 W InputReader: Device has associated, but no associated display id.
09-07 04:28:32.109  2037  5231 I chatty  : uid=1000(system) Binder:2037_19 identical 8 lines
09-07 04:28:32.109  2037  5231 W InputReader: Device has associated, but no associated display id.
09-07 04:28:32.118  2037  2061 W InputReader: Device has associated, but no associated display id.
09-07 04:28:32.118  2037  2061 I chatty  : uid=1000(system) android.anim identical 8 lines
09-07 04:28:32.118  2037  2061 W InputReader: Device has associated, but no associated display id.
09-07 04:28:32.134  2666  3068 D EGL_emulation: eglMakeCurrent: 0xda21b0e0: ver 2 0 (tinfo 0xda20fbb0)
09-07 04:28:32.135  2182  2468 D EGL_emulation: eglMakeCurrent: 0xda21a360: ver 2 0 (tinfo 0xda20f590)
09-07 04:28:32.135 24475 24475 D LifecycleMonitor: Lifecycle status change: ru.iteco.fmhandroid.ui.AppActivity@c0c9c3e in: PRE_ON_CREATE
09-07 04:28:32.135 24475 24475 V ActivityScenario: Activity lifecycle changed event received but ignored because the reported transition was not ON_CREATE while the last known transition was PRE_ON_CREATE
09-07 04:28:32.138  2434  2714 D EGL_emulation: eglMakeCurrent: 0xed453b60: ver 2 0 (tinfo 0xe233a960)
09-07 04:28:32.141  2182  2182 W View    : requestLayout() improperly called by com.android.keyguard.AlphaOptimizedLinearLayout{551c6d8 V.E...... ......ID 7,0-48,61 #7f0a041c app:id/wifi_group} during second layout pass: posting in next frame
09-07 04:28:32.145 24475 24512 V FA      : onActivityCreated
09-07 04:28:32.147  2182  2182 W View    : requestLayout() improperly called by StatusBarIconView(slot=mobile icon=null notification=null) during layout: running second layout pass
09-07 04:28:32.150  2182  2468 D EGL_emulation: eglMakeCurrent: 0xda21a360: ver 2 0 (tinfo 0xda20f590)
09-07 04:28:32.154  2666  2666 I dnsi    : onPause
09-07 04:28:32.155  2666  2666 I dnsi    : onStop
09-07 04:28:32.163 24475 24475 D LifecycleMonitor: Lifecycle status change: ru.iteco.fmhandroid.ui.AppActivity@c0c9c3e in: CREATED
09-07 04:28:32.163 24475 24475 V ActivityScenario: Update currentActivityStage to CREATED, currentActivity=ru.iteco.fmhandroid.ui.AppActivity@c0c9c3e
09-07 04:28:32.170  2182  2468 D EGL_emulation: eglMakeCurrent: 0xda21a360: ver 2 0 (tinfo 0xda20f590)
09-07 04:28:32.174  2182  2182 W View    : requestLayout() improperly called by com.android.keyguard.AlphaOptimizedLinearLayout{551c6d8 V.E...... ......ID 7,0-48,61 #7f0a041c app:id/wifi_group} during second layout pass: posting in next frame
09-07 04:28:32.174  2182  2182 W View    : requestLayout() improperly called by StatusBarIconView(slot=mobile icon=null notification=null) during layout: running second layout pass
09-07 04:28:32.179  1792  2272 E GnssHAL_GnssInterface: gnssSvStatusCb: a: input svInfo.flags is 8
09-07 04:28:32.179  1792  2272 E GnssHAL_GnssInterface: gnssSvStatusCb: b: input svInfo.flags is 8
09-07 04:28:32.182  2182  2468 D EGL_emulation: eglMakeCurrent: 0xda21a360: ver 2 0 (tinfo 0xda20f590)
09-07 04:28:32.182  1823  1823 W SurfaceFlinger: couldn't log to binary event log: overflow.
09-07 04:28:32.182  1823  1823 W SurfaceFlinger: couldn't log to binary event log: overflow.
09-07 04:28:32.187  2666 11371 V ClearcutMetricXmitter: Transmission is done.
09-07 04:28:32.189 24475 24475 D LifecycleMonitor: Lifecycle status change: ru.iteco.fmhandroid.ui.AppActivity@c0c9c3e in: STARTED
09-07 04:28:32.190 24475 24475 V ActivityScenario: Update currentActivityStage to STARTED, currentActivity=ru.iteco.fmhandroid.ui.AppActivity@c0c9c3e
09-07 04:28:32.190 24475 24475 D LifecycleMonitor: Lifecycle status change: ru.iteco.fmhandroid.ui.AppActivity@c0c9c3e in: RESUMED
09-07 04:28:32.191 24475 24475 V ActivityScenario: Update currentActivityStage to RESUMED, currentActivity=ru.iteco.fmhandroid.ui.AppActivity@c0c9c3e
09-07 04:28:32.192 24475 24522 V FA      : Activity resumed, time: 3836084
09-07 04:28:32.212  1793  1793 D gralloc_ranchu: gralloc_alloc: Creating ashmem region of size 9113600
09-07 04:28:32.227  1793  1793 I chatty  : uid=1000(system) allocator@2.0-s identical 1 line
09-07 04:28:32.230  1793  1793 D gralloc_ranchu: gralloc_alloc: Creating ashmem region of size 9113600
09-07 04:28:32.231 24475 24569 D EGL_emulation: eglMakeCurrent: 0xe2250800: ver 2 0 (tinfo 0xe233ab20)
09-07 04:28:32.264  7867 22594 V FA-SVC  : Logging event: origin=auto,name=screen_view(_vs),params=Bundle[{ga_event_origin(_o)=auto, ga_previous_class(_pc)=AppActivity, ga_previous_id(_pi)=6688537982189829871, ga_screen_class(_sc)=AppActivity, ga_screen_id(_si)=6688537982189829872}]
09-07 04:28:32.275  2037  2065 I ActivityTaskManager: Displayed ru.iteco.fmhandroid/.ui.AppActivity: +245ms
09-07 04:28:32.280  7867 22594 V FA-SVC  : Upload scheduled in approximately ms: 3527019
09-07 04:28:32.281  7867 22594 V FA-SVC  : Unscheduling upload
09-07 04:28:32.285  7867 22594 V FA-SVC  : Scheduling upload, millis: 3527019
09-07 04:28:32.291 24475 24475 I ViewInteraction: Performing 'wait for a specific view with <(an instance of android.widget.TextView and view.getText() with or without transformation to match: is "Authorization" and view.getParent() view.getParent() view.getId() is <2131231186>)> during 10000 millis.' action on view view.getRootView() to equal view
09-07 04:28:32.294  7867 22594 V FA-SVC  : Background event processing time, ms: 30
09-07 04:28:32.296  2182  2182 W View    : requestLayout() improperly called by com.android.keyguard.AlphaOptimizedLinearLayout{551c6d8 V.E...... ......ID 7,0-48,61 #7f0a041c app:id/wifi_group} during second layout pass: posting in next frame
09-07 04:28:32.308  2182  2182 W View    : requestLayout() improperly called by StatusBarIconView(slot=mobile icon=null notification=null) during layout: running second layout pass
09-07 04:28:32.341  2182  2182 W View    : requestLayout() improperly called by com.android.keyguard.AlphaOptimizedLinearLayout{551c6d8 V.E...... ......ID 7,0-48,61 #7f0a041c app:id/wifi_group} during second layout pass: posting in next frame
09-07 04:28:32.359  2182  2182 W View    : requestLayout() improperly called by StatusBarIconView(slot=mobile icon=null notification=null) during layout: running second layout pass
09-07 04:28:33.180  1792  2272 E GnssHAL_GnssInterface: gnssSvStatusCb: a: input svInfo.flags is 8
09-07 04:28:33.180  1792  2272 E GnssHAL_GnssInterface: gnssSvStatusCb: b: input svInfo.flags is 8
09-07 04:28:34.180  1792  2272 E GnssHAL_GnssInterface: gnssSvStatusCb: a: input svInfo.flags is 8
09-07 04:28:34.181  1792  2272 E GnssHAL_GnssInterface: gnssSvStatusCb: b: input svInfo.flags is 8
09-07 04:28:34.280  1781  1781 W audio_hw_generic: Not supplying enough data to HAL, expected position 53549454 , only wrote 53412766
09-07 04:28:35.179  1792  2272 E GnssHAL_GnssInterface: gnssSvStatusCb: a: input svInfo.flags is 8
09-07 04:28:35.179  1792  2272 E GnssHAL_GnssInterface: gnssSvStatusCb: b: input svInfo.flags is 8
09-07 04:28:35.191 24475 24584 I okhttp.OkHttpClient: --> GET http://www.981757-ca08998.tmweb.ru:8080/fmh/authentication/userInfo
09-07 04:28:35.191 24475 24584 I okhttp.OkHttpClient: --> END GET
09-07 04:28:35.314 24475 24584 I okhttp.OkHttpClient: <-- 200 http://www.981757-ca08998.tmweb.ru:8080/fmh/authentication/userInfo (122ms)
09-07 04:28:35.314 24475 24584 I okhttp.OkHttpClient: Vary: Origin
09-07 04:28:35.314 24475 24584 I okhttp.OkHttpClient: Vary: Access-Control-Request-Method
09-07 04:28:35.314 24475 24584 I okhttp.OkHttpClient: Vary: Access-Control-Request-Headers
09-07 04:28:35.314 24475 24584 I okhttp.OkHttpClient: X-Content-Type-Options: nosniff
09-07 04:28:35.315 24475 24584 I okhttp.OkHttpClient: X-XSS-Protection: 1; mode=block
09-07 04:28:35.315 24475 24584 I okhttp.OkHttpClient: Cache-Control: no-cache, no-store, max-age=0, must-revalidate
09-07 04:28:35.315 24475 24584 I okhttp.OkHttpClient: Pragma: no-cache
09-07 04:28:35.315 24475 24584 I okhttp.OkHttpClient: Expires: 0
09-07 04:28:35.315 24475 24584 I okhttp.OkHttpClient: X-Frame-Options: DENY
09-07 04:28:35.315 24475 24584 I okhttp.OkHttpClient: Content-Type: application/json
09-07 04:28:35.316 24475 24584 I okhttp.OkHttpClient: Transfer-Encoding: chunked
09-07 04:28:35.316 24475 24584 I okhttp.OkHttpClient: Date: Thu, 07 Sep 2023 04:28:36 GMT
09-07 04:28:35.316 24475 24584 I okhttp.OkHttpClient: Keep-Alive: timeout=60
09-07 04:28:35.316 24475 24584 I okhttp.OkHttpClient: Connection: keep-alive
09-07 04:28:35.318 24475 24584 I okhttp.OkHttpClient: {"id":1,"firstName":"Ivan","lastName":"Ivanov","middleName":"Ivanovich","admin":true}
09-07 04:28:35.318 24475 24584 I okhttp.OkHttpClient: <-- END HTTP (85-byte body)
09-07 04:28:35.324 24475 24590 I okhttp.OkHttpClient: --> GET http://www.981757-ca08998.tmweb.ru:8080/fmh/claims
09-07 04:28:35.324 24475 24590 I okhttp.OkHttpClient: --> END GET
09-07 04:28:35.328  1774 24841 E ResolverController: No valid NAT64 prefix (101, <unspecified>/0)
09-07 04:28:35.386 24475 24569 D EGL_emulation: eglMakeCurrent: 0xe2250800: ver 2 0 (tinfo 0xe233ab20)
09-07 04:28:35.391  2182  2182 W View    : requestLayout() improperly called by com.android.keyguard.AlphaOptimizedLinearLayout{551c6d8 V.E...... ......ID 7,0-48,61 #7f0a041c app:id/wifi_group} during second layout pass: posting in next frame
09-07 04:28:35.393  1793  1793 D gralloc_ranchu: gralloc_alloc: Creating ashmem region of size 9850880
09-07 04:28:35.402  2182  2182 W View    : requestLayout() improperly called by StatusBarIconView(slot=mobile icon=null notification=null) during layout: running second layout pass
09-07 04:28:35.422 24475 24569 D EGL_emulation: eglMakeCurrent: 0xe2250800: ver 2 0 (tinfo 0xe233ab20)
09-07 04:28:35.455  1793  1793 D gralloc_ranchu: gralloc_alloc: Creating ashmem region of size 9850880
09-07 04:28:35.482  1793  1793 D gralloc_ranchu: gralloc_alloc: Creating ashmem region of size 9850880
09-07 04:28:36.180  1792  2272 E GnssHAL_GnssInterface: gnssSvStatusCb: a: input svInfo.flags is 8
09-07 04:28:36.180  1792  2272 E GnssHAL_GnssInterface: gnssSvStatusCb: b: input svInfo.flags is 8
09-07 04:28:37.180  1792  2272 E GnssHAL_GnssInterface: gnssSvStatusCb: a: input svInfo.flags is 8
09-07 04:28:37.180  1792  2272 E GnssHAL_GnssInterface: gnssSvStatusCb: b: input svInfo.flags is 8
09-07 04:28:37.264 24475 24522 V FA      : Inactivity, disconnecting from the service
