09-07 04:52:39.576 30151 30151 I ViewInteraction: Checking 'MatchesViewAssertion{viewMatcher=(view has effective visibility <VISIBLE> and view.getGlobalVisibleRect() to return non-empty rectangle)}' assertion on view is assignable from class <class android.widget.TimePicker>
09-07 04:52:39.580 30151 30151 I ViewInteraction: Performing 'wait for a specific view with <is assignable from class <class android.widget.TimePicker>> during 10000 millis.' action on view view.getRootView() to equal view
09-07 04:52:39.584 30151 30151 I ViewInteraction: Performing 'set time' action on view is assignable from class <class android.widget.TimePicker>
09-07 04:52:39.587 30151 30151 I ViewInteraction: Performing 'wait for a specific view with <view.getId() is <16908313/android:id/button1>> during 10000 millis.' action on view view.getRootView() to equal view
09-07 04:52:39.590 30151 30151 I ViewInteraction: Performing 'single click' action on view view.getId() is <16908313/android:id/button1>
09-07 04:52:39.644 30151 30248 D EGL_emulation: eglMakeCurrent: 0xe2258dc0: ver 2 0 (tinfo 0xe233aeb0)
09-07 04:52:39.658 30151 30248 I chatty  : uid=10136(ru.iteco.fmhandroid) RenderThread identical 1 line
09-07 04:52:39.669 30151 30248 D EGL_emulation: eglMakeCurrent: 0xe2258dc0: ver 2 0 (tinfo 0xe233aeb0)
09-07 04:52:39.675  2037  4510 E InputDispatcher: Window handle Window{4791390 u0 ru.iteco.fmhandroid/ru.iteco.fmhandroid.ui.AppActivity} has no registered input channel
09-07 04:52:39.945 30151 30151 I ViewInteraction: Performing 'wait for a specific view with <view.getId() is <2131231211>> during 10000 millis.' action on view view.getRootView() to equal view
09-07 04:52:39.950 30151 30151 I ViewInteraction: Performing 'replace text( 5c3bcf35-b9bf-40ab-ad14-857b66d1b15e)' action on view view.getId() is <2131231211/ru.iteco.fmhandroid:id/news_item_description_text_input_edit_text>
09-07 04:52:39.995 30151 30151 I ViewInteraction: Performing 'wait for a specific view with <view.getId() is <2131231291>> during 10000 millis.' action on view view.getRootView() to equal view
09-07 04:52:39.998 30151 30151 I ViewInteraction: Performing 'single click' action on view view.getId() is <2131231291/ru.iteco.fmhandroid:id/save_button>
09-07 04:52:40.075 30151 30766 I okhttp.OkHttpClient: --> POST http://www.981757-ca08998.tmweb.ru:8080/fmh/news
09-07 04:52:40.075 30151 30766 I okhttp.OkHttpClient: Content-Type: application/json; charset=UTF-8
09-07 04:52:40.075 30151 30766 I okhttp.OkHttpClient: Content-Length: 294
09-07 04:52:40.075 30151 30766 I okhttp.OkHttpClient: {"createDate":1694051560,"creatorId":1,"creatorName":"Ivanov Ivan Ivanovich","description":" 5c3bcf35-b9bf-40ab-ad14-857b66d1b15e","isOpen":false,"newsCategoryId":1,"publishDate":1694062320,"publishEnabled":true,"title":" 1d3c57bf-992c-4c27-988c-da49392e2a7b"}
09-07 04:52:40.075 30151 30766 I okhttp.OkHttpClient: --> END POST (294-byte body)
09-07 04:52:40.078  1774 30767 E ResolverController: No valid NAT64 prefix (101, <unspecified>/0)
09-07 04:52:40.299 30151 30151 I ViewInteraction: Performing 'wait for a specific view with <view.getId() is <2131231230>> during 10000 millis.' action on view view.getRootView() to equal view
09-07 04:52:40.316  1792  2272 E GnssHAL_GnssInterface: gnssSvStatusCb: a: input svInfo.flags is 8
09-07 04:52:40.316  1792  2272 E GnssHAL_GnssInterface: gnssSvStatusCb: b: input svInfo.flags is 8
09-07 04:52:40.569 30151 30766 I okhttp.OkHttpClient: <-- 200 http://www.981757-ca08998.tmweb.ru:8080/fmh/news (493ms)
09-07 04:52:40.570 30151 30766 I okhttp.OkHttpClient: Vary: Origin
09-07 04:52:40.571 30151 30766 I okhttp.OkHttpClient: Vary: Access-Control-Request-Method
09-07 04:52:40.571 30151 30766 I okhttp.OkHttpClient: Vary: Access-Control-Request-Headers
09-07 04:52:40.571 30151 30766 I okhttp.OkHttpClient: X-Content-Type-Options: nosniff
09-07 04:52:40.571 30151 30766 I okhttp.OkHttpClient: X-XSS-Protection: 1; mode=block
09-07 04:52:40.572 30151 30766 I okhttp.OkHttpClient: Cache-Control: no-cache, no-store, max-age=0, must-revalidate
09-07 04:52:40.573 30151 30766 I okhttp.OkHttpClient: Pragma: no-cache
09-07 04:52:40.573 30151 30766 I okhttp.OkHttpClient: Expires: 0
09-07 04:52:40.574 30151 30766 I okhttp.OkHttpClient: X-Frame-Options: DENY
09-07 04:52:40.574 30151 30766 I okhttp.OkHttpClient: Content-Type: application/json
09-07 04:52:40.575 30151 30766 I okhttp.OkHttpClient: Transfer-Encoding: chunked
09-07 04:52:40.577 30151 30766 I okhttp.OkHttpClient: Date: Thu, 07 Sep 2023 04:52:41 GMT
09-07 04:52:40.577 30151 30766 I okhttp.OkHttpClient: Keep-Alive: timeout=60
09-07 04:52:40.578 30151 30766 I okhttp.OkHttpClient: Connection: keep-alive
09-07 04:52:40.579 30151 30766 I okhttp.OkHttpClient: {"id":6458,"newsCategoryId":1,"title":" 1d3c57bf-992c-4c27-988c-da49392e2a7b","description":" 5c3bcf35-b9bf-40ab-ad14-857b66d1b15e","creatorId":1,"createDate":1694051560,"publishDate":1694062320,"publishEnabled":true,"creatorName":"Ivanov Ivan Ivanovich"}
09-07 04:52:40.580 30151 30766 I okhttp.OkHttpClient: <-- END HTTP (289-byte body)
09-07 04:52:40.742 30151 30151 I ViewInteraction: Performing 'scroll RecyclerView to: holder with view: ((view is an instance of android.view.ViewGroup and has descendant matching an instance of android.widget.TextView and view.getText() with or without transformation to match: is " 1d3c57bf-992c-4c27-988c-da49392e2a7b"))' action on view view.getId() is <2131231230/ru.iteco.fmhandroid:id/news_list_recycler_view>
09-07 04:52:41.135 30151 30151 I ViewInteraction: Checking 'MatchesViewAssertion{viewMatcher=(view has effective visibility <VISIBLE> and view.getGlobalVisibleRect() to return non-empty rectangle)}' assertion on view view.getId() is <2131231230/ru.iteco.fmhandroid:id/news_list_recycler_view>
09-07 04:52:41.144 30151 30151 I ViewInteraction: Performing 'single click' action on view (view.getId() is <2131231024/ru.iteco.fmhandroid:id/edit_news_item_image_view> and view.getParent() view.getParent() (view.getId() is <2131231215/ru.iteco.fmhandroid:id/news_item_material_card_view> and (view is an instance of android.view.ViewGroup and has child matching: (view is an instance of android.view.ViewGroup and has child matching: an instance of android.widget.TextView and view.getText() with or without transformation to match: is " 1d3c57bf-992c-4c27-988c-da49392e2a7b"))))
09-07 04:52:41.315  1792  2272 E GnssHAL_GnssInterface: gnssSvStatusCb: a: input svInfo.flags is 8
09-07 04:52:41.315  1792  2272 E GnssHAL_GnssInterface: gnssSvStatusCb: b: input svInfo.flags is 8
09-07 04:52:41.543 30151 30151 I ViewInteraction: Performing 'wait for a specific view with <view.getId() is <2131231204/ru.iteco.fmhandroid:id/news_item_category_text_auto_complete_text_view>> during 10000 millis.' action on view view.getRootView() to equal view
09-07 04:52:41.548 30151 30151 I ViewInteraction: Checking 'MatchesViewAssertion{viewMatcher=an instance of android.widget.TextView and view.getText() with or without transformation to match: is ""}' assertion on view view.getId() is <2131231204/ru.iteco.fmhandroid:id/news_item_category_text_auto_complete_text_view>
09-07 04:52:41.551 30151 30151 I ViewInteraction: Performing 'wait for a specific view with <view.getId() is <2131231227/ru.iteco.fmhandroid:id/news_item_title_text_input_edit_text>> during 10000 millis.' action on view view.getRootView() to equal view
09-07 04:52:41.554 30151 30151 I ViewInteraction: Checking 'MatchesViewAssertion{viewMatcher=an instance of android.widget.TextView and view.getText() with or without transformation to match: is " 1d3c57bf-992c-4c27-988c-da49392e2a7b"}' assertion on view view.getId() is <2131231227/ru.iteco.fmhandroid:id/news_item_title_text_input_edit_text>
09-07 04:52:41.557 30151 30151 I ViewInteraction: Performing 'wait for a specific view with <view.getId() is <2131231211/ru.iteco.fmhandroid:id/news_item_description_text_input_edit_text>> during 10000 millis.' action on view view.getRootView() to equal view
09-07 04:52:41.559 30151 30151 I ViewInteraction: Checking 'MatchesViewAssertion{viewMatcher=an instance of android.widget.TextView and view.getText() with or without transformation to match: is " 5c3bcf35-b9bf-40ab-ad14-857b66d1b15e"}' assertion on view view.getId() is <2131231211/ru.iteco.fmhandroid:id/news_item_description_text_input_edit_text>
09-07 04:52:41.561 30151 30151 I ViewInteraction: Performing 'wait for a specific view with <view.getId() is <2131231291/ru.iteco.fmhandroid:id/save_button>> during 10000 millis.' action on view view.getRootView() to equal view
09-07 04:52:41.565 30151 30151 I ViewInteraction: Checking 'MatchesViewAssertion{viewMatcher=(view has effective visibility <VISIBLE> and view.getGlobalVisibleRect() to return non-empty rectangle)}' assertion on view view.getId() is <2131231291/ru.iteco.fmhandroid:id/save_button>
09-07 04:52:41.567 30151 30151 I ViewInteraction: Performing 'wait for a specific view with <view.getId() is <2131230890>> during 10000 millis.' action on view view.getRootView() to equal view
09-07 04:52:41.569 30151 30151 I ViewInteraction: Checking 'MatchesViewAssertion{viewMatcher=(view has effective visibility <VISIBLE> and view.getGlobalVisibleRect() to return non-empty rectangle)}' assertion on view view.getId() is <2131230890/ru.iteco.fmhandroid:id/cancel_button>
09-07 04:52:41.572 30151 30151 I ViewInteraction: Performing 'wait for a specific view with <view.getId() is <2131231361>> during 10000 millis.' action on view view.getRootView() to equal view
09-07 04:52:41.574 30151 30151 I ViewInteraction: Checking 'MatchesViewAssertion{viewMatcher=(view has effective visibility <VISIBLE> and view.getGlobalVisibleRect() to return non-empty rectangle)}' assertion on view view.getId() is <2131231361/ru.iteco.fmhandroid:id/switcher>
09-07 04:52:41.576 30151 30151 I ViewInteraction: Performing 'wait for a specific view with <view.getId() is <2131231291/ru.iteco.fmhandroid:id/save_button>> during 10000 millis.' action on view view.getRootView() to equal view
09-07 04:52:41.580 30151 30151 I ViewInteraction: Performing 'single click' action on view view.getId() is <2131231291/ru.iteco.fmhandroid:id/save_button>
09-07 04:52:41.640 30151 30766 I okhttp.OkHttpClient: --> PUT http://www.981757-ca08998.tmweb.ru:8080/fmh/news
09-07 04:52:41.640 30151 30766 I okhttp.OkHttpClient: Content-Type: application/json; charset=UTF-8
09-07 04:52:41.641 30151 30766 I okhttp.OkHttpClient: Content-Length: 304
09-07 04:52:41.641 30151 30766 I okhttp.OkHttpClient: {"createDate":1694051560,"creatorId":1,"creatorName":"Ivanov Ivan Ivanovich","description":" 5c3bcf35-b9bf-40ab-ad14-857b66d1b15e","id":6458,"isOpen":false,"newsCategoryId":1,"publishDate":1694062320,"publishEnabled":true,"title":" 1d3c57bf-992c-4c27-988c-da49392e2a7b"}
09-07 04:52:41.641 30151 30766 I okhttp.OkHttpClient: --> END PUT (304-byte body)
09-07 04:52:41.794 30151 30766 I okhttp.OkHttpClient: <-- 200 http://www.981757-ca08998.tmweb.ru:8080/fmh/news (152ms)
09-07 04:52:41.795 30151 30766 I okhttp.OkHttpClient: Vary: Origin
09-07 04:52:41.795 30151 30766 I okhttp.OkHttpClient: Vary: Access-Control-Request-Method
09-07 04:52:41.795 30151 30766 I okhttp.OkHttpClient: Vary: Access-Control-Request-Headers
09-07 04:52:41.795 30151 30766 I okhttp.OkHttpClient: X-Content-Type-Options: nosniff
09-07 04:52:41.795 30151 30766 I okhttp.OkHttpClient: X-XSS-Protection: 1; mode=block
09-07 04:52:41.795 30151 30766 I okhttp.OkHttpClient: Cache-Control: no-cache, no-store, max-age=0, must-revalidate
09-07 04:52:41.795 30151 30766 I okhttp.OkHttpClient: Pragma: no-cache
09-07 04:52:41.795 30151 30766 I okhttp.OkHttpClient: Expires: 0
09-07 04:52:41.796 30151 30766 I okhttp.OkHttpClient: X-Frame-Options: DENY
09-07 04:52:41.796 30151 30766 I okhttp.OkHttpClient: Content-Type: application/json
09-07 04:52:41.796 30151 30766 I okhttp.OkHttpClient: Transfer-Encoding: chunked
09-07 04:52:41.796 30151 30766 I okhttp.OkHttpClient: Date: Thu, 07 Sep 2023 04:52:42 GMT
09-07 04:52:41.796 30151 30766 I okhttp.OkHttpClient: Keep-Alive: timeout=60
09-07 04:52:41.796 30151 30766 I okhttp.OkHttpClient: Connection: keep-alive
09-07 04:52:41.797 30151 30766 I okhttp.OkHttpClient: {"id":6458,"newsCategoryId":1,"title":" 1d3c57bf-992c-4c27-988c-da49392e2a7b","description":" 5c3bcf35-b9bf-40ab-ad14-857b66d1b15e","creatorId":1,"createDate":1694051560,"publishDate":1694062320,"publishEnabled":true,"creatorName":"Ivanov Ivan Ivanovich"}
09-07 04:52:41.800 30151 30766 I okhttp.OkHttpClient: <-- END HTTP (289-byte body)
09-07 04:52:41.867 30151 30151 I ViewInteraction: Performing 'wait for a specific view with <view.getId() is <2131231230/ru.iteco.fmhandroid:id/news_list_recycler_view>> during 10000 millis.' action on view view.getRootView() to equal view
09-07 04:52:41.870 30151 30151 I ViewInteraction: Performing 'scroll RecyclerView to: holder with view: ((view is an instance of android.view.ViewGroup and has descendant matching an instance of android.widget.TextView and view.getText() with or without transformation to match: is " 1d3c57bf-992c-4c27-988c-da49392e2a7b"))' action on view view.getId() is <2131231230/ru.iteco.fmhandroid:id/news_list_recycler_view>
09-07 04:52:41.872 30151 30151 D takeScreenshot: Found 1 global views to redraw
09-07 04:52:41.948  1793  2554 D gralloc_ranchu: gralloc_alloc: Creating ashmem region of size 9850880
09-07 04:52:41.997 30151 30196 W DefaultFailureHandler: Failed to take screenshot
09-07 04:52:41.997 30151 30196 W DefaultFailureHandler: java.io.FileNotFoundException: view-op-error-7.png: open failed: EROFS (Read-only file system)
09-07 04:52:41.997 30151 30196 W DefaultFailureHandler: 	at libcore.io.IoBridge.open(IoBridge.java:496)
09-07 04:52:41.997 30151 30196 W DefaultFailureHandler: 	at java.io.FileOutputStream.<init>(FileOutputStream.java:235)
09-07 04:52:41.997 30151 30196 W DefaultFailureHandler: 	at java.io.FileOutputStream.<init>(FileOutputStream.java:125)
09-07 04:52:41.997 30151 30196 W DefaultFailureHandler: 	at androidx.test.platform.io.FileTestStorage.openOutputFile(FileTestStorage.java:60)
09-07 04:52:41.997 30151 30196 W DefaultFailureHandler: 	at androidx.test.core.graphics.BitmapStorage.writeToTestStorage(BitmapStorageExt.kt:49)
09-07 04:52:41.997 30151 30196 W DefaultFailureHandler: 	at androidx.test.espresso.base.DefaultFailureHandler.takeScreenshot(DefaultFailureHandler.java:4)
09-07 04:52:41.997 30151 30196 W DefaultFailureHandler: 	at androidx.test.espresso.base.DefaultFailureHandler.handle(DefaultFailureHandler.java:3)
09-07 04:52:41.997 30151 30196 W DefaultFailureHandler: 	at androidx.test.espresso.ViewInteraction.waitForAndHandleInteractionResults(ViewInteraction.java:8)
09-07 04:52:41.997 30151 30196 W DefaultFailureHandler: 	at androidx.test.espresso.ViewInteraction.desugaredPerform(ViewInteraction.java:11)
09-07 04:52:41.997 30151 30196 W DefaultFailureHandler: 	at androidx.test.espresso.ViewInteraction.perform(ViewInteraction.java:8)
09-07 04:52:41.997 30151 30196 W DefaultFailureHandler: 	at ru.iteco.fmhandroid.ui.steps.ControlPanelSteps.scrollToElementInRecyclerList(ControlPanelSteps.java:204)
09-07 04:52:41.997 30151 30196 W DefaultFailureHandler: 	at ru.iteco.fmhandroid.ui.steps.ControlPanelSteps.checkNewsIsPresent(ControlPanelSteps.java:309)
09-07 04:52:41.997 30151 30196 W DefaultFailureHandler: 	at ru.iteco.fmhandroid.ui.ControlPanelTest.shouldKeepTheNewsUnchanged(ControlPanelTest.java:162)
09-07 04:52:41.997 30151 30196 W DefaultFailureHandler: 	at java.lang.reflect.Method.invoke(Native Method)
09-07 04:52:41.997 30151 30196 W DefaultFailureHandler: 	at org.junit.runners.model.FrameworkMethod$1.runReflectiveCall(FrameworkMethod.java:59)
09-07 04:52:41.997 30151 30196 W DefaultFailureHandler: 	at org.junit.internal.runners.model.ReflectiveCallable.run(ReflectiveCallable.java:12)
09-07 04:52:41.997 30151 30196 W DefaultFailureHandler: 	at org.junit.runners.model.FrameworkMethod.invokeExplosively(FrameworkMethod.java:56)
09-07 04:52:41.997 30151 30196 W DefaultFailureHandler: 	at org.junit.internal.runners.statements.InvokeMethod.evaluate(InvokeMethod.java:17)
09-07 04:52:41.997 30151 30196 W DefaultFailureHandler: 	at androidx.test.internal.runner.junit4.statement.RunBefores.evaluate(RunBefores.java:80)
09-07 04:52:41.997 30151 30196 W DefaultFailureHandler: 	at io.qameta.allure.android.rules.ScreenshotRule$apply$1.evaluate(ScreenshotRule.kt:22)
09-07 04:52:41.997 30151 30196 W DefaultFailureHandler: 	at org.junit.rules.ExternalResource$1.evaluate(ExternalResource.java:54)
09-07 04:52:41.997 30151 30196 W DefaultFailureHandler: 	at io.qameta.allure.android.rules.LogcatRule$apply$1.evaluate(LogcatRule.kt:23)
09-07 04:52:41.997 30151 30196 W DefaultFailureHandler: 	at org.junit.rules.RunRules.evaluate(RunRules.java:20)
09-07 04:52:41.997 30151 30196 W DefaultFailureHandler: 	at org.junit.runners.ParentRunner$3.evaluate(ParentRunner.java:306)
09-07 04:52:41.997 30151 30196 W DefaultFailureHandler: 	at org.junit.runners.BlockJUnit4ClassRunner$1.evaluate(BlockJUnit4ClassRunner.java:100)
09-07 04:52:41.997 30151 30196 W DefaultFailureHandler: 	at org.junit.runners.ParentRunner.runLeaf(ParentRunner.java:366)
09-07 04:52:41.997 30151 30196 W DefaultFailureHandler: 	at org.junit.runners.BlockJUnit4ClassRunner.runChild(BlockJUnit4ClassRunner.java:103)
09-07 04:52:41.997 30151 30196 W DefaultFailureHandler: 	at org.junit.runners.BlockJUnit4ClassRunner.runChild(BlockJUnit4ClassRunner.java:63)
09-07 04:52:41.997 30151 30196 W DefaultFailureHandler: 	at org.junit.runners.ParentRunner$4.run(ParentRunner.java:331)
09-07 04:52:41.997 30151 30196 W DefaultFailureHandler: 	at org.junit.runners.ParentRunner$1.schedule(ParentRunner.java:79)
09-07 04:52:41.997 30151 30196 W DefaultFailureHandler: 	at org.junit.runners.ParentRunner.runChildren(ParentRunner.java:329)
09-07 04:52:41.997 30151 30196 W DefaultFailureHandler: 	at org.junit.runners.ParentRunner.access$100(ParentRunner.java:66)
09-07 04:52:41.997 30151 30196 W DefaultFailureHandler: 	at org.junit.runners.ParentRunner$2.evaluate(ParentRunner.java:293)
09-07 04:52:41.997 30151 30196 W DefaultFailureHandler: 	at org.junit.runners.ParentRunner$3.evaluate(ParentRunner.java:306)
09-07 04:52:41.997 30151 30196 W DefaultFailureHandler: 	at org.junit.runners.ParentRunner.run(ParentRunner.java:413)
09-07 04:52:41.997 30151 30196 W DefaultFailureHandler: 	at androidx.test.ext.junit.runners.AndroidJUnit4.run(AndroidJUnit4.java:162)
09-07 04:52:41.997 30151 30196 W DefaultFailureHandler: 	at io.qameta.allure.android.runners.AllureAndroidJUnit4.run(AllureAndroidJUnitRunners.kt:29)
09-07 04:52:41.997 30151 30196 W DefaultFailureHandler: 	at org.junit.runners.Suite.runChild(Suite.java:128)
09-07 04:52:41.997 30151 30196 W DefaultFailureHandler: 	at org.junit.runners.Suite.runChild(Suite.java:27)
09-07 04:52:41.997 30151 30196 W DefaultFailureHandler: 	at org.junit.runners.ParentRunner$4.run(ParentRunner.java:331)
09-07 04:52:41.997 30151 30196 W DefaultFailureHandler: 	at org.junit.runners.ParentRunner$1.schedule(ParentRunner.java:79)
09-07 04:52:41.997 30151 30196 W DefaultFailureHandler: 	at org.junit.runners.ParentRunner.runChildren(ParentRunner.java:329)
09-07 04:52:41.997 30151 30196 W DefaultFailureHandler: 	at org.junit.runners.ParentRunner.access$100(ParentRunner.java:66)
09-07 04:52:41.997 30151 30196 W DefaultFailureHandler: 	at org.junit.runners.ParentRunner$2.evaluate(ParentRunner.java:293)
09-07 04:52:41.997 30151 30196 W DefaultFailureHandler: 	at org.junit.runners.ParentRunner$3.evaluate(ParentRunner.java:306)
09-07 04:52:41.997 30151 30196 W DefaultFailureHandler: 	at org.junit.runners.ParentRunner.run(ParentRunner.java:413)
09-07 04:52:41.997 30151 30196 W DefaultFailureHandler: 	at org.junit.runner.JUnitCore.run(JUnitCore.java:137)
09-07 04:52:41.997 30151 30196 W DefaultFailureHandler: 	at org.junit.runner.JUnitCore.run(JUnitCore.java:115)
09-07 04:52:41.997 30151 30196 W DefaultFailureHandler: 	at androidx.test.internal.runner.TestExecutor.execute(TestExecutor.java:67)
09-07 04:52:41.997 30151 30196 W DefaultFailureHandler: 	at androidx.test.internal.runner.TestExecutor.execute(TestExecutor.java:58)
09-07 04:52:41.997 30151 30196 W DefaultFailureHandler: 	at androidx.test.runner.AndroidJUnitRunner.onStart(AndroidJUnitRunner.java:438)
09-07 04:52:41.998 30151 30196 W DefaultFailureHandler: 	at android.app.Instrumentation$InstrumentationThread.run(Instrumentation.java:2189)
09-07 04:52:41.998 30151 30196 W DefaultFailureHandler: Caused by: android.system.ErrnoException: open failed: EROFS (Read-only file system)
09-07 04:52:41.998 30151 30196 W DefaultFailureHandler: 	at libcore.io.Linux.open(Native Method)
09-07 04:52:41.998 30151 30196 W DefaultFailureHandler: 	at libcore.io.ForwardingOs.open(ForwardingOs.java:167)
09-07 04:52:41.998 30151 30196 W DefaultFailureHandler: 	at libcore.io.BlockGuardOs.open(BlockGuardOs.java:252)
09-07 04:52:41.998 30151 30196 W DefaultFailureHandler: 	at libcore.io.ForwardingOs.open(ForwardingOs.java:167)
09-07 04:52:41.998 30151 30196 W DefaultFailureHandler: 	at android.app.ActivityThread$AndroidOs.open(ActivityThread.java:7255)
09-07 04:52:41.998 30151 30196 W DefaultFailureHandler: 	at libcore.io.IoBridge.open(IoBridge.java:482)
09-07 04:52:41.998 30151 30196 W DefaultFailureHandler: 	... 51 more
09-07 04:52:42.000 30151 30753 I okhttp.OkHttpClient: <-- 200 http://www.981757-ca08998.tmweb.ru:8080/fmh/news (6360ms)
09-07 04:52:42.000 30151 30753 I okhttp.OkHttpClient: Vary: Origin
09-07 04:52:42.000 30151 30753 I okhttp.OkHttpClient: Vary: Access-Control-Request-Method
09-07 04:52:42.000 30151 30753 I okhttp.OkHttpClient: Vary: Access-Control-Request-Headers
09-07 04:52:42.000 30151 30753 I okhttp.OkHttpClient: X-Content-Type-Options: nosniff
09-07 04:52:42.000 30151 30753 I okhttp.OkHttpClient: X-XSS-Protection: 1; mode=block
09-07 04:52:42.000 30151 30753 I okhttp.OkHttpClient: Cache-Control: no-cache, no-store, max-age=0, must-revalidate
09-07 04:52:42.000 30151 30753 I okhttp.OkHttpClient: Pragma: no-cache
09-07 04:52:42.000 30151 30753 I okhttp.OkHttpClient: Expires: 0
09-07 04:52:42.000 30151 30753 I okhttp.OkHttpClient: X-Frame-Options: DENY
09-07 04:52:42.001 30151 30753 I okhttp.OkHttpClient: Content-Type: application/json
09-07 04:52:42.001 30151 30753 I okhttp.OkHttpClient: Transfer-Encoding: chunked
09-07 04:52:42.001 30151 30753 I okhttp.OkHttpClient: Date: Thu, 07 Sep 2023 04:52:42 GMT
09-07 04:52:42.001 30151 30753 I okhttp.OkHttpClient: Keep-Alive: timeout=60
09-07 04:52:42.001 30151 30753 I okhttp.OkHttpClient: Connection: keep-alive
09-07 04:52:42.002  1793  2554 D gralloc_ranchu: gralloc_alloc: Creating ashmem region of size 9850880
09-07 04:52:42.143  2037  5231 I ActivityTaskManager: START u0 {act=android.intent.action.MAIN cat=[android.intent.category.LAUNCHER] flg=0x10000000 cmp=ru.iteco.fmhandroid.test/androidx.test.core.app.InstrumentationActivityInvoker$EmptyActivity} from uid 10136
09-07 04:52:42.147 30151 30151 D LifecycleMonitor: Lifecycle status change: ru.iteco.fmhandroid.ui.AppActivity@5162b30 in: PAUSED
09-07 04:52:42.147 30151 30151 V ActivityScenario: Update currentActivityStage to PAUSED, currentActivity=ru.iteco.fmhandroid.ui.AppActivity@5162b30
09-07 04:52:42.148  2037  7240 W InputReader: Device has associated, but no associated display id.
09-07 04:52:42.149  2037  7240 I chatty  : uid=1000(system) Binder:2037_1C identical 38 lines
09-07 04:52:42.149  2037  7240 W InputReader: Device has associated, but no associated display id.
09-07 04:52:42.150 30151 30602 V FA      : Recording user engagement, ms: 19641
09-07 04:52:42.150 30213 30213 W ActivityThread: handleWindowVisibility: no activity for token android.os.BinderProxy@e8b069f
09-07 04:52:42.153  2037  7240 W InputReader: Device has associated, but no associated display id.
09-07 04:52:42.182  2037  4510 I ActivityTaskManager: START u0 {act=android.intent.action.MAIN cat=[android.intent.category.LAUNCHER] flg=0x10000000 cmp=ru.iteco.fmhandroid.test/androidx.test.core.app.InstrumentationActivityInvoker$EmptyActivity} from uid 10136
09-07 04:52:42.154  2037  7240 I chatty  : uid=1000(system) Binder:2037_1C identical 8 lines
09-07 04:52:42.154  2037  7240 W InputReader: Device has associated, but no associated display id.
09-07 04:52:42.199  1793  2554 D gralloc_ranchu: gralloc_alloc: Creating ashmem region of size 9850880
09-07 04:52:42.204 30151 30602 V FA      : Connecting to remote service
09-07 04:52:42.210  7867  7867 D BoundBrokerSvc: onBind: Intent { act=com.google.android.gms.measurement.START pkg=com.google.android.gms }
09-07 04:52:42.210  7867  7867 D BoundBrokerSvc: Loading bound service for intent: Intent { act=com.google.android.gms.measurement.START pkg=com.google.android.gms }
09-07 04:52:42.211  1793  2554 D gralloc_ranchu: gralloc_alloc: Creating ashmem region of size 9850880
09-07 04:52:42.214 30213 30245 D EGL_emulation: eglMakeCurrent: 0xda21a240: ver 2 0 (tinfo 0xda20f7b0)
09-07 04:52:42.229  1793  2554 D gralloc_ranchu: gralloc_alloc: Creating ashmem region of size 9850880
09-07 04:52:42.238  2037  4510 W InputReader: Device has associated, but no associated display id.
09-07 04:52:42.239  2037  4510 I chatty  : uid=1000(system) Binder:2037_15 identical 38 lines
09-07 04:52:42.239  2037  4510 W InputReader: Device has associated, but no associated display id.
09-07 04:52:42.239 30151 30602 V FA      : Connection attempt already in progress
09-07 04:52:42.239 30151 30602 V FA      : Activity paused, time: 5286042
09-07 04:52:42.241  2037  4510 W InputReader: Device has associated, but no associated display id.
09-07 04:52:42.241  2037  4510 I chatty  : uid=1000(system) Binder:2037_15 identical 8 lines
09-07 04:52:42.241  2037  4510 W InputReader: Device has associated, but no associated display id.
09-07 04:52:42.247 30213 30213 W ActivityThread: handleWindowVisibility: no activity for token android.os.BinderProxy@e152cee
09-07 04:52:42.266 30151 30602 D FA      : Connected to remote service
09-07 04:52:42.267 30151 30602 V FA      : Processing queued up service tasks: 2
09-07 04:52:42.268  2037  5231 W ActivityTaskManager: Duplicate finish request for ActivityRecord{20bf0d1 u0 ru.iteco.fmhandroid/.ui.AppActivity t835 f}
09-07 04:52:42.287  1793  2554 D gralloc_ranchu: gralloc_alloc: Creating ashmem region of size 9850880
09-07 04:52:42.290  1793  2554 D gralloc_ranchu: gralloc_alloc: Creating ashmem region of size 9850880
09-07 04:52:42.292 30213 30245 D EGL_emulation: eglMakeCurrent: 0xda21a240: ver 2 0 (tinfo 0xda20f7b0)
09-07 04:52:42.305 30151 30754 I okhttp.OkHttpClient: <-- 200 http://www.981757-ca08998.tmweb.ru:8080/fmh/news (6328ms)
09-07 04:52:42.305 30151 30754 I okhttp.OkHttpClient: Vary: Origin
09-07 04:52:42.305 30151 30754 I okhttp.OkHttpClient: Vary: Access-Control-Request-Method
09-07 04:52:42.305 30151 30754 I okhttp.OkHttpClient: Vary: Access-Control-Request-Headers
09-07 04:52:42.306 30151 30754 I okhttp.OkHttpClient: X-Content-Type-Options: nosniff
09-07 04:52:42.306 30151 30754 I okhttp.OkHttpClient: X-XSS-Protection: 1; mode=block
09-07 04:52:42.306 30151 30754 I okhttp.OkHttpClient: Cache-Control: no-cache, no-store, max-age=0, must-revalidate
09-07 04:52:42.306 30151 30754 I okhttp.OkHttpClient: Pragma: no-cache
09-07 04:52:42.306 30151 30754 I okhttp.OkHttpClient: Expires: 0
09-07 04:52:42.306 30151 30754 I okhttp.OkHttpClient: X-Frame-Options: DENY
09-07 04:52:42.307 30151 30754 I okhttp.OkHttpClient: Content-Type: application/json
09-07 04:52:42.307 30151 30754 I okhttp.OkHttpClient: Transfer-Encoding: chunked
09-07 04:52:42.307 30151 30754 I okhttp.OkHttpClient: Date: Thu, 07 Sep 2023 04:52:42 GMT
09-07 04:52:42.307 30151 30754 I okhttp.OkHttpClient: Keep-Alive: timeout=60
09-07 04:52:42.307 30151 30754 I okhttp.OkHttpClient: Connection: keep-alive
09-07 04:52:42.311  1793  2554 D gralloc_ranchu: gralloc_alloc: Creating ashmem region of size 9850880
09-07 04:52:42.315  7867 30607 V FA-SVC  : Logging event: origin=auto,name=user_engagement(_e),params=Bundle[{ga_event_origin(_o)=auto, engagement_time_msec(_et)=19641, ga_screen_class(_sc)=AppActivity, ga_screen_id(_si)=-9034604991994632877}]
09-07 04:52:42.316  1792  2272 E GnssHAL_GnssInterface: gnssSvStatusCb: a: input svInfo.flags is 8
09-07 04:52:42.316  1792  2272 E GnssHAL_GnssInterface: gnssSvStatusCb: b: input svInfo.flags is 8
09-07 04:52:42.323  2037  2061 W InputReader: Device has associated, but no associated display id.
09-07 04:52:42.323  2037  2061 I chatty  : uid=1000(system) android.anim identical 18 lines
09-07 04:52:42.323  2037  2061 W InputReader: Device has associated, but no associated display id.
09-07 04:52:42.326  2037  2065 I ActivityTaskManager: Displayed ru.iteco.fmhandroid.test/androidx.test.core.app.InstrumentationActivityInvoker$EmptyActivity: +90ms
09-07 04:52:42.329  2037  2459 W InputReader: Device has associated, but no associated display id.
09-07 04:52:42.330  2037  2459 I chatty  : uid=1000(system) Binder:2037_9 identical 8 lines
09-07 04:52:42.330  2037  2459 W InputReader: Device has associated, but no associated display id.
09-07 04:52:42.341 30151 30248 D EGL_emulation: eglMakeCurrent: 0xe2258dc0: ver 2 0 (tinfo 0xe233aeb0)
09-07 04:52:42.347  1823  1823 W SurfaceFlinger: couldn't log to binary event log: overflow.
09-07 04:52:42.351  2037  5231 W InputReader: Device has associated, but no associated display id.
09-07 04:52:42.352  2037  5231 I chatty  : uid=1000(system) Binder:2037_19 identical 28 lines
09-07 04:52:42.352  2037  5231 W InputReader: Device has associated, but no associated display id.
09-07 04:52:42.363 30151 30151 D LifecycleMonitor: Lifecycle status change: ru.iteco.fmhandroid.ui.AppActivity@5162b30 in: STOPPED
09-07 04:52:42.363 30151 30151 V ActivityScenario: Update currentActivityStage to STOPPED, currentActivity=ru.iteco.fmhandroid.ui.AppActivity@5162b30
09-07 04:52:42.373  8425  8425 D BoundBrokerSvc: onBind: Intent { act=com.google.android.gms.presencemanager.service.START dat=chimera-action: cmp=com.google.android.gms/.chimera.PersistentApiService }
09-07 04:52:42.373  8425  8425 D BoundBrokerSvc: Loading bound service for intent: Intent { act=com.google.android.gms.presencemanager.service.START dat=chimera-action: cmp=com.google.android.gms/.chimera.PersistentApiService }
09-07 04:52:42.374 30151 30151 W System.err: ru.iteco.fmhandroid.exceptions.UnknownException
09-07 04:52:42.374 30151 30151 W System.err: 	at ru.iteco.fmhandroid.utils.Utils.makeRequest(Utils.kt:123)
09-07 04:52:42.374 30151 30151 W System.err: 	at ru.iteco.fmhandroid.utils.Utils$makeRequest$1.invokeSuspend(Unknown Source:15)
09-07 04:52:42.374 30151 30151 W System.err: 	at kotlin.coroutines.jvm.internal.BaseContinuationImpl.resumeWith(ContinuationImpl.kt:33)
09-07 04:52:42.375 30151 30151 W System.err: 	at kotlinx.coroutines.DispatchedTaskKt.resume(DispatchedTask.kt:234)
09-07 04:52:42.375 30151 30151 W System.err: 	at kotlinx.coroutines.DispatchedTaskKt.resumeUnconfined(DispatchedTask.kt:190)
09-07 04:52:42.375 30151 30151 W System.err: 	at kotlinx.coroutines.DispatchedTaskKt.dispatch(DispatchedTask.kt:161)
09-07 04:52:42.375 30151 30151 W System.err: 	at kotlinx.coroutines.CancellableContinuationImpl.dispatchResume(CancellableContinuationImpl.kt:397)
09-07 04:52:42.375 30151 30151 W System.err: 	at kotlinx.coroutines.CancellableContinuationImpl.cancel(CancellableContinuationImpl.kt:183)
09-07 04:52:42.375 30151 30151 W System.err: 	at kotlinx.coroutines.CancellableContinuationImpl.parentCancelled$kotlinx_coroutines_core(CancellableContinuationImpl.kt:190)
09-07 04:52:42.375 30151 30151 W System.err: 	at kotlinx.coroutines.ChildContinuation.invoke(JobSupport.kt:1474)
09-07 04:52:42.375 30151 30151 W System.err: 	at kotlinx.coroutines.JobSupport.notifyCancelling(JobSupport.kt:1499)
09-07 04:52:42.375 30151 30151 W System.err: 	at kotlinx.coroutines.JobSupport.tryMakeCancelling(JobSupport.kt:795)
09-07 04:52:42.377 30151 30151 W System.err: 	at kotlinx.coroutines.JobSupport.makeCancelling(JobSupport.kt:755)
09-07 04:52:42.377 30151 30151 W System.err: 	at kotlinx.coroutines.JobSupport.cancelImpl$kotlinx_coroutines_core(JobSupport.kt:671)
09-07 04:52:42.377 30151 30151 W System.err: 	at kotlinx.coroutines.JobSupport.parentCancelled(JobSupport.kt:637)
09-07 04:52:42.377 30151 30151 W System.err: 	at kotlinx.coroutines.ChildHandleNode.invoke(JobSupport.kt:1465)
09-07 04:52:42.377 30151 30151 W System.err: 	at kotlinx.coroutines.JobSupport.notifyCancelling(JobSupport.kt:1499)
09-07 04:52:42.377 30151 30151 W System.err: 	at kotlinx.coroutines.JobSupport.tryMakeCompletingSlowPath(JobSupport.kt:900)
09-07 04:52:42.377 30151 30151 W System.err: 	at kotlinx.coroutines.JobSupport.tryMakeCompleting(JobSupport.kt:863)
09-07 04:52:42.377 30151 30151 W System.err: 	at kotlinx.coroutines.JobSupport.cancelMakeCompleting(JobSupport.kt:696)
09-07 04:52:42.379  8425  8425 D BoundBrokerSvc: onBind: Intent { act=com.google.android.gms.presencemanager.service.INTERNAL_IDENTITY dat=chimera-action: cmp=com.google.android.gms/.chimera.PersistentApiService }
09-07 04:52:42.379  8425  8425 D BoundBrokerSvc: Loading bound service for intent: Intent { act=com.google.android.gms.presencemanager.service.INTERNAL_IDENTITY dat=chimera-action: cmp=com.google.android.gms/.chimera.PersistentApiService }
09-07 04:52:42.379 30151 30151 W System.err: 	at kotlinx.coroutines.JobSupport.cancelImpl$kotlinx_coroutines_core(JobSupport.kt:667)
09-07 04:52:42.379 30151 30151 W System.err: 	at kotlinx.coroutines.JobSupport.cancelInternal(JobSupport.kt:632)
09-07 04:52:42.380 30151 30151 W System.err: 	at kotlinx.coroutines.JobSupport.cancel(JobSupport.kt:617)
09-07 04:52:42.380 30151 30151 W System.err: 	at kotlinx.coroutines.JobKt__JobKt.cancel(Job.kt:561)
09-07 04:52:42.380 30151 30151 W System.err: 	at kotlinx.coroutines.JobKt.cancel(Unknown Source:1)
09-07 04:52:42.380 30151 30151 W System.err: 	at kotlinx.coroutines.JobKt__JobKt.cancel$default(Job.kt:560)
09-07 04:52:42.380 30151 30151 W System.err: 	at kotlinx.coroutines.JobKt.cancel$default(Unknown Source:1)
09-07 04:52:42.380 30151 30151 W System.err: 	at androidx.lifecycle.CloseableCoroutineScope.close(ViewModel.kt:51)
09-07 04:52:42.380 30151 30151 W System.err: 	at androidx.lifecycle.ViewModel.closeWithRuntimeException(ViewModel.java:188)
09-07 04:52:42.380 30151 30151 W System.err: 	at androidx.lifecycle.ViewModel.clear(ViewModel.java:134)
09-07 04:52:42.380 30151 30151 W System.err: 	at androidx.lifecycle.ViewModelStore.clear(ViewModelStore.java:62)
09-07 04:52:42.380 30151 30151 W System.err: 	at androidx.fragment.app.FragmentManagerViewModel.clearNonConfigStateInternal(FragmentManagerViewModel.java:210)
09-07 04:52:42.380 30151 30151 W System.err: 	at androidx.fragment.app.FragmentManagerViewModel.clearNonConfigState(FragmentManagerViewModel.java:190)
09-07 04:52:42.380 30151 30151 W System.err: 	at androidx.fragment.app.FragmentStateManager.destroy(FragmentStateManager.java:778)
09-07 04:52:42.381 30151 30151 W System.err: 	at androidx.fragment.app.FragmentStateManager.moveToExpectedState(FragmentStateManager.java:335)
09-07 04:52:42.381 30151 30151 W System.err: 	at androidx.fragment.app.FragmentStore.moveToExpectedState(FragmentStore.java:113)
09-07 04:52:42.381 30151 30151 W System.err: 	at androidx.fragment.app.FragmentManager.moveToState(FragmentManager.java:1374)
09-07 04:52:42.381 30151 30151 W System.err: 	at androidx.fragment.app.FragmentManager.dispatchStateChange(FragmentManager.java:2841)
09-07 04:52:42.381 30151 30151 W System.err: 	at androidx.fragment.app.FragmentManager.dispatchDestroy(FragmentManager.java:2820)
09-07 04:52:42.381 30151 30151 W System.err: 	at androidx.fragment.app.Fragment.performDestroy(Fragment.java:3246)
09-07 04:52:42.381 30151 30151 W System.err: 	at androidx.fragment.app.FragmentStateManager.destroy(FragmentStateManager.java:780)
09-07 04:52:42.381 30151 30151 W System.err: 	at androidx.fragment.app.FragmentStateManager.moveToExpectedState(FragmentStateManager.java:335)
09-07 04:52:42.381 30151 30151 W System.err: 	at androidx.fragment.app.SpecialEffectsController$FragmentStateManagerOperation.complete(SpecialEffectsController.java:771)
09-07 04:52:42.381 30151 30151 W System.err: 	at androidx.fragment.app.SpecialEffectsController$Operation.cancel(SpecialEffectsController.java:615)
09-07 04:52:42.381 30151 30151 W System.err: 	at androidx.fragment.app.SpecialEffectsController.forceCompleteAllOperations(SpecialEffectsController.java:350)
09-07 04:52:42.381 30151 30151 W System.err: 	at androidx.fragment.app.FragmentManager.dispatchStateChange(FragmentManager.java:2844)
09-07 04:52:42.381 30151 30151 W System.err: 	at androidx.fragment.app.FragmentManager.dispatchDestroy(FragmentManager.java:2820)
09-07 04:52:42.381 30151 30151 W System.err: 	at androidx.fragment.app.FragmentController.dispatchDestroy(FragmentController.java:345)
09-07 04:52:42.381 30151 30151 W System.err: 	at androidx.fragment.app.FragmentActivity.onDestroy(FragmentActivity.java:306)
09-07 04:52:42.381 30151 30151 W System.err: 	at androidx.appcompat.app.AppCompatActivity.onDestroy(AppCompatActivity.java:278)
09-07 04:52:42.381 30151 30151 W System.err: 	at android.app.Activity.performDestroy(Activity.java:8048)
09-07 04:52:42.381 30151 30151 W System.err: 	at android.app.Instrumentation.callActivityOnDestroy(Instrumentation.java:1334)
09-07 04:52:42.384 30151 30151 W System.err: 	at androidx.test.runner.MonitoringInstrumentation.callActivityOnDestroy(MonitoringInstrumentation.java:766)
09-07 04:52:42.384 30151 30151 W System.err: 	at android.app.ActivityThread.performDestroyActivity(ActivityThread.java:4926)
09-07 04:52:42.384 30151 30151 W System.err: 	at android.app.ActivityThread.handleDestroyActivity(ActivityThread.java:4970)
09-07 04:52:42.384 30151 30151 W System.err: 	at android.app.servertransaction.DestroyActivityItem.execute(DestroyActivityItem.java:44)
09-07 04:52:42.384 30151 30151 W System.err: 	at android.app.servertransaction.TransactionExecutor.executeLifecycleState(TransactionExecutor.java:176)
09-07 04:52:42.385 30151 30151 W System.err: 	at android.app.servertransaction.TransactionExecutor.execute(TransactionExecutor.java:97)
09-07 04:52:42.385 30151 30151 W System.err: 	at android.app.ActivityThread$H.handleMessage(ActivityThread.java:2016)
09-07 04:52:42.385 30151 30151 W System.err: 	at android.os.Handler.dispatchMessage(Handler.java:107)
09-07 04:52:42.385 30151 30151 W System.err: 	at android.os.Looper.loop(Looper.java:214)
09-07 04:52:42.385 30151 30151 W System.err: 	at android.app.ActivityThread.main(ActivityThread.java:7356)
09-07 04:52:42.385 30151 30151 W System.err: 	at java.lang.reflect.Method.invoke(Native Method)
09-07 04:52:42.385 30151 30151 W System.err: 	at com.android.internal.os.RuntimeInit$MethodAndArgsCaller.run(RuntimeInit.java:492)
09-07 04:52:42.385 30151 30151 W System.err: 	at com.android.internal.os.ZygoteInit.main(ZygoteInit.java:930)
09-07 04:52:42.387 30151 30151 W System.err: ru.iteco.fmhandroid.exceptions.UnknownException
09-07 04:52:42.387 30151 30151 W System.err: 	at ru.iteco.fmhandroid.utils.Utils.makeRequest(Utils.kt:123)
09-07 04:52:42.387 30151 30151 W System.err: 	at ru.iteco.fmhandroid.utils.Utils$makeRequest$1.invokeSuspend(Unknown Source:15)
09-07 04:52:42.389  2037  4510 D ConnectivityService: requestNetwork for uid/pid:10113/29289 NetworkRequest [ TRACK_DEFAULT id=151, [ Capabilities: INTERNET&NOT_RESTRICTED&TRUSTED Uid: 10113] ]
09-07 04:52:42.390 30151 30151 W System.err: 	at kotlin.coroutines.jvm.internal.BaseContinuationImpl.resumeWith(ContinuationImpl.kt:33)
09-07 04:52:42.390  2279  2279 D PhoneSwitcherNetworkRequstListener: got request NetworkRequest [ TRACK_DEFAULT id=151, [ Capabilities: INTERNET&NOT_RESTRICTED&TRUSTED Uid: 10113] ] with score 60 and serial -1
09-07 04:52:42.390 30151 30151 W System.err: 	at kotlinx.coroutines.DispatchedTaskKt.resume(DispatchedTask.kt:234)
09-07 04:52:42.390 30151 30151 W System.err: 	at kotlinx.coroutines.DispatchedTaskKt.resumeUnconfined(DispatchedTask.kt:190)
09-07 04:52:42.390  2037  2143 D WifiNetworkFactory: got request NetworkRequest [ TRACK_DEFAULT id=151, [ Capabilities: INTERNET&NOT_RESTRICTED&TRUSTED Uid: 10113] ] with score 60 and serial -1
09-07 04:52:42.390  2037  2143 D UntrustedWifiNetworkFactory: got request NetworkRequest [ TRACK_DEFAULT id=151, [ Capabilities: INTERNET&NOT_RESTRICTED&TRUSTED Uid: 10113] ] with score 60 and serial -1
09-07 04:52:42.390 30151 30151 W System.err: 	at kotlinx.coroutines.DispatchedTaskKt.dispatch(DispatchedTask.kt:161)
09-07 04:52:42.390 30151 30151 W System.err: 	at kotlinx.coroutines.CancellableContinuationImpl.dispatchResume(CancellableContinuationImpl.kt:397)
09-07 04:52:42.390 30151 30151 W System.err: 	at kotlinx.coroutines.CancellableContinuationImpl.cancel(CancellableContinuationImpl.kt:183)
09-07 04:52:42.390 30151 30151 W System.err: 	at kotlinx.coroutines.CancellableContinuationImpl.parentCancelled$kotlinx_coroutines_core(CancellableContinuationImpl.kt:190)
09-07 04:52:42.390 30151 30151 W System.err: 	at kotlinx.coroutines.ChildContinuation.invoke(JobSupport.kt:1474)
09-07 04:52:42.390 30151 30151 W System.err: 	at kotlinx.coroutines.JobSupport.notifyCancelling(JobSupport.kt:1499)
09-07 04:52:42.390 30151 30151 W System.err: 	at kotlinx.coroutines.JobSupport.tryMakeCancelling(JobSupport.kt:795)
09-07 04:52:42.390 30151 30151 W System.err: 	at kotlinx.coroutines.JobSupport.makeCancelling(JobSupport.kt:755)
09-07 04:52:42.393 30151 30151 W System.err: 	at kotlinx.coroutines.JobSupport.cancelImpl$kotlinx_coroutines_core(JobSupport.kt:671)
09-07 04:52:42.393 30151 30151 W System.err: 	at kotlinx.coroutines.JobSupport.parentCancelled(JobSupport.kt:637)
09-07 04:52:42.393 30151 30151 W System.err: 	at kotlinx.coroutines.ChildHandleNode.invoke(JobSupport.kt:1465)
09-07 04:52:42.393 30151 30151 W System.err: 	at kotlinx.coroutines.JobSupport.notifyCancelling(JobSupport.kt:1499)
09-07 04:52:42.393 30151 30151 W System.err: 	at kotlinx.coroutines.JobSupport.tryMakeCompletingSlowPath(JobSupport.kt:900)
09-07 04:52:42.393 30151 30151 W System.err: 	at kotlinx.coroutines.JobSupport.tryMakeCompleting(JobSupport.kt:863)
09-07 04:52:42.393 30151 30151 W System.err: 	at kotlinx.coroutines.JobSupport.cancelMakeCompleting(JobSupport.kt:696)
09-07 04:52:42.393 30151 30151 W System.err: 	at kotlinx.coroutines.JobSupport.cancelImpl$kotlinx_coroutines_core(JobSupport.kt:667)
09-07 04:52:42.393 30151 30151 W System.err: 	at kotlinx.coroutines.JobSupport.cancelInternal(JobSupport.kt:632)
09-07 04:52:42.393 30151 30151 W System.err: 	at kotlinx.coroutines.JobSupport.cancel(JobSupport.kt:617)
09-07 04:52:42.393 30151 30151 W System.err: 	at kotlinx.coroutines.JobKt__JobKt.cancel(Job.kt:561)
09-07 04:52:42.393 30151 30151 W System.err: 	at kotlinx.coroutines.JobKt.cancel(Unknown Source:1)
09-07 04:52:42.393 30151 30151 W System.err: 	at kotlinx.coroutines.JobKt__JobKt.cancel$default(Job.kt:560)
09-07 04:52:42.393 30151 30151 W System.err: 	at kotlinx.coroutines.JobKt.cancel$default(Unknown Source:1)
09-07 04:52:42.393 30151 30151 W System.err: 	at androidx.lifecycle.CloseableCoroutineScope.close(ViewModel.kt:51)
09-07 04:52:42.393 30151 30151 W System.err: 	at androidx.lifecycle.ViewModel.closeWithRuntimeException(ViewModel.java:188)
09-07 04:52:42.393 30151 30151 W System.err: 	at androidx.lifecycle.ViewModel.clear(ViewModel.java:134)
09-07 04:52:42.394 30151 30151 W System.err: 	at androidx.lifecycle.ViewModelStore.clear(ViewModelStore.java:62)
09-07 04:52:42.394 30151 30151 W System.err: 	at androidx.fragment.app.FragmentManagerViewModel.clearNonConfigStateInternal(FragmentManagerViewModel.java:210)
09-07 04:52:42.394 30151 30151 W System.err: 	at androidx.fragment.app.FragmentManagerViewModel.clearNonConfigState(FragmentManagerViewModel.java:190)
09-07 04:52:42.394 30151 30151 W System.err: 	at androidx.fragment.app.FragmentStateManager.destroy(FragmentStateManager.java:778)
09-07 04:52:42.394 30151 30151 W System.err: 	at androidx.fragment.app.FragmentStateManager.moveToExpectedState(FragmentStateManager.java:335)
09-07 04:52:42.394 30151 30151 W System.err: 	at androidx.fragment.app.FragmentStore.moveToExpectedState(FragmentStore.java:113)
09-07 04:52:42.394 30151 30151 W System.err: 	at androidx.fragment.app.FragmentManager.moveToState(FragmentManager.java:1374)
09-07 04:52:42.394 30151 30151 W System.err: 	at androidx.fragment.app.FragmentManager.dispatchStateChange(FragmentManager.java:2841)
09-07 04:52:42.394 30151 30151 W System.err: 	at androidx.fragment.app.FragmentManager.dispatchDestroy(FragmentManager.java:2820)
09-07 04:52:42.394 30151 30151 W System.err: 	at androidx.fragment.app.Fragment.performDestroy(Fragment.java:3246)
09-07 04:52:42.394 30151 30151 W System.err: 	at androidx.fragment.app.FragmentStateManager.destroy(FragmentStateManager.java:780)
09-07 04:52:42.394 30151 30151 W System.err: 	at androidx.fragment.app.FragmentStateManager.moveToExpectedState(FragmentStateManager.java:335)
09-07 04:52:42.394 30151 30151 W System.err: 	at androidx.fragment.app.SpecialEffectsController$FragmentStateManagerOperation.complete(SpecialEffectsController.java:771)
09-07 04:52:42.394 30151 30151 W System.err: 	at androidx.fragment.app.SpecialEffectsController$Operation.cancel(SpecialEffectsController.java:615)
09-07 04:52:42.394 30151 30151 W System.err: 	at androidx.fragment.app.SpecialEffectsController.forceCompleteAllOperations(SpecialEffectsController.java:350)
09-07 04:52:42.394 30151 30151 W System.err: 	at androidx.fragment.app.FragmentManager.dispatchStateChange(FragmentManager.java:2844)
09-07 04:52:42.394 30151 30151 W System.err: 	at androidx.fragment.app.FragmentManager.dispatchDestroy(FragmentManager.java:2820)
09-07 04:52:42.394 30151 30151 W System.err: 	at androidx.fragment.app.FragmentController.dispatchDestroy(FragmentController.java:345)
09-07 04:52:42.394 30151 30151 W System.err: 	at androidx.fragment.app.FragmentActivity.onDestroy(FragmentActivity.java:306)
09-07 04:52:42.394 30151 30151 W System.err: 	at androidx.appcompat.app.AppCompatActivity.onDestroy(AppCompatActivity.java:278)
09-07 04:52:42.394 30151 30151 W System.err: 	at android.app.Activity.performDestroy(Activity.java:8048)
09-07 04:52:42.394 30151 30151 W System.err: 	at android.app.Instrumentation.callActivityOnDestroy(Instrumentation.java:1334)
09-07 04:52:42.394 30151 30151 W System.err: 	at androidx.test.runner.MonitoringInstrumentation.callActivityOnDestroy(MonitoringInstrumentation.java:766)
09-07 04:52:42.394 30151 30151 W System.err: 	at android.app.ActivityThread.performDestroyActivity(ActivityThread.java:4926)
09-07 04:52:42.394 30151 30151 W System.err: 	at android.app.ActivityThread.handleDestroyActivity(ActivityThread.java:4970)
09-07 04:52:42.394 30151 30151 W System.err: 	at android.app.servertransaction.DestroyActivityItem.execute(DestroyActivityItem.java:44)
09-07 04:52:42.394 30151 30151 W System.err: 	at android.app.servertransaction.TransactionExecutor.executeLifecycleState(TransactionExecutor.java:176)
09-07 04:52:42.394 30151 30151 W System.err: 	at android.app.servertransaction.TransactionExecutor.execute(TransactionExecutor.java:97)
09-07 04:52:42.394 30151 30151 W System.err: 	at android.app.ActivityThread$H.handleMessage(ActivityThread.java:2016)
09-07 04:52:42.394 30151 30151 W System.err: 	at android.os.Handler.dispatchMessage(Handler.java:107)
09-07 04:52:42.395 30151 30151 W System.err: 	at android.os.Looper.loop(Looper.java:214)
09-07 04:52:42.395 30151 30151 W System.err: 	at android.app.ActivityThread.main(ActivityThread.java:7356)
09-07 04:52:42.395 30151 30151 W System.err: 	at java.lang.reflect.Method.invoke(Native Method)
09-07 04:52:42.395 30151 30151 W System.err: 	at com.android.internal.os.RuntimeInit$MethodAndArgsCaller.run(RuntimeInit.java:492)
09-07 04:52:42.396 30151 30151 W System.err: 	at com.android.internal.os.ZygoteInit.main(ZygoteInit.java:930)
09-07 04:52:42.398 30151 30751 I okhttp.OkHttpClient: <-- HTTP FAILED: java.net.SocketException: Socket closed
09-07 04:52:42.398 30151 30151 W System.err: ru.iteco.fmhandroid.exceptions.UnknownException
09-07 04:52:42.402 30151 30151 W System.err: 	at ru.iteco.fmhandroid.utils.Utils.makeRequest(Utils.kt:123)
09-07 04:52:42.402 30151 30151 W System.err: 	at ru.iteco.fmhandroid.utils.Utils$makeRequest$1.invokeSuspend(Unknown Source:15)
09-07 04:52:42.402 30151 30151 W System.err: 	at kotlin.coroutines.jvm.internal.BaseContinuationImpl.resumeWith(ContinuationImpl.kt:33)
09-07 04:52:42.402 30151 30151 W System.err: 	at kotlinx.coroutines.DispatchedTaskKt.resume(DispatchedTask.kt:234)
09-07 04:52:42.402 30151 30151 W System.err: 	at kotlinx.coroutines.DispatchedTaskKt.resumeUnconfined(DispatchedTask.kt:190)
09-07 04:52:42.402 30151 30151 W System.err: 	at kotlinx.coroutines.DispatchedTaskKt.dispatch(DispatchedTask.kt:161)
09-07 04:52:42.402 30151 30151 W System.err: 	at kotlinx.coroutines.CancellableContinuationImpl.dispatchResume(CancellableContinuationImpl.kt:397)
09-07 04:52:42.402 30151 30151 W System.err: 	at kotlinx.coroutines.CancellableContinuationImpl.cancel(CancellableContinuationImpl.kt:183)
09-07 04:52:42.402 30151 30151 W System.err: 	at kotlinx.coroutines.CancellableContinuationImpl.parentCancelled$kotlinx_coroutines_core(CancellableContinuationImpl.kt:190)
09-07 04:52:42.402 30151 30151 W System.err: 	at kotlinx.coroutines.ChildContinuation.invoke(JobSupport.kt:1474)
09-07 04:52:42.402 30151 30151 W System.err: 	at kotlinx.coroutines.JobSupport.notifyCancelling(JobSupport.kt:1499)
09-07 04:52:42.402 30151 30151 W System.err: 	at kotlinx.coroutines.JobSupport.tryMakeCancelling(JobSupport.kt:795)
09-07 04:52:42.406  7867 30607 V FA-SVC  : Upload scheduled in approximately ms: 2076893
09-07 04:52:42.406  7867 30607 V FA-SVC  : Unscheduling upload
