--------- beginning of main
09-07 03:38:28.898  1792  2272 E GnssHAL_GnssInterface: gnssSvStatusCb: a: input svInfo.flags is 8
09-07 03:38:28.898  1792  2272 E GnssHAL_GnssInterface: gnssSvStatusCb: b: input svInfo.flags is 8
09-07 03:38:29.898  1792  2272 E GnssHAL_GnssInterface: gnssSvStatusCb: a: input svInfo.flags is 8
09-07 03:38:29.898  1792  2272 E GnssHAL_GnssInterface: gnssSvStatusCb: b: input svInfo.flags is 8
--------- beginning of system
09-07 03:38:30.337  2037  4391 I ActivityManager: Force stopping ru.iteco.fmhandroid appid=10136 user=0: from pid 11385
09-07 03:38:30.348  2279  2279 D CarrierSvcBindHelper: No carrier app for: 0
09-07 03:38:30.383  9734  9734 I studio.deploy: Received request 'dump'
09-07 03:38:30.460  2037  4391 I ActivityManager: Force stopping ru.iteco.fmhandroid appid=10136 user=0: from pid 11403
09-07 03:38:30.467  2279  2279 D CarrierSvcBindHelper: No carrier app for: 0
09-07 03:38:30.485  9734  9734 I studio.deploy: Received request 'dump'
09-07 03:38:30.562  2037  4315 I ActivityManager: Force stopping ru.iteco.fmhandroid.test appid=10135 user=0: from pid 11420
09-07 03:38:30.570  2279  2279 D CarrierSvcBindHelper: No carrier app for: 0
09-07 03:38:30.671 11427 11427 D AndroidRuntime: >>>>>> START com.android.internal.os.RuntimeInit uid 2000 <<<<<<
09-07 03:38:30.673 11427 11427 E libc    : Access denied finding property "persist.device_config.runtime_native_boot.enable_apex_image"
09-07 03:38:30.673 11427 11427 I AndroidRuntime: Using default boot image
09-07 03:38:30.674 11427 11427 E libc    : Access denied finding property "persist.device_config.runtime_native_boot.disable_lock_profiling"
09-07 03:38:30.674 11427 11427 I AndroidRuntime: Leaving lock profiling enabled
09-07 03:38:30.674 11427 11427 E libc    : Access denied finding property "persist.device_config.runtime_native_boot.enable_generational_cc"
09-07 03:38:30.665 11427 11427 W app_process: type=1400 audit(0.0:94): avc: denied { read } for name="u:object_r:device_config_runtime_native_boot_prop:s0" dev="tmpfs" ino=6894 scontext=u:r:shell:s0 tcontext=u:object_r:device_config_runtime_native_boot_prop:s0 tclass=file permissive=0
09-07 03:38:30.665 11427 11427 W app_process: type=1400 audit(0.0:95): avc: denied { read } for name="u:object_r:device_config_runtime_native_boot_prop:s0" dev="tmpfs" ino=6894 scontext=u:r:shell:s0 tcontext=u:object_r:device_config_runtime_native_boot_prop:s0 tclass=file permissive=0
09-07 03:38:30.665 11427 11427 W app_process: type=1400 audit(0.0:96): avc: denied { read } for name="u:object_r:device_config_runtime_native_boot_prop:s0" dev="tmpfs" ino=6894 scontext=u:r:shell:s0 tcontext=u:object_r:device_config_runtime_native_boot_prop:s0 tclass=file permissive=0
09-07 03:38:30.717 11427 11427 D ICU     : Time zone APEX file found: /apex/com.android.tzdata/etc/icu/icu_tzdata.dat
09-07 03:38:30.720 11427 11427 W app_process: Unexpected CPU variant for X86 using defaults: x86
09-07 03:38:30.724 11427 11427 I app_process: The ClassLoaderContext is a special shared library.
09-07 03:38:30.735 11427 11427 W app_process: JNI RegisterNativeMethods: attempt to register 0 native methods for android.media.AudioAttributes
09-07 03:38:30.739 11427 11427 D AndroidRuntime: Calling main entry com.android.commands.am.Am
09-07 03:38:30.743  2037  4391 I ActivityManager: Force stopping ru.iteco.fmhandroid appid=10136 user=0: start instr
09-07 03:38:30.751  1775  1775 D Zygote  : Forked child process 11442
09-07 03:38:30.754 11442 11442 I teco.fmhandroi: Late-enabling -Xcheck:jni
09-07 03:38:30.761  2037  2067 I ActivityManager: Start proc 11442:ru.iteco.fmhandroid/u0a136 for added application ru.iteco.fmhandroid
09-07 03:38:30.765 11442 11442 E teco.fmhandroi: Unknown bits set in runtime_flags: 0x8000
09-07 03:38:30.765 11442 11442 W teco.fmhandroi: Unexpected CPU variant for X86 using defaults: x86
09-07 03:38:30.819 11442 11442 I teco.fmhandroi: The ClassLoaderContext is a special shared library.
09-07 03:38:30.819 11442 11442 I teco.fmhandroi: The ClassLoaderContext is a special shared library.
09-07 03:38:30.898  1792  2272 E GnssHAL_GnssInterface: gnssSvStatusCb: a: input svInfo.flags is 8
09-07 03:38:30.898  1792  2272 E GnssHAL_GnssInterface: gnssSvStatusCb: b: input svInfo.flags is 8
09-07 03:38:31.176 11442 11442 I teco.fmhandroi: The ClassLoaderContext is a special shared library.
09-07 03:38:31.176 11442 11442 I teco.fmhandroi: The ClassLoaderContext is a special shared library.
09-07 03:38:31.490 11442 11442 W teco.fmhandroi: Accessing hidden method Landroid/app/Instrumentation;->execStartActivity(Landroid/content/Context;Landroid/os/IBinder;Landroid/os/IBinder;Landroid/app/Activity;Landroid/content/Intent;ILandroid/os/Bundle;)Landroid/app/Instrumentation$ActivityResult; (greylist, linking, allowed)
09-07 03:38:31.490 11442 11442 W teco.fmhandroi: Accessing hidden method Landroid/app/Instrumentation;->execStartActivity(Landroid/content/Context;Landroid/os/IBinder;Landroid/os/IBinder;Ljava/lang/String;Landroid/content/Intent;ILandroid/os/Bundle;)Landroid/app/Instrumentation$ActivityResult; (greylist, linking, allowed)
09-07 03:38:31.496 11442 11442 I MonitoringInstr: newApplication called!
09-07 03:38:31.517 11442 11442 I FirebaseApp: Device unlocked: initializing all Firebase APIs for app [DEFAULT]
09-07 03:38:31.525 11442 11442 I FirebaseCrashlytics: Initializing Firebase Crashlytics 18.2.6 for ru.iteco.fmhandroid
09-07 03:38:31.557 11442 11478 I DynamiteModule: Considering local module com.google.android.gms.measurement.dynamite:55 and remote module com.google.android.gms.measurement.dynamite:93
09-07 03:38:31.558 11442 11478 I DynamiteModule: Selected remote version of com.google.android.gms.measurement.dynamite, version >= 93
09-07 03:38:31.558 11442 11478 V DynamiteModule: Dynamite loader version >= 2, using loadModule2NoCrashUtils
09-07 03:38:31.577 11442 11478 W System  : ClassLoader referenced unknown path: 
09-07 03:38:31.603 11442 11442 I FirebaseInitProvider: FirebaseApp initialization successful
09-07 03:38:31.620 11442 11442 I MonitoringInstr: Instrumentation started!
09-07 03:38:31.626 11442 11442 D ClassesArgTokenizer: input: ru.iteco.fmhandroid.ui.ControlPanelTest
09-07 03:38:31.626 11442 11442 D ClassesArgTokenizer: result: [ru.iteco.fmhandroid.ui.ControlPanelTest]
09-07 03:38:31.626 11442 11442 D ClassesArgTokenizer: input: null
09-07 03:38:31.627 11442 11442 D ClassesArgTokenizer: result: []
09-07 03:38:31.629 11442 11442 V TestEventClient: No service name argument was given (testDiscoveryService, testRunEventService or orchestratorService)
09-07 03:38:31.637 11442 11486 D AndroidJUnitRunner: onStart is called.
09-07 03:38:31.641 11442 11478 W teco.fmhandroi: Accessing hidden method Lsun/misc/Unsafe;->arrayBaseOffset(Ljava/lang/Class;)I (greylist,core-platform-api, linking, allowed)
09-07 03:38:31.642 11442 11478 W teco.fmhandroi: Accessing hidden method Lsun/misc/Unsafe;->arrayIndexScale(Ljava/lang/Class;)I (greylist, linking, allowed)
09-07 03:38:31.642 11442 11478 W teco.fmhandroi: Accessing hidden method Lsun/misc/Unsafe;->compareAndSwapInt(Ljava/lang/Object;JII)Z (greylist, linking, allowed)
09-07 03:38:31.642 11442 11478 W teco.fmhandroi: Accessing hidden method Lsun/misc/Unsafe;->compareAndSwapLong(Ljava/lang/Object;JJJ)Z (greylist, linking, allowed)
09-07 03:38:31.642 11442 11478 W teco.fmhandroi: Accessing hidden method Lsun/misc/Unsafe;->getIntVolatile(Ljava/lang/Object;J)I (greylist, linking, allowed)
09-07 03:38:31.642 11442 11478 W teco.fmhandroi: Accessing hidden method Lsun/misc/Unsafe;->getObjectVolatile(Ljava/lang/Object;J)Ljava/lang/Object; (greylist, linking, allowed)
09-07 03:38:31.642 11442 11478 W teco.fmhandroi: Accessing hidden method Lsun/misc/Unsafe;->objectFieldOffset(Ljava/lang/reflect/Field;)J (greylist,core-platform-api, linking, allowed)
09-07 03:38:31.642 11442 11478 W teco.fmhandroi: Accessing hidden method Lsun/misc/Unsafe;->putObjectVolatile(Ljava/lang/Object;JLjava/lang/Object;)V (greylist, linking, allowed)
09-07 03:38:31.642 11442 11478 W teco.fmhandroi: Accessing hidden field Lsun/misc/Unsafe;->theUnsafe:Lsun/misc/Unsafe; (greylist, reflection, allowed)
09-07 03:38:31.644 11442 11442 I MonitoringInstr: No JSBridge.
09-07 03:38:31.655 11442 11486 D TestRequestBuilder: Skipping class path scanning and directly running [ru.iteco.fmhandroid.ui.ControlPanelTest]
09-07 03:38:31.661 11442 11486 D ClassesArgTokenizer: input: ru.iteco.fmhandroid.ui.ControlPanelTest
09-07 03:38:31.661 11442 11486 D ClassesArgTokenizer: result: [ru.iteco.fmhandroid.ui.ControlPanelTest]
09-07 03:38:31.661 11442 11486 D ClassesArgTokenizer: input: null
09-07 03:38:31.661 11442 11486 D ClassesArgTokenizer: result: []
09-07 03:38:31.673 11442 11486 D AndroidJUnitRunner: Use the raw file system for managing file I/O.
09-07 03:38:31.679 11442 11486 D TestExecutor: Adding listener androidx.test.internal.runner.listener.LogRunListener
09-07 03:38:31.680 11442 11486 D TestExecutor: Adding listener androidx.test.internal.runner.listener.InstrumentationResultPrinter
09-07 03:38:31.680 11442 11486 D TestExecutor: Adding listener androidx.test.internal.runner.listener.ActivityFinisherRunListener
09-07 03:38:31.680 11442 11486 D TestExecutor: Adding listener androidx.test.internal.runner.listener.TraceRunListener
09-07 03:38:31.682 11442 11486 I TestRunner: run started: 14 tests
09-07 03:38:31.692 11442 11488 V FA      : App measurement collection enabled
09-07 03:38:31.692 11442 11488 V FA      : App measurement enabled for app package, google app id: ru.iteco.fmhandroid, 1:729587742060:android:e7d6f87c783f52b9a42f49
09-07 03:38:31.693 11442 11488 I FA      : App measurement initialized, version: 80069
09-07 03:38:31.693 11442 11488 I FA      : To enable debug logging run: adb shell setprop log.tag.FA VERBOSE
09-07 03:38:31.693 11442 11488 I FA      : To enable faster debug mode event logging run:
09-07 03:38:31.693 11442 11488 I FA      :   adb shell setprop debug.firebase.analytics.app ru.iteco.fmhandroid
09-07 03:38:31.693 11442 11488 D FA      : Debug-level message logging enabled
09-07 03:38:31.710 11442 11488 D FA      : Resetting session stitching token to not null
09-07 03:38:31.721 11442 11486 I TestRunner: started: shouldKeepTheNewsUnchanged(ru.iteco.fmhandroid.ui.ControlPanelTest)
09-07 03:38:31.724 11442 11488 V FA      : Connecting to remote service
09-07 03:38:31.730  7867  7867 D BoundBrokerSvc: onBind: Intent { act=com.google.android.gms.measurement.START pkg=com.google.android.gms }
09-07 03:38:31.730  7867  7867 D BoundBrokerSvc: Loading bound service for intent: Intent { act=com.google.android.gms.measurement.START pkg=com.google.android.gms }
09-07 03:38:31.742 11442 11488 V FA      : Connection attempt already in progress
09-07 03:38:31.748 11442 11488 V FA      : Connection attempt already in progress
09-07 03:38:31.749 11442 11488 D FA      : Connected to remote service
09-07 03:38:31.750 11442 11488 V FA      : Processing queued up service tasks: 3
09-07 03:38:31.778  7867 10859 V FA-SVC  : Saving default event parameters, appId, data size: ru.iteco.fmhandroid, 2
09-07 03:38:31.827  1774 11491 E ResolverController: No valid NAT64 prefix (101, <unspecified>/0)
09-07 03:38:31.865  2037  2037 V SettingsProvider: Notifying for 0: content://settings/secure/accessibility_enabled
09-07 03:38:31.867  2689  3033 I fteu    : (REDACTED) #onAccessibilityStateChanged enabled: %s
09-07 03:38:31.867  2689  3084 I fteu    : #onChange
09-07 03:38:31.867  2689  3084 I csoe    : #FCF: onChange
09-07 03:38:31.868  2689  3084 I csoi    : (REDACTED) FCF System FeatureName to check: %s
09-07 03:38:31.868  2689  3084 I csoi    : (REDACTED) FCF: Device model check status : %s
09-07 03:38:31.868  2689  3084 I csof    : FCF A11y Checker - readyForTngMa
09-07 03:38:31.869  2689  3085 I ctnd    : (REDACTED) #isBluetoothOrWiredHeadsetConnected Number of connected audio devices: %s
09-07 03:38:31.869  2689  3085 I cspe    : (REDACTED) #FCF: Headset Connected Status: %s
09-07 03:38:31.870  2689  3084 I csqr    : (REDACTED) #FCF: Demo mode check status : %s
09-07 03:38:31.871  2689  3085 I csqs    : (REDACTED) #FCF: Managed profile check status : %s
09-07 03:38:31.871  2689  3085 I csno    : (REDACTED) #FCF: Assistant primary locale : %s
09-07 03:38:31.871  2689  3085 I csno    : (REDACTED) #FCF: Assistant Primary locale check status : %s
09-07 03:38:31.872  2689  3085 W csqu    : Unable to check for productivity accounts. Assuming there are none.
09-07 03:38:31.872  2689  3085 W csqu    : com.google.android.libraries.geller.portable.GellerException: Code: INVALID_ARGUMENT, Message: Account name is null.
09-07 03:38:31.872  2689  3085 W csqu    : 	at ghid.a(PG:6)
09-07 03:38:31.872  2689  3085 W csqu    : 	at gxvx.a(PG:3)
09-07 03:38:31.872  2689  3085 W csqu    : 	at hnzx.a(PG:1)
09-07 03:38:31.872  2689  3085 W csqu    : 	at hobr.run(PG:4)
09-07 03:38:31.872  2689  3085 W csqu    : 	at ewes.run(PG:1)
09-07 03:38:31.872  2689  3085 W csqu    : 	at java.util.concurrent.ThreadPoolExecutor.runWorker(ThreadPoolExecutor.java:1167)
09-07 03:38:31.872  2689  3085 W csqu    : 	at java.util.concurrent.ThreadPoolExecutor$Worker.run(ThreadPoolExecutor.java:641)
09-07 03:38:31.872  2689  3085 W csqu    : 	at ewdw.run(PG:2)
09-07 03:38:31.872  2689  3085 W csqu    : 	at java.lang.Thread.run(Thread.java:919)
09-07 03:38:31.872  2689  3085 W csqu    : 	at ewfb.run(PG:5)
09-07 03:38:31.874  2666  3011 I biwj    : NGA disabled since it's running Panthera and at least one a11y feature is on.
09-07 03:38:31.874  2666  3011 I biwj    : (REDACTED) Nga state changed to %s
09-07 03:38:31.876  2689  3085 I yzq     : (REDACTED) Nga on-device enabled based on TNG:MA active state: %b
09-07 03:38:31.876  2689  3085 I yzq     : (REDACTED) Nga on-device enabled based on TNG:MA active state: %b
09-07 03:38:31.876  2689  3085 I yzq     : Unsubscribed to apa or classic variant change.
09-07 03:38:31.893  2689  3084 I csts    : (REDACTED) #FCF evaluate: %s
09-07 03:38:31.893  2689  3084 I csts    : (REDACTED) TngMaStatusChecker#evaluateInternal completed in %s millis
09-07 03:38:31.893  2689  3084 I cscy    : (REDACTED) TNG:MA status updated: %s
09-07 03:38:31.893  2689  3084 I cscy    : TNG:MA became ineligible, client should disconnect
09-07 03:38:31.893  2689  3084 I cscy    : #disconnectAndStop - preventing double stop
09-07 03:38:31.893  2689  3084 I csts    : #invalidationSource: adding saa update checker
09-07 03:38:31.894  2689  3084 I csts    : #invalidationSource: adding headset checker
09-07 03:38:31.898  1792  2272 E GnssHAL_GnssInterface: gnssSvStatusCb: a: input svInfo.flags is 8
09-07 03:38:31.898  1792  2272 E GnssHAL_GnssInterface: gnssSvStatusCb: b: input svInfo.flags is 8
09-07 03:38:31.901  2666  3039 I bjbd    : Trying to enqueue PieTriggeringWorker
09-07 03:38:31.903  2689  2689 I aaag    : (REDACTED) eventData = %s
09-07 03:38:31.904  2689  3085 I znc     : Logging success flow
09-07 03:38:31.914 11442 11486 W Settings: Setting always_finish_activities has moved from android.provider.Settings.System to android.provider.Settings.Global, returning read-only value.
09-07 03:38:31.914  2666  3039 I bjbd    : Trying to enqueue PieTriggeringWorker
09-07 03:38:31.915  2689  2689 I aaag    : (REDACTED) eventData = %s
09-07 03:38:31.916  2689  3084 I znc     : Logging success flow
09-07 03:38:31.926  2666  3039 I bjbd    : Trying to enqueue PieTriggeringWorker
09-07 03:38:31.929  2689  2689 I aaag    : (REDACTED) eventData = %s
09-07 03:38:31.934  2037  2115 I ActivityTaskManager: START u0 {act=android.intent.action.MAIN cat=[android.intent.category.LAUNCHER] flg=0x10008000 cmp=ru.iteco.fmhandroid.test/androidx.test.core.app.InstrumentationActivityInvoker$BootstrapActivity (has extras)} from uid 10136
09-07 03:38:31.940  2037  2061 E system_server: Invalid ID 0x00000000.
09-07 03:38:31.942  2037  4199 W InputReader: Device has associated, but no associated display id.
09-07 03:38:31.943  2037  4199 I chatty  : uid=1000(system) Binder:2037_F identical 8 lines
09-07 03:38:31.943  2037  4199 W InputReader: Device has associated, but no associated display id.
09-07 03:38:31.949  1775  1775 D Zygote  : Forked child process 11498
09-07 03:38:31.956  2037  2067 I ActivityManager: Start proc 11498:ru.iteco.fmhandroid.test/u0a135 for activity {ru.iteco.fmhandroid.test/androidx.test.core.app.InstrumentationActivityInvoker$BootstrapActivity}
09-07 03:38:31.961 11498 11498 I fmhandroid.tes: Late-enabling -Xcheck:jni
09-07 03:38:31.964  1793  1793 D gralloc_ranchu: gralloc_alloc: Creating ashmem region of size 9850880
09-07 03:38:31.992 11498 11498 E fmhandroid.tes: Unknown bits set in runtime_flags: 0x8000
09-07 03:38:31.992 11498 11498 W fmhandroid.tes: Unexpected CPU variant for X86 using defaults: x86
09-07 03:38:32.015  2037  2115 W InputReader: Device has associated, but no associated display id.
09-07 03:38:32.023  2037  2115 I chatty  : uid=1000(system) Binder:2037_3 identical 28 lines
09-07 03:38:32.023  2037  2115 W InputReader: Device has associated, but no associated display id.
09-07 03:38:32.029  2037  2061 W InputReader: Device has associated, but no associated display id.
09-07 03:38:32.029  2037  2061 I chatty  : uid=1000(system) android.anim identical 8 lines
09-07 03:38:32.029  2037  2061 W InputReader: Device has associated, but no associated display id.
09-07 03:38:32.043  2182  2468 D EGL_emulation: eglMakeCurrent: 0xda21a360: ver 2 0 (tinfo 0xda20f590)
09-07 03:38:32.051  2434  2714 D EGL_emulation: eglMakeCurrent: 0xed453b60: ver 2 0 (tinfo 0xe233a960)
09-07 03:38:32.052  2182  2468 D EGL_emulation: eglMakeCurrent: 0xda21a360: ver 2 0 (tinfo 0xda20f590)
09-07 03:38:32.052 11498 11498 I fmhandroid.tes: The ClassLoaderContext is a special shared library.
09-07 03:38:32.053  2666  3068 D EGL_emulation: eglMakeCurrent: 0xda21b0e0: ver 2 0 (tinfo 0xda20fbb0)
09-07 03:38:32.053 11498 11498 I fmhandroid.tes: The ClassLoaderContext is a special shared library.
09-07 03:38:32.054  2182  2182 W View    : requestLayout() improperly called by com.android.keyguard.AlphaOptimizedLinearLayout{551c6d8 V.E...... ......ID 7,0-48,61 #7f0a041c app:id/wifi_group} during second layout pass: posting in next frame
09-07 03:38:32.061  2182  2182 W View    : requestLayout() improperly called by StatusBarIconView(slot=mobile icon=null notification=null) during layout: running second layout pass
09-07 03:38:32.068  2666  2666 I dnsi    : onPause
09-07 03:38:32.099  2666  3026 V ClearcutMetricXmitter: Transmission is done.
09-07 03:38:32.204  1823  1896 E SurfaceFlinger: ro.sf.lcd_density must be defined as a build property
09-07 03:38:32.206  1823  1896 E SurfaceFlinger: ro.sf.lcd_density must be defined as a build property
09-07 03:38:32.207 11498 11532 D libEGL  : Emulator has host GPU support, qemu.gles is set to 1.
09-07 03:38:32.208 11498 11532 W libc    : Unable to set property "qemu.gles" to "1": connection failed; errno=13 (Permission denied)
09-07 03:38:32.195 11498 11498 W RenderThread: type=1400 audit(0.0:97): avc: denied { write } for name="property_service" dev="tmpfs" ino=6988 scontext=u:r:untrusted_app:s0:c135,c256,c512,c768 tcontext=u:object_r:property_socket:s0 tclass=sock_file permissive=0
09-07 03:38:32.225 11498 11532 D libEGL  : loaded /vendor/lib/egl/libEGL_emulation.so
09-07 03:38:32.230 11498 11532 D libEGL  : loaded /vendor/lib/egl/libGLESv1_CM_emulation.so
09-07 03:38:32.231 11498 11532 D libEGL  : loaded /vendor/lib/egl/libGLESv2_emulation.so
09-07 03:38:32.238  2037  4199 I ActivityTaskManager: START u0 {act=android.intent.action.MAIN cat=[android.intent.category.LAUNCHER] cmp=ru.iteco.fmhandroid/.ui.AppActivity} from uid 10136
09-07 03:38:32.245  2037  4199 W InputReader: Device has associated, but no associated display id.
09-07 03:38:32.247  2037  4199 I chatty  : uid=1000(system) Binder:2037_F identical 48 lines
09-07 03:38:32.247  2037  4199 W InputReader: Device has associated, but no associated display id.
09-07 03:38:32.249 11442 11442 W ActivityThread: handleWindowVisibility: no activity for token android.os.BinderProxy@dce2beb
09-07 03:38:32.252  2037  4199 W InputReader: Device has associated, but no associated display id.
09-07 03:38:32.252  2037  4199 I chatty  : uid=1000(system) Binder:2037_F identical 8 lines
09-07 03:38:32.252  2037  4199 W InputReader: Device has associated, but no associated display id.
09-07 03:38:32.260  2666  2666 I dnsi    : onStop
09-07 03:38:32.274  1823  2474 E SurfaceFlinger: ro.sf.lcd_density must be defined as a build property
09-07 03:38:32.274  1823  1896 E SurfaceFlinger: ro.sf.lcd_density must be defined as a build property
09-07 03:38:32.277 11442 11536 D libEGL  : Emulator has host GPU support, qemu.gles is set to 1.
09-07 03:38:32.277 11442 11536 W libc    : Unable to set property "qemu.gles" to "1": connection failed; errno=13 (Permission denied)
09-07 03:38:32.265 11442 11442 W RenderThread: type=1400 audit(0.0:98): avc: denied { write } for name="property_service" dev="tmpfs" ino=6988 scontext=u:r:untrusted_app:s0:c136,c256,c512,c768 tcontext=u:object_r:property_socket:s0 tclass=sock_file permissive=0
09-07 03:38:32.298  1823  1823 W SurfaceFlinger: couldn't log to binary event log: overflow.
09-07 03:38:32.299  1823  1823 W SurfaceFlinger: couldn't log to binary event log: overflow.
09-07 03:38:32.323 11442 11536 D libEGL  : loaded /vendor/lib/egl/libEGL_emulation.so
09-07 03:38:32.324 11442 11536 D libEGL  : loaded /vendor/lib/egl/libGLESv1_CM_emulation.so
09-07 03:38:32.325 11442 11536 D libEGL  : loaded /vendor/lib/egl/libGLESv2_emulation.so
09-07 03:38:32.327 11442 11442 D LifecycleMonitor: Lifecycle status change: ru.iteco.fmhandroid.ui.AppActivity@bf025f4 in: PRE_ON_CREATE
09-07 03:38:32.328 11442 11442 V ActivityScenario: Activity lifecycle changed event received but ignored because the reported transition was not ON_CREATE while the last known transition was PRE_ON_CREATE
09-07 03:38:32.346 11442 11478 V FA      : onActivityCreated
09-07 03:38:32.366 11442 11442 W teco.fmhandroi: Accessing hidden method Landroid/view/View;->computeFitSystemWindows(Landroid/graphics/Rect;Landroid/graphics/Rect;)Z (greylist, reflection, allowed)
09-07 03:38:32.366 11442 11442 W teco.fmhandroi: Accessing hidden method Landroid/view/ViewGroup;->makeOptionalFitsSystemWindows()V (greylist, reflection, allowed)
09-07 03:38:32.468 11442 11442 D NetworkSecurityConfig: No Network Security Config specified, using platform default
09-07 03:38:32.475 11442 11442 W teco.fmhandroi: Accessing hidden method Ljava/lang/invoke/MethodHandles$Lookup;-><init>(Ljava/lang/Class;I)V (greylist, reflection, allowed)
09-07 03:38:32.564 11442 11442 D LifecycleMonitor: Lifecycle status change: ru.iteco.fmhandroid.ui.AppActivity@bf025f4 in: CREATED
09-07 03:38:32.564 11442 11442 V ActivityScenario: Update currentActivityStage to CREATED, currentActivity=ru.iteco.fmhandroid.ui.AppActivity@bf025f4
09-07 03:38:32.630 11442 11442 D LifecycleMonitor: Lifecycle status change: ru.iteco.fmhandroid.ui.AppActivity@bf025f4 in: STARTED
09-07 03:38:32.630 11442 11442 V ActivityScenario: Update currentActivityStage to STARTED, currentActivity=ru.iteco.fmhandroid.ui.AppActivity@bf025f4
09-07 03:38:32.632 11442 11442 D LifecycleMonitor: Lifecycle status change: ru.iteco.fmhandroid.ui.AppActivity@bf025f4 in: RESUMED
09-07 03:38:32.632 11442 11442 V ActivityScenario: Update currentActivityStage to RESUMED, currentActivity=ru.iteco.fmhandroid.ui.AppActivity@bf025f4
09-07 03:38:32.634 11442 11488 V FA      : Activity resumed, time: 836525
09-07 03:38:32.636 11442 11478 W teco.fmhandroi: Accessing hidden method Lsun/misc/Unsafe;->compareAndSwapObject(Ljava/lang/Object;JLjava/lang/Object;Ljava/lang/Object;)Z (greylist, linking, allowed)
09-07 03:38:32.637 11442 11478 W teco.fmhandroi: Accessing hidden method Lsun/misc/Unsafe;->getObject(Ljava/lang/Object;J)Ljava/lang/Object; (greylist, linking, allowed)
09-07 03:38:32.639 11442 11486 W FileTestStorage: Output properties is not supported.
09-07 03:38:32.640 11442 11486 I Tracing : Tracer added: class androidx.test.platform.tracing.AndroidXTracer
09-07 03:38:32.643 11442 11488 I FA      : Tag Manager is not found and thus will not be used
09-07 03:38:32.658 11442 11486 D EventInjectionStrategy: Creating injection strategy with input manager.
09-07 03:38:32.658 11442 11486 W teco.fmhandroi: Accessing hidden method Landroid/hardware/input/InputManager;->getInstance()Landroid/hardware/input/InputManager; (greylist, reflection, allowed)
09-07 03:38:32.658 11442 11486 W teco.fmhandroi: Accessing hidden method Landroid/hardware/input/InputManager;->injectInputEvent(Landroid/view/InputEvent;I)Z (greylist, reflection, allowed)
09-07 03:38:32.658 11442 11486 W teco.fmhandroi: Accessing hidden field Landroid/hardware/input/InputManager;->INJECT_INPUT_EVENT_MODE_WAIT_FOR_FINISH:I (greylist, reflection, allowed)
09-07 03:38:32.676 11442 11534 D HostConnection: HostConnection::get() New Host Connection established 0xd6c2d110, tid 11534
09-07 03:38:32.678 11442 11534 D HostConnection: HostComposition ext ANDROID_EMU_CHECKSUM_HELPER_v1 ANDROID_EMU_dma_v1 ANDROID_EMU_direct_mem ANDROID_EMU_vulkan ANDROID_EMU_deferred_vulkan_commands ANDROID_EMU_vulkan_null_optional_strings ANDROID_EMU_vulkan_create_resources_with_requirements ANDROID_EMU_YUV420_888_to_NV21 ANDROID_EMU_YUV_Cache ANDROID_EMU_vulkan_free_memory_sync ANDROID_EMU_vulkan_shader_float16_int8 ANDROID_EMU_vulkan_async_queue_submit ANDROID_EMU_sync_buffer_data GL_OES_vertex_array_object GL_KHR_texture_compression_astc_ldr ANDROID_EMU_host_side_tracing ANDROID_EMU_gles_max_version_2 
09-07 03:38:32.690 11442 11534 W OpenGLRenderer: Failed to choose config with EGL_SWAP_BEHAVIOR_PRESERVED, retrying without...
09-07 03:38:32.698 11442 11534 D eglCodecCommon: setVertexArrayObject: set vao to 0 (0) 0 0
09-07 03:38:32.698 11442 11534 D EGL_emulation: eglCreateContext: 0xe2257740: maj 2 min 0 rcv 2
09-07 03:38:32.719 11442 11534 D EGL_emulation: eglMakeCurrent: 0xe2257740: ver 2 0 (tinfo 0xe233aea0)
09-07 03:38:32.728  1793  1793 D gralloc_ranchu: gralloc_alloc: Creating ashmem region of size 9113600
09-07 03:38:32.730  7867 10859 V FA-SVC  : Logging event: origin=auto,name=screen_view(_vs),params=Bundle[{ga_event_origin(_o)=auto, ga_screen_class(_sc)=AppActivity, ga_screen_id(_si)=3589103207949889539}]
09-07 03:38:32.732  1678  1678 I hwservicemanager: getTransport: Cannot find entry android.hardware.graphics.mapper@3.0::IMapper/default in either framework or device manifest.
09-07 03:38:32.732 11442 11534 W Gralloc3: mapper 3.x is not supported
09-07 03:38:32.733 11442 11534 D HostConnection: createUnique: call
09-07 03:38:32.733 11442 11534 D HostConnection: HostConnection::get() New Host Connection established 0xd6c2ee20, tid 11534
09-07 03:38:32.734 11442 11534 D HostConnection: HostComposition ext ANDROID_EMU_CHECKSUM_HELPER_v1 ANDROID_EMU_dma_v1 ANDROID_EMU_direct_mem ANDROID_EMU_vulkan ANDROID_EMU_deferred_vulkan_commands ANDROID_EMU_vulkan_null_optional_strings ANDROID_EMU_vulkan_create_resources_with_requirements ANDROID_EMU_YUV420_888_to_NV21 ANDROID_EMU_YUV_Cache ANDROID_EMU_vulkan_free_memory_sync ANDROID_EMU_vulkan_shader_float16_int8 ANDROID_EMU_vulkan_async_queue_submit ANDROID_EMU_sync_buffer_data GL_OES_vertex_array_object GL_KHR_texture_compression_astc_ldr ANDROID_EMU_host_side_tracing ANDROID_EMU_gles_max_version_2 
09-07 03:38:32.734 11442 11534 D eglCodecCommon: allocate: Ask for block of size 0x1000
09-07 03:38:32.734 11442 11534 D eglCodecCommon: allocate: ioctl allocate returned offset 0x3ff68a000 size 0x2000
09-07 03:38:32.737  1793  1793 D gralloc_ranchu: gralloc_alloc: Creating ashmem region of size 9113600
09-07 03:38:32.739  1793  1793 D gralloc_ranchu: gralloc_alloc: Creating ashmem region of size 9113600
09-07 03:38:32.741 11442 11534 D EGL_emulation: eglMakeCurrent: 0xe2257740: ver 2 0 (tinfo 0xe233aea0)
09-07 03:38:32.750 11442 11534 D eglCodecCommon: setVertexArrayObject: set vao to 0 (0) 1 0
09-07 03:38:32.800  7867 10859 V FA-SVC  : Upload scheduled in approximately ms: 2924311
09-07 03:38:32.800  7867 10859 V FA-SVC  : Unscheduling upload
09-07 03:38:32.802  2037  2065 I ActivityTaskManager: Displayed ru.iteco.fmhandroid/.ui.AppActivity: +866ms
09-07 03:38:32.804  7867 10859 V FA-SVC  : Scheduling upload, millis: 2924311
09-07 03:38:32.813  7867 10859 V FA-SVC  : Background event processing time, ms: 84
09-07 03:38:32.829  2182  2182 W View    : requestLayout() improperly called by com.android.keyguard.AlphaOptimizedLinearLayout{551c6d8 V.E...... ......ID 7,0-48,61 #7f0a041c app:id/wifi_group} during second layout pass: posting in next frame
09-07 03:38:32.838  2182  2182 W View    : requestLayout() improperly called by StatusBarIconView(slot=mobile icon=null notification=null) during layout: running second layout pass
09-07 03:38:32.842 11442 11486 W FileTestStorage: Test input args is not supported.
09-07 03:38:32.854 11442 11442 W teco.fmhandroi: Accessing hidden method Landroid/os/MessageQueue;->next()Landroid/os/Message; (greylist, reflection, allowed)
09-07 03:38:32.854 11442 11442 W teco.fmhandroi: Accessing hidden field Landroid/os/MessageQueue;->mMessages:Landroid/os/Message; (greylist, reflection, allowed)
09-07 03:38:32.854 11442 11442 W teco.fmhandroi: Accessing hidden method Landroid/os/Message;->recycleUnchecked()V (greylist, reflection, allowed)
09-07 03:38:32.858 11442 11486 W teco.fmhandroi: Accessing hidden method Lsun/misc/Unsafe;->getUnsafe()Lsun/misc/Unsafe; (greylist,core-platform-api, linking, allowed)
09-07 03:38:32.860 11442 11486 W teco.fmhandroi: Accessing hidden method Lsun/misc/Unsafe;->putObject(Ljava/lang/Object;JLjava/lang/Object;)V (greylist, linking, allowed)
09-07 03:38:32.865 11442 11442 W teco.fmhandroi: Accessing hidden method Landroid/view/WindowManagerGlobal;->getInstance()Landroid/view/WindowManagerGlobal; (greylist, reflection, allowed)
09-07 03:38:32.865 11442 11442 W teco.fmhandroi: Accessing hidden field Landroid/view/WindowManagerGlobal;->mViews:Ljava/util/ArrayList; (greylist, reflection, allowed)
09-07 03:38:32.865 11442 11442 W teco.fmhandroi: Accessing hidden field Landroid/view/WindowManagerGlobal;->mParams:Ljava/util/ArrayList; (greylist, reflection, allowed)
09-07 03:38:32.866 11442 11486 W teco.fmhandroi: Accessing hidden method Lsun/misc/Unsafe;->compareAndSwapObject(Ljava/lang/Object;JLjava/lang/Object;Ljava/lang/Object;)Z (greylist, linking, allowed)
09-07 03:38:32.867 11442 11486 W teco.fmhandroi: Accessing hidden method Lsun/misc/Unsafe;->getObject(Ljava/lang/Object;J)Ljava/lang/Object; (greylist, linking, allowed)
09-07 03:38:32.869  2182  2182 W View    : requestLayout() improperly called by com.android.keyguard.AlphaOptimizedLinearLayout{551c6d8 V.E...... ......ID 7,0-48,61 #7f0a041c app:id/wifi_group} during second layout pass: posting in next frame
09-07 03:38:32.876 11442 11442 I ViewInteraction: Performing 'wait for a specific view with <view.getId() is <2131231123>> during 10000 millis.' action on view view.getRootView() to equal view
09-07 03:38:32.888  2182  2182 W View    : requestLayout() improperly called by StatusBarIconView(slot=mobile icon=null notification=null) during layout: running second layout pass
09-07 03:38:32.897  1792  2272 E GnssHAL_GnssInterface: gnssSvStatusCb: a: input svInfo.flags is 8
09-07 03:38:32.898  1792  2272 E GnssHAL_GnssInterface: gnssSvStatusCb: b: input svInfo.flags is 8
09-07 03:38:32.911  2182  2182 W View    : requestLayout() improperly called by com.android.keyguard.AlphaOptimizedLinearLayout{551c6d8 V.E...... ......ID 7,0-48,61 #7f0a041c app:id/wifi_group} during second layout pass: posting in next frame
09-07 03:38:32.924  2182  2182 W View    : requestLayout() improperly called by StatusBarIconView(slot=mobile icon=null notification=null) during layout: running second layout pass
09-07 03:38:32.943  2182  2182 W View    : requestLayout() improperly called by com.android.keyguard.AlphaOptimizedLinearLayout{551c6d8 V.E...... ......ID 7,0-48,61 #7f0a041c app:id/wifi_group} during second layout pass: posting in next frame
09-07 03:38:32.960  2182  2182 W View    : requestLayout() improperly called by StatusBarIconView(slot=mobile icon=null notification=null) during layout: running second layout pass
09-07 03:38:32.979  2182  2182 W View    : requestLayout() improperly called by com.android.keyguard.AlphaOptimizedLinearLayout{551c6d8 V.E...... ......ID 7,0-48,61 #7f0a041c app:id/wifi_group} during second layout pass: posting in next frame
09-07 03:38:32.997  2182  2182 W View    : requestLayout() improperly called by StatusBarIconView(slot=mobile icon=null notification=null) during layout: running second layout pass
09-07 03:38:33.016  2182  2182 W View    : requestLayout() improperly called by com.android.keyguard.AlphaOptimizedLinearLayout{551c6d8 V.E...... ......ID 7,0-48,61 #7f0a041c app:id/wifi_group} during second layout pass: posting in next frame
09-07 03:38:33.034  2182  2182 W View    : requestLayout() improperly called by StatusBarIconView(slot=mobile icon=null notification=null) during layout: running second layout pass
09-07 03:38:33.156  8425  9316 I FontLog : (REDACTED) Received query %s, URI %s
09-07 03:38:33.156  8425  9316 I FontLog : (REDACTED) Query [%s] resolved to %s
09-07 03:38:33.158  8425  9316 I FontLog : (REDACTED) Fetch %s end status %s
09-07 03:38:33.163  8425  9316 I FontLog : (REDACTED) Pulling font file for id = %d, cache size = %d
09-07 03:38:33.166  8425  9316 I FontLog : (REDACTED) Pulling font file for id = %d, cache size = %d
09-07 03:38:33.900  1792  2272 E GnssHAL_GnssInterface: gnssSvStatusCb: a: input svInfo.flags is 8
09-07 03:38:33.900  1792  2272 E GnssHAL_GnssInterface: gnssSvStatusCb: b: input svInfo.flags is 8
09-07 03:38:34.900  1792  2272 E GnssHAL_GnssInterface: gnssSvStatusCb: a: input svInfo.flags is 8
09-07 03:38:34.900  1792  2272 E GnssHAL_GnssInterface: gnssSvStatusCb: b: input svInfo.flags is 8
09-07 03:38:35.640 11442 11442 W teco.fmhandroi: Accessing hidden method Lsun/misc/Unsafe;->allocateInstance(Ljava/lang/Class;)Ljava/lang/Object; (greylist, reflection, allowed)
09-07 03:38:35.665 11442 11546 I okhttp.OkHttpClient: --> GET http://www.981757-ca08998.tmweb.ru:8080/fmh/authentication/userInfo
09-07 03:38:35.665 11442 11546 I okhttp.OkHttpClient: --> END GET
09-07 03:38:35.675  1774 11547 E ResolverController: No valid NAT64 prefix (101, <unspecified>/0)
09-07 03:38:35.899  1792  2272 E GnssHAL_GnssInterface: gnssSvStatusCb: a: input svInfo.flags is 8
09-07 03:38:35.899  1792  2272 E GnssHAL_GnssInterface: gnssSvStatusCb: b: input svInfo.flags is 8
09-07 03:38:36.093 11442 11546 I okhttp.OkHttpClient: <-- 200 http://www.981757-ca08998.tmweb.ru:8080/fmh/authentication/userInfo (428ms)
09-07 03:38:36.093 11442 11546 I okhttp.OkHttpClient: Vary: Origin
09-07 03:38:36.093 11442 11546 I okhttp.OkHttpClient: Vary: Access-Control-Request-Method
09-07 03:38:36.093 11442 11546 I okhttp.OkHttpClient: Vary: Access-Control-Request-Headers
09-07 03:38:36.093 11442 11546 I okhttp.OkHttpClient: X-Content-Type-Options: nosniff
09-07 03:38:36.093 11442 11546 I okhttp.OkHttpClient: X-XSS-Protection: 1; mode=block
09-07 03:38:36.093 11442 11546 I okhttp.OkHttpClient: Cache-Control: no-cache, no-store, max-age=0, must-revalidate
09-07 03:38:36.093 11442 11546 I okhttp.OkHttpClient: Pragma: no-cache
09-07 03:38:36.093 11442 11546 I okhttp.OkHttpClient: Expires: 0
09-07 03:38:36.093 11442 11546 I okhttp.OkHttpClient: X-Frame-Options: DENY
09-07 03:38:36.093 11442 11546 I okhttp.OkHttpClient: Content-Type: application/json
09-07 03:38:36.093 11442 11546 I okhttp.OkHttpClient: Transfer-Encoding: chunked
09-07 03:38:36.093 11442 11546 I okhttp.OkHttpClient: Date: Thu, 07 Sep 2023 03:38:36 GMT
09-07 03:38:36.093 11442 11546 I okhttp.OkHttpClient: Keep-Alive: timeout=60
09-07 03:38:36.093 11442 11546 I okhttp.OkHttpClient: Connection: keep-alive
09-07 03:38:36.094 11442 11546 I okhttp.OkHttpClient: {"id":1,"firstName":"Ivan","lastName":"Ivanov","middleName":"Ivanovich","admin":true}
09-07 03:38:36.094 11442 11546 I okhttp.OkHttpClient: <-- END HTTP (85-byte body)
09-07 03:38:36.122 11442 11550 I okhttp.OkHttpClient: --> GET http://www.981757-ca08998.tmweb.ru:8080/fmh/claims
09-07 03:38:36.122 11442 11550 I okhttp.OkHttpClient: --> END GET
09-07 03:38:36.464 11442 11534 D EGL_emulation: eglMakeCurrent: 0xe2257740: ver 2 0 (tinfo 0xe233aea0)
09-07 03:38:36.466  1793  1793 D gralloc_ranchu: gralloc_alloc: Creating ashmem region of size 9850880
09-07 03:38:36.478  2182  2182 W View    : requestLayout() improperly called by com.android.keyguard.AlphaOptimizedLinearLayout{551c6d8 V.E...... ......ID 7,0-48,61 #7f0a041c app:id/wifi_group} during second layout pass: posting in next frame
09-07 03:38:36.488 11442 11534 D EGL_emulation: eglMakeCurrent: 0xe2257740: ver 2 0 (tinfo 0xe233aea0)
09-07 03:38:36.489  2182  2182 W View    : requestLayout() improperly called by StatusBarIconView(slot=mobile icon=null notification=null) during layout: running second layout pass
09-07 03:38:36.673  1793  1793 D gralloc_ranchu: gralloc_alloc: Creating ashmem region of size 9850880
09-07 03:38:36.696  1793  1793 D gralloc_ranchu: gralloc_alloc: Creating ashmem region of size 9850880
09-07 03:38:36.825 11442 11486 W teco.fmhandroi: Accessing hidden method Landroid/view/ViewConfiguration;->getDoubleTapMinTime()I (greylist, reflection, allowed)
09-07 03:38:36.827 11442 11486 W teco.fmhandroi: Accessing hidden method Lsun/misc/Unsafe;->compareAndSwapObject(Ljava/lang/Object;JLjava/lang/Object;Ljava/lang/Object;)Z (greylist, linking, allowed)
09-07 03:38:36.831 11442 11442 I ViewInteraction: Performing 'single click' action on view view.getId() is <2131231123/ru.iteco.fmhandroid:id/main_menu_image_button>
09-07 03:38:36.886  1781  6116 W audio_hw_generic: Not supplying enough data to HAL, expected position 7978290 , only wrote 7978270
09-07 03:38:36.899  1792  2272 E GnssHAL_GnssInterface: gnssSvStatusCb: a: input svInfo.flags is 8
09-07 03:38:36.899  1792  2272 E GnssHAL_GnssInterface: gnssSvStatusCb: b: input svInfo.flags is 8
09-07 03:38:36.933  1793  1793 D gralloc_ranchu: gralloc_alloc: Creating ashmem region of size 2015232
09-07 03:38:36.937  1793  1793 I chatty  : uid=1000(system) allocator@2.0-s identical 1 line
09-07 03:38:36.938  1793  1793 D gralloc_ranchu: gralloc_alloc: Creating ashmem region of size 2015232
09-07 03:38:36.956 11442 11534 D EGL_emulation: eglMakeCurrent: 0xe2257740: ver 2 0 (tinfo 0xe233aea0)
09-07 03:38:36.994 11442 11534 I chatty  : uid=10136(ru.iteco.fmhandroid) RenderThread identical 2 lines
09-07 03:38:37.022 11442 11534 D EGL_emulation: eglMakeCurrent: 0xe2257740: ver 2 0 (tinfo 0xe233aea0)
09-07 03:38:37.246 11442 11486 W teco.fmhandroi: Accessing hidden method Lsun/misc/Unsafe;->compareAndSwapObject(Ljava/lang/Object;JLjava/lang/Object;Ljava/lang/Object;)Z (greylist, linking, allowed)
09-07 03:38:37.248 11442 11442 I ViewInteraction: Performing 'wait for a specific view with <an instance of android.widget.TextView and view.getText() with or without transformation to match: is "News"> during 10000 millis.' action on view view.getRootView() to equal view
09-07 03:38:37.253 11442 11442 I ViewInteraction: Performing 'single click' action on view an instance of android.widget.TextView and view.getText() with or without transformation to match: is "News"
09-07 03:38:37.305 11442 11534 D EGL_emulation: eglMakeCurrent: 0xe2257740: ver 2 0 (tinfo 0xe233aea0)
09-07 03:38:37.388 11442 11561 I okhttp.OkHttpClient: --> GET http://www.981757-ca08998.tmweb.ru:8080/fmh/news
09-07 03:38:37.388 11442 11561 I okhttp.OkHttpClient: --> END GET
09-07 03:38:37.436 11442 11534 D EGL_emulation: eglMakeCurrent: 0xe2257740: ver 2 0 (tinfo 0xe233aea0)
09-07 03:38:37.457 11442 11534 D EGL_emulation: eglMakeCurrent: 0xe2257740: ver 2 0 (tinfo 0xe233aea0)
09-07 03:38:37.727 11442 11488 V FA      : Inactivity, disconnecting from the service
09-07 03:38:37.739 11442 11486 W teco.fmhandroi: Accessing hidden method Lsun/misc/Unsafe;->compareAndSwapObject(Ljava/lang/Object;JLjava/lang/Object;Ljava/lang/Object;)Z (greylist, linking, allowed)
09-07 03:38:37.741 11442 11442 I ViewInteraction: Performing 'wait for a specific view with <view.getId() is <2131231025>> during 10000 millis.' action on view view.getRootView() to equal view
09-07 03:38:37.742 11442 11486 W teco.fmhandroi: Accessing hidden method Lsun/misc/Unsafe;->compareAndSwapObject(Ljava/lang/Object;JLjava/lang/Object;Ljava/lang/Object;)Z (greylist, linking, allowed)
09-07 03:38:37.742 11442 11540 W teco.fmhandroi: Accessing hidden method Lsun/misc/Unsafe;->compareAndSwapObject(Ljava/lang/Object;JLjava/lang/Object;Ljava/lang/Object;)Z (greylist, linking, allowed)
09-07 03:38:37.746 11442 11442 I ViewInteraction: Performing 'single click' action on view view.getId() is <2131231025/ru.iteco.fmhandroid:id/edit_news_material_button>
09-07 03:38:37.822 11442 11562 I okhttp.OkHttpClient: --> GET http://www.981757-ca08998.tmweb.ru:8080/fmh/news
09-07 03:38:37.822 11442 11562 I okhttp.OkHttpClient: --> END GET
09-07 03:38:37.827  1774 11563 E ResolverController: No valid NAT64 prefix (101, <unspecified>/0)
09-07 03:38:37.903  1792  2272 E GnssHAL_GnssInterface: gnssSvStatusCb: a: input svInfo.flags is 8
09-07 03:38:37.903  1792  2272 E GnssHAL_GnssInterface: gnssSvStatusCb: b: input svInfo.flags is 8
09-07 03:38:38.248 11442 11486 W teco.fmhandroi: Accessing hidden method Lsun/misc/Unsafe;->compareAndSwapObject(Ljava/lang/Object;JLjava/lang/Object;Ljava/lang/Object;)Z (greylist, linking, allowed)
09-07 03:38:38.251 11442 11442 I ViewInteraction: Performing 'wait for a specific view with <view.getId() is <2131230850>> during 10000 millis.' action on view view.getRootView() to equal view
09-07 03:38:38.253 11442 11486 W teco.fmhandroi: Accessing hidden method Lsun/misc/Unsafe;->compareAndSwapObject(Ljava/lang/Object;JLjava/lang/Object;Ljava/lang/Object;)Z (greylist, linking, allowed)
09-07 03:38:38.256 11442 11442 I ViewInteraction: Performing 'single click' action on view view.getId() is <2131230850/ru.iteco.fmhandroid:id/add_news_image_view>
09-07 03:38:38.738 11442 11486 W teco.fmhandroi: Accessing hidden method Lsun/misc/Unsafe;->compareAndSwapObject(Ljava/lang/Object;JLjava/lang/Object;Ljava/lang/Object;)Z (greylist, linking, allowed)
09-07 03:38:38.742 11442 11442 I ViewInteraction: Performing 'wait for a specific view with <view.getId() is <2131231204>> during 10000 millis.' action on view view.getRootView() to equal view
09-07 03:38:38.744 11442 11486 W teco.fmhandroi: Accessing hidden method Lsun/misc/Unsafe;->compareAndSwapObject(Ljava/lang/Object;JLjava/lang/Object;Ljava/lang/Object;)Z (greylist, linking, allowed)
09-07 03:38:38.747 11442 11442 I ViewInteraction: Performing 'single click' action on view view.getId() is <2131231204/ru.iteco.fmhandroid:id/news_item_category_text_auto_complete_text_view>
09-07 03:38:38.860  1793  1793 D gralloc_ranchu: gralloc_alloc: Creating ashmem region of size 5308416
09-07 03:38:38.865  1793  1793 I chatty  : uid=1000(system) allocator@2.0-s identical 1 line
09-07 03:38:38.867  1793  1793 D gralloc_ranchu: gralloc_alloc: Creating ashmem region of size 5308416
09-07 03:38:38.877 11442 11534 D EGL_emulation: eglMakeCurrent: 0xe2257740: ver 2 0 (tinfo 0xe233aea0)
09-07 03:38:38.899  1792  2272 E GnssHAL_GnssInterface: gnssSvStatusCb: a: input svInfo.flags is 8
09-07 03:38:38.899  1792  2272 E GnssHAL_GnssInterface: gnssSvStatusCb: b: input svInfo.flags is 8
09-07 03:38:38.906 11442 11442 I AssistStructure: Flattened final assist data: 7432 bytes, containing 2 windows, 55 views
09-07 03:38:38.915  8425  8425 W AutofillChimeraService: Pending fill request while another request in the same session was triggered. [CONTEXT service_id=177 ]
09-07 03:38:38.928 11442 11534 D EGL_emulation: eglMakeCurrent: 0xe2257740: ver 2 0 (tinfo 0xe233aea0)
09-07 03:38:38.943  7867  7867 D BoundBrokerSvc: onBind: Intent { act=com.google.android.mdd.service.START dat=chimera-action: cmp=com.google.android.gms/.chimera.GmsBoundBrokerService }
09-07 03:38:38.943  7867  7867 D BoundBrokerSvc: Loading bound service for intent: Intent { act=com.google.android.mdd.service.START dat=chimera-action: cmp=com.google.android.gms/.chimera.GmsBoundBrokerService }
09-07 03:38:38.945 11442 11442 I AssistStructure: Flattened final assist data: 7432 bytes, containing 2 windows, 55 views
09-07 03:38:38.972 11442 11534 D EGL_emulation: eglMakeCurrent: 0xe2257740: ver 2 0 (tinfo 0xe233aea0)
09-07 03:38:38.976  6131  6131 I KeyboardViewUtil: systemKeyboardHeightRatio:1.000000; userKeyboardHeightRatio:1.000000.
09-07 03:38:38.977  6131  6131 I AndroidIME: LatinIme.onActivate() : EditorInfo = Package = ru.iteco.fmhandroid : Type = Text : Learning = Disable : Suggestion = Show : AutoCorrection = Disable : Microphone = Show : NoPersonalizedLearning = Disable
09-07 03:38:38.987  6131  6131 I Conv2QueryExtension: Current locale: en_US, config allows these locales: de,en,es,fr,it,ms,pt,ta
09-07 03:38:38.987  6131  6131 I Conv2QueryExtension: Conv2Query not enabled due to current app [ru.iteco.fmhandroid] not in whitelist
09-07 03:38:38.987  6131  6131 I Conv2QueryExtension: onActivate() : Disabled by unsupported host app
09-07 03:38:39.000  1793  1793 D gralloc_ranchu: gralloc_alloc: Creating ashmem region of size 9113600
09-07 03:38:39.003  1793  1793 I chatty  : uid=1000(system) allocator@2.0-s identical 1 line
09-07 03:38:39.005  1793  1793 D gralloc_ranchu: gralloc_alloc: Creating ashmem region of size 9113600
09-07 03:38:39.010  2182  2468 D EGL_emulation: eglMakeCurrent: 0xda21a360: ver 2 0 (tinfo 0xda20f590)
09-07 03:38:39.013  2182  2182 W View    : requestLayout() improperly called by com.android.keyguard.AlphaOptimizedLinearLayout{551c6d8 V.E...... ......ID 7,0-48,61 #7f0a041c app:id/wifi_group} during second layout pass: posting in next frame
09-07 03:38:39.014  6131  6653 D EGL_emulation: eglMakeCurrent: 0xe224f240: ver 2 0 (tinfo 0xe227da70)
09-07 03:38:39.027  2182  2182 W View    : requestLayout() improperly called by StatusBarIconView(slot=mobile icon=null notification=null) during layout: running second layout pass
09-07 03:38:39.039  2182  2468 D EGL_emulation: eglMakeCurrent: 0xda21a360: ver 2 0 (tinfo 0xda20f590)
09-07 03:38:39.058 11442 11534 D EGL_emulation: eglMakeCurrent: 0xe2257740: ver 2 0 (tinfo 0xe233aea0)
09-07 03:38:39.089  1793  1793 D gralloc_ranchu: gralloc_alloc: Creating ashmem region of size 3530752
09-07 03:38:39.099 11442 11534 D EGL_emulation: eglMakeCurrent: 0xe2257740: ver 2 0 (tinfo 0xe233aea0)
09-07 03:38:39.113  1793  1793 D gralloc_ranchu: gralloc_alloc: Creating ashmem region of size 3530752
09-07 03:38:39.125 11442 11534 D EGL_emulation: eglMakeCurrent: 0xe2257740: ver 2 0 (tinfo 0xe233aea0)
09-07 03:38:39.141 11442 11534 D EGL_emulation: eglMakeCurrent: 0xe2257740: ver 2 0 (tinfo 0xe233aea0)
09-07 03:38:39.150  1793  1793 D gralloc_ranchu: gralloc_alloc: Creating ashmem region of size 3530752
09-07 03:38:39.211 11442 11486 W teco.fmhandroi: Accessing hidden method Lsun/misc/Unsafe;->compareAndSwapObject(Ljava/lang/Object;JLjava/lang/Object;Ljava/lang/Object;)Z (greylist, linking, allowed)
09-07 03:38:39.212 11442 11442 I ViewInteraction: Performing 'close keyboard' action on view view.getRootView() to equal view
09-07 03:38:39.215  6131  6131 I PhenotypeExpConfig: refreshConfiguration() : Force = false : UpdateAvailable = false : Age = 30 minutes : MaxAge = 720 minutes
09-07 03:38:39.216  6131  6131 I AndroidIME: LatinIme.onDeactivate()
09-07 03:38:39.226  2182  2468 D EGL_emulation: eglMakeCurrent: 0xda21a360: ver 2 0 (tinfo 0xda20f590)
09-07 03:38:39.227  2182  2182 W View    : requestLayout() improperly called by com.android.keyguard.AlphaOptimizedLinearLayout{551c6d8 V.E...... ......ID 7,0-48,61 #7f0a041c app:id/wifi_group} during second layout pass: posting in next frame
09-07 03:38:39.230  6131  6653 D EGL_emulation: eglMakeCurrent: 0xe224f240: ver 2 0 (tinfo 0xe227da70)
09-07 03:38:39.251  2182  2182 W View    : requestLayout() improperly called by StatusBarIconView(slot=mobile icon=null notification=null) during layout: running second layout pass
09-07 03:38:39.254  2182  2468 D EGL_emulation: eglMakeCurrent: 0xda21a360: ver 2 0 (tinfo 0xda20f590)
09-07 03:38:39.273 11442 11534 D EGL_emulation: eglMakeCurrent: 0xe2257740: ver 2 0 (tinfo 0xe233aea0)
09-07 03:38:39.293  1793  1793 D gralloc_ranchu: gralloc_alloc: Creating ashmem region of size 5308416
09-07 03:38:39.302 11442 11534 D EGL_emulation: eglMakeCurrent: 0xe2257740: ver 2 0 (tinfo 0xe233aea0)
09-07 03:38:39.320  1793  1793 D gralloc_ranchu: gralloc_alloc: Creating ashmem region of size 5308416
09-07 03:38:39.325 11442 11534 D EGL_emulation: eglMakeCurrent: 0xe2257740: ver 2 0 (tinfo 0xe233aea0)
09-07 03:38:39.337 11442 11534 D EGL_emulation: eglMakeCurrent: 0xe2257740: ver 2 0 (tinfo 0xe233aea0)
09-07 03:38:39.347  1793  1793 D gralloc_ranchu: gralloc_alloc: Creating ashmem region of size 5308416
09-07 03:38:39.350 11442 11534 D EGL_emulation: eglMakeCurrent: 0xe2257740: ver 2 0 (tinfo 0xe233aea0)
09-07 03:38:39.534 11442 11442 I ViewInteraction: Checking 'MatchesViewAssertion{viewMatcher=(view has effective visibility <VISIBLE> and view.getGlobalVisibleRect() to return non-empty rectangle)}' assertion on view an instance of android.widget.TextView and view.getText() with or without transformation to match: is "Объявление"
09-07 03:38:39.537 11442 11442 I ViewInteraction: Performing 'single click' action on view an instance of android.widget.TextView and view.getText() with or without transformation to match: is "Объявление"
09-07 03:38:39.589 11442 11534 D EGL_emulation: eglMakeCurrent: 0xe2257740: ver 2 0 (tinfo 0xe233aea0)
