--------- beginning of main
09-07 03:38:56.901  1792  2272 E GnssHAL_GnssInterface: gnssSvStatusCb: a: input svInfo.flags is 8
09-07 03:38:56.902  1792  2272 E GnssHAL_GnssInterface: gnssSvStatusCb: b: input svInfo.flags is 8
09-07 03:38:56.910 11442 11546 I okhttp.OkHttpClient: --> GET http://www.981757-ca08998.tmweb.ru:8080/fmh/authentication/userInfo
09-07 03:38:56.910 11442 11546 I okhttp.OkHttpClient: --> END GET
09-07 03:38:57.088 11442 11546 I okhttp.OkHttpClient: <-- 200 http://www.981757-ca08998.tmweb.ru:8080/fmh/authentication/userInfo (177ms)
09-07 03:38:57.088 11442 11546 I okhttp.OkHttpClient: Vary: Origin
09-07 03:38:57.088 11442 11546 I okhttp.OkHttpClient: Vary: Access-Control-Request-Method
09-07 03:38:57.088 11442 11546 I okhttp.OkHttpClient: Vary: Access-Control-Request-Headers
09-07 03:38:57.088 11442 11546 I okhttp.OkHttpClient: X-Content-Type-Options: nosniff
09-07 03:38:57.088 11442 11546 I okhttp.OkHttpClient: X-XSS-Protection: 1; mode=block
09-07 03:38:57.088 11442 11546 I okhttp.OkHttpClient: Cache-Control: no-cache, no-store, max-age=0, must-revalidate
09-07 03:38:57.088 11442 11546 I okhttp.OkHttpClient: Pragma: no-cache
09-07 03:38:57.088 11442 11546 I okhttp.OkHttpClient: Expires: 0
09-07 03:38:57.088 11442 11546 I okhttp.OkHttpClient: X-Frame-Options: DENY
09-07 03:38:57.088 11442 11546 I okhttp.OkHttpClient: Content-Type: application/json
09-07 03:38:57.089 11442 11546 I okhttp.OkHttpClient: Transfer-Encoding: chunked
09-07 03:38:57.089 11442 11546 I okhttp.OkHttpClient: Date: Thu, 07 Sep 2023 03:38:57 GMT
09-07 03:38:57.089 11442 11546 I okhttp.OkHttpClient: Keep-Alive: timeout=60
09-07 03:38:57.089 11442 11546 I okhttp.OkHttpClient: Connection: keep-alive
09-07 03:38:57.089 11442 11546 I okhttp.OkHttpClient: {"id":1,"firstName":"Ivan","lastName":"Ivanov","middleName":"Ivanovich","admin":true}
09-07 03:38:57.089 11442 11546 I okhttp.OkHttpClient: <-- END HTTP (85-byte body)
09-07 03:38:57.095 11442 11550 I okhttp.OkHttpClient: --> GET http://www.981757-ca08998.tmweb.ru:8080/fmh/claims
09-07 03:38:57.095 11442 11550 I okhttp.OkHttpClient: --> END GET
09-07 03:38:57.100  1774 11632 E ResolverController: No valid NAT64 prefix (101, <unspecified>/0)
09-07 03:38:57.361 11442 11534 D EGL_emulation: eglMakeCurrent: 0xe2257740: ver 2 0 (tinfo 0xe233aea0)
09-07 03:38:57.364  1793  1793 D gralloc_ranchu: gralloc_alloc: Creating ashmem region of size 9850880
09-07 03:38:57.370 11442 11534 D EGL_emulation: eglMakeCurrent: 0xe2257740: ver 2 0 (tinfo 0xe233aea0)
09-07 03:38:57.399  2182  2182 W View    : requestLayout() improperly called by com.android.keyguard.AlphaOptimizedLinearLayout{551c6d8 V.E...... ......ID 7,0-48,61 #7f0a041c app:id/wifi_group} during second layout pass: posting in next frame
09-07 03:38:57.414  2182  2182 W View    : requestLayout() improperly called by StatusBarIconView(slot=mobile icon=null notification=null) during layout: running second layout pass
09-07 03:38:57.541  1793  1793 D gralloc_ranchu: gralloc_alloc: Creating ashmem region of size 9850880
09-07 03:38:57.567  1793  1793 D gralloc_ranchu: gralloc_alloc: Creating ashmem region of size 9850880
09-07 03:38:57.601 11442 11442 I ViewInteraction: Performing 'single click' action on view view.getId() is <2131231123/ru.iteco.fmhandroid:id/main_menu_image_button>
09-07 03:38:57.650  1781  6116 W audio_hw_generic: Not supplying enough data to HAL, expected position 8676372 , only wrote 8676286
09-07 03:38:57.673  1793  1793 D gralloc_ranchu: gralloc_alloc: Creating ashmem region of size 2015232
09-07 03:38:57.677  1793  1793 I chatty  : uid=1000(system) allocator@2.0-s identical 1 line
09-07 03:38:57.678  1793  1793 D gralloc_ranchu: gralloc_alloc: Creating ashmem region of size 2015232
09-07 03:38:57.690 11442 11534 D EGL_emulation: eglMakeCurrent: 0xe2257740: ver 2 0 (tinfo 0xe233aea0)
09-07 03:38:57.724 11442 11534 I chatty  : uid=10136(ru.iteco.fmhandroid) RenderThread identical 3 lines
09-07 03:38:57.748 11442 11534 D EGL_emulation: eglMakeCurrent: 0xe2257740: ver 2 0 (tinfo 0xe233aea0)
09-07 03:38:57.901  1792  2272 E GnssHAL_GnssInterface: gnssSvStatusCb: a: input svInfo.flags is 8
09-07 03:38:57.901  1792  2272 E GnssHAL_GnssInterface: gnssSvStatusCb: b: input svInfo.flags is 8
09-07 03:38:57.983 11442 11442 I ViewInteraction: Performing 'wait for a specific view with <an instance of android.widget.TextView and view.getText() with or without transformation to match: is "News"> during 10000 millis.' action on view view.getRootView() to equal view
09-07 03:38:57.988 11442 11442 I ViewInteraction: Performing 'single click' action on view an instance of android.widget.TextView and view.getText() with or without transformation to match: is "News"
09-07 03:38:58.119 11442 11562 I okhttp.OkHttpClient: --> GET http://www.981757-ca08998.tmweb.ru:8080/fmh/news
09-07 03:38:58.120 11442 11562 I okhttp.OkHttpClient: --> END GET
09-07 03:38:58.169 11442 11534 D EGL_emulation: eglMakeCurrent: 0xe2257740: ver 2 0 (tinfo 0xe233aea0)
09-07 03:38:58.181 11442 11534 D EGL_emulation: eglMakeCurrent: 0xe2257740: ver 2 0 (tinfo 0xe233aea0)
09-07 03:38:58.380 11442 11442 I ViewInteraction: Performing 'wait for a specific view with <view.getId() is <2131231025/ru.iteco.fmhandroid:id/edit_news_material_button>> during 10000 millis.' action on view view.getRootView() to equal view
09-07 03:38:58.381 11442 11442 I ViewInteraction: Performing 'single click' action on view view.getId() is <2131231025/ru.iteco.fmhandroid:id/edit_news_material_button>
09-07 03:38:58.470 11442 11561 I okhttp.OkHttpClient: --> GET http://www.981757-ca08998.tmweb.ru:8080/fmh/news
09-07 03:38:58.470 11442 11561 I okhttp.OkHttpClient: --> END GET
09-07 03:38:58.832 11442 11442 I ViewInteraction: Performing 'wait for a specific view with <view.getId() is <2131231060>> during 10000 millis.' action on view view.getRootView() to equal view
09-07 03:38:58.836 11442 11442 I ViewInteraction: Performing 'single click' action on view view.getId() is <2131231060/ru.iteco.fmhandroid:id/filter_news_material_button>
09-07 03:38:58.901  1792  2272 E GnssHAL_GnssInterface: gnssSvStatusCb: a: input svInfo.flags is 8
09-07 03:38:58.901  1792  2272 E GnssHAL_GnssInterface: gnssSvStatusCb: b: input svInfo.flags is 8
09-07 03:38:59.021 11442 11488 V FA      : Inactivity, disconnecting from the service
09-07 03:38:59.239 11442 11442 I ViewInteraction: Performing 'wait for a specific view with <view.getId() is <2131231061>> during 10000 millis.' action on view view.getRootView() to equal view
09-07 03:38:59.241 11442 11442 I ViewInteraction: Checking 'MatchesViewAssertion{viewMatcher=(view has effective visibility <VISIBLE> and view.getGlobalVisibleRect() to return non-empty rectangle)}' assertion on view view.getId() is <2131231061/ru.iteco.fmhandroid:id/filter_news_title_text_view>
09-07 03:38:59.243 11442 11442 I ViewInteraction: Performing 'wait for a specific view with <view.getId() is <2131231204>> during 10000 millis.' action on view view.getRootView() to equal view
09-07 03:38:59.245 11442 11442 I ViewInteraction: Checking 'MatchesViewAssertion{viewMatcher=(view has effective visibility <VISIBLE> and view.getGlobalVisibleRect() to return non-empty rectangle)}' assertion on view view.getId() is <2131231204/ru.iteco.fmhandroid:id/news_item_category_text_auto_complete_text_view>
09-07 03:38:59.248 11442 11442 I ViewInteraction: Performing 'wait for a specific view with <view.getId() is <2131231220>> during 10000 millis.' action on view view.getRootView() to equal view
09-07 03:38:59.250 11442 11442 I ViewInteraction: Checking 'MatchesViewAssertion{viewMatcher=(view has effective visibility <VISIBLE> and view.getGlobalVisibleRect() to return non-empty rectangle)}' assertion on view view.getId() is <2131231220/ru.iteco.fmhandroid:id/news_item_publish_date_start_text_input_edit_text>
09-07 03:38:59.251 11442 11442 I ViewInteraction: Performing 'wait for a specific view with <view.getId() is <2131231218>> during 10000 millis.' action on view view.getRootView() to equal view
09-07 03:38:59.253 11442 11442 I ViewInteraction: Checking 'MatchesViewAssertion{viewMatcher=(view has effective visibility <VISIBLE> and view.getGlobalVisibleRect() to return non-empty rectangle)}' assertion on view view.getId() is <2131231218/ru.iteco.fmhandroid:id/news_item_publish_date_end_text_input_edit_text>
09-07 03:38:59.255 11442 11442 I ViewInteraction: Performing 'wait for a specific view with <view.getId() is <2131231057>> during 10000 millis.' action on view view.getRootView() to equal view
09-07 03:38:59.258 11442 11442 I ViewInteraction: Checking 'MatchesViewAssertion{viewMatcher=(view has effective visibility <VISIBLE> and view.getGlobalVisibleRect() to return non-empty rectangle)}' assertion on view view.getId() is <2131231057/ru.iteco.fmhandroid:id/filter_button>
09-07 03:38:59.260 11442 11442 I ViewInteraction: Performing 'wait for a specific view with <view.getId() is <2131230890>> during 10000 millis.' action on view view.getRootView() to equal view
09-07 03:38:59.263 11442 11442 I ViewInteraction: Checking 'MatchesViewAssertion{viewMatcher=(view has effective visibility <VISIBLE> and view.getGlobalVisibleRect() to return non-empty rectangle)}' assertion on view view.getId() is <2131230890/ru.iteco.fmhandroid:id/cancel_button>
09-07 03:38:59.264 11442 11442 I ViewInteraction: Performing 'wait for a specific view with <view.getId() is <2131231058>> during 10000 millis.' action on view view.getRootView() to equal view
09-07 03:38:59.267 11442 11442 I ViewInteraction: Checking 'MatchesViewAssertion{viewMatcher=(view has effective visibility <VISIBLE> and view.getGlobalVisibleRect() to return non-empty rectangle)}' assertion on view view.getId() is <2131231058/ru.iteco.fmhandroid:id/filter_news_active_material_check_box>
09-07 03:38:59.269 11442 11442 I ViewInteraction: Performing 'wait for a specific view with <view.getId() is <2131231059>> during 10000 millis.' action on view view.getRootView() to equal view
09-07 03:38:59.270 11442 11442 I ViewInteraction: Checking 'MatchesViewAssertion{viewMatcher=(view has effective visibility <VISIBLE> and view.getGlobalVisibleRect() to return non-empty rectangle)}' assertion on view view.getId() is <2131231059/ru.iteco.fmhandroid:id/filter_news_inactive_material_check_box>
--------- beginning of system
09-07 03:38:59.272  2037  4391 I ActivityTaskManager: START u0 {act=android.intent.action.MAIN cat=[android.intent.category.LAUNCHER] flg=0x10000000 cmp=ru.iteco.fmhandroid.test/androidx.test.core.app.InstrumentationActivityInvoker$EmptyActivity} from uid 10136
09-07 03:38:59.275 11442 11442 D LifecycleMonitor: Lifecycle status change: ru.iteco.fmhandroid.ui.AppActivity@8daa9ab in: PAUSED
09-07 03:38:59.275 11442 11442 V ActivityScenario: Update currentActivityStage to PAUSED, currentActivity=ru.iteco.fmhandroid.ui.AppActivity@8daa9ab
09-07 03:38:59.275 11442 11488 V FA      : Recording user engagement, ms: 5367
09-07 03:38:59.276  2037  6130 W InputReader: Device has associated, but no associated display id.
09-07 03:38:59.279  2037  6130 I chatty  : uid=1000(system) Binder:2037_1A identical 38 lines
09-07 03:38:59.279  2037  6130 W InputReader: Device has associated, but no associated display id.
09-07 03:38:59.279 11498 11498 W ActivityThread: handleWindowVisibility: no activity for token android.os.BinderProxy@393675
09-07 03:38:59.281  2037  6130 W InputReader: Device has associated, but no associated display id.
09-07 03:38:59.282  2037  6130 I chatty  : uid=1000(system) Binder:2037_1A identical 8 lines
09-07 03:38:59.282  2037  6130 W InputReader: Device has associated, but no associated display id.
09-07 03:38:59.288  2037  2065 E memtrack: Couldn't load memtrack module
09-07 03:38:59.288  2037  2065 W android.os.Debug: failed to get memory consumption info: -1
09-07 03:38:59.307  2037  6130 I ActivityTaskManager: START u0 {act=android.intent.action.MAIN cat=[android.intent.category.LAUNCHER] flg=0x10000000 cmp=ru.iteco.fmhandroid.test/androidx.test.core.app.InstrumentationActivityInvoker$EmptyActivity} from uid 10136
09-07 03:38:59.312 11442 11488 V FA      : Connecting to remote service
09-07 03:38:59.313 11442 11488 V FA      : Connection attempt already in progress
09-07 03:38:59.313 11442 11488 V FA      : Activity paused, time: 863168
09-07 03:38:59.323 11442 11488 D FA      : Connected to remote service
09-07 03:38:59.324 11442 11488 V FA      : Processing queued up service tasks: 2
09-07 03:38:59.327  1793  1793 D gralloc_ranchu: gralloc_alloc: Creating ashmem region of size 9850880
09-07 03:38:59.334  1793  1793 I chatty  : uid=1000(system) allocator@2.0-s identical 1 line
09-07 03:38:59.335  1793  1793 D gralloc_ranchu: gralloc_alloc: Creating ashmem region of size 9850880
09-07 03:38:59.341 11498 11530 D EGL_emulation: eglMakeCurrent: 0xe224fae0: ver 2 0 (tinfo 0xed4894a0)
09-07 03:38:59.366  2037  6130 W InputReader: Device has associated, but no associated display id.
09-07 03:38:59.366  2037  6130 I chatty  : uid=1000(system) Binder:2037_1A identical 27 lines
09-07 03:38:59.366  2037  6130 W InputReader: Device has associated, but no associated display id.
09-07 03:38:59.366  7867 10859 V FA-SVC  : Logging event: origin=auto,name=user_engagement(_e),params=Bundle[{ga_event_origin(_o)=auto, engagement_time_msec(_et)=5367, ga_screen_class(_sc)=AppActivity, ga_screen_id(_si)=3589103207949889541}]
09-07 03:38:59.367  2037  6130 W InputReader: Device has associated, but no associated display id.
09-07 03:38:59.369  2037  6130 I chatty  : uid=1000(system) Binder:2037_1A identical 19 lines
09-07 03:38:59.369  2037  6130 W InputReader: Device has associated, but no associated display id.
09-07 03:38:59.385 11498 11498 W ActivityThread: handleWindowVisibility: no activity for token android.os.BinderProxy@6a3b5dc
09-07 03:38:59.398  2037  6130 W ActivityTaskManager: Duplicate finish request for ActivityRecord{24ab6e5 u0 ru.iteco.fmhandroid/.ui.AppActivity t669 f}
09-07 03:38:59.407  1793  1793 D gralloc_ranchu: gralloc_alloc: Creating ashmem region of size 9850880
09-07 03:38:59.411  1793  1793 D gralloc_ranchu: gralloc_alloc: Creating ashmem region of size 9850880
09-07 03:38:59.413  7867 10859 V FA-SVC  : Upload scheduled in approximately ms: 2897697
09-07 03:38:59.413  7867 10859 V FA-SVC  : Unscheduling upload
09-07 03:38:59.415  1793  2554 D gralloc_ranchu: gralloc_alloc: Creating ashmem region of size 9850880
09-07 03:38:59.416 11498 11530 D EGL_emulation: eglMakeCurrent: 0xe224fae0: ver 2 0 (tinfo 0xed4894a0)
09-07 03:38:59.417  7867 10859 V FA-SVC  : Scheduling upload, millis: 2897697
09-07 03:38:59.420  7867 10859 V FA-SVC  : Background event processing time, ms: 58
09-07 03:38:59.438  2037  2061 W InputReader: Device has associated, but no associated display id.
09-07 03:38:59.439  2037  2061 I chatty  : uid=1000(system) android.anim identical 18 lines
09-07 03:38:59.439  2037  2061 W InputReader: Device has associated, but no associated display id.
09-07 03:38:59.442  2037  2065 I ActivityTaskManager: Displayed ru.iteco.fmhandroid.test/androidx.test.core.app.InstrumentationActivityInvoker$EmptyActivity: +90ms
09-07 03:38:59.447  2037  6130 W InputReader: Device has associated, but no associated display id.
09-07 03:38:59.447  2037  6130 I chatty  : uid=1000(system) Binder:2037_1A identical 8 lines
09-07 03:38:59.447  2037  6130 W InputReader: Device has associated, but no associated display id.
09-07 03:38:59.453 11442 11534 D EGL_emulation: eglMakeCurrent: 0xe2257740: ver 2 0 (tinfo 0xe233aea0)
09-07 03:38:59.477  2037  6130 W InputReader: Device has associated, but no associated display id.
09-07 03:38:59.477  2037  6130 I chatty  : uid=1000(system) Binder:2037_1A identical 8 lines
09-07 03:38:59.477  2037  6130 W InputReader: Device has associated, but no associated display id.
09-07 03:38:59.482 11442 11442 D LifecycleMonitor: Lifecycle status change: ru.iteco.fmhandroid.ui.AppActivity@8daa9ab in: STOPPED
09-07 03:38:59.483 11442 11442 V ActivityScenario: Update currentActivityStage to STOPPED, currentActivity=ru.iteco.fmhandroid.ui.AppActivity@8daa9ab
09-07 03:38:59.490  1823  1823 W SurfaceFlinger: couldn't log to binary event log: overflow.
09-07 03:38:59.494 11442 11562 I okhttp.OkHttpClient: <-- HTTP FAILED: java.io.IOException: Canceled
09-07 03:38:59.498  1793  2554 D gralloc_ranchu: gralloc_alloc: Creating ashmem region of size 9850880
09-07 03:38:59.498 11442 11442 W System.err: ru.iteco.fmhandroid.exceptions.UnknownException
09-07 03:38:59.498 11442 11442 W System.err: 	at ru.iteco.fmhandroid.utils.Utils.makeRequest(Utils.kt:123)
09-07 03:38:59.499 11442 11442 W System.err: 	at ru.iteco.fmhandroid.utils.Utils$makeRequest$1.invokeSuspend(Unknown Source:15)
09-07 03:38:59.499 11442 11442 W System.err: 	at kotlin.coroutines.jvm.internal.BaseContinuationImpl.resumeWith(ContinuationImpl.kt:33)
09-07 03:38:59.499 11442 11442 W System.err: 	at kotlinx.coroutines.DispatchedTaskKt.resume(DispatchedTask.kt:234)
09-07 03:38:59.499 11442 11442 W System.err: 	at kotlinx.coroutines.DispatchedTaskKt.resumeUnconfined(DispatchedTask.kt:190)
09-07 03:38:59.499 11442 11442 W System.err: 	at kotlinx.coroutines.DispatchedTaskKt.dispatch(DispatchedTask.kt:161)
09-07 03:38:59.499 11442 11442 W System.err: 	at kotlinx.coroutines.CancellableContinuationImpl.dispatchResume(CancellableContinuationImpl.kt:397)
09-07 03:38:59.499 11442 11442 W System.err: 	at kotlinx.coroutines.CancellableContinuationImpl.cancel(CancellableContinuationImpl.kt:183)
09-07 03:38:59.499 11442 11442 W System.err: 	at kotlinx.coroutines.CancellableContinuationImpl.parentCancelled$kotlinx_coroutines_core(CancellableContinuationImpl.kt:190)
09-07 03:38:59.499 11442 11442 W System.err: 	at kotlinx.coroutines.ChildContinuation.invoke(JobSupport.kt:1474)
09-07 03:38:59.499 11442 11442 W System.err: 	at kotlinx.coroutines.JobSupport.notifyCancelling(JobSupport.kt:1499)
09-07 03:38:59.499 11442 11442 W System.err: 	at kotlinx.coroutines.JobSupport.tryMakeCancelling(JobSupport.kt:795)
09-07 03:38:59.499 11442 11442 W System.err: 	at kotlinx.coroutines.JobSupport.makeCancelling(JobSupport.kt:755)
09-07 03:38:59.499 11442 11442 W System.err: 	at kotlinx.coroutines.JobSupport.cancelImpl$kotlinx_coroutines_core(JobSupport.kt:671)
09-07 03:38:59.499 11442 11442 W System.err: 	at kotlinx.coroutines.JobSupport.parentCancelled(JobSupport.kt:637)
09-07 03:38:59.499 11442 11442 W System.err: 	at kotlinx.coroutines.ChildHandleNode.invoke(JobSupport.kt:1465)
09-07 03:38:59.499 11442 11442 W System.err: 	at kotlinx.coroutines.JobSupport.notifyCancelling(JobSupport.kt:1499)
09-07 03:38:59.499 11442 11442 W System.err: 	at kotlinx.coroutines.JobSupport.tryMakeCompletingSlowPath(JobSupport.kt:900)
09-07 03:38:59.499 11442 11442 W System.err: 	at kotlinx.coroutines.JobSupport.tryMakeCompleting(JobSupport.kt:863)
09-07 03:38:59.500 11442 11442 W System.err: 	at kotlinx.coroutines.JobSupport.cancelMakeCompleting(JobSupport.kt:696)
09-07 03:38:59.500 11442 11442 W System.err: 	at kotlinx.coroutines.JobSupport.cancelImpl$kotlinx_coroutines_core(JobSupport.kt:667)
09-07 03:38:59.500 11442 11442 W System.err: 	at kotlinx.coroutines.JobSupport.cancelInternal(JobSupport.kt:632)
09-07 03:38:59.500 11442 11442 W System.err: 	at kotlinx.coroutines.JobSupport.cancel(JobSupport.kt:617)
09-07 03:38:59.501 11442 11442 W System.err: 	at kotlinx.coroutines.JobKt__JobKt.cancel(Job.kt:561)
09-07 03:38:59.501 11442 11442 W System.err: 	at kotlinx.coroutines.JobKt.cancel(Unknown Source:1)
09-07 03:38:59.501 11442 11442 W System.err: 	at kotlinx.coroutines.JobKt__JobKt.cancel$default(Job.kt:560)
09-07 03:38:59.502 11442 11442 W System.err: 	at kotlinx.coroutines.JobKt.cancel$default(Unknown Source:1)
09-07 03:38:59.502 11442 11442 W System.err: 	at androidx.lifecycle.CloseableCoroutineScope.close(ViewModel.kt:51)
09-07 03:38:59.502 11442 11442 W System.err: 	at androidx.lifecycle.ViewModel.closeWithRuntimeException(ViewModel.java:188)
09-07 03:38:59.502 11442 11442 W System.err: 	at androidx.lifecycle.ViewModel.clear(ViewModel.java:134)
09-07 03:38:59.502 11442 11442 W System.err: 	at androidx.lifecycle.ViewModelStore.clear(ViewModelStore.java:62)
09-07 03:38:59.502 11442 11442 W System.err: 	at androidx.fragment.app.FragmentManagerViewModel.clearNonConfigStateInternal(FragmentManagerViewModel.java:210)
09-07 03:38:59.502 11442 11442 W System.err: 	at androidx.fragment.app.FragmentManagerViewModel.clearNonConfigState(FragmentManagerViewModel.java:190)
09-07 03:38:59.503 11442 11442 W System.err: 	at androidx.fragment.app.FragmentStateManager.destroy(FragmentStateManager.java:778)
09-07 03:38:59.503 11442 11442 W System.err: 	at androidx.fragment.app.FragmentStateManager.moveToExpectedState(FragmentStateManager.java:335)
09-07 03:38:59.503 11442 11442 W System.err: 	at androidx.fragment.app.FragmentStore.moveToExpectedState(FragmentStore.java:121)
09-07 03:38:59.503 11442 11442 W System.err: 	at androidx.fragment.app.FragmentManager.moveToState(FragmentManager.java:1374)
09-07 03:38:59.503 11442 11442 W System.err: 	at androidx.fragment.app.FragmentManager.dispatchStateChange(FragmentManager.java:2841)
09-07 03:38:59.503 11442 11442 W System.err: 	at androidx.fragment.app.FragmentManager.dispatchDestroy(FragmentManager.java:2820)
09-07 03:38:59.503 11442 11442 W System.err: 	at androidx.fragment.app.Fragment.performDestroy(Fragment.java:3246)
09-07 03:38:59.503 11442 11442 W System.err: 	at androidx.fragment.app.FragmentStateManager.destroy(FragmentStateManager.java:780)
09-07 03:38:59.507 11442 11442 W System.err: 	at androidx.fragment.app.FragmentStateManager.moveToExpectedState(FragmentStateManager.java:335)
09-07 03:38:59.507 11442 11442 W System.err: 	at androidx.fragment.app.SpecialEffectsController$FragmentStateManagerOperation.complete(SpecialEffectsController.java:771)
09-07 03:38:59.507 11442 11442 W System.err: 	at androidx.fragment.app.SpecialEffectsController$Operation.cancel(SpecialEffectsController.java:615)
09-07 03:38:59.507 11442 11442 W System.err: 	at androidx.fragment.app.SpecialEffectsController.forceCompleteAllOperations(SpecialEffectsController.java:350)
09-07 03:38:59.507 11442 11442 W System.err: 	at androidx.fragment.app.FragmentManager.dispatchStateChange(FragmentManager.java:2844)
09-07 03:38:59.507  2037  2037 W ActivityManager: Unable to start service Intent { act=android.service.appprediction.AppPredictionService cmp=com.google.android.as/com.google.android.apps.miphone.aiai.app.AiAiPredictionService } U=0: not found
09-07 03:38:59.507  2037  2037 W RemoteAppPredictionService: could not bind to Intent { act=android.service.appprediction.AppPredictionService cmp=com.google.android.as/com.google.android.apps.miphone.aiai.app.AiAiPredictionService } using flags 67108865
09-07 03:38:59.508  1793  2554 D gralloc_ranchu: gralloc_alloc: Creating ashmem region of size 9850880
09-07 03:38:59.507 11442 11442 W System.err: 	at androidx.fragment.app.FragmentManager.dispatchDestroy(FragmentManager.java:2820)
09-07 03:38:59.508 11442 11442 W System.err: 	at androidx.fragment.app.FragmentController.dispatchDestroy(FragmentController.java:345)
09-07 03:38:59.508 11442 11442 W System.err: 	at androidx.fragment.app.FragmentActivity.onDestroy(FragmentActivity.java:306)
09-07 03:38:59.508 11442 11442 W System.err: 	at androidx.appcompat.app.AppCompatActivity.onDestroy(AppCompatActivity.java:278)
09-07 03:38:59.508 11442 11442 W System.err: 	at android.app.Activity.performDestroy(Activity.java:8048)
09-07 03:38:59.508 11442 11442 W System.err: 	at android.app.Instrumentation.callActivityOnDestroy(Instrumentation.java:1334)
09-07 03:38:59.508 11442 11442 W System.err: 	at androidx.test.runner.MonitoringInstrumentation.callActivityOnDestroy(MonitoringInstrumentation.java:766)
09-07 03:38:59.508 11442 11442 W System.err: 	at android.app.ActivityThread.performDestroyActivity(ActivityThread.java:4926)
09-07 03:38:59.510 11442 11442 W System.err: 	at android.app.ActivityThread.handleDestroyActivity(ActivityThread.java:4970)
09-07 03:38:59.510 11442 11442 W System.err: 	at android.app.servertransaction.DestroyActivityItem.execute(DestroyActivityItem.java:44)
09-07 03:38:59.510 11442 11442 W System.err: 	at android.app.servertransaction.TransactionExecutor.executeLifecycleState(TransactionExecutor.java:176)
09-07 03:38:59.510 11442 11442 W System.err: 	at android.app.servertransaction.TransactionExecutor.execute(TransactionExecutor.java:97)
09-07 03:38:59.510 11442 11442 W System.err: 	at android.app.ActivityThread$H.handleMessage(ActivityThread.java:2016)
09-07 03:38:59.510 11442 11442 W System.err: 	at android.os.Handler.dispatchMessage(Handler.java:107)
09-07 03:38:59.510 11442 11442 W System.err: 	at android.os.Looper.loop(Looper.java:214)
09-07 03:38:59.510 11442 11442 W System.err: 	at android.app.ActivityThread.main(ActivityThread.java:7356)
09-07 03:38:59.510 11442 11442 W System.err: 	at java.lang.reflect.Method.invoke(Native Method)
09-07 03:38:59.510 11442 11442 W System.err: 	at com.android.internal.os.RuntimeInit$MethodAndArgsCaller.run(RuntimeInit.java:492)
09-07 03:38:59.510 11442 11442 W System.err: 	at com.android.internal.os.ZygoteInit.main(ZygoteInit.java:930)
09-07 03:38:59.513  1793  2554 D gralloc_ranchu: gralloc_alloc: Creating ashmem region of size 9850880
09-07 03:38:59.516  2666  3068 D EGL_emulation: eglMakeCurrent: 0xda21b0e0: ver 2 0 (tinfo 0xda20fbb0)
09-07 03:38:59.518 11442 11550 I okhttp.OkHttpClient: <-- HTTP FAILED: java.net.SocketException: Socket closed
09-07 03:38:59.521  1793  2554 D gralloc_ranchu: gralloc_alloc: Creating ashmem region of size 9850880
09-07 03:38:59.533 11442 11442 W System.err: ru.iteco.fmhandroid.exceptions.UnknownException
09-07 03:38:59.533 11442 11442 W System.err: 	at ru.iteco.fmhandroid.utils.Utils.makeRequest(Utils.kt:123)
09-07 03:38:59.534 11442 11442 W System.err: 	at ru.iteco.fmhandroid.utils.Utils$makeRequest$1.invokeSuspend(Unknown Source:15)
09-07 03:38:59.534 11442 11442 W System.err: 	at kotlin.coroutines.jvm.internal.BaseContinuationImpl.resumeWith(ContinuationImpl.kt:33)
09-07 03:38:59.534 11442 11442 W System.err: 	at kotlinx.coroutines.DispatchedTaskKt.resume(DispatchedTask.kt:234)
09-07 03:38:59.534 11442 11442 W System.err: 	at kotlinx.coroutines.DispatchedTaskKt.resumeUnconfined(DispatchedTask.kt:190)
09-07 03:38:59.534 11442 11442 W System.err: 	at kotlinx.coroutines.DispatchedTaskKt.dispatch(DispatchedTask.kt:161)
09-07 03:38:59.534 11442 11442 W System.err: 	at kotlinx.coroutines.CancellableContinuationImpl.dispatchResume(CancellableContinuationImpl.kt:397)
09-07 03:38:59.534 11442 11442 W System.err: 	at kotlinx.coroutines.CancellableContinuationImpl.cancel(CancellableContinuationImpl.kt:183)
09-07 03:38:59.534 11442 11442 W System.err: 	at kotlinx.coroutines.CancellableContinuationImpl.parentCancelled$kotlinx_coroutines_core(CancellableContinuationImpl.kt:190)
09-07 03:38:59.534 11442 11442 W System.err: 	at kotlinx.coroutines.ChildContinuation.invoke(JobSupport.kt:1474)
09-07 03:38:59.534 11442 11442 W System.err: 	at kotlinx.coroutines.JobSupport.notifyCancelling(JobSupport.kt:1499)
09-07 03:38:59.534 11442 11442 W System.err: 	at kotlinx.coroutines.JobSupport.tryMakeCancelling(JobSupport.kt:795)
09-07 03:38:59.534 11442 11442 W System.err: 	at kotlinx.coroutines.JobSupport.makeCancelling(JobSupport.kt:755)
09-07 03:38:59.534 11442 11442 W System.err: 	at kotlinx.coroutines.JobSupport.cancelImpl$kotlinx_coroutines_core(JobSupport.kt:671)
09-07 03:38:59.534 11442 11442 W System.err: 	at kotlinx.coroutines.JobSupport.parentCancelled(JobSupport.kt:637)
09-07 03:38:59.534 11442 11442 W System.err: 	at kotlinx.coroutines.ChildHandleNode.invoke(JobSupport.kt:1465)
09-07 03:38:59.534 11442 11442 W System.err: 	at kotlinx.coroutines.JobSupport.notifyCancelling(JobSupport.kt:1499)
09-07 03:38:59.534 11442 11442 W System.err: 	at kotlinx.coroutines.JobSupport.tryMakeCompletingSlowPath(JobSupport.kt:900)
09-07 03:38:59.534 11442 11442 W System.err: 	at kotlinx.coroutines.JobSupport.tryMakeCompleting(JobSupport.kt:863)
09-07 03:38:59.534 11442 11442 W System.err: 	at kotlinx.coroutines.JobSupport.cancelMakeCompleting(JobSupport.kt:696)
09-07 03:38:59.534 11442 11442 W System.err: 	at kotlinx.coroutines.JobSupport.cancelImpl$kotlinx_coroutines_core(JobSupport.kt:667)
09-07 03:38:59.534 11442 11442 W System.err: 	at kotlinx.coroutines.JobSupport.cancelInternal(JobSupport.kt:632)
09-07 03:38:59.534 11442 11442 W System.err: 	at kotlinx.coroutines.JobSupport.cancel(JobSupport.kt:617)
09-07 03:38:59.534 11442 11442 W System.err: 	at kotlinx.coroutines.JobKt__JobKt.cancel(Job.kt:561)
09-07 03:38:59.534 11442 11442 W System.err: 	at kotlinx.coroutines.JobKt.cancel(Unknown Source:1)
09-07 03:38:59.534 11442 11442 W System.err: 	at kotlinx.coroutines.JobKt__JobKt.cancel$default(Job.kt:560)
09-07 03:38:59.534 11442 11442 W System.err: 	at kotlinx.coroutines.JobKt.cancel$default(Unknown Source:1)
09-07 03:38:59.534 11442 11442 W System.err: 	at androidx.lifecycle.CloseableCoroutineScope.close(ViewModel.kt:51)
09-07 03:38:59.534 11442 11442 W System.err: 	at androidx.lifecycle.ViewModel.closeWithRuntimeException(ViewModel.java:188)
09-07 03:38:59.534 11442 11442 W System.err: 	at androidx.lifecycle.ViewModel.clear(ViewModel.java:134)
09-07 03:38:59.534 11442 11442 W System.err: 	at androidx.lifecycle.ViewModelStore.clear(ViewModelStore.java:62)
09-07 03:38:59.534 11442 11442 W System.err: 	at androidx.fragment.app.FragmentManagerViewModel.clearNonConfigStateInternal(FragmentManagerViewModel.java:210)
09-07 03:38:59.534 11442 11442 W System.err: 	at androidx.fragment.app.FragmentManagerViewModel.clearNonConfigState(FragmentManagerViewModel.java:190)
09-07 03:38:59.534 11442 11442 W System.err: 	at androidx.fragment.app.FragmentStateManager.destroy(FragmentStateManager.java:778)
09-07 03:38:59.534 11442 11442 W System.err: 	at androidx.fragment.app.FragmentStateManager.moveToExpectedState(FragmentStateManager.java:335)
09-07 03:38:59.534 11442 11442 W System.err: 	at androidx.fragment.app.FragmentStore.moveToExpectedState(FragmentStore.java:121)
09-07 03:38:59.534 11442 11442 W System.err: 	at androidx.fragment.app.FragmentManager.moveToState(FragmentManager.java:1374)
09-07 03:38:59.534 11442 11442 W System.err: 	at androidx.fragment.app.FragmentManager.dispatchStateChange(FragmentManager.java:2841)
09-07 03:38:59.534 11442 11442 W System.err: 	at androidx.fragment.app.FragmentManager.dispatchDestroy(FragmentManager.java:2820)
09-07 03:38:59.534 11442 11442 W System.err: 	at androidx.fragment.app.Fragment.performDestroy(Fragment.java:3246)
09-07 03:38:59.534 11442 11442 W System.err: 	at androidx.fragment.app.FragmentStateManager.destroy(FragmentStateManager.java:780)
09-07 03:38:59.534 11442 11442 W System.err: 	at androidx.fragment.app.FragmentStateManager.moveToExpectedState(FragmentStateManager.java:335)
09-07 03:38:59.534 11442 11442 W System.err: 	at androidx.fragment.app.SpecialEffectsController$FragmentStateManagerOperation.complete(SpecialEffectsController.java:771)
09-07 03:38:59.534 11442 11442 W System.err: 	at androidx.fragment.app.SpecialEffectsController$Operation.cancel(SpecialEffectsController.java:615)
09-07 03:38:59.534 11442 11442 W System.err: 	at androidx.fragment.app.SpecialEffectsController.forceCompleteAllOperations(SpecialEffectsController.java:350)
09-07 03:38:59.534 11442 11442 W System.err: 	at androidx.fragment.app.FragmentManager.dispatchStateChange(FragmentManager.java:2844)
09-07 03:38:59.535 11442 11442 W System.err: 	at androidx.fragment.app.FragmentManager.dispatchDestroy(FragmentManager.java:2820)
09-07 03:38:59.535 11442 11442 W System.err: 	at androidx.fragment.app.FragmentController.dispatchDestroy(FragmentController.java:345)
09-07 03:38:59.535 11442 11442 W System.err: 	at androidx.fragment.app.FragmentActivity.onDestroy(FragmentActivity.java:306)
09-07 03:38:59.535 11442 11442 W System.err: 	at androidx.appcompat.app.AppCompatActivity.onDestroy(AppCompatActivity.java:278)
09-07 03:38:59.535 11442 11442 W System.err: 	at android.app.Activity.performDestroy(Activity.java:8048)
09-07 03:38:59.535 11442 11442 W System.err: 	at android.app.Instrumentation.callActivityOnDestroy(Instrumentation.java:1334)
09-07 03:38:59.535 11442 11442 W System.err: 	at androidx.test.runner.MonitoringInstrumentation.callActivityOnDestroy(MonitoringInstrumentation.java:766)
09-07 03:38:59.535 11442 11442 W System.err: 	at android.app.ActivityThread.performDestroyActivity(ActivityThread.java:4926)
09-07 03:38:59.535 11442 11442 W System.err: 	at android.app.ActivityThread.handleDestroyActivity(ActivityThread.java:4970)
09-07 03:38:59.535 11442 11442 W System.err: 	at android.app.servertransaction.DestroyActivityItem.execute(DestroyActivityItem.java:44)
09-07 03:38:59.535 11442 11442 W System.err: 	at android.app.servertransaction.TransactionExecutor.executeLifecycleState(TransactionExecutor.java:176)
09-07 03:38:59.535 11442 11442 W System.err: 	at android.app.servertransaction.TransactionExecutor.execute(TransactionExecutor.java:97)
09-07 03:38:59.536 11442 11442 W System.err: 	at android.app.ActivityThread$H.handleMessage(ActivityThread.java:2016)
09-07 03:38:59.536 11442 11442 W System.err: 	at android.os.Handler.dispatchMessage(Handler.java:107)
09-07 03:38:59.536 11442 11442 W System.err: 	at android.os.Looper.loop(Looper.java:214)
09-07 03:38:59.536 11442 11442 W System.err: 	at android.app.ActivityThread.main(ActivityThread.java:7356)
09-07 03:38:59.536 11442 11442 W System.err: 	at java.lang.reflect.Method.invoke(Native Method)
09-07 03:38:59.536 11442 11442 W System.err: 	at com.android.internal.os.RuntimeInit$MethodAndArgsCaller.run(RuntimeInit.java:492)
09-07 03:38:59.536 11442 11442 W System.err: 	at com.android.internal.os.ZygoteInit.main(ZygoteInit.java:930)
09-07 03:38:59.537  2666  2666 I dnsi    : onStart
09-07 03:38:59.540  2666  2666 I dnsi    : onResume
09-07 03:38:59.541  2434  2714 D EGL_emulation: eglMakeCurrent: 0xed453b60: ver 2 0 (tinfo 0xe233a960)
09-07 03:38:59.542 11442 11442 W System.err: ru.iteco.fmhandroid.exceptions.UnknownException
09-07 03:38:59.542 11442 11442 W System.err: 	at ru.iteco.fmhandroid.utils.Utils.makeRequest(Utils.kt:123)
09-07 03:38:59.542 11442 11442 W System.err: 	at ru.iteco.fmhandroid.utils.Utils$makeRequest$1.invokeSuspend(Unknown Source:15)
09-07 03:38:59.542 11442 11442 W System.err: 	at kotlin.coroutines.jvm.internal.BaseContinuationImpl.resumeWith(ContinuationImpl.kt:33)
09-07 03:38:59.542 11442 11442 W System.err: 	at kotlinx.coroutines.DispatchedTaskKt.resume(DispatchedTask.kt:234)
09-07 03:38:59.542 11442 11442 W System.err: 	at kotlinx.coroutines.DispatchedTaskKt.resumeUnconfined(DispatchedTask.kt:190)
09-07 03:38:59.542 11442 11442 W System.err: 	at kotlinx.coroutines.DispatchedTaskKt.dispatch(DispatchedTask.kt:161)
09-07 03:38:59.542 11442 11442 W System.err: 	at kotlinx.coroutines.CancellableContinuationImpl.dispatchResume(CancellableContinuationImpl.kt:397)
09-07 03:38:59.542 11442 11442 W System.err: 	at kotlinx.coroutines.CancellableContinuationImpl.cancel(CancellableContinuationImpl.kt:183)
09-07 03:38:59.542 11442 11442 W System.err: 	at kotlinx.coroutines.CancellableContinuationImpl.parentCancelled$kotlinx_coroutines_core(CancellableContinuationImpl.kt:190)
09-07 03:38:59.542 11442 11442 W System.err: 	at kotlinx.coroutines.ChildContinuation.invoke(JobSupport.kt:1474)
09-07 03:38:59.542 11442 11442 W System.err: 	at kotlinx.coroutines.JobSupport.notifyCancelling(JobSupport.kt:1499)
09-07 03:38:59.542 11442 11442 W System.err: 	at kotlinx.coroutines.JobSupport.tryMakeCancelling(JobSupport.kt:795)
09-07 03:38:59.542 11442 11442 W System.err: 	at kotlinx.coroutines.JobSupport.makeCancelling(JobSupport.kt:755)
09-07 03:38:59.542 11442 11442 W System.err: 	at kotlinx.coroutines.JobSupport.cancelImpl$kotlinx_coroutines_core(JobSupport.kt:671)
09-07 03:38:59.542 11442 11442 W System.err: 	at kotlinx.coroutines.JobSupport.parentCancelled(JobSupport.kt:637)
09-07 03:38:59.542 11442 11442 W System.err: 	at kotlinx.coroutines.ChildHandleNode.invoke(JobSupport.kt:1465)
09-07 03:38:59.542 11442 11442 W System.err: 	at kotlinx.coroutines.JobSupport.notifyCancelling(JobSupport.kt:1499)
09-07 03:38:59.542 11442 11442 W System.err: 	at kotlinx.coroutines.JobSupport.tryMakeCompletingSlowPath(JobSupport.kt:900)
09-07 03:38:59.542 11442 11442 W System.err: 	at kotlinx.coroutines.JobSupport.tryMakeCompleting(JobSupport.kt:863)
09-07 03:38:59.542 11442 11442 W System.err: 	at kotlinx.coroutines.JobSupport.cancelMakeCompleting(JobSupport.kt:696)
09-07 03:38:59.542 11442 11442 W System.err: 	at kotlinx.coroutines.JobSupport.cancelImpl$kotlinx_coroutines_core(JobSupport.kt:667)
09-07 03:38:59.542 11442 11442 W System.err: 	at kotlinx.coroutines.JobSupport.cancelInternal(JobSupport.kt:632)
09-07 03:38:59.542 11442 11442 W System.err: 	at kotlinx.coroutines.JobSupport.cancel(JobSupport.kt:617)
09-07 03:38:59.542 11442 11442 W System.err: 	at kotlinx.coroutines.JobKt__JobKt.cancel(Job.kt:561)
09-07 03:38:59.542 11442 11442 W System.err: 	at kotlinx.coroutines.JobKt.cancel(Unknown Source:1)
09-07 03:38:59.542 11442 11442 W System.err: 	at kotlinx.coroutines.JobKt__JobKt.cancel$default(Job.kt:560)
09-07 03:38:59.542 11442 11561 I okhttp.OkHttpClient: <-- HTTP FAILED: java.net.SocketException: Socket closed
09-07 03:38:59.542 11442 11442 W System.err: 	at kotlinx.coroutines.JobKt.cancel$default(Unknown Source:1)
09-07 03:38:59.543 11442 11442 W System.err: 	at androidx.lifecycle.CloseableCoroutineScope.close(ViewModel.kt:51)
09-07 03:38:59.543 11442 11442 W System.err: 	at androidx.lifecycle.ViewModel.closeWithRuntimeException(ViewModel.java:188)
09-07 03:38:59.543 11442 11442 W System.err: 	at androidx.lifecycle.ViewModel.clear(ViewModel.java:134)
09-07 03:38:59.543 11442 11442 W System.err: 	at androidx.lifecycle.ViewModelStore.clear(ViewModelStore.java:62)
09-07 03:38:59.543 11442 11442 W System.err: 	at androidx.fragment.app.FragmentManagerViewModel.clearNonConfigStateInternal(FragmentManagerViewModel.java:210)
09-07 03:38:59.543 11442 11442 W System.err: 	at androidx.fragment.app.FragmentManagerViewModel.clearNonConfigState(FragmentManagerViewModel.java:190)
09-07 03:38:59.543 11442 11442 W System.err: 	at androidx.fragment.app.FragmentStateManager.destroy(FragmentStateManager.java:778)
09-07 03:38:59.543 11442 11442 W System.err: 	at androidx.fragment.app.FragmentStateManager.moveToExpectedState(FragmentStateManager.java:335)
09-07 03:38:59.543 11442 11442 W System.err: 	at androidx.fragment.app.FragmentStore.moveToExpectedState(FragmentStore.java:121)
09-07 03:38:59.543 11442 11442 W System.err: 	at androidx.fragment.app.FragmentManager.moveToState(FragmentManager.java:1374)
09-07 03:38:59.543 11442 11442 W System.err: 	at androidx.fragment.app.FragmentManager.dispatchStateChange(FragmentManager.java:2841)
09-07 03:38:59.543 11442 11442 W System.err: 	at androidx.fragment.app.FragmentManager.dispatchDestroy(FragmentManager.java:2820)
09-07 03:38:59.543 11442 11442 W System.err: 	at androidx.fragment.app.Fragment.performDestroy(Fragment.java:3246)
09-07 03:38:59.543 11442 11442 W System.err: 	at androidx.fragment.app.FragmentStateManager.destroy(FragmentStateManager.java:780)
09-07 03:38:59.543 11442 11442 W System.err: 	at androidx.fragment.app.FragmentStateManager.moveToExpectedState(FragmentStateManager.java:335)
09-07 03:38:59.543 11442 11442 W System.err: 	at androidx.fragment.app.SpecialEffectsController$FragmentStateManagerOperation.complete(SpecialEffectsController.java:771)
09-07 03:38:59.543 11442 11442 W System.err: 	at androidx.fragment.app.SpecialEffectsController$Operation.cancel(SpecialEffectsController.java:615)
09-07 03:38:59.543 11442 11442 W System.err: 	at androidx.fragment.app.SpecialEffectsController.forceCompleteAllOperations(SpecialEffectsController.java:350)
09-07 03:38:59.543 11442 11442 W System.err: 	at androidx.fragment.app.FragmentManager.dispatchStateChange(FragmentManager.java:2844)
09-07 03:38:59.543 11442 11442 W System.err: 	at androidx.fragment.app.FragmentManager.dispatchDestroy(FragmentManager.java:2820)
09-07 03:38:59.543 11442 11442 W System.err: 	at androidx.fragment.app.FragmentController.dispatchDestroy(FragmentController.java:345)
09-07 03:38:59.543 11442 11442 W System.err: 	at androidx.fragment.app.FragmentActivity.onDestroy(FragmentActivity.java:306)
09-07 03:38:59.543 11442 11442 W System.err: 	at androidx.appcompat.app.AppCompatActivity.onDestroy(AppCompatActivity.java:278)
09-07 03:38:59.543 11442 11442 W System.err: 	at android.app.Activity.performDestroy(Activity.java:8048)
09-07 03:38:59.543 11442 11442 W System.err: 	at android.app.Instrumentation.callActivityOnDestroy(Instrumentation.java:1334)
09-07 03:38:59.543 11442 11442 W System.err: 	at androidx.test.runner.MonitoringInstrumentation.callActivityOnDestroy(MonitoringInstrumentation.java:766)
09-07 03:38:59.543 11442 11442 W System.err: 	at android.app.ActivityThread.performDestroyActivity(ActivityThread.java:4926)
09-07 03:38:59.543 11442 11442 W System.err: 	at android.app.ActivityThread.handleDestroyActivity(ActivityThread.java:4970)
09-07 03:38:59.543 11442 11442 W System.err: 	at android.app.servertransaction.DestroyActivityItem.execute(DestroyActivityItem.java:44)
09-07 03:38:59.543 11442 11442 W System.err: 	at android.app.servertransaction.TransactionExecutor.executeLifecycleState(TransactionExecutor.java:176)
09-07 03:38:59.543 11442 11442 W System.err: 	at android.app.servertransaction.TransactionExecutor.execute(TransactionExecutor.java:97)
09-07 03:38:59.543 11442 11442 W System.err: 	at android.app.ActivityThread$H.handleMessage(ActivityThread.java:2016)
09-07 03:38:59.543 11442 11442 W System.err: 	at android.os.Handler.dispatchMessage(Handler.java:107)
09-07 03:38:59.543 11442 11442 W System.err: 	at android.os.Looper.loop(Looper.java:214)
09-07 03:38:59.543 11442 11442 W System.err: 	at android.app.ActivityThread.main(ActivityThread.java:7356)
09-07 03:38:59.543 11442 11442 W System.err: 	at java.lang.reflect.Method.invoke(Native Method)
09-07 03:38:59.543 11442 11442 W System.err: 	at com.android.internal.os.RuntimeInit$MethodAndArgsCaller.run(RuntimeInit.java:492)
09-07 03:38:59.543 11442 11442 W System.err: 	at com.android.internal.os.ZygoteInit.main(ZygoteInit.java:930)
09-07 03:38:59.544  1793  2554 D gralloc_ranchu: gralloc_alloc: Creating ashmem region of size 9850880
09-07 03:38:59.547 11442 11442 D LifecycleMonitor: Lifecycle status change: ru.iteco.fmhandroid.ui.AppActivity@8daa9ab in: DESTROYED
09-07 03:38:59.547 11442 11442 V ActivityScenario: Update currentActivityStage to DESTROYED, currentActivity=null
09-07 03:38:59.548 11442 11486 I TestRunner: finished: shouldOpenTheNewsFilterSettingsForm(ru.iteco.fmhandroid.ui.ControlPanelTest)
09-07 03:38:59.562  1793  2554 D gralloc_ranchu: gralloc_alloc: Creating ashmem region of size 9850880
09-07 03:38:59.568  2037  2061 W InputReader: Device has associated, but no associated display id.
09-07 03:38:59.569  2037  2061 I chatty  : uid=1000(system) android.anim identical 8 lines
09-07 03:38:59.569  2037  2061 W InputReader: Device has associated, but no associated display id.
09-07 03:38:59.579  1793  2554 D gralloc_ranchu: gralloc_alloc: Creating ashmem region of size 6307840
09-07 03:38:59.590  2182  2468 D EGL_emulation: eglMakeCurrent: 0xda21a360: ver 2 0 (tinfo 0xda20f590)
09-07 03:38:59.600  2182  2182 W View    : requestLayout() improperly called by com.android.keyguard.AlphaOptimizedLinearLayout{551c6d8 V.E...... ......ID 7,0-48,61 #7f0a041c app:id/wifi_group} during second layout pass: posting in next frame
09-07 03:38:59.628  1823  1823 E Layer   : [Surface(name=AppWindowToken{459e199 token=Token{b961ae0 ActivityRecord{53be0e3 u0 com.google.android.apps.nexuslauncher/.NexusLauncherActivity t652}}})/@0xafc1306 - animation-leash#0] No local sync point found
09-07 03:38:59.628  1823  1823 E Layer   : [Surface(name=AppWindowToken{30e6c2b token=Token{386cc7a ActivityRecord{e8450a5 u0 ru.iteco.fmhandroid.test/androidx.test.core.app.InstrumentationActivityInvoker$EmptyActivity t669}}})/@0xedd69cd - animation-leash#0] No local sync point found
09-07 03:38:59.631 11498 11530 D EGL_emulation: eglMakeCurrent: 0xe224fae0: ver 2 0 (tinfo 0xed4894a0)
09-07 03:38:59.637  2182  2182 W View    : requestLayout() improperly called by StatusBarIconView(slot=mobile icon=null notification=null) during layout: running second layout pass
09-07 03:38:59.637  2037  5599 D HostConnection: HostConnection::get() New Host Connection established 0xda23f020, tid 5599
09-07 03:38:59.637  2037  5599 D HostConnection: HostComposition ext ANDROID_EMU_CHECKSUM_HELPER_v1 ANDROID_EMU_dma_v1 ANDROID_EMU_direct_mem ANDROID_EMU_vulkan ANDROID_EMU_deferred_vulkan_commands ANDROID_EMU_vulkan_null_optional_strings ANDROID_EMU_vulkan_create_resources_with_requirements ANDROID_EMU_YUV420_888_to_NV21 ANDROID_EMU_YUV_Cache ANDROID_EMU_vulkan_free_memory_sync ANDROID_EMU_vulkan_shader_float16_int8 ANDROID_EMU_vulkan_async_queue_submit ANDROID_EMU_sync_buffer_data GL_OES_vertex_array_object GL_KHR_texture_compression_astc_ldr ANDROID_EMU_host_side_tracing ANDROID_EMU_gles_max_version_2 
09-07 03:38:59.638  2037  5599 W OpenGLRenderer: Failed to choose config with EGL_SWAP_BEHAVIOR_PRESERVED, retrying without...
09-07 03:38:59.639  2182  2468 D EGL_emulation: eglMakeCurrent: 0xda21a360: ver 2 0 (tinfo 0xda20f590)
09-07 03:38:59.653 11442 11486 I TestRunner: started: shouldChangeNewsTitle(ru.iteco.fmhandroid.ui.ControlPanelTest)
09-07 03:38:59.654  2037  5599 D eglCodecCommon: setVertexArrayObject: set vao to 0 (0) 0 0
09-07 03:38:59.654  2037  5599 D EGL_emulation: eglCreateContext: 0xba761460: maj 2 min 0 rcv 2
09-07 03:38:59.654  2182  2468 D EGL_emulation: eglMakeCurrent: 0xda21a360: ver 2 0 (tinfo 0xda20f590)
09-07 03:38:59.658  2182  2182 W View    : requestLayout() improperly called by com.android.keyguard.AlphaOptimizedLinearLayout{551c6d8 V.E...... ......ID 7,0-48,61 #7f0a041c app:id/wifi_group} during second layout pass: posting in next frame
09-07 03:38:59.666  2182  2182 W View    : requestLayout() improperly called by StatusBarIconView(slot=mobile icon=null notification=null) during layout: running second layout pass
09-07 03:38:59.688  2182  2468 D EGL_emulation: eglMakeCurrent: 0xda21a360: ver 2 0 (tinfo 0xda20f590)
09-07 03:38:59.688 11442 11486 W Settings: Setting always_finish_activities has moved from android.provider.Settings.System to android.provider.Settings.Global, returning read-only value.
09-07 03:38:59.692  2037  5599 D EGL_emulation: eglMakeCurrent: 0xba761460: ver 2 0 (tinfo 0xba668ca0)
09-07 03:38:59.698  2037  4199 I ActivityTaskManager: START u0 {act=android.intent.action.MAIN cat=[android.intent.category.LAUNCHER] flg=0x10008000 cmp=ru.iteco.fmhandroid.test/androidx.test.core.app.InstrumentationActivityInvoker$BootstrapActivity (has extras)} from uid 10136
09-07 03:38:59.704  1823  1823 W SurfaceFlinger: couldn't log to binary event log: overflow.
09-07 03:38:59.711  2037  5216 W InputReader: Device has associated, but no associated display id.
09-07 03:38:59.712  2037  5216 I chatty  : uid=1000(system) Binder:2037_18 identical 18 lines
09-07 03:38:59.712  2037  5216 W InputReader: Device has associated, but no associated display id.
09-07 03:38:59.712  2037  5599 D eglCodecCommon: setVertexArrayObject: set vao to 0 (0) 1 0
09-07 03:38:59.712  2037  5216 W InputReader: Device has associated, but no associated display id.
09-07 03:38:59.716  2037  5216 I chatty  : uid=1000(system) Binder:2037_18 identical 18 lines
09-07 03:38:59.716  2037  5216 W InputReader: Device has associated, but no associated display id.
09-07 03:38:59.718 11498 11498 W ActivityThread: handleWindowVisibility: no activity for token android.os.BinderProxy@b8d753f
09-07 03:38:59.738  2037  2903 I ActivityTaskManager: START u0 {act=android.intent.action.MAIN cat=[android.intent.category.LAUNCHER] cmp=ru.iteco.fmhandroid/.ui.AppActivity} from uid 10136
09-07 03:38:59.748  2037  4391 W InputReader: Device has associated, but no associated display id.
09-07 03:38:59.753  2037  4391 I chatty  : uid=1000(system) Binder:2037_13 identical 38 lines
09-07 03:38:59.753  2037  4391 W InputReader: Device has associated, but no associated display id.
09-07 03:38:59.755 11442 11442 W ActivityThread: handleWindowVisibility: no activity for token android.os.BinderProxy@9071b1c
09-07 03:38:59.756  2037  4391 W InputReader: Device has associated, but no associated display id.
09-07 03:38:59.756  2037  4391 I chatty  : uid=1000(system) Binder:2037_13 identical 8 lines
09-07 03:38:59.756  2037  4391 W InputReader: Device has associated, but no associated display id.
09-07 03:38:59.766  1793  2554 D gralloc_ranchu: gralloc_alloc: Creating ashmem region of size 9850880
09-07 03:38:59.774 11442 11442 D LifecycleMonitor: Lifecycle status change: ru.iteco.fmhandroid.ui.AppActivity@f8cd08 in: PRE_ON_CREATE
09-07 03:38:59.774 11442 11442 V ActivityScenario: Activity lifecycle changed event received but ignored because the reported transition was not ON_CREATE while the last known transition was PRE_ON_CREATE
09-07 03:38:59.781 11442 11478 V FA      : onActivityCreated
09-07 03:38:59.787 11442 11442 D LifecycleMonitor: Lifecycle status change: ru.iteco.fmhandroid.ui.AppActivity@f8cd08 in: CREATED
09-07 03:38:59.788 11442 11442 V ActivityScenario: Update currentActivityStage to CREATED, currentActivity=ru.iteco.fmhandroid.ui.AppActivity@f8cd08
09-07 03:38:59.795  2037  2061 W InputReader: Device has associated, but no associated display id.
09-07 03:38:59.795  2037  2061 I chatty  : uid=1000(system) android.anim identical 8 lines
09-07 03:38:59.795  2037  2061 W InputReader: Device has associated, but no associated display id.
