09-07 03:38:59.803  2434  2714 D EGL_emulation: eglMakeCurrent: 0xed453b60: ver 2 0 (tinfo 0xe233a960)
09-07 03:38:59.804  2666  3068 D EGL_emulation: eglMakeCurrent: 0xda21b0e0: ver 2 0 (tinfo 0xda20fbb0)
09-07 03:38:59.804  1793  2554 D gralloc_ranchu: gralloc_alloc: Creating ashmem region of size 9850880
09-07 03:38:59.820  2666  2666 I dnsi    : onPause
09-07 03:38:59.824  2182  2468 D EGL_emulation: eglMakeCurrent: 0xda21a360: ver 2 0 (tinfo 0xda20f590)
09-07 03:38:59.829 11442 11442 D LifecycleMonitor: Lifecycle status change: ru.iteco.fmhandroid.ui.AppActivity@f8cd08 in: STARTED
09-07 03:38:59.829 11442 11442 V ActivityScenario: Update currentActivityStage to STARTED, currentActivity=ru.iteco.fmhandroid.ui.AppActivity@f8cd08
09-07 03:38:59.830 11442 11442 D LifecycleMonitor: Lifecycle status change: ru.iteco.fmhandroid.ui.AppActivity@f8cd08 in: RESUMED
09-07 03:38:59.830 11442 11442 V ActivityScenario: Update currentActivityStage to RESUMED, currentActivity=ru.iteco.fmhandroid.ui.AppActivity@f8cd08
09-07 03:38:59.831  2182  2468 D EGL_emulation: eglMakeCurrent: 0xda21a360: ver 2 0 (tinfo 0xda20f590)
09-07 03:38:59.832 11442 11488 V FA      : Activity resumed, time: 863723
09-07 03:38:59.833  2182  2182 W View    : requestLayout() improperly called by com.android.keyguard.AlphaOptimizedLinearLayout{551c6d8 V.E...... ......ID 7,0-48,61 #7f0a041c app:id/wifi_group} during second layout pass: posting in next frame
09-07 03:38:59.843  2182  2182 W View    : requestLayout() improperly called by StatusBarIconView(slot=mobile icon=null notification=null) during layout: running second layout pass
09-07 03:38:59.852  2666 10540 V ClearcutMetricXmitter: Transmission is done.
09-07 03:38:59.875  1793  2554 D gralloc_ranchu: gralloc_alloc: Creating ashmem region of size 9113600
09-07 03:38:59.887  2182  2182 W View    : requestLayout() improperly called by com.android.keyguard.AlphaOptimizedLinearLayout{551c6d8 V.E...... ......ID 7,0-48,61 #7f0a041c app:id/wifi_group} during second layout pass: posting in next frame
09-07 03:38:59.887  1793  2554 D gralloc_ranchu: gralloc_alloc: Creating ashmem region of size 9113600
09-07 03:38:59.889  1793  2554 D gralloc_ranchu: gralloc_alloc: Creating ashmem region of size 9113600
09-07 03:38:59.890 11442 11534 D EGL_emulation: eglMakeCurrent: 0xe2257740: ver 2 0 (tinfo 0xe233aea0)
09-07 03:38:59.901  1792  2272 E GnssHAL_GnssInterface: gnssSvStatusCb: a: input svInfo.flags is 8
09-07 03:38:59.901  1792  2272 E GnssHAL_GnssInterface: gnssSvStatusCb: b: input svInfo.flags is 8
09-07 03:38:59.911  2182  2182 W View    : requestLayout() improperly called by StatusBarIconView(slot=mobile icon=null notification=null) during layout: running second layout pass
09-07 03:38:59.920  2182  2182 W View    : requestLayout() improperly called by com.android.keyguard.AlphaOptimizedLinearLayout{551c6d8 V.E...... ......ID 7,0-48,61 #7f0a041c app:id/wifi_group} during second layout pass: posting in next frame
09-07 03:38:59.932  2037  2065 I ActivityTaskManager: Displayed ru.iteco.fmhandroid/.ui.AppActivity: +230ms
09-07 03:38:59.941  2182  2182 W View    : requestLayout() improperly called by StatusBarIconView(slot=mobile icon=null notification=null) during layout: running second layout pass
09-07 03:38:59.972  2182  2182 W View    : requestLayout() improperly called by com.android.keyguard.AlphaOptimizedLinearLayout{551c6d8 V.E...... ......ID 7,0-48,61 #7f0a041c app:id/wifi_group} during second layout pass: posting in next frame
09-07 03:38:59.975 11442 11442 I ViewInteraction: Performing 'wait for a specific view with <view.getId() is <2131231123/ru.iteco.fmhandroid:id/main_menu_image_button>> during 10000 millis.' action on view view.getRootView() to equal view
09-07 03:38:59.978 11442 11455 I teco.fmhandroi: NativeAlloc concurrent copying GC freed 58319(2755KB) AllocSpace objects, 4(144KB) LOS objects, 41% free, 8643KB/14MB, paused 1.092ms total 134.972ms
09-07 03:38:59.981  2182  2182 W View    : requestLayout() improperly called by StatusBarIconView(slot=mobile icon=null notification=null) during layout: running second layout pass
09-07 03:38:59.990  2666  2666 I dnsi    : onStop
09-07 03:38:59.994  7867 10859 V FA-SVC  : Logging event: origin=auto,name=screen_view(_vs),params=Bundle[{ga_event_origin(_o)=auto, ga_previous_class(_pc)=AppActivity, ga_previous_id(_pi)=3589103207949889541, ga_screen_class(_sc)=AppActivity, ga_screen_id(_si)=3589103207949889542}]
09-07 03:39:00.008  7867 10859 V FA-SVC  : Upload scheduled in approximately ms: 2897103
09-07 03:39:00.008  7867 10859 V FA-SVC  : Unscheduling upload
09-07 03:39:00.011  7867 10859 V FA-SVC  : Scheduling upload, millis: 2897103
09-07 03:39:00.013  7867 10859 V FA-SVC  : Background event processing time, ms: 35
09-07 03:39:00.015  1823  1823 W SurfaceFlinger: couldn't log to binary event log: overflow.
09-07 03:39:00.016  1823  1823 W SurfaceFlinger: couldn't log to binary event log: overflow.
09-07 03:39:00.021  2182  2182 W View    : requestLayout() improperly called by com.android.keyguard.AlphaOptimizedLinearLayout{551c6d8 V.E...... ......ID 7,0-48,61 #7f0a041c app:id/wifi_group} during second layout pass: posting in next frame
09-07 03:39:00.034  2182  2182 W View    : requestLayout() improperly called by StatusBarIconView(slot=mobile icon=null notification=null) during layout: running second layout pass
09-07 03:39:00.902  1792  2272 E GnssHAL_GnssInterface: gnssSvStatusCb: a: input svInfo.flags is 8
09-07 03:39:00.902  1792  2272 E GnssHAL_GnssInterface: gnssSvStatusCb: b: input svInfo.flags is 8
09-07 03:39:01.901  1792  2272 E GnssHAL_GnssInterface: gnssSvStatusCb: a: input svInfo.flags is 8
09-07 03:39:01.901  1792  2272 E GnssHAL_GnssInterface: gnssSvStatusCb: b: input svInfo.flags is 8
09-07 03:39:01.998  1781  1781 W audio_hw_generic: Not supplying enough data to HAL, expected position 9058012 , only wrote 8867976
09-07 03:39:02.830 11442 11546 I okhttp.OkHttpClient: --> GET http://www.981757-ca08998.tmweb.ru:8080/fmh/authentication/userInfo
09-07 03:39:02.831 11442 11546 I okhttp.OkHttpClient: --> END GET
09-07 03:39:02.903  1792  2272 E GnssHAL_GnssInterface: gnssSvStatusCb: a: input svInfo.flags is 8
09-07 03:39:02.903  1792  2272 E GnssHAL_GnssInterface: gnssSvStatusCb: b: input svInfo.flags is 8
09-07 03:39:03.048 11442 11546 I okhttp.OkHttpClient: <-- 200 http://www.981757-ca08998.tmweb.ru:8080/fmh/authentication/userInfo (216ms)
09-07 03:39:03.048 11442 11546 I okhttp.OkHttpClient: Vary: Origin
09-07 03:39:03.048 11442 11546 I okhttp.OkHttpClient: Vary: Access-Control-Request-Method
09-07 03:39:03.048 11442 11546 I okhttp.OkHttpClient: Vary: Access-Control-Request-Headers
09-07 03:39:03.049 11442 11546 I okhttp.OkHttpClient: X-Content-Type-Options: nosniff
09-07 03:39:03.049 11442 11546 I okhttp.OkHttpClient: X-XSS-Protection: 1; mode=block
09-07 03:39:03.049 11442 11546 I okhttp.OkHttpClient: Cache-Control: no-cache, no-store, max-age=0, must-revalidate
09-07 03:39:03.050 11442 11546 I okhttp.OkHttpClient: Pragma: no-cache
09-07 03:39:03.050 11442 11546 I okhttp.OkHttpClient: Expires: 0
09-07 03:39:03.050 11442 11546 I okhttp.OkHttpClient: X-Frame-Options: DENY
09-07 03:39:03.050 11442 11546 I okhttp.OkHttpClient: Content-Type: application/json
09-07 03:39:03.051 11442 11546 I okhttp.OkHttpClient: Transfer-Encoding: chunked
09-07 03:39:03.052 11442 11546 I okhttp.OkHttpClient: Date: Thu, 07 Sep 2023 03:39:03 GMT
09-07 03:39:03.052 11442 11546 I okhttp.OkHttpClient: Keep-Alive: timeout=60
09-07 03:39:03.052 11442 11546 I okhttp.OkHttpClient: Connection: keep-alive
09-07 03:39:03.053 11442 11546 I okhttp.OkHttpClient: {"id":1,"firstName":"Ivan","lastName":"Ivanov","middleName":"Ivanovich","admin":true}
09-07 03:39:03.053 11442 11546 I okhttp.OkHttpClient: <-- END HTTP (85-byte body)
09-07 03:39:03.059 11442 11550 I okhttp.OkHttpClient: --> GET http://www.981757-ca08998.tmweb.ru:8080/fmh/claims
09-07 03:39:03.059 11442 11550 I okhttp.OkHttpClient: --> END GET
09-07 03:39:03.061  1774 11653 E ResolverController: No valid NAT64 prefix (101, <unspecified>/0)
09-07 03:39:03.258 11442 11534 D EGL_emulation: eglMakeCurrent: 0xe2257740: ver 2 0 (tinfo 0xe233aea0)
09-07 03:39:03.260  1793  2554 D gralloc_ranchu: gralloc_alloc: Creating ashmem region of size 9850880
09-07 03:39:03.266  2182  2182 W View    : requestLayout() improperly called by com.android.keyguard.AlphaOptimizedLinearLayout{551c6d8 V.E...... ......ID 7,0-48,61 #7f0a041c app:id/wifi_group} during second layout pass: posting in next frame
09-07 03:39:03.272 11442 11534 D EGL_emulation: eglMakeCurrent: 0xe2257740: ver 2 0 (tinfo 0xe233aea0)
09-07 03:39:03.291  2182  2182 W View    : requestLayout() improperly called by StatusBarIconView(slot=mobile icon=null notification=null) during layout: running second layout pass
09-07 03:39:03.414  1793  2554 D gralloc_ranchu: gralloc_alloc: Creating ashmem region of size 9850880
09-07 03:39:03.435  1793  2554 D gralloc_ranchu: gralloc_alloc: Creating ashmem region of size 9850880
09-07 03:39:03.499 11442 11442 I ViewInteraction: Performing 'single click' action on view view.getId() is <2131231123/ru.iteco.fmhandroid:id/main_menu_image_button>
09-07 03:39:03.564  1781  6116 W audio_hw_generic: Not supplying enough data to HAL, expected position 8868066 , only wrote 8867976
09-07 03:39:03.585  1793  2554 D gralloc_ranchu: gralloc_alloc: Creating ashmem region of size 2015232
09-07 03:39:03.590  1793  2554 I chatty  : uid=1000(system) HwBinder:1793_2 identical 1 line
09-07 03:39:03.591  1793  2554 D gralloc_ranchu: gralloc_alloc: Creating ashmem region of size 2015232
09-07 03:39:03.598 11442 11534 D EGL_emulation: eglMakeCurrent: 0xe2257740: ver 2 0 (tinfo 0xe233aea0)
09-07 03:39:03.628 11442 11534 I chatty  : uid=10136(ru.iteco.fmhandroid) RenderThread identical 2 lines
09-07 03:39:03.640 11442 11534 D EGL_emulation: eglMakeCurrent: 0xe2257740: ver 2 0 (tinfo 0xe233aea0)
09-07 03:39:03.862 11442 11442 I ViewInteraction: Performing 'wait for a specific view with <an instance of android.widget.TextView and view.getText() with or without transformation to match: is "News"> during 10000 millis.' action on view view.getRootView() to equal view
09-07 03:39:03.864 11442 11442 I ViewInteraction: Performing 'single click' action on view an instance of android.widget.TextView and view.getText() with or without transformation to match: is "News"
09-07 03:39:03.900  1792  2272 E GnssHAL_GnssInterface: gnssSvStatusCb: a: input svInfo.flags is 8
09-07 03:39:03.901  1792  2272 E GnssHAL_GnssInterface: gnssSvStatusCb: b: input svInfo.flags is 8
09-07 03:39:03.917 11442 11534 D EGL_emulation: eglMakeCurrent: 0xe2257740: ver 2 0 (tinfo 0xe233aea0)
09-07 03:39:03.998 11442 11561 I okhttp.OkHttpClient: --> GET http://www.981757-ca08998.tmweb.ru:8080/fmh/news
09-07 03:39:03.998 11442 11561 I okhttp.OkHttpClient: --> END GET
09-07 03:39:04.031 11442 11534 D EGL_emulation: eglMakeCurrent: 0xe2257740: ver 2 0 (tinfo 0xe233aea0)
09-07 03:39:04.047 11442 11534 D EGL_emulation: eglMakeCurrent: 0xe2257740: ver 2 0 (tinfo 0xe233aea0)
09-07 03:39:04.219 11442 11442 I ViewInteraction: Performing 'wait for a specific view with <view.getId() is <2131231025/ru.iteco.fmhandroid:id/edit_news_material_button>> during 10000 millis.' action on view view.getRootView() to equal view
09-07 03:39:04.220 11442 11442 I ViewInteraction: Performing 'single click' action on view view.getId() is <2131231025/ru.iteco.fmhandroid:id/edit_news_material_button>
09-07 03:39:04.291 11442 11562 I okhttp.OkHttpClient: --> GET http://www.981757-ca08998.tmweb.ru:8080/fmh/news
09-07 03:39:04.292 11442 11562 I okhttp.OkHttpClient: --> END GET
09-07 03:39:04.642 11442 11442 I ViewInteraction: Performing 'wait for a specific view with <view.getId() is <2131230850/ru.iteco.fmhandroid:id/add_news_image_view>> during 10000 millis.' action on view view.getRootView() to equal view
09-07 03:39:04.648 11442 11442 I ViewInteraction: Performing 'single click' action on view view.getId() is <2131230850/ru.iteco.fmhandroid:id/add_news_image_view>
09-07 03:39:04.701  7867  7867 D BoundBrokerSvc: onUnbind: Intent { act=com.google.android.mdd.service.START dat=chimera-action: cmp=com.google.android.gms/.chimera.GmsBoundBrokerService }
09-07 03:39:04.902  1792  2272 E GnssHAL_GnssInterface: gnssSvStatusCb: a: input svInfo.flags is 8
09-07 03:39:04.902  1792  2272 E GnssHAL_GnssInterface: gnssSvStatusCb: b: input svInfo.flags is 8
09-07 03:39:04.979 11442 11488 V FA      : Inactivity, disconnecting from the service
09-07 03:39:04.991 11442 11442 I ViewInteraction: Performing 'wait for a specific view with <view.getId() is <2131231204/ru.iteco.fmhandroid:id/news_item_category_text_auto_complete_text_view>> during 10000 millis.' action on view view.getRootView() to equal view
09-07 03:39:04.995 11442 11442 I ViewInteraction: Performing 'single click' action on view view.getId() is <2131231204/ru.iteco.fmhandroid:id/news_item_category_text_auto_complete_text_view>
09-07 03:39:05.097  1793  2554 D gralloc_ranchu: gralloc_alloc: Creating ashmem region of size 5308416
09-07 03:39:05.109  1793  2554 I chatty  : uid=1000(system) HwBinder:1793_2 identical 1 line
09-07 03:39:05.110  1793  2554 D gralloc_ranchu: gralloc_alloc: Creating ashmem region of size 5308416
09-07 03:39:05.111 11442 11534 D EGL_emulation: eglMakeCurrent: 0xe2257740: ver 2 0 (tinfo 0xe233aea0)
09-07 03:39:05.134 11442 11442 I AssistStructure: Flattened final assist data: 7432 bytes, containing 2 windows, 55 views
09-07 03:39:05.159 11442 11534 D EGL_emulation: eglMakeCurrent: 0xe2257740: ver 2 0 (tinfo 0xe233aea0)
09-07 03:39:05.164 11442 11442 I AssistStructure: Flattened final assist data: 7432 bytes, containing 2 windows, 55 views
09-07 03:39:05.175  8425  8425 W AutofillChimeraService: Pending fill request while another request in the same session was triggered. [CONTEXT service_id=177 ]
09-07 03:39:05.181  7867  7867 D BoundBrokerSvc: onBind: Intent { act=com.google.android.mdd.service.START dat=chimera-action: cmp=com.google.android.gms/.chimera.GmsBoundBrokerService }
09-07 03:39:05.181  7867  7867 D BoundBrokerSvc: Loading bound service for intent: Intent { act=com.google.android.mdd.service.START dat=chimera-action: cmp=com.google.android.gms/.chimera.GmsBoundBrokerService }
09-07 03:39:05.194 11442 11534 D EGL_emulation: eglMakeCurrent: 0xe2257740: ver 2 0 (tinfo 0xe233aea0)
09-07 03:39:05.202  6131  6131 I KeyboardViewUtil: systemKeyboardHeightRatio:1.000000; userKeyboardHeightRatio:1.000000.
09-07 03:39:05.202  6131  6131 I AndroidIME: LatinIme.onActivate() : EditorInfo = Package = ru.iteco.fmhandroid : Type = Text : Learning = Disable : Suggestion = Show : AutoCorrection = Disable : Microphone = Show : NoPersonalizedLearning = Disable
09-07 03:39:05.212  6131  6131 I Conv2QueryExtension: Current locale: en_US, config allows these locales: de,en,es,fr,it,ms,pt,ta
09-07 03:39:05.212  6131  6131 I Conv2QueryExtension: Conv2Query not enabled due to current app [ru.iteco.fmhandroid] not in whitelist
09-07 03:39:05.212  6131  6131 I Conv2QueryExtension: onActivate() : Disabled by unsupported host app
09-07 03:39:05.221  1793  2554 D gralloc_ranchu: gralloc_alloc: Creating ashmem region of size 9113600
09-07 03:39:05.229  1793  2554 D gralloc_ranchu: gralloc_alloc: Creating ashmem region of size 9113600
09-07 03:39:05.230  6131  6653 D EGL_emulation: eglMakeCurrent: 0xe224f240: ver 2 0 (tinfo 0xe227da70)
09-07 03:39:05.246  2182  2468 D EGL_emulation: eglMakeCurrent: 0xda21a360: ver 2 0 (tinfo 0xda20f590)
09-07 03:39:05.248  1793  2554 D gralloc_ranchu: gralloc_alloc: Creating ashmem region of size 9113600
09-07 03:39:05.249  2182  2182 W View    : requestLayout() improperly called by com.android.keyguard.AlphaOptimizedLinearLayout{551c6d8 V.E...... ......ID 7,0-48,61 #7f0a041c app:id/wifi_group} during second layout pass: posting in next frame
09-07 03:39:05.259  2182  2182 W View    : requestLayout() improperly called by StatusBarIconView(slot=mobile icon=null notification=null) during layout: running second layout pass
09-07 03:39:05.265  2182  2468 D EGL_emulation: eglMakeCurrent: 0xda21a360: ver 2 0 (tinfo 0xda20f590)
09-07 03:39:05.269 11442 11534 D EGL_emulation: eglMakeCurrent: 0xe2257740: ver 2 0 (tinfo 0xe233aea0)
09-07 03:39:05.294  1793  2554 D gralloc_ranchu: gralloc_alloc: Creating ashmem region of size 3530752
09-07 03:39:05.301 11442 11534 D EGL_emulation: eglMakeCurrent: 0xe2257740: ver 2 0 (tinfo 0xe233aea0)
09-07 03:39:05.309  1793  2554 D gralloc_ranchu: gralloc_alloc: Creating ashmem region of size 3530752
09-07 03:39:05.311 11442 11534 D EGL_emulation: eglMakeCurrent: 0xe2257740: ver 2 0 (tinfo 0xe233aea0)
09-07 03:39:05.326 11442 11534 D EGL_emulation: eglMakeCurrent: 0xe2257740: ver 2 0 (tinfo 0xe233aea0)
09-07 03:39:05.334  1793  2554 D gralloc_ranchu: gralloc_alloc: Creating ashmem region of size 3530752
09-07 03:39:05.418 11442 11442 I ViewInteraction: Performing 'close keyboard' action on view view.getRootView() to equal view
09-07 03:39:05.420  6131  6131 I PhenotypeExpConfig: refreshConfiguration() : Force = false : UpdateAvailable = false : Age = 30 minutes : MaxAge = 720 minutes
09-07 03:39:05.422  6131  6131 I AndroidIME: LatinIme.onDeactivate()
09-07 03:39:05.436  6131  6653 D EGL_emulation: eglMakeCurrent: 0xe224f240: ver 2 0 (tinfo 0xe227da70)
09-07 03:39:05.436  2182  2468 D EGL_emulation: eglMakeCurrent: 0xda21a360: ver 2 0 (tinfo 0xda20f590)
09-07 03:39:05.437  2182  2182 W View    : requestLayout() improperly called by com.android.keyguard.AlphaOptimizedLinearLayout{551c6d8 V.E...... ......ID 7,0-48,61 #7f0a041c app:id/wifi_group} during second layout pass: posting in next frame
09-07 03:39:05.452  2182  2182 W View    : requestLayout() improperly called by StatusBarIconView(slot=mobile icon=null notification=null) during layout: running second layout pass
09-07 03:39:05.457  2182  2468 D EGL_emulation: eglMakeCurrent: 0xda21a360: ver 2 0 (tinfo 0xda20f590)
09-07 03:39:05.471 11442 11534 D EGL_emulation: eglMakeCurrent: 0xe2257740: ver 2 0 (tinfo 0xe233aea0)
09-07 03:39:05.496  1793  2554 D gralloc_ranchu: gralloc_alloc: Creating ashmem region of size 5308416
09-07 03:39:05.504 11442 11534 D EGL_emulation: eglMakeCurrent: 0xe2257740: ver 2 0 (tinfo 0xe233aea0)
09-07 03:39:05.519  1793  2554 D gralloc_ranchu: gralloc_alloc: Creating ashmem region of size 5308416
09-07 03:39:05.529 11442 11534 D EGL_emulation: eglMakeCurrent: 0xe2257740: ver 2 0 (tinfo 0xe233aea0)
09-07 03:39:05.546 11442 11534 D EGL_emulation: eglMakeCurrent: 0xe2257740: ver 2 0 (tinfo 0xe233aea0)
09-07 03:39:05.554  1793  2554 D gralloc_ranchu: gralloc_alloc: Creating ashmem region of size 5308416
09-07 03:39:05.564 11442 11534 D EGL_emulation: eglMakeCurrent: 0xe2257740: ver 2 0 (tinfo 0xe233aea0)
09-07 03:39:05.732 11442 11442 I ViewInteraction: Checking 'MatchesViewAssertion{viewMatcher=(view has effective visibility <VISIBLE> and view.getGlobalVisibleRect() to return non-empty rectangle)}' assertion on view an instance of android.widget.TextView and view.getText() with or without transformation to match: is ""
09-07 03:39:05.734 11442 11442 I ViewInteraction: Performing 'single click' action on view an instance of android.widget.TextView and view.getText() with or without transformation to match: is ""
09-07 03:39:05.789 11442 11534 D EGL_emulation: eglMakeCurrent: 0xe2257740: ver 2 0 (tinfo 0xe233aea0)
09-07 03:39:05.862 11442 11534 I chatty  : uid=10136(ru.iteco.fmhandroid) RenderThread identical 1 line
09-07 03:39:05.871 11442 11534 D EGL_emulation: eglMakeCurrent: 0xe2257740: ver 2 0 (tinfo 0xe233aea0)
09-07 03:39:05.876  2037  5216 E InputDispatcher: Window handle Window{e47abc0 u0 PopupWindow:5c3ad9d} has no registered input channel
09-07 03:39:05.901  1792  2272 E GnssHAL_GnssInterface: gnssSvStatusCb: a: input svInfo.flags is 8
09-07 03:39:05.901  1792  2272 E GnssHAL_GnssInterface: gnssSvStatusCb: b: input svInfo.flags is 8
09-07 03:39:06.025 11442 11442 I ViewInteraction: Performing 'wait for a specific view with <view.getId() is <2131231227/ru.iteco.fmhandroid:id/news_item_title_text_input_edit_text>> during 10000 millis.' action on view view.getRootView() to equal view
09-07 03:39:06.029 11442 11442 I ViewInteraction: Performing 'replace text( f9eaf771-b5b3-4458-bf16-6541f4f2a31e)' action on view view.getId() is <2131231227/ru.iteco.fmhandroid:id/news_item_title_text_input_edit_text>
09-07 03:39:06.057 11442 11442 I ViewInteraction: Performing 'wait for a specific view with <view.getId() is <2131231222/ru.iteco.fmhandroid:id/news_item_publish_date_text_input_edit_text>> during 10000 millis.' action on view view.getRootView() to equal view
09-07 03:39:06.061 11442 11442 I ViewInteraction: Performing 'single click' action on view view.getId() is <2131231222/ru.iteco.fmhandroid:id/news_item_publish_date_text_input_edit_text>
09-07 03:39:06.171  1793  2554 D gralloc_ranchu: gralloc_alloc: Creating ashmem region of size 6778880
09-07 03:39:06.178  1793  2554 I chatty  : uid=1000(system) HwBinder:1793_2 identical 1 line
09-07 03:39:06.179  1793  2554 D gralloc_ranchu: gralloc_alloc: Creating ashmem region of size 6778880
09-07 03:39:06.190 11442 11534 D EGL_emulation: eglMakeCurrent: 0xe2257740: ver 2 0 (tinfo 0xe233aea0)
09-07 03:39:06.480 11442 11534 I chatty  : uid=10136(ru.iteco.fmhandroid) RenderThread identical 14 lines
09-07 03:39:06.486 11442 11534 D EGL_emulation: eglMakeCurrent: 0xe2257740: ver 2 0 (tinfo 0xe233aea0)
09-07 03:39:06.865 11442 11442 I ViewInteraction: Performing 'wait for a specific view with <is assignable from class <class android.widget.DatePicker>> during 10000 millis.' action on view view.getRootView() to equal view
09-07 03:39:06.868 11442 11442 I ViewInteraction: Checking 'MatchesViewAssertion{viewMatcher=(view has effective visibility <VISIBLE> and view.getGlobalVisibleRect() to return non-empty rectangle)}' assertion on view is assignable from class <class android.widget.DatePicker>
09-07 03:39:06.870 11442 11442 I ViewInteraction: Performing 'wait for a specific view with <is assignable from class <class android.widget.DatePicker>> during 10000 millis.' action on view view.getRootView() to equal view
09-07 03:39:06.874 11442 11442 I ViewInteraction: Performing 'set date' action on view is assignable from class <class android.widget.DatePicker>
09-07 03:39:06.883 11442 11534 D EGL_emulation: eglMakeCurrent: 0xe2257740: ver 2 0 (tinfo 0xe233aea0)
09-07 03:39:06.901  1792  2272 E GnssHAL_GnssInterface: gnssSvStatusCb: a: input svInfo.flags is 8
09-07 03:39:06.901  1792  2272 E GnssHAL_GnssInterface: gnssSvStatusCb: b: input svInfo.flags is 8
09-07 03:39:06.904 11442 11442 I ViewInteraction: Performing 'wait for a specific view with <view.getId() is <16908313/android:id/button1>> during 10000 millis.' action on view view.getRootView() to equal view
09-07 03:39:06.907 11442 11442 I ViewInteraction: Performing 'single click' action on view view.getId() is <16908313/android:id/button1>
09-07 03:39:06.986 11442 11534 D EGL_emulation: eglMakeCurrent: 0xe2257740: ver 2 0 (tinfo 0xe233aea0)
09-07 03:39:06.998 11442 11534 D EGL_emulation: eglMakeCurrent: 0xe2257740: ver 2 0 (tinfo 0xe233aea0)
09-07 03:39:07.007  2037  4199 E InputDispatcher: Window handle Window{861d149 u0 ru.iteco.fmhandroid/ru.iteco.fmhandroid.ui.AppActivity} has no registered input channel
09-07 03:39:07.239 11442 11442 I ViewInteraction: Performing 'wait for a specific view with <view.getId() is <2131231223/ru.iteco.fmhandroid:id/news_item_publish_time_text_input_edit_text>> during 10000 millis.' action on view view.getRootView() to equal view
09-07 03:39:07.243 11442 11442 I ViewInteraction: Performing 'single click' action on view view.getId() is <2131231223/ru.iteco.fmhandroid:id/news_item_publish_time_text_input_edit_text>
09-07 03:39:07.354  1793  2554 D gralloc_ranchu: gralloc_alloc: Creating ashmem region of size 5718016
09-07 03:39:07.362  1793  2554 I chatty  : uid=1000(system) HwBinder:1793_2 identical 1 line
09-07 03:39:07.365  1793  2554 D gralloc_ranchu: gralloc_alloc: Creating ashmem region of size 5718016
09-07 03:39:07.372 11442 11534 D EGL_emulation: eglMakeCurrent: 0xe2257740: ver 2 0 (tinfo 0xe233aea0)
09-07 03:39:07.396 11442 11534 D EGL_emulation: eglMakeCurrent: 0xe2257740: ver 2 0 (tinfo 0xe233aea0)
09-07 03:39:07.647 11442 11442 I ViewInteraction: Performing 'wait for a specific view with <is assignable from class <class android.widget.TimePicker>> during 10000 millis.' action on view view.getRootView() to equal view
09-07 03:39:07.650 11442 11442 I ViewInteraction: Checking 'MatchesViewAssertion{viewMatcher=(view has effective visibility <VISIBLE> and view.getGlobalVisibleRect() to return non-empty rectangle)}' assertion on view is assignable from class <class android.widget.TimePicker>
09-07 03:39:07.653 11442 11442 I ViewInteraction: Performing 'wait for a specific view with <is assignable from class <class android.widget.TimePicker>> during 10000 millis.' action on view view.getRootView() to equal view
09-07 03:39:07.655 11442 11442 I ViewInteraction: Performing 'set time' action on view is assignable from class <class android.widget.TimePicker>
09-07 03:39:07.661 11442 11534 D EGL_emulation: eglMakeCurrent: 0xe2257740: ver 2 0 (tinfo 0xe233aea0)
09-07 03:39:07.664 11442 11442 I ViewInteraction: Performing 'wait for a specific view with <view.getId() is <16908313/android:id/button1>> during 10000 millis.' action on view view.getRootView() to equal view
09-07 03:39:07.667 11442 11442 I ViewInteraction: Performing 'single click' action on view view.getId() is <16908313/android:id/button1>
09-07 03:39:07.740 11442 11534 D EGL_emulation: eglMakeCurrent: 0xe2257740: ver 2 0 (tinfo 0xe233aea0)
09-07 03:39:07.748  2037  4199 E InputDispatcher: Window handle Window{7aa22fe u0 ru.iteco.fmhandroid/ru.iteco.fmhandroid.ui.AppActivity} has no registered input channel
09-07 03:39:07.756 11442 11534 D EGL_emulation: eglMakeCurrent: 0xe2257740: ver 2 0 (tinfo 0xe233aea0)
09-07 03:39:07.901  1792  2272 E GnssHAL_GnssInterface: gnssSvStatusCb: a: input svInfo.flags is 8
09-07 03:39:07.901  1792  2272 E GnssHAL_GnssInterface: gnssSvStatusCb: b: input svInfo.flags is 8
09-07 03:39:08.013 11442 11442 I ViewInteraction: Performing 'wait for a specific view with <view.getId() is <2131231211/ru.iteco.fmhandroid:id/news_item_description_text_input_edit_text>> during 10000 millis.' action on view view.getRootView() to equal view
09-07 03:39:08.015 11442 11442 I ViewInteraction: Performing 'replace text( bae1676a-671c-446f-b0fe-ea2c7d30e0ed)' action on view view.getId() is <2131231211/ru.iteco.fmhandroid:id/news_item_description_text_input_edit_text>
09-07 03:39:08.053 11442 11442 I ViewInteraction: Performing 'wait for a specific view with <view.getId() is <2131231291/ru.iteco.fmhandroid:id/save_button>> during 10000 millis.' action on view view.getRootView() to equal view
09-07 03:39:08.056 11442 11442 I ViewInteraction: Performing 'single click' action on view view.getId() is <2131231291/ru.iteco.fmhandroid:id/save_button>
09-07 03:39:08.124 11442 11571 I okhttp.OkHttpClient: --> POST http://www.981757-ca08998.tmweb.ru:8080/fmh/news
09-07 03:39:08.124 11442 11571 I okhttp.OkHttpClient: Content-Type: application/json; charset=UTF-8
09-07 03:39:08.124 11442 11571 I okhttp.OkHttpClient: Content-Length: 294
09-07 03:39:08.125 11442 11571 I okhttp.OkHttpClient: {"createDate":1694047148,"creatorId":1,"creatorName":"Ivanov Ivan Ivanovich","description":" bae1676a-671c-446f-b0fe-ea2c7d30e0ed","isOpen":false,"newsCategoryId":1,"publishDate":1694057880,"publishEnabled":true,"title":" f9eaf771-b5b3-4458-bf16-6541f4f2a31e"}
09-07 03:39:08.125 11442 11571 I okhttp.OkHttpClient: --> END POST (294-byte body)
09-07 03:39:08.129  1774 11662 E ResolverController: No valid NAT64 prefix (101, <unspecified>/0)
09-07 03:39:08.350 11442 11442 I ViewInteraction: Performing 'wait for a specific view with <view.getId() is <2131231230/ru.iteco.fmhandroid:id/news_list_recycler_view>> during 10000 millis.' action on view view.getRootView() to equal view
09-07 03:39:08.487 11442 11571 I okhttp.OkHttpClient: <-- 200 http://www.981757-ca08998.tmweb.ru:8080/fmh/news (361ms)
09-07 03:39:08.487 11442 11571 I okhttp.OkHttpClient: Vary: Origin
09-07 03:39:08.487 11442 11571 I okhttp.OkHttpClient: Vary: Access-Control-Request-Method
09-07 03:39:08.487 11442 11571 I okhttp.OkHttpClient: Vary: Access-Control-Request-Headers
09-07 03:39:08.488 11442 11571 I okhttp.OkHttpClient: X-Content-Type-Options: nosniff
09-07 03:39:08.488 11442 11571 I okhttp.OkHttpClient: X-XSS-Protection: 1; mode=block
09-07 03:39:08.488 11442 11571 I okhttp.OkHttpClient: Cache-Control: no-cache, no-store, max-age=0, must-revalidate
09-07 03:39:08.488 11442 11571 I okhttp.OkHttpClient: Pragma: no-cache
09-07 03:39:08.488 11442 11571 I okhttp.OkHttpClient: Expires: 0
09-07 03:39:08.488 11442 11571 I okhttp.OkHttpClient: X-Frame-Options: DENY
09-07 03:39:08.488 11442 11571 I okhttp.OkHttpClient: Content-Type: application/json
09-07 03:39:08.488 11442 11571 I okhttp.OkHttpClient: Transfer-Encoding: chunked
09-07 03:39:08.489 11442 11571 I okhttp.OkHttpClient: Date: Thu, 07 Sep 2023 03:39:09 GMT
09-07 03:39:08.489 11442 11571 I okhttp.OkHttpClient: Keep-Alive: timeout=60
09-07 03:39:08.489 11442 11571 I okhttp.OkHttpClient: Connection: keep-alive
09-07 03:39:08.490 11442 11571 I okhttp.OkHttpClient: {"id":6392,"newsCategoryId":1,"title":" f9eaf771-b5b3-4458-bf16-6541f4f2a31e","description":" bae1676a-671c-446f-b0fe-ea2c7d30e0ed","creatorId":1,"createDate":1694047148,"publishDate":1694057880,"publishEnabled":true,"creatorName":"Ivanov Ivan Ivanovich"}
09-07 03:39:08.490 11442 11571 I okhttp.OkHttpClient: <-- END HTTP (289-byte body)
09-07 03:39:08.639 11442 11442 I ViewInteraction: Performing 'scroll RecyclerView to: holder with view: ((view is an instance of android.view.ViewGroup and has descendant matching an instance of android.widget.TextView and view.getText() with or without transformation to match: is " f9eaf771-b5b3-4458-bf16-6541f4f2a31e"))' action on view view.getId() is <2131231230/ru.iteco.fmhandroid:id/news_list_recycler_view>
09-07 03:39:08.900  1792  2272 E GnssHAL_GnssInterface: gnssSvStatusCb: a: input svInfo.flags is 8
09-07 03:39:08.901  1792  2272 E GnssHAL_GnssInterface: gnssSvStatusCb: b: input svInfo.flags is 8
09-07 03:39:09.081 11442 11442 I ViewInteraction: Checking 'MatchesViewAssertion{viewMatcher=(view has effective visibility <VISIBLE> and view.getGlobalVisibleRect() to return non-empty rectangle)}' assertion on view view.getId() is <2131231230/ru.iteco.fmhandroid:id/news_list_recycler_view>
09-07 03:39:09.088 11442 11442 I ViewInteraction: Performing 'single click' action on view (view.getId() is <2131231024/ru.iteco.fmhandroid:id/edit_news_item_image_view> and view.getParent() view.getParent() (view.getId() is <2131231215/ru.iteco.fmhandroid:id/news_item_material_card_view> and (view is an instance of android.view.ViewGroup and has child matching: (view is an instance of android.view.ViewGroup and has child matching: an instance of android.widget.TextView and view.getText() with or without transformation to match: is " f9eaf771-b5b3-4458-bf16-6541f4f2a31e"))))
09-07 03:39:09.484 11442 11442 I ViewInteraction: Performing 'wait for a specific view with <view.getId() is <2131231204/ru.iteco.fmhandroid:id/news_item_category_text_auto_complete_text_view>> during 10000 millis.' action on view view.getRootView() to equal view
09-07 03:39:09.488 11442 11442 I ViewInteraction: Checking 'MatchesViewAssertion{viewMatcher=an instance of android.widget.TextView and view.getText() with or without transformation to match: is ""}' assertion on view view.getId() is <2131231204/ru.iteco.fmhandroid:id/news_item_category_text_auto_complete_text_view>
09-07 03:39:09.491 11442 11442 I ViewInteraction: Performing 'wait for a specific view with <view.getId() is <2131231227/ru.iteco.fmhandroid:id/news_item_title_text_input_edit_text>> during 10000 millis.' action on view view.getRootView() to equal view
09-07 03:39:09.494 11442 11442 I ViewInteraction: Checking 'MatchesViewAssertion{viewMatcher=an instance of android.widget.TextView and view.getText() with or without transformation to match: is " f9eaf771-b5b3-4458-bf16-6541f4f2a31e"}' assertion on view view.getId() is <2131231227/ru.iteco.fmhandroid:id/news_item_title_text_input_edit_text>
09-07 03:39:09.496 11442 11442 I ViewInteraction: Performing 'wait for a specific view with <view.getId() is <2131231211/ru.iteco.fmhandroid:id/news_item_description_text_input_edit_text>> during 10000 millis.' action on view view.getRootView() to equal view
09-07 03:39:09.500 11442 11442 I ViewInteraction: Checking 'MatchesViewAssertion{viewMatcher=an instance of android.widget.TextView and view.getText() with or without transformation to match: is " bae1676a-671c-446f-b0fe-ea2c7d30e0ed"}' assertion on view view.getId() is <2131231211/ru.iteco.fmhandroid:id/news_item_description_text_input_edit_text>
09-07 03:39:09.502 11442 11442 I ViewInteraction: Performing 'wait for a specific view with <view.getId() is <2131231291/ru.iteco.fmhandroid:id/save_button>> during 10000 millis.' action on view view.getRootView() to equal view
09-07 03:39:09.505 11442 11442 I ViewInteraction: Checking 'MatchesViewAssertion{viewMatcher=(view has effective visibility <VISIBLE> and view.getGlobalVisibleRect() to return non-empty rectangle)}' assertion on view view.getId() is <2131231291/ru.iteco.fmhandroid:id/save_button>
09-07 03:39:09.508 11442 11442 I ViewInteraction: Performing 'wait for a specific view with <view.getId() is <2131230890>> during 10000 millis.' action on view view.getRootView() to equal view
09-07 03:39:09.510 11442 11442 I ViewInteraction: Checking 'MatchesViewAssertion{viewMatcher=(view has effective visibility <VISIBLE> and view.getGlobalVisibleRect() to return non-empty rectangle)}' assertion on view view.getId() is <2131230890/ru.iteco.fmhandroid:id/cancel_button>
09-07 03:39:09.513 11442 11442 I ViewInteraction: Performing 'wait for a specific view with <view.getId() is <2131231361>> during 10000 millis.' action on view view.getRootView() to equal view
09-07 03:39:09.515 11442 11442 I ViewInteraction: Checking 'MatchesViewAssertion{viewMatcher=(view has effective visibility <VISIBLE> and view.getGlobalVisibleRect() to return non-empty rectangle)}' assertion on view view.getId() is <2131231361/ru.iteco.fmhandroid:id/switcher>
09-07 03:39:09.516 11442 11442 I ViewInteraction: Performing 'wait for a specific view with <view.getId() is <2131231227/ru.iteco.fmhandroid:id/news_item_title_text_input_edit_text>> during 10000 millis.' action on view view.getRootView() to equal view
09-07 03:39:09.518 11442 11442 I ViewInteraction: Performing 'replace text( f9eaf771-b5b3-4458-bf16-6541f4f2a31e )' action on view view.getId() is <2131231227/ru.iteco.fmhandroid:id/news_item_title_text_input_edit_text>
09-07 03:39:09.536 11442 11442 I ViewInteraction: Performing 'wait for a specific view with <view.getId() is <2131231291/ru.iteco.fmhandroid:id/save_button>> during 10000 millis.' action on view view.getRootView() to equal view
09-07 03:39:09.548 11442 11442 I ViewInteraction: Performing 'single click' action on view view.getId() is <2131231291/ru.iteco.fmhandroid:id/save_button>
09-07 03:39:09.612 11442 11571 I okhttp.OkHttpClient: --> PUT http://www.981757-ca08998.tmweb.ru:8080/fmh/news
09-07 03:39:09.612 11442 11571 I okhttp.OkHttpClient: Content-Type: application/json; charset=UTF-8
09-07 03:39:09.612 11442 11571 I okhttp.OkHttpClient: Content-Length: 321
09-07 03:39:09.612 11442 11571 I okhttp.OkHttpClient: {"createDate":1694047148,"creatorId":1,"creatorName":"Ivanov Ivan Ivanovich","description":" bae1676a-671c-446f-b0fe-ea2c7d30e0ed","id":6392,"isOpen":false,"newsCategoryId":1,"publishDate":1694057880,"publishEnabled":true,"title":" f9eaf771-b5b3-4458-bf16-6541f4f2a31e "}
09-07 03:39:09.613 11442 11571 I okhttp.OkHttpClient: --> END PUT (321-byte body)
09-07 03:39:09.768 11442 11571 I okhttp.OkHttpClient: <-- 200 http://www.981757-ca08998.tmweb.ru:8080/fmh/news (154ms)
09-07 03:39:09.768 11442 11571 I okhttp.OkHttpClient: Vary: Origin
09-07 03:39:09.768 11442 11571 I okhttp.OkHttpClient: Vary: Access-Control-Request-Method
09-07 03:39:09.768 11442 11571 I okhttp.OkHttpClient: Vary: Access-Control-Request-Headers
09-07 03:39:09.768 11442 11571 I okhttp.OkHttpClient: X-Content-Type-Options: nosniff
09-07 03:39:09.768 11442 11571 I okhttp.OkHttpClient: X-XSS-Protection: 1; mode=block
09-07 03:39:09.768 11442 11571 I okhttp.OkHttpClient: Cache-Control: no-cache, no-store, max-age=0, must-revalidate
09-07 03:39:09.768 11442 11571 I okhttp.OkHttpClient: Pragma: no-cache
09-07 03:39:09.768 11442 11571 I okhttp.OkHttpClient: Expires: 0
09-07 03:39:09.768 11442 11571 I okhttp.OkHttpClient: X-Frame-Options: DENY
09-07 03:39:09.768 11442 11571 I okhttp.OkHttpClient: Content-Type: application/json
09-07 03:39:09.769 11442 11571 I okhttp.OkHttpClient: Transfer-Encoding: chunked
09-07 03:39:09.769 11442 11571 I okhttp.OkHttpClient: Date: Thu, 07 Sep 2023 03:39:10 GMT
09-07 03:39:09.769 11442 11571 I okhttp.OkHttpClient: Keep-Alive: timeout=60
09-07 03:39:09.769 11442 11571 I okhttp.OkHttpClient: Connection: keep-alive
09-07 03:39:09.769 11442 11571 I okhttp.OkHttpClient: {"id":6392,"newsCategoryId":1,"title":" f9eaf771-b5b3-4458-bf16-6541f4f2a31e ","description":" bae1676a-671c-446f-b0fe-ea2c7d30e0ed","creatorId":1,"createDate":1694047148,"publishDate":1694057880,"publishEnabled":true,"creatorName":"Ivanov Ivan Ivanovich"}
09-07 03:39:09.770 11442 11571 I okhttp.OkHttpClient: <-- END HTTP (306-byte body)
09-07 03:39:09.848 11442 11442 I ViewInteraction: Performing 'wait for a specific view with <view.getId() is <2131231230/ru.iteco.fmhandroid:id/news_list_recycler_view>> during 10000 millis.' action on view view.getRootView() to equal view
09-07 03:39:09.856 11442 11442 I ViewInteraction: Performing 'scroll RecyclerView to: holder with view: ((view is an instance of android.view.ViewGroup and has descendant matching an instance of android.widget.TextView and view.getText() with or without transformation to match: is " f9eaf771-b5b3-4458-bf16-6541f4f2a31e "))' action on view view.getId() is <2131231230/ru.iteco.fmhandroid:id/news_list_recycler_view>
09-07 03:39:09.858 11442 11442 D takeScreenshot: Found 1 global views to redraw
09-07 03:39:09.900  1792  2272 E GnssHAL_GnssInterface: gnssSvStatusCb: a: input svInfo.flags is 8
09-07 03:39:09.900  1792  2272 E GnssHAL_GnssInterface: gnssSvStatusCb: b: input svInfo.flags is 8
09-07 03:39:09.948  1793  2554 D gralloc_ranchu: gralloc_alloc: Creating ashmem region of size 9850880
09-07 03:39:09.997 11442 11486 W DefaultFailureHandler: Failed to take screenshot
09-07 03:39:09.997 11442 11486 W DefaultFailureHandler: java.io.FileNotFoundException: view-op-error-3.png: open failed: EROFS (Read-only file system)
09-07 03:39:09.997 11442 11486 W DefaultFailureHandler: 	at libcore.io.IoBridge.open(IoBridge.java:496)
09-07 03:39:09.997 11442 11486 W DefaultFailureHandler: 	at java.io.FileOutputStream.<init>(FileOutputStream.java:235)
09-07 03:39:09.997 11442 11486 W DefaultFailureHandler: 	at java.io.FileOutputStream.<init>(FileOutputStream.java:125)
09-07 03:39:09.997 11442 11486 W DefaultFailureHandler: 	at androidx.test.platform.io.FileTestStorage.openOutputFile(FileTestStorage.java:60)
09-07 03:39:09.997 11442 11486 W DefaultFailureHandler: 	at androidx.test.core.graphics.BitmapStorage.writeToTestStorage(BitmapStorageExt.kt:49)
09-07 03:39:09.997 11442 11486 W DefaultFailureHandler: 	at androidx.test.espresso.base.DefaultFailureHandler.takeScreenshot(DefaultFailureHandler.java:4)
09-07 03:39:09.997 11442 11486 W DefaultFailureHandler: 	at androidx.test.espresso.base.DefaultFailureHandler.handle(DefaultFailureHandler.java:3)
09-07 03:39:09.997 11442 11486 W DefaultFailureHandler: 	at androidx.test.espresso.ViewInteraction.waitForAndHandleInteractionResults(ViewInteraction.java:8)
09-07 03:39:09.997 11442 11486 W DefaultFailureHandler: 	at androidx.test.espresso.ViewInteraction.desugaredPerform(ViewInteraction.java:11)
09-07 03:39:09.997 11442 11486 W DefaultFailureHandler: 	at androidx.test.espresso.ViewInteraction.perform(ViewInteraction.java:8)
09-07 03:39:09.997 11442 11486 W DefaultFailureHandler: 	at ru.iteco.fmhandroid.ui.steps.ControlPanelSteps.scrollToElementInRecyclerList(ControlPanelSteps.java:204)
09-07 03:39:09.997 11442 11486 W DefaultFailureHandler: 	at ru.iteco.fmhandroid.ui.ControlPanelTest.shouldChangeNewsTitle(ControlPanelTest.java:243)
09-07 03:39:09.997 11442 11486 W DefaultFailureHandler: 	at java.lang.reflect.Method.invoke(Native Method)
09-07 03:39:09.997 11442 11486 W DefaultFailureHandler: 	at org.junit.runners.model.FrameworkMethod$1.runReflectiveCall(FrameworkMethod.java:59)
09-07 03:39:09.997 11442 11486 W DefaultFailureHandler: 	at org.junit.internal.runners.model.ReflectiveCallable.run(ReflectiveCallable.java:12)
09-07 03:39:09.997 11442 11486 W DefaultFailureHandler: 	at org.junit.runners.model.FrameworkMethod.invokeExplosively(FrameworkMethod.java:56)
09-07 03:39:09.997 11442 11486 W DefaultFailureHandler: 	at org.junit.internal.runners.statements.InvokeMethod.evaluate(InvokeMethod.java:17)
09-07 03:39:09.997 11442 11486 W DefaultFailureHandler: 	at androidx.test.internal.runner.junit4.statement.RunBefores.evaluate(RunBefores.java:80)
09-07 03:39:09.997 11442 11486 W DefaultFailureHandler: 	at io.qameta.allure.android.rules.ScreenshotRule$apply$1.evaluate(ScreenshotRule.kt:22)
09-07 03:39:09.997 11442 11486 W DefaultFailureHandler: 	at org.junit.rules.ExternalResource$1.evaluate(ExternalResource.java:54)
09-07 03:39:09.997 11442 11486 W DefaultFailureHandler: 	at io.qameta.allure.android.rules.LogcatRule$apply$1.evaluate(LogcatRule.kt:23)
09-07 03:39:09.997 11442 11486 W DefaultFailureHandler: 	at org.junit.rules.RunRules.evaluate(RunRules.java:20)
09-07 03:39:09.997 11442 11486 W DefaultFailureHandler: 	at org.junit.runners.ParentRunner$3.evaluate(ParentRunner.java:306)
09-07 03:39:09.997 11442 11486 W DefaultFailureHandler: 	at org.junit.runners.BlockJUnit4ClassRunner$1.evaluate(BlockJUnit4ClassRunner.java:100)
09-07 03:39:09.997 11442 11486 W DefaultFailureHandler: 	at org.junit.runners.ParentRunner.runLeaf(ParentRunner.java:366)
09-07 03:39:09.997 11442 11486 W DefaultFailureHandler: 	at org.junit.runners.BlockJUnit4ClassRunner.runChild(BlockJUnit4ClassRunner.java:103)
09-07 03:39:09.997 11442 11486 W DefaultFailureHandler: 	at org.junit.runners.BlockJUnit4ClassRunner.runChild(BlockJUnit4ClassRunner.java:63)
09-07 03:39:09.997 11442 11486 W DefaultFailureHandler: 	at org.junit.runners.ParentRunner$4.run(ParentRunner.java:331)
09-07 03:39:09.997 11442 11486 W DefaultFailureHandler: 	at org.junit.runners.ParentRunner$1.schedule(ParentRunner.java:79)
09-07 03:39:09.997 11442 11486 W DefaultFailureHandler: 	at org.junit.runners.ParentRunner.runChildren(ParentRunner.java:329)
09-07 03:39:09.997 11442 11486 W DefaultFailureHandler: 	at org.junit.runners.ParentRunner.access$100(ParentRunner.java:66)
09-07 03:39:09.997 11442 11486 W DefaultFailureHandler: 	at org.junit.runners.ParentRunner$2.evaluate(ParentRunner.java:293)
09-07 03:39:09.997 11442 11486 W DefaultFailureHandler: 	at org.junit.runners.ParentRunner$3.evaluate(ParentRunner.java:306)
09-07 03:39:09.997 11442 11486 W DefaultFailureHandler: 	at org.junit.runners.ParentRunner.run(ParentRunner.java:413)
09-07 03:39:09.997 11442 11486 W DefaultFailureHandler: 	at androidx.test.ext.junit.runners.AndroidJUnit4.run(AndroidJUnit4.java:162)
09-07 03:39:09.997 11442 11486 W DefaultFailureHandler: 	at io.qameta.allure.android.runners.AllureAndroidJUnit4.run(AllureAndroidJUnitRunners.kt:29)
09-07 03:39:09.997 11442 11486 W DefaultFailureHandler: 	at org.junit.runners.Suite.runChild(Suite.java:128)
09-07 03:39:09.997 11442 11486 W DefaultFailureHandler: 	at org.junit.runners.Suite.runChild(Suite.java:27)
09-07 03:39:09.997 11442 11486 W DefaultFailureHandler: 	at org.junit.runners.ParentRunner$4.run(ParentRunner.java:331)
09-07 03:39:09.997 11442 11486 W DefaultFailureHandler: 	at org.junit.runners.ParentRunner$1.schedule(ParentRunner.java:79)
09-07 03:39:09.997 11442 11486 W DefaultFailureHandler: 	at org.junit.runners.ParentRunner.runChildren(ParentRunner.java:329)
09-07 03:39:09.997 11442 11486 W DefaultFailureHandler: 	at org.junit.runners.ParentRunner.access$100(ParentRunner.java:66)
09-07 03:39:09.997 11442 11486 W DefaultFailureHandler: 	at org.junit.runners.ParentRunner$2.evaluate(ParentRunner.java:293)
09-07 03:39:09.997 11442 11486 W DefaultFailureHandler: 	at org.junit.runners.ParentRunner$3.evaluate(ParentRunner.java:306)
09-07 03:39:09.997 11442 11486 W DefaultFailureHandler: 	at org.junit.runners.ParentRunner.run(ParentRunner.java:413)
09-07 03:39:09.997 11442 11486 W DefaultFailureHandler: 	at org.junit.runner.JUnitCore.run(JUnitCore.java:137)
09-07 03:39:09.997 11442 11486 W DefaultFailureHandler: 	at org.junit.runner.JUnitCore.run(JUnitCore.java:115)
09-07 03:39:09.997 11442 11486 W DefaultFailureHandler: 	at androidx.test.internal.runner.TestExecutor.execute(TestExecutor.java:67)
09-07 03:39:09.997 11442 11486 W DefaultFailureHandler: 	at androidx.test.internal.runner.TestExecutor.execute(TestExecutor.java:58)
09-07 03:39:09.997 11442 11486 W DefaultFailureHandler: 	at androidx.test.runner.AndroidJUnitRunner.onStart(AndroidJUnitRunner.java:438)
09-07 03:39:09.997 11442 11486 W DefaultFailureHandler: 	at android.app.Instrumentation$InstrumentationThread.run(Instrumentation.java:2189)
09-07 03:39:09.997 11442 11486 W DefaultFailureHandler: Caused by: android.system.ErrnoException: open failed: EROFS (Read-only file system)
09-07 03:39:09.997 11442 11486 W DefaultFailureHandler: 	at libcore.io.Linux.open(Native Method)
09-07 03:39:09.997 11442 11486 W DefaultFailureHandler: 	at libcore.io.ForwardingOs.open(ForwardingOs.java:167)
09-07 03:39:09.997 11442 11486 W DefaultFailureHandler: 	at libcore.io.BlockGuardOs.open(BlockGuardOs.java:252)
09-07 03:39:09.997 11442 11486 W DefaultFailureHandler: 	at libcore.io.ForwardingOs.open(ForwardingOs.java:167)
09-07 03:39:09.997 11442 11486 W DefaultFailureHandler: 	at android.app.ActivityThread$AndroidOs.open(ActivityThread.java:7255)
09-07 03:39:09.997 11442 11486 W DefaultFailureHandler: 	at libcore.io.IoBridge.open(IoBridge.java:482)
09-07 03:39:09.997 11442 11486 W DefaultFailureHandler: 	... 50 more
09-07 03:39:09.998  7867  7867 D BoundBrokerSvc: onUnbind: Intent { act=com.google.android.gms.measurement.START pkg=com.google.android.gms }
09-07 03:39:10.003  1793  2554 D gralloc_ranchu: gralloc_alloc: Creating ashmem region of size 9850880
09-07 03:39:10.147  2037  5216 I ActivityTaskManager: START u0 {act=android.intent.action.MAIN cat=[android.intent.category.LAUNCHER] flg=0x10000000 cmp=ru.iteco.fmhandroid.test/androidx.test.core.app.InstrumentationActivityInvoker$EmptyActivity} from uid 10136
09-07 03:39:10.152 11442 11488 V FA      : Recording user engagement, ms: 10321
09-07 03:39:10.154 11442 11442 D LifecycleMonitor: Lifecycle status change: ru.iteco.fmhandroid.ui.AppActivity@f8cd08 in: PAUSED
09-07 03:39:10.155 11442 11442 V ActivityScenario: Update currentActivityStage to PAUSED, currentActivity=ru.iteco.fmhandroid.ui.AppActivity@f8cd08
09-07 03:39:10.155  2037  5216 W InputReader: Device has associated, but no associated display id.
09-07 03:39:10.159  2037  5216 I chatty  : uid=1000(system) Binder:2037_18 identical 48 lines
09-07 03:39:10.159  2037  5216 W InputReader: Device has associated, but no associated display id.
09-07 03:39:10.161 11498 11498 W ActivityThread: handleWindowVisibility: no activity for token android.os.BinderProxy@bdecd37
09-07 03:39:10.191 11442 11488 V FA      : Connecting to remote service
09-07 03:39:10.197  7867  7867 D BoundBrokerSvc: onBind: Intent { act=com.google.android.gms.measurement.START pkg=com.google.android.gms }
09-07 03:39:10.197  7867  7867 D BoundBrokerSvc: Loading bound service for intent: Intent { act=com.google.android.gms.measurement.START pkg=com.google.android.gms }
09-07 03:39:10.198  1793  2554 D gralloc_ranchu: gralloc_alloc: Creating ashmem region of size 9850880
09-07 03:39:10.198 11442 11488 V FA      : Connection attempt already in progress
09-07 03:39:10.199 11442 11488 V FA      : Activity paused, time: 874044
09-07 03:39:10.203  1793  2554 D gralloc_ranchu: gralloc_alloc: Creating ashmem region of size 9850880
09-07 03:39:10.206 11498 11530 D EGL_emulation: eglMakeCurrent: 0xe224fae0: ver 2 0 (tinfo 0xed4894a0)
09-07 03:39:10.221  1793  2554 D gralloc_ranchu: gralloc_alloc: Creating ashmem region of size 9850880
09-07 03:39:10.225 11442 11488 D FA      : Connected to remote service
09-07 03:39:10.226 11442 11488 V FA      : Processing queued up service tasks: 2
09-07 03:39:10.233  2037  6130 W InputReader: Device has associated, but no associated display id.
09-07 03:39:10.235  2037  6130 I chatty  : uid=1000(system) Binder:2037_1A identical 48 lines
09-07 03:39:10.235  2037  6130 W InputReader: Device has associated, but no associated display id.
09-07 03:39:10.243 11498 11498 W ActivityThread: handleWindowVisibility: no activity for token android.os.BinderProxy@b207ce6
09-07 03:39:10.250  7867 10859 V FA-SVC  : Logging event: origin=auto,name=user_engagement(_e),params=Bundle[{ga_event_origin(_o)=auto, engagement_time_msec(_et)=10321, ga_screen_class(_sc)=AppActivity, ga_screen_id(_si)=3589103207949889542}]
09-07 03:39:10.182  2037  5216 I ActivityTaskManager: START u0 {act=android.intent.action.MAIN cat=[android.intent.category.LAUNCHER] flg=0x10000000 cmp=ru.iteco.fmhandroid.test/androidx.test.core.app.InstrumentationActivityInvoker$EmptyActivity} from uid 10136
