09-07 04:25:28.729 23540 23583 W DefaultFailureHandler: 	at androidx.test.espresso.ViewInteraction.waitForAndHandleInteractionResults(ViewInteraction.java:8)
09-07 04:25:28.729 23540 23583 W DefaultFailureHandler: 	at androidx.test.espresso.ViewInteraction.desugaredPerform(ViewInteraction.java:11)
09-07 04:25:28.729 23540 23583 W DefaultFailureHandler: 	at androidx.test.espresso.ViewInteraction.perform(ViewInteraction.java:8)
09-07 04:25:28.729 23540 23583 W DefaultFailureHandler: 	at ru.iteco.fmhandroid.ui.data.TestUtils.waitView(TestUtils.java:61)
09-07 04:25:28.729 23540 23583 W DefaultFailureHandler: 	at ru.iteco.fmhandroid.ui.steps.MainPageSteps.isMainPage(MainPageSteps.java:50)
09-07 04:25:28.729 23540 23583 W DefaultFailureHandler: 	at ru.iteco.fmhandroid.ui.MainPageTest.logoutCheck(MainPageTest.java:49)
09-07 04:25:28.729 23540 23583 W DefaultFailureHandler: 	at java.lang.reflect.Method.invoke(Native Method)
09-07 04:25:28.729 23540 23583 W DefaultFailureHandler: 	at org.junit.runners.model.FrameworkMethod$1.runReflectiveCall(FrameworkMethod.java:59)
09-07 04:25:28.729 23540 23583 W DefaultFailureHandler: 	at org.junit.internal.runners.model.ReflectiveCallable.run(ReflectiveCallable.java:12)
09-07 04:25:28.729 23540 23583 W DefaultFailureHandler: 	at org.junit.runners.model.FrameworkMethod.invokeExplosively(FrameworkMethod.java:56)
09-07 04:25:28.729 23540 23583 W DefaultFailureHandler: 	at androidx.test.internal.runner.junit4.statement.RunBefores.evaluate(RunBefores.java:76)
09-07 04:25:28.729 23540 23583 W DefaultFailureHandler: 	at io.qameta.allure.android.rules.ScreenshotRule$apply$1.evaluate(ScreenshotRule.kt:22)
09-07 04:25:28.729 23540 23583 W DefaultFailureHandler: 	at org.junit.rules.ExternalResource$1.evaluate(ExternalResource.java:54)
09-07 04:25:28.729 23540 23583 W DefaultFailureHandler: 	at io.qameta.allure.android.rules.LogcatRule$apply$1.evaluate(LogcatRule.kt:23)
09-07 04:25:28.729 23540 23583 W DefaultFailureHandler: 	at org.junit.rules.RunRules.evaluate(RunRules.java:20)
09-07 04:25:28.729 23540 23583 W DefaultFailureHandler: 	at org.junit.runners.ParentRunner$3.evaluate(ParentRunner.java:306)
09-07 04:25:28.729 23540 23583 W DefaultFailureHandler: 	at org.junit.runners.BlockJUnit4ClassRunner$1.evaluate(BlockJUnit4ClassRunner.java:100)
09-07 04:25:28.729 23540 23583 W DefaultFailureHandler: 	at org.junit.runners.ParentRunner.runLeaf(ParentRunner.java:366)
09-07 04:25:28.729 23540 23583 W DefaultFailureHandler: 	at org.junit.runners.BlockJUnit4ClassRunner.runChild(BlockJUnit4ClassRunner.java:103)
09-07 04:25:28.729 23540 23583 W DefaultFailureHandler: 	at org.junit.runners.BlockJUnit4ClassRunner.runChild(BlockJUnit4ClassRunner.java:63)
09-07 04:25:28.729 23540 23583 W DefaultFailureHandler: 	at org.junit.runners.ParentRunner$4.run(ParentRunner.java:331)
09-07 04:25:28.729 23540 23583 W DefaultFailureHandler: 	at org.junit.runners.ParentRunner$1.schedule(ParentRunner.java:79)
09-07 04:25:28.729 23540 23583 W DefaultFailureHandler: 	at org.junit.runners.ParentRunner.runChildren(ParentRunner.java:329)
09-07 04:25:28.729 23540 23583 W DefaultFailureHandler: 	at org.junit.runners.ParentRunner.access$100(ParentRunner.java:66)
09-07 04:25:28.729 23540 23583 W DefaultFailureHandler: 	at org.junit.runners.ParentRunner$2.evaluate(ParentRunner.java:293)
09-07 04:25:28.729 23540 23583 W DefaultFailureHandler: 	at org.junit.runners.ParentRunner$3.evaluate(ParentRunner.java:306)
09-07 04:25:28.729 23540 23583 W DefaultFailureHandler: 	at org.junit.runners.ParentRunner.run(ParentRunner.java:413)
09-07 04:25:28.729 23540 23583 W DefaultFailureHandler: 	at androidx.test.ext.junit.runners.AndroidJUnit4.run(AndroidJUnit4.java:162)
09-07 04:25:28.729 23540 23583 W DefaultFailureHandler: 	at io.qameta.allure.android.runners.AllureAndroidJUnit4.run(AllureAndroidJUnitRunners.kt:29)
09-07 04:25:28.729 23540 23583 W DefaultFailureHandler: 	at org.junit.runners.Suite.runChild(Suite.java:128)
09-07 04:25:28.729 23540 23583 W DefaultFailureHandler: 	at org.junit.runners.Suite.runChild(Suite.java:27)
09-07 04:25:28.729 23540 23583 W DefaultFailureHandler: 	at org.junit.runners.ParentRunner$4.run(ParentRunner.java:331)
09-07 04:25:28.729 23540 23583 W DefaultFailureHandler: 	at org.junit.runners.ParentRunner$1.schedule(ParentRunner.java:79)
09-07 04:25:28.729 23540 23583 W DefaultFailureHandler: 	at org.junit.runners.ParentRunner.runChildren(ParentRunner.java:329)
09-07 04:25:28.729 23540 23583 W DefaultFailureHandler: 	at org.junit.runners.ParentRunner.access$100(ParentRunner.java:66)
09-07 04:25:28.729 23540 23583 W DefaultFailureHandler: 	at org.junit.runners.ParentRunner$2.evaluate(ParentRunner.java:293)
09-07 04:25:28.729 23540 23583 W DefaultFailureHandler: 	at org.junit.runners.ParentRunner$3.evaluate(ParentRunner.java:306)
09-07 04:25:28.729 23540 23583 W DefaultFailureHandler: 	at org.junit.runners.ParentRunner.run(ParentRunner.java:413)
09-07 04:25:28.729 23540 23583 W DefaultFailureHandler: 	at org.junit.runner.JUnitCore.run(JUnitCore.java:137)
09-07 04:25:28.729 23540 23583 W DefaultFailureHandler: 	at org.junit.runner.JUnitCore.run(JUnitCore.java:115)
09-07 04:25:28.729 23540 23583 W DefaultFailureHandler: 	at androidx.test.internal.runner.TestExecutor.execute(TestExecutor.java:67)
09-07 04:25:28.729 23540 23583 W DefaultFailureHandler: 	at androidx.test.internal.runner.TestExecutor.execute(TestExecutor.java:58)
09-07 04:25:28.729 23540 23583 W DefaultFailureHandler: 	at androidx.test.runner.AndroidJUnitRunner.onStart(AndroidJUnitRunner.java:438)
09-07 04:25:28.729 23540 23583 W DefaultFailureHandler: 	at android.app.Instrumentation$InstrumentationThread.run(Instrumentation.java:2189)
09-07 04:25:28.729 23540 23583 W DefaultFailureHandler: Caused by: android.system.ErrnoException: open failed: EROFS (Read-only file system)
09-07 04:25:28.729 23540 23583 W DefaultFailureHandler: 	at libcore.io.Linux.open(Native Method)
09-07 04:25:28.729 23540 23583 W DefaultFailureHandler: 	at libcore.io.ForwardingOs.open(ForwardingOs.java:167)
09-07 04:25:28.729 23540 23583 W DefaultFailureHandler: 	at libcore.io.BlockGuardOs.open(BlockGuardOs.java:252)
09-07 04:25:28.729 23540 23583 W DefaultFailureHandler: 	at libcore.io.ForwardingOs.open(ForwardingOs.java:167)
09-07 04:25:28.729 23540 23583 W DefaultFailureHandler: 	at android.app.ActivityThread$AndroidOs.open(ActivityThread.java:7255)
09-07 04:25:28.729 23540 23583 W DefaultFailureHandler: 	at libcore.io.IoBridge.open(IoBridge.java:482)
09-07 04:25:28.729 23540 23583 W DefaultFailureHandler: 	... 50 more
09-07 04:25:28.740  1793  1793 D gralloc_ranchu: gralloc_alloc: Creating ashmem region of size 9850880
09-07 04:25:28.999  2037  5216 I ActivityTaskManager: START u0 {act=android.intent.action.MAIN cat=[android.intent.category.LAUNCHER] flg=0x10000000 cmp=ru.iteco.fmhandroid.test/androidx.test.core.app.InstrumentationActivityInvoker$EmptyActivity} from uid 10136
09-07 04:25:29.006 23540 23540 D LifecycleMonitor: Lifecycle status change: ru.iteco.fmhandroid.ui.AppActivity@1256d5d in: PAUSED
09-07 04:25:29.006 23540 23540 V ActivityScenario: Update currentActivityStage to PAUSED, currentActivity=ru.iteco.fmhandroid.ui.AppActivity@1256d5d
09-07 04:25:29.008  2037  5216 W InputReader: Device has associated, but no associated display id.
09-07 04:25:29.009  2037  5216 I chatty  : uid=1000(system) Binder:2037_18 identical 38 lines
09-07 04:25:29.009  2037  5216 W InputReader: Device has associated, but no associated display id.
09-07 04:25:29.010 23540 23582 V FA      : Recording user engagement, ms: 10554
09-07 04:25:29.010 23597 23597 W ActivityThread: handleWindowVisibility: no activity for token android.os.BinderProxy@fb116a1
09-07 04:25:29.012  2037  5216 W InputReader: Device has associated, but no associated display id.
09-07 04:25:29.044  2037  2428 I ActivityTaskManager: START u0 {act=android.intent.action.MAIN cat=[android.intent.category.LAUNCHER] flg=0x10000000 cmp=ru.iteco.fmhandroid.test/androidx.test.core.app.InstrumentationActivityInvoker$EmptyActivity} from uid 10136
09-07 04:25:29.012  2037  5216 I chatty  : uid=1000(system) Binder:2037_18 identical 8 lines
09-07 04:25:29.012  2037  5216 W InputReader: Device has associated, but no associated display id.
09-07 04:25:29.062 23540 23582 V FA      : Connecting to remote service
09-07 04:25:29.067  1793  1793 D gralloc_ranchu: gralloc_alloc: Creating ashmem region of size 9850880
09-07 04:25:29.083  7867  7867 D BoundBrokerSvc: onBind: Intent { act=com.google.android.gms.measurement.START pkg=com.google.android.gms }
09-07 04:25:29.083  7867  7867 D BoundBrokerSvc: Loading bound service for intent: Intent { act=com.google.android.gms.measurement.START pkg=com.google.android.gms }
09-07 04:25:29.087  1793  1793 D gralloc_ranchu: gralloc_alloc: Creating ashmem region of size 9850880
09-07 04:25:29.090 23540 23582 V FA      : Connection attempt already in progress
09-07 04:25:29.090 23540 23582 V FA      : Activity paused, time: 3652901
09-07 04:25:29.096 23540 23582 D FA      : Connected to remote service
09-07 04:25:29.097 23540 23582 V FA      : Processing queued up service tasks: 2
09-07 04:25:29.100  1793  1793 D gralloc_ranchu: gralloc_alloc: Creating ashmem region of size 9850880
09-07 04:25:29.103 23597 23629 D EGL_emulation: eglMakeCurrent: 0xda21a240: ver 2 0 (tinfo 0xda20f0b0)
09-07 04:25:29.133  2037  2428 W InputReader: Device has associated, but no associated display id.
09-07 04:25:29.137  2037  2428 I chatty  : uid=1000(system) Binder:2037_8 identical 48 lines
09-07 04:25:29.137  2037  2428 W InputReader: Device has associated, but no associated display id.
09-07 04:25:29.146 23597 23597 W ActivityThread: handleWindowVisibility: no activity for token android.os.BinderProxy@7819a38
09-07 04:25:29.153  7867 22594 V FA-SVC  : Logging event: origin=auto,name=user_engagement(_e),params=Bundle[{ga_event_origin(_o)=auto, engagement_time_msec(_et)=10554, ga_screen_class(_sc)=AppActivity, ga_screen_id(_si)=7057929611104525205}]
09-07 04:25:29.161  1792  2272 E GnssHAL_GnssInterface: gnssSvStatusCb: a: input svInfo.flags is 8
09-07 04:25:29.162  1792  2272 E GnssHAL_GnssInterface: gnssSvStatusCb: b: input svInfo.flags is 8
09-07 04:25:29.186  2037  2428 W ActivityTaskManager: Duplicate finish request for ActivityRecord{7c5f2fd u0 ru.iteco.fmhandroid/.ui.AppActivity t778 f}
09-07 04:25:29.208  7867 22594 V FA-SVC  : Upload scheduled in approximately ms: 107902
09-07 04:25:29.208  7867 22594 V FA-SVC  : Unscheduling upload
09-07 04:25:29.212  1793  1793 D gralloc_ranchu: gralloc_alloc: Creating ashmem region of size 9850880
09-07 04:25:29.213  7867 22594 V FA-SVC  : Scheduling upload, millis: 107902
09-07 04:25:29.216  7867 22594 V FA-SVC  : Background event processing time, ms: 81
09-07 04:25:29.231  1793  1793 D gralloc_ranchu: gralloc_alloc: Creating ashmem region of size 9850880
09-07 04:25:29.237  1793 14098 D gralloc_ranchu: gralloc_alloc: Creating ashmem region of size 9850880
09-07 04:25:29.241 23597 23629 D EGL_emulation: eglMakeCurrent: 0xda21a240: ver 2 0 (tinfo 0xda20f0b0)
09-07 04:25:29.259  2037  2061 W InputReader: Device has associated, but no associated display id.
09-07 04:25:29.260  2037  2061 I chatty  : uid=1000(system) android.anim identical 18 lines
09-07 04:25:29.260  2037  2061 W InputReader: Device has associated, but no associated display id.
09-07 04:25:29.263  2037  2065 I ActivityTaskManager: Displayed ru.iteco.fmhandroid.test/androidx.test.core.app.InstrumentationActivityInvoker$EmptyActivity: +125ms
09-07 04:25:29.272 23540 23632 D EGL_emulation: eglMakeCurrent: 0xed47fd00: ver 2 0 (tinfo 0xe22a70d0)
09-07 04:25:29.281  2037  5216 W InputReader: Device has associated, but no associated display id.
09-07 04:25:29.282  2037  5216 I chatty  : uid=1000(system) Binder:2037_18 identical 8 lines
09-07 04:25:29.282  2037  5216 W InputReader: Device has associated, but no associated display id.
09-07 04:25:29.301  2037  6424 W InputReader: Device has associated, but no associated display id.
09-07 04:25:29.302  2037  6424 I chatty  : uid=1000(system) Binder:2037_1B identical 8 lines
09-07 04:25:29.302  2037  6424 W InputReader: Device has associated, but no associated display id.
09-07 04:25:29.303  1823  1823 W SurfaceFlinger: couldn't log to binary event log: overflow.
09-07 04:25:29.313 23540 23540 D LifecycleMonitor: Lifecycle status change: ru.iteco.fmhandroid.ui.AppActivity@1256d5d in: STOPPED
09-07 04:25:29.313 23540 23540 V ActivityScenario: Update currentActivityStage to STOPPED, currentActivity=ru.iteco.fmhandroid.ui.AppActivity@1256d5d
09-07 04:25:29.368  1793  1793 D gralloc_ranchu: gralloc_alloc: Creating ashmem region of size 9850880
09-07 04:25:29.380  2037  2037 W ActivityManager: Unable to start service Intent { act=android.service.appprediction.AppPredictionService cmp=com.google.android.as/com.google.android.apps.miphone.aiai.app.AiAiPredictionService } U=0: not found
09-07 04:25:29.380  2037  2037 W RemoteAppPredictionService: could not bind to Intent { act=android.service.appprediction.AppPredictionService cmp=com.google.android.as/com.google.android.apps.miphone.aiai.app.AiAiPredictionService } using flags 67108865
09-07 04:25:29.404  1793  1793 I chatty  : uid=1000(system) allocator@2.0-s identical 1 line
09-07 04:25:29.413  1793  1793 D gralloc_ranchu: gralloc_alloc: Creating ashmem region of size 9850880
09-07 04:25:29.418  1793 14098 D gralloc_ranchu: gralloc_alloc: Creating ashmem region of size 9850880
09-07 04:25:29.422  2434  2714 D EGL_emulation: eglMakeCurrent: 0xed453b60: ver 2 0 (tinfo 0xe233a960)
09-07 04:25:29.442  2666  3068 D EGL_emulation: eglMakeCurrent: 0xda21b0e0: ver 2 0 (tinfo 0xda20fbb0)
09-07 04:25:29.481 23540 23540 D LifecycleMonitor: Lifecycle status change: ru.iteco.fmhandroid.ui.AppActivity@1256d5d in: DESTROYED
09-07 04:25:29.482 23540 23540 V ActivityScenario: Update currentActivityStage to DESTROYED, currentActivity=null
09-07 04:25:29.485  1793  1793 D gralloc_ranchu: gralloc_alloc: Creating ashmem region of size 9850880
09-07 04:25:29.487  2666  2666 I dnsi    : onStart
09-07 04:25:29.491  2666  2666 I dnsi    : onResume
09-07 04:25:29.500  1793 14098 D gralloc_ranchu: gralloc_alloc: Creating ashmem region of size 9850880
09-07 04:25:29.505  2037  2061 W InputReader: Device has associated, but no associated display id.
