--------- beginning of main
09-07 04:25:15.879  2666  3039 I apeh    : dispose()
09-07 04:25:15.880  2666  3039 W awiv    : (REDACTED) Queue length for executor %s is now %d. Perhaps some tasks are too long, or the pool is too small.
09-07 04:25:16.162  1792  2272 E GnssHAL_GnssInterface: gnssSvStatusCb: a: input svInfo.flags is 8
09-07 04:25:16.162  1792  2272 E GnssHAL_GnssInterface: gnssSvStatusCb: b: input svInfo.flags is 8
09-07 04:25:16.691  7867  7867 D BoundBrokerSvc: onUnbind: Intent { act=com.google.android.gms.measurement.START pkg=com.google.android.gms }
09-07 04:25:16.699  2037  2065 E memtrack: Couldn't load memtrack module
09-07 04:25:16.700  2037  2065 W android.os.Debug: failed to get memory consumption info: -1
09-07 04:25:16.932 23540 23540 D takeScreenshot: Found 1 global views to redraw
09-07 04:25:16.985  1793 14098 D gralloc_ranchu: gralloc_alloc: Creating ashmem region of size 9850880
09-07 04:25:17.000  1678  1678 I hwservicemanager: getTransport: Cannot find entry android.hardware.graphics.mapper@3.0::IMapper/default in either framework or device manifest.
09-07 04:25:17.000 23525 23592 W Gralloc3: mapper 3.x is not supported
09-07 04:25:17.005 23525 23592 D HostConnection: createUnique: call
09-07 04:25:17.005 23525 23592 D HostConnection: HostConnection::get() New Host Connection established 0xf2d55620, tid 23592
09-07 04:25:17.006 23525 23592 D HostConnection: HostComposition ext ANDROID_EMU_CHECKSUM_HELPER_v1 ANDROID_EMU_dma_v1 ANDROID_EMU_direct_mem ANDROID_EMU_vulkan ANDROID_EMU_deferred_vulkan_commands ANDROID_EMU_vulkan_null_optional_strings ANDROID_EMU_vulkan_create_resources_with_requirements ANDROID_EMU_YUV420_888_to_NV21 ANDROID_EMU_YUV_Cache ANDROID_EMU_vulkan_free_memory_sync ANDROID_EMU_vulkan_shader_float16_int8 ANDROID_EMU_vulkan_async_queue_submit ANDROID_EMU_sync_buffer_data GL_OES_vertex_array_object GL_KHR_texture_compression_astc_ldr ANDROID_EMU_host_side_tracing ANDROID_EMU_gles_max_version_2 
09-07 04:25:17.007 23525 23592 D eglCodecCommon: allocate: Ask for block of size 0x1000
09-07 04:25:17.007 23525 23592 D eglCodecCommon: allocate: ioctl allocate returned offset 0x3ffff6000 size 0x2000
09-07 04:25:17.011  1823  2077 E SurfaceFlinger: ro.sf.lcd_density must be defined as a build property
09-07 04:25:17.013  1823  2077 E SurfaceFlinger: ro.sf.lcd_density must be defined as a build property
09-07 04:25:17.015 23525 23667 D libEGL  : Emulator has host GPU support, qemu.gles is set to 1.
09-07 04:25:17.019 23525 23667 W libc    : Unable to set property "qemu.gles" to "1": error code: 0x18
09-07 04:25:17.019 23525 23667 D libEGL  : loaded /vendor/lib/egl/libEGL_emulation.so
09-07 04:25:17.020 23525 23667 D libEGL  : loaded /vendor/lib/egl/libGLESv1_CM_emulation.so
09-07 04:25:17.020 23525 23667 D libEGL  : loaded /vendor/lib/egl/libGLESv2_emulation.so
09-07 04:25:17.026 23525 23667 D HostConnection: HostConnection::get() New Host Connection established 0xddb7c000, tid 23667
09-07 04:25:17.026 23525 23667 D HostConnection: HostComposition ext ANDROID_EMU_CHECKSUM_HELPER_v1 ANDROID_EMU_dma_v1 ANDROID_EMU_direct_mem ANDROID_EMU_vulkan ANDROID_EMU_deferred_vulkan_commands ANDROID_EMU_vulkan_null_optional_strings ANDROID_EMU_vulkan_create_resources_with_requirements ANDROID_EMU_YUV420_888_to_NV21 ANDROID_EMU_YUV_Cache ANDROID_EMU_vulkan_free_memory_sync ANDROID_EMU_vulkan_shader_float16_int8 ANDROID_EMU_vulkan_async_queue_submit ANDROID_EMU_sync_buffer_data GL_OES_vertex_array_object GL_KHR_texture_compression_astc_ldr ANDROID_EMU_host_side_tracing ANDROID_EMU_gles_max_version_2 
09-07 04:25:17.028 23525 23667 W OpenGLRenderer: Failed to choose config with EGL_SWAP_BEHAVIOR_PRESERVED, retrying without...
09-07 04:25:17.039 23525 23667 D eglCodecCommon: setVertexArrayObject: set vao to 0 (0) 0 0
09-07 04:25:17.039 23525 23667 D EGL_emulation: eglCreateContext: 0xddb284e0: maj 2 min 0 rcv 2
09-07 04:25:17.058 23525 23667 D EGL_emulation: eglMakeCurrent: 0xddb284e0: ver 2 0 (tinfo 0xddb0f280)
09-07 04:25:17.069 23525 23667 D eglCodecCommon: setVertexArrayObject: set vao to 0 (0) 1 0
09-07 04:25:17.094 23540 23583 W DefaultFailureHandler: Failed to take screenshot
09-07 04:25:17.094 23540 23583 W DefaultFailureHandler: java.io.FileNotFoundException: view-op-error-1.png: open failed: EROFS (Read-only file system)
09-07 04:25:17.094 23540 23583 W DefaultFailureHandler: 	at libcore.io.IoBridge.open(IoBridge.java:496)
09-07 04:25:17.094 23540 23583 W DefaultFailureHandler: 	at java.io.FileOutputStream.<init>(FileOutputStream.java:235)
09-07 04:25:17.094 23540 23583 W DefaultFailureHandler: 	at java.io.FileOutputStream.<init>(FileOutputStream.java:125)
09-07 04:25:17.094 23540 23583 W DefaultFailureHandler: 	at androidx.test.platform.io.FileTestStorage.openOutputFile(FileTestStorage.java:60)
09-07 04:25:17.094 23540 23583 W DefaultFailureHandler: 	at androidx.test.core.graphics.BitmapStorage.writeToTestStorage(BitmapStorageExt.kt:49)
09-07 04:25:17.094 23540 23583 W DefaultFailureHandler: 	at androidx.test.espresso.base.DefaultFailureHandler.takeScreenshot(DefaultFailureHandler.java:4)
09-07 04:25:17.094 23540 23583 W DefaultFailureHandler: 	at androidx.test.espresso.base.DefaultFailureHandler.handle(DefaultFailureHandler.java:3)
09-07 04:25:17.094 23540 23583 W DefaultFailureHandler: 	at androidx.test.espresso.ViewInteraction.waitForAndHandleInteractionResults(ViewInteraction.java:8)
09-07 04:25:17.094 23540 23583 W DefaultFailureHandler: 	at androidx.test.espresso.ViewInteraction.desugaredPerform(ViewInteraction.java:11)
09-07 04:25:17.094 23540 23583 W DefaultFailureHandler: 	at androidx.test.espresso.ViewInteraction.perform(ViewInteraction.java:8)
09-07 04:25:17.094 23540 23583 W DefaultFailureHandler: 	at ru.iteco.fmhandroid.ui.data.TestUtils.waitView(TestUtils.java:61)
09-07 04:25:17.094 23540 23583 W DefaultFailureHandler: 	at ru.iteco.fmhandroid.ui.steps.MainPageSteps.isMainPage(MainPageSteps.java:50)
09-07 04:25:17.094 23540 23583 W DefaultFailureHandler: 	at ru.iteco.fmhandroid.ui.MainPageTest.logoutCheck(MainPageTest.java:49)
09-07 04:25:17.094 23540 23583 W DefaultFailureHandler: 	at java.lang.reflect.Method.invoke(Native Method)
09-07 04:25:17.094 23540 23583 W DefaultFailureHandler: 	at org.junit.runners.model.FrameworkMethod$1.runReflectiveCall(FrameworkMethod.java:59)
09-07 04:25:17.094 23540 23583 W DefaultFailureHandler: 	at org.junit.internal.runners.model.ReflectiveCallable.run(ReflectiveCallable.java:12)
09-07 04:25:17.094 23540 23583 W DefaultFailureHandler: 	at org.junit.runners.model.FrameworkMethod.invokeExplosively(FrameworkMethod.java:56)
09-07 04:25:17.094 23540 23583 W DefaultFailureHandler: 	at androidx.test.internal.runner.junit4.statement.RunBefores.evaluate(RunBefores.java:76)
09-07 04:25:17.094 23540 23583 W DefaultFailureHandler: 	at io.qameta.allure.android.rules.ScreenshotRule$apply$1.evaluate(ScreenshotRule.kt:22)
09-07 04:25:17.094 23540 23583 W DefaultFailureHandler: 	at org.junit.rules.ExternalResource$1.evaluate(ExternalResource.java:54)
09-07 04:25:17.094 23540 23583 W DefaultFailureHandler: 	at io.qameta.allure.android.rules.LogcatRule$apply$1.evaluate(LogcatRule.kt:23)
09-07 04:25:17.094 23540 23583 W DefaultFailureHandler: 	at org.junit.rules.RunRules.evaluate(RunRules.java:20)
09-07 04:25:17.094 23540 23583 W DefaultFailureHandler: 	at org.junit.runners.ParentRunner$3.evaluate(ParentRunner.java:306)
09-07 04:25:17.094 23540 23583 W DefaultFailureHandler: 	at org.junit.runners.BlockJUnit4ClassRunner$1.evaluate(BlockJUnit4ClassRunner.java:100)
09-07 04:25:17.094 23540 23583 W DefaultFailureHandler: 	at org.junit.runners.ParentRunner.runLeaf(ParentRunner.java:366)
09-07 04:25:17.094 23540 23583 W DefaultFailureHandler: 	at org.junit.runners.BlockJUnit4ClassRunner.runChild(BlockJUnit4ClassRunner.java:103)
09-07 04:25:17.094 23540 23583 W DefaultFailureHandler: 	at org.junit.runners.BlockJUnit4ClassRunner.runChild(BlockJUnit4ClassRunner.java:63)
09-07 04:25:17.094 23540 23583 W DefaultFailureHandler: 	at org.junit.runners.ParentRunner$4.run(ParentRunner.java:331)
09-07 04:25:17.094 23540 23583 W DefaultFailureHandler: 	at org.junit.runners.ParentRunner$1.schedule(ParentRunner.java:79)
09-07 04:25:17.094 23540 23583 W DefaultFailureHandler: 	at org.junit.runners.ParentRunner.runChildren(ParentRunner.java:329)
09-07 04:25:17.094 23540 23583 W DefaultFailureHandler: 	at org.junit.runners.ParentRunner.access$100(ParentRunner.java:66)
09-07 04:25:17.094 23540 23583 W DefaultFailureHandler: 	at org.junit.runners.ParentRunner$2.evaluate(ParentRunner.java:293)
09-07 04:25:17.094 23540 23583 W DefaultFailureHandler: 	at org.junit.runners.ParentRunner$3.evaluate(ParentRunner.java:306)
09-07 04:25:17.094 23540 23583 W DefaultFailureHandler: 	at org.junit.runners.ParentRunner.run(ParentRunner.java:413)
09-07 04:25:17.094 23540 23583 W DefaultFailureHandler: 	at androidx.test.ext.junit.runners.AndroidJUnit4.run(AndroidJUnit4.java:162)
09-07 04:25:17.094 23540 23583 W DefaultFailureHandler: 	at io.qameta.allure.android.runners.AllureAndroidJUnit4.run(AllureAndroidJUnitRunners.kt:29)
09-07 04:25:17.094 23540 23583 W DefaultFailureHandler: 	at org.junit.runners.Suite.runChild(Suite.java:128)
09-07 04:25:17.094 23540 23583 W DefaultFailureHandler: 	at org.junit.runners.Suite.runChild(Suite.java:27)
09-07 04:25:17.094 23540 23583 W DefaultFailureHandler: 	at org.junit.runners.ParentRunner$4.run(ParentRunner.java:331)
09-07 04:25:17.094 23540 23583 W DefaultFailureHandler: 	at org.junit.runners.ParentRunner$1.schedule(ParentRunner.java:79)
09-07 04:25:17.094 23540 23583 W DefaultFailureHandler: 	at org.junit.runners.ParentRunner.runChildren(ParentRunner.java:329)
09-07 04:25:17.094 23540 23583 W DefaultFailureHandler: 	at org.junit.runners.ParentRunner.access$100(ParentRunner.java:66)
09-07 04:25:17.094 23540 23583 W DefaultFailureHandler: 	at org.junit.runners.ParentRunner$2.evaluate(ParentRunner.java:293)
09-07 04:25:17.094 23540 23583 W DefaultFailureHandler: 	at org.junit.runners.ParentRunner$3.evaluate(ParentRunner.java:306)
09-07 04:25:17.094 23540 23583 W DefaultFailureHandler: 	at org.junit.runners.ParentRunner.run(ParentRunner.java:413)
09-07 04:25:17.094 23540 23583 W DefaultFailureHandler: 	at org.junit.runner.JUnitCore.run(JUnitCore.java:137)
09-07 04:25:17.094 23540 23583 W DefaultFailureHandler: 	at org.junit.runner.JUnitCore.run(JUnitCore.java:115)
09-07 04:25:17.094 23540 23583 W DefaultFailureHandler: 	at androidx.test.internal.runner.TestExecutor.execute(TestExecutor.java:67)
09-07 04:25:17.094 23540 23583 W DefaultFailureHandler: 	at androidx.test.internal.runner.TestExecutor.execute(TestExecutor.java:58)
09-07 04:25:17.094 23540 23583 W DefaultFailureHandler: 	at androidx.test.runner.AndroidJUnitRunner.onStart(AndroidJUnitRunner.java:438)
09-07 04:25:17.094 23540 23583 W DefaultFailureHandler: 	at android.app.Instrumentation$InstrumentationThread.run(Instrumentation.java:2189)
09-07 04:25:17.094 23540 23583 W DefaultFailureHandler: Caused by: android.system.ErrnoException: open failed: EROFS (Read-only file system)
09-07 04:25:17.094 23540 23583 W DefaultFailureHandler: 	at libcore.io.Linux.open(Native Method)
09-07 04:25:17.094 23540 23583 W DefaultFailureHandler: 	at libcore.io.ForwardingOs.open(ForwardingOs.java:167)
09-07 04:25:17.094 23540 23583 W DefaultFailureHandler: 	at libcore.io.BlockGuardOs.open(BlockGuardOs.java:252)
09-07 04:25:17.094 23540 23583 W DefaultFailureHandler: 	at libcore.io.ForwardingOs.open(ForwardingOs.java:167)
09-07 04:25:17.094 23540 23583 W DefaultFailureHandler: 	at android.app.ActivityThread$AndroidOs.open(ActivityThread.java:7255)
09-07 04:25:17.094 23540 23583 W DefaultFailureHandler: 	at libcore.io.IoBridge.open(IoBridge.java:482)
09-07 04:25:17.094 23540 23583 W DefaultFailureHandler: 	... 50 more
09-07 04:25:17.101  1793 14098 D gralloc_ranchu: gralloc_alloc: Creating ashmem region of size 9850880
09-07 04:25:17.160  1792  2272 E GnssHAL_GnssInterface: gnssSvStatusCb: a: input svInfo.flags is 8
09-07 04:25:17.160  1792  2272 E GnssHAL_GnssInterface: gnssSvStatusCb: b: input svInfo.flags is 8
--------- beginning of system
09-07 04:25:17.366  2037  2302 I ActivityTaskManager: START u0 {act=android.intent.action.MAIN cat=[android.intent.category.LAUNCHER] flg=0x10000000 cmp=ru.iteco.fmhandroid.test/androidx.test.core.app.InstrumentationActivityInvoker$EmptyActivity} from uid 10136
09-07 04:25:17.371 23540 23540 D LifecycleMonitor: Lifecycle status change: ru.iteco.fmhandroid.ui.AppActivity@bf025f4 in: PAUSED
09-07 04:25:17.372 23540 23540 V ActivityScenario: Update currentActivityStage to PAUSED, currentActivity=ru.iteco.fmhandroid.ui.AppActivity@bf025f4
09-07 04:25:17.372  2037  8423 W InputReader: Device has associated, but no associated display id.
09-07 04:25:17.373  2037  8423 I chatty  : uid=1000(system) Binder:2037_20 identical 28 lines
09-07 04:25:17.373  2037  8423 W InputReader: Device has associated, but no associated display id.
09-07 04:25:17.373 23540 23582 V FA      : Recording user engagement, ms: 10804
09-07 04:25:17.373  2037  8423 W InputReader: Device has associated, but no associated display id.
09-07 04:25:17.373  2037  8423 I chatty  : uid=1000(system) Binder:2037_20 identical 8 lines
09-07 04:25:17.373  2037  8423 W InputReader: Device has associated, but no associated display id.
09-07 04:25:17.375 23597 23597 W ActivityThread: handleWindowVisibility: no activity for token android.os.BinderProxy@d6eec89
09-07 04:25:17.380  2037  8423 W InputReader: Device has associated, but no associated display id.
09-07 04:25:17.380  2037  8423 I chatty  : uid=1000(system) Binder:2037_20 identical 8 lines
09-07 04:25:17.380  2037  8423 W InputReader: Device has associated, but no associated display id.
09-07 04:25:17.427 23540 23582 V FA      : Connecting to remote service
09-07 04:25:17.430  2037  2428 I ActivityTaskManager: START u0 {act=android.intent.action.MAIN cat=[android.intent.category.LAUNCHER] flg=0x10000000 cmp=ru.iteco.fmhandroid.test/androidx.test.core.app.InstrumentationActivityInvoker$EmptyActivity} from uid 10136
09-07 04:25:17.441  7867  7867 D BoundBrokerSvc: onBind: Intent { act=com.google.android.gms.measurement.START pkg=com.google.android.gms }
09-07 04:25:17.441  7867  7867 D BoundBrokerSvc: Loading bound service for intent: Intent { act=com.google.android.gms.measurement.START pkg=com.google.android.gms }
09-07 04:25:17.441 23597 23629 D HostConnection: HostConnection::get() New Host Connection established 0xda256190, tid 23629
09-07 04:25:17.443 23540 23582 V FA      : Connection attempt already in progress
09-07 04:25:17.443 23540 23582 V FA      : Activity paused, time: 3641265
09-07 04:25:17.444 23597 23629 D HostConnection: HostComposition ext ANDROID_EMU_CHECKSUM_HELPER_v1 ANDROID_EMU_dma_v1 ANDROID_EMU_direct_mem ANDROID_EMU_vulkan ANDROID_EMU_deferred_vulkan_commands ANDROID_EMU_vulkan_null_optional_strings ANDROID_EMU_vulkan_create_resources_with_requirements ANDROID_EMU_YUV420_888_to_NV21 ANDROID_EMU_YUV_Cache ANDROID_EMU_vulkan_free_memory_sync ANDROID_EMU_vulkan_shader_float16_int8 ANDROID_EMU_vulkan_async_queue_submit ANDROID_EMU_sync_buffer_data GL_OES_vertex_array_object GL_KHR_texture_compression_astc_ldr ANDROID_EMU_host_side_tracing ANDROID_EMU_gles_max_version_2 
09-07 04:25:17.453 23597 23629 W OpenGLRenderer: Failed to choose config with EGL_SWAP_BEHAVIOR_PRESERVED, retrying without...
09-07 04:25:17.464 23597 23629 D eglCodecCommon: setVertexArrayObject: set vao to 0 (0) 0 0
09-07 04:25:17.464 23597 23629 D EGL_emulation: eglCreateContext: 0xda21a240: maj 2 min 0 rcv 2
09-07 04:25:17.494 23597 23629 D EGL_emulation: eglMakeCurrent: 0xda21a240: ver 2 0 (tinfo 0xda20f0b0)
09-07 04:25:17.499 23540 23582 D FA      : Connected to remote service
09-07 04:25:17.499 23540 23582 V FA      : Processing queued up service tasks: 2
09-07 04:25:17.503  1793 14098 D gralloc_ranchu: gralloc_alloc: Creating ashmem region of size 9850880
09-07 04:25:17.505  1678  1678 I hwservicemanager: getTransport: Cannot find entry android.hardware.graphics.mapper@3.0::IMapper/default in either framework or device manifest.
09-07 04:25:17.505 23597 23629 W Gralloc3: mapper 3.x is not supported
09-07 04:25:17.508 23597 23629 D HostConnection: createUnique: call
09-07 04:25:17.508 23597 23629 D HostConnection: HostConnection::get() New Host Connection established 0xda2562d0, tid 23629
09-07 04:25:17.510 23597 23629 D HostConnection: HostComposition ext ANDROID_EMU_CHECKSUM_HELPER_v1 ANDROID_EMU_dma_v1 ANDROID_EMU_direct_mem ANDROID_EMU_vulkan ANDROID_EMU_deferred_vulkan_commands ANDROID_EMU_vulkan_null_optional_strings ANDROID_EMU_vulkan_create_resources_with_requirements ANDROID_EMU_YUV420_888_to_NV21 ANDROID_EMU_YUV_Cache ANDROID_EMU_vulkan_free_memory_sync ANDROID_EMU_vulkan_shader_float16_int8 ANDROID_EMU_vulkan_async_queue_submit ANDROID_EMU_sync_buffer_data GL_OES_vertex_array_object GL_KHR_texture_compression_astc_ldr ANDROID_EMU_host_side_tracing ANDROID_EMU_gles_max_version_2 
09-07 04:25:17.511 23597 23629 D eglCodecCommon: allocate: Ask for block of size 0x1000
09-07 04:25:17.511 23597 23629 D eglCodecCommon: allocate: ioctl allocate returned offset 0x3ff684000 size 0x2000
09-07 04:25:17.512  1793 14098 D gralloc_ranchu: gralloc_alloc: Creating ashmem region of size 9850880
09-07 04:25:17.514  7867 22594 V FA-SVC  : Logging event: origin=auto,name=user_engagement(_e),params=Bundle[{ga_event_origin(_o)=auto, engagement_time_msec(_et)=10804, ga_screen_class(_sc)=AppActivity, ga_screen_id(_si)=7057929611104525204}]
09-07 04:25:17.514  1793 14098 D gralloc_ranchu: gralloc_alloc: Creating ashmem region of size 9850880
09-07 04:25:17.514 23597 23629 D EGL_emulation: eglMakeCurrent: 0xda21a240: ver 2 0 (tinfo 0xda20f0b0)
09-07 04:25:17.516 23597 23629 D eglCodecCommon: setVertexArrayObject: set vao to 0 (0) 1 0
09-07 04:25:17.535  7867 22594 V FA-SVC  : Upload scheduled in approximately ms: 119575
09-07 04:25:17.535  7867 22594 V FA-SVC  : Unscheduling upload
09-07 04:25:17.537  7867 22594 V FA-SVC  : Scheduling upload, millis: 119575
09-07 04:25:17.538  7867 22594 V FA-SVC  : Background event processing time, ms: 26
09-07 04:25:17.606  2037  8423 W InputReader: Device has associated, but no associated display id.
09-07 04:25:17.608  2037  8423 I chatty  : uid=1000(system) Binder:2037_20 identical 48 lines
09-07 04:25:17.608  2037  8423 W InputReader: Device has associated, but no associated display id.
09-07 04:25:17.610 23597 23597 W ActivityThread: handleWindowVisibility: no activity for token android.os.BinderProxy@ee74d3e
09-07 04:25:17.623  2037  8423 W ActivityTaskManager: Duplicate finish request for ActivityRecord{48630d1 u0 ru.iteco.fmhandroid/.ui.AppActivity t777 f}
09-07 04:25:17.656  1793 14098 D gralloc_ranchu: gralloc_alloc: Creating ashmem region of size 9850880
09-07 04:25:17.675  1793 14098 D gralloc_ranchu: gralloc_alloc: Creating ashmem region of size 9850880
09-07 04:25:17.678  1793  1793 D gralloc_ranchu: gralloc_alloc: Creating ashmem region of size 9850880
09-07 04:25:17.682 23597 23629 D EGL_emulation: eglMakeCurrent: 0xda21a240: ver 2 0 (tinfo 0xda20f0b0)
09-07 04:25:17.709  2037  2061 W InputReader: Device has associated, but no associated display id.
09-07 04:25:17.710  2037  2061 I chatty  : uid=1000(system) android.anim identical 18 lines
09-07 04:25:17.710  2037  2061 W InputReader: Device has associated, but no associated display id.
09-07 04:25:17.713  2037  2065 I ActivityTaskManager: Displayed ru.iteco.fmhandroid.test/androidx.test.core.app.InstrumentationActivityInvoker$EmptyActivity: +236ms
09-07 04:25:17.716  2037  2302 W InputReader: Device has associated, but no associated display id.
09-07 04:25:17.716  2037  2302 I chatty  : uid=1000(system) Binder:2037_4 identical 8 lines
09-07 04:25:17.716  2037  2302 W InputReader: Device has associated, but no associated display id.
09-07 04:25:17.740 23540 23632 D EGL_emulation: eglMakeCurrent: 0xed47fd00: ver 2 0 (tinfo 0xe22a70d0)
09-07 04:25:17.749  2037  8423 W InputReader: Device has associated, but no associated display id.
09-07 04:25:17.750  2037  8423 I chatty  : uid=1000(system) Binder:2037_20 identical 8 lines
09-07 04:25:17.750  2037  8423 W InputReader: Device has associated, but no associated display id.
09-07 04:25:17.755  1823  1823 W SurfaceFlinger: couldn't log to binary event log: overflow.
09-07 04:25:17.764 23540 23540 D LifecycleMonitor: Lifecycle status change: ru.iteco.fmhandroid.ui.AppActivity@bf025f4 in: STOPPED
09-07 04:25:17.764 23540 23540 V ActivityScenario: Update currentActivityStage to STOPPED, currentActivity=ru.iteco.fmhandroid.ui.AppActivity@bf025f4
09-07 04:25:17.769  1793  1793 D gralloc_ranchu: gralloc_alloc: Creating ashmem region of size 9850880
09-07 04:25:17.784  1793  1793 D gralloc_ranchu: gralloc_alloc: Creating ashmem region of size 9850880
09-07 04:25:17.793  2666  3068 D EGL_emulation: eglMakeCurrent: 0xda21b0e0: ver 2 0 (tinfo 0xda20fbb0)
09-07 04:25:17.794  1793 14098 D gralloc_ranchu: gralloc_alloc: Creating ashmem region of size 9850880
09-07 04:25:17.814  2666  2666 I dnsi    : onStart
09-07 04:25:17.816  2666  2666 I dnsi    : onResume
09-07 04:25:17.846  2037  2037 W ActivityManager: Unable to start service Intent { act=android.service.appprediction.AppPredictionService cmp=com.google.android.as/com.google.android.apps.miphone.aiai.app.AiAiPredictionService } U=0: not found
09-07 04:25:17.846  2037  2037 W RemoteAppPredictionService: could not bind to Intent { act=android.service.appprediction.AppPredictionService cmp=com.google.android.as/com.google.android.apps.miphone.aiai.app.AiAiPredictionService } using flags 67108865
09-07 04:25:17.858  1793 14098 D gralloc_ranchu: gralloc_alloc: Creating ashmem region of size 9850880
09-07 04:25:17.884  1793 14098 D gralloc_ranchu: gralloc_alloc: Creating ashmem region of size 9850880
09-07 04:25:17.892  2434  2714 D EGL_emulation: eglMakeCurrent: 0xed453b60: ver 2 0 (tinfo 0xe233a960)
09-07 04:25:17.895  1793  1793 D gralloc_ranchu: gralloc_alloc: Creating ashmem region of size 9850880
09-07 04:25:17.928  2037  2061 W InputReader: Device has associated, but no associated display id.
09-07 04:25:17.928  2037  2061 I chatty  : uid=1000(system) android.anim identical 8 lines
09-07 04:25:17.928  2037  2061 W InputReader: Device has associated, but no associated display id.
09-07 04:25:17.931  1793  1793 D gralloc_ranchu: gralloc_alloc: Creating ashmem region of size 6307840
09-07 04:25:17.942  2182  2468 D EGL_emulation: eglMakeCurrent: 0xda21a360: ver 2 0 (tinfo 0xda20f590)
09-07 04:25:17.953  2182  2182 W View    : requestLayout() improperly called by com.android.keyguard.AlphaOptimizedLinearLayout{551c6d8 V.E...... ......ID 7,0-48,61 #7f0a041c app:id/wifi_group} during second layout pass: posting in next frame
09-07 04:25:17.974  2037  5599 D HostConnection: HostConnection::get() New Host Connection established 0xda23f020, tid 5599
09-07 04:25:17.974  2037  5599 D HostConnection: HostComposition ext ANDROID_EMU_CHECKSUM_HELPER_v1 ANDROID_EMU_dma_v1 ANDROID_EMU_direct_mem ANDROID_EMU_vulkan ANDROID_EMU_deferred_vulkan_commands ANDROID_EMU_vulkan_null_optional_strings ANDROID_EMU_vulkan_create_resources_with_requirements ANDROID_EMU_YUV420_888_to_NV21 ANDROID_EMU_YUV_Cache ANDROID_EMU_vulkan_free_memory_sync ANDROID_EMU_vulkan_shader_float16_int8 ANDROID_EMU_vulkan_async_queue_submit ANDROID_EMU_sync_buffer_data GL_OES_vertex_array_object GL_KHR_texture_compression_astc_ldr ANDROID_EMU_host_side_tracing ANDROID_EMU_gles_max_version_2 
09-07 04:25:17.980  1823  1823 E Layer   : [Surface(name=AppWindowToken{459e199 token=Token{b961ae0 ActivityRecord{53be0e3 u0 com.google.android.apps.nexuslauncher/.NexusLauncherActivity t652}}})/@0xafc1306 - animation-leash#0] No local sync point found
09-07 04:25:17.980  1823  1823 E Layer   : [Surface(name=AppWindowToken{d4d8a83 token=Token{ce08d32 ActivityRecord{7ce413d u0 ru.iteco.fmhandroid.test/androidx.test.core.app.InstrumentationActivityInvoker$EmptyActivity t777}}})/@0x3f7baf4 - animation-leash#0] No local sync point found
09-07 04:25:17.984  2037  5599 W OpenGLRenderer: Failed to choose config with EGL_SWAP_BEHAVIOR_PRESERVED, retrying without...
09-07 04:25:17.995  2037  5599 D eglCodecCommon: setVertexArrayObject: set vao to 0 (0) 0 0
09-07 04:25:17.995  2037  5599 D EGL_emulation: eglCreateContext: 0xa7a623a0: maj 2 min 0 rcv 2
09-07 04:25:17.997 23597 23629 D EGL_emulation: eglMakeCurrent: 0xda21a240: ver 2 0 (tinfo 0xda20f0b0)
09-07 04:25:18.031  2037  5599 D EGL_emulation: eglMakeCurrent: 0xa7a623a0: ver 2 0 (tinfo 0xba668ca0)
09-07 04:25:18.039  2182  2182 W View    : requestLayout() improperly called by StatusBarIconView(slot=mobile icon=null notification=null) during layout: running second layout pass
09-07 04:25:18.042  2182  2468 D EGL_emulation: eglMakeCurrent: 0xda21a360: ver 2 0 (tinfo 0xda20f590)
09-07 04:25:18.054 23540 23540 D LifecycleMonitor: Lifecycle status change: ru.iteco.fmhandroid.ui.AppActivity@bf025f4 in: DESTROYED
09-07 04:25:18.054 23540 23540 V ActivityScenario: Update currentActivityStage to DESTROYED, currentActivity=null
09-07 04:25:18.055  2037  5599 D eglCodecCommon: setVertexArrayObject: set vao to 0 (0) 1 0
09-07 04:25:18.068  1823  1823 W SurfaceFlinger: couldn't log to binary event log: overflow.
09-07 04:25:18.079  2182  2468 D EGL_emulation: eglMakeCurrent: 0xda21a360: ver 2 0 (tinfo 0xda20f590)
09-07 04:25:18.104  2182  2182 W View    : requestLayout() improperly called by com.android.keyguard.AlphaOptimizedLinearLayout{551c6d8 V.E...... ......ID 7,0-48,61 #7f0a041c app:id/wifi_group} during second layout pass: posting in next frame
09-07 04:25:18.105  2182  2182 W View    : requestLayout() improperly called by StatusBarIconView(slot=mobile icon=null notification=null) during layout: running second layout pass
09-07 04:25:18.121  2182  2468 D EGL_emulation: eglMakeCurrent: 0xda21a360: ver 2 0 (tinfo 0xda20f590)
09-07 04:25:18.131 23540 23583 E TestRunner: failed: shouldCollapseTheListOfNews(ru.iteco.fmhandroid.ui.MainPageTest)
09-07 04:25:18.131 23540 23583 E TestRunner: ----- begin exception -----
09-07 04:25:18.132 23540 23583 E TestRunner: androidx.test.espresso.PerformException: Error performing 'wait for a specific view with <an instance of android.widget.TextView and view.getText() with or without transformation to match: is "News"> during 10000 millis.' on view 'view.getRootView() to equal view'.
09-07 04:25:18.132 23540 23583 E TestRunner: 	at androidx.test.espresso.PerformException$Builder.build(PerformException.java:1)
09-07 04:25:18.132 23540 23583 E TestRunner: 	at androidx.test.espresso.base.PerformExceptionHandler.handleSafely(PerformExceptionHandler.java:8)
09-07 04:25:18.132 23540 23583 E TestRunner: 	at androidx.test.espresso.base.PerformExceptionHandler.handleSafely(PerformExceptionHandler.java:9)
09-07 04:25:18.132 23540 23583 E TestRunner: 	at androidx.test.espresso.base.DefaultFailureHandler$TypedFailureHandler.handle(DefaultFailureHandler.java:4)
09-07 04:25:18.132 23540 23583 E TestRunner: 	at androidx.test.espresso.base.DefaultFailureHandler.handle(DefaultFailureHandler.java:5)
09-07 04:25:18.132 23540 23583 E TestRunner: 	at androidx.test.espresso.ViewInteraction.waitForAndHandleInteractionResults(ViewInteraction.java:8)
09-07 04:25:18.132 23540 23583 E TestRunner: 	at androidx.test.espresso.ViewInteraction.desugaredPerform(ViewInteraction.java:11)
09-07 04:25:18.132 23540 23583 E TestRunner: 	at androidx.test.espresso.ViewInteraction.perform(ViewInteraction.java:8)
09-07 04:25:18.132 23540 23583 E TestRunner: 	at ru.iteco.fmhandroid.ui.data.TestUtils.waitView(TestUtils.java:61)
09-07 04:25:18.132 23540 23583 E TestRunner: 	at ru.iteco.fmhandroid.ui.steps.MainPageSteps.isMainPage(MainPageSteps.java:50)
09-07 04:25:18.132 23540 23583 E TestRunner: 	at ru.iteco.fmhandroid.ui.MainPageTest.logoutCheck(MainPageTest.java:49)
09-07 04:25:18.132 23540 23583 E TestRunner: 	at java.lang.reflect.Method.invoke(Native Method)
09-07 04:25:18.132 23540 23583 E TestRunner: 	at org.junit.runners.model.FrameworkMethod$1.runReflectiveCall(FrameworkMethod.java:59)
09-07 04:25:18.132 23540 23583 E TestRunner: 	at org.junit.internal.runners.model.ReflectiveCallable.run(ReflectiveCallable.java:12)
09-07 04:25:18.132 23540 23583 E TestRunner: 	at org.junit.runners.model.FrameworkMethod.invokeExplosively(FrameworkMethod.java:56)
09-07 04:25:18.132 23540 23583 E TestRunner: 	at androidx.test.internal.runner.junit4.statement.RunBefores.evaluate(RunBefores.java:76)
09-07 04:25:18.132 23540 23583 E TestRunner: 	at io.qameta.allure.android.rules.ScreenshotRule$apply$1.evaluate(ScreenshotRule.kt:22)
09-07 04:25:18.132 23540 23583 E TestRunner: 	at org.junit.rules.ExternalResource$1.evaluate(ExternalResource.java:54)
09-07 04:25:18.132 23540 23583 E TestRunner: 	at io.qameta.allure.android.rules.LogcatRule$apply$1.evaluate(LogcatRule.kt:23)
09-07 04:25:18.132 23540 23583 E TestRunner: 	at org.junit.rules.RunRules.evaluate(RunRules.java:20)
09-07 04:25:18.132 23540 23583 E TestRunner: 	at org.junit.runners.ParentRunner$3.evaluate(ParentRunner.java:306)
09-07 04:25:18.132 23540 23583 E TestRunner: 	at org.junit.runners.BlockJUnit4ClassRunner$1.evaluate(BlockJUnit4ClassRunner.java:100)
09-07 04:25:18.132 23540 23583 E TestRunner: 	at org.junit.runners.ParentRunner.runLeaf(ParentRunner.java:366)
09-07 04:25:18.132 23540 23583 E TestRunner: 	at org.junit.runners.BlockJUnit4ClassRunner.runChild(BlockJUnit4ClassRunner.java:103)
09-07 04:25:18.132 23540 23583 E TestRunner: 	at org.junit.runners.BlockJUnit4ClassRunner.runChild(BlockJUnit4ClassRunner.java:63)
09-07 04:25:18.132 23540 23583 E TestRunner: 	at org.junit.runners.ParentRunner$4.run(ParentRunner.java:331)
09-07 04:25:18.132 23540 23583 E TestRunner: 	at org.junit.runners.ParentRunner$1.schedule(ParentRunner.java:79)
09-07 04:25:18.132 23540 23583 E TestRunner: 	at org.junit.runners.ParentRunner.runChildren(ParentRunner.java:329)
09-07 04:25:18.132 23540 23583 E TestRunner: 	at org.junit.runners.ParentRunner.access$100(ParentRunner.java:66)
09-07 04:25:18.132 23540 23583 E TestRunner: 	at org.junit.runners.ParentRunner$2.evaluate(ParentRunner.java:293)
09-07 04:25:18.132 23540 23583 E TestRunner: 	at org.junit.runners.ParentRunner$3.evaluate(ParentRunner.java:306)
09-07 04:25:18.132 23540 23583 E TestRunner: 	at org.junit.runners.ParentRunner.run(ParentRunner.java:413)
09-07 04:25:18.132 23540 23583 E TestRunner: 	at androidx.test.ext.junit.runners.AndroidJUnit4.run(AndroidJUnit4.java:162)
09-07 04:25:18.132 23540 23583 E TestRunner: 	at io.qameta.allure.android.runners.AllureAndroidJUnit4.run(AllureAndroidJUnitRunners.kt:29)
09-07 04:25:18.132 23540 23583 E TestRunner: 	at org.junit.runners.Suite.runChild(Suite.java:128)
09-07 04:25:18.132 23540 23583 E TestRunner: 	at org.junit.runners.Suite.runChild(Suite.java:27)
09-07 04:25:18.132 23540 23583 E TestRunner: 	at org.junit.runners.ParentRunner$4.run(ParentRunner.java:331)
09-07 04:25:18.132 23540 23583 E TestRunner: 	at org.junit.runners.ParentRunner$1.schedule(ParentRunner.java:79)
09-07 04:25:18.132 23540 23583 E TestRunner: 	at org.junit.runners.ParentRunner.runChildren(ParentRunner.java:329)
09-07 04:25:18.132 23540 23583 E TestRunner: 	at org.junit.runners.ParentRunner.access$100(ParentRunner.java:66)
09-07 04:25:18.132 23540 23583 E TestRunner: 	at org.junit.runners.ParentRunner$2.evaluate(ParentRunner.java:293)
09-07 04:25:18.132 23540 23583 E TestRunner: 	at org.junit.runners.ParentRunner$3.evaluate(ParentRunner.java:306)
09-07 04:25:18.132 23540 23583 E TestRunner: 	at org.junit.runners.ParentRunner.run(ParentRunner.java:413)
09-07 04:25:18.132 23540 23583 E TestRunner: 	at org.junit.runner.JUnitCore.run(JUnitCore.java:137)
09-07 04:25:18.132 23540 23583 E TestRunner: 	at org.junit.runner.JUnitCore.run(JUnitCore.java:115)
09-07 04:25:18.132 23540 23583 E TestRunner: 	at androidx.test.internal.runner.TestExecutor.execute(TestExecutor.java:67)
09-07 04:25:18.132 23540 23583 E TestRunner: 	at androidx.test.internal.runner.TestExecutor.execute(TestExecutor.java:58)
09-07 04:25:18.132 23540 23583 E TestRunner: 	at androidx.test.runner.AndroidJUnitRunner.onStart(AndroidJUnitRunner.java:438)
09-07 04:25:18.132 23540 23583 E TestRunner: 	at android.app.Instrumentation$InstrumentationThread.run(Instrumentation.java:2189)
09-07 04:25:18.132 23540 23583 E TestRunner: Caused by: java.util.concurrent.TimeoutException
09-07 04:25:18.132 23540 23583 E TestRunner: 	at ru.iteco.fmh
09-07 04:25:18.132 23540 23583 E TestRunner: ----- end exception -----
09-07 04:25:18.143 23540 23583 I TestRunner: finished: shouldCollapseTheListOfNews(ru.iteco.fmhandroid.ui.MainPageTest)
09-07 04:25:18.161  1792  2272 E GnssHAL_GnssInterface: gnssSvStatusCb: a: input svInfo.flags is 8
09-07 04:25:18.161  1792  2272 E GnssHAL_GnssInterface: gnssSvStatusCb: b: input svInfo.flags is 8
09-07 04:25:18.199 23540 23583 I TestRunner: started: shouldOpenOurMissionPage(ru.iteco.fmhandroid.ui.MainPageTest)
09-07 04:25:18.213 23540 23583 W Settings: Setting always_finish_activities has moved from android.provider.Settings.System to android.provider.Settings.Global, returning read-only value.
09-07 04:25:18.217  2037  2302 I ActivityTaskManager: START u0 {act=android.intent.action.MAIN cat=[android.intent.category.LAUNCHER] flg=0x10008000 cmp=ru.iteco.fmhandroid.test/androidx.test.core.app.InstrumentationActivityInvoker$BootstrapActivity (has extras)} from uid 10136
09-07 04:25:18.222  2037  2061 E system_server: Invalid ID 0x00000000.
09-07 04:25:18.225  2037  2302 W InputReader: Device has associated, but no associated display id.
09-07 04:25:18.226  2037  2302 I chatty  : uid=1000(system) Binder:2037_4 identical 28 lines
09-07 04:25:18.226  2037  2302 W InputReader: Device has associated, but no associated display id.
09-07 04:25:18.227 23597 23597 W ActivityThread: handleWindowVisibility: no activity for token android.os.BinderProxy@7296369
09-07 04:25:18.229  2037  2302 W InputReader: Device has associated, but no associated display id.
09-07 04:25:18.229  2037  2302 I chatty  : uid=1000(system) Binder:2037_4 identical 8 lines
09-07 04:25:18.229  2037  2302 W InputReader: Device has associated, but no associated display id.
09-07 04:25:18.244  1793  1793 D gralloc_ranchu: gralloc_alloc: Creating ashmem region of size 9850880
09-07 04:25:18.270  2037  5216 I ActivityTaskManager: START u0 {act=android.intent.action.MAIN cat=[android.intent.category.LAUNCHER] cmp=ru.iteco.fmhandroid/.ui.AppActivity} from uid 10136
09-07 04:25:18.280  2037  5216 W InputReader: Device has associated, but no associated display id.
09-07 04:25:18.286  2037  5216 I chatty  : uid=1000(system) Binder:2037_18 identical 48 lines
09-07 04:25:18.286  2037  5216 W InputReader: Device has associated, but no associated display id.
09-07 04:25:18.287 23540 23540 W ActivityThread: handleWindowVisibility: no activity for token android.os.BinderProxy@c2af021
09-07 04:25:18.328 23540 23540 D LifecycleMonitor: Lifecycle status change: ru.iteco.fmhandroid.ui.AppActivity@1256d5d in: PRE_ON_CREATE
09-07 04:25:18.329 23540 23540 V ActivityScenario: Activity lifecycle changed event received but ignored because the reported transition was not ON_CREATE while the last known transition was PRE_ON_CREATE
09-07 04:25:18.330  2666  2666 I dnsi    : onPause
09-07 04:25:18.344 23540 23574 V FA      : onActivityCreated
09-07 04:25:18.353  2666  2732 V ClearcutMetricXmitter: Transmission is done.
09-07 04:25:18.361  2037  2061 W InputReader: Device has associated, but no associated display id.
09-07 04:25:18.362  2037  2061 I chatty  : uid=1000(system) android.anim identical 8 lines
09-07 04:25:18.362  2037  2061 W InputReader: Device has associated, but no associated display id.
09-07 04:25:18.382  2666  3068 D EGL_emulation: eglMakeCurrent: 0xda21b0e0: ver 2 0 (tinfo 0xda20fbb0)
09-07 04:25:18.382  2182  2468 D EGL_emulation: eglMakeCurrent: 0xda21a360: ver 2 0 (tinfo 0xda20f590)
09-07 04:25:18.389  2182  2182 W View    : requestLayout() improperly called by com.android.keyguard.AlphaOptimizedLinearLayout{551c6d8 V.E...... ......ID 7,0-48,61 #7f0a041c app:id/wifi_group} during second layout pass: posting in next frame
09-07 04:25:18.401  2182  2182 W View    : requestLayout() improperly called by StatusBarIconView(slot=mobile icon=null notification=null) during layout: running second layout pass
09-07 04:25:18.403  2434  2714 D EGL_emulation: eglMakeCurrent: 0xed453b60: ver 2 0 (tinfo 0xe233a960)
09-07 04:25:18.408 23540 23540 D LifecycleMonitor: Lifecycle status change: ru.iteco.fmhandroid.ui.AppActivity@1256d5d in: CREATED
09-07 04:25:18.409 23540 23540 V ActivityScenario: Update currentActivityStage to CREATED, currentActivity=ru.iteco.fmhandroid.ui.AppActivity@1256d5d
09-07 04:25:18.411  2182  2468 D EGL_emulation: eglMakeCurrent: 0xda21a360: ver 2 0 (tinfo 0xda20f590)
09-07 04:25:18.430  2182  2468 D EGL_emulation: eglMakeCurrent: 0xda21a360: ver 2 0 (tinfo 0xda20f590)
09-07 04:25:18.432  2182  2182 W View    : requestLayout() improperly called by com.android.keyguard.AlphaOptimizedLinearLayout{551c6d8 V.E...... ......ID 7,0-48,61 #7f0a041c app:id/wifi_group} during second layout pass: posting in next frame
09-07 04:25:18.447 23540 23540 D LifecycleMonitor: Lifecycle status change: ru.iteco.fmhandroid.ui.AppActivity@1256d5d in: STARTED
09-07 04:25:18.448 23540 23540 V ActivityScenario: Update currentActivityStage to STARTED, currentActivity=ru.iteco.fmhandroid.ui.AppActivity@1256d5d
09-07 04:25:18.450 23540 23540 D LifecycleMonitor: Lifecycle status change: ru.iteco.fmhandroid.ui.AppActivity@1256d5d in: RESUMED
09-07 04:25:18.450 23540 23540 V ActivityScenario: Update currentActivityStage to RESUMED, currentActivity=ru.iteco.fmhandroid.ui.AppActivity@1256d5d
09-07 04:25:18.452  2182  2182 W View    : requestLayout() improperly called by StatusBarIconView(slot=mobile icon=null notification=null) during layout: running second layout pass
09-07 04:25:18.452 23540 23583 W teco.fmhandroi: Accessing hidden method Lsun/misc/Unsafe;->compareAndSwapObject(Ljava/lang/Object;JLjava/lang/Object;Ljava/lang/Object;)Z (greylist, linking, allowed)
09-07 04:25:18.452 23540 23582 V FA      : Activity resumed, time: 3642344
09-07 04:25:18.456  2182  2468 D EGL_emulation: eglMakeCurrent: 0xda21a360: ver 2 0 (tinfo 0xda20f590)
09-07 04:25:18.501  1793  1793 D gralloc_ranchu: gralloc_alloc: Creating ashmem region of size 9113600
09-07 04:25:18.529  1793  1793 D gralloc_ranchu: gralloc_alloc: Creating ashmem region of size 9113600
09-07 04:25:18.538 23540 23632 D EGL_emulation: eglMakeCurrent: 0xed47fd00: ver 2 0 (tinfo 0xe22a70d0)
09-07 04:25:18.538  1793  1793 D gralloc_ranchu: gralloc_alloc: Creating ashmem region of size 9113600
09-07 04:25:18.594  2037  2065 I ActivityTaskManager: Displayed ru.iteco.fmhandroid/.ui.AppActivity: +374ms
09-07 04:25:18.608  2182  2182 W View    : requestLayout() improperly called by com.android.keyguard.AlphaOptimizedLinearLayout{551c6d8 V.E...... ......ID 7,0-48,61 #7f0a041c app:id/wifi_group} during second layout pass: posting in next frame
09-07 04:25:18.625 23540 23540 I ViewInteraction: Performing 'wait for a specific view with <an instance of android.widget.TextView and view.getText() with or without transformation to match: is "News"> during 10000 millis.' action on view view.getRootView() to equal view
09-07 04:25:18.628  2182  2182 W View    : requestLayout() improperly called by StatusBarIconView(slot=mobile icon=null notification=null) during layout: running second layout pass
09-07 04:25:18.637  7867 22594 V FA-SVC  : Logging event: origin=auto,name=screen_view(_vs),params=Bundle[{ga_event_origin(_o)=auto, ga_previous_class(_pc)=AppActivity, ga_previous_id(_pi)=7057929611104525204, ga_screen_class(_sc)=AppActivity, ga_screen_id(_si)=7057929611104525205}]
09-07 04:25:18.649  2666  2666 I dnsi    : onStop
09-07 04:25:18.662  2182  2182 W View    : requestLayout() improperly called by com.android.keyguard.AlphaOptimizedLinearLayout{551c6d8 V.E...... ......ID 7,0-48,61 #7f0a041c app:id/wifi_group} during second layout pass: posting in next frame
09-07 04:25:18.663  7867 22594 V FA-SVC  : Upload scheduled in approximately ms: 118447
09-07 04:25:18.663  7867 22594 V FA-SVC  : Unscheduling upload
09-07 04:25:18.664  2182  2182 W View    : requestLayout() improperly called by StatusBarIconView(slot=mobile icon=null notification=null) during layout: running second layout pass
09-07 04:25:18.667  7867 22594 V FA-SVC  : Scheduling upload, millis: 118447
09-07 04:25:18.669  7867 22594 V FA-SVC  : Background event processing time, ms: 35
09-07 04:25:18.672  1823  1823 W SurfaceFlinger: couldn't log to binary event log: overflow.
09-07 04:25:18.672  1823  1823 W SurfaceFlinger: couldn't log to binary event log: overflow.
09-07 04:25:18.682  2182  2182 W View    : requestLayout() improperly called by com.android.keyguard.AlphaOptimizedLinearLayout{551c6d8 V.E...... ......ID 7,0-48,61 #7f0a041c app:id/wifi_group} during second layout pass: posting in next frame
09-07 04:25:18.690  2182  2182 W View    : requestLayout() improperly called by StatusBarIconView(slot=mobile icon=null notification=null) during layout: running second layout pass
09-07 04:25:18.712  2182  2182 W View    : requestLayout() improperly called by com.android.keyguard.AlphaOptimizedLinearLayout{551c6d8 V.E...... ......ID 7,0-48,61 #7f0a041c app:id/wifi_group} during second layout pass: posting in next frame
09-07 04:25:18.724  2182  2182 W View    : requestLayout() improperly called by StatusBarIconView(slot=mobile icon=null notification=null) during layout: running second layout pass
09-07 04:25:18.748  2182  2182 W View    : requestLayout() improperly called by com.android.keyguard.AlphaOptimizedLinearLayout{551c6d8 V.E...... ......ID 7,0-48,61 #7f0a041c app:id/wifi_group} during second layout pass: posting in next frame
09-07 04:25:18.761  2182  2182 W View    : requestLayout() improperly called by StatusBarIconView(slot=mobile icon=null notification=null) during layout: running second layout pass
09-07 04:25:18.784  2182  2182 W View    : requestLayout() improperly called by com.android.keyguard.AlphaOptimizedLinearLayout{551c6d8 V.E...... ......ID 7,0-48,61 #7f0a041c app:id/wifi_group} during second layout pass: posting in next frame
09-07 04:25:18.794  2182  2182 W View    : requestLayout() improperly called by StatusBarIconView(slot=mobile icon=null notification=null) during layout: running second layout pass
09-07 04:25:18.817  2182  2182 W View    : requestLayout() improperly called by com.android.keyguard.AlphaOptimizedLinearLayout{551c6d8 V.E...... ......ID 7,0-48,61 #7f0a041c app:id/wifi_group} during second layout pass: posting in next frame
09-07 04:25:18.829  2182  2182 W View    : requestLayout() improperly called by StatusBarIconView(slot=mobile icon=null notification=null) during layout: running second layout pass
09-07 04:25:18.851  2182  2182 W View    : requestLayout() improperly called by com.android.keyguard.AlphaOptimizedLinearLayout{551c6d8 V.E...... ......ID 7,0-48,61 #7f0a041c app:id/wifi_group} during second layout pass: posting in next frame
09-07 04:25:18.863  2182  2182 W View    : requestLayout() improperly called by StatusBarIconView(slot=mobile icon=null notification=null) during layout: running second layout pass
09-07 04:25:19.161  1792  2272 E GnssHAL_GnssInterface: gnssSvStatusCb: a: input svInfo.flags is 8
09-07 04:25:19.161  1792  2272 E GnssHAL_GnssInterface: gnssSvStatusCb: b: input svInfo.flags is 8
09-07 04:25:19.473  1775  1775 D Zygote  : Forked child process 23694
09-07 04:25:19.475 23694 23694 W id.partnersetu: Unexpected CPU variant for X86 using defaults: x86
09-07 04:25:19.479 23694 23694 E id.partnersetu: Not starting debugger since process cannot load the jdwp agent.
09-07 04:25:19.482  2037  2067 I ActivityManager: Start proc 23694:com.google.android.partnersetup/u0a101 for service {com.google.android.partnersetup/com.google.android.partnersetup.InstalledAppJobService}
09-07 04:25:19.498  1774  1973 I netd    : trafficSwapActiveStatsMap() <44.38ms>
09-07 04:25:19.500  1774  1973 I netd    : tetherGetStats() <1.58ms>
09-07 04:25:19.511 23694 23694 I id.partnersetu: The ClassLoaderContext is a special shared library.
09-07 04:25:19.518  1774  1973 I netd    : bandwidthSetGlobalAlert(2097152) <0.08ms>
09-07 04:25:19.521 23694 23694 I id.partnersetu: The ClassLoaderContext is a special shared library.
09-07 04:25:20.162  1792  2272 E GnssHAL_GnssInterface: gnssSvStatusCb: a: input svInfo.flags is 8
09-07 04:25:20.163  1792  2272 E GnssHAL_GnssInterface: gnssSvStatusCb: b: input svInfo.flags is 8
09-07 04:25:21.163  1792  2272 E GnssHAL_GnssInterface: gnssSvStatusCb: a: input svInfo.flags is 8
09-07 04:25:21.163  1792  2272 E GnssHAL_GnssInterface: gnssSvStatusCb: b: input svInfo.flags is 8
09-07 04:25:21.702 23540 23632 D EGL_emulation: eglMakeCurrent: 0xed47fd00: ver 2 0 (tinfo 0xe22a70d0)
09-07 04:25:21.707  1793  1793 D gralloc_ranchu: gralloc_alloc: Creating ashmem region of size 9850880
09-07 04:25:21.713  2182  2182 W View    : requestLayout() improperly called by com.android.keyguard.AlphaOptimizedLinearLayout{551c6d8 V.E...... ......ID 7,0-48,61 #7f0a041c app:id/wifi_group} during second layout pass: posting in next frame
09-07 04:25:21.727  2182  2182 W View    : requestLayout() improperly called by StatusBarIconView(slot=mobile icon=null notification=null) during layout: running second layout pass
09-07 04:25:21.741 23540 23632 D EGL_emulation: eglMakeCurrent: 0xed47fd00: ver 2 0 (tinfo 0xe22a70d0)
09-07 04:25:21.779  8425  8425 D BoundBrokerSvc: onUnbind: Intent { act=com.google.android.gms.presencemanager.service.START dat=chimera-action: cmp=com.google.android.gms/.chimera.PersistentApiService }
09-07 04:25:21.779  8425  8425 D BoundBrokerSvc: onUnbind: Intent { act=com.google.android.gms.presencemanager.service.INTERNAL_IDENTITY dat=chimera-action: cmp=com.google.android.gms/.chimera.PersistentApiService }
09-07 04:25:21.904  1793  1793 D gralloc_ranchu: gralloc_alloc: Creating ashmem region of size 9850880
09-07 04:25:21.928  1793  1793 D gralloc_ranchu: gralloc_alloc: Creating ashmem region of size 9850880
09-07 04:25:22.162  1792  2272 E GnssHAL_GnssInterface: gnssSvStatusCb: a: input svInfo.flags is 8
09-07 04:25:22.163  1792  2272 E GnssHAL_GnssInterface: gnssSvStatusCb: b: input svInfo.flags is 8
09-07 04:25:23.163  1792  2272 E GnssHAL_GnssInterface: gnssSvStatusCb: a: input svInfo.flags is 8
09-07 04:25:23.163  1792  2272 E GnssHAL_GnssInterface: gnssSvStatusCb: b: input svInfo.flags is 8
09-07 04:25:23.461  2037  5216 D WificondControl: Scan result ready event
09-07 04:25:23.482  8425  8441 I ChimeraSrvcProxy: NullBinder for android.net.action.RECOMMEND_NETWORKS triggering remote TransactionTooLargeException due to Service without Chimera impl
09-07 04:25:23.674 23540 23582 V FA      : Inactivity, disconnecting from the service
09-07 04:25:24.163  1792  2272 E GnssHAL_GnssInterface: gnssSvStatusCb: a: input svInfo.flags is 8
09-07 04:25:24.163  1792  2272 E GnssHAL_GnssInterface: gnssSvStatusCb: b: input svInfo.flags is 8
09-07 04:25:25.162  1792  2272 E GnssHAL_GnssInterface: gnssSvStatusCb: a: input svInfo.flags is 8
09-07 04:25:25.162  1792  2272 E GnssHAL_GnssInterface: gnssSvStatusCb: b: input svInfo.flags is 8
09-07 04:25:26.162  1792  2272 E GnssHAL_GnssInterface: gnssSvStatusCb: a: input svInfo.flags is 8
09-07 04:25:26.162  1792  2272 E GnssHAL_GnssInterface: gnssSvStatusCb: b: input svInfo.flags is 8
09-07 04:25:27.162  1792  2272 E GnssHAL_GnssInterface: gnssSvStatusCb: a: input svInfo.flags is 8
09-07 04:25:27.163  1792  2272 E GnssHAL_GnssInterface: gnssSvStatusCb: b: input svInfo.flags is 8
09-07 04:25:28.160  2666  2666 I brdd    : (REDACTED) disposing SearchServiceClient after timeout %s
09-07 04:25:28.162  1792  2272 E GnssHAL_GnssInterface: gnssSvStatusCb: a: input svInfo.flags is 8
09-07 04:25:28.162  1792  2272 E GnssHAL_GnssInterface: gnssSvStatusCb: b: input svInfo.flags is 8
09-07 04:25:28.644 23540 23540 D takeScreenshot: Found 1 global views to redraw
09-07 04:25:28.677  7867  7867 D BoundBrokerSvc: onUnbind: Intent { act=com.google.android.gms.measurement.START pkg=com.google.android.gms }
09-07 04:25:28.681  2037  2065 E memtrack: Couldn't load memtrack module
09-07 04:25:28.681  2037  2065 W android.os.Debug: failed to get memory consumption info: -1
09-07 04:25:28.692  1793  1793 D gralloc_ranchu: gralloc_alloc: Creating ashmem region of size 9850880
09-07 04:25:28.729 23540 23583 W DefaultFailureHandler: Failed to take screenshot
09-07 04:25:28.729 23540 23583 W DefaultFailureHandler: java.io.FileNotFoundException: view-op-error-2.png: open failed: EROFS (Read-only file system)
09-07 04:25:28.729 23540 23583 W DefaultFailureHandler: 	at libcore.io.IoBridge.open(IoBridge.java:496)
09-07 04:25:28.729 23540 23583 W DefaultFailureHandler: 	at java.io.FileOutputStream.<init>(FileOutputStream.java:235)
09-07 04:25:28.729 23540 23583 W DefaultFailureHandler: 	at java.io.FileOutputStream.<init>(FileOutputStream.java:125)
09-07 04:25:28.729 23540 23583 W DefaultFailureHandler: 	at androidx.test.platform.io.FileTestStorage.openOutputFile(FileTestStorage.java:60)
09-07 04:25:28.729 23540 23583 W DefaultFailureHandler: 	at androidx.test.core.graphics.BitmapStorage.writeToTestStorage(BitmapStorageExt.kt:49)
09-07 04:25:28.729 23540 23583 W DefaultFailureHandler: 	at androidx.test.espresso.base.DefaultFailureHandler.takeScreenshot(DefaultFailureHandler.java:4)
09-07 04:25:28.729 23540 23583 W DefaultFailureHandler: 	at androidx.test.espresso.base.DefaultFailureHandler.handle(DefaultFailureHandler.java:3)
