09-07 04:06:26.467 17985 18029 W DefaultFailureHandler: 	at org.junit.runners.Suite.runChild(Suite.java:27)
09-07 04:06:26.467 17985 18029 W DefaultFailureHandler: 	at org.junit.runners.ParentRunner$4.run(ParentRunner.java:331)
09-07 04:06:26.467 17985 18029 W DefaultFailureHandler: 	at org.junit.runners.ParentRunner$1.schedule(ParentRunner.java:79)
09-07 04:06:26.467 17985 18029 W DefaultFailureHandler: 	at org.junit.runners.ParentRunner.runChildren(ParentRunner.java:329)
09-07 04:06:26.467 17985 18029 W DefaultFailureHandler: 	at org.junit.runners.ParentRunner.access$100(ParentRunner.java:66)
09-07 04:06:26.467 17985 18029 W DefaultFailureHandler: 	at org.junit.runners.ParentRunner$2.evaluate(ParentRunner.java:293)
09-07 04:06:26.467 17985 18029 W DefaultFailureHandler: 	at org.junit.runners.ParentRunner$3.evaluate(ParentRunner.java:306)
09-07 04:06:26.467 17985 18029 W DefaultFailureHandler: 	at org.junit.runners.ParentRunner.run(ParentRunner.java:413)
09-07 04:06:26.467 17985 18029 W DefaultFailureHandler: 	at org.junit.runner.JUnitCore.run(JUnitCore.java:137)
09-07 04:06:26.467 17985 18029 W DefaultFailureHandler: 	at org.junit.runner.JUnitCore.run(JUnitCore.java:115)
09-07 04:06:26.467 17985 18029 W DefaultFailureHandler: 	at androidx.test.internal.runner.TestExecutor.execute(TestExecutor.java:67)
09-07 04:06:26.467 17985 18029 W DefaultFailureHandler: 	at androidx.test.internal.runner.TestExecutor.execute(TestExecutor.java:58)
09-07 04:06:26.467 17985 18029 W DefaultFailureHandler: 	at androidx.test.runner.AndroidJUnitRunner.onStart(AndroidJUnitRunner.java:438)
09-07 04:06:26.467 17985 18029 W DefaultFailureHandler: 	at android.app.Instrumentation$InstrumentationThread.run(Instrumentation.java:2189)
09-07 04:06:26.467 17985 18029 W DefaultFailureHandler: Caused by: android.system.ErrnoException: open failed: EROFS (Read-only file system)
09-07 04:06:26.467 17985 18029 W DefaultFailureHandler: 	at libcore.io.Linux.open(Native Method)
09-07 04:06:26.467 17985 18029 W DefaultFailureHandler: 	at libcore.io.ForwardingOs.open(ForwardingOs.java:167)
09-07 04:06:26.467 17985 18029 W DefaultFailureHandler: 	at libcore.io.BlockGuardOs.open(BlockGuardOs.java:252)
09-07 04:06:26.467 17985 18029 W DefaultFailureHandler: 	at libcore.io.ForwardingOs.open(ForwardingOs.java:167)
09-07 04:06:26.467 17985 18029 W DefaultFailureHandler: 	at android.app.ActivityThread$AndroidOs.open(ActivityThread.java:7255)
09-07 04:06:26.467 17985 18029 W DefaultFailureHandler: 	at libcore.io.IoBridge.open(IoBridge.java:482)
09-07 04:06:26.467 17985 18029 W DefaultFailureHandler: 	... 49 more
09-07 04:06:26.471  1793 14098 D gralloc_ranchu: gralloc_alloc: Creating ashmem region of size 9850880
09-07 04:06:26.689  2037  3740 I ActivityTaskManager: START u0 {act=android.intent.action.MAIN cat=[android.intent.category.LAUNCHER] flg=0x10000000 cmp=ru.iteco.fmhandroid.test/androidx.test.core.app.InstrumentationActivityInvoker$EmptyActivity} from uid 10136
09-07 04:06:26.694 17985 17985 D LifecycleMonitor: Lifecycle status change: ru.iteco.fmhandroid.ui.AppActivity@c730ea5 in: PAUSED
09-07 04:06:26.694 17985 17985 V ActivityScenario: Update currentActivityStage to PAUSED, currentActivity=ru.iteco.fmhandroid.ui.AppActivity@c730ea5
09-07 04:06:26.695  2037  3740 W InputReader: Device has associated, but no associated display id.
09-07 04:06:26.696  2037  3740 I chatty  : uid=1000(system) Binder:2037_D identical 38 lines
09-07 04:06:26.696  2037  3740 W InputReader: Device has associated, but no associated display id.
09-07 04:06:26.696 17985 18031 V FA      : Recording user engagement, ms: 3744
09-07 04:06:26.696 18042 18042 W ActivityThread: handleWindowVisibility: no activity for token android.os.BinderProxy@fb116a1
09-07 04:06:26.698  2037  3740 W InputReader: Device has associated, but no associated display id.
09-07 04:06:26.698  2037  3740 I chatty  : uid=1000(system) Binder:2037_D identical 8 lines
09-07 04:06:26.698  2037  3740 W InputReader: Device has associated, but no associated display id.
09-07 04:06:26.734  1793 14098 D gralloc_ranchu: gralloc_alloc: Creating ashmem region of size 9850880
09-07 04:06:26.740  1793 14098 I chatty  : uid=1000(system) HwBinder:1793_3 identical 1 line
09-07 04:06:26.741  1793 14098 D gralloc_ranchu: gralloc_alloc: Creating ashmem region of size 9850880
09-07 04:06:26.742 18042 18074 D EGL_emulation: eglMakeCurrent: 0xda21a3c0: ver 2 0 (tinfo 0xda20f850)
09-07 04:06:26.750  7867 18034 V FA-SVC  : Logging event: origin=auto,name=user_engagement(_e),params=Bundle[{ga_event_origin(_o)=auto, engagement_time_msec(_et)=3744, ga_screen_class(_sc)=AppActivity, ga_screen_id(_si)=2417565805474579234}]
09-07 04:06:26.750 17985 18031 V FA      : Activity paused, time: 2510588
09-07 04:06:26.753  2037  3740 W InputReader: Device has associated, but no associated display id.
09-07 04:06:26.755  2037  3740 I chatty  : uid=1000(system) Binder:2037_D identical 48 lines
09-07 04:06:26.755  2037  3740 W InputReader: Device has associated, but no associated display id.
09-07 04:06:26.761 18042 18042 W ActivityThread: handleWindowVisibility: no activity for token android.os.BinderProxy@7819a38
09-07 04:06:26.762  8425  8425 D BoundBrokerSvc: onBind: Intent { act=com.google.android.gms.presencemanager.service.START dat=chimera-action: cmp=com.google.android.gms/.chimera.PersistentApiService }
09-07 04:06:26.762  8425  8425 D BoundBrokerSvc: Loading bound service for intent: Intent { act=com.google.android.gms.presencemanager.service.START dat=chimera-action: cmp=com.google.android.gms/.chimera.PersistentApiService }
09-07 04:06:26.767  8425  8425 D BoundBrokerSvc: onBind: Intent { act=com.google.android.gms.presencemanager.service.INTERNAL_IDENTITY dat=chimera-action: cmp=com.google.android.gms/.chimera.PersistentApiService }
09-07 04:06:26.767  8425  8425 D BoundBrokerSvc: Loading bound service for intent: Intent { act=com.google.android.gms.presencemanager.service.INTERNAL_IDENTITY dat=chimera-action: cmp=com.google.android.gms/.chimera.PersistentApiService }
09-07 04:06:26.720  2037  3740 I ActivityTaskManager: START u0 {act=android.intent.action.MAIN cat=[android.intent.category.LAUNCHER] flg=0x10000000 cmp=ru.iteco.fmhandroid.test/androidx.test.core.app.InstrumentationActivityInvoker$EmptyActivity} from uid 10136
09-07 04:06:26.775  2037  2459 W ActivityTaskManager: Duplicate finish request for ActivityRecord{4d5ff89 u0 ru.iteco.fmhandroid/.ui.AppActivity t715 f}
09-07 04:06:26.778  7867 18034 V FA-SVC  : Upload scheduled in approximately ms: 1250332
09-07 04:06:26.778  7867 18034 V FA-SVC  : Unscheduling upload
09-07 04:06:26.781  7867 18034 V FA-SVC  : Scheduling upload, millis: 1250332
09-07 04:06:26.783  7867 18034 V FA-SVC  : Background event processing time, ms: 35
09-07 04:06:26.790  1793 14098 D gralloc_ranchu: gralloc_alloc: Creating ashmem region of size 9850880
09-07 04:06:26.795  1793 14098 D gralloc_ranchu: gralloc_alloc: Creating ashmem region of size 9850880
09-07 04:06:26.796 18042 18074 D EGL_emulation: eglMakeCurrent: 0xda21a3c0: ver 2 0 (tinfo 0xda20f850)
09-07 04:06:26.797  1793 14098 D gralloc_ranchu: gralloc_alloc: Creating ashmem region of size 9850880
09-07 04:06:26.804  2037  2061 W InputReader: Device has associated, but no associated display id.
09-07 04:06:26.805  2037  2061 I chatty  : uid=1000(system) android.anim identical 18 lines
09-07 04:06:26.805  2037  2061 W InputReader: Device has associated, but no associated display id.
09-07 04:06:26.810  2037  2065 I ActivityTaskManager: Displayed ru.iteco.fmhandroid.test/androidx.test.core.app.InstrumentationActivityInvoker$EmptyActivity: +60ms
09-07 04:06:26.811  2037  3740 W InputReader: Device has associated, but no associated display id.
09-07 04:06:26.811  2037  3740 I chatty  : uid=1000(system) Binder:2037_D identical 8 lines
09-07 04:06:26.811  2037  3740 W InputReader: Device has associated, but no associated display id.
09-07 04:06:26.815 17985 18077 D EGL_emulation: eglMakeCurrent: 0xda21ade0: ver 2 0 (tinfo 0xda20f9e0)
09-07 04:06:26.823  2037  3740 W InputReader: Device has associated, but no associated display id.
09-07 04:06:26.824  2037  3740 I chatty  : uid=1000(system) Binder:2037_D identical 28 lines
09-07 04:06:26.824  2037  3740 W InputReader: Device has associated, but no associated display id.
09-07 04:06:26.827  2037  2065 E memtrack: Couldn't load memtrack module
09-07 04:06:26.827  2037  2065 W android.os.Debug: failed to get memory consumption info: -1
09-07 04:06:26.827 17985 17985 D LifecycleMonitor: Lifecycle status change: ru.iteco.fmhandroid.ui.AppActivity@c730ea5 in: STOPPED
09-07 04:06:26.828 17985 17985 V ActivityScenario: Update currentActivityStage to STOPPED, currentActivity=ru.iteco.fmhandroid.ui.AppActivity@c730ea5
09-07 04:06:26.830  1823  1823 W SurfaceFlinger: couldn't log to binary event log: overflow.
09-07 04:06:26.836  2037  3740 D ConnectivityService: requestNetwork for uid/pid:10113/17448 NetworkRequest [ TRACK_DEFAULT id=77, [ Capabilities: INTERNET&NOT_RESTRICTED&TRUSTED Uid: 10113] ]
09-07 04:06:26.837  2037  2143 D WifiNetworkFactory: got request NetworkRequest [ TRACK_DEFAULT id=77, [ Capabilities: INTERNET&NOT_RESTRICTED&TRUSTED Uid: 10113] ] with score 60 and serial -1
09-07 04:06:26.837  2037  2143 D UntrustedWifiNetworkFactory: got request NetworkRequest [ TRACK_DEFAULT id=77, [ Capabilities: INTERNET&NOT_RESTRICTED&TRUSTED Uid: 10113] ] with score 60 and serial -1
09-07 04:06:26.837  2279  2279 D PhoneSwitcherNetworkRequstListener: got request NetworkRequest [ TRACK_DEFAULT id=77, [ Capabilities: INTERNET&NOT_RESTRICTED&TRUSTED Uid: 10113] ] with score 60 and serial -1
09-07 04:06:26.843 17985 17985 D LifecycleMonitor: Lifecycle status change: ru.iteco.fmhandroid.ui.AppActivity@c730ea5 in: DESTROYED
09-07 04:06:26.844 17985 17985 V ActivityScenario: Update currentActivityStage to DESTROYED, currentActivity=null
09-07 04:06:26.855  1793 14098 D gralloc_ranchu: gralloc_alloc: Creating ashmem region of size 9850880
09-07 04:06:26.861  1793 14098 D gralloc_ranchu: gralloc_alloc: Creating ashmem region of size 9850880
09-07 04:06:26.862 17448 17469 D EGL_emulation: eglMakeCurrent: 0xda21a1e0: ver 2 0 (tinfo 0xda20f6c0)
