09-07 06:14:15.118  9067  9067 W System.err: 	at android.os.Handler.dispatchMessage(Handler.java:100)
09-07 06:14:15.118  9067  9067 W System.err: 	at android.os.Looper.loop(Looper.java:214)
09-07 06:14:15.118  9067  9067 W System.err: 	at android.app.ActivityThread.main(ActivityThread.java:7356)
09-07 06:14:15.118  9067  9067 W System.err: 	at java.lang.reflect.Method.invoke(Native Method)
09-07 06:14:15.118  9067  9067 W System.err: 	at com.android.internal.os.RuntimeInit$MethodAndArgsCaller.run(RuntimeInit.java:492)
09-07 06:14:15.119  9067  9067 W System.err: 	at com.android.internal.os.ZygoteInit.main(ZygoteInit.java:930)
09-07 06:14:15.569  1792  2272 E GnssHAL_GnssInterface: gnssSvStatusCb: a: input svInfo.flags is 8
09-07 06:14:15.569  1792  2272 E GnssHAL_GnssInterface: gnssSvStatusCb: b: input svInfo.flags is 8
09-07 06:14:16.569  1792  2272 E GnssHAL_GnssInterface: gnssSvStatusCb: a: input svInfo.flags is 8
09-07 06:14:16.569  1792  2272 E GnssHAL_GnssInterface: gnssSvStatusCb: b: input svInfo.flags is 8
09-07 06:14:17.568  1792  2272 E GnssHAL_GnssInterface: gnssSvStatusCb: a: input svInfo.flags is 8
09-07 06:14:17.569  1792  2272 E GnssHAL_GnssInterface: gnssSvStatusCb: b: input svInfo.flags is 8
09-07 06:14:18.569  1792  2272 E GnssHAL_GnssInterface: gnssSvStatusCb: a: input svInfo.flags is 8
09-07 06:14:18.569  1792  2272 E GnssHAL_GnssInterface: gnssSvStatusCb: b: input svInfo.flags is 8
09-07 06:14:19.158  9067  9333 I okhttp.OkHttpClient: <-- HTTP FAILED: java.net.SocketTimeoutException: timeout
09-07 06:14:19.159  9067  9067 W System.err: ru.iteco.fmhandroid.exceptions.ServerException
09-07 06:14:19.160  9067  9067 W System.err: 	at ru.iteco.fmhandroid.utils.Utils.makeRequest(Utils.kt:119)
09-07 06:14:19.160  9067  9067 W System.err: 	at ru.iteco.fmhandroid.utils.Utils$makeRequest$1.invokeSuspend(Unknown Source:15)
09-07 06:14:19.160  9067  9067 W System.err: 	at kotlin.coroutines.jvm.internal.BaseContinuationImpl.resumeWith(ContinuationImpl.kt:33)
09-07 06:14:19.160  9067  9067 W System.err: 	at kotlinx.coroutines.DispatchedTask.run(DispatchedTask.kt:104)
09-07 06:14:19.160  9067  9067 W System.err: 	at android.os.Handler.handleCallback(Handler.java:883)
09-07 06:14:19.161  9067  9067 W System.err: 	at android.os.Handler.dispatchMessage(Handler.java:100)
09-07 06:14:19.161  9067  9067 W System.err: 	at androidx.test.espresso.base.Interrogator.loopAndInterrogate(Interrogator.java:14)
09-07 06:14:19.161  9067  9067 W System.err: 	at androidx.test.espresso.base.UiControllerImpl.loopUntil(UiControllerImpl.java:8)
09-07 06:14:19.162  9067  9067 W System.err: 	at androidx.test.espresso.base.UiControllerImpl.loopMainThreadUntilIdle(UiControllerImpl.java:16)
09-07 06:14:19.162  9067  9067 W System.err: 	at androidx.test.espresso.base.UiControllerImpl.loopMainThreadForAtLeast(UiControllerImpl.java:8)
09-07 06:14:19.162  9067  9067 W System.err: 	at ru.iteco.fmhandroid.ui.data.ViewActions$1.perform(ViewActions.java:48)
09-07 06:14:19.162  9067  9067 W System.err: 	at androidx.test.espresso.ViewInteraction$SingleExecutionViewAction.perform(ViewInteraction.java:2)
09-07 06:14:19.162  9067  9067 W System.err: 	at androidx.test.espresso.ViewInteraction.doPerform(ViewInteraction.java:25)
09-07 06:14:19.163  9067  9067 W System.err: 	at androidx.test.espresso.ViewInteraction.-$$Nest$mdoPerform(Unknown Source:0)
09-07 06:14:19.163  9067  9067 W System.err: 	at androidx.test.espresso.ViewInteraction$1.call(ViewInteraction.java:7)
09-07 06:14:19.163  9067  9067 W System.err: 	at androidx.test.espresso.ViewInteraction$1.call(ViewInteraction.java:1)
09-07 06:14:19.163  9067  9067 W System.err: 	at java.util.concurrent.FutureTask.run(FutureTask.java:266)
09-07 06:14:19.163  9067  9067 W System.err: 	at android.os.Handler.handleCallback(Handler.java:883)
09-07 06:14:19.163  9067  9067 W System.err: 	at android.os.Handler.dispatchMessage(Handler.java:100)
09-07 06:14:19.163  9067  9067 W System.err: 	at android.os.Looper.loop(Looper.java:214)
09-07 06:14:19.163  9067  9067 W System.err: 	at android.app.ActivityThread.main(ActivityThread.java:7356)
09-07 06:14:19.164  9067  9067 W System.err: 	at java.lang.reflect.Method.invoke(Native Method)
09-07 06:14:19.164  9067  9067 W System.err: 	at com.android.internal.os.RuntimeInit$MethodAndArgsCaller.run(RuntimeInit.java:492)
09-07 06:14:19.164  9067  9067 W System.err: 	at com.android.internal.os.ZygoteInit.main(ZygoteInit.java:930)
09-07 06:14:19.233  1793  1793 D gralloc_ranchu: gralloc_alloc: Creating ashmem region of size 339968
09-07 06:14:19.251  1793  1793 I chatty  : uid=1000(system) allocator@2.0-s identical 1 line
09-07 06:14:19.259  1793  1793 D gralloc_ranchu: gralloc_alloc: Creating ashmem region of size 339968
09-07 06:14:19.263  9067  9293 D EGL_emulation: eglMakeCurrent: 0xda21a9c0: ver 2 0 (tinfo 0xda20fc10)
09-07 06:14:19.294  9067  9293 D EGL_emulation: eglMakeCurrent: 0xda21a9c0: ver 2 0 (tinfo 0xda20fc10)
09-07 06:14:19.327  9067  9067 D takeScreenshot: Found 2 global views to redraw
09-07 06:14:19.354  9067  9293 D EGL_emulation: eglMakeCurrent: 0xda21a9c0: ver 2 0 (tinfo 0xda20fc10)
09-07 06:14:19.377  1793  1793 D gralloc_ranchu: gralloc_alloc: Creating ashmem region of size 9850880
09-07 06:14:19.418  9067  9235 W DefaultFailureHandler: Failed to take screenshot
09-07 06:14:19.418  9067  9235 W DefaultFailureHandler: java.io.FileNotFoundException: view-op-error-13.png: open failed: EROFS (Read-only file system)
09-07 06:14:19.418  9067  9235 W DefaultFailureHandler: 	at libcore.io.IoBridge.open(IoBridge.java:496)
09-07 06:14:19.418  9067  9235 W DefaultFailureHandler: 	at java.io.FileOutputStream.<init>(FileOutputStream.java:235)
09-07 06:14:19.418  9067  9235 W DefaultFailureHandler: 	at java.io.FileOutputStream.<init>(FileOutputStream.java:125)
09-07 06:14:19.418  9067  9235 W DefaultFailureHandler: 	at androidx.test.platform.io.FileTestStorage.openOutputFile(FileTestStorage.java:60)
09-07 06:14:19.418  9067  9235 W DefaultFailureHandler: 	at androidx.test.core.graphics.BitmapStorage.writeToTestStorage(BitmapStorageExt.kt:49)
09-07 06:14:19.418  9067  9235 W DefaultFailureHandler: 	at androidx.test.espresso.base.DefaultFailureHandler.takeScreenshot(DefaultFailureHandler.java:4)
09-07 06:14:19.418  9067  9235 W DefaultFailureHandler: 	at androidx.test.espresso.base.DefaultFailureHandler.handle(DefaultFailureHandler.java:3)
09-07 06:14:19.418  9067  9235 W DefaultFailureHandler: 	at androidx.test.espresso.ViewInteraction.waitForAndHandleInteractionResults(ViewInteraction.java:8)
09-07 06:14:19.418  9067  9235 W DefaultFailureHandler: 	at androidx.test.espresso.ViewInteraction.desugaredPerform(ViewInteraction.java:11)
09-07 06:14:19.418  9067  9235 W DefaultFailureHandler: 	at androidx.test.espresso.ViewInteraction.perform(ViewInteraction.java:8)
09-07 06:14:19.418  9067  9235 W DefaultFailureHandler: 	at ru.iteco.fmhandroid.ui.data.TestUtils.waitView(TestUtils.java:61)
09-07 06:14:19.418  9067  9235 W DefaultFailureHandler: 	at ru.iteco.fmhandroid.ui.steps.ControlPanelSteps.scrollToElementInRecyclerList(ControlPanelSteps.java:202)
09-07 06:14:19.418  9067  9235 W DefaultFailureHandler: 	at ru.iteco.fmhandroid.ui.steps.ControlPanelSteps.checkNewsIsPresent(ControlPanelSteps.java:309)
09-07 06:14:19.418  9067  9235 W DefaultFailureHandler: 	at ru.iteco.fmhandroid.ui.steps.ControlPanelSteps.openNewsCard(ControlPanelSteps.java:323)
09-07 06:14:19.418  9067  9235 W DefaultFailureHandler: 	at ru.iteco.fmhandroid.ui.ControlPanelTest.shouldNotEditTheNews(ControlPanelTest.java:142)
09-07 06:14:19.418  9067  9235 W DefaultFailureHandler: 	at java.lang.reflect.Method.invoke(Native Method)
09-07 06:14:19.418  9067  9235 W DefaultFailureHandler: 	at org.junit.runners.model.FrameworkMethod$1.runReflectiveCall(FrameworkMethod.java:59)
09-07 06:14:19.418  9067  9235 W DefaultFailureHandler: 	at org.junit.internal.runners.model.ReflectiveCallable.run(ReflectiveCallable.java:12)
09-07 06:14:19.418  9067  9235 W DefaultFailureHandler: 	at org.junit.runners.model.FrameworkMethod.invokeExplosively(FrameworkMethod.java:56)
09-07 06:14:19.418  9067  9235 W DefaultFailureHandler: 	at org.junit.internal.runners.statements.InvokeMethod.evaluate(InvokeMethod.java:17)
09-07 06:14:19.418  9067  9235 W DefaultFailureHandler: 	at androidx.test.internal.runner.junit4.statement.RunBefores.evaluate(RunBefores.java:80)
09-07 06:14:19.418  9067  9235 W DefaultFailureHandler: 	at io.qameta.allure.android.rules.ScreenshotRule$apply$1.evaluate(ScreenshotRule.kt:22)
09-07 06:14:19.418  9067  9235 W DefaultFailureHandler: 	at org.junit.rules.ExternalResource$1.evaluate(ExternalResource.java:54)
09-07 06:14:19.418  9067  9235 W DefaultFailureHandler: 	at io.qameta.allure.android.rules.LogcatRule$apply$1.evaluate(LogcatRule.kt:23)
09-07 06:14:19.418  9067  9235 W DefaultFailureHandler: 	at org.junit.rules.RunRules.evaluate(RunRules.java:20)
09-07 06:14:19.418  9067  9235 W DefaultFailureHandler: 	at org.junit.runners.ParentRunner$3.evaluate(ParentRunner.java:306)
09-07 06:14:19.418  9067  9235 W DefaultFailureHandler: 	at org.junit.runners.BlockJUnit4ClassRunner$1.evaluate(BlockJUnit4ClassRunner.java:100)
09-07 06:14:19.418  9067  9235 W DefaultFailureHandler: 	at org.junit.runners.ParentRunner.runLeaf(ParentRunner.java:366)
09-07 06:14:19.418  9067  9235 W DefaultFailureHandler: 	at org.junit.runners.BlockJUnit4ClassRunner.runChild(BlockJUnit4ClassRunner.java:103)
09-07 06:14:19.418  9067  9235 W DefaultFailureHandler: 	at org.junit.runners.BlockJUnit4ClassRunner.runChild(BlockJUnit4ClassRunner.java:63)
09-07 06:14:19.418  9067  9235 W DefaultFailureHandler: 	at org.junit.runners.ParentRunner$4.run(ParentRunner.java:331)
09-07 06:14:19.418  9067  9235 W DefaultFailureHandler: 	at org.junit.runners.ParentRunner$1.schedule(ParentRunner.java:79)
09-07 06:14:19.418  9067  9235 W DefaultFailureHandler: 	at org.junit.runners.ParentRunner.runChildren(ParentRunner.java:329)
09-07 06:14:19.418  9067  9235 W DefaultFailureHandler: 	at org.junit.runners.ParentRunner.access$100(ParentRunner.java:66)
09-07 06:14:19.418  9067  9235 W DefaultFailureHandler: 	at org.junit.runners.ParentRunner$2.evaluate(ParentRunner.java:293)
09-07 06:14:19.418  9067  9235 W DefaultFailureHandler: 	at org.junit.runners.ParentRunner$3.evaluate(ParentRunner.java:306)
09-07 06:14:19.418  9067  9235 W DefaultFailureHandler: 	at org.junit.runners.ParentRunner.run(ParentRunner.java:413)
09-07 06:14:19.418  9067  9235 W DefaultFailureHandler: 	at androidx.test.ext.junit.runners.AndroidJUnit4.run(AndroidJUnit4.java:162)
09-07 06:14:19.418  9067  9235 W DefaultFailureHandler: 	at io.qameta.allure.android.runners.AllureAndroidJUnit4.run(AllureAndroidJUnitRunners.kt:29)
09-07 06:14:19.418  9067  9235 W DefaultFailureHandler: 	at org.junit.runners.Suite.runChild(Suite.java:128)
09-07 06:14:19.418  9067  9235 W DefaultFailureHandler: 	at org.junit.runners.Suite.runChild(Suite.java:27)
09-07 06:14:19.418  9067  9235 W DefaultFailureHandler: 	at org.junit.runners.ParentRunner$4.run(ParentRunner.java:331)
09-07 06:14:19.418  9067  9235 W DefaultFailureHandler: 	at org.junit.runners.ParentRunner$1.schedule(ParentRunner.java:79)
09-07 06:14:19.418  9067  9235 W DefaultFailureHandler: 	at org.junit.runners.ParentRunner.runChildren(ParentRunner.java:329)
09-07 06:14:19.418  9067  9235 W DefaultFailureHandler: 	at org.junit.runners.ParentRunner.access$100(ParentRunner.java:66)
09-07 06:14:19.418  9067  9235 W DefaultFailureHandler: 	at org.junit.runners.ParentRunner$2.evaluate(ParentRunner.java:293)
09-07 06:14:19.418  9067  9235 W DefaultFailureHandler: 	at org.junit.runners.ParentRunner$3.evaluate(ParentRunner.java:306)
09-07 06:14:19.418  9067  9235 W DefaultFailureHandler: 	at org.junit.runners.ParentRunner.run(ParentRunner.java:413)
09-07 06:14:19.418  9067  9235 W DefaultFailureHandler: 	at org.junit.runner.JUnitCore.run(JUnitCore.java:137)
09-07 06:14:19.418  9067  9235 W DefaultFailureHandler: 	at org.junit.runner.JUnitCore.run(JUnitCore.java:115)
09-07 06:14:19.418  9067  9235 W DefaultFailureHandler: 	at androidx.test.internal.runner.TestExecutor.execute(TestExecutor.java:67)
09-07 06:14:19.419  9067  9235 W DefaultFailureHandler: 	at androidx.test.internal.runner.TestExecutor.execute(TestExecutor.java:58)
09-07 06:14:19.419  9067  9235 W DefaultFailureHandler: 	at androidx.test.runner.AndroidJUnitRunner.onStart(AndroidJUnitRunner.java:438)
09-07 06:14:19.419  9067  9235 W DefaultFailureHandler: 	at android.app.Instrumentation$InstrumentationThread.run(Instrumentation.java:2189)
09-07 06:14:19.419  9067  9235 W DefaultFailureHandler: Caused by: android.system.ErrnoException: open failed: EROFS (Read-only file system)
09-07 06:14:19.419  9067  9235 W DefaultFailureHandler: 	at libcore.io.Linux.open(Native Method)
09-07 06:14:19.419  9067  9235 W DefaultFailureHandler: 	at libcore.io.ForwardingOs.open(ForwardingOs.java:167)
09-07 06:14:19.419  9067  9235 W DefaultFailureHandler: 	at libcore.io.BlockGuardOs.open(BlockGuardOs.java:252)
09-07 06:14:19.419  9067  9235 W DefaultFailureHandler: 	at libcore.io.ForwardingOs.open(ForwardingOs.java:167)
09-07 06:14:19.419  9067  9235 W DefaultFailureHandler: 	at android.app.ActivityThread$AndroidOs.open(ActivityThread.java:7255)
09-07 06:14:19.419  9067  9235 W DefaultFailureHandler: 	at libcore.io.IoBridge.open(IoBridge.java:482)
09-07 06:14:19.419  9067  9235 W DefaultFailureHandler: 	... 53 more
09-07 06:14:19.426  1793  1793 D gralloc_ranchu: gralloc_alloc: Creating ashmem region of size 9850880
09-07 06:14:19.567  1792  2272 E GnssHAL_GnssInterface: gnssSvStatusCb: a: input svInfo.flags is 8
09-07 06:14:19.567  1792  2272 E GnssHAL_GnssInterface: gnssSvStatusCb: b: input svInfo.flags is 8
09-07 06:14:19.583  2037  2459 I ActivityTaskManager: START u0 {act=android.intent.action.MAIN cat=[android.intent.category.LAUNCHER] flg=0x10000000 cmp=ru.iteco.fmhandroid.test/androidx.test.core.app.InstrumentationActivityInvoker$EmptyActivity} from uid 10136
09-07 06:14:19.589  9067  9067 D LifecycleMonitor: Lifecycle status change: ru.iteco.fmhandroid.ui.AppActivity@db286f7 in: PAUSED
09-07 06:14:19.589  9067  9067 V ActivityScenario: Update currentActivityStage to PAUSED, currentActivity=ru.iteco.fmhandroid.ui.AppActivity@db286f7
09-07 06:14:19.591  2037  2459 W InputReader: Device has associated, but no associated display id.
09-07 06:14:19.591  9067  9230 V FA      : Recording user engagement, ms: 24936
09-07 06:14:19.591  2037  2459 W InputReader: Device has associated, but no associated display id.
09-07 06:14:19.593  2037  2459 I chatty  : uid=1000(system) Binder:2037_9 identical 37 lines
09-07 06:14:19.593  2037  2459 W InputReader: Device has associated, but no associated display id.
09-07 06:14:19.594  9256  9256 W ActivityThread: handleWindowVisibility: no activity for token android.os.BinderProxy@a3d0111
09-07 06:14:19.596  2037  2459 W InputReader: Device has associated, but no associated display id.
09-07 06:14:19.596  2037  2459 I chatty  : uid=1000(system) Binder:2037_9 identical 8 lines
09-07 06:14:19.596  2037  2459 W InputReader: Device has associated, but no associated display id.
09-07 06:14:19.655  1793  1793 D gralloc_ranchu: gralloc_alloc: Creating ashmem region of size 9850880
09-07 06:14:19.666  9067  9230 V FA      : Connecting to remote service
09-07 06:14:19.671  9067  9293 D EGL_emulation: eglMakeCurrent: 0xda21a9c0: ver 2 0 (tinfo 0xda20fc10)
09-07 06:14:19.676  7867  7867 D BoundBrokerSvc: onBind: Intent { act=com.google.android.gms.measurement.START pkg=com.google.android.gms }
09-07 06:14:19.676  7867  7867 D BoundBrokerSvc: Loading bound service for intent: Intent { act=com.google.android.gms.measurement.START pkg=com.google.android.gms }
09-07 06:14:19.677  1793  1793 D gralloc_ranchu: gralloc_alloc: Creating ashmem region of size 9850880
09-07 06:14:19.682  9256  9290 D EGL_emulation: eglMakeCurrent: 0xda21a240: ver 2 0 (tinfo 0xda20f0a0)
09-07 06:14:19.682  1793  1793 D gralloc_ranchu: gralloc_alloc: Creating ashmem region of size 9850880
09-07 06:14:19.687  9067  9230 V FA      : Connection attempt already in progress
09-07 06:14:19.687  9067  9230 V FA      : Activity paused, time: 9804300
09-07 06:14:19.703  9067  9230 D FA      : Connected to remote service
09-07 06:14:19.704  9067  9230 V FA      : Processing queued up service tasks: 2
09-07 06:14:19.709  2037  2061 W InputReader: Device has associated, but no associated display id.
09-07 06:14:19.709  2037  2061 I chatty  : uid=1000(system) android.anim identical 18 lines
09-07 06:14:19.709  2037  2061 W InputReader: Device has associated, but no associated display id.
09-07 06:14:19.717  2037  2065 I ActivityTaskManager: Displayed ru.iteco.fmhandroid.test/androidx.test.core.app.InstrumentationActivityInvoker$EmptyActivity: +126ms
09-07 06:14:19.718  2037  2302 I ActivityTaskManager: START u0 {act=android.intent.action.MAIN cat=[android.intent.category.LAUNCHER] flg=0x10000000 cmp=ru.iteco.fmhandroid.test/androidx.test.core.app.InstrumentationActivityInvoker$EmptyActivity} from uid 10136
09-07 06:14:19.732  9067  9293 D EGL_emulation: eglMakeCurrent: 0xda21a9c0: ver 2 0 (tinfo 0xda20fc10)
09-07 06:14:19.758  7867  9646 V FA-SVC  : Logging event: origin=auto,name=user_engagement(_e),params=Bundle[{ga_event_origin(_o)=auto, engagement_time_msec(_et)=24936, ga_screen_class(_sc)=AppActivity, ga_screen_id(_si)=5099809632112841111}]
09-07 06:14:19.766  2037  2311 W InputReader: Device has associated, but no associated display id.
09-07 06:14:19.771  2037  2311 I chatty  : uid=1000(system) Binder:2037_6 identical 48 lines
09-07 06:14:19.771  2037  2311 W InputReader: Device has associated, but no associated display id.
09-07 06:14:19.775  9067  9067 D LifecycleMonitor: Lifecycle status change: ru.iteco.fmhandroid.ui.AppActivity@db286f7 in: STOPPED
09-07 06:14:19.775  9067  9067 V ActivityScenario: Update currentActivityStage to STOPPED, currentActivity=ru.iteco.fmhandroid.ui.AppActivity@db286f7
09-07 06:14:19.794  9256  9256 W ActivityThread: handleWindowVisibility: no activity for token android.os.BinderProxy@761d468
09-07 06:14:19.802  9067  9067 D LifecycleMonitor: Lifecycle status change: ru.iteco.fmhandroid.ui.AppActivity@db286f7 in: DESTROYED
09-07 06:14:19.802  9067  9067 V ActivityScenario: Update currentActivityStage to DESTROYED, currentActivity=null
09-07 06:14:19.837  7867  9646 V FA-SVC  : Upload scheduled in approximately ms: 781112
09-07 06:14:19.837  7867  9646 V FA-SVC  : Unscheduling upload
09-07 06:14:19.842  7867  9646 V FA-SVC  : Scheduling upload, millis: 781112
09-07 06:14:19.848  1793  1793 D gralloc_ranchu: gralloc_alloc: Creating ashmem region of size 9850880
09-07 06:14:19.863  1793  1793 D gralloc_ranchu: gralloc_alloc: Creating ashmem region of size 9850880
09-07 06:14:19.867  9256  9290 D EGL_emulation: eglMakeCurrent: 0xda21a240: ver 2 0 (tinfo 0xda20f0a0)
09-07 06:14:19.868  1793  1793 D gralloc_ranchu: gralloc_alloc: Creating ashmem region of size 9850880
09-07 06:14:19.892  7867  9646 V FA-SVC  : Background event processing time, ms: 135
