09-07 04:22:09.897 21620 21663 W DefaultFailureHandler: 	at org.junit.runners.ParentRunner$3.evaluate(ParentRunner.java:306)
09-07 04:22:09.897 21620 21663 W DefaultFailureHandler: 	at org.junit.runners.ParentRunner.run(ParentRunner.java:413)
09-07 04:22:09.897 21620 21663 W DefaultFailureHandler: 	at androidx.test.ext.junit.runners.AndroidJUnit4.run(AndroidJUnit4.java:162)
09-07 04:22:09.897 21620 21663 W DefaultFailureHandler: 	at io.qameta.allure.android.runners.AllureAndroidJUnit4.run(AllureAndroidJUnitRunners.kt:29)
09-07 04:22:09.897 21620 21663 W DefaultFailureHandler: 	at org.junit.runners.Suite.runChild(Suite.java:128)
09-07 04:22:09.897 21620 21663 W DefaultFailureHandler: 	at org.junit.runners.Suite.runChild(Suite.java:27)
09-07 04:22:09.897 21620 21663 W DefaultFailureHandler: 	at org.junit.runners.ParentRunner$4.run(ParentRunner.java:331)
09-07 04:22:09.897 21620 21663 W DefaultFailureHandler: 	at org.junit.runners.ParentRunner$1.schedule(ParentRunner.java:79)
09-07 04:22:09.897 21620 21663 W DefaultFailureHandler: 	at org.junit.runners.ParentRunner.runChildren(ParentRunner.java:329)
09-07 04:22:09.897 21620 21663 W DefaultFailureHandler: 	at org.junit.runners.ParentRunner.access$100(ParentRunner.java:66)
09-07 04:22:09.897 21620 21663 W DefaultFailureHandler: 	at org.junit.runners.ParentRunner$2.evaluate(ParentRunner.java:293)
09-07 04:22:09.897 21620 21663 W DefaultFailureHandler: 	at org.junit.runners.ParentRunner$3.evaluate(ParentRunner.java:306)
09-07 04:22:09.897 21620 21663 W DefaultFailureHandler: 	at org.junit.runners.ParentRunner.run(ParentRunner.java:413)
09-07 04:22:09.897 21620 21663 W DefaultFailureHandler: 	at org.junit.runner.JUnitCore.run(JUnitCore.java:137)
09-07 04:22:09.897 21620 21663 W DefaultFailureHandler: 	at org.junit.runner.JUnitCore.run(JUnitCore.java:115)
09-07 04:22:09.897 21620 21663 W DefaultFailureHandler: 	at androidx.test.internal.runner.TestExecutor.execute(TestExecutor.java:67)
09-07 04:22:09.897 21620 21663 W DefaultFailureHandler: 	at androidx.test.internal.runner.TestExecutor.execute(TestExecutor.java:58)
09-07 04:22:09.897 21620 21663 W DefaultFailureHandler: 	at androidx.test.runner.AndroidJUnitRunner.onStart(AndroidJUnitRunner.java:438)
09-07 04:22:09.897 21620 21663 W DefaultFailureHandler: 	at android.app.Instrumentation$InstrumentationThread.run(Instrumentation.java:2189)
09-07 04:22:09.897 21620 21663 W DefaultFailureHandler: Caused by: android.system.ErrnoException: open failed: EROFS (Read-only file system)
09-07 04:22:09.897 21620 21663 W DefaultFailureHandler: 	at libcore.io.Linux.open(Native Method)
09-07 04:22:09.897 21620 21663 W DefaultFailureHandler: 	at libcore.io.ForwardingOs.open(ForwardingOs.java:167)
09-07 04:22:09.897 21620 21663 W DefaultFailureHandler: 	at libcore.io.BlockGuardOs.open(BlockGuardOs.java:252)
09-07 04:22:09.897 21620 21663 W DefaultFailureHandler: 	at libcore.io.ForwardingOs.open(ForwardingOs.java:167)
09-07 04:22:09.897 21620 21663 W DefaultFailureHandler: 	at android.app.ActivityThread$AndroidOs.open(ActivityThread.java:7255)
09-07 04:22:09.897 21620 21663 W DefaultFailureHandler: 	at libcore.io.IoBridge.open(IoBridge.java:482)
09-07 04:22:09.897 21620 21663 W DefaultFailureHandler: 	... 50 more
09-07 04:22:09.903  1793  2554 D gralloc_ranchu: gralloc_alloc: Creating ashmem region of size 9850880
09-07 04:22:10.033 21620 21633 I teco.fmhandroi: NativeAlloc concurrent copying GC freed 83779(3459KB) AllocSpace objects, 5(160KB) LOS objects, 49% free, 5971KB/11MB, paused 16.859ms total 84.242ms
09-07 04:22:10.134  1792  2272 E GnssHAL_GnssInterface: gnssSvStatusCb: a: input svInfo.flags is 8
09-07 04:22:10.134  1792  2272 E GnssHAL_GnssInterface: gnssSvStatusCb: b: input svInfo.flags is 8
09-07 04:22:10.215  2037  2428 I ActivityTaskManager: START u0 {act=android.intent.action.MAIN cat=[android.intent.category.LAUNCHER] flg=0x10000000 cmp=ru.iteco.fmhandroid.test/androidx.test.core.app.InstrumentationActivityInvoker$EmptyActivity} from uid 10136
09-07 04:22:10.228 21620 21620 D LifecycleMonitor: Lifecycle status change: ru.iteco.fmhandroid.ui.AppActivity@e481545 in: PAUSED
09-07 04:22:10.228 21620 21620 V ActivityScenario: Update currentActivityStage to PAUSED, currentActivity=ru.iteco.fmhandroid.ui.AppActivity@e481545
09-07 04:22:10.229  2037  8423 W InputReader: Device has associated, but no associated display id.
09-07 04:22:10.230  2037  8423 I chatty  : uid=1000(system) Binder:2037_20 identical 13 lines
09-07 04:22:10.230  2037  8423 W InputReader: Device has associated, but no associated display id.
09-07 04:22:10.230 21620 21662 V FA      : Recording user engagement, ms: 10699
09-07 04:22:10.230  2037  8423 W InputReader: Device has associated, but no associated display id.
09-07 04:22:10.231  2037  8423 I chatty  : uid=1000(system) Binder:2037_20 identical 23 lines
09-07 04:22:10.231  2037  8423 W InputReader: Device has associated, but no associated display id.
09-07 04:22:10.231 21677 21677 W ActivityThread: handleWindowVisibility: no activity for token android.os.BinderProxy@5f8e2c5
09-07 04:22:10.234  2037  8423 W InputReader: Device has associated, but no associated display id.
09-07 04:22:10.302  2037  4613 I ActivityTaskManager: START u0 {act=android.intent.action.MAIN cat=[android.intent.category.LAUNCHER] flg=0x10000000 cmp=ru.iteco.fmhandroid.test/androidx.test.core.app.InstrumentationActivityInvoker$EmptyActivity} from uid 10136
09-07 04:22:10.235  2037  8423 I chatty  : uid=1000(system) Binder:2037_20 identical 8 lines
09-07 04:22:10.235  2037  8423 W InputReader: Device has associated, but no associated display id.
09-07 04:22:10.315 21620 21662 V FA      : Connecting to remote service
09-07 04:22:10.346  1793  2554 D gralloc_ranchu: gralloc_alloc: Creating ashmem region of size 9850880
09-07 04:22:10.365  7867  7867 D BoundBrokerSvc: onBind: Intent { act=com.google.android.gms.measurement.START pkg=com.google.android.gms }
09-07 04:22:10.365  7867  7867 D BoundBrokerSvc: Loading bound service for intent: Intent { act=com.google.android.gms.measurement.START pkg=com.google.android.gms }
09-07 04:22:10.367  1793  2554 D gralloc_ranchu: gralloc_alloc: Creating ashmem region of size 9850880
09-07 04:22:10.370 21677 21708 D EGL_emulation: eglMakeCurrent: 0xd6c2f3c0: ver 2 0 (tinfo 0xed4892c0)
09-07 04:22:10.374  1793  2554 D gralloc_ranchu: gralloc_alloc: Creating ashmem region of size 9850880
09-07 04:22:10.392 21620 21662 V FA      : Connection attempt already in progress
09-07 04:22:10.392 21620 21662 V FA      : Activity paused, time: 3454121
09-07 04:22:10.398  2037  2311 W InputReader: Device has associated, but no associated display id.
09-07 04:22:10.401  2037  2311 I chatty  : uid=1000(system) Binder:2037_6 identical 48 lines
09-07 04:22:10.401  2037  2311 W InputReader: Device has associated, but no associated display id.
09-07 04:22:10.405 21620 21662 D FA      : Connected to remote service
09-07 04:22:10.406 21620 21662 V FA      : Processing queued up service tasks: 2
09-07 04:22:10.412 21677 21677 W ActivityThread: handleWindowVisibility: no activity for token android.os.BinderProxy@73a256c
09-07 04:22:10.452  2037  2311 W ActivityTaskManager: Duplicate finish request for ActivityRecord{e9daf6a u0 ru.iteco.fmhandroid/.ui.AppActivity t770 f}
09-07 04:22:10.460  7867 21436 V FA-SVC  : Logging event: origin=auto,name=user_engagement(_e),params=Bundle[{ga_event_origin(_o)=auto, engagement_time_msec(_et)=10699, ga_screen_class(_sc)=AppActivity, ga_screen_id(_si)=-7276878119267510239}]
09-07 04:22:10.479  1793  2554 D gralloc_ranchu: gralloc_alloc: Creating ashmem region of size 9850880
09-07 04:22:10.502  1793  2554 I chatty  : uid=1000(system) HwBinder:1793_2 identical 1 line
09-07 04:22:10.505  1793  2554 D gralloc_ranchu: gralloc_alloc: Creating ashmem region of size 9850880
09-07 04:22:10.505 21677 21708 D EGL_emulation: eglMakeCurrent: 0xd6c2f3c0: ver 2 0 (tinfo 0xed4892c0)
09-07 04:22:10.513  7867 21436 V FA-SVC  : Upload scheduled in approximately ms: 306597
09-07 04:22:10.513  7867 21436 V FA-SVC  : Unscheduling upload
09-07 04:22:10.517  7867 21436 V FA-SVC  : Scheduling upload, millis: 306597
09-07 04:22:10.520  7867 21436 V FA-SVC  : Background event processing time, ms: 65
09-07 04:22:10.533  2037  2061 W InputReader: Device has associated, but no associated display id.
09-07 04:22:10.533  2037  2061 I chatty  : uid=1000(system) android.anim identical 18 lines
09-07 04:22:10.533  2037  2061 W InputReader: Device has associated, but no associated display id.
09-07 04:22:10.536  2037  2065 I ActivityTaskManager: Displayed ru.iteco.fmhandroid.test/androidx.test.core.app.InstrumentationActivityInvoker$EmptyActivity: +176ms
09-07 04:22:10.547  2037  2055 W InputReader: Device has associated, but no associated display id.
09-07 04:22:10.547  2037  2055 I chatty  : uid=1000(system) Binder:2037_1 identical 8 lines
09-07 04:22:10.547  2037  2055 W InputReader: Device has associated, but no associated display id.
09-07 04:22:10.548 21620 21711 D EGL_emulation: eglMakeCurrent: 0xd6c30ec0: ver 2 0 (tinfo 0xd6c9e8f0)
09-07 04:22:10.592  1823  1823 W SurfaceFlinger: couldn't log to binary event log: overflow.
09-07 04:22:10.596  2037  4613 W InputReader: Device has associated, but no associated display id.
09-07 04:22:10.596  2037  4613 I chatty  : uid=1000(system) Binder:2037_16 identical 8 lines
09-07 04:22:10.596  2037  4613 W InputReader: Device has associated, but no associated display id.
09-07 04:22:10.610 21620 21620 D LifecycleMonitor: Lifecycle status change: ru.iteco.fmhandroid.ui.AppActivity@e481545 in: STOPPED
09-07 04:22:10.610 21620 21620 V ActivityScenario: Update currentActivityStage to STOPPED, currentActivity=ru.iteco.fmhandroid.ui.AppActivity@e481545
09-07 04:22:10.610  2037  2037 W ActivityManager: Unable to start service Intent { act=android.service.appprediction.AppPredictionService cmp=com.google.android.as/com.google.android.apps.miphone.aiai.app.AiAiPredictionService } U=0: not found
09-07 04:22:10.610  2037  2037 W RemoteAppPredictionService: could not bind to Intent { act=android.service.appprediction.AppPredictionService cmp=com.google.android.as/com.google.android.apps.miphone.aiai.app.AiAiPredictionService } using flags 67108865
09-07 04:22:10.624  1793  2554 D gralloc_ranchu: gralloc_alloc: Creating ashmem region of size 9850880
09-07 04:22:10.626  1793 14098 D gralloc_ranchu: gralloc_alloc: Creating ashmem region of size 9850880
09-07 04:22:10.637 21620 21620 D LifecycleMonitor: Lifecycle status change: ru.iteco.fmhandroid.ui.AppActivity@e481545 in: DESTROYED
09-07 04:22:10.637 21620 21620 V ActivityScenario: Update currentActivityStage to DESTROYED, currentActivity=null
09-07 04:22:10.652  1793  2554 D gralloc_ranchu: gralloc_alloc: Creating ashmem region of size 9850880
09-07 04:22:10.653  1793 14098 D gralloc_ranchu: gralloc_alloc: Creating ashmem region of size 9850880
09-07 04:22:10.655  1793  2554 D gralloc_ranchu: gralloc_alloc: Creating ashmem region of size 9850880
09-07 04:22:10.655  2666  3068 D EGL_emulation: eglMakeCurrent: 0xda21b0e0: ver 2 0 (tinfo 0xda20fbb0)
09-07 04:22:10.657  1793 14098 D gralloc_ranchu: gralloc_alloc: Creating ashmem region of size 9850880
09-07 04:22:10.667  2434  2714 D EGL_emulation: eglMakeCurrent: 0xed453b60: ver 2 0 (tinfo 0xe233a960)
09-07 04:22:10.689  2666  2666 I dnsi    : onStart
