09-07 04:34:09.634 26597 26597 I ViewInteraction: Performing 'single click' action on view (view.getId() is <2131231039/ru.iteco.fmhandroid:id/enter_button> and an instance of android.widget.TextView and view.getText() with or without transformation to match: is "SIGN IN" and view.getContentDescription() is "Save" and view.getParent() view.getParent() an instance of android.widget.RelativeLayout)
09-07 04:34:09.694 26597 26741 I okhttp.OkHttpClient: --> POST http://www.981757-ca08998.tmweb.ru:8080/fmh/authentication/login
09-07 04:34:09.694 26597 26741 I okhttp.OkHttpClient: Content-Type: application/json; charset=UTF-8
09-07 04:34:09.695 26597 26741 I okhttp.OkHttpClient: Content-Length: 41
09-07 04:34:09.695 26597 26741 I okhttp.OkHttpClient: {"login":"login2","password":"password2"}
09-07 04:34:09.698 26597 26741 I okhttp.OkHttpClient: --> END POST (41-byte body)
09-07 04:34:09.701  1774 26742 E ResolverController: No valid NAT64 prefix (101, <unspecified>/0)
09-07 04:34:09.732  8176  8176 I Finsky  : [2] yxo.onStartJob(132): SCH: job service start with id 9172.
09-07 04:34:09.740  8176  8257 I Finsky  : [592] xty.accept(378): SCH: Scheduling phonesky job Id: 1-1337, CT: 1694057295644, Constraints: [{ L: 30466985, D: 73666985, C: 1, I: 1, N: 1 }]
09-07 04:34:09.740  8176  8257 I Finsky  : [592] xty.accept(378): SCH: Scheduling phonesky job Id: 12-1, CT: 1694061234758, Constraints: [{ L: 15000, D: 86400000, C: 1, I: 1, N: 1 }]
09-07 04:34:09.749  8176  8250 I Finsky  : [585] yew.apply(123): SCH: Scheduling 1 system job(s)
09-07 04:34:09.750  8176  8250 I Finsky  : [585] yvz.d(263): SCH: Scheduling system job Id: 9175, L: 0, D: 69712880, C: false, I: false, N: 1
09-07 04:34:09.754  8176  8176 I Finsky  : [2] yxo.onStartJob(132): SCH: job service start with id 9175.
09-07 04:34:09.756  8176 26743 I Finsky  : [971] yxo.a(17): SCH: job service finished with id 9172.
09-07 04:34:09.761  8176 25902 I Finsky  : [948] yvx.a(769): SCH: Satisfied jobs for 9175 are: 12-1
09-07 04:34:09.762  8176 26743 I Finsky  : [971] ywl.accept(764): SCH: Job 12-1 starting
09-07 04:34:09.762  8176  8176 I Finsky  : [2] ContentSyncJob.v(14): [ContentSync] job started
09-07 04:34:09.883  8176 26746 I Finsky  : [974] tcy.p(41): Completed 0 account content syncs with 0 successful.
09-07 04:34:09.883  8176  8176 I Finsky  : [2] ContentSyncJob.a(14): [ContentSync] Installation state replication succeeded.
09-07 04:34:09.884  8176  8176 I Finsky  : [2] ywb.r(83): SCH: jobFinished: 12-1. TimeElapsed: 121ms.
09-07 04:34:09.895  8176  8256 I Finsky  : [591] xty.accept(378): SCH: Scheduling phonesky job Id: 1-1337, CT: 1694057295644, Constraints: [{ L: 30466985, D: 73666985, C: 1, I: 1, N: 1 }]
09-07 04:34:09.901  8176  8256 I Finsky  : [591] yew.apply(123): SCH: Scheduling 1 system job(s)
09-07 04:34:09.901  8176  8256 I Finsky  : [591] yvz.d(263): SCH: Scheduling system job Id: 9177, L: 26512728, D: 69712728, C: false, I: false, N: 1
09-07 04:34:09.906  8176 26743 I Finsky  : [971] yxo.a(17): SCH: job service finished with id 9175.
09-07 04:34:09.929 26597 26641 W teco.fmhandroi: Accessing hidden method Lsun/misc/Unsafe;->compareAndSwapObject(Ljava/lang/Object;JLjava/lang/Object;Ljava/lang/Object;)Z (greylist, linking, allowed)
09-07 04:34:09.930 26597 26597 I ViewInteraction: Performing 'wait for a specific view with <an instance of android.widget.TextView and view.getText() with or without transformation to match: is "News"> during 10000 millis.' action on view view.getRootView() to equal view
09-07 04:34:09.967  8425  8425 D BoundBrokerSvc: onUnbind: Intent { act=com.google.android.gms.nearby.exposurenotification.START dat=chimera-action: cmp=com.google.android.gms/.chimera.PersistentApiServiceNoInstantApps }
09-07 04:34:10.061  8425  8425 D BoundBrokerSvc: onUnbind: Intent { act=com.google.android.gms.icing.LIGHTWEIGHT_INDEX_SERVICE dat=chimera-action: cmp=com.google.android.gms/.chimera.PersistentApiService }
09-07 04:34:10.061  7867  7867 D BoundBrokerSvc: onUnbind: Intent { act=com.google.android.gms.feedback.internal.IFeedbackService dat=chimera-action: cmp=com.google.android.gms/.chimera.GmsBoundBrokerService }
09-07 04:34:10.216  1792  2272 E GnssHAL_GnssInterface: gnssSvStatusCb: a: input svInfo.flags is 8
09-07 04:34:10.216  1792  2272 E GnssHAL_GnssInterface: gnssSvStatusCb: b: input svInfo.flags is 8
09-07 04:34:10.868 26597 26741 I okhttp.OkHttpClient: <-- 200 http://www.981757-ca08998.tmweb.ru:8080/fmh/authentication/login (1169ms)
09-07 04:34:10.869 26597 26741 I okhttp.OkHttpClient: Vary: Origin
09-07 04:34:10.869 26597 26741 I okhttp.OkHttpClient: Vary: Access-Control-Request-Method
09-07 04:34:10.869 26597 26741 I okhttp.OkHttpClient: Vary: Access-Control-Request-Headers
09-07 04:34:10.870 26597 26741 I okhttp.OkHttpClient: X-Content-Type-Options: nosniff
09-07 04:34:10.870 26597 26741 I okhttp.OkHttpClient: X-XSS-Protection: 1; mode=block
09-07 04:34:10.870 26597 26741 I okhttp.OkHttpClient: Cache-Control: no-cache, no-store, max-age=0, must-revalidate
09-07 04:34:10.871 26597 26741 I okhttp.OkHttpClient: Pragma: no-cache
09-07 04:34:10.871 26597 26741 I okhttp.OkHttpClient: Expires: 0
09-07 04:34:10.871 26597 26741 I okhttp.OkHttpClient: X-Frame-Options: DENY
09-07 04:34:10.871 26597 26741 I okhttp.OkHttpClient: Content-Type: application/json
09-07 04:34:10.873 26597 26741 I okhttp.OkHttpClient: Transfer-Encoding: chunked
09-07 04:34:10.874 26597 26741 I okhttp.OkHttpClient: Date: Thu, 07 Sep 2023 04:34:11 GMT
09-07 04:34:10.875 26597 26741 I okhttp.OkHttpClient: Keep-Alive: timeout=60
09-07 04:34:10.875 26597 26741 I okhttp.OkHttpClient: Connection: keep-alive
09-07 04:34:10.878 26597 26741 I okhttp.OkHttpClient: {"accessToken":"eyJhbGciOiJIUzUxMiJ9.eyJzdWIiOiJsb2dpbjIiLCJqdGkiOiIxIiwiZXhwIjoxNjk0MTQ3NjUxfQ.oTxj-xXzd-9j2opgeVoNvLcpNmINuGAYUWVDrxWnpQ4C-1sbmBZayFd5xoTtaTjxBbcWm7shq5mZuzm-viOszA","refreshToken":"eyJhbGciOiJIUzUxMiJ9.eyJzdWIiOiJsb2dpbjIiLCJqdGkiOiIxIiwiZXhwIjoxNjk2NjUzMjUxfQ.f0kaVE1dkIOUHN8vQDmr1WCKFw07EARAh_nJcQje3uiGswDYXGH3n_k3sHJ2zxJ1KYxnMtHPsfb8scGTct1rOg"}
09-07 04:34:10.878 26597 26741 I okhttp.OkHttpClient: <-- END HTTP (368-byte body)
09-07 04:34:10.888 26597 26704 I okhttp.OkHttpClient: --> GET http://www.981757-ca08998.tmweb.ru:8080/fmh/authentication/userInfo
09-07 04:34:10.888 26597 26704 I okhttp.OkHttpClient: --> END GET
09-07 04:34:11.005 26597 26704 I okhttp.OkHttpClient: <-- 200 http://www.981757-ca08998.tmweb.ru:8080/fmh/authentication/userInfo (116ms)
09-07 04:34:11.005 26597 26704 I okhttp.OkHttpClient: Vary: Origin
09-07 04:34:11.005 26597 26704 I okhttp.OkHttpClient: Vary: Access-Control-Request-Method
09-07 04:34:11.005 26597 26704 I okhttp.OkHttpClient: Vary: Access-Control-Request-Headers
09-07 04:34:11.005 26597 26704 I okhttp.OkHttpClient: X-Content-Type-Options: nosniff
09-07 04:34:11.005 26597 26704 I okhttp.OkHttpClient: X-XSS-Protection: 1; mode=block
09-07 04:34:11.005 26597 26704 I okhttp.OkHttpClient: Cache-Control: no-cache, no-store, max-age=0, must-revalidate
09-07 04:34:11.005 26597 26704 I okhttp.OkHttpClient: Pragma: no-cache
09-07 04:34:11.005 26597 26704 I okhttp.OkHttpClient: Expires: 0
09-07 04:34:11.006 26597 26704 I okhttp.OkHttpClient: X-Frame-Options: DENY
09-07 04:34:11.006 26597 26704 I okhttp.OkHttpClient: Content-Type: application/json
09-07 04:34:11.006 26597 26704 I okhttp.OkHttpClient: Transfer-Encoding: chunked
09-07 04:34:11.006 26597 26704 I okhttp.OkHttpClient: Date: Thu, 07 Sep 2023 04:34:11 GMT
09-07 04:34:11.006 26597 26704 I okhttp.OkHttpClient: Keep-Alive: timeout=60
09-07 04:34:11.006 26597 26704 I okhttp.OkHttpClient: Connection: keep-alive
09-07 04:34:11.008 26597 26704 I okhttp.OkHttpClient: {"id":1,"firstName":"Ivan","lastName":"Ivanov","middleName":"Ivanovich","admin":true}
09-07 04:34:11.008 26597 26704 I okhttp.OkHttpClient: <-- END HTTP (85-byte body)
09-07 04:34:11.019 26597 26751 I okhttp.OkHttpClient: --> GET http://www.981757-ca08998.tmweb.ru:8080/fmh/claims
09-07 04:34:11.019 26597 26751 I okhttp.OkHttpClient: --> END GET
09-07 04:34:11.126 26597 26597 I ViewInteraction: Checking 'MatchesViewAssertion{viewMatcher=(view has effective visibility <VISIBLE> and view.getGlobalVisibleRect() to return non-empty rectangle)}' assertion on view an instance of android.widget.TextView and view.getText() with or without transformation to match: is "News"
09-07 04:34:11.129 26597 26597 I ViewInteraction: Performing 'wait for a specific view with <view.getId() is <2131230951>> during 10000 millis.' action on view view.getRootView() to equal view
09-07 04:34:11.132 26597 26641 W teco.fmhandroi: Accessing hidden method Lsun/misc/Unsafe;->compareAndSwapObject(Ljava/lang/Object;JLjava/lang/Object;Ljava/lang/Object;)Z (greylist, linking, allowed)
09-07 04:34:11.132 26597 26597 I ViewInteraction: Checking 'MatchesViewAssertion{viewMatcher=(view has effective visibility <VISIBLE> and view.getGlobalVisibleRect() to return non-empty rectangle)}' assertion on view view.getId() is <2131230951/ru.iteco.fmhandroid:id/container_list_news_include_on_fragment_main>
09-07 04:34:11.139 26597 26733 W teco.fmhandroi: Accessing hidden method Lsun/misc/Unsafe;->compareAndSwapObject(Ljava/lang/Object;JLjava/lang/Object;Ljava/lang/Object;)Z (greylist, linking, allowed)
09-07 04:34:11.140 26597 26641 W teco.fmhandroi: Accessing hidden method Lsun/misc/Unsafe;->compareAndSwapObject(Ljava/lang/Object;JLjava/lang/Object;Ljava/lang/Object;)Z (greylist, linking, allowed)
09-07 04:34:11.140 26597 26641 W teco.fmhandroi: Accessing hidden method Lsun/misc/Unsafe;->getObject(Ljava/lang/Object;J)Ljava/lang/Object; (greylist, linking, allowed)
09-07 04:34:11.153 26597 26597 I ViewInteraction: Performing 'wait for a specific view with <view.getId() is <2131230949>> during 10000 millis.' action on view view.getRootView() to equal view
09-07 04:34:11.154 26597 26641 W teco.fmhandroi: Accessing hidden method Lsun/misc/Unsafe;->compareAndSwapObject(Ljava/lang/Object;JLjava/lang/Object;Ljava/lang/Object;)Z (greylist, linking, allowed)
09-07 04:34:11.156 26597 26597 I ViewInteraction: Checking 'MatchesViewAssertion{viewMatcher=(view has effective visibility <VISIBLE> and view.getGlobalVisibleRect() to return non-empty rectangle)}' assertion on view view.getId() is <2131230949/ru.iteco.fmhandroid:id/container_list_claim_include_on_fragment_main>
09-07 04:34:11.158 26597 26641 W teco.fmhandroi: Accessing hidden method Lsun/misc/Unsafe;->compareAndSwapObject(Ljava/lang/Object;JLjava/lang/Object;Ljava/lang/Object;)Z (greylist, linking, allowed)
09-07 04:34:11.159 26597 26597 I ViewInteraction: Performing 'wait for a specific view with <an instance of android.widget.TextView and view.getText() with or without transformation to match: is "Claims"> during 10000 millis.' action on view view.getRootView() to equal view
09-07 04:34:11.162 26597 26597 I ViewInteraction: Checking 'MatchesViewAssertion{viewMatcher=(view has effective visibility <VISIBLE> and view.getGlobalVisibleRect() to return non-empty rectangle)}' assertion on view an instance of android.widget.TextView and view.getText() with or without transformation to match: is "Claims"
09-07 04:34:11.164 26597 26597 I ViewInteraction: Performing 'wait for a specific view with <view.getClass().getName() matches: a string ending with "ScrollView"> during 10000 millis.' action on view view.getRootView() to equal view
09-07 04:34:11.168 26597 26597 I ViewInteraction: Checking 'MatchesViewAssertion{viewMatcher=view.isEnabled() is <true>}' assertion on view view.getClass().getName() matches: a string ending with "ScrollView"
09-07 04:34:11.171 26597 26597 I ViewInteraction: Performing 'wait for a specific view with <view.getClass().getName() matches: a string ending with "ScrollView"> during 10000 millis.' action on view view.getRootView() to equal view
09-07 04:34:11.176 26597 26597 I ViewInteraction: Performing 'fast swipe' action on view view.getClass().getName() matches: a string ending with "ScrollView"
09-07 04:34:11.179  2037  2132 V InputDispatcher: Asynchronous input event injection succeeded.
09-07 04:34:11.195  2037  2132 I chatty  : uid=1000(system) InputDispatcher identical 1 line
09-07 04:34:11.209  2037  2132 V InputDispatcher: Asynchronous input event injection succeeded.
09-07 04:34:11.215  1792  2272 E GnssHAL_GnssInterface: gnssSvStatusCb: a: input svInfo.flags is 8
09-07 04:34:11.215  1792  2272 E GnssHAL_GnssInterface: gnssSvStatusCb: b: input svInfo.flags is 8
09-07 04:34:11.224  2037  2132 V InputDispatcher: Asynchronous input event injection succeeded.
09-07 04:34:11.315  2037  2132 I chatty  : uid=1000(system) InputDispatcher identical 6 lines
09-07 04:34:11.331  2037  2132 V InputDispatcher: Asynchronous input event injection succeeded.
09-07 04:34:11.933  7867  7867 D BoundBrokerSvc: onUnbind: Intent { act=com.google.android.gms.inappreach.service.START dat=chimera-action: cmp=com.google.android.gms/.chimera.GmsApiService }
09-07 04:34:12.215  1792  2272 E GnssHAL_GnssInterface: gnssSvStatusCb: a: input svInfo.flags is 8
09-07 04:34:12.215  1792  2272 E GnssHAL_GnssInterface: gnssSvStatusCb: b: input svInfo.flags is 8
09-07 04:34:12.827  1781  1781 W audio_hw_generic: Not supplying enough data to HAL, expected position 56166936 , only wrote 55986700
09-07 04:34:12.949  2666  2666 I brdd    : (REDACTED) disposing SearchServiceClient after timeout %s
09-07 04:34:13.216  1792  2272 E GnssHAL_GnssInterface: gnssSvStatusCb: a: input svInfo.flags is 8
09-07 04:34:13.216  1792  2272 E GnssHAL_GnssInterface: gnssSvStatusCb: b: input svInfo.flags is 8
09-07 04:34:14.216  1792  2272 E GnssHAL_GnssInterface: gnssSvStatusCb: a: input svInfo.flags is 8
09-07 04:34:14.217  1792  2272 E GnssHAL_GnssInterface: gnssSvStatusCb: b: input svInfo.flags is 8
09-07 04:34:14.728 26597 26597 I ViewInteraction: Performing 'wait for a specific view with <with id: 2131230916> during 10000 millis.' action on view view.getRootView() to equal view
09-07 04:34:14.734 26597 26597 I ViewInteraction: Performing 'single click' action on view with id: ru.iteco.fmhandroid:id/claim_list_recycler_view
09-07 04:34:14.769  2434  2940 E ActivityThread: Failed to find provider info for com.google.android.apps.wellbeing.api
09-07 04:34:14.804  1781  6116 W audio_hw_generic: Not supplying enough data to HAL, expected position 55986732 , only wrote 55986700
09-07 04:34:14.810 26597 26760 I okhttp.OkHttpClient: --> GET http://www.981757-ca08998.tmweb.ru:8080/fmh/claims/7800/comments
09-07 04:34:14.810 26597 26760 I okhttp.OkHttpClient: --> END GET
09-07 04:34:14.812  1774 26761 E ResolverController: No valid NAT64 prefix (101, <unspecified>/0)
09-07 04:34:15.030 26597 26733 W teco.fmhandroi: Accessing hidden method Lsun/misc/Unsafe;->compareAndSwapObject(Ljava/lang/Object;JLjava/lang/Object;Ljava/lang/Object;)Z (greylist, linking, allowed)
09-07 04:34:15.035 26597 26597 I ViewInteraction: Performing 'wait for a specific view with <view.getId() is <2131230989>> during 10000 millis.' action on view view.getRootView() to equal view
09-07 04:34:15.060 26597 26760 I okhttp.OkHttpClient: <-- 200 http://www.981757-ca08998.tmweb.ru:8080/fmh/claims/7800/comments (249ms)
09-07 04:34:15.060 26597 26760 I okhttp.OkHttpClient: Vary: Origin
09-07 04:34:15.061 26597 26760 I okhttp.OkHttpClient: Vary: Access-Control-Request-Method
09-07 04:34:15.061 26597 26760 I okhttp.OkHttpClient: Vary: Access-Control-Request-Headers
09-07 04:34:15.061 26597 26760 I okhttp.OkHttpClient: X-Content-Type-Options: nosniff
09-07 04:34:15.061 26597 26760 I okhttp.OkHttpClient: X-XSS-Protection: 1; mode=block
09-07 04:34:15.061 26597 26760 I okhttp.OkHttpClient: Cache-Control: no-cache, no-store, max-age=0, must-revalidate
09-07 04:34:15.061 26597 26760 I okhttp.OkHttpClient: Pragma: no-cache
09-07 04:34:15.061 26597 26760 I okhttp.OkHttpClient: Expires: 0
09-07 04:34:15.061 26597 26760 I okhttp.OkHttpClient: X-Frame-Options: DENY
09-07 04:34:15.062 26597 26760 I okhttp.OkHttpClient: Content-Type: application/json
09-07 04:34:15.062 26597 26760 I okhttp.OkHttpClient: Transfer-Encoding: chunked
09-07 04:34:15.062 26597 26760 I okhttp.OkHttpClient: Date: Thu, 07 Sep 2023 04:34:15 GMT
09-07 04:34:15.063 26597 26760 I okhttp.OkHttpClient: Keep-Alive: timeout=60
09-07 04:34:15.063 26597 26760 I okhttp.OkHttpClient: Connection: keep-alive
09-07 04:34:15.064 26597 26760 I okhttp.OkHttpClient: [{"id":6932,"claimId":7800,"description":"  1   ","creatorId":1,"createDate":1694012953,"creatorName":"Ivanov Ivan Ivanovich"},{"id":6936,"claimId":7800,"description":"","creatorId":1,"createDate":1694013387,"creatorName":"Ivanov Ivan Ivanovich"},{"id":6938,"claimId":7800,"description":"      50  .","creatorId":1,"createDate":1694013658,"creatorName":"Ivanov Ivan Ivanovich"},{"id":6942,"claimId":7800,"description":"","creatorId":1,"createDate":1694025398,"creatorName":"Ivanov Ivan Ivanovich"},{"id":6944,"claimId":7800,"description":"      50  .","creatorId":1,"createDate":1694025672,"creatorName":"Ivanov Ivan Ivanovich"}]
09-07 04:34:15.064 26597 26760 I okhttp.OkHttpClient: <-- END HTTP (887-byte body)
09-07 04:34:15.214  1792  2272 E GnssHAL_GnssInterface: gnssSvStatusCb: a: input svInfo.flags is 8
09-07 04:34:15.215  1792  2272 E GnssHAL_GnssInterface: gnssSvStatusCb: b: input svInfo.flags is 8
09-07 04:34:15.261 26597 26641 W teco.fmhandroi: Accessing hidden method Lsun/misc/Unsafe;->compareAndSwapObject(Ljava/lang/Object;JLjava/lang/Object;Ljava/lang/Object;)Z (greylist, linking, allowed)
09-07 04:34:15.262 26597 26733 W teco.fmhandroi: Accessing hidden method Lsun/misc/Unsafe;->compareAndSwapObject(Ljava/lang/Object;JLjava/lang/Object;Ljava/lang/Object;)Z (greylist, linking, allowed)
09-07 04:34:15.263 26597 26597 I ViewInteraction: Checking 'MatchesViewAssertion{viewMatcher=(view has effective visibility <VISIBLE> and view.getGlobalVisibleRect() to return non-empty rectangle)}' assertion on view view.getId() is <2131230989/ru.iteco.fmhandroid:id/description_text_view>
09-07 04:34:15.267 26597 26597 D takeScreenshot: Found 1 global views to redraw
09-07 04:34:15.315  1793  2554 D gralloc_ranchu: gralloc_alloc: Creating ashmem region of size 9850880
09-07 04:34:15.360 26597 26641 W DefaultFailureHandler: Failed to take screenshot
09-07 04:34:15.360 26597 26641 W DefaultFailureHandler: java.io.FileNotFoundException: view-op-error-2.png: open failed: EROFS (Read-only file system)
09-07 04:34:15.360 26597 26641 W DefaultFailureHandler: 	at libcore.io.IoBridge.open(IoBridge.java:496)
09-07 04:34:15.360 26597 26641 W DefaultFailureHandler: 	at java.io.FileOutputStream.<init>(FileOutputStream.java:235)
09-07 04:34:15.360 26597 26641 W DefaultFailureHandler: 	at java.io.FileOutputStream.<init>(FileOutputStream.java:125)
09-07 04:34:15.360 26597 26641 W DefaultFailureHandler: 	at androidx.test.platform.io.FileTestStorage.openOutputFile(FileTestStorage.java:60)
09-07 04:34:15.360 26597 26641 W DefaultFailureHandler: 	at androidx.test.core.graphics.BitmapStorage.writeToTestStorage(BitmapStorageExt.kt:49)
09-07 04:34:15.360 26597 26641 W DefaultFailureHandler: 	at androidx.test.espresso.base.DefaultFailureHandler.takeScreenshot(DefaultFailureHandler.java:4)
09-07 04:34:15.360 26597 26641 W DefaultFailureHandler: 	at androidx.test.espresso.base.DefaultFailureHandler.handle(DefaultFailureHandler.java:3)
09-07 04:34:15.360 26597 26641 W DefaultFailureHandler: 	at androidx.test.espresso.ViewInteraction.waitForAndHandleInteractionResults(ViewInteraction.java:5)
09-07 04:34:15.360 26597 26641 W DefaultFailureHandler: 	at androidx.test.espresso.ViewInteraction.check(ViewInteraction.java:12)
09-07 04:34:15.360 26597 26641 W DefaultFailureHandler: 	at ru.iteco.fmhandroid.ui.MainPageTest.shouldOpenClaimsItemDescription(MainPageTest.java:138)
09-07 04:34:15.360 26597 26641 W DefaultFailureHandler: 	at java.lang.reflect.Method.invoke(Native Method)
09-07 04:34:15.360 26597 26641 W DefaultFailureHandler: 	at org.junit.runners.model.FrameworkMethod$1.runReflectiveCall(FrameworkMethod.java:59)
09-07 04:34:15.360 26597 26641 W DefaultFailureHandler: 	at org.junit.internal.runners.model.ReflectiveCallable.run(ReflectiveCallable.java:12)
09-07 04:34:15.360 26597 26641 W DefaultFailureHandler: 	at org.junit.runners.model.FrameworkMethod.invokeExplosively(FrameworkMethod.java:56)
09-07 04:34:15.360 26597 26641 W DefaultFailureHandler: 	at org.junit.internal.runners.statements.InvokeMethod.evaluate(InvokeMethod.java:17)
09-07 04:34:15.360 26597 26641 W DefaultFailureHandler: 	at androidx.test.internal.runner.junit4.statement.RunBefores.evaluate(RunBefores.java:80)
09-07 04:34:15.360 26597 26641 W DefaultFailureHandler: 	at io.qameta.allure.android.rules.ScreenshotRule$apply$1.evaluate(ScreenshotRule.kt:22)
09-07 04:34:15.360 26597 26641 W DefaultFailureHandler: 	at org.junit.rules.ExternalResource$1.evaluate(ExternalResource.java:54)
09-07 04:34:15.360 26597 26641 W DefaultFailureHandler: 	at io.qameta.allure.android.rules.LogcatRule$apply$1.evaluate(LogcatRule.kt:23)
09-07 04:34:15.360 26597 26641 W DefaultFailureHandler: 	at org.junit.rules.RunRules.evaluate(RunRules.java:20)
09-07 04:34:15.360 26597 26641 W DefaultFailureHandler: 	at org.junit.runners.ParentRunner$3.evaluate(ParentRunner.java:306)
09-07 04:34:15.360 26597 26641 W DefaultFailureHandler: 	at org.junit.runners.BlockJUnit4ClassRunner$1.evaluate(BlockJUnit4ClassRunner.java:100)
09-07 04:34:15.360 26597 26641 W DefaultFailureHandler: 	at org.junit.runners.ParentRunner.runLeaf(ParentRunner.java:366)
09-07 04:34:15.360 26597 26641 W DefaultFailureHandler: 	at org.junit.runners.BlockJUnit4ClassRunner.runChild(BlockJUnit4ClassRunner.java:103)
09-07 04:34:15.360 26597 26641 W DefaultFailureHandler: 	at org.junit.runners.BlockJUnit4ClassRunner.runChild(BlockJUnit4ClassRunner.java:63)
09-07 04:34:15.360 26597 26641 W DefaultFailureHandler: 	at org.junit.runners.ParentRunner$4.run(ParentRunner.java:331)
09-07 04:34:15.360 26597 26641 W DefaultFailureHandler: 	at org.junit.runners.ParentRunner$1.schedule(ParentRunner.java:79)
09-07 04:34:15.360 26597 26641 W DefaultFailureHandler: 	at org.junit.runners.ParentRunner.runChildren(ParentRunner.java:329)
09-07 04:34:15.360 26597 26641 W DefaultFailureHandler: 	at org.junit.runners.ParentRunner.access$100(ParentRunner.java:66)
09-07 04:34:15.360 26597 26641 W DefaultFailureHandler: 	at org.junit.runners.ParentRunner$2.evaluate(ParentRunner.java:293)
09-07 04:34:15.360 26597 26641 W DefaultFailureHandler: 	at org.junit.runners.ParentRunner$3.evaluate(ParentRunner.java:306)
09-07 04:34:15.360 26597 26641 W DefaultFailureHandler: 	at org.junit.runners.ParentRunner.run(ParentRunner.java:413)
09-07 04:34:15.360 26597 26641 W DefaultFailureHandler: 	at androidx.test.ext.junit.runners.AndroidJUnit4.run(AndroidJUnit4.java:162)
09-07 04:34:15.360 26597 26641 W DefaultFailureHandler: 	at io.qameta.allure.android.runners.AllureAndroidJUnit4.run(AllureAndroidJUnitRunners.kt:29)
09-07 04:34:15.360 26597 26641 W DefaultFailureHandler: 	at org.junit.runners.Suite.runChild(Suite.java:128)
09-07 04:34:15.360 26597 26641 W DefaultFailureHandler: 	at org.junit.runners.Suite.runChild(Suite.java:27)
09-07 04:34:15.360 26597 26641 W DefaultFailureHandler: 	at org.junit.runners.ParentRunner$4.run(ParentRunner.java:331)
09-07 04:34:15.360 26597 26641 W DefaultFailureHandler: 	at org.junit.runners.ParentRunner$1.schedule(ParentRunner.java:79)
09-07 04:34:15.360 26597 26641 W DefaultFailureHandler: 	at org.junit.runners.ParentRunner.runChildren(ParentRunner.java:329)
09-07 04:34:15.360 26597 26641 W DefaultFailureHandler: 	at org.junit.runners.ParentRunner.access$100(ParentRunner.java:66)
09-07 04:34:15.360 26597 26641 W DefaultFailureHandler: 	at org.junit.runners.ParentRunner$2.evaluate(ParentRunner.java:293)
09-07 04:34:15.360 26597 26641 W DefaultFailureHandler: 	at org.junit.runners.ParentRunner$3.evaluate(ParentRunner.java:306)
09-07 04:34:15.360 26597 26641 W DefaultFailureHandler: 	at org.junit.runners.ParentRunner.run(ParentRunner.java:413)
09-07 04:34:15.360 26597 26641 W DefaultFailureHandler: 	at org.junit.runner.JUnitCore.run(JUnitCore.java:137)
09-07 04:34:15.360 26597 26641 W DefaultFailureHandler: 	at org.junit.runner.JUnitCore.run(JUnitCore.java:115)
09-07 04:34:15.360 26597 26641 W DefaultFailureHandler: 	at androidx.test.internal.runner.TestExecutor.execute(TestExecutor.java:67)
09-07 04:34:15.360 26597 26641 W DefaultFailureHandler: 	at androidx.test.internal.runner.TestExecutor.execute(TestExecutor.java:58)
09-07 04:34:15.360 26597 26641 W DefaultFailureHandler: 	at androidx.test.runner.AndroidJUnitRunner.onStart(AndroidJUnitRunner.java:438)
09-07 04:34:15.360 26597 26641 W DefaultFailureHandler: 	at android.app.Instrumentation$InstrumentationThread.run(Instrumentation.java:2189)
09-07 04:34:15.360 26597 26641 W DefaultFailureHandler: Caused by: android.system.ErrnoException: open failed: EROFS (Read-only file system)
09-07 04:34:15.360 26597 26641 W DefaultFailureHandler: 	at libcore.io.Linux.open(Native Method)
09-07 04:34:15.360 26597 26641 W DefaultFailureHandler: 	at libcore.io.ForwardingOs.open(ForwardingOs.java:167)
09-07 04:34:15.360 26597 26641 W DefaultFailureHandler: 	at libcore.io.BlockGuardOs.open(BlockGuardOs.java:252)
09-07 04:34:15.360 26597 26641 W DefaultFailureHandler: 	at libcore.io.ForwardingOs.open(ForwardingOs.java:167)
09-07 04:34:15.360 26597 26641 W DefaultFailureHandler: 	at android.app.ActivityThread$AndroidOs.open(ActivityThread.java:7255)
09-07 04:34:15.360 26597 26641 W DefaultFailureHandler: 	at libcore.io.IoBridge.open(IoBridge.java:482)
09-07 04:34:15.360 26597 26641 W DefaultFailureHandler: 	... 48 more
09-07 04:34:15.363 26597 26610 I teco.fmhandroi: Background concurrent copying GC freed 32949(1965KB) AllocSpace objects, 2(48KB) LOS objects, 29% free, 14MB/20MB, paused 914us total 223.204ms
09-07 04:34:15.371  1793  2554 D gralloc_ranchu: gralloc_alloc: Creating ashmem region of size 9850880
09-07 04:34:15.537  2037  2903 I ActivityTaskManager: START u0 {act=android.intent.action.MAIN cat=[android.intent.category.LAUNCHER] flg=0x10000000 cmp=ru.iteco.fmhandroid.test/androidx.test.core.app.InstrumentationActivityInvoker$EmptyActivity} from uid 10136
09-07 04:34:15.545 26597 26597 D LifecycleMonitor: Lifecycle status change: ru.iteco.fmhandroid.ui.AppActivity@bf025f4 in: PAUSED
09-07 04:34:15.545 26597 26597 V ActivityScenario: Update currentActivityStage to PAUSED, currentActivity=ru.iteco.fmhandroid.ui.AppActivity@bf025f4
09-07 04:34:15.550 26597 26639 V FA      : Recording user engagement, ms: 18292
09-07 04:34:15.550  2037  2903 W InputReader: Device has associated, but no associated display id.
09-07 04:34:15.553  2037  2903 I chatty  : uid=1000(system) Binder:2037_C identical 38 lines
09-07 04:34:15.553  2037  2903 W InputReader: Device has associated, but no associated display id.
09-07 04:34:15.553 26655 26655 W ActivityThread: handleWindowVisibility: no activity for token android.os.BinderProxy@d6eec89
09-07 04:34:15.555  2037  2903 W InputReader: Device has associated, but no associated display id.
09-07 04:34:15.555  2037  2903 I chatty  : uid=1000(system) Binder:2037_C identical 8 lines
09-07 04:34:15.555  2037  2903 W InputReader: Device has associated, but no associated display id.
09-07 04:34:15.603 26597 26639 V FA      : Connecting to remote service
09-07 04:34:15.611  7867  7867 D BoundBrokerSvc: onBind: Intent { act=com.google.android.gms.measurement.START pkg=com.google.android.gms }
09-07 04:34:15.611  7867  7867 D BoundBrokerSvc: Loading bound service for intent: Intent { act=com.google.android.gms.measurement.START pkg=com.google.android.gms }
09-07 04:34:15.614 26655 26687 D HostConnection: HostConnection::get() New Host Connection established 0xda23e2d0, tid 26687
09-07 04:34:15.616 26655 26687 D HostConnection: HostComposition ext ANDROID_EMU_CHECKSUM_HELPER_v1 ANDROID_EMU_dma_v1 ANDROID_EMU_direct_mem ANDROID_EMU_vulkan ANDROID_EMU_deferred_vulkan_commands ANDROID_EMU_vulkan_null_optional_strings ANDROID_EMU_vulkan_create_resources_with_requirements ANDROID_EMU_YUV420_888_to_NV21 ANDROID_EMU_YUV_Cache ANDROID_EMU_vulkan_free_memory_sync ANDROID_EMU_vulkan_shader_float16_int8 ANDROID_EMU_vulkan_async_queue_submit ANDROID_EMU_sync_buffer_data GL_OES_vertex_array_object GL_KHR_texture_compression_astc_ldr ANDROID_EMU_host_side_tracing ANDROID_EMU_gles_max_version_2 
09-07 04:34:15.619 26655 26687 W OpenGLRenderer: Failed to choose config with EGL_SWAP_BEHAVIOR_PRESERVED, retrying without...
09-07 04:34:15.633 26655 26687 D eglCodecCommon: setVertexArrayObject: set vao to 0 (0) 0 0
09-07 04:34:15.633 26655 26687 D EGL_emulation: eglCreateContext: 0xda21a3c0: maj 2 min 0 rcv 2
09-07 04:34:15.638 26597 26639 V FA      : Connection attempt already in progress
09-07 04:34:15.639 26597 26639 V FA      : Activity paused, time: 4179438
09-07 04:34:15.659 26655 26687 D EGL_emulation: eglMakeCurrent: 0xda21a3c0: ver 2 0 (tinfo 0xda20f870)
09-07 04:34:15.659 26597 26639 D FA      : Connected to remote service
09-07 04:34:15.660 26597 26639 V FA      : Processing queued up service tasks: 2
09-07 04:34:15.671  1793  2554 D gralloc_ranchu: gralloc_alloc: Creating ashmem region of size 9850880
09-07 04:34:15.674  1678  1678 I hwservicemanager: getTransport: Cannot find entry android.hardware.graphics.mapper@3.0::IMapper/default in either framework or device manifest.
09-07 04:34:15.674 26655 26687 W Gralloc3: mapper 3.x is not supported
09-07 04:34:15.676 26655 26687 D HostConnection: createUnique: call
09-07 04:34:15.676 26655 26687 D HostConnection: HostConnection::get() New Host Connection established 0xda23e410, tid 26687
09-07 04:34:15.678 26655 26687 D HostConnection: HostComposition ext ANDROID_EMU_CHECKSUM_HELPER_v1 ANDROID_EMU_dma_v1 ANDROID_EMU_direct_mem ANDROID_EMU_vulkan ANDROID_EMU_deferred_vulkan_commands ANDROID_EMU_vulkan_null_optional_strings ANDROID_EMU_vulkan_create_resources_with_requirements ANDROID_EMU_YUV420_888_to_NV21 ANDROID_EMU_YUV_Cache ANDROID_EMU_vulkan_free_memory_sync ANDROID_EMU_vulkan_shader_float16_int8 ANDROID_EMU_vulkan_async_queue_submit ANDROID_EMU_sync_buffer_data GL_OES_vertex_array_object GL_KHR_texture_compression_astc_ldr ANDROID_EMU_host_side_tracing ANDROID_EMU_gles_max_version_2 
09-07 04:34:15.678 26655 26687 D eglCodecCommon: allocate: Ask for block of size 0x1000
09-07 04:34:15.678 26655 26687 D eglCodecCommon: allocate: ioctl allocate returned offset 0x3ff684000 size 0x2000
09-07 04:34:15.681  1793  2554 D gralloc_ranchu: gralloc_alloc: Creating ashmem region of size 9850880
09-07 04:34:15.684  1793  1793 D gralloc_ranchu: gralloc_alloc: Creating ashmem region of size 9850880
09-07 04:34:15.685  7867 26011 V FA-SVC  : Logging event: origin=auto,name=user_engagement(_e),params=Bundle[{ga_event_origin(_o)=auto, engagement_time_msec(_et)=18292, ga_screen_class(_sc)=AppActivity, ga_screen_id(_si)=-930027521459301871}]
09-07 04:34:15.686 26655 26687 D EGL_emulation: eglMakeCurrent: 0xda21a3c0: ver 2 0 (tinfo 0xda20f870)
09-07 04:34:15.687 26655 26687 D eglCodecCommon: setVertexArrayObject: set vao to 0 (0) 1 0
09-07 04:34:15.705  7867 26011 V FA-SVC  : Upload scheduled in approximately ms: 3183594
09-07 04:34:15.705  7867 26011 V FA-SVC  : Unscheduling upload
09-07 04:34:15.707  7867 26011 V FA-SVC  : Scheduling upload, millis: 3183594
09-07 04:34:15.709  7867 26011 V FA-SVC  : Background event processing time, ms: 24
09-07 04:34:15.754  2037  2903 W InputReader: Device has associated, but no associated display id.
09-07 04:34:15.756  2037  2903 I chatty  : uid=1000(system) Binder:2037_C identical 48 lines
09-07 04:34:15.756  2037  2903 W InputReader: Device has associated, but no associated display id.
09-07 04:34:15.761 26655 26655 W ActivityThread: handleWindowVisibility: no activity for token android.os.BinderProxy@ee74d3e
09-07 04:34:15.586  2037  2903 I ActivityTaskManager: START u0 {act=android.intent.action.MAIN cat=[android.intent.category.LAUNCHER] flg=0x10000000 cmp=ru.iteco.fmhandroid.test/androidx.test.core.app.InstrumentationActivityInvoker$EmptyActivity} from uid 10136
09-07 04:34:15.786  2037  2903 W ActivityTaskManager: Duplicate finish request for ActivityRecord{149e918 u0 ru.iteco.fmhandroid/.ui.AppActivity t798 f}
09-07 04:34:15.809  1793  1793 D gralloc_ranchu: gralloc_alloc: Creating ashmem region of size 9850880
09-07 04:34:15.816  1793  1793 I chatty  : uid=1000(system) allocator@2.0-s identical 1 line
09-07 04:34:15.818  1793  1793 D gralloc_ranchu: gralloc_alloc: Creating ashmem region of size 9850880
09-07 04:34:15.819 26655 26687 D EGL_emulation: eglMakeCurrent: 0xda21a3c0: ver 2 0 (tinfo 0xda20f870)
09-07 04:34:15.840  2037  2061 W InputReader: Device has associated, but no associated display id.
09-07 04:34:15.840  2037  2061 I chatty  : uid=1000(system) android.anim identical 18 lines
09-07 04:34:15.840  2037  2061 W InputReader: Device has associated, but no associated display id.
09-07 04:34:15.845  2037  2065 I ActivityTaskManager: Displayed ru.iteco.fmhandroid.test/androidx.test.core.app.InstrumentationActivityInvoker$EmptyActivity: +216ms
09-07 04:34:15.847  2037  2903 W InputReader: Device has associated, but no associated display id.
09-07 04:34:15.848  2037  2903 I chatty  : uid=1000(system) Binder:2037_C identical 8 lines
09-07 04:34:15.848  2037  2903 W InputReader: Device has associated, but no associated display id.
09-07 04:34:15.855  1823  1823 W SurfaceFlinger: couldn't log to binary event log: overflow.
09-07 04:34:15.857 26597 26690 D EGL_emulation: eglMakeCurrent: 0xda21b1a0: ver 2 0 (tinfo 0xda20feb0)
09-07 04:34:15.866  2037  2903 W InputReader: Device has associated, but no associated display id.
09-07 04:34:15.866  2037  2903 I chatty  : uid=1000(system) Binder:2037_C identical 8 lines
09-07 04:34:15.866  2037  2903 W InputReader: Device has associated, but no associated display id.
09-07 04:34:15.875 26597 26597 D LifecycleMonitor: Lifecycle status change: ru.iteco.fmhandroid.ui.AppActivity@bf025f4 in: STOPPED
09-07 04:34:15.876 26597 26597 V ActivityScenario: Update currentActivityStage to STOPPED, currentActivity=ru.iteco.fmhandroid.ui.AppActivity@bf025f4
09-07 04:34:15.891  2037  2037 W ActivityManager: Unable to start service Intent { act=android.service.appprediction.AppPredictionService cmp=com.google.android.as/com.google.android.apps.miphone.aiai.app.AiAiPredictionService } U=0: not found
09-07 04:34:15.892 26597 26597 W System.err: ru.iteco.fmhandroid.exceptions.UnknownException
09-07 04:34:15.892 26597 26597 W System.err: 	at ru.iteco.fmhandroid.utils.Utils.makeRequest(Utils.kt:123)
09-07 04:34:15.892 26597 26597 W System.err: 	at ru.iteco.fmhandroid.utils.Utils$makeRequest$1.invokeSuspend(Unknown Source:15)
09-07 04:34:15.892 26597 26597 W System.err: 	at kotlin.coroutines.jvm.internal.BaseContinuationImpl.resumeWith(ContinuationImpl.kt:33)
09-07 04:34:15.892 26597 26597 W System.err: 	at kotlinx.coroutines.DispatchedTaskKt.resume(DispatchedTask.kt:234)
09-07 04:34:15.892 26597 26597 W System.err: 	at kotlinx.coroutines.DispatchedTaskKt.resumeUnconfined(DispatchedTask.kt:190)
09-07 04:34:15.892 26597 26597 W System.err: 	at kotlinx.coroutines.DispatchedTaskKt.dispatch(DispatchedTask.kt:161)
09-07 04:34:15.892 26597 26597 W System.err: 	at kotlinx.coroutines.CancellableContinuationImpl.dispatchResume(CancellableContinuationImpl.kt:397)
09-07 04:34:15.892 26597 26597 W System.err: 	at kotlinx.coroutines.CancellableContinuationImpl.cancel(CancellableContinuationImpl.kt:183)
09-07 04:34:15.892 26597 26597 W System.err: 	at kotlinx.coroutines.CancellableContinuationImpl.parentCancelled$kotlinx_coroutines_core(CancellableContinuationImpl.kt:190)
09-07 04:34:15.892 26597 26597 W System.err: 	at kotlinx.coroutines.ChildContinuation.invoke(JobSupport.kt:1474)
09-07 04:34:15.892 26597 26597 W System.err: 	at kotlinx.coroutines.JobSupport.notifyCancelling(JobSupport.kt:1499)
09-07 04:34:15.893 26597 26597 W System.err: 	at kotlinx.coroutines.JobSupport.tryMakeCancelling(JobSupport.kt:795)
09-07 04:34:15.893 26597 26597 W System.err: 	at kotlinx.coroutines.JobSupport.makeCancelling(JobSupport.kt:755)
09-07 04:34:15.893 26597 26597 W System.err: 	at kotlinx.coroutines.JobSupport.cancelImpl$kotlinx_coroutines_core(JobSupport.kt:671)
09-07 04:34:15.893 26597 26597 W System.err: 	at kotlinx.coroutines.JobSupport.parentCancelled(JobSupport.kt:637)
09-07 04:34:15.893 26597 26597 W System.err: 	at kotlinx.coroutines.ChildHandleNode.invoke(JobSupport.kt:1465)
09-07 04:34:15.893 26597 26597 W System.err: 	at kotlinx.coroutines.JobSupport.notifyCancelling(JobSupport.kt:1499)
09-07 04:34:15.893 26597 26597 W System.err: 	at kotlinx.coroutines.JobSupport.tryMakeCompletingSlowPath(JobSupport.kt:900)
09-07 04:34:15.893 26597 26597 W System.err: 	at kotlinx.coroutines.JobSupport.tryMakeCompleting(JobSupport.kt:863)
09-07 04:34:15.893 26597 26597 W System.err: 	at kotlinx.coroutines.JobSupport.cancelMakeCompleting(JobSupport.kt:696)
09-07 04:34:15.893 26597 26597 W System.err: 	at kotlinx.coroutines.JobSupport.cancelImpl$kotlinx_coroutines_core(JobSupport.kt:667)
09-07 04:34:15.893 26597 26597 W System.err: 	at kotlinx.coroutines.JobSupport.cancelInternal(JobSupport.kt:632)
09-07 04:34:15.893 26597 26597 W System.err: 	at kotlinx.coroutines.JobSupport.cancel(JobSupport.kt:617)
09-07 04:34:15.893 26597 26597 W System.err: 	at kotlinx.coroutines.JobKt__JobKt.cancel(Job.kt:561)
09-07 04:34:15.893 26597 26597 W System.err: 	at kotlinx.coroutines.JobKt.cancel(Unknown Source:1)
09-07 04:34:15.893 26597 26597 W System.err: 	at kotlinx.coroutines.JobKt__JobKt.cancel$default(Job.kt:560)
09-07 04:34:15.893 26597 26597 W System.err: 	at kotlinx.coroutines.JobKt.cancel$default(Unknown Source:1)
09-07 04:34:15.893 26597 26597 W System.err: 	at androidx.lifecycle.CloseableCoroutineScope.close(ViewModel.kt:51)
09-07 04:34:15.893 26597 26597 W System.err: 	at androidx.lifecycle.ViewModel.closeWithRuntimeException(ViewModel.java:188)
09-07 04:34:15.893 26597 26597 W System.err: 	at androidx.lifecycle.ViewModel.clear(ViewModel.java:134)
09-07 04:34:15.893 26597 26597 W System.err: 	at androidx.lifecycle.ViewModelStore.clear(ViewModelStore.java:62)
09-07 04:34:15.893 26597 26597 W System.err: 	at androidx.fragment.app.FragmentManagerViewModel.clearNonConfigStateInternal(FragmentManagerViewModel.java:210)
09-07 04:34:15.893 26597 26597 W System.err: 	at androidx.fragment.app.FragmentManagerViewModel.clearNonConfigState(FragmentManagerViewModel.java:190)
09-07 04:34:15.893 26597 26597 W System.err: 	at androidx.fragment.app.FragmentStateManager.destroy(FragmentStateManager.java:778)
09-07 04:34:15.893 26597 26597 W System.err: 	at androidx.fragment.app.FragmentStateManager.moveToExpectedState(FragmentStateManager.java:335)
09-07 04:34:15.893 26597 26597 W System.err: 	at androidx.fragment.app.FragmentStore.moveToExpectedState(FragmentStore.java:121)
09-07 04:34:15.893 26597 26597 W System.err: 	at androidx.fragment.app.FragmentManager.moveToState(FragmentManager.java:1374)
09-07 04:34:15.893 26597 26597 W System.err: 	at androidx.fragment.app.FragmentManager.dispatchStateChange(FragmentManager.java:2841)
09-07 04:34:15.893 26597 26597 W System.err: 	at androidx.fragment.app.FragmentManager.dispatchDestroy(FragmentManager.java:2820)
09-07 04:34:15.893 26597 26597 W System.err: 	at androidx.fragment.app.Fragment.performDestroy(Fragment.java:3246)
09-07 04:34:15.893 26597 26597 W System.err: 	at androidx.fragment.app.FragmentStateManager.destroy(FragmentStateManager.java:780)
09-07 04:34:15.893 26597 26597 W System.err: 	at androidx.fragment.app.FragmentStateManager.moveToExpectedState(FragmentStateManager.java:335)
09-07 04:34:15.893 26597 26597 W System.err: 	at androidx.fragment.app.SpecialEffectsController$FragmentStateManagerOperation.complete(SpecialEffectsController.java:771)
09-07 04:34:15.893 26597 26597 W System.err: 	at androidx.fragment.app.SpecialEffectsController$Operation.cancel(SpecialEffectsController.java:615)
09-07 04:34:15.894 26597 26597 W System.err: 	at androidx.fragment.app.SpecialEffectsController.forceCompleteAllOperations(SpecialEffectsController.java:350)
09-07 04:34:15.894 26597 26597 W System.err: 	at androidx.fragment.app.FragmentManager.dispatchStateChange(FragmentManager.java:2844)
09-07 04:34:15.894 26597 26597 W System.err: 	at androidx.fragment.app.FragmentManager.dispatchDestroy(FragmentManager.java:2820)
09-07 04:34:15.894 26597 26597 W System.err: 	at androidx.fragment.app.FragmentController.dispatchDestroy(FragmentController.java:345)
09-07 04:34:15.894 26597 26597 W System.err: 	at androidx.fragment.app.FragmentActivity.onDestroy(FragmentActivity.java:306)
09-07 04:34:15.894 26597 26597 W System.err: 	at androidx.appcompat.app.AppCompatActivity.onDestroy(AppCompatActivity.java:278)
09-07 04:34:15.894 26597 26597 W System.err: 	at android.app.Activity.performDestroy(Activity.java:8048)
09-07 04:34:15.894 26597 26597 W System.err: 	at android.app.Instrumentation.callActivityOnDestroy(Instrumentation.java:1334)
09-07 04:34:15.894 26597 26597 W System.err: 	at androidx.test.runner.MonitoringInstrumentation.callActivityOnDestroy(MonitoringInstrumentation.java:766)
09-07 04:34:15.894 26597 26597 W System.err: 	at android.app.ActivityThread.performDestroyActivity(ActivityThread.java:4926)
09-07 04:34:15.894 26597 26597 W System.err: 	at android.app.ActivityThread.handleDestroyActivity(ActivityThread.java:4970)
09-07 04:34:15.894 26597 26597 W System.err: 	at android.app.servertransaction.DestroyActivityItem.execute(DestroyActivityItem.java:44)
09-07 04:34:15.894 26597 26597 W System.err: 	at android.app.servertransaction.TransactionExecutor.executeLifecycleState(TransactionExecutor.java:176)
09-07 04:34:15.894 26597 26597 W System.err: 	at android.app.servertransaction.TransactionExecutor.execute(TransactionExecutor.java:97)
09-07 04:34:15.894 26597 26597 W System.err: 	at android.app.ActivityThread$H.handleMessage(ActivityThread.java:2016)
09-07 04:34:15.894 26597 26597 W System.err: 	at android.os.Handler.dispatchMessage(Handler.java:107)
09-07 04:34:15.894 26597 26751 I okhttp.OkHttpClient: <-- HTTP FAILED: java.net.SocketException: Socket closed
09-07 04:34:15.894 26597 26597 W System.err: 	at android.os.Looper.loop(Looper.java:214)
09-07 04:34:15.894 26597 26597 W System.err: 	at android.app.ActivityThread.main(ActivityThread.java:7356)
09-07 04:34:15.894 26597 26597 W System.err: 	at java.lang.reflect.Method.invoke(Native Method)
09-07 04:34:15.894 26597 26597 W System.err: 	at com.android.internal.os.RuntimeInit$MethodAndArgsCaller.run(RuntimeInit.java:492)
09-07 04:34:15.894 26597 26597 W System.err: 	at com.android.internal.os.ZygoteInit.main(ZygoteInit.java:930)
09-07 04:34:15.899  2037  2037 W RemoteAppPredictionService: could not bind to Intent { act=android.service.appprediction.AppPredictionService cmp=com.google.android.as/com.google.android.apps.miphone.aiai.app.AiAiPredictionService } using flags 67108865
09-07 04:34:15.899  1793  1793 D gralloc_ranchu: gralloc_alloc: Creating ashmem region of size 9850880
09-07 04:34:15.910  1793  1793 I chatty  : uid=1000(system) allocator@2.0-s identical 1 line
09-07 04:34:15.916  1793  1793 D gralloc_ranchu: gralloc_alloc: Creating ashmem region of size 9850880
09-07 04:34:15.919  1793  2554 D gralloc_ranchu: gralloc_alloc: Creating ashmem region of size 9850880
09-07 04:34:15.921  2434  2714 D EGL_emulation: eglMakeCurrent: 0xed453b60: ver 2 0 (tinfo 0xe233a960)
09-07 04:34:15.922  2666  3068 D EGL_emulation: eglMakeCurrent: 0xda21b0e0: ver 2 0 (tinfo 0xda20fbb0)
09-07 04:34:15.927 26597 26597 W System.err: ru.iteco.fmhandroid.exceptions.UnknownException
09-07 04:34:15.927  1793  1793 D gralloc_ranchu: gralloc_alloc: Creating ashmem region of size 9850880
09-07 04:34:15.928 26597 26724 I okhttp.OkHttpClient: <-- HTTP FAILED: java.net.SocketException: Socket closed
09-07 04:34:15.932 26597 26597 W System.err: 	at ru.iteco.fmhandroid.utils.Utils.makeRequest(Utils.kt:123)
09-07 04:34:15.932 26597 26597 W System.err: 	at ru.iteco.fmhandroid.utils.Utils$makeRequest$1.invokeSuspend(Unknown Source:15)
09-07 04:34:15.932 26597 26597 W System.err: 	at kotlin.coroutines.jvm.internal.BaseContinuationImpl.resumeWith(ContinuationImpl.kt:33)
09-07 04:34:15.932 26597 26597 W System.err: 	at kotlinx.coroutines.DispatchedTaskKt.resume(DispatchedTask.kt:234)
09-07 04:34:15.932 26597 26597 W System.err: 	at kotlinx.coroutines.DispatchedTaskKt.resumeUnconfined(DispatchedTask.kt:190)
09-07 04:34:15.932 26597 26597 W System.err: 	at kotlinx.coroutines.DispatchedTaskKt.dispatch(DispatchedTask.kt:161)
09-07 04:34:15.932 26597 26597 W System.err: 	at kotlinx.coroutines.CancellableContinuationImpl.dispatchResume(CancellableContinuationImpl.kt:397)
09-07 04:34:15.932 26597 26597 W System.err: 	at kotlinx.coroutines.CancellableContinuationImpl.cancel(CancellableContinuationImpl.kt:183)
09-07 04:34:15.932 26597 26597 W System.err: 	at kotlinx.coroutines.CancellableContinuationImpl.parentCancelled$kotlinx_coroutines_core(CancellableContinuationImpl.kt:190)
09-07 04:34:15.932 26597 26597 W System.err: 	at kotlinx.coroutines.ChildContinuation.invoke(JobSupport.kt:1474)
09-07 04:34:15.932 26597 26597 W System.err: 	at kotlinx.coroutines.JobSupport.notifyCancelling(JobSupport.kt:1499)
09-07 04:34:15.932 26597 26597 W System.err: 	at kotlinx.coroutines.JobSupport.tryMakeCancelling(JobSupport.kt:795)
09-07 04:34:15.933 26597 26597 W System.err: 	at kotlinx.coroutines.JobSupport.makeCancelling(JobSupport.kt:755)
09-07 04:34:15.933 26597 26597 W System.err: 	at kotlinx.coroutines.JobSupport.cancelImpl$kotlinx_coroutines_core(JobSupport.kt:671)
09-07 04:34:15.933 26597 26597 W System.err: 	at kotlinx.coroutines.JobSupport.parentCancelled(JobSupport.kt:637)
09-07 04:34:15.933 26597 26597 W System.err: 	at kotlinx.coroutines.ChildHandleNode.invoke(JobSupport.kt:1465)
09-07 04:34:15.933 26597 26597 W System.err: 	at kotlinx.coroutines.JobSupport.notifyCancelling(JobSupport.kt:1499)
09-07 04:34:15.933 26597 26597 W System.err: 	at kotlinx.coroutines.JobSupport.tryMakeCompletingSlowPath(JobSupport.kt:900)
09-07 04:34:15.933 26597 26597 W System.err: 	at kotlinx.coroutines.JobSupport.tryMakeCompleting(JobSupport.kt:863)
09-07 04:34:15.933 26597 26597 W System.err: 	at kotlinx.coroutines.JobSupport.cancelMakeCompleting(JobSupport.kt:696)
09-07 04:34:15.933 26597 26597 W System.err: 	at kotlinx.coroutines.JobSupport.cancelImpl$kotlinx_coroutines_core(JobSupport.kt:667)
09-07 04:34:15.933 26597 26597 W System.err: 	at kotlinx.coroutines.JobSupport.cancelInternal(JobSupport.kt:632)
09-07 04:34:15.933 26597 26597 W System.err: 	at kotlinx.coroutines.JobSupport.cancel(JobSupport.kt:617)
09-07 04:34:15.933 26597 26597 W System.err: 	at kotlinx.coroutines.JobKt__JobKt.cancel(Job.kt:561)
09-07 04:34:15.933 26597 26597 W System.err: 	at kotlinx.coroutines.JobKt.cancel(Unknown Source:1)
09-07 04:34:15.933 26597 26597 W System.err: 	at kotlinx.coroutines.JobKt__JobKt.cancel$default(Job.kt:560)
09-07 04:34:15.933 26597 26597 W System.err: 	at kotlinx.coroutines.JobKt.cancel$default(Unknown Source:1)
09-07 04:34:15.933 26597 26597 W System.err: 	at androidx.lifecycle.CloseableCoroutineScope.close(ViewModel.kt:51)
09-07 04:34:15.933 26597 26597 W System.err: 	at androidx.lifecycle.ViewModel.closeWithRuntimeException(ViewModel.java:188)
09-07 04:34:15.933 26597 26597 W System.err: 	at androidx.lifecycle.ViewModel.clear(ViewModel.java:134)
09-07 04:34:15.934 26597 26597 W System.err: 	at androidx.lifecycle.ViewModelStore.clear(ViewModelStore.java:62)
09-07 04:34:15.934 26597 26597 W System.err: 	at androidx.fragment.app.FragmentManagerViewModel.clearNonConfigStateInternal(FragmentManagerViewModel.java:210)
09-07 04:34:15.934 26597 26597 W System.err: 	at androidx.fragment.app.FragmentManagerViewModel.clearNonConfigState(FragmentManagerViewModel.java:190)
09-07 04:34:15.934 26597 26597 W System.err: 	at androidx.fragment.app.FragmentStateManager.destroy(FragmentStateManager.java:778)
09-07 04:34:15.934 26597 26597 W System.err: 	at androidx.fragment.app.FragmentStateManager.moveToExpectedState(FragmentStateManager.java:335)
09-07 04:34:15.934 26597 26597 W System.err: 	at androidx.fragment.app.FragmentStore.moveToExpectedState(FragmentStore.java:121)
09-07 04:34:15.934 26597 26597 W System.err: 	at androidx.fragment.app.FragmentManager.moveToState(FragmentManager.java:1374)
09-07 04:34:15.934 26597 26597 W System.err: 	at androidx.fragment.app.FragmentManager.dispatchStateChange(FragmentManager.java:2841)
09-07 04:34:15.934 26597 26597 W System.err: 	at androidx.fragment.app.FragmentManager.dispatchDestroy(FragmentManager.java:2820)
09-07 04:34:15.934 26597 26597 W System.err: 	at androidx.fragment.app.Fragment.performDestroy(Fragment.java:3246)
09-07 04:34:15.934 26597 26597 W System.err: 	at androidx.fragment.app.FragmentStateManager.destroy(FragmentStateManager.java:780)
09-07 04:34:15.934 26597 26597 W System.err: 	at androidx.fragment.app.FragmentStateManager.moveToExpectedState(FragmentStateManager.java:335)
09-07 04:34:15.934 26597 26597 W System.err: 	at androidx.fragment.app.SpecialEffectsController$FragmentStateManagerOperation.complete(SpecialEffectsController.java:771)
09-07 04:34:15.935 26597 26597 W System.err: 	at androidx.fragment.app.SpecialEffectsController$Operation.cancel(SpecialEffectsController.java:615)
09-07 04:34:15.935 26597 26597 W System.err: 	at androidx.fragment.app.SpecialEffectsController.forceCompleteAllOperations(SpecialEffectsController.java:350)
09-07 04:34:15.935 26597 26597 W System.err: 	at androidx.fragment.app.FragmentManager.dispatchStateChange(FragmentManager.java:2844)
09-07 04:34:15.935 26597 26597 W System.err: 	at androidx.fragment.app.FragmentManager.dispatchDestroy(FragmentManager.java:2820)
