--------- beginning of main
09-07 04:33:54.214  1792  2272 E GnssHAL_GnssInterface: gnssSvStatusCb: a: input svInfo.flags is 8
09-07 04:33:54.214  1792  2272 E GnssHAL_GnssInterface: gnssSvStatusCb: b: input svInfo.flags is 8
--------- beginning of system
09-07 04:33:54.369  2037  4291 I ActivityManager: Force stopping ru.iteco.fmhandroid appid=10136 user=0: from pid 26504
09-07 04:33:54.375  2279  2279 D CarrierSvcBindHelper: No carrier app for: 0
09-07 04:33:54.391  9734  9734 I studio.deploy: Received request 'dump'
09-07 04:33:54.449  2037  4291 I ActivityManager: Force stopping ru.iteco.fmhandroid appid=10136 user=0: from pid 26522
09-07 04:33:54.454  2037  2169 E ClipboardService: Denying clipboard access to com.android.chrome, application is not in focus neither is a system service for user 0
09-07 04:33:54.454  2279  2279 D CarrierSvcBindHelper: No carrier app for: 0
09-07 04:33:54.473  9734  9734 I studio.deploy: Received request 'dump'
09-07 04:33:54.534  9734  9734 I studio.deploy: Received request 'deltainstall'
09-07 04:33:54.609  2037  2080 W PackageParser: Unknown element under <manifest>: queries at /data/app/vmdl472595244.tmp/base.apk Binary XML file line #16
09-07 04:33:54.610  2037  2080 I PackageManager: Update package ru.iteco.fmhandroid.test code path from /data/app/ru.iteco.fmhandroid.test-zaa_jkYi2UQTlwr48gVk4A== to /data/app/ru.iteco.fmhandroid.test-2-SCGoi46Q4GoI6vLZJcww==; Retain data and using new
09-07 04:33:54.610  2037  2080 I PackageManager: Update package ru.iteco.fmhandroid.test resource path from /data/app/ru.iteco.fmhandroid.test-zaa_jkYi2UQTlwr48gVk4A== to /data/app/ru.iteco.fmhandroid.test-2-SCGoi46Q4GoI6vLZJcww==; Retain data and using new
09-07 04:33:54.623  2037  2080 I PackageManager: Un-granting permission android.permission.MANAGE_DOCUMENTS from package com.google.android.youtube (protectionLevel=262146 flags=0x30dbbe45)
09-07 04:33:54.623  2037  2080 I PackageManager: Un-granting permission android.permission.INTERACT_ACROSS_PROFILES from package com.google.android.googlequicksearchbox (protectionLevel=18 flags=0x28dbbec5)
09-07 04:33:54.623  2037  2080 I PackageManager: Un-granting permission android.permission.MANAGE_SOUND_TRIGGER from package com.google.android.googlequicksearchbox (protectionLevel=18 flags=0x28dbbec5)
09-07 04:33:54.623  2037  2080 I PackageManager: Un-granting permission android.permission.MANAGE_USB from package com.google.android.googlequicksearchbox (protectionLevel=18 flags=0x28dbbec5)
09-07 04:33:54.623  2037  2080 I PackageManager: Un-granting permission android.permission.CONTROL_INCALL_EXPERIENCE from package com.google.android.googlequicksearchbox (protectionLevel=18 flags=0x28dbbec5)
09-07 04:33:54.623  2037  2080 I PackageManager: Un-granting permission android.permission.WRITE_APN_SETTINGS from package com.google.android.googlequicksearchbox (protectionLevel=18 flags=0x28dbbec5)
09-07 04:33:54.623  2037  2080 I PackageManager: Un-granting permission android.permission.SUBSTITUTE_SHARE_TARGET_APP_NAME_AND_ICON from package com.google.android.googlequicksearchbox (protectionLevel=18 flags=0x28dbbec5)
09-07 04:33:54.623  2037  2080 I PackageManager: Un-granting permission com.google.android.googleapps.permission.GOOGLE_AUTH from package com.android.providers.calendar (protectionLevel=2 flags=0x30883e45)
09-07 04:33:54.623  2037  2080 I PackageManager: Un-granting permission com.google.android.googleapps.permission.GOOGLE_AUTH.cl from package com.android.providers.calendar (protectionLevel=2 flags=0x30883e45)
09-07 04:33:54.623  2037  2080 I PackageManager: Un-granting permission android.permission.WRITE_SECURE_SETTINGS from package com.google.android.apps.enterprise.dmagent (protectionLevel=50 flags=0x30083e05)
09-07 04:33:54.623  2037  2080 I PackageManager: Un-granting permission android.permission.CONNECTIVITY_INTERNAL from package com.google.android.apps.enterprise.dmagent (protectionLevel=18 flags=0x30083e05)
09-07 04:33:54.623  2037  2080 I PackageManager: Un-granting permission android.permission.MANAGE_USB from package com.google.android.apps.enterprise.dmagent (protectionLevel=18 flags=0x30083e05)
09-07 04:33:54.623  2037  2080 I PackageManager: Un-granting permission android.permission.CHANGE_COMPONENT_ENABLED_STATE from package com.google.android.apps.enterprise.dmagent (protectionLevel=18 flags=0x30083e05)
09-07 04:33:54.623  2037  2080 I PackageManager: Un-granting permission android.permission.MANAGE_CA_CERTIFICATES from package com.google.android.apps.enterprise.dmagent (protectionLevel=18 flags=0x30083e05)
09-07 04:33:54.623  2037  2080 I PackageManager: Un-granting permission android.permission.MANAGE_USERS from package com.google.android.apps.enterprise.dmagent (protectionLevel=18 flags=0x30083e05)
09-07 04:33:54.623  2037  2080 I PackageManager: Un-granting permission com.google.android.setupwizard.READ_DEVICE_ORIGIN from package com.google.android.apps.messaging (protectionLevel=18 flags=0x38cbbe45)
09-07 04:33:54.623  2037  2080 I PackageManager: Un-granting permission android.permission.HIDE_NON_SYSTEM_OVERLAY_WINDOWS from package com.android.vending (protectionLevel=258 flags=0x28cabec5)
09-07 04:33:54.623  2037  2080 I PackageManager: Un-granting permission android.permission.SEND_DOWNLOAD_COMPLETED_INTENTS from package com.android.vending (protectionLevel=2 flags=0x28cabec5)
09-07 04:33:54.623  2037  2080 I PackageManager: Un-granting permission android.permission.BIND_WALLPAPER from package com.android.camera2 (protectionLevel=18 flags=0x20d8bc45)
09-07 04:33:54.623  2037  2080 I PackageManager: Un-granting permission android.permission.REQUEST_INSTALL_PACKAGES from package com.google.android.gm (protectionLevel=66 flags=0x38cbbe45)
09-07 04:33:54.624  2037  2080 I PackageManager: Un-granting permission android.permission.BIND_JOB_SERVICE from package com.google.android.music (protectionLevel=2 flags=0x38cbbe65)
09-07 04:33:54.624  2037  2080 I PackageManager: Un-granting permission android.permission.CONNECTIVITY_USE_RESTRICTED_NETWORKS from package com.google.android.captiveportallogin (protectionLevel=18 flags=0x38c8be45)
09-07 04:33:54.624  2037  2080 I PackageManager: Un-granting permission android.permission.NETWORK_BYPASS_PRIVATE_DNS from package com.google.android.captiveportallogin (protectionLevel=2 flags=0x38c8be45)
09-07 04:33:54.624  2037  2080 I PackageManager: Un-granting permission android.permission.REQUEST_INSTALL_PACKAGES from package com.google.android.apps.docs (protectionLevel=66 flags=0x38cbbe45)
09-07 04:33:54.624  2037  2080 I PackageManager: Un-granting permission android.permission.INTERACT_ACROSS_USERS from package com.google.android.syncadapters.contacts (protectionLevel=50 flags=0x20883e45)
09-07 04:33:54.624  2037  2080 I PackageManager: Un-granting permission android.permission.REQUEST_INSTALL_PACKAGES from package com.android.chrome (protectionLevel=66 flags=0xa0cbbe45)
09-07 04:33:54.624  2037  2080 I PackageManager: Un-granting permission android.permission.WRITE_EMBEDDED_SUBSCRIPTIONS from package com.google.android.gms (protectionLevel=50 flags=0xa0cabec5)
09-07 04:33:54.624  2037  2080 I PackageManager: Un-granting permission android.permission.CAPTURE_VIDEO_OUTPUT from package com.google.android.gms (protectionLevel=2 flags=0xa0cabec5)
09-07 04:33:54.624  2037  2080 I PackageManager: Un-granting permission android.permission.FORCE_STOP_PACKAGES from package com.google.android.gms (protectionLevel=18 flags=0xa0cabec5)
09-07 04:33:54.624  2037  2080 I PackageManager: Un-granting permission android.permission.MODIFY_DEFAULT_AUDIO_EFFECTS from package com.google.android.gms (protectionLevel=18 flags=0xa0cabec5)
09-07 04:33:54.624  2037  2080 I PackageManager: Un-granting permission android.permission.MANAGE_DEVICE_ADMINS from package com.google.android.gms (protectionLevel=2 flags=0xa0cabec5)
09-07 04:33:54.624  2037  2080 I PackageManager: Un-granting permission android.permission.MANAGE_ACTIVITY_STACKS from package com.google.android.gms (protectionLevel=2 flags=0xa0cabec5)
09-07 04:33:54.624  2037  2080 I PackageManager: Un-granting permission android.permission.CAPTURE_SECURE_VIDEO_OUTPUT from package com.google.android.gms (protectionLevel=2 flags=0xa0cabec5)
09-07 04:33:54.624  2037  2080 I PackageManager: Un-granting permission android.permission.MANAGE_ROLLBACKS from package com.google.android.gms (protectionLevel=514 flags=0xa0cabec5)
09-07 04:33:54.624  2037  2080 I PackageManager: Un-granting permission android.permission.MEDIA_CONTENT_CONTROL from package com.google.android.gms (protectionLevel=18 flags=0xa0cabec5)
09-07 04:33:54.624  2037  2080 I PackageManager: Un-granting permission android.permission.HIDE_NON_SYSTEM_OVERLAY_WINDOWS from package com.google.android.gms (protectionLevel=258 flags=0xa0cabec5)
09-07 04:33:54.625  2037  2080 I PackageManager: Un-granting permission com.google.android.googleapps.permission.GOOGLE_AUTH from package com.google.android.videos (protectionLevel=2 flags=0x30dbbe45)
09-07 04:33:54.625  2037  2080 I PackageManager: Un-granting permission android.permission.WRITE_MEDIA_STORAGE from package com.google.android.apps.photos (protectionLevel=18 flags=0x38d9be45)
09-07 04:33:54.649  2037  2066 W BroadcastQueue: Background execution not allowed: receiving Intent { act=android.intent.action.PACKAGE_REMOVED dat=package:ru.iteco.fmhandroid.test flg=0x4000010 (has extras) } to com.android.musicfx/.Compatibility$Receiver
09-07 04:33:54.649  2037  2066 W BroadcastQueue: Background execution not allowed: receiving Intent { act=android.intent.action.PACKAGE_REMOVED dat=package:ru.iteco.fmhandroid.test flg=0x4000010 (has extras) } to com.android.vending/com.google.android.finsky.packagemonitor.impl.PackageMonitorReceiverImpl$RegisteredReceiver
09-07 04:33:54.649  2037  2066 W BroadcastQueue: Background execution not allowed: receiving Intent { act=android.intent.action.PACKAGE_REMOVED dat=package:ru.iteco.fmhandroid.test flg=0x4000010 (has extras) } to com.android.vending/com.google.android.finsky.packagemonitor.backgroundimpl.BackgroundPackageMonitorReceiverImpl$RegisteredReceiver
09-07 04:33:54.650  2037  2066 W BroadcastQueue: Background execution not allowed: receiving Intent { act=android.intent.action.PACKAGE_REMOVED dat=package:ru.iteco.fmhandroid.test flg=0x4000010 (has extras) } to com.android.vending/com.google.android.finsky.instantapps.appmanagement.InstantAppRemoveMonitor
09-07 04:33:54.650  2037  2066 W BroadcastQueue: Background execution not allowed: receiving Intent { act=android.intent.action.PACKAGE_REMOVED dat=package:ru.iteco.fmhandroid.test flg=0x4000010 (has extras) } to com.google.android.gms/.games.chimera.GamesSystemBroadcastReceiverProxy
09-07 04:33:54.650  2037  2066 W BroadcastQueue: Background execution not allowed: receiving Intent { act=android.intent.action.PACKAGE_REMOVED dat=package:ru.iteco.fmhandroid.test flg=0x4000010 (has extras) } to com.google.android.gms/.chimera.GmsIntentOperationService$PersistentTrustedReceiver
09-07 04:33:54.650  2689  2689 I GsaVoiceInteractionSrv: (REDACTED) O received %s
09-07 04:33:54.652  8176  8176 I Finsky  : [2] vms.g(1): vms - Received: android.intent.action.PACKAGE_REMOVED, [JKgrAT7ZrU_atynDxHtFKlznxOwkruuqzdx-Cu5fTVw]
09-07 04:33:54.657  2037  2133 I InputReader: Reconfiguring input devices.  changes=0x00000010
09-07 04:33:54.679  8176 26548 I Finsky  : [969] pth.accept(76): IQ: handled package removed
09-07 04:33:54.682  8176 26546 I Finsky  : [967] oll.run(296): Wrote row to frosting DB: 1756
09-07 04:33:54.693  8176  8256 I Finsky  : [591] jnn.a(53): AIM: AppInfoManager-Perf > OnDeviceAppInfo > cacheHitCount=0, cacheMissCount=1. Missed  in cache (limit 10) : [ru.iteco.fmhandroid.test]
09-07 04:33:54.694  8176  8256 I Finsky  : [591] jlf.apply(886): AIM: Got app ownership map. App counts: . Unique apps: 0
09-07 04:33:54.704  8176 26546 I Finsky  : [967] oll.run(296): Wrote row to frosting DB: 1757
09-07 04:33:54.715  2689  2689 I GsaVoiceInteractionSrv: (REDACTED) O received %s
09-07 04:33:54.719  2037  2133 I InputReader: Reconfiguring input devices.  changes=0x00000010
09-07 04:33:54.720  8176  8176 I Finsky  : [2] vms.g(1): vms - Received: android.intent.action.PACKAGE_ADDED, [JKgrAT7ZrU_atynDxHtFKlznxOwkruuqzdx-Cu5fTVw]
09-07 04:33:54.731  2037  2066 W BroadcastQueue: Background execution not allowed: receiving Intent { act=android.intent.action.PACKAGE_ADDED dat=package:ru.iteco.fmhandroid.test flg=0x4000010 (has extras) } to com.google.android.packageinstaller/com.android.packageinstaller.PackageInstalledReceiver
09-07 04:33:54.733  8176  8257 I Finsky  : [592] jnj.a(202): AIM: AppInfoManager-Perf > ItemModel > CacheSize=0, cacheHitCount=0, cacheMissCount=1, total appsWithNoServerDataCount=0. Missed  in cache (limit 10) : [ru.iteco.fmhandroid.test]
09-07 04:33:54.733  8176  8257 I Finsky  : [592] jnm.n(24): AIM: AppInfoManager-Perf > ItemModel > ItemStore Called 1 apps cacheOptions = USE_CACHE
09-07 04:33:54.733  8176  8257 I Finsky  : [592] jnj.a(1098): AIM: ItemModel fetch - unauth(1), auth()
09-07 04:33:54.734  8176  8256 I Finsky  : [591] rmt.apply(40): ItemStore: Not cached: ru.iteco.fmhandroid.test
09-07 04:33:54.740  8176 26546 I Finsky  : [967] oll.run(296): Wrote row to frosting DB: 1758
09-07 04:33:54.751  8176  8250 I Finsky  : [585] jnn.a(53): AIM: AppInfoManager-Perf > OnDeviceAppInfo > cacheHitCount=0, cacheMissCount=1. Missed  in cache (limit 10) : [ru.iteco.fmhandroid.test]
09-07 04:33:54.752  2434  2940 E ActivityThread: Failed to find provider info for com.google.android.apps.wellbeing.api
09-07 04:33:54.752  8176  8250 I Finsky  : [585] jlf.apply(886): AIM: Got app ownership map. App counts: . Unique apps: 0
09-07 04:33:54.752  2037  2066 W BroadcastQueue: Background execution not allowed: receiving Intent { act=android.intent.action.PACKAGE_ADDED dat=package:ru.iteco.fmhandroid.test flg=0x4000010 (has extras) } to com.android.musicfx/.Compatibility$Receiver
09-07 04:33:54.753  2037  2066 W BroadcastQueue: Background execution not allowed: receiving Intent { act=android.intent.action.PACKAGE_ADDED dat=package:ru.iteco.fmhandroid.test flg=0x4000010 (has extras) } to com.android.vending/com.google.android.finsky.packagemonitor.impl.PackageMonitorReceiverImpl$RegisteredReceiver
09-07 04:33:54.753  2689  2689 I GsaVoiceInteractionSrv: (REDACTED) O received %s
09-07 04:33:54.755  2037  2066 W BroadcastQueue: Background execution not allowed: receiving Intent { act=android.intent.action.PACKAGE_ADDED dat=package:ru.iteco.fmhandroid.test flg=0x4000010 (has extras) } to com.android.vending/com.google.android.finsky.packagemonitor.backgroundimpl.BackgroundPackageMonitorReceiverImpl$RegisteredReceiver
09-07 04:33:54.758  8176  8176 I Finsky  : [2] qos.akj(13): DTU: Received onPackageAdded, replacing: true
09-07 04:33:54.764  8176 26546 I Finsky  : [967] oll.run(296): Wrote row to frosting DB: 1759
09-07 04:33:54.765  2037  2133 I InputReader: Reconfiguring input devices.  changes=0x00000010
09-07 04:33:54.766  2037  2066 W BroadcastQueue: Background execution not allowed: receiving Intent { act=android.intent.action.PACKAGE_ADDED dat=package:ru.iteco.fmhandroid.test flg=0x4000010 (has extras) } to com.google.android.gms/.games.chimera.GamesSystemBroadcastReceiverProxy
09-07 04:33:54.774  2037  2066 W BroadcastQueue: Background execution not allowed: receiving Intent { act=android.intent.action.PACKAGE_ADDED dat=package:ru.iteco.fmhandroid.test flg=0x4000010 (has extras) } to com.google.android.gms/.gass.chimera.PackageChangeBroadcastReceiver
09-07 04:33:54.774  2037  2066 W BroadcastQueue: Background execution not allowed: receiving Intent { act=android.intent.action.PACKAGE_ADDED dat=package:ru.iteco.fmhandroid.test flg=0x4000010 (has extras) } to com.google.android.gms/.chimera.GmsIntentOperationService$PersistentTrustedReceiver
09-07 04:33:54.775  2037  2066 W BroadcastQueue: Background execution not allowed: receiving Intent { act=android.intent.action.PACKAGE_ADDED dat=package:ru.iteco.fmhandroid.test flg=0x4000010 (has extras) } to com.google.android.ims/.receivers.RcsAutoStartReceiver
09-07 04:33:54.786  8176  8176 I Finsky  : [2] vms.g(1): vms - Received: android.intent.action.PACKAGE_ADDED, [JKgrAT7ZrU_atynDxHtFKlznxOwkruuqzdx-Cu5fTVw]
09-07 04:33:54.800  2666  3039 W aoza    : Abort, client detached.
09-07 04:33:54.827  8176  8176 I Finsky  : [2] vms.g(1): vms - Deduping intent android.intent.action.PACKAGE_ADDED
09-07 04:33:54.834  8425 26554 I Fitness : (REDACTED) FitCleanupIntentOperation received Intent %s
09-07 04:33:54.836  8176  8256 I Finsky  : [591] jnj.a(202): AIM: AppInfoManager-Perf > ItemModel > CacheSize=0, cacheHitCount=0, cacheMissCount=1, total appsWithNoServerDataCount=0. Missed  in cache (limit 10) : [ru.iteco.fmhandroid.test]
09-07 04:33:54.836  8176  8256 I Finsky  : [591] jnm.n(24): AIM: AppInfoManager-Perf > ItemModel > ItemStore Called 1 apps cacheOptions = USE_CACHE
09-07 04:33:54.838  8176  8176 I Finsky  : [2] vms.g(1): vms - Received: android.intent.action.PACKAGE_ADDED, [JKgrAT7ZrU_atynDxHtFKlznxOwkruuqzdx-Cu5fTVw]
09-07 04:33:54.843  8176 26546 I Finsky  : [967] oll.run(296): Wrote row to frosting DB: 1760
09-07 04:33:54.845  8176  8252 I Finsky  : [587] rmt.apply(40): ItemStore: Not cached: ru.iteco.fmhandroid.test
09-07 04:33:54.852  8176  8256 I Finsky  : [591] jnj.a(1098): AIM: ItemModel fetch - unauth(1), auth()
09-07 04:33:54.860  7867 26564 I Auth    : [SupervisedAccountIntentOperation] onHandleIntent(): android.intent.action.PACKAGE_ADDED
09-07 04:33:54.871  8176  8176 I Finsky  : [2] vms.g(1): vms - Deduping intent android.intent.action.PACKAGE_ADDED
09-07 04:33:54.874  2037  2037 W Looper  : Slow dispatch took 108ms main h=android.app.ActivityThread$H c=android.app.-$$Lambda$LoadedApk$ReceiverDispatcher$Args$_BumDX2UKsnxLVrE6UJsJZkotuA@b54aa08 m=0
09-07 04:33:54.879  7867  7867 D BoundBrokerSvc: onBind: Intent { act=com.google.android.gms.common.BIND_SHARED_PREFS pkg=com.google.android.gms }
09-07 04:33:54.879  7867  7867 D BoundBrokerSvc: Loading bound service for intent: Intent { act=com.google.android.gms.common.BIND_SHARED_PREFS pkg=com.google.android.gms }
09-07 04:33:54.883  8176 26546 I Finsky  : [967] oll.run(296): Wrote row to frosting DB: 1761
09-07 04:33:54.892  8176  8256 I Finsky  : [591] xty.accept(378): SCH: Scheduling phonesky job Id: 12-1, CT: 1694061234698, Constraints: [{ L: 15000, D: 86400000, C: 1, I: 1, N: 1 }]
09-07 04:33:54.902  8176  8252 I Finsky  : [587] yew.apply(123): SCH: Scheduling 1 system job(s)
09-07 04:33:54.909  8176  8252 I Finsky  : [587] yvz.d(263): SCH: Scheduling system job Id: 9172, L: 14791, D: 69727722, C: false, I: false, N: 1
09-07 04:33:54.915  2037  2051 I system_server: Background concurrent copying GC freed 62270(3236KB) AllocSpace objects, 34(1320KB) LOS objects, 26% free, 17MB/23MB, paused 504us total 270.897ms
09-07 04:33:54.924  8425  8425 D BoundBrokerSvc: onBind: Intent { act=com.google.android.gms.nearby.exposurenotification.START dat=chimera-action: cmp=com.google.android.gms/.chimera.PersistentApiServiceNoInstantApps }
09-07 04:33:54.932  2037  4497 W BroadcastQueue: Background execution not allowed: receiving Intent { act=android.intent.action.PACKAGE_REPLACED dat=package:ru.iteco.fmhandroid.test flg=0x4000010 (has extras) } to com.android.musicfx/.Compatibility$Receiver
09-07 04:33:54.932  2037  2066 W BroadcastQueue: Background execution not allowed: receiving Intent { act=android.intent.action.PACKAGE_REPLACED dat=package:ru.iteco.fmhandroid.test flg=0x4000010 (has extras) } to com.google.android.apps.photos/.account.full.FetchAccountPropertiesAppUpgradeBroadcastReceiver
09-07 04:33:54.934  8425  8425 D BoundBrokerSvc: Loading bound service for intent: Intent { act=com.google.android.gms.nearby.exposurenotification.START dat=chimera-action: cmp=com.google.android.gms/.chimera.PersistentApiServiceNoInstantApps }
09-07 04:33:54.935  8425 26554 I FontLog : (REDACTED) Package %s has no metadata
09-07 04:33:54.937  2037  2066 W BroadcastQueue: Background execution not allowed: receiving Intent { act=android.intent.action.PACKAGE_REPLACED dat=package:ru.iteco.fmhandroid.test flg=0x4000010 (has extras) } to com.google.android.apps.photos/.account.full.SyncAccountsForLoginBroadcastReceiver
09-07 04:33:54.937  2037  2066 W BroadcastQueue: Background execution not allowed: receiving Intent { act=android.intent.action.PACKAGE_REPLACED dat=package:ru.iteco.fmhandroid.test flg=0x4000010 (has extras) } to com.google.android.apps.photos/.experiments.phenotype.full.PhenotypeAppUpgradeBroadcastReceiver
09-07 04:33:54.937  2037  2066 W BroadcastQueue: Background execution not allowed: receiving Intent { act=android.intent.action.PACKAGE_REPLACED dat=package:ru.iteco.fmhandroid.test flg=0x4000010 (has extras) } to com.google.android.apps.photos/.notificationchannels.AppUpdateBroadcastReceiver
09-07 04:33:54.938  2037  2066 W BroadcastQueue: Background execution not allowed: receiving Intent { act=android.intent.action.PACKAGE_REPLACED dat=package:ru.iteco.fmhandroid.test flg=0x4000010 (has extras) } to com.google.android.gms/.gass.chimera.PackageChangeBroadcastReceiver
09-07 04:33:54.938  2037  2066 W BroadcastQueue: Background execution not allowed: receiving Intent { act=android.intent.action.PACKAGE_REPLACED dat=package:ru.iteco.fmhandroid.test flg=0x4000010 (has extras) } to com.google.android.gms/.chimera.GmsIntentOperationService$PersistentTrustedReceiver
09-07 04:33:54.938  2037  2066 W BroadcastQueue: Background execution not allowed: receiving Intent { act=android.intent.action.PACKAGE_REPLACED dat=package:ru.iteco.fmhandroid.test flg=0x4000010 (has extras) } to com.google.android.ims/.receivers.RcsAutoStartReceiver
09-07 04:33:54.939  2279  2279 D CarrierSvcBindHelper: No carrier app for: 0
09-07 04:33:54.940  2279  2279 D CarrierSvcBindHelper: No carrier app for: 0
09-07 04:33:54.942  7867  7909 I Icing   : IndexChimeraService.getServiceInterface callingPackage=com.google.android.gms componentName=AppsCorpus serviceId=36
09-07 04:33:54.943  7867  7867 D BoundBrokerSvc: onUnbind: Intent { act=com.google.android.gms.common.BIND_SHARED_PREFS pkg=com.google.android.gms }
09-07 04:33:54.945  8176  8249 I Finsky  : [584] kiz.aeG(143): [ContentSync] finished, scheduled=true
09-07 04:33:54.958  2279  2279 D CarrierConfigLoader: mHandler: 9 phoneId: 0
09-07 04:33:54.962  8425  8574 W ChimeraUtils: Module com.google.android.gms.nearby_en missing resource null(0)
09-07 04:33:54.965  7867  7879 I gle.android.gm: Background young concurrent copying GC freed 27396(1883KB) AllocSpace objects, 1(20KB) LOS objects, 11% free, 9947KB/10MB, paused 1.576ms total 103.599ms
09-07 04:33:54.965  8176  8257 I Finsky  : [592] xty.accept(378): SCH: Scheduling phonesky job Id: 12-1, CT: 1694061234758, Constraints: [{ L: 15000, D: 86400000, C: 1, I: 1, N: 1 }]
09-07 04:33:54.967  2037  2037 W Looper  : Slow delivery took 257ms main h=android.app.ActivityThread$H c=android.app.-$$Lambda$LoadedApk$ReceiverDispatcher$Args$_BumDX2UKsnxLVrE6UJsJZkotuA@1c35949 m=0
09-07 04:33:54.971  8425  8574 W ChimeraUtils: Module com.google.android.gms.nearby_en missing resource null(0)
09-07 04:33:54.975  8176  8252 I Finsky  : [587] yew.apply(123): SCH: Scheduling 0 system job(s)
09-07 04:33:54.976  8176  8252 I Finsky  : [587] kiz.aeG(143): [ContentSync] finished, scheduled=true
09-07 04:33:54.983  8176  8257 E Finsky  : [592] rna.a(110): ItemStore: getItems RPC failed.
09-07 04:33:54.983  8176  8257 E Finsky  : [592] rna.a(110): ItemStore: getItems RPC failed.
09-07 04:33:54.999  7867 21325 W Icing   : No valid account for uploading user actions
09-07 04:33:55.006  8425  8425 D BoundBrokerSvc: onBind: Intent { act=com.google.android.gms.icing.LIGHTWEIGHT_INDEX_SERVICE dat=chimera-action: cmp=com.google.android.gms/.chimera.PersistentApiService }
09-07 04:33:55.006  8425  8425 D BoundBrokerSvc: Loading bound service for intent: Intent { act=com.google.android.gms.icing.LIGHTWEIGHT_INDEX_SERVICE dat=chimera-action: cmp=com.google.android.gms/.chimera.PersistentApiService }
09-07 04:33:55.016  7867  7867 D BoundBrokerSvc: onBind: Intent { act=com.google.android.gms.feedback.internal.IFeedbackService dat=chimera-action: cmp=com.google.android.gms/.chimera.GmsBoundBrokerService }
09-07 04:33:55.016  7867  7867 D BoundBrokerSvc: Loading bound service for intent: Intent { act=com.google.android.gms.feedback.internal.IFeedbackService dat=chimera-action: cmp=com.google.android.gms/.chimera.GmsBoundBrokerService }
09-07 04:33:55.019  2037  2037 I Telecom : DefaultDialerCache: Refreshing default dialer for user 0: now com.android.dialer: DDC.oR@AQY
09-07 04:33:55.022  2037  2037 V BackupManagerConstants: getFullBackupIntervalMilliseconds(...) returns 86400000
09-07 04:33:55.022  2037  2037 V BackupManagerConstants: getFullBackupRequiredNetworkType(...) returns 2
09-07 04:33:55.022  2037  2037 V BackupManagerConstants: getFullBackupRequireCharging(...) returns true
09-07 04:33:55.040  7867 21325 I Icing   : Usage reports ok 1, Failed Usage reports 0, indexed 0, rejected 0
09-07 04:33:55.041  7867  7911 I Icing   : IndexChimeraService.getServiceInterface callingPackage=com.google.android.gms componentName=null serviceId=30
09-07 04:33:55.041  7867 21325 I Icing   : Indexing com.google.android.gms-apps from com.google.android.gms
09-07 04:33:55.044  7867 21325 I Icing   : Indexing done com.google.android.gms-apps
09-07 04:33:55.052  7867 21325 W Icing   : No valid account for uploading user actions
09-07 04:33:55.059  7867 21325 I Icing   : Usage reports ok 0, Failed Usage reports 0, indexed 0, rejected 0
09-07 04:33:55.079  7867 21325 I Icing   : Indexing com.google.android.gms-apps from com.google.android.gms
09-07 04:33:55.080  7867 21325 I Icing   : Indexing done com.google.android.gms-apps
09-07 04:33:55.183  1858  1889 E         : Couldn't opendir /data/app/vmdl472595244.tmp: No such file or directory
09-07 04:33:55.183  1858  1889 E installd: Failed to delete /data/app/vmdl472595244.tmp: No such file or directory
09-07 04:33:55.214  1792  2272 E GnssHAL_GnssInterface: gnssSvStatusCb: a: input svInfo.flags is 8
09-07 04:33:55.214  1792  2272 E GnssHAL_GnssInterface: gnssSvStatusCb: b: input svInfo.flags is 8
09-07 04:33:55.232  2037  4291 I ActivityManager: Force stopping ru.iteco.fmhandroid.test appid=10135 user=0: from pid 26574
09-07 04:33:55.233  2037  2037 W Looper  : Drained
09-07 04:33:55.238  2279  2279 D CarrierSvcBindHelper: No carrier app for: 0
09-07 04:33:55.332 26582 26582 D AndroidRuntime: >>>>>> START com.android.internal.os.RuntimeInit uid 2000 <<<<<<
09-07 04:33:55.334 26582 26582 E libc    : Access denied finding property "persist.device_config.runtime_native_boot.enable_apex_image"
09-07 04:33:55.334 26582 26582 I AndroidRuntime: Using default boot image
09-07 04:33:55.335 26582 26582 E libc    : Access denied finding property "persist.device_config.runtime_native_boot.disable_lock_profiling"
09-07 04:33:55.335 26582 26582 I AndroidRuntime: Leaving lock profiling enabled
09-07 04:33:55.335 26582 26582 E libc    : Access denied finding property "persist.device_config.runtime_native_boot.enable_generational_cc"
09-07 04:33:55.325 26582 26582 W app_process: type=1400 audit(0.0:284): avc: denied { read } for name="u:object_r:device_config_runtime_native_boot_prop:s0" dev="tmpfs" ino=6894 scontext=u:r:shell:s0 tcontext=u:object_r:device_config_runtime_native_boot_prop:s0 tclass=file permissive=0
09-07 04:33:55.325 26582 26582 W app_process: type=1400 audit(0.0:285): avc: denied { read } for name="u:object_r:device_config_runtime_native_boot_prop:s0" dev="tmpfs" ino=6894 scontext=u:r:shell:s0 tcontext=u:object_r:device_config_runtime_native_boot_prop:s0 tclass=file permissive=0
09-07 04:33:55.325 26582 26582 W app_process: type=1400 audit(0.0:286): avc: denied { read } for name="u:object_r:device_config_runtime_native_boot_prop:s0" dev="tmpfs" ino=6894 scontext=u:r:shell:s0 tcontext=u:object_r:device_config_runtime_native_boot_prop:s0 tclass=file permissive=0
09-07 04:33:55.371 26582 26582 D ICU     : Time zone APEX file found: /apex/com.android.tzdata/etc/icu/icu_tzdata.dat
09-07 04:33:55.373 26582 26582 W app_process: Unexpected CPU variant for X86 using defaults: x86
09-07 04:33:55.375 26582 26582 I app_process: The ClassLoaderContext is a special shared library.
09-07 04:33:55.387 26582 26582 W app_process: JNI RegisterNativeMethods: attempt to register 0 native methods for android.media.AudioAttributes
09-07 04:33:55.391 26582 26582 D AndroidRuntime: Calling main entry com.android.commands.am.Am
09-07 04:33:55.397  2037  2674 I ActivityManager: Force stopping ru.iteco.fmhandroid appid=10136 user=0: start instr
09-07 04:33:55.405  1775  1775 D Zygote  : Forked child process 26597
09-07 04:33:55.407 26597 26597 I teco.fmhandroi: Late-enabling -Xcheck:jni
09-07 04:33:55.411  2037  2067 I ActivityManager: Start proc 26597:ru.iteco.fmhandroid/u0a136 for added application ru.iteco.fmhandroid
09-07 04:33:55.417 26597 26597 E teco.fmhandroi: Unknown bits set in runtime_flags: 0x8000
09-07 04:33:55.417 26597 26597 W teco.fmhandroi: Unexpected CPU variant for X86 using defaults: x86
09-07 04:33:55.451 26597 26597 I teco.fmhandroi: The ClassLoaderContext is a special shared library.
09-07 04:33:55.756 26597 26597 I chatty  : uid=10136(ru.iteco.fmhandroid) identical 2 lines
09-07 04:33:55.756 26597 26597 I teco.fmhandroi: The ClassLoaderContext is a special shared library.
09-07 04:33:56.052 26597 26597 W teco.fmhandroi: Accessing hidden method Landroid/app/Instrumentation;->execStartActivity(Landroid/content/Context;Landroid/os/IBinder;Landroid/os/IBinder;Landroid/app/Activity;Landroid/content/Intent;ILandroid/os/Bundle;)Landroid/app/Instrumentation$ActivityResult; (greylist, linking, allowed)
09-07 04:33:56.052 26597 26597 W teco.fmhandroi: Accessing hidden method Landroid/app/Instrumentation;->execStartActivity(Landroid/content/Context;Landroid/os/IBinder;Landroid/os/IBinder;Ljava/lang/String;Landroid/content/Intent;ILandroid/os/Bundle;)Landroid/app/Instrumentation$ActivityResult; (greylist, linking, allowed)
09-07 04:33:56.058 26597 26597 I MonitoringInstr: newApplication called!
09-07 04:33:56.080 26597 26597 I FirebaseApp: Device unlocked: initializing all Firebase APIs for app [DEFAULT]
09-07 04:33:56.089 26597 26597 I FirebaseCrashlytics: Initializing Firebase Crashlytics 18.2.6 for ru.iteco.fmhandroid
09-07 04:33:56.121 26597 26631 I DynamiteModule: Considering local module com.google.android.gms.measurement.dynamite:55 and remote module com.google.android.gms.measurement.dynamite:93
09-07 04:33:56.121 26597 26631 I DynamiteModule: Selected remote version of com.google.android.gms.measurement.dynamite, version >= 93
09-07 04:33:56.121 26597 26631 V DynamiteModule: Dynamite loader version >= 2, using loadModule2NoCrashUtils
09-07 04:33:56.138 26597 26631 W System  : ClassLoader referenced unknown path: 
09-07 04:33:56.174 26597 26597 I FirebaseInitProvider: FirebaseApp initialization successful
09-07 04:33:56.186 26597 26631 W teco.fmhandroi: Accessing hidden method Lsun/misc/Unsafe;->arrayBaseOffset(Ljava/lang/Class;)I (greylist,core-platform-api, linking, allowed)
09-07 04:33:56.186 26597 26631 W teco.fmhandroi: Accessing hidden method Lsun/misc/Unsafe;->arrayIndexScale(Ljava/lang/Class;)I (greylist, linking, allowed)
09-07 04:33:56.186 26597 26631 W teco.fmhandroi: Accessing hidden method Lsun/misc/Unsafe;->compareAndSwapInt(Ljava/lang/Object;JII)Z (greylist, linking, allowed)
09-07 04:33:56.186 26597 26631 W teco.fmhandroi: Accessing hidden method Lsun/misc/Unsafe;->compareAndSwapLong(Ljava/lang/Object;JJJ)Z (greylist, linking, allowed)
09-07 04:33:56.186 26597 26631 W teco.fmhandroi: Accessing hidden method Lsun/misc/Unsafe;->getIntVolatile(Ljava/lang/Object;J)I (greylist, linking, allowed)
09-07 04:33:56.186 26597 26631 W teco.fmhandroi: Accessing hidden method Lsun/misc/Unsafe;->getObjectVolatile(Ljava/lang/Object;J)Ljava/lang/Object; (greylist, linking, allowed)
09-07 04:33:56.186 26597 26631 W teco.fmhandroi: Accessing hidden method Lsun/misc/Unsafe;->objectFieldOffset(Ljava/lang/reflect/Field;)J (greylist,core-platform-api, linking, allowed)
09-07 04:33:56.187 26597 26631 W teco.fmhandroi: Accessing hidden method Lsun/misc/Unsafe;->putObjectVolatile(Ljava/lang/Object;JLjava/lang/Object;)V (greylist, linking, allowed)
09-07 04:33:56.187 26597 26631 W teco.fmhandroi: Accessing hidden field Lsun/misc/Unsafe;->theUnsafe:Lsun/misc/Unsafe; (greylist, reflection, allowed)
09-07 04:33:56.191 26597 26597 I MonitoringInstr: Instrumentation started!
09-07 04:33:56.196 26597 26597 D ClassesArgTokenizer: input: ru.iteco.fmhandroid.ui.MainPageTest#shouldOpenClaimsItemDescription
09-07 04:33:56.196 26597 26597 D ClassesArgTokenizer: result: [ru.iteco.fmhandroid.ui.MainPageTest#shouldOpenClaimsItemDescription]
09-07 04:33:56.196 26597 26597 D ClassesArgTokenizer: input: null
09-07 04:33:56.196 26597 26597 D ClassesArgTokenizer: result: []
09-07 04:33:56.198 26597 26597 V TestEventClient: No service name argument was given (testDiscoveryService, testRunEventService or orchestratorService)
09-07 04:33:56.208 26597 26641 D AndroidJUnitRunner: onStart is called.
09-07 04:33:56.214  1792  2272 E GnssHAL_GnssInterface: gnssSvStatusCb: a: input svInfo.flags is 8
09-07 04:33:56.214  1792  2272 E GnssHAL_GnssInterface: gnssSvStatusCb: b: input svInfo.flags is 8
09-07 04:33:56.214 26597 26597 I MonitoringInstr: No JSBridge.
09-07 04:33:56.226 26597 26641 D TestRequestBuilder: Skipping class path scanning and directly running [ru.iteco.fmhandroid.ui.MainPageTest]
09-07 04:33:56.231 26597 26641 D ClassesArgTokenizer: input: ru.iteco.fmhandroid.ui.MainPageTest#shouldOpenClaimsItemDescription
09-07 04:33:56.231 26597 26641 D ClassesArgTokenizer: result: [ru.iteco.fmhandroid.ui.MainPageTest#shouldOpenClaimsItemDescription]
09-07 04:33:56.231 26597 26641 D ClassesArgTokenizer: input: null
09-07 04:33:56.231 26597 26641 D ClassesArgTokenizer: result: []
09-07 04:33:56.242 26597 26641 D AndroidJUnitRunner: Use the raw file system for managing file I/O.
09-07 04:33:56.246 26597 26641 D TestExecutor: Adding listener androidx.test.internal.runner.listener.LogRunListener
09-07 04:33:56.246 26597 26641 D TestExecutor: Adding listener androidx.test.internal.runner.listener.InstrumentationResultPrinter
09-07 04:33:56.246 26597 26641 D TestExecutor: Adding listener androidx.test.internal.runner.listener.ActivityFinisherRunListener
09-07 04:33:56.246 26597 26641 D TestExecutor: Adding listener androidx.test.internal.runner.listener.TraceRunListener
09-07 04:33:56.249 26597 26639 V FA      : App measurement collection enabled
09-07 04:33:56.249 26597 26639 V FA      : App measurement enabled for app package, google app id: ru.iteco.fmhandroid, 1:729587742060:android:e7d6f87c783f52b9a42f49
09-07 04:33:56.250 26597 26641 I TestRunner: run started: 1 tests
09-07 04:33:56.250 26597 26639 I FA      : App measurement initialized, version: 80069
09-07 04:33:56.251 26597 26639 I FA      : To enable debug logging run: adb shell setprop log.tag.FA VERBOSE
09-07 04:33:56.251 26597 26639 I FA      : To enable faster debug mode event logging run:
09-07 04:33:56.251 26597 26639 I FA      :   adb shell setprop debug.firebase.analytics.app ru.iteco.fmhandroid
09-07 04:33:56.251 26597 26639 D FA      : Debug-level message logging enabled
09-07 04:33:56.265 26597 26639 D FA      : Resetting session stitching token to not null
09-07 04:33:56.276 26597 26639 V FA      : Connecting to remote service
09-07 04:33:56.280  7867  7867 D BoundBrokerSvc: onBind: Intent { act=com.google.android.gms.measurement.START pkg=com.google.android.gms }
09-07 04:33:56.280  7867  7867 D BoundBrokerSvc: Loading bound service for intent: Intent { act=com.google.android.gms.measurement.START pkg=com.google.android.gms }
09-07 04:33:56.285 26597 26641 I TestRunner: started: shouldOpenClaimsItemDescription(ru.iteco.fmhandroid.ui.MainPageTest)
09-07 04:33:56.290 26597 26639 V FA      : Connection attempt already in progress
09-07 04:33:56.300 26597 26639 V FA      : Connection attempt already in progress
09-07 04:33:56.300 26597 26639 D FA      : Connected to remote service
09-07 04:33:56.301 26597 26639 V FA      : Processing queued up service tasks: 3
09-07 04:33:56.340  7867 26011 V FA-SVC  : Saving default event parameters, appId, data size: ru.iteco.fmhandroid, 2
09-07 04:33:56.392  1774 26646 E ResolverController: No valid NAT64 prefix (101, <unspecified>/0)
09-07 04:33:56.437  2037  2037 V SettingsProvider: Notifying for 0: content://settings/secure/accessibility_enabled
09-07 04:33:56.442  2689  3033 I fteu    : (REDACTED) #onAccessibilityStateChanged enabled: %s
09-07 04:33:56.443  2689  3084 I fteu    : #onChange
09-07 04:33:56.443  2689  3084 I csoe    : #FCF: onChange
09-07 04:33:56.443  2689  3084 I csoi    : (REDACTED) FCF System FeatureName to check: %s
09-07 04:33:56.443  2689  3084 I csoi    : (REDACTED) FCF: Device model check status : %s
09-07 04:33:56.443  2689  3085 I csof    : FCF A11y Checker - readyForTngMa
09-07 04:33:56.443  2689  3084 I ctnd    : (REDACTED) #isBluetoothOrWiredHeadsetConnected Number of connected audio devices: %s
09-07 04:33:56.443  2689  3084 I cspe    : (REDACTED) #FCF: Headset Connected Status: %s
09-07 04:33:56.443  2689  3084 I csno    : (REDACTED) #FCF: Assistant primary locale : %s
09-07 04:33:56.443  2689  3084 I csno    : (REDACTED) #FCF: Assistant Primary locale check status : %s
09-07 04:33:56.444  2689  3085 I csqr    : (REDACTED) #FCF: Demo mode check status : %s
09-07 04:33:56.446  2689  3084 I csqs    : (REDACTED) #FCF: Managed profile check status : %s
09-07 04:33:56.447  2689  3084 W csqu    : Unable to check for productivity accounts. Assuming there are none.
09-07 04:33:56.447  2689  3084 W csqu    : com.google.android.libraries.geller.portable.GellerException: Code: INVALID_ARGUMENT, Message: Account name is null.
09-07 04:33:56.447  2689  3084 W csqu    : 	at ghid.a(PG:6)
09-07 04:33:56.447  2689  3084 W csqu    : 	at gxvx.a(PG:3)
09-07 04:33:56.447  2689  3084 W csqu    : 	at hnzx.a(PG:1)
09-07 04:33:56.447  2689  3084 W csqu    : 	at hobr.run(PG:4)
09-07 04:33:56.447  2689  3084 W csqu    : 	at ewes.run(PG:1)
09-07 04:33:56.447  2689  3084 W csqu    : 	at java.util.concurrent.ThreadPoolExecutor.runWorker(ThreadPoolExecutor.java:1167)
09-07 04:33:56.447  2689  3084 W csqu    : 	at java.util.concurrent.ThreadPoolExecutor$Worker.run(ThreadPoolExecutor.java:641)
09-07 04:33:56.447  2689  3084 W csqu    : 	at ewdw.run(PG:2)
09-07 04:33:56.447  2689  3084 W csqu    : 	at java.lang.Thread.run(Thread.java:919)
09-07 04:33:56.447  2689  3084 W csqu    : 	at ewfb.run(PG:5)
09-07 04:33:56.455  2666  3005 I biwj    : NGA disabled since it's running Panthera and at least one a11y feature is on.
09-07 04:33:56.456  2666  3005 I biwj    : (REDACTED) Nga state changed to %s
09-07 04:33:56.463  2689  3084 I yzq     : (REDACTED) Nga on-device enabled based on TNG:MA active state: %b
09-07 04:33:56.463  2689  3084 I yzq     : (REDACTED) Nga on-device enabled based on TNG:MA active state: %b
09-07 04:33:56.463  2689  3084 I yzq     : Unsubscribed to apa or classic variant change.
09-07 04:33:56.471  2666  3039 I bjbd    : Trying to enqueue PieTriggeringWorker
09-07 04:33:56.473  2689  2689 I aaag    : (REDACTED) eventData = %s
09-07 04:33:56.476  2689  3084 I znc     : Logging success flow
09-07 04:33:56.486  2689  3085 I csts    : (REDACTED) #FCF evaluate: %s
09-07 04:33:56.486  2689  3085 I csts    : (REDACTED) TngMaStatusChecker#evaluateInternal completed in %s millis
09-07 04:33:56.486  2689  3085 I cscy    : (REDACTED) TNG:MA status updated: %s
09-07 04:33:56.486  2689  3085 I cscy    : TNG:MA became ineligible, client should disconnect
09-07 04:33:56.487  2689  3085 I cscy    : #disconnectAndStop - preventing double stop
09-07 04:33:56.487  2689  3085 I csts    : #invalidationSource: adding saa update checker
09-07 04:33:56.487  2689  3085 I csts    : #invalidationSource: adding headset checker
09-07 04:33:56.494  2666  3039 I bjbd    : Trying to enqueue PieTriggeringWorker
09-07 04:33:56.496  2666  2806 I earchbox:searc: Waiting for a blocking GC ProfileSaver
09-07 04:33:56.499  2689  2689 I aaag    : (REDACTED) eventData = %s
09-07 04:33:56.499  2689  3084 I znc     : Logging success flow
09-07 04:33:56.500 26597 26641 W Settings: Setting always_finish_activities has moved from android.provider.Settings.System to android.provider.Settings.Global, returning read-only value.
09-07 04:33:56.507  2037  2056 I ActivityTaskManager: START u0 {act=android.intent.action.MAIN cat=[android.intent.category.LAUNCHER] flg=0x10008000 cmp=ru.iteco.fmhandroid.test/androidx.test.core.app.InstrumentationActivityInvoker$BootstrapActivity (has extras)} from uid 10136
09-07 04:33:56.511  2666  2806 I earchbox:searc: WaitForGcToComplete blocked ProfileSaver on HeapTrim for 15.270ms
09-07 04:33:56.512  2666  3039 I bjbd    : Trying to enqueue PieTriggeringWorker
09-07 04:33:56.514  2689  2689 I aaag    : (REDACTED) eventData = %s
09-07 04:33:56.516  2037  2061 E system_server: Invalid ID 0x00000000.
09-07 04:33:56.517  2037  7767 W InputReader: Device has associated, but no associated display id.
09-07 04:33:56.518  2037  7767 I chatty  : uid=1000(system) Binder:2037_1E identical 8 lines
09-07 04:33:56.518  2037  7767 W InputReader: Device has associated, but no associated display id.
09-07 04:33:56.534  1775  1775 D Zygote  : Forked child process 26655
09-07 04:33:56.538 26655 26655 I fmhandroid.tes: Late-enabling -Xcheck:jni
09-07 04:33:56.541  2037  2067 I ActivityManager: Start proc 26655:ru.iteco.fmhandroid.test/u0a135 for activity {ru.iteco.fmhandroid.test/androidx.test.core.app.InstrumentationActivityInvoker$BootstrapActivity}
09-07 04:33:56.547  1793  1793 D gralloc_ranchu: gralloc_alloc: Creating ashmem region of size 9850880
09-07 04:33:56.554 26655 26655 E fmhandroid.tes: Unknown bits set in runtime_flags: 0x8000
09-07 04:33:56.555 26655 26655 W fmhandroid.tes: Unexpected CPU variant for X86 using defaults: x86
09-07 04:33:56.596  2037  2056 W InputReader: Device has associated, but no associated display id.
09-07 04:33:56.601  2037  2056 I chatty  : uid=1000(system) Binder:2037_2 identical 28 lines
09-07 04:33:56.601  2037  2056 W InputReader: Device has associated, but no associated display id.
09-07 04:33:56.611  2037  2061 W InputReader: Device has associated, but no associated display id.
09-07 04:33:56.612  2037  2061 I chatty  : uid=1000(system) android.anim identical 8 lines
09-07 04:33:56.612  2037  2061 W InputReader: Device has associated, but no associated display id.
09-07 04:33:56.618 26655 26655 I fmhandroid.tes: The ClassLoaderContext is a special shared library.
09-07 04:33:56.620 26655 26655 I fmhandroid.tes: The ClassLoaderContext is a special shared library.
09-07 04:33:56.629  2666  3068 D EGL_emulation: eglMakeCurrent: 0xda21b0e0: ver 2 0 (tinfo 0xda20fbb0)
09-07 04:33:56.630  2182  2468 D EGL_emulation: eglMakeCurrent: 0xda21a360: ver 2 0 (tinfo 0xda20f590)
09-07 04:33:56.634  2182  2182 W View    : requestLayout() improperly called by com.android.keyguard.AlphaOptimizedLinearLayout{551c6d8 V.E...... ......ID 7,0-48,61 #7f0a041c app:id/wifi_group} during second layout pass: posting in next frame
09-07 04:33:56.638  2434  2714 D EGL_emulation: eglMakeCurrent: 0xed453b60: ver 2 0 (tinfo 0xe233a960)
09-07 04:33:56.643  2666  2666 I dnsi    : onPause
09-07 04:33:56.651  2182  2182 W View    : requestLayout() improperly called by StatusBarIconView(slot=mobile icon=null notification=null) during layout: running second layout pass
09-07 04:33:56.658  2182  2468 D EGL_emulation: eglMakeCurrent: 0xda21a360: ver 2 0 (tinfo 0xda20f590)
09-07 04:33:56.664  2182  2468 D EGL_emulation: eglMakeCurrent: 0xda21a360: ver 2 0 (tinfo 0xda20f590)
09-07 04:33:56.665  2182  2182 W View    : requestLayout() improperly called by com.android.keyguard.AlphaOptimizedLinearLayout{551c6d8 V.E...... ......ID 7,0-48,61 #7f0a041c app:id/wifi_group} during second layout pass: posting in next frame
09-07 04:33:56.666  2182  2182 W View    : requestLayout() improperly called by StatusBarIconView(slot=mobile icon=null notification=null) during layout: running second layout pass
09-07 04:33:56.672  2182  2468 D EGL_emulation: eglMakeCurrent: 0xda21a360: ver 2 0 (tinfo 0xda20f590)
09-07 04:33:56.684  2666  2708 V ClearcutMetricXmitter: Transmission is done.
09-07 04:33:56.796  1823  1896 E SurfaceFlinger: ro.sf.lcd_density must be defined as a build property
09-07 04:33:56.799  1823  1896 E SurfaceFlinger: ro.sf.lcd_density must be defined as a build property
09-07 04:33:56.802 26655 26689 D libEGL  : Emulator has host GPU support, qemu.gles is set to 1.
09-07 04:33:56.802 26655 26689 W libc    : Unable to set property "qemu.gles" to "1": connection failed; errno=13 (Permission denied)
09-07 04:33:56.795 26655 26655 W RenderThread: type=1400 audit(0.0:287): avc: denied { write } for name="property_service" dev="tmpfs" ino=6988 scontext=u:r:untrusted_app:s0:c135,c256,c512,c768 tcontext=u:object_r:property_socket:s0 tclass=sock_file permissive=0
09-07 04:33:56.822 26655 26689 D libEGL  : loaded /vendor/lib/egl/libEGL_emulation.so
09-07 04:33:56.825 26655 26689 D libEGL  : loaded /vendor/lib/egl/libGLESv1_CM_emulation.so
09-07 04:33:56.828 26655 26689 D libEGL  : loaded /vendor/lib/egl/libGLESv2_emulation.so
09-07 04:33:56.841  2037  7767 I ActivityTaskManager: START u0 {act=android.intent.action.MAIN cat=[android.intent.category.LAUNCHER] cmp=ru.iteco.fmhandroid/.ui.AppActivity} from uid 10136
09-07 04:33:56.846  2037  4291 W InputReader: Device has associated, but no associated display id.
09-07 04:33:56.849  2037  4291 I chatty  : uid=1000(system) Binder:2037_10 identical 48 lines
09-07 04:33:56.849  2037  4291 W InputReader: Device has associated, but no associated display id.
09-07 04:33:56.849 26597 26597 W ActivityThread: handleWindowVisibility: no activity for token android.os.BinderProxy@dce2beb
09-07 04:33:56.851  2037  4291 W InputReader: Device has associated, but no associated display id.
09-07 04:33:56.852  2037  4291 I chatty  : uid=1000(system) Binder:2037_10 identical 8 lines
09-07 04:33:56.852  2037  4291 W InputReader: Device has associated, but no associated display id.
09-07 04:33:56.857  1823  1896 E SurfaceFlinger: ro.sf.lcd_density must be defined as a build property
09-07 04:33:56.858  2666  2666 I dnsi    : onStop
09-07 04:33:56.891  1823  2077 E SurfaceFlinger: ro.sf.lcd_density must be defined as a build property
09-07 04:33:56.894 26597 26693 D libEGL  : Emulator has host GPU support, qemu.gles is set to 1.
09-07 04:33:56.894 26597 26693 W libc    : Unable to set property "qemu.gles" to "1": connection failed; errno=13 (Permission denied)
09-07 04:33:56.885 26597 26597 W RenderThread: type=1400 audit(0.0:288): avc: denied { write } for name="property_service" dev="tmpfs" ino=6988 scontext=u:r:untrusted_app:s0:c136,c256,c512,c768 tcontext=u:object_r:property_socket:s0 tclass=sock_file permissive=0
09-07 04:33:56.913 26597 26597 D LifecycleMonitor: Lifecycle status change: ru.iteco.fmhandroid.ui.AppActivity@bf025f4 in: PRE_ON_CREATE
09-07 04:33:56.915 26597 26597 V ActivityScenario: Activity lifecycle changed event received but ignored because the reported transition was not ON_CREATE while the last known transition was PRE_ON_CREATE
09-07 04:33:56.916  1823  1823 W SurfaceFlinger: couldn't log to binary event log: overflow.
09-07 04:33:56.917  1823  1823 W SurfaceFlinger: couldn't log to binary event log: overflow.
09-07 04:33:56.935 26597 26693 D libEGL  : loaded /vendor/lib/egl/libEGL_emulation.so
09-07 04:33:56.936 26597 26693 D libEGL  : loaded /vendor/lib/egl/libGLESv1_CM_emulation.so
09-07 04:33:56.937 26597 26693 D libEGL  : loaded /vendor/lib/egl/libGLESv2_emulation.so
09-07 04:33:56.942 26597 26631 V FA      : onActivityCreated
09-07 04:33:56.967 26597 26597 W teco.fmhandroi: Accessing hidden method Landroid/view/View;->computeFitSystemWindows(Landroid/graphics/Rect;Landroid/graphics/Rect;)Z (greylist, reflection, allowed)
09-07 04:33:56.968 26597 26597 W teco.fmhandroi: Accessing hidden method Landroid/view/ViewGroup;->makeOptionalFitsSystemWindows()V (greylist, reflection, allowed)
09-07 04:33:57.071 26597 26597 D NetworkSecurityConfig: No Network Security Config specified, using platform default
09-07 04:33:57.079 26597 26597 W teco.fmhandroi: Accessing hidden method Ljava/lang/invoke/MethodHandles$Lookup;-><init>(Ljava/lang/Class;I)V (greylist, reflection, allowed)
09-07 04:33:57.173 26597 26597 D LifecycleMonitor: Lifecycle status change: ru.iteco.fmhandroid.ui.AppActivity@bf025f4 in: CREATED
09-07 04:33:57.174 26597 26597 V ActivityScenario: Update currentActivityStage to CREATED, currentActivity=ru.iteco.fmhandroid.ui.AppActivity@bf025f4
09-07 04:33:57.214  1792  2272 E GnssHAL_GnssInterface: gnssSvStatusCb: a: input svInfo.flags is 8
09-07 04:33:57.214  1792  2272 E GnssHAL_GnssInterface: gnssSvStatusCb: b: input svInfo.flags is 8
09-07 04:33:57.250 26597 26597 D LifecycleMonitor: Lifecycle status change: ru.iteco.fmhandroid.ui.AppActivity@bf025f4 in: STARTED
09-07 04:33:57.250 26597 26597 V ActivityScenario: Update currentActivityStage to STARTED, currentActivity=ru.iteco.fmhandroid.ui.AppActivity@bf025f4
09-07 04:33:57.252 26597 26597 D LifecycleMonitor: Lifecycle status change: ru.iteco.fmhandroid.ui.AppActivity@bf025f4 in: RESUMED
09-07 04:33:57.252 26597 26597 V ActivityScenario: Update currentActivityStage to RESUMED, currentActivity=ru.iteco.fmhandroid.ui.AppActivity@bf025f4
09-07 04:33:57.254 26597 26639 V FA      : Activity resumed, time: 4161145
