--------- beginning of main
09-07 03:36:23.889  1792  2272 E GnssHAL_GnssInterface: gnssSvStatusCb: a: input svInfo.flags is 8
09-07 03:36:23.889  1792  2272 E GnssHAL_GnssInterface: gnssSvStatusCb: b: input svInfo.flags is 8
--------- beginning of system
09-07 03:36:24.250  2037  2311 I ActivityManager: Force stopping ru.iteco.fmhandroid appid=10136 user=0: from pid 10286
09-07 03:36:24.250  2037  2311 I ActivityManager: Killing 10111:ru.iteco.fmhandroid/u0a136 (adj 0): stop ru.iteco.fmhandroid
09-07 03:36:24.252  2037  2311 W ActivityTaskManager: Force removing ActivityRecord{f430e8 u0 ru.iteco.fmhandroid/.ui.AppActivity t661 f}: app died, no saved state
09-07 03:36:24.256  2037  2311 W InputReader: Device has associated, but no associated display id.
09-07 03:36:24.267  2037  2037 W WindowManager: removeWindowToken: Attempted to remove non-existing token: android.os.Binder@3e1a017
09-07 03:36:24.265  2037  2311 I chatty  : uid=1000(system) Binder:2037_6 identical 18 lines
09-07 03:36:24.265  2037  2311 W InputReader: Device has associated, but no associated display id.
09-07 03:36:24.278  2182  2468 D EGL_emulation: eglMakeCurrent: 0xda21a360: ver 2 0 (tinfo 0xda20f590)
09-07 03:36:24.281  2182  2182 W View    : requestLayout() improperly called by com.android.keyguard.AlphaOptimizedLinearLayout{551c6d8 V.E...... ......ID 7,0-48,61 #7f0a041c app:id/wifi_group} during second layout pass: posting in next frame
09-07 03:36:24.287  2279  2279 D CarrierSvcBindHelper: No carrier app for: 0
09-07 03:36:24.288  2037  2037 W ActivityManager: Unable to start service Intent { act=android.service.appprediction.AppPredictionService cmp=com.google.android.as/com.google.android.apps.miphone.aiai.app.AiAiPredictionService } U=0: not found
09-07 03:36:24.288  2037  2037 W RemoteAppPredictionService: could not bind to Intent { act=android.service.appprediction.AppPredictionService cmp=com.google.android.as/com.google.android.apps.miphone.aiai.app.AiAiPredictionService } using flags 67108865
09-07 03:36:24.292  2182  2182 W View    : requestLayout() improperly called by StatusBarIconView(slot=mobile icon=null notification=null) during layout: running second layout pass
09-07 03:36:24.305  1793  2554 D gralloc_ranchu: gralloc_alloc: Creating ashmem region of size 9850880
09-07 03:36:24.305  1775  1775 I Zygote  : Process 10111 exited due to signal 9 (Killed)
09-07 03:36:24.306  2037  4328 D WindowManager: relayoutVisibleWindow: Window{a2ab89c u0 com.google.android.apps.nexuslauncher/com.google.android.apps.nexuslauncher.NexusLauncherActivity EXITING} mAnimatingExit=true, mRemoveOnExit=false, mDestroying=false
09-07 03:36:24.311  2037  2060 W ActivityManager: setHasOverlayUi called on unknown pid: 10111
09-07 03:36:24.339  2037  2068 I libprocessgroup: Successfully killed process cgroup uid 10136 pid 10111 in 86ms
09-07 03:36:24.375  1793  1793 D gralloc_ranchu: gralloc_alloc: Creating ashmem region of size 9850880
09-07 03:36:24.384  9734  9734 I studio.deploy: Received request 'dump'
09-07 03:36:24.386  1793  1793 D gralloc_ranchu: gralloc_alloc: Creating ashmem region of size 9850880
09-07 03:36:24.389  1793  2554 D gralloc_ranchu: gralloc_alloc: Creating ashmem region of size 9850880
09-07 03:36:24.395  2666  3068 D EGL_emulation: eglMakeCurrent: 0xda21b0e0: ver 2 0 (tinfo 0xda20fbb0)
09-07 03:36:24.400  2182  2468 D EGL_emulation: eglMakeCurrent: 0xda21a360: ver 2 0 (tinfo 0xda20f590)
09-07 03:36:24.400  1793  2554 D gralloc_ranchu: gralloc_alloc: Creating ashmem region of size 9850880
09-07 03:36:24.402  1793  2554 D gralloc_ranchu: gralloc_alloc: Creating ashmem region of size 9850880
09-07 03:36:24.414  2434  2714 D EGL_emulation: eglMakeCurrent: 0xed453b60: ver 2 0 (tinfo 0xe233a960)
09-07 03:36:24.424  2666  2666 I dnsi    : onStart
09-07 03:36:24.428  2666  2666 I dnsi    : onResume
09-07 03:36:24.437  1823  1823 E Layer   : [Surface(name=AppWindowToken{3fb5a6 token=Token{a4fb301 ActivityRecord{f430e8 u0 ru.iteco.fmhandroid/.ui.AppActivity t661}}})/@0x5b137f5 - animation-leash#0] No local sync point found
09-07 03:36:24.437  1823  1823 E Layer   : [Surface(name=AppWindowToken{459e199 token=Token{b961ae0 ActivityRecord{53be0e3 u0 com.google.android.apps.nexuslauncher/.NexusLauncherActivity t652}}})/@0xafc1306 - animation-leash#0] No local sync point found
09-07 03:36:24.441  2182  2468 D EGL_emulation: eglMakeCurrent: 0xda21a360: ver 2 0 (tinfo 0xda20f590)
09-07 03:36:24.444  2182  2182 W View    : requestLayout() improperly called by com.android.keyguard.AlphaOptimizedLinearLayout{551c6d8 V.E...... ......ID 7,0-48,61 #7f0a041c app:id/wifi_group} during second layout pass: posting in next frame
09-07 03:36:24.452  7867  7867 D BoundBrokerSvc: onBind: Intent { act=com.google.android.gms.inappreach.service.START dat=chimera-action: cmp=com.google.android.gms/.chimera.GmsApiService }
09-07 03:36:24.452  7867  7867 D BoundBrokerSvc: Loading bound service for intent: Intent { act=com.google.android.gms.inappreach.service.START dat=chimera-action: cmp=com.google.android.gms/.chimera.GmsApiService }
09-07 03:36:24.462  2182  2182 W View    : requestLayout() improperly called by StatusBarIconView(slot=mobile icon=null notification=null) during layout: running second layout pass
09-07 03:36:24.480  2182  2468 D EGL_emulation: eglMakeCurrent: 0xda21a360: ver 2 0 (tinfo 0xda20f590)
09-07 03:36:24.499  2037  7767 I ActivityManager: Force stopping ru.iteco.fmhandroid appid=10136 user=0: from pid 10306
09-07 03:36:24.504  2279  2279 D CarrierSvcBindHelper: No carrier app for: 0
09-07 03:36:24.518  9734  9734 I studio.deploy: Received request 'dump'
09-07 03:36:24.574  9734  9734 I studio.deploy: Received request 'deltainstall'
09-07 03:36:24.641  2037  2080 W PackageParser: Unknown element under <manifest>: queries at /data/app/vmdl1378423599.tmp/base.apk Binary XML file line #16
09-07 03:36:24.642  2037  2080 I PackageManager: Update package ru.iteco.fmhandroid.test code path from /data/app/ru.iteco.fmhandroid.test-Q87Tp4CeQ7K-Asz95YxXNA== to /data/app/ru.iteco.fmhandroid.test-BcW02FxvJKNB_hSymZoGUA==; Retain data and using new
09-07 03:36:24.642  2037  2080 I PackageManager: Update package ru.iteco.fmhandroid.test resource path from /data/app/ru.iteco.fmhandroid.test-Q87Tp4CeQ7K-Asz95YxXNA== to /data/app/ru.iteco.fmhandroid.test-BcW02FxvJKNB_hSymZoGUA==; Retain data and using new
09-07 03:36:24.655  2037  2080 I PackageManager: Un-granting permission android.permission.MANAGE_DOCUMENTS from package com.google.android.youtube (protectionLevel=262146 flags=0x30dbbe45)
09-07 03:36:24.655  2037  2080 I PackageManager: Un-granting permission android.permission.INTERACT_ACROSS_PROFILES from package com.google.android.googlequicksearchbox (protectionLevel=18 flags=0x28dbbec5)
09-07 03:36:24.655  2037  2080 I PackageManager: Un-granting permission android.permission.MANAGE_SOUND_TRIGGER from package com.google.android.googlequicksearchbox (protectionLevel=18 flags=0x28dbbec5)
09-07 03:36:24.655  2037  2080 I PackageManager: Un-granting permission android.permission.MANAGE_USB from package com.google.android.googlequicksearchbox (protectionLevel=18 flags=0x28dbbec5)
09-07 03:36:24.655  2037  2080 I PackageManager: Un-granting permission android.permission.CONTROL_INCALL_EXPERIENCE from package com.google.android.googlequicksearchbox (protectionLevel=18 flags=0x28dbbec5)
09-07 03:36:24.655  2037  2080 I PackageManager: Un-granting permission android.permission.WRITE_APN_SETTINGS from package com.google.android.googlequicksearchbox (protectionLevel=18 flags=0x28dbbec5)
09-07 03:36:24.655  2037  2080 I PackageManager: Un-granting permission android.permission.SUBSTITUTE_SHARE_TARGET_APP_NAME_AND_ICON from package com.google.android.googlequicksearchbox (protectionLevel=18 flags=0x28dbbec5)
09-07 03:36:24.655  2037  2080 I PackageManager: Un-granting permission com.google.android.googleapps.permission.GOOGLE_AUTH from package com.android.providers.calendar (protectionLevel=2 flags=0x30883e45)
09-07 03:36:24.655  2037  2080 I PackageManager: Un-granting permission com.google.android.googleapps.permission.GOOGLE_AUTH.cl from package com.android.providers.calendar (protectionLevel=2 flags=0x30883e45)
09-07 03:36:24.655  2037  2080 I PackageManager: Un-granting permission android.permission.WRITE_SECURE_SETTINGS from package com.google.android.apps.enterprise.dmagent (protectionLevel=50 flags=0x30083e05)
09-07 03:36:24.656  2037  2080 I PackageManager: Un-granting permission android.permission.CONNECTIVITY_INTERNAL from package com.google.android.apps.enterprise.dmagent (protectionLevel=18 flags=0x30083e05)
09-07 03:36:24.656  2037  2080 I PackageManager: Un-granting permission android.permission.MANAGE_USB from package com.google.android.apps.enterprise.dmagent (protectionLevel=18 flags=0x30083e05)
09-07 03:36:24.656  2037  2080 I PackageManager: Un-granting permission android.permission.CHANGE_COMPONENT_ENABLED_STATE from package com.google.android.apps.enterprise.dmagent (protectionLevel=18 flags=0x30083e05)
09-07 03:36:24.656  2037  2080 I PackageManager: Un-granting permission android.permission.MANAGE_CA_CERTIFICATES from package com.google.android.apps.enterprise.dmagent (protectionLevel=18 flags=0x30083e05)
09-07 03:36:24.656  2037  2080 I PackageManager: Un-granting permission android.permission.MANAGE_USERS from package com.google.android.apps.enterprise.dmagent (protectionLevel=18 flags=0x30083e05)
09-07 03:36:24.656  2037  2080 I PackageManager: Un-granting permission com.google.android.setupwizard.READ_DEVICE_ORIGIN from package com.google.android.apps.messaging (protectionLevel=18 flags=0x38cbbe45)
09-07 03:36:24.656  2037  2080 I PackageManager: Un-granting permission android.permission.HIDE_NON_SYSTEM_OVERLAY_WINDOWS from package com.android.vending (protectionLevel=258 flags=0x28cabec5)
09-07 03:36:24.656  2037  2080 I PackageManager: Un-granting permission android.permission.SEND_DOWNLOAD_COMPLETED_INTENTS from package com.android.vending (protectionLevel=2 flags=0x28cabec5)
09-07 03:36:24.656  2037  2080 I PackageManager: Un-granting permission android.permission.BIND_WALLPAPER from package com.android.camera2 (protectionLevel=18 flags=0x20d8bc45)
09-07 03:36:24.656  2037  2080 I PackageManager: Un-granting permission android.permission.REQUEST_INSTALL_PACKAGES from package com.google.android.gm (protectionLevel=66 flags=0x38cbbe45)
09-07 03:36:24.656  2037  2080 I PackageManager: Un-granting permission android.permission.BIND_JOB_SERVICE from package com.google.android.music (protectionLevel=2 flags=0x38cbbe65)
09-07 03:36:24.657  2037  2080 I PackageManager: Un-granting permission android.permission.CONNECTIVITY_USE_RESTRICTED_NETWORKS from package com.google.android.captiveportallogin (protectionLevel=18 flags=0x38c8be45)
09-07 03:36:24.657  2037  2080 I PackageManager: Un-granting permission android.permission.NETWORK_BYPASS_PRIVATE_DNS from package com.google.android.captiveportallogin (protectionLevel=2 flags=0x38c8be45)
09-07 03:36:24.657  2037  2080 I PackageManager: Un-granting permission android.permission.REQUEST_INSTALL_PACKAGES from package com.google.android.apps.docs (protectionLevel=66 flags=0x38cbbe45)
09-07 03:36:24.657  2037  2080 I PackageManager: Un-granting permission android.permission.INTERACT_ACROSS_USERS from package com.google.android.syncadapters.contacts (protectionLevel=50 flags=0x20883e45)
09-07 03:36:24.657  2037  2080 I PackageManager: Un-granting permission android.permission.REQUEST_INSTALL_PACKAGES from package com.android.chrome (protectionLevel=66 flags=0xa0cbbe45)
09-07 03:36:24.657  2037  2080 I PackageManager: Un-granting permission android.permission.WRITE_EMBEDDED_SUBSCRIPTIONS from package com.google.android.gms (protectionLevel=50 flags=0xa0cabec5)
09-07 03:36:24.658  2037  2080 I PackageManager: Un-granting permission android.permission.CAPTURE_VIDEO_OUTPUT from package com.google.android.gms (protectionLevel=2 flags=0xa0cabec5)
09-07 03:36:24.658  2037  2080 I PackageManager: Un-granting permission android.permission.FORCE_STOP_PACKAGES from package com.google.android.gms (protectionLevel=18 flags=0xa0cabec5)
09-07 03:36:24.658  2037  2080 I PackageManager: Un-granting permission android.permission.MODIFY_DEFAULT_AUDIO_EFFECTS from package com.google.android.gms (protectionLevel=18 flags=0xa0cabec5)
09-07 03:36:24.658  2037  2080 I PackageManager: Un-granting permission android.permission.MANAGE_DEVICE_ADMINS from package com.google.android.gms (protectionLevel=2 flags=0xa0cabec5)
09-07 03:36:24.658  2037  2080 I PackageManager: Un-granting permission android.permission.MANAGE_ACTIVITY_STACKS from package com.google.android.gms (protectionLevel=2 flags=0xa0cabec5)
09-07 03:36:24.658  2037  2080 I PackageManager: Un-granting permission android.permission.CAPTURE_SECURE_VIDEO_OUTPUT from package com.google.android.gms (protectionLevel=2 flags=0xa0cabec5)
09-07 03:36:24.658  2037  2080 I PackageManager: Un-granting permission android.permission.MANAGE_ROLLBACKS from package com.google.android.gms (protectionLevel=514 flags=0xa0cabec5)
09-07 03:36:24.658  2037  2080 I PackageManager: Un-granting permission android.permission.MEDIA_CONTENT_CONTROL from package com.google.android.gms (protectionLevel=18 flags=0xa0cabec5)
09-07 03:36:24.658  2037  2080 I PackageManager: Un-granting permission android.permission.HIDE_NON_SYSTEM_OVERLAY_WINDOWS from package com.google.android.gms (protectionLevel=258 flags=0xa0cabec5)
09-07 03:36:24.661  2037  2080 I PackageManager: Un-granting permission com.google.android.googleapps.permission.GOOGLE_AUTH from package com.google.android.videos (protectionLevel=2 flags=0x30dbbe45)
09-07 03:36:24.661  2037  2080 I PackageManager: Un-granting permission android.permission.WRITE_MEDIA_STORAGE from package com.google.android.apps.photos (protectionLevel=18 flags=0x38d9be45)
09-07 03:36:24.698  2689  2689 I GsaVoiceInteractionSrv: (REDACTED) O received %s
09-07 03:36:24.700  8176  8176 I Finsky  : [2] vms.g(1): vms - Received: android.intent.action.PACKAGE_REMOVED, [JKgrAT7ZrU_atynDxHtFKlznxOwkruuqzdx-Cu5fTVw]
09-07 03:36:24.707  2037  2133 I InputReader: Reconfiguring input devices.  changes=0x00000010
09-07 03:36:24.714  2037  2066 W BroadcastQueue: Background execution not allowed: receiving Intent { act=android.intent.action.PACKAGE_REMOVED dat=package:ru.iteco.fmhandroid.test flg=0x4000010 (has extras) } to com.android.musicfx/.Compatibility$Receiver
09-07 03:36:24.714  2037  2066 W BroadcastQueue: Background execution not allowed: receiving Intent { act=android.intent.action.PACKAGE_REMOVED dat=package:ru.iteco.fmhandroid.test flg=0x4000010 (has extras) } to com.android.vending/com.google.android.finsky.packagemonitor.impl.PackageMonitorReceiverImpl$RegisteredReceiver
09-07 03:36:24.716  2037  2066 W BroadcastQueue: Background execution not allowed: receiving Intent { act=android.intent.action.PACKAGE_REMOVED dat=package:ru.iteco.fmhandroid.test flg=0x4000010 (has extras) } to com.android.vending/com.google.android.finsky.packagemonitor.backgroundimpl.BackgroundPackageMonitorReceiverImpl$RegisteredReceiver
09-07 03:36:24.716  2037  2066 W BroadcastQueue: Background execution not allowed: receiving Intent { act=android.intent.action.PACKAGE_REMOVED dat=package:ru.iteco.fmhandroid.test flg=0x4000010 (has extras) } to com.android.vending/com.google.android.finsky.instantapps.appmanagement.InstantAppRemoveMonitor
09-07 03:36:24.717  2037  2066 W BroadcastQueue: Background execution not allowed: receiving Intent { act=android.intent.action.PACKAGE_REMOVED dat=package:ru.iteco.fmhandroid.test flg=0x4000010 (has extras) } to com.google.android.gms/.games.chimera.GamesSystemBroadcastReceiverProxy
09-07 03:36:24.718  2434  2940 E ActivityThread: Failed to find provider info for com.google.android.apps.wellbeing.api
09-07 03:36:24.711  2037  2133 I InputReader: Reconfiguring input devices.  changes=0x00000010
09-07 03:36:24.718  8176 10332 I Finsky  : [732] pth.accept(76): IQ: handled package removed
09-07 03:36:24.722  8176  8257 I Finsky  : [592] jnn.a(53): AIM: AppInfoManager-Perf > OnDeviceAppInfo > cacheHitCount=0, cacheMissCount=1. Missed  in cache (limit 10) : [ru.iteco.fmhandroid.test]
09-07 03:36:24.724  2689  2689 I GsaVoiceInteractionSrv: (REDACTED) O received %s
09-07 03:36:24.735  8176  8176 I Finsky  : [2] vms.g(1): vms - Received: android.intent.action.PACKAGE_ADDED, [JKgrAT7ZrU_atynDxHtFKlznxOwkruuqzdx-Cu5fTVw]
09-07 03:36:24.735  8176  8257 I Finsky  : [592] jlf.apply(886): AIM: Got app ownership map. App counts: . Unique apps: 0
09-07 03:36:24.750  2037  2066 W BroadcastQueue: Background execution not allowed: receiving Intent { act=android.intent.action.PACKAGE_REMOVED dat=package:ru.iteco.fmhandroid.test flg=0x4000010 (has extras) } to com.google.android.gms/.chimera.GmsIntentOperationService$PersistentTrustedReceiver
09-07 03:36:24.754  2037  2133 I InputReader: Reconfiguring input devices.  changes=0x00000010
09-07 03:36:24.766  8176  8221 I android.vendin: Waiting for a blocking GC ProfileSaver
09-07 03:36:24.769  2666  3039 I aykq    : (REDACTED) isOpaHotwordEnabled: %b
09-07 03:36:24.769  2666  3039 I aykq    : Disabling the hotword detector.
09-07 03:36:24.770  2037  2066 W BroadcastQueue: Background execution not allowed: receiving Intent { act=android.intent.action.PACKAGE_ADDED dat=package:ru.iteco.fmhandroid.test flg=0x4000010 (has extras) } to com.google.android.packageinstaller/com.android.packageinstaller.PackageInstalledReceiver
09-07 03:36:24.770  2037  2066 W BroadcastQueue: Background execution not allowed: receiving Intent { act=android.intent.action.PACKAGE_ADDED dat=package:ru.iteco.fmhandroid.test flg=0x4000010 (has extras) } to com.android.musicfx/.Compatibility$Receiver
09-07 03:36:24.770  2037  2066 W BroadcastQueue: Background execution not allowed: receiving Intent { act=android.intent.action.PACKAGE_ADDED dat=package:ru.iteco.fmhandroid.test flg=0x4000010 (has extras) } to com.android.vending/com.google.android.finsky.packagemonitor.impl.PackageMonitorReceiverImpl$RegisteredReceiver
09-07 03:36:24.770  2037  2066 W BroadcastQueue: Background execution not allowed: receiving Intent { act=android.intent.action.PACKAGE_ADDED dat=package:ru.iteco.fmhandroid.test flg=0x4000010 (has extras) } to com.android.vending/com.google.android.finsky.packagemonitor.backgroundimpl.BackgroundPackageMonitorReceiverImpl$RegisteredReceiver
09-07 03:36:24.772  2689  2689 I GsaVoiceInteractionSrv: (REDACTED) O received %s
09-07 03:36:24.772  2037  2066 W BroadcastQueue: Background execution not allowed: receiving Intent { act=android.intent.action.PACKAGE_ADDED dat=package:ru.iteco.fmhandroid.test flg=0x4000010 (has extras) } to com.google.android.gms/.games.chimera.GamesSystemBroadcastReceiverProxy
09-07 03:36:24.772  2037  2066 W BroadcastQueue: Background execution not allowed: receiving Intent { act=android.intent.action.PACKAGE_ADDED dat=package:ru.iteco.fmhandroid.test flg=0x4000010 (has extras) } to com.google.android.gms/.gass.chimera.PackageChangeBroadcastReceiver
09-07 03:36:24.772  2037  2066 W BroadcastQueue: Background execution not allowed: receiving Intent { act=android.intent.action.PACKAGE_ADDED dat=package:ru.iteco.fmhandroid.test flg=0x4000010 (has extras) } to com.google.android.gms/.chimera.GmsIntentOperationService$PersistentTrustedReceiver
09-07 03:36:24.772  2037  2066 W BroadcastQueue: Background execution not allowed: receiving Intent { act=android.intent.action.PACKAGE_ADDED dat=package:ru.iteco.fmhandroid.test flg=0x4000010 (has extras) } to com.google.android.ims/.receivers.RcsAutoStartReceiver
09-07 03:36:24.774  8176  8250 I Finsky  : [585] jnj.a(202): AIM: AppInfoManager-Perf > ItemModel > CacheSize=0, cacheHitCount=0, cacheMissCount=1, total appsWithNoServerDataCount=0. Missed  in cache (limit 10) : [ru.iteco.fmhandroid.test]
09-07 03:36:24.774  8176  8250 I Finsky  : [585] jnm.n(24): AIM: AppInfoManager-Perf > ItemModel > ItemStore Called 1 apps cacheOptions = USE_CACHE
09-07 03:36:24.774  8176  8250 I Finsky  : [585] jnj.a(1098): AIM: ItemModel fetch - unauth(1), auth()
09-07 03:36:24.775  8176  8250 I Finsky  : [585] rmt.apply(40): ItemStore: Not cached: ru.iteco.fmhandroid.test
09-07 03:36:24.780  2666  3039 I apsj    : (REDACTED) Updating hotword opa ineligibility to %b
09-07 03:36:24.781  2666  3039 I ayhu    : getLocaleToModelSpecsMap
09-07 03:36:24.781  2666  3039 I ayhu    : Fetching latest config from MDD...
09-07 03:36:24.781  2666  3039 I ayhu    : (REDACTED) Found map of size: %d
09-07 03:36:24.782  2666  3039 I ayht    : (REDACTED) Adding from proto config to map [configKey: %s locale: %s modelType: %s modelPrefix: %s Location: %s isSpeakerIdSupported: %b]
09-07 03:36:24.784  2689  3084 W gmjq    : Receive a config update when there's no subscriber. Ignore the request!
09-07 03:36:24.787  2666  3039 I bioh    : (REDACTED) Initializing MicroDataManager InitializeType-%d, isForced-%b, isActivePhoneEnrollment-%b isActiveGoogleHomeEnrollment-%b
09-07 03:36:24.787  2666  3039 I ayhu    : getLocaleToModelSpecsMap
09-07 03:36:24.787  2666  3039 I ayhu    : Fetching latest config from MDD...
09-07 03:36:24.787  2666  3039 I ayhu    : (REDACTED) Found map of size: %d
09-07 03:36:24.787  2666  3039 I ayht    : (REDACTED) Adding from proto config to map [configKey: %s locale: %s modelType: %s modelPrefix: %s Location: %s isSpeakerIdSupported: %b]
09-07 03:36:24.787  2666  3039 I ayma    : (REDACTED) Location for model with model type: %s and locale: %s, is : %s
09-07 03:36:24.788  2666  3039 I aykq    : (REDACTED) isOpaHotwordEnabled: %b
09-07 03:36:24.788  2666  3039 I aykq    : Disabling the hotword detector.
09-07 03:36:24.790  2666  3039 I apsj    : (REDACTED) #takeChangeMicroDetectorMode [mIsBargeInEnabled: %b, mCurrentDetectionMode: %s]
09-07 03:36:24.790  2666  3039 I apsj    : (REDACTED) Should stop hotword detection immediately - %b
09-07 03:36:24.791  2666  3039 I aykq    : (REDACTED) isOpaHotwordEnabled: %b
09-07 03:36:24.791  2666  3039 I aykq    : Disabling the hotword detector.
09-07 03:36:24.794  2689  3084 W gmjq    : Receive a config update when there's no subscriber. Ignore the request!
09-07 03:36:24.794  8176 10330 I Finsky  : [730] oll.run(296): Wrote row to frosting DB: 1624
09-07 03:36:24.795  2666  3039 I apsj    : (REDACTED) #takeChangeMicroDetectorMode [mIsBargeInEnabled: %b, mCurrentDetectionMode: %s]
09-07 03:36:24.795  2666  3039 I apsj    : (REDACTED) Should stop hotword detection immediately - %b
09-07 03:36:24.796  2666  3039 I ayhu    : getLocaleToModelSpecsMap
09-07 03:36:24.796  2666  3039 I ayhu    : Fetching latest config from MDD...
09-07 03:36:24.796  2666  3039 I ayhu    : (REDACTED) Found map of size: %d
09-07 03:36:24.796  2666  3039 I ayht    : (REDACTED) Adding from proto config to map [configKey: %s locale: %s modelType: %s modelPrefix: %s Location: %s isSpeakerIdSupported: %b]
09-07 03:36:24.797  2689  3084 W gmjq    : Receive a config update when there's no subscriber. Ignore the request!
09-07 03:36:24.800  8176  8256 I Finsky  : [591] jnn.a(53): AIM: AppInfoManager-Perf > OnDeviceAppInfo > cacheHitCount=0, cacheMissCount=1. Missed  in cache (limit 10) : [ru.iteco.fmhandroid.test]
09-07 03:36:24.800  8176  8256 I Finsky  : [591] jlf.apply(886): AIM: Got app ownership map. App counts: . Unique apps: 0
09-07 03:36:24.803  8176  8176 I Finsky  : [2] qos.akj(13): DTU: Received onPackageAdded, replacing: true
09-07 03:36:24.805  2666  3039 W aoza    : Abort, client detached.
09-07 03:36:24.805  2666  3039 I chatty  : uid=10104(com.google.android.googlequicksearchbox) EventBus0 identical 1 line
09-07 03:36:24.805  2666  3039 W aoza    : Abort, client detached.
09-07 03:36:24.809  8176  8176 I Finsky  : [2] vms.g(1): vms - Received: android.intent.action.PACKAGE_ADDED, [JKgrAT7ZrU_atynDxHtFKlznxOwkruuqzdx-Cu5fTVw]
09-07 03:36:24.820  8176  8176 I Finsky  : [2] vms.g(1): vms - Deduping intent android.intent.action.PACKAGE_ADDED
09-07 03:36:24.826  8425 10352 I Fitness : (REDACTED) FitCleanupIntentOperation received Intent %s
09-07 03:36:24.836  2037  2037 W Looper  : Slow dispatch took 106ms main h=android.app.ActivityThread$H c=android.app.-$$Lambda$LoadedApk$ReceiverDispatcher$Args$_BumDX2UKsnxLVrE6UJsJZkotuA@8c41a86 m=0
09-07 03:36:24.836  8425 10358 I FontLog : (REDACTED) Package %s has no metadata
09-07 03:36:24.842  2037  2037 I Telecom : DefaultDialerCache: Refreshing default dialer for user 0: now com.android.dialer: DDC.oR@AJQ
09-07 03:36:24.843  8176  8176 I Finsky  : [2] vms.g(1): vms - Received: android.intent.action.PACKAGE_ADDED, [JKgrAT7ZrU_atynDxHtFKlznxOwkruuqzdx-Cu5fTVw]
09-07 03:36:24.856  2037  2037 V BackupManagerConstants: getFullBackupIntervalMilliseconds(...) returns 86400000
09-07 03:36:24.856  2037  2037 V BackupManagerConstants: getFullBackupRequiredNetworkType(...) returns 2
09-07 03:36:24.856  2037  2037 V BackupManagerConstants: getFullBackupRequireCharging(...) returns true
09-07 03:36:24.860  8176 10330 I Finsky  : [730] oll.run(296): Wrote row to frosting DB: 1625
09-07 03:36:24.861  7867 10343 I Auth    : [SupervisedAccountIntentOperation] onHandleIntent(): android.intent.action.PACKAGE_ADDED
09-07 03:36:24.885  8425  8425 D BoundBrokerSvc: onBind: Intent { act=com.google.android.gms.nearby.exposurenotification.START dat=chimera-action: cmp=com.google.android.gms/.chimera.PersistentApiServiceNoInstantApps }
09-07 03:36:24.885  8425  8425 D BoundBrokerSvc: Loading bound service for intent: Intent { act=com.google.android.gms.nearby.exposurenotification.START dat=chimera-action: cmp=com.google.android.gms/.chimera.PersistentApiServiceNoInstantApps }
09-07 03:36:24.889  1792  2272 E GnssHAL_GnssInterface: gnssSvStatusCb: a: input svInfo.flags is 8
09-07 03:36:24.889  1792  2272 E GnssHAL_GnssInterface: gnssSvStatusCb: b: input svInfo.flags is 8
09-07 03:36:24.896  2279  2279 D CarrierSvcBindHelper: No carrier app for: 0
09-07 03:36:24.899  8176 10330 I Finsky  : [730] oll.run(296): Wrote row to frosting DB: 1626
09-07 03:36:24.899  8176  8176 I Finsky  : [2] vms.g(1): vms - Deduping intent android.intent.action.PACKAGE_ADDED
09-07 03:36:24.905  8176  8221 I android.vendin: WaitForGcToComplete blocked ProfileSaver on HeapTrim for 139.310ms
09-07 03:36:24.914  2279  2279 D CarrierSvcBindHelper: No carrier app for: 0
09-07 03:36:24.916  8176 10330 I Finsky  : [730] oll.run(296): Wrote row to frosting DB: 1627
09-07 03:36:24.921  8176  8189 I android.vendin: WaitForGcToComplete blocked Background on ProfileSaver for 15.359ms
09-07 03:36:24.925  2279  2279 D CarrierConfigLoader: mHandler: 9 phoneId: 0
09-07 03:36:24.926  7867  7867 D BoundBrokerSvc: onBind: Intent { act=com.google.android.gms.common.BIND_SHARED_PREFS pkg=com.google.android.gms }
09-07 03:36:24.927  7867  7867 D BoundBrokerSvc: Loading bound service for intent: Intent { act=com.google.android.gms.common.BIND_SHARED_PREFS pkg=com.google.android.gms }
09-07 03:36:24.933  7867  7879 I gle.android.gm: WaitForGcToComplete blocked Background on ProfileSaver for 50.832ms
09-07 03:36:24.933  8176  8250 I Finsky  : [585] jnj.a(202): AIM: AppInfoManager-Perf > ItemModel > CacheSize=0, cacheHitCount=0, cacheMissCount=1, total appsWithNoServerDataCount=0. Missed  in cache (limit 10) : [ru.iteco.fmhandroid.test]
09-07 03:36:24.939  2279  2299 I m.android.phon: Background young concurrent copying GC freed 19787(1562KB) AllocSpace objects, 0(0B) LOS objects, 47% free, 1828KB/3463KB, paused 1.019ms total 106.689ms
09-07 03:36:24.942  2037  8423 W BroadcastQueue: Background execution not allowed: receiving Intent { act=android.intent.action.PACKAGE_REPLACED dat=package:ru.iteco.fmhandroid.test flg=0x4000010 (has extras) } to com.android.musicfx/.Compatibility$Receiver
09-07 03:36:24.944  8176  8250 I Finsky  : [585] jnm.n(24): AIM: AppInfoManager-Perf > ItemModel > ItemStore Called 1 apps cacheOptions = USE_CACHE
09-07 03:36:24.947  8176  8250 I Finsky  : [585] jnj.a(1098): AIM: ItemModel fetch - unauth(1), auth()
09-07 03:36:24.948  8176  8252 I Finsky  : [587] rmt.apply(40): ItemStore: Not cached: ru.iteco.fmhandroid.test
09-07 03:36:24.949  2037  2066 W BroadcastQueue: Background execution not allowed: receiving Intent { act=android.intent.action.PACKAGE_REPLACED dat=package:ru.iteco.fmhandroid.test flg=0x4000010 (has extras) } to com.google.android.apps.photos/.account.full.FetchAccountPropertiesAppUpgradeBroadcastReceiver
09-07 03:36:24.949  2037  2066 W BroadcastQueue: Background execution not allowed: receiving Intent { act=android.intent.action.PACKAGE_REPLACED dat=package:ru.iteco.fmhandroid.test flg=0x4000010 (has extras) } to com.google.android.apps.photos/.account.full.SyncAccountsForLoginBroadcastReceiver
09-07 03:36:24.949  2037  2066 W BroadcastQueue: Background execution not allowed: receiving Intent { act=android.intent.action.PACKAGE_REPLACED dat=package:ru.iteco.fmhandroid.test flg=0x4000010 (has extras) } to com.google.android.apps.photos/.experiments.phenotype.full.PhenotypeAppUpgradeBroadcastReceiver
09-07 03:36:24.949  2037  2066 W BroadcastQueue: Background execution not allowed: receiving Intent { act=android.intent.action.PACKAGE_REPLACED dat=package:ru.iteco.fmhandroid.test flg=0x4000010 (has extras) } to com.google.android.apps.photos/.notificationchannels.AppUpdateBroadcastReceiver
09-07 03:36:24.950  2037  2066 W BroadcastQueue: Background execution not allowed: receiving Intent { act=android.intent.action.PACKAGE_REPLACED dat=package:ru.iteco.fmhandroid.test flg=0x4000010 (has extras) } to com.google.android.gms/.gass.chimera.PackageChangeBroadcastReceiver
09-07 03:36:24.950  2037  2066 W BroadcastQueue: Background execution not allowed: receiving Intent { act=android.intent.action.PACKAGE_REPLACED dat=package:ru.iteco.fmhandroid.test flg=0x4000010 (has extras) } to com.google.android.gms/.chimera.GmsIntentOperationService$PersistentTrustedReceiver
09-07 03:36:24.950  2037  2066 W BroadcastQueue: Background execution not allowed: receiving Intent { act=android.intent.action.PACKAGE_REPLACED dat=package:ru.iteco.fmhandroid.test flg=0x4000010 (has extras) } to com.google.android.ims/.receivers.RcsAutoStartReceiver
09-07 03:36:24.951  8176 10330 I Finsky  : [730] oll.run(296): Wrote row to frosting DB: 1628
09-07 03:36:24.958  8425  8465 W ChimeraUtils: Module com.google.android.gms.nearby_en missing resource null(0)
09-07 03:36:24.970  8176 10330 I Finsky  : [730] oll.run(296): Wrote row to frosting DB: 1629
09-07 03:36:24.970  8425  8465 W ChimeraUtils: Module com.google.android.gms.nearby_en missing resource null(0)
09-07 03:36:24.985  7867  7867 D BoundBrokerSvc: onUnbind: Intent { act=com.google.android.gms.common.BIND_SHARED_PREFS pkg=com.google.android.gms }
09-07 03:36:24.998  7867  7898 I Icing   : IndexChimeraService.getServiceInterface callingPackage=com.google.android.gms componentName=AppsCorpus serviceId=36
09-07 03:36:25.030  7867  7901 W Icing   : No valid account for uploading user actions
09-07 03:36:25.035  8425  8425 D BoundBrokerSvc: onBind: Intent { act=com.google.android.gms.icing.LIGHTWEIGHT_INDEX_SERVICE dat=chimera-action: cmp=com.google.android.gms/.chimera.PersistentApiService }
09-07 03:36:25.035  8425  8425 D BoundBrokerSvc: Loading bound service for intent: Intent { act=com.google.android.gms.icing.LIGHTWEIGHT_INDEX_SERVICE dat=chimera-action: cmp=com.google.android.gms/.chimera.PersistentApiService }
09-07 03:36:25.042  7867  7867 D BoundBrokerSvc: onBind: Intent { act=com.google.android.gms.feedback.internal.IFeedbackService dat=chimera-action: cmp=com.google.android.gms/.chimera.GmsBoundBrokerService }
09-07 03:36:25.042  7867  7867 D BoundBrokerSvc: Loading bound service for intent: Intent { act=com.google.android.gms.feedback.internal.IFeedbackService dat=chimera-action: cmp=com.google.android.gms/.chimera.GmsBoundBrokerService }
09-07 03:36:25.053  7867  7901 I Icing   : Usage reports ok 1, Failed Usage reports 0, indexed 0, rejected 0
09-07 03:36:25.054  7867  7901 I Icing   : Indexing com.google.android.gms-apps from com.google.android.gms
09-07 03:36:25.057  7867  7901 I Icing   : Indexing done com.google.android.gms-apps
09-07 03:36:25.059  7867  7909 I Icing   : IndexChimeraService.getServiceInterface callingPackage=com.google.android.gms componentName=null serviceId=30
09-07 03:36:25.063  7867  7901 I Icing   : Indexing com.google.android.gms-apps from com.google.android.gms
09-07 03:36:25.063  7867  7901 I Icing   : Indexing done com.google.android.gms-apps
09-07 03:36:25.067  7867  9111 W Icing   : No valid account for uploading user actions
09-07 03:36:25.070  7867  9111 I Icing   : Usage reports ok 0, Failed Usage reports 0, indexed 0, rejected 0
09-07 03:36:25.123  8176  8252 E Finsky  : [587] rna.a(110): ItemStore: getItems RPC failed.
09-07 03:36:25.124  8176  8257 E Finsky  : [592] rna.a(110): ItemStore: getItems RPC failed.
09-07 03:36:25.229  1858  2116 E         : Couldn't opendir /data/app/vmdl1378423599.tmp: No such file or directory
09-07 03:36:25.229  1858  2116 E installd: Failed to delete /data/app/vmdl1378423599.tmp: No such file or directory
09-07 03:36:25.273  2037  7767 I ActivityManager: Force stopping ru.iteco.fmhandroid.test appid=10135 user=0: from pid 10370
09-07 03:36:25.277  2279  2279 D CarrierSvcBindHelper: No carrier app for: 0
09-07 03:36:25.386 10376 10376 D AndroidRuntime: >>>>>> START com.android.internal.os.RuntimeInit uid 2000 <<<<<<
09-07 03:36:25.390 10376 10376 E libc    : Access denied finding property "persist.device_config.runtime_native_boot.enable_apex_image"
09-07 03:36:25.390 10376 10376 I AndroidRuntime: Using default boot image
09-07 03:36:25.390 10376 10376 E libc    : Access denied finding property "persist.device_config.runtime_native_boot.disable_lock_profiling"
09-07 03:36:25.390 10376 10376 I AndroidRuntime: Leaving lock profiling enabled
09-07 03:36:25.391 10376 10376 E libc    : Access denied finding property "persist.device_config.runtime_native_boot.enable_generational_cc"
09-07 03:36:25.385 10376 10376 W app_process: type=1400 audit(0.0:73): avc: denied { read } for name="u:object_r:device_config_runtime_native_boot_prop:s0" dev="tmpfs" ino=6894 scontext=u:r:shell:s0 tcontext=u:object_r:device_config_runtime_native_boot_prop:s0 tclass=file permissive=0
09-07 03:36:25.385 10376 10376 W app_process: type=1400 audit(0.0:74): avc: denied { read } for name="u:object_r:device_config_runtime_native_boot_prop:s0" dev="tmpfs" ino=6894 scontext=u:r:shell:s0 tcontext=u:object_r:device_config_runtime_native_boot_prop:s0 tclass=file permissive=0
09-07 03:36:25.385 10376 10376 W app_process: type=1400 audit(0.0:75): avc: denied { read } for name="u:object_r:device_config_runtime_native_boot_prop:s0" dev="tmpfs" ino=6894 scontext=u:r:shell:s0 tcontext=u:object_r:device_config_runtime_native_boot_prop:s0 tclass=file permissive=0
09-07 03:36:25.428 10376 10376 D ICU     : Time zone APEX file found: /apex/com.android.tzdata/etc/icu/icu_tzdata.dat
09-07 03:36:25.430 10376 10376 W app_process: Unexpected CPU variant for X86 using defaults: x86
09-07 03:36:25.437 10376 10376 I app_process: The ClassLoaderContext is a special shared library.
09-07 03:36:25.446 10376 10376 W app_process: JNI RegisterNativeMethods: attempt to register 0 native methods for android.media.AudioAttributes
09-07 03:36:25.449 10376 10376 D AndroidRuntime: Calling main entry com.android.commands.am.Am
09-07 03:36:25.455  2037  4328 I ActivityManager: Force stopping ru.iteco.fmhandroid appid=10136 user=0: start instr
09-07 03:36:25.463  1775  1775 D Zygote  : Forked child process 10394
09-07 03:36:25.465 10394 10394 I teco.fmhandroi: Late-enabling -Xcheck:jni
09-07 03:36:25.469  2037  2067 I ActivityManager: Start proc 10394:ru.iteco.fmhandroid/u0a136 for added application ru.iteco.fmhandroid
09-07 03:36:25.474 10394 10394 E teco.fmhandroi: Unknown bits set in runtime_flags: 0x8000
09-07 03:36:25.475 10394 10394 W teco.fmhandroi: Unexpected CPU variant for X86 using defaults: x86
09-07 03:36:25.518 10394 10394 I teco.fmhandroi: The ClassLoaderContext is a special shared library.
09-07 03:36:25.520 10394 10394 I teco.fmhandroi: The ClassLoaderContext is a special shared library.
09-07 03:36:25.799  8176  8250 I Finsky  : [585] xty.accept(378): SCH: Scheduling phonesky job Id: 12-1, CT: 1694057784812, Constraints: [{ L: 15000, D: 86400000, C: 1, I: 1, N: 1 }]
09-07 03:36:25.803  8176  8257 I Finsky  : [592] yew.apply(123): SCH: Scheduling 1 system job(s)
09-07 03:36:25.803  8176  8257 I Finsky  : [592] yvz.d(263): SCH: Scheduling system job Id: 9044, L: 14009, D: 73176826, C: false, I: false, N: 1
09-07 03:36:25.808  8176  8246 I Finsky  : [581] kiz.aeG(143): [ContentSync] finished, scheduled=true
09-07 03:36:25.814 10394 10394 I teco.fmhandroi: The ClassLoaderContext is a special shared library.
09-07 03:36:25.814 10394 10394 I teco.fmhandroi: The ClassLoaderContext is a special shared library.
09-07 03:36:25.889  1792  2272 E GnssHAL_GnssInterface: gnssSvStatusCb: a: input svInfo.flags is 8
09-07 03:36:25.889  1792  2272 E GnssHAL_GnssInterface: gnssSvStatusCb: b: input svInfo.flags is 8
09-07 03:36:26.130 10394 10394 W teco.fmhandroi: Accessing hidden method Landroid/app/Instrumentation;->execStartActivity(Landroid/content/Context;Landroid/os/IBinder;Landroid/os/IBinder;Landroid/app/Activity;Landroid/content/Intent;ILandroid/os/Bundle;)Landroid/app/Instrumentation$ActivityResult; (greylist, linking, allowed)
09-07 03:36:26.130 10394 10394 W teco.fmhandroi: Accessing hidden method Landroid/app/Instrumentation;->execStartActivity(Landroid/content/Context;Landroid/os/IBinder;Landroid/os/IBinder;Ljava/lang/String;Landroid/content/Intent;ILandroid/os/Bundle;)Landroid/app/Instrumentation$ActivityResult; (greylist, linking, allowed)
09-07 03:36:26.136 10394 10394 I MonitoringInstr: newApplication called!
09-07 03:36:26.157 10394 10394 I FirebaseApp: Device unlocked: initializing all Firebase APIs for app [DEFAULT]
09-07 03:36:26.164 10394 10394 I FirebaseCrashlytics: Initializing Firebase Crashlytics 18.2.6 for ru.iteco.fmhandroid
09-07 03:36:26.194 10394 10428 I DynamiteModule: Considering local module com.google.android.gms.measurement.dynamite:55 and remote module com.google.android.gms.measurement.dynamite:93
09-07 03:36:26.194 10394 10428 I DynamiteModule: Selected remote version of com.google.android.gms.measurement.dynamite, version >= 93
09-07 03:36:26.195 10394 10428 V DynamiteModule: Dynamite loader version >= 2, using loadModule2NoCrashUtils
09-07 03:36:26.209 10394 10428 W System  : ClassLoader referenced unknown path: 
09-07 03:36:26.239 10394 10394 I FirebaseInitProvider: FirebaseApp initialization successful
09-07 03:36:26.255 10394 10394 I MonitoringInstr: Instrumentation started!
09-07 03:36:26.258 10394 10394 D ClassesArgTokenizer: input: ru.iteco.fmhandroid.ui.ControlPanelTest#shouldOpenCreateNewsForm
09-07 03:36:26.258 10394 10394 D ClassesArgTokenizer: result: [ru.iteco.fmhandroid.ui.ControlPanelTest#shouldOpenCreateNewsForm]
09-07 03:36:26.259 10394 10394 D ClassesArgTokenizer: input: null
09-07 03:36:26.259 10394 10394 D ClassesArgTokenizer: result: []
09-07 03:36:26.262 10394 10394 V TestEventClient: No service name argument was given (testDiscoveryService, testRunEventService or orchestratorService)
09-07 03:36:26.265 10394 10428 W teco.fmhandroi: Accessing hidden method Lsun/misc/Unsafe;->arrayBaseOffset(Ljava/lang/Class;)I (greylist,core-platform-api, linking, allowed)
09-07 03:36:26.265 10394 10428 W teco.fmhandroi: Accessing hidden method Lsun/misc/Unsafe;->arrayIndexScale(Ljava/lang/Class;)I (greylist, linking, allowed)
09-07 03:36:26.265 10394 10428 W teco.fmhandroi: Accessing hidden method Lsun/misc/Unsafe;->compareAndSwapInt(Ljava/lang/Object;JII)Z (greylist, linking, allowed)
09-07 03:36:26.265 10394 10428 W teco.fmhandroi: Accessing hidden method Lsun/misc/Unsafe;->compareAndSwapLong(Ljava/lang/Object;JJJ)Z (greylist, linking, allowed)
09-07 03:36:26.265 10394 10428 W teco.fmhandroi: Accessing hidden method Lsun/misc/Unsafe;->getIntVolatile(Ljava/lang/Object;J)I (greylist, linking, allowed)
09-07 03:36:26.265 10394 10428 W teco.fmhandroi: Accessing hidden method Lsun/misc/Unsafe;->getObjectVolatile(Ljava/lang/Object;J)Ljava/lang/Object; (greylist, linking, allowed)
09-07 03:36:26.266 10394 10428 W teco.fmhandroi: Accessing hidden method Lsun/misc/Unsafe;->objectFieldOffset(Ljava/lang/reflect/Field;)J (greylist,core-platform-api, linking, allowed)
09-07 03:36:26.266 10394 10428 W teco.fmhandroi: Accessing hidden method Lsun/misc/Unsafe;->putObjectVolatile(Ljava/lang/Object;JLjava/lang/Object;)V (greylist, linking, allowed)
09-07 03:36:26.266 10394 10428 W teco.fmhandroi: Accessing hidden field Lsun/misc/Unsafe;->theUnsafe:Lsun/misc/Unsafe; (greylist, reflection, allowed)
09-07 03:36:26.271 10394 10436 D AndroidJUnitRunner: onStart is called.
09-07 03:36:26.276 10394 10394 I MonitoringInstr: No JSBridge.
09-07 03:36:26.287 10394 10436 D TestRequestBuilder: Skipping class path scanning and directly running [ru.iteco.fmhandroid.ui.ControlPanelTest]
09-07 03:36:26.292 10394 10436 D ClassesArgTokenizer: input: ru.iteco.fmhandroid.ui.ControlPanelTest#shouldOpenCreateNewsForm
09-07 03:36:26.292 10394 10436 D ClassesArgTokenizer: result: [ru.iteco.fmhandroid.ui.ControlPanelTest#shouldOpenCreateNewsForm]
09-07 03:36:26.292 10394 10436 D ClassesArgTokenizer: input: null
09-07 03:36:26.292 10394 10436 D ClassesArgTokenizer: result: []
09-07 03:36:26.302 10394 10436 D AndroidJUnitRunner: Use the raw file system for managing file I/O.
09-07 03:36:26.305 10394 10436 D TestExecutor: Adding listener androidx.test.internal.runner.listener.LogRunListener
09-07 03:36:26.306 10394 10436 D TestExecutor: Adding listener androidx.test.internal.runner.listener.InstrumentationResultPrinter
09-07 03:36:26.306 10394 10436 D TestExecutor: Adding listener androidx.test.internal.runner.listener.ActivityFinisherRunListener
09-07 03:36:26.306 10394 10436 D TestExecutor: Adding listener androidx.test.internal.runner.listener.TraceRunListener
09-07 03:36:26.309 10394 10436 I TestRunner: run started: 1 tests
09-07 03:36:26.314 10394 10437 V FA      : App measurement collection enabled
09-07 03:36:26.315 10394 10437 V FA      : App measurement enabled for app package, google app id: ru.iteco.fmhandroid, 1:729587742060:android:e7d6f87c783f52b9a42f49
09-07 03:36:26.316 10394 10437 I FA      : App measurement initialized, version: 80069
09-07 03:36:26.316 10394 10437 I FA      : To enable debug logging run: adb shell setprop log.tag.FA VERBOSE
09-07 03:36:26.316 10394 10437 I FA      : To enable faster debug mode event logging run:
09-07 03:36:26.316 10394 10437 I FA      :   adb shell setprop debug.firebase.analytics.app ru.iteco.fmhandroid
09-07 03:36:26.316 10394 10437 D FA      : Debug-level message logging enabled
09-07 03:36:26.334 10394 10437 D FA      : Resetting session stitching token to not null
09-07 03:36:26.339 10394 10436 I TestRunner: started: shouldOpenCreateNewsForm(ru.iteco.fmhandroid.ui.ControlPanelTest)
09-07 03:36:26.345 10394 10437 V FA      : Connecting to remote service
09-07 03:36:26.349  7867  7867 D BoundBrokerSvc: onBind: Intent { act=com.google.android.gms.measurement.START pkg=com.google.android.gms }
09-07 03:36:26.349  7867  7867 D BoundBrokerSvc: Loading bound service for intent: Intent { act=com.google.android.gms.measurement.START pkg=com.google.android.gms }
09-07 03:36:26.363 10394 10437 V FA      : Connection attempt already in progress
09-07 03:36:26.368 10394 10437 V FA      : Connection attempt already in progress
09-07 03:36:26.368 10394 10437 D FA      : Connected to remote service
09-07 03:36:26.369 10394 10437 V FA      : Processing queued up service tasks: 3
09-07 03:36:26.418  7867 10441 V FA-SVC  : Saving default event parameters, appId, data size: ru.iteco.fmhandroid, 2
09-07 03:36:26.440  1774 10442 E ResolverController: No valid NAT64 prefix (101, <unspecified>/0)
09-07 03:36:26.472  2037  2037 V SettingsProvider: Notifying for 0: content://settings/secure/accessibility_enabled
09-07 03:36:26.476  2689  3033 I fteu    : (REDACTED) #onAccessibilityStateChanged enabled: %s
09-07 03:36:26.476  2689  3084 I fteu    : #onChange
09-07 03:36:26.476  2689  3084 I csoe    : #FCF: onChange
09-07 03:36:26.476  2689  3084 I csoi    : (REDACTED) FCF System FeatureName to check: %s
09-07 03:36:26.476  2689  3084 I csoi    : (REDACTED) FCF: Device model check status : %s
09-07 03:36:26.476  2689  3084 I csof    : FCF A11y Checker - readyForTngMa
09-07 03:36:26.477  2689  3085 I ctnd    : (REDACTED) #isBluetoothOrWiredHeadsetConnected Number of connected audio devices: %s
09-07 03:36:26.477  2689  3085 I cspe    : (REDACTED) #FCF: Headset Connected Status: %s
09-07 03:36:26.477  2689  3084 I csqr    : (REDACTED) #FCF: Demo mode check status : %s
09-07 03:36:26.478  2689  3085 I csqs    : (REDACTED) #FCF: Managed profile check status : %s
09-07 03:36:26.478  2689  3085 I csno    : (REDACTED) #FCF: Assistant primary locale : %s
09-07 03:36:26.478  2689  3085 I csno    : (REDACTED) #FCF: Assistant Primary locale check status : %s
09-07 03:36:26.478  2689  3085 W csqu    : Unable to check for productivity accounts. Assuming there are none.
09-07 03:36:26.478  2689  3085 W csqu    : com.google.android.libraries.geller.portable.GellerException: Code: INVALID_ARGUMENT, Message: Account name is null.
09-07 03:36:26.478  2689  3085 W csqu    : 	at ghid.a(PG:6)
09-07 03:36:26.478  2689  3085 W csqu    : 	at gxvx.a(PG:3)
09-07 03:36:26.478  2689  3085 W csqu    : 	at hnzx.a(PG:1)
09-07 03:36:26.478  2689  3085 W csqu    : 	at hobr.run(PG:4)
09-07 03:36:26.478  2689  3085 W csqu    : 	at ewes.run(PG:1)
09-07 03:36:26.478  2689  3085 W csqu    : 	at java.util.concurrent.ThreadPoolExecutor.runWorker(ThreadPoolExecutor.java:1167)
09-07 03:36:26.478  2689  3085 W csqu    : 	at java.util.concurrent.ThreadPoolExecutor$Worker.run(ThreadPoolExecutor.java:641)
09-07 03:36:26.478  2689  3085 W csqu    : 	at ewdw.run(PG:2)
09-07 03:36:26.478  2689  3085 W csqu    : 	at java.lang.Thread.run(Thread.java:919)
09-07 03:36:26.478  2689  3085 W csqu    : 	at ewfb.run(PG:5)
09-07 03:36:26.489  2666  3005 I biwj    : NGA disabled since it's running Panthera and at least one a11y feature is on.
09-07 03:36:26.489  2666  3005 I biwj    : (REDACTED) Nga state changed to %s
09-07 03:36:26.489  2689  3084 I csts    : (REDACTED) #FCF evaluate: %s
09-07 03:36:26.489  2689  3084 I csts    : (REDACTED) TngMaStatusChecker#evaluateInternal completed in %s millis
09-07 03:36:26.489  2689  3084 I cscy    : (REDACTED) TNG:MA status updated: %s
09-07 03:36:26.489  2689  3084 I cscy    : TNG:MA became ineligible, client should disconnect
09-07 03:36:26.490  2689  3084 I cscy    : #disconnectAndStop - preventing double stop
09-07 03:36:26.498  2689  3084 I csts    : #invalidationSource: adding saa update checker
09-07 03:36:26.499  2689  3084 I csts    : #invalidationSource: adding headset checker
09-07 03:36:26.506  2689  3085 I yzq     : (REDACTED) Nga on-device enabled based on TNG:MA active state: %b
09-07 03:36:26.506  2689  3085 I yzq     : (REDACTED) Nga on-device enabled based on TNG:MA active state: %b
09-07 03:36:26.506  2689  3085 I yzq     : Unsubscribed to apa or classic variant change.
09-07 03:36:26.513 10394 10436 W Settings: Setting always_finish_activities has moved from android.provider.Settings.System to android.provider.Settings.Global, returning read-only value.
09-07 03:36:26.521  2666  3039 I bjbd    : Trying to enqueue PieTriggeringWorker
09-07 03:36:26.523  2689  2689 I aaag    : (REDACTED) eventData = %s
09-07 03:36:26.523  2037  2311 I ActivityTaskManager: START u0 {act=android.intent.action.MAIN cat=[android.intent.category.LAUNCHER] flg=0x10008000 cmp=ru.iteco.fmhandroid.test/androidx.test.core.app.InstrumentationActivityInvoker$BootstrapActivity (has extras)} from uid 10136
09-07 03:36:26.534  2037  2061 E system_server: Invalid ID 0x00000000.
09-07 03:36:26.537  2037  2428 W InputReader: Device has associated, but no associated display id.
09-07 03:36:26.537  2037  2428 I chatty  : uid=1000(system) Binder:2037_8 identical 8 lines
09-07 03:36:26.537  2037  2428 W InputReader: Device has associated, but no associated display id.
09-07 03:36:26.539  2689  3085 I znc     : Logging success flow
09-07 03:36:26.554  1793  2554 D gralloc_ranchu: gralloc_alloc: Creating ashmem region of size 9850880
09-07 03:36:26.558  2666  3039 I bjbd    : Trying to enqueue PieTriggeringWorker
09-07 03:36:26.561  2689  2689 I aaag    : (REDACTED) eventData = %s
09-07 03:36:26.561  2689  3084 I znc     : Logging success flow
09-07 03:36:26.561  1775  1775 D Zygote  : Forked child process 10449
09-07 03:36:26.569  2037  2067 I ActivityManager: Start proc 10449:ru.iteco.fmhandroid.test/u0a135 for activity {ru.iteco.fmhandroid.test/androidx.test.core.app.InstrumentationActivityInvoker$BootstrapActivity}
09-07 03:36:26.578  2666  3039 I bjbd    : Trying to enqueue PieTriggeringWorker
09-07 03:36:26.580  2689  2689 I aaag    : (REDACTED) eventData = %s
09-07 03:36:26.588 10449 10449 I fmhandroid.tes: Late-enabling -Xcheck:jni
09-07 03:36:26.623 10449 10449 E fmhandroid.tes: Unknown bits set in runtime_flags: 0x8000
09-07 03:36:26.624 10449 10449 W fmhandroid.tes: Unexpected CPU variant for X86 using defaults: x86
09-07 03:36:26.644  2666  2666 I dnsi    : onPause
09-07 03:36:26.647  1793  2554 D gralloc_ranchu: gralloc_alloc: Creating ashmem region of size 1576960
09-07 03:36:26.650  2037  6123 D HostConnection: HostConnection::get() New Host Connection established 0xd6c2b770, tid 6123
