09-07 03:36:38.768 10394 10394 D LifecycleMonitor: Lifecycle status change: ru.iteco.fmhandroid.ui.AppActivity@bf025f4 in: PAUSED
09-07 03:36:38.768 10394 10394 V ActivityScenario: Update currentActivityStage to PAUSED, currentActivity=ru.iteco.fmhandroid.ui.AppActivity@bf025f4
09-07 03:36:38.769  2037  5216 W InputReader: Device has associated, but no associated display id.
09-07 03:36:38.770  2037  5216 I chatty  : uid=1000(system) Binder:2037_18 identical 38 lines
09-07 03:36:38.770  2037  5216 W InputReader: Device has associated, but no associated display id.
09-07 03:36:38.772 10449 10449 W ActivityThread: handleWindowVisibility: no activity for token android.os.BinderProxy@d6eec89
09-07 03:36:38.772  2037  5216 W InputReader: Device has associated, but no associated display id.
09-07 03:36:38.772  2037  5216 I chatty  : uid=1000(system) Binder:2037_18 identical 8 lines
09-07 03:36:38.772  2037  5216 W InputReader: Device has associated, but no associated display id.
09-07 03:36:38.775 10394 10437 V FA      : Recording user engagement, ms: 11550
09-07 03:36:38.800  2037  2428 I ActivityTaskManager: START u0 {act=android.intent.action.MAIN cat=[android.intent.category.LAUNCHER] flg=0x10000000 cmp=ru.iteco.fmhandroid.test/androidx.test.core.app.InstrumentationActivityInvoker$EmptyActivity} from uid 10136
09-07 03:36:38.820 10449 10482 D HostConnection: HostConnection::get() New Host Connection established 0xd6c2af50, tid 10482
09-07 03:36:38.821 10449 10482 D HostConnection: HostComposition ext ANDROID_EMU_CHECKSUM_HELPER_v1 ANDROID_EMU_dma_v1 ANDROID_EMU_direct_mem ANDROID_EMU_vulkan ANDROID_EMU_deferred_vulkan_commands ANDROID_EMU_vulkan_null_optional_strings ANDROID_EMU_vulkan_create_resources_with_requirements ANDROID_EMU_YUV420_888_to_NV21 ANDROID_EMU_YUV_Cache ANDROID_EMU_vulkan_free_memory_sync ANDROID_EMU_vulkan_shader_float16_int8 ANDROID_EMU_vulkan_async_queue_submit ANDROID_EMU_sync_buffer_data GL_OES_vertex_array_object GL_KHR_texture_compression_astc_ldr ANDROID_EMU_host_side_tracing ANDROID_EMU_gles_max_version_2 
09-07 03:36:38.826 10449 10482 W OpenGLRenderer: Failed to choose config with EGL_SWAP_BEHAVIOR_PRESERVED, retrying without...
09-07 03:36:38.832 10449 10482 D eglCodecCommon: setVertexArrayObject: set vao to 0 (0) 0 0
09-07 03:36:38.832 10449 10482 D EGL_emulation: eglCreateContext: 0xed47f3a0: maj 2 min 0 rcv 2
09-07 03:36:38.854 10449 10482 D EGL_emulation: eglMakeCurrent: 0xed47f3a0: ver 2 0 (tinfo 0xed4893b0)
09-07 03:36:38.864 10394 10437 V FA      : Connecting to remote service
09-07 03:36:38.865  1793  2554 D gralloc_ranchu: gralloc_alloc: Creating ashmem region of size 9850880
09-07 03:36:38.867  1678  1678 I hwservicemanager: getTransport: Cannot find entry android.hardware.graphics.mapper@3.0::IMapper/default in either framework or device manifest.
09-07 03:36:38.868 10449 10482 W Gralloc3: mapper 3.x is not supported
09-07 03:36:38.869 10449 10482 D HostConnection: createUnique: call
09-07 03:36:38.869 10449 10482 D HostConnection: HostConnection::get() New Host Connection established 0xd6c2c5d0, tid 10482
09-07 03:36:38.870 10449 10482 D HostConnection: HostComposition ext ANDROID_EMU_CHECKSUM_HELPER_v1 ANDROID_EMU_dma_v1 ANDROID_EMU_direct_mem ANDROID_EMU_vulkan ANDROID_EMU_deferred_vulkan_commands ANDROID_EMU_vulkan_null_optional_strings ANDROID_EMU_vulkan_create_resources_with_requirements ANDROID_EMU_YUV420_888_to_NV21 ANDROID_EMU_YUV_Cache ANDROID_EMU_vulkan_free_memory_sync ANDROID_EMU_vulkan_shader_float16_int8 ANDROID_EMU_vulkan_async_queue_submit ANDROID_EMU_sync_buffer_data GL_OES_vertex_array_object GL_KHR_texture_compression_astc_ldr ANDROID_EMU_host_side_tracing ANDROID_EMU_gles_max_version_2 
09-07 03:36:38.870 10449 10482 D eglCodecCommon: allocate: Ask for block of size 0x1000
09-07 03:36:38.871 10449 10482 D eglCodecCommon: allocate: ioctl allocate returned offset 0x3ff686000 size 0x2000
09-07 03:36:38.872  1793  2554 D gralloc_ranchu: gralloc_alloc: Creating ashmem region of size 9850880
09-07 03:36:38.874 10449 10482 D EGL_emulation: eglMakeCurrent: 0xed47f3a0: ver 2 0 (tinfo 0xed4893b0)
09-07 03:36:38.874  1793  2554 D gralloc_ranchu: gralloc_alloc: Creating ashmem region of size 9850880
09-07 03:36:38.876 10449 10482 D eglCodecCommon: setVertexArrayObject: set vao to 0 (0) 1 0
09-07 03:36:38.891  7867  7867 D BoundBrokerSvc: onBind: Intent { act=com.google.android.gms.measurement.START pkg=com.google.android.gms }
09-07 03:36:38.891  7867  7867 D BoundBrokerSvc: Loading bound service for intent: Intent { act=com.google.android.gms.measurement.START pkg=com.google.android.gms }
09-07 03:36:38.892  1792  2272 E GnssHAL_GnssInterface: gnssSvStatusCb: a: input svInfo.flags is 8
09-07 03:36:38.892  1792  2272 E GnssHAL_GnssInterface: gnssSvStatusCb: b: input svInfo.flags is 8
09-07 03:36:38.900 10394 10437 V FA      : Connection attempt already in progress
09-07 03:36:38.900 10394 10437 V FA      : Activity paused, time: 722662
09-07 03:36:38.906 10394 10437 D FA      : Connected to remote service
09-07 03:36:38.906 10394 10437 V FA      : Processing queued up service tasks: 2
09-07 03:36:38.919  7867 10441 V FA-SVC  : Logging event: origin=auto,name=user_engagement(_e),params=Bundle[{ga_event_origin(_o)=auto, engagement_time_msec(_et)=11550, ga_screen_class(_sc)=AppActivity, ga_screen_id(_si)=503780197399543370}]
09-07 03:36:38.933  7867 10441 V FA-SVC  : Upload scheduled in approximately ms: 3038177
09-07 03:36:38.933  7867 10441 V FA-SVC  : Unscheduling upload
09-07 03:36:38.936  7867 10441 V FA-SVC  : Scheduling upload, millis: 3038177
09-07 03:36:38.937  7867 10441 V FA-SVC  : Background event processing time, ms: 20
09-07 03:36:38.953  2037  7240 W InputReader: Device has associated, but no associated display id.
09-07 03:36:38.955  2037  7240 I chatty  : uid=1000(system) Binder:2037_1C identical 48 lines
09-07 03:36:38.955  2037  7240 W InputReader: Device has associated, but no associated display id.
09-07 03:36:38.966 10449 10449 W ActivityThread: handleWindowVisibility: no activity for token android.os.BinderProxy@ee74d3e
09-07 03:36:38.981  2037  7240 W ActivityTaskManager: Duplicate finish request for ActivityRecord{d9d808f u0 ru.iteco.fmhandroid/.ui.AppActivity t662 f}
09-07 03:36:38.995  1793  2554 D gralloc_ranchu: gralloc_alloc: Creating ashmem region of size 9850880
09-07 03:36:38.998  1793  2554 I chatty  : uid=1000(system) HwBinder:1793_2 identical 1 line
09-07 03:36:39.001  1793  2554 D gralloc_ranchu: gralloc_alloc: Creating ashmem region of size 9850880
09-07 03:36:39.003 10449 10482 D EGL_emulation: eglMakeCurrent: 0xed47f3a0: ver 2 0 (tinfo 0xed4893b0)
09-07 03:36:39.029  2037  2061 W InputReader: Device has associated, but no associated display id.
09-07 03:36:39.030  2037  2061 I chatty  : uid=1000(system) android.anim identical 18 lines
09-07 03:36:39.030  2037  2061 W InputReader: Device has associated, but no associated display id.
09-07 03:36:39.034  2037  2065 I ActivityTaskManager: Displayed ru.iteco.fmhandroid.test/androidx.test.core.app.InstrumentationActivityInvoker$EmptyActivity: +187ms
09-07 03:36:39.036  2037  7240 W InputReader: Device has associated, but no associated display id.
09-07 03:36:39.036  2037  7240 I chatty  : uid=1000(system) Binder:2037_1C identical 8 lines
09-07 03:36:39.036  2037  7240 W InputReader: Device has associated, but no associated display id.
09-07 03:36:39.045 10394 10485 D EGL_emulation: eglMakeCurrent: 0xda21b3e0: ver 2 0 (tinfo 0xda20fdb0)
09-07 03:36:39.053  1823  1823 W SurfaceFlinger: couldn't log to binary event log: overflow.
09-07 03:36:39.055  2037  7240 W InputReader: Device has associated, but no associated display id.
09-07 03:36:39.055  2037  7240 I chatty  : uid=1000(system) Binder:2037_1C identical 8 lines
09-07 03:36:39.055  2037  7240 W InputReader: Device has associated, but no associated display id.
09-07 03:36:39.063 10394 10394 D LifecycleMonitor: Lifecycle status change: ru.iteco.fmhandroid.ui.AppActivity@bf025f4 in: STOPPED
09-07 03:36:39.064 10394 10394 V ActivityScenario: Update currentActivityStage to STOPPED, currentActivity=ru.iteco.fmhandroid.ui.AppActivity@bf025f4
09-07 03:36:39.073 10394 10503 I okhttp.OkHttpClient: <-- HTTP FAILED: java.net.SocketException: Socket closed
09-07 03:36:39.074 10394 10394 W System.err: ru.iteco.fmhandroid.exceptions.UnknownException
09-07 03:36:39.082  1793  2554 D gralloc_ranchu: gralloc_alloc: Creating ashmem region of size 9850880
09-07 03:36:39.082 10394 10394 W System.err: 	at ru.iteco.fmhandroid.utils.Utils.makeRequest(Utils.kt:123)
09-07 03:36:39.082 10394 10394 W System.err: 	at ru.iteco.fmhandroid.utils.Utils$makeRequest$1.invokeSuspend(Unknown Source:15)
09-07 03:36:39.082 10394 10394 W System.err: 	at kotlin.coroutines.jvm.internal.BaseContinuationImpl.resumeWith(ContinuationImpl.kt:33)
09-07 03:36:39.082 10394 10394 W System.err: 	at kotlinx.coroutines.DispatchedTaskKt.resume(DispatchedTask.kt:234)
09-07 03:36:39.082 10394 10394 W System.err: 	at kotlinx.coroutines.DispatchedTaskKt.resumeUnconfined(DispatchedTask.kt:190)
09-07 03:36:39.082 10394 10394 W System.err: 	at kotlinx.coroutines.DispatchedTaskKt.dispatch(DispatchedTask.kt:161)
09-07 03:36:39.082 10394 10394 W System.err: 	at kotlinx.coroutines.CancellableContinuationImpl.dispatchResume(CancellableContinuationImpl.kt:397)
09-07 03:36:39.082 10394 10394 W System.err: 	at kotlinx.coroutines.CancellableContinuationImpl.cancel(CancellableContinuationImpl.kt:183)
09-07 03:36:39.082 10394 10394 W System.err: 	at kotlinx.coroutines.CancellableContinuationImpl.parentCancelled$kotlinx_coroutines_core(CancellableContinuationImpl.kt:190)
09-07 03:36:39.083 10394 10394 W System.err: 	at kotlinx.coroutines.ChildContinuation.invoke(JobSupport.kt:1474)
09-07 03:36:39.083 10394 10394 W System.err: 	at kotlinx.coroutines.JobSupport.notifyCancelling(JobSupport.kt:1499)
09-07 03:36:39.083 10394 10394 W System.err: 	at kotlinx.coroutines.JobSupport.tryMakeCancelling(JobSupport.kt:795)
09-07 03:36:39.083 10394 10394 W System.err: 	at kotlinx.coroutines.JobSupport.makeCancelling(JobSupport.kt:755)
09-07 03:36:39.083 10394 10394 W System.err: 	at kotlinx.coroutines.JobSupport.cancelImpl$kotlinx_coroutines_core(JobSupport.kt:671)
09-07 03:36:39.083 10394 10394 W System.err: 	at kotlinx.coroutines.JobSupport.parentCancelled(JobSupport.kt:637)
09-07 03:36:39.083 10394 10394 W System.err: 	at kotlinx.coroutines.ChildHandleNode.invoke(JobSupport.kt:1465)
09-07 03:36:39.083 10394 10394 W System.err: 	at kotlinx.coroutines.JobSupport.notifyCancelling(JobSupport.kt:1499)
09-07 03:36:39.083 10394 10394 W System.err: 	at kotlinx.coroutines.JobSupport.tryMakeCompletingSlowPath(JobSupport.kt:900)
09-07 03:36:39.083 10394 10394 W System.err: 	at kotlinx.coroutines.JobSupport.tryMakeCompleting(JobSupport.kt:863)
09-07 03:36:39.083 10394 10394 W System.err: 	at kotlinx.coroutines.JobSupport.cancelMakeCompleting(JobSupport.kt:696)
09-07 03:36:39.083 10394 10394 W System.err: 	at kotlinx.coroutines.JobSupport.cancelImpl$kotlinx_coroutines_core(JobSupport.kt:667)
09-07 03:36:39.083 10394 10394 W System.err: 	at kotlinx.coroutines.JobSupport.cancelInternal(JobSupport.kt:632)
09-07 03:36:39.083 10394 10394 W System.err: 	at kotlinx.coroutines.JobSupport.cancel(JobSupport.kt:617)
09-07 03:36:39.083 10394 10394 W System.err: 	at kotlinx.coroutines.JobKt__JobKt.cancel(Job.kt:561)
09-07 03:36:39.083 10394 10394 W System.err: 	at kotlinx.coroutines.JobKt.cancel(Unknown Source:1)
09-07 03:36:39.083 10394 10394 W System.err: 	at kotlinx.coroutines.JobKt__JobKt.cancel$default(Job.kt:560)
09-07 03:36:39.083 10394 10394 W System.err: 	at kotlinx.coroutines.JobKt.cancel$default(Unknown Source:1)
09-07 03:36:39.083 10394 10394 W System.err: 	at androidx.lifecycle.CloseableCoroutineScope.close(ViewModel.kt:51)
09-07 03:36:39.083 10394 10394 W System.err: 	at androidx.lifecycle.ViewModel.closeWithRuntimeException(ViewModel.java:188)
09-07 03:36:39.083 10394 10394 W System.err: 	at androidx.lifecycle.ViewModel.clear(ViewModel.java:134)
09-07 03:36:39.083 10394 10394 W System.err: 	at androidx.lifecycle.ViewModelStore.clear(ViewModelStore.java:62)
09-07 03:36:39.083 10394 10394 W System.err: 	at androidx.fragment.app.FragmentManagerViewModel.clearNonConfigStateInternal(FragmentManagerViewModel.java:210)
09-07 03:36:39.083 10394 10394 W System.err: 	at androidx.fragment.app.FragmentManagerViewModel.clearNonConfigState(FragmentManagerViewModel.java:190)
09-07 03:36:39.083 10394 10394 W System.err: 	at androidx.fragment.app.FragmentStateManager.destroy(FragmentStateManager.java:778)
09-07 03:36:39.083 10394 10394 W System.err: 	at androidx.fragment.app.FragmentStateManager.moveToExpectedState(FragmentStateManager.java:335)
09-07 03:36:39.084 10394 10394 W System.err: 	at androidx.fragment.app.FragmentStore.moveToExpectedState(FragmentStore.java:121)
09-07 03:36:39.084 10394 10394 W System.err: 	at androidx.fragment.app.FragmentManager.moveToState(FragmentManager.java:1374)
09-07 03:36:39.084 10394 10394 W System.err: 	at androidx.fragment.app.FragmentManager.dispatchStateChange(FragmentManager.java:2841)
09-07 03:36:39.084 10394 10394 W System.err: 	at androidx.fragment.app.FragmentManager.dispatchDestroy(FragmentManager.java:2820)
09-07 03:36:39.084 10394 10394 W System.err: 	at androidx.fragment.app.Fragment.performDestroy(Fragment.java:3246)
09-07 03:36:39.084 10394 10394 W System.err: 	at androidx.fragment.app.FragmentStateManager.destroy(FragmentStateManager.java:780)
09-07 03:36:39.084 10394 10394 W System.err: 	at androidx.fragment.app.FragmentStateManager.moveToExpectedState(FragmentStateManager.java:335)
09-07 03:36:39.084 10394 10394 W System.err: 	at androidx.fragment.app.SpecialEffectsController$FragmentStateManagerOperation.complete(SpecialEffectsController.java:771)
09-07 03:36:39.084 10394 10394 W System.err: 	at androidx.fragment.app.SpecialEffectsController$Operation.cancel(SpecialEffectsController.java:615)
09-07 03:36:39.084 10394 10394 W System.err: 	at androidx.fragment.app.SpecialEffectsController.forceCompleteAllOperations(SpecialEffectsController.java:350)
09-07 03:36:39.084 10394 10394 W System.err: 	at androidx.fragment.app.FragmentManager.dispatchStateChange(FragmentManager.java:2844)
09-07 03:36:39.084 10394 10394 W System.err: 	at androidx.fragment.app.FragmentManager.dispatchDestroy(FragmentManager.java:2820)
09-07 03:36:39.084 10394 10394 W System.err: 	at androidx.fragment.app.FragmentController.dispatchDestroy(FragmentController.java:345)
09-07 03:36:39.084 10394 10394 W System.err: 	at androidx.fragment.app.FragmentActivity.onDestroy(FragmentActivity.java:306)
09-07 03:36:39.084 10394 10394 W System.err: 	at androidx.appcompat.app.AppCompatActivity.onDestroy(AppCompatActivity.java:278)
09-07 03:36:39.084 10394 10394 W System.err: 	at android.app.Activity.performDestroy(Activity.java:8048)
09-07 03:36:39.085 10394 10394 W System.err: 	at android.app.Instrumentation.callActivityOnDestroy(Instrumentation.java:1334)
09-07 03:36:39.085 10394 10394 W System.err: 	at androidx.test.runner.MonitoringInstrumentation.callActivityOnDestroy(MonitoringInstrumentation.java:766)
09-07 03:36:39.085 10394 10394 W System.err: 	at android.app.ActivityThread.performDestroyActivity(ActivityThread.java:4926)
09-07 03:36:39.085 10394 10394 W System.err: 	at android.app.ActivityThread.handleDestroyActivity(ActivityThread.java:4970)
09-07 03:36:39.085 10394 10394 W System.err: 	at android.app.servertransaction.DestroyActivityItem.execute(DestroyActivityItem.java:44)
09-07 03:36:39.085 10394 10394 W System.err: 	at android.app.servertransaction.TransactionExecutor.executeLifecycleState(TransactionExecutor.java:176)
09-07 03:36:39.085 10394 10394 W System.err: 	at android.app.servertransaction.TransactionExecutor.execute(TransactionExecutor.java:97)
09-07 03:36:39.085 10394 10394 W System.err: 	at android.app.ActivityThread$H.handleMessage(ActivityThread.java:2016)
09-07 03:36:39.085 10394 10394 W System.err: 	at android.os.Handler.dispatchMessage(Handler.java:107)
09-07 03:36:39.085 10394 10394 W System.err: 	at android.os.Looper.loop(Looper.java:214)
09-07 03:36:39.085 10394 10394 W System.err: 	at android.app.ActivityThread.main(ActivityThread.java:7356)
09-07 03:36:39.085 10394 10394 W System.err: 	at java.lang.reflect.Method.invoke(Native Method)
09-07 03:36:39.085 10394 10394 W System.err: 	at com.android.internal.os.RuntimeInit$MethodAndArgsCaller.run(RuntimeInit.java:492)
09-07 03:36:39.085 10394 10394 W System.err: 	at com.android.internal.os.ZygoteInit.main(ZygoteInit.java:930)
09-07 03:36:39.091 10394 10394 D LifecycleMonitor: Lifecycle status change: ru.iteco.fmhandroid.ui.AppActivity@bf025f4 in: DESTROYED
09-07 03:36:39.092 10394 10394 V ActivityScenario: Update currentActivityStage to DESTROYED, currentActivity=null
09-07 03:36:39.099  1793  2554 D gralloc_ranchu: gralloc_alloc: Creating ashmem region of size 9850880
09-07 03:36:39.101  1793  2554 D gralloc_ranchu: gralloc_alloc: Creating ashmem region of size 9850880
09-07 03:36:39.102  2666  3068 D EGL_emulation: eglMakeCurrent: 0xda21b0e0: ver 2 0 (tinfo 0xda20fbb0)
09-07 03:36:39.124  1793  2554 D gralloc_ranchu: gralloc_alloc: Creating ashmem region of size 9850880
09-07 03:36:39.124  2037  2037 W ActivityManager: Unable to start service Intent { act=android.service.appprediction.AppPredictionService cmp=com.google.android.as/com.google.android.apps.miphone.aiai.app.AiAiPredictionService } U=0: not found
09-07 03:36:39.124  2037  2037 W RemoteAppPredictionService: could not bind to Intent { act=android.service.appprediction.AppPredictionService cmp=com.google.android.as/com.google.android.apps.miphone.aiai.app.AiAiPredictionService } using flags 67108865
09-07 03:36:39.130  2666  2666 I dnsi    : onStart
09-07 03:36:39.132  2666  2666 I dnsi    : onResume
09-07 03:36:39.138  1793  2554 D gralloc_ranchu: gralloc_alloc: Creating ashmem region of size 9850880
09-07 03:36:39.139  1793  2554 D gralloc_ranchu: gralloc_alloc: Creating ashmem region of size 9850880
09-07 03:36:39.141  2434  2714 D EGL_emulation: eglMakeCurrent: 0xed453b60: ver 2 0 (tinfo 0xe233a960)
