09-07 03:36:26.651  2037  6123 D HostConnection: HostComposition ext ANDROID_EMU_CHECKSUM_HELPER_v1 ANDROID_EMU_dma_v1 ANDROID_EMU_direct_mem ANDROID_EMU_vulkan ANDROID_EMU_deferred_vulkan_commands ANDROID_EMU_vulkan_null_optional_strings ANDROID_EMU_vulkan_create_resources_with_requirements ANDROID_EMU_YUV420_888_to_NV21 ANDROID_EMU_YUV_Cache ANDROID_EMU_vulkan_free_memory_sync ANDROID_EMU_vulkan_shader_float16_int8 ANDROID_EMU_vulkan_async_queue_submit ANDROID_EMU_sync_buffer_data GL_OES_vertex_array_object GL_KHR_texture_compression_astc_ldr ANDROID_EMU_host_side_tracing ANDROID_EMU_gles_max_version_2 
09-07 03:36:26.651  2037  6123 W OpenGLRenderer: Failed to choose config with EGL_SWAP_BEHAVIOR_PRESERVED, retrying without...
09-07 03:36:26.657  2037  6123 D eglCodecCommon: setVertexArrayObject: set vao to 0 (0) 0 0
09-07 03:36:26.658  2037  6123 D EGL_emulation: eglCreateContext: 0xed47f2e0: maj 2 min 0 rcv 2
09-07 03:36:26.661  2037  2428 W InputReader: Device has associated, but no associated display id.
09-07 03:36:26.667  2037  2428 I chatty  : uid=1000(system) Binder:2037_8 identical 28 lines
09-07 03:36:26.667  2037  2428 W InputReader: Device has associated, but no associated display id.
09-07 03:36:26.671  2037  2061 W InputReader: Device has associated, but no associated display id.
09-07 03:36:26.671  2037  2061 I chatty  : uid=1000(system) android.anim identical 8 lines
09-07 03:36:26.671  2037  2061 W InputReader: Device has associated, but no associated display id.
09-07 03:36:26.682  2037  6123 D EGL_emulation: eglMakeCurrent: 0xed47f2e0: ver 2 0 (tinfo 0xd6c4d9e0)
09-07 03:36:26.685  2037  2311 D HostConnection: HostConnection::get() New Host Connection established 0xbe3f4220, tid 2311
09-07 03:36:26.688  2666  3068 D EGL_emulation: eglMakeCurrent: 0xda21b0e0: ver 2 0 (tinfo 0xda20fbb0)
09-07 03:36:26.689  2434  2714 D EGL_emulation: eglMakeCurrent: 0xed453b60: ver 2 0 (tinfo 0xe233a960)
09-07 03:36:26.690  2182  2468 D EGL_emulation: eglMakeCurrent: 0xda21a360: ver 2 0 (tinfo 0xda20f590)
09-07 03:36:26.691  2182  2182 W View    : requestLayout() improperly called by com.android.keyguard.AlphaOptimizedLinearLayout{551c6d8 V.E...... ......ID 7,0-48,61 #7f0a041c app:id/wifi_group} during second layout pass: posting in next frame
09-07 03:36:26.694 10449 10449 I fmhandroid.tes: The ClassLoaderContext is a special shared library.
09-07 03:36:26.695  2037  2311 D HostConnection: HostComposition ext ANDROID_EMU_CHECKSUM_HELPER_v1 ANDROID_EMU_dma_v1 ANDROID_EMU_direct_mem ANDROID_EMU_vulkan ANDROID_EMU_deferred_vulkan_commands ANDROID_EMU_vulkan_null_optional_strings ANDROID_EMU_vulkan_create_resources_with_requirements ANDROID_EMU_YUV420_888_to_NV21 ANDROID_EMU_YUV_Cache ANDROID_EMU_vulkan_free_memory_sync ANDROID_EMU_vulkan_shader_float16_int8 ANDROID_EMU_vulkan_async_queue_submit ANDROID_EMU_sync_buffer_data GL_OES_vertex_array_object GL_KHR_texture_compression_astc_ldr ANDROID_EMU_host_side_tracing ANDROID_EMU_gles_max_version_2 
09-07 03:36:26.696 10449 10449 I fmhandroid.tes: The ClassLoaderContext is a special shared library.
09-07 03:36:26.705  2182  2182 W View    : requestLayout() improperly called by StatusBarIconView(slot=mobile icon=null notification=null) during layout: running second layout pass
09-07 03:36:26.706  2666  9317 V ClearcutMetricXmitter: Transmission is done.
09-07 03:36:26.711  2182  2468 D EGL_emulation: eglMakeCurrent: 0xda21a360: ver 2 0 (tinfo 0xda20f590)
09-07 03:36:26.718  2182  2468 D EGL_emulation: eglMakeCurrent: 0xda21a360: ver 2 0 (tinfo 0xda20f590)
09-07 03:36:26.718  2182  2182 W View    : requestLayout() improperly called by com.android.keyguard.AlphaOptimizedLinearLayout{551c6d8 V.E...... ......ID 7,0-48,61 #7f0a041c app:id/wifi_group} during second layout pass: posting in next frame
09-07 03:36:26.722  2182  2182 W View    : requestLayout() improperly called by StatusBarIconView(slot=mobile icon=null notification=null) during layout: running second layout pass
09-07 03:36:26.724  2182  2468 D EGL_emulation: eglMakeCurrent: 0xda21a360: ver 2 0 (tinfo 0xda20f590)
09-07 03:36:26.834  1823  1897 E SurfaceFlinger: ro.sf.lcd_density must be defined as a build property
09-07 03:36:26.835  1823  2078 E SurfaceFlinger: ro.sf.lcd_density must be defined as a build property
09-07 03:36:26.837 10449 10484 D libEGL  : Emulator has host GPU support, qemu.gles is set to 1.
09-07 03:36:26.837 10449 10484 W libc    : Unable to set property "qemu.gles" to "1": connection failed; errno=13 (Permission denied)
09-07 03:36:26.825 10449 10449 W RenderThread: type=1400 audit(0.0:76): avc: denied { write } for name="property_service" dev="tmpfs" ino=6988 scontext=u:r:untrusted_app:s0:c135,c256,c512,c768 tcontext=u:object_r:property_socket:s0 tclass=sock_file permissive=0
09-07 03:36:26.850 10449 10484 D libEGL  : loaded /vendor/lib/egl/libEGL_emulation.so
09-07 03:36:26.853 10449 10484 D libEGL  : loaded /vendor/lib/egl/libGLESv1_CM_emulation.so
09-07 03:36:26.855 10449 10484 D libEGL  : loaded /vendor/lib/egl/libGLESv2_emulation.so
09-07 03:36:26.866  2037  5216 I ActivityTaskManager: START u0 {act=android.intent.action.MAIN cat=[android.intent.category.LAUNCHER] cmp=ru.iteco.fmhandroid/.ui.AppActivity} from uid 10136
09-07 03:36:26.870  2037  5216 W InputReader: Device has associated, but no associated display id.
09-07 03:36:26.872  2037  5216 I chatty  : uid=1000(system) Binder:2037_18 identical 48 lines
09-07 03:36:26.872  2037  5216 W InputReader: Device has associated, but no associated display id.
09-07 03:36:26.872 10394 10394 W ActivityThread: handleWindowVisibility: no activity for token android.os.BinderProxy@dce2beb
09-07 03:36:26.875  2037  5216 W InputReader: Device has associated, but no associated display id.
09-07 03:36:26.875  2037  5216 I chatty  : uid=1000(system) Binder:2037_18 identical 8 lines
09-07 03:36:26.875  2037  5216 W InputReader: Device has associated, but no associated display id.
09-07 03:36:26.875  1823  2078 E SurfaceFlinger: ro.sf.lcd_density must be defined as a build property
09-07 03:36:26.876  1823  2078 E SurfaceFlinger: ro.sf.lcd_density must be defined as a build property
09-07 03:36:26.876 10394 10486 D libEGL  : Emulator has host GPU support, qemu.gles is set to 1.
09-07 03:36:26.877 10394 10486 W libc    : Unable to set property "qemu.gles" to "1": connection failed; errno=13 (Permission denied)
09-07 03:36:26.889  1792  2272 E GnssHAL_GnssInterface: gnssSvStatusCb: a: input svInfo.flags is 8
09-07 03:36:26.890  1792  2272 E GnssHAL_GnssInterface: gnssSvStatusCb: b: input svInfo.flags is 8
09-07 03:36:26.908  2666  2666 I dnsi    : onStop
09-07 03:36:26.919 10394 10486 D libEGL  : loaded /vendor/lib/egl/libEGL_emulation.so
09-07 03:36:26.865 10394 10394 W RenderThread: type=1400 audit(0.0:77): avc: denied { write } for name="property_service" dev="tmpfs" ino=6988 scontext=u:r:untrusted_app:s0:c136,c256,c512,c768 tcontext=u:object_r:property_socket:s0 tclass=sock_file permissive=0
09-07 03:36:26.919 10394 10486 D libEGL  : loaded /vendor/lib/egl/libGLESv1_CM_emulation.so
09-07 03:36:26.921 10394 10486 D libEGL  : loaded /vendor/lib/egl/libGLESv2_emulation.so
09-07 03:36:26.926 10394 10394 D LifecycleMonitor: Lifecycle status change: ru.iteco.fmhandroid.ui.AppActivity@bf025f4 in: PRE_ON_CREATE
09-07 03:36:26.927 10394 10394 V ActivityScenario: Activity lifecycle changed event received but ignored because the reported transition was not ON_CREATE while the last known transition was PRE_ON_CREATE
09-07 03:36:26.937  1823  1823 W SurfaceFlinger: couldn't log to binary event log: overflow.
09-07 03:36:26.937  1823  1823 W SurfaceFlinger: couldn't log to binary event log: overflow.
09-07 03:36:26.943 10394 10428 V FA      : onActivityCreated
09-07 03:36:26.964 10394 10394 W teco.fmhandroi: Accessing hidden method Landroid/view/View;->computeFitSystemWindows(Landroid/graphics/Rect;Landroid/graphics/Rect;)Z (greylist, reflection, allowed)
09-07 03:36:26.964 10394 10394 W teco.fmhandroi: Accessing hidden method Landroid/view/ViewGroup;->makeOptionalFitsSystemWindows()V (greylist, reflection, allowed)
09-07 03:36:27.055 10394 10394 D NetworkSecurityConfig: No Network Security Config specified, using platform default
09-07 03:36:27.061 10394 10394 W teco.fmhandroi: Accessing hidden method Ljava/lang/invoke/MethodHandles$Lookup;-><init>(Ljava/lang/Class;I)V (greylist, reflection, allowed)
09-07 03:36:27.143 10394 10394 D LifecycleMonitor: Lifecycle status change: ru.iteco.fmhandroid.ui.AppActivity@bf025f4 in: CREATED
09-07 03:36:27.143 10394 10394 V ActivityScenario: Update currentActivityStage to CREATED, currentActivity=ru.iteco.fmhandroid.ui.AppActivity@bf025f4
09-07 03:36:27.215 10394 10394 D LifecycleMonitor: Lifecycle status change: ru.iteco.fmhandroid.ui.AppActivity@bf025f4 in: STARTED
09-07 03:36:27.215 10394 10394 V ActivityScenario: Update currentActivityStage to STARTED, currentActivity=ru.iteco.fmhandroid.ui.AppActivity@bf025f4
09-07 03:36:27.217 10394 10394 D LifecycleMonitor: Lifecycle status change: ru.iteco.fmhandroid.ui.AppActivity@bf025f4 in: RESUMED
09-07 03:36:27.217 10394 10394 V ActivityScenario: Update currentActivityStage to RESUMED, currentActivity=ru.iteco.fmhandroid.ui.AppActivity@bf025f4
09-07 03:36:27.217 10394 10437 V FA      : Activity resumed, time: 711110
09-07 03:36:27.222 10394 10428 W teco.fmhandroi: Accessing hidden method Lsun/misc/Unsafe;->compareAndSwapObject(Ljava/lang/Object;JLjava/lang/Object;Ljava/lang/Object;)Z (greylist, linking, allowed)
09-07 03:36:27.222 10394 10428 W teco.fmhandroi: Accessing hidden method Lsun/misc/Unsafe;->getObject(Ljava/lang/Object;J)Ljava/lang/Object; (greylist, linking, allowed)
09-07 03:36:27.224 10394 10437 I FA      : Tag Manager is not found and thus will not be used
09-07 03:36:27.229 10394 10436 W FileTestStorage: Output properties is not supported.
09-07 03:36:27.230 10394 10436 I Tracing : Tracer added: class androidx.test.platform.tracing.AndroidXTracer
09-07 03:36:27.244 10394 10436 D EventInjectionStrategy: Creating injection strategy with input manager.
09-07 03:36:27.244 10394 10436 W teco.fmhandroi: Accessing hidden method Landroid/hardware/input/InputManager;->getInstance()Landroid/hardware/input/InputManager; (greylist, reflection, allowed)
09-07 03:36:27.244 10394 10436 W teco.fmhandroi: Accessing hidden method Landroid/hardware/input/InputManager;->injectInputEvent(Landroid/view/InputEvent;I)Z (greylist, reflection, allowed)
09-07 03:36:27.244 10394 10436 W teco.fmhandroi: Accessing hidden field Landroid/hardware/input/InputManager;->INJECT_INPUT_EVENT_MODE_WAIT_FOR_FINISH:I (greylist, reflection, allowed)
09-07 03:36:27.270  7867 10441 V FA-SVC  : Logging event: origin=auto,name=screen_view(_vs),params=Bundle[{ga_event_origin(_o)=auto, ga_screen_class(_sc)=AppActivity, ga_screen_id(_si)=503780197399543370}]
09-07 03:36:27.285 10394 10485 D HostConnection: HostConnection::get() New Host Connection established 0xda24c820, tid 10485
09-07 03:36:27.286 10394 10485 D HostConnection: HostComposition ext ANDROID_EMU_CHECKSUM_HELPER_v1 ANDROID_EMU_dma_v1 ANDROID_EMU_direct_mem ANDROID_EMU_vulkan ANDROID_EMU_deferred_vulkan_commands ANDROID_EMU_vulkan_null_optional_strings ANDROID_EMU_vulkan_create_resources_with_requirements ANDROID_EMU_YUV420_888_to_NV21 ANDROID_EMU_YUV_Cache ANDROID_EMU_vulkan_free_memory_sync ANDROID_EMU_vulkan_shader_float16_int8 ANDROID_EMU_vulkan_async_queue_submit ANDROID_EMU_sync_buffer_data GL_OES_vertex_array_object GL_KHR_texture_compression_astc_ldr ANDROID_EMU_host_side_tracing ANDROID_EMU_gles_max_version_2 
09-07 03:36:27.289 10394 10485 W OpenGLRenderer: Failed to choose config with EGL_SWAP_BEHAVIOR_PRESERVED, retrying without...
09-07 03:36:27.297 10394 10485 D eglCodecCommon: setVertexArrayObject: set vao to 0 (0) 0 0
09-07 03:36:27.297 10394 10485 D EGL_emulation: eglCreateContext: 0xda21b3e0: maj 2 min 0 rcv 2
09-07 03:36:27.319 10394 10485 D EGL_emulation: eglMakeCurrent: 0xda21b3e0: ver 2 0 (tinfo 0xda20fdb0)
09-07 03:36:27.323  1793  2554 D gralloc_ranchu: gralloc_alloc: Creating ashmem region of size 9113600
09-07 03:36:27.325  1678  1678 I hwservicemanager: getTransport: Cannot find entry android.hardware.graphics.mapper@3.0::IMapper/default in either framework or device manifest.
09-07 03:36:27.325 10394 10485 W Gralloc3: mapper 3.x is not supported
09-07 03:36:27.326 10394 10485 D HostConnection: createUnique: call
09-07 03:36:27.326 10394 10485 D HostConnection: HostConnection::get() New Host Connection established 0xda24caa0, tid 10485
09-07 03:36:27.328 10394 10485 D HostConnection: HostComposition ext ANDROID_EMU_CHECKSUM_HELPER_v1 ANDROID_EMU_dma_v1 ANDROID_EMU_direct_mem ANDROID_EMU_vulkan ANDROID_EMU_deferred_vulkan_commands ANDROID_EMU_vulkan_null_optional_strings ANDROID_EMU_vulkan_create_resources_with_requirements ANDROID_EMU_YUV420_888_to_NV21 ANDROID_EMU_YUV_Cache ANDROID_EMU_vulkan_free_memory_sync ANDROID_EMU_vulkan_shader_float16_int8 ANDROID_EMU_vulkan_async_queue_submit ANDROID_EMU_sync_buffer_data GL_OES_vertex_array_object GL_KHR_texture_compression_astc_ldr ANDROID_EMU_host_side_tracing ANDROID_EMU_gles_max_version_2 
09-07 03:36:27.328 10394 10485 D eglCodecCommon: allocate: Ask for block of size 0x1000
09-07 03:36:27.328 10394 10485 D eglCodecCommon: allocate: ioctl allocate returned offset 0x3ff68a000 size 0x2000
09-07 03:36:27.330  1793  2554 D gralloc_ranchu: gralloc_alloc: Creating ashmem region of size 9113600
09-07 03:36:27.331  1793  2554 D gralloc_ranchu: gralloc_alloc: Creating ashmem region of size 9113600
09-07 03:36:27.332 10394 10485 D EGL_emulation: eglMakeCurrent: 0xda21b3e0: ver 2 0 (tinfo 0xda20fdb0)
09-07 03:36:27.339 10394 10485 D eglCodecCommon: setVertexArrayObject: set vao to 0 (0) 1 0
09-07 03:36:27.349  7867 10441 V FA-SVC  : Upload scheduled in approximately ms: 3049761
09-07 03:36:27.349  7867 10441 V FA-SVC  : Unscheduling upload
09-07 03:36:27.352  7867 10441 V FA-SVC  : Scheduling upload, millis: 3049761
09-07 03:36:27.354  7867 10441 V FA-SVC  : Background event processing time, ms: 86
09-07 03:36:27.385  2037  2065 I ActivityTaskManager: Displayed ru.iteco.fmhandroid/.ui.AppActivity: +861ms
09-07 03:36:27.403  2182  2182 W View    : requestLayout() improperly called by com.android.keyguard.AlphaOptimizedLinearLayout{551c6d8 V.E...... ......ID 7,0-48,61 #7f0a041c app:id/wifi_group} during second layout pass: posting in next frame
09-07 03:36:27.420  2182  2182 W View    : requestLayout() improperly called by StatusBarIconView(slot=mobile icon=null notification=null) during layout: running second layout pass
09-07 03:36:27.422 10394 10436 W FileTestStorage: Test input args is not supported.
09-07 03:36:27.429 10394 10394 W teco.fmhandroi: Accessing hidden method Landroid/os/MessageQueue;->next()Landroid/os/Message; (greylist, reflection, allowed)
09-07 03:36:27.429 10394 10394 W teco.fmhandroi: Accessing hidden field Landroid/os/MessageQueue;->mMessages:Landroid/os/Message; (greylist, reflection, allowed)
09-07 03:36:27.429 10394 10394 W teco.fmhandroi: Accessing hidden method Landroid/os/Message;->recycleUnchecked()V (greylist, reflection, allowed)
09-07 03:36:27.431 10394 10436 W teco.fmhandroi: Accessing hidden method Lsun/misc/Unsafe;->getUnsafe()Lsun/misc/Unsafe; (greylist,core-platform-api, linking, allowed)
09-07 03:36:27.432 10394 10436 W teco.fmhandroi: Accessing hidden method Lsun/misc/Unsafe;->putObject(Ljava/lang/Object;JLjava/lang/Object;)V (greylist, linking, allowed)
09-07 03:36:27.433 10394 10394 W teco.fmhandroi: Accessing hidden method Landroid/view/WindowManagerGlobal;->getInstance()Landroid/view/WindowManagerGlobal; (greylist, reflection, allowed)
09-07 03:36:27.433 10394 10394 W teco.fmhandroi: Accessing hidden field Landroid/view/WindowManagerGlobal;->mViews:Ljava/util/ArrayList; (greylist, reflection, allowed)
09-07 03:36:27.433 10394 10394 W teco.fmhandroi: Accessing hidden field Landroid/view/WindowManagerGlobal;->mParams:Ljava/util/ArrayList; (greylist, reflection, allowed)
09-07 03:36:27.434 10394 10436 W teco.fmhandroi: Accessing hidden method Lsun/misc/Unsafe;->compareAndSwapObject(Ljava/lang/Object;JLjava/lang/Object;Ljava/lang/Object;)Z (greylist, linking, allowed)
09-07 03:36:27.434 10394 10436 W teco.fmhandroi: Accessing hidden method Lsun/misc/Unsafe;->getObject(Ljava/lang/Object;J)Ljava/lang/Object; (greylist, linking, allowed)
09-07 03:36:27.439 10394 10394 I ViewInteraction: Performing 'wait for a specific view with <(an instance of android.widget.TextView and view.getText() with or without transformation to match: is "Authorization" and view.getParent() view.getParent() view.getId() is <2131231186>)> during 10000 millis.' action on view view.getRootView() to equal view
09-07 03:36:27.445  2182  2182 W View    : requestLayout() improperly called by com.android.keyguard.AlphaOptimizedLinearLayout{551c6d8 V.E...... ......ID 7,0-48,61 #7f0a041c app:id/wifi_group} during second layout pass: posting in next frame
09-07 03:36:27.454  2182  2182 W View    : requestLayout() improperly called by StatusBarIconView(slot=mobile icon=null notification=null) during layout: running second layout pass
09-07 03:36:27.479  2182  2182 W View    : requestLayout() improperly called by com.android.keyguard.AlphaOptimizedLinearLayout{551c6d8 V.E...... ......ID 7,0-48,61 #7f0a041c app:id/wifi_group} during second layout pass: posting in next frame
09-07 03:36:27.491  2182  2182 W View    : requestLayout() improperly called by StatusBarIconView(slot=mobile icon=null notification=null) during layout: running second layout pass
09-07 03:36:27.513  2182  2182 W View    : requestLayout() improperly called by com.android.keyguard.AlphaOptimizedLinearLayout{551c6d8 V.E...... ......ID 7,0-48,61 #7f0a041c app:id/wifi_group} during second layout pass: posting in next frame
09-07 03:36:27.526  2182  2182 W View    : requestLayout() improperly called by StatusBarIconView(slot=mobile icon=null notification=null) during layout: running second layout pass
09-07 03:36:27.550  2182  2182 W View    : requestLayout() improperly called by com.android.keyguard.AlphaOptimizedLinearLayout{551c6d8 V.E...... ......ID 7,0-48,61 #7f0a041c app:id/wifi_group} during second layout pass: posting in next frame
09-07 03:36:27.562  2182  2182 W View    : requestLayout() improperly called by StatusBarIconView(slot=mobile icon=null notification=null) during layout: running second layout pass
09-07 03:36:27.585  2182  2182 W View    : requestLayout() improperly called by com.android.keyguard.AlphaOptimizedLinearLayout{551c6d8 V.E...... ......ID 7,0-48,61 #7f0a041c app:id/wifi_group} during second layout pass: posting in next frame
09-07 03:36:27.597  2182  2182 W View    : requestLayout() improperly called by StatusBarIconView(slot=mobile icon=null notification=null) during layout: running second layout pass
09-07 03:36:27.622  2182  2182 W View    : requestLayout() improperly called by com.android.keyguard.AlphaOptimizedLinearLayout{551c6d8 V.E...... ......ID 7,0-48,61 #7f0a041c app:id/wifi_group} during second layout pass: posting in next frame
09-07 03:36:27.634  2182  2182 W View    : requestLayout() improperly called by StatusBarIconView(slot=mobile icon=null notification=null) during layout: running second layout pass
09-07 03:36:27.729  8425  8588 I FontLog : (REDACTED) Received query %s, URI %s
09-07 03:36:27.729  8425  8588 I FontLog : (REDACTED) Query [%s] resolved to %s
09-07 03:36:27.730  8425  8588 I FontLog : (REDACTED) Fetch %s end status %s
09-07 03:36:27.736  8425  8588 I FontLog : (REDACTED) Pulling font file for id = %d, cache size = %d
09-07 03:36:27.739  8425  8588 I FontLog : (REDACTED) Pulling font file for id = %d, cache size = %d
09-07 03:36:27.890  1792  2272 E GnssHAL_GnssInterface: gnssSvStatusCb: a: input svInfo.flags is 8
09-07 03:36:27.890  1792  2272 E GnssHAL_GnssInterface: gnssSvStatusCb: b: input svInfo.flags is 8
09-07 03:36:28.891  1792  2272 E GnssHAL_GnssInterface: gnssSvStatusCb: a: input svInfo.flags is 8
09-07 03:36:28.891  1792  2272 E GnssHAL_GnssInterface: gnssSvStatusCb: b: input svInfo.flags is 8
09-07 03:36:29.727  2434  2940 E ActivityThread: Failed to find provider info for com.google.android.apps.wellbeing.api
09-07 03:36:29.891  1792  2272 E GnssHAL_GnssInterface: gnssSvStatusCb: a: input svInfo.flags is 8
09-07 03:36:29.891  1792  2272 E GnssHAL_GnssInterface: gnssSvStatusCb: b: input svInfo.flags is 8
09-07 03:36:30.229 10394 10394 W teco.fmhandroi: Accessing hidden method Lsun/misc/Unsafe;->allocateInstance(Ljava/lang/Class;)Ljava/lang/Object; (greylist, reflection, allowed)
09-07 03:36:30.246 10394 10499 I okhttp.OkHttpClient: --> GET http://www.981757-ca08998.tmweb.ru:8080/fmh/authentication/userInfo
09-07 03:36:30.246 10394 10499 I okhttp.OkHttpClient: --> END GET
09-07 03:36:30.254  1774 10500 E ResolverController: No valid NAT64 prefix (101, <unspecified>/0)
09-07 03:36:30.566 10394 10499 I okhttp.OkHttpClient: <-- 200 http://www.981757-ca08998.tmweb.ru:8080/fmh/authentication/userInfo (319ms)
09-07 03:36:30.566 10394 10499 I okhttp.OkHttpClient: Vary: Origin
09-07 03:36:30.566 10394 10499 I okhttp.OkHttpClient: Vary: Access-Control-Request-Method
09-07 03:36:30.566 10394 10499 I okhttp.OkHttpClient: Vary: Access-Control-Request-Headers
09-07 03:36:30.566 10394 10499 I okhttp.OkHttpClient: X-Content-Type-Options: nosniff
09-07 03:36:30.566 10394 10499 I okhttp.OkHttpClient: X-XSS-Protection: 1; mode=block
09-07 03:36:30.566 10394 10499 I okhttp.OkHttpClient: Cache-Control: no-cache, no-store, max-age=0, must-revalidate
09-07 03:36:30.566 10394 10499 I okhttp.OkHttpClient: Pragma: no-cache
09-07 03:36:30.567 10394 10499 I okhttp.OkHttpClient: Expires: 0
09-07 03:36:30.567 10394 10499 I okhttp.OkHttpClient: X-Frame-Options: DENY
09-07 03:36:30.567 10394 10499 I okhttp.OkHttpClient: Content-Type: application/json
09-07 03:36:30.567 10394 10499 I okhttp.OkHttpClient: Transfer-Encoding: chunked
09-07 03:36:30.567 10394 10499 I okhttp.OkHttpClient: Date: Thu, 07 Sep 2023 03:36:31 GMT
09-07 03:36:30.568 10394 10499 I okhttp.OkHttpClient: Keep-Alive: timeout=60
09-07 03:36:30.568 10394 10499 I okhttp.OkHttpClient: Connection: keep-alive
09-07 03:36:30.571 10394 10499 I okhttp.OkHttpClient: {"id":1,"firstName":"Ivan","lastName":"Ivanov","middleName":"Ivanovich","admin":true}
09-07 03:36:30.571 10394 10499 I okhttp.OkHttpClient: <-- END HTTP (85-byte body)
09-07 03:36:30.597 10394 10503 I okhttp.OkHttpClient: --> GET http://www.981757-ca08998.tmweb.ru:8080/fmh/claims
09-07 03:36:30.597 10394 10503 I okhttp.OkHttpClient: --> END GET
09-07 03:36:30.890  1792  2272 E GnssHAL_GnssInterface: gnssSvStatusCb: a: input svInfo.flags is 8
09-07 03:36:30.890  1792  2272 E GnssHAL_GnssInterface: gnssSvStatusCb: b: input svInfo.flags is 8
09-07 03:36:31.168 10394 10394 I Choreographer: Skipped 34 frames!  The application may be doing too much work on its main thread.
09-07 03:36:31.200 10394 10485 D EGL_emulation: eglMakeCurrent: 0xda21b3e0: ver 2 0 (tinfo 0xda20fdb0)
09-07 03:36:31.203  1793  2554 D gralloc_ranchu: gralloc_alloc: Creating ashmem region of size 9850880
09-07 03:36:31.208  2182  2182 W View    : requestLayout() improperly called by com.android.keyguard.AlphaOptimizedLinearLayout{551c6d8 V.E...... ......ID 7,0-48,61 #7f0a041c app:id/wifi_group} during second layout pass: posting in next frame
09-07 03:36:31.219 10394 10485 D EGL_emulation: eglMakeCurrent: 0xda21b3e0: ver 2 0 (tinfo 0xda20fdb0)
09-07 03:36:31.225  2182  2182 W View    : requestLayout() improperly called by StatusBarIconView(slot=mobile icon=null notification=null) during layout: running second layout pass
09-07 03:36:31.398  1793  2554 D gralloc_ranchu: gralloc_alloc: Creating ashmem region of size 9850880
09-07 03:36:31.402 10394 10485 I OpenGLRenderer: Davey! duration=806ms; Flags=1, IntendedVsync=714487758987, Vsync=715054425631, OldestInputEvent=9223372036854775807, NewestInputEvent=0, HandleInputStart=715061375700, AnimationStart=715061412900, PerformTraversalsStart=715061914200, DrawStart=715108533500, SyncQueued=715110444100, SyncStart=715112110700, IssueDrawCommandsStart=715112259100, SwapBuffers=715233486900, FrameCompleted=715295556900, DequeueBufferDuration=3281000, QueueBufferDuration=389000, 
09-07 03:36:31.423  1793  2554 D gralloc_ranchu: gralloc_alloc: Creating ashmem region of size 9850880
09-07 03:36:31.891  1792  2272 E GnssHAL_GnssInterface: gnssSvStatusCb: a: input svInfo.flags is 8
09-07 03:36:31.892  1792  2272 E GnssHAL_GnssInterface: gnssSvStatusCb: b: input svInfo.flags is 8
09-07 03:36:32.282 10394 10437 V FA      : Inactivity, disconnecting from the service
09-07 03:36:32.892  1792  2272 E GnssHAL_GnssInterface: gnssSvStatusCb: a: input svInfo.flags is 8
09-07 03:36:32.892  1792  2272 E GnssHAL_GnssInterface: gnssSvStatusCb: b: input svInfo.flags is 8
09-07 03:36:33.892  1792  2272 E GnssHAL_GnssInterface: gnssSvStatusCb: a: input svInfo.flags is 8
09-07 03:36:33.892  1792  2272 E GnssHAL_GnssInterface: gnssSvStatusCb: b: input svInfo.flags is 8
09-07 03:36:34.891  1792  2272 E GnssHAL_GnssInterface: gnssSvStatusCb: a: input svInfo.flags is 8
09-07 03:36:34.891  1792  2272 E GnssHAL_GnssInterface: gnssSvStatusCb: b: input svInfo.flags is 8
09-07 03:36:35.891  1792  2272 E GnssHAL_GnssInterface: gnssSvStatusCb: a: input svInfo.flags is 8
09-07 03:36:35.891  1792  2272 E GnssHAL_GnssInterface: gnssSvStatusCb: b: input svInfo.flags is 8
09-07 03:36:36.892  1792  2272 E GnssHAL_GnssInterface: gnssSvStatusCb: a: input svInfo.flags is 8
09-07 03:36:36.892  1792  2272 E GnssHAL_GnssInterface: gnssSvStatusCb: b: input svInfo.flags is 8
09-07 03:36:37.286  7867  7867 D BoundBrokerSvc: onUnbind: Intent { act=com.google.android.gms.measurement.START pkg=com.google.android.gms }
09-07 03:36:37.288  2037  2065 E memtrack: Couldn't load memtrack module
09-07 03:36:37.288  2037  2065 W android.os.Debug: failed to get memory consumption info: -1
09-07 03:36:37.486 10394 10394 D takeScreenshot: Found 1 global views to redraw
09-07 03:36:37.539  1793  2554 D gralloc_ranchu: gralloc_alloc: Creating ashmem region of size 9850880
09-07 03:36:37.547  1678  1678 I hwservicemanager: getTransport: Cannot find entry android.hardware.graphics.mapper@3.0::IMapper/default in either framework or device manifest.
09-07 03:36:37.548 10376 10445 W Gralloc3: mapper 3.x is not supported
09-07 03:36:37.553 10376 10445 D HostConnection: createUnique: call
09-07 03:36:37.554 10376 10445 D HostConnection: HostConnection::get() New Host Connection established 0xf7155620, tid 10445
09-07 03:36:37.556 10376 10445 D HostConnection: HostComposition ext ANDROID_EMU_CHECKSUM_HELPER_v1 ANDROID_EMU_dma_v1 ANDROID_EMU_direct_mem ANDROID_EMU_vulkan ANDROID_EMU_deferred_vulkan_commands ANDROID_EMU_vulkan_null_optional_strings ANDROID_EMU_vulkan_create_resources_with_requirements ANDROID_EMU_YUV420_888_to_NV21 ANDROID_EMU_YUV_Cache ANDROID_EMU_vulkan_free_memory_sync ANDROID_EMU_vulkan_shader_float16_int8 ANDROID_EMU_vulkan_async_queue_submit ANDROID_EMU_sync_buffer_data GL_OES_vertex_array_object GL_KHR_texture_compression_astc_ldr ANDROID_EMU_host_side_tracing ANDROID_EMU_gles_max_version_2 
09-07 03:36:37.556 10376 10445 D eglCodecCommon: allocate: Ask for block of size 0x1000
09-07 03:36:37.556 10376 10445 D eglCodecCommon: allocate: ioctl allocate returned offset 0x3ffff6000 size 0x2000
09-07 03:36:37.561  1823  1897 E SurfaceFlinger: ro.sf.lcd_density must be defined as a build property
09-07 03:36:37.562  1823  1897 E SurfaceFlinger: ro.sf.lcd_density must be defined as a build property
09-07 03:36:37.563 10376 10517 D libEGL  : Emulator has host GPU support, qemu.gles is set to 1.
09-07 03:36:37.567 10376 10517 W libc    : Unable to set property "qemu.gles" to "1": error code: 0x18
09-07 03:36:37.568 10376 10517 D libEGL  : loaded /vendor/lib/egl/libEGL_emulation.so
09-07 03:36:37.568 10376 10517 D libEGL  : loaded /vendor/lib/egl/libGLESv1_CM_emulation.so
09-07 03:36:37.569 10376 10517 D libEGL  : loaded /vendor/lib/egl/libGLESv2_emulation.so
09-07 03:36:37.574 10376 10517 D HostConnection: HostConnection::get() New Host Connection established 0xe2097000, tid 10517
09-07 03:36:37.575 10376 10517 D HostConnection: HostComposition ext ANDROID_EMU_CHECKSUM_HELPER_v1 ANDROID_EMU_dma_v1 ANDROID_EMU_direct_mem ANDROID_EMU_vulkan ANDROID_EMU_deferred_vulkan_commands ANDROID_EMU_vulkan_null_optional_strings ANDROID_EMU_vulkan_create_resources_with_requirements ANDROID_EMU_YUV420_888_to_NV21 ANDROID_EMU_YUV_Cache ANDROID_EMU_vulkan_free_memory_sync ANDROID_EMU_vulkan_shader_float16_int8 ANDROID_EMU_vulkan_async_queue_submit ANDROID_EMU_sync_buffer_data GL_OES_vertex_array_object GL_KHR_texture_compression_astc_ldr ANDROID_EMU_host_side_tracing ANDROID_EMU_gles_max_version_2 
09-07 03:36:37.577 10376 10517 W OpenGLRenderer: Failed to choose config with EGL_SWAP_BEHAVIOR_PRESERVED, retrying without...
09-07 03:36:37.583 10376 10517 D eglCodecCommon: setVertexArrayObject: set vao to 0 (0) 0 0
09-07 03:36:37.583 10376 10517 D EGL_emulation: eglCreateContext: 0xe20283c0: maj 2 min 0 rcv 2
09-07 03:36:37.602 10376 10517 D EGL_emulation: eglMakeCurrent: 0xe20283c0: ver 2 0 (tinfo 0xe200f370)
09-07 03:36:37.610 10376 10517 D eglCodecCommon: setVertexArrayObject: set vao to 0 (0) 1 0
09-07 03:36:37.639 10394 10436 W DefaultFailureHandler: Failed to take screenshot
09-07 03:36:37.639 10394 10436 W DefaultFailureHandler: java.io.FileNotFoundException: view-op-error-1.png: open failed: EROFS (Read-only file system)
09-07 03:36:37.639 10394 10436 W DefaultFailureHandler: 	at libcore.io.IoBridge.open(IoBridge.java:496)
09-07 03:36:37.639 10394 10436 W DefaultFailureHandler: 	at java.io.FileOutputStream.<init>(FileOutputStream.java:235)
09-07 03:36:37.639 10394 10436 W DefaultFailureHandler: 	at java.io.FileOutputStream.<init>(FileOutputStream.java:125)
09-07 03:36:37.639 10394 10436 W DefaultFailureHandler: 	at androidx.test.platform.io.FileTestStorage.openOutputFile(FileTestStorage.java:60)
09-07 03:36:37.639 10394 10436 W DefaultFailureHandler: 	at androidx.test.core.graphics.BitmapStorage.writeToTestStorage(BitmapStorageExt.kt:49)
09-07 03:36:37.639 10394 10436 W DefaultFailureHandler: 	at androidx.test.espresso.base.DefaultFailureHandler.takeScreenshot(DefaultFailureHandler.java:4)
09-07 03:36:37.639 10394 10436 W DefaultFailureHandler: 	at androidx.test.espresso.base.DefaultFailureHandler.handle(DefaultFailureHandler.java:3)
09-07 03:36:37.639 10394 10436 W DefaultFailureHandler: 	at androidx.test.espresso.ViewInteraction.waitForAndHandleInteractionResults(ViewInteraction.java:8)
09-07 03:36:37.639 10394 10436 W DefaultFailureHandler: 	at androidx.test.espresso.ViewInteraction.desugaredPerform(ViewInteraction.java:11)
09-07 03:36:37.639 10394 10436 W DefaultFailureHandler: 	at androidx.test.espresso.ViewInteraction.perform(ViewInteraction.java:8)
09-07 03:36:37.639 10394 10436 W DefaultFailureHandler: 	at ru.iteco.fmhandroid.ui.data.TestUtils.waitView(TestUtils.java:61)
09-07 03:36:37.639 10394 10436 W DefaultFailureHandler: 	at ru.iteco.fmhandroid.ui.steps.AuthSteps.isAuthScreen(AuthSteps.java:58)
09-07 03:36:37.639 10394 10436 W DefaultFailureHandler: 	at ru.iteco.fmhandroid.ui.ControlPanelTest.logoutCheckAndOpenControlPanelPage(ControlPanelTest.java:58)
09-07 03:36:37.639 10394 10436 W DefaultFailureHandler: 	at java.lang.reflect.Method.invoke(Native Method)
09-07 03:36:37.639 10394 10436 W DefaultFailureHandler: 	at org.junit.runners.model.FrameworkMethod$1.runReflectiveCall(FrameworkMethod.java:59)
09-07 03:36:37.639 10394 10436 W DefaultFailureHandler: 	at org.junit.internal.runners.model.ReflectiveCallable.run(ReflectiveCallable.java:12)
09-07 03:36:37.639 10394 10436 W DefaultFailureHandler: 	at org.junit.runners.model.FrameworkMethod.invokeExplosively(FrameworkMethod.java:56)
09-07 03:36:37.639 10394 10436 W DefaultFailureHandler: 	at androidx.test.internal.runner.junit4.statement.RunBefores.evaluate(RunBefores.java:76)
09-07 03:36:37.639 10394 10436 W DefaultFailureHandler: 	at io.qameta.allure.android.rules.ScreenshotRule$apply$1.evaluate(ScreenshotRule.kt:22)
09-07 03:36:37.639 10394 10436 W DefaultFailureHandler: 	at org.junit.rules.ExternalResource$1.evaluate(ExternalResource.java:54)
09-07 03:36:37.639 10394 10436 W DefaultFailureHandler: 	at io.qameta.allure.android.rules.LogcatRule$apply$1.evaluate(LogcatRule.kt:23)
09-07 03:36:37.639 10394 10436 W DefaultFailureHandler: 	at org.junit.rules.RunRules.evaluate(RunRules.java:20)
09-07 03:36:37.639 10394 10436 W DefaultFailureHandler: 	at org.junit.runners.ParentRunner$3.evaluate(ParentRunner.java:306)
09-07 03:36:37.639 10394 10436 W DefaultFailureHandler: 	at org.junit.runners.BlockJUnit4ClassRunner$1.evaluate(BlockJUnit4ClassRunner.java:100)
09-07 03:36:37.639 10394 10436 W DefaultFailureHandler: 	at org.junit.runners.ParentRunner.runLeaf(ParentRunner.java:366)
09-07 03:36:37.639 10394 10436 W DefaultFailureHandler: 	at org.junit.runners.BlockJUnit4ClassRunner.runChild(BlockJUnit4ClassRunner.java:103)
09-07 03:36:37.639 10394 10436 W DefaultFailureHandler: 	at org.junit.runners.BlockJUnit4ClassRunner.runChild(BlockJUnit4ClassRunner.java:63)
09-07 03:36:37.639 10394 10436 W DefaultFailureHandler: 	at org.junit.runners.ParentRunner$4.run(ParentRunner.java:331)
09-07 03:36:37.639 10394 10436 W DefaultFailureHandler: 	at org.junit.runners.ParentRunner$1.schedule(ParentRunner.java:79)
09-07 03:36:37.639 10394 10436 W DefaultFailureHandler: 	at org.junit.runners.ParentRunner.runChildren(ParentRunner.java:329)
09-07 03:36:37.639 10394 10436 W DefaultFailureHandler: 	at org.junit.runners.ParentRunner.access$100(ParentRunner.java:66)
09-07 03:36:37.639 10394 10436 W DefaultFailureHandler: 	at org.junit.runners.ParentRunner$2.evaluate(ParentRunner.java:293)
09-07 03:36:37.639 10394 10436 W DefaultFailureHandler: 	at org.junit.runners.ParentRunner$3.evaluate(ParentRunner.java:306)
09-07 03:36:37.639 10394 10436 W DefaultFailureHandler: 	at org.junit.runners.ParentRunner.run(ParentRunner.java:413)
09-07 03:36:37.639 10394 10436 W DefaultFailureHandler: 	at androidx.test.ext.junit.runners.AndroidJUnit4.run(AndroidJUnit4.java:162)
09-07 03:36:37.639 10394 10436 W DefaultFailureHandler: 	at io.qameta.allure.android.runners.AllureAndroidJUnit4.run(AllureAndroidJUnitRunners.kt:29)
09-07 03:36:37.639 10394 10436 W DefaultFailureHandler: 	at org.junit.runners.Suite.runChild(Suite.java:128)
09-07 03:36:37.639 10394 10436 W DefaultFailureHandler: 	at org.junit.runners.Suite.runChild(Suite.java:27)
09-07 03:36:37.639 10394 10436 W DefaultFailureHandler: 	at org.junit.runners.ParentRunner$4.run(ParentRunner.java:331)
09-07 03:36:37.639 10394 10436 W DefaultFailureHandler: 	at org.junit.runners.ParentRunner$1.schedule(ParentRunner.java:79)
09-07 03:36:37.639 10394 10436 W DefaultFailureHandler: 	at org.junit.runners.ParentRunner.runChildren(ParentRunner.java:329)
09-07 03:36:37.639 10394 10436 W DefaultFailureHandler: 	at org.junit.runners.ParentRunner.access$100(ParentRunner.java:66)
09-07 03:36:37.639 10394 10436 W DefaultFailureHandler: 	at org.junit.runners.ParentRunner$2.evaluate(ParentRunner.java:293)
09-07 03:36:37.639 10394 10436 W DefaultFailureHandler: 	at org.junit.runners.ParentRunner$3.evaluate(ParentRunner.java:306)
09-07 03:36:37.639 10394 10436 W DefaultFailureHandler: 	at org.junit.runners.ParentRunner.run(ParentRunner.java:413)
09-07 03:36:37.639 10394 10436 W DefaultFailureHandler: 	at org.junit.runner.JUnitCore.run(JUnitCore.java:137)
09-07 03:36:37.639 10394 10436 W DefaultFailureHandler: 	at org.junit.runner.JUnitCore.run(JUnitCore.java:115)
09-07 03:36:37.639 10394 10436 W DefaultFailureHandler: 	at androidx.test.internal.runner.TestExecutor.execute(TestExecutor.java:67)
09-07 03:36:37.639 10394 10436 W DefaultFailureHandler: 	at androidx.test.internal.runner.TestExecutor.execute(TestExecutor.java:58)
09-07 03:36:37.639 10394 10436 W DefaultFailureHandler: 	at androidx.test.runner.AndroidJUnitRunner.onStart(AndroidJUnitRunner.java:438)
09-07 03:36:37.639 10394 10436 W DefaultFailureHandler: 	at android.app.Instrumentation$InstrumentationThread.run(Instrumentation.java:2189)
09-07 03:36:37.639 10394 10436 W DefaultFailureHandler: Caused by: android.system.ErrnoException: open failed: EROFS (Read-only file system)
09-07 03:36:37.640 10394 10436 W DefaultFailureHandler: 	at libcore.io.Linux.open(Native Method)
09-07 03:36:37.640 10394 10436 W DefaultFailureHandler: 	at libcore.io.ForwardingOs.open(ForwardingOs.java:167)
09-07 03:36:37.640 10394 10436 W DefaultFailureHandler: 	at libcore.io.BlockGuardOs.open(BlockGuardOs.java:252)
09-07 03:36:37.640 10394 10436 W DefaultFailureHandler: 	at libcore.io.ForwardingOs.open(ForwardingOs.java:167)
09-07 03:36:37.640 10394 10436 W DefaultFailureHandler: 	at android.app.ActivityThread$AndroidOs.open(ActivityThread.java:7255)
09-07 03:36:37.640 10394 10436 W DefaultFailureHandler: 	at libcore.io.IoBridge.open(IoBridge.java:482)
09-07 03:36:37.640 10394 10436 W DefaultFailureHandler: 	... 50 more
09-07 03:36:37.643 10394 10436 W teco.fmhandroi: Accessing hidden method Lsun/misc/Unsafe;->compareAndSwapObject(Ljava/lang/Object;JLjava/lang/Object;Ljava/lang/Object;)Z (greylist, linking, allowed)
09-07 03:36:37.645 10394 10394 I ViewInteraction: Performing 'wait for a specific view with <view.getId() is <2131230870>> during 10000 millis.' action on view view.getRootView() to equal view
09-07 03:36:37.647 10394 10436 W teco.fmhandroi: Accessing hidden method Lsun/misc/Unsafe;->compareAndSwapObject(Ljava/lang/Object;JLjava/lang/Object;Ljava/lang/Object;)Z (greylist, linking, allowed)
09-07 03:36:37.649 10394 10518 W teco.fmhandroi: Accessing hidden method Lsun/misc/Unsafe;->compareAndSwapObject(Ljava/lang/Object;JLjava/lang/Object;Ljava/lang/Object;)Z (greylist, linking, allowed)
09-07 03:36:37.653 10394 10394 I ViewInteraction: Checking 'MatchesViewAssertion{viewMatcher=(view has effective visibility <VISIBLE> and view.getGlobalVisibleRect() to return non-empty rectangle)}' assertion on view view.getId() is <2131230870/ru.iteco.fmhandroid:id/authorization_image_button>
09-07 03:36:37.658 10394 10436 W teco.fmhandroi: Accessing hidden method Landroid/view/ViewConfiguration;->getDoubleTapMinTime()I (greylist, reflection, allowed)
09-07 03:36:37.662 10394 10436 W teco.fmhandroi: Accessing hidden method Lsun/misc/Unsafe;->compareAndSwapObject(Ljava/lang/Object;JLjava/lang/Object;Ljava/lang/Object;)Z (greylist, linking, allowed)
09-07 03:36:37.664 10394 10518 W teco.fmhandroi: Accessing hidden method Lsun/misc/Unsafe;->compareAndSwapObject(Ljava/lang/Object;JLjava/lang/Object;Ljava/lang/Object;)Z (greylist, linking, allowed)
09-07 03:36:37.665 10394 10394 I ViewInteraction: Performing 'single click' action on view view.getId() is <2131230870/ru.iteco.fmhandroid:id/authorization_image_button>
09-07 03:36:37.718  1781  6116 W audio_hw_generic: Not supplying enough data to HAL, expected position 6773303 , only wrote 6773267
09-07 03:36:37.758  1793  2554 D gralloc_ranchu: gralloc_alloc: Creating ashmem region of size 884736
09-07 03:36:37.765  1793  2554 I chatty  : uid=1000(system) HwBinder:1793_2 identical 1 line
09-07 03:36:37.767  1793  2554 D gralloc_ranchu: gralloc_alloc: Creating ashmem region of size 884736
09-07 03:36:37.773 10394 10485 D EGL_emulation: eglMakeCurrent: 0xda21b3e0: ver 2 0 (tinfo 0xda20fdb0)
09-07 03:36:37.806 10394 10485 I chatty  : uid=10136(ru.iteco.fmhandroid) RenderThread identical 2 lines
09-07 03:36:37.825 10394 10485 D EGL_emulation: eglMakeCurrent: 0xda21b3e0: ver 2 0 (tinfo 0xda20fdb0)
09-07 03:36:37.891  1792  2272 E GnssHAL_GnssInterface: gnssSvStatusCb: a: input svInfo.flags is 8
09-07 03:36:37.891  1792  2272 E GnssHAL_GnssInterface: gnssSvStatusCb: b: input svInfo.flags is 8
09-07 03:36:38.043 10394 10436 W teco.fmhandroi: Accessing hidden method Lsun/misc/Unsafe;->compareAndSwapObject(Ljava/lang/Object;JLjava/lang/Object;Ljava/lang/Object;)Z (greylist, linking, allowed)
09-07 03:36:38.045 10394 10394 I ViewInteraction: Performing 'wait for a specific view with <an instance of android.widget.TextView and view.getText() with or without transformation to match: is "Log out"> during 10000 millis.' action on view view.getRootView() to equal view
09-07 03:36:38.047 10394 10394 I ViewInteraction: Checking 'MatchesViewAssertion{viewMatcher=(view has effective visibility <VISIBLE> and view.getGlobalVisibleRect() to return non-empty rectangle)}' assertion on view an instance of android.widget.TextView and view.getText() with or without transformation to match: is "Log out"
09-07 03:36:38.049 10394 10394 I ViewInteraction: Performing 'single click' action on view an instance of android.widget.TextView and view.getText() with or without transformation to match: is "Log out"
09-07 03:36:38.100 10394 10485 D EGL_emulation: eglMakeCurrent: 0xda21b3e0: ver 2 0 (tinfo 0xda20fdb0)
09-07 03:36:38.272 10394 10485 I chatty  : uid=10136(ru.iteco.fmhandroid) RenderThread identical 1 line
09-07 03:36:38.321 10394 10485 D EGL_emulation: eglMakeCurrent: 0xda21b3e0: ver 2 0 (tinfo 0xda20fdb0)
09-07 03:36:38.408 10394 10394 I ViewInteraction: Performing 'wait for a specific view with <view.getId() is <2131231123>> during 10000 millis.' action on view view.getRootView() to equal view
09-07 03:36:38.410 10394 10436 W teco.fmhandroi: Accessing hidden method Lsun/misc/Unsafe;->compareAndSwapObject(Ljava/lang/Object;JLjava/lang/Object;Ljava/lang/Object;)Z (greylist, linking, allowed)
09-07 03:36:38.413 10394 10394 I ViewInteraction: Performing 'single click' action on view view.getId() is <2131231123/ru.iteco.fmhandroid:id/main_menu_image_button>
09-07 03:36:38.415 10394 10394 D takeScreenshot: Found 1 global views to redraw
09-07 03:36:38.455  1793  2554 D gralloc_ranchu: gralloc_alloc: Creating ashmem region of size 9850880
09-07 03:36:38.497 10394 10436 W DefaultFailureHandler: Failed to take screenshot
09-07 03:36:38.497 10394 10436 W DefaultFailureHandler: java.io.FileNotFoundException: view-op-error-2.png: open failed: EROFS (Read-only file system)
09-07 03:36:38.497 10394 10436 W DefaultFailureHandler: 	at libcore.io.IoBridge.open(IoBridge.java:496)
09-07 03:36:38.497 10394 10436 W DefaultFailureHandler: 	at java.io.FileOutputStream.<init>(FileOutputStream.java:235)
09-07 03:36:38.497 10394 10436 W DefaultFailureHandler: 	at java.io.FileOutputStream.<init>(FileOutputStream.java:125)
09-07 03:36:38.497 10394 10436 W DefaultFailureHandler: 	at androidx.test.platform.io.FileTestStorage.openOutputFile(FileTestStorage.java:60)
09-07 03:36:38.497 10394 10436 W DefaultFailureHandler: 	at androidx.test.core.graphics.BitmapStorage.writeToTestStorage(BitmapStorageExt.kt:49)
09-07 03:36:38.497 10394 10436 W DefaultFailureHandler: 	at androidx.test.espresso.base.DefaultFailureHandler.takeScreenshot(DefaultFailureHandler.java:4)
09-07 03:36:38.497 10394 10436 W DefaultFailureHandler: 	at androidx.test.espresso.base.DefaultFailureHandler.handle(DefaultFailureHandler.java:3)
09-07 03:36:38.497 10394 10436 W DefaultFailureHandler: 	at androidx.test.espresso.ViewInteraction.waitForAndHandleInteractionResults(ViewInteraction.java:8)
09-07 03:36:38.497 10394 10436 W DefaultFailureHandler: 	at androidx.test.espresso.ViewInteraction.desugaredPerform(ViewInteraction.java:11)
09-07 03:36:38.497 10394 10436 W DefaultFailureHandler: 	at androidx.test.espresso.ViewInteraction.perform(ViewInteraction.java:8)
09-07 03:36:38.497 10394 10436 W DefaultFailureHandler: 	at ru.iteco.fmhandroid.ui.steps.MainPageSteps.openNewsPageThroughTheMainMenu(MainPageSteps.java:62)
09-07 03:36:38.497 10394 10436 W DefaultFailureHandler: 	at ru.iteco.fmhandroid.ui.ControlPanelTest.logoutCheckAndOpenControlPanelPage(ControlPanelTest.java:64)
09-07 03:36:38.497 10394 10436 W DefaultFailureHandler: 	at java.lang.reflect.Method.invoke(Native Method)
09-07 03:36:38.497 10394 10436 W DefaultFailureHandler: 	at org.junit.runners.model.FrameworkMethod$1.runReflectiveCall(FrameworkMethod.java:59)
09-07 03:36:38.497 10394 10436 W DefaultFailureHandler: 	at org.junit.internal.runners.model.ReflectiveCallable.run(ReflectiveCallable.java:12)
09-07 03:36:38.497 10394 10436 W DefaultFailureHandler: 	at org.junit.runners.model.FrameworkMethod.invokeExplosively(FrameworkMethod.java:56)
09-07 03:36:38.497 10394 10436 W DefaultFailureHandler: 	at androidx.test.internal.runner.junit4.statement.RunBefores.evaluate(RunBefores.java:76)
09-07 03:36:38.497 10394 10436 W DefaultFailureHandler: 	at io.qameta.allure.android.rules.ScreenshotRule$apply$1.evaluate(ScreenshotRule.kt:22)
09-07 03:36:38.497 10394 10436 W DefaultFailureHandler: 	at org.junit.rules.ExternalResource$1.evaluate(ExternalResource.java:54)
09-07 03:36:38.497 10394 10436 W DefaultFailureHandler: 	at io.qameta.allure.android.rules.LogcatRule$apply$1.evaluate(LogcatRule.kt:23)
09-07 03:36:38.497 10394 10436 W DefaultFailureHandler: 	at org.junit.rules.RunRules.evaluate(RunRules.java:20)
09-07 03:36:38.497 10394 10436 W DefaultFailureHandler: 	at org.junit.runners.ParentRunner$3.evaluate(ParentRunner.java:306)
09-07 03:36:38.497 10394 10436 W DefaultFailureHandler: 	at org.junit.runners.BlockJUnit4ClassRunner$1.evaluate(BlockJUnit4ClassRunner.java:100)
09-07 03:36:38.497 10394 10436 W DefaultFailureHandler: 	at org.junit.runners.ParentRunner.runLeaf(ParentRunner.java:366)
09-07 03:36:38.497 10394 10436 W DefaultFailureHandler: 	at org.junit.runners.BlockJUnit4ClassRunner.runChild(BlockJUnit4ClassRunner.java:103)
09-07 03:36:38.497 10394 10436 W DefaultFailureHandler: 	at org.junit.runners.BlockJUnit4ClassRunner.runChild(BlockJUnit4ClassRunner.java:63)
09-07 03:36:38.497 10394 10436 W DefaultFailureHandler: 	at org.junit.runners.ParentRunner$4.run(ParentRunner.java:331)
09-07 03:36:38.497 10394 10436 W DefaultFailureHandler: 	at org.junit.runners.ParentRunner$1.schedule(ParentRunner.java:79)
09-07 03:36:38.497 10394 10436 W DefaultFailureHandler: 	at org.junit.runners.ParentRunner.runChildren(ParentRunner.java:329)
09-07 03:36:38.497 10394 10436 W DefaultFailureHandler: 	at org.junit.runners.ParentRunner.access$100(ParentRunner.java:66)
09-07 03:36:38.497 10394 10436 W DefaultFailureHandler: 	at org.junit.runners.ParentRunner$2.evaluate(ParentRunner.java:293)
09-07 03:36:38.497 10394 10436 W DefaultFailureHandler: 	at org.junit.runners.ParentRunner$3.evaluate(ParentRunner.java:306)
09-07 03:36:38.497 10394 10436 W DefaultFailureHandler: 	at org.junit.runners.ParentRunner.run(ParentRunner.java:413)
09-07 03:36:38.497 10394 10436 W DefaultFailureHandler: 	at androidx.test.ext.junit.runners.AndroidJUnit4.run(AndroidJUnit4.java:162)
09-07 03:36:38.497 10394 10436 W DefaultFailureHandler: 	at io.qameta.allure.android.runners.AllureAndroidJUnit4.run(AllureAndroidJUnitRunners.kt:29)
09-07 03:36:38.497 10394 10436 W DefaultFailureHandler: 	at org.junit.runners.Suite.runChild(Suite.java:128)
09-07 03:36:38.497 10394 10436 W DefaultFailureHandler: 	at org.junit.runners.Suite.runChild(Suite.java:27)
09-07 03:36:38.497 10394 10436 W DefaultFailureHandler: 	at org.junit.runners.ParentRunner$4.run(ParentRunner.java:331)
09-07 03:36:38.497 10394 10436 W DefaultFailureHandler: 	at org.junit.runners.ParentRunner$1.schedule(ParentRunner.java:79)
09-07 03:36:38.497 10394 10436 W DefaultFailureHandler: 	at org.junit.runners.ParentRunner.runChildren(ParentRunner.java:329)
09-07 03:36:38.497 10394 10436 W DefaultFailureHandler: 	at org.junit.runners.ParentRunner.access$100(ParentRunner.java:66)
09-07 03:36:38.497 10394 10436 W DefaultFailureHandler: 	at org.junit.runners.ParentRunner$2.evaluate(ParentRunner.java:293)
09-07 03:36:38.497 10394 10436 W DefaultFailureHandler: 	at org.junit.runners.ParentRunner$3.evaluate(ParentRunner.java:306)
09-07 03:36:38.497 10394 10436 W DefaultFailureHandler: 	at org.junit.runners.ParentRunner.run(ParentRunner.java:413)
09-07 03:36:38.497 10394 10436 W DefaultFailureHandler: 	at org.junit.runner.JUnitCore.run(JUnitCore.java:137)
09-07 03:36:38.497 10394 10436 W DefaultFailureHandler: 	at org.junit.runner.JUnitCore.run(JUnitCore.java:115)
09-07 03:36:38.497 10394 10436 W DefaultFailureHandler: 	at androidx.test.internal.runner.TestExecutor.execute(TestExecutor.java:67)
09-07 03:36:38.497 10394 10436 W DefaultFailureHandler: 	at androidx.test.internal.runner.TestExecutor.execute(TestExecutor.java:58)
09-07 03:36:38.497 10394 10436 W DefaultFailureHandler: 	at androidx.test.runner.AndroidJUnitRunner.onStart(AndroidJUnitRunner.java:438)
09-07 03:36:38.497 10394 10436 W DefaultFailureHandler: 	at android.app.Instrumentation$InstrumentationThread.run(Instrumentation.java:2189)
09-07 03:36:38.497 10394 10436 W DefaultFailureHandler: Caused by: android.system.ErrnoException: open failed: EROFS (Read-only file system)
09-07 03:36:38.497 10394 10436 W DefaultFailureHandler: 	at libcore.io.Linux.open(Native Method)
09-07 03:36:38.497 10394 10436 W DefaultFailureHandler: 	at libcore.io.ForwardingOs.open(ForwardingOs.java:167)
09-07 03:36:38.497 10394 10436 W DefaultFailureHandler: 	at libcore.io.BlockGuardOs.open(BlockGuardOs.java:252)
09-07 03:36:38.497 10394 10436 W DefaultFailureHandler: 	at libcore.io.ForwardingOs.open(ForwardingOs.java:167)
09-07 03:36:38.497 10394 10436 W DefaultFailureHandler: 	at android.app.ActivityThread$AndroidOs.open(ActivityThread.java:7255)
09-07 03:36:38.497 10394 10436 W DefaultFailureHandler: 	at libcore.io.IoBridge.open(IoBridge.java:482)
09-07 03:36:38.497 10394 10436 W DefaultFailureHandler: 	... 49 more
09-07 03:36:38.506  1793  2554 D gralloc_ranchu: gralloc_alloc: Creating ashmem region of size 9850880
09-07 03:36:38.762  2037  5216 I ActivityTaskManager: START u0 {act=android.intent.action.MAIN cat=[android.intent.category.LAUNCHER] flg=0x10000000 cmp=ru.iteco.fmhandroid.test/androidx.test.core.app.InstrumentationActivityInvoker$EmptyActivity} from uid 10136
