--------- beginning of main
09-07 04:38:59.240  1792  2272 E GnssHAL_GnssInterface: gnssSvStatusCb: a: input svInfo.flags is 8
09-07 04:38:59.241  1792  2272 E GnssHAL_GnssInterface: gnssSvStatusCb: b: input svInfo.flags is 8
09-07 04:39:00.015  2182  2182 W View    : requestLayout() improperly called by com.android.keyguard.AlphaOptimizedLinearLayout{551c6d8 V.E...... ......ID 7,0-48,61 #7f0a041c app:id/wifi_group} during second layout pass: posting in next frame
09-07 04:39:00.034  2182  2182 W View    : requestLayout() improperly called by StatusBarIconView(slot=mobile icon=null notification=null) during layout: running second layout pass
09-07 04:39:00.241  1792  2272 E GnssHAL_GnssInterface: gnssSvStatusCb: a: input svInfo.flags is 8
09-07 04:39:00.241  1792  2272 E GnssHAL_GnssInterface: gnssSvStatusCb: b: input svInfo.flags is 8
--------- beginning of system
09-07 04:39:00.452  2037  6424 I ActivityManager: Force stopping ru.iteco.fmhandroid appid=10136 user=0: from pid 28011
09-07 04:39:00.458  2279  2279 D CarrierSvcBindHelper: No carrier app for: 0
09-07 04:39:00.478  9734  9734 I studio.deploy: Received request 'dump'
09-07 04:39:00.537  2037  6424 I ActivityManager: Force stopping ru.iteco.fmhandroid appid=10136 user=0: from pid 28030
09-07 04:39:00.547  2279  2279 D CarrierSvcBindHelper: No carrier app for: 0
09-07 04:39:00.558  9734  9734 I studio.deploy: Received request 'dump'
09-07 04:39:00.664  2037  6424 I ActivityManager: Force stopping ru.iteco.fmhandroid.test appid=10135 user=0: from pid 28053
09-07 04:39:00.672  2279  2279 D CarrierSvcBindHelper: No carrier app for: 0
09-07 04:39:00.756 28060 28060 D AndroidRuntime: >>>>>> START com.android.internal.os.RuntimeInit uid 2000 <<<<<<
09-07 04:39:00.755 28060 28060 W app_process: type=1400 audit(0.0:299): avc: denied { read } for name="u:object_r:device_config_runtime_native_boot_prop:s0" dev="tmpfs" ino=6894 scontext=u:r:shell:s0 tcontext=u:object_r:device_config_runtime_native_boot_prop:s0 tclass=file permissive=0
09-07 04:39:00.755 28060 28060 W app_process: type=1400 audit(0.0:300): avc: denied { read } for name="u:object_r:device_config_runtime_native_boot_prop:s0" dev="tmpfs" ino=6894 scontext=u:r:shell:s0 tcontext=u:object_r:device_config_runtime_native_boot_prop:s0 tclass=file permissive=0
09-07 04:39:00.755 28060 28060 W app_process: type=1400 audit(0.0:301): avc: denied { read } for name="u:object_r:device_config_runtime_native_boot_prop:s0" dev="tmpfs" ino=6894 scontext=u:r:shell:s0 tcontext=u:object_r:device_config_runtime_native_boot_prop:s0 tclass=file permissive=0
09-07 04:39:00.758 28060 28060 E libc    : Access denied finding property "persist.device_config.runtime_native_boot.enable_apex_image"
09-07 04:39:00.758 28060 28060 I AndroidRuntime: Using default boot image
09-07 04:39:00.758 28060 28060 E libc    : Access denied finding property "persist.device_config.runtime_native_boot.disable_lock_profiling"
09-07 04:39:00.758 28060 28060 I AndroidRuntime: Leaving lock profiling enabled
09-07 04:39:00.759 28060 28060 E libc    : Access denied finding property "persist.device_config.runtime_native_boot.enable_generational_cc"
09-07 04:39:00.760 28060 28060 W app_process: Could not reserve sentinel fault page
09-07 04:39:00.794 28060 28060 D ICU     : Time zone APEX file found: /apex/com.android.tzdata/etc/icu/icu_tzdata.dat
09-07 04:39:00.796 28060 28060 W app_process: Unexpected CPU variant for X86 using defaults: x86
09-07 04:39:00.801 28060 28060 I app_process: The ClassLoaderContext is a special shared library.
09-07 04:39:00.811 28060 28060 W app_process: JNI RegisterNativeMethods: attempt to register 0 native methods for android.media.AudioAttributes
09-07 04:39:00.813 28060 28060 D AndroidRuntime: Calling main entry com.android.commands.am.Am
09-07 04:39:00.816  2037  2674 I ActivityManager: Force stopping ru.iteco.fmhandroid appid=10136 user=0: start instr
09-07 04:39:00.820  1775  1775 D Zygote  : Forked child process 28075
09-07 04:39:00.823 28075 28075 I teco.fmhandroi: Late-enabling -Xcheck:jni
09-07 04:39:00.828  2037  2067 I ActivityManager: Start proc 28075:ru.iteco.fmhandroid/u0a136 for added application ru.iteco.fmhandroid
09-07 04:39:00.831 28075 28075 E teco.fmhandroi: Unknown bits set in runtime_flags: 0x8000
09-07 04:39:00.831 28075 28075 W teco.fmhandroi: Unexpected CPU variant for X86 using defaults: x86
09-07 04:39:00.866 28075 28075 I teco.fmhandroi: The ClassLoaderContext is a special shared library.
09-07 04:39:01.187 28075 28075 I chatty  : uid=10136(ru.iteco.fmhandroid) identical 2 lines
09-07 04:39:01.188 28075 28075 I teco.fmhandroi: The ClassLoaderContext is a special shared library.
09-07 04:39:01.241  1792  2272 E GnssHAL_GnssInterface: gnssSvStatusCb: a: input svInfo.flags is 8
09-07 04:39:01.241  1792  2272 E GnssHAL_GnssInterface: gnssSvStatusCb: b: input svInfo.flags is 8
09-07 04:39:01.493 28075 28075 W teco.fmhandroi: Accessing hidden method Landroid/app/Instrumentation;->execStartActivity(Landroid/content/Context;Landroid/os/IBinder;Landroid/os/IBinder;Landroid/app/Activity;Landroid/content/Intent;ILandroid/os/Bundle;)Landroid/app/Instrumentation$ActivityResult; (greylist, linking, allowed)
09-07 04:39:01.493 28075 28075 W teco.fmhandroi: Accessing hidden method Landroid/app/Instrumentation;->execStartActivity(Landroid/content/Context;Landroid/os/IBinder;Landroid/os/IBinder;Ljava/lang/String;Landroid/content/Intent;ILandroid/os/Bundle;)Landroid/app/Instrumentation$ActivityResult; (greylist, linking, allowed)
09-07 04:39:01.499 28075 28075 I MonitoringInstr: newApplication called!
09-07 04:39:01.522 28075 28075 I FirebaseApp: Device unlocked: initializing all Firebase APIs for app [DEFAULT]
09-07 04:39:01.531 28075 28075 I FirebaseCrashlytics: Initializing Firebase Crashlytics 18.2.6 for ru.iteco.fmhandroid
09-07 04:39:01.565 28075 28110 I DynamiteModule: Considering local module com.google.android.gms.measurement.dynamite:55 and remote module com.google.android.gms.measurement.dynamite:93
09-07 04:39:01.565 28075 28110 I DynamiteModule: Selected remote version of com.google.android.gms.measurement.dynamite, version >= 93
09-07 04:39:01.566 28075 28110 V DynamiteModule: Dynamite loader version >= 2, using loadModule2NoCrashUtils
09-07 04:39:01.585 28075 28110 W System  : ClassLoader referenced unknown path: 
09-07 04:39:01.620 28075 28075 I FirebaseInitProvider: FirebaseApp initialization successful
09-07 04:39:01.637 28075 28075 I MonitoringInstr: Instrumentation started!
09-07 04:39:01.644 28075 28075 D ClassesArgTokenizer: input: ru.iteco.fmhandroid.ui.MainPageTest#shouldOpenNewsItemDescription
09-07 04:39:01.644 28075 28075 D ClassesArgTokenizer: result: [ru.iteco.fmhandroid.ui.MainPageTest#shouldOpenNewsItemDescription]
09-07 04:39:01.644 28075 28075 D ClassesArgTokenizer: input: null
09-07 04:39:01.644 28075 28075 D ClassesArgTokenizer: result: []
09-07 04:39:01.648 28075 28075 V TestEventClient: No service name argument was given (testDiscoveryService, testRunEventService or orchestratorService)
09-07 04:39:01.655 28075 28110 W teco.fmhandroi: Accessing hidden method Lsun/misc/Unsafe;->arrayBaseOffset(Ljava/lang/Class;)I (greylist,core-platform-api, linking, allowed)
09-07 04:39:01.655 28075 28110 W teco.fmhandroi: Accessing hidden method Lsun/misc/Unsafe;->arrayIndexScale(Ljava/lang/Class;)I (greylist, linking, allowed)
09-07 04:39:01.655 28075 28110 W teco.fmhandroi: Accessing hidden method Lsun/misc/Unsafe;->compareAndSwapInt(Ljava/lang/Object;JII)Z (greylist, linking, allowed)
09-07 04:39:01.655 28075 28110 W teco.fmhandroi: Accessing hidden method Lsun/misc/Unsafe;->compareAndSwapLong(Ljava/lang/Object;JJJ)Z (greylist, linking, allowed)
09-07 04:39:01.655 28075 28110 W teco.fmhandroi: Accessing hidden method Lsun/misc/Unsafe;->getIntVolatile(Ljava/lang/Object;J)I (greylist, linking, allowed)
09-07 04:39:01.656 28075 28110 W teco.fmhandroi: Accessing hidden method Lsun/misc/Unsafe;->getObjectVolatile(Ljava/lang/Object;J)Ljava/lang/Object; (greylist, linking, allowed)
09-07 04:39:01.656 28075 28110 W teco.fmhandroi: Accessing hidden method Lsun/misc/Unsafe;->objectFieldOffset(Ljava/lang/reflect/Field;)J (greylist,core-platform-api, linking, allowed)
09-07 04:39:01.656 28075 28110 W teco.fmhandroi: Accessing hidden method Lsun/misc/Unsafe;->putObjectVolatile(Ljava/lang/Object;JLjava/lang/Object;)V (greylist, linking, allowed)
09-07 04:39:01.657 28075 28110 W teco.fmhandroi: Accessing hidden field Lsun/misc/Unsafe;->theUnsafe:Lsun/misc/Unsafe; (greylist, reflection, allowed)
09-07 04:39:01.660 28075 28118 D AndroidJUnitRunner: onStart is called.
09-07 04:39:01.668 28075 28075 I MonitoringInstr: No JSBridge.
09-07 04:39:01.685 28075 28118 D TestRequestBuilder: Skipping class path scanning and directly running [ru.iteco.fmhandroid.ui.MainPageTest]
09-07 04:39:01.692 28075 28118 D ClassesArgTokenizer: input: ru.iteco.fmhandroid.ui.MainPageTest#shouldOpenNewsItemDescription
09-07 04:39:01.692 28075 28118 D ClassesArgTokenizer: result: [ru.iteco.fmhandroid.ui.MainPageTest#shouldOpenNewsItemDescription]
09-07 04:39:01.692 28075 28118 D ClassesArgTokenizer: input: null
09-07 04:39:01.692 28075 28118 D ClassesArgTokenizer: result: []
09-07 04:39:01.706 28075 28118 D AndroidJUnitRunner: Use the raw file system for managing file I/O.
09-07 04:39:01.710 28075 28118 D TestExecutor: Adding listener androidx.test.internal.runner.listener.LogRunListener
09-07 04:39:01.711 28075 28118 D TestExecutor: Adding listener androidx.test.internal.runner.listener.InstrumentationResultPrinter
09-07 04:39:01.711 28075 28118 D TestExecutor: Adding listener androidx.test.internal.runner.listener.ActivityFinisherRunListener
09-07 04:39:01.711 28075 28118 D TestExecutor: Adding listener androidx.test.internal.runner.listener.TraceRunListener
09-07 04:39:01.714 28075 28118 I TestRunner: run started: 1 tests
09-07 04:39:01.721 28075 28119 V FA      : App measurement collection enabled
09-07 04:39:01.722 28075 28119 V FA      : App measurement enabled for app package, google app id: ru.iteco.fmhandroid, 1:729587742060:android:e7d6f87c783f52b9a42f49
09-07 04:39:01.723 28075 28119 I FA      : App measurement initialized, version: 80069
09-07 04:39:01.723 28075 28119 I FA      : To enable debug logging run: adb shell setprop log.tag.FA VERBOSE
09-07 04:39:01.724 28075 28119 I FA      : To enable faster debug mode event logging run:
09-07 04:39:01.724 28075 28119 I FA      :   adb shell setprop debug.firebase.analytics.app ru.iteco.fmhandroid
09-07 04:39:01.724 28075 28119 D FA      : Debug-level message logging enabled
09-07 04:39:01.742 28075 28119 D FA      : Resetting session stitching token to not null
09-07 04:39:01.751 28075 28118 I TestRunner: started: shouldOpenNewsItemDescription(ru.iteco.fmhandroid.ui.MainPageTest)
09-07 04:39:01.757 28075 28119 V FA      : Connecting to remote service
09-07 04:39:01.764  7867  7867 D BoundBrokerSvc: onBind: Intent { act=com.google.android.gms.measurement.START pkg=com.google.android.gms }
09-07 04:39:01.764  7867  7867 D BoundBrokerSvc: Loading bound service for intent: Intent { act=com.google.android.gms.measurement.START pkg=com.google.android.gms }
09-07 04:39:01.775 28075 28119 V FA      : Connection attempt already in progress
09-07 04:39:01.784 28075 28119 V FA      : Connection attempt already in progress
09-07 04:39:01.784 28075 28119 D FA      : Connected to remote service
09-07 04:39:01.785 28075 28119 V FA      : Processing queued up service tasks: 3
09-07 04:39:01.825  7867 26011 V FA-SVC  : Saving default event parameters, appId, data size: ru.iteco.fmhandroid, 2
09-07 04:39:01.864  1774 28123 E ResolverController: No valid NAT64 prefix (101, <unspecified>/0)
09-07 04:39:01.904  2037  2037 V SettingsProvider: Notifying for 0: content://settings/secure/accessibility_enabled
09-07 04:39:01.906  2689  3033 I fteu    : (REDACTED) #onAccessibilityStateChanged enabled: %s
09-07 04:39:01.908  2689  3084 I fteu    : #onChange
09-07 04:39:01.909  2689  3084 I csoe    : #FCF: onChange
09-07 04:39:01.909  2666  3005 I biwj    : NGA disabled since it's running Panthera and at least one a11y feature is on.
09-07 04:39:01.909  2666  3005 I biwj    : (REDACTED) Nga state changed to %s
09-07 04:39:01.910  2689  3084 I csoi    : (REDACTED) FCF System FeatureName to check: %s
09-07 04:39:01.910  2689  3085 I csof    : FCF A11y Checker - readyForTngMa
09-07 04:39:01.910  2689  3084 I csoi    : (REDACTED) FCF: Device model check status : %s
09-07 04:39:01.911  2689  3084 I ctnd    : (REDACTED) #isBluetoothOrWiredHeadsetConnected Number of connected audio devices: %s
09-07 04:39:01.911  2689  3084 I cspe    : (REDACTED) #FCF: Headset Connected Status: %s
09-07 04:39:01.911  2689  3084 I csno    : (REDACTED) #FCF: Assistant primary locale : %s
09-07 04:39:01.911  2689  3084 I csno    : (REDACTED) #FCF: Assistant Primary locale check status : %s
09-07 04:39:01.913  2689  3084 I csqs    : (REDACTED) #FCF: Managed profile check status : %s
09-07 04:39:01.913  2689  3085 I csqr    : (REDACTED) #FCF: Demo mode check status : %s
09-07 04:39:01.914  2689  3085 I yzq     : (REDACTED) Nga on-device enabled based on TNG:MA active state: %b
09-07 04:39:01.918  2689  3085 I yzq     : (REDACTED) Nga on-device enabled based on TNG:MA active state: %b
09-07 04:39:01.918  2689  3085 I yzq     : Unsubscribed to apa or classic variant change.
09-07 04:39:01.922  2689  3085 W csqu    : Unable to check for productivity accounts. Assuming there are none.
09-07 04:39:01.922  2689  3085 W csqu    : com.google.android.libraries.geller.portable.GellerException: Code: INVALID_ARGUMENT, Message: Account name is null.
09-07 04:39:01.922  2689  3085 W csqu    : 	at ghid.a(PG:6)
09-07 04:39:01.922  2689  3085 W csqu    : 	at gxvx.a(PG:3)
09-07 04:39:01.922  2689  3085 W csqu    : 	at hnzx.a(PG:1)
09-07 04:39:01.922  2689  3085 W csqu    : 	at hobr.run(PG:4)
09-07 04:39:01.922  2689  3085 W csqu    : 	at ewes.run(PG:1)
09-07 04:39:01.922  2689  3085 W csqu    : 	at java.util.concurrent.ThreadPoolExecutor.runWorker(ThreadPoolExecutor.java:1167)
09-07 04:39:01.922  2689  3085 W csqu    : 	at java.util.concurrent.ThreadPoolExecutor$Worker.run(ThreadPoolExecutor.java:641)
09-07 04:39:01.922  2689  3085 W csqu    : 	at ewdw.run(PG:2)
09-07 04:39:01.922  2689  3085 W csqu    : 	at java.lang.Thread.run(Thread.java:919)
09-07 04:39:01.922  2689  3085 W csqu    : 	at ewfb.run(PG:5)
09-07 04:39:01.941  2689  3084 I csts    : (REDACTED) #FCF evaluate: %s
09-07 04:39:01.941  2689  3084 I csts    : (REDACTED) TngMaStatusChecker#evaluateInternal completed in %s millis
09-07 04:39:01.942  2689  3084 I cscy    : (REDACTED) TNG:MA status updated: %s
09-07 04:39:01.942  2689  3084 I cscy    : TNG:MA became ineligible, client should disconnect
09-07 04:39:01.942  2689  3084 I cscy    : #disconnectAndStop - preventing double stop
09-07 04:39:01.942  2666  3039 I aykq    : (REDACTED) isOpaHotwordEnabled: %b
09-07 04:39:01.942  2666  3039 I aykq    : Disabling the hotword detector.
09-07 04:39:01.942  2689  3084 I csts    : #invalidationSource: adding saa update checker
09-07 04:39:01.942  2689  3084 I csts    : #invalidationSource: adding headset checker
09-07 04:39:01.943  2666  3039 I apsj    : (REDACTED) Updating hotword opa ineligibility to %b
09-07 04:39:01.943  2666  3039 I ayhu    : getLocaleToModelSpecsMap
09-07 04:39:01.943  2666  3039 I ayhu    : Fetching latest config from MDD...
09-07 04:39:01.943  2666  3039 I ayhu    : (REDACTED) Found map of size: %d
09-07 04:39:01.943  2666  3039 I ayht    : (REDACTED) Adding from proto config to map [configKey: %s locale: %s modelType: %s modelPrefix: %s Location: %s isSpeakerIdSupported: %b]
09-07 04:39:01.944  2666  3039 I bjbd    : Trying to enqueue PieTriggeringWorker
09-07 04:39:01.945  2666  3039 I bioh    : (REDACTED) Initializing MicroDataManager InitializeType-%d, isForced-%b, isActivePhoneEnrollment-%b isActiveGoogleHomeEnrollment-%b
09-07 04:39:01.945  2666  3039 I ayhu    : getLocaleToModelSpecsMap
09-07 04:39:01.945  2666  3039 I ayhu    : Fetching latest config from MDD...
09-07 04:39:01.945  2666  3039 I ayhu    : (REDACTED) Found map of size: %d
09-07 04:39:01.945  2666  3039 I ayht    : (REDACTED) Adding from proto config to map [configKey: %s locale: %s modelType: %s modelPrefix: %s Location: %s isSpeakerIdSupported: %b]
09-07 04:39:01.946  2666  3039 I ayma    : (REDACTED) Location for model with model type: %s and locale: %s, is : %s
09-07 04:39:01.946  2666  3039 I aykq    : (REDACTED) isOpaHotwordEnabled: %b
09-07 04:39:01.947  2666  3039 I aykq    : Disabling the hotword detector.
09-07 04:39:01.951  2666  3039 I apsj    : (REDACTED) #takeChangeMicroDetectorMode [mIsBargeInEnabled: %b, mCurrentDetectionMode: %s]
09-07 04:39:01.951  2666  3039 I apsj    : (REDACTED) Should stop hotword detection immediately - %b
09-07 04:39:01.951  2666  3039 I aykq    : (REDACTED) isOpaHotwordEnabled: %b
09-07 04:39:01.951  2666  3039 I aykq    : Disabling the hotword detector.
09-07 04:39:01.951 28075 28118 W Settings: Setting always_finish_activities has moved from android.provider.Settings.System to android.provider.Settings.Global, returning read-only value.
09-07 04:39:01.951  2666  3039 I apsj    : (REDACTED) #takeChangeMicroDetectorMode [mIsBargeInEnabled: %b, mCurrentDetectionMode: %s]
09-07 04:39:01.952  2666  3039 I apsj    : (REDACTED) Should stop hotword detection immediately - %b
09-07 04:39:01.952  2689  3085 W gmjq    : Receive a config update when there's no subscriber. Ignore the request!
09-07 04:39:01.952  2666  3039 I ayhu    : getLocaleToModelSpecsMap
09-07 04:39:01.952  2666  3039 I ayhu    : Fetching latest config from MDD...
09-07 04:39:01.952  2666  3039 I ayhu    : (REDACTED) Found map of size: %d
09-07 04:39:01.952  2666  3039 I ayht    : (REDACTED) Adding from proto config to map [configKey: %s locale: %s modelType: %s modelPrefix: %s Location: %s isSpeakerIdSupported: %b]
09-07 04:39:01.952  2689  3085 W gmjq    : Receive a config update when there's no subscriber. Ignore the request!
09-07 04:39:01.953  2689  2689 I aaag    : (REDACTED) eventData = %s
09-07 04:39:01.954  2689  3084 I znc     : Logging success flow
09-07 04:39:01.959  2037  4315 I ActivityTaskManager: START u0 {act=android.intent.action.MAIN cat=[android.intent.category.LAUNCHER] flg=0x10008000 cmp=ru.iteco.fmhandroid.test/androidx.test.core.app.InstrumentationActivityInvoker$BootstrapActivity (has extras)} from uid 10136
09-07 04:39:01.959  2689  3085 W gmjq    : Receive a config update when there's no subscriber. Ignore the request!
09-07 04:39:01.970  2037  4315 W InputReader: Device has associated, but no associated display id.
09-07 04:39:01.970  2037  4315 I chatty  : uid=1000(system) Binder:2037_11 identical 8 lines
09-07 04:39:01.970  2037  4315 W InputReader: Device has associated, but no associated display id.
09-07 04:39:01.978  2037  2061 E system_server: Invalid ID 0x00000000.
09-07 04:39:01.983  1775  1775 D Zygote  : Forked child process 28130
09-07 04:39:01.985  2037  2067 I ActivityManager: Start proc 28130:ru.iteco.fmhandroid.test/u0a135 for activity {ru.iteco.fmhandroid.test/androidx.test.core.app.InstrumentationActivityInvoker$BootstrapActivity}
09-07 04:39:01.986 28130 28130 I fmhandroid.tes: Late-enabling -Xcheck:jni
09-07 04:39:01.986  2666  3039 I bjbd    : Trying to enqueue PieTriggeringWorker
09-07 04:39:01.988  2689  2689 I aaag    : (REDACTED) eventData = %s
09-07 04:39:01.998  1793 14098 D gralloc_ranchu: gralloc_alloc: Creating ashmem region of size 9850880
09-07 04:39:01.998  2689  3085 I znc     : Logging success flow
09-07 04:39:02.005  2666  3039 I bjbd    : Trying to enqueue PieTriggeringWorker
09-07 04:39:02.013  2689  2689 I aaag    : (REDACTED) eventData = %s
09-07 04:39:02.029 28130 28130 E fmhandroid.tes: Unknown bits set in runtime_flags: 0x8000
09-07 04:39:02.030 28130 28130 W fmhandroid.tes: Unexpected CPU variant for X86 using defaults: x86
09-07 04:39:02.070  2666  2666 I dnsi    : onPause
09-07 04:39:02.072  2037  4510 W InputReader: Device has associated, but no associated display id.
09-07 04:39:02.077  2037  4510 I chatty  : uid=1000(system) Binder:2037_15 identical 28 lines
09-07 04:39:02.077  2037  4510 W InputReader: Device has associated, but no associated display id.
09-07 04:39:02.081  2037  2061 W InputReader: Device has associated, but no associated display id.
09-07 04:39:02.084  2037  2061 I chatty  : uid=1000(system) android.anim identical 8 lines
09-07 04:39:02.084  2037  2061 W InputReader: Device has associated, but no associated display id.
09-07 04:39:02.101  2666  3068 D EGL_emulation: eglMakeCurrent: 0xda21b0e0: ver 2 0 (tinfo 0xda20fbb0)
09-07 04:39:02.105  2434  2714 D EGL_emulation: eglMakeCurrent: 0xed453b60: ver 2 0 (tinfo 0xe233a960)
09-07 04:39:02.105  2182  2468 D EGL_emulation: eglMakeCurrent: 0xda21a360: ver 2 0 (tinfo 0xda20f590)
09-07 04:39:02.110  2182  2182 W View    : requestLayout() improperly called by com.android.keyguard.AlphaOptimizedLinearLayout{551c6d8 V.E...... ......ID 7,0-48,61 #7f0a041c app:id/wifi_group} during second layout pass: posting in next frame
09-07 04:39:02.112 28130 28130 I fmhandroid.tes: The ClassLoaderContext is a special shared library.
09-07 04:39:02.113 28130 28130 I fmhandroid.tes: The ClassLoaderContext is a special shared library.
09-07 04:39:02.116  2182  2182 W View    : requestLayout() improperly called by StatusBarIconView(slot=mobile icon=null notification=null) during layout: running second layout pass
09-07 04:39:02.124  2182  2468 D EGL_emulation: eglMakeCurrent: 0xda21a360: ver 2 0 (tinfo 0xda20f590)
09-07 04:39:02.131  2182  2468 D EGL_emulation: eglMakeCurrent: 0xda21a360: ver 2 0 (tinfo 0xda20f590)
09-07 04:39:02.132  2182  2182 W View    : requestLayout() improperly called by com.android.keyguard.AlphaOptimizedLinearLayout{551c6d8 V.E...... ......ID 7,0-48,61 #7f0a041c app:id/wifi_group} during second layout pass: posting in next frame
09-07 04:39:02.140  2182  2182 W View    : requestLayout() improperly called by StatusBarIconView(slot=mobile icon=null notification=null) during layout: running second layout pass
09-07 04:39:02.143  2182  2468 D EGL_emulation: eglMakeCurrent: 0xda21a360: ver 2 0 (tinfo 0xda20f590)
09-07 04:39:02.151  2666  9317 V ClearcutMetricXmitter: Transmission is done.
09-07 04:39:02.241  1792  2272 E GnssHAL_GnssInterface: gnssSvStatusCb: a: input svInfo.flags is 8
09-07 04:39:02.241  1792  2272 E GnssHAL_GnssInterface: gnssSvStatusCb: b: input svInfo.flags is 8
09-07 04:39:02.260  1823  1896 E SurfaceFlinger: ro.sf.lcd_density must be defined as a build property
09-07 04:39:02.261  1823  1896 E SurfaceFlinger: ro.sf.lcd_density must be defined as a build property
09-07 04:39:02.265 28130 28164 D libEGL  : Emulator has host GPU support, qemu.gles is set to 1.
09-07 04:39:02.265 28130 28164 W libc    : Unable to set property "qemu.gles" to "1": connection failed; errno=13 (Permission denied)
09-07 04:39:02.269 28130 28164 D libEGL  : loaded /vendor/lib/egl/libEGL_emulation.so
09-07 04:39:02.270 28130 28164 D libEGL  : loaded /vendor/lib/egl/libGLESv1_CM_emulation.so
09-07 04:39:02.274 28130 28164 D libEGL  : loaded /vendor/lib/egl/libGLESv2_emulation.so
09-07 04:39:02.255 28130 28130 W RenderThread: type=1400 audit(0.0:302): avc: denied { write } for name="property_service" dev="tmpfs" ino=6988 scontext=u:r:untrusted_app:s0:c135,c256,c512,c768 tcontext=u:object_r:property_socket:s0 tclass=sock_file permissive=0
09-07 04:39:02.292  2037  4510 I ActivityTaskManager: START u0 {act=android.intent.action.MAIN cat=[android.intent.category.LAUNCHER] cmp=ru.iteco.fmhandroid/.ui.AppActivity} from uid 10136
09-07 04:39:02.301  2037  4510 W InputReader: Device has associated, but no associated display id.
09-07 04:39:02.303  2037  4510 I chatty  : uid=1000(system) Binder:2037_15 identical 38 lines
09-07 04:39:02.304  2037  4510 W InputReader: Device has associated, but no associated display id.
09-07 04:39:02.304 28075 28075 W ActivityThread: handleWindowVisibility: no activity for token android.os.BinderProxy@dce2beb
09-07 04:39:02.305  2037  4510 W InputReader: Device has associated, but no associated display id.
09-07 04:39:02.307  2037  4510 I chatty  : uid=1000(system) Binder:2037_15 identical 18 lines
09-07 04:39:02.307  2037  4510 W InputReader: Device has associated, but no associated display id.
09-07 04:39:02.313  2666  2666 I dnsi    : onStop
09-07 04:39:02.313  1823  2077 E SurfaceFlinger: ro.sf.lcd_density must be defined as a build property
09-07 04:39:02.315  1823  1896 E SurfaceFlinger: ro.sf.lcd_density must be defined as a build property
09-07 04:39:02.351  1823  1823 W SurfaceFlinger: couldn't log to binary event log: overflow.
09-07 04:39:02.351  1823  1823 W SurfaceFlinger: couldn't log to binary event log: overflow.
09-07 04:39:02.355 28075 28168 D libEGL  : Emulator has host GPU support, qemu.gles is set to 1.
09-07 04:39:02.355 28075 28168 W libc    : Unable to set property "qemu.gles" to "1": connection failed; errno=13 (Permission denied)
09-07 04:39:02.345 28075 28075 W RenderThread: type=1400 audit(0.0:303): avc: denied { write } for name="property_service" dev="tmpfs" ino=6988 scontext=u:r:untrusted_app:s0:c136,c256,c512,c768 tcontext=u:object_r:property_socket:s0 tclass=sock_file permissive=0
09-07 04:39:02.367 28075 28075 D LifecycleMonitor: Lifecycle status change: ru.iteco.fmhandroid.ui.AppActivity@bf025f4 in: PRE_ON_CREATE
09-07 04:39:02.368 28075 28075 V ActivityScenario: Activity lifecycle changed event received but ignored because the reported transition was not ON_CREATE while the last known transition was PRE_ON_CREATE
09-07 04:39:02.382 28075 28110 V FA      : onActivityCreated
09-07 04:39:02.404 28075 28168 D libEGL  : loaded /vendor/lib/egl/libEGL_emulation.so
09-07 04:39:02.405 28075 28075 W teco.fmhandroi: Accessing hidden method Landroid/view/View;->computeFitSystemWindows(Landroid/graphics/Rect;Landroid/graphics/Rect;)Z (greylist, reflection, allowed)
09-07 04:39:02.406 28075 28075 W teco.fmhandroi: Accessing hidden method Landroid/view/ViewGroup;->makeOptionalFitsSystemWindows()V (greylist, reflection, allowed)
09-07 04:39:02.406 28075 28168 D libEGL  : loaded /vendor/lib/egl/libGLESv1_CM_emulation.so
09-07 04:39:02.408 28075 28168 D libEGL  : loaded /vendor/lib/egl/libGLESv2_emulation.so
09-07 04:39:02.505 28075 28075 D NetworkSecurityConfig: No Network Security Config specified, using platform default
09-07 04:39:02.513 28075 28075 W teco.fmhandroi: Accessing hidden method Ljava/lang/invoke/MethodHandles$Lookup;-><init>(Ljava/lang/Class;I)V (greylist, reflection, allowed)
09-07 04:39:02.607 28075 28075 D LifecycleMonitor: Lifecycle status change: ru.iteco.fmhandroid.ui.AppActivity@bf025f4 in: CREATED
09-07 04:39:02.607 28075 28075 V ActivityScenario: Update currentActivityStage to CREATED, currentActivity=ru.iteco.fmhandroid.ui.AppActivity@bf025f4
09-07 04:39:02.696 28075 28075 D LifecycleMonitor: Lifecycle status change: ru.iteco.fmhandroid.ui.AppActivity@bf025f4 in: STARTED
09-07 04:39:02.696 28075 28075 V ActivityScenario: Update currentActivityStage to STARTED, currentActivity=ru.iteco.fmhandroid.ui.AppActivity@bf025f4
09-07 04:39:02.699 28075 28075 D LifecycleMonitor: Lifecycle status change: ru.iteco.fmhandroid.ui.AppActivity@bf025f4 in: RESUMED
09-07 04:39:02.699 28075 28075 V ActivityScenario: Update currentActivityStage to RESUMED, currentActivity=ru.iteco.fmhandroid.ui.AppActivity@bf025f4
09-07 04:39:02.700 28075 28119 V FA      : Activity resumed, time: 4466592
09-07 04:39:02.703 28075 28110 W teco.fmhandroi: Accessing hidden method Lsun/misc/Unsafe;->compareAndSwapObject(Ljava/lang/Object;JLjava/lang/Object;Ljava/lang/Object;)Z (greylist, linking, allowed)
09-07 04:39:02.703 28075 28110 W teco.fmhandroi: Accessing hidden method Lsun/misc/Unsafe;->getObject(Ljava/lang/Object;J)Ljava/lang/Object; (greylist, linking, allowed)
09-07 04:39:02.709 28075 28119 I FA      : Tag Manager is not found and thus will not be used
09-07 04:39:02.709 28075 28118 W FileTestStorage: Output properties is not supported.
09-07 04:39:02.710 28075 28118 I Tracing : Tracer added: class androidx.test.platform.tracing.AndroidXTracer
09-07 04:39:02.720 28075 28118 D EventInjectionStrategy: Creating injection strategy with input manager.
09-07 04:39:02.720 28075 28118 W teco.fmhandroi: Accessing hidden method Landroid/hardware/input/InputManager;->getInstance()Landroid/hardware/input/InputManager; (greylist, reflection, allowed)
09-07 04:39:02.720 28075 28118 W teco.fmhandroi: Accessing hidden method Landroid/hardware/input/InputManager;->injectInputEvent(Landroid/view/InputEvent;I)Z (greylist, reflection, allowed)
09-07 04:39:02.720 28075 28118 W teco.fmhandroi: Accessing hidden field Landroid/hardware/input/InputManager;->INJECT_INPUT_EVENT_MODE_WAIT_FOR_FINISH:I (greylist, reflection, allowed)
09-07 04:39:02.755 28075 28165 D HostConnection: HostConnection::get() New Host Connection established 0xd6c2ccb0, tid 28165
09-07 04:39:02.757 28075 28165 D HostConnection: HostComposition ext ANDROID_EMU_CHECKSUM_HELPER_v1 ANDROID_EMU_dma_v1 ANDROID_EMU_direct_mem ANDROID_EMU_vulkan ANDROID_EMU_deferred_vulkan_commands ANDROID_EMU_vulkan_null_optional_strings ANDROID_EMU_vulkan_create_resources_with_requirements ANDROID_EMU_YUV420_888_to_NV21 ANDROID_EMU_YUV_Cache ANDROID_EMU_vulkan_free_memory_sync ANDROID_EMU_vulkan_shader_float16_int8 ANDROID_EMU_vulkan_async_queue_submit ANDROID_EMU_sync_buffer_data GL_OES_vertex_array_object GL_KHR_texture_compression_astc_ldr ANDROID_EMU_host_side_tracing ANDROID_EMU_gles_max_version_2 
09-07 04:39:02.760  7867 26011 V FA-SVC  : Logging event: origin=auto,name=screen_view(_vs),params=Bundle[{ga_event_origin(_o)=auto, ga_screen_class(_sc)=AppActivity, ga_screen_id(_si)=-6784280559527855890}]
09-07 04:39:02.764 28075 28165 W OpenGLRenderer: Failed to choose config with EGL_SWAP_BEHAVIOR_PRESERVED, retrying without...
09-07 04:39:02.778 28075 28165 D eglCodecCommon: setVertexArrayObject: set vao to 0 (0) 0 0
09-07 04:39:02.778 28075 28165 D EGL_emulation: eglCreateContext: 0xe2257380: maj 2 min 0 rcv 2
09-07 04:39:02.787  7867 26011 V FA-SVC  : Upload scheduled in approximately ms: 2896512
09-07 04:39:02.787  7867 26011 V FA-SVC  : Unscheduling upload
09-07 04:39:02.791  7867 26011 V FA-SVC  : Scheduling upload, millis: 2896512
09-07 04:39:02.794  7867 26011 V FA-SVC  : Background event processing time, ms: 35
09-07 04:39:02.805 28075 28165 D EGL_emulation: eglMakeCurrent: 0xe2257380: ver 2 0 (tinfo 0xe233acf0)
09-07 04:39:02.815  1793 14098 D gralloc_ranchu: gralloc_alloc: Creating ashmem region of size 9113600
09-07 04:39:02.818  1678  1678 I hwservicemanager: getTransport: Cannot find entry android.hardware.graphics.mapper@3.0::IMapper/default in either framework or device manifest.
09-07 04:39:02.818 28075 28165 W Gralloc3: mapper 3.x is not supported
09-07 04:39:02.820 28075 28165 D HostConnection: createUnique: call
09-07 04:39:02.820 28075 28165 D HostConnection: HostConnection::get() New Host Connection established 0xd6c2eb50, tid 28165
09-07 04:39:02.821 28075 28165 D HostConnection: HostComposition ext ANDROID_EMU_CHECKSUM_HELPER_v1 ANDROID_EMU_dma_v1 ANDROID_EMU_direct_mem ANDROID_EMU_vulkan ANDROID_EMU_deferred_vulkan_commands ANDROID_EMU_vulkan_null_optional_strings ANDROID_EMU_vulkan_create_resources_with_requirements ANDROID_EMU_YUV420_888_to_NV21 ANDROID_EMU_YUV_Cache ANDROID_EMU_vulkan_free_memory_sync ANDROID_EMU_vulkan_shader_float16_int8 ANDROID_EMU_vulkan_async_queue_submit ANDROID_EMU_sync_buffer_data GL_OES_vertex_array_object GL_KHR_texture_compression_astc_ldr ANDROID_EMU_host_side_tracing ANDROID_EMU_gles_max_version_2 
09-07 04:39:02.821 28075 28165 D eglCodecCommon: allocate: Ask for block of size 0x1000
09-07 04:39:02.822 28075 28165 D eglCodecCommon: allocate: ioctl allocate returned offset 0x3ff68a000 size 0x2000
09-07 04:39:02.822  1793 14098 D gralloc_ranchu: gralloc_alloc: Creating ashmem region of size 9113600
09-07 04:39:02.824  1793 14098 D gralloc_ranchu: gralloc_alloc: Creating ashmem region of size 9113600
09-07 04:39:02.828 28075 28165 D EGL_emulation: eglMakeCurrent: 0xe2257380: ver 2 0 (tinfo 0xe233acf0)
09-07 04:39:02.837 28075 28165 D eglCodecCommon: setVertexArrayObject: set vao to 0 (0) 1 0
09-07 04:39:02.911  2037  2065 I ActivityTaskManager: Displayed ru.iteco.fmhandroid/.ui.AppActivity: +949ms
09-07 04:39:02.930  2182  2182 W View    : requestLayout() improperly called by com.android.keyguard.AlphaOptimizedLinearLayout{551c6d8 V.E...... ......ID 7,0-48,61 #7f0a041c app:id/wifi_group} during second layout pass: posting in next frame
09-07 04:39:02.947  2182  2182 W View    : requestLayout() improperly called by StatusBarIconView(slot=mobile icon=null notification=null) during layout: running second layout pass
09-07 04:39:02.954 28075 28118 W FileTestStorage: Test input args is not supported.
09-07 04:39:02.964 28075 28075 W teco.fmhandroi: Accessing hidden method Landroid/os/MessageQueue;->next()Landroid/os/Message; (greylist, reflection, allowed)
09-07 04:39:02.964 28075 28075 W teco.fmhandroi: Accessing hidden field Landroid/os/MessageQueue;->mMessages:Landroid/os/Message; (greylist, reflection, allowed)
09-07 04:39:02.964 28075 28075 W teco.fmhandroi: Accessing hidden method Landroid/os/Message;->recycleUnchecked()V (greylist, reflection, allowed)
09-07 04:39:02.965 28075 28118 W teco.fmhandroi: Accessing hidden method Lsun/misc/Unsafe;->getUnsafe()Lsun/misc/Unsafe; (greylist,core-platform-api, linking, allowed)
09-07 04:39:02.965 28075 28118 W teco.fmhandroi: Accessing hidden method Lsun/misc/Unsafe;->putObject(Ljava/lang/Object;JLjava/lang/Object;)V (greylist, linking, allowed)
09-07 04:39:02.969 28075 28176 W teco.fmhandroi: Accessing hidden method Lsun/misc/Unsafe;->compareAndSwapObject(Ljava/lang/Object;JLjava/lang/Object;Ljava/lang/Object;)Z (greylist, linking, allowed)
09-07 04:39:02.969 28075 28176 W teco.fmhandroi: Accessing hidden method Lsun/misc/Unsafe;->getObject(Ljava/lang/Object;J)Ljava/lang/Object; (greylist, linking, allowed)
09-07 04:39:02.972 28075 28075 W teco.fmhandroi: Accessing hidden method Landroid/view/WindowManagerGlobal;->getInstance()Landroid/view/WindowManagerGlobal; (greylist, reflection, allowed)
09-07 04:39:02.972 28075 28075 W teco.fmhandroi: Accessing hidden field Landroid/view/WindowManagerGlobal;->mViews:Ljava/util/ArrayList; (greylist, reflection, allowed)
09-07 04:39:02.973 28075 28075 W teco.fmhandroi: Accessing hidden field Landroid/view/WindowManagerGlobal;->mParams:Ljava/util/ArrayList; (greylist, reflection, allowed)
09-07 04:39:02.980 28075 28075 I ViewInteraction: Performing 'wait for a specific view with <(an instance of android.widget.TextView and view.getText() with or without transformation to match: is "Authorization" and view.getParent() view.getParent() view.getId() is <2131231186>)> during 10000 millis.' action on view view.getRootView() to equal view
09-07 04:39:02.986  2182  2182 W View    : requestLayout() improperly called by com.android.keyguard.AlphaOptimizedLinearLayout{551c6d8 V.E...... ......ID 7,0-48,61 #7f0a041c app:id/wifi_group} during second layout pass: posting in next frame
09-07 04:39:02.986  2182  2182 W View    : requestLayout() improperly called by StatusBarIconView(slot=mobile icon=null notification=null) during layout: running second layout pass
09-07 04:39:03.022  2182  2182 W View    : requestLayout() improperly called by com.android.keyguard.AlphaOptimizedLinearLayout{551c6d8 V.E...... ......ID 7,0-48,61 #7f0a041c app:id/wifi_group} during second layout pass: posting in next frame
09-07 04:39:03.023  2182  2182 W View    : requestLayout() improperly called by StatusBarIconView(slot=mobile icon=null notification=null) during layout: running second layout pass
09-07 04:39:03.057  2182  2182 W View    : requestLayout() improperly called by com.android.keyguard.AlphaOptimizedLinearLayout{551c6d8 V.E...... ......ID 7,0-48,61 #7f0a041c app:id/wifi_group} during second layout pass: posting in next frame
09-07 04:39:03.057  2182  2182 W View    : requestLayout() improperly called by StatusBarIconView(slot=mobile icon=null notification=null) during layout: running second layout pass
09-07 04:39:03.093  2182  2182 W View    : requestLayout() improperly called by com.android.keyguard.AlphaOptimizedLinearLayout{551c6d8 V.E...... ......ID 7,0-48,61 #7f0a041c app:id/wifi_group} during second layout pass: posting in next frame
09-07 04:39:03.094  2182  2182 W View    : requestLayout() improperly called by StatusBarIconView(slot=mobile icon=null notification=null) during layout: running second layout pass
09-07 04:39:03.130  2182  2182 W View    : requestLayout() improperly called by com.android.keyguard.AlphaOptimizedLinearLayout{551c6d8 V.E...... ......ID 7,0-48,61 #7f0a041c app:id/wifi_group} during second layout pass: posting in next frame
09-07 04:39:03.131  2182  2182 W View    : requestLayout() improperly called by StatusBarIconView(slot=mobile icon=null notification=null) during layout: running second layout pass
09-07 04:39:03.213  8425  8443 I FontLog : (REDACTED) Received query %s, URI %s
09-07 04:39:03.213  8425  8443 I FontLog : (REDACTED) Query [%s] resolved to %s
09-07 04:39:03.214  8425  8443 I FontLog : (REDACTED) Fetch %s end status %s
09-07 04:39:03.222  8425  8443 I FontLog : (REDACTED) Pulling font file for id = %d, cache size = %d
09-07 04:39:03.225  8425  8443 I FontLog : (REDACTED) Pulling font file for id = %d, cache size = %d
09-07 04:39:03.240  1792  2272 E GnssHAL_GnssInterface: gnssSvStatusCb: a: input svInfo.flags is 8
09-07 04:39:03.241  1792  2272 E GnssHAL_GnssInterface: gnssSvStatusCb: b: input svInfo.flags is 8
09-07 04:39:03.666  2666  2666 I brdd    : (REDACTED) disposing SearchServiceClient after timeout %s
09-07 04:39:04.242  1792  2272 E GnssHAL_GnssInterface: gnssSvStatusCb: a: input svInfo.flags is 8
09-07 04:39:04.242  1792  2272 E GnssHAL_GnssInterface: gnssSvStatusCb: b: input svInfo.flags is 8
09-07 04:39:05.243  1792  2272 E GnssHAL_GnssInterface: gnssSvStatusCb: a: input svInfo.flags is 8
09-07 04:39:05.243  1792  2272 E GnssHAL_GnssInterface: gnssSvStatusCb: b: input svInfo.flags is 8
09-07 04:39:05.711 28075 28075 W teco.fmhandroi: Accessing hidden method Lsun/misc/Unsafe;->allocateInstance(Ljava/lang/Class;)Ljava/lang/Object; (greylist, reflection, allowed)
09-07 04:39:05.737 28075 28182 I okhttp.OkHttpClient: --> GET http://www.981757-ca08998.tmweb.ru:8080/fmh/authentication/userInfo
09-07 04:39:05.737 28075 28182 I okhttp.OkHttpClient: --> END GET
09-07 04:39:06.241  1792  2272 E GnssHAL_GnssInterface: gnssSvStatusCb: a: input svInfo.flags is 8
09-07 04:39:06.242  1792  2272 E GnssHAL_GnssInterface: gnssSvStatusCb: b: input svInfo.flags is 8
09-07 04:39:06.374  1774 28183 E ResolverController: No valid NAT64 prefix (101, <unspecified>/0)
09-07 04:39:06.794 28075 28182 I okhttp.OkHttpClient: <-- 200 http://www.981757-ca08998.tmweb.ru:8080/fmh/authentication/userInfo (1056ms)
09-07 04:39:06.794 28075 28182 I okhttp.OkHttpClient: Vary: Origin
09-07 04:39:06.794 28075 28182 I okhttp.OkHttpClient: Vary: Access-Control-Request-Method
09-07 04:39:06.794 28075 28182 I okhttp.OkHttpClient: Vary: Access-Control-Request-Headers
09-07 04:39:06.794 28075 28182 I okhttp.OkHttpClient: X-Content-Type-Options: nosniff
09-07 04:39:06.794 28075 28182 I okhttp.OkHttpClient: X-XSS-Protection: 1; mode=block
09-07 04:39:06.794 28075 28182 I okhttp.OkHttpClient: Cache-Control: no-cache, no-store, max-age=0, must-revalidate
09-07 04:39:06.794 28075 28182 I okhttp.OkHttpClient: Pragma: no-cache
09-07 04:39:06.794 28075 28182 I okhttp.OkHttpClient: Expires: 0
09-07 04:39:06.794 28075 28182 I okhttp.OkHttpClient: X-Frame-Options: DENY
09-07 04:39:06.794 28075 28182 I okhttp.OkHttpClient: Content-Type: application/json
09-07 04:39:06.794 28075 28182 I okhttp.OkHttpClient: Transfer-Encoding: chunked
09-07 04:39:06.794 28075 28182 I okhttp.OkHttpClient: Date: Thu, 07 Sep 2023 04:39:07 GMT
09-07 04:39:06.794 28075 28182 I okhttp.OkHttpClient: Keep-Alive: timeout=60
09-07 04:39:06.794 28075 28182 I okhttp.OkHttpClient: Connection: keep-alive
09-07 04:39:06.795 28075 28182 I okhttp.OkHttpClient: {"id":1,"firstName":"Ivan","lastName":"Ivanov","middleName":"Ivanovich","admin":true}
09-07 04:39:06.795 28075 28182 I okhttp.OkHttpClient: <-- END HTTP (85-byte body)
09-07 04:39:06.828 28075 28191 I okhttp.OkHttpClient: --> GET http://www.981757-ca08998.tmweb.ru:8080/fmh/claims
09-07 04:39:06.828 28075 28191 I okhttp.OkHttpClient: --> END GET
09-07 04:39:07.176 28075 28165 D EGL_emulation: eglMakeCurrent: 0xe2257380: ver 2 0 (tinfo 0xe233acf0)
09-07 04:39:07.181  1793 14098 D gralloc_ranchu: gralloc_alloc: Creating ashmem region of size 9850880
09-07 04:39:07.183  2182  2182 W View    : requestLayout() improperly called by com.android.keyguard.AlphaOptimizedLinearLayout{551c6d8 V.E...... ......ID 7,0-48,61 #7f0a041c app:id/wifi_group} during second layout pass: posting in next frame
09-07 04:39:07.200  2182  2182 W View    : requestLayout() improperly called by StatusBarIconView(slot=mobile icon=null notification=null) during layout: running second layout pass
09-07 04:39:07.203 28075 28165 D EGL_emulation: eglMakeCurrent: 0xe2257380: ver 2 0 (tinfo 0xe233acf0)
09-07 04:39:07.241  1792  2272 E GnssHAL_GnssInterface: gnssSvStatusCb: a: input svInfo.flags is 8
09-07 04:39:07.241  1792  2272 E GnssHAL_GnssInterface: gnssSvStatusCb: b: input svInfo.flags is 8
09-07 04:39:07.405  1793 14098 D gralloc_ranchu: gralloc_alloc: Creating ashmem region of size 9850880
09-07 04:39:07.431  1793 14098 D gralloc_ranchu: gralloc_alloc: Creating ashmem region of size 9850880
09-07 04:39:07.768 28075 28119 V FA      : Inactivity, disconnecting from the service
09-07 04:39:08.242  1792  2272 E GnssHAL_GnssInterface: gnssSvStatusCb: a: input svInfo.flags is 8
09-07 04:39:08.242  1792  2272 E GnssHAL_GnssInterface: gnssSvStatusCb: b: input svInfo.flags is 8
09-07 04:39:09.243  1792  2272 E GnssHAL_GnssInterface: gnssSvStatusCb: a: input svInfo.flags is 8
09-07 04:39:09.243  1792  2272 E GnssHAL_GnssInterface: gnssSvStatusCb: b: input svInfo.flags is 8
09-07 04:39:10.242  1792  2272 E GnssHAL_GnssInterface: gnssSvStatusCb: a: input svInfo.flags is 8
09-07 04:39:10.242  1792  2272 E GnssHAL_GnssInterface: gnssSvStatusCb: b: input svInfo.flags is 8
09-07 04:39:11.242  1792  2272 E GnssHAL_GnssInterface: gnssSvStatusCb: a: input svInfo.flags is 8
09-07 04:39:11.242  1792  2272 E GnssHAL_GnssInterface: gnssSvStatusCb: b: input svInfo.flags is 8
09-07 04:39:12.243  1792  2272 E GnssHAL_GnssInterface: gnssSvStatusCb: a: input svInfo.flags is 8
09-07 04:39:12.243  1792  2272 E GnssHAL_GnssInterface: gnssSvStatusCb: b: input svInfo.flags is 8
09-07 04:39:12.772  7867  7867 D BoundBrokerSvc: onUnbind: Intent { act=com.google.android.gms.measurement.START pkg=com.google.android.gms }
09-07 04:39:12.776  2037  2065 E memtrack: Couldn't load memtrack module
09-07 04:39:12.777  2037  2065 W android.os.Debug: failed to get memory consumption info: -1
09-07 04:39:13.034 28075 28075 D takeScreenshot: Found 1 global views to redraw
09-07 04:39:13.075  1793 14098 D gralloc_ranchu: gralloc_alloc: Creating ashmem region of size 9850880
09-07 04:39:13.087  1678  1678 I hwservicemanager: getTransport: Cannot find entry android.hardware.graphics.mapper@3.0::IMapper/default in either framework or device manifest.
09-07 04:39:13.087 28060 28073 W Gralloc3: mapper 3.x is not supported
09-07 04:39:13.092 28060 28073 D HostConnection: createUnique: call
09-07 04:39:13.093 28060 28073 D HostConnection: HostConnection::get() New Host Connection established 0xd7a5a0a0, tid 28073
09-07 04:39:13.095 28060 28073 D HostConnection: HostComposition ext ANDROID_EMU_CHECKSUM_HELPER_v1 ANDROID_EMU_dma_v1 ANDROID_EMU_direct_mem ANDROID_EMU_vulkan ANDROID_EMU_deferred_vulkan_commands ANDROID_EMU_vulkan_null_optional_strings ANDROID_EMU_vulkan_create_resources_with_requirements ANDROID_EMU_YUV420_888_to_NV21 ANDROID_EMU_YUV_Cache ANDROID_EMU_vulkan_free_memory_sync ANDROID_EMU_vulkan_shader_float16_int8 ANDROID_EMU_vulkan_async_queue_submit ANDROID_EMU_sync_buffer_data GL_OES_vertex_array_object GL_KHR_texture_compression_astc_ldr ANDROID_EMU_host_side_tracing ANDROID_EMU_gles_max_version_2 
09-07 04:39:13.095 28060 28073 D eglCodecCommon: allocate: Ask for block of size 0x1000
09-07 04:39:13.095 28060 28073 D eglCodecCommon: allocate: ioctl allocate returned offset 0x3ffff6000 size 0x2000
09-07 04:39:13.099  1823  2474 E SurfaceFlinger: ro.sf.lcd_density must be defined as a build property
09-07 04:39:13.100  1823  2474 E SurfaceFlinger: ro.sf.lcd_density must be defined as a build property
09-07 04:39:13.102 28060 28210 D libEGL  : Emulator has host GPU support, qemu.gles is set to 1.
09-07 04:39:13.106 28060 28210 W libc    : Unable to set property "qemu.gles" to "1": error code: 0x18
09-07 04:39:13.107 28060 28210 D libEGL  : loaded /vendor/lib/egl/libEGL_emulation.so
09-07 04:39:13.107 28060 28210 D libEGL  : loaded /vendor/lib/egl/libGLESv1_CM_emulation.so
09-07 04:39:13.108 28060 28210 D libEGL  : loaded /vendor/lib/egl/libGLESv2_emulation.so
09-07 04:39:13.113 28060 28210 D HostConnection: HostConnection::get() New Host Connection established 0xecc55580, tid 28210
09-07 04:39:13.114 28060 28210 D HostConnection: HostComposition ext ANDROID_EMU_CHECKSUM_HELPER_v1 ANDROID_EMU_dma_v1 ANDROID_EMU_direct_mem ANDROID_EMU_vulkan ANDROID_EMU_deferred_vulkan_commands ANDROID_EMU_vulkan_null_optional_strings ANDROID_EMU_vulkan_create_resources_with_requirements ANDROID_EMU_YUV420_888_to_NV21 ANDROID_EMU_YUV_Cache ANDROID_EMU_vulkan_free_memory_sync ANDROID_EMU_vulkan_shader_float16_int8 ANDROID_EMU_vulkan_async_queue_submit ANDROID_EMU_sync_buffer_data GL_OES_vertex_array_object GL_KHR_texture_compression_astc_ldr ANDROID_EMU_host_side_tracing ANDROID_EMU_gles_max_version_2 
09-07 04:39:13.117 28060 28210 W OpenGLRenderer: Failed to choose config with EGL_SWAP_BEHAVIOR_PRESERVED, retrying without...
09-07 04:39:13.129 28060 28210 D eglCodecCommon: setVertexArrayObject: set vao to 0 (0) 0 0
09-07 04:39:13.129 28060 28210 D EGL_emulation: eglCreateContext: 0xecc7ebc0: maj 2 min 0 rcv 2
09-07 04:39:13.150 28060 28210 D EGL_emulation: eglMakeCurrent: 0xecc7ebc0: ver 2 0 (tinfo 0xecc8cb00)
09-07 04:39:13.161 28060 28210 D eglCodecCommon: setVertexArrayObject: set vao to 0 (0) 1 0
09-07 04:39:13.187 28075 28118 W DefaultFailureHandler: Failed to take screenshot
09-07 04:39:13.187 28075 28118 W DefaultFailureHandler: java.io.FileNotFoundException: view-op-error-1.png: open failed: EROFS (Read-only file system)
09-07 04:39:13.187 28075 28118 W DefaultFailureHandler: 	at libcore.io.IoBridge.open(IoBridge.java:496)
09-07 04:39:13.187 28075 28118 W DefaultFailureHandler: 	at java.io.FileOutputStream.<init>(FileOutputStream.java:235)
09-07 04:39:13.187 28075 28118 W DefaultFailureHandler: 	at java.io.FileOutputStream.<init>(FileOutputStream.java:125)
09-07 04:39:13.187 28075 28118 W DefaultFailureHandler: 	at androidx.test.platform.io.FileTestStorage.openOutputFile(FileTestStorage.java:60)
09-07 04:39:13.187 28075 28118 W DefaultFailureHandler: 	at androidx.test.core.graphics.BitmapStorage.writeToTestStorage(BitmapStorageExt.kt:49)
09-07 04:39:13.187 28075 28118 W DefaultFailureHandler: 	at androidx.test.espresso.base.DefaultFailureHandler.takeScreenshot(DefaultFailureHandler.java:4)
09-07 04:39:13.187 28075 28118 W DefaultFailureHandler: 	at androidx.test.espresso.base.DefaultFailureHandler.handle(DefaultFailureHandler.java:3)
09-07 04:39:13.187 28075 28118 W DefaultFailureHandler: 	at androidx.test.espresso.ViewInteraction.waitForAndHandleInteractionResults(ViewInteraction.java:8)
09-07 04:39:13.187 28075 28118 W DefaultFailureHandler: 	at androidx.test.espresso.ViewInteraction.desugaredPerform(ViewInteraction.java:11)
09-07 04:39:13.187 28075 28118 W DefaultFailureHandler: 	at androidx.test.espresso.ViewInteraction.perform(ViewInteraction.java:8)
09-07 04:39:13.187 28075 28118 W DefaultFailureHandler: 	at ru.iteco.fmhandroid.ui.data.TestUtils.waitView(TestUtils.java:61)
09-07 04:39:13.187 28075 28118 W DefaultFailureHandler: 	at ru.iteco.fmhandroid.ui.steps.AuthSteps.isAuthScreen(AuthSteps.java:58)
09-07 04:39:13.187 28075 28118 W DefaultFailureHandler: 	at ru.iteco.fmhandroid.ui.MainPageTest.logoutCheck(MainPageTest.java:44)
09-07 04:39:13.187 28075 28118 W DefaultFailureHandler: 	at java.lang.reflect.Method.invoke(Native Method)
09-07 04:39:13.187 28075 28118 W DefaultFailureHandler: 	at org.junit.runners.model.FrameworkMethod$1.runReflectiveCall(FrameworkMethod.java:59)
09-07 04:39:13.187 28075 28118 W DefaultFailureHandler: 	at org.junit.internal.runners.model.ReflectiveCallable.run(ReflectiveCallable.java:12)
09-07 04:39:13.187 28075 28118 W DefaultFailureHandler: 	at org.junit.runners.model.FrameworkMethod.invokeExplosively(FrameworkMethod.java:56)
09-07 04:39:13.187 28075 28118 W DefaultFailureHandler: 	at androidx.test.internal.runner.junit4.statement.RunBefores.evaluate(RunBefores.java:76)
09-07 04:39:13.187 28075 28118 W DefaultFailureHandler: 	at io.qameta.allure.android.rules.ScreenshotRule$apply$1.evaluate(ScreenshotRule.kt:22)
09-07 04:39:13.187 28075 28118 W DefaultFailureHandler: 	at org.junit.rules.ExternalResource$1.evaluate(ExternalResource.java:54)
09-07 04:39:13.187 28075 28118 W DefaultFailureHandler: 	at io.qameta.allure.android.rules.LogcatRule$apply$1.evaluate(LogcatRule.kt:23)
09-07 04:39:13.187 28075 28118 W DefaultFailureHandler: 	at org.junit.rules.RunRules.evaluate(RunRules.java:20)
09-07 04:39:13.187 28075 28118 W DefaultFailureHandler: 	at org.junit.runners.ParentRunner$3.evaluate(ParentRunner.java:306)
