09-07 03:56:03.054 15664 15709 E TestRunner: 	at org.junit.runners.ParentRunner$1.schedule(ParentRunner.java:79)
09-07 03:56:03.054 15664 15709 E TestRunner: 	at org.junit.runners.ParentRunner.runChildren(ParentRunner.java:329)
09-07 03:56:03.054 15664 15709 E TestRunner: 	at org.junit.runners.ParentRunner.access$100(ParentRunner.java:66)
09-07 03:56:03.054 15664 15709 E TestRunner: 	at org.junit.runners.ParentRunner$2.evaluate(ParentRunner.java:293)
09-07 03:56:03.054 15664 15709 E TestRunner: 	at org.junit.runners.ParentRunner$3.evaluate(ParentRunner.java:306)
09-07 03:56:03.054 15664 15709 E TestRunner: 	at org.junit.runners.ParentRunner.run(ParentRunner.java:413)
09-07 03:56:03.054 15664 15709 E TestRunner: 	at androidx.test.ext.junit.runners.AndroidJUnit4.run(AndroidJUnit4.java:162)
09-07 03:56:03.054 15664 15709 E TestRunner: 	at io.qameta.allure.android.runners.AllureAndroidJUnit4.run(AllureAndroidJUnitRunners.kt:29)
09-07 03:56:03.054 15664 15709 E TestRunner: 	at org.junit.runners.Suite.runChild(Suite.java:128)
09-07 03:56:03.054 15664 15709 E TestRunner: 	at org.junit.runners.Suite.runChild(Suite.java:27)
09-07 03:56:03.054 15664 15709 E TestRunner: 	at org.junit.runners.ParentRunner$4.run(ParentRunner.java:331)
09-07 03:56:03.054 15664 15709 E TestRunner: 	at org.junit.runners.ParentRunner$1.schedule(ParentRunner.java:79)
09-07 03:56:03.054 15664 15709 E TestRunner: 	at org.junit.runners.ParentRunner.runChildren(ParentRunner.java:329)
09-07 03:56:03.054 15664 15709 E TestRunner: 	at org.junit.runners.ParentRunner.access$100(ParentRunner.java:66)
09-07 03:56:03.054 15664 15709 E TestRunner: 	at org.junit.runners.ParentRunner$2.evaluate(ParentRunner.java:293)
09-07 03:56:03.054 15664 15709 E TestRunner: 	at org.junit.runners.ParentRunner$3.evaluate(ParentRunner.java:306)
09-07 03:56:03.054 15664 15709 E TestRunner: 	at org.junit.runners.ParentRunner.run(ParentRunner.java:413)
09-07 03:56:03.054 15664 15709 E TestRunner: 	at org.junit.runner.JUnitCore.run(JUnitCore.java:137)
09-07 03:56:03.054 15664 15709 E TestRunner: 	at org.junit.runner.JUnitCore.run(JUnitCore.java:115)
09-07 03:56:03.054 15664 15709 E TestRunner: 	at androidx.test.internal.runner.TestExecutor.execute(TestExecutor
09-07 03:56:03.054 15664 15709 E TestRunner: ----- end exception -----
09-07 03:56:03.057  2182  2182 W View    : requestLayout() improperly called by StatusBarIconView(slot=mobile icon=null notification=null) during layout: running second layout pass
09-07 03:56:03.058  2182  2468 D EGL_emulation: eglMakeCurrent: 0xda21a360: ver 2 0 (tinfo 0xda20f590)
09-07 03:56:03.065 15664 15709 I TestRunner: finished: shouldShowMessageFieldCannotBeEmpty(ru.iteco.fmhandroid.ui.ClaimsPageTest)
09-07 03:56:03.071  2037  5599 D eglCodecCommon: setVertexArrayObject: set vao to 0 (0) 1 0
09-07 03:56:03.108 15664 15677 I teco.fmhandroi: Background concurrent copying GC freed 158569(6720KB) AllocSpace objects, 10(452KB) LOS objects, 31% free, 13MB/19MB, paused 1.050ms total 145.273ms
09-07 03:56:03.112 15664 15709 I TestRunner: started: shouldShowWarningMessageClaimCommentFieldIsIncorrect(ru.iteco.fmhandroid.ui.ClaimsPageTest)
09-07 03:56:03.138 15664 15709 W Settings: Setting always_finish_activities has moved from android.provider.Settings.System to android.provider.Settings.Global, returning read-only value.
09-07 03:56:03.141  2037  7767 I ActivityTaskManager: START u0 {act=android.intent.action.MAIN cat=[android.intent.category.LAUNCHER] flg=0x10008000 cmp=ru.iteco.fmhandroid.test/androidx.test.core.app.InstrumentationActivityInvoker$BootstrapActivity (has extras)} from uid 10136
09-07 03:56:03.154  2037  7767 W InputReader: Device has associated, but no associated display id.
09-07 03:56:03.157  2037  7767 I chatty  : uid=1000(system) Binder:2037_1E identical 38 lines
09-07 03:56:03.157  2037  7767 W InputReader: Device has associated, but no associated display id.
09-07 03:56:03.158 15721 15721 W ActivityThread: handleWindowVisibility: no activity for token android.os.BinderProxy@a4889a7
09-07 03:56:03.159  2037  2061 E system_server: Invalid ID 0x00000000.
09-07 03:56:03.169  1793 14098 D gralloc_ranchu: gralloc_alloc: Creating ashmem region of size 9850880
09-07 03:56:03.181  2037  4497 I ActivityTaskManager: START u0 {act=android.intent.action.MAIN cat=[android.intent.category.LAUNCHER] cmp=ru.iteco.fmhandroid/.ui.AppActivity} from uid 10136
09-07 03:56:03.184  2037  7767 W InputReader: Device has associated, but no associated display id.
09-07 03:56:03.188  2037  7767 I chatty  : uid=1000(system) Binder:2037_1E identical 48 lines
09-07 03:56:03.188  2037  7767 W InputReader: Device has associated, but no associated display id.
09-07 03:56:03.191 15664 15664 W ActivityThread: handleWindowVisibility: no activity for token android.os.BinderProxy@cf3820c
09-07 03:56:03.205 15664 15664 D LifecycleMonitor: Lifecycle status change: ru.iteco.fmhandroid.ui.AppActivity@45cb2f8 in: PRE_ON_CREATE
09-07 03:56:03.205 15664 15664 V ActivityScenario: Activity lifecycle changed event received but ignored because the reported transition was not ON_CREATE while the last known transition was PRE_ON_CREATE
09-07 03:56:03.207 15664 15700 V FA      : onActivityCreated
09-07 03:56:03.214 15664 15664 D LifecycleMonitor: Lifecycle status change: ru.iteco.fmhandroid.ui.AppActivity@45cb2f8 in: CREATED
09-07 03:56:03.214 15664 15664 V ActivityScenario: Update currentActivityStage to CREATED, currentActivity=ru.iteco.fmhandroid.ui.AppActivity@45cb2f8
09-07 03:56:03.224  2037  2061 W InputReader: Device has associated, but no associated display id.
09-07 03:56:03.224  2037  2061 I chatty  : uid=1000(system) android.anim identical 8 lines
09-07 03:56:03.224  2037  2061 W InputReader: Device has associated, but no associated display id.
09-07 03:56:03.233 15664 15664 D LifecycleMonitor: Lifecycle status change: ru.iteco.fmhandroid.ui.AppActivity@45cb2f8 in: STARTED
09-07 03:56:03.233 15664 15664 V ActivityScenario: Update currentActivityStage to STARTED, currentActivity=ru.iteco.fmhandroid.ui.AppActivity@45cb2f8
09-07 03:56:03.237  2666  3068 D EGL_emulation: eglMakeCurrent: 0xda21b0e0: ver 2 0 (tinfo 0xda20fbb0)
09-07 03:56:03.239 15664 15664 D LifecycleMonitor: Lifecycle status change: ru.iteco.fmhandroid.ui.AppActivity@45cb2f8 in: RESUMED
09-07 03:56:03.239 15664 15664 V ActivityScenario: Update currentActivityStage to RESUMED, currentActivity=ru.iteco.fmhandroid.ui.AppActivity@45cb2f8
09-07 03:56:03.241 15664 15708 V FA      : Activity resumed, time: 1887134
09-07 03:56:03.245  2182  2468 D EGL_emulation: eglMakeCurrent: 0xda21a360: ver 2 0 (tinfo 0xda20f590)
09-07 03:56:03.246  2434  2714 D EGL_emulation: eglMakeCurrent: 0xed453b60: ver 2 0 (tinfo 0xe233a960)
09-07 03:56:03.249  2182  2182 W View    : requestLayout() improperly called by com.android.keyguard.AlphaOptimizedLinearLayout{551c6d8 V.E...... ......ID 7,0-48,61 #7f0a041c app:id/wifi_group} during second layout pass: posting in next frame
09-07 03:56:03.252  2182  2182 W View    : requestLayout() improperly called by StatusBarIconView(slot=mobile icon=null notification=null) during layout: running second layout pass
09-07 03:56:03.257  2666  2666 I dnsi    : onPause
09-07 03:56:03.263  1793 14098 D gralloc_ranchu: gralloc_alloc: Creating ashmem region of size 9113600
09-07 03:56:03.265  2182  2468 D EGL_emulation: eglMakeCurrent: 0xda21a360: ver 2 0 (tinfo 0xda20f590)
09-07 03:56:03.268  2666  5846 V ClearcutMetricXmitter: Transmission is done.
09-07 03:56:03.274 15664 15760 D EGL_emulation: eglMakeCurrent: 0xe22f9040: ver 2 0 (tinfo 0xd6c902d0)
09-07 03:56:03.292  1793 14098 D gralloc_ranchu: gralloc_alloc: Creating ashmem region of size 9113600
09-07 03:56:03.295  1793 14098 D gralloc_ranchu: gralloc_alloc: Creating ashmem region of size 9113600
09-07 03:56:03.313  2037  2065 I ActivityTaskManager: Displayed ru.iteco.fmhandroid/.ui.AppActivity: +170ms
09-07 03:56:03.323  2182  2182 W View    : requestLayout() improperly called by com.android.keyguard.AlphaOptimizedLinearLayout{551c6d8 V.E...... ......ID 7,0-48,61 #7f0a041c app:id/wifi_group} during second layout pass: posting in next frame
09-07 03:56:03.339  2182  2182 W View    : requestLayout() improperly called by StatusBarIconView(slot=mobile icon=null notification=null) during layout: running second layout pass
09-07 03:56:03.345 15664 15664 I ViewInteraction: Performing 'wait for a specific view with <an instance of android.widget.TextView and view.getText() with or without transformation to match: is "News"> during 10000 millis.' action on view view.getRootView() to equal view
09-07 03:56:03.351  2666  2666 I dnsi    : onStop
09-07 03:56:03.374  1823  1823 W SurfaceFlinger: couldn't log to binary event log: overflow.
09-07 03:56:03.374  2182  2182 W View    : requestLayout() improperly called by com.android.keyguard.AlphaOptimizedLinearLayout{551c6d8 V.E...... ......ID 7,0-48,61 #7f0a041c app:id/wifi_group} during second layout pass: posting in next frame
09-07 03:56:03.374  1823  1823 W SurfaceFlinger: couldn't log to binary event log: overflow.
09-07 03:56:03.379  2182  2182 W View    : requestLayout() improperly called by StatusBarIconView(slot=mobile icon=null notification=null) during layout: running second layout pass
09-07 03:56:03.388  7867 15503 V FA-SVC  : Logging event: origin=auto,name=screen_view(_vs),params=Bundle[{ga_event_origin(_o)=auto, ga_previous_class(_pc)=AppActivity, ga_previous_id(_pi)=-908116792709221436, ga_screen_class(_sc)=AppActivity, ga_screen_id(_si)=-908116792709221435}]
09-07 03:56:03.397  2182  2182 W View    : requestLayout() improperly called by com.android.keyguard.AlphaOptimizedLinearLayout{551c6d8 V.E...... ......ID 7,0-48,61 #7f0a041c app:id/wifi_group} during second layout pass: posting in next frame
09-07 03:56:03.402  7867 15503 V FA-SVC  : Upload scheduled in approximately ms: 1873708
09-07 03:56:03.403  7867 15503 V FA-SVC  : Unscheduling upload
09-07 03:56:03.405  7867 15503 V FA-SVC  : Scheduling upload, millis: 1873708
09-07 03:56:03.406  7867 15503 V FA-SVC  : Background event processing time, ms: 20
09-07 03:56:03.409  2182  2182 W View    : requestLayout() improperly called by StatusBarIconView(slot=mobile icon=null notification=null) during layout: running second layout pass
09-07 03:56:03.431  2182  2182 W View    : requestLayout() improperly called by com.android.keyguard.AlphaOptimizedLinearLayout{551c6d8 V.E...... ......ID 7,0-48,61 #7f0a041c app:id/wifi_group} during second layout pass: posting in next frame
09-07 03:56:03.450  2182  2182 W View    : requestLayout() improperly called by StatusBarIconView(slot=mobile icon=null notification=null) during layout: running second layout pass
09-07 03:56:03.466  2182  2182 W View    : requestLayout() improperly called by com.android.keyguard.AlphaOptimizedLinearLayout{551c6d8 V.E...... ......ID 7,0-48,61 #7f0a041c app:id/wifi_group} during second layout pass: posting in next frame
09-07 03:56:03.481  2182  2182 W View    : requestLayout() improperly called by StatusBarIconView(slot=mobile icon=null notification=null) during layout: running second layout pass
09-07 03:56:03.502  2182  2182 W View    : requestLayout() improperly called by com.android.keyguard.AlphaOptimizedLinearLayout{551c6d8 V.E...... ......ID 7,0-48,61 #7f0a041c app:id/wifi_group} during second layout pass: posting in next frame
09-07 03:56:03.517  2182  2182 W View    : requestLayout() improperly called by StatusBarIconView(slot=mobile icon=null notification=null) during layout: running second layout pass
09-07 03:56:03.537  2182  2182 W View    : requestLayout() improperly called by com.android.keyguard.AlphaOptimizedLinearLayout{551c6d8 V.E...... ......ID 7,0-48,61 #7f0a041c app:id/wifi_group} during second layout pass: posting in next frame
09-07 03:56:03.551  2182  2182 W View    : requestLayout() improperly called by StatusBarIconView(slot=mobile icon=null notification=null) during layout: running second layout pass
09-07 03:56:03.991  1792  2272 E GnssHAL_GnssInterface: gnssSvStatusCb: a: input svInfo.flags is 8
09-07 03:56:03.991  1792  2272 E GnssHAL_GnssInterface: gnssSvStatusCb: b: input svInfo.flags is 8
09-07 03:56:04.991  1792  2272 E GnssHAL_GnssInterface: gnssSvStatusCb: a: input svInfo.flags is 8
09-07 03:56:04.991  1792  2272 E GnssHAL_GnssInterface: gnssSvStatusCb: b: input svInfo.flags is 8
09-07 03:56:05.089  1781  1887 W audio_hw_generic: Not supplying enough data to HAL, expected position 31157907 , only wrote 30833667
09-07 03:56:05.993  1792  2272 E GnssHAL_GnssInterface: gnssSvStatusCb: a: input svInfo.flags is 8
09-07 03:56:05.993  1792  2272 E GnssHAL_GnssInterface: gnssSvStatusCb: b: input svInfo.flags is 8
09-07 03:56:06.236 15664 15773 I okhttp.OkHttpClient: --> GET http://www.981757-ca08998.tmweb.ru:8080/fmh/authentication/userInfo
09-07 03:56:06.237 15664 15773 I okhttp.OkHttpClient: --> END GET
09-07 03:56:06.378 15664 15773 I okhttp.OkHttpClient: <-- 200 http://www.981757-ca08998.tmweb.ru:8080/fmh/authentication/userInfo (140ms)
09-07 03:56:06.378 15664 15773 I okhttp.OkHttpClient: Vary: Origin
09-07 03:56:06.378 15664 15773 I okhttp.OkHttpClient: Vary: Access-Control-Request-Method
09-07 03:56:06.378 15664 15773 I okhttp.OkHttpClient: Vary: Access-Control-Request-Headers
09-07 03:56:06.378 15664 15773 I okhttp.OkHttpClient: X-Content-Type-Options: nosniff
09-07 03:56:06.378 15664 15773 I okhttp.OkHttpClient: X-XSS-Protection: 1; mode=block
09-07 03:56:06.378 15664 15773 I okhttp.OkHttpClient: Cache-Control: no-cache, no-store, max-age=0, must-revalidate
09-07 03:56:06.378 15664 15773 I okhttp.OkHttpClient: Pragma: no-cache
09-07 03:56:06.378 15664 15773 I okhttp.OkHttpClient: Expires: 0
09-07 03:56:06.378 15664 15773 I okhttp.OkHttpClient: X-Frame-Options: DENY
09-07 03:56:06.379 15664 15773 I okhttp.OkHttpClient: Content-Type: application/json
09-07 03:56:06.379 15664 15773 I okhttp.OkHttpClient: Transfer-Encoding: chunked
09-07 03:56:06.379 15664 15773 I okhttp.OkHttpClient: Date: Thu, 07 Sep 2023 03:56:07 GMT
09-07 03:56:06.379 15664 15773 I okhttp.OkHttpClient: Keep-Alive: timeout=60
09-07 03:56:06.379 15664 15773 I okhttp.OkHttpClient: Connection: keep-alive
09-07 03:56:06.379 15664 15773 I okhttp.OkHttpClient: {"id":1,"firstName":"Ivan","lastName":"Ivanov","middleName":"Ivanovich","admin":true}
09-07 03:56:06.379 15664 15773 I okhttp.OkHttpClient: <-- END HTTP (85-byte body)
09-07 03:56:06.384 15664 15777 I okhttp.OkHttpClient: --> GET http://www.981757-ca08998.tmweb.ru:8080/fmh/claims
09-07 03:56:06.384 15664 15777 I okhttp.OkHttpClient: --> END GET
09-07 03:56:06.608 15664 15760 D EGL_emulation: eglMakeCurrent: 0xe22f9040: ver 2 0 (tinfo 0xd6c902d0)
09-07 03:56:06.610  1793 14098 D gralloc_ranchu: gralloc_alloc: Creating ashmem region of size 9850880
09-07 03:56:06.618  2182  2182 W View    : requestLayout() improperly called by com.android.keyguard.AlphaOptimizedLinearLayout{551c6d8 V.E...... ......ID 7,0-48,61 #7f0a041c app:id/wifi_group} during second layout pass: posting in next frame
09-07 03:56:06.621 15664 15760 D EGL_emulation: eglMakeCurrent: 0xe22f9040: ver 2 0 (tinfo 0xd6c902d0)
09-07 03:56:06.623  2182  2182 W View    : requestLayout() improperly called by StatusBarIconView(slot=mobile icon=null notification=null) during layout: running second layout pass
09-07 03:56:06.764  1793 14098 D gralloc_ranchu: gralloc_alloc: Creating ashmem region of size 9850880
09-07 03:56:06.786  1793 14098 D gralloc_ranchu: gralloc_alloc: Creating ashmem region of size 9850880
09-07 03:56:06.875 15664 15664 I ViewInteraction: Checking 'MatchesViewAssertion{viewMatcher=(view has effective visibility <VISIBLE> and view.getGlobalVisibleRect() to return non-empty rectangle)}' assertion on view an instance of android.widget.TextView and view.getText() with or without transformation to match: is "News"
09-07 03:56:06.878 15664 15664 I ViewInteraction: Performing 'wait for a specific view with <view.getId() is <2131230951>> during 10000 millis.' action on view view.getRootView() to equal view
09-07 03:56:06.879 15664 15664 I ViewInteraction: Checking 'MatchesViewAssertion{viewMatcher=(view has effective visibility <VISIBLE> and view.getGlobalVisibleRect() to return non-empty rectangle)}' assertion on view view.getId() is <2131230951/ru.iteco.fmhandroid:id/container_list_news_include_on_fragment_main>
09-07 03:56:06.881 15664 15664 I ViewInteraction: Performing 'wait for a specific view with <view.getId() is <2131230949>> during 10000 millis.' action on view view.getRootView() to equal view
09-07 03:56:06.882 15664 15664 I ViewInteraction: Checking 'MatchesViewAssertion{viewMatcher=(view has effective visibility <VISIBLE> and view.getGlobalVisibleRect() to return non-empty rectangle)}' assertion on view view.getId() is <2131230949/ru.iteco.fmhandroid:id/container_list_claim_include_on_fragment_main>
09-07 03:56:06.884 15664 15664 I ViewInteraction: Performing 'wait for a specific view with <an instance of android.widget.TextView and view.getText() with or without transformation to match: is "Claims"> during 10000 millis.' action on view view.getRootView() to equal view
09-07 03:56:06.886 15664 15664 I ViewInteraction: Checking 'MatchesViewAssertion{viewMatcher=(view has effective visibility <VISIBLE> and view.getGlobalVisibleRect() to return non-empty rectangle)}' assertion on view an instance of android.widget.TextView and view.getText() with or without transformation to match: is "Claims"
09-07 03:56:06.888 15664 15664 I ViewInteraction: Performing 'wait for a specific view with <view.getId() is <2131231123/ru.iteco.fmhandroid:id/main_menu_image_button>> during 10000 millis.' action on view view.getRootView() to equal view
09-07 03:56:06.890 15664 15664 I ViewInteraction: Performing 'single click' action on view view.getId() is <2131231123/ru.iteco.fmhandroid:id/main_menu_image_button>
09-07 03:56:06.938  1781  6116 W audio_hw_generic: Not supplying enough data to HAL, expected position 30833681 , only wrote 30833667
09-07 03:56:06.965  1793 14098 D gralloc_ranchu: gralloc_alloc: Creating ashmem region of size 2015232
09-07 03:56:06.970  1793 14098 I chatty  : uid=1000(system) HwBinder:1793_3 identical 1 line
09-07 03:56:06.971  1793 14098 D gralloc_ranchu: gralloc_alloc: Creating ashmem region of size 2015232
09-07 03:56:06.974 15664 15760 D EGL_emulation: eglMakeCurrent: 0xe22f9040: ver 2 0 (tinfo 0xd6c902d0)
09-07 03:56:06.981 15664 15760 I chatty  : uid=10136(ru.iteco.fmhandroid) RenderThread identical 1 line
09-07 03:56:06.987 15664 15760 D EGL_emulation: eglMakeCurrent: 0xe22f9040: ver 2 0 (tinfo 0xd6c902d0)
09-07 03:56:06.992  1792  2272 E GnssHAL_GnssInterface: gnssSvStatusCb: a: input svInfo.flags is 8
09-07 03:56:06.992  1792  2272 E GnssHAL_GnssInterface: gnssSvStatusCb: b: input svInfo.flags is 8
09-07 03:56:07.018 15664 15760 D EGL_emulation: eglMakeCurrent: 0xe22f9040: ver 2 0 (tinfo 0xd6c902d0)
09-07 03:56:07.247 15664 15664 I ViewInteraction: Performing 'wait for a specific view with <an instance of android.widget.TextView and view.getText() with or without transformation to match: is "Claims"> during 10000 millis.' action on view view.getRootView() to equal view
09-07 03:56:07.252 15664 15664 I ViewInteraction: Performing 'single click' action on view an instance of android.widget.TextView and view.getText() with or without transformation to match: is "Claims"
09-07 03:56:07.313 15664 15760 D EGL_emulation: eglMakeCurrent: 0xe22f9040: ver 2 0 (tinfo 0xd6c902d0)
09-07 03:56:07.375 15664 15787 I okhttp.OkHttpClient: --> GET http://www.981757-ca08998.tmweb.ru:8080/fmh/claims
09-07 03:56:07.375 15664 15787 I okhttp.OkHttpClient: --> END GET
09-07 03:56:07.378  1774 16015 E ResolverController: No valid NAT64 prefix (101, <unspecified>/0)
09-07 03:56:07.395 15664 15760 D EGL_emulation: eglMakeCurrent: 0xe22f9040: ver 2 0 (tinfo 0xd6c902d0)
09-07 03:56:07.404 15664 15760 D EGL_emulation: eglMakeCurrent: 0xe22f9040: ver 2 0 (tinfo 0xd6c902d0)
09-07 03:56:07.585 15664 15664 I ViewInteraction: Performing 'wait for a specific view with <view.getId() is <2131230849/ru.iteco.fmhandroid:id/add_new_claim_material_button>> during 10000 millis.' action on view view.getRootView() to equal view
09-07 03:56:07.586 15664 15664 I ViewInteraction: Performing 'single click' action on view view.getId() is <2131230849/ru.iteco.fmhandroid:id/add_new_claim_material_button>
09-07 03:56:07.646 15664 15773 I okhttp.OkHttpClient: --> GET http://www.981757-ca08998.tmweb.ru:8080/fmh/users
09-07 03:56:07.646 15664 15773 I okhttp.OkHttpClient: --> END GET
09-07 03:56:07.774 15664 15773 I okhttp.OkHttpClient: <-- 200 http://www.981757-ca08998.tmweb.ru:8080/fmh/users (127ms)
09-07 03:56:07.774 15664 15773 I okhttp.OkHttpClient: Vary: Origin
09-07 03:56:07.774 15664 15773 I okhttp.OkHttpClient: Vary: Access-Control-Request-Method
09-07 03:56:07.774 15664 15773 I okhttp.OkHttpClient: Vary: Access-Control-Request-Headers
09-07 03:56:07.774 15664 15773 I okhttp.OkHttpClient: X-Content-Type-Options: nosniff
09-07 03:56:07.776 15664 15773 I okhttp.OkHttpClient: X-XSS-Protection: 1; mode=block
09-07 03:56:07.776 15664 15773 I okhttp.OkHttpClient: Cache-Control: no-cache, no-store, max-age=0, must-revalidate
09-07 03:56:07.776 15664 15773 I okhttp.OkHttpClient: Pragma: no-cache
09-07 03:56:07.776 15664 15773 I okhttp.OkHttpClient: Expires: 0
09-07 03:56:07.776 15664 15773 I okhttp.OkHttpClient: X-Frame-Options: DENY
09-07 03:56:07.777 15664 15773 I okhttp.OkHttpClient: Content-Type: application/json
09-07 03:56:07.777 15664 15773 I okhttp.OkHttpClient: Transfer-Encoding: chunked
09-07 03:56:07.777 15664 15773 I okhttp.OkHttpClient: Date: Thu, 07 Sep 2023 03:56:08 GMT
09-07 03:56:07.777 15664 15773 I okhttp.OkHttpClient: Keep-Alive: timeout=60
09-07 03:56:07.777 15664 15773 I okhttp.OkHttpClient: Connection: keep-alive
09-07 03:56:07.778 15664 15773 I okhttp.OkHttpClient: [{"id":1,"firstName":"Ivan","lastName":"Ivanov","middleName":"Ivanovich","admin":true}]
09-07 03:56:07.778 15664 15773 I okhttp.OkHttpClient: <-- END HTTP (87-byte body)
09-07 03:56:07.897 15664 15664 I ViewInteraction: Performing 'wait for a specific view with <view.getId() is <2131231041/ru.iteco.fmhandroid:id/executor_drop_menu_auto_complete_text_view>> during 10000 millis.' action on view view.getRootView() to equal view
09-07 03:56:07.899 15664 15664 I ViewInteraction: Performing 'single click' action on view view.getId() is <2131231041/ru.iteco.fmhandroid:id/executor_drop_menu_auto_complete_text_view>
09-07 03:56:07.974  1793 14098 D gralloc_ranchu: gralloc_alloc: Creating ashmem region of size 1134592
09-07 03:56:07.980  1793 14098 I chatty  : uid=1000(system) HwBinder:1793_3 identical 1 line
09-07 03:56:07.981  1793 14098 D gralloc_ranchu: gralloc_alloc: Creating ashmem region of size 1134592
09-07 03:56:07.983 15664 15760 D EGL_emulation: eglMakeCurrent: 0xe22f9040: ver 2 0 (tinfo 0xd6c902d0)
09-07 03:56:07.991 15664 15664 I AssistStructure: Flattened final assist data: 6348 bytes, containing 2 windows, 48 views
09-07 03:56:07.992  1792  2272 E GnssHAL_GnssInterface: gnssSvStatusCb: a: input svInfo.flags is 8
09-07 03:56:07.992  1792  2272 E GnssHAL_GnssInterface: gnssSvStatusCb: b: input svInfo.flags is 8
09-07 03:56:08.004  8425  8425 W AutofillChimeraService: Pending fill request while another request in the same session was triggered. [CONTEXT service_id=177 ]
09-07 03:56:08.006 15664 15760 D EGL_emulation: eglMakeCurrent: 0xe22f9040: ver 2 0 (tinfo 0xd6c902d0)
09-07 03:56:08.011 15664 15664 I AssistStructure: Flattened final assist data: 6348 bytes, containing 2 windows, 48 views
09-07 03:56:08.016 15664 15760 D EGL_emulation: eglMakeCurrent: 0xe22f9040: ver 2 0 (tinfo 0xd6c902d0)
09-07 03:56:08.020  6131  6131 I KeyboardViewUtil: systemKeyboardHeightRatio:1.000000; userKeyboardHeightRatio:1.000000.
09-07 03:56:08.020  6131  6131 I AndroidIME: LatinIme.onActivate() : EditorInfo = Package = ru.iteco.fmhandroid : Type = Text : Learning = Disable : Suggestion = Show : AutoCorrection = Disable : Microphone = Show : NoPersonalizedLearning = Disable
09-07 03:56:08.026  6131  6131 I Conv2QueryExtension: Current locale: en_US, config allows these locales: de,en,es,fr,it,ms,pt,ta
09-07 03:56:08.026  6131  6131 I Conv2QueryExtension: Conv2Query not enabled due to current app [ru.iteco.fmhandroid] not in whitelist
09-07 03:56:08.026  6131  6131 I Conv2QueryExtension: onActivate() : Disabled by unsupported host app
09-07 03:56:08.030  8425  8425 W AutofillChimeraService: Pending fill request while another request in the same session was triggered. [CONTEXT service_id=177 ]
09-07 03:56:08.033  2182  2468 D EGL_emulation: eglMakeCurrent: 0xda21a360: ver 2 0 (tinfo 0xda20f590)
09-07 03:56:08.034  2182  2182 W View    : requestLayout() improperly called by com.android.keyguard.AlphaOptimizedLinearLayout{551c6d8 V.E...... ......ID 7,0-48,61 #7f0a041c app:id/wifi_group} during second layout pass: posting in next frame
09-07 03:56:08.036 15664 15760 D EGL_emulation: eglMakeCurrent: 0xe22f9040: ver 2 0 (tinfo 0xd6c902d0)
09-07 03:56:08.040  1793 14098 D gralloc_ranchu: gralloc_alloc: Creating ashmem region of size 9113600
09-07 03:56:08.044  1793 14098 I chatty  : uid=1000(system) HwBinder:1793_3 identical 1 line
09-07 03:56:08.045  1793 14098 D gralloc_ranchu: gralloc_alloc: Creating ashmem region of size 9113600
09-07 03:56:08.046  6131  6653 D EGL_emulation: eglMakeCurrent: 0xe224f240: ver 2 0 (tinfo 0xe227da70)
09-07 03:56:08.052  2182  2182 W View    : requestLayout() improperly called by StatusBarIconView(slot=mobile icon=null notification=null) during layout: running second layout pass
09-07 03:56:08.053  2182  2468 D EGL_emulation: eglMakeCurrent: 0xda21a360: ver 2 0 (tinfo 0xda20f590)
09-07 03:56:08.258 15664 15664 I ViewInteraction: Performing 'close keyboard' action on view view.getRootView() to equal view
09-07 03:56:08.262  6131  6131 I PhenotypeExpConfig: refreshConfiguration() : Force = false : UpdateAvailable = false : Age = 48 minutes : MaxAge = 720 minutes
09-07 03:56:08.263  6131  6131 I AndroidIME: LatinIme.onDeactivate()
09-07 03:56:08.274  6131  6653 D EGL_emulation: eglMakeCurrent: 0xe224f240: ver 2 0 (tinfo 0xe227da70)
09-07 03:56:08.275  2182  2468 D EGL_emulation: eglMakeCurrent: 0xda21a360: ver 2 0 (tinfo 0xda20f590)
09-07 03:56:08.276  2182  2182 W View    : requestLayout() improperly called by com.android.keyguard.AlphaOptimizedLinearLayout{551c6d8 V.E...... ......ID 7,0-48,61 #7f0a041c app:id/wifi_group} during second layout pass: posting in next frame
09-07 03:56:08.293  2182  2182 W View    : requestLayout() improperly called by StatusBarIconView(slot=mobile icon=null notification=null) during layout: running second layout pass
09-07 03:56:08.299  2182  2468 D EGL_emulation: eglMakeCurrent: 0xda21a360: ver 2 0 (tinfo 0xda20f590)
09-07 03:56:08.379 15664 15708 V FA      : Inactivity, disconnecting from the service
09-07 03:56:08.575 15664 15664 I ViewInteraction: Performing 'single click' action on view an instance of android.widget.TextView and view.getText() with or without transformation to match: is "Ivanov Ivan Ivanovich"
09-07 03:56:08.626 15664 15760 D EGL_emulation: eglMakeCurrent: 0xe22f9040: ver 2 0 (tinfo 0xd6c902d0)
09-07 03:56:08.697 15664 15760 I chatty  : uid=10136(ru.iteco.fmhandroid) RenderThread identical 1 line
09-07 03:56:08.705 15664 15760 D EGL_emulation: eglMakeCurrent: 0xe22f9040: ver 2 0 (tinfo 0xd6c902d0)
09-07 03:56:08.717  2037  4291 E InputDispatcher: Window handle Window{6dd74f8 u0 PopupWindow:2ef88de} has no registered input channel
09-07 03:56:08.848 15664 15664 I ViewInteraction: Performing 'wait for a specific view with <(view.getId() is <2131231402/ru.iteco.fmhandroid:id/title_edit_text> and view.getParent() view.getParent() view.getId() is <2131231406/ru.iteco.fmhandroid:id/title_text_input_layout>)> during 10000 millis.' action on view view.getRootView() to equal view
09-07 03:56:08.851 15664 15664 I ViewInteraction: Performing 'replace text(Заголовок d81eb97d-ba63-4b63-a88e-82e2e4ed8684)' action on view (view.getId() is <2131231402/ru.iteco.fmhandroid:id/title_edit_text> and view.getParent() view.getParent() view.getId() is <2131231406/ru.iteco.fmhandroid:id/title_text_input_layout>)
09-07 03:56:08.900 15664 15664 I ViewInteraction: Performing 'wait for a specific view with <view.getId() is <2131230975/ru.iteco.fmhandroid:id/date_in_plan_text_input_edit_text>> during 10000 millis.' action on view view.getRootView() to equal view
09-07 03:56:08.903 15664 15664 I ViewInteraction: Performing 'single click' action on view view.getId() is <2131230975/ru.iteco.fmhandroid:id/date_in_plan_text_input_edit_text>
09-07 03:56:08.992  1792  2272 E GnssHAL_GnssInterface: gnssSvStatusCb: a: input svInfo.flags is 8
09-07 03:56:08.992  1792  2272 E GnssHAL_GnssInterface: gnssSvStatusCb: b: input svInfo.flags is 8
09-07 03:56:09.005  1793 14098 D gralloc_ranchu: gralloc_alloc: Creating ashmem region of size 6778880
09-07 03:56:09.014  1793 14098 I chatty  : uid=1000(system) HwBinder:1793_3 identical 1 line
09-07 03:56:09.019  1793 14098 D gralloc_ranchu: gralloc_alloc: Creating ashmem region of size 6778880
09-07 03:56:09.020 15664 15760 D EGL_emulation: eglMakeCurrent: 0xe22f9040: ver 2 0 (tinfo 0xd6c902d0)
09-07 03:56:09.120 15664 15760 I chatty  : uid=10136(ru.iteco.fmhandroid) RenderThread identical 4 lines
09-07 03:56:09.443 15664 15760 D EGL_emulation: eglMakeCurrent: 0xe22f9040: ver 2 0 (tinfo 0xd6c902d0)
09-07 03:56:09.768 15664 15664 I ViewInteraction: Performing 'wait for a specific view with <is assignable from class <class android.widget.DatePicker>> during 10000 millis.' action on view view.getRootView() to equal view
09-07 03:56:09.770 15664 15664 I ViewInteraction: Checking 'MatchesViewAssertion{viewMatcher=(view has effective visibility <VISIBLE> and view.getGlobalVisibleRect() to return non-empty rectangle)}' assertion on view is assignable from class <class android.widget.DatePicker>
09-07 03:56:09.771 15664 15664 I ViewInteraction: Performing 'wait for a specific view with <is assignable from class <class android.widget.DatePicker>> during 10000 millis.' action on view view.getRootView() to equal view
09-07 03:56:09.773 15664 15664 I ViewInteraction: Performing 'set date' action on view is assignable from class <class android.widget.DatePicker>
09-07 03:56:09.792 15664 15760 D EGL_emulation: eglMakeCurrent: 0xe22f9040: ver 2 0 (tinfo 0xd6c902d0)
09-07 03:56:09.812 15664 15664 I ViewInteraction: Performing 'wait for a specific view with <view.getId() is <16908313/android:id/button1>> during 10000 millis.' action on view view.getRootView() to equal view
09-07 03:56:09.815 15664 15664 I ViewInteraction: Performing 'single click' action on view view.getId() is <16908313/android:id/button1>
09-07 03:56:09.873 15664 15760 D EGL_emulation: eglMakeCurrent: 0xe22f9040: ver 2 0 (tinfo 0xd6c902d0)
09-07 03:56:09.884  2037  2674 E InputDispatcher: Window handle Window{6795ce9 u0 ru.iteco.fmhandroid/ru.iteco.fmhandroid.ui.AppActivity} has no registered input channel
09-07 03:56:09.891 15664 15760 D EGL_emulation: eglMakeCurrent: 0xe22f9040: ver 2 0 (tinfo 0xd6c902d0)
09-07 03:56:09.993  1792  2272 E GnssHAL_GnssInterface: gnssSvStatusCb: a: input svInfo.flags is 8
09-07 03:56:09.993  1792  2272 E GnssHAL_GnssInterface: gnssSvStatusCb: b: input svInfo.flags is 8
09-07 03:56:10.130 15664 15664 I ViewInteraction: Performing 'wait for a specific view with <(an instance of android.widget.TextView and view.getHint() matching: is "Time" and view.getParent() view.getParent() view.getId() is <2131231399/ru.iteco.fmhandroid:id/time_in_plan_text_input_layout>)> during 10000 millis.' action on view view.getRootView() to equal view
09-07 03:56:10.135 15664 15664 I ViewInteraction: Performing 'single click' action on view (an instance of android.widget.TextView and view.getHint() matching: is "Time" and view.getParent() view.getParent() view.getId() is <2131231399/ru.iteco.fmhandroid:id/time_in_plan_text_input_layout>)
09-07 03:56:10.242  1793 14098 D gralloc_ranchu: gralloc_alloc: Creating ashmem region of size 5718016
09-07 03:56:10.248  1793 14098 I chatty  : uid=1000(system) HwBinder:1793_3 identical 1 line
09-07 03:56:10.249  1793 14098 D gralloc_ranchu: gralloc_alloc: Creating ashmem region of size 5718016
09-07 03:56:10.251 15664 15760 D EGL_emulation: eglMakeCurrent: 0xe22f9040: ver 2 0 (tinfo 0xd6c902d0)
09-07 03:56:10.276 15664 15760 D EGL_emulation: eglMakeCurrent: 0xe22f9040: ver 2 0 (tinfo 0xd6c902d0)
09-07 03:56:10.522 15664 15664 I ViewInteraction: Performing 'wait for a specific view with <is assignable from class <class android.widget.TimePicker>> during 10000 millis.' action on view view.getRootView() to equal view
09-07 03:56:10.523 15664 15664 I ViewInteraction: Checking 'MatchesViewAssertion{viewMatcher=(view has effective visibility <VISIBLE> and view.getGlobalVisibleRect() to return non-empty rectangle)}' assertion on view is assignable from class <class android.widget.TimePicker>
09-07 03:56:10.525 15664 15664 I ViewInteraction: Performing 'wait for a specific view with <is assignable from class <class android.widget.TimePicker>> during 10000 millis.' action on view view.getRootView() to equal view
09-07 03:56:10.528 15664 15664 I ViewInteraction: Performing 'set time' action on view is assignable from class <class android.widget.TimePicker>
09-07 03:56:10.529 15664 15664 I ViewInteraction: Performing 'wait for a specific view with <view.getId() is <16908313/android:id/button1>> during 10000 millis.' action on view view.getRootView() to equal view
09-07 03:56:10.531 15664 15664 I ViewInteraction: Performing 'single click' action on view view.getId() is <16908313/android:id/button1>
09-07 03:56:10.588 15664 15760 D EGL_emulation: eglMakeCurrent: 0xe22f9040: ver 2 0 (tinfo 0xd6c902d0)
09-07 03:56:10.602 15664 15760 D EGL_emulation: eglMakeCurrent: 0xe22f9040: ver 2 0 (tinfo 0xd6c902d0)
09-07 03:56:10.606  2037  4291 E InputDispatcher: Window handle Window{cbe5e1e u0 ru.iteco.fmhandroid/ru.iteco.fmhandroid.ui.AppActivity} has no registered input channel
09-07 03:56:10.615 15664 15760 D EGL_emulation: eglMakeCurrent: 0xe22f9040: ver 2 0 (tinfo 0xd6c902d0)
09-07 03:56:10.623  2037  5231 E InputDispatcher: Window handle Window{cbe5e1e u0 ru.iteco.fmhandroid/ru.iteco.fmhandroid.ui.AppActivity} has no registered input channel
09-07 03:56:10.858 15664 15664 I ViewInteraction: Performing 'wait for a specific view with <(an instance of android.widget.TextView and view.getHint() matching: is "Description" and view.getParent() view.getParent() view.getId() is <2131230988/ru.iteco.fmhandroid:id/description_text_input_layout>)> during 10000 millis.' action on view view.getRootView() to equal view
09-07 03:56:10.862 15664 15664 I ViewInteraction: Performing 'replace text(Описание 5b0eed89-c892-41b3-b212-f5abcdd780f2)' action on view (an instance of android.widget.TextView and view.getHint() matching: is "Description" and view.getParent() view.getParent() view.getId() is <2131230988/ru.iteco.fmhandroid:id/description_text_input_layout>)
09-07 03:56:10.907 15664 15664 I ViewInteraction: Performing 'wait for a specific view with <view.getId() is <2131231291/ru.iteco.fmhandroid:id/save_button>> during 10000 millis.' action on view view.getRootView() to equal view
09-07 03:56:10.910 15664 15664 I ViewInteraction: Performing 'single click' action on view view.getId() is <2131231291/ru.iteco.fmhandroid:id/save_button>
09-07 03:56:10.959 15664 15799 I okhttp.OkHttpClient: --> POST http://www.981757-ca08998.tmweb.ru:8080/fmh/claims
09-07 03:56:10.959 15664 15799 I okhttp.OkHttpClient: Content-Type: application/json; charset=UTF-8
09-07 03:56:10.959 15664 15799 I okhttp.OkHttpClient: Content-Length: 273
09-07 03:56:10.960 15664 15799 I okhttp.OkHttpClient: {"createDate":1694058970,"creatorId":1,"creatorName":"Ivanov Ivan Ivanovich","description":"Описание 5b0eed89-c892-41b3-b212-f5abcdd780f2","executorId":1,"planExecuteDate":1694058960,"status":"OPEN","title":"Заголовок d81eb97d-ba63-4b63-a88e-82e2e4ed8684"}
09-07 03:56:10.960 15664 15799 I okhttp.OkHttpClient: --> END POST (273-byte body)
09-07 03:56:10.963  1774 16022 E ResolverController: No valid NAT64 prefix (101, <unspecified>/0)
09-07 03:56:10.992  1792  2272 E GnssHAL_GnssInterface: gnssSvStatusCb: a: input svInfo.flags is 8
09-07 03:56:10.992  1792  2272 E GnssHAL_GnssInterface: gnssSvStatusCb: b: input svInfo.flags is 8
09-07 03:56:11.192 15664 15664 I ViewInteraction: Performing 'wait for a specific view with <view.getId() is <2131230916/ru.iteco.fmhandroid:id/claim_list_recycler_view>> during 10000 millis.' action on view view.getRootView() to equal view
09-07 03:56:11.217 15664 15799 I okhttp.OkHttpClient: <-- 200 http://www.981757-ca08998.tmweb.ru:8080/fmh/claims (257ms)
09-07 03:56:11.217 15664 15799 I okhttp.OkHttpClient: Vary: Origin
09-07 03:56:11.217 15664 15799 I okhttp.OkHttpClient: Vary: Access-Control-Request-Method
09-07 03:56:11.217 15664 15799 I okhttp.OkHttpClient: Vary: Access-Control-Request-Headers
09-07 03:56:11.218 15664 15799 I okhttp.OkHttpClient: X-Content-Type-Options: nosniff
09-07 03:56:11.218 15664 15799 I okhttp.OkHttpClient: X-XSS-Protection: 1; mode=block
09-07 03:56:11.218 15664 15799 I okhttp.OkHttpClient: Cache-Control: no-cache, no-store, max-age=0, must-revalidate
09-07 03:56:11.218 15664 15799 I okhttp.OkHttpClient: Pragma: no-cache
09-07 03:56:11.218 15664 15799 I okhttp.OkHttpClient: Expires: 0
09-07 03:56:11.218 15664 15799 I okhttp.OkHttpClient: X-Frame-Options: DENY
09-07 03:56:11.219 15664 15799 I okhttp.OkHttpClient: Content-Type: application/json
09-07 03:56:11.219 15664 15799 I okhttp.OkHttpClient: Transfer-Encoding: chunked
09-07 03:56:11.219 15664 15799 I okhttp.OkHttpClient: Date: Thu, 07 Sep 2023 03:56:12 GMT
09-07 03:56:11.220 15664 15799 I okhttp.OkHttpClient: Keep-Alive: timeout=60
09-07 03:56:11.220 15664 15799 I okhttp.OkHttpClient: Connection: keep-alive
09-07 03:56:11.220 15664 15799 I okhttp.OkHttpClient: {"id":10687,"title":"Заголовок d81eb97d-ba63-4b63-a88e-82e2e4ed8684","description":"Описание 5b0eed89-c892-41b3-b212-f5abcdd780f2","creatorId":1,"executorId":1,"createDate":1694058970,"planExecuteDate":1694058960,"factExecuteDate":null,"status":"IN_PROGRESS","creatorName":"Ivanov Ivan Ivanovich","executorName":"Ivanov Ivan Ivanovich"}
09-07 03:56:11.220 15664 15799 I okhttp.OkHttpClient: <-- END HTTP (353-byte body)
09-07 03:56:11.276 15664 15664 I ViewInteraction: Checking 'MatchesViewAssertion{viewMatcher=(view has effective visibility <VISIBLE> and view.getGlobalVisibleRect() to return non-empty rectangle)}' assertion on view view.getId() is <2131230916/ru.iteco.fmhandroid:id/claim_list_recycler_view>
09-07 03:56:11.279 15664 15664 I ViewInteraction: Performing 'scroll RecyclerView to: holder with view: (view is an instance of android.view.ViewGroup and has descendant matching an instance of android.widget.TextView and view.getText() with or without transformation to match: is "Заголовок d81eb97d-ba63-4b63-a88e-82e2e4ed8684")' action on view view.getId() is <2131230916/ru.iteco.fmhandroid:id/claim_list_recycler_view>
09-07 03:56:11.280 15664 15664 D takeScreenshot: Found 1 global views to redraw
09-07 03:56:11.313  1793 14098 D gralloc_ranchu: gralloc_alloc: Creating ashmem region of size 9850880
09-07 03:56:11.348 15664 15709 W DefaultFailureHandler: Failed to take screenshot
09-07 03:56:11.348 15664 15709 W DefaultFailureHandler: java.io.FileNotFoundException: view-op-error-7.png: open failed: EROFS (Read-only file system)
09-07 03:56:11.348 15664 15709 W DefaultFailureHandler: 	at libcore.io.IoBridge.open(IoBridge.java:496)
09-07 03:56:11.348 15664 15709 W DefaultFailureHandler: 	at java.io.FileOutputStream.<init>(FileOutputStream.java:235)
09-07 03:56:11.348 15664 15709 W DefaultFailureHandler: 	at java.io.FileOutputStream.<init>(FileOutputStream.java:125)
09-07 03:56:11.348 15664 15709 W DefaultFailureHandler: 	at androidx.test.platform.io.FileTestStorage.openOutputFile(FileTestStorage.java:60)
09-07 03:56:11.348 15664 15709 W DefaultFailureHandler: 	at androidx.test.core.graphics.BitmapStorage.writeToTestStorage(BitmapStorageExt.kt:49)
09-07 03:56:11.348 15664 15709 W DefaultFailureHandler: 	at androidx.test.espresso.base.DefaultFailureHandler.takeScreenshot(DefaultFailureHandler.java:4)
09-07 03:56:11.348 15664 15709 W DefaultFailureHandler: 	at androidx.test.espresso.base.DefaultFailureHandler.handle(DefaultFailureHandler.java:3)
09-07 03:56:11.348 15664 15709 W DefaultFailureHandler: 	at androidx.test.espresso.ViewInteraction.waitForAndHandleInteractionResults(ViewInteraction.java:8)
09-07 03:56:11.348 15664 15709 W DefaultFailureHandler: 	at androidx.test.espresso.ViewInteraction.desugaredPerform(ViewInteraction.java:11)
09-07 03:56:11.348 15664 15709 W DefaultFailureHandler: 	at androidx.test.espresso.ViewInteraction.perform(ViewInteraction.java:8)
09-07 03:56:11.348 15664 15709 W DefaultFailureHandler: 	at ru.iteco.fmhandroid.ui.steps.ClaimsPageSteps.scrollToElementInRecyclerList(ClaimsPageSteps.java:127)
09-07 03:56:11.348 15664 15709 W DefaultFailureHandler: 	at ru.iteco.fmhandroid.ui.steps.ClaimsPageSteps.openClaimCard(ClaimsPageSteps.java:158)
09-07 03:56:11.348 15664 15709 W DefaultFailureHandler: 	at ru.iteco.fmhandroid.ui.ClaimsPageTest.shouldShowWarningMessageClaimCommentFieldIsIncorrect(ClaimsPageTest.java:161)
09-07 03:56:11.348 15664 15709 W DefaultFailureHandler: 	at java.lang.reflect.Method.invoke(Native Method)
09-07 03:56:11.348 15664 15709 W DefaultFailureHandler: 	at org.junit.runners.model.FrameworkMethod$1.runReflectiveCall(FrameworkMethod.java:59)
09-07 03:56:11.348 15664 15709 W DefaultFailureHandler: 	at org.junit.internal.runners.model.ReflectiveCallable.run(ReflectiveCallable.java:12)
09-07 03:56:11.348 15664 15709 W DefaultFailureHandler: 	at org.junit.runners.model.FrameworkMethod.invokeExplosively(FrameworkMethod.java:56)
09-07 03:56:11.348 15664 15709 W DefaultFailureHandler: 	at org.junit.internal.runners.statements.InvokeMethod.evaluate(InvokeMethod.java:17)
09-07 03:56:11.348 15664 15709 W DefaultFailureHandler: 	at androidx.test.internal.runner.junit4.statement.RunBefores.evaluate(RunBefores.java:80)
09-07 03:56:11.348 15664 15709 W DefaultFailureHandler: 	at io.qameta.allure.android.rules.ScreenshotRule$apply$1.evaluate(ScreenshotRule.kt:22)
09-07 03:56:11.348 15664 15709 W DefaultFailureHandler: 	at org.junit.rules.ExternalResource$1.evaluate(ExternalResource.java:54)
09-07 03:56:11.348 15664 15709 W DefaultFailureHandler: 	at io.qameta.allure.android.rules.LogcatRule$apply$1.evaluate(LogcatRule.kt:23)
09-07 03:56:11.348 15664 15709 W DefaultFailureHandler: 	at org.junit.rules.RunRules.evaluate(RunRules.java:20)
09-07 03:56:11.348 15664 15709 W DefaultFailureHandler: 	at org.junit.runners.ParentRunner$3.evaluate(ParentRunner.java:306)
09-07 03:56:11.348 15664 15709 W DefaultFailureHandler: 	at org.junit.runners.BlockJUnit4ClassRunner$1.evaluate(BlockJUnit4ClassRunner.java:100)
09-07 03:56:11.348 15664 15709 W DefaultFailureHandler: 	at org.junit.runners.ParentRunner.runLeaf(ParentRunner.java:366)
09-07 03:56:11.348 15664 15709 W DefaultFailureHandler: 	at org.junit.runners.BlockJUnit4ClassRunner.runChild(BlockJUnit4ClassRunner.java:103)
09-07 03:56:11.348 15664 15709 W DefaultFailureHandler: 	at org.junit.runners.BlockJUnit4ClassRunner.runChild(BlockJUnit4ClassRunner.java:63)
09-07 03:56:11.348 15664 15709 W DefaultFailureHandler: 	at org.junit.runners.ParentRunner$4.run(ParentRunner.java:331)
09-07 03:56:11.348 15664 15709 W DefaultFailureHandler: 	at org.junit.runners.ParentRunner$1.schedule(ParentRunner.java:79)
09-07 03:56:11.348 15664 15709 W DefaultFailureHandler: 	at org.junit.runners.ParentRunner.runChildren(ParentRunner.java:329)
09-07 03:56:11.348 15664 15709 W DefaultFailureHandler: 	at org.junit.runners.ParentRunner.access$100(ParentRunner.java:66)
09-07 03:56:11.348 15664 15709 W DefaultFailureHandler: 	at org.junit.runners.ParentRunner$2.evaluate(ParentRunner.java:293)
09-07 03:56:11.348 15664 15709 W DefaultFailureHandler: 	at org.junit.runners.ParentRunner$3.evaluate(ParentRunner.java:306)
09-07 03:56:11.348 15664 15709 W DefaultFailureHandler: 	at org.junit.runners.ParentRunner.run(ParentRunner.java:413)
09-07 03:56:11.348 15664 15709 W DefaultFailureHandler: 	at androidx.test.ext.junit.runners.AndroidJUnit4.run(AndroidJUnit4.java:162)
09-07 03:56:11.348 15664 15709 W DefaultFailureHandler: 	at io.qameta.allure.android.runners.AllureAndroidJUnit4.run(AllureAndroidJUnitRunners.kt:29)
09-07 03:56:11.348 15664 15709 W DefaultFailureHandler: 	at org.junit.runners.Suite.runChild(Suite.java:128)
09-07 03:56:11.348 15664 15709 W DefaultFailureHandler: 	at org.junit.runners.Suite.runChild(Suite.java:27)
09-07 03:56:11.348 15664 15709 W DefaultFailureHandler: 	at org.junit.runners.ParentRunner$4.run(ParentRunner.java:331)
09-07 03:56:11.348 15664 15709 W DefaultFailureHandler: 	at org.junit.runners.ParentRunner$1.schedule(ParentRunner.java:79)
09-07 03:56:11.348 15664 15709 W DefaultFailureHandler: 	at org.junit.runners.ParentRunner.runChildren(ParentRunner.java:329)
09-07 03:56:11.348 15664 15709 W DefaultFailureHandler: 	at org.junit.runners.ParentRunner.access$100(ParentRunner.java:66)
09-07 03:56:11.348 15664 15709 W DefaultFailureHandler: 	at org.junit.runners.ParentRunner$2.evaluate(ParentRunner.java:293)
09-07 03:56:11.348 15664 15709 W DefaultFailureHandler: 	at org.junit.runners.ParentRunner$3.evaluate(ParentRunner.java:306)
09-07 03:56:11.348 15664 15709 W DefaultFailureHandler: 	at org.junit.runners.ParentRunner.run(ParentRunner.java:413)
09-07 03:56:11.348 15664 15709 W DefaultFailureHandler: 	at org.junit.runner.JUnitCore.run(JUnitCore.java:137)
09-07 03:56:11.348 15664 15709 W DefaultFailureHandler: 	at org.junit.runner.JUnitCore.run(JUnitCore.java:115)
09-07 03:56:11.348 15664 15709 W DefaultFailureHandler: 	at androidx.test.internal.runner.TestExecutor.execute(TestExecutor.java:67)
09-07 03:56:11.348 15664 15709 W DefaultFailureHandler: 	at androidx.test.internal.runner.TestExecutor.execute(TestExecutor.java:58)
09-07 03:56:11.348 15664 15709 W DefaultFailureHandler: 	at androidx.test.runner.AndroidJUnitRunner.onStart(AndroidJUnitRunner.java:438)
09-07 03:56:11.349 15664 15709 W DefaultFailureHandler: 	at android.app.Instrumentation$InstrumentationThread.run(Instrumentation.java:2189)
09-07 03:56:11.349 15664 15709 W DefaultFailureHandler: Caused by: android.system.ErrnoException: open failed: EROFS (Read-only file system)
09-07 03:56:11.349 15664 15709 W DefaultFailureHandler: 	at libcore.io.Linux.open(Native Method)
09-07 03:56:11.349 15664 15709 W DefaultFailureHandler: 	at libcore.io.ForwardingOs.open(ForwardingOs.java:167)
09-07 03:56:11.349 15664 15709 W DefaultFailureHandler: 	at libcore.io.BlockGuardOs.open(BlockGuardOs.java:252)
09-07 03:56:11.349 15664 15709 W DefaultFailureHandler: 	at libcore.io.ForwardingOs.open(ForwardingOs.java:167)
09-07 03:56:11.349 15664 15709 W DefaultFailureHandler: 	at android.app.ActivityThread$AndroidOs.open(ActivityThread.java:7255)
09-07 03:56:11.349 15664 15709 W DefaultFailureHandler: 	at libcore.io.IoBridge.open(IoBridge.java:482)
09-07 03:56:11.349 15664 15709 W DefaultFailureHandler: 	... 51 more
09-07 03:56:11.352  1793 14098 D gralloc_ranchu: gralloc_alloc: Creating ashmem region of size 9850880
09-07 03:56:11.467  2037  4315 I ActivityTaskManager: START u0 {act=android.intent.action.MAIN cat=[android.intent.category.LAUNCHER] flg=0x10000000 cmp=ru.iteco.fmhandroid.test/androidx.test.core.app.InstrumentationActivityInvoker$EmptyActivity} from uid 10136
09-07 03:56:11.471 15664 15664 D LifecycleMonitor: Lifecycle status change: ru.iteco.fmhandroid.ui.AppActivity@45cb2f8 in: PAUSED
09-07 03:56:11.471 15664 15664 V ActivityScenario: Update currentActivityStage to PAUSED, currentActivity=ru.iteco.fmhandroid.ui.AppActivity@45cb2f8
09-07 03:56:11.472  2037  4291 W InputReader: Device has associated, but no associated display id.
09-07 03:56:11.477  2037  4291 I chatty  : uid=1000(system) Binder:2037_10 identical 48 lines
09-07 03:56:11.477  2037  4291 W InputReader: Device has associated, but no associated display id.
09-07 03:56:11.478 15721 15721 W ActivityThread: handleWindowVisibility: no activity for token android.os.BinderProxy@e8b069f
09-07 03:56:11.480 15664 15708 V FA      : Recording user engagement, ms: 8230
09-07 03:56:11.502  2037  4291 I ActivityTaskManager: START u0 {act=android.intent.action.MAIN cat=[android.intent.category.LAUNCHER] flg=0x10000000 cmp=ru.iteco.fmhandroid.test/androidx.test.core.app.InstrumentationActivityInvoker$EmptyActivity} from uid 10136
09-07 03:56:11.502 15664 15708 V FA      : Connecting to remote service
09-07 03:56:11.503 15664 15708 V FA      : Connection attempt already in progress
09-07 03:56:11.503 15664 15708 V FA      : Activity paused, time: 1895372
09-07 03:56:11.508 15664 15708 D FA      : Connected to remote service
09-07 03:56:11.508 15664 15708 V FA      : Processing queued up service tasks: 2
09-07 03:56:11.524  1793 14098 D gralloc_ranchu: gralloc_alloc: Creating ashmem region of size 9850880
09-07 03:56:11.528  1793 14098 D gralloc_ranchu: gralloc_alloc: Creating ashmem region of size 9850880
09-07 03:56:11.529  7867 15503 V FA-SVC  : Logging event: origin=auto,name=user_engagement(_e),params=Bundle[{ga_event_origin(_o)=auto, engagement_time_msec(_et)=8230, ga_screen_class(_sc)=AppActivity, ga_screen_id(_si)=-908116792709221435}]
09-07 03:56:11.529  1793 14098 D gralloc_ranchu: gralloc_alloc: Creating ashmem region of size 9850880
09-07 03:56:11.535 15721 15757 D EGL_emulation: eglMakeCurrent: 0xe22f7300: ver 2 0 (tinfo 0xed489330)
09-07 03:56:11.558  2037  2903 W InputReader: Device has associated, but no associated display id.
