--------- beginning of main
09-07 03:39:38.429 11442 11534 I chatty  : uid=10136(ru.iteco.fmhandroid) RenderThread expire 14 lines
09-07 03:39:38.441 11442 11534 D EGL_emulation: eglMakeCurrent: 0xe2257740: ver 2 0 (tinfo 0xe233aea0)
09-07 03:39:38.807 11442 11442 I ViewInteraction: Performing 'wait for a specific view with <is assignable from class <class android.widget.DatePicker>> during 10000 millis.' action on view view.getRootView() to equal view
09-07 03:39:38.811 11442 11442 I ViewInteraction: Checking 'MatchesViewAssertion{viewMatcher=(view has effective visibility <VISIBLE> and view.getGlobalVisibleRect() to return non-empty rectangle)}' assertion on view is assignable from class <class android.widget.DatePicker>
09-07 03:39:38.813 11442 11442 I ViewInteraction: Performing 'wait for a specific view with <is assignable from class <class android.widget.DatePicker>> during 10000 millis.' action on view view.getRootView() to equal view
09-07 03:39:38.815 11442 11442 I ViewInteraction: Performing 'set date' action on view is assignable from class <class android.widget.DatePicker>
09-07 03:39:38.830 11442 11534 D EGL_emulation: eglMakeCurrent: 0xe2257740: ver 2 0 (tinfo 0xe233aea0)
09-07 03:39:38.851 11442 11442 I ViewInteraction: Performing 'wait for a specific view with <view.getId() is <16908313/android:id/button1>> during 10000 millis.' action on view view.getRootView() to equal view
09-07 03:39:38.854 11442 11442 I ViewInteraction: Performing 'single click' action on view view.getId() is <16908313/android:id/button1>
09-07 03:39:38.903  1792  2272 E GnssHAL_GnssInterface: gnssSvStatusCb: a: input svInfo.flags is 8
09-07 03:39:38.903  1792  2272 E GnssHAL_GnssInterface: gnssSvStatusCb: b: input svInfo.flags is 8
09-07 03:39:38.929 11442 11534 D EGL_emulation: eglMakeCurrent: 0xe2257740: ver 2 0 (tinfo 0xe233aea0)
09-07 03:39:38.936  2037  4391 E InputDispatcher: Window handle Window{c6d38c7 u0 ru.iteco.fmhandroid/ru.iteco.fmhandroid.ui.AppActivity} has no registered input channel
09-07 03:39:38.943 11442 11534 D EGL_emulation: eglMakeCurrent: 0xe2257740: ver 2 0 (tinfo 0xe233aea0)
09-07 03:39:39.188 11442 11442 I ViewInteraction: Performing 'wait for a specific view with <view.getId() is <2131231223/ru.iteco.fmhandroid:id/news_item_publish_time_text_input_edit_text>> during 10000 millis.' action on view view.getRootView() to equal view
09-07 03:39:39.191 11442 11442 I ViewInteraction: Performing 'single click' action on view view.getId() is <2131231223/ru.iteco.fmhandroid:id/news_item_publish_time_text_input_edit_text>
09-07 03:39:39.289  1793  1793 D gralloc_ranchu: gralloc_alloc: Creating ashmem region of size 5718016
09-07 03:39:39.294  1793  1793 I chatty  : uid=1000(system) allocator@2.0-s identical 1 line
09-07 03:39:39.296  1793  1793 D gralloc_ranchu: gralloc_alloc: Creating ashmem region of size 5718016
09-07 03:39:39.300 11442 11534 D EGL_emulation: eglMakeCurrent: 0xe2257740: ver 2 0 (tinfo 0xe233aea0)
09-07 03:39:39.336 11442 11534 D EGL_emulation: eglMakeCurrent: 0xe2257740: ver 2 0 (tinfo 0xe233aea0)
09-07 03:39:39.561 11442 11442 I ViewInteraction: Performing 'wait for a specific view with <is assignable from class <class android.widget.TimePicker>> during 10000 millis.' action on view view.getRootView() to equal view
09-07 03:39:39.565 11442 11442 I ViewInteraction: Checking 'MatchesViewAssertion{viewMatcher=(view has effective visibility <VISIBLE> and view.getGlobalVisibleRect() to return non-empty rectangle)}' assertion on view is assignable from class <class android.widget.TimePicker>
09-07 03:39:39.568 11442 11442 I ViewInteraction: Performing 'wait for a specific view with <is assignable from class <class android.widget.TimePicker>> during 10000 millis.' action on view view.getRootView() to equal view
09-07 03:39:39.570 11442 11442 I ViewInteraction: Performing 'set time' action on view is assignable from class <class android.widget.TimePicker>
09-07 03:39:39.572 11442 11442 I ViewInteraction: Performing 'wait for a specific view with <view.getId() is <16908313/android:id/button1>> during 10000 millis.' action on view view.getRootView() to equal view
09-07 03:39:39.575 11442 11442 I ViewInteraction: Performing 'single click' action on view view.getId() is <16908313/android:id/button1>
09-07 03:39:39.638 11442 11534 D EGL_emulation: eglMakeCurrent: 0xe2257740: ver 2 0 (tinfo 0xe233aea0)
09-07 03:39:39.647 11442 11534 D EGL_emulation: eglMakeCurrent: 0xe2257740: ver 2 0 (tinfo 0xe233aea0)
09-07 03:39:39.655  2037  4315 E InputDispatcher: Window handle Window{7d30d24 u0 ru.iteco.fmhandroid/ru.iteco.fmhandroid.ui.AppActivity} has no registered input channel
09-07 03:39:39.660 11442 11534 D EGL_emulation: eglMakeCurrent: 0xe2257740: ver 2 0 (tinfo 0xe233aea0)
09-07 03:39:39.904  1792  2272 E GnssHAL_GnssInterface: gnssSvStatusCb: a: input svInfo.flags is 8
09-07 03:39:39.905  1792  2272 E GnssHAL_GnssInterface: gnssSvStatusCb: b: input svInfo.flags is 8
09-07 03:39:39.916 11442 11442 I ViewInteraction: Performing 'wait for a specific view with <view.getId() is <2131231211/ru.iteco.fmhandroid:id/news_item_description_text_input_edit_text>> during 10000 millis.' action on view view.getRootView() to equal view
09-07 03:39:39.919 11442 11442 I ViewInteraction: Performing 'replace text(Описание f2255bbe-6fb3-4eee-b23e-779e0e56b5dd)' action on view view.getId() is <2131231211/ru.iteco.fmhandroid:id/news_item_description_text_input_edit_text>
09-07 03:39:39.944 11442 11442 I ViewInteraction: Performing 'wait for a specific view with <view.getId() is <2131231291/ru.iteco.fmhandroid:id/save_button>> during 10000 millis.' action on view view.getRootView() to equal view
09-07 03:39:39.946 11442 11442 I ViewInteraction: Performing 'single click' action on view view.getId() is <2131231291/ru.iteco.fmhandroid:id/save_button>
09-07 03:39:39.997 11442 11571 I okhttp.OkHttpClient: --> POST http://www.981757-ca08998.tmweb.ru:8080/fmh/news
09-07 03:39:39.998 11442 11571 I okhttp.OkHttpClient: Content-Type: application/json; charset=UTF-8
09-07 03:39:39.998 11442 11571 I okhttp.OkHttpClient: Content-Length: 294
09-07 03:39:39.998 11442 11571 I okhttp.OkHttpClient: {"createDate":1694047179,"creatorId":1,"creatorName":"Ivanov Ivan Ivanovich","description":"Описание f2255bbe-6fb3-4eee-b23e-779e0e56b5dd","isOpen":false,"newsCategoryId":1,"publishDate":1694057940,"publishEnabled":true,"title":"Заголовок 60108617-ba56-46b7-bdb9-1210fb48b3d0"}
09-07 03:39:39.998 11442 11571 I okhttp.OkHttpClient: --> END POST (294-byte body)
09-07 03:39:40.000  1774 11756 E ResolverController: No valid NAT64 prefix (101, <unspecified>/0)
09-07 03:39:40.246 11442 11442 I ViewInteraction: Performing 'wait for a specific view with <view.getId() is <2131231230/ru.iteco.fmhandroid:id/news_list_recycler_view>> during 10000 millis.' action on view view.getRootView() to equal view
09-07 03:39:40.299 11442 11571 I okhttp.OkHttpClient: <-- 200 http://www.981757-ca08998.tmweb.ru:8080/fmh/news (300ms)
09-07 03:39:40.299 11442 11571 I okhttp.OkHttpClient: Vary: Origin
09-07 03:39:40.299 11442 11571 I okhttp.OkHttpClient: Vary: Access-Control-Request-Method
09-07 03:39:40.299 11442 11571 I okhttp.OkHttpClient: Vary: Access-Control-Request-Headers
09-07 03:39:40.299 11442 11571 I okhttp.OkHttpClient: X-Content-Type-Options: nosniff
09-07 03:39:40.299 11442 11571 I okhttp.OkHttpClient: X-XSS-Protection: 1; mode=block
09-07 03:39:40.299 11442 11571 I okhttp.OkHttpClient: Cache-Control: no-cache, no-store, max-age=0, must-revalidate
09-07 03:39:40.299 11442 11571 I okhttp.OkHttpClient: Pragma: no-cache
09-07 03:39:40.299 11442 11571 I okhttp.OkHttpClient: Expires: 0
09-07 03:39:40.299 11442 11571 I okhttp.OkHttpClient: X-Frame-Options: DENY
09-07 03:39:40.299 11442 11571 I okhttp.OkHttpClient: Content-Type: application/json
09-07 03:39:40.299 11442 11571 I okhttp.OkHttpClient: Transfer-Encoding: chunked
09-07 03:39:40.299 11442 11571 I okhttp.OkHttpClient: Date: Thu, 07 Sep 2023 03:39:41 GMT
09-07 03:39:40.299 11442 11571 I okhttp.OkHttpClient: Keep-Alive: timeout=60
09-07 03:39:40.299 11442 11571 I okhttp.OkHttpClient: Connection: keep-alive
09-07 03:39:40.300 11442 11571 I okhttp.OkHttpClient: {"id":6395,"newsCategoryId":1,"title":"Заголовок 60108617-ba56-46b7-bdb9-1210fb48b3d0","description":"Описание f2255bbe-6fb3-4eee-b23e-779e0e56b5dd","creatorId":1,"createDate":1694047179,"publishDate":1694057940,"publishEnabled":true,"creatorName":"Ivanov Ivan Ivanovich"}
09-07 03:39:40.300 11442 11571 I okhttp.OkHttpClient: <-- END HTTP (289-byte body)
09-07 03:39:40.357 11442 11442 I ViewInteraction: Performing 'scroll RecyclerView to: holder with view: ((view is an instance of android.view.ViewGroup and has descendant matching an instance of android.widget.TextView and view.getText() with or without transformation to match: is "Заголовок 60108617-ba56-46b7-bdb9-1210fb48b3d0"))' action on view view.getId() is <2131231230/ru.iteco.fmhandroid:id/news_list_recycler_view>
09-07 03:39:40.357 11442 11442 D takeScreenshot: Found 1 global views to redraw
09-07 03:39:40.435  1793  1793 D gralloc_ranchu: gralloc_alloc: Creating ashmem region of size 9850880
09-07 03:39:40.485 11442 11486 W DefaultFailureHandler: Failed to take screenshot
09-07 03:39:40.485 11442 11486 W DefaultFailureHandler: java.io.FileNotFoundException: view-op-error-4.png: open failed: EROFS (Read-only file system)
09-07 03:39:40.485 11442 11486 W DefaultFailureHandler: 	at libcore.io.IoBridge.open(IoBridge.java:496)
09-07 03:39:40.485 11442 11486 W DefaultFailureHandler: 	at java.io.FileOutputStream.<init>(FileOutputStream.java:235)
09-07 03:39:40.485 11442 11486 W DefaultFailureHandler: 	at java.io.FileOutputStream.<init>(FileOutputStream.java:125)
09-07 03:39:40.485 11442 11486 W DefaultFailureHandler: 	at androidx.test.platform.io.FileTestStorage.openOutputFile(FileTestStorage.java:60)
09-07 03:39:40.485 11442 11486 W DefaultFailureHandler: 	at androidx.test.core.graphics.BitmapStorage.writeToTestStorage(BitmapStorageExt.kt:49)
09-07 03:39:40.485 11442 11486 W DefaultFailureHandler: 	at androidx.test.espresso.base.DefaultFailureHandler.takeScreenshot(DefaultFailureHandler.java:4)
09-07 03:39:40.485 11442 11486 W DefaultFailureHandler: 	at androidx.test.espresso.base.DefaultFailureHandler.handle(DefaultFailureHandler.java:3)
09-07 03:39:40.485 11442 11486 W DefaultFailureHandler: 	at androidx.test.espresso.ViewInteraction.waitForAndHandleInteractionResults(ViewInteraction.java:8)
09-07 03:39:40.485 11442 11486 W DefaultFailureHandler: 	at androidx.test.espresso.ViewInteraction.desugaredPerform(ViewInteraction.java:11)
09-07 03:39:40.485 11442 11486 W DefaultFailureHandler: 	at androidx.test.espresso.ViewInteraction.perform(ViewInteraction.java:8)
09-07 03:39:40.485 11442 11486 W DefaultFailureHandler: 	at ru.iteco.fmhandroid.ui.steps.ControlPanelSteps.scrollToElementInRecyclerList(ControlPanelSteps.java:204)
09-07 03:39:40.485 11442 11486 W DefaultFailureHandler: 	at ru.iteco.fmhandroid.ui.steps.ControlPanelSteps.checkNewsIsPresent(ControlPanelSteps.java:309)
09-07 03:39:40.485 11442 11486 W DefaultFailureHandler: 	at ru.iteco.fmhandroid.ui.steps.ControlPanelSteps.openNewsCard(ControlPanelSteps.java:323)
09-07 03:39:40.485 11442 11486 W DefaultFailureHandler: 	at ru.iteco.fmhandroid.ui.ControlPanelTest.shouldChangeNewsCategory(ControlPanelTest.java:258)
09-07 03:39:40.485 11442 11486 W DefaultFailureHandler: 	at java.lang.reflect.Method.invoke(Native Method)
09-07 03:39:40.485 11442 11486 W DefaultFailureHandler: 	at org.junit.runners.model.FrameworkMethod$1.runReflectiveCall(FrameworkMethod.java:59)
09-07 03:39:40.485 11442 11486 W DefaultFailureHandler: 	at org.junit.internal.runners.model.ReflectiveCallable.run(ReflectiveCallable.java:12)
09-07 03:39:40.485 11442 11486 W DefaultFailureHandler: 	at org.junit.runners.model.FrameworkMethod.invokeExplosively(FrameworkMethod.java:56)
09-07 03:39:40.485 11442 11486 W DefaultFailureHandler: 	at org.junit.internal.runners.statements.InvokeMethod.evaluate(InvokeMethod.java:17)
09-07 03:39:40.485 11442 11486 W DefaultFailureHandler: 	at androidx.test.internal.runner.junit4.statement.RunBefores.evaluate(RunBefores.java:80)
09-07 03:39:40.485 11442 11486 W DefaultFailureHandler: 	at io.qameta.allure.android.rules.ScreenshotRule$apply$1.evaluate(ScreenshotRule.kt:22)
09-07 03:39:40.485 11442 11486 W DefaultFailureHandler: 	at org.junit.rules.ExternalResource$1.evaluate(ExternalResource.java:54)
09-07 03:39:40.485 11442 11486 W DefaultFailureHandler: 	at io.qameta.allure.android.rules.LogcatRule$apply$1.evaluate(LogcatRule.kt:23)
09-07 03:39:40.485 11442 11486 W DefaultFailureHandler: 	at org.junit.rules.RunRules.evaluate(RunRules.java:20)
09-07 03:39:40.485 11442 11486 W DefaultFailureHandler: 	at org.junit.runners.ParentRunner$3.evaluate(ParentRunner.java:306)
09-07 03:39:40.485 11442 11486 W DefaultFailureHandler: 	at org.junit.runners.BlockJUnit4ClassRunner$1.evaluate(BlockJUnit4ClassRunner.java:100)
09-07 03:39:40.485 11442 11486 W DefaultFailureHandler: 	at org.junit.runners.ParentRunner.runLeaf(ParentRunner.java:366)
09-07 03:39:40.485 11442 11486 W DefaultFailureHandler: 	at org.junit.runners.BlockJUnit4ClassRunner.runChild(BlockJUnit4ClassRunner.java:103)
09-07 03:39:40.485 11442 11486 W DefaultFailureHandler: 	at org.junit.runners.BlockJUnit4ClassRunner.runChild(BlockJUnit4ClassRunner.java:63)
09-07 03:39:40.485 11442 11486 W DefaultFailureHandler: 	at org.junit.runners.ParentRunner$4.run(ParentRunner.java:331)
09-07 03:39:40.485 11442 11486 W DefaultFailureHandler: 	at org.junit.runners.ParentRunner$1.schedule(ParentRunner.java:79)
09-07 03:39:40.485 11442 11486 W DefaultFailureHandler: 	at org.junit.runners.ParentRunner.runChildren(ParentRunner.java:329)
09-07 03:39:40.485 11442 11486 W DefaultFailureHandler: 	at org.junit.runners.ParentRunner.access$100(ParentRunner.java:66)
09-07 03:39:40.485 11442 11486 W DefaultFailureHandler: 	at org.junit.runners.ParentRunner$2.evaluate(ParentRunner.java:293)
09-07 03:39:40.485 11442 11486 W DefaultFailureHandler: 	at org.junit.runners.ParentRunner$3.evaluate(ParentRunner.java:306)
09-07 03:39:40.485 11442 11486 W DefaultFailureHandler: 	at org.junit.runners.ParentRunner.run(ParentRunner.java:413)
09-07 03:39:40.485 11442 11486 W DefaultFailureHandler: 	at androidx.test.ext.junit.runners.AndroidJUnit4.run(AndroidJUnit4.java:162)
09-07 03:39:40.485 11442 11486 W DefaultFailureHandler: 	at io.qameta.allure.android.runners.AllureAndroidJUnit4.run(AllureAndroidJUnitRunners.kt:29)
09-07 03:39:40.485 11442 11486 W DefaultFailureHandler: 	at org.junit.runners.Suite.runChild(Suite.java:128)
09-07 03:39:40.485 11442 11486 W DefaultFailureHandler: 	at org.junit.runners.Suite.runChild(Suite.java:27)
09-07 03:39:40.485 11442 11486 W DefaultFailureHandler: 	at org.junit.runners.ParentRunner$4.run(ParentRunner.java:331)
09-07 03:39:40.485 11442 11486 W DefaultFailureHandler: 	at org.junit.runners.ParentRunner$1.schedule(ParentRunner.java:79)
09-07 03:39:40.485 11442 11486 W DefaultFailureHandler: 	at org.junit.runners.ParentRunner.runChildren(ParentRunner.java:329)
09-07 03:39:40.485 11442 11486 W DefaultFailureHandler: 	at org.junit.runners.ParentRunner.access$100(ParentRunner.java:66)
09-07 03:39:40.485 11442 11486 W DefaultFailureHandler: 	at org.junit.runners.ParentRunner$2.evaluate(ParentRunner.java:293)
09-07 03:39:40.485 11442 11486 W DefaultFailureHandler: 	at org.junit.runners.ParentRunner$3.evaluate(ParentRunner.java:306)
09-07 03:39:40.485 11442 11486 W DefaultFailureHandler: 	at org.junit.runners.ParentRunner.run(ParentRunner.java:413)
09-07 03:39:40.485 11442 11486 W DefaultFailureHandler: 	at org.junit.runner.JUnitCore.run(JUnitCore.java:137)
09-07 03:39:40.485 11442 11486 W DefaultFailureHandler: 	at org.junit.runner.JUnitCore.run(JUnitCore.java:115)
09-07 03:39:40.485 11442 11486 W DefaultFailureHandler: 	at androidx.test.internal.runner.TestExecutor.execute(TestExecutor.java:67)
09-07 03:39:40.485 11442 11486 W DefaultFailureHandler: 	at androidx.test.internal.runner.TestExecutor.execute(TestExecutor.java:58)
09-07 03:39:40.485 11442 11486 W DefaultFailureHandler: 	at androidx.test.runner.AndroidJUnitRunner.onStart(AndroidJUnitRunner.java:438)
09-07 03:39:40.485 11442 11486 W DefaultFailureHandler: 	at android.app.Instrumentation$InstrumentationThread.run(Instrumentation.java:2189)
09-07 03:39:40.485 11442 11486 W DefaultFailureHandler: Caused by: android.system.ErrnoException: open failed: EROFS (Read-only file system)
09-07 03:39:40.485 11442 11486 W DefaultFailureHandler: 	at libcore.io.Linux.open(Native Method)
09-07 03:39:40.485 11442 11486 W DefaultFailureHandler: 	at libcore.io.ForwardingOs.open(ForwardingOs.java:167)
09-07 03:39:40.485 11442 11486 W DefaultFailureHandler: 	at libcore.io.BlockGuardOs.open(BlockGuardOs.java:252)
09-07 03:39:40.485 11442 11486 W DefaultFailureHandler: 	at libcore.io.ForwardingOs.open(ForwardingOs.java:167)
09-07 03:39:40.485 11442 11486 W DefaultFailureHandler: 	at android.app.ActivityThread$AndroidOs.open(ActivityThread.java:7255)
09-07 03:39:40.485 11442 11486 W DefaultFailureHandler: 	at libcore.io.IoBridge.open(IoBridge.java:482)
09-07 03:39:40.485 11442 11486 W DefaultFailureHandler: 	... 52 more
09-07 03:39:40.489  1793  1793 D gralloc_ranchu: gralloc_alloc: Creating ashmem region of size 9850880
--------- beginning of system
09-07 03:39:40.769  2037  4391 I ActivityTaskManager: START u0 {act=android.intent.action.MAIN cat=[android.intent.category.LAUNCHER] flg=0x10000000 cmp=ru.iteco.fmhandroid.test/androidx.test.core.app.InstrumentationActivityInvoker$EmptyActivity} from uid 10136
09-07 03:39:40.773 11442 11442 D LifecycleMonitor: Lifecycle status change: ru.iteco.fmhandroid.ui.AppActivity@f2f2e0f in: PAUSED
09-07 03:39:40.773 11442 11442 V ActivityScenario: Update currentActivityStage to PAUSED, currentActivity=ru.iteco.fmhandroid.ui.AppActivity@f2f2e0f
09-07 03:39:40.773  2037  4391 W InputReader: Device has associated, but no associated display id.
09-07 03:39:40.774  2037  4391 I chatty  : uid=1000(system) Binder:2037_13 identical 38 lines
09-07 03:39:40.774  2037  4391 W InputReader: Device has associated, but no associated display id.
09-07 03:39:40.775 11498 11498 W ActivityThread: handleWindowVisibility: no activity for token android.os.BinderProxy@f88b11d
09-07 03:39:40.775 11442 11488 V FA      : Recording user engagement, ms: 8627
09-07 03:39:40.776  2037  4391 W InputReader: Device has associated, but no associated display id.
09-07 03:39:40.776  2037  4391 I chatty  : uid=1000(system) Binder:2037_13 identical 8 lines
09-07 03:39:40.776  2037  4391 W InputReader: Device has associated, but no associated display id.
09-07 03:39:40.813  1793  1793 D gralloc_ranchu: gralloc_alloc: Creating ashmem region of size 9850880
09-07 03:39:40.817  1793  1793 D gralloc_ranchu: gralloc_alloc: Creating ashmem region of size 9850880
09-07 03:39:40.818 11498 11530 D EGL_emulation: eglMakeCurrent: 0xe224fae0: ver 2 0 (tinfo 0xed4894a0)
09-07 03:39:40.818  1793  1793 D gralloc_ranchu: gralloc_alloc: Creating ashmem region of size 9850880
09-07 03:39:40.832 11442 11488 V FA      : Connecting to remote service
09-07 03:39:40.838 11442 11488 V FA      : Connection attempt already in progress
09-07 03:39:40.838 11442 11488 V FA      : Activity paused, time: 904667
09-07 03:39:40.846 11442 11488 D FA      : Connected to remote service
09-07 03:39:40.847 11442 11488 V FA      : Processing queued up service tasks: 2
09-07 03:39:40.850  2037  2115 W InputReader: Device has associated, but no associated display id.
09-07 03:39:40.852  2037  2115 I chatty  : uid=1000(system) Binder:2037_3 identical 48 lines
09-07 03:39:40.852  2037  2115 W InputReader: Device has associated, but no associated display id.
09-07 03:39:40.863 11498 11498 W ActivityThread: handleWindowVisibility: no activity for token android.os.BinderProxy@ee2f424
09-07 03:39:40.808  2037  4391 I ActivityTaskManager: START u0 {act=android.intent.action.MAIN cat=[android.intent.category.LAUNCHER] flg=0x10000000 cmp=ru.iteco.fmhandroid.test/androidx.test.core.app.InstrumentationActivityInvoker$EmptyActivity} from uid 10136
09-07 03:39:40.877  2037  2302 W ActivityTaskManager: Duplicate finish request for ActivityRecord{3f5437d u0 ru.iteco.fmhandroid/.ui.AppActivity t673 f}
09-07 03:39:40.881  7867 10859 V FA-SVC  : Logging event: origin=auto,name=user_engagement(_e),params=Bundle[{ga_event_origin(_o)=auto, engagement_time_msec(_et)=8627, ga_screen_class(_sc)=AppActivity, ga_screen_id(_si)=3589103207949889545}]
09-07 03:39:40.903  1793  1793 D gralloc_ranchu: gralloc_alloc: Creating ashmem region of size 9850880
09-07 03:39:40.904  1792  2272 E GnssHAL_GnssInterface: gnssSvStatusCb: a: input svInfo.flags is 8
09-07 03:39:40.904  1792  2272 E GnssHAL_GnssInterface: gnssSvStatusCb: b: input svInfo.flags is 8
09-07 03:39:40.907  1793  1793 D gralloc_ranchu: gralloc_alloc: Creating ashmem region of size 9850880
09-07 03:39:40.908  1793  1793 D gralloc_ranchu: gralloc_alloc: Creating ashmem region of size 9850880
09-07 03:39:40.908 11498 11530 D EGL_emulation: eglMakeCurrent: 0xe224fae0: ver 2 0 (tinfo 0xed4894a0)
09-07 03:39:40.910  7867 10859 V FA-SVC  : Upload scheduled in approximately ms: 2856200
09-07 03:39:40.910  7867 10859 V FA-SVC  : Unscheduling upload
09-07 03:39:40.913  7867 10859 V FA-SVC  : Scheduling upload, millis: 2856200
09-07 03:39:40.918  7867 10859 V FA-SVC  : Background event processing time, ms: 43
09-07 03:39:40.930  2037  2061 W InputReader: Device has associated, but no associated display id.
09-07 03:39:40.931  2037  2061 I chatty  : uid=1000(system) android.anim identical 18 lines
09-07 03:39:40.931  2037  2061 W InputReader: Device has associated, but no associated display id.
09-07 03:39:40.933  2037  2065 I ActivityTaskManager: Displayed ru.iteco.fmhandroid.test/androidx.test.core.app.InstrumentationActivityInvoker$EmptyActivity: +75ms
09-07 03:39:40.938  2037  2115 W InputReader: Device has associated, but no associated display id.
09-07 03:39:40.938  2037  2115 I chatty  : uid=1000(system) Binder:2037_3 identical 8 lines
09-07 03:39:40.938  2037  2115 W InputReader: Device has associated, but no associated display id.
09-07 03:39:40.945 11442 11534 D EGL_emulation: eglMakeCurrent: 0xe2257740: ver 2 0 (tinfo 0xe233aea0)
09-07 03:39:40.954  2037  2302 W InputReader: Device has associated, but no associated display id.
09-07 03:39:40.954  2037  2302 I chatty  : uid=1000(system) Binder:2037_4 identical 8 lines
09-07 03:39:40.954  2037  2302 W InputReader: Device has associated, but no associated display id.
09-07 03:39:40.958 11442 11442 D LifecycleMonitor: Lifecycle status change: ru.iteco.fmhandroid.ui.AppActivity@f2f2e0f in: STOPPED
09-07 03:39:40.958 11442 11442 V ActivityScenario: Update currentActivityStage to STOPPED, currentActivity=ru.iteco.fmhandroid.ui.AppActivity@f2f2e0f
09-07 03:39:40.963  1823  1823 W SurfaceFlinger: couldn't log to binary event log: overflow.
09-07 03:39:40.970 11442 11442 W System.err: ru.iteco.fmhandroid.exceptions.UnknownException
09-07 03:39:40.971 11442 11561 I okhttp.OkHttpClient: <-- HTTP FAILED: java.net.SocketException: Socket closed
09-07 03:39:40.971  1793  1793 D gralloc_ranchu: gralloc_alloc: Creating ashmem region of size 9850880
09-07 03:39:40.975  2037  2037 W ActivityManager: Unable to start service Intent { act=android.service.appprediction.AppPredictionService cmp=com.google.android.as/com.google.android.apps.miphone.aiai.app.AiAiPredictionService } U=0: not found
09-07 03:39:40.975  2037  2037 W RemoteAppPredictionService: could not bind to Intent { act=android.service.appprediction.AppPredictionService cmp=com.google.android.as/com.google.android.apps.miphone.aiai.app.AiAiPredictionService } using flags 67108865
09-07 03:39:40.975 11442 11442 W System.err: 	at ru.iteco.fmhandroid.utils.Utils.makeRequest(Utils.kt:123)
09-07 03:39:40.975 11442 11442 W System.err: 	at ru.iteco.fmhandroid.utils.Utils$makeRequest$1.invokeSuspend(Unknown Source:15)
09-07 03:39:40.975 11442 11442 W System.err: 	at kotlin.coroutines.jvm.internal.BaseContinuationImpl.resumeWith(ContinuationImpl.kt:33)
09-07 03:39:40.975 11442 11442 W System.err: 	at kotlinx.coroutines.DispatchedTaskKt.resume(DispatchedTask.kt:234)
09-07 03:39:40.975 11442 11442 W System.err: 	at kotlinx.coroutines.DispatchedTaskKt.resumeUnconfined(DispatchedTask.kt:190)
09-07 03:39:40.975 11442 11442 W System.err: 	at kotlinx.coroutines.DispatchedTaskKt.dispatch(DispatchedTask.kt:161)
09-07 03:39:40.975 11442 11442 W System.err: 	at kotlinx.coroutines.CancellableContinuationImpl.dispatchResume(CancellableContinuationImpl.kt:397)
09-07 03:39:40.975 11442 11442 W System.err: 	at kotlinx.coroutines.CancellableContinuationImpl.cancel(CancellableContinuationImpl.kt:183)
09-07 03:39:40.975 11442 11442 W System.err: 	at kotlinx.coroutines.CancellableContinuationImpl.parentCancelled$kotlinx_coroutines_core(CancellableContinuationImpl.kt:190)
09-07 03:39:40.975 11442 11442 W System.err: 	at kotlinx.coroutines.ChildContinuation.invoke(JobSupport.kt:1474)
09-07 03:39:40.975 11442 11442 W System.err: 	at kotlinx.coroutines.JobSupport.notifyCancelling(JobSupport.kt:1499)
09-07 03:39:40.975 11442 11442 W System.err: 	at kotlinx.coroutines.JobSupport.tryMakeCancelling(JobSupport.kt:795)
09-07 03:39:40.977 11442 11442 W System.err: 	at kotlinx.coroutines.JobSupport.makeCancelling(JobSupport.kt:755)
09-07 03:39:40.977 11442 11442 W System.err: 	at kotlinx.coroutines.JobSupport.cancelImpl$kotlinx_coroutines_core(JobSupport.kt:671)
09-07 03:39:40.977 11442 11442 W System.err: 	at kotlinx.coroutines.JobSupport.parentCancelled(JobSupport.kt:637)
09-07 03:39:40.977 11442 11442 W System.err: 	at kotlinx.coroutines.ChildHandleNode.invoke(JobSupport.kt:1465)
09-07 03:39:40.977 11442 11442 W System.err: 	at kotlinx.coroutines.JobSupport.notifyCancelling(JobSupport.kt:1499)
09-07 03:39:40.977 11442 11442 W System.err: 	at kotlinx.coroutines.JobSupport.tryMakeCompletingSlowPath(JobSupport.kt:900)
09-07 03:39:40.977 11442 11442 W System.err: 	at kotlinx.coroutines.JobSupport.tryMakeCompleting(JobSupport.kt:863)
09-07 03:39:40.978 11442 11442 W System.err: 	at kotlinx.coroutines.JobSupport.cancelMakeCompleting(JobSupport.kt:696)
09-07 03:39:40.978 11442 11442 W System.err: 	at kotlinx.coroutines.JobSupport.cancelImpl$kotlinx_coroutines_core(JobSupport.kt:667)
09-07 03:39:40.978 11442 11442 W System.err: 	at kotlinx.coroutines.JobSupport.cancelInternal(JobSupport.kt:632)
09-07 03:39:40.978 11442 11442 W System.err: 	at kotlinx.coroutines.JobSupport.cancel(JobSupport.kt:617)
09-07 03:39:40.978 11442 11442 W System.err: 	at kotlinx.coroutines.JobKt__JobKt.cancel(Job.kt:561)
09-07 03:39:40.978 11442 11442 W System.err: 	at kotlinx.coroutines.JobKt.cancel(Unknown Source:1)
09-07 03:39:40.978 11442 11442 W System.err: 	at kotlinx.coroutines.JobKt__JobKt.cancel$default(Job.kt:560)
09-07 03:39:40.978 11442 11442 W System.err: 	at kotlinx.coroutines.JobKt.cancel$default(Unknown Source:1)
09-07 03:39:40.978 11442 11442 W System.err: 	at androidx.lifecycle.CloseableCoroutineScope.close(ViewModel.kt:51)
09-07 03:39:40.978 11442 11442 W System.err: 	at androidx.lifecycle.ViewModel.closeWithRuntimeException(ViewModel.java:188)
09-07 03:39:40.978 11442 11442 W System.err: 	at androidx.lifecycle.ViewModel.clear(ViewModel.java:134)
09-07 03:39:40.978 11442 11442 W System.err: 	at androidx.lifecycle.ViewModelStore.clear(ViewModelStore.java:62)
09-07 03:39:40.978 11442 11442 W System.err: 	at androidx.fragment.app.FragmentManagerViewModel.clearNonConfigStateInternal(FragmentManagerViewModel.java:210)
09-07 03:39:40.978 11442 11442 W System.err: 	at androidx.fragment.app.FragmentManagerViewModel.clearNonConfigState(FragmentManagerViewModel.java:190)
09-07 03:39:40.978 11442 11442 W System.err: 	at androidx.fragment.app.FragmentStateManager.destroy(FragmentStateManager.java:778)
09-07 03:39:40.978 11442 11442 W System.err: 	at androidx.fragment.app.FragmentStateManager.moveToExpectedState(FragmentStateManager.java:335)
09-07 03:39:40.978 11442 11442 W System.err: 	at androidx.fragment.app.FragmentStore.moveToExpectedState(FragmentStore.java:121)
09-07 03:39:40.978 11442 11442 W System.err: 	at androidx.fragment.app.FragmentManager.moveToState(FragmentManager.java:1374)
09-07 03:39:40.978 11442 11442 W System.err: 	at androidx.fragment.app.FragmentManager.dispatchStateChange(FragmentManager.java:2841)
09-07 03:39:40.978 11442 11442 W System.err: 	at androidx.fragment.app.FragmentManager.dispatchDestroy(FragmentManager.java:2820)
09-07 03:39:40.978 11442 11442 W System.err: 	at androidx.fragment.app.Fragment.performDestroy(Fragment.java:3246)
09-07 03:39:40.978 11442 11442 W System.err: 	at androidx.fragment.app.FragmentStateManager.destroy(FragmentStateManager.java:780)
09-07 03:39:40.978 11442 11442 W System.err: 	at androidx.fragment.app.FragmentStateManager.moveToExpectedState(FragmentStateManager.java:335)
09-07 03:39:40.978 11442 11442 W System.err: 	at androidx.fragment.app.SpecialEffectsController$FragmentStateManagerOperation.complete(SpecialEffectsController.java:771)
09-07 03:39:40.978 11442 11442 W System.err: 	at androidx.fragment.app.SpecialEffectsController$Operation.cancel(SpecialEffectsController.java:615)
09-07 03:39:40.978 11442 11442 W System.err: 	at androidx.fragment.app.SpecialEffectsController.forceCompleteAllOperations(SpecialEffectsController.java:350)
09-07 03:39:40.978 11442 11442 W System.err: 	at androidx.fragment.app.FragmentManager.dispatchStateChange(FragmentManager.java:2844)
09-07 03:39:40.978 11442 11442 W System.err: 	at androidx.fragment.app.FragmentManager.dispatchDestroy(FragmentManager.java:2820)
09-07 03:39:40.978 11442 11442 W System.err: 	at androidx.fragment.app.FragmentController.dispatchDestroy(FragmentController.java:345)
09-07 03:39:40.978 11442 11442 W System.err: 	at androidx.fragment.app.FragmentActivity.onDestroy(FragmentActivity.java:306)
09-07 03:39:40.978 11442 11442 W System.err: 	at androidx.appcompat.app.AppCompatActivity.onDestroy(AppCompatActivity.java:278)
09-07 03:39:40.978 11442 11442 W System.err: 	at android.app.Activity.performDestroy(Activity.java:8048)
09-07 03:39:40.978 11442 11442 W System.err: 	at android.app.Instrumentation.callActivityOnDestroy(Instrumentation.java:1334)
09-07 03:39:40.978 11442 11442 W System.err: 	at androidx.test.runner.MonitoringInstrumentation.callActivityOnDestroy(MonitoringInstrumentation.java:766)
09-07 03:39:40.978 11442 11442 W System.err: 	at android.app.ActivityThread.performDestroyActivity(ActivityThread.java:4926)
09-07 03:39:40.978 11442 11442 W System.err: 	at android.app.ActivityThread.handleDestroyActivity(ActivityThread.java:4970)
09-07 03:39:40.978 11442 11442 W System.err: 	at android.app.servertransaction.DestroyActivityItem.execute(DestroyActivityItem.java:44)
09-07 03:39:40.978 11442 11442 W System.err: 	at android.app.servertransaction.TransactionExecutor.executeLifecycleState(TransactionExecutor.java:176)
09-07 03:39:40.978 11442 11442 W System.err: 	at android.app.servertransaction.TransactionExecutor.execute(TransactionExecutor.java:97)
09-07 03:39:40.978 11442 11442 W System.err: 	at android.app.ActivityThread$H.handleMessage(ActivityThread.java:2016)
09-07 03:39:40.978 11442 11442 W System.err: 	at android.os.Handler.dispatchMessage(Handler.java:107)
09-07 03:39:40.978 11442 11442 W System.err: 	at android.os.Looper.loop(Looper.java:214)
09-07 03:39:40.978 11442 11442 W System.err: 	at android.app.ActivityThread.main(ActivityThread.java:7356)
09-07 03:39:40.978 11442 11442 W System.err: 	at java.lang.reflect.Method.invoke(Native Method)
09-07 03:39:40.978 11442 11442 W System.err: 	at com.android.internal.os.RuntimeInit$MethodAndArgsCaller.run(RuntimeInit.java:492)
09-07 03:39:40.978 11442 11442 W System.err: 	at com.android.internal.os.ZygoteInit.main(ZygoteInit.java:930)
09-07 03:39:40.979  1793  1793 D gralloc_ranchu: gralloc_alloc: Creating ashmem region of size 9850880
09-07 03:39:40.982  2666  3068 D EGL_emulation: eglMakeCurrent: 0xda21b0e0: ver 2 0 (tinfo 0xda20fbb0)
09-07 03:39:40.994 11442 11442 W System.err: ru.iteco.fmhandroid.exceptions.UnknownException
09-07 03:39:40.994 11442 11442 W System.err: 	at ru.iteco.fmhandroid.utils.Utils.makeRequest(Utils.kt:123)
09-07 03:39:40.994 11442 11442 W System.err: 	at ru.iteco.fmhandroid.utils.Utils$makeRequest$1.invokeSuspend(Unknown Source:15)
09-07 03:39:40.994 11442 11442 W System.err: 	at kotlin.coroutines.jvm.internal.BaseContinuationImpl.resumeWith(ContinuationImpl.kt:33)
09-07 03:39:40.994 11442 11442 W System.err: 	at kotlinx.coroutines.DispatchedTaskKt.resume(DispatchedTask.kt:234)
09-07 03:39:40.995 11442 11442 W System.err: 	at kotlinx.coroutines.DispatchedTaskKt.resumeUnconfined(DispatchedTask.kt:190)
09-07 03:39:40.995 11442 11442 W System.err: 	at kotlinx.coroutines.DispatchedTaskKt.dispatch(DispatchedTask.kt:161)
09-07 03:39:40.995 11442 11442 W System.err: 	at kotlinx.coroutines.CancellableContinuationImpl.dispatchResume(CancellableContinuationImpl.kt:397)
09-07 03:39:40.995 11442 11442 W System.err: 	at kotlinx.coroutines.CancellableContinuationImpl.cancel(CancellableContinuationImpl.kt:183)
09-07 03:39:40.995 11442 11442 W System.err: 	at kotlinx.coroutines.CancellableContinuationImpl.parentCancelled$kotlinx_coroutines_core(CancellableContinuationImpl.kt:190)
09-07 03:39:40.995 11442 11442 W System.err: 	at kotlinx.coroutines.ChildContinuation.invoke(JobSupport.kt:1474)
09-07 03:39:40.995 11442 11442 W System.err: 	at kotlinx.coroutines.JobSupport.notifyCancelling(JobSupport.kt:1499)
09-07 03:39:40.995 11442 11442 W System.err: 	at kotlinx.coroutines.JobSupport.tryMakeCancelling(JobSupport.kt:795)
09-07 03:39:40.995 11442 11442 W System.err: 	at kotlinx.coroutines.JobSupport.makeCancelling(JobSupport.kt:755)
09-07 03:39:40.995 11442 11442 W System.err: 	at kotlinx.coroutines.JobSupport.cancelImpl$kotlinx_coroutines_core(JobSupport.kt:671)
09-07 03:39:40.995 11442 11442 W System.err: 	at kotlinx.coroutines.JobSupport.parentCancelled(JobSupport.kt:637)
09-07 03:39:40.995 11442 11442 W System.err: 	at kotlinx.coroutines.ChildHandleNode.invoke(JobSupport.kt:1465)
09-07 03:39:40.995 11442 11442 W System.err: 	at kotlinx.coroutines.JobSupport.notifyCancelling(JobSupport.kt:1499)
09-07 03:39:40.995 11442 11442 W System.err: 	at kotlinx.coroutines.JobSupport.tryMakeCompletingSlowPath(JobSupport.kt:900)
09-07 03:39:40.995 11442 11442 W System.err: 	at kotlinx.coroutines.JobSupport.tryMakeCompleting(JobSupport.kt:863)
09-07 03:39:40.995 11442 11442 W System.err: 	at kotlinx.coroutines.JobSupport.cancelMakeCompleting(JobSupport.kt:696)
09-07 03:39:40.996 11442 11442 W System.err: 	at kotlinx.coroutines.JobSupport.cancelImpl$kotlinx_coroutines_core(JobSupport.kt:667)
09-07 03:39:40.996 11442 11442 W System.err: 	at kotlinx.coroutines.JobSupport.cancelInternal(JobSupport.kt:632)
09-07 03:39:40.996 11442 11442 W System.err: 	at kotlinx.coroutines.JobSupport.cancel(JobSupport.kt:617)
09-07 03:39:40.996 11442 11442 W System.err: 	at kotlinx.coroutines.JobKt__JobKt.cancel(Job.kt:561)
09-07 03:39:40.996 11442 11442 W System.err: 	at kotlinx.coroutines.JobKt.cancel(Unknown Source:1)
09-07 03:39:40.996 11442 11442 W System.err: 	at kotlinx.coroutines.JobKt__JobKt.cancel$default(Job.kt:560)
09-07 03:39:40.996 11442 11442 W System.err: 	at kotlinx.coroutines.JobKt.cancel$default(Unknown Source:1)
09-07 03:39:40.996 11442 11442 W System.err: 	at androidx.lifecycle.CloseableCoroutineScope.close(ViewModel.kt:51)
09-07 03:39:40.996 11442 11442 W System.err: 	at androidx.lifecycle.ViewModel.closeWithRuntimeException(ViewModel.java:188)
09-07 03:39:40.996 11442 11442 W System.err: 	at androidx.lifecycle.ViewModel.clear(ViewModel.java:134)
09-07 03:39:40.996 11442 11442 W System.err: 	at androidx.lifecycle.ViewModelStore.clear(ViewModelStore.java:62)
09-07 03:39:40.996 11442 11442 W System.err: 	at androidx.fragment.app.FragmentManagerViewModel.clearNonConfigStateInternal(FragmentManagerViewModel.java:210)
09-07 03:39:40.996 11442 11442 W System.err: 	at androidx.fragment.app.FragmentManagerViewModel.clearNonConfigState(FragmentManagerViewModel.java:190)
09-07 03:39:40.996 11442 11442 W System.err: 	at androidx.fragment.app.FragmentStateManager.destroy(FragmentStateManager.java:778)
09-07 03:39:40.996 11442 11442 W System.err: 	at androidx.fragment.app.FragmentStateManager.moveToExpectedState(FragmentStateManager.java:335)
09-07 03:39:40.996 11442 11442 W System.err: 	at androidx.fragment.app.FragmentStore.moveToExpectedState(FragmentStore.java:121)
09-07 03:39:40.996 11442 11442 W System.err: 	at androidx.fragment.app.FragmentManager.moveToState(FragmentManager.java:1374)
09-07 03:39:40.996 11442 11442 W System.err: 	at androidx.fragment.app.FragmentManager.dispatchStateChange(FragmentManager.java:2841)
09-07 03:39:40.996 11442 11442 W System.err: 	at androidx.fragment.app.FragmentManager.dispatchDestroy(FragmentManager.java:2820)
09-07 03:39:40.996 11442 11442 W System.err: 	at androidx.fragment.app.Fragment.performDestroy(Fragment.java:3246)
09-07 03:39:40.996 11442 11442 W System.err: 	at androidx.fragment.app.FragmentStateManager.destroy(FragmentStateManager.java:780)
09-07 03:39:40.996 11442 11442 W System.err: 	at androidx.fragment.app.FragmentStateManager.moveToExpectedState(FragmentStateManager.java:335)
09-07 03:39:40.996 11442 11442 W System.err: 	at androidx.fragment.app.SpecialEffectsController$FragmentStateManagerOperation.complete(SpecialEffectsController.java:771)
09-07 03:39:40.996 11442 11442 W System.err: 	at androidx.fragment.app.SpecialEffectsController$Operation.cancel(SpecialEffectsController.java:615)
09-07 03:39:40.996 11442 11442 W System.err: 	at androidx.fragment.app.SpecialEffectsController.forceCompleteAllOperations(SpecialEffectsController.java:350)
09-07 03:39:40.997 11442 11442 W System.err: 	at androidx.fragment.app.FragmentManager.dispatchStateChange(FragmentManager.java:2844)
09-07 03:39:40.997 11442 11442 W System.err: 	at androidx.fragment.app.FragmentManager.dispatchDestroy(FragmentManager.java:2820)
09-07 03:39:40.997 11442 11442 W System.err: 	at androidx.fragment.app.FragmentController.dispatchDestroy(FragmentController.java:345)
09-07 03:39:40.997 11442 11442 W System.err: 	at androidx.fragment.app.FragmentActivity.onDestroy(FragmentActivity.java:306)
09-07 03:39:40.997 11442 11442 W System.err: 	at androidx.appcompat.app.AppCompatActivity.onDestroy(AppCompatActivity.java:278)
09-07 03:39:40.997 11442 11442 W System.err: 	at android.app.Activity.performDestroy(Activity.java:8048)
09-07 03:39:40.997 11442 11442 W System.err: 	at android.app.Instrumentation.callActivityOnDestroy(Instrumentation.java:1334)
09-07 03:39:40.997 11442 11442 W System.err: 	at androidx.test.runner.MonitoringInstrumentation.callActivityOnDestroy(MonitoringInstrumentation.java:766)
09-07 03:39:40.997 11442 11442 W System.err: 	at android.app.ActivityThread.performDestroyActivity(ActivityThread.java:4926)
09-07 03:39:40.997 11442 11442 W System.err: 	at android.app.ActivityThread.handleDestroyActivity(ActivityThread.java:4970)
09-07 03:39:40.997 11442 11442 W System.err: 	at android.app.servertransaction.DestroyActivityItem.execute(DestroyActivityItem.java:44)
09-07 03:39:40.997 11442 11442 W System.err: 	at android.app.servertransaction.TransactionExecutor.executeLifecycleState(TransactionExecutor.java:176)
09-07 03:39:40.997 11442 11442 W System.err: 	at android.app.servertransaction.TransactionExecutor.execute(TransactionExecutor.java:97)
09-07 03:39:40.997 11442 11442 W System.err: 	at android.app.ActivityThread$H.handleMessage(ActivityThread.java:2016)
09-07 03:39:40.997 11442 11442 W System.err: 	at android.os.Handler.dispatchMessage(Handler.java:107)
09-07 03:39:40.997 11442 11442 W System.err: 	at android.os.Looper.loop(Looper.java:214)
09-07 03:39:40.997 11442 11442 W System.err: 	at android.app.ActivityThread.main(ActivityThread.java:7356)
09-07 03:39:40.997 11442 11442 W System.err: 	at java.lang.reflect.Method.invoke(Native Method)
09-07 03:39:40.998 11442 11442 W System.err: 	at com.android.internal.os.RuntimeInit$MethodAndArgsCaller.run(RuntimeInit.java:492)
09-07 03:39:40.998 11442 11442 W System.err: 	at com.android.internal.os.ZygoteInit.main(ZygoteInit.java:930)
09-07 03:39:41.004 11442 11442 W System.err: ru.iteco.fmhandroid.exceptions.UnknownException
09-07 03:39:41.004 11442 11442 W System.err: 	at ru.iteco.fmhandroid.utils.Utils.makeRequest(Utils.kt:123)
09-07 03:39:41.004 11442 11442 W System.err: 	at ru.iteco.fmhandroid.utils.Utils$makeRequest$1.invokeSuspend(Unknown Source:15)
09-07 03:39:41.004 11442 11442 W System.err: 	at kotlin.coroutines.jvm.internal.BaseContinuationImpl.resumeWith(ContinuationImpl.kt:33)
09-07 03:39:41.004 11442 11442 W System.err: 	at kotlinx.coroutines.DispatchedTaskKt.resume(DispatchedTask.kt:234)
09-07 03:39:41.004 11442 11442 W System.err: 	at kotlinx.coroutines.DispatchedTaskKt.resumeUnconfined(DispatchedTask.kt:190)
09-07 03:39:41.004 11442 11442 W System.err: 	at kotlinx.coroutines.DispatchedTaskKt.dispatch(DispatchedTask.kt:161)
09-07 03:39:41.004 11442 11442 W System.err: 	at kotlinx.coroutines.CancellableContinuationImpl.dispatchResume(CancellableContinuationImpl.kt:397)
09-07 03:39:41.004 11442 11442 W System.err: 	at kotlinx.coroutines.CancellableContinuationImpl.cancel(CancellableContinuationImpl.kt:183)
09-07 03:39:41.004 11442 11442 W System.err: 	at kotlinx.coroutines.CancellableContinuationImpl.parentCancelled$kotlinx_coroutines_core(CancellableContinuationImpl.kt:190)
09-07 03:39:41.004 11442 11442 W System.err: 	at kotlinx.coroutines.ChildContinuation.invoke(JobSupport.kt:1474)
09-07 03:39:41.004 11442 11442 W System.err: 	at kotlinx.coroutines.JobSupport.notifyCancelling(JobSupport.kt:1499)
09-07 03:39:41.004 11442 11442 W System.err: 	at kotlinx.coroutines.JobSupport.tryMakeCancelling(JobSupport.kt:795)
09-07 03:39:41.004 11442 11442 W System.err: 	at kotlinx.coroutines.JobSupport.makeCancelling(JobSupport.kt:755)
09-07 03:39:41.004 11442 11442 W System.err: 	at kotlinx.coroutines.JobSupport.cancelImpl$kotlinx_coroutines_core(JobSupport.kt:671)
09-07 03:39:41.004 11442 11442 W System.err: 	at kotlinx.coroutines.JobSupport.parentCancelled(JobSupport.kt:637)
09-07 03:39:41.004 11442 11442 W System.err: 	at kotlinx.coroutines.ChildHandleNode.invoke(JobSupport.kt:1465)
09-07 03:39:41.004 11442 11442 W System.err: 	at kotlinx.coroutines.JobSupport.notifyCancelling(JobSupport.kt:1499)
09-07 03:39:41.004 11442 11442 W System.err: 	at kotlinx.coroutines.JobSupport.tryMakeCompletingSlowPath(JobSupport.kt:900)
09-07 03:39:41.005 11442 11442 W System.err: 	at kotlinx.coroutines.JobSupport.tryMakeCompleting(JobSupport.kt:863)
09-07 03:39:41.005 11442 11442 W System.err: 	at kotlinx.coroutines.JobSupport.cancelMakeCompleting(JobSupport.kt:696)
09-07 03:39:41.005 11442 11442 W System.err: 	at kotlinx.coroutines.JobSupport.cancelImpl$kotlinx_coroutines_core(JobSupport.kt:667)
09-07 03:39:41.005 11442 11442 W System.err: 	at kotlinx.coroutines.JobSupport.cancelInternal(JobSupport.kt:632)
09-07 03:39:41.005 11442 11442 W System.err: 	at kotlinx.coroutines.JobSupport.cancel(JobSupport.kt:617)
09-07 03:39:41.005 11442 11442 W System.err: 	at kotlinx.coroutines.JobKt__JobKt.cancel(Job.kt:561)
09-07 03:39:41.005 11442 11442 W System.err: 	at kotlinx.coroutines.JobKt.cancel(Unknown Source:1)
09-07 03:39:41.005 11442 11442 W System.err: 	at kotlinx.coroutines.JobKt__JobKt.cancel$default(Job.kt:560)
09-07 03:39:41.005 11442 11442 W System.err: 	at kotlinx.coroutines.JobKt.cancel$default(Unknown Source:1)
09-07 03:39:41.005 11442 11442 W System.err: 	at androidx.lifecycle.CloseableCoroutineScope.close(ViewModel.kt:51)
09-07 03:39:41.005 11442 11442 W System.err: 	at androidx.lifecycle.ViewModel.closeWithRuntimeException(ViewModel.java:188)
09-07 03:39:41.005 11442 11442 W System.err: 	at androidx.lifecycle.ViewModel.clear(ViewModel.java:134)
09-07 03:39:41.005 11442 11442 W System.err: 	at androidx.lifecycle.ViewModelStore.clear(ViewModelStore.java:62)
09-07 03:39:41.005 11442 11562 I okhttp.OkHttpClient: <-- HTTP FAILED: java.io.IOException: Canceled
09-07 03:39:41.005 11442 11442 W System.err: 	at androidx.fragment.app.FragmentManagerViewModel.clearNonConfigStateInternal(FragmentManagerViewModel.java:210)
09-07 03:39:41.005 11442 11442 W System.err: 	at androidx.fragment.app.FragmentManagerViewModel.clearNonConfigState(FragmentManagerViewModel.java:190)
09-07 03:39:41.005 11442 11442 W System.err: 	at androidx.fragment.app.FragmentStateManager.destroy(FragmentStateManager.java:778)
09-07 03:39:41.005 11442 11442 W System.err: 	at androidx.fragment.app.FragmentStateManager.moveToExpectedState(FragmentStateManager.java:335)
09-07 03:39:41.005 11442 11442 W System.err: 	at androidx.fragment.app.FragmentStore.moveToExpectedState(FragmentStore.java:121)
09-07 03:39:41.005 11442 11442 W System.err: 	at androidx.fragment.app.FragmentManager.moveToState(FragmentManager.java:1374)
09-07 03:39:41.005 11442 11442 W System.err: 	at androidx.fragment.app.FragmentManager.dispatchStateChange(FragmentManager.java:2841)
09-07 03:39:41.005 11442 11442 W System.err: 	at androidx.fragment.app.FragmentManager.dispatchDestroy(FragmentManager.java:2820)
09-07 03:39:41.005 11442 11442 W System.err: 	at androidx.fragment.app.Fragment.performDestroy(Fragment.java:3246)
09-07 03:39:41.005 11442 11442 W System.err: 	at androidx.fragment.app.FragmentStateManager.destroy(FragmentStateManager.java:780)
09-07 03:39:41.005 11442 11442 W System.err: 	at androidx.fragment.app.FragmentStateManager.moveToExpectedState(FragmentStateManager.java:335)
09-07 03:39:41.005 11442 11442 W System.err: 	at androidx.fragment.app.SpecialEffectsController$FragmentStateManagerOperation.complete(SpecialEffectsController.java:771)
09-07 03:39:41.005 11442 11442 W System.err: 	at androidx.fragment.app.SpecialEffectsController$Operation.cancel(SpecialEffectsController.java:615)
09-07 03:39:41.006 11442 11550 I okhttp.OkHttpClient: <-- HTTP FAILED: java.net.SocketException: Socket closed
09-07 03:39:41.006 11442 11442 W System.err: 	at androidx.fragment.app.SpecialEffectsController.forceCompleteAllOperations(SpecialEffectsController.java:350)
09-07 03:39:41.006 11442 11442 W System.err: 	at androidx.fragment.app.FragmentManager.dispatchStateChange(FragmentManager.java:2844)
09-07 03:39:41.007 11442 11442 W System.err: 	at androidx.fragment.app.FragmentManager.dispatchDestroy(FragmentManager.java:2820)
09-07 03:39:41.007 11442 11442 W System.err: 	at androidx.fragment.app.FragmentController.dispatchDestroy(FragmentController.java:345)
09-07 03:39:41.007  2666  2666 I dnsi    : onStart
09-07 03:39:41.009  2666  2666 I dnsi    : onResume
09-07 03:39:41.009  1793  1793 D gralloc_ranchu: gralloc_alloc: Creating ashmem region of size 9850880
09-07 03:39:41.013 11442 11442 W System.err: 	at androidx.fragment.app.FragmentActivity.onDestroy(FragmentActivity.java:306)
09-07 03:39:41.013 11442 11442 W System.err: 	at androidx.appcompat.app.AppCompatActivity.onDestroy(AppCompatActivity.java:278)
09-07 03:39:41.013 11442 11442 W System.err: 	at android.app.Activity.performDestroy(Activity.java:8048)
09-07 03:39:41.013 11442 11442 W System.err: 	at android.app.Instrumentation.callActivityOnDestroy(Instrumentation.java:1334)
09-07 03:39:41.014 11442 11442 W System.err: 	at androidx.test.runner.MonitoringInstrumentation.callActivityOnDestroy(MonitoringInstrumentation.java:766)
09-07 03:39:41.014 11442 11442 W System.err: 	at android.app.ActivityThread.performDestroyActivity(ActivityThread.java:4926)
09-07 03:39:41.014 11442 11442 W System.err: 	at android.app.ActivityThread.handleDestroyActivity(ActivityThread.java:4970)
09-07 03:39:41.014 11442 11442 W System.err: 	at android.app.servertransaction.DestroyActivityItem.execute(DestroyActivityItem.java:44)
09-07 03:39:41.014 11442 11442 W System.err: 	at android.app.servertransaction.TransactionExecutor.executeLifecycleState(TransactionExecutor.java:176)
09-07 03:39:41.014 11442 11442 W System.err: 	at android.app.servertransaction.TransactionExecutor.execute(TransactionExecutor.java:97)
09-07 03:39:41.014 11442 11442 W System.err: 	at android.app.ActivityThread$H.handleMessage(ActivityThread.java:2016)
09-07 03:39:41.014 11442 11442 W System.err: 	at android.os.Handler.dispatchMessage(Handler.java:107)
09-07 03:39:41.014 11442 11442 W System.err: 	at android.os.Looper.loop(Looper.java:214)
09-07 03:39:41.014 11442 11442 W System.err: 	at android.app.ActivityThread.main(ActivityThread.java:7356)
09-07 03:39:41.014 11442 11442 W System.err: 	at java.lang.reflect.Method.invoke(Native Method)
09-07 03:39:41.014 11442 11442 W System.err: 	at com.android.internal.os.RuntimeInit$MethodAndArgsCaller.run(RuntimeInit.java:492)
09-07 03:39:41.014 11442 11442 W System.err: 	at com.android.internal.os.ZygoteInit.main(ZygoteInit.java:930)
09-07 03:39:41.022 11442 11442 D LifecycleMonitor: Lifecycle status change: ru.iteco.fmhandroid.ui.AppActivity@f2f2e0f in: DESTROYED
09-07 03:39:41.022 11442 11442 V ActivityScenario: Update currentActivityStage to DESTROYED, currentActivity=null
09-07 03:39:41.032  1793  1793 D gralloc_ranchu: gralloc_alloc: Creating ashmem region of size 9850880
09-07 03:39:41.042  1793  1793 I chatty  : uid=1000(system) allocator@2.0-s identical 1 line
09-07 03:39:41.044  1793  1793 D gralloc_ranchu: gralloc_alloc: Creating ashmem region of size 9850880
09-07 03:39:41.045  2434  2714 D EGL_emulation: eglMakeCurrent: 0xed453b60: ver 2 0 (tinfo 0xe233a960)
09-07 03:39:41.066  2037  2061 W InputReader: Device has associated, but no associated display id.
09-07 03:39:41.066  2037  2061 I chatty  : uid=1000(system) android.anim identical 8 lines
09-07 03:39:41.066  2037  2061 W InputReader: Device has associated, but no associated display id.
