--------- beginning of main
09-07 04:53:13.318  1792  2272 E GnssHAL_GnssInterface: gnssSvStatusCb: a: input svInfo.flags is 8
09-07 04:53:13.318  1792  2272 E GnssHAL_GnssInterface: gnssSvStatusCb: b: input svInfo.flags is 8
09-07 04:53:13.336 30151 30271 I okhttp.OkHttpClient: <-- 200 http://www.981757-ca08998.tmweb.ru:8080/fmh/authentication/login (1262ms)
09-07 04:53:13.337 30151 30271 I okhttp.OkHttpClient: Vary: Origin
09-07 04:53:13.337 30151 30271 I okhttp.OkHttpClient: Vary: Access-Control-Request-Method
09-07 04:53:13.337 30151 30271 I okhttp.OkHttpClient: Vary: Access-Control-Request-Headers
09-07 04:53:13.337 30151 30271 I okhttp.OkHttpClient: X-Content-Type-Options: nosniff
09-07 04:53:13.337 30151 30271 I okhttp.OkHttpClient: X-XSS-Protection: 1; mode=block
09-07 04:53:13.338 30151 30271 I okhttp.OkHttpClient: Cache-Control: no-cache, no-store, max-age=0, must-revalidate
09-07 04:53:13.338 30151 30271 I okhttp.OkHttpClient: Pragma: no-cache
09-07 04:53:13.338 30151 30271 I okhttp.OkHttpClient: Expires: 0
09-07 04:53:13.339 30151 30271 I okhttp.OkHttpClient: X-Frame-Options: DENY
09-07 04:53:13.339 30151 30271 I okhttp.OkHttpClient: Content-Type: application/json
09-07 04:53:13.339 30151 30271 I okhttp.OkHttpClient: Transfer-Encoding: chunked
09-07 04:53:13.340 30151 30271 I okhttp.OkHttpClient: Date: Thu, 07 Sep 2023 04:53:14 GMT
09-07 04:53:13.340 30151 30271 I okhttp.OkHttpClient: Keep-Alive: timeout=60
09-07 04:53:13.340 30151 30271 I okhttp.OkHttpClient: Connection: keep-alive
09-07 04:53:13.341 30151 30271 I okhttp.OkHttpClient: {"accessToken":"eyJhbGciOiJIUzUxMiJ9.eyJzdWIiOiJsb2dpbjIiLCJqdGkiOiIxIiwiZXhwIjoxNjk0MTQ4Nzk0fQ.K3Ao_cDK2WNaHqTEE_zgmWGfTz05sOZZra_KsHTHlnZpWv7FvmKr7wVH7QUP-t3EHOeyKbhzF5diQL4csn9glA","refreshToken":"eyJhbGciOiJIUzUxMiJ9.eyJzdWIiOiJsb2dpbjIiLCJqdGkiOiIxIiwiZXhwIjoxNjk2NjU0Mzk0fQ.lCQWRm_cGbh9I31KgxaMfNqvEbRtJVLCLSIecAw6Knj8t4xq6BUaPBZN8vQjqSSsCSnNwIhUg50SC2IHwJfUTg"}
09-07 04:53:13.341 30151 30271 I okhttp.OkHttpClient: <-- END HTTP (368-byte body)
09-07 04:53:13.348 30151 30283 I okhttp.OkHttpClient: --> GET http://www.981757-ca08998.tmweb.ru:8080/fmh/authentication/userInfo
09-07 04:53:13.348 30151 30283 I okhttp.OkHttpClient: --> END GET
09-07 04:53:13.538 30151 30283 I okhttp.OkHttpClient: <-- 200 http://www.981757-ca08998.tmweb.ru:8080/fmh/authentication/userInfo (190ms)
09-07 04:53:13.539 30151 30283 I okhttp.OkHttpClient: Vary: Origin
09-07 04:53:13.539 30151 30283 I okhttp.OkHttpClient: Vary: Access-Control-Request-Method
09-07 04:53:13.539 30151 30283 I okhttp.OkHttpClient: Vary: Access-Control-Request-Headers
09-07 04:53:13.539 30151 30283 I okhttp.OkHttpClient: X-Content-Type-Options: nosniff
09-07 04:53:13.539 30151 30283 I okhttp.OkHttpClient: X-XSS-Protection: 1; mode=block
09-07 04:53:13.539 30151 30283 I okhttp.OkHttpClient: Cache-Control: no-cache, no-store, max-age=0, must-revalidate
09-07 04:53:13.540 30151 30283 I okhttp.OkHttpClient: Pragma: no-cache
09-07 04:53:13.540 30151 30283 I okhttp.OkHttpClient: Expires: 0
09-07 04:53:13.540 30151 30283 I okhttp.OkHttpClient: X-Frame-Options: DENY
09-07 04:53:13.541 30151 30283 I okhttp.OkHttpClient: Content-Type: application/json
09-07 04:53:13.541 30151 30283 I okhttp.OkHttpClient: Transfer-Encoding: chunked
09-07 04:53:13.541 30151 30283 I okhttp.OkHttpClient: Date: Thu, 07 Sep 2023 04:53:14 GMT
09-07 04:53:13.541 30151 30283 I okhttp.OkHttpClient: Keep-Alive: timeout=60
09-07 04:53:13.541 30151 30283 I okhttp.OkHttpClient: Connection: keep-alive
09-07 04:53:13.542 30151 30283 I okhttp.OkHttpClient: {"id":1,"firstName":"Ivan","lastName":"Ivanov","middleName":"Ivanovich","admin":true}
09-07 04:53:13.542 30151 30283 I okhttp.OkHttpClient: <-- END HTTP (85-byte body)
09-07 04:53:13.547 30151 30751 I okhttp.OkHttpClient: --> GET http://www.981757-ca08998.tmweb.ru:8080/fmh/claims
09-07 04:53:13.548 30151 30751 I okhttp.OkHttpClient: --> END GET
09-07 04:53:13.557  1774 30880 E ResolverController: No valid NAT64 prefix (101, <unspecified>/0)
09-07 04:53:13.615 30151 30151 I ViewInteraction: Checking 'MatchesViewAssertion{viewMatcher=(view has effective visibility <VISIBLE> and view.getGlobalVisibleRect() to return non-empty rectangle)}' assertion on view an instance of android.widget.TextView and view.getText() with or without transformation to match: is "News"
09-07 04:53:13.631 30151 30151 I ViewInteraction: Performing 'wait for a specific view with <view.getId() is <2131230951>> during 10000 millis.' action on view view.getRootView() to equal view
09-07 04:53:13.635 30151 30151 I ViewInteraction: Checking 'MatchesViewAssertion{viewMatcher=(view has effective visibility <VISIBLE> and view.getGlobalVisibleRect() to return non-empty rectangle)}' assertion on view view.getId() is <2131230951/ru.iteco.fmhandroid:id/container_list_news_include_on_fragment_main>
09-07 04:53:13.637 30151 30151 I ViewInteraction: Performing 'wait for a specific view with <view.getId() is <2131230949>> during 10000 millis.' action on view view.getRootView() to equal view
09-07 04:53:13.641 30151 30151 I ViewInteraction: Checking 'MatchesViewAssertion{viewMatcher=(view has effective visibility <VISIBLE> and view.getGlobalVisibleRect() to return non-empty rectangle)}' assertion on view view.getId() is <2131230949/ru.iteco.fmhandroid:id/container_list_claim_include_on_fragment_main>
09-07 04:53:13.644 30151 30151 I ViewInteraction: Performing 'wait for a specific view with <an instance of android.widget.TextView and view.getText() with or without transformation to match: is "Claims"> during 10000 millis.' action on view view.getRootView() to equal view
09-07 04:53:13.646 30151 30151 I ViewInteraction: Checking 'MatchesViewAssertion{viewMatcher=(view has effective visibility <VISIBLE> and view.getGlobalVisibleRect() to return non-empty rectangle)}' assertion on view an instance of android.widget.TextView and view.getText() with or without transformation to match: is "Claims"
09-07 04:53:13.648 30151 30151 I ViewInteraction: Performing 'wait for a specific view with <view.getId() is <2131231123/ru.iteco.fmhandroid:id/main_menu_image_button>> during 10000 millis.' action on view view.getRootView() to equal view
09-07 04:53:13.650 30151 30151 I ViewInteraction: Performing 'single click' action on view view.getId() is <2131231123/ru.iteco.fmhandroid:id/main_menu_image_button>
09-07 04:53:13.827  1793 14098 D gralloc_ranchu: gralloc_alloc: Creating ashmem region of size 2015232
09-07 04:53:13.835  1793 14098 I chatty  : uid=1000(system) HwBinder:1793_3 identical 1 line
09-07 04:53:13.837  1793 14098 D gralloc_ranchu: gralloc_alloc: Creating ashmem region of size 2015232
09-07 04:53:13.849 30151 30248 D EGL_emulation: eglMakeCurrent: 0xe2258dc0: ver 2 0 (tinfo 0xe233aeb0)
09-07 04:53:13.886 30151 30248 I chatty  : uid=10136(ru.iteco.fmhandroid) RenderThread identical 3 lines
09-07 04:53:13.907 30151 30248 D EGL_emulation: eglMakeCurrent: 0xe2258dc0: ver 2 0 (tinfo 0xe233aeb0)
09-07 04:53:14.147 30151 30151 I ViewInteraction: Performing 'wait for a specific view with <an instance of android.widget.TextView and view.getText() with or without transformation to match: is "News"> during 10000 millis.' action on view view.getRootView() to equal view
09-07 04:53:14.151 30151 30151 I ViewInteraction: Performing 'single click' action on view an instance of android.widget.TextView and view.getText() with or without transformation to match: is "News"
09-07 04:53:14.285 30151 30753 I okhttp.OkHttpClient: --> GET http://www.981757-ca08998.tmweb.ru:8080/fmh/news
09-07 04:53:14.285 30151 30753 I okhttp.OkHttpClient: --> END GET
09-07 04:53:14.317  1792  2272 E GnssHAL_GnssInterface: gnssSvStatusCb: a: input svInfo.flags is 8
09-07 04:53:14.317  1792  2272 E GnssHAL_GnssInterface: gnssSvStatusCb: b: input svInfo.flags is 8
09-07 04:53:14.321 30151 30248 D EGL_emulation: eglMakeCurrent: 0xe2258dc0: ver 2 0 (tinfo 0xe233aeb0)
09-07 04:53:14.337 30151 30248 D EGL_emulation: eglMakeCurrent: 0xe2258dc0: ver 2 0 (tinfo 0xe233aeb0)
09-07 04:53:14.467 30151 30151 I ViewInteraction: Performing 'wait for a specific view with <view.getId() is <2131231025/ru.iteco.fmhandroid:id/edit_news_material_button>> during 10000 millis.' action on view view.getRootView() to equal view
09-07 04:53:14.471 30151 30151 I ViewInteraction: Performing 'single click' action on view view.getId() is <2131231025/ru.iteco.fmhandroid:id/edit_news_material_button>
09-07 04:53:14.564 30151 30754 I okhttp.OkHttpClient: --> GET http://www.981757-ca08998.tmweb.ru:8080/fmh/news
09-07 04:53:14.564 30151 30754 I okhttp.OkHttpClient: --> END GET
09-07 04:53:14.628 30151 30490 I okhttp.OkHttpClient: <-- HTTP FAILED: java.net.SocketTimeoutException: timeout
09-07 04:53:14.629 30151 30151 W System.err: ru.iteco.fmhandroid.exceptions.ServerException
09-07 04:53:14.630 30151 30151 W System.err: 	at ru.iteco.fmhandroid.utils.Utils.makeRequest(Utils.kt:119)
09-07 04:53:14.630 30151 30151 W System.err: 	at ru.iteco.fmhandroid.utils.Utils$makeRequest$1.invokeSuspend(Unknown Source:15)
09-07 04:53:14.630 30151 30151 W System.err: 	at kotlin.coroutines.jvm.internal.BaseContinuationImpl.resumeWith(ContinuationImpl.kt:33)
09-07 04:53:14.630 30151 30151 W System.err: 	at kotlinx.coroutines.DispatchedTask.run(DispatchedTask.kt:104)
09-07 04:53:14.630 30151 30151 W System.err: 	at android.os.Handler.handleCallback(Handler.java:883)
09-07 04:53:14.630 30151 30151 W System.err: 	at android.os.Handler.dispatchMessage(Handler.java:100)
09-07 04:53:14.630 30151 30151 W System.err: 	at androidx.test.espresso.base.Interrogator.loopAndInterrogate(Interrogator.java:14)
09-07 04:53:14.630 30151 30151 W System.err: 	at androidx.test.espresso.base.UiControllerImpl.loopUntil(UiControllerImpl.java:8)
09-07 04:53:14.630 30151 30151 W System.err: 	at androidx.test.espresso.base.UiControllerImpl.loopUntil(UiControllerImpl.java:1)
09-07 04:53:14.630 30151 30151 W System.err: 	at androidx.test.espresso.base.UiControllerImpl.loopMainThreadForAtLeast(UiControllerImpl.java:7)
09-07 04:53:14.630 30151 30151 W System.err: 	at ru.iteco.fmhandroid.ui.data.ViewActions$1.perform(ViewActions.java:48)
09-07 04:53:14.631 30151 30151 W System.err: 	at androidx.test.espresso.ViewInteraction$SingleExecutionViewAction.perform(ViewInteraction.java:2)
09-07 04:53:14.631 30151 30151 W System.err: 	at androidx.test.espresso.ViewInteraction.doPerform(ViewInteraction.java:25)
09-07 04:53:14.631 30151 30151 W System.err: 	at androidx.test.espresso.ViewInteraction.-$$Nest$mdoPerform(Unknown Source:0)
09-07 04:53:14.631 30151 30151 W System.err: 	at androidx.test.espresso.ViewInteraction$1.call(ViewInteraction.java:7)
09-07 04:53:14.632 30151 30151 W System.err: 	at androidx.test.espresso.ViewInteraction$1.call(ViewInteraction.java:1)
09-07 04:53:14.632 30151 30151 W System.err: 	at java.util.concurrent.FutureTask.run(FutureTask.java:266)
09-07 04:53:14.632 30151 30151 W System.err: 	at android.os.Handler.handleCallback(Handler.java:883)
09-07 04:53:14.632 30151 30151 W System.err: 	at android.os.Handler.dispatchMessage(Handler.java:100)
09-07 04:53:14.632 30151 30151 W System.err: 	at android.os.Looper.loop(Looper.java:214)
09-07 04:53:14.632 30151 30151 W System.err: 	at android.app.ActivityThread.main(ActivityThread.java:7356)
09-07 04:53:14.632 30151 30151 W System.err: 	at java.lang.reflect.Method.invoke(Native Method)
09-07 04:53:14.632 30151 30151 W System.err: 	at com.android.internal.os.RuntimeInit$MethodAndArgsCaller.run(RuntimeInit.java:492)
09-07 04:53:14.632 30151 30151 W System.err: 	at com.android.internal.os.ZygoteInit.main(ZygoteInit.java:930)
09-07 04:53:14.842 30151 30151 I ViewInteraction: Performing 'wait for a specific view with <view.getId() is <2131231060>> during 10000 millis.' action on view view.getRootView() to equal view
09-07 04:53:14.844 30151 30151 I ViewInteraction: Performing 'single click' action on view view.getId() is <2131231060/ru.iteco.fmhandroid:id/filter_news_material_button>
09-07 04:53:15.223 30151 30151 I ViewInteraction: Performing 'wait for a specific view with <view.getId() is <2131231061>> during 10000 millis.' action on view view.getRootView() to equal view
09-07 04:53:15.229 30151 30151 I ViewInteraction: Checking 'MatchesViewAssertion{viewMatcher=(view has effective visibility <VISIBLE> and view.getGlobalVisibleRect() to return non-empty rectangle)}' assertion on view view.getId() is <2131231061/ru.iteco.fmhandroid:id/filter_news_title_text_view>
09-07 04:53:15.233 30151 30151 I ViewInteraction: Performing 'wait for a specific view with <view.getId() is <2131231204>> during 10000 millis.' action on view view.getRootView() to equal view
09-07 04:53:15.236 30151 30151 I ViewInteraction: Checking 'MatchesViewAssertion{viewMatcher=(view has effective visibility <VISIBLE> and view.getGlobalVisibleRect() to return non-empty rectangle)}' assertion on view view.getId() is <2131231204/ru.iteco.fmhandroid:id/news_item_category_text_auto_complete_text_view>
09-07 04:53:15.238 30151 30151 I ViewInteraction: Performing 'wait for a specific view with <view.getId() is <2131231220>> during 10000 millis.' action on view view.getRootView() to equal view
09-07 04:53:15.240 30151 30151 I ViewInteraction: Checking 'MatchesViewAssertion{viewMatcher=(view has effective visibility <VISIBLE> and view.getGlobalVisibleRect() to return non-empty rectangle)}' assertion on view view.getId() is <2131231220/ru.iteco.fmhandroid:id/news_item_publish_date_start_text_input_edit_text>
09-07 04:53:15.242 30151 30151 I ViewInteraction: Performing 'wait for a specific view with <view.getId() is <2131231218>> during 10000 millis.' action on view view.getRootView() to equal view
09-07 04:53:15.243 30151 30151 I ViewInteraction: Checking 'MatchesViewAssertion{viewMatcher=(view has effective visibility <VISIBLE> and view.getGlobalVisibleRect() to return non-empty rectangle)}' assertion on view view.getId() is <2131231218/ru.iteco.fmhandroid:id/news_item_publish_date_end_text_input_edit_text>
09-07 04:53:15.245 30151 30151 I ViewInteraction: Performing 'wait for a specific view with <view.getId() is <2131231057>> during 10000 millis.' action on view view.getRootView() to equal view
09-07 04:53:15.247 30151 30151 I ViewInteraction: Checking 'MatchesViewAssertion{viewMatcher=(view has effective visibility <VISIBLE> and view.getGlobalVisibleRect() to return non-empty rectangle)}' assertion on view view.getId() is <2131231057/ru.iteco.fmhandroid:id/filter_button>
09-07 04:53:15.250 30151 30151 I ViewInteraction: Performing 'wait for a specific view with <view.getId() is <2131230890>> during 10000 millis.' action on view view.getRootView() to equal view
09-07 04:53:15.252 30151 30151 I ViewInteraction: Checking 'MatchesViewAssertion{viewMatcher=(view has effective visibility <VISIBLE> and view.getGlobalVisibleRect() to return non-empty rectangle)}' assertion on view view.getId() is <2131230890/ru.iteco.fmhandroid:id/cancel_button>
09-07 04:53:15.253 30151 30151 I ViewInteraction: Performing 'wait for a specific view with <view.getId() is <2131231058>> during 10000 millis.' action on view view.getRootView() to equal view
09-07 04:53:15.255 30151 30151 I ViewInteraction: Checking 'MatchesViewAssertion{viewMatcher=(view has effective visibility <VISIBLE> and view.getGlobalVisibleRect() to return non-empty rectangle)}' assertion on view view.getId() is <2131231058/ru.iteco.fmhandroid:id/filter_news_active_material_check_box>
09-07 04:53:15.258 30151 30151 I ViewInteraction: Performing 'wait for a specific view with <view.getId() is <2131231059>> during 10000 millis.' action on view view.getRootView() to equal view
09-07 04:53:15.259 30151 30151 I ViewInteraction: Checking 'MatchesViewAssertion{viewMatcher=(view has effective visibility <VISIBLE> and view.getGlobalVisibleRect() to return non-empty rectangle)}' assertion on view view.getId() is <2131231059/ru.iteco.fmhandroid:id/filter_news_inactive_material_check_box>
--------- beginning of system
09-07 04:53:15.262  2037  2056 I ActivityTaskManager: START u0 {act=android.intent.action.MAIN cat=[android.intent.category.LAUNCHER] flg=0x10000000 cmp=ru.iteco.fmhandroid.test/androidx.test.core.app.InstrumentationActivityInvoker$EmptyActivity} from uid 10136
09-07 04:53:15.267 30151 30151 D LifecycleMonitor: Lifecycle status change: ru.iteco.fmhandroid.ui.AppActivity@611cf75 in: PAUSED
09-07 04:53:15.267 30151 30151 V ActivityScenario: Update currentActivityStage to PAUSED, currentActivity=ru.iteco.fmhandroid.ui.AppActivity@611cf75
09-07 04:53:15.268 30151 30602 V FA      : Recording user engagement, ms: 14148
09-07 04:53:15.272  2037  2428 W InputReader: Device has associated, but no associated display id.
09-07 04:53:15.273  2037  2428 I chatty  : uid=1000(system) Binder:2037_8 identical 38 lines
09-07 04:53:15.273  2037  2428 W InputReader: Device has associated, but no associated display id.
09-07 04:53:15.273 30213 30213 W ActivityThread: handleWindowVisibility: no activity for token android.os.BinderProxy@c7f70f3
09-07 04:53:15.274  2037  2428 W InputReader: Device has associated, but no associated display id.
09-07 04:53:15.274  2037  2428 I chatty  : uid=1000(system) Binder:2037_8 identical 8 lines
09-07 04:53:15.274  2037  2428 W InputReader: Device has associated, but no associated display id.
09-07 04:53:15.317  1792  2272 E GnssHAL_GnssInterface: gnssSvStatusCb: a: input svInfo.flags is 8
09-07 04:53:15.317  1792  2272 E GnssHAL_GnssInterface: gnssSvStatusCb: b: input svInfo.flags is 8
09-07 04:53:15.334  1793 14098 D gralloc_ranchu: gralloc_alloc: Creating ashmem region of size 9850880
09-07 04:53:15.338 30151 30602 V FA      : Connecting to remote service
09-07 04:53:15.343  7867  7867 D BoundBrokerSvc: onBind: Intent { act=com.google.android.gms.measurement.START pkg=com.google.android.gms }
09-07 04:53:15.343  7867  7867 D BoundBrokerSvc: Loading bound service for intent: Intent { act=com.google.android.gms.measurement.START pkg=com.google.android.gms }
09-07 04:53:15.345 30151 30602 V FA      : Connection attempt already in progress
09-07 04:53:15.345 30151 30602 V FA      : Activity paused, time: 5319160
09-07 04:53:15.348  1793 14098 D gralloc_ranchu: gralloc_alloc: Creating ashmem region of size 9850880
09-07 04:53:15.350 30213 30245 D EGL_emulation: eglMakeCurrent: 0xda21a240: ver 2 0 (tinfo 0xda20f7b0)
09-07 04:53:15.368  1793 14098 D gralloc_ranchu: gralloc_alloc: Creating ashmem region of size 9850880
09-07 04:53:15.373 30151 30602 D FA      : Connected to remote service
09-07 04:53:15.379 30151 30602 V FA      : Processing queued up service tasks: 2
09-07 04:53:15.384  2037  5231 W InputReader: Device has associated, but no associated display id.
09-07 04:53:15.387  2037  5231 I chatty  : uid=1000(system) Binder:2037_19 identical 48 lines
09-07 04:53:15.387  2037  5231 W InputReader: Device has associated, but no associated display id.
09-07 04:53:15.391 30213 30213 W ActivityThread: handleWindowVisibility: no activity for token android.os.BinderProxy@5164d12
09-07 04:53:15.313  2037  2056 I ActivityTaskManager: START u0 {act=android.intent.action.MAIN cat=[android.intent.category.LAUNCHER] flg=0x10000000 cmp=ru.iteco.fmhandroid.test/androidx.test.core.app.InstrumentationActivityInvoker$EmptyActivity} from uid 10136
09-07 04:53:15.414  2037  5231 W ActivityTaskManager: Duplicate finish request for ActivityRecord{1ef06b9 u0 ru.iteco.fmhandroid/.ui.AppActivity t837 f}
09-07 04:53:15.418  7867 30607 V FA-SVC  : Logging event: origin=auto,name=user_engagement(_e),params=Bundle[{ga_event_origin(_o)=auto, engagement_time_msec(_et)=14148, ga_screen_class(_sc)=AppActivity, ga_screen_id(_si)=-9034604991994632875}]
09-07 04:53:15.437  1793 14098 D gralloc_ranchu: gralloc_alloc: Creating ashmem region of size 9850880
09-07 04:53:15.441  1793 14098 D gralloc_ranchu: gralloc_alloc: Creating ashmem region of size 9850880
09-07 04:53:15.443 30213 30245 D EGL_emulation: eglMakeCurrent: 0xda21a240: ver 2 0 (tinfo 0xda20f7b0)
09-07 04:53:15.459  1793 14098 D gralloc_ranchu: gralloc_alloc: Creating ashmem region of size 9850880
09-07 04:53:15.464  2037  2061 W InputReader: Device has associated, but no associated display id.
09-07 04:53:15.465  2037  2061 I chatty  : uid=1000(system) android.anim identical 8 lines
09-07 04:53:15.465  2037  2061 W InputReader: Device has associated, but no associated display id.
09-07 04:53:15.467  7867 30607 V FA-SVC  : Upload scheduled in approximately ms: 2043832
09-07 04:53:15.467  7867 30607 V FA-SVC  : Unscheduling upload
09-07 04:53:15.468 30151 30248 D EGL_emulation: eglMakeCurrent: 0xe2258dc0: ver 2 0 (tinfo 0xe233aeb0)
09-07 04:53:15.469  2037  2061 W InputReader: Device has associated, but no associated display id.
09-07 04:53:15.470  2037  2061 I chatty  : uid=1000(system) android.anim identical 8 lines
09-07 04:53:15.470  2037  2061 W InputReader: Device has associated, but no associated display id.
09-07 04:53:15.470  7867 30607 V FA-SVC  : Scheduling upload, millis: 2043832
09-07 04:53:15.473  7867 30607 V FA-SVC  : Background event processing time, ms: 54
09-07 04:53:15.475  2037  2065 I ActivityTaskManager: Displayed ru.iteco.fmhandroid.test/androidx.test.core.app.InstrumentationActivityInvoker$EmptyActivity: +112ms
09-07 04:53:15.483  2037  4090 W InputReader: Device has associated, but no associated display id.
09-07 04:53:15.483  2037  4090 I chatty  : uid=1000(system) Binder:2037_E identical 8 lines
09-07 04:53:15.483  2037  4090 W InputReader: Device has associated, but no associated display id.
09-07 04:53:15.516  2037  2056 W InputReader: Device has associated, but no associated display id.
09-07 04:53:15.516  2037  2056 I chatty  : uid=1000(system) Binder:2037_2 identical 28 lines
09-07 04:53:15.517  2037  2056 W InputReader: Device has associated, but no associated display id.
09-07 04:53:15.520  1823  1823 W SurfaceFlinger: couldn't log to binary event log: overflow.
09-07 04:53:15.521 30151 30151 D LifecycleMonitor: Lifecycle status change: ru.iteco.fmhandroid.ui.AppActivity@611cf75 in: STOPPED
09-07 04:53:15.522 30151 30151 V ActivityScenario: Update currentActivityStage to STOPPED, currentActivity=ru.iteco.fmhandroid.ui.AppActivity@611cf75
09-07 04:53:15.528 30151 30151 W System.err: ru.iteco.fmhandroid.exceptions.UnknownException
09-07 04:53:15.529 30151 30151 W System.err: 	at ru.iteco.fmhandroid.utils.Utils.makeRequest(Utils.kt:123)
09-07 04:53:15.529 30151 30151 W System.err: 	at ru.iteco.fmhandroid.utils.Utils$makeRequest$1.invokeSuspend(Unknown Source:15)
09-07 04:53:15.529 30151 30151 W System.err: 	at kotlin.coroutines.jvm.internal.BaseContinuationImpl.resumeWith(ContinuationImpl.kt:33)
09-07 04:53:15.529 30151 30151 W System.err: 	at kotlinx.coroutines.DispatchedTaskKt.resume(DispatchedTask.kt:234)
09-07 04:53:15.529 30151 30151 W System.err: 	at kotlinx.coroutines.DispatchedTaskKt.resumeUnconfined(DispatchedTask.kt:190)
09-07 04:53:15.529 30151 30151 W System.err: 	at kotlinx.coroutines.DispatchedTaskKt.dispatch(DispatchedTask.kt:161)
09-07 04:53:15.529 30151 30151 W System.err: 	at kotlinx.coroutines.CancellableContinuationImpl.dispatchResume(CancellableContinuationImpl.kt:397)
09-07 04:53:15.529 30151 30751 I okhttp.OkHttpClient: <-- HTTP FAILED: java.net.SocketException: Socket closed
09-07 04:53:15.529 30151 30151 W System.err: 	at kotlinx.coroutines.CancellableContinuationImpl.cancel(CancellableContinuationImpl.kt:183)
09-07 04:53:15.529 30151 30151 W System.err: 	at kotlinx.coroutines.CancellableContinuationImpl.parentCancelled$kotlinx_coroutines_core(CancellableContinuationImpl.kt:190)
09-07 04:53:15.529 30151 30151 W System.err: 	at kotlinx.coroutines.ChildContinuation.invoke(JobSupport.kt:1474)
09-07 04:53:15.530 30151 30151 W System.err: 	at kotlinx.coroutines.JobSupport.notifyCancelling(JobSupport.kt:1499)
09-07 04:53:15.530 30151 30151 W System.err: 	at kotlinx.coroutines.JobSupport.tryMakeCancelling(JobSupport.kt:795)
09-07 04:53:15.530 30151 30151 W System.err: 	at kotlinx.coroutines.JobSupport.makeCancelling(JobSupport.kt:755)
09-07 04:53:15.530 30151 30151 W System.err: 	at kotlinx.coroutines.JobSupport.cancelImpl$kotlinx_coroutines_core(JobSupport.kt:671)
09-07 04:53:15.530 30151 30151 W System.err: 	at kotlinx.coroutines.JobSupport.parentCancelled(JobSupport.kt:637)
09-07 04:53:15.530 30151 30151 W System.err: 	at kotlinx.coroutines.ChildHandleNode.invoke(JobSupport.kt:1465)
09-07 04:53:15.530 30151 30151 W System.err: 	at kotlinx.coroutines.JobSupport.notifyCancelling(JobSupport.kt:1499)
09-07 04:53:15.530 30151 30151 W System.err: 	at kotlinx.coroutines.JobSupport.tryMakeCompletingSlowPath(JobSupport.kt:900)
09-07 04:53:15.530 30151 30151 W System.err: 	at kotlinx.coroutines.JobSupport.tryMakeCompleting(JobSupport.kt:863)
09-07 04:53:15.530 30151 30151 W System.err: 	at kotlinx.coroutines.JobSupport.cancelMakeCompleting(JobSupport.kt:696)
09-07 04:53:15.530 30151 30151 W System.err: 	at kotlinx.coroutines.JobSupport.cancelImpl$kotlinx_coroutines_core(JobSupport.kt:667)
09-07 04:53:15.530 30151 30151 W System.err: 	at kotlinx.coroutines.JobSupport.cancelInternal(JobSupport.kt:632)
09-07 04:53:15.530 30151 30151 W System.err: 	at kotlinx.coroutines.JobSupport.cancel(JobSupport.kt:617)
09-07 04:53:15.530 30151 30151 W System.err: 	at kotlinx.coroutines.JobKt__JobKt.cancel(Job.kt:561)
09-07 04:53:15.530 30151 30151 W System.err: 	at kotlinx.coroutines.JobKt.cancel(Unknown Source:1)
09-07 04:53:15.530 30151 30151 W System.err: 	at kotlinx.coroutines.JobKt__JobKt.cancel$default(Job.kt:560)
09-07 04:53:15.530 30151 30151 W System.err: 	at kotlinx.coroutines.JobKt.cancel$default(Unknown Source:1)
09-07 04:53:15.530 30151 30151 W System.err: 	at androidx.lifecycle.CloseableCoroutineScope.close(ViewModel.kt:51)
09-07 04:53:15.530 30151 30151 W System.err: 	at androidx.lifecycle.ViewModel.closeWithRuntimeException(ViewModel.java:188)
09-07 04:53:15.530 30151 30151 W System.err: 	at androidx.lifecycle.ViewModel.clear(ViewModel.java:134)
09-07 04:53:15.530 30151 30151 W System.err: 	at androidx.lifecycle.ViewModelStore.clear(ViewModelStore.java:62)
09-07 04:53:15.531 30151 30151 W System.err: 	at androidx.fragment.app.FragmentManagerViewModel.clearNonConfigStateInternal(FragmentManagerViewModel.java:210)
09-07 04:53:15.531 30151 30151 W System.err: 	at androidx.fragment.app.FragmentManagerViewModel.clearNonConfigState(FragmentManagerViewModel.java:190)
09-07 04:53:15.531 30151 30151 W System.err: 	at androidx.fragment.app.FragmentStateManager.destroy(FragmentStateManager.java:778)
09-07 04:53:15.531 30151 30151 W System.err: 	at androidx.fragment.app.FragmentStateManager.moveToExpectedState(FragmentStateManager.java:335)
09-07 04:53:15.531 30151 30151 W System.err: 	at androidx.fragment.app.FragmentStore.moveToExpectedState(FragmentStore.java:113)
09-07 04:53:15.531 30151 30151 W System.err: 	at androidx.fragment.app.FragmentManager.moveToState(FragmentManager.java:1374)
09-07 04:53:15.531 30151 30151 W System.err: 	at androidx.fragment.app.FragmentManager.dispatchStateChange(FragmentManager.java:2841)
09-07 04:53:15.531 30151 30151 W System.err: 	at androidx.fragment.app.FragmentManager.dispatchDestroy(FragmentManager.java:2820)
09-07 04:53:15.531 30151 30151 W System.err: 	at androidx.fragment.app.Fragment.performDestroy(Fragment.java:3246)
09-07 04:53:15.531 30151 30151 W System.err: 	at androidx.fragment.app.FragmentStateManager.destroy(FragmentStateManager.java:780)
09-07 04:53:15.531 30151 30151 W System.err: 	at androidx.fragment.app.FragmentStateManager.moveToExpectedState(FragmentStateManager.java:335)
09-07 04:53:15.531 30151 30151 W System.err: 	at androidx.fragment.app.SpecialEffectsController$FragmentStateManagerOperation.complete(SpecialEffectsController.java:771)
09-07 04:53:15.531 30151 30151 W System.err: 	at androidx.fragment.app.SpecialEffectsController$Operation.cancel(SpecialEffectsController.java:615)
09-07 04:53:15.531 30151 30151 W System.err: 	at androidx.fragment.app.SpecialEffectsController.forceCompleteAllOperations(SpecialEffectsController.java:350)
09-07 04:53:15.531 30151 30151 W System.err: 	at androidx.fragment.app.FragmentManager.dispatchStateChange(FragmentManager.java:2844)
09-07 04:53:15.531 30151 30151 W System.err: 	at androidx.fragment.app.FragmentManager.dispatchDestroy(FragmentManager.java:2820)
09-07 04:53:15.531 30151 30151 W System.err: 	at androidx.fragment.app.FragmentController.dispatchDestroy(FragmentController.java:345)
09-07 04:53:15.531 30151 30151 W System.err: 	at androidx.fragment.app.FragmentActivity.onDestroy(FragmentActivity.java:306)
09-07 04:53:15.531 30151 30151 W System.err: 	at androidx.appcompat.app.AppCompatActivity.onDestroy(AppCompatActivity.java:278)
09-07 04:53:15.531 30151 30151 W System.err: 	at android.app.Activity.performDestroy(Activity.java:8048)
09-07 04:53:15.531 30151 30151 W System.err: 	at android.app.Instrumentation.callActivityOnDestroy(Instrumentation.java:1334)
09-07 04:53:15.531 30151 30151 W System.err: 	at androidx.test.runner.MonitoringInstrumentation.callActivityOnDestroy(MonitoringInstrumentation.java:766)
09-07 04:53:15.531 30151 30151 W System.err: 	at android.app.ActivityThread.performDestroyActivity(ActivityThread.java:4926)
09-07 04:53:15.531 30151 30151 W System.err: 	at android.app.ActivityThread.handleDestroyActivity(ActivityThread.java:4970)
09-07 04:53:15.531 30151 30151 W System.err: 	at android.app.servertransaction.DestroyActivityItem.execute(DestroyActivityItem.java:44)
09-07 04:53:15.531 30151 30151 W System.err: 	at android.app.servertransaction.TransactionExecutor.executeLifecycleState(TransactionExecutor.java:176)
09-07 04:53:15.531 30151 30151 W System.err: 	at android.app.servertransaction.TransactionExecutor.execute(TransactionExecutor.java:97)
09-07 04:53:15.531 30151 30151 W System.err: 	at android.app.ActivityThread$H.handleMessage(ActivityThread.java:2016)
09-07 04:53:15.531 30151 30151 W System.err: 	at android.os.Handler.dispatchMessage(Handler.java:107)
09-07 04:53:15.531 30151 30151 W System.err: 	at android.os.Looper.loop(Looper.java:214)
09-07 04:53:15.531 30151 30151 W System.err: 	at android.app.ActivityThread.main(ActivityThread.java:7356)
09-07 04:53:15.531 30151 30151 W System.err: 	at java.lang.reflect.Method.invoke(Native Method)
09-07 04:53:15.531 30151 30151 W System.err: 	at com.android.internal.os.RuntimeInit$MethodAndArgsCaller.run(RuntimeInit.java:492)
09-07 04:53:15.532 30151 30151 W System.err: 	at com.android.internal.os.ZygoteInit.main(ZygoteInit.java:930)
09-07 04:53:15.532  2037  8423 D ConnectivityService: requestNetwork for uid/pid:10113/29289 NetworkRequest [ TRACK_DEFAULT id=155, [ Capabilities: INTERNET&NOT_RESTRICTED&TRUSTED Uid: 10113] ]
09-07 04:53:15.534  2037  2143 D WifiNetworkFactory: got request NetworkRequest [ TRACK_DEFAULT id=155, [ Capabilities: INTERNET&NOT_RESTRICTED&TRUSTED Uid: 10113] ] with score 60 and serial -1
09-07 04:53:15.534  2037  2143 D UntrustedWifiNetworkFactory: got request NetworkRequest [ TRACK_DEFAULT id=155, [ Capabilities: INTERNET&NOT_RESTRICTED&TRUSTED Uid: 10113] ] with score 60 and serial -1
09-07 04:53:15.535  2279  2279 D PhoneSwitcherNetworkRequstListener: got request NetworkRequest [ TRACK_DEFAULT id=155, [ Capabilities: INTERNET&NOT_RESTRICTED&TRUSTED Uid: 10113] ] with score 60 and serial -1
09-07 04:53:15.537 30151 30151 W System.err: ru.iteco.fmhandroid.exceptions.UnknownException
09-07 04:53:15.537 30151 30151 W System.err: 	at ru.iteco.fmhandroid.utils.Utils.makeRequest(Utils.kt:123)
09-07 04:53:15.538 30151 30151 W System.err: 	at ru.iteco.fmhandroid.utils.Utils$makeRequest$1.invokeSuspend(Unknown Source:15)
09-07 04:53:15.538 30151 30151 W System.err: 	at kotlin.coroutines.jvm.internal.BaseContinuationImpl.resumeWith(ContinuationImpl.kt:33)
09-07 04:53:15.538 30151 30151 W System.err: 	at kotlinx.coroutines.DispatchedTaskKt.resume(DispatchedTask.kt:234)
09-07 04:53:15.538 30151 30151 W System.err: 	at kotlinx.coroutines.DispatchedTaskKt.resumeUnconfined(DispatchedTask.kt:190)
09-07 04:53:15.545 30151 30151 W System.err: 	at kotlinx.coroutines.DispatchedTaskKt.dispatch(DispatchedTask.kt:161)
09-07 04:53:15.545 30151 30151 W System.err: 	at kotlinx.coroutines.CancellableContinuationImpl.dispatchResume(CancellableContinuationImpl.kt:397)
09-07 04:53:15.545 30151 30151 W System.err: 	at kotlinx.coroutines.CancellableContinuationImpl.cancel(CancellableContinuationImpl.kt:183)
09-07 04:53:15.545 30151 30151 W System.err: 	at kotlinx.coroutines.CancellableContinuationImpl.parentCancelled$kotlinx_coroutines_core(CancellableContinuationImpl.kt:190)
09-07 04:53:15.545 30151 30151 W System.err: 	at kotlinx.coroutines.ChildContinuation.invoke(JobSupport.kt:1474)
09-07 04:53:15.545 30151 30151 W System.err: 	at kotlinx.coroutines.JobSupport.notifyCancelling(JobSupport.kt:1499)
09-07 04:53:15.545 30151 30151 W System.err: 	at kotlinx.coroutines.JobSupport.tryMakeCancelling(JobSupport.kt:795)
09-07 04:53:15.545 30151 30151 W System.err: 	at kotlinx.coroutines.JobSupport.makeCancelling(JobSupport.kt:755)
09-07 04:53:15.545 30151 30151 W System.err: 	at kotlinx.coroutines.JobSupport.cancelImpl$kotlinx_coroutines_core(JobSupport.kt:671)
09-07 04:53:15.545 30151 30151 W System.err: 	at kotlinx.coroutines.JobSupport.parentCancelled(JobSupport.kt:637)
09-07 04:53:15.546 30151 30151 W System.err: 	at kotlinx.coroutines.ChildHandleNode.invoke(JobSupport.kt:1465)
09-07 04:53:15.546 30151 30151 W System.err: 	at kotlinx.coroutines.JobSupport.notifyCancelling(JobSupport.kt:1499)
09-07 04:53:15.546 30151 30151 W System.err: 	at kotlinx.coroutines.JobSupport.tryMakeCompletingSlowPath(JobSupport.kt:900)
09-07 04:53:15.546 30151 30151 W System.err: 	at kotlinx.coroutines.JobSupport.tryMakeCompleting(JobSupport.kt:863)
09-07 04:53:15.546 30151 30151 W System.err: 	at kotlinx.coroutines.JobSupport.cancelMakeCompleting(JobSupport.kt:696)
09-07 04:53:15.546 30151 30753 I okhttp.OkHttpClient: <-- HTTP FAILED: java.io.IOException: Canceled
09-07 04:53:15.546 30151 30151 W System.err: 	at kotlinx.coroutines.JobSupport.cancelImpl$kotlinx_coroutines_core(JobSupport.kt:667)
09-07 04:53:15.546 30151 30151 W System.err: 	at kotlinx.coroutines.JobSupport.cancelInternal(JobSupport.kt:632)
09-07 04:53:15.546 30151 30151 W System.err: 	at kotlinx.coroutines.JobSupport.cancel(JobSupport.kt:617)
09-07 04:53:15.546 30151 30151 W System.err: 	at kotlinx.coroutines.JobKt__JobKt.cancel(Job.kt:561)
09-07 04:53:15.546 30151 30151 W System.err: 	at kotlinx.coroutines.JobKt.cancel(Unknown Source:1)
09-07 04:53:15.546 30151 30151 W System.err: 	at kotlinx.coroutines.JobKt__JobKt.cancel$default(Job.kt:560)
09-07 04:53:15.546 30151 30151 W System.err: 	at kotlinx.coroutines.JobKt.cancel$default(Unknown Source:1)
09-07 04:53:15.546 30151 30151 W System.err: 	at androidx.lifecycle.CloseableCoroutineScope.close(ViewModel.kt:51)
09-07 04:53:15.546 30151 30151 W System.err: 	at androidx.lifecycle.ViewModel.closeWithRuntimeException(ViewModel.java:188)
09-07 04:53:15.546 30151 30151 W System.err: 	at androidx.lifecycle.ViewModel.clear(ViewModel.java:134)
09-07 04:53:15.546 30151 30151 W System.err: 	at androidx.lifecycle.ViewModelStore.clear(ViewModelStore.java:62)
09-07 04:53:15.546 30151 30151 W System.err: 	at androidx.fragment.app.FragmentManagerViewModel.clearNonConfigStateInternal(FragmentManagerViewModel.java:210)
09-07 04:53:15.546 30151 30151 W System.err: 	at androidx.fragment.app.FragmentManagerViewModel.clearNonConfigState(FragmentManagerViewModel.java:190)
09-07 04:53:15.546 30151 30151 W System.err: 	at androidx.fragment.app.FragmentStateManager.destroy(FragmentStateManager.java:778)
09-07 04:53:15.546 30151 30151 W System.err: 	at androidx.fragment.app.FragmentStateManager.moveToExpectedState(FragmentStateManager.java:335)
09-07 04:53:15.546 30151 30151 W System.err: 	at androidx.fragment.app.FragmentStore.moveToExpectedState(FragmentStore.java:113)
09-07 04:53:15.546 30151 30151 W System.err: 	at androidx.fragment.app.FragmentManager.moveToState(FragmentManager.java:1374)
09-07 04:53:15.546 30151 30151 W System.err: 	at androidx.fragment.app.FragmentManager.dispatchStateChange(FragmentManager.java:2841)
09-07 04:53:15.546 30151 30151 W System.err: 	at androidx.fragment.app.FragmentManager.dispatchDestroy(FragmentManager.java:2820)
09-07 04:53:15.546 30151 30151 W System.err: 	at androidx.fragment.app.Fragment.performDestroy(Fragment.java:3246)
09-07 04:53:15.546 30151 30151 W System.err: 	at androidx.fragment.app.FragmentStateManager.destroy(FragmentStateManager.java:780)
09-07 04:53:15.546 30151 30151 W System.err: 	at androidx.fragment.app.FragmentStateManager.moveToExpectedState(FragmentStateManager.java:335)
09-07 04:53:15.546 30151 30151 W System.err: 	at androidx.fragment.app.SpecialEffectsController$FragmentStateManagerOperation.complete(SpecialEffectsController.java:771)
09-07 04:53:15.546 30151 30151 W System.err: 	at androidx.fragment.app.SpecialEffectsController$Operation.cancel(SpecialEffectsController.java:615)
09-07 04:53:15.546 30151 30151 W System.err: 	at androidx.fragment.app.SpecialEffectsController.forceCompleteAllOperations(SpecialEffectsController.java:350)
09-07 04:53:15.546 30151 30151 W System.err: 	at androidx.fragment.app.FragmentManager.dispatchStateChange(FragmentManager.java:2844)
09-07 04:53:15.546 30151 30151 W System.err: 	at androidx.fragment.app.FragmentManager.dispatchDestroy(FragmentManager.java:2820)
09-07 04:53:15.546 30151 30151 W System.err: 	at androidx.fragment.app.FragmentController.dispatchDestroy(FragmentController.java:345)
09-07 04:53:15.546 30151 30151 W System.err: 	at androidx.fragment.app.FragmentActivity.onDestroy(FragmentActivity.java:306)
09-07 04:53:15.546 30151 30151 W System.err: 	at androidx.appcompat.app.AppCompatActivity.onDestroy(AppCompatActivity.java:278)
09-07 04:53:15.546 30151 30151 W System.err: 	at android.app.Activity.performDestroy(Activity.java:8048)
09-07 04:53:15.546 30151 30151 W System.err: 	at android.app.Instrumentation.callActivityOnDestroy(Instrumentation.java:1334)
09-07 04:53:15.546 30151 30151 W System.err: 	at androidx.test.runner.MonitoringInstrumentation.callActivityOnDestroy(MonitoringInstrumentation.java:766)
09-07 04:53:15.546 30151 30151 W System.err: 	at android.app.ActivityThread.performDestroyActivity(ActivityThread.java:4926)
09-07 04:53:15.546 30151 30151 W System.err: 	at android.app.ActivityThread.handleDestroyActivity(ActivityThread.java:4970)
09-07 04:53:15.546 30151 30151 W System.err: 	at android.app.servertransaction.DestroyActivityItem.execute(DestroyActivityItem.java:44)
09-07 04:53:15.546 30151 30151 W System.err: 	at android.app.servertransaction.TransactionExecutor.executeLifecycleState(TransactionExecutor.java:176)
09-07 04:53:15.546 30151 30151 W System.err: 	at android.app.servertransaction.TransactionExecutor.execute(TransactionExecutor.java:97)
09-07 04:53:15.546 30151 30151 W System.err: 	at android.app.ActivityThread$H.handleMessage(ActivityThread.java:2016)
09-07 04:53:15.546 30151 30151 W System.err: 	at android.os.Handler.dispatchMessage(Handler.java:107)
09-07 04:53:15.546 30151 30151 W System.err: 	at android.os.Looper.loop(Looper.java:214)
09-07 04:53:15.546 30151 30151 W System.err: 	at android.app.ActivityThread.main(ActivityThread.java:7356)
09-07 04:53:15.546 30151 30151 W System.err: 	at java.lang.reflect.Method.invoke(Native Method)
09-07 04:53:15.546 30151 30151 W System.err: 	at com.android.internal.os.RuntimeInit$MethodAndArgsCaller.run(RuntimeInit.java:492)
09-07 04:53:15.546 30151 30151 W System.err: 	at com.android.internal.os.ZygoteInit.main(ZygoteInit.java:930)
09-07 04:53:15.551  1793 14098 D gralloc_ranchu: gralloc_alloc: Creating ashmem region of size 9850880
09-07 04:53:15.553 30151 30151 W System.err: ru.iteco.fmhandroid.exceptions.UnknownException
09-07 04:53:15.553 30151 30151 W System.err: 	at ru.iteco.fmhandroid.utils.Utils.makeRequest(Utils.kt:123)
09-07 04:53:15.553 30151 30151 W System.err: 	at ru.iteco.fmhandroid.utils.Utils$makeRequest$1.invokeSuspend(Unknown Source:15)
09-07 04:53:15.553 30151 30151 W System.err: 	at kotlin.coroutines.jvm.internal.BaseContinuationImpl.resumeWith(ContinuationImpl.kt:33)
09-07 04:53:15.553 30151 30151 W System.err: 	at kotlinx.coroutines.DispatchedTaskKt.resume(DispatchedTask.kt:234)
09-07 04:53:15.553 30151 30151 W System.err: 	at kotlinx.coroutines.DispatchedTaskKt.resumeUnconfined(DispatchedTask.kt:190)
09-07 04:53:15.553 30151 30151 W System.err: 	at kotlinx.coroutines.DispatchedTaskKt.dispatch(DispatchedTask.kt:161)
09-07 04:53:15.553 30151 30151 W System.err: 	at kotlinx.coroutines.CancellableContinuationImpl.dispatchResume(CancellableContinuationImpl.kt:397)
09-07 04:53:15.553 30151 30151 W System.err: 	at kotlinx.coroutines.CancellableContinuationImpl.cancel(CancellableContinuationImpl.kt:183)
09-07 04:53:15.553 30151 30151 W System.err: 	at kotlinx.coroutines.CancellableContinuationImpl.parentCancelled$kotlinx_coroutines_core(CancellableContinuationImpl.kt:190)
09-07 04:53:15.553 30151 30151 W System.err: 	at kotlinx.coroutines.ChildContinuation.invoke(JobSupport.kt:1474)
09-07 04:53:15.553 30151 30151 W System.err: 	at kotlinx.coroutines.JobSupport.notifyCancelling(JobSupport.kt:1499)
09-07 04:53:15.553 30151 30151 W System.err: 	at kotlinx.coroutines.JobSupport.tryMakeCancelling(JobSupport.kt:795)
09-07 04:53:15.553 30151 30151 W System.err: 	at kotlinx.coroutines.JobSupport.makeCancelling(JobSupport.kt:755)
09-07 04:53:15.553 30151 30151 W System.err: 	at kotlinx.coroutines.JobSupport.cancelImpl$kotlinx_coroutines_core(JobSupport.kt:671)
09-07 04:53:15.553 30151 30151 W System.err: 	at kotlinx.coroutines.JobSupport.parentCancelled(JobSupport.kt:637)
09-07 04:53:15.553 30151 30151 W System.err: 	at kotlinx.coroutines.ChildHandleNode.invoke(JobSupport.kt:1465)
09-07 04:53:15.553 30151 30151 W System.err: 	at kotlinx.coroutines.JobSupport.notifyCancelling(JobSupport.kt:1499)
09-07 04:53:15.553 30151 30151 W System.err: 	at kotlinx.coroutines.JobSupport.tryMakeCompletingSlowPath(JobSupport.kt:900)
09-07 04:53:15.553 30151 30151 W System.err: 	at kotlinx.coroutines.JobSupport.tryMakeCompleting(JobSupport.kt:863)
09-07 04:53:15.553 30151 30151 W System.err: 	at kotlinx.coroutines.JobSupport.cancelMakeCompleting(JobSupport.kt:696)
09-07 04:53:15.553 30151 30151 W System.err: 	at kotlinx.coroutines.JobSupport.cancelImpl$kotlinx_coroutines_core(JobSupport.kt:667)
09-07 04:53:15.553 30151 30151 W System.err: 	at kotlinx.coroutines.JobSupport.cancelInternal(JobSupport.kt:632)
09-07 04:53:15.553 30151 30151 W System.err: 	at kotlinx.coroutines.JobSupport.cancel(JobSupport.kt:617)
09-07 04:53:15.553 30151 30151 W System.err: 	at kotlinx.coroutines.JobKt__JobKt.cancel(Job.kt:561)
09-07 04:53:15.553 30151 30151 W System.err: 	at kotlinx.coroutines.JobKt.cancel(Unknown Source:1)
09-07 04:53:15.553 30151 30151 W System.err: 	at kotlinx.coroutines.JobKt__JobKt.cancel$default(Job.kt:560)
09-07 04:53:15.553 30151 30151 W System.err: 	at kotlinx.coroutines.JobKt.cancel$default(Unknown Source:1)
09-07 04:53:15.553 30151 30151 W System.err: 	at androidx.lifecycle.CloseableCoroutineScope.close(ViewModel.kt:51)
09-07 04:53:15.553 30151 30151 W System.err: 	at androidx.lifecycle.ViewModel.closeWithRuntimeException(ViewModel.java:188)
09-07 04:53:15.553 30151 30151 W System.err: 	at androidx.lifecycle.ViewModel.clear(ViewModel.java:134)
09-07 04:53:15.553 30151 30151 W System.err: 	at androidx.lifecycle.ViewModelStore.clear(ViewModelStore.java:62)
09-07 04:53:15.553 30151 30151 W System.err: 	at androidx.fragment.app.FragmentManagerViewModel.clearNonConfigStateInternal(FragmentManagerViewModel.java:210)
09-07 04:53:15.553 30151 30151 W System.err: 	at androidx.fragment.app.FragmentManagerViewModel.clearNonConfigState(FragmentManagerViewModel.java:190)
09-07 04:53:15.553 30151 30151 W System.err: 	at androidx.fragment.app.FragmentStateManager.destroy(FragmentStateManager.java:778)
09-07 04:53:15.553 30151 30151 W System.err: 	at androidx.fragment.app.FragmentStateManager.moveToExpectedState(FragmentStateManager.java:335)
09-07 04:53:15.553 30151 30151 W System.err: 	at androidx.fragment.app.FragmentStore.moveToExpectedState(FragmentStore.java:113)
09-07 04:53:15.553 30151 30151 W System.err: 	at androidx.fragment.app.FragmentManager.moveToState(FragmentManager.java:1374)
09-07 04:53:15.553 30151 30151 W System.err: 	at androidx.fragment.app.FragmentManager.dispatchStateChange(FragmentManager.java:2841)
09-07 04:53:15.553 30151 30151 W System.err: 	at androidx.fragment.app.FragmentManager.dispatchDestroy(FragmentManager.java:2820)
09-07 04:53:15.553 30151 30151 W System.err: 	at androidx.fragment.app.Fragment.performDestroy(Fragment.java:3246)
09-07 04:53:15.553 30151 30151 W System.err: 	at androidx.fragment.app.FragmentStateManager.destroy(FragmentStateManager.java:780)
09-07 04:53:15.553 30151 30151 W System.err: 	at androidx.fragment.app.FragmentStateManager.moveToExpectedState(FragmentStateManager.java:335)
09-07 04:53:15.553 30151 30151 W System.err: 	at androidx.fragment.app.SpecialEffectsController$FragmentStateManagerOperation.complete(SpecialEffectsController.java:771)
09-07 04:53:15.553 30151 30151 W System.err: 	at androidx.fragment.app.SpecialEffectsController$Operation.cancel(SpecialEffectsController.java:615)
09-07 04:53:15.553 30151 30151 W System.err: 	at androidx.fragment.app.SpecialEffectsController.forceCompleteAllOperations(SpecialEffectsController.java:350)
09-07 04:53:15.553 30151 30151 W System.err: 	at androidx.fragment.app.FragmentManager.dispatchStateChange(FragmentManager.java:2844)
09-07 04:53:15.553 30151 30151 W System.err: 	at androidx.fragment.app.FragmentManager.dispatchDestroy(FragmentManager.java:2820)
09-07 04:53:15.553 30151 30151 W System.err: 	at androidx.fragment.app.FragmentController.dispatchDestroy(FragmentController.java:345)
09-07 04:53:15.553 30151 30151 W System.err: 	at androidx.fragment.app.FragmentActivity.onDestroy(FragmentActivity.java:306)
09-07 04:53:15.553 30151 30151 W System.err: 	at androidx.appcompat.app.AppCompatActivity.onDestroy(AppCompatActivity.java:278)
09-07 04:53:15.553 30151 30151 W System.err: 	at android.app.Activity.performDestroy(Activity.java:8048)
09-07 04:53:15.553 30151 30151 W System.err: 	at android.app.Instrumentation.callActivityOnDestroy(Instrumentation.java:1334)
09-07 04:53:15.553 30151 30151 W System.err: 	at androidx.test.runner.MonitoringInstrumentation.callActivityOnDestroy(MonitoringInstrumentation.java:766)
09-07 04:53:15.553 30151 30151 W System.err: 	at android.app.ActivityThread.performDestroyActivity(ActivityThread.java:4926)
09-07 04:53:15.553 30151 30151 W System.err: 	at android.app.ActivityThread.handleDestroyActivity(ActivityThread.java:4970)
09-07 04:53:15.553 30151 30151 W System.err: 	at android.app.servertransaction.DestroyActivityItem.execute(DestroyActivityItem.java:44)
09-07 04:53:15.553 30151 30151 W System.err: 	at android.app.servertransaction.TransactionExecutor.executeLifecycleState(TransactionExecutor.java:176)
09-07 04:53:15.553 30151 30151 W System.err: 	at android.app.servertransaction.TransactionExecutor.execute(TransactionExecutor.java:97)
09-07 04:53:15.553 30151 30151 W System.err: 	at android.app.ActivityThread$H.handleMessage(ActivityThread.java:2016)
09-07 04:53:15.554 30151 30151 W System.err: 	at android.os.Handler.dispatchMessage(Handler.java:107)
09-07 04:53:15.554 30151 30754 I okhttp.OkHttpClient: <-- HTTP FAILED: java.net.SocketException: Socket closed
09-07 04:53:15.554 30151 30151 W System.err: 	at android.os.Looper.loop(Looper.java:214)
09-07 04:53:15.554 30151 30151 W System.err: 	at android.app.ActivityThread.main(ActivityThread.java:7356)
09-07 04:53:15.554 30151 30151 W System.err: 	at java.lang.reflect.Method.invoke(Native Method)
09-07 04:53:15.554 30151 30151 W System.err: 	at com.android.internal.os.RuntimeInit$MethodAndArgsCaller.run(RuntimeInit.java:492)
09-07 04:53:15.554 30151 30151 W System.err: 	at com.android.internal.os.ZygoteInit.main(ZygoteInit.java:930)
09-07 04:53:15.555 30151 30151 D LifecycleMonitor: Lifecycle status change: ru.iteco.fmhandroid.ui.AppActivity@611cf75 in: DESTROYED
09-07 04:53:15.555 30151 30151 V ActivityScenario: Update currentActivityStage to DESTROYED, currentActivity=null
09-07 04:53:15.555 30151 30196 I TestRunner: finished: shouldOpenTheNewsFilterSettingsForm(ru.iteco.fmhandroid.ui.ControlPanelTest)
09-07 04:53:15.567  1793 14098 D gralloc_ranchu: gralloc_alloc: Creating ashmem region of size 9850880
09-07 04:53:15.570 29289 29310 D EGL_emulation: eglMakeCurrent: 0xda21a1e0: ver 2 0 (tinfo 0xda20f710)
09-07 04:53:15.570  1793 14098 D gralloc_ranchu: gralloc_alloc: Creating ashmem region of size 9850880
09-07 04:53:15.591  2037  2061 W InputReader: Device has associated, but no associated display id.
09-07 04:53:15.592  2037  2061 I chatty  : uid=1000(system) android.anim identical 18 lines
09-07 04:53:15.592  2037  2061 W InputReader: Device has associated, but no associated display id.
09-07 04:53:15.595  1793 14098 D gralloc_ranchu: gralloc_alloc: Creating ashmem region of size 6307840
09-07 04:53:15.607 30213 30245 D EGL_emulation: eglMakeCurrent: 0xda21a240: ver 2 0 (tinfo 0xda20f7b0)
09-07 04:53:15.648  2182  2468 D EGL_emulation: eglMakeCurrent: 0xda21a360: ver 2 0 (tinfo 0xda20f590)
09-07 04:53:15.655  2182  2182 W View    : requestLayout() improperly called by com.android.keyguard.AlphaOptimizedLinearLayout{551c6d8 V.E...... ......ID 7,0-48,61 #7f0a041c app:id/wifi_group} during second layout pass: posting in next frame
09-07 04:53:15.667  2182  2182 W View    : requestLayout() improperly called by StatusBarIconView(slot=mobile icon=null notification=null) during layout: running second layout pass
09-07 04:53:15.679  2182  2468 D EGL_emulation: eglMakeCurrent: 0xda21a360: ver 2 0 (tinfo 0xda20f590)
