--------- beginning of main
09-07 04:06:29.046  1792  2272 E GnssHAL_GnssInterface: gnssSvStatusCb: a: input svInfo.flags is 8
09-07 04:06:29.046  1792  2272 E GnssHAL_GnssInterface: gnssSvStatusCb: b: input svInfo.flags is 8
09-07 04:06:30.045  1792  2272 E GnssHAL_GnssInterface: gnssSvStatusCb: a: input svInfo.flags is 8
09-07 04:06:30.045  1792  2272 E GnssHAL_GnssInterface: gnssSvStatusCb: b: input svInfo.flags is 8
09-07 04:06:30.303 17985 18077 D EGL_emulation: eglMakeCurrent: 0xda21ade0: ver 2 0 (tinfo 0xda20f9e0)
09-07 04:06:30.306  1793  1793 D gralloc_ranchu: gralloc_alloc: Creating ashmem region of size 9850880
09-07 04:06:30.316  2182  2182 W View    : requestLayout() improperly called by com.android.keyguard.AlphaOptimizedLinearLayout{551c6d8 V.E...... ......ID 7,0-48,61 #7f0a041c app:id/wifi_group} during second layout pass: posting in next frame
09-07 04:06:30.323 17985 18077 D EGL_emulation: eglMakeCurrent: 0xda21ade0: ver 2 0 (tinfo 0xda20f9e0)
09-07 04:06:30.335  2182  2182 W View    : requestLayout() improperly called by StatusBarIconView(slot=mobile icon=null notification=null) during layout: running second layout pass
09-07 04:06:30.472  1793  1793 D gralloc_ranchu: gralloc_alloc: Creating ashmem region of size 9850880
09-07 04:06:30.476 17985 18029 W teco.fmhandroi: Accessing hidden method Lsun/misc/Unsafe;->compareAndSwapObject(Ljava/lang/Object;JLjava/lang/Object;Ljava/lang/Object;)Z (greylist, linking, allowed)
09-07 04:06:30.491 17985 17985 I ViewInteraction: Performing 'single click' action on view view.getId() is <2131231123/ru.iteco.fmhandroid:id/main_menu_image_button>
09-07 04:06:30.494 17985 17985 D takeScreenshot: Found 1 global views to redraw
09-07 04:06:30.497  1793  1793 D gralloc_ranchu: gralloc_alloc: Creating ashmem region of size 9850880
09-07 04:06:30.535  1793  1793 D gralloc_ranchu: gralloc_alloc: Creating ashmem region of size 9850880
09-07 04:06:30.576 17985 18029 W DefaultFailureHandler: Failed to take screenshot
09-07 04:06:30.576 17985 18029 W DefaultFailureHandler: java.io.FileNotFoundException: view-op-error-3.png: open failed: EROFS (Read-only file system)
09-07 04:06:30.576 17985 18029 W DefaultFailureHandler: 	at libcore.io.IoBridge.open(IoBridge.java:496)
09-07 04:06:30.576 17985 18029 W DefaultFailureHandler: 	at java.io.FileOutputStream.<init>(FileOutputStream.java:235)
09-07 04:06:30.576 17985 18029 W DefaultFailureHandler: 	at java.io.FileOutputStream.<init>(FileOutputStream.java:125)
09-07 04:06:30.576 17985 18029 W DefaultFailureHandler: 	at androidx.test.platform.io.FileTestStorage.openOutputFile(FileTestStorage.java:60)
09-07 04:06:30.576 17985 18029 W DefaultFailureHandler: 	at androidx.test.core.graphics.BitmapStorage.writeToTestStorage(BitmapStorageExt.kt:49)
09-07 04:06:30.576 17985 18029 W DefaultFailureHandler: 	at androidx.test.espresso.base.DefaultFailureHandler.takeScreenshot(DefaultFailureHandler.java:4)
09-07 04:06:30.576 17985 18029 W DefaultFailureHandler: 	at androidx.test.espresso.base.DefaultFailureHandler.handle(DefaultFailureHandler.java:3)
09-07 04:06:30.576 17985 18029 W DefaultFailureHandler: 	at androidx.test.espresso.ViewInteraction.waitForAndHandleInteractionResults(ViewInteraction.java:8)
09-07 04:06:30.576 17985 18029 W DefaultFailureHandler: 	at androidx.test.espresso.ViewInteraction.desugaredPerform(ViewInteraction.java:11)
09-07 04:06:30.576 17985 18029 W DefaultFailureHandler: 	at androidx.test.espresso.ViewInteraction.perform(ViewInteraction.java:8)
09-07 04:06:30.576 17985 18029 W DefaultFailureHandler: 	at ru.iteco.fmhandroid.ui.steps.MainPageSteps.openNewsPageThroughTheMainMenu(MainPageSteps.java:62)
09-07 04:06:30.576 17985 18029 W DefaultFailureHandler: 	at ru.iteco.fmhandroid.ui.ControlPanelTest.logoutCheckAndOpenControlPanelPage(ControlPanelTest.java:64)
09-07 04:06:30.576 17985 18029 W DefaultFailureHandler: 	at java.lang.reflect.Method.invoke(Native Method)
09-07 04:06:30.576 17985 18029 W DefaultFailureHandler: 	at org.junit.runners.model.FrameworkMethod$1.runReflectiveCall(FrameworkMethod.java:59)
09-07 04:06:30.576 17985 18029 W DefaultFailureHandler: 	at org.junit.internal.runners.model.ReflectiveCallable.run(ReflectiveCallable.java:12)
09-07 04:06:30.576 17985 18029 W DefaultFailureHandler: 	at org.junit.runners.model.FrameworkMethod.invokeExplosively(FrameworkMethod.java:56)
09-07 04:06:30.576 17985 18029 W DefaultFailureHandler: 	at androidx.test.internal.runner.junit4.statement.RunBefores.evaluate(RunBefores.java:76)
09-07 04:06:30.576 17985 18029 W DefaultFailureHandler: 	at io.qameta.allure.android.rules.ScreenshotRule$apply$1.evaluate(ScreenshotRule.kt:22)
09-07 04:06:30.576 17985 18029 W DefaultFailureHandler: 	at org.junit.rules.ExternalResource$1.evaluate(ExternalResource.java:54)
09-07 04:06:30.576 17985 18029 W DefaultFailureHandler: 	at io.qameta.allure.android.rules.LogcatRule$apply$1.evaluate(LogcatRule.kt:23)
09-07 04:06:30.576 17985 18029 W DefaultFailureHandler: 	at org.junit.rules.RunRules.evaluate(RunRules.java:20)
09-07 04:06:30.576 17985 18029 W DefaultFailureHandler: 	at org.junit.runners.ParentRunner$3.evaluate(ParentRunner.java:306)
09-07 04:06:30.576 17985 18029 W DefaultFailureHandler: 	at org.junit.runners.BlockJUnit4ClassRunner$1.evaluate(BlockJUnit4ClassRunner.java:100)
09-07 04:06:30.576 17985 18029 W DefaultFailureHandler: 	at org.junit.runners.ParentRunner.runLeaf(ParentRunner.java:366)
09-07 04:06:30.576 17985 18029 W DefaultFailureHandler: 	at org.junit.runners.BlockJUnit4ClassRunner.runChild(BlockJUnit4ClassRunner.java:103)
09-07 04:06:30.576 17985 18029 W DefaultFailureHandler: 	at org.junit.runners.BlockJUnit4ClassRunner.runChild(BlockJUnit4ClassRunner.java:63)
09-07 04:06:30.576 17985 18029 W DefaultFailureHandler: 	at org.junit.runners.ParentRunner$4.run(ParentRunner.java:331)
09-07 04:06:30.576 17985 18029 W DefaultFailureHandler: 	at org.junit.runners.ParentRunner$1.schedule(ParentRunner.java:79)
09-07 04:06:30.576 17985 18029 W DefaultFailureHandler: 	at org.junit.runners.ParentRunner.runChildren(ParentRunner.java:329)
09-07 04:06:30.576 17985 18029 W DefaultFailureHandler: 	at org.junit.runners.ParentRunner.access$100(ParentRunner.java:66)
09-07 04:06:30.576 17985 18029 W DefaultFailureHandler: 	at org.junit.runners.ParentRunner$2.evaluate(ParentRunner.java:293)
09-07 04:06:30.576 17985 18029 W DefaultFailureHandler: 	at org.junit.runners.ParentRunner$3.evaluate(ParentRunner.java:306)
09-07 04:06:30.576 17985 18029 W DefaultFailureHandler: 	at org.junit.runners.ParentRunner.run(ParentRunner.java:413)
09-07 04:06:30.576 17985 18029 W DefaultFailureHandler: 	at androidx.test.ext.junit.runners.AndroidJUnit4.run(AndroidJUnit4.java:162)
09-07 04:06:30.576 17985 18029 W DefaultFailureHandler: 	at io.qameta.allure.android.runners.AllureAndroidJUnit4.run(AllureAndroidJUnitRunners.kt:29)
09-07 04:06:30.576 17985 18029 W DefaultFailureHandler: 	at org.junit.runners.Suite.runChild(Suite.java:128)
09-07 04:06:30.576 17985 18029 W DefaultFailureHandler: 	at org.junit.runners.Suite.runChild(Suite.java:27)
09-07 04:06:30.576 17985 18029 W DefaultFailureHandler: 	at org.junit.runners.ParentRunner$4.run(ParentRunner.java:331)
09-07 04:06:30.576 17985 18029 W DefaultFailureHandler: 	at org.junit.runners.ParentRunner$1.schedule(ParentRunner.java:79)
09-07 04:06:30.576 17985 18029 W DefaultFailureHandler: 	at org.junit.runners.ParentRunner.runChildren(ParentRunner.java:329)
09-07 04:06:30.576 17985 18029 W DefaultFailureHandler: 	at org.junit.runners.ParentRunner.access$100(ParentRunner.java:66)
09-07 04:06:30.576 17985 18029 W DefaultFailureHandler: 	at org.junit.runners.ParentRunner$2.evaluate(ParentRunner.java:293)
09-07 04:06:30.576 17985 18029 W DefaultFailureHandler: 	at org.junit.runners.ParentRunner$3.evaluate(ParentRunner.java:306)
09-07 04:06:30.576 17985 18029 W DefaultFailureHandler: 	at org.junit.runners.ParentRunner.run(ParentRunner.java:413)
09-07 04:06:30.576 17985 18029 W DefaultFailureHandler: 	at org.junit.runner.JUnitCore.run(JUnitCore.java:137)
09-07 04:06:30.576 17985 18029 W DefaultFailureHandler: 	at org.junit.runner.JUnitCore.run(JUnitCore.java:115)
09-07 04:06:30.576 17985 18029 W DefaultFailureHandler: 	at androidx.test.internal.runner.TestExecutor.execute(TestExecutor.java:67)
09-07 04:06:30.576 17985 18029 W DefaultFailureHandler: 	at androidx.test.internal.runner.TestExecutor.execute(TestExecutor.java:58)
09-07 04:06:30.576 17985 18029 W DefaultFailureHandler: 	at androidx.test.runner.AndroidJUnitRunner.onStart(AndroidJUnitRunner.java:438)
09-07 04:06:30.576 17985 18029 W DefaultFailureHandler: 	at android.app.Instrumentation$InstrumentationThread.run(Instrumentation.java:2189)
09-07 04:06:30.576 17985 18029 W DefaultFailureHandler: Caused by: android.system.ErrnoException: open failed: EROFS (Read-only file system)
09-07 04:06:30.576 17985 18029 W DefaultFailureHandler: 	at libcore.io.Linux.open(Native Method)
09-07 04:06:30.576 17985 18029 W DefaultFailureHandler: 	at libcore.io.ForwardingOs.open(ForwardingOs.java:167)
09-07 04:06:30.576 17985 18029 W DefaultFailureHandler: 	at libcore.io.BlockGuardOs.open(BlockGuardOs.java:252)
09-07 04:06:30.576 17985 18029 W DefaultFailureHandler: 	at libcore.io.ForwardingOs.open(ForwardingOs.java:167)
09-07 04:06:30.576 17985 18029 W DefaultFailureHandler: 	at android.app.ActivityThread$AndroidOs.open(ActivityThread.java:7255)
09-07 04:06:30.576 17985 18029 W DefaultFailureHandler: 	at libcore.io.IoBridge.open(IoBridge.java:482)
09-07 04:06:30.576 17985 18029 W DefaultFailureHandler: 	... 49 more
09-07 04:06:30.578  1793  1793 D gralloc_ranchu: gralloc_alloc: Creating ashmem region of size 9850880
--------- beginning of system
09-07 04:06:30.814  2037  7737 I ActivityTaskManager: START u0 {act=android.intent.action.MAIN cat=[android.intent.category.LAUNCHER] flg=0x10000000 cmp=ru.iteco.fmhandroid.test/androidx.test.core.app.InstrumentationActivityInvoker$EmptyActivity} from uid 10136
09-07 04:06:30.817 17985 17985 D LifecycleMonitor: Lifecycle status change: ru.iteco.fmhandroid.ui.AppActivity@f67f797 in: PAUSED
09-07 04:06:30.817 17985 17985 V ActivityScenario: Update currentActivityStage to PAUSED, currentActivity=ru.iteco.fmhandroid.ui.AppActivity@f67f797
09-07 04:06:30.818  2037  7737 W InputReader: Device has associated, but no associated display id.
09-07 04:06:30.819  2037  7737 I chatty  : uid=1000(system) Binder:2037_1D identical 8 lines
09-07 04:06:30.819  2037  7737 W InputReader: Device has associated, but no associated display id.
09-07 04:06:30.819 17985 18031 V FA      : Recording user engagement, ms: 3747
09-07 04:06:30.819  2037  7737 W InputReader: Device has associated, but no associated display id.
09-07 04:06:30.820  2037  7737 I chatty  : uid=1000(system) Binder:2037_1D identical 28 lines
09-07 04:06:30.820  2037  7737 W InputReader: Device has associated, but no associated display id.
09-07 04:06:30.820 18042 18042 W ActivityThread: handleWindowVisibility: no activity for token android.os.BinderProxy@7062203
09-07 04:06:30.822  2037  7737 W InputReader: Device has associated, but no associated display id.
09-07 04:06:30.822  2037  7737 I chatty  : uid=1000(system) Binder:2037_1D identical 8 lines
09-07 04:06:30.822  2037  7737 W InputReader: Device has associated, but no associated display id.
09-07 04:06:30.869  1793  1793 D gralloc_ranchu: gralloc_alloc: Creating ashmem region of size 9850880
09-07 04:06:30.875  1793 14098 D gralloc_ranchu: gralloc_alloc: Creating ashmem region of size 9850880
09-07 04:06:30.876  1793 14098 D gralloc_ranchu: gralloc_alloc: Creating ashmem region of size 9850880
09-07 04:06:30.880 17985 18031 V FA      : Activity paused, time: 2514711
09-07 04:06:30.885 18042 18074 D EGL_emulation: eglMakeCurrent: 0xda21a3c0: ver 2 0 (tinfo 0xda20f850)
09-07 04:06:30.903  7867 18034 V FA-SVC  : Logging event: origin=auto,name=user_engagement(_e),params=Bundle[{ga_event_origin(_o)=auto, engagement_time_msec(_et)=3747, ga_screen_class(_sc)=AppActivity, ga_screen_id(_si)=2417565805474579235}]
09-07 04:06:30.910  2037  2459 W InputReader: Device has associated, but no associated display id.
09-07 04:06:30.911  2037  2459 I chatty  : uid=1000(system) Binder:2037_9 identical 48 lines
09-07 04:06:30.911  2037  2459 W InputReader: Device has associated, but no associated display id.
09-07 04:06:30.935 18042 18042 W ActivityThread: handleWindowVisibility: no activity for token android.os.BinderProxy@5b54c62
09-07 04:06:30.877  2037  7737 I ActivityTaskManager: START u0 {act=android.intent.action.MAIN cat=[android.intent.category.LAUNCHER] flg=0x10000000 cmp=ru.iteco.fmhandroid.test/androidx.test.core.app.InstrumentationActivityInvoker$EmptyActivity} from uid 10136
09-07 04:06:30.948  2037  2459 W ActivityTaskManager: Duplicate finish request for ActivityRecord{7af803f u0 ru.iteco.fmhandroid/.ui.AppActivity t716 f}
09-07 04:06:30.957  7867 18034 V FA-SVC  : Upload scheduled in approximately ms: 1246153
09-07 04:06:30.958  7867 18034 V FA-SVC  : Unscheduling upload
09-07 04:06:30.964  7867 18034 V FA-SVC  : Scheduling upload, millis: 1246153
09-07 04:06:30.964  1793 14098 D gralloc_ranchu: gralloc_alloc: Creating ashmem region of size 9850880
09-07 04:06:30.968  1793 14098 I chatty  : uid=1000(system) HwBinder:1793_3 identical 1 line
09-07 04:06:30.970  1793 14098 D gralloc_ranchu: gralloc_alloc: Creating ashmem region of size 9850880
09-07 04:06:30.970 18042 18074 D EGL_emulation: eglMakeCurrent: 0xda21a3c0: ver 2 0 (tinfo 0xda20f850)
09-07 04:06:30.994  7867 18034 V FA-SVC  : Background event processing time, ms: 112
09-07 04:06:30.998  2037  2061 W InputReader: Device has associated, but no associated display id.
09-07 04:06:30.998  2037  2061 I chatty  : uid=1000(system) android.anim identical 18 lines
09-07 04:06:30.998  2037  2061 W InputReader: Device has associated, but no associated display id.
09-07 04:06:31.005  2037  7860 W InputReader: Device has associated, but no associated display id.
09-07 04:06:31.006  2037  7860 I chatty  : uid=1000(system) Binder:2037_1F identical 8 lines
09-07 04:06:31.006  2037  7860 W InputReader: Device has associated, but no associated display id.
09-07 04:06:31.010 17985 18077 D EGL_emulation: eglMakeCurrent: 0xda21ade0: ver 2 0 (tinfo 0xda20f9e0)
09-07 04:06:31.013  2037  2065 I ActivityTaskManager: Displayed ru.iteco.fmhandroid.test/androidx.test.core.app.InstrumentationActivityInvoker$EmptyActivity: +92ms
09-07 04:06:31.021  2037  3740 W InputReader: Device has associated, but no associated display id.
09-07 04:06:31.022  2037  3740 I chatty  : uid=1000(system) Binder:2037_D identical 28 lines
09-07 04:06:31.022  2037  3740 W InputReader: Device has associated, but no associated display id.
09-07 04:06:31.026  1823  1823 W SurfaceFlinger: couldn't log to binary event log: overflow.
09-07 04:06:31.026 17985 17985 D LifecycleMonitor: Lifecycle status change: ru.iteco.fmhandroid.ui.AppActivity@f67f797 in: STOPPED
09-07 04:06:31.026 17985 17985 V ActivityScenario: Update currentActivityStage to STOPPED, currentActivity=ru.iteco.fmhandroid.ui.AppActivity@f67f797
09-07 04:06:31.037  2037  7737 D ConnectivityService: requestNetwork for uid/pid:10113/17448 NetworkRequest [ TRACK_DEFAULT id=79, [ Capabilities: INTERNET&NOT_RESTRICTED&TRUSTED Uid: 10113] ]
09-07 04:06:31.037  2037  2143 D WifiNetworkFactory: got request NetworkRequest [ TRACK_DEFAULT id=79, [ Capabilities: INTERNET&NOT_RESTRICTED&TRUSTED Uid: 10113] ] with score 60 and serial -1
09-07 04:06:31.038  2279  2279 D PhoneSwitcherNetworkRequstListener: got request NetworkRequest [ TRACK_DEFAULT id=79, [ Capabilities: INTERNET&NOT_RESTRICTED&TRUSTED Uid: 10113] ] with score 60 and serial -1
09-07 04:06:31.038  2037  2143 D UntrustedWifiNetworkFactory: got request NetworkRequest [ TRACK_DEFAULT id=79, [ Capabilities: INTERNET&NOT_RESTRICTED&TRUSTED Uid: 10113] ] with score 60 and serial -1
09-07 04:06:31.038 17985 17985 D LifecycleMonitor: Lifecycle status change: ru.iteco.fmhandroid.ui.AppActivity@f67f797 in: DESTROYED
09-07 04:06:31.038 17985 17985 V ActivityScenario: Update currentActivityStage to DESTROYED, currentActivity=null
09-07 04:06:31.045  1792  2272 E GnssHAL_GnssInterface: gnssSvStatusCb: a: input svInfo.flags is 8
09-07 04:06:31.045  1792  2272 E GnssHAL_GnssInterface: gnssSvStatusCb: b: input svInfo.flags is 8
09-07 04:06:31.058  1793 14098 D gralloc_ranchu: gralloc_alloc: Creating ashmem region of size 9850880
09-07 04:06:31.070 17985 18029 E TestRunner: failed: shouldOpenTheNewsFilterSettingsForm(ru.iteco.fmhandroid.ui.ControlPanelTest)
09-07 04:06:31.070 17985 18029 E TestRunner: ----- begin exception -----
09-07 04:06:31.071 17985 18029 E TestRunner: androidx.test.espresso.PerformException: Error performing 'single click' on view 'view.getId() is <2131231123/ru.iteco.fmhandroid:id/main_menu_image_button>'.
09-07 04:06:31.071 17985 18029 E TestRunner: 	at androidx.test.espresso.PerformException$Builder.build(PerformException.java:1)
09-07 04:06:31.071 17985 18029 E TestRunner: 	at androidx.test.espresso.base.PerformExceptionHandler.handleSafely(PerformExceptionHandler.java:8)
09-07 04:06:31.071 17985 18029 E TestRunner: 	at androidx.test.espresso.base.PerformExceptionHandler.handleSafely(PerformExceptionHandler.java:9)
09-07 04:06:31.071 17985 18029 E TestRunner: 	at androidx.test.espresso.base.DefaultFailureHandler$TypedFailureHandler.handle(DefaultFailureHandler.java:4)
09-07 04:06:31.071 17985 18029 E TestRunner: 	at androidx.test.espresso.base.DefaultFailureHandler.handle(DefaultFailureHandler.java:5)
09-07 04:06:31.071 17985 18029 E TestRunner: 	at androidx.test.espresso.ViewInteraction.waitForAndHandleInteractionResults(ViewInteraction.java:8)
09-07 04:06:31.071 17985 18029 E TestRunner: 	at androidx.test.espresso.ViewInteraction.desugaredPerform(ViewInteraction.java:11)
09-07 04:06:31.071 17985 18029 E TestRunner: 	at androidx.test.espresso.ViewInteraction.perform(ViewInteraction.java:8)
09-07 04:06:31.071 17985 18029 E TestRunner: 	at ru.iteco.fmhandroid.ui.steps.MainPageSteps.openNewsPageThroughTheMainMenu(MainPageSteps.java:62)
09-07 04:06:31.071 17985 18029 E TestRunner: 	at ru.iteco.fmhandroid.ui.ControlPanelTest.logoutCheckAndOpenControlPanelPage(ControlPanelTest.java:64)
09-07 04:06:31.071 17985 18029 E TestRunner: 	at java.lang.reflect.Method.invoke(Native Method)
09-07 04:06:31.071 17985 18029 E TestRunner: 	at org.junit.runners.model.FrameworkMethod$1.runReflectiveCall(FrameworkMethod.java:59)
09-07 04:06:31.071 17985 18029 E TestRunner: 	at org.junit.internal.runners.model.ReflectiveCallable.run(ReflectiveCallable.java:12)
09-07 04:06:31.071 17985 18029 E TestRunner: 	at org.junit.runners.model.FrameworkMethod.invokeExplosively(FrameworkMethod.java:56)
09-07 04:06:31.071 17985 18029 E TestRunner: 	at androidx.test.internal.runner.junit4.statement.RunBefores.evaluate(RunBefores.java:76)
09-07 04:06:31.071 17985 18029 E TestRunner: 	at io.qameta.allure.android.rules.ScreenshotRule$apply$1.evaluate(ScreenshotRule.kt:22)
09-07 04:06:31.071 17985 18029 E TestRunner: 	at org.junit.rules.ExternalResource$1.evaluate(ExternalResource.java:54)
09-07 04:06:31.071 17985 18029 E TestRunner: 	at io.qameta.allure.android.rules.LogcatRule$apply$1.evaluate(LogcatRule.kt:23)
09-07 04:06:31.071 17985 18029 E TestRunner: 	at org.junit.rules.RunRules.evaluate(RunRules.java:20)
09-07 04:06:31.071 17985 18029 E TestRunner: 	at org.junit.runners.ParentRunner$3.evaluate(ParentRunner.java:306)
09-07 04:06:31.071 17985 18029 E TestRunner: 	at org.junit.runners.BlockJUnit4ClassRunner$1.evaluate(BlockJUnit4ClassRunner.java:100)
09-07 04:06:31.071 17985 18029 E TestRunner: 	at org.junit.runners.ParentRunner.runLeaf(ParentRunner.java:366)
09-07 04:06:31.071 17985 18029 E TestRunner: 	at org.junit.runners.BlockJUnit4ClassRunner.runChild(BlockJUnit4ClassRunner.java:103)
09-07 04:06:31.071 17985 18029 E TestRunner: 	at org.junit.runners.BlockJUnit4ClassRunner.runChild(BlockJUnit4ClassRunner.java:63)
09-07 04:06:31.071 17985 18029 E TestRunner: 	at org.junit.runners.ParentRunner$4.run(ParentRunner.java:331)
09-07 04:06:31.071 17985 18029 E TestRunner: 	at org.junit.runners.ParentRunner$1.schedule(ParentRunner.java:79)
09-07 04:06:31.071 17985 18029 E TestRunner: 	at org.junit.runners.ParentRunner.runChildren(ParentRunner.java:329)
09-07 04:06:31.071 17985 18029 E TestRunner: 	at org.junit.runners.ParentRunner.access$100(ParentRunner.java:66)
09-07 04:06:31.071 17985 18029 E TestRunner: 	at org.junit.runners.ParentRunner$2.evaluate(ParentRunner.java:293)
09-07 04:06:31.071 17985 18029 E TestRunner: 	at org.junit.runners.ParentRunner$3.evaluate(ParentRunner.java:306)
09-07 04:06:31.071 17985 18029 E TestRunner: 	at org.junit.runners.ParentRunner.run(ParentRunner.java:413)
09-07 04:06:31.071 17985 18029 E TestRunner: 	at androidx.test.ext.junit.runners.AndroidJUnit4.run(AndroidJUnit4.java:162)
09-07 04:06:31.071 17985 18029 E TestRunner: 	at io.qameta.allure.android.runners.AllureAndroidJUnit4.run(AllureAndroidJUnitRunners.kt:29)
09-07 04:06:31.071 17985 18029 E TestRunner: 	at org.junit.runners.Suite.runChild(Suite.java:128)
09-07 04:06:31.071 17985 18029 E TestRunner: 	at org.junit.runners.Suite.runChild(Suite.java:27)
09-07 04:06:31.071 17985 18029 E TestRunner: 	at org.junit.runners.ParentRunner$4.run(ParentRunner.java:331)
09-07 04:06:31.071 17985 18029 E TestRunner: 	at org.junit.runners.ParentRunner$1.schedule(ParentRunner.java:79)
09-07 04:06:31.071 17985 18029 E TestRunner: 	at org.junit.runners.ParentRunner.runChildren(ParentRunner.java:329)
09-07 04:06:31.071 17985 18029 E TestRunner: 	at org.junit.runners.ParentRunner.access$100(ParentRunner.java:66)
09-07 04:06:31.071 17985 18029 E TestRunner: 	at org.junit.runners.ParentRunner$2.evaluate(ParentRunner.java:293)
09-07 04:06:31.071 17985 18029 E TestRunner: 	at org.junit.runners.ParentRunner$3.evaluate(ParentRunner.java:306)
09-07 04:06:31.071 17985 18029 E TestRunner: 	at org.junit.runners.ParentRunner.run(ParentRunner.java:413)
09-07 04:06:31.071 17985 18029 E TestRunner: 	at org.junit.runner.JUnitCore.run(JUnitCore.java:137)
09-07 04:06:31.071 17985 18029 E TestRunner: 	at org.junit.runner.JUnitCore.run(JUnitCore.java:115)
09-07 04:06:31.071 17985 18029 E TestRunner: 	at androidx.test.internal.runner.TestExecutor.execute(TestExecutor.java:67)
09-07 04:06:31.071 17985 18029 E TestRunner: 	at androidx.test.internal.runner.TestExecutor.execute(TestExecutor.java:58)
09-07 04:06:31.071 17985 18029 E TestRunner: 	at androidx.test.runner.AndroidJUnitRunner.onStart(AndroidJUnitRunner.java:438)
09-07 04:06:31.071 17985 18029 E TestRunner: 	at android.app.Instrumentation$InstrumentationThread.run(Instrumentation.java:2189)
09-07 04:06:31.071 17985 18029 E TestRunner: Caused by: java.lang.RuntimeException: Action will not be performed because the target view does not match one or more of the following constraints:
09-07 04:06:31.071 17985 18029 E TestRunner: (view has effective visibility <VISIBLE> a
09-07 04:06:31.071 17985 18029 E TestRunner: ----- end exception -----
09-07 04:06:31.072 17985 18029 I TestRunner: finished: shouldOpenTheNewsFilterSettingsForm(ru.iteco.fmhandroid.ui.ControlPanelTest)
09-07 04:06:31.073  1793 14098 D gralloc_ranchu: gralloc_alloc: Creating ashmem region of size 9850880
09-07 04:06:31.074 17448 17469 D EGL_emulation: eglMakeCurrent: 0xda21a1e0: ver 2 0 (tinfo 0xda20f6c0)
09-07 04:06:31.092  1793 14098 D gralloc_ranchu: gralloc_alloc: Creating ashmem region of size 9850880
09-07 04:06:31.098  2037  2061 W InputReader: Device has associated, but no associated display id.
09-07 04:06:31.099  2037  2061 I chatty  : uid=1000(system) android.anim identical 18 lines
09-07 04:06:31.099  2037  2061 W InputReader: Device has associated, but no associated display id.
09-07 04:06:31.101 17985 18029 I TestRunner: started: shouldChangeNewsTitle(ru.iteco.fmhandroid.ui.ControlPanelTest)
09-07 04:06:31.103  1793 14098 D gralloc_ranchu: gralloc_alloc: Creating ashmem region of size 6307840
09-07 04:06:31.120 18042 18074 D EGL_emulation: eglMakeCurrent: 0xda21a3c0: ver 2 0 (tinfo 0xda20f850)
09-07 04:06:31.137  2182  2468 D EGL_emulation: eglMakeCurrent: 0xda21a360: ver 2 0 (tinfo 0xda20f590)
09-07 04:06:31.139  2182  2182 W View    : requestLayout() improperly called by com.android.keyguard.AlphaOptimizedLinearLayout{551c6d8 V.E...... ......ID 7,0-48,61 #7f0a041c app:id/wifi_group} during second layout pass: posting in next frame
09-07 04:06:31.140 17985 18029 W Settings: Setting always_finish_activities has moved from android.provider.Settings.System to android.provider.Settings.Global, returning read-only value.
09-07 04:06:31.150  2037  2903 I ActivityTaskManager: START u0 {act=android.intent.action.MAIN cat=[android.intent.category.LAUNCHER] flg=0x10008000 cmp=ru.iteco.fmhandroid.test/androidx.test.core.app.InstrumentationActivityInvoker$BootstrapActivity (has extras)} from uid 10136
09-07 04:06:31.152  2182  2182 W View    : requestLayout() improperly called by StatusBarIconView(slot=mobile icon=null notification=null) during layout: running second layout pass
09-07 04:06:31.165  2037  7860 W ActivityTaskManager: Finishing task with all activities already finished
09-07 04:06:31.165  2037  7860 W ActivityTaskManager: Duplicate finish request for ActivityRecord{a29a891 u0 ru.iteco.fmhandroid.test/androidx.test.core.app.InstrumentationActivityInvoker$EmptyActivity t716 f}
09-07 04:06:31.166  2182  2468 D EGL_emulation: eglMakeCurrent: 0xda21a360: ver 2 0 (tinfo 0xda20f590)
09-07 04:06:31.173  2037  2146 D ConnectivityService: releasing NetworkRequest [ TRACK_DEFAULT id=79, [ Capabilities: INTERNET&NOT_RESTRICTED&TRUSTED Uid: 10113] ] (release request)
09-07 04:06:31.175  2037  2056 W InputReader: Device has associated, but no associated display id.
09-07 04:06:31.178  2037  2056 I chatty  : uid=1000(system) Binder:2037_2 identical 48 lines
09-07 04:06:31.178  2037  2056 W InputReader: Device has associated, but no associated display id.
09-07 04:06:31.180  1793 14098 D gralloc_ranchu: gralloc_alloc: Creating ashmem region of size 9850880
09-07 04:06:31.205 18042 18042 W ActivityThread: handleWindowVisibility: no activity for token android.os.BinderProxy@b8d753f
09-07 04:06:31.225  2037  7860 I ActivityTaskManager: START u0 {act=android.intent.action.MAIN cat=[android.intent.category.LAUNCHER] cmp=ru.iteco.fmhandroid/.ui.AppActivity} from uid 10136
09-07 04:06:31.233  2037  7860 W InputReader: Device has associated, but no associated display id.
09-07 04:06:31.236  2037  7860 I chatty  : uid=1000(system) Binder:2037_1F identical 48 lines
09-07 04:06:31.236  2037  7860 W InputReader: Device has associated, but no associated display id.
09-07 04:06:31.237 17985 17985 W ActivityThread: handleWindowVisibility: no activity for token android.os.BinderProxy@4cd5d27
09-07 04:06:31.238  2037  7860 W InputReader: Device has associated, but no associated display id.
09-07 04:06:31.240  2037  7860 I chatty  : uid=1000(system) Binder:2037_1F identical 18 lines
09-07 04:06:31.240  2037  7860 W InputReader: Device has associated, but no associated display id.
09-07 04:06:31.243  1793 14098 D gralloc_ranchu: gralloc_alloc: Creating ashmem region of size 6307840
09-07 04:06:31.245 17448 17469 D EGL_emulation: eglMakeCurrent: 0xda21a1e0: ver 2 0 (tinfo 0xda20f6c0)
09-07 04:06:31.260  1793 14098 D gralloc_ranchu: gralloc_alloc: Creating ashmem region of size 9850880
09-07 04:06:31.266  2182  2468 D EGL_emulation: eglMakeCurrent: 0xda21a360: ver 2 0 (tinfo 0xda20f590)
09-07 04:06:31.289 17985 17985 D LifecycleMonitor: Lifecycle status change: ru.iteco.fmhandroid.ui.AppActivity@a28a4c3 in: PRE_ON_CREATE
09-07 04:06:31.289 17985 17985 V ActivityScenario: Activity lifecycle changed event received but ignored because the reported transition was not ON_CREATE while the last known transition was PRE_ON_CREATE
09-07 04:06:31.292  2182  2182 W View    : requestLayout() improperly called by com.android.keyguard.AlphaOptimizedLinearLayout{551c6d8 V.E...... ......ID 7,0-48,61 #7f0a041c app:id/wifi_group} during second layout pass: posting in next frame
09-07 04:06:31.293 17985 18021 V FA      : onActivityCreated
09-07 04:06:31.300  2182  2182 W View    : requestLayout() improperly called by StatusBarIconView(slot=mobile icon=null notification=null) during layout: running second layout pass
09-07 04:06:31.306  2182  2468 D EGL_emulation: eglMakeCurrent: 0xda21a360: ver 2 0 (tinfo 0xda20f590)
09-07 04:06:31.317 17985 17985 D LifecycleMonitor: Lifecycle status change: ru.iteco.fmhandroid.ui.AppActivity@a28a4c3 in: CREATED
09-07 04:06:31.326 17985 17985 V ActivityScenario: Update currentActivityStage to CREATED, currentActivity=ru.iteco.fmhandroid.ui.AppActivity@a28a4c3
09-07 04:06:31.353 17985 17985 D LifecycleMonitor: Lifecycle status change: ru.iteco.fmhandroid.ui.AppActivity@a28a4c3 in: STARTED
09-07 04:06:31.353 17985 17985 V ActivityScenario: Update currentActivityStage to STARTED, currentActivity=ru.iteco.fmhandroid.ui.AppActivity@a28a4c3
09-07 04:06:31.354 17985 17985 D LifecycleMonitor: Lifecycle status change: ru.iteco.fmhandroid.ui.AppActivity@a28a4c3 in: RESUMED
09-07 04:06:31.354 17985 17985 V ActivityScenario: Update currentActivityStage to RESUMED, currentActivity=ru.iteco.fmhandroid.ui.AppActivity@a28a4c3
09-07 04:06:31.354 17985 18029 W teco.fmhandroi: Accessing hidden method Lsun/misc/Unsafe;->compareAndSwapObject(Ljava/lang/Object;JLjava/lang/Object;Ljava/lang/Object;)Z (greylist, linking, allowed)
09-07 04:06:31.355 17985 18031 V FA      : Activity resumed, time: 2515247
09-07 04:06:31.395  1793 14098 D gralloc_ranchu: gralloc_alloc: Creating ashmem region of size 9113600
09-07 04:06:31.403  1793 14098 I chatty  : uid=1000(system) HwBinder:1793_3 identical 1 line
09-07 04:06:31.404  1793 14098 D gralloc_ranchu: gralloc_alloc: Creating ashmem region of size 9113600
09-07 04:06:31.407 17985 18077 D EGL_emulation: eglMakeCurrent: 0xda21ade0: ver 2 0 (tinfo 0xda20f9e0)
09-07 04:06:31.450  2037  2065 I ActivityTaskManager: Displayed ru.iteco.fmhandroid/.ui.AppActivity: +298ms
09-07 04:06:31.471  2037  5599 D HostConnection: HostConnection::get() New Host Connection established 0xda23f020, tid 5599
09-07 04:06:31.472  2037  5599 D HostConnection: HostComposition ext ANDROID_EMU_CHECKSUM_HELPER_v1 ANDROID_EMU_dma_v1 ANDROID_EMU_direct_mem ANDROID_EMU_vulkan ANDROID_EMU_deferred_vulkan_commands ANDROID_EMU_vulkan_null_optional_strings ANDROID_EMU_vulkan_create_resources_with_requirements ANDROID_EMU_YUV420_888_to_NV21 ANDROID_EMU_YUV_Cache ANDROID_EMU_vulkan_free_memory_sync ANDROID_EMU_vulkan_shader_float16_int8 ANDROID_EMU_vulkan_async_queue_submit ANDROID_EMU_sync_buffer_data GL_OES_vertex_array_object GL_KHR_texture_compression_astc_ldr ANDROID_EMU_host_side_tracing ANDROID_EMU_gles_max_version_2 
09-07 04:06:31.473  2037  5599 W OpenGLRenderer: Failed to choose config with EGL_SWAP_BEHAVIOR_PRESERVED, retrying without...
09-07 04:06:31.477  2182  2182 W View    : requestLayout() improperly called by com.android.keyguard.AlphaOptimizedLinearLayout{551c6d8 V.E...... ......ID 7,0-48,61 #7f0a041c app:id/wifi_group} during second layout pass: posting in next frame
09-07 04:06:31.484  2182  2182 W View    : requestLayout() improperly called by StatusBarIconView(slot=mobile icon=null notification=null) during layout: running second layout pass
09-07 04:06:31.487 17985 17985 I ViewInteraction: Performing 'wait for a specific view with <view.getId() is <2131231123/ru.iteco.fmhandroid:id/main_menu_image_button>> during 10000 millis.' action on view view.getRootView() to equal view
09-07 04:06:31.498  2037  5599 D eglCodecCommon: setVertexArrayObject: set vao to 0 (0) 0 0
09-07 04:06:31.498  2037  5599 D EGL_emulation: eglCreateContext: 0xba761460: maj 2 min 0 rcv 2
09-07 04:06:31.520  2182  2182 W View    : requestLayout() improperly called by com.android.keyguard.AlphaOptimizedLinearLayout{551c6d8 V.E...... ......ID 7,0-48,61 #7f0a041c app:id/wifi_group} during second layout pass: posting in next frame
09-07 04:06:31.521  2182  2182 W View    : requestLayout() improperly called by StatusBarIconView(slot=mobile icon=null notification=null) during layout: running second layout pass
09-07 04:06:31.522  2037  5599 D EGL_emulation: eglMakeCurrent: 0xba761460: ver 2 0 (tinfo 0xba668ca0)
09-07 04:06:31.529  2037  5599 D eglCodecCommon: setVertexArrayObject: set vao to 0 (0) 1 0
09-07 04:06:31.540  7867 18034 V FA-SVC  : Logging event: origin=auto,name=screen_view(_vs),params=Bundle[{ga_event_origin(_o)=auto, ga_previous_class(_pc)=AppActivity, ga_previous_id(_pi)=2417565805474579235, ga_screen_class(_sc)=AppActivity, ga_screen_id(_si)=2417565805474579236}]
09-07 04:06:31.545  7867 18034 V FA-SVC  : Upload scheduled in approximately ms: 1245565
09-07 04:06:31.545  7867 18034 V FA-SVC  : Unscheduling upload
09-07 04:06:31.552  7867 18034 V FA-SVC  : Scheduling upload, millis: 1245565
09-07 04:06:31.559  2182  2182 W View    : requestLayout() improperly called by com.android.keyguard.AlphaOptimizedLinearLayout{551c6d8 V.E...... ......ID 7,0-48,61 #7f0a041c app:id/wifi_group} during second layout pass: posting in next frame
09-07 04:06:31.559  2182  2182 W View    : requestLayout() improperly called by StatusBarIconView(slot=mobile icon=null notification=null) during layout: running second layout pass
09-07 04:06:31.568  7867 18034 V FA-SVC  : Background event processing time, ms: 29
09-07 04:06:31.593  2182  2182 W View    : requestLayout() improperly called by com.android.keyguard.AlphaOptimizedLinearLayout{551c6d8 V.E...... ......ID 7,0-48,61 #7f0a041c app:id/wifi_group} during second layout pass: posting in next frame
09-07 04:06:31.593  2182  2182 W View    : requestLayout() improperly called by StatusBarIconView(slot=mobile icon=null notification=null) during layout: running second layout pass
09-07 04:06:31.628  2182  2182 W View    : requestLayout() improperly called by com.android.keyguard.AlphaOptimizedLinearLayout{551c6d8 V.E...... ......ID 7,0-48,61 #7f0a041c app:id/wifi_group} during second layout pass: posting in next frame
09-07 04:06:31.628  2182  2182 W View    : requestLayout() improperly called by StatusBarIconView(slot=mobile icon=null notification=null) during layout: running second layout pass
09-07 04:06:31.665  2182  2182 W View    : requestLayout() improperly called by com.android.keyguard.AlphaOptimizedLinearLayout{551c6d8 V.E...... ......ID 7,0-48,61 #7f0a041c app:id/wifi_group} during second layout pass: posting in next frame
09-07 04:06:31.666  2182  2182 W View    : requestLayout() improperly called by StatusBarIconView(slot=mobile icon=null notification=null) during layout: running second layout pass
09-07 04:06:31.701  2182  2182 W View    : requestLayout() improperly called by com.android.keyguard.AlphaOptimizedLinearLayout{551c6d8 V.E...... ......ID 7,0-48,61 #7f0a041c app:id/wifi_group} during second layout pass: posting in next frame
09-07 04:06:31.716  2182  2182 W View    : requestLayout() improperly called by StatusBarIconView(slot=mobile icon=null notification=null) during layout: running second layout pass
09-07 04:06:32.045  1792  2272 E GnssHAL_GnssInterface: gnssSvStatusCb: a: input svInfo.flags is 8
09-07 04:06:32.046  1792  2272 E GnssHAL_GnssInterface: gnssSvStatusCb: b: input svInfo.flags is 8
09-07 04:06:33.046  1792  2272 E GnssHAL_GnssInterface: gnssSvStatusCb: a: input svInfo.flags is 8
09-07 04:06:33.047  1792  2272 E GnssHAL_GnssInterface: gnssSvStatusCb: b: input svInfo.flags is 8
09-07 04:06:34.047  1792  2272 E GnssHAL_GnssInterface: gnssSvStatusCb: a: input svInfo.flags is 8
09-07 04:06:34.047  1792  2272 E GnssHAL_GnssInterface: gnssSvStatusCb: b: input svInfo.flags is 8
09-07 04:06:34.584 17985 18077 D EGL_emulation: eglMakeCurrent: 0xda21ade0: ver 2 0 (tinfo 0xda20f9e0)
09-07 04:06:34.590  2182  2182 W View    : requestLayout() improperly called by com.android.keyguard.AlphaOptimizedLinearLayout{551c6d8 V.E...... ......ID 7,0-48,61 #7f0a041c app:id/wifi_group} during second layout pass: posting in next frame
09-07 04:06:34.591  1793 14098 D gralloc_ranchu: gralloc_alloc: Creating ashmem region of size 9850880
09-07 04:06:34.601 17985 18077 D EGL_emulation: eglMakeCurrent: 0xda21ade0: ver 2 0 (tinfo 0xda20f9e0)
09-07 04:06:34.626  2182  2182 W View    : requestLayout() improperly called by StatusBarIconView(slot=mobile icon=null notification=null) during layout: running second layout pass
09-07 04:06:34.748  1793 14098 D gralloc_ranchu: gralloc_alloc: Creating ashmem region of size 9850880
09-07 04:06:34.753 17985 18029 W teco.fmhandroi: Accessing hidden method Lsun/misc/Unsafe;->compareAndSwapObject(Ljava/lang/Object;JLjava/lang/Object;Ljava/lang/Object;)Z (greylist, linking, allowed)
09-07 04:06:34.756 17985 17985 I ViewInteraction: Performing 'single click' action on view view.getId() is <2131231123/ru.iteco.fmhandroid:id/main_menu_image_button>
09-07 04:06:34.759 17985 17985 D takeScreenshot: Found 1 global views to redraw
09-07 04:06:34.770  1793 14098 D gralloc_ranchu: gralloc_alloc: Creating ashmem region of size 9850880
09-07 04:06:34.818  1793 14098 D gralloc_ranchu: gralloc_alloc: Creating ashmem region of size 9850880
09-07 04:06:34.857 17985 18029 W DefaultFailureHandler: Failed to take screenshot
09-07 04:06:34.857 17985 18029 W DefaultFailureHandler: java.io.FileNotFoundException: view-op-error-4.png: open failed: EROFS (Read-only file system)
09-07 04:06:34.857 17985 18029 W DefaultFailureHandler: 	at libcore.io.IoBridge.open(IoBridge.java:496)
09-07 04:06:34.857 17985 18029 W DefaultFailureHandler: 	at java.io.FileOutputStream.<init>(FileOutputStream.java:235)
09-07 04:06:34.857 17985 18029 W DefaultFailureHandler: 	at java.io.FileOutputStream.<init>(FileOutputStream.java:125)
09-07 04:06:34.857 17985 18029 W DefaultFailureHandler: 	at androidx.test.platform.io.FileTestStorage.openOutputFile(FileTestStorage.java:60)
09-07 04:06:34.857 17985 18029 W DefaultFailureHandler: 	at androidx.test.core.graphics.BitmapStorage.writeToTestStorage(BitmapStorageExt.kt:49)
09-07 04:06:34.857 17985 18029 W DefaultFailureHandler: 	at androidx.test.espresso.base.DefaultFailureHandler.takeScreenshot(DefaultFailureHandler.java:4)
09-07 04:06:34.857 17985 18029 W DefaultFailureHandler: 	at androidx.test.espresso.base.DefaultFailureHandler.handle(DefaultFailureHandler.java:3)
09-07 04:06:34.857 17985 18029 W DefaultFailureHandler: 	at androidx.test.espresso.ViewInteraction.waitForAndHandleInteractionResults(ViewInteraction.java:8)
09-07 04:06:34.857 17985 18029 W DefaultFailureHandler: 	at androidx.test.espresso.ViewInteraction.desugaredPerform(ViewInteraction.java:11)
09-07 04:06:34.857 17985 18029 W DefaultFailureHandler: 	at androidx.test.espresso.ViewInteraction.perform(ViewInteraction.java:8)
09-07 04:06:34.857 17985 18029 W DefaultFailureHandler: 	at ru.iteco.fmhandroid.ui.steps.MainPageSteps.openNewsPageThroughTheMainMenu(MainPageSteps.java:62)
09-07 04:06:34.857 17985 18029 W DefaultFailureHandler: 	at ru.iteco.fmhandroid.ui.ControlPanelTest.logoutCheckAndOpenControlPanelPage(ControlPanelTest.java:64)
09-07 04:06:34.857 17985 18029 W DefaultFailureHandler: 	at java.lang.reflect.Method.invoke(Native Method)
09-07 04:06:34.857 17985 18029 W DefaultFailureHandler: 	at org.junit.runners.model.FrameworkMethod$1.runReflectiveCall(FrameworkMethod.java:59)
09-07 04:06:34.857 17985 18029 W DefaultFailureHandler: 	at org.junit.internal.runners.model.ReflectiveCallable.run(ReflectiveCallable.java:12)
09-07 04:06:34.857 17985 18029 W DefaultFailureHandler: 	at org.junit.runners.model.FrameworkMethod.invokeExplosively(FrameworkMethod.java:56)
09-07 04:06:34.857 17985 18029 W DefaultFailureHandler: 	at androidx.test.internal.runner.junit4.statement.RunBefores.evaluate(RunBefores.java:76)
09-07 04:06:34.857 17985 18029 W DefaultFailureHandler: 	at io.qameta.allure.android.rules.ScreenshotRule$apply$1.evaluate(ScreenshotRule.kt:22)
09-07 04:06:34.857 17985 18029 W DefaultFailureHandler: 	at org.junit.rules.ExternalResource$1.evaluate(ExternalResource.java:54)
09-07 04:06:34.857 17985 18029 W DefaultFailureHandler: 	at io.qameta.allure.android.rules.LogcatRule$apply$1.evaluate(LogcatRule.kt:23)
09-07 04:06:34.857 17985 18029 W DefaultFailureHandler: 	at org.junit.rules.RunRules.evaluate(RunRules.java:20)
09-07 04:06:34.857 17985 18029 W DefaultFailureHandler: 	at org.junit.runners.ParentRunner$3.evaluate(ParentRunner.java:306)
09-07 04:06:34.857 17985 18029 W DefaultFailureHandler: 	at org.junit.runners.BlockJUnit4ClassRunner$1.evaluate(BlockJUnit4ClassRunner.java:100)
09-07 04:06:34.857 17985 18029 W DefaultFailureHandler: 	at org.junit.runners.ParentRunner.runLeaf(ParentRunner.java:366)
09-07 04:06:34.857 17985 18029 W DefaultFailureHandler: 	at org.junit.runners.BlockJUnit4ClassRunner.runChild(BlockJUnit4ClassRunner.java:103)
09-07 04:06:34.857 17985 18029 W DefaultFailureHandler: 	at org.junit.runners.BlockJUnit4ClassRunner.runChild(BlockJUnit4ClassRunner.java:63)
09-07 04:06:34.857 17985 18029 W DefaultFailureHandler: 	at org.junit.runners.ParentRunner$4.run(ParentRunner.java:331)
09-07 04:06:34.857 17985 18029 W DefaultFailureHandler: 	at org.junit.runners.ParentRunner$1.schedule(ParentRunner.java:79)
09-07 04:06:34.857 17985 18029 W DefaultFailureHandler: 	at org.junit.runners.ParentRunner.runChildren(ParentRunner.java:329)
09-07 04:06:34.857 17985 18029 W DefaultFailureHandler: 	at org.junit.runners.ParentRunner.access$100(ParentRunner.java:66)
09-07 04:06:34.857 17985 18029 W DefaultFailureHandler: 	at org.junit.runners.ParentRunner$2.evaluate(ParentRunner.java:293)
09-07 04:06:34.857 17985 18029 W DefaultFailureHandler: 	at org.junit.runners.ParentRunner$3.evaluate(ParentRunner.java:306)
09-07 04:06:34.857 17985 18029 W DefaultFailureHandler: 	at org.junit.runners.ParentRunner.run(ParentRunner.java:413)
09-07 04:06:34.857 17985 18029 W DefaultFailureHandler: 	at androidx.test.ext.junit.runners.AndroidJUnit4.run(AndroidJUnit4.java:162)
09-07 04:06:34.857 17985 18029 W DefaultFailureHandler: 	at io.qameta.allure.android.runners.AllureAndroidJUnit4.run(AllureAndroidJUnitRunners.kt:29)
09-07 04:06:34.857 17985 18029 W DefaultFailureHandler: 	at org.junit.runners.Suite.runChild(Suite.java:128)
09-07 04:06:34.857 17985 18029 W DefaultFailureHandler: 	at org.junit.runners.Suite.runChild(Suite.java:27)
09-07 04:06:34.857 17985 18029 W DefaultFailureHandler: 	at org.junit.runners.ParentRunner$4.run(ParentRunner.java:331)
09-07 04:06:34.857 17985 18029 W DefaultFailureHandler: 	at org.junit.runners.ParentRunner$1.schedule(ParentRunner.java:79)
09-07 04:06:34.857 17985 18029 W DefaultFailureHandler: 	at org.junit.runners.ParentRunner.runChildren(ParentRunner.java:329)
09-07 04:06:34.857 17985 18029 W DefaultFailureHandler: 	at org.junit.runners.ParentRunner.access$100(ParentRunner.java:66)
09-07 04:06:34.857 17985 18029 W DefaultFailureHandler: 	at org.junit.runners.ParentRunner$2.evaluate(ParentRunner.java:293)
09-07 04:06:34.857 17985 18029 W DefaultFailureHandler: 	at org.junit.runners.ParentRunner$3.evaluate(ParentRunner.java:306)
09-07 04:06:34.857 17985 18029 W DefaultFailureHandler: 	at org.junit.runners.ParentRunner.run(ParentRunner.java:413)
09-07 04:06:34.857 17985 18029 W DefaultFailureHandler: 	at org.junit.runner.JUnitCore.run(JUnitCore.java:137)
09-07 04:06:34.857 17985 18029 W DefaultFailureHandler: 	at org.junit.runner.JUnitCore.run(JUnitCore.java:115)
09-07 04:06:34.857 17985 18029 W DefaultFailureHandler: 	at androidx.test.internal.runner.TestExecutor.execute(TestExecutor.java:67)
09-07 04:06:34.857 17985 18029 W DefaultFailureHandler: 	at androidx.test.internal.runner.TestExecutor.execute(TestExecutor.java:58)
09-07 04:06:34.857 17985 18029 W DefaultFailureHandler: 	at androidx.test.runner.AndroidJUnitRunner.onStart(AndroidJUnitRunner.java:438)
09-07 04:06:34.857 17985 18029 W DefaultFailureHandler: 	at android.app.Instrumentation$InstrumentationThread.run(Instrumentation.java:2189)
09-07 04:06:34.857 17985 18029 W DefaultFailureHandler: Caused by: android.system.ErrnoException: open failed: EROFS (Read-only file system)
09-07 04:06:34.857 17985 18029 W DefaultFailureHandler: 	at libcore.io.Linux.open(Native Method)
09-07 04:06:34.857 17985 18029 W DefaultFailureHandler: 	at libcore.io.ForwardingOs.open(ForwardingOs.java:167)
09-07 04:06:34.857 17985 18029 W DefaultFailureHandler: 	at libcore.io.BlockGuardOs.open(BlockGuardOs.java:252)
09-07 04:06:34.857 17985 18029 W DefaultFailureHandler: 	at libcore.io.ForwardingOs.open(ForwardingOs.java:167)
09-07 04:06:34.857 17985 18029 W DefaultFailureHandler: 	at android.app.ActivityThread$AndroidOs.open(ActivityThread.java:7255)
09-07 04:06:34.857 17985 18029 W DefaultFailureHandler: 	at libcore.io.IoBridge.open(IoBridge.java:482)
09-07 04:06:34.857 17985 18029 W DefaultFailureHandler: 	... 49 more
09-07 04:06:34.860  1793 14098 D gralloc_ranchu: gralloc_alloc: Creating ashmem region of size 9850880
09-07 04:06:35.045  1792  2272 E GnssHAL_GnssInterface: gnssSvStatusCb: a: input svInfo.flags is 8
09-07 04:06:35.045  1792  2272 E GnssHAL_GnssInterface: gnssSvStatusCb: b: input svInfo.flags is 8
09-07 04:06:35.096  2037  2459 I ActivityTaskManager: START u0 {act=android.intent.action.MAIN cat=[android.intent.category.LAUNCHER] flg=0x10000000 cmp=ru.iteco.fmhandroid.test/androidx.test.core.app.InstrumentationActivityInvoker$EmptyActivity} from uid 10136
09-07 04:06:35.102 17985 17985 D LifecycleMonitor: Lifecycle status change: ru.iteco.fmhandroid.ui.AppActivity@a28a4c3 in: PAUSED
09-07 04:06:35.102 17985 17985 V ActivityScenario: Update currentActivityStage to PAUSED, currentActivity=ru.iteco.fmhandroid.ui.AppActivity@a28a4c3
09-07 04:06:35.103  2037  7767 W InputReader: Device has associated, but no associated display id.
09-07 04:06:35.103  2037  7767 I chatty  : uid=1000(system) Binder:2037_1E identical 38 lines
09-07 04:06:35.103  2037  7767 W InputReader: Device has associated, but no associated display id.
09-07 04:06:35.104 18042 18042 W ActivityThread: handleWindowVisibility: no activity for token android.os.BinderProxy@bdecd37
09-07 04:06:35.105 17985 18031 V FA      : Recording user engagement, ms: 3748
09-07 04:06:35.107  2037  7767 W InputReader: Device has associated, but no associated display id.
09-07 04:06:35.130  2037  7860 I ActivityTaskManager: START u0 {act=android.intent.action.MAIN cat=[android.intent.category.LAUNCHER] flg=0x10000000 cmp=ru.iteco.fmhandroid.test/androidx.test.core.app.InstrumentationActivityInvoker$EmptyActivity} from uid 10136
09-07 04:06:35.107  2037  7767 I chatty  : uid=1000(system) Binder:2037_1E identical 8 lines
09-07 04:06:35.107  2037  7767 W InputReader: Device has associated, but no associated display id.
09-07 04:06:35.145  1793 14098 D gralloc_ranchu: gralloc_alloc: Creating ashmem region of size 9850880
09-07 04:06:35.152  1793 14098 I chatty  : uid=1000(system) HwBinder:1793_3 identical 1 line
09-07 04:06:35.153  1793 14098 D gralloc_ranchu: gralloc_alloc: Creating ashmem region of size 9850880
09-07 04:06:35.154 18042 18074 D EGL_emulation: eglMakeCurrent: 0xda21a3c0: ver 2 0 (tinfo 0xda20f850)
09-07 04:06:35.155  7867 18034 V FA-SVC  : Logging event: origin=auto,name=user_engagement(_e),params=Bundle[{ga_event_origin(_o)=auto, engagement_time_msec(_et)=3748, ga_screen_class(_sc)=AppActivity, ga_screen_id(_si)=2417565805474579236}]
09-07 04:06:35.159 17985 18031 V FA      : Activity paused, time: 2518997
09-07 04:06:35.163  2037  7767 W InputReader: Device has associated, but no associated display id.
09-07 04:06:35.165  2037  7767 I chatty  : uid=1000(system) Binder:2037_1E identical 48 lines
09-07 04:06:35.165  2037  7767 W InputReader: Device has associated, but no associated display id.
09-07 04:06:35.169 18042 18042 W ActivityThread: handleWindowVisibility: no activity for token android.os.BinderProxy@b207ce6
09-07 04:06:35.170  7867 18034 V FA-SVC  : Upload scheduled in approximately ms: 1241940
09-07 04:06:35.170  7867 18034 V FA-SVC  : Unscheduling upload
09-07 04:06:35.171  7867 18034 V FA-SVC  : Scheduling upload, millis: 1241940
09-07 04:06:35.173  7867 18034 V FA-SVC  : Background event processing time, ms: 19
09-07 04:06:35.181  2037  7860 W ActivityTaskManager: Duplicate finish request for ActivityRecord{68bf4f4 u0 ru.iteco.fmhandroid/.ui.AppActivity t717 f}
09-07 04:06:35.193  1793 14098 D gralloc_ranchu: gralloc_alloc: Creating ashmem region of size 9850880
09-07 04:06:35.199  1793 14098 I chatty  : uid=1000(system) HwBinder:1793_3 identical 1 line
09-07 04:06:35.200  1793 14098 D gralloc_ranchu: gralloc_alloc: Creating ashmem region of size 9850880
09-07 04:06:35.201 18042 18074 D EGL_emulation: eglMakeCurrent: 0xda21a3c0: ver 2 0 (tinfo 0xda20f850)
09-07 04:06:35.207  2037  2061 W InputReader: Device has associated, but no associated display id.
09-07 04:06:35.207  2037  2061 I chatty  : uid=1000(system) android.anim identical 18 lines
09-07 04:06:35.207  2037  2061 W InputReader: Device has associated, but no associated display id.
09-07 04:06:35.211  2037  2056 W InputReader: Device has associated, but no associated display id.
09-07 04:06:35.211  2037  2056 I chatty  : uid=1000(system) Binder:2037_2 identical 8 lines
09-07 04:06:35.211  2037  2056 W InputReader: Device has associated, but no associated display id.
09-07 04:06:35.216 17985 18077 D EGL_emulation: eglMakeCurrent: 0xda21ade0: ver 2 0 (tinfo 0xda20f9e0)
09-07 04:06:35.219  2037  2065 I ActivityTaskManager: Displayed ru.iteco.fmhandroid.test/androidx.test.core.app.InstrumentationActivityInvoker$EmptyActivity: +65ms
09-07 04:06:35.227  2037  7860 W InputReader: Device has associated, but no associated display id.
09-07 04:06:35.229  2037  7860 I chatty  : uid=1000(system) Binder:2037_1F identical 28 lines
09-07 04:06:35.229  2037  7860 W InputReader: Device has associated, but no associated display id.
