--------- beginning of main
09-07 04:53:31.592 30151 30248 I chatty  : uid=10136(ru.iteco.fmhandroid) RenderThread expire 13 lines
09-07 04:53:31.597 30151 30248 D EGL_emulation: eglMakeCurrent: 0xe2258dc0: ver 2 0 (tinfo 0xe233aeb0)
09-07 04:53:31.975 30151 30151 I ViewInteraction: Performing 'wait for a specific view with <is assignable from class <class android.widget.DatePicker>> during 10000 millis.' action on view view.getRootView() to equal view
09-07 04:53:31.988 30151 30151 I ViewInteraction: Checking 'MatchesViewAssertion{viewMatcher=(view has effective visibility <VISIBLE> and view.getGlobalVisibleRect() to return non-empty rectangle)}' assertion on view is assignable from class <class android.widget.DatePicker>
09-07 04:53:31.991 30151 30151 I ViewInteraction: Performing 'wait for a specific view with <is assignable from class <class android.widget.DatePicker>> during 10000 millis.' action on view view.getRootView() to equal view
09-07 04:53:31.994 30151 30151 I ViewInteraction: Performing 'set date' action on view is assignable from class <class android.widget.DatePicker>
09-07 04:53:32.016 30151 30248 D EGL_emulation: eglMakeCurrent: 0xe2258dc0: ver 2 0 (tinfo 0xe233aeb0)
09-07 04:53:32.029 30151 30151 I ViewInteraction: Performing 'wait for a specific view with <view.getId() is <16908313/android:id/button1>> during 10000 millis.' action on view view.getRootView() to equal view
09-07 04:53:32.033 30151 30151 I ViewInteraction: Performing 'single click' action on view view.getId() is <16908313/android:id/button1>
09-07 04:53:32.094 30151 30248 D EGL_emulation: eglMakeCurrent: 0xe2258dc0: ver 2 0 (tinfo 0xe233aeb0)
09-07 04:53:32.101  2037  2903 E InputDispatcher: Window handle Window{58ffd4e u0 ru.iteco.fmhandroid/ru.iteco.fmhandroid.ui.AppActivity} has no registered input channel
09-07 04:53:32.108 30151 30248 D EGL_emulation: eglMakeCurrent: 0xe2258dc0: ver 2 0 (tinfo 0xe233aeb0)
09-07 04:53:32.322  1792  2272 E GnssHAL_GnssInterface: gnssSvStatusCb: a: input svInfo.flags is 8
09-07 04:53:32.322  1792  2272 E GnssHAL_GnssInterface: gnssSvStatusCb: b: input svInfo.flags is 8
09-07 04:53:32.356 30151 30151 I ViewInteraction: Performing 'wait for a specific view with <view.getId() is <2131231223/ru.iteco.fmhandroid:id/news_item_publish_time_text_input_edit_text>> during 10000 millis.' action on view view.getRootView() to equal view
09-07 04:53:32.361 30151 30151 I ViewInteraction: Performing 'single click' action on view view.getId() is <2131231223/ru.iteco.fmhandroid:id/news_item_publish_time_text_input_edit_text>
09-07 04:53:32.494  1793 14098 D gralloc_ranchu: gralloc_alloc: Creating ashmem region of size 5718016
09-07 04:53:32.505  1793 14098 I chatty  : uid=1000(system) HwBinder:1793_3 identical 1 line
09-07 04:53:32.507  1793 14098 D gralloc_ranchu: gralloc_alloc: Creating ashmem region of size 5718016
09-07 04:53:32.509 30151 30248 D EGL_emulation: eglMakeCurrent: 0xe2258dc0: ver 2 0 (tinfo 0xe233aeb0)
09-07 04:53:32.529 30151 30248 I chatty  : uid=10136(ru.iteco.fmhandroid) RenderThread identical 2 lines
09-07 04:53:32.563 30151 30248 D EGL_emulation: eglMakeCurrent: 0xe2258dc0: ver 2 0 (tinfo 0xe233aeb0)
09-07 04:53:32.792 30151 30151 I ViewInteraction: Performing 'wait for a specific view with <is assignable from class <class android.widget.TimePicker>> during 10000 millis.' action on view view.getRootView() to equal view
09-07 04:53:32.794 30151 30151 I ViewInteraction: Checking 'MatchesViewAssertion{viewMatcher=(view has effective visibility <VISIBLE> and view.getGlobalVisibleRect() to return non-empty rectangle)}' assertion on view is assignable from class <class android.widget.TimePicker>
09-07 04:53:32.796 30151 30151 I ViewInteraction: Performing 'wait for a specific view with <is assignable from class <class android.widget.TimePicker>> during 10000 millis.' action on view view.getRootView() to equal view
09-07 04:53:32.798 30151 30151 I ViewInteraction: Performing 'set time' action on view is assignable from class <class android.widget.TimePicker>
09-07 04:53:32.799 30151 30151 I ViewInteraction: Performing 'wait for a specific view with <view.getId() is <16908313/android:id/button1>> during 10000 millis.' action on view view.getRootView() to equal view
09-07 04:53:32.801 30151 30151 I ViewInteraction: Performing 'single click' action on view view.getId() is <16908313/android:id/button1>
09-07 04:53:32.859 30151 30248 D EGL_emulation: eglMakeCurrent: 0xe2258dc0: ver 2 0 (tinfo 0xe233aeb0)
09-07 04:53:32.870 30151 30248 I chatty  : uid=10136(ru.iteco.fmhandroid) RenderThread identical 1 line
09-07 04:53:32.886 30151 30248 D EGL_emulation: eglMakeCurrent: 0xe2258dc0: ver 2 0 (tinfo 0xe233aeb0)
09-07 04:53:32.891  2037  4090 E InputDispatcher: Window handle Window{338315f u0 ru.iteco.fmhandroid/ru.iteco.fmhandroid.ui.AppActivity} has no registered input channel
09-07 04:53:33.136 30151 30151 I ViewInteraction: Performing 'wait for a specific view with <view.getId() is <2131231211/ru.iteco.fmhandroid:id/news_item_description_text_input_edit_text>> during 10000 millis.' action on view view.getRootView() to equal view
09-07 04:53:33.141 30151 30151 I ViewInteraction: Performing 'replace text(Описание 0008a0ec-721f-4f55-a4a1-5b9ac5de6e1e)' action on view view.getId() is <2131231211/ru.iteco.fmhandroid:id/news_item_description_text_input_edit_text>
09-07 04:53:33.183 30151 30151 I ViewInteraction: Performing 'wait for a specific view with <view.getId() is <2131231291/ru.iteco.fmhandroid:id/save_button>> during 10000 millis.' action on view view.getRootView() to equal view
09-07 04:53:33.185 30151 30151 I ViewInteraction: Performing 'single click' action on view view.getId() is <2131231291/ru.iteco.fmhandroid:id/save_button>
09-07 04:53:33.238 30151 30766 I okhttp.OkHttpClient: --> POST http://www.981757-ca08998.tmweb.ru:8080/fmh/news
09-07 04:53:33.238 30151 30766 I okhttp.OkHttpClient: Content-Type: application/json; charset=UTF-8
09-07 04:53:33.238 30151 30766 I okhttp.OkHttpClient: Content-Length: 294
09-07 04:53:33.238 30151 30766 I okhttp.OkHttpClient: {"createDate":1694051613,"creatorId":1,"creatorName":"Ivanov Ivan Ivanovich","description":"Описание 0008a0ec-721f-4f55-a4a1-5b9ac5de6e1e","isOpen":false,"newsCategoryId":1,"publishDate":1694062380,"publishEnabled":true,"title":"Заголовок 0fe022d2-46e7-4ebc-af73-c49428553a6d"}
09-07 04:53:33.238 30151 30766 I okhttp.OkHttpClient: --> END POST (294-byte body)
09-07 04:53:33.240  1774 30941 E ResolverController: No valid NAT64 prefix (101, <unspecified>/0)
09-07 04:53:33.321  1792  2272 E GnssHAL_GnssInterface: gnssSvStatusCb: a: input svInfo.flags is 8
09-07 04:53:33.321  1792  2272 E GnssHAL_GnssInterface: gnssSvStatusCb: b: input svInfo.flags is 8
09-07 04:53:33.458 30151 30766 I okhttp.OkHttpClient: <-- 200 http://www.981757-ca08998.tmweb.ru:8080/fmh/news (219ms)
09-07 04:53:33.458 30151 30766 I okhttp.OkHttpClient: Vary: Origin
09-07 04:53:33.458 30151 30766 I okhttp.OkHttpClient: Vary: Access-Control-Request-Method
09-07 04:53:33.458 30151 30766 I okhttp.OkHttpClient: Vary: Access-Control-Request-Headers
09-07 04:53:33.458 30151 30766 I okhttp.OkHttpClient: X-Content-Type-Options: nosniff
09-07 04:53:33.458 30151 30766 I okhttp.OkHttpClient: X-XSS-Protection: 1; mode=block
09-07 04:53:33.458 30151 30766 I okhttp.OkHttpClient: Cache-Control: no-cache, no-store, max-age=0, must-revalidate
09-07 04:53:33.459 30151 30766 I okhttp.OkHttpClient: Pragma: no-cache
09-07 04:53:33.459 30151 30766 I okhttp.OkHttpClient: Expires: 0
09-07 04:53:33.459 30151 30766 I okhttp.OkHttpClient: X-Frame-Options: DENY
09-07 04:53:33.459 30151 30766 I okhttp.OkHttpClient: Content-Type: application/json
09-07 04:53:33.459 30151 30766 I okhttp.OkHttpClient: Transfer-Encoding: chunked
09-07 04:53:33.459 30151 30766 I okhttp.OkHttpClient: Date: Thu, 07 Sep 2023 04:53:34 GMT
09-07 04:53:33.459 30151 30766 I okhttp.OkHttpClient: Keep-Alive: timeout=60
09-07 04:53:33.459 30151 30766 I okhttp.OkHttpClient: Connection: keep-alive
09-07 04:53:33.460 30151 30766 I okhttp.OkHttpClient: {"id":6460,"newsCategoryId":1,"title":"Заголовок 0fe022d2-46e7-4ebc-af73-c49428553a6d","description":"Описание 0008a0ec-721f-4f55-a4a1-5b9ac5de6e1e","creatorId":1,"createDate":1694051613,"publishDate":1694062380,"publishEnabled":true,"creatorName":"Ivanov Ivan Ivanovich"}
09-07 04:53:33.460 30151 30766 I okhttp.OkHttpClient: <-- END HTTP (289-byte body)
09-07 04:53:33.514 30151 30151 I ViewInteraction: Performing 'wait for a specific view with <view.getId() is <2131231230/ru.iteco.fmhandroid:id/news_list_recycler_view>> during 10000 millis.' action on view view.getRootView() to equal view
09-07 04:53:33.518 30151 30151 I ViewInteraction: Performing 'scroll RecyclerView to: holder with view: ((view is an instance of android.view.ViewGroup and has descendant matching an instance of android.widget.TextView and view.getText() with or without transformation to match: is "Заголовок 0fe022d2-46e7-4ebc-af73-c49428553a6d"))' action on view view.getId() is <2131231230/ru.iteco.fmhandroid:id/news_list_recycler_view>
09-07 04:53:33.519 30151 30151 D takeScreenshot: Found 1 global views to redraw
09-07 04:53:33.580  1793 14098 D gralloc_ranchu: gralloc_alloc: Creating ashmem region of size 9850880
09-07 04:53:33.608 30151 30196 W DefaultFailureHandler: Failed to take screenshot
09-07 04:53:33.608 30151 30196 W DefaultFailureHandler: java.io.FileNotFoundException: view-op-error-12.png: open failed: EROFS (Read-only file system)
09-07 04:53:33.608 30151 30196 W DefaultFailureHandler: 	at libcore.io.IoBridge.open(IoBridge.java:496)
09-07 04:53:33.608 30151 30196 W DefaultFailureHandler: 	at java.io.FileOutputStream.<init>(FileOutputStream.java:235)
09-07 04:53:33.608 30151 30196 W DefaultFailureHandler: 	at java.io.FileOutputStream.<init>(FileOutputStream.java:125)
09-07 04:53:33.608 30151 30196 W DefaultFailureHandler: 	at androidx.test.platform.io.FileTestStorage.openOutputFile(FileTestStorage.java:60)
09-07 04:53:33.608 30151 30196 W DefaultFailureHandler: 	at androidx.test.core.graphics.BitmapStorage.writeToTestStorage(BitmapStorageExt.kt:49)
09-07 04:53:33.608 30151 30196 W DefaultFailureHandler: 	at androidx.test.espresso.base.DefaultFailureHandler.takeScreenshot(DefaultFailureHandler.java:4)
09-07 04:53:33.608 30151 30196 W DefaultFailureHandler: 	at androidx.test.espresso.base.DefaultFailureHandler.handle(DefaultFailureHandler.java:3)
09-07 04:53:33.608 30151 30196 W DefaultFailureHandler: 	at androidx.test.espresso.ViewInteraction.waitForAndHandleInteractionResults(ViewInteraction.java:8)
09-07 04:53:33.608 30151 30196 W DefaultFailureHandler: 	at androidx.test.espresso.ViewInteraction.desugaredPerform(ViewInteraction.java:11)
09-07 04:53:33.608 30151 30196 W DefaultFailureHandler: 	at androidx.test.espresso.ViewInteraction.perform(ViewInteraction.java:8)
09-07 04:53:33.608 30151 30196 W DefaultFailureHandler: 	at ru.iteco.fmhandroid.ui.steps.ControlPanelSteps.scrollToElementInRecyclerList(ControlPanelSteps.java:204)
09-07 04:53:33.608 30151 30196 W DefaultFailureHandler: 	at ru.iteco.fmhandroid.ui.steps.ControlPanelSteps.checkNewsIsPresent(ControlPanelSteps.java:309)
09-07 04:53:33.608 30151 30196 W DefaultFailureHandler: 	at ru.iteco.fmhandroid.ui.steps.ControlPanelSteps.openNewsCard(ControlPanelSteps.java:323)
09-07 04:53:33.608 30151 30196 W DefaultFailureHandler: 	at ru.iteco.fmhandroid.ui.ControlPanelTest.shouldChangeNewsTitle(ControlPanelTest.java:239)
09-07 04:53:33.608 30151 30196 W DefaultFailureHandler: 	at java.lang.reflect.Method.invoke(Native Method)
09-07 04:53:33.608 30151 30196 W DefaultFailureHandler: 	at org.junit.runners.model.FrameworkMethod$1.runReflectiveCall(FrameworkMethod.java:59)
09-07 04:53:33.608 30151 30196 W DefaultFailureHandler: 	at org.junit.internal.runners.model.ReflectiveCallable.run(ReflectiveCallable.java:12)
09-07 04:53:33.608 30151 30196 W DefaultFailureHandler: 	at org.junit.runners.model.FrameworkMethod.invokeExplosively(FrameworkMethod.java:56)
09-07 04:53:33.608 30151 30196 W DefaultFailureHandler: 	at org.junit.internal.runners.statements.InvokeMethod.evaluate(InvokeMethod.java:17)
09-07 04:53:33.608 30151 30196 W DefaultFailureHandler: 	at androidx.test.internal.runner.junit4.statement.RunBefores.evaluate(RunBefores.java:80)
09-07 04:53:33.608 30151 30196 W DefaultFailureHandler: 	at io.qameta.allure.android.rules.ScreenshotRule$apply$1.evaluate(ScreenshotRule.kt:22)
09-07 04:53:33.608 30151 30196 W DefaultFailureHandler: 	at org.junit.rules.ExternalResource$1.evaluate(ExternalResource.java:54)
09-07 04:53:33.608 30151 30196 W DefaultFailureHandler: 	at io.qameta.allure.android.rules.LogcatRule$apply$1.evaluate(LogcatRule.kt:23)
09-07 04:53:33.608 30151 30196 W DefaultFailureHandler: 	at org.junit.rules.RunRules.evaluate(RunRules.java:20)
09-07 04:53:33.608 30151 30196 W DefaultFailureHandler: 	at org.junit.runners.ParentRunner$3.evaluate(ParentRunner.java:306)
09-07 04:53:33.608 30151 30196 W DefaultFailureHandler: 	at org.junit.runners.BlockJUnit4ClassRunner$1.evaluate(BlockJUnit4ClassRunner.java:100)
09-07 04:53:33.608 30151 30196 W DefaultFailureHandler: 	at org.junit.runners.ParentRunner.runLeaf(ParentRunner.java:366)
09-07 04:53:33.608 30151 30196 W DefaultFailureHandler: 	at org.junit.runners.BlockJUnit4ClassRunner.runChild(BlockJUnit4ClassRunner.java:103)
09-07 04:53:33.608 30151 30196 W DefaultFailureHandler: 	at org.junit.runners.BlockJUnit4ClassRunner.runChild(BlockJUnit4ClassRunner.java:63)
09-07 04:53:33.608 30151 30196 W DefaultFailureHandler: 	at org.junit.runners.ParentRunner$4.run(ParentRunner.java:331)
09-07 04:53:33.608 30151 30196 W DefaultFailureHandler: 	at org.junit.runners.ParentRunner$1.schedule(ParentRunner.java:79)
09-07 04:53:33.608 30151 30196 W DefaultFailureHandler: 	at org.junit.runners.ParentRunner.runChildren(ParentRunner.java:329)
09-07 04:53:33.608 30151 30196 W DefaultFailureHandler: 	at org.junit.runners.ParentRunner.access$100(ParentRunner.java:66)
09-07 04:53:33.608 30151 30196 W DefaultFailureHandler: 	at org.junit.runners.ParentRunner$2.evaluate(ParentRunner.java:293)
09-07 04:53:33.608 30151 30196 W DefaultFailureHandler: 	at org.junit.runners.ParentRunner$3.evaluate(ParentRunner.java:306)
09-07 04:53:33.608 30151 30196 W DefaultFailureHandler: 	at org.junit.runners.ParentRunner.run(ParentRunner.java:413)
09-07 04:53:33.608 30151 30196 W DefaultFailureHandler: 	at androidx.test.ext.junit.runners.AndroidJUnit4.run(AndroidJUnit4.java:162)
09-07 04:53:33.608 30151 30196 W DefaultFailureHandler: 	at io.qameta.allure.android.runners.AllureAndroidJUnit4.run(AllureAndroidJUnitRunners.kt:29)
09-07 04:53:33.608 30151 30196 W DefaultFailureHandler: 	at org.junit.runners.Suite.runChild(Suite.java:128)
09-07 04:53:33.608 30151 30196 W DefaultFailureHandler: 	at org.junit.runners.Suite.runChild(Suite.java:27)
09-07 04:53:33.608 30151 30196 W DefaultFailureHandler: 	at org.junit.runners.ParentRunner$4.run(ParentRunner.java:331)
09-07 04:53:33.608 30151 30196 W DefaultFailureHandler: 	at org.junit.runners.ParentRunner$1.schedule(ParentRunner.java:79)
09-07 04:53:33.608 30151 30196 W DefaultFailureHandler: 	at org.junit.runners.ParentRunner.runChildren(ParentRunner.java:329)
09-07 04:53:33.608 30151 30196 W DefaultFailureHandler: 	at org.junit.runners.ParentRunner.access$100(ParentRunner.java:66)
09-07 04:53:33.608 30151 30196 W DefaultFailureHandler: 	at org.junit.runners.ParentRunner$2.evaluate(ParentRunner.java:293)
09-07 04:53:33.608 30151 30196 W DefaultFailureHandler: 	at org.junit.runners.ParentRunner$3.evaluate(ParentRunner.java:306)
09-07 04:53:33.608 30151 30196 W DefaultFailureHandler: 	at org.junit.runners.ParentRunner.run(ParentRunner.java:413)
09-07 04:53:33.608 30151 30196 W DefaultFailureHandler: 	at org.junit.runner.JUnitCore.run(JUnitCore.java:137)
09-07 04:53:33.608 30151 30196 W DefaultFailureHandler: 	at org.junit.runner.JUnitCore.run(JUnitCore.java:115)
09-07 04:53:33.608 30151 30196 W DefaultFailureHandler: 	at androidx.test.internal.runner.TestExecutor.execute(TestExecutor.java:67)
09-07 04:53:33.608 30151 30196 W DefaultFailureHandler: 	at androidx.test.internal.runner.TestExecutor.execute(TestExecutor.java:58)
09-07 04:53:33.608 30151 30196 W DefaultFailureHandler: 	at androidx.test.runner.AndroidJUnitRunner.onStart(AndroidJUnitRunner.java:438)
09-07 04:53:33.608 30151 30196 W DefaultFailureHandler: 	at android.app.Instrumentation$InstrumentationThread.run(Instrumentation.java:2189)
09-07 04:53:33.608 30151 30196 W DefaultFailureHandler: Caused by: android.system.ErrnoException: open failed: EROFS (Read-only file system)
09-07 04:53:33.608 30151 30196 W DefaultFailureHandler: 	at libcore.io.Linux.open(Native Method)
09-07 04:53:33.608 30151 30196 W DefaultFailureHandler: 	at libcore.io.ForwardingOs.open(ForwardingOs.java:167)
09-07 04:53:33.608 30151 30196 W DefaultFailureHandler: 	at libcore.io.BlockGuardOs.open(BlockGuardOs.java:252)
09-07 04:53:33.608 30151 30196 W DefaultFailureHandler: 	at libcore.io.ForwardingOs.open(ForwardingOs.java:167)
09-07 04:53:33.608 30151 30196 W DefaultFailureHandler: 	at android.app.ActivityThread$AndroidOs.open(ActivityThread.java:7255)
09-07 04:53:33.608 30151 30196 W DefaultFailureHandler: 	at libcore.io.IoBridge.open(IoBridge.java:482)
09-07 04:53:33.608 30151 30196 W DefaultFailureHandler: 	... 52 more
09-07 04:53:33.617  1793 14098 D gralloc_ranchu: gralloc_alloc: Creating ashmem region of size 9850880
--------- beginning of system
09-07 04:53:33.902  2037  2056 I ActivityTaskManager: START u0 {act=android.intent.action.MAIN cat=[android.intent.category.LAUNCHER] flg=0x10000000 cmp=ru.iteco.fmhandroid.test/androidx.test.core.app.InstrumentationActivityInvoker$EmptyActivity} from uid 10136
09-07 04:53:33.907 30151 30151 D LifecycleMonitor: Lifecycle status change: ru.iteco.fmhandroid.ui.AppActivity@f9ea1c4 in: PAUSED
09-07 04:53:33.907 30151 30151 V ActivityScenario: Update currentActivityStage to PAUSED, currentActivity=ru.iteco.fmhandroid.ui.AppActivity@f9ea1c4
09-07 04:53:33.907  2037  2056 W InputReader: Device has associated, but no associated display id.
09-07 04:53:33.908  2037  2056 I chatty  : uid=1000(system) Binder:2037_2 identical 29 lines
09-07 04:53:33.908  2037  2056 W InputReader: Device has associated, but no associated display id.
09-07 04:53:33.908 30151 30602 V FA      : Recording user engagement, ms: 17990
09-07 04:53:33.908  2037  2056 W InputReader: Device has associated, but no associated display id.
09-07 04:53:33.909  2037  2056 I chatty  : uid=1000(system) Binder:2037_2 identical 7 lines
09-07 04:53:33.909  2037  2056 W InputReader: Device has associated, but no associated display id.
09-07 04:53:33.909 30213 30213 W ActivityThread: handleWindowVisibility: no activity for token android.os.BinderProxy@5f8e2c5
09-07 04:53:33.911  2037  2056 W InputReader: Device has associated, but no associated display id.
09-07 04:53:33.948  2037  5231 I ActivityTaskManager: START u0 {act=android.intent.action.MAIN cat=[android.intent.category.LAUNCHER] flg=0x10000000 cmp=ru.iteco.fmhandroid.test/androidx.test.core.app.InstrumentationActivityInvoker$EmptyActivity} from uid 10136
09-07 04:53:33.911  2037  2056 I chatty  : uid=1000(system) Binder:2037_2 identical 8 lines
09-07 04:53:33.911  2037  2056 W InputReader: Device has associated, but no associated display id.
09-07 04:53:33.949  1793 14098 D gralloc_ranchu: gralloc_alloc: Creating ashmem region of size 9850880
09-07 04:53:33.961  1793 14098 I chatty  : uid=1000(system) HwBinder:1793_3 identical 1 line
09-07 04:53:33.963  1793 14098 D gralloc_ranchu: gralloc_alloc: Creating ashmem region of size 9850880
09-07 04:53:33.963 30213 30245 D EGL_emulation: eglMakeCurrent: 0xda21a240: ver 2 0 (tinfo 0xda20f7b0)
09-07 04:53:33.965 30151 30602 V FA      : Connecting to remote service
09-07 04:53:33.972  7867  7867 D BoundBrokerSvc: onBind: Intent { act=com.google.android.gms.measurement.START pkg=com.google.android.gms }
09-07 04:53:33.972  7867  7867 D BoundBrokerSvc: Loading bound service for intent: Intent { act=com.google.android.gms.measurement.START pkg=com.google.android.gms }
09-07 04:53:33.976 30151 30602 V FA      : Connection attempt already in progress
09-07 04:53:33.977 30151 30602 V FA      : Activity paused, time: 5337800
09-07 04:53:33.984 30151 30602 D FA      : Connected to remote service
09-07 04:53:33.985  2037  2903 W InputReader: Device has associated, but no associated display id.
09-07 04:53:33.989  2037  2903 I chatty  : uid=1000(system) Binder:2037_C identical 48 lines
09-07 04:53:33.989  2037  2903 W InputReader: Device has associated, but no associated display id.
09-07 04:53:33.990 30151 30602 V FA      : Processing queued up service tasks: 2
09-07 04:53:33.993 30213 30213 W ActivityThread: handleWindowVisibility: no activity for token android.os.BinderProxy@73a256c
09-07 04:53:34.006  2037  8423 W ActivityTaskManager: Duplicate finish request for ActivityRecord{5ca29df u0 ru.iteco.fmhandroid/.ui.AppActivity t838 f}
09-07 04:53:34.016  7867 30607 V FA-SVC  : Logging event: origin=auto,name=user_engagement(_e),params=Bundle[{ga_event_origin(_o)=auto, engagement_time_msec(_et)=17990, ga_screen_class(_sc)=AppActivity, ga_screen_id(_si)=-9034604991994632874}]
09-07 04:53:34.040  1793 14098 D gralloc_ranchu: gralloc_alloc: Creating ashmem region of size 9850880
09-07 04:53:34.045  1793 14098 D gralloc_ranchu: gralloc_alloc: Creating ashmem region of size 9850880
09-07 04:53:34.052 30213 30245 D EGL_emulation: eglMakeCurrent: 0xda21a240: ver 2 0 (tinfo 0xda20f7b0)
09-07 04:53:34.052  1793 14098 D gralloc_ranchu: gralloc_alloc: Creating ashmem region of size 9850880
09-07 04:53:34.054  7867 30607 V FA-SVC  : Upload scheduled in approximately ms: 2025245
09-07 04:53:34.054  7867 30607 V FA-SVC  : Unscheduling upload
09-07 04:53:34.058  7867 30607 V FA-SVC  : Scheduling upload, millis: 2025245
09-07 04:53:34.074  2037  2061 W InputReader: Device has associated, but no associated display id.
09-07 04:53:34.075  2037  2061 I chatty  : uid=1000(system) android.anim identical 18 lines
09-07 04:53:34.075  2037  2061 W InputReader: Device has associated, but no associated display id.
09-07 04:53:34.084 30151 30248 D EGL_emulation: eglMakeCurrent: 0xe2258dc0: ver 2 0 (tinfo 0xe233aeb0)
09-07 04:53:34.084  7867 30607 V FA-SVC  : Background event processing time, ms: 68
09-07 04:53:34.092  2037  2065 I ActivityTaskManager: Displayed ru.iteco.fmhandroid.test/androidx.test.core.app.InstrumentationActivityInvoker$EmptyActivity: +77ms
09-07 04:53:34.093  2037  2903 W InputReader: Device has associated, but no associated display id.
09-07 04:53:34.093  2037  2903 I chatty  : uid=1000(system) Binder:2037_C identical 8 lines
09-07 04:53:34.093  2037  2903 W InputReader: Device has associated, but no associated display id.
09-07 04:53:34.126  2037  2056 W InputReader: Device has associated, but no associated display id.
09-07 04:53:34.126  2037  2056 I chatty  : uid=1000(system) Binder:2037_2 identical 28 lines
09-07 04:53:34.126  2037  2056 W InputReader: Device has associated, but no associated display id.
09-07 04:53:34.130  1823  1823 W SurfaceFlinger: couldn't log to binary event log: overflow.
09-07 04:53:34.142 30151 30151 D LifecycleMonitor: Lifecycle status change: ru.iteco.fmhandroid.ui.AppActivity@f9ea1c4 in: STOPPED
09-07 04:53:34.142 30151 30151 V ActivityScenario: Update currentActivityStage to STOPPED, currentActivity=ru.iteco.fmhandroid.ui.AppActivity@f9ea1c4
09-07 04:53:34.148  2037  2056 D ConnectivityService: requestNetwork for uid/pid:10113/29289 NetworkRequest [ TRACK_DEFAULT id=157, [ Capabilities: INTERNET&NOT_RESTRICTED&TRUSTED Uid: 10113] ]
09-07 04:53:34.149  2037  2143 D WifiNetworkFactory: got request NetworkRequest [ TRACK_DEFAULT id=157, [ Capabilities: INTERNET&NOT_RESTRICTED&TRUSTED Uid: 10113] ] with score 60 and serial -1
09-07 04:53:34.149  2037  2143 D UntrustedWifiNetworkFactory: got request NetworkRequest [ TRACK_DEFAULT id=157, [ Capabilities: INTERNET&NOT_RESTRICTED&TRUSTED Uid: 10113] ] with score 60 and serial -1
09-07 04:53:34.149  2279  2279 D PhoneSwitcherNetworkRequstListener: got request NetworkRequest [ TRACK_DEFAULT id=157, [ Capabilities: INTERNET&NOT_RESTRICTED&TRUSTED Uid: 10113] ] with score 60 and serial -1
09-07 04:53:34.152 30151 30151 W System.err: ru.iteco.fmhandroid.exceptions.UnknownException
09-07 04:53:34.152 30151 30151 W System.err: 	at ru.iteco.fmhandroid.utils.Utils.makeRequest(Utils.kt:123)
09-07 04:53:34.152 30151 30151 W System.err: 	at ru.iteco.fmhandroid.utils.Utils$makeRequest$1.invokeSuspend(Unknown Source:15)
09-07 04:53:34.152 30151 30151 W System.err: 	at kotlin.coroutines.jvm.internal.BaseContinuationImpl.resumeWith(ContinuationImpl.kt:33)
09-07 04:53:34.152 30151 30753 I okhttp.OkHttpClient: <-- HTTP FAILED: java.net.SocketException: Socket closed
09-07 04:53:34.152 30151 30151 W System.err: 	at kotlinx.coroutines.DispatchedTaskKt.resume(DispatchedTask.kt:234)
09-07 04:53:34.153 30151 30151 W System.err: 	at kotlinx.coroutines.DispatchedTaskKt.resumeUnconfined(DispatchedTask.kt:190)
09-07 04:53:34.153 30151 30151 W System.err: 	at kotlinx.coroutines.DispatchedTaskKt.dispatch(DispatchedTask.kt:161)
09-07 04:53:34.153 30151 30151 W System.err: 	at kotlinx.coroutines.CancellableContinuationImpl.dispatchResume(CancellableContinuationImpl.kt:397)
09-07 04:53:34.153 30151 30151 W System.err: 	at kotlinx.coroutines.CancellableContinuationImpl.cancel(CancellableContinuationImpl.kt:183)
09-07 04:53:34.153 30151 30151 W System.err: 	at kotlinx.coroutines.CancellableContinuationImpl.parentCancelled$kotlinx_coroutines_core(CancellableContinuationImpl.kt:190)
09-07 04:53:34.153 30151 30151 W System.err: 	at kotlinx.coroutines.ChildContinuation.invoke(JobSupport.kt:1474)
09-07 04:53:34.153 30151 30151 W System.err: 	at kotlinx.coroutines.JobSupport.notifyCancelling(JobSupport.kt:1499)
09-07 04:53:34.153 30151 30151 W System.err: 	at kotlinx.coroutines.JobSupport.tryMakeCancelling(JobSupport.kt:795)
09-07 04:53:34.153 30151 30151 W System.err: 	at kotlinx.coroutines.JobSupport.makeCancelling(JobSupport.kt:755)
09-07 04:53:34.153 30151 30151 W System.err: 	at kotlinx.coroutines.JobSupport.cancelImpl$kotlinx_coroutines_core(JobSupport.kt:671)
09-07 04:53:34.153 30151 30151 W System.err: 	at kotlinx.coroutines.JobSupport.parentCancelled(JobSupport.kt:637)
09-07 04:53:34.153 30151 30151 W System.err: 	at kotlinx.coroutines.ChildHandleNode.invoke(JobSupport.kt:1465)
09-07 04:53:34.153 30151 30151 W System.err: 	at kotlinx.coroutines.JobSupport.notifyCancelling(JobSupport.kt:1499)
09-07 04:53:34.153 30151 30151 W System.err: 	at kotlinx.coroutines.JobSupport.tryMakeCompletingSlowPath(JobSupport.kt:900)
09-07 04:53:34.153 30151 30151 W System.err: 	at kotlinx.coroutines.JobSupport.tryMakeCompleting(JobSupport.kt:863)
09-07 04:53:34.153 30151 30151 W System.err: 	at kotlinx.coroutines.JobSupport.cancelMakeCompleting(JobSupport.kt:696)
09-07 04:53:34.153 30151 30151 W System.err: 	at kotlinx.coroutines.JobSupport.cancelImpl$kotlinx_coroutines_core(JobSupport.kt:667)
09-07 04:53:34.153 30151 30151 W System.err: 	at kotlinx.coroutines.JobSupport.cancelInternal(JobSupport.kt:632)
09-07 04:53:34.153 30151 30151 W System.err: 	at kotlinx.coroutines.JobSupport.cancel(JobSupport.kt:617)
09-07 04:53:34.153 30151 30151 W System.err: 	at kotlinx.coroutines.JobKt__JobKt.cancel(Job.kt:561)
09-07 04:53:34.153 30151 30151 W System.err: 	at kotlinx.coroutines.JobKt.cancel(Unknown Source:1)
09-07 04:53:34.153 30151 30151 W System.err: 	at kotlinx.coroutines.JobKt__JobKt.cancel$default(Job.kt:560)
09-07 04:53:34.153 30151 30151 W System.err: 	at kotlinx.coroutines.JobKt.cancel$default(Unknown Source:1)
09-07 04:53:34.153 30151 30151 W System.err: 	at androidx.lifecycle.CloseableCoroutineScope.close(ViewModel.kt:51)
09-07 04:53:34.153 30151 30151 W System.err: 	at androidx.lifecycle.ViewModel.closeWithRuntimeException(ViewModel.java:188)
09-07 04:53:34.153 30151 30151 W System.err: 	at androidx.lifecycle.ViewModel.clear(ViewModel.java:134)
09-07 04:53:34.153 30151 30151 W System.err: 	at androidx.lifecycle.ViewModelStore.clear(ViewModelStore.java:62)
09-07 04:53:34.153 30151 30151 W System.err: 	at androidx.fragment.app.FragmentManagerViewModel.clearNonConfigStateInternal(FragmentManagerViewModel.java:210)
09-07 04:53:34.153 30151 30151 W System.err: 	at androidx.fragment.app.FragmentManagerViewModel.clearNonConfigState(FragmentManagerViewModel.java:190)
09-07 04:53:34.153 30151 30151 W System.err: 	at androidx.fragment.app.FragmentStateManager.destroy(FragmentStateManager.java:778)
09-07 04:53:34.153 30151 30151 W System.err: 	at androidx.fragment.app.FragmentStateManager.moveToExpectedState(FragmentStateManager.java:335)
09-07 04:53:34.153 30151 30151 W System.err: 	at androidx.fragment.app.FragmentStore.moveToExpectedState(FragmentStore.java:113)
09-07 04:53:34.153 30151 30151 W System.err: 	at androidx.fragment.app.FragmentManager.moveToState(FragmentManager.java:1374)
09-07 04:53:34.153 30151 30151 W System.err: 	at androidx.fragment.app.FragmentManager.dispatchStateChange(FragmentManager.java:2841)
09-07 04:53:34.153 30151 30151 W System.err: 	at androidx.fragment.app.FragmentManager.dispatchDestroy(FragmentManager.java:2820)
09-07 04:53:34.153 30151 30151 W System.err: 	at androidx.fragment.app.Fragment.performDestroy(Fragment.java:3246)
09-07 04:53:34.153 30151 30151 W System.err: 	at androidx.fragment.app.FragmentStateManager.destroy(FragmentStateManager.java:780)
09-07 04:53:34.154 30151 30151 W System.err: 	at androidx.fragment.app.FragmentStateManager.moveToExpectedState(FragmentStateManager.java:335)
09-07 04:53:34.154 30151 30151 W System.err: 	at androidx.fragment.app.SpecialEffectsController$FragmentStateManagerOperation.complete(SpecialEffectsController.java:771)
09-07 04:53:34.154 30151 30151 W System.err: 	at androidx.fragment.app.SpecialEffectsController$Operation.cancel(SpecialEffectsController.java:615)
09-07 04:53:34.154 30151 30151 W System.err: 	at androidx.fragment.app.SpecialEffectsController.forceCompleteAllOperations(SpecialEffectsController.java:350)
09-07 04:53:34.154 30151 30151 W System.err: 	at androidx.fragment.app.FragmentManager.dispatchStateChange(FragmentManager.java:2844)
09-07 04:53:34.154 30151 30151 W System.err: 	at androidx.fragment.app.FragmentManager.dispatchDestroy(FragmentManager.java:2820)
09-07 04:53:34.154 30151 30151 W System.err: 	at androidx.fragment.app.FragmentController.dispatchDestroy(FragmentController.java:345)
09-07 04:53:34.154 30151 30151 W System.err: 	at androidx.fragment.app.FragmentActivity.onDestroy(FragmentActivity.java:306)
09-07 04:53:34.154 30151 30151 W System.err: 	at androidx.appcompat.app.AppCompatActivity.onDestroy(AppCompatActivity.java:278)
09-07 04:53:34.154 30151 30151 W System.err: 	at android.app.Activity.performDestroy(Activity.java:8048)
09-07 04:53:34.154 30151 30151 W System.err: 	at android.app.Instrumentation.callActivityOnDestroy(Instrumentation.java:1334)
09-07 04:53:34.154 30151 30151 W System.err: 	at androidx.test.runner.MonitoringInstrumentation.callActivityOnDestroy(MonitoringInstrumentation.java:766)
09-07 04:53:34.154 30151 30151 W System.err: 	at android.app.ActivityThread.performDestroyActivity(ActivityThread.java:4926)
09-07 04:53:34.154 30151 30151 W System.err: 	at android.app.ActivityThread.handleDestroyActivity(ActivityThread.java:4970)
09-07 04:53:34.154 30151 30151 W System.err: 	at android.app.servertransaction.DestroyActivityItem.execute(DestroyActivityItem.java:44)
09-07 04:53:34.154 30151 30151 W System.err: 	at android.app.servertransaction.TransactionExecutor.executeLifecycleState(TransactionExecutor.java:176)
09-07 04:53:34.154 30151 30151 W System.err: 	at android.app.servertransaction.TransactionExecutor.execute(TransactionExecutor.java:97)
09-07 04:53:34.154 30151 30151 W System.err: 	at android.app.ActivityThread$H.handleMessage(ActivityThread.java:2016)
09-07 04:53:34.154 30151 30151 W System.err: 	at android.os.Handler.dispatchMessage(Handler.java:107)
09-07 04:53:34.154 30151 30151 W System.err: 	at android.os.Looper.loop(Looper.java:214)
09-07 04:53:34.154 30151 30151 W System.err: 	at android.app.ActivityThread.main(ActivityThread.java:7356)
09-07 04:53:34.154 30151 30151 W System.err: 	at java.lang.reflect.Method.invoke(Native Method)
09-07 04:53:34.154 30151 30151 W System.err: 	at com.android.internal.os.RuntimeInit$MethodAndArgsCaller.run(RuntimeInit.java:492)
09-07 04:53:34.154 30151 30151 W System.err: 	at com.android.internal.os.ZygoteInit.main(ZygoteInit.java:930)
09-07 04:53:34.156 30151 30151 W System.err: ru.iteco.fmhandroid.exceptions.UnknownException
09-07 04:53:34.156 30151 30151 W System.err: 	at ru.iteco.fmhandroid.utils.Utils.makeRequest(Utils.kt:123)
09-07 04:53:34.156 30151 30151 W System.err: 	at ru.iteco.fmhandroid.utils.Utils$makeRequest$1.invokeSuspend(Unknown Source:15)
09-07 04:53:34.157 30151 30151 W System.err: 	at kotlin.coroutines.jvm.internal.BaseContinuationImpl.resumeWith(ContinuationImpl.kt:33)
09-07 04:53:34.157 30151 30151 W System.err: 	at kotlinx.coroutines.DispatchedTaskKt.resume(DispatchedTask.kt:234)
09-07 04:53:34.157 30151 30151 W System.err: 	at kotlinx.coroutines.DispatchedTaskKt.resumeUnconfined(DispatchedTask.kt:190)
09-07 04:53:34.157 30151 30151 W System.err: 	at kotlinx.coroutines.DispatchedTaskKt.dispatch(DispatchedTask.kt:161)
09-07 04:53:34.157 30151 30151 W System.err: 	at kotlinx.coroutines.CancellableContinuationImpl.dispatchResume(CancellableContinuationImpl.kt:397)
09-07 04:53:34.157 30151 30151 W System.err: 	at kotlinx.coroutines.CancellableContinuationImpl.cancel(CancellableContinuationImpl.kt:183)
09-07 04:53:34.157 30151 30151 W System.err: 	at kotlinx.coroutines.CancellableContinuationImpl.parentCancelled$kotlinx_coroutines_core(CancellableContinuationImpl.kt:190)
09-07 04:53:34.157 30151 30151 W System.err: 	at kotlinx.coroutines.ChildContinuation.invoke(JobSupport.kt:1474)
09-07 04:53:34.157 30151 30151 W System.err: 	at kotlinx.coroutines.JobSupport.notifyCancelling(JobSupport.kt:1499)
09-07 04:53:34.157 30151 30490 I okhttp.OkHttpClient: <-- HTTP FAILED: java.net.SocketException: Socket closed
09-07 04:53:34.157 30151 30151 W System.err: 	at kotlinx.coroutines.JobSupport.tryMakeCancelling(JobSupport.kt:795)
09-07 04:53:34.157 30151 30151 W System.err: 	at kotlinx.coroutines.JobSupport.makeCancelling(JobSupport.kt:755)
09-07 04:53:34.157 30151 30151 W System.err: 	at kotlinx.coroutines.JobSupport.cancelImpl$kotlinx_coroutines_core(JobSupport.kt:671)
09-07 04:53:34.157 30151 30151 W System.err: 	at kotlinx.coroutines.JobSupport.parentCancelled(JobSupport.kt:637)
09-07 04:53:34.157 30151 30151 W System.err: 	at kotlinx.coroutines.ChildHandleNode.invoke(JobSupport.kt:1465)
09-07 04:53:34.157 30151 30151 W System.err: 	at kotlinx.coroutines.JobSupport.notifyCancelling(JobSupport.kt:1499)
09-07 04:53:34.161 30151 30151 W System.err: 	at kotlinx.coroutines.JobSupport.tryMakeCompletingSlowPath(JobSupport.kt:900)
09-07 04:53:34.161 30151 30151 W System.err: 	at kotlinx.coroutines.JobSupport.tryMakeCompleting(JobSupport.kt:863)
09-07 04:53:34.161 30151 30151 W System.err: 	at kotlinx.coroutines.JobSupport.cancelMakeCompleting(JobSupport.kt:696)
09-07 04:53:34.161 30151 30151 W System.err: 	at kotlinx.coroutines.JobSupport.cancelImpl$kotlinx_coroutines_core(JobSupport.kt:667)
09-07 04:53:34.161 30151 30151 W System.err: 	at kotlinx.coroutines.JobSupport.cancelInternal(JobSupport.kt:632)
09-07 04:53:34.161 30151 30151 W System.err: 	at kotlinx.coroutines.JobSupport.cancel(JobSupport.kt:617)
09-07 04:53:34.161 30151 30151 W System.err: 	at kotlinx.coroutines.JobKt__JobKt.cancel(Job.kt:561)
09-07 04:53:34.161 30151 30151 W System.err: 	at kotlinx.coroutines.JobKt.cancel(Unknown Source:1)
09-07 04:53:34.161 30151 30151 W System.err: 	at kotlinx.coroutines.JobKt__JobKt.cancel$default(Job.kt:560)
09-07 04:53:34.161 30151 30151 W System.err: 	at kotlinx.coroutines.JobKt.cancel$default(Unknown Source:1)
09-07 04:53:34.161 30151 30151 W System.err: 	at androidx.lifecycle.CloseableCoroutineScope.close(ViewModel.kt:51)
09-07 04:53:34.161 30151 30151 W System.err: 	at androidx.lifecycle.ViewModel.closeWithRuntimeException(ViewModel.java:188)
09-07 04:53:34.162 30151 30151 W System.err: 	at androidx.lifecycle.ViewModel.clear(ViewModel.java:134)
09-07 04:53:34.162 30151 30151 W System.err: 	at androidx.lifecycle.ViewModelStore.clear(ViewModelStore.java:62)
09-07 04:53:34.162 30151 30151 W System.err: 	at androidx.fragment.app.FragmentManagerViewModel.clearNonConfigStateInternal(FragmentManagerViewModel.java:210)
09-07 04:53:34.162 30151 30151 W System.err: 	at androidx.fragment.app.FragmentManagerViewModel.clearNonConfigState(FragmentManagerViewModel.java:190)
09-07 04:53:34.162 30151 30151 W System.err: 	at androidx.fragment.app.FragmentStateManager.destroy(FragmentStateManager.java:778)
09-07 04:53:34.162 30151 30151 W System.err: 	at androidx.fragment.app.FragmentStateManager.moveToExpectedState(FragmentStateManager.java:335)
09-07 04:53:34.162 30151 30151 W System.err: 	at androidx.fragment.app.FragmentStore.moveToExpectedState(FragmentStore.java:113)
09-07 04:53:34.162 30151 30151 W System.err: 	at androidx.fragment.app.FragmentManager.moveToState(FragmentManager.java:1374)
09-07 04:53:34.162 30151 30151 W System.err: 	at androidx.fragment.app.FragmentManager.dispatchStateChange(FragmentManager.java:2841)
09-07 04:53:34.162 30151 30151 W System.err: 	at androidx.fragment.app.FragmentManager.dispatchDestroy(FragmentManager.java:2820)
09-07 04:53:34.162 30151 30151 W System.err: 	at androidx.fragment.app.Fragment.performDestroy(Fragment.java:3246)
09-07 04:53:34.166 30151 30151 W System.err: 	at androidx.fragment.app.FragmentStateManager.destroy(FragmentStateManager.java:780)
09-07 04:53:34.166 30151 30151 W System.err: 	at androidx.fragment.app.FragmentStateManager.moveToExpectedState(FragmentStateManager.java:335)
09-07 04:53:34.166 30151 30151 W System.err: 	at androidx.fragment.app.SpecialEffectsController$FragmentStateManagerOperation.complete(SpecialEffectsController.java:771)
09-07 04:53:34.166 30151 30151 W System.err: 	at androidx.fragment.app.SpecialEffectsController$Operation.cancel(SpecialEffectsController.java:615)
09-07 04:53:34.166 30151 30151 W System.err: 	at androidx.fragment.app.SpecialEffectsController.forceCompleteAllOperations(SpecialEffectsController.java:350)
09-07 04:53:34.166 30151 30151 W System.err: 	at androidx.fragment.app.FragmentManager.dispatchStateChange(FragmentManager.java:2844)
09-07 04:53:34.166 30151 30151 W System.err: 	at androidx.fragment.app.FragmentManager.dispatchDestroy(FragmentManager.java:2820)
09-07 04:53:34.166 30151 30151 W System.err: 	at androidx.fragment.app.FragmentController.dispatchDestroy(FragmentController.java:345)
09-07 04:53:34.166 30151 30151 W System.err: 	at androidx.fragment.app.FragmentActivity.onDestroy(FragmentActivity.java:306)
09-07 04:53:34.166 30151 30151 W System.err: 	at androidx.appcompat.app.AppCompatActivity.onDestroy(AppCompatActivity.java:278)
09-07 04:53:34.166 30151 30151 W System.err: 	at android.app.Activity.performDestroy(Activity.java:8048)
09-07 04:53:34.166 30151 30151 W System.err: 	at android.app.Instrumentation.callActivityOnDestroy(Instrumentation.java:1334)
09-07 04:53:34.166 30151 30151 W System.err: 	at androidx.test.runner.MonitoringInstrumentation.callActivityOnDestroy(MonitoringInstrumentation.java:766)
09-07 04:53:34.166 30151 30151 W System.err: 	at android.app.ActivityThread.performDestroyActivity(ActivityThread.java:4926)
09-07 04:53:34.166 30151 30151 W System.err: 	at android.app.ActivityThread.handleDestroyActivity(ActivityThread.java:4970)
09-07 04:53:34.166 30151 30151 W System.err: 	at android.app.servertransaction.DestroyActivityItem.execute(DestroyActivityItem.java:44)
09-07 04:53:34.166 30151 30151 W System.err: 	at android.app.servertransaction.TransactionExecutor.executeLifecycleState(TransactionExecutor.java:176)
09-07 04:53:34.166  1793 14098 D gralloc_ranchu: gralloc_alloc: Creating ashmem region of size 9850880
09-07 04:53:34.166 30151 30151 W System.err: 	at android.app.servertransaction.TransactionExecutor.execute(TransactionExecutor.java:97)
09-07 04:53:34.167 30151 30151 W System.err: 	at android.app.ActivityThread$H.handleMessage(ActivityThread.java:2016)
09-07 04:53:34.167 30151 30151 W System.err: 	at android.os.Handler.dispatchMessage(Handler.java:107)
09-07 04:53:34.167 30151 30151 W System.err: 	at android.os.Looper.loop(Looper.java:214)
09-07 04:53:34.167 30151 30151 W System.err: 	at android.app.ActivityThread.main(ActivityThread.java:7356)
09-07 04:53:34.167 30151 30151 W System.err: 	at java.lang.reflect.Method.invoke(Native Method)
09-07 04:53:34.167 30151 30151 W System.err: 	at com.android.internal.os.RuntimeInit$MethodAndArgsCaller.run(RuntimeInit.java:492)
09-07 04:53:34.169 30151 30151 W System.err: 	at com.android.internal.os.ZygoteInit.main(ZygoteInit.java:930)
09-07 04:53:34.176  1793  2554 D gralloc_ranchu: gralloc_alloc: Creating ashmem region of size 9850880
09-07 04:53:34.179 29289 29310 D EGL_emulation: eglMakeCurrent: 0xda21a1e0: ver 2 0 (tinfo 0xda20f710)
09-07 04:53:34.186  1793  2554 D gralloc_ranchu: gralloc_alloc: Creating ashmem region of size 9850880
09-07 04:53:34.195 30151 30151 W System.err: ru.iteco.fmhandroid.exceptions.UnknownException
09-07 04:53:34.195 30151 30151 W System.err: 	at ru.iteco.fmhandroid.utils.Utils.makeRequest(Utils.kt:123)
09-07 04:53:34.195 30151 30754 I okhttp.OkHttpClient: <-- HTTP FAILED: java.net.SocketException: Socket closed
09-07 04:53:34.196 30151 30151 W System.err: 	at ru.iteco.fmhandroid.utils.Utils$makeRequest$1.invokeSuspend(Unknown Source:15)
09-07 04:53:34.196 30151 30151 W System.err: 	at kotlin.coroutines.jvm.internal.BaseContinuationImpl.resumeWith(ContinuationImpl.kt:33)
09-07 04:53:34.196 30151 30151 W System.err: 	at kotlinx.coroutines.DispatchedTaskKt.resume(DispatchedTask.kt:234)
09-07 04:53:34.196 30151 30151 W System.err: 	at kotlinx.coroutines.DispatchedTaskKt.resumeUnconfined(DispatchedTask.kt:190)
09-07 04:53:34.196 30151 30151 W System.err: 	at kotlinx.coroutines.DispatchedTaskKt.dispatch(DispatchedTask.kt:161)
09-07 04:53:34.196 30151 30151 W System.err: 	at kotlinx.coroutines.CancellableContinuationImpl.dispatchResume(CancellableContinuationImpl.kt:397)
09-07 04:53:34.196 30151 30151 W System.err: 	at kotlinx.coroutines.CancellableContinuationImpl.cancel(CancellableContinuationImpl.kt:183)
09-07 04:53:34.196 30151 30151 W System.err: 	at kotlinx.coroutines.CancellableContinuationImpl.parentCancelled$kotlinx_coroutines_core(CancellableContinuationImpl.kt:190)
09-07 04:53:34.196 30151 30151 W System.err: 	at kotlinx.coroutines.ChildContinuation.invoke(JobSupport.kt:1474)
09-07 04:53:34.196 30151 30151 W System.err: 	at kotlinx.coroutines.JobSupport.notifyCancelling(JobSupport.kt:1499)
09-07 04:53:34.196 30151 30151 W System.err: 	at kotlinx.coroutines.JobSupport.tryMakeCancelling(JobSupport.kt:795)
09-07 04:53:34.196 30151 30151 W System.err: 	at kotlinx.coroutines.JobSupport.makeCancelling(JobSupport.kt:755)
09-07 04:53:34.196 30151 30151 W System.err: 	at kotlinx.coroutines.JobSupport.cancelImpl$kotlinx_coroutines_core(JobSupport.kt:671)
09-07 04:53:34.196 30151 30151 W System.err: 	at kotlinx.coroutines.JobSupport.parentCancelled(JobSupport.kt:637)
09-07 04:53:34.196 30151 30151 W System.err: 	at kotlinx.coroutines.ChildHandleNode.invoke(JobSupport.kt:1465)
09-07 04:53:34.196 30151 30151 W System.err: 	at kotlinx.coroutines.JobSupport.notifyCancelling(JobSupport.kt:1499)
09-07 04:53:34.196 30151 30151 W System.err: 	at kotlinx.coroutines.JobSupport.tryMakeCompletingSlowPath(JobSupport.kt:900)
09-07 04:53:34.196 30151 30151 W System.err: 	at kotlinx.coroutines.JobSupport.tryMakeCompleting(JobSupport.kt:863)
09-07 04:53:34.196 30151 30151 W System.err: 	at kotlinx.coroutines.JobSupport.cancelMakeCompleting(JobSupport.kt:696)
09-07 04:53:34.196 30151 30151 W System.err: 	at kotlinx.coroutines.JobSupport.cancelImpl$kotlinx_coroutines_core(JobSupport.kt:667)
09-07 04:53:34.196 30151 30151 W System.err: 	at kotlinx.coroutines.JobSupport.cancelInternal(JobSupport.kt:632)
09-07 04:53:34.196 30151 30151 W System.err: 	at kotlinx.coroutines.JobSupport.cancel(JobSupport.kt:617)
09-07 04:53:34.196 30151 30151 W System.err: 	at kotlinx.coroutines.JobKt__JobKt.cancel(Job.kt:561)
09-07 04:53:34.196 30151 30151 W System.err: 	at kotlinx.coroutines.JobKt.cancel(Unknown Source:1)
09-07 04:53:34.196 30151 30151 W System.err: 	at kotlinx.coroutines.JobKt__JobKt.cancel$default(Job.kt:560)
09-07 04:53:34.196 30151 30151 W System.err: 	at kotlinx.coroutines.JobKt.cancel$default(Unknown Source:1)
09-07 04:53:34.197 30151 30151 W System.err: 	at androidx.lifecycle.CloseableCoroutineScope.close(ViewModel.kt:51)
09-07 04:53:34.197 30151 30151 W System.err: 	at androidx.lifecycle.ViewModel.closeWithRuntimeException(ViewModel.java:188)
09-07 04:53:34.197 30151 30151 W System.err: 	at androidx.lifecycle.ViewModel.clear(ViewModel.java:134)
09-07 04:53:34.197 30151 30151 W System.err: 	at androidx.lifecycle.ViewModelStore.clear(ViewModelStore.java:62)
09-07 04:53:34.197 30151 30151 W System.err: 	at androidx.fragment.app.FragmentManagerViewModel.clearNonConfigStateInternal(FragmentManagerViewModel.java:210)
09-07 04:53:34.197 30151 30151 W System.err: 	at androidx.fragment.app.FragmentManagerViewModel.clearNonConfigState(FragmentManagerViewModel.java:190)
09-07 04:53:34.197 30151 30151 W System.err: 	at androidx.fragment.app.FragmentStateManager.destroy(FragmentStateManager.java:778)
09-07 04:53:34.197 30151 30151 W System.err: 	at androidx.fragment.app.FragmentStateManager.moveToExpectedState(FragmentStateManager.java:335)
09-07 04:53:34.198 30151 30151 W System.err: 	at androidx.fragment.app.FragmentStore.moveToExpectedState(FragmentStore.java:113)
09-07 04:53:34.198 30151 30151 W System.err: 	at androidx.fragment.app.FragmentManager.moveToState(FragmentManager.java:1374)
09-07 04:53:34.198 30151 30151 W System.err: 	at androidx.fragment.app.FragmentManager.dispatchStateChange(FragmentManager.java:2841)
09-07 04:53:34.198 30151 30151 W System.err: 	at androidx.fragment.app.FragmentManager.dispatchDestroy(FragmentManager.java:2820)
09-07 04:53:34.198 30151 30151 W System.err: 	at androidx.fragment.app.Fragment.performDestroy(Fragment.java:3246)
09-07 04:53:34.198 30151 30151 W System.err: 	at androidx.fragment.app.FragmentStateManager.destroy(FragmentStateManager.java:780)
09-07 04:53:34.198 30151 30151 W System.err: 	at androidx.fragment.app.FragmentStateManager.moveToExpectedState(FragmentStateManager.java:335)
09-07 04:53:34.198 30151 30151 W System.err: 	at androidx.fragment.app.SpecialEffectsController$FragmentStateManagerOperation.complete(SpecialEffectsController.java:771)
09-07 04:53:34.198 30151 30151 W System.err: 	at androidx.fragment.app.SpecialEffectsController$Operation.cancel(SpecialEffectsController.java:615)
09-07 04:53:34.198 30151 30151 W System.err: 	at androidx.fragment.app.SpecialEffectsController.forceCompleteAllOperations(SpecialEffectsController.java:350)
09-07 04:53:34.198 30151 30151 W System.err: 	at androidx.fragment.app.FragmentManager.dispatchStateChange(FragmentManager.java:2844)
09-07 04:53:34.198 30151 30151 W System.err: 	at androidx.fragment.app.FragmentManager.dispatchDestroy(FragmentManager.java:2820)
09-07 04:53:34.198 30151 30151 W System.err: 	at androidx.fragment.app.FragmentController.dispatchDestroy(FragmentController.java:345)
09-07 04:53:34.198 30151 30151 W System.err: 	at androidx.fragment.app.FragmentActivity.onDestroy(FragmentActivity.java:306)
09-07 04:53:34.198 30151 30151 W System.err: 	at androidx.appcompat.app.AppCompatActivity.onDestroy(AppCompatActivity.java:278)
09-07 04:53:34.198 30151 30151 W System.err: 	at android.app.Activity.performDestroy(Activity.java:8048)
09-07 04:53:34.198 30151 30151 W System.err: 	at android.app.Instrumentation.callActivityOnDestroy(Instrumentation.java:1334)
09-07 04:53:34.199 30151 30151 W System.err: 	at androidx.test.runner.MonitoringInstrumentation.callActivityOnDestroy(MonitoringInstrumentation.java:766)
09-07 04:53:34.199 30151 30151 W System.err: 	at android.app.ActivityThread.performDestroyActivity(ActivityThread.java:4926)
09-07 04:53:34.199 30151 30151 W System.err: 	at android.app.ActivityThread.handleDestroyActivity(ActivityThread.java:4970)
09-07 04:53:34.199 30151 30151 W System.err: 	at android.app.servertransaction.DestroyActivityItem.execute(DestroyActivityItem.java:44)
09-07 04:53:34.199 30151 30151 W System.err: 	at android.app.servertransaction.TransactionExecutor.executeLifecycleState(TransactionExecutor.java:176)
09-07 04:53:34.199 30151 30151 W System.err: 	at android.app.servertransaction.TransactionExecutor.execute(TransactionExecutor.java:97)
09-07 04:53:34.199 30151 30151 W System.err: 	at android.app.ActivityThread$H.handleMessage(ActivityThread.java:2016)
09-07 04:53:34.199 30151 30151 W System.err: 	at android.os.Handler.dispatchMessage(Handler.java:107)
09-07 04:53:34.199 30151 30151 W System.err: 	at android.os.Looper.loop(Looper.java:214)
09-07 04:53:34.199 30151 30151 W System.err: 	at android.app.ActivityThread.main(ActivityThread.java:7356)
09-07 04:53:34.199 30151 30151 W System.err: 	at java.lang.reflect.Method.invoke(Native Method)
09-07 04:53:34.199 30151 30151 W System.err: 	at com.android.internal.os.RuntimeInit$MethodAndArgsCaller.run(RuntimeInit.java:492)
09-07 04:53:34.199 30151 30151 W System.err: 	at com.android.internal.os.ZygoteInit.main(ZygoteInit.java:930)
09-07 04:53:34.207  2037  2061 W InputReader: Device has associated, but no associated display id.
09-07 04:53:34.207  2037  2061 I chatty  : uid=1000(system) android.anim identical 18 lines
