09-07 04:06:22.309 18042 18074 D HostConnection: HostComposition ext ANDROID_EMU_CHECKSUM_HELPER_v1 ANDROID_EMU_dma_v1 ANDROID_EMU_direct_mem ANDROID_EMU_vulkan ANDROID_EMU_deferred_vulkan_commands ANDROID_EMU_vulkan_null_optional_strings ANDROID_EMU_vulkan_create_resources_with_requirements ANDROID_EMU_YUV420_888_to_NV21 ANDROID_EMU_YUV_Cache ANDROID_EMU_vulkan_free_memory_sync ANDROID_EMU_vulkan_shader_float16_int8 ANDROID_EMU_vulkan_async_queue_submit ANDROID_EMU_sync_buffer_data GL_OES_vertex_array_object GL_KHR_texture_compression_astc_ldr ANDROID_EMU_host_side_tracing ANDROID_EMU_gles_max_version_2 
09-07 04:06:22.311 18042 18074 W OpenGLRenderer: Failed to choose config with EGL_SWAP_BEHAVIOR_PRESERVED, retrying without...
09-07 04:06:22.316 18042 18074 D eglCodecCommon: setVertexArrayObject: set vao to 0 (0) 0 0
09-07 04:06:22.317 18042 18074 D EGL_emulation: eglCreateContext: 0xda21a3c0: maj 2 min 0 rcv 2
09-07 04:06:22.334 18042 18074 D EGL_emulation: eglMakeCurrent: 0xda21a3c0: ver 2 0 (tinfo 0xda20f850)
09-07 04:06:22.341  1793 14098 D gralloc_ranchu: gralloc_alloc: Creating ashmem region of size 9850880
09-07 04:06:22.343  1678  1678 I hwservicemanager: getTransport: Cannot find entry android.hardware.graphics.mapper@3.0::IMapper/default in either framework or device manifest.
09-07 04:06:22.343 18042 18074 W Gralloc3: mapper 3.x is not supported
09-07 04:06:22.345 18042 18074 D HostConnection: createUnique: call
09-07 04:06:22.345 18042 18074 D HostConnection: HostConnection::get() New Host Connection established 0xda23e410, tid 18074
09-07 04:06:22.347 18042 18074 D HostConnection: HostComposition ext ANDROID_EMU_CHECKSUM_HELPER_v1 ANDROID_EMU_dma_v1 ANDROID_EMU_direct_mem ANDROID_EMU_vulkan ANDROID_EMU_deferred_vulkan_commands ANDROID_EMU_vulkan_null_optional_strings ANDROID_EMU_vulkan_create_resources_with_requirements ANDROID_EMU_YUV420_888_to_NV21 ANDROID_EMU_YUV_Cache ANDROID_EMU_vulkan_free_memory_sync ANDROID_EMU_vulkan_shader_float16_int8 ANDROID_EMU_vulkan_async_queue_submit ANDROID_EMU_sync_buffer_data GL_OES_vertex_array_object GL_KHR_texture_compression_astc_ldr ANDROID_EMU_host_side_tracing ANDROID_EMU_gles_max_version_2 
09-07 04:06:22.347 18042 18074 D eglCodecCommon: allocate: Ask for block of size 0x1000
09-07 04:06:22.347 18042 18074 D eglCodecCommon: allocate: ioctl allocate returned offset 0x3ff684000 size 0x2000
09-07 04:06:22.347  7867 18034 V FA-SVC  : Logging event: origin=auto,name=user_engagement(_e),params=Bundle[{ga_event_origin(_o)=auto, engagement_time_msec(_et)=3906, ga_screen_class(_sc)=AppActivity, ga_screen_id(_si)=2417565805474579233}]
09-07 04:06:22.349 17985 18031 V FA      : Activity paused, time: 2506140
09-07 04:06:22.350  1793 14098 D gralloc_ranchu: gralloc_alloc: Creating ashmem region of size 9850880
09-07 04:06:22.352 18042 18074 D EGL_emulation: eglMakeCurrent: 0xda21a3c0: ver 2 0 (tinfo 0xda20f850)
09-07 04:06:22.353 18042 18074 D eglCodecCommon: setVertexArrayObject: set vao to 0 (0) 1 0
09-07 04:06:22.357  7867 18034 V FA-SVC  : Upload scheduled in approximately ms: 1254753
09-07 04:06:22.357  7867 18034 V FA-SVC  : Unscheduling upload
09-07 04:06:22.360  7867 18034 V FA-SVC  : Scheduling upload, millis: 1254753
09-07 04:06:22.362  7867 18034 V FA-SVC  : Background event processing time, ms: 17
09-07 04:06:22.364  1793 14098 D gralloc_ranchu: gralloc_alloc: Creating ashmem region of size 9850880
09-07 04:06:22.423  2037  3740 W InputReader: Device has associated, but no associated display id.
09-07 04:06:22.425  2037  3740 I chatty  : uid=1000(system) Binder:2037_D identical 48 lines
09-07 04:06:22.425  2037  3740 W InputReader: Device has associated, but no associated display id.
09-07 04:06:22.432 18042 18042 W ActivityThread: handleWindowVisibility: no activity for token android.os.BinderProxy@ee74d3e
09-07 04:06:22.442  2037  2459 W ActivityTaskManager: Duplicate finish request for ActivityRecord{ad01e3c u0 ru.iteco.fmhandroid/.ui.AppActivity t714 f}
09-07 04:06:22.473  1793 14098 D gralloc_ranchu: gralloc_alloc: Creating ashmem region of size 9850880
09-07 04:06:22.475  1793 14098 I chatty  : uid=1000(system) HwBinder:1793_3 identical 1 line
09-07 04:06:22.476  1793 14098 D gralloc_ranchu: gralloc_alloc: Creating ashmem region of size 9850880
09-07 04:06:22.479 18042 18074 D EGL_emulation: eglMakeCurrent: 0xda21a3c0: ver 2 0 (tinfo 0xda20f850)
09-07 04:06:22.505  2037  2061 W InputReader: Device has associated, but no associated display id.
09-07 04:06:22.505  2037  2061 I chatty  : uid=1000(system) android.anim identical 18 lines
09-07 04:06:22.505  2037  2061 W InputReader: Device has associated, but no associated display id.
09-07 04:06:22.509  2037  2065 I ActivityTaskManager: Displayed ru.iteco.fmhandroid.test/androidx.test.core.app.InstrumentationActivityInvoker$EmptyActivity: +181ms
09-07 04:06:22.514  2037  2459 W InputReader: Device has associated, but no associated display id.
09-07 04:06:22.514  2037  2459 I chatty  : uid=1000(system) Binder:2037_9 identical 8 lines
09-07 04:06:22.514  2037  2459 W InputReader: Device has associated, but no associated display id.
09-07 04:06:22.532 17985 18077 D EGL_emulation: eglMakeCurrent: 0xda21ade0: ver 2 0 (tinfo 0xda20f9e0)
09-07 04:06:22.545  2037  2459 W InputReader: Device has associated, but no associated display id.
09-07 04:06:22.546  2037  2459 I chatty  : uid=1000(system) Binder:2037_9 identical 28 lines
09-07 04:06:22.546  2037  2459 W InputReader: Device has associated, but no associated display id.
09-07 04:06:22.552 17985 17985 D LifecycleMonitor: Lifecycle status change: ru.iteco.fmhandroid.ui.AppActivity@bf025f4 in: STOPPED
09-07 04:06:22.552 17985 17985 V ActivityScenario: Update currentActivityStage to STOPPED, currentActivity=ru.iteco.fmhandroid.ui.AppActivity@bf025f4
09-07 04:06:22.556  1823  1823 W SurfaceFlinger: couldn't log to binary event log: overflow.
09-07 04:06:22.560 17985 17985 D LifecycleMonitor: Lifecycle status change: ru.iteco.fmhandroid.ui.AppActivity@bf025f4 in: DESTROYED
09-07 04:06:22.561 17985 17985 V ActivityScenario: Update currentActivityStage to DESTROYED, currentActivity=null
09-07 04:06:22.569  2037  7860 D ConnectivityService: requestNetwork for uid/pid:10113/17448 NetworkRequest [ TRACK_DEFAULT id=75, [ Capabilities: INTERNET&NOT_RESTRICTED&TRUSTED Uid: 10113] ]
09-07 04:06:22.569  2037  2143 D WifiNetworkFactory: got request NetworkRequest [ TRACK_DEFAULT id=75, [ Capabilities: INTERNET&NOT_RESTRICTED&TRUSTED Uid: 10113] ] with score 60 and serial -1
09-07 04:06:22.569  2279  2279 D PhoneSwitcherNetworkRequstListener: got request NetworkRequest [ TRACK_DEFAULT id=75, [ Capabilities: INTERNET&NOT_RESTRICTED&TRUSTED Uid: 10113] ] with score 60 and serial -1
09-07 04:06:22.569  2037  2143 D UntrustedWifiNetworkFactory: got request NetworkRequest [ TRACK_DEFAULT id=75, [ Capabilities: INTERNET&NOT_RESTRICTED&TRUSTED Uid: 10113] ] with score 60 and serial -1
09-07 04:06:22.583  1793 14098 D gralloc_ranchu: gralloc_alloc: Creating ashmem region of size 9850880
