--------- beginning of main
09-07 04:06:15.044  1792  2272 E GnssHAL_GnssInterface: gnssSvStatusCb: a: input svInfo.flags is 8
09-07 04:06:15.045  1792  2272 E GnssHAL_GnssInterface: gnssSvStatusCb: b: input svInfo.flags is 8
09-07 04:06:16.045  1792  2272 E GnssHAL_GnssInterface: gnssSvStatusCb: a: input svInfo.flags is 8
09-07 04:06:16.045  1792  2272 E GnssHAL_GnssInterface: gnssSvStatusCb: b: input svInfo.flags is 8
--------- beginning of system
09-07 04:06:16.445  2037  2056 I ActivityManager: Force stopping ru.iteco.fmhandroid appid=10136 user=0: from pid 17928
09-07 04:06:16.451  2279  2279 D CarrierSvcBindHelper: No carrier app for: 0
09-07 04:06:16.469  9734  9734 I studio.deploy: Received request 'dump'
09-07 04:06:16.521  2037  2056 I ActivityManager: Force stopping ru.iteco.fmhandroid appid=10136 user=0: from pid 17944
09-07 04:06:16.529  2279  2279 D CarrierSvcBindHelper: No carrier app for: 0
09-07 04:06:16.541  9734  9734 I studio.deploy: Received request 'dump'
09-07 04:06:16.604  2037  7737 I ActivityManager: Force stopping ru.iteco.fmhandroid.test appid=10135 user=0: from pid 17963
09-07 04:06:16.609  2279  2279 D CarrierSvcBindHelper: No carrier app for: 0
09-07 04:06:16.685 17970 17970 D AndroidRuntime: >>>>>> START com.android.internal.os.RuntimeInit uid 2000 <<<<<<
09-07 04:06:16.685 17970 17970 W app_process: type=1400 audit(0.0:188): avc: denied { read } for name="u:object_r:device_config_runtime_native_boot_prop:s0" dev="tmpfs" ino=6894 scontext=u:r:shell:s0 tcontext=u:object_r:device_config_runtime_native_boot_prop:s0 tclass=file permissive=0
09-07 04:06:16.685 17970 17970 W app_process: type=1400 audit(0.0:189): avc: denied { read } for name="u:object_r:device_config_runtime_native_boot_prop:s0" dev="tmpfs" ino=6894 scontext=u:r:shell:s0 tcontext=u:object_r:device_config_runtime_native_boot_prop:s0 tclass=file permissive=0
09-07 04:06:16.685 17970 17970 W app_process: type=1400 audit(0.0:190): avc: denied { read } for name="u:object_r:device_config_runtime_native_boot_prop:s0" dev="tmpfs" ino=6894 scontext=u:r:shell:s0 tcontext=u:object_r:device_config_runtime_native_boot_prop:s0 tclass=file permissive=0
09-07 04:06:16.688 17970 17970 E libc    : Access denied finding property "persist.device_config.runtime_native_boot.enable_apex_image"
09-07 04:06:16.688 17970 17970 I AndroidRuntime: Using default boot image
09-07 04:06:16.688 17970 17970 E libc    : Access denied finding property "persist.device_config.runtime_native_boot.disable_lock_profiling"
09-07 04:06:16.688 17970 17970 I AndroidRuntime: Leaving lock profiling enabled
09-07 04:06:16.689 17970 17970 E libc    : Access denied finding property "persist.device_config.runtime_native_boot.enable_generational_cc"
09-07 04:06:16.690 17970 17970 W app_process: Could not reserve sentinel fault page
09-07 04:06:16.724 17970 17970 D ICU     : Time zone APEX file found: /apex/com.android.tzdata/etc/icu/icu_tzdata.dat
09-07 04:06:16.726 17970 17970 W app_process: Unexpected CPU variant for X86 using defaults: x86
09-07 04:06:16.729 17970 17970 I app_process: The ClassLoaderContext is a special shared library.
09-07 04:06:16.739 17970 17970 W app_process: JNI RegisterNativeMethods: attempt to register 0 native methods for android.media.AudioAttributes
09-07 04:06:16.741 17970 17970 D AndroidRuntime: Calling main entry com.android.commands.am.Am
09-07 04:06:16.743  2037  2056 I ActivityManager: Force stopping ru.iteco.fmhandroid appid=10136 user=0: start instr
09-07 04:06:16.749  1775  1775 D Zygote  : Forked child process 17985
09-07 04:06:16.750 17985 17985 I teco.fmhandroi: Late-enabling -Xcheck:jni
09-07 04:06:16.757  2037  2067 I ActivityManager: Start proc 17985:ru.iteco.fmhandroid/u0a136 for added application ru.iteco.fmhandroid
09-07 04:06:16.758 17985 17985 E teco.fmhandroi: Unknown bits set in runtime_flags: 0x8000
09-07 04:06:16.759 17985 17985 W teco.fmhandroi: Unexpected CPU variant for X86 using defaults: x86
09-07 04:06:16.786 17985 17985 I teco.fmhandroi: The ClassLoaderContext is a special shared library.
09-07 04:06:16.786 17985 17985 I teco.fmhandroi: The ClassLoaderContext is a special shared library.
09-07 04:06:16.869  2666  2666 I brdd    : (REDACTED) disposing SearchServiceClient after timeout %s
09-07 04:06:17.044  1792  2272 E GnssHAL_GnssInterface: gnssSvStatusCb: a: input svInfo.flags is 8
09-07 04:06:17.044  1792  2272 E GnssHAL_GnssInterface: gnssSvStatusCb: b: input svInfo.flags is 8
09-07 04:06:17.075 17985 17985 I teco.fmhandroi: The ClassLoaderContext is a special shared library.
09-07 04:06:17.076 17985 17985 I teco.fmhandroi: The ClassLoaderContext is a special shared library.
09-07 04:06:17.346 17985 17985 W teco.fmhandroi: Accessing hidden method Landroid/app/Instrumentation;->execStartActivity(Landroid/content/Context;Landroid/os/IBinder;Landroid/os/IBinder;Landroid/app/Activity;Landroid/content/Intent;ILandroid/os/Bundle;)Landroid/app/Instrumentation$ActivityResult; (greylist, linking, allowed)
09-07 04:06:17.346 17985 17985 W teco.fmhandroi: Accessing hidden method Landroid/app/Instrumentation;->execStartActivity(Landroid/content/Context;Landroid/os/IBinder;Landroid/os/IBinder;Ljava/lang/String;Landroid/content/Intent;ILandroid/os/Bundle;)Landroid/app/Instrumentation$ActivityResult; (greylist, linking, allowed)
09-07 04:06:17.352 17985 17985 I MonitoringInstr: newApplication called!
09-07 04:06:17.370 17985 17985 I FirebaseApp: Device unlocked: initializing all Firebase APIs for app [DEFAULT]
09-07 04:06:17.377 17985 17985 I FirebaseCrashlytics: Initializing Firebase Crashlytics 18.2.6 for ru.iteco.fmhandroid
09-07 04:06:17.404 17985 18021 I DynamiteModule: Considering local module com.google.android.gms.measurement.dynamite:55 and remote module com.google.android.gms.measurement.dynamite:93
09-07 04:06:17.404 17985 18021 I DynamiteModule: Selected remote version of com.google.android.gms.measurement.dynamite, version >= 93
09-07 04:06:17.405 17985 18021 V DynamiteModule: Dynamite loader version >= 2, using loadModule2NoCrashUtils
09-07 04:06:17.421 17985 18021 W System  : ClassLoader referenced unknown path: 
09-07 04:06:17.452 17985 17985 I FirebaseInitProvider: FirebaseApp initialization successful
09-07 04:06:17.468 17985 17985 I MonitoringInstr: Instrumentation started!
09-07 04:06:17.472 17985 17985 D ClassesArgTokenizer: input: ru.iteco.fmhandroid.ui.ControlPanelTest
09-07 04:06:17.472 17985 17985 D ClassesArgTokenizer: result: [ru.iteco.fmhandroid.ui.ControlPanelTest]
09-07 04:06:17.472 17985 17985 D ClassesArgTokenizer: input: null
09-07 04:06:17.472 17985 17985 D ClassesArgTokenizer: result: []
09-07 04:06:17.474 17985 17985 V TestEventClient: No service name argument was given (testDiscoveryService, testRunEventService or orchestratorService)
09-07 04:06:17.485 17985 18029 D AndroidJUnitRunner: onStart is called.
09-07 04:06:17.487 17985 17985 I MonitoringInstr: No JSBridge.
09-07 04:06:17.488 17985 18021 W teco.fmhandroi: Accessing hidden method Lsun/misc/Unsafe;->arrayBaseOffset(Ljava/lang/Class;)I (greylist,core-platform-api, linking, allowed)
09-07 04:06:17.488 17985 18021 W teco.fmhandroi: Accessing hidden method Lsun/misc/Unsafe;->arrayIndexScale(Ljava/lang/Class;)I (greylist, linking, allowed)
09-07 04:06:17.488 17985 18021 W teco.fmhandroi: Accessing hidden method Lsun/misc/Unsafe;->compareAndSwapInt(Ljava/lang/Object;JII)Z (greylist, linking, allowed)
09-07 04:06:17.488 17985 18021 W teco.fmhandroi: Accessing hidden method Lsun/misc/Unsafe;->compareAndSwapLong(Ljava/lang/Object;JJJ)Z (greylist, linking, allowed)
09-07 04:06:17.489 17985 18021 W teco.fmhandroi: Accessing hidden method Lsun/misc/Unsafe;->getIntVolatile(Ljava/lang/Object;J)I (greylist, linking, allowed)
09-07 04:06:17.489 17985 18021 W teco.fmhandroi: Accessing hidden method Lsun/misc/Unsafe;->getObjectVolatile(Ljava/lang/Object;J)Ljava/lang/Object; (greylist, linking, allowed)
09-07 04:06:17.489 17985 18021 W teco.fmhandroi: Accessing hidden method Lsun/misc/Unsafe;->objectFieldOffset(Ljava/lang/reflect/Field;)J (greylist,core-platform-api, linking, allowed)
09-07 04:06:17.489 17985 18021 W teco.fmhandroi: Accessing hidden method Lsun/misc/Unsafe;->putObjectVolatile(Ljava/lang/Object;JLjava/lang/Object;)V (greylist, linking, allowed)
09-07 04:06:17.489 17985 18021 W teco.fmhandroi: Accessing hidden field Lsun/misc/Unsafe;->theUnsafe:Lsun/misc/Unsafe; (greylist, reflection, allowed)
09-07 04:06:17.500 17985 18029 D TestRequestBuilder: Skipping class path scanning and directly running [ru.iteco.fmhandroid.ui.ControlPanelTest]
09-07 04:06:17.504 17985 18029 D ClassesArgTokenizer: input: ru.iteco.fmhandroid.ui.ControlPanelTest
09-07 04:06:17.504 17985 18029 D ClassesArgTokenizer: result: [ru.iteco.fmhandroid.ui.ControlPanelTest]
09-07 04:06:17.504 17985 18029 D ClassesArgTokenizer: input: null
09-07 04:06:17.504 17985 18029 D ClassesArgTokenizer: result: []
09-07 04:06:17.515 17985 18029 D AndroidJUnitRunner: Use the raw file system for managing file I/O.
09-07 04:06:17.519 17985 18029 D TestExecutor: Adding listener androidx.test.internal.runner.listener.LogRunListener
09-07 04:06:17.519 17985 18029 D TestExecutor: Adding listener androidx.test.internal.runner.listener.InstrumentationResultPrinter
09-07 04:06:17.520 17985 18029 D TestExecutor: Adding listener androidx.test.internal.runner.listener.ActivityFinisherRunListener
09-07 04:06:17.520 17985 18029 D TestExecutor: Adding listener androidx.test.internal.runner.listener.TraceRunListener
09-07 04:06:17.522 17985 18029 I TestRunner: run started: 14 tests
09-07 04:06:17.535 17985 18031 V FA      : App measurement collection enabled
09-07 04:06:17.536 17985 18031 V FA      : App measurement enabled for app package, google app id: ru.iteco.fmhandroid, 1:729587742060:android:e7d6f87c783f52b9a42f49
09-07 04:06:17.537 17985 18031 I FA      : App measurement initialized, version: 80069
09-07 04:06:17.537 17985 18031 I FA      : To enable debug logging run: adb shell setprop log.tag.FA VERBOSE
09-07 04:06:17.537 17985 18031 I FA      : To enable faster debug mode event logging run:
09-07 04:06:17.537 17985 18031 I FA      :   adb shell setprop debug.firebase.analytics.app ru.iteco.fmhandroid
09-07 04:06:17.538 17985 18031 D FA      : Debug-level message logging enabled
09-07 04:06:17.552 17985 18029 I TestRunner: started: shouldKeepTheNewsUnchanged(ru.iteco.fmhandroid.ui.ControlPanelTest)
09-07 04:06:17.553 17985 18031 D FA      : Resetting session stitching token to not null
09-07 04:06:17.567 17985 18031 V FA      : Connecting to remote service
09-07 04:06:17.571  7867  7867 D BoundBrokerSvc: onBind: Intent { act=com.google.android.gms.measurement.START pkg=com.google.android.gms }
09-07 04:06:17.571  7867  7867 D BoundBrokerSvc: Loading bound service for intent: Intent { act=com.google.android.gms.measurement.START pkg=com.google.android.gms }
09-07 04:06:17.578 17985 18031 V FA      : Connection attempt already in progress
09-07 04:06:17.583 17985 18031 V FA      : Connection attempt already in progress
09-07 04:06:17.584 17985 18031 D FA      : Connected to remote service
09-07 04:06:17.585 17985 18031 V FA      : Processing queued up service tasks: 3
09-07 04:06:17.612  7867 18034 V FA-SVC  : Saving default event parameters, appId, data size: ru.iteco.fmhandroid, 2
09-07 04:06:17.644  1774 18035 E ResolverController: No valid NAT64 prefix (101, <unspecified>/0)
09-07 04:06:17.679  2037  2037 V SettingsProvider: Notifying for 0: content://settings/secure/accessibility_enabled
09-07 04:06:17.684  2689  3033 I fteu    : (REDACTED) #onAccessibilityStateChanged enabled: %s
09-07 04:06:17.684  2689  3085 I fteu    : #onChange
09-07 04:06:17.684  2689  3085 I csoe    : #FCF: onChange
09-07 04:06:17.685  2689  3085 I csoi    : (REDACTED) FCF System FeatureName to check: %s
09-07 04:06:17.685  2689  3085 I csoi    : (REDACTED) FCF: Device model check status : %s
09-07 04:06:17.685  2689  3085 I csof    : FCF A11y Checker - readyForTngMa
09-07 04:06:17.685  2689  3085 I ctnd    : (REDACTED) #isBluetoothOrWiredHeadsetConnected Number of connected audio devices: %s
09-07 04:06:17.685  2689  3085 I cspe    : (REDACTED) #FCF: Headset Connected Status: %s
09-07 04:06:17.686  2689  3085 I csqs    : (REDACTED) #FCF: Managed profile check status : %s
09-07 04:06:17.686  2689  3085 I csqr    : (REDACTED) #FCF: Demo mode check status : %s
09-07 04:06:17.686  2689  3084 I csno    : (REDACTED) #FCF: Assistant primary locale : %s
09-07 04:06:17.686  2689  3084 I csno    : (REDACTED) #FCF: Assistant Primary locale check status : %s
09-07 04:06:17.687  2689  3084 W csqu    : Unable to check for productivity accounts. Assuming there are none.
09-07 04:06:17.687  2689  3084 W csqu    : com.google.android.libraries.geller.portable.GellerException: Code: INVALID_ARGUMENT, Message: Account name is null.
09-07 04:06:17.687  2689  3084 W csqu    : 	at ghid.a(PG:6)
09-07 04:06:17.687  2689  3084 W csqu    : 	at gxvx.a(PG:3)
09-07 04:06:17.687  2689  3084 W csqu    : 	at hnzx.a(PG:1)
09-07 04:06:17.687  2689  3084 W csqu    : 	at hobr.run(PG:4)
09-07 04:06:17.687  2689  3084 W csqu    : 	at ewes.run(PG:1)
09-07 04:06:17.687  2689  3084 W csqu    : 	at java.util.concurrent.ThreadPoolExecutor.runWorker(ThreadPoolExecutor.java:1167)
09-07 04:06:17.687  2689  3084 W csqu    : 	at java.util.concurrent.ThreadPoolExecutor$Worker.run(ThreadPoolExecutor.java:641)
09-07 04:06:17.687  2689  3084 W csqu    : 	at ewdw.run(PG:2)
09-07 04:06:17.687  2689  3084 W csqu    : 	at java.lang.Thread.run(Thread.java:919)
09-07 04:06:17.687  2689  3084 W csqu    : 	at ewfb.run(PG:5)
09-07 04:06:17.690  2666  3011 I biwj    : NGA disabled since it's running Panthera and at least one a11y feature is on.
09-07 04:06:17.690  2666  3011 I biwj    : (REDACTED) Nga state changed to %s
09-07 04:06:17.693  2689  3084 I yzq     : (REDACTED) Nga on-device enabled based on TNG:MA active state: %b
09-07 04:06:17.693  2689  3084 I yzq     : (REDACTED) Nga on-device enabled based on TNG:MA active state: %b
09-07 04:06:17.693  2689  3084 I yzq     : Unsubscribed to apa or classic variant change.
09-07 04:06:17.701  2689  3085 I csts    : (REDACTED) #FCF evaluate: %s
09-07 04:06:17.701  2689  3085 I csts    : (REDACTED) TngMaStatusChecker#evaluateInternal completed in %s millis
09-07 04:06:17.701  2689  3085 I cscy    : (REDACTED) TNG:MA status updated: %s
09-07 04:06:17.701  2689  3085 I cscy    : TNG:MA became ineligible, client should disconnect
09-07 04:06:17.701  2689  3085 I cscy    : #disconnectAndStop - preventing double stop
09-07 04:06:17.701  2689  3085 I csts    : #invalidationSource: adding saa update checker
09-07 04:06:17.701  2689  3085 I csts    : #invalidationSource: adding headset checker
09-07 04:06:17.707 17985 18029 W Settings: Setting always_finish_activities has moved from android.provider.Settings.System to android.provider.Settings.Global, returning read-only value.
09-07 04:06:17.715  2666  3039 I aykq    : (REDACTED) isOpaHotwordEnabled: %b
09-07 04:06:17.716  2666  3039 I aykq    : Disabling the hotword detector.
09-07 04:06:17.716  2666  3039 I apsj    : (REDACTED) Updating hotword opa ineligibility to %b
09-07 04:06:17.717  2037  7737 I ActivityTaskManager: START u0 {act=android.intent.action.MAIN cat=[android.intent.category.LAUNCHER] flg=0x10008000 cmp=ru.iteco.fmhandroid.test/androidx.test.core.app.InstrumentationActivityInvoker$BootstrapActivity (has extras)} from uid 10136
09-07 04:06:17.717  2666  3039 I ayhu    : getLocaleToModelSpecsMap
09-07 04:06:17.719  2689  3084 W gmjq    : Receive a config update when there's no subscriber. Ignore the request!
09-07 04:06:17.722  2666  3039 I ayhu    : Fetching latest config from MDD...
09-07 04:06:17.722  2666  3039 I ayhu    : (REDACTED) Found map of size: %d
09-07 04:06:17.722  2666  3039 I ayht    : (REDACTED) Adding from proto config to map [configKey: %s locale: %s modelType: %s modelPrefix: %s Location: %s isSpeakerIdSupported: %b]
09-07 04:06:17.722  2037  2061 E system_server: Invalid ID 0x00000000.
09-07 04:06:17.725  2666  3039 I bioh    : (REDACTED) Initializing MicroDataManager InitializeType-%d, isForced-%b, isActivePhoneEnrollment-%b isActiveGoogleHomeEnrollment-%b
09-07 04:06:17.725  2666  3039 I ayhu    : getLocaleToModelSpecsMap
09-07 04:06:17.725  2666  3039 I ayhu    : Fetching latest config from MDD...
09-07 04:06:17.725  2666  3039 I ayhu    : (REDACTED) Found map of size: %d
09-07 04:06:17.725  2666  3039 I ayht    : (REDACTED) Adding from proto config to map [configKey: %s locale: %s modelType: %s modelPrefix: %s Location: %s isSpeakerIdSupported: %b]
09-07 04:06:17.725  2666  3039 I ayma    : (REDACTED) Location for model with model type: %s and locale: %s, is : %s
09-07 04:06:17.726  2037  2146 D ConnectivityService: releasing NetworkRequest [ TRACK_DEFAULT id=73, [ Capabilities: INTERNET&NOT_RESTRICTED&TRUSTED Uid: 10113] ] (release request)
09-07 04:06:17.730  2037  2459 W InputReader: Device has associated, but no associated display id.
09-07 04:06:17.730  2037  2459 I chatty  : uid=1000(system) Binder:2037_9 identical 18 lines
09-07 04:06:17.730  2037  2459 W InputReader: Device has associated, but no associated display id.
09-07 04:06:17.732  2666  3039 I aykq    : (REDACTED) isOpaHotwordEnabled: %b
09-07 04:06:17.732  2666  3039 I aykq    : Disabling the hotword detector.
09-07 04:06:17.737  1775  1775 D Zygote  : Forked child process 18042
09-07 04:06:17.738  2666  3039 I apsj    : (REDACTED) #takeChangeMicroDetectorMode [mIsBargeInEnabled: %b, mCurrentDetectionMode: %s]
09-07 04:06:17.738  2666  3039 I apsj    : (REDACTED) Should stop hotword detection immediately - %b
09-07 04:06:17.739  2689  3085 W gmjq    : Receive a config update when there's no subscriber. Ignore the request!
09-07 04:06:17.739  2666  3039 I aykq    : (REDACTED) isOpaHotwordEnabled: %b
09-07 04:06:17.739  2666  3039 I aykq    : Disabling the hotword detector.
09-07 04:06:17.740  2666  3039 I apsj    : (REDACTED) #takeChangeMicroDetectorMode [mIsBargeInEnabled: %b, mCurrentDetectionMode: %s]
09-07 04:06:17.740  2666  3039 I apsj    : (REDACTED) Should stop hotword detection immediately - %b
09-07 04:06:17.741 18042 18042 I fmhandroid.tes: Late-enabling -Xcheck:jni
09-07 04:06:17.742  2689  3084 W gmjq    : Receive a config update when there's no subscriber. Ignore the request!
09-07 04:06:17.742  2037  2067 I ActivityManager: Start proc 18042:ru.iteco.fmhandroid.test/u0a135 for activity {ru.iteco.fmhandroid.test/androidx.test.core.app.InstrumentationActivityInvoker$BootstrapActivity}
09-07 04:06:17.746  1793 14098 D gralloc_ranchu: gralloc_alloc: Creating ashmem region of size 9850880
09-07 04:06:17.748  2666  3039 I bjbd    : Trying to enqueue PieTriggeringWorker
09-07 04:06:17.749  2666  3039 I ayhu    : getLocaleToModelSpecsMap
09-07 04:06:17.749  2666  3039 I ayhu    : Fetching latest config from MDD...
09-07 04:06:17.749  2666  3039 I ayhu    : (REDACTED) Found map of size: %d
09-07 04:06:17.749  2666  3039 I ayht    : (REDACTED) Adding from proto config to map [configKey: %s locale: %s modelType: %s modelPrefix: %s Location: %s isSpeakerIdSupported: %b]
09-07 04:06:17.751  2689  2689 I aaag    : (REDACTED) eventData = %s
09-07 04:06:17.757 18042 18042 E fmhandroid.tes: Unknown bits set in runtime_flags: 0x8000
09-07 04:06:17.757 18042 18042 W fmhandroid.tes: Unexpected CPU variant for X86 using defaults: x86
09-07 04:06:17.759  2689  3084 I znc     : Logging success flow
09-07 04:06:17.769  2037  3740 W InputReader: Device has associated, but no associated display id.
09-07 04:06:17.775  2037  3740 I chatty  : uid=1000(system) Binder:2037_D identical 28 lines
09-07 04:06:17.775  2037  3740 W InputReader: Device has associated, but no associated display id.
09-07 04:06:17.782  2666  3039 I bjbd    : Trying to enqueue PieTriggeringWorker
09-07 04:06:17.784  2689  2689 I aaag    : (REDACTED) eventData = %s
09-07 04:06:17.784  2689  3085 I znc     : Logging success flow
09-07 04:06:17.798  2037  2061 W InputReader: Device has associated, but no associated display id.
09-07 04:06:17.799  2037  2061 I chatty  : uid=1000(system) android.anim identical 18 lines
09-07 04:06:17.799  2037  2061 W InputReader: Device has associated, but no associated display id.
09-07 04:06:17.799  2666  3039 I bjbd    : Trying to enqueue PieTriggeringWorker
09-07 04:06:17.800  2689  2689 I aaag    : (REDACTED) eventData = %s
09-07 04:06:17.800  1793 14098 D gralloc_ranchu: gralloc_alloc: Creating ashmem region of size 6307840
09-07 04:06:17.802 18042 18042 I fmhandroid.tes: The ClassLoaderContext is a special shared library.
09-07 04:06:17.804 18042 18042 I fmhandroid.tes: The ClassLoaderContext is a special shared library.
09-07 04:06:17.811 17448 17469 D EGL_emulation: eglMakeCurrent: 0xda21a1e0: ver 2 0 (tinfo 0xda20f6c0)
09-07 04:06:17.827  1793 14098 D gralloc_ranchu: gralloc_alloc: Creating ashmem region of size 9850880
09-07 04:06:17.850  2182  2468 D EGL_emulation: eglMakeCurrent: 0xda21a360: ver 2 0 (tinfo 0xda20f590)
09-07 04:06:17.851  2182  2182 W View    : requestLayout() improperly called by com.android.keyguard.AlphaOptimizedLinearLayout{551c6d8 V.E...... ......ID 7,0-48,61 #7f0a041c app:id/wifi_group} during second layout pass: posting in next frame
09-07 04:06:17.859  2182  2182 W View    : requestLayout() improperly called by StatusBarIconView(slot=mobile icon=null notification=null) during layout: running second layout pass
09-07 04:06:17.888  2182  2468 D EGL_emulation: eglMakeCurrent: 0xda21a360: ver 2 0 (tinfo 0xda20f590)
09-07 04:06:17.952  1823  2077 E SurfaceFlinger: ro.sf.lcd_density must be defined as a build property
09-07 04:06:17.952  1823  2077 E SurfaceFlinger: ro.sf.lcd_density must be defined as a build property
09-07 04:06:17.954 18042 18076 D libEGL  : Emulator has host GPU support, qemu.gles is set to 1.
09-07 04:06:17.954 18042 18076 W libc    : Unable to set property "qemu.gles" to "1": connection failed; errno=13 (Permission denied)
09-07 04:06:17.945 18042 18042 W RenderThread: type=1400 audit(0.0:191): avc: denied { write } for name="property_service" dev="tmpfs" ino=6988 scontext=u:r:untrusted_app:s0:c135,c256,c512,c768 tcontext=u:object_r:property_socket:s0 tclass=sock_file permissive=0
09-07 04:06:17.972 18042 18076 D libEGL  : loaded /vendor/lib/egl/libEGL_emulation.so
09-07 04:06:17.976 18042 18076 D libEGL  : loaded /vendor/lib/egl/libGLESv1_CM_emulation.so
09-07 04:06:17.979 18042 18076 D libEGL  : loaded /vendor/lib/egl/libGLESv2_emulation.so
09-07 04:06:17.989  2037  7737 I ActivityTaskManager: START u0 {act=android.intent.action.MAIN cat=[android.intent.category.LAUNCHER] cmp=ru.iteco.fmhandroid/.ui.AppActivity} from uid 10136
09-07 04:06:17.993  2037  7737 W InputReader: Device has associated, but no associated display id.
09-07 04:06:17.995  2037  7737 I chatty  : uid=1000(system) Binder:2037_1D identical 48 lines
09-07 04:06:17.995  2037  7737 W InputReader: Device has associated, but no associated display id.
09-07 04:06:17.995 17985 17985 W ActivityThread: handleWindowVisibility: no activity for token android.os.BinderProxy@dce2beb
09-07 04:06:17.996  2037  7737 W InputReader: Device has associated, but no associated display id.
09-07 04:06:17.996  2037  7737 I chatty  : uid=1000(system) Binder:2037_1D identical 8 lines
09-07 04:06:17.996  2037  7737 W InputReader: Device has associated, but no associated display id.
09-07 04:06:18.009  1823  1897 E SurfaceFlinger: ro.sf.lcd_density must be defined as a build property
09-07 04:06:18.011  1823  1897 E SurfaceFlinger: ro.sf.lcd_density must be defined as a build property
09-07 04:06:18.005 17985 17985 W RenderThread: type=1400 audit(0.0:192): avc: denied { write } for name="property_service" dev="tmpfs" ino=6988 scontext=u:r:untrusted_app:s0:c136,c256,c512,c768 tcontext=u:object_r:property_socket:s0 tclass=sock_file permissive=0
09-07 04:06:18.014 17985 18080 D libEGL  : Emulator has host GPU support, qemu.gles is set to 1.
09-07 04:06:18.014 17985 18080 W libc    : Unable to set property "qemu.gles" to "1": connection failed; errno=13 (Permission denied)
09-07 04:06:18.045  1792  2272 E GnssHAL_GnssInterface: gnssSvStatusCb: a: input svInfo.flags is 8
09-07 04:06:18.045  1792  2272 E GnssHAL_GnssInterface: gnssSvStatusCb: b: input svInfo.flags is 8
09-07 04:06:18.054 17985 18080 D libEGL  : loaded /vendor/lib/egl/libEGL_emulation.so
09-07 04:06:18.055 17985 18080 D libEGL  : loaded /vendor/lib/egl/libGLESv1_CM_emulation.so
09-07 04:06:18.055 17985 18080 D libEGL  : loaded /vendor/lib/egl/libGLESv2_emulation.so
09-07 04:06:18.068 17985 17985 D LifecycleMonitor: Lifecycle status change: ru.iteco.fmhandroid.ui.AppActivity@bf025f4 in: PRE_ON_CREATE
09-07 04:06:18.068 17985 17985 V ActivityScenario: Activity lifecycle changed event received but ignored because the reported transition was not ON_CREATE while the last known transition was PRE_ON_CREATE
09-07 04:06:18.080 17985 18021 V FA      : onActivityCreated
09-07 04:06:18.099 17985 17985 W teco.fmhandroi: Accessing hidden method Landroid/view/View;->computeFitSystemWindows(Landroid/graphics/Rect;Landroid/graphics/Rect;)Z (greylist, reflection, allowed)
09-07 04:06:18.099 17985 17985 W teco.fmhandroi: Accessing hidden method Landroid/view/ViewGroup;->makeOptionalFitsSystemWindows()V (greylist, reflection, allowed)
09-07 04:06:18.184 17985 17985 D NetworkSecurityConfig: No Network Security Config specified, using platform default
09-07 04:06:18.191 17985 17985 W teco.fmhandroi: Accessing hidden method Ljava/lang/invoke/MethodHandles$Lookup;-><init>(Ljava/lang/Class;I)V (greylist, reflection, allowed)
09-07 04:06:18.273 17985 17985 D LifecycleMonitor: Lifecycle status change: ru.iteco.fmhandroid.ui.AppActivity@bf025f4 in: CREATED
09-07 04:06:18.274 17985 17985 V ActivityScenario: Update currentActivityStage to CREATED, currentActivity=ru.iteco.fmhandroid.ui.AppActivity@bf025f4
09-07 04:06:18.337 17985 17985 D LifecycleMonitor: Lifecycle status change: ru.iteco.fmhandroid.ui.AppActivity@bf025f4 in: STARTED
09-07 04:06:18.338 17985 17985 V ActivityScenario: Update currentActivityStage to STARTED, currentActivity=ru.iteco.fmhandroid.ui.AppActivity@bf025f4
09-07 04:06:18.340 17985 17985 D LifecycleMonitor: Lifecycle status change: ru.iteco.fmhandroid.ui.AppActivity@bf025f4 in: RESUMED
09-07 04:06:18.340 17985 17985 V ActivityScenario: Update currentActivityStage to RESUMED, currentActivity=ru.iteco.fmhandroid.ui.AppActivity@bf025f4
09-07 04:06:18.341 17985 18031 V FA      : Activity resumed, time: 2502233
09-07 04:06:18.344 17985 18021 W teco.fmhandroi: Accessing hidden method Lsun/misc/Unsafe;->compareAndSwapObject(Ljava/lang/Object;JLjava/lang/Object;Ljava/lang/Object;)Z (greylist, linking, allowed)
09-07 04:06:18.344 17985 18021 W teco.fmhandroi: Accessing hidden method Lsun/misc/Unsafe;->getObject(Ljava/lang/Object;J)Ljava/lang/Object; (greylist, linking, allowed)
09-07 04:06:18.350 17985 18031 I FA      : Tag Manager is not found and thus will not be used
09-07 04:06:18.351 17985 18029 W FileTestStorage: Output properties is not supported.
09-07 04:06:18.352 17985 18029 I Tracing : Tracer added: class androidx.test.platform.tracing.AndroidXTracer
09-07 04:06:18.363 17985 18029 D EventInjectionStrategy: Creating injection strategy with input manager.
09-07 04:06:18.364 17985 18029 W teco.fmhandroi: Accessing hidden method Landroid/hardware/input/InputManager;->getInstance()Landroid/hardware/input/InputManager; (greylist, reflection, allowed)
09-07 04:06:18.364 17985 18029 W teco.fmhandroi: Accessing hidden method Landroid/hardware/input/InputManager;->injectInputEvent(Landroid/view/InputEvent;I)Z (greylist, reflection, allowed)
09-07 04:06:18.364 17985 18029 W teco.fmhandroi: Accessing hidden field Landroid/hardware/input/InputManager;->INJECT_INPUT_EVENT_MODE_WAIT_FOR_FINISH:I (greylist, reflection, allowed)
09-07 04:06:18.380  7867 18034 V FA-SVC  : Logging event: origin=auto,name=screen_view(_vs),params=Bundle[{ga_event_origin(_o)=auto, ga_screen_class(_sc)=AppActivity, ga_screen_id(_si)=2417565805474579233}]
09-07 04:06:18.386  7867 18034 V FA-SVC  : Upload scheduled in approximately ms: 1258725
09-07 04:06:18.386  7867 18034 V FA-SVC  : Unscheduling upload
09-07 04:06:18.404 17985 18077 D HostConnection: HostConnection::get() New Host Connection established 0xda24c460, tid 18077
09-07 04:06:18.405 17985 18077 D HostConnection: HostComposition ext ANDROID_EMU_CHECKSUM_HELPER_v1 ANDROID_EMU_dma_v1 ANDROID_EMU_direct_mem ANDROID_EMU_vulkan ANDROID_EMU_deferred_vulkan_commands ANDROID_EMU_vulkan_null_optional_strings ANDROID_EMU_vulkan_create_resources_with_requirements ANDROID_EMU_YUV420_888_to_NV21 ANDROID_EMU_YUV_Cache ANDROID_EMU_vulkan_free_memory_sync ANDROID_EMU_vulkan_shader_float16_int8 ANDROID_EMU_vulkan_async_queue_submit ANDROID_EMU_sync_buffer_data GL_OES_vertex_array_object GL_KHR_texture_compression_astc_ldr ANDROID_EMU_host_side_tracing ANDROID_EMU_gles_max_version_2 
09-07 04:06:18.407 17985 18077 W OpenGLRenderer: Failed to choose config with EGL_SWAP_BEHAVIOR_PRESERVED, retrying without...
09-07 04:06:18.414 17985 18077 D eglCodecCommon: setVertexArrayObject: set vao to 0 (0) 0 0
09-07 04:06:18.414 17985 18077 D EGL_emulation: eglCreateContext: 0xda21ade0: maj 2 min 0 rcv 2
09-07 04:06:18.431 17985 18077 D EGL_emulation: eglMakeCurrent: 0xda21ade0: ver 2 0 (tinfo 0xda20f9e0)
09-07 04:06:18.436  7867 18034 V FA-SVC  : Scheduling upload, millis: 1258725
09-07 04:06:18.438  1793 14098 D gralloc_ranchu: gralloc_alloc: Creating ashmem region of size 9113600
09-07 04:06:18.439  7867 18034 V FA-SVC  : Background event processing time, ms: 61
09-07 04:06:18.443  1678  1678 I hwservicemanager: getTransport: Cannot find entry android.hardware.graphics.mapper@3.0::IMapper/default in either framework or device manifest.
09-07 04:06:18.443 17985 18077 W Gralloc3: mapper 3.x is not supported
09-07 04:06:18.447 17985 18077 D HostConnection: createUnique: call
09-07 04:06:18.448 17985 18077 D HostConnection: HostConnection::get() New Host Connection established 0xda24c6e0, tid 18077
09-07 04:06:18.448 17985 18077 D HostConnection: HostComposition ext ANDROID_EMU_CHECKSUM_HELPER_v1 ANDROID_EMU_dma_v1 ANDROID_EMU_direct_mem ANDROID_EMU_vulkan ANDROID_EMU_deferred_vulkan_commands ANDROID_EMU_vulkan_null_optional_strings ANDROID_EMU_vulkan_create_resources_with_requirements ANDROID_EMU_YUV420_888_to_NV21 ANDROID_EMU_YUV_Cache ANDROID_EMU_vulkan_free_memory_sync ANDROID_EMU_vulkan_shader_float16_int8 ANDROID_EMU_vulkan_async_queue_submit ANDROID_EMU_sync_buffer_data GL_OES_vertex_array_object GL_KHR_texture_compression_astc_ldr ANDROID_EMU_host_side_tracing ANDROID_EMU_gles_max_version_2 
09-07 04:06:18.448 17985 18077 D eglCodecCommon: allocate: Ask for block of size 0x1000
09-07 04:06:18.448 17985 18077 D eglCodecCommon: allocate: ioctl allocate returned offset 0x3ff68a000 size 0x2000
09-07 04:06:18.450  1793 14098 D gralloc_ranchu: gralloc_alloc: Creating ashmem region of size 9113600
09-07 04:06:18.452  1793 14098 D gralloc_ranchu: gralloc_alloc: Creating ashmem region of size 9113600
09-07 04:06:18.452 17985 18077 D EGL_emulation: eglMakeCurrent: 0xda21ade0: ver 2 0 (tinfo 0xda20f9e0)
09-07 04:06:18.459 17985 18077 D eglCodecCommon: setVertexArrayObject: set vao to 0 (0) 1 0
09-07 04:06:18.516  2037  2065 I ActivityTaskManager: Displayed ru.iteco.fmhandroid/.ui.AppActivity: +798ms
09-07 04:06:18.541  2182  2182 W View    : requestLayout() improperly called by com.android.keyguard.AlphaOptimizedLinearLayout{551c6d8 V.E...... ......ID 7,0-48,61 #7f0a041c app:id/wifi_group} during second layout pass: posting in next frame
09-07 04:06:18.545 17985 18029 W FileTestStorage: Test input args is not supported.
09-07 04:06:18.551  2182  2182 W View    : requestLayout() improperly called by StatusBarIconView(slot=mobile icon=null notification=null) during layout: running second layout pass
09-07 04:06:18.552 17985 17985 W teco.fmhandroi: Accessing hidden method Landroid/os/MessageQueue;->next()Landroid/os/Message; (greylist, reflection, allowed)
09-07 04:06:18.552 17985 17985 W teco.fmhandroi: Accessing hidden field Landroid/os/MessageQueue;->mMessages:Landroid/os/Message; (greylist, reflection, allowed)
09-07 04:06:18.552 17985 17985 W teco.fmhandroi: Accessing hidden method Landroid/os/Message;->recycleUnchecked()V (greylist, reflection, allowed)
09-07 04:06:18.556 17985 18029 W teco.fmhandroi: Accessing hidden method Lsun/misc/Unsafe;->getUnsafe()Lsun/misc/Unsafe; (greylist,core-platform-api, linking, allowed)
09-07 04:06:18.557 17985 18029 W teco.fmhandroi: Accessing hidden method Lsun/misc/Unsafe;->putObject(Ljava/lang/Object;JLjava/lang/Object;)V (greylist, linking, allowed)
09-07 04:06:18.559 17985 17985 W teco.fmhandroi: Accessing hidden method Landroid/view/WindowManagerGlobal;->getInstance()Landroid/view/WindowManagerGlobal; (greylist, reflection, allowed)
09-07 04:06:18.559 17985 17985 W teco.fmhandroi: Accessing hidden field Landroid/view/WindowManagerGlobal;->mViews:Ljava/util/ArrayList; (greylist, reflection, allowed)
09-07 04:06:18.559 17985 17985 W teco.fmhandroi: Accessing hidden field Landroid/view/WindowManagerGlobal;->mParams:Ljava/util/ArrayList; (greylist, reflection, allowed)
09-07 04:06:18.560 17985 18029 W teco.fmhandroi: Accessing hidden method Lsun/misc/Unsafe;->compareAndSwapObject(Ljava/lang/Object;JLjava/lang/Object;Ljava/lang/Object;)Z (greylist, linking, allowed)
09-07 04:06:18.560 17985 18029 W teco.fmhandroi: Accessing hidden method Lsun/misc/Unsafe;->getObject(Ljava/lang/Object;J)Ljava/lang/Object; (greylist, linking, allowed)
09-07 04:06:18.571 17985 17985 I ViewInteraction: Performing 'wait for a specific view with <view.getId() is <2131231123>> during 10000 millis.' action on view view.getRootView() to equal view
09-07 04:06:18.859  8425  8643 I FontLog : (REDACTED) Received query %s, URI %s
09-07 04:06:18.860  8425  8643 I FontLog : (REDACTED) Query [%s] resolved to %s
09-07 04:06:18.861  8425  8643 I FontLog : (REDACTED) Fetch %s end status %s
09-07 04:06:18.865  8425  8643 I FontLog : (REDACTED) Pulling font file for id = %d, cache size = %d
09-07 04:06:18.869  8425  8643 I FontLog : (REDACTED) Pulling font file for id = %d, cache size = %d
09-07 04:06:19.044  1792  2272 E GnssHAL_GnssInterface: gnssSvStatusCb: a: input svInfo.flags is 8
09-07 04:06:19.044  1792  2272 E GnssHAL_GnssInterface: gnssSvStatusCb: b: input svInfo.flags is 8
09-07 04:06:20.046  1792  2272 E GnssHAL_GnssInterface: gnssSvStatusCb: a: input svInfo.flags is 8
09-07 04:06:20.046  1792  2272 E GnssHAL_GnssInterface: gnssSvStatusCb: b: input svInfo.flags is 8
09-07 04:06:21.044  1792  2272 E GnssHAL_GnssInterface: gnssSvStatusCb: a: input svInfo.flags is 8
09-07 04:06:21.044  1792  2272 E GnssHAL_GnssInterface: gnssSvStatusCb: b: input svInfo.flags is 8
09-07 04:06:21.628 17985 18077 D EGL_emulation: eglMakeCurrent: 0xda21ade0: ver 2 0 (tinfo 0xda20f9e0)
09-07 04:06:21.630  2182  2182 W View    : requestLayout() improperly called by com.android.keyguard.AlphaOptimizedLinearLayout{551c6d8 V.E...... ......ID 7,0-48,61 #7f0a041c app:id/wifi_group} during second layout pass: posting in next frame
09-07 04:06:21.634  1793 14098 D gralloc_ranchu: gralloc_alloc: Creating ashmem region of size 9850880
09-07 04:06:21.647  2182  2182 W View    : requestLayout() improperly called by StatusBarIconView(slot=mobile icon=null notification=null) during layout: running second layout pass
09-07 04:06:21.648 17985 18077 D EGL_emulation: eglMakeCurrent: 0xda21ade0: ver 2 0 (tinfo 0xda20f9e0)
09-07 04:06:21.825  1793 14098 D gralloc_ranchu: gralloc_alloc: Creating ashmem region of size 9850880
09-07 04:06:21.837 17985 18029 W teco.fmhandroi: Accessing hidden method Landroid/view/ViewConfiguration;->getDoubleTapMinTime()I (greylist, reflection, allowed)
09-07 04:06:21.841 17985 18029 W teco.fmhandroi: Accessing hidden method Lsun/misc/Unsafe;->compareAndSwapObject(Ljava/lang/Object;JLjava/lang/Object;Ljava/lang/Object;)Z (greylist, linking, allowed)
09-07 04:06:21.843 17985 17985 I ViewInteraction: Performing 'single click' action on view view.getId() is <2131231123/ru.iteco.fmhandroid:id/main_menu_image_button>
09-07 04:06:21.849  1793 14098 D gralloc_ranchu: gralloc_alloc: Creating ashmem region of size 9850880
09-07 04:06:21.854 17985 17985 D takeScreenshot: Found 1 global views to redraw
09-07 04:06:21.907  1793 14098 D gralloc_ranchu: gralloc_alloc: Creating ashmem region of size 9850880
09-07 04:06:21.918  1678  1678 I hwservicemanager: getTransport: Cannot find entry android.hardware.graphics.mapper@3.0::IMapper/default in either framework or device manifest.
09-07 04:06:21.918 17970 17984 W Gralloc3: mapper 3.x is not supported
09-07 04:06:21.922 17970 17984 D HostConnection: createUnique: call
09-07 04:06:21.922 17970 17984 D HostConnection: HostConnection::get() New Host Connection established 0xefa554e0, tid 17984
09-07 04:06:21.923 17970 17984 D HostConnection: HostComposition ext ANDROID_EMU_CHECKSUM_HELPER_v1 ANDROID_EMU_dma_v1 ANDROID_EMU_direct_mem ANDROID_EMU_vulkan ANDROID_EMU_deferred_vulkan_commands ANDROID_EMU_vulkan_null_optional_strings ANDROID_EMU_vulkan_create_resources_with_requirements ANDROID_EMU_YUV420_888_to_NV21 ANDROID_EMU_YUV_Cache ANDROID_EMU_vulkan_free_memory_sync ANDROID_EMU_vulkan_shader_float16_int8 ANDROID_EMU_vulkan_async_queue_submit ANDROID_EMU_sync_buffer_data GL_OES_vertex_array_object GL_KHR_texture_compression_astc_ldr ANDROID_EMU_host_side_tracing ANDROID_EMU_gles_max_version_2 
09-07 04:06:21.923 17970 17984 D eglCodecCommon: allocate: Ask for block of size 0x1000
09-07 04:06:21.923 17970 17984 D eglCodecCommon: allocate: ioctl allocate returned offset 0x3ffff6000 size 0x2000
09-07 04:06:21.926  1823  2077 E SurfaceFlinger: ro.sf.lcd_density must be defined as a build property
09-07 04:06:21.927  1823  2077 E SurfaceFlinger: ro.sf.lcd_density must be defined as a build property
09-07 04:06:21.929 17970 18094 D libEGL  : Emulator has host GPU support, qemu.gles is set to 1.
09-07 04:06:21.933 17970 18094 W libc    : Unable to set property "qemu.gles" to "1": error code: 0x18
09-07 04:06:21.933 17970 18094 D libEGL  : loaded /vendor/lib/egl/libEGL_emulation.so
09-07 04:06:21.933 17970 18094 D libEGL  : loaded /vendor/lib/egl/libGLESv1_CM_emulation.so
09-07 04:06:21.934 17970 18094 D libEGL  : loaded /vendor/lib/egl/libGLESv2_emulation.so
09-07 04:06:21.939 17970 18094 D HostConnection: HostConnection::get() New Host Connection established 0xefa553f0, tid 18094
09-07 04:06:21.939 17970 18094 D HostConnection: HostComposition ext ANDROID_EMU_CHECKSUM_HELPER_v1 ANDROID_EMU_dma_v1 ANDROID_EMU_direct_mem ANDROID_EMU_vulkan ANDROID_EMU_deferred_vulkan_commands ANDROID_EMU_vulkan_null_optional_strings ANDROID_EMU_vulkan_create_resources_with_requirements ANDROID_EMU_YUV420_888_to_NV21 ANDROID_EMU_YUV_Cache ANDROID_EMU_vulkan_free_memory_sync ANDROID_EMU_vulkan_shader_float16_int8 ANDROID_EMU_vulkan_async_queue_submit ANDROID_EMU_sync_buffer_data GL_OES_vertex_array_object GL_KHR_texture_compression_astc_ldr ANDROID_EMU_host_side_tracing ANDROID_EMU_gles_max_version_2 
09-07 04:06:21.941 17970 18094 W OpenGLRenderer: Failed to choose config with EGL_SWAP_BEHAVIOR_PRESERVED, retrying without...
09-07 04:06:21.948 17970 18094 D eglCodecCommon: setVertexArrayObject: set vao to 0 (0) 0 0
09-07 04:06:21.948 17970 18094 D EGL_emulation: eglCreateContext: 0xda8283c0: maj 2 min 0 rcv 2
09-07 04:06:21.964 17970 18094 D EGL_emulation: eglMakeCurrent: 0xda8283c0: ver 2 0 (tinfo 0xda80f370)
09-07 04:06:21.971 17970 18094 D eglCodecCommon: setVertexArrayObject: set vao to 0 (0) 1 0
09-07 04:06:21.996 17985 18029 W DefaultFailureHandler: Failed to take screenshot
09-07 04:06:21.996 17985 18029 W DefaultFailureHandler: java.io.FileNotFoundException: view-op-error-1.png: open failed: EROFS (Read-only file system)
09-07 04:06:21.996 17985 18029 W DefaultFailureHandler: 	at libcore.io.IoBridge.open(IoBridge.java:496)
09-07 04:06:21.996 17985 18029 W DefaultFailureHandler: 	at java.io.FileOutputStream.<init>(FileOutputStream.java:235)
09-07 04:06:21.996 17985 18029 W DefaultFailureHandler: 	at java.io.FileOutputStream.<init>(FileOutputStream.java:125)
09-07 04:06:21.996 17985 18029 W DefaultFailureHandler: 	at androidx.test.platform.io.FileTestStorage.openOutputFile(FileTestStorage.java:60)
09-07 04:06:21.996 17985 18029 W DefaultFailureHandler: 	at androidx.test.core.graphics.BitmapStorage.writeToTestStorage(BitmapStorageExt.kt:49)
09-07 04:06:21.996 17985 18029 W DefaultFailureHandler: 	at androidx.test.espresso.base.DefaultFailureHandler.takeScreenshot(DefaultFailureHandler.java:4)
09-07 04:06:21.996 17985 18029 W DefaultFailureHandler: 	at androidx.test.espresso.base.DefaultFailureHandler.handle(DefaultFailureHandler.java:3)
09-07 04:06:21.996 17985 18029 W DefaultFailureHandler: 	at androidx.test.espresso.ViewInteraction.waitForAndHandleInteractionResults(ViewInteraction.java:8)
09-07 04:06:21.996 17985 18029 W DefaultFailureHandler: 	at androidx.test.espresso.ViewInteraction.desugaredPerform(ViewInteraction.java:11)
09-07 04:06:21.996 17985 18029 W DefaultFailureHandler: 	at androidx.test.espresso.ViewInteraction.perform(ViewInteraction.java:8)
09-07 04:06:21.996 17985 18029 W DefaultFailureHandler: 	at ru.iteco.fmhandroid.ui.steps.MainPageSteps.openNewsPageThroughTheMainMenu(MainPageSteps.java:62)
09-07 04:06:21.996 17985 18029 W DefaultFailureHandler: 	at ru.iteco.fmhandroid.ui.ControlPanelTest.logoutCheckAndOpenControlPanelPage(ControlPanelTest.java:64)
09-07 04:06:21.996 17985 18029 W DefaultFailureHandler: 	at java.lang.reflect.Method.invoke(Native Method)
09-07 04:06:21.996 17985 18029 W DefaultFailureHandler: 	at org.junit.runners.model.FrameworkMethod$1.runReflectiveCall(FrameworkMethod.java:59)
09-07 04:06:21.996 17985 18029 W DefaultFailureHandler: 	at org.junit.internal.runners.model.ReflectiveCallable.run(ReflectiveCallable.java:12)
09-07 04:06:21.996 17985 18029 W DefaultFailureHandler: 	at org.junit.runners.model.FrameworkMethod.invokeExplosively(FrameworkMethod.java:56)
09-07 04:06:21.996 17985 18029 W DefaultFailureHandler: 	at androidx.test.internal.runner.junit4.statement.RunBefores.evaluate(RunBefores.java:76)
09-07 04:06:21.996 17985 18029 W DefaultFailureHandler: 	at io.qameta.allure.android.rules.ScreenshotRule$apply$1.evaluate(ScreenshotRule.kt:22)
09-07 04:06:21.996 17985 18029 W DefaultFailureHandler: 	at org.junit.rules.ExternalResource$1.evaluate(ExternalResource.java:54)
09-07 04:06:21.996 17985 18029 W DefaultFailureHandler: 	at io.qameta.allure.android.rules.LogcatRule$apply$1.evaluate(LogcatRule.kt:23)
09-07 04:06:21.996 17985 18029 W DefaultFailureHandler: 	at org.junit.rules.RunRules.evaluate(RunRules.java:20)
09-07 04:06:21.996 17985 18029 W DefaultFailureHandler: 	at org.junit.runners.ParentRunner$3.evaluate(ParentRunner.java:306)
09-07 04:06:21.996 17985 18029 W DefaultFailureHandler: 	at org.junit.runners.BlockJUnit4ClassRunner$1.evaluate(BlockJUnit4ClassRunner.java:100)
09-07 04:06:21.996 17985 18029 W DefaultFailureHandler: 	at org.junit.runners.ParentRunner.runLeaf(ParentRunner.java:366)
09-07 04:06:21.996 17985 18029 W DefaultFailureHandler: 	at org.junit.runners.BlockJUnit4ClassRunner.runChild(BlockJUnit4ClassRunner.java:103)
09-07 04:06:21.996 17985 18029 W DefaultFailureHandler: 	at org.junit.runners.BlockJUnit4ClassRunner.runChild(BlockJUnit4ClassRunner.java:63)
09-07 04:06:21.996 17985 18029 W DefaultFailureHandler: 	at org.junit.runners.ParentRunner$4.run(ParentRunner.java:331)
09-07 04:06:21.996 17985 18029 W DefaultFailureHandler: 	at org.junit.runners.ParentRunner$1.schedule(ParentRunner.java:79)
09-07 04:06:21.996 17985 18029 W DefaultFailureHandler: 	at org.junit.runners.ParentRunner.runChildren(ParentRunner.java:329)
09-07 04:06:21.996 17985 18029 W DefaultFailureHandler: 	at org.junit.runners.ParentRunner.access$100(ParentRunner.java:66)
09-07 04:06:21.996 17985 18029 W DefaultFailureHandler: 	at org.junit.runners.ParentRunner$2.evaluate(ParentRunner.java:293)
09-07 04:06:21.996 17985 18029 W DefaultFailureHandler: 	at org.junit.runners.ParentRunner$3.evaluate(ParentRunner.java:306)
09-07 04:06:21.996 17985 18029 W DefaultFailureHandler: 	at org.junit.runners.ParentRunner.run(ParentRunner.java:413)
09-07 04:06:21.996 17985 18029 W DefaultFailureHandler: 	at androidx.test.ext.junit.runners.AndroidJUnit4.run(AndroidJUnit4.java:162)
09-07 04:06:21.996 17985 18029 W DefaultFailureHandler: 	at io.qameta.allure.android.runners.AllureAndroidJUnit4.run(AllureAndroidJUnitRunners.kt:29)
09-07 04:06:21.996 17985 18029 W DefaultFailureHandler: 	at org.junit.runners.Suite.runChild(Suite.java:128)
09-07 04:06:21.996 17985 18029 W DefaultFailureHandler: 	at org.junit.runners.Suite.runChild(Suite.java:27)
09-07 04:06:21.996 17985 18029 W DefaultFailureHandler: 	at org.junit.runners.ParentRunner$4.run(ParentRunner.java:331)
09-07 04:06:21.996 17985 18029 W DefaultFailureHandler: 	at org.junit.runners.ParentRunner$1.schedule(ParentRunner.java:79)
09-07 04:06:21.996 17985 18029 W DefaultFailureHandler: 	at org.junit.runners.ParentRunner.runChildren(ParentRunner.java:329)
09-07 04:06:21.996 17985 18029 W DefaultFailureHandler: 	at org.junit.runners.ParentRunner.access$100(ParentRunner.java:66)
09-07 04:06:21.996 17985 18029 W DefaultFailureHandler: 	at org.junit.runners.ParentRunner$2.evaluate(ParentRunner.java:293)
09-07 04:06:21.996 17985 18029 W DefaultFailureHandler: 	at org.junit.runners.ParentRunner$3.evaluate(ParentRunner.java:306)
09-07 04:06:21.996 17985 18029 W DefaultFailureHandler: 	at org.junit.runners.ParentRunner.run(ParentRunner.java:413)
09-07 04:06:21.996 17985 18029 W DefaultFailureHandler: 	at org.junit.runner.JUnitCore.run(JUnitCore.java:137)
09-07 04:06:21.996 17985 18029 W DefaultFailureHandler: 	at org.junit.runner.JUnitCore.run(JUnitCore.java:115)
09-07 04:06:21.996 17985 18029 W DefaultFailureHandler: 	at androidx.test.internal.runner.TestExecutor.execute(TestExecutor.java:67)
09-07 04:06:21.996 17985 18029 W DefaultFailureHandler: 	at androidx.test.internal.runner.TestExecutor.execute(TestExecutor.java:58)
09-07 04:06:21.996 17985 18029 W DefaultFailureHandler: 	at androidx.test.runner.AndroidJUnitRunner.onStart(AndroidJUnitRunner.java:438)
09-07 04:06:21.996 17985 18029 W DefaultFailureHandler: 	at android.app.Instrumentation$InstrumentationThread.run(Instrumentation.java:2189)
09-07 04:06:21.996 17985 18029 W DefaultFailureHandler: Caused by: android.system.ErrnoException: open failed: EROFS (Read-only file system)
09-07 04:06:21.996 17985 18029 W DefaultFailureHandler: 	at libcore.io.Linux.open(Native Method)
09-07 04:06:21.996 17985 18029 W DefaultFailureHandler: 	at libcore.io.ForwardingOs.open(ForwardingOs.java:167)
09-07 04:06:21.996 17985 18029 W DefaultFailureHandler: 	at libcore.io.BlockGuardOs.open(BlockGuardOs.java:252)
09-07 04:06:21.996 17985 18029 W DefaultFailureHandler: 	at libcore.io.ForwardingOs.open(ForwardingOs.java:167)
09-07 04:06:21.996 17985 18029 W DefaultFailureHandler: 	at android.app.ActivityThread$AndroidOs.open(ActivityThread.java:7255)
09-07 04:06:21.996 17985 18029 W DefaultFailureHandler: 	at libcore.io.IoBridge.open(IoBridge.java:482)
09-07 04:06:21.996 17985 18029 W DefaultFailureHandler: 	... 49 more
09-07 04:06:22.003  1793 14098 D gralloc_ranchu: gralloc_alloc: Creating ashmem region of size 9850880
09-07 04:06:22.048  1792  2272 E GnssHAL_GnssInterface: gnssSvStatusCb: a: input svInfo.flags is 8
09-07 04:06:22.048  1792  2272 E GnssHAL_GnssInterface: gnssSvStatusCb: b: input svInfo.flags is 8
09-07 04:06:22.241  2037  3740 I ActivityTaskManager: START u0 {act=android.intent.action.MAIN cat=[android.intent.category.LAUNCHER] flg=0x10000000 cmp=ru.iteco.fmhandroid.test/androidx.test.core.app.InstrumentationActivityInvoker$EmptyActivity} from uid 10136
09-07 04:06:22.246 17985 17985 D LifecycleMonitor: Lifecycle status change: ru.iteco.fmhandroid.ui.AppActivity@bf025f4 in: PAUSED
09-07 04:06:22.246 17985 17985 V ActivityScenario: Update currentActivityStage to PAUSED, currentActivity=ru.iteco.fmhandroid.ui.AppActivity@bf025f4
09-07 04:06:22.246  2037  2459 W InputReader: Device has associated, but no associated display id.
09-07 04:06:22.248  2037  2459 I chatty  : uid=1000(system) Binder:2037_9 identical 26 lines
09-07 04:06:22.248  2037  2459 W InputReader: Device has associated, but no associated display id.
09-07 04:06:22.249 17985 18031 V FA      : Recording user engagement, ms: 3906
09-07 04:06:22.249  2037  2459 W InputReader: Device has associated, but no associated display id.
09-07 04:06:22.251  2037  2459 I chatty  : uid=1000(system) Binder:2037_9 identical 10 lines
09-07 04:06:22.251  2037  2459 W InputReader: Device has associated, but no associated display id.
09-07 04:06:22.251 18042 18042 W ActivityThread: handleWindowVisibility: no activity for token android.os.BinderProxy@d6eec89
09-07 04:06:22.254  2037  2459 W InputReader: Device has associated, but no associated display id.
09-07 04:06:22.298  2037  2459 I ActivityTaskManager: START u0 {act=android.intent.action.MAIN cat=[android.intent.category.LAUNCHER] flg=0x10000000 cmp=ru.iteco.fmhandroid.test/androidx.test.core.app.InstrumentationActivityInvoker$EmptyActivity} from uid 10136
09-07 04:06:22.254  2037  2459 I chatty  : uid=1000(system) Binder:2037_9 identical 8 lines
09-07 04:06:22.254  2037  2459 W InputReader: Device has associated, but no associated display id.
09-07 04:06:22.307 18042 18074 D HostConnection: HostConnection::get() New Host Connection established 0xda23e2d0, tid 18074
