09-07 04:48:16.156  1793  2554 D gralloc_ranchu: gralloc_alloc: Creating ashmem region of size 438272
09-07 04:48:16.163 29126 29219 D EGL_emulation: eglMakeCurrent: 0xe2258280: ver 2 0 (tinfo 0xe233aed0)
09-07 04:48:16.297  1792  2272 E GnssHAL_GnssInterface: gnssSvStatusCb: a: input svInfo.flags is 8
09-07 04:48:16.297  1792  2272 E GnssHAL_GnssInterface: gnssSvStatusCb: b: input svInfo.flags is 8
09-07 04:48:16.343 29126 29126 D takeScreenshot: Found 2 global views to redraw
09-07 04:48:16.356 29126 29219 D EGL_emulation: eglMakeCurrent: 0xe2258280: ver 2 0 (tinfo 0xe233aed0)
09-07 04:48:16.376 29126 29219 D EGL_emulation: eglMakeCurrent: 0xe2258280: ver 2 0 (tinfo 0xe233aed0)
09-07 04:48:16.397  1793  2554 D gralloc_ranchu: gralloc_alloc: Creating ashmem region of size 9850880
09-07 04:48:16.431 29126 29168 W DefaultFailureHandler: Failed to take screenshot
09-07 04:48:16.431 29126 29168 W DefaultFailureHandler: java.io.FileNotFoundException: view-op-error-4.png: open failed: EROFS (Read-only file system)
09-07 04:48:16.431 29126 29168 W DefaultFailureHandler: 	at libcore.io.IoBridge.open(IoBridge.java:496)
09-07 04:48:16.431 29126 29168 W DefaultFailureHandler: 	at java.io.FileOutputStream.<init>(FileOutputStream.java:235)
09-07 04:48:16.431 29126 29168 W DefaultFailureHandler: 	at java.io.FileOutputStream.<init>(FileOutputStream.java:125)
09-07 04:48:16.431 29126 29168 W DefaultFailureHandler: 	at androidx.test.platform.io.FileTestStorage.openOutputFile(FileTestStorage.java:60)
09-07 04:48:16.431 29126 29168 W DefaultFailureHandler: 	at androidx.test.core.graphics.BitmapStorage.writeToTestStorage(BitmapStorageExt.kt:49)
09-07 04:48:16.431 29126 29168 W DefaultFailureHandler: 	at androidx.test.espresso.base.DefaultFailureHandler.takeScreenshot(DefaultFailureHandler.java:4)
09-07 04:48:16.431 29126 29168 W DefaultFailureHandler: 	at androidx.test.espresso.base.DefaultFailureHandler.handle(DefaultFailureHandler.java:3)
09-07 04:48:16.431 29126 29168 W DefaultFailureHandler: 	at androidx.test.espresso.ViewInteraction.waitForAndHandleInteractionResults(ViewInteraction.java:8)
09-07 04:48:16.431 29126 29168 W DefaultFailureHandler: 	at androidx.test.espresso.ViewInteraction.desugaredPerform(ViewInteraction.java:11)
09-07 04:48:16.431 29126 29168 W DefaultFailureHandler: 	at androidx.test.espresso.ViewInteraction.perform(ViewInteraction.java:8)
09-07 04:48:16.431 29126 29168 W DefaultFailureHandler: 	at ru.iteco.fmhandroid.ui.data.TestUtils.waitView(TestUtils.java:61)
09-07 04:48:16.431 29126 29168 W DefaultFailureHandler: 	at ru.iteco.fmhandroid.ui.steps.MainPageSteps.isMainPage(MainPageSteps.java:50)
09-07 04:48:16.431 29126 29168 W DefaultFailureHandler: 	at ru.iteco.fmhandroid.ui.AuthPageTest.shouldLogInWithValidData(AuthPageTest.java:60)
09-07 04:48:16.431 29126 29168 W DefaultFailureHandler: 	at java.lang.reflect.Method.invoke(Native Method)
09-07 04:48:16.431 29126 29168 W DefaultFailureHandler: 	at org.junit.runners.model.FrameworkMethod$1.runReflectiveCall(FrameworkMethod.java:59)
09-07 04:48:16.431 29126 29168 W DefaultFailureHandler: 	at org.junit.internal.runners.model.ReflectiveCallable.run(ReflectiveCallable.java:12)
09-07 04:48:16.431 29126 29168 W DefaultFailureHandler: 	at org.junit.runners.model.FrameworkMethod.invokeExplosively(FrameworkMethod.java:56)
09-07 04:48:16.431 29126 29168 W DefaultFailureHandler: 	at org.junit.internal.runners.statements.InvokeMethod.evaluate(InvokeMethod.java:17)
09-07 04:48:16.431 29126 29168 W DefaultFailureHandler: 	at androidx.test.internal.runner.junit4.statement.RunBefores.evaluate(RunBefores.java:80)
09-07 04:48:16.431 29126 29168 W DefaultFailureHandler: 	at io.qameta.allure.android.rules.ScreenshotRule$apply$1.evaluate(ScreenshotRule.kt:22)
09-07 04:48:16.431 29126 29168 W DefaultFailureHandler: 	at org.junit.rules.ExternalResource$1.evaluate(ExternalResource.java:54)
09-07 04:48:16.431 29126 29168 W DefaultFailureHandler: 	at io.qameta.allure.android.rules.LogcatRule$apply$1.evaluate(LogcatRule.kt:23)
09-07 04:48:16.431 29126 29168 W DefaultFailureHandler: 	at org.junit.rules.RunRules.evaluate(RunRules.java:20)
09-07 04:48:16.431 29126 29168 W DefaultFailureHandler: 	at org.junit.runners.ParentRunner$3.evaluate(ParentRunner.java:306)
09-07 04:48:16.431 29126 29168 W DefaultFailureHandler: 	at org.junit.runners.BlockJUnit4ClassRunner$1.evaluate(BlockJUnit4ClassRunner.java:100)
09-07 04:48:16.431 29126 29168 W DefaultFailureHandler: 	at org.junit.runners.ParentRunner.runLeaf(ParentRunner.java:366)
09-07 04:48:16.431 29126 29168 W DefaultFailureHandler: 	at org.junit.runners.BlockJUnit4ClassRunner.runChild(BlockJUnit4ClassRunner.java:103)
09-07 04:48:16.431 29126 29168 W DefaultFailureHandler: 	at org.junit.runners.BlockJUnit4ClassRunner.runChild(BlockJUnit4ClassRunner.java:63)
09-07 04:48:16.431 29126 29168 W DefaultFailureHandler: 	at org.junit.runners.ParentRunner$4.run(ParentRunner.java:331)
09-07 04:48:16.431 29126 29168 W DefaultFailureHandler: 	at org.junit.runners.ParentRunner$1.schedule(ParentRunner.java:79)
09-07 04:48:16.431 29126 29168 W DefaultFailureHandler: 	at org.junit.runners.ParentRunner.runChildren(ParentRunner.java:329)
09-07 04:48:16.431 29126 29168 W DefaultFailureHandler: 	at org.junit.runners.ParentRunner.access$100(ParentRunner.java:66)
09-07 04:48:16.431 29126 29168 W DefaultFailureHandler: 	at org.junit.runners.ParentRunner$2.evaluate(ParentRunner.java:293)
09-07 04:48:16.431 29126 29168 W DefaultFailureHandler: 	at org.junit.runners.ParentRunner$3.evaluate(ParentRunner.java:306)
09-07 04:48:16.431 29126 29168 W DefaultFailureHandler: 	at org.junit.runners.ParentRunner.run(ParentRunner.java:413)
09-07 04:48:16.431 29126 29168 W DefaultFailureHandler: 	at androidx.test.ext.junit.runners.AndroidJUnit4.run(AndroidJUnit4.java:162)
09-07 04:48:16.431 29126 29168 W DefaultFailureHandler: 	at io.qameta.allure.android.runners.AllureAndroidJUnit4.run(AllureAndroidJUnitRunners.kt:29)
09-07 04:48:16.431 29126 29168 W DefaultFailureHandler: 	at org.junit.runners.Suite.runChild(Suite.java:128)
09-07 04:48:16.431 29126 29168 W DefaultFailureHandler: 	at org.junit.runners.Suite.runChild(Suite.java:27)
09-07 04:48:16.431 29126 29168 W DefaultFailureHandler: 	at org.junit.runners.ParentRunner$4.run(ParentRunner.java:331)
09-07 04:48:16.431 29126 29168 W DefaultFailureHandler: 	at org.junit.runners.ParentRunner$1.schedule(ParentRunner.java:79)
09-07 04:48:16.431 29126 29168 W DefaultFailureHandler: 	at org.junit.runners.ParentRunner.runChildren(ParentRunner.java:329)
09-07 04:48:16.431 29126 29168 W DefaultFailureHandler: 	at org.junit.runners.ParentRunner.access$100(ParentRunner.java:66)
09-07 04:48:16.431 29126 29168 W DefaultFailureHandler: 	at org.junit.runners.ParentRunner$2.evaluate(ParentRunner.java:293)
09-07 04:48:16.431 29126 29168 W DefaultFailureHandler: 	at org.junit.runners.ParentRunner$3.evaluate(ParentRunner.java:306)
09-07 04:48:16.431 29126 29168 W DefaultFailureHandler: 	at org.junit.runners.ParentRunner.run(ParentRunner.java:413)
09-07 04:48:16.431 29126 29168 W DefaultFailureHandler: 	at org.junit.runner.JUnitCore.run(JUnitCore.java:137)
09-07 04:48:16.431 29126 29168 W DefaultFailureHandler: 	at org.junit.runner.JUnitCore.run(JUnitCore.java:115)
09-07 04:48:16.431 29126 29168 W DefaultFailureHandler: 	at androidx.test.internal.runner.TestExecutor.execute(TestExecutor.java:67)
09-07 04:48:16.431 29126 29168 W DefaultFailureHandler: 	at androidx.test.internal.runner.TestExecutor.execute(TestExecutor.java:58)
09-07 04:48:16.431 29126 29168 W DefaultFailureHandler: 	at androidx.test.runner.AndroidJUnitRunner.onStart(AndroidJUnitRunner.java:438)
09-07 04:48:16.431 29126 29168 W DefaultFailureHandler: 	at android.app.Instrumentation$InstrumentationThread.run(Instrumentation.java:2189)
09-07 04:48:16.431 29126 29168 W DefaultFailureHandler: Caused by: android.system.ErrnoException: open failed: EROFS (Read-only file system)
09-07 04:48:16.431 29126 29168 W DefaultFailureHandler: 	at libcore.io.Linux.open(Native Method)
09-07 04:48:16.431 29126 29168 W DefaultFailureHandler: 	at libcore.io.ForwardingOs.open(ForwardingOs.java:167)
09-07 04:48:16.431 29126 29168 W DefaultFailureHandler: 	at libcore.io.BlockGuardOs.open(BlockGuardOs.java:252)
09-07 04:48:16.431 29126 29168 W DefaultFailureHandler: 	at libcore.io.ForwardingOs.open(ForwardingOs.java:167)
09-07 04:48:16.431 29126 29168 W DefaultFailureHandler: 	at android.app.ActivityThread$AndroidOs.open(ActivityThread.java:7255)
09-07 04:48:16.431 29126 29168 W DefaultFailureHandler: 	at libcore.io.IoBridge.open(IoBridge.java:482)
09-07 04:48:16.431 29126 29168 W DefaultFailureHandler: 	... 51 more
09-07 04:48:16.435  1793  2554 D gralloc_ranchu: gralloc_alloc: Creating ashmem region of size 9850880
09-07 04:48:16.695  2037  6130 I ActivityTaskManager: START u0 {act=android.intent.action.MAIN cat=[android.intent.category.LAUNCHER] flg=0x10000000 cmp=ru.iteco.fmhandroid.test/androidx.test.core.app.InstrumentationActivityInvoker$EmptyActivity} from uid 10136
09-07 04:48:16.700 29126 29126 D LifecycleMonitor: Lifecycle status change: ru.iteco.fmhandroid.ui.AppActivity@f91e0f8 in: PAUSED
09-07 04:48:16.700 29126 29126 V ActivityScenario: Update currentActivityStage to PAUSED, currentActivity=ru.iteco.fmhandroid.ui.AppActivity@f91e0f8
09-07 04:48:16.701  2037  4391 W InputReader: Device has associated, but no associated display id.
09-07 04:48:16.707  2037  4391 I chatty  : uid=1000(system) Binder:2037_13 identical 48 lines
09-07 04:48:16.707  2037  4391 W InputReader: Device has associated, but no associated display id.
09-07 04:48:16.709 29182 29182 W ActivityThread: handleWindowVisibility: no activity for token android.os.BinderProxy@f88b11d
09-07 04:48:16.710 29126 29636 V FA      : Recording user engagement, ms: 14238
09-07 04:48:16.735 29126 29219 D EGL_emulation: eglMakeCurrent: 0xe2258280: ver 2 0 (tinfo 0xe233aed0)
09-07 04:48:16.770  1793  2554 D gralloc_ranchu: gralloc_alloc: Creating ashmem region of size 9850880
09-07 04:48:16.771  2037  4391 I ActivityTaskManager: START u0 {act=android.intent.action.MAIN cat=[android.intent.category.LAUNCHER] flg=0x10000000 cmp=ru.iteco.fmhandroid.test/androidx.test.core.app.InstrumentationActivityInvoker$EmptyActivity} from uid 10136
09-07 04:48:16.777  1793  2554 D gralloc_ranchu: gralloc_alloc: Creating ashmem region of size 9850880
09-07 04:48:16.782 29182 29216 D EGL_emulation: eglMakeCurrent: 0xda21a3c0: ver 2 0 (tinfo 0xda20f660)
09-07 04:48:16.784  1793 14098 D gralloc_ranchu: gralloc_alloc: Creating ashmem region of size 9850880
09-07 04:48:16.809 29126 29636 V FA      : Connecting to remote service
09-07 04:48:16.822  2037  4391 W InputReader: Device has associated, but no associated display id.
09-07 04:48:16.825  2037  4391 I chatty  : uid=1000(system) Binder:2037_13 identical 48 lines
09-07 04:48:16.825  2037  4391 W InputReader: Device has associated, but no associated display id.
09-07 04:48:16.828  7867  7867 D BoundBrokerSvc: onBind: Intent { act=com.google.android.gms.measurement.START pkg=com.google.android.gms }
09-07 04:48:16.828  7867  7867 D BoundBrokerSvc: Loading bound service for intent: Intent { act=com.google.android.gms.measurement.START pkg=com.google.android.gms }
09-07 04:48:16.850 29182 29182 W ActivityThread: handleWindowVisibility: no activity for token android.os.BinderProxy@ee2f424
09-07 04:48:16.855 29126 29636 V FA      : Connection attempt already in progress
09-07 04:48:16.855 29126 29636 V FA      : Activity paused, time: 5020601
09-07 04:48:16.863 29126 29636 D FA      : Connected to remote service
09-07 04:48:16.864 29126 29636 V FA      : Processing queued up service tasks: 2
09-07 04:48:16.865  2037  4391 W ActivityTaskManager: Duplicate finish request for ActivityRecord{d2f7bf7 u0 ru.iteco.fmhandroid/.ui.AppActivity t822 f}
09-07 04:48:16.875  2037  4391 W InputReader: Device has associated, but no associated display id.
09-07 04:48:16.876  2037  4391 I chatty  : uid=1000(system) Binder:2037_13 identical 8 lines
09-07 04:48:16.876  2037  4391 W InputReader: Device has associated, but no associated display id.
09-07 04:48:16.883  7867 29640 V FA-SVC  : Logging event: origin=auto,name=user_engagement(_e),params=Bundle[{ga_event_origin(_o)=auto, engagement_time_msec(_et)=14238, ga_screen_class(_sc)=AppActivity, ga_screen_id(_si)=-4651013091003756145}]
09-07 04:48:16.897  1793 14098 D gralloc_ranchu: gralloc_alloc: Creating ashmem region of size 9850880
09-07 04:48:16.901  1793 14098 D gralloc_ranchu: gralloc_alloc: Creating ashmem region of size 9850880
09-07 04:48:16.902  1793  2554 D gralloc_ranchu: gralloc_alloc: Creating ashmem region of size 9850880
09-07 04:48:16.906 29182 29216 D EGL_emulation: eglMakeCurrent: 0xda21a3c0: ver 2 0 (tinfo 0xda20f660)
09-07 04:48:16.912  7867 29640 V FA-SVC  : Upload scheduled in approximately ms: 2342387
09-07 04:48:16.912  7867 29640 V FA-SVC  : Unscheduling upload
09-07 04:48:16.923  8425  8425 D BoundBrokerSvc: onBind: Intent { act=com.google.android.gms.presencemanager.service.START dat=chimera-action: cmp=com.google.android.gms/.chimera.PersistentApiService }
09-07 04:48:16.923  8425  8425 D BoundBrokerSvc: Loading bound service for intent: Intent { act=com.google.android.gms.presencemanager.service.START dat=chimera-action: cmp=com.google.android.gms/.chimera.PersistentApiService }
09-07 04:48:16.928  8425  8425 D BoundBrokerSvc: onBind: Intent { act=com.google.android.gms.presencemanager.service.INTERNAL_IDENTITY dat=chimera-action: cmp=com.google.android.gms/.chimera.PersistentApiService }
09-07 04:48:16.928  8425  8425 D BoundBrokerSvc: Loading bound service for intent: Intent { act=com.google.android.gms.presencemanager.service.INTERNAL_IDENTITY dat=chimera-action: cmp=com.google.android.gms/.chimera.PersistentApiService }
09-07 04:48:16.930  7867 29640 V FA-SVC  : Scheduling upload, millis: 2342387
09-07 04:48:16.934  7867 29640 V FA-SVC  : Background event processing time, ms: 51
09-07 04:48:16.948  2037  4391 W InputReader: Device has associated, but no associated display id.
09-07 04:48:16.951  2037  4391 I chatty  : uid=1000(system) Binder:2037_13 identical 28 lines
09-07 04:48:16.951  2037  4391 W InputReader: Device has associated, but no associated display id.
09-07 04:48:16.959  1823  1823 W SurfaceFlinger: couldn't log to binary event log: overflow.
09-07 04:48:16.970  2037  2310 D ConnectivityService: requestNetwork for uid/pid:10113/29289 NetworkRequest [ TRACK_DEFAULT id=125, [ Capabilities: INTERNET&NOT_RESTRICTED&TRUSTED Uid: 10113] ]
09-07 04:48:16.971  2037  2143 D WifiNetworkFactory: got request NetworkRequest [ TRACK_DEFAULT id=125, [ Capabilities: INTERNET&NOT_RESTRICTED&TRUSTED Uid: 10113] ] with score 60 and serial -1
09-07 04:48:16.971  2037  2143 D UntrustedWifiNetworkFactory: got request NetworkRequest [ TRACK_DEFAULT id=125, [ Capabilities: INTERNET&NOT_RESTRICTED&TRUSTED Uid: 10113] ] with score 60 and serial -1
09-07 04:48:16.972  2279  2279 D PhoneSwitcherNetworkRequstListener: got request NetworkRequest [ TRACK_DEFAULT id=125, [ Capabilities: INTERNET&NOT_RESTRICTED&TRUSTED Uid: 10113] ] with score 60 and serial -1
09-07 04:48:16.988  1793 14098 D gralloc_ranchu: gralloc_alloc: Creating ashmem region of size 9850880
09-07 04:48:16.993  1793 14098 I chatty  : uid=1000(system) HwBinder:1793_3 identical 1 line
09-07 04:48:16.994  1793 14098 D gralloc_ranchu: gralloc_alloc: Creating ashmem region of size 9850880
09-07 04:48:16.994 29289 29310 D EGL_emulation: eglMakeCurrent: 0xda21a1e0: ver 2 0 (tinfo 0xda20f710)
09-07 04:48:17.022  2037  2061 W InputReader: Device has associated, but no associated display id.
09-07 04:48:17.022  2037  2061 I chatty  : uid=1000(system) android.anim identical 18 lines
09-07 04:48:17.022  2037  2061 W InputReader: Device has associated, but no associated display id.
09-07 04:48:17.024  1793 14098 D gralloc_ranchu: gralloc_alloc: Creating ashmem region of size 6307840
09-07 04:48:17.036 29182 29216 D EGL_emulation: eglMakeCurrent: 0xda21a3c0: ver 2 0 (tinfo 0xda20f660)
09-07 04:48:17.075 29126 29219 D EGL_emulation: eglMakeCurrent: 0xe2258280: ver 2 0 (tinfo 0xe233aed0)
09-07 04:48:17.106  2182  2468 D EGL_emulation: eglMakeCurrent: 0xda21a360: ver 2 0 (tinfo 0xda20f590)
09-07 04:48:17.109  2182  2182 W View    : requestLayout() improperly called by com.android.keyguard.AlphaOptimizedLinearLayout{551c6d8 V.E...... ......ID 7,0-48,61 #7f0a041c app:id/wifi_group} during second layout pass: posting in next frame
09-07 04:48:17.112 29126 29126 D LifecycleMonitor: Lifecycle status change: ru.iteco.fmhandroid.ui.AppActivity@f91e0f8 in: STOPPED
09-07 04:48:17.113 29126 29126 V ActivityScenario: Update currentActivityStage to STOPPED, currentActivity=ru.iteco.fmhandroid.ui.AppActivity@f91e0f8
09-07 04:48:17.123 29126 29126 D LifecycleMonitor: Lifecycle status change: ru.iteco.fmhandroid.ui.AppActivity@f91e0f8 in: DESTROYED
09-07 04:48:17.123 29126 29126 V ActivityScenario: Update currentActivityStage to DESTROYED, currentActivity=null
09-07 04:48:17.126  2182  2182 W View    : requestLayout() improperly called by StatusBarIconView(slot=mobile icon=null notification=null) during layout: running second layout pass
09-07 04:48:17.131  2182  2468 D EGL_emulation: eglMakeCurrent: 0xda21a360: ver 2 0 (tinfo 0xda20f590)
