--------- beginning of main
09-07 03:54:59.986  1792  2272 E GnssHAL_GnssInterface: gnssSvStatusCb: a: input svInfo.flags is 8
09-07 03:54:59.986  1792  2272 E GnssHAL_GnssInterface: gnssSvStatusCb: b: input svInfo.flags is 8
09-07 03:55:00.023  2182  2182 W View    : requestLayout() improperly called by com.android.keyguard.AlphaOptimizedLinearLayout{551c6d8 V.E...... ......ID 7,0-48,61 #7f0a041c app:id/wifi_group} during second layout pass: posting in next frame
09-07 03:55:00.043  2182  2182 W View    : requestLayout() improperly called by StatusBarIconView(slot=mobile icon=null notification=null) during layout: running second layout pass
09-07 03:55:00.985  1792  2272 E GnssHAL_GnssInterface: gnssSvStatusCb: a: input svInfo.flags is 8
09-07 03:55:00.985  1792  2272 E GnssHAL_GnssInterface: gnssSvStatusCb: b: input svInfo.flags is 8
--------- beginning of system
09-07 03:55:01.074  2037  4315 I ActivityManager: Force stopping ru.iteco.fmhandroid appid=10136 user=0: from pid 15607
09-07 03:55:01.080  2279  2279 D CarrierSvcBindHelper: No carrier app for: 0
09-07 03:55:01.100  9734  9734 I studio.deploy: Received request 'dump'
09-07 03:55:01.149  2037  2310 I ActivityManager: Force stopping ru.iteco.fmhandroid appid=10136 user=0: from pid 15623
09-07 03:55:01.156  2279  2279 D CarrierSvcBindHelper: No carrier app for: 0
09-07 03:55:01.167  9734  9734 I studio.deploy: Received request 'dump'
09-07 03:55:01.243  2037  4315 I ActivityManager: Force stopping ru.iteco.fmhandroid.test appid=10135 user=0: from pid 15642
09-07 03:55:01.247  2279  2279 D CarrierSvcBindHelper: No carrier app for: 0
09-07 03:55:01.330 15649 15649 D AndroidRuntime: >>>>>> START com.android.internal.os.RuntimeInit uid 2000 <<<<<<
09-07 03:55:01.332 15649 15649 E libc    : Access denied finding property "persist.device_config.runtime_native_boot.enable_apex_image"
09-07 03:55:01.332 15649 15649 I AndroidRuntime: Using default boot image
09-07 03:55:01.332 15649 15649 E libc    : Access denied finding property "persist.device_config.runtime_native_boot.disable_lock_profiling"
09-07 03:55:01.332 15649 15649 I AndroidRuntime: Leaving lock profiling enabled
09-07 03:55:01.332 15649 15649 E libc    : Access denied finding property "persist.device_config.runtime_native_boot.enable_generational_cc"
09-07 03:55:01.334 15649 15649 W app_process: Could not reserve sentinel fault page
09-07 03:55:01.325 15649 15649 W app_process: type=1400 audit(0.0:156): avc: denied { read } for name="u:object_r:device_config_runtime_native_boot_prop:s0" dev="tmpfs" ino=6894 scontext=u:r:shell:s0 tcontext=u:object_r:device_config_runtime_native_boot_prop:s0 tclass=file permissive=0
09-07 03:55:01.325 15649 15649 W app_process: type=1400 audit(0.0:157): avc: denied { read } for name="u:object_r:device_config_runtime_native_boot_prop:s0" dev="tmpfs" ino=6894 scontext=u:r:shell:s0 tcontext=u:object_r:device_config_runtime_native_boot_prop:s0 tclass=file permissive=0
09-07 03:55:01.325 15649 15649 W app_process: type=1400 audit(0.0:158): avc: denied { read } for name="u:object_r:device_config_runtime_native_boot_prop:s0" dev="tmpfs" ino=6894 scontext=u:r:shell:s0 tcontext=u:object_r:device_config_runtime_native_boot_prop:s0 tclass=file permissive=0
09-07 03:55:01.365 15649 15649 D ICU     : Time zone APEX file found: /apex/com.android.tzdata/etc/icu/icu_tzdata.dat
09-07 03:55:01.367 15649 15649 W app_process: Unexpected CPU variant for X86 using defaults: x86
09-07 03:55:01.369 15649 15649 I app_process: The ClassLoaderContext is a special shared library.
09-07 03:55:01.377 15649 15649 W app_process: JNI RegisterNativeMethods: attempt to register 0 native methods for android.media.AudioAttributes
09-07 03:55:01.379 15649 15649 D AndroidRuntime: Calling main entry com.android.commands.am.Am
09-07 03:55:01.382  2037  2310 I ActivityManager: Force stopping ru.iteco.fmhandroid appid=10136 user=0: start instr
09-07 03:55:01.387  1775  1775 D Zygote  : Forked child process 15664
09-07 03:55:01.389 15664 15664 I teco.fmhandroi: Late-enabling -Xcheck:jni
09-07 03:55:01.395  2037  2067 I ActivityManager: Start proc 15664:ru.iteco.fmhandroid/u0a136 for added application ru.iteco.fmhandroid
09-07 03:55:01.397 15664 15664 E teco.fmhandroi: Unknown bits set in runtime_flags: 0x8000
09-07 03:55:01.397 15664 15664 W teco.fmhandroi: Unexpected CPU variant for X86 using defaults: x86
09-07 03:55:01.428 15664 15664 I teco.fmhandroi: The ClassLoaderContext is a special shared library.
09-07 03:55:01.717 15664 15664 I chatty  : uid=10136(ru.iteco.fmhandroid) identical 2 lines
09-07 03:55:01.717 15664 15664 I teco.fmhandroi: The ClassLoaderContext is a special shared library.
09-07 03:55:01.985  1792  2272 E GnssHAL_GnssInterface: gnssSvStatusCb: a: input svInfo.flags is 8
09-07 03:55:01.985  1792  2272 E GnssHAL_GnssInterface: gnssSvStatusCb: b: input svInfo.flags is 8
09-07 03:55:02.005 15664 15664 W teco.fmhandroi: Accessing hidden method Landroid/app/Instrumentation;->execStartActivity(Landroid/content/Context;Landroid/os/IBinder;Landroid/os/IBinder;Landroid/app/Activity;Landroid/content/Intent;ILandroid/os/Bundle;)Landroid/app/Instrumentation$ActivityResult; (greylist, linking, allowed)
09-07 03:55:02.006 15664 15664 W teco.fmhandroi: Accessing hidden method Landroid/app/Instrumentation;->execStartActivity(Landroid/content/Context;Landroid/os/IBinder;Landroid/os/IBinder;Ljava/lang/String;Landroid/content/Intent;ILandroid/os/Bundle;)Landroid/app/Instrumentation$ActivityResult; (greylist, linking, allowed)
09-07 03:55:02.011 15664 15664 I MonitoringInstr: newApplication called!
09-07 03:55:02.029 15664 15664 I FirebaseApp: Device unlocked: initializing all Firebase APIs for app [DEFAULT]
09-07 03:55:02.036 15664 15664 I FirebaseCrashlytics: Initializing Firebase Crashlytics 18.2.6 for ru.iteco.fmhandroid
09-07 03:55:02.065 15664 15700 I DynamiteModule: Considering local module com.google.android.gms.measurement.dynamite:55 and remote module com.google.android.gms.measurement.dynamite:93
09-07 03:55:02.065 15664 15700 I DynamiteModule: Selected remote version of com.google.android.gms.measurement.dynamite, version >= 93
09-07 03:55:02.066 15664 15700 V DynamiteModule: Dynamite loader version >= 2, using loadModule2NoCrashUtils
09-07 03:55:02.082 15664 15700 W System  : ClassLoader referenced unknown path: 
09-07 03:55:02.119 15664 15664 I FirebaseInitProvider: FirebaseApp initialization successful
09-07 03:55:02.130 15664 15700 W teco.fmhandroi: Accessing hidden method Lsun/misc/Unsafe;->arrayBaseOffset(Ljava/lang/Class;)I (greylist,core-platform-api, linking, allowed)
09-07 03:55:02.130 15664 15700 W teco.fmhandroi: Accessing hidden method Lsun/misc/Unsafe;->arrayIndexScale(Ljava/lang/Class;)I (greylist, linking, allowed)
09-07 03:55:02.130 15664 15700 W teco.fmhandroi: Accessing hidden method Lsun/misc/Unsafe;->compareAndSwapInt(Ljava/lang/Object;JII)Z (greylist, linking, allowed)
09-07 03:55:02.130 15664 15700 W teco.fmhandroi: Accessing hidden method Lsun/misc/Unsafe;->compareAndSwapLong(Ljava/lang/Object;JJJ)Z (greylist, linking, allowed)
09-07 03:55:02.130 15664 15700 W teco.fmhandroi: Accessing hidden method Lsun/misc/Unsafe;->getIntVolatile(Ljava/lang/Object;J)I (greylist, linking, allowed)
09-07 03:55:02.130 15664 15700 W teco.fmhandroi: Accessing hidden method Lsun/misc/Unsafe;->getObjectVolatile(Ljava/lang/Object;J)Ljava/lang/Object; (greylist, linking, allowed)
09-07 03:55:02.130 15664 15700 W teco.fmhandroi: Accessing hidden method Lsun/misc/Unsafe;->objectFieldOffset(Ljava/lang/reflect/Field;)J (greylist,core-platform-api, linking, allowed)
09-07 03:55:02.131 15664 15700 W teco.fmhandroi: Accessing hidden method Lsun/misc/Unsafe;->putObjectVolatile(Ljava/lang/Object;JLjava/lang/Object;)V (greylist, linking, allowed)
09-07 03:55:02.131 15664 15700 W teco.fmhandroi: Accessing hidden field Lsun/misc/Unsafe;->theUnsafe:Lsun/misc/Unsafe; (greylist, reflection, allowed)
09-07 03:55:02.134 15664 15664 I MonitoringInstr: Instrumentation started!
09-07 03:55:02.138 15664 15664 D ClassesArgTokenizer: input: ru.iteco.fmhandroid.ui.ClaimsPageTest
09-07 03:55:02.138 15664 15664 D ClassesArgTokenizer: result: [ru.iteco.fmhandroid.ui.ClaimsPageTest]
09-07 03:55:02.138 15664 15664 D ClassesArgTokenizer: input: null
09-07 03:55:02.138 15664 15664 D ClassesArgTokenizer: result: []
09-07 03:55:02.140 15664 15664 V TestEventClient: No service name argument was given (testDiscoveryService, testRunEventService or orchestratorService)
09-07 03:55:02.148 15664 15709 D AndroidJUnitRunner: onStart is called.
09-07 03:55:02.152 15664 15664 I MonitoringInstr: No JSBridge.
09-07 03:55:02.162 15664 15709 D TestRequestBuilder: Skipping class path scanning and directly running [ru.iteco.fmhandroid.ui.ClaimsPageTest]
09-07 03:55:02.166 15664 15709 D ClassesArgTokenizer: input: ru.iteco.fmhandroid.ui.ClaimsPageTest
09-07 03:55:02.166 15664 15709 D ClassesArgTokenizer: result: [ru.iteco.fmhandroid.ui.ClaimsPageTest]
09-07 03:55:02.166 15664 15709 D ClassesArgTokenizer: input: null
09-07 03:55:02.166 15664 15709 D ClassesArgTokenizer: result: []
09-07 03:55:02.177 15664 15709 D AndroidJUnitRunner: Use the raw file system for managing file I/O.
09-07 03:55:02.181 15664 15709 D TestExecutor: Adding listener androidx.test.internal.runner.listener.LogRunListener
09-07 03:55:02.181 15664 15709 D TestExecutor: Adding listener androidx.test.internal.runner.listener.InstrumentationResultPrinter
09-07 03:55:02.181 15664 15709 D TestExecutor: Adding listener androidx.test.internal.runner.listener.ActivityFinisherRunListener
09-07 03:55:02.181 15664 15709 D TestExecutor: Adding listener androidx.test.internal.runner.listener.TraceRunListener
09-07 03:55:02.184 15664 15709 I TestRunner: run started: 9 tests
09-07 03:55:02.192 15664 15708 V FA      : App measurement collection enabled
09-07 03:55:02.192 15664 15708 V FA      : App measurement enabled for app package, google app id: ru.iteco.fmhandroid, 1:729587742060:android:e7d6f87c783f52b9a42f49
09-07 03:55:02.194 15664 15708 I FA      : App measurement initialized, version: 80069
09-07 03:55:02.194 15664 15708 I FA      : To enable debug logging run: adb shell setprop log.tag.FA VERBOSE
09-07 03:55:02.194 15664 15708 I FA      : To enable faster debug mode event logging run:
09-07 03:55:02.194 15664 15708 I FA      :   adb shell setprop debug.firebase.analytics.app ru.iteco.fmhandroid
09-07 03:55:02.194 15664 15708 D FA      : Debug-level message logging enabled
09-07 03:55:02.211 15664 15708 D FA      : Resetting session stitching token to not null
09-07 03:55:02.215 15664 15709 I TestRunner: started: shouldNotSaveCommentWhenCancelButtonIsClicked(ru.iteco.fmhandroid.ui.ClaimsPageTest)
09-07 03:55:02.223 15664 15708 V FA      : Connecting to remote service
09-07 03:55:02.227  7867  7867 D BoundBrokerSvc: onBind: Intent { act=com.google.android.gms.measurement.START pkg=com.google.android.gms }
09-07 03:55:02.227  7867  7867 D BoundBrokerSvc: Loading bound service for intent: Intent { act=com.google.android.gms.measurement.START pkg=com.google.android.gms }
09-07 03:55:02.234 15664 15708 V FA      : Connection attempt already in progress
09-07 03:55:02.240 15664 15708 V FA      : Connection attempt already in progress
09-07 03:55:02.240 15664 15708 D FA      : Connected to remote service
09-07 03:55:02.241 15664 15708 V FA      : Processing queued up service tasks: 3
09-07 03:55:02.266  7867 15503 V FA-SVC  : Saving default event parameters, appId, data size: ru.iteco.fmhandroid, 2
09-07 03:55:02.305  1774 15713 E ResolverController: No valid NAT64 prefix (101, <unspecified>/0)
09-07 03:55:02.341  2037  2037 V SettingsProvider: Notifying for 0: content://settings/secure/accessibility_enabled
09-07 03:55:02.342  2689  3033 I fteu    : (REDACTED) #onAccessibilityStateChanged enabled: %s
09-07 03:55:02.343  2689  3085 I fteu    : #onChange
09-07 03:55:02.343  2689  3085 I csoe    : #FCF: onChange
09-07 03:55:02.343  2689  3085 I csoi    : (REDACTED) FCF System FeatureName to check: %s
09-07 03:55:02.343  2689  3085 I csoi    : (REDACTED) FCF: Device model check status : %s
09-07 03:55:02.344  2689  3085 I csof    : FCF A11y Checker - readyForTngMa
09-07 03:55:02.345  2689  3084 I ctnd    : (REDACTED) #isBluetoothOrWiredHeadsetConnected Number of connected audio devices: %s
09-07 03:55:02.345  2689  3084 I cspe    : (REDACTED) #FCF: Headset Connected Status: %s
09-07 03:55:02.345  2689  3084 I csqr    : (REDACTED) #FCF: Demo mode check status : %s
09-07 03:55:02.346  2689  3085 I csqs    : (REDACTED) #FCF: Managed profile check status : %s
09-07 03:55:02.346  2689  3085 I csno    : (REDACTED) #FCF: Assistant primary locale : %s
09-07 03:55:02.346  2689  3085 I csno    : (REDACTED) #FCF: Assistant Primary locale check status : %s
09-07 03:55:02.354  2666  3005 I biwj    : NGA disabled since it's running Panthera and at least one a11y feature is on.
09-07 03:55:02.354  2689  3085 W csqu    : Unable to check for productivity accounts. Assuming there are none.
09-07 03:55:02.354  2689  3085 W csqu    : com.google.android.libraries.geller.portable.GellerException: Code: INVALID_ARGUMENT, Message: Account name is null.
09-07 03:55:02.354  2689  3085 W csqu    : 	at ghid.a(PG:6)
09-07 03:55:02.354  2689  3085 W csqu    : 	at gxvx.a(PG:3)
09-07 03:55:02.354  2689  3085 W csqu    : 	at hnzx.a(PG:1)
09-07 03:55:02.354  2689  3085 W csqu    : 	at hobr.run(PG:4)
09-07 03:55:02.354  2689  3085 W csqu    : 	at ewes.run(PG:1)
09-07 03:55:02.354  2689  3085 W csqu    : 	at java.util.concurrent.ThreadPoolExecutor.runWorker(ThreadPoolExecutor.java:1167)
09-07 03:55:02.354  2689  3085 W csqu    : 	at java.util.concurrent.ThreadPoolExecutor$Worker.run(ThreadPoolExecutor.java:641)
09-07 03:55:02.354  2689  3085 W csqu    : 	at ewdw.run(PG:2)
09-07 03:55:02.354  2689  3085 W csqu    : 	at java.lang.Thread.run(Thread.java:919)
09-07 03:55:02.354  2689  3085 W csqu    : 	at ewfb.run(PG:5)
09-07 03:55:02.354  2666  3005 I biwj    : (REDACTED) Nga state changed to %s
09-07 03:55:02.360  2689  3084 I yzq     : (REDACTED) Nga on-device enabled based on TNG:MA active state: %b
09-07 03:55:02.360  2689  3084 I csts    : (REDACTED) #FCF evaluate: %s
09-07 03:55:02.360  2689  3084 I csts    : (REDACTED) TngMaStatusChecker#evaluateInternal completed in %s millis
09-07 03:55:02.360  2689  3084 I cscy    : (REDACTED) TNG:MA status updated: %s
09-07 03:55:02.361  2689  3084 I cscy    : TNG:MA became ineligible, client should disconnect
09-07 03:55:02.361  2689  3085 I yzq     : (REDACTED) Nga on-device enabled based on TNG:MA active state: %b
09-07 03:55:02.362  2689  3085 I yzq     : Unsubscribed to apa or classic variant change.
09-07 03:55:02.362  2689  3084 I cscy    : #disconnectAndStop - preventing double stop
09-07 03:55:02.362  2689  3084 I csts    : #invalidationSource: adding saa update checker
09-07 03:55:02.362  2689  3084 I csts    : #invalidationSource: adding headset checker
09-07 03:55:02.382  2666  3039 I bjbd    : Trying to enqueue PieTriggeringWorker
09-07 03:55:02.383  2689  2689 I aaag    : (REDACTED) eventData = %s
09-07 03:55:02.384  2689  3084 I znc     : Logging success flow
09-07 03:55:02.390 15664 15709 W Settings: Setting always_finish_activities has moved from android.provider.Settings.System to android.provider.Settings.Global, returning read-only value.
09-07 03:55:02.392  2666  3039 I bjbd    : Trying to enqueue PieTriggeringWorker
09-07 03:55:02.394  2689  2689 I aaag    : (REDACTED) eventData = %s
09-07 03:55:02.394  2689  3085 I znc     : Logging success flow
09-07 03:55:02.402  2037  2055 I ActivityTaskManager: START u0 {act=android.intent.action.MAIN cat=[android.intent.category.LAUNCHER] flg=0x10008000 cmp=ru.iteco.fmhandroid.test/androidx.test.core.app.InstrumentationActivityInvoker$BootstrapActivity (has extras)} from uid 10136
09-07 03:55:02.402  2666  3039 I bjbd    : Trying to enqueue PieTriggeringWorker
09-07 03:55:02.404  2689  2689 I aaag    : (REDACTED) eventData = %s
09-07 03:55:02.410  2037  2061 E system_server: Invalid ID 0x00000000.
09-07 03:55:02.412  2037  2310 W InputReader: Device has associated, but no associated display id.
09-07 03:55:02.412  2037  2310 I chatty  : uid=1000(system) Binder:2037_5 identical 8 lines
09-07 03:55:02.412  2037  2310 W InputReader: Device has associated, but no associated display id.
09-07 03:55:02.423  1793 14098 D gralloc_ranchu: gralloc_alloc: Creating ashmem region of size 9850880
09-07 03:55:02.427  1775  1775 D Zygote  : Forked child process 15721
09-07 03:55:02.430 15721 15721 I fmhandroid.tes: Late-enabling -Xcheck:jni
09-07 03:55:02.437  2037  2067 I ActivityManager: Start proc 15721:ru.iteco.fmhandroid.test/u0a135 for activity {ru.iteco.fmhandroid.test/androidx.test.core.app.InstrumentationActivityInvoker$BootstrapActivity}
09-07 03:55:02.438 15721 15721 E fmhandroid.tes: Unknown bits set in runtime_flags: 0x8000
09-07 03:55:02.438 15721 15721 W fmhandroid.tes: Unexpected CPU variant for X86 using defaults: x86
09-07 03:55:02.458  2037  2055 W InputReader: Device has associated, but no associated display id.
09-07 03:55:02.463  2037  2055 I chatty  : uid=1000(system) Binder:2037_1 identical 28 lines
09-07 03:55:02.463  2037  2055 W InputReader: Device has associated, but no associated display id.
09-07 03:55:02.473  2037  2061 W InputReader: Device has associated, but no associated display id.
09-07 03:55:02.473  2037  2061 I chatty  : uid=1000(system) android.anim identical 8 lines
09-07 03:55:02.473  2037  2061 W InputReader: Device has associated, but no associated display id.
09-07 03:55:02.475 15721 15721 I fmhandroid.tes: The ClassLoaderContext is a special shared library.
09-07 03:55:02.475 15721 15721 I fmhandroid.tes: The ClassLoaderContext is a special shared library.
09-07 03:55:02.478  1793 14098 D gralloc_ranchu: gralloc_alloc: Creating ashmem region of size 9850880
09-07 03:55:02.511  2666  3068 D EGL_emulation: eglMakeCurrent: 0xda21b0e0: ver 2 0 (tinfo 0xda20fbb0)
09-07 03:55:02.511  2434  2714 D EGL_emulation: eglMakeCurrent: 0xed453b60: ver 2 0 (tinfo 0xe233a960)
09-07 03:55:02.514  2182  2468 D EGL_emulation: eglMakeCurrent: 0xda21a360: ver 2 0 (tinfo 0xda20f590)
09-07 03:55:02.536  2666  2666 I dnsi    : onPause
09-07 03:55:02.540  2182  2468 D EGL_emulation: eglMakeCurrent: 0xda21a360: ver 2 0 (tinfo 0xda20f590)
09-07 03:55:02.543  2182  2182 W View    : requestLayout() improperly called by com.android.keyguard.AlphaOptimizedLinearLayout{551c6d8 V.E...... ......ID 7,0-48,61 #7f0a041c app:id/wifi_group} during second layout pass: posting in next frame
09-07 03:55:02.554  2182  2182 W View    : requestLayout() improperly called by StatusBarIconView(slot=mobile icon=null notification=null) during layout: running second layout pass
09-07 03:55:02.567  2666  3026 V ClearcutMetricXmitter: Transmission is done.
09-07 03:55:02.592  8176  8176 I Finsky  : [2] yxo.onStartJob(132): SCH: job service start with id 9090.
09-07 03:55:02.599  8176 15389 I Finsky  : [828] yvx.a(769): SCH: Satisfied jobs for 9090 are: 12-1
09-07 03:55:02.600  8176 15752 I Finsky  : [835] ywl.accept(764): SCH: Job 12-1 starting
09-07 03:55:02.602  8176  8176 I Finsky  : [2] ContentSyncJob.v(14): [ContentSync] job started
09-07 03:55:02.627  1774  1973 I netd    : trafficSwapActiveStatsMap() <41.37ms>
09-07 03:55:02.631  1774  1973 I netd    : tetherGetStats() <1.53ms>
09-07 03:55:02.655  1774  1973 I netd    : bandwidthSetGlobalAlert(2097152) <2.11ms>
09-07 03:55:02.660  1823  1897 E SurfaceFlinger: ro.sf.lcd_density must be defined as a build property
09-07 03:55:02.660  1823  1897 E SurfaceFlinger: ro.sf.lcd_density must be defined as a build property
09-07 03:55:02.667 15721 15759 D libEGL  : Emulator has host GPU support, qemu.gles is set to 1.
09-07 03:55:02.668 15721 15759 W libc    : Unable to set property "qemu.gles" to "1": connection failed; errno=13 (Permission denied)
09-07 03:55:02.671 15721 15759 D libEGL  : loaded /vendor/lib/egl/libEGL_emulation.so
09-07 03:55:02.671 15721 15759 D libEGL  : loaded /vendor/lib/egl/libGLESv1_CM_emulation.so
09-07 03:55:02.672 15721 15759 D libEGL  : loaded /vendor/lib/egl/libGLESv2_emulation.so
09-07 03:55:02.665 15721 15721 W RenderThread: type=1400 audit(0.0:159): avc: denied { write } for name="property_service" dev="tmpfs" ino=6988 scontext=u:r:untrusted_app:s0:c135,c256,c512,c768 tcontext=u:object_r:property_socket:s0 tclass=sock_file permissive=0
09-07 03:55:02.703  2037  2310 I ActivityTaskManager: START u0 {act=android.intent.action.MAIN cat=[android.intent.category.LAUNCHER] cmp=ru.iteco.fmhandroid/.ui.AppActivity} from uid 10136
09-07 03:55:02.710  2037  4315 W InputReader: Device has associated, but no associated display id.
09-07 03:55:02.713  2037  4315 I chatty  : uid=1000(system) Binder:2037_11 identical 38 lines
09-07 03:55:02.713  2037  4315 W InputReader: Device has associated, but no associated display id.
09-07 03:55:02.713 15664 15664 W ActivityThread: handleWindowVisibility: no activity for token android.os.BinderProxy@dce2beb
09-07 03:55:02.719  2037  4315 W InputReader: Device has associated, but no associated display id.
09-07 03:55:02.722  2037  4315 I chatty  : uid=1000(system) Binder:2037_11 identical 18 lines
09-07 03:55:02.722  2037  4315 W InputReader: Device has associated, but no associated display id.
09-07 03:55:02.727  1823  2474 E SurfaceFlinger: ro.sf.lcd_density must be defined as a build property
09-07 03:55:02.728  1823  2474 E SurfaceFlinger: ro.sf.lcd_density must be defined as a build property
09-07 03:55:02.732  2666  2666 I dnsi    : onStop
09-07 03:55:02.734 15664 15761 D libEGL  : Emulator has host GPU support, qemu.gles is set to 1.
09-07 03:55:02.736 15664 15761 W libc    : Unable to set property "qemu.gles" to "1": connection failed; errno=13 (Permission denied)
09-07 03:55:02.725 15664 15664 W RenderThread: type=1400 audit(0.0:160): avc: denied { write } for name="property_service" dev="tmpfs" ino=6988 scontext=u:r:untrusted_app:s0:c136,c256,c512,c768 tcontext=u:object_r:property_socket:s0 tclass=sock_file permissive=0
09-07 03:55:02.767  1823  1823 W SurfaceFlinger: couldn't log to binary event log: overflow.
09-07 03:55:02.767  1823  1823 W SurfaceFlinger: couldn't log to binary event log: overflow.
09-07 03:55:02.808 15664 15761 D libEGL  : loaded /vendor/lib/egl/libEGL_emulation.so
09-07 03:55:02.809 15664 15761 D libEGL  : loaded /vendor/lib/egl/libGLESv1_CM_emulation.so
09-07 03:55:02.810 15664 15761 D libEGL  : loaded /vendor/lib/egl/libGLESv2_emulation.so
09-07 03:55:02.820 15664 15664 D LifecycleMonitor: Lifecycle status change: ru.iteco.fmhandroid.ui.AppActivity@bf025f4 in: PRE_ON_CREATE
09-07 03:55:02.821 15664 15664 V ActivityScenario: Activity lifecycle changed event received but ignored because the reported transition was not ON_CREATE while the last known transition was PRE_ON_CREATE
09-07 03:55:02.838 15664 15700 V FA      : onActivityCreated
09-07 03:55:02.844  8425  8425 D BoundBrokerSvc: onUnbind: Intent { act=com.google.android.gms.nearby.exposurenotification.START dat=chimera-action: cmp=com.google.android.gms/.chimera.PersistentApiServiceNoInstantApps }
09-07 03:55:02.862 15664 15664 W teco.fmhandroi: Accessing hidden method Landroid/view/View;->computeFitSystemWindows(Landroid/graphics/Rect;Landroid/graphics/Rect;)Z (greylist, reflection, allowed)
09-07 03:55:02.862 15664 15664 W teco.fmhandroi: Accessing hidden method Landroid/view/ViewGroup;->makeOptionalFitsSystemWindows()V (greylist, reflection, allowed)
09-07 03:55:02.866  8176 15755 I Finsky  : [838] tcy.p(41): Completed 0 account content syncs with 0 successful.
09-07 03:55:02.867  8176  8176 I Finsky  : [2] ContentSyncJob.a(14): [ContentSync] Installation state replication succeeded.
09-07 03:55:02.867  8176  8176 I Finsky  : [2] ywb.r(83): SCH: jobFinished: 12-1. TimeElapsed: 266ms.
09-07 03:55:02.888  8176  8252 I Finsky  : [587] xty.accept(378): SCH: Scheduling phonesky job Id: 1-1337, CT: 1694057295644, Constraints: [{ L: 30466985, D: 73666985, C: 1, I: 1, N: 1 }]
09-07 03:55:02.891  8176  8250 I Finsky  : [585] yew.apply(123): SCH: Scheduling 1 system job(s)
09-07 03:55:02.892  8176  8250 I Finsky  : [585] yvz.d(263): SCH: Scheduling system job Id: 9092, L: 28859738, D: 72059738, C: false, I: false, N: 1
09-07 03:55:02.897  8176 15752 I Finsky  : [835] yxo.a(17): SCH: job service finished with id 9090.
09-07 03:55:02.955  7867  7867 D BoundBrokerSvc: onUnbind: Intent { act=com.google.android.gms.feedback.internal.IFeedbackService dat=chimera-action: cmp=com.google.android.gms/.chimera.GmsBoundBrokerService }
09-07 03:55:02.986  1792  2272 E GnssHAL_GnssInterface: gnssSvStatusCb: a: input svInfo.flags is 8
09-07 03:55:02.986  1792  2272 E GnssHAL_GnssInterface: gnssSvStatusCb: b: input svInfo.flags is 8
09-07 03:55:03.000 15664 15664 D NetworkSecurityConfig: No Network Security Config specified, using platform default
09-07 03:55:03.011 15664 15664 W teco.fmhandroi: Accessing hidden method Ljava/lang/invoke/MethodHandles$Lookup;-><init>(Ljava/lang/Class;I)V (greylist, reflection, allowed)
09-07 03:55:03.112 15664 15664 D LifecycleMonitor: Lifecycle status change: ru.iteco.fmhandroid.ui.AppActivity@bf025f4 in: CREATED
09-07 03:55:03.112 15664 15664 V ActivityScenario: Update currentActivityStage to CREATED, currentActivity=ru.iteco.fmhandroid.ui.AppActivity@bf025f4
09-07 03:55:03.191 15664 15664 D LifecycleMonitor: Lifecycle status change: ru.iteco.fmhandroid.ui.AppActivity@bf025f4 in: STARTED
09-07 03:55:03.191 15664 15664 V ActivityScenario: Update currentActivityStage to STARTED, currentActivity=ru.iteco.fmhandroid.ui.AppActivity@bf025f4
09-07 03:55:03.195 15664 15664 D LifecycleMonitor: Lifecycle status change: ru.iteco.fmhandroid.ui.AppActivity@bf025f4 in: RESUMED
09-07 03:55:03.195 15664 15664 V ActivityScenario: Update currentActivityStage to RESUMED, currentActivity=ru.iteco.fmhandroid.ui.AppActivity@bf025f4
09-07 03:55:03.195 15664 15708 V FA      : Activity resumed, time: 1827087
09-07 03:55:03.203 15664 15700 W teco.fmhandroi: Accessing hidden method Lsun/misc/Unsafe;->compareAndSwapObject(Ljava/lang/Object;JLjava/lang/Object;Ljava/lang/Object;)Z (greylist, linking, allowed)
09-07 03:55:03.203 15664 15700 W teco.fmhandroi: Accessing hidden method Lsun/misc/Unsafe;->getObject(Ljava/lang/Object;J)Ljava/lang/Object; (greylist, linking, allowed)
09-07 03:55:03.206 15664 15708 I FA      : Tag Manager is not found and thus will not be used
09-07 03:55:03.207 15664 15709 W FileTestStorage: Output properties is not supported.
09-07 03:55:03.209 15664 15709 I Tracing : Tracer added: class androidx.test.platform.tracing.AndroidXTracer
09-07 03:55:03.228 15664 15709 D EventInjectionStrategy: Creating injection strategy with input manager.
09-07 03:55:03.228 15664 15709 W teco.fmhandroi: Accessing hidden method Landroid/hardware/input/InputManager;->getInstance()Landroid/hardware/input/InputManager; (greylist, reflection, allowed)
09-07 03:55:03.229 15664 15709 W teco.fmhandroi: Accessing hidden method Landroid/hardware/input/InputManager;->injectInputEvent(Landroid/view/InputEvent;I)Z (greylist, reflection, allowed)
09-07 03:55:03.229 15664 15709 W teco.fmhandroi: Accessing hidden field Landroid/hardware/input/InputManager;->INJECT_INPUT_EVENT_MODE_WAIT_FOR_FINISH:I (greylist, reflection, allowed)
09-07 03:55:03.258 15664 15760 D HostConnection: HostConnection::get() New Host Connection established 0xd6c2d0c0, tid 15760
09-07 03:55:03.265 15664 15760 D HostConnection: HostComposition ext ANDROID_EMU_CHECKSUM_HELPER_v1 ANDROID_EMU_dma_v1 ANDROID_EMU_direct_mem ANDROID_EMU_vulkan ANDROID_EMU_deferred_vulkan_commands ANDROID_EMU_vulkan_null_optional_strings ANDROID_EMU_vulkan_create_resources_with_requirements ANDROID_EMU_YUV420_888_to_NV21 ANDROID_EMU_YUV_Cache ANDROID_EMU_vulkan_free_memory_sync ANDROID_EMU_vulkan_shader_float16_int8 ANDROID_EMU_vulkan_async_queue_submit ANDROID_EMU_sync_buffer_data GL_OES_vertex_array_object GL_KHR_texture_compression_astc_ldr ANDROID_EMU_host_side_tracing ANDROID_EMU_gles_max_version_2 
09-07 03:55:03.272 15664 15760 W OpenGLRenderer: Failed to choose config with EGL_SWAP_BEHAVIOR_PRESERVED, retrying without...
09-07 03:55:03.279 15664 15760 D eglCodecCommon: setVertexArrayObject: set vao to 0 (0) 0 0
09-07 03:55:03.279 15664 15760 D EGL_emulation: eglCreateContext: 0xe22f9040: maj 2 min 0 rcv 2
09-07 03:55:03.279  7867 15503 V FA-SVC  : Logging event: origin=auto,name=screen_view(_vs),params=Bundle[{ga_event_origin(_o)=auto, ga_screen_class(_sc)=AppActivity, ga_screen_id(_si)=-908116792709221442}]
09-07 03:55:03.293  7867 15503 V FA-SVC  : Upload scheduled in approximately ms: 1933818
09-07 03:55:03.293  7867 15503 V FA-SVC  : Unscheduling upload
09-07 03:55:03.295  7867 15503 V FA-SVC  : Scheduling upload, millis: 1933818
09-07 03:55:03.296  7867 15503 V FA-SVC  : Background event processing time, ms: 21
09-07 03:55:03.303 15664 15760 D EGL_emulation: eglMakeCurrent: 0xe22f9040: ver 2 0 (tinfo 0xd6c902d0)
09-07 03:55:03.308  1793 14098 D gralloc_ranchu: gralloc_alloc: Creating ashmem region of size 9113600
09-07 03:55:03.311  1678  1678 I hwservicemanager: getTransport: Cannot find entry android.hardware.graphics.mapper@3.0::IMapper/default in either framework or device manifest.
09-07 03:55:03.311 15664 15760 W Gralloc3: mapper 3.x is not supported
09-07 03:55:03.313 15664 15760 D HostConnection: createUnique: call
09-07 03:55:03.313 15664 15760 D HostConnection: HostConnection::get() New Host Connection established 0xd6c2ec90, tid 15760
09-07 03:55:03.314 15664 15760 D HostConnection: HostComposition ext ANDROID_EMU_CHECKSUM_HELPER_v1 ANDROID_EMU_dma_v1 ANDROID_EMU_direct_mem ANDROID_EMU_vulkan ANDROID_EMU_deferred_vulkan_commands ANDROID_EMU_vulkan_null_optional_strings ANDROID_EMU_vulkan_create_resources_with_requirements ANDROID_EMU_YUV420_888_to_NV21 ANDROID_EMU_YUV_Cache ANDROID_EMU_vulkan_free_memory_sync ANDROID_EMU_vulkan_shader_float16_int8 ANDROID_EMU_vulkan_async_queue_submit ANDROID_EMU_sync_buffer_data GL_OES_vertex_array_object GL_KHR_texture_compression_astc_ldr ANDROID_EMU_host_side_tracing ANDROID_EMU_gles_max_version_2 
09-07 03:55:03.314 15664 15760 D eglCodecCommon: allocate: Ask for block of size 0x1000
09-07 03:55:03.314 15664 15760 D eglCodecCommon: allocate: ioctl allocate returned offset 0x3ff68a000 size 0x2000
09-07 03:55:03.316  1793 14098 D gralloc_ranchu: gralloc_alloc: Creating ashmem region of size 9113600
09-07 03:55:03.318  1793 14098 D gralloc_ranchu: gralloc_alloc: Creating ashmem region of size 9113600
09-07 03:55:03.319 15664 15760 D EGL_emulation: eglMakeCurrent: 0xe22f9040: ver 2 0 (tinfo 0xd6c902d0)
09-07 03:55:03.327 15664 15760 D eglCodecCommon: setVertexArrayObject: set vao to 0 (0) 1 0
09-07 03:55:03.379  2037  2065 I ActivityTaskManager: Displayed ru.iteco.fmhandroid/.ui.AppActivity: +972ms
09-07 03:55:03.391  2182  2182 W View    : requestLayout() improperly called by com.android.keyguard.AlphaOptimizedLinearLayout{551c6d8 V.E...... ......ID 7,0-48,61 #7f0a041c app:id/wifi_group} during second layout pass: posting in next frame
09-07 03:55:03.405  2182  2182 W View    : requestLayout() improperly called by StatusBarIconView(slot=mobile icon=null notification=null) during layout: running second layout pass
09-07 03:55:03.437 15664 15709 W FileTestStorage: Test input args is not supported.
09-07 03:55:03.437  2182  2182 W View    : requestLayout() improperly called by com.android.keyguard.AlphaOptimizedLinearLayout{551c6d8 V.E...... ......ID 7,0-48,61 #7f0a041c app:id/wifi_group} during second layout pass: posting in next frame
09-07 03:55:03.440  2182  2182 W View    : requestLayout() improperly called by StatusBarIconView(slot=mobile icon=null notification=null) during layout: running second layout pass
09-07 03:55:03.445 15664 15664 W teco.fmhandroi: Accessing hidden method Landroid/os/MessageQueue;->next()Landroid/os/Message; (greylist, reflection, allowed)
09-07 03:55:03.445 15664 15664 W teco.fmhandroi: Accessing hidden field Landroid/os/MessageQueue;->mMessages:Landroid/os/Message; (greylist, reflection, allowed)
09-07 03:55:03.445 15664 15664 W teco.fmhandroi: Accessing hidden method Landroid/os/Message;->recycleUnchecked()V (greylist, reflection, allowed)
09-07 03:55:03.446 15664 15709 W teco.fmhandroi: Accessing hidden method Lsun/misc/Unsafe;->getUnsafe()Lsun/misc/Unsafe; (greylist,core-platform-api, linking, allowed)
09-07 03:55:03.448 15664 15709 W teco.fmhandroi: Accessing hidden method Lsun/misc/Unsafe;->putObject(Ljava/lang/Object;JLjava/lang/Object;)V (greylist, linking, allowed)
09-07 03:55:03.450 15664 15709 W teco.fmhandroi: Accessing hidden method Lsun/misc/Unsafe;->compareAndSwapObject(Ljava/lang/Object;JLjava/lang/Object;Ljava/lang/Object;)Z (greylist, linking, allowed)
09-07 03:55:03.450 15664 15709 W teco.fmhandroi: Accessing hidden method Lsun/misc/Unsafe;->getObject(Ljava/lang/Object;J)Ljava/lang/Object; (greylist, linking, allowed)
09-07 03:55:03.451 15664 15664 W teco.fmhandroi: Accessing hidden method Landroid/view/WindowManagerGlobal;->getInstance()Landroid/view/WindowManagerGlobal; (greylist, reflection, allowed)
09-07 03:55:03.451 15664 15664 W teco.fmhandroi: Accessing hidden field Landroid/view/WindowManagerGlobal;->mViews:Ljava/util/ArrayList; (greylist, reflection, allowed)
09-07 03:55:03.451 15664 15664 W teco.fmhandroi: Accessing hidden field Landroid/view/WindowManagerGlobal;->mParams:Ljava/util/ArrayList; (greylist, reflection, allowed)
09-07 03:55:03.455 15664 15664 I ViewInteraction: Performing 'wait for a specific view with <an instance of android.widget.TextView and view.getText() with or without transformation to match: is "News"> during 10000 millis.' action on view view.getRootView() to equal view
09-07 03:55:03.462  2182  2182 W View    : requestLayout() improperly called by com.android.keyguard.AlphaOptimizedLinearLayout{551c6d8 V.E...... ......ID 7,0-48,61 #7f0a041c app:id/wifi_group} during second layout pass: posting in next frame
09-07 03:55:03.474  2182  2182 W View    : requestLayout() improperly called by StatusBarIconView(slot=mobile icon=null notification=null) during layout: running second layout pass
09-07 03:55:03.499  2182  2182 W View    : requestLayout() improperly called by com.android.keyguard.AlphaOptimizedLinearLayout{551c6d8 V.E...... ......ID 7,0-48,61 #7f0a041c app:id/wifi_group} during second layout pass: posting in next frame
09-07 03:55:03.512  2182  2182 W View    : requestLayout() improperly called by StatusBarIconView(slot=mobile icon=null notification=null) during layout: running second layout pass
09-07 03:55:03.532  2182  2182 W View    : requestLayout() improperly called by com.android.keyguard.AlphaOptimizedLinearLayout{551c6d8 V.E...... ......ID 7,0-48,61 #7f0a041c app:id/wifi_group} during second layout pass: posting in next frame
09-07 03:55:03.545  2182  2182 W View    : requestLayout() improperly called by StatusBarIconView(slot=mobile icon=null notification=null) during layout: running second layout pass
09-07 03:55:03.570  2182  2182 W View    : requestLayout() improperly called by com.android.keyguard.AlphaOptimizedLinearLayout{551c6d8 V.E...... ......ID 7,0-48,61 #7f0a041c app:id/wifi_group} during second layout pass: posting in next frame
09-07 03:55:03.581  2182  2182 W View    : requestLayout() improperly called by StatusBarIconView(slot=mobile icon=null notification=null) during layout: running second layout pass
09-07 03:55:03.603  2182  2182 W View    : requestLayout() improperly called by com.android.keyguard.AlphaOptimizedLinearLayout{551c6d8 V.E...... ......ID 7,0-48,61 #7f0a041c app:id/wifi_group} during second layout pass: posting in next frame
09-07 03:55:03.616  2182  2182 W View    : requestLayout() improperly called by StatusBarIconView(slot=mobile icon=null notification=null) during layout: running second layout pass
09-07 03:55:03.707  8425  8462 I FontLog : (REDACTED) Received query %s, URI %s
09-07 03:55:03.707  8425  8462 I FontLog : (REDACTED) Query [%s] resolved to %s
09-07 03:55:03.708  8425  8462 I FontLog : (REDACTED) Fetch %s end status %s
09-07 03:55:03.714  8425  8462 I FontLog : (REDACTED) Pulling font file for id = %d, cache size = %d
09-07 03:55:03.717  8425  8462 I FontLog : (REDACTED) Pulling font file for id = %d, cache size = %d
09-07 03:55:03.987  1792  2272 E GnssHAL_GnssInterface: gnssSvStatusCb: a: input svInfo.flags is 8
09-07 03:55:03.987  1792  2272 E GnssHAL_GnssInterface: gnssSvStatusCb: b: input svInfo.flags is 8
09-07 03:55:04.988  1792  2272 E GnssHAL_GnssInterface: gnssSvStatusCb: a: input svInfo.flags is 8
09-07 03:55:04.988  1792  2272 E GnssHAL_GnssInterface: gnssSvStatusCb: b: input svInfo.flags is 8
09-07 03:55:05.218  8425  8425 D BoundBrokerSvc: onUnbind: Intent { act=com.google.android.gms.presencemanager.service.START dat=chimera-action: cmp=com.google.android.gms/.chimera.PersistentApiService }
09-07 03:55:05.220  8425  8425 D BoundBrokerSvc: onUnbind: Intent { act=com.google.android.gms.presencemanager.service.INTERNAL_IDENTITY dat=chimera-action: cmp=com.google.android.gms/.chimera.PersistentApiService }
09-07 03:55:05.986  1792  2272 E GnssHAL_GnssInterface: gnssSvStatusCb: a: input svInfo.flags is 8
09-07 03:55:05.986  1792  2272 E GnssHAL_GnssInterface: gnssSvStatusCb: b: input svInfo.flags is 8
09-07 03:55:06.203 15664 15664 W teco.fmhandroi: Accessing hidden method Lsun/misc/Unsafe;->allocateInstance(Ljava/lang/Class;)Ljava/lang/Object; (greylist, reflection, allowed)
09-07 03:55:06.221 15664 15773 I okhttp.OkHttpClient: --> GET http://www.981757-ca08998.tmweb.ru:8080/fmh/authentication/userInfo
09-07 03:55:06.222 15664 15773 I okhttp.OkHttpClient: --> END GET
09-07 03:55:06.229  1774 15774 E ResolverController: No valid NAT64 prefix (101, <unspecified>/0)
09-07 03:55:06.540 15664 15773 I okhttp.OkHttpClient: <-- 200 http://www.981757-ca08998.tmweb.ru:8080/fmh/authentication/userInfo (317ms)
09-07 03:55:06.540 15664 15773 I okhttp.OkHttpClient: Vary: Origin
09-07 03:55:06.540 15664 15773 I okhttp.OkHttpClient: Vary: Access-Control-Request-Method
09-07 03:55:06.540 15664 15773 I okhttp.OkHttpClient: Vary: Access-Control-Request-Headers
09-07 03:55:06.540 15664 15773 I okhttp.OkHttpClient: X-Content-Type-Options: nosniff
09-07 03:55:06.540 15664 15773 I okhttp.OkHttpClient: X-XSS-Protection: 1; mode=block
09-07 03:55:06.540 15664 15773 I okhttp.OkHttpClient: Cache-Control: no-cache, no-store, max-age=0, must-revalidate
09-07 03:55:06.540 15664 15773 I okhttp.OkHttpClient: Pragma: no-cache
09-07 03:55:06.540 15664 15773 I okhttp.OkHttpClient: Expires: 0
09-07 03:55:06.540 15664 15773 I okhttp.OkHttpClient: X-Frame-Options: DENY
09-07 03:55:06.540 15664 15773 I okhttp.OkHttpClient: Content-Type: application/json
09-07 03:55:06.540 15664 15773 I okhttp.OkHttpClient: Transfer-Encoding: chunked
09-07 03:55:06.540 15664 15773 I okhttp.OkHttpClient: Date: Thu, 07 Sep 2023 03:55:06 GMT
09-07 03:55:06.540 15664 15773 I okhttp.OkHttpClient: Keep-Alive: timeout=60
09-07 03:55:06.540 15664 15773 I okhttp.OkHttpClient: Connection: keep-alive
09-07 03:55:06.542 15664 15773 I okhttp.OkHttpClient: {"id":1,"firstName":"Ivan","lastName":"Ivanov","middleName":"Ivanovich","admin":true}
09-07 03:55:06.542 15664 15773 I okhttp.OkHttpClient: <-- END HTTP (85-byte body)
09-07 03:55:06.558  2037  6130 D WificondControl: Scan result ready event
09-07 03:55:06.563  8425  8442 I ChimeraSrvcProxy: NullBinder for android.net.action.RECOMMEND_NETWORKS triggering remote TransactionTooLargeException due to Service without Chimera impl
09-07 03:55:06.573 15664 15777 I okhttp.OkHttpClient: --> GET http://www.981757-ca08998.tmweb.ru:8080/fmh/claims
09-07 03:55:06.573 15664 15777 I okhttp.OkHttpClient: --> END GET
09-07 03:55:06.883  2182  2182 W View    : requestLayout() improperly called by com.android.keyguard.AlphaOptimizedLinearLayout{551c6d8 V.E...... ......ID 7,0-48,61 #7f0a041c app:id/wifi_group} during second layout pass: posting in next frame
09-07 03:55:06.889 15664 15760 D EGL_emulation: eglMakeCurrent: 0xe22f9040: ver 2 0 (tinfo 0xd6c902d0)
09-07 03:55:06.892  1793 14098 D gralloc_ranchu: gralloc_alloc: Creating ashmem region of size 9850880
09-07 03:55:06.899  2182  2182 W View    : requestLayout() improperly called by StatusBarIconView(slot=mobile icon=null notification=null) during layout: running second layout pass
09-07 03:55:06.909 15664 15760 D EGL_emulation: eglMakeCurrent: 0xe22f9040: ver 2 0 (tinfo 0xd6c902d0)
09-07 03:55:06.986  1792  2272 E GnssHAL_GnssInterface: gnssSvStatusCb: a: input svInfo.flags is 8
09-07 03:55:06.987  1792  2272 E GnssHAL_GnssInterface: gnssSvStatusCb: b: input svInfo.flags is 8
09-07 03:55:07.085  1793 14098 D gralloc_ranchu: gralloc_alloc: Creating ashmem region of size 9850880
09-07 03:55:07.096 15664 15664 I ViewInteraction: Checking 'MatchesViewAssertion{viewMatcher=(view has effective visibility <VISIBLE> and view.getGlobalVisibleRect() to return non-empty rectangle)}' assertion on view an instance of android.widget.TextView and view.getText() with or without transformation to match: is "News"
09-07 03:55:07.098 15664 15709 W teco.fmhandroi: Accessing hidden method Lsun/misc/Unsafe;->compareAndSwapObject(Ljava/lang/Object;JLjava/lang/Object;Ljava/lang/Object;)Z (greylist, linking, allowed)
09-07 03:55:07.099 15664 15664 I ViewInteraction: Performing 'wait for a specific view with <view.getId() is <2131230951>> during 10000 millis.' action on view view.getRootView() to equal view
09-07 03:55:07.101 15664 15709 W teco.fmhandroi: Accessing hidden method Lsun/misc/Unsafe;->compareAndSwapObject(Ljava/lang/Object;JLjava/lang/Object;Ljava/lang/Object;)Z (greylist, linking, allowed)
09-07 03:55:07.104 15664 15664 I ViewInteraction: Checking 'MatchesViewAssertion{viewMatcher=(view has effective visibility <VISIBLE> and view.getGlobalVisibleRect() to return non-empty rectangle)}' assertion on view view.getId() is <2131230951/ru.iteco.fmhandroid:id/container_list_news_include_on_fragment_main>
09-07 03:55:07.105 15664 15709 W teco.fmhandroi: Accessing hidden method Lsun/misc/Unsafe;->compareAndSwapObject(Ljava/lang/Object;JLjava/lang/Object;Ljava/lang/Object;)Z (greylist, linking, allowed)
09-07 03:55:07.105 15664 15767 W teco.fmhandroi: Accessing hidden method Lsun/misc/Unsafe;->compareAndSwapObject(Ljava/lang/Object;JLjava/lang/Object;Ljava/lang/Object;)Z (greylist, linking, allowed)
09-07 03:55:07.107 15664 15664 I ViewInteraction: Performing 'wait for a specific view with <view.getId() is <2131230949>> during 10000 millis.' action on view view.getRootView() to equal view
09-07 03:55:07.107  1793 14098 D gralloc_ranchu: gralloc_alloc: Creating ashmem region of size 9850880
09-07 03:55:07.109 15664 15709 W teco.fmhandroi: Accessing hidden method Lsun/misc/Unsafe;->compareAndSwapObject(Ljava/lang/Object;JLjava/lang/Object;Ljava/lang/Object;)Z (greylist, linking, allowed)
09-07 03:55:07.109 15664 15767 W teco.fmhandroi: Accessing hidden method Lsun/misc/Unsafe;->compareAndSwapObject(Ljava/lang/Object;JLjava/lang/Object;Ljava/lang/Object;)Z (greylist, linking, allowed)
09-07 03:55:07.112 15664 15664 I ViewInteraction: Checking 'MatchesViewAssertion{viewMatcher=(view has effective visibility <VISIBLE> and view.getGlobalVisibleRect() to return non-empty rectangle)}' assertion on view view.getId() is <2131230949/ru.iteco.fmhandroid:id/container_list_claim_include_on_fragment_main>
09-07 03:55:07.113 15664 15709 W teco.fmhandroi: Accessing hidden method Lsun/misc/Unsafe;->compareAndSwapObject(Ljava/lang/Object;JLjava/lang/Object;Ljava/lang/Object;)Z (greylist, linking, allowed)
09-07 03:55:07.116 15664 15664 I ViewInteraction: Performing 'wait for a specific view with <an instance of android.widget.TextView and view.getText() with or without transformation to match: is "Claims"> during 10000 millis.' action on view view.getRootView() to equal view
09-07 03:55:07.121 15664 15664 I ViewInteraction: Checking 'MatchesViewAssertion{viewMatcher=(view has effective visibility <VISIBLE> and view.getGlobalVisibleRect() to return non-empty rectangle)}' assertion on view an instance of android.widget.TextView and view.getText() with or without transformation to match: is "Claims"
09-07 03:55:07.122 15664 15767 W teco.fmhandroi: Accessing hidden method Lsun/misc/Unsafe;->compareAndSwapObject(Ljava/lang/Object;JLjava/lang/Object;Ljava/lang/Object;)Z (greylist, linking, allowed)
09-07 03:55:07.124 15664 15664 I ViewInteraction: Performing 'wait for a specific view with <view.getId() is <2131231123>> during 10000 millis.' action on view view.getRootView() to equal view
09-07 03:55:07.129 15664 15709 W teco.fmhandroi: Accessing hidden method Landroid/view/ViewConfiguration;->getDoubleTapMinTime()I (greylist, reflection, allowed)
09-07 03:55:07.133 15664 15709 W teco.fmhandroi: Accessing hidden method Lsun/misc/Unsafe;->compareAndSwapObject(Ljava/lang/Object;JLjava/lang/Object;Ljava/lang/Object;)Z (greylist, linking, allowed)
09-07 03:55:07.136 15664 15664 I ViewInteraction: Performing 'single click' action on view view.getId() is <2131231123/ru.iteco.fmhandroid:id/main_menu_image_button>
09-07 03:55:07.458  1781  6116 W audio_hw_generic: Not supplying enough data to HAL, expected position 28702083 , only wrote 28701942
09-07 03:55:07.494  1793 14098 D gralloc_ranchu: gralloc_alloc: Creating ashmem region of size 2015232
09-07 03:55:07.499  1793 14098 I chatty  : uid=1000(system) HwBinder:1793_3 identical 1 line
09-07 03:55:07.500  1793 14098 D gralloc_ranchu: gralloc_alloc: Creating ashmem region of size 2015232
09-07 03:55:07.527 15664 15760 D EGL_emulation: eglMakeCurrent: 0xe22f9040: ver 2 0 (tinfo 0xd6c902d0)
09-07 03:55:07.566  2434  2940 E ActivityThread: Failed to find provider info for com.google.android.apps.wellbeing.api
09-07 03:55:07.566 15664 15760 I chatty  : uid=10136(ru.iteco.fmhandroid) RenderThread identical 2 lines
09-07 03:55:07.581 15664 15760 D EGL_emulation: eglMakeCurrent: 0xe22f9040: ver 2 0 (tinfo 0xd6c902d0)
09-07 03:55:07.812 15664 15709 W teco.fmhandroi: Accessing hidden method Lsun/misc/Unsafe;->compareAndSwapObject(Ljava/lang/Object;JLjava/lang/Object;Ljava/lang/Object;)Z (greylist, linking, allowed)
09-07 03:55:07.813 15664 15664 I ViewInteraction: Performing 'wait for a specific view with <an instance of android.widget.TextView and view.getText() with or without transformation to match: is "Claims"> during 10000 millis.' action on view view.getRootView() to equal view
09-07 03:55:07.815 15664 15664 I ViewInteraction: Performing 'single click' action on view an instance of android.widget.TextView and view.getText() with or without transformation to match: is "Claims"
09-07 03:55:07.876 15664 15760 D EGL_emulation: eglMakeCurrent: 0xe22f9040: ver 2 0 (tinfo 0xd6c902d0)
09-07 03:55:07.958 15664 15787 I okhttp.OkHttpClient: --> GET http://www.981757-ca08998.tmweb.ru:8080/fmh/claims
09-07 03:55:07.958 15664 15787 I okhttp.OkHttpClient: --> END GET
09-07 03:55:07.986  1792  2272 E GnssHAL_GnssInterface: gnssSvStatusCb: a: input svInfo.flags is 8
09-07 03:55:07.986  1792  2272 E GnssHAL_GnssInterface: gnssSvStatusCb: b: input svInfo.flags is 8
09-07 03:55:08.011 15664 15760 D EGL_emulation: eglMakeCurrent: 0xe22f9040: ver 2 0 (tinfo 0xd6c902d0)
09-07 03:55:08.026 15664 15760 D EGL_emulation: eglMakeCurrent: 0xe22f9040: ver 2 0 (tinfo 0xd6c902d0)
09-07 03:55:08.204 15664 15664 I ViewInteraction: Performing 'wait for a specific view with <view.getId() is <2131230849>> during 10000 millis.' action on view view.getRootView() to equal view
09-07 03:55:08.205 15664 15709 W teco.fmhandroi: Accessing hidden method Lsun/misc/Unsafe;->compareAndSwapObject(Ljava/lang/Object;JLjava/lang/Object;Ljava/lang/Object;)Z (greylist, linking, allowed)
09-07 03:55:08.207 15664 15664 I ViewInteraction: Performing 'single click' action on view view.getId() is <2131230849/ru.iteco.fmhandroid:id/add_new_claim_material_button>
09-07 03:55:08.268 15664 15773 I okhttp.OkHttpClient: --> GET http://www.981757-ca08998.tmweb.ru:8080/fmh/users
09-07 03:55:08.268 15664 15773 I okhttp.OkHttpClient: --> END GET
09-07 03:55:08.281 15664 15708 V FA      : Inactivity, disconnecting from the service
09-07 03:55:08.423 15664 15773 I okhttp.OkHttpClient: <-- 200 http://www.981757-ca08998.tmweb.ru:8080/fmh/users (155ms)
09-07 03:55:08.423 15664 15773 I okhttp.OkHttpClient: Vary: Origin
09-07 03:55:08.423 15664 15773 I okhttp.OkHttpClient: Vary: Access-Control-Request-Method
09-07 03:55:08.424 15664 15773 I okhttp.OkHttpClient: Vary: Access-Control-Request-Headers
09-07 03:55:08.424 15664 15773 I okhttp.OkHttpClient: X-Content-Type-Options: nosniff
09-07 03:55:08.424 15664 15773 I okhttp.OkHttpClient: X-XSS-Protection: 1; mode=block
09-07 03:55:08.424 15664 15773 I okhttp.OkHttpClient: Cache-Control: no-cache, no-store, max-age=0, must-revalidate
09-07 03:55:08.424 15664 15773 I okhttp.OkHttpClient: Pragma: no-cache
09-07 03:55:08.424 15664 15773 I okhttp.OkHttpClient: Expires: 0
09-07 03:55:08.424 15664 15773 I okhttp.OkHttpClient: X-Frame-Options: DENY
09-07 03:55:08.424 15664 15773 I okhttp.OkHttpClient: Content-Type: application/json
09-07 03:55:08.424 15664 15773 I okhttp.OkHttpClient: Transfer-Encoding: chunked
09-07 03:55:08.424 15664 15773 I okhttp.OkHttpClient: Date: Thu, 07 Sep 2023 03:55:09 GMT
09-07 03:55:08.424 15664 15773 I okhttp.OkHttpClient: Keep-Alive: timeout=60
09-07 03:55:08.424 15664 15773 I okhttp.OkHttpClient: Connection: keep-alive
09-07 03:55:08.425 15664 15773 I okhttp.OkHttpClient: [{"id":1,"firstName":"Ivan","lastName":"Ivanov","middleName":"Ivanovich","admin":true}]
09-07 03:55:08.425 15664 15773 I okhttp.OkHttpClient: <-- END HTTP (87-byte body)
