09-07 03:55:13.022 15664 15664 W System.err: 	at androidx.fragment.app.Fragment.performDestroy(Fragment.java:3246)
09-07 03:55:13.022 15664 15664 W System.err: 	at androidx.fragment.app.FragmentStateManager.destroy(FragmentStateManager.java:780)
09-07 03:55:13.022 15664 15664 W System.err: 	at androidx.fragment.app.FragmentStateManager.moveToExpectedState(FragmentStateManager.java:335)
09-07 03:55:13.022 15664 15664 W System.err: 	at androidx.fragment.app.SpecialEffectsController$FragmentStateManagerOperation.complete(SpecialEffectsController.java:771)
09-07 03:55:13.022 15664 15664 W System.err: 	at androidx.fragment.app.SpecialEffectsController$Operation.cancel(SpecialEffectsController.java:615)
09-07 03:55:13.022 15664 15664 W System.err: 	at androidx.fragment.app.SpecialEffectsController.forceCompleteAllOperations(SpecialEffectsController.java:350)
09-07 03:55:13.023 15664 15664 W System.err: 	at androidx.fragment.app.FragmentManager.dispatchStateChange(FragmentManager.java:2844)
09-07 03:55:13.023 15664 15664 W System.err: 	at androidx.fragment.app.FragmentManager.dispatchDestroy(FragmentManager.java:2820)
09-07 03:55:13.023 15664 15664 W System.err: 	at androidx.fragment.app.FragmentController.dispatchDestroy(FragmentController.java:345)
09-07 03:55:13.023 15664 15664 W System.err: 	at androidx.fragment.app.FragmentActivity.onDestroy(FragmentActivity.java:306)
09-07 03:55:13.023 15664 15664 W System.err: 	at androidx.appcompat.app.AppCompatActivity.onDestroy(AppCompatActivity.java:278)
09-07 03:55:13.023 15664 15664 W System.err: 	at android.app.Activity.performDestroy(Activity.java:8048)
09-07 03:55:13.023 15664 15664 W System.err: 	at android.app.Instrumentation.callActivityOnDestroy(Instrumentation.java:1334)
09-07 03:55:13.023 15664 15664 W System.err: 	at androidx.test.runner.MonitoringInstrumentation.callActivityOnDestroy(MonitoringInstrumentation.java:766)
09-07 03:55:13.023 15664 15664 W System.err: 	at android.app.ActivityThread.performDestroyActivity(ActivityThread.java:4926)
09-07 03:55:13.023 15664 15664 W System.err: 	at android.app.ActivityThread.handleDestroyActivity(ActivityThread.java:4970)
09-07 03:55:13.023 15664 15664 W System.err: 	at android.app.servertransaction.DestroyActivityItem.execute(DestroyActivityItem.java:44)
09-07 03:55:13.023 15664 15664 W System.err: 	at android.app.servertransaction.TransactionExecutor.executeLifecycleState(TransactionExecutor.java:176)
09-07 03:55:13.023 15664 15664 W System.err: 	at android.app.servertransaction.TransactionExecutor.execute(TransactionExecutor.java:97)
09-07 03:55:13.023 15664 15664 W System.err: 	at android.app.ActivityThread$H.handleMessage(ActivityThread.java:2016)
09-07 03:55:13.023 15664 15664 W System.err: 	at android.os.Handler.dispatchMessage(Handler.java:107)
09-07 03:55:13.023 15664 15664 W System.err: 	at android.os.Looper.loop(Looper.java:214)
09-07 03:55:13.023 15664 15664 W System.err: 	at android.app.ActivityThread.main(ActivityThread.java:7356)
09-07 03:55:13.024 15664 15664 W System.err: 	at java.lang.reflect.Method.invoke(Native Method)
09-07 03:55:13.024 15664 15664 W System.err: 	at com.android.internal.os.RuntimeInit$MethodAndArgsCaller.run(RuntimeInit.java:492)
09-07 03:55:13.024 15664 15664 W System.err: 	at com.android.internal.os.ZygoteInit.main(ZygoteInit.java:930)
09-07 03:55:13.025  2037  2037 W ActivityManager: Unable to start service Intent { act=android.service.appprediction.AppPredictionService cmp=com.google.android.as/com.google.android.apps.miphone.aiai.app.AiAiPredictionService } U=0: not found
09-07 03:55:13.025  2037  2037 W RemoteAppPredictionService: could not bind to Intent { act=android.service.appprediction.AppPredictionService cmp=com.google.android.as/com.google.android.apps.miphone.aiai.app.AiAiPredictionService } using flags 67108865
09-07 03:55:13.027 15664 15664 W System.err: ru.iteco.fmhandroid.exceptions.UnknownException
09-07 03:55:13.028 15664 15664 W System.err: 	at ru.iteco.fmhandroid.utils.Utils.makeRequest(Utils.kt:123)
09-07 03:55:13.028 15664 15664 W System.err: 	at ru.iteco.fmhandroid.utils.Utils$makeRequest$1.invokeSuspend(Unknown Source:15)
09-07 03:55:13.028 15664 15664 W System.err: 	at kotlin.coroutines.jvm.internal.BaseContinuationImpl.resumeWith(ContinuationImpl.kt:33)
09-07 03:55:13.028 15664 15664 W System.err: 	at kotlinx.coroutines.DispatchedTaskKt.resume(DispatchedTask.kt:234)
09-07 03:55:13.028 15664 15664 W System.err: 	at kotlinx.coroutines.DispatchedTaskKt.resumeUnconfined(DispatchedTask.kt:190)
09-07 03:55:13.033  1793 14098 D gralloc_ranchu: gralloc_alloc: Creating ashmem region of size 9850880
09-07 03:55:13.035 15664 15777 I okhttp.OkHttpClient: <-- HTTP FAILED: java.net.SocketException: Socket closed
09-07 03:55:13.036  1793 14098 D gralloc_ranchu: gralloc_alloc: Creating ashmem region of size 9850880
09-07 03:55:13.036 15664 15664 W System.err: 	at kotlinx.coroutines.DispatchedTaskKt.dispatch(DispatchedTask.kt:161)
09-07 03:55:13.036 15664 15664 W System.err: 	at kotlinx.coroutines.CancellableContinuationImpl.dispatchResume(CancellableContinuationImpl.kt:397)
09-07 03:55:13.036 15664 15664 W System.err: 	at kotlinx.coroutines.CancellableContinuationImpl.cancel(CancellableContinuationImpl.kt:183)
09-07 03:55:13.036 15664 15664 W System.err: 	at kotlinx.coroutines.CancellableContinuationImpl.parentCancelled$kotlinx_coroutines_core(CancellableContinuationImpl.kt:190)
09-07 03:55:13.037  1793  2554 D gralloc_ranchu: gralloc_alloc: Creating ashmem region of size 9850880
09-07 03:55:13.036 15664 15664 W System.err: 	at kotlinx.coroutines.ChildContinuation.invoke(JobSupport.kt:1474)
09-07 03:55:13.038 15664 15664 W System.err: 	at kotlinx.coroutines.JobSupport.notifyCancelling(JobSupport.kt:1499)
09-07 03:55:13.038 15664 15664 W System.err: 	at kotlinx.coroutines.JobSupport.tryMakeCancelling(JobSupport.kt:795)
09-07 03:55:13.038 15664 15664 W System.err: 	at kotlinx.coroutines.JobSupport.makeCancelling(JobSupport.kt:755)
09-07 03:55:13.038 15664 15664 W System.err: 	at kotlinx.coroutines.JobSupport.cancelImpl$kotlinx_coroutines_core(JobSupport.kt:671)
09-07 03:55:13.038 15664 15664 W System.err: 	at kotlinx.coroutines.JobSupport.parentCancelled(JobSupport.kt:637)
09-07 03:55:13.038 15664 15664 W System.err: 	at kotlinx.coroutines.ChildHandleNode.invoke(JobSupport.kt:1465)
09-07 03:55:13.038 15664 15664 W System.err: 	at kotlinx.coroutines.JobSupport.notifyCancelling(JobSupport.kt:1499)
09-07 03:55:13.038 15664 15664 W System.err: 	at kotlinx.coroutines.JobSupport.tryMakeCompletingSlowPath(JobSupport.kt:900)
09-07 03:55:13.038 15664 15664 W System.err: 	at kotlinx.coroutines.JobSupport.tryMakeCompleting(JobSupport.kt:863)
09-07 03:55:13.038 15664 15664 W System.err: 	at kotlinx.coroutines.JobSupport.cancelMakeCompleting(JobSupport.kt:696)
09-07 03:55:13.038 15664 15664 W System.err: 	at kotlinx.coroutines.JobSupport.cancelImpl$kotlinx_coroutines_core(JobSupport.kt:667)
09-07 03:55:13.038 15664 15664 W System.err: 	at kotlinx.coroutines.JobSupport.cancelInternal(JobSupport.kt:632)
09-07 03:55:13.038 15664 15664 W System.err: 	at kotlinx.coroutines.JobSupport.cancel(JobSupport.kt:617)
09-07 03:55:13.038 15664 15664 W System.err: 	at kotlinx.coroutines.JobKt__JobKt.cancel(Job.kt:561)
09-07 03:55:13.039 15664 15664 W System.err: 	at kotlinx.coroutines.JobKt.cancel(Unknown Source:1)
09-07 03:55:13.039 15664 15664 W System.err: 	at kotlinx.coroutines.JobKt__JobKt.cancel$default(Job.kt:560)
09-07 03:55:13.039 15664 15664 W System.err: 	at kotlinx.coroutines.JobKt.cancel$default(Unknown Source:1)
09-07 03:55:13.039 15664 15664 W System.err: 	at androidx.lifecycle.CloseableCoroutineScope.close(ViewModel.kt:51)
09-07 03:55:13.039 15664 15664 W System.err: 	at androidx.lifecycle.ViewModel.closeWithRuntimeException(ViewModel.java:188)
09-07 03:55:13.039 15664 15664 W System.err: 	at androidx.lifecycle.ViewModel.clear(ViewModel.java:134)
09-07 03:55:13.039 15664 15664 W System.err: 	at androidx.lifecycle.ViewModelStore.clear(ViewModelStore.java:62)
09-07 03:55:13.039 15664 15664 W System.err: 	at androidx.fragment.app.FragmentManagerViewModel.clearNonConfigStateInternal(FragmentManagerViewModel.java:210)
09-07 03:55:13.039 15664 15664 W System.err: 	at androidx.fragment.app.FragmentManagerViewModel.clearNonConfigState(FragmentManagerViewModel.java:190)
09-07 03:55:13.039 15664 15664 W System.err: 	at androidx.fragment.app.FragmentStateManager.destroy(FragmentStateManager.java:778)
09-07 03:55:13.039 15664 15664 W System.err: 	at androidx.fragment.app.FragmentStateManager.moveToExpectedState(FragmentStateManager.java:335)
09-07 03:55:13.039 15664 15664 W System.err: 	at androidx.fragment.app.FragmentStore.moveToExpectedState(FragmentStore.java:113)
09-07 03:55:13.039 15664 15664 W System.err: 	at androidx.fragment.app.FragmentManager.moveToState(FragmentManager.java:1374)
09-07 03:55:13.039 15664 15664 W System.err: 	at androidx.fragment.app.FragmentManager.dispatchStateChange(FragmentManager.java:2841)
09-07 03:55:13.039 15664 15664 W System.err: 	at androidx.fragment.app.FragmentManager.dispatchDestroy(FragmentManager.java:2820)
09-07 03:55:13.039 15664 15664 W System.err: 	at androidx.fragment.app.Fragment.performDestroy(Fragment.java:3246)
09-07 03:55:13.039 15664 15664 W System.err: 	at androidx.fragment.app.FragmentStateManager.destroy(FragmentStateManager.java:780)
09-07 03:55:13.039 15664 15664 W System.err: 	at androidx.fragment.app.FragmentStateManager.moveToExpectedState(FragmentStateManager.java:335)
09-07 03:55:13.040 15664 15664 W System.err: 	at androidx.fragment.app.SpecialEffectsController$FragmentStateManagerOperation.complete(SpecialEffectsController.java:771)
09-07 03:55:13.040 15664 15664 W System.err: 	at androidx.fragment.app.SpecialEffectsController$Operation.cancel(SpecialEffectsController.java:615)
09-07 03:55:13.040 15664 15664 W System.err: 	at androidx.fragment.app.SpecialEffectsController.forceCompleteAllOperations(SpecialEffectsController.java:350)
09-07 03:55:13.040 15664 15664 W System.err: 	at androidx.fragment.app.FragmentManager.dispatchStateChange(FragmentManager.java:2844)
09-07 03:55:13.040 15664 15664 W System.err: 	at androidx.fragment.app.FragmentManager.dispatchDestroy(FragmentManager.java:2820)
09-07 03:55:13.040 15664 15664 W System.err: 	at androidx.fragment.app.FragmentController.dispatchDestroy(FragmentController.java:345)
09-07 03:55:13.040 15664 15664 W System.err: 	at androidx.fragment.app.FragmentActivity.onDestroy(FragmentActivity.java:306)
09-07 03:55:13.040 15664 15664 W System.err: 	at androidx.appcompat.app.AppCompatActivity.onDestroy(AppCompatActivity.java:278)
09-07 03:55:13.040 15664 15664 W System.err: 	at android.app.Activity.performDestroy(Activity.java:8048)
09-07 03:55:13.040  2434  2714 D EGL_emulation: eglMakeCurrent: 0xed453b60: ver 2 0 (tinfo 0xe233a960)
09-07 03:55:13.041 15664 15664 W System.err: 	at android.app.Instrumentation.callActivityOnDestroy(Instrumentation.java:1334)
09-07 03:55:13.041 15664 15664 W System.err: 	at androidx.test.runner.MonitoringInstrumentation.callActivityOnDestroy(MonitoringInstrumentation.java:766)
09-07 03:55:13.041 15664 15664 W System.err: 	at android.app.ActivityThread.performDestroyActivity(ActivityThread.java:4926)
09-07 03:55:13.041 15664 15664 W System.err: 	at android.app.ActivityThread.handleDestroyActivity(ActivityThread.java:4970)
09-07 03:55:13.041 15664 15664 W System.err: 	at android.app.servertransaction.DestroyActivityItem.execute(DestroyActivityItem.java:44)
09-07 03:55:13.041 15664 15664 W System.err: 	at android.app.servertransaction.TransactionExecutor.executeLifecycleState(TransactionExecutor.java:176)
09-07 03:55:13.041 15664 15664 W System.err: 	at android.app.servertransaction.TransactionExecutor.execute(TransactionExecutor.java:97)
09-07 03:55:13.041 15664 15664 W System.err: 	at android.app.ActivityThread$H.handleMessage(ActivityThread.java:2016)
09-07 03:55:13.041 15664 15664 W System.err: 	at android.os.Handler.dispatchMessage(Handler.java:107)
09-07 03:55:13.041 15664 15664 W System.err: 	at android.os.Looper.loop(Looper.java:214)
09-07 03:55:13.041 15664 15664 W System.err: 	at android.app.ActivityThread.main(ActivityThread.java:7356)
09-07 03:55:13.042 15664 15664 W System.err: 	at java.lang.reflect.Method.invoke(Native Method)
09-07 03:55:13.042 15664 15664 W System.err: 	at com.android.internal.os.RuntimeInit$MethodAndArgsCaller.run(RuntimeInit.java:492)
09-07 03:55:13.042 15664 15664 W System.err: 	at com.android.internal.os.ZygoteInit.main(ZygoteInit.java:930)
09-07 03:55:13.042  1793  2554 D gralloc_ranchu: gralloc_alloc: Creating ashmem region of size 9850880
09-07 03:55:13.043  2666  2666 I dnsi    : onStart
09-07 03:55:13.050  2666  2666 I dnsi    : onResume
09-07 03:55:13.075  2037  2061 W InputReader: Device has associated, but no associated display id.
09-07 03:55:13.075  2037  2061 I chatty  : uid=1000(system) android.anim identical 8 lines
09-07 03:55:13.075  2037  2061 W InputReader: Device has associated, but no associated display id.
09-07 03:55:13.076 15664 15664 D LifecycleMonitor: Lifecycle status change: ru.iteco.fmhandroid.ui.AppActivity@bf025f4 in: DESTROYED
09-07 03:55:13.076 15664 15664 V ActivityScenario: Update currentActivityStage to DESTROYED, currentActivity=null
09-07 03:55:13.078  1793  2554 D gralloc_ranchu: gralloc_alloc: Creating ashmem region of size 6307840
09-07 03:55:13.083  2182  2468 D EGL_emulation: eglMakeCurrent: 0xda21a360: ver 2 0 (tinfo 0xda20f590)
09-07 03:55:13.083  2182  2182 W View    : requestLayout() improperly called by com.android.keyguard.AlphaOptimizedLinearLayout{551c6d8 V.E...... ......ID 7,0-48,61 #7f0a041c app:id/wifi_group} during second layout pass: posting in next frame
09-07 03:55:13.100  2037  5599 D HostConnection: HostConnection::get() New Host Connection established 0xda23f020, tid 5599
09-07 03:55:13.103  2037  5599 D HostConnection: HostComposition ext ANDROID_EMU_CHECKSUM_HELPER_v1 ANDROID_EMU_dma_v1 ANDROID_EMU_direct_mem ANDROID_EMU_vulkan ANDROID_EMU_deferred_vulkan_commands ANDROID_EMU_vulkan_null_optional_strings ANDROID_EMU_vulkan_create_resources_with_requirements ANDROID_EMU_YUV420_888_to_NV21 ANDROID_EMU_YUV_Cache ANDROID_EMU_vulkan_free_memory_sync ANDROID_EMU_vulkan_shader_float16_int8 ANDROID_EMU_vulkan_async_queue_submit ANDROID_EMU_sync_buffer_data GL_OES_vertex_array_object GL_KHR_texture_compression_astc_ldr ANDROID_EMU_host_side_tracing ANDROID_EMU_gles_max_version_2 
09-07 03:55:13.104 15721 15757 D EGL_emulation: eglMakeCurrent: 0xe22f7300: ver 2 0 (tinfo 0xed489330)
09-07 03:55:13.105  2182  2182 W View    : requestLayout() improperly called by StatusBarIconView(slot=mobile icon=null notification=null) during layout: running second layout pass
09-07 03:55:13.105  2037  5599 W OpenGLRenderer: Failed to choose config with EGL_SWAP_BEHAVIOR_PRESERVED, retrying without...
09-07 03:55:13.114  2037  5599 D eglCodecCommon: setVertexArrayObject: set vao to 0 (0) 0 0
09-07 03:55:13.114  2182  2468 D EGL_emulation: eglMakeCurrent: 0xda21a360: ver 2 0 (tinfo 0xda20f590)
09-07 03:55:13.115  2037  5599 D EGL_emulation: eglCreateContext: 0xa7a623a0: maj 2 min 0 rcv 2
09-07 03:55:13.133  1823  1823 E Layer   : [Surface(name=AppWindowToken{459e199 token=Token{b961ae0 ActivityRecord{53be0e3 u0 com.google.android.apps.nexuslauncher/.NexusLauncherActivity t652}}})/@0xafc1306 - animation-leash#0] No local sync point found
09-07 03:55:13.133  1823  1823 E Layer   : [Surface(name=AppWindowToken{a00906a token=Token{bdbee55 ActivityRecord{f71b50c u0 ru.iteco.fmhandroid.test/androidx.test.core.app.InstrumentationActivityInvoker$EmptyActivity t694}}})/@0x5cb1079 - animation-leash#0] No local sync point found
09-07 03:55:13.175  2037  5599 D EGL_emulation: eglMakeCurrent: 0xa7a623a0: ver 2 0 (tinfo 0xba668ca0)
09-07 03:55:13.177  2434  2453 W System  : A resource failed to call release. 
