09-07 05:30:04.183  2845  2845 W System.err: 	at androidx.test.espresso.ViewInteraction.doPerform(ViewInteraction.java:25)
09-07 05:30:04.183  2845  2845 W System.err: 	at androidx.test.espresso.ViewInteraction.-$$Nest$mdoPerform(Unknown Source:0)
09-07 05:30:04.183  2845  2845 W System.err: 	at androidx.test.espresso.ViewInteraction$1.call(ViewInteraction.java:7)
09-07 05:30:04.183  2845  2845 W System.err: 	at androidx.test.espresso.ViewInteraction$1.call(ViewInteraction.java:1)
09-07 05:30:04.183  2845  2845 W System.err: 	at java.util.concurrent.FutureTask.run(FutureTask.java:266)
09-07 05:30:04.183  2845  2845 W System.err: 	at android.os.Handler.handleCallback(Handler.java:883)
09-07 05:30:04.183  2845  2845 W System.err: 	at android.os.Handler.dispatchMessage(Handler.java:100)
09-07 05:30:04.184  2845  2845 W System.err: 	at android.os.Looper.loop(Looper.java:214)
09-07 05:30:04.184  2845  2845 W System.err: 	at android.app.ActivityThread.main(ActivityThread.java:7356)
09-07 05:30:04.184  2845  2845 W System.err: 	at java.lang.reflect.Method.invoke(Native Method)
09-07 05:30:04.184  2845  2845 W System.err: 	at com.android.internal.os.RuntimeInit$MethodAndArgsCaller.run(RuntimeInit.java:492)
09-07 05:30:04.184  2845  2845 W System.err: 	at com.android.internal.os.ZygoteInit.main(ZygoteInit.java:930)
09-07 05:30:04.602  1792  2272 E GnssHAL_GnssInterface: gnssSvStatusCb: a: input svInfo.flags is 8
09-07 05:30:04.602  1792  2272 E GnssHAL_GnssInterface: gnssSvStatusCb: b: input svInfo.flags is 8
09-07 05:30:04.764  1781  1887 W audio_hw_generic: Not supplying enough data to HAL, expected position 71766732 , only wrote 71596876
09-07 05:30:05.603  1792  2272 E GnssHAL_GnssInterface: gnssSvStatusCb: a: input svInfo.flags is 8
09-07 05:30:05.603  1792  2272 E GnssHAL_GnssInterface: gnssSvStatusCb: b: input svInfo.flags is 8
09-07 05:30:06.603  1792  2272 E GnssHAL_GnssInterface: gnssSvStatusCb: a: input svInfo.flags is 8
09-07 05:30:06.603  1792  2272 E GnssHAL_GnssInterface: gnssSvStatusCb: b: input svInfo.flags is 8
09-07 05:30:07.604  1792  2272 E GnssHAL_GnssInterface: gnssSvStatusCb: a: input svInfo.flags is 8
09-07 05:30:07.604  1792  2272 E GnssHAL_GnssInterface: gnssSvStatusCb: b: input svInfo.flags is 8
09-07 05:30:08.603  1792  2272 E GnssHAL_GnssInterface: gnssSvStatusCb: a: input svInfo.flags is 8
09-07 05:30:08.604  1792  2272 E GnssHAL_GnssInterface: gnssSvStatusCb: b: input svInfo.flags is 8
09-07 05:30:09.502  2845  3035 I okhttp.OkHttpClient: <-- 200 http://www.981757-ca08998.tmweb.ru:8080/fmh/authentication/login (7874ms)
09-07 05:30:09.503  2845  3035 I okhttp.OkHttpClient: Vary: Origin
09-07 05:30:09.503  2845  3035 I okhttp.OkHttpClient: Vary: Access-Control-Request-Method
09-07 05:30:09.503  2845  3035 I okhttp.OkHttpClient: Vary: Access-Control-Request-Headers
09-07 05:30:09.504  2845  3035 I okhttp.OkHttpClient: X-Content-Type-Options: nosniff
09-07 05:30:09.504  2845  3035 I okhttp.OkHttpClient: X-XSS-Protection: 1; mode=block
09-07 05:30:09.507  2845  3035 I okhttp.OkHttpClient: Cache-Control: no-cache, no-store, max-age=0, must-revalidate
09-07 05:30:09.509  2845  3035 I okhttp.OkHttpClient: Pragma: no-cache
09-07 05:30:09.509  2845  3035 I okhttp.OkHttpClient: Expires: 0
09-07 05:30:09.509  2845  3035 I okhttp.OkHttpClient: X-Frame-Options: DENY
09-07 05:30:09.510  2845  3035 I okhttp.OkHttpClient: Content-Type: application/json
09-07 05:30:09.511  2845  3035 I okhttp.OkHttpClient: Transfer-Encoding: chunked
09-07 05:30:09.511  2845  3035 I okhttp.OkHttpClient: Date: Thu, 07 Sep 2023 05:30:10 GMT
09-07 05:30:09.511  2845  3035 I okhttp.OkHttpClient: Keep-Alive: timeout=60
09-07 05:30:09.511  2845  3035 I okhttp.OkHttpClient: Connection: keep-alive
09-07 05:30:09.513  2845  3035 I okhttp.OkHttpClient: {"accessToken":"eyJhbGciOiJIUzUxMiJ9.eyJzdWIiOiJsb2dpbjIiLCJqdGkiOiIxIiwiZXhwIjoxNjk0MTUxMDA5fQ.D4zowO4ocmWWyvMuVmKj_2eElXltLD_hbNAMRZdgnt4QLOVHR26XfzBZYaWajNUUWAC-zgO1Xy3jZE4LsXZMgw","refreshToken":"eyJhbGciOiJIUzUxMiJ9.eyJzdWIiOiJsb2dpbjIiLCJqdGkiOiIxIiwiZXhwIjoxNjk2NjU2NjA5fQ.EEA6LLUKPuFvfBAy6RjsznVLhiFIWfki0i1GKjPI5F6TShD2rRwlbgzGN5uzIiABdnz_fCu7nX6Gkif3MJYoGg"}
09-07 05:30:09.514  2845  3035 I okhttp.OkHttpClient: <-- END HTTP (368-byte body)
09-07 05:30:09.519  2845  2990 I okhttp.OkHttpClient: --> GET http://www.981757-ca08998.tmweb.ru:8080/fmh/authentication/userInfo
09-07 05:30:09.519  2845  2990 I okhttp.OkHttpClient: --> END GET
09-07 05:30:09.601  1792  2272 E GnssHAL_GnssInterface: gnssSvStatusCb: a: input svInfo.flags is 8
09-07 05:30:09.601  1792  2272 E GnssHAL_GnssInterface: gnssSvStatusCb: b: input svInfo.flags is 8
09-07 05:30:09.911  2845  2990 I okhttp.OkHttpClient: <-- 200 http://www.981757-ca08998.tmweb.ru:8080/fmh/authentication/userInfo (391ms)
09-07 05:30:09.911  2845  2990 I okhttp.OkHttpClient: Vary: Origin
09-07 05:30:09.912  2845  2990 I okhttp.OkHttpClient: Vary: Access-Control-Request-Method
09-07 05:30:09.912  2845  2990 I okhttp.OkHttpClient: Vary: Access-Control-Request-Headers
09-07 05:30:09.912  2845  2990 I okhttp.OkHttpClient: X-Content-Type-Options: nosniff
09-07 05:30:09.912  2845  2990 I okhttp.OkHttpClient: X-XSS-Protection: 1; mode=block
09-07 05:30:09.915  2845  2990 I okhttp.OkHttpClient: Cache-Control: no-cache, no-store, max-age=0, must-revalidate
09-07 05:30:09.915  2845  2990 I okhttp.OkHttpClient: Pragma: no-cache
09-07 05:30:09.916  2845  2990 I okhttp.OkHttpClient: Expires: 0
09-07 05:30:09.916  2845  2990 I okhttp.OkHttpClient: X-Frame-Options: DENY
09-07 05:30:09.916  2845  2990 I okhttp.OkHttpClient: Content-Type: application/json
09-07 05:30:09.916  2845  2990 I okhttp.OkHttpClient: Transfer-Encoding: chunked
09-07 05:30:09.917  2845  2990 I okhttp.OkHttpClient: Date: Thu, 07 Sep 2023 05:30:10 GMT
09-07 05:30:09.917  2845  2990 I okhttp.OkHttpClient: Keep-Alive: timeout=60
09-07 05:30:09.917  2845  2990 I okhttp.OkHttpClient: Connection: keep-alive
09-07 05:30:09.919  2845  2990 I okhttp.OkHttpClient: {"id":1,"firstName":"Ivan","lastName":"Ivanov","middleName":"Ivanovich","admin":true}
09-07 05:30:09.920  2845  2990 I okhttp.OkHttpClient: <-- END HTTP (85-byte body)
09-07 05:30:09.931  2845  4084 I okhttp.OkHttpClient: --> GET http://www.981757-ca08998.tmweb.ru:8080/fmh/claims
09-07 05:30:09.931  2845  4084 I okhttp.OkHttpClient: --> END GET
09-07 05:30:09.935  1774  4236 E ResolverController: No valid NAT64 prefix (101, <unspecified>/0)
09-07 05:30:10.030  2845  2845 I ViewInteraction: Checking 'MatchesViewAssertion{viewMatcher=(view has effective visibility <VISIBLE> and view.getGlobalVisibleRect() to return non-empty rectangle)}' assertion on view an instance of android.widget.TextView and view.getText() with or without transformation to match: is "News"
09-07 05:30:10.032  2845  2845 I ViewInteraction: Performing 'wait for a specific view with <view.getId() is <2131230951>> during 10000 millis.' action on view view.getRootView() to equal view
09-07 05:30:10.038  2845  2845 I ViewInteraction: Checking 'MatchesViewAssertion{viewMatcher=(view has effective visibility <VISIBLE> and view.getGlobalVisibleRect() to return non-empty rectangle)}' assertion on view view.getId() is <2131230951/ru.iteco.fmhandroid:id/container_list_news_include_on_fragment_main>
09-07 05:30:10.040  2845  2845 I ViewInteraction: Performing 'wait for a specific view with <view.getId() is <2131230949>> during 10000 millis.' action on view view.getRootView() to equal view
09-07 05:30:10.044  2845  2845 I ViewInteraction: Checking 'MatchesViewAssertion{viewMatcher=(view has effective visibility <VISIBLE> and view.getGlobalVisibleRect() to return non-empty rectangle)}' assertion on view view.getId() is <2131230949/ru.iteco.fmhandroid:id/container_list_claim_include_on_fragment_main>
09-07 05:30:10.048  2845  2845 I ViewInteraction: Performing 'wait for a specific view with <an instance of android.widget.TextView and view.getText() with or without transformation to match: is "Claims"> during 10000 millis.' action on view view.getRootView() to equal view
09-07 05:30:10.051  2845  2845 I ViewInteraction: Checking 'MatchesViewAssertion{viewMatcher=(view has effective visibility <VISIBLE> and view.getGlobalVisibleRect() to return non-empty rectangle)}' assertion on view an instance of android.widget.TextView and view.getText() with or without transformation to match: is "Claims"
09-07 05:30:10.054  2845  2845 I ViewInteraction: Performing 'wait for a specific view with <view.getId() is <2131231123/ru.iteco.fmhandroid:id/main_menu_image_button>> during 10000 millis.' action on view view.getRootView() to equal view
09-07 05:30:10.076  2845  2845 I ViewInteraction: Performing 'single click' action on view view.getId() is <2131231123/ru.iteco.fmhandroid:id/main_menu_image_button>
09-07 05:30:10.248  1781  6116 W audio_hw_generic: Not supplying enough data to HAL, expected position 71596888 , only wrote 71596876
09-07 05:30:10.268  1793  2554 D gralloc_ranchu: gralloc_alloc: Creating ashmem region of size 2015232
09-07 05:30:10.274  1793  2554 I chatty  : uid=1000(system) HwBinder:1793_2 identical 1 line
09-07 05:30:10.278  1793  2554 D gralloc_ranchu: gralloc_alloc: Creating ashmem region of size 2015232
09-07 05:30:10.284  2845  2957 D EGL_emulation: eglMakeCurrent: 0xda21b080: ver 2 0 (tinfo 0xda20fd30)
09-07 05:30:10.320  2845  2957 I chatty  : uid=10136(ru.iteco.fmhandroid) RenderThread identical 2 lines
09-07 05:30:10.338  2845  2957 D EGL_emulation: eglMakeCurrent: 0xda21b080: ver 2 0 (tinfo 0xda20fd30)
09-07 05:30:10.563  2845  2845 I ViewInteraction: Performing 'wait for a specific view with <an instance of android.widget.TextView and view.getText() with or without transformation to match: is "News"> during 10000 millis.' action on view view.getRootView() to equal view
09-07 05:30:10.571  2845  2845 I ViewInteraction: Performing 'single click' action on view an instance of android.widget.TextView and view.getText() with or without transformation to match: is "News"
09-07 05:30:10.601  1792  2272 E GnssHAL_GnssInterface: gnssSvStatusCb: a: input svInfo.flags is 8
09-07 05:30:10.601  1792  2272 E GnssHAL_GnssInterface: gnssSvStatusCb: b: input svInfo.flags is 8
09-07 05:30:10.621  2845  2957 D EGL_emulation: eglMakeCurrent: 0xda21b080: ver 2 0 (tinfo 0xda20fd30)
09-07 05:30:10.702  2845  3542 I okhttp.OkHttpClient: --> GET http://www.981757-ca08998.tmweb.ru:8080/fmh/news
09-07 05:30:10.702  2845  3542 I okhttp.OkHttpClient: --> END GET
09-07 05:30:10.738  2845  2957 D EGL_emulation: eglMakeCurrent: 0xda21b080: ver 2 0 (tinfo 0xda20fd30)
09-07 05:30:10.763  2845  2957 D EGL_emulation: eglMakeCurrent: 0xda21b080: ver 2 0 (tinfo 0xda20fd30)
09-07 05:30:10.932  2845  2845 I ViewInteraction: Performing 'wait for a specific view with <view.getId() is <2131231025/ru.iteco.fmhandroid:id/edit_news_material_button>> during 10000 millis.' action on view view.getRootView() to equal view
09-07 05:30:10.935  2845  2845 I ViewInteraction: Performing 'single click' action on view view.getId() is <2131231025/ru.iteco.fmhandroid:id/edit_news_material_button>
09-07 05:30:11.025  2845  3543 I okhttp.OkHttpClient: --> GET http://www.981757-ca08998.tmweb.ru:8080/fmh/news
09-07 05:30:11.025  2845  3543 I okhttp.OkHttpClient: --> END GET
09-07 05:30:11.373  2845  2845 I ViewInteraction: Performing 'wait for a specific view with <view.getId() is <2131230850/ru.iteco.fmhandroid:id/add_news_image_view>> during 10000 millis.' action on view view.getRootView() to equal view
09-07 05:30:11.376  2845  2845 I ViewInteraction: Performing 'single click' action on view view.getId() is <2131230850/ru.iteco.fmhandroid:id/add_news_image_view>
09-07 05:30:11.602  1792  2272 E GnssHAL_GnssInterface: gnssSvStatusCb: a: input svInfo.flags is 8
09-07 05:30:11.602  1792  2272 E GnssHAL_GnssInterface: gnssSvStatusCb: b: input svInfo.flags is 8
09-07 05:30:11.710  2845  2845 I ViewInteraction: Performing 'wait for a specific view with <view.getId() is <2131231204/ru.iteco.fmhandroid:id/news_item_category_text_auto_complete_text_view>> during 10000 millis.' action on view view.getRootView() to equal view
09-07 05:30:11.713  2845  2845 I ViewInteraction: Performing 'single click' action on view view.getId() is <2131231204/ru.iteco.fmhandroid:id/news_item_category_text_auto_complete_text_view>
09-07 05:30:11.810  1793  2554 D gralloc_ranchu: gralloc_alloc: Creating ashmem region of size 5308416
09-07 05:30:11.825  1793  2554 I chatty  : uid=1000(system) HwBinder:1793_2 identical 1 line
09-07 05:30:11.827  1793  2554 D gralloc_ranchu: gralloc_alloc: Creating ashmem region of size 5308416
09-07 05:30:11.829  2845  2957 D EGL_emulation: eglMakeCurrent: 0xda21b080: ver 2 0 (tinfo 0xda20fd30)
09-07 05:30:11.857  2845  2845 I AssistStructure: Flattened final assist data: 7432 bytes, containing 2 windows, 55 views
09-07 05:30:11.882  2845  2957 D EGL_emulation: eglMakeCurrent: 0xda21b080: ver 2 0 (tinfo 0xda20fd30)
09-07 05:30:11.893  2845  2845 I AssistStructure: Flattened final assist data: 7432 bytes, containing 2 windows, 55 views
09-07 05:30:11.900  8425  8425 W AutofillChimeraService: Pending fill request while another request in the same session was triggered. [CONTEXT service_id=177 ]
09-07 05:30:11.905  7867  7867 D BoundBrokerSvc: onBind: Intent { act=com.google.android.mdd.service.START dat=chimera-action: cmp=com.google.android.gms/.chimera.GmsBoundBrokerService }
09-07 05:30:11.905  7867  7867 D BoundBrokerSvc: Loading bound service for intent: Intent { act=com.google.android.mdd.service.START dat=chimera-action: cmp=com.google.android.gms/.chimera.GmsBoundBrokerService }
09-07 05:30:11.930  2845  2957 D EGL_emulation: eglMakeCurrent: 0xda21b080: ver 2 0 (tinfo 0xda20fd30)
09-07 05:30:11.935  6131  6131 I KeyboardViewUtil: systemKeyboardHeightRatio:1.000000; userKeyboardHeightRatio:1.000000.
09-07 05:30:11.936  6131  6131 I AndroidIME: LatinIme.onActivate() : EditorInfo = Package = ru.iteco.fmhandroid : Type = Text : Learning = Disable : Suggestion = Show : AutoCorrection = Disable : Microphone = Show : NoPersonalizedLearning = Disable
09-07 05:30:11.944  6131  6131 I Conv2QueryExtension: Current locale: en_US, config allows these locales: de,en,es,fr,it,ms,pt,ta
09-07 05:30:11.944  6131  6131 I Conv2QueryExtension: Conv2Query not enabled due to current app [ru.iteco.fmhandroid] not in whitelist
09-07 05:30:11.945  6131  6131 I Conv2QueryExtension: onActivate() : Disabled by unsupported host app
09-07 05:30:11.959  1793  2554 D gralloc_ranchu: gralloc_alloc: Creating ashmem region of size 9113600
09-07 05:30:11.964  2182  2468 D EGL_emulation: eglMakeCurrent: 0xda21a360: ver 2 0 (tinfo 0xda20f590)
09-07 05:30:11.966  2182  2182 W View    : requestLayout() improperly called by com.android.keyguard.AlphaOptimizedLinearLayout{551c6d8 V.E...... ......ID 7,0-48,61 #7f0a041c app:id/wifi_group} during second layout pass: posting in next frame
09-07 05:30:11.968  1793  2554 D gralloc_ranchu: gralloc_alloc: Creating ashmem region of size 9113600
09-07 05:30:11.971  6131  6653 D EGL_emulation: eglMakeCurrent: 0xe224f240: ver 2 0 (tinfo 0xe227da70)
09-07 05:30:11.993  2845  2957 D EGL_emulation: eglMakeCurrent: 0xda21b080: ver 2 0 (tinfo 0xda20fd30)
09-07 05:30:11.996  2182  2182 W View    : requestLayout() improperly called by StatusBarIconView(slot=mobile icon=null notification=null) during layout: running second layout pass
09-07 05:30:11.996  1793 14098 D gralloc_ranchu: gralloc_alloc: Creating ashmem region of size 9113600
09-07 05:30:12.019  2182  2468 D EGL_emulation: eglMakeCurrent: 0xda21a360: ver 2 0 (tinfo 0xda20f590)
09-07 05:30:12.025  1793 14098 D gralloc_ranchu: gralloc_alloc: Creating ashmem region of size 3530752
09-07 05:30:12.039  2845  2957 D EGL_emulation: eglMakeCurrent: 0xda21b080: ver 2 0 (tinfo 0xda20fd30)
09-07 05:30:12.051  1793 14098 D gralloc_ranchu: gralloc_alloc: Creating ashmem region of size 3530752
09-07 05:30:12.059  2845  2957 D EGL_emulation: eglMakeCurrent: 0xda21b080: ver 2 0 (tinfo 0xda20fd30)
09-07 05:30:12.083  2845  2957 D EGL_emulation: eglMakeCurrent: 0xda21b080: ver 2 0 (tinfo 0xda20fd30)
09-07 05:30:12.091  1793 14098 D gralloc_ranchu: gralloc_alloc: Creating ashmem region of size 3530752
09-07 05:30:12.167  2845  2845 I ViewInteraction: Performing 'close keyboard' action on view view.getRootView() to equal view
09-07 05:30:12.173  6131  6131 I PhenotypeExpConfig: refreshConfiguration() : Force = false : UpdateAvailable = false : Age = 142 minutes : MaxAge = 720 minutes
09-07 05:30:12.174  6131  6131 I AndroidIME: LatinIme.onDeactivate()
09-07 05:30:12.191  6131  6653 D EGL_emulation: eglMakeCurrent: 0xe224f240: ver 2 0 (tinfo 0xe227da70)
09-07 05:30:12.192  2182  2468 D EGL_emulation: eglMakeCurrent: 0xda21a360: ver 2 0 (tinfo 0xda20f590)
09-07 05:30:12.193  2182  2182 W View    : requestLayout() improperly called by com.android.keyguard.AlphaOptimizedLinearLayout{551c6d8 V.E...... ......ID 7,0-48,61 #7f0a041c app:id/wifi_group} during second layout pass: posting in next frame
09-07 05:30:12.208  2182  2182 W View    : requestLayout() improperly called by StatusBarIconView(slot=mobile icon=null notification=null) during layout: running second layout pass
09-07 05:30:12.215  2182  2468 D EGL_emulation: eglMakeCurrent: 0xda21a360: ver 2 0 (tinfo 0xda20f590)
09-07 05:30:12.224  2845  2957 D EGL_emulation: eglMakeCurrent: 0xda21b080: ver 2 0 (tinfo 0xda20fd30)
09-07 05:30:12.254  1793 14098 D gralloc_ranchu: gralloc_alloc: Creating ashmem region of size 5308416
09-07 05:30:12.271  2845  2957 D EGL_emulation: eglMakeCurrent: 0xda21b080: ver 2 0 (tinfo 0xda20fd30)
09-07 05:30:12.287  1793 14098 D gralloc_ranchu: gralloc_alloc: Creating ashmem region of size 5308416
09-07 05:30:12.293  2845  2957 D EGL_emulation: eglMakeCurrent: 0xda21b080: ver 2 0 (tinfo 0xda20fd30)
09-07 05:30:12.309  2845  2957 D EGL_emulation: eglMakeCurrent: 0xda21b080: ver 2 0 (tinfo 0xda20fd30)
09-07 05:30:12.321  1793 14098 D gralloc_ranchu: gralloc_alloc: Creating ashmem region of size 5308416
09-07 05:30:12.331  2845  2957 D EGL_emulation: eglMakeCurrent: 0xda21b080: ver 2 0 (tinfo 0xda20fd30)
09-07 05:30:12.482  2845  2845 I ViewInteraction: Checking 'MatchesViewAssertion{viewMatcher=(view has effective visibility <VISIBLE> and view.getGlobalVisibleRect() to return non-empty rectangle)}' assertion on view an instance of android.widget.TextView and view.getText() with or without transformation to match: is "Объявление"
09-07 05:30:12.486  2845  2845 I ViewInteraction: Performing 'single click' action on view an instance of android.widget.TextView and view.getText() with or without transformation to match: is "Объявление"
09-07 05:30:12.554  2845  2957 D EGL_emulation: eglMakeCurrent: 0xda21b080: ver 2 0 (tinfo 0xda20fd30)
09-07 05:30:12.602  1792  2272 E GnssHAL_GnssInterface: gnssSvStatusCb: a: input svInfo.flags is 8
09-07 05:30:12.602  1792  2272 E GnssHAL_GnssInterface: gnssSvStatusCb: b: input svInfo.flags is 8
09-07 05:30:12.622  2845  2957 D EGL_emulation: eglMakeCurrent: 0xda21b080: ver 2 0 (tinfo 0xda20fd30)
09-07 05:30:12.633  2845  2957 D EGL_emulation: eglMakeCurrent: 0xda21b080: ver 2 0 (tinfo 0xda20fd30)
09-07 05:30:12.641  2037  4391 E InputDispatcher: Window handle Window{a1148ea u0 PopupWindow:18f4c04} has no registered input channel
09-07 05:30:12.784  2845  2845 I ViewInteraction: Performing 'wait for a specific view with <view.getId() is <2131231227/ru.iteco.fmhandroid:id/news_item_title_text_input_edit_text>> during 10000 millis.' action on view view.getRootView() to equal view
09-07 05:30:12.787  2845  2845 I ViewInteraction: Performing 'replace text(Заголовок 26907ab2-0917-47a5-a66b-e27dda2766ab)' action on view view.getId() is <2131231227/ru.iteco.fmhandroid:id/news_item_title_text_input_edit_text>
09-07 05:30:12.829  2845  2845 I ViewInteraction: Performing 'wait for a specific view with <view.getId() is <2131231222/ru.iteco.fmhandroid:id/news_item_publish_date_text_input_edit_text>> during 10000 millis.' action on view view.getRootView() to equal view
09-07 05:30:12.831  2845  2845 I ViewInteraction: Performing 'single click' action on view view.getId() is <2131231222/ru.iteco.fmhandroid:id/news_item_publish_date_text_input_edit_text>
09-07 05:30:12.946  1793 14098 D gralloc_ranchu: gralloc_alloc: Creating ashmem region of size 6778880
09-07 05:30:12.962  1793 14098 I chatty  : uid=1000(system) HwBinder:1793_3 identical 1 line
09-07 05:30:12.964  1793 14098 D gralloc_ranchu: gralloc_alloc: Creating ashmem region of size 6778880
09-07 05:30:12.972  2845  2957 D EGL_emulation: eglMakeCurrent: 0xda21b080: ver 2 0 (tinfo 0xda20fd30)
09-07 05:30:13.229  2845  2957 I chatty  : uid=10136(ru.iteco.fmhandroid) RenderThread identical 16 lines
09-07 05:30:13.235  2845  2957 D EGL_emulation: eglMakeCurrent: 0xda21b080: ver 2 0 (tinfo 0xda20fd30)
09-07 05:30:13.602  1792  2272 E GnssHAL_GnssInterface: gnssSvStatusCb: a: input svInfo.flags is 8
09-07 05:30:13.603  1792  2272 E GnssHAL_GnssInterface: gnssSvStatusCb: b: input svInfo.flags is 8
09-07 05:30:13.613  2845  2845 I ViewInteraction: Performing 'wait for a specific view with <is assignable from class <class android.widget.DatePicker>> during 10000 millis.' action on view view.getRootView() to equal view
09-07 05:30:13.615  2845  2845 I ViewInteraction: Checking 'MatchesViewAssertion{viewMatcher=(view has effective visibility <VISIBLE> and view.getGlobalVisibleRect() to return non-empty rectangle)}' assertion on view is assignable from class <class android.widget.DatePicker>
09-07 05:30:13.617  2845  2845 I ViewInteraction: Performing 'wait for a specific view with <is assignable from class <class android.widget.DatePicker>> during 10000 millis.' action on view view.getRootView() to equal view
09-07 05:30:13.620  2845  2845 I ViewInteraction: Performing 'set date' action on view is assignable from class <class android.widget.DatePicker>
09-07 05:30:13.636  2845  2957 D EGL_emulation: eglMakeCurrent: 0xda21b080: ver 2 0 (tinfo 0xda20fd30)
09-07 05:30:13.658  2845  2845 I ViewInteraction: Performing 'wait for a specific view with <view.getId() is <16908313/android:id/button1>> during 10000 millis.' action on view view.getRootView() to equal view
09-07 05:30:13.661  2845  2845 I ViewInteraction: Performing 'single click' action on view view.getId() is <16908313/android:id/button1>
09-07 05:30:13.742  2845  2957 D EGL_emulation: eglMakeCurrent: 0xda21b080: ver 2 0 (tinfo 0xda20fd30)
09-07 05:30:13.758  2845  2957 D EGL_emulation: eglMakeCurrent: 0xda21b080: ver 2 0 (tinfo 0xda20fd30)
09-07 05:30:13.760  2037  4497 E InputDispatcher: Window handle Window{dc65dab u0 ru.iteco.fmhandroid/ru.iteco.fmhandroid.ui.AppActivity} has no registered input channel
09-07 05:30:14.001  2845  2845 I ViewInteraction: Performing 'wait for a specific view with <view.getId() is <2131231223/ru.iteco.fmhandroid:id/news_item_publish_time_text_input_edit_text>> during 10000 millis.' action on view view.getRootView() to equal view
09-07 05:30:14.004  2845  2845 I ViewInteraction: Performing 'single click' action on view view.getId() is <2131231223/ru.iteco.fmhandroid:id/news_item_publish_time_text_input_edit_text>
09-07 05:30:14.134  1793 14098 D gralloc_ranchu: gralloc_alloc: Creating ashmem region of size 5718016
09-07 05:30:14.145  1793 14098 I chatty  : uid=1000(system) HwBinder:1793_3 identical 1 line
09-07 05:30:14.146  1793 14098 D gralloc_ranchu: gralloc_alloc: Creating ashmem region of size 5718016
09-07 05:30:14.152  2845  2957 D EGL_emulation: eglMakeCurrent: 0xda21b080: ver 2 0 (tinfo 0xda20fd30)
09-07 05:30:14.181  2845  2957 D EGL_emulation: eglMakeCurrent: 0xda21b080: ver 2 0 (tinfo 0xda20fd30)
09-07 05:30:14.431  2845  2845 I ViewInteraction: Performing 'wait for a specific view with <is assignable from class <class android.widget.TimePicker>> during 10000 millis.' action on view view.getRootView() to equal view
09-07 05:30:14.435  2845  2845 I ViewInteraction: Checking 'MatchesViewAssertion{viewMatcher=(view has effective visibility <VISIBLE> and view.getGlobalVisibleRect() to return non-empty rectangle)}' assertion on view is assignable from class <class android.widget.TimePicker>
09-07 05:30:14.437  2845  2845 I ViewInteraction: Performing 'wait for a specific view with <is assignable from class <class android.widget.TimePicker>> during 10000 millis.' action on view view.getRootView() to equal view
09-07 05:30:14.438  2845  2845 I ViewInteraction: Performing 'set time' action on view is assignable from class <class android.widget.TimePicker>
09-07 05:30:14.448  2845  2957 D EGL_emulation: eglMakeCurrent: 0xda21b080: ver 2 0 (tinfo 0xda20fd30)
09-07 05:30:14.451  2845  2845 I ViewInteraction: Performing 'wait for a specific view with <view.getId() is <16908313/android:id/button1>> during 10000 millis.' action on view view.getRootView() to equal view
09-07 05:30:14.453  2845  2845 I ViewInteraction: Performing 'single click' action on view view.getId() is <16908313/android:id/button1>
09-07 05:30:14.533  2845  2957 D EGL_emulation: eglMakeCurrent: 0xda21b080: ver 2 0 (tinfo 0xda20fd30)
09-07 05:30:14.547  2845  2957 D EGL_emulation: eglMakeCurrent: 0xda21b080: ver 2 0 (tinfo 0xda20fd30)
09-07 05:30:14.555  2037  2428 E InputDispatcher: Window handle Window{6dca738 u0 ru.iteco.fmhandroid/ru.iteco.fmhandroid.ui.AppActivity} has no registered input channel
09-07 05:30:14.601  1792  2272 E GnssHAL_GnssInterface: gnssSvStatusCb: a: input svInfo.flags is 8
09-07 05:30:14.601  1792  2272 E GnssHAL_GnssInterface: gnssSvStatusCb: b: input svInfo.flags is 8
09-07 05:30:14.791  2845  2845 I ViewInteraction: Performing 'wait for a specific view with <view.getId() is <2131231211/ru.iteco.fmhandroid:id/news_item_description_text_input_edit_text>> during 10000 millis.' action on view view.getRootView() to equal view
09-07 05:30:14.797  2845  2845 I ViewInteraction: Performing 'replace text(Описание 1069d7fe-c8ec-488e-8ecf-2d5563458531)' action on view view.getId() is <2131231211/ru.iteco.fmhandroid:id/news_item_description_text_input_edit_text>
09-07 05:30:14.831  2845  2845 I ViewInteraction: Performing 'wait for a specific view with <view.getId() is <2131231291/ru.iteco.fmhandroid:id/save_button>> during 10000 millis.' action on view view.getRootView() to equal view
09-07 05:30:14.834  2845  2845 I ViewInteraction: Performing 'single click' action on view view.getId() is <2131231291/ru.iteco.fmhandroid:id/save_button>
09-07 05:30:14.907  2845  3553 I okhttp.OkHttpClient: --> POST http://www.981757-ca08998.tmweb.ru:8080/fmh/news
09-07 05:30:14.907  2845  3553 I okhttp.OkHttpClient: Content-Type: application/json; charset=UTF-8
09-07 05:30:14.907  2845  3553 I okhttp.OkHttpClient: Content-Length: 294
09-07 05:30:14.907  2845  3553 I okhttp.OkHttpClient: {"createDate":1694053814,"creatorId":1,"creatorName":"Ivanov Ivan Ivanovich","description":"Описание 1069d7fe-c8ec-488e-8ecf-2d5563458531","isOpen":false,"newsCategoryId":1,"publishDate":1694064540,"publishEnabled":true,"title":"Заголовок 26907ab2-0917-47a5-a66b-e27dda2766ab"}
09-07 05:30:14.908  2845  3553 I okhttp.OkHttpClient: --> END POST (294-byte body)
09-07 05:30:14.910  1774  4247 E ResolverController: No valid NAT64 prefix (101, <unspecified>/0)
09-07 05:30:15.129  2845  2845 I ViewInteraction: Performing 'wait for a specific view with <view.getId() is <2131231230/ru.iteco.fmhandroid:id/news_list_recycler_view>> during 10000 millis.' action on view view.getRootView() to equal view
09-07 05:30:15.148  2845  3553 I okhttp.OkHttpClient: <-- 200 http://www.981757-ca08998.tmweb.ru:8080/fmh/news (240ms)
09-07 05:30:15.148  2845  3553 I okhttp.OkHttpClient: Vary: Origin
09-07 05:30:15.148  2845  3553 I okhttp.OkHttpClient: Vary: Access-Control-Request-Method
09-07 05:30:15.148  2845  3553 I okhttp.OkHttpClient: Vary: Access-Control-Request-Headers
09-07 05:30:15.149  2845  3553 I okhttp.OkHttpClient: X-Content-Type-Options: nosniff
09-07 05:30:15.149  2845  3553 I okhttp.OkHttpClient: X-XSS-Protection: 1; mode=block
09-07 05:30:15.149  2845  3553 I okhttp.OkHttpClient: Cache-Control: no-cache, no-store, max-age=0, must-revalidate
09-07 05:30:15.149  2845  3553 I okhttp.OkHttpClient: Pragma: no-cache
09-07 05:30:15.149  2845  3553 I okhttp.OkHttpClient: Expires: 0
09-07 05:30:15.149  2845  3553 I okhttp.OkHttpClient: X-Frame-Options: DENY
09-07 05:30:15.149  2845  3553 I okhttp.OkHttpClient: Content-Type: application/json
09-07 05:30:15.149  2845  3553 I okhttp.OkHttpClient: Transfer-Encoding: chunked
09-07 05:30:15.149  2845  3553 I okhttp.OkHttpClient: Date: Thu, 07 Sep 2023 05:30:15 GMT
09-07 05:30:15.149  2845  3553 I okhttp.OkHttpClient: Keep-Alive: timeout=60
09-07 05:30:15.149  2845  3553 I okhttp.OkHttpClient: Connection: keep-alive
09-07 05:30:15.150  2845  3553 I okhttp.OkHttpClient: {"id":6472,"newsCategoryId":1,"title":"Заголовок 26907ab2-0917-47a5-a66b-e27dda2766ab","description":"Описание 1069d7fe-c8ec-488e-8ecf-2d5563458531","creatorId":1,"createDate":1694053814,"publishDate":1694064540,"publishEnabled":true,"creatorName":"Ivanov Ivan Ivanovich"}
09-07 05:30:15.150  2845  3553 I okhttp.OkHttpClient: <-- END HTTP (289-byte body)
09-07 05:30:15.288  2845  2845 I ViewInteraction: Performing 'scroll RecyclerView to: holder with view: ((view is an instance of android.view.ViewGroup and has descendant matching an instance of android.widget.TextView and view.getText() with or without transformation to match: is "Заголовок 26907ab2-0917-47a5-a66b-e27dda2766ab"))' action on view view.getId() is <2131231230/ru.iteco.fmhandroid:id/news_list_recycler_view>
09-07 05:30:15.602  1792  2272 E GnssHAL_GnssInterface: gnssSvStatusCb: a: input svInfo.flags is 8
09-07 05:30:15.602  1792  2272 E GnssHAL_GnssInterface: gnssSvStatusCb: b: input svInfo.flags is 8
09-07 05:30:15.689  2845  2845 I ViewInteraction: Checking 'MatchesViewAssertion{viewMatcher=(view has effective visibility <VISIBLE> and view.getGlobalVisibleRect() to return non-empty rectangle)}' assertion on view view.getId() is <2131231230/ru.iteco.fmhandroid:id/news_list_recycler_view>
09-07 05:30:15.696  2845  2845 I ViewInteraction: Performing 'single click' action on view (view.getId() is <2131231024/ru.iteco.fmhandroid:id/edit_news_item_image_view> and view.getParent() view.getParent() (view.getId() is <2131231215/ru.iteco.fmhandroid:id/news_item_material_card_view> and (view is an instance of android.view.ViewGroup and has child matching: (view is an instance of android.view.ViewGroup and has child matching: an instance of android.widget.TextView and view.getText() with or without transformation to match: is "Заголовок 26907ab2-0917-47a5-a66b-e27dda2766ab"))))
09-07 05:30:16.079  2845  2845 I ViewInteraction: Performing 'wait for a specific view with <view.getId() is <2131231204/ru.iteco.fmhandroid:id/news_item_category_text_auto_complete_text_view>> during 10000 millis.' action on view view.getRootView() to equal view
09-07 05:30:16.082  2845  2845 I ViewInteraction: Checking 'MatchesViewAssertion{viewMatcher=an instance of android.widget.TextView and view.getText() with or without transformation to match: is "Объявление"}' assertion on view view.getId() is <2131231204/ru.iteco.fmhandroid:id/news_item_category_text_auto_complete_text_view>
09-07 05:30:16.084  2845  2845 I ViewInteraction: Performing 'wait for a specific view with <view.getId() is <2131231227/ru.iteco.fmhandroid:id/news_item_title_text_input_edit_text>> during 10000 millis.' action on view view.getRootView() to equal view
09-07 05:30:16.086  2845  2845 I ViewInteraction: Checking 'MatchesViewAssertion{viewMatcher=an instance of android.widget.TextView and view.getText() with or without transformation to match: is "Заголовок 26907ab2-0917-47a5-a66b-e27dda2766ab"}' assertion on view view.getId() is <2131231227/ru.iteco.fmhandroid:id/news_item_title_text_input_edit_text>
09-07 05:30:16.088  2845  2845 I ViewInteraction: Performing 'wait for a specific view with <view.getId() is <2131231211/ru.iteco.fmhandroid:id/news_item_description_text_input_edit_text>> during 10000 millis.' action on view view.getRootView() to equal view
09-07 05:30:16.090  2845  2845 I ViewInteraction: Checking 'MatchesViewAssertion{viewMatcher=an instance of android.widget.TextView and view.getText() with or without transformation to match: is "Описание 1069d7fe-c8ec-488e-8ecf-2d5563458531"}' assertion on view view.getId() is <2131231211/ru.iteco.fmhandroid:id/news_item_description_text_input_edit_text>
09-07 05:30:16.092  2845  2845 I ViewInteraction: Performing 'wait for a specific view with <view.getId() is <2131231291/ru.iteco.fmhandroid:id/save_button>> during 10000 millis.' action on view view.getRootView() to equal view
09-07 05:30:16.095  2845  2845 I ViewInteraction: Checking 'MatchesViewAssertion{viewMatcher=(view has effective visibility <VISIBLE> and view.getGlobalVisibleRect() to return non-empty rectangle)}' assertion on view view.getId() is <2131231291/ru.iteco.fmhandroid:id/save_button>
09-07 05:30:16.097  2845  2845 I ViewInteraction: Performing 'wait for a specific view with <view.getId() is <2131230890>> during 10000 millis.' action on view view.getRootView() to equal view
09-07 05:30:16.099  2845  2845 I ViewInteraction: Checking 'MatchesViewAssertion{viewMatcher=(view has effective visibility <VISIBLE> and view.getGlobalVisibleRect() to return non-empty rectangle)}' assertion on view view.getId() is <2131230890/ru.iteco.fmhandroid:id/cancel_button>
09-07 05:30:16.102  2845  2845 I ViewInteraction: Performing 'wait for a specific view with <view.getId() is <2131231361>> during 10000 millis.' action on view view.getRootView() to equal view
09-07 05:30:16.104  2845  2845 I ViewInteraction: Checking 'MatchesViewAssertion{viewMatcher=(view has effective visibility <VISIBLE> and view.getGlobalVisibleRect() to return non-empty rectangle)}' assertion on view view.getId() is <2131231361/ru.iteco.fmhandroid:id/switcher>
09-07 05:30:16.106  2845  2845 I ViewInteraction: Performing 'wait for a specific view with <view.getId() is <2131231222/ru.iteco.fmhandroid:id/news_item_publish_date_text_input_edit_text>> during 10000 millis.' action on view view.getRootView() to equal view
09-07 05:30:16.107  2845  2845 I ViewInteraction: Performing 'single click' action on view view.getId() is <2131231222/ru.iteco.fmhandroid:id/news_item_publish_date_text_input_edit_text>
09-07 05:30:16.214  1793 14098 D gralloc_ranchu: gralloc_alloc: Creating ashmem region of size 6778880
09-07 05:30:16.224  1793 14098 I chatty  : uid=1000(system) HwBinder:1793_3 identical 1 line
09-07 05:30:16.226  1793 14098 D gralloc_ranchu: gralloc_alloc: Creating ashmem region of size 6778880
09-07 05:30:16.238  2845  2957 D EGL_emulation: eglMakeCurrent: 0xda21b080: ver 2 0 (tinfo 0xda20fd30)
09-07 05:30:16.297  2845  2957 I chatty  : uid=10136(ru.iteco.fmhandroid) RenderThread identical 1 line
09-07 05:30:16.320  2845  2957 D EGL_emulation: eglMakeCurrent: 0xda21b080: ver 2 0 (tinfo 0xda20fd30)
09-07 05:30:16.602  1792  2272 E GnssHAL_GnssInterface: gnssSvStatusCb: a: input svInfo.flags is 8
09-07 05:30:16.602  1792  2272 E GnssHAL_GnssInterface: gnssSvStatusCb: b: input svInfo.flags is 8
09-07 05:30:16.716  2845  2845 I ViewInteraction: Performing 'wait for a specific view with <is assignable from class <class android.widget.DatePicker>> during 10000 millis.' action on view view.getRootView() to equal view
09-07 05:30:16.722  2845  2845 I ViewInteraction: Checking 'MatchesViewAssertion{viewMatcher=(view has effective visibility <VISIBLE> and view.getGlobalVisibleRect() to return non-empty rectangle)}' assertion on view is assignable from class <class android.widget.DatePicker>
09-07 05:30:16.727  2845  2845 I ViewInteraction: Performing 'wait for a specific view with <is assignable from class <class android.widget.DatePicker>> during 10000 millis.' action on view view.getRootView() to equal view
09-07 05:30:16.732  2845  2845 I ViewInteraction: Performing 'set date' action on view is assignable from class <class android.widget.DatePicker>
09-07 05:30:16.761  2845  2845 I ViewInteraction: Performing 'wait for a specific view with <view.getId() is <16908313/android:id/button1>> during 10000 millis.' action on view view.getRootView() to equal view
09-07 05:30:16.766  2845  2845 I ViewInteraction: Performing 'single click' action on view view.getId() is <16908313/android:id/button1>
09-07 05:30:16.846  2845  2957 D EGL_emulation: eglMakeCurrent: 0xda21b080: ver 2 0 (tinfo 0xda20fd30)
09-07 05:30:16.860  2845  2957 D EGL_emulation: eglMakeCurrent: 0xda21b080: ver 2 0 (tinfo 0xda20fd30)
09-07 05:30:16.863  2037  4391 E InputDispatcher: Window handle Window{91f6f7b u0 ru.iteco.fmhandroid/ru.iteco.fmhandroid.ui.AppActivity} has no registered input channel
09-07 05:30:17.111  2845  2845 I ViewInteraction: Performing 'wait for a specific view with <view.getId() is <2131231222/ru.iteco.fmhandroid:id/news_item_publish_date_text_input_edit_text>> during 10000 millis.' action on view view.getRootView() to equal view
09-07 05:30:17.113  2845  2845 I ViewInteraction: Checking 'MatchesViewAssertion{viewMatcher=an instance of android.widget.TextView and view.getText() with or without transformation to match: is "08.09.2023"}' assertion on view view.getId() is <2131231222/ru.iteco.fmhandroid:id/news_item_publish_date_text_input_edit_text>
09-07 05:30:17.115  2845  2845 I ViewInteraction: Performing 'wait for a specific view with <view.getId() is <2131231291/ru.iteco.fmhandroid:id/save_button>> during 10000 millis.' action on view view.getRootView() to equal view
09-07 05:30:17.117  2845  2845 I ViewInteraction: Performing 'single click' action on view view.getId() is <2131231291/ru.iteco.fmhandroid:id/save_button>
09-07 05:30:17.186  2845  3553 I okhttp.OkHttpClient: --> PUT http://www.981757-ca08998.tmweb.ru:8080/fmh/news
09-07 05:30:17.186  2845  3553 I okhttp.OkHttpClient: Content-Type: application/json; charset=UTF-8
09-07 05:30:17.186  2845  3553 I okhttp.OkHttpClient: Content-Length: 304
09-07 05:30:17.186  2845  3553 I okhttp.OkHttpClient: {"createDate":1694053814,"creatorId":1,"creatorName":"Ivanov Ivan Ivanovich","description":"Описание 1069d7fe-c8ec-488e-8ecf-2d5563458531","id":6472,"isOpen":false,"newsCategoryId":1,"publishDate":1694150940,"publishEnabled":true,"title":"Заголовок 26907ab2-0917-47a5-a66b-e27dda2766ab"}
09-07 05:30:17.186  2845  3553 I okhttp.OkHttpClient: --> END PUT (304-byte body)
09-07 05:30:17.386  2845  3553 I okhttp.OkHttpClient: <-- 200 http://www.981757-ca08998.tmweb.ru:8080/fmh/news (199ms)
09-07 05:30:17.387  2845  3553 I okhttp.OkHttpClient: Vary: Origin
09-07 05:30:17.387  2845  3553 I okhttp.OkHttpClient: Vary: Access-Control-Request-Method
09-07 05:30:17.388  2845  3553 I okhttp.OkHttpClient: Vary: Access-Control-Request-Headers
09-07 05:30:17.388  2845  3553 I okhttp.OkHttpClient: X-Content-Type-Options: nosniff
09-07 05:30:17.388  2845  3553 I okhttp.OkHttpClient: X-XSS-Protection: 1; mode=block
09-07 05:30:17.388  2845  3553 I okhttp.OkHttpClient: Cache-Control: no-cache, no-store, max-age=0, must-revalidate
09-07 05:30:17.388  2845  3553 I okhttp.OkHttpClient: Pragma: no-cache
09-07 05:30:17.388  2845  3553 I okhttp.OkHttpClient: Expires: 0
09-07 05:30:17.388  2845  3553 I okhttp.OkHttpClient: X-Frame-Options: DENY
09-07 05:30:17.388  2845  3553 I okhttp.OkHttpClient: Content-Type: application/json
09-07 05:30:17.388  2845  3553 I okhttp.OkHttpClient: Transfer-Encoding: chunked
09-07 05:30:17.389  2845  3553 I okhttp.OkHttpClient: Date: Thu, 07 Sep 2023 05:30:18 GMT
09-07 05:30:17.389  2845  3553 I okhttp.OkHttpClient: Keep-Alive: timeout=60
09-07 05:30:17.389  2845  3553 I okhttp.OkHttpClient: Connection: keep-alive
09-07 05:30:17.390  2845  3553 I okhttp.OkHttpClient: {"id":6472,"newsCategoryId":1,"title":"Заголовок 26907ab2-0917-47a5-a66b-e27dda2766ab","description":"Описание 1069d7fe-c8ec-488e-8ecf-2d5563458531","creatorId":1,"createDate":1694053814,"publishDate":1694150940,"publishEnabled":true,"creatorName":"Ivanov Ivan Ivanovich"}
09-07 05:30:17.390  2845  3553 I okhttp.OkHttpClient: <-- END HTTP (289-byte body)
09-07 05:30:17.445  2845  2845 I ViewInteraction: Performing 'wait for a specific view with <view.getId() is <2131231230/ru.iteco.fmhandroid:id/news_list_recycler_view>> during 10000 millis.' action on view view.getRootView() to equal view
09-07 05:30:17.449  2845  2845 I ViewInteraction: Performing 'scroll RecyclerView to: holder with view: ((view is an instance of android.view.ViewGroup and has descendant matching an instance of android.widget.TextView and view.getText() with or without transformation to match: is "Заголовок 26907ab2-0917-47a5-a66b-e27dda2766ab"))' action on view view.getId() is <2131231230/ru.iteco.fmhandroid:id/news_list_recycler_view>
09-07 05:30:17.450  2845  2845 D takeScreenshot: Found 1 global views to redraw
09-07 05:30:17.545  1793 14098 D gralloc_ranchu: gralloc_alloc: Creating ashmem region of size 9850880
09-07 05:30:17.596  2845  2901 W DefaultFailureHandler: Failed to take screenshot
09-07 05:30:17.596  2845  2901 W DefaultFailureHandler: java.io.FileNotFoundException: view-op-error-27.png: open failed: EROFS (Read-only file system)
09-07 05:30:17.596  2845  2901 W DefaultFailureHandler: 	at libcore.io.IoBridge.open(IoBridge.java:496)
09-07 05:30:17.596  2845  2901 W DefaultFailureHandler: 	at java.io.FileOutputStream.<init>(FileOutputStream.java:235)
09-07 05:30:17.596  2845  2901 W DefaultFailureHandler: 	at java.io.FileOutputStream.<init>(FileOutputStream.java:125)
09-07 05:30:17.596  2845  2901 W DefaultFailureHandler: 	at androidx.test.platform.io.FileTestStorage.openOutputFile(FileTestStorage.java:60)
09-07 05:30:17.596  2845  2901 W DefaultFailureHandler: 	at androidx.test.core.graphics.BitmapStorage.writeToTestStorage(BitmapStorageExt.kt:49)
09-07 05:30:17.596  2845  2901 W DefaultFailureHandler: 	at androidx.test.espresso.base.DefaultFailureHandler.takeScreenshot(DefaultFailureHandler.java:4)
09-07 05:30:17.596  2845  2901 W DefaultFailureHandler: 	at androidx.test.espresso.base.DefaultFailureHandler.handle(DefaultFailureHandler.java:3)
09-07 05:30:17.596  2845  2901 W DefaultFailureHandler: 	at androidx.test.espresso.ViewInteraction.waitForAndHandleInteractionResults(ViewInteraction.java:8)
09-07 05:30:17.596  2845  2901 W DefaultFailureHandler: 	at androidx.test.espresso.ViewInteraction.desugaredPerform(ViewInteraction.java:11)
09-07 05:30:17.596  2845  2901 W DefaultFailureHandler: 	at androidx.test.espresso.ViewInteraction.perform(ViewInteraction.java:8)
09-07 05:30:17.596  2845  2901 W DefaultFailureHandler: 	at ru.iteco.fmhandroid.ui.steps.ControlPanelSteps.scrollToElementInRecyclerList(ControlPanelSteps.java:204)
09-07 05:30:17.596  2845  2901 W DefaultFailureHandler: 	at ru.iteco.fmhandroid.ui.steps.ControlPanelSteps.checkNewsIsPresent(ControlPanelSteps.java:309)
09-07 05:30:17.596  2845  2901 W DefaultFailureHandler: 	at ru.iteco.fmhandroid.ui.ControlPanelTest.shouldChangeThePublicationDate(ControlPanelTest.java:194)
09-07 05:30:17.596  2845  2901 W DefaultFailureHandler: 	at java.lang.reflect.Method.invoke(Native Method)
09-07 05:30:17.596  2845  2901 W DefaultFailureHandler: 	at org.junit.runners.model.FrameworkMethod$1.runReflectiveCall(FrameworkMethod.java:59)
09-07 05:30:17.596  2845  2901 W DefaultFailureHandler: 	at org.junit.internal.runners.model.ReflectiveCallable.run(ReflectiveCallable.java:12)
09-07 05:30:17.596  2845  2901 W DefaultFailureHandler: 	at org.junit.runners.model.FrameworkMethod.invokeExplosively(FrameworkMethod.java:56)
09-07 05:30:17.596  2845  2901 W DefaultFailureHandler: 	at org.junit.internal.runners.statements.InvokeMethod.evaluate(InvokeMethod.java:17)
09-07 05:30:17.596  2845  2901 W DefaultFailureHandler: 	at androidx.test.internal.runner.junit4.statement.RunBefores.evaluate(RunBefores.java:80)
09-07 05:30:17.596  2845  2901 W DefaultFailureHandler: 	at io.qameta.allure.android.rules.ScreenshotRule$apply$1.evaluate(ScreenshotRule.kt:22)
09-07 05:30:17.596  2845  2901 W DefaultFailureHandler: 	at org.junit.rules.ExternalResource$1.evaluate(ExternalResource.java:54)
09-07 05:30:17.596  2845  2901 W DefaultFailureHandler: 	at io.qameta.allure.android.rules.LogcatRule$apply$1.evaluate(LogcatRule.kt:23)
09-07 05:30:17.596  2845  2901 W DefaultFailureHandler: 	at org.junit.rules.RunRules.evaluate(RunRules.java:20)
09-07 05:30:17.596  2845  2901 W DefaultFailureHandler: 	at org.junit.runners.ParentRunner$3.evaluate(ParentRunner.java:306)
09-07 05:30:17.596  2845  2901 W DefaultFailureHandler: 	at org.junit.runners.BlockJUnit4ClassRunner$1.evaluate(BlockJUnit4ClassRunner.java:100)
09-07 05:30:17.596  2845  2901 W DefaultFailureHandler: 	at org.junit.runners.ParentRunner.runLeaf(ParentRunner.java:366)
09-07 05:30:17.596  2845  2901 W DefaultFailureHandler: 	at org.junit.runners.BlockJUnit4ClassRunner.runChild(BlockJUnit4ClassRunner.java:103)
09-07 05:30:17.596  2845  2901 W DefaultFailureHandler: 	at org.junit.runners.BlockJUnit4ClassRunner.runChild(BlockJUnit4ClassRunner.java:63)
09-07 05:30:17.596  2845  2901 W DefaultFailureHandler: 	at org.junit.runners.ParentRunner$4.run(ParentRunner.java:331)
09-07 05:30:17.596  2845  2901 W DefaultFailureHandler: 	at org.junit.runners.ParentRunner$1.schedule(ParentRunner.java:79)
09-07 05:30:17.596  2845  2901 W DefaultFailureHandler: 	at org.junit.runners.ParentRunner.runChildren(ParentRunner.java:329)
09-07 05:30:17.596  2845  2901 W DefaultFailureHandler: 	at org.junit.runners.ParentRunner.access$100(ParentRunner.java:66)
09-07 05:30:17.596  2845  2901 W DefaultFailureHandler: 	at org.junit.runners.ParentRunner$2.evaluate(ParentRunner.java:293)
09-07 05:30:17.596  2845  2901 W DefaultFailureHandler: 	at org.junit.runners.ParentRunner$3.evaluate(ParentRunner.java:306)
09-07 05:30:17.596  2845  2901 W DefaultFailureHandler: 	at org.junit.runners.ParentRunner.run(ParentRunner.java:413)
09-07 05:30:17.596  2845  2901 W DefaultFailureHandler: 	at androidx.test.ext.junit.runners.AndroidJUnit4.run(AndroidJUnit4.java:162)
09-07 05:30:17.596  2845  2901 W DefaultFailureHandler: 	at io.qameta.allure.android.runners.AllureAndroidJUnit4.run(AllureAndroidJUnitRunners.kt:29)
09-07 05:30:17.596  2845  2901 W DefaultFailureHandler: 	at org.junit.runners.Suite.runChild(Suite.java:128)
09-07 05:30:17.596  2845  2901 W DefaultFailureHandler: 	at org.junit.runners.Suite.runChild(Suite.java:27)
09-07 05:30:17.596  2845  2901 W DefaultFailureHandler: 	at org.junit.runners.ParentRunner$4.run(ParentRunner.java:331)
09-07 05:30:17.596  2845  2901 W DefaultFailureHandler: 	at org.junit.runners.ParentRunner$1.schedule(ParentRunner.java:79)
09-07 05:30:17.596  2845  2901 W DefaultFailureHandler: 	at org.junit.runners.ParentRunner.runChildren(ParentRunner.java:329)
09-07 05:30:17.596  2845  2901 W DefaultFailureHandler: 	at org.junit.runners.ParentRunner.access$100(ParentRunner.java:66)
09-07 05:30:17.596  2845  2901 W DefaultFailureHandler: 	at org.junit.runners.ParentRunner$2.evaluate(ParentRunner.java:293)
09-07 05:30:17.596  2845  2901 W DefaultFailureHandler: 	at org.junit.runners.ParentRunner$3.evaluate(ParentRunner.java:306)
09-07 05:30:17.596  2845  2901 W DefaultFailureHandler: 	at org.junit.runners.ParentRunner.run(ParentRunner.java:413)
09-07 05:30:17.596  2845  2901 W DefaultFailureHandler: 	at org.junit.runner.JUnitCore.run(JUnitCore.java:137)
09-07 05:30:17.596  2845  2901 W DefaultFailureHandler: 	at org.junit.runner.JUnitCore.run(JUnitCore.java:115)
09-07 05:30:17.596  2845  2901 W DefaultFailureHandler: 	at androidx.test.internal.runner.TestExecutor.execute(TestExecutor.java:67)
09-07 05:30:17.596  2845  2901 W DefaultFailureHandler: 	at androidx.test.internal.runner.TestExecutor.execute(TestExecutor.java:58)
09-07 05:30:17.596  2845  2901 W DefaultFailureHandler: 	at androidx.test.runner.AndroidJUnitRunner.onStart(AndroidJUnitRunner.java:438)
09-07 05:30:17.596  2845  2901 W DefaultFailureHandler: 	at android.app.Instrumentation$InstrumentationThread.run(Instrumentation.java:2189)
09-07 05:30:17.596  2845  2901 W DefaultFailureHandler: Caused by: android.system.ErrnoException: open failed: EROFS (Read-only file system)
09-07 05:30:17.596  2845  2901 W DefaultFailureHandler: 	at libcore.io.Linux.open(Native Method)
09-07 05:30:17.596  2845  2901 W DefaultFailureHandler: 	at libcore.io.ForwardingOs.open(ForwardingOs.java:167)
09-07 05:30:17.596  2845  2901 W DefaultFailureHandler: 	at libcore.io.BlockGuardOs.open(BlockGuardOs.java:252)
09-07 05:30:17.596  2845  2901 W DefaultFailureHandler: 	at libcore.io.ForwardingOs.open(ForwardingOs.java:167)
09-07 05:30:17.596  2845  2901 W DefaultFailureHandler: 	at android.app.ActivityThread$AndroidOs.open(ActivityThread.java:7255)
09-07 05:30:17.596  2845  2901 W DefaultFailureHandler: 	at libcore.io.IoBridge.open(IoBridge.java:482)
09-07 05:30:17.596  2845  2901 W DefaultFailureHandler: 	... 51 more
09-07 05:30:17.599  1793 14098 D gralloc_ranchu: gralloc_alloc: Creating ashmem region of size 9850880
09-07 05:30:17.617  1792  2272 E GnssHAL_GnssInterface: gnssSvStatusCb: a: input svInfo.flags is 8
09-07 05:30:17.617  1792  2272 E GnssHAL_GnssInterface: gnssSvStatusCb: b: input svInfo.flags is 8
09-07 05:30:17.903  2037  7767 I ActivityTaskManager: START u0 {act=android.intent.action.MAIN cat=[android.intent.category.LAUNCHER] flg=0x10000000 cmp=ru.iteco.fmhandroid.test/androidx.test.core.app.InstrumentationActivityInvoker$EmptyActivity} from uid 10136
09-07 05:30:17.908  2845  2845 D LifecycleMonitor: Lifecycle status change: ru.iteco.fmhandroid.ui.AppActivity@511e1f5 in: PAUSED
09-07 05:30:17.908  2845  2845 V ActivityScenario: Update currentActivityStage to PAUSED, currentActivity=ru.iteco.fmhandroid.ui.AppActivity@511e1f5
09-07 05:30:17.908  2037  2903 W InputReader: Device has associated, but no associated display id.
