--------- beginning of system
09-07 04:31:31.840  2037  2847 I ActivityManager: Force stopping ru.iteco.fmhandroid appid=10136 user=0: from pid 25510
--------- beginning of main
09-07 04:31:31.852  2279  2279 D CarrierSvcBindHelper: No carrier app for: 0
09-07 04:31:31.897  9734  9734 I studio.deploy: Received request 'dump'
09-07 04:31:31.987  2037  3740 I ActivityManager: Force stopping ru.iteco.fmhandroid appid=10136 user=0: from pid 25528
09-07 04:31:31.993  2279  2279 D CarrierSvcBindHelper: No carrier app for: 0
09-07 04:31:32.023  9734  9734 I studio.deploy: Received request 'dump'
09-07 04:31:32.103  9734  9734 I studio.deploy: Received request 'deltainstall'
09-07 04:31:32.194  2037  2080 W PackageParser: Unknown element under <manifest>: queries at /data/app/vmdl2074927172.tmp/base.apk Binary XML file line #16
09-07 04:31:32.195  2037  2080 I PackageManager: Update package ru.iteco.fmhandroid.test code path from /data/app/ru.iteco.fmhandroid.test-SXuUZgmUnyXoKzzV8toORg== to /data/app/ru.iteco.fmhandroid.test-4M7iuHDdXKpeQxn0etSUzw==; Retain data and using new
09-07 04:31:32.196  2037  2080 I PackageManager: Update package ru.iteco.fmhandroid.test resource path from /data/app/ru.iteco.fmhandroid.test-SXuUZgmUnyXoKzzV8toORg== to /data/app/ru.iteco.fmhandroid.test-4M7iuHDdXKpeQxn0etSUzw==; Retain data and using new
09-07 04:31:32.196  1792  2272 E GnssHAL_GnssInterface: gnssSvStatusCb: a: input svInfo.flags is 8
09-07 04:31:32.197  1792  2272 E GnssHAL_GnssInterface: gnssSvStatusCb: b: input svInfo.flags is 8
09-07 04:31:32.224  2037  2080 I PackageManager: Un-granting permission android.permission.MANAGE_DOCUMENTS from package com.google.android.youtube (protectionLevel=262146 flags=0x30dbbe45)
09-07 04:31:32.225  2037  2080 I PackageManager: Un-granting permission android.permission.INTERACT_ACROSS_PROFILES from package com.google.android.googlequicksearchbox (protectionLevel=18 flags=0x28dbbec5)
09-07 04:31:32.225  2037  2080 I PackageManager: Un-granting permission android.permission.MANAGE_SOUND_TRIGGER from package com.google.android.googlequicksearchbox (protectionLevel=18 flags=0x28dbbec5)
09-07 04:31:32.225  2037  2080 I PackageManager: Un-granting permission android.permission.MANAGE_USB from package com.google.android.googlequicksearchbox (protectionLevel=18 flags=0x28dbbec5)
09-07 04:31:32.225  2037  2080 I PackageManager: Un-granting permission android.permission.CONTROL_INCALL_EXPERIENCE from package com.google.android.googlequicksearchbox (protectionLevel=18 flags=0x28dbbec5)
09-07 04:31:32.225  2037  2080 I PackageManager: Un-granting permission android.permission.WRITE_APN_SETTINGS from package com.google.android.googlequicksearchbox (protectionLevel=18 flags=0x28dbbec5)
09-07 04:31:32.226  2037  2080 I PackageManager: Un-granting permission android.permission.SUBSTITUTE_SHARE_TARGET_APP_NAME_AND_ICON from package com.google.android.googlequicksearchbox (protectionLevel=18 flags=0x28dbbec5)
09-07 04:31:32.226  2037  2080 I PackageManager: Un-granting permission com.google.android.googleapps.permission.GOOGLE_AUTH from package com.android.providers.calendar (protectionLevel=2 flags=0x30883e45)
09-07 04:31:32.226  2037  2080 I PackageManager: Un-granting permission com.google.android.googleapps.permission.GOOGLE_AUTH.cl from package com.android.providers.calendar (protectionLevel=2 flags=0x30883e45)
09-07 04:31:32.227  2037  2080 I PackageManager: Un-granting permission android.permission.WRITE_SECURE_SETTINGS from package com.google.android.apps.enterprise.dmagent (protectionLevel=50 flags=0x30083e05)
09-07 04:31:32.227  2037  2080 I PackageManager: Un-granting permission android.permission.CONNECTIVITY_INTERNAL from package com.google.android.apps.enterprise.dmagent (protectionLevel=18 flags=0x30083e05)
09-07 04:31:32.227  2037  2080 I PackageManager: Un-granting permission android.permission.MANAGE_USB from package com.google.android.apps.enterprise.dmagent (protectionLevel=18 flags=0x30083e05)
09-07 04:31:32.227  2037  2080 I PackageManager: Un-granting permission android.permission.CHANGE_COMPONENT_ENABLED_STATE from package com.google.android.apps.enterprise.dmagent (protectionLevel=18 flags=0x30083e05)
09-07 04:31:32.227  2037  2080 I PackageManager: Un-granting permission android.permission.MANAGE_CA_CERTIFICATES from package com.google.android.apps.enterprise.dmagent (protectionLevel=18 flags=0x30083e05)
09-07 04:31:32.227  2037  2080 I PackageManager: Un-granting permission android.permission.MANAGE_USERS from package com.google.android.apps.enterprise.dmagent (protectionLevel=18 flags=0x30083e05)
09-07 04:31:32.227  2037  2080 I PackageManager: Un-granting permission com.google.android.setupwizard.READ_DEVICE_ORIGIN from package com.google.android.apps.messaging (protectionLevel=18 flags=0x38cbbe45)
09-07 04:31:32.228  2037  2080 I PackageManager: Un-granting permission android.permission.HIDE_NON_SYSTEM_OVERLAY_WINDOWS from package com.android.vending (protectionLevel=258 flags=0x28cabec5)
09-07 04:31:32.228  2037  2080 I PackageManager: Un-granting permission android.permission.SEND_DOWNLOAD_COMPLETED_INTENTS from package com.android.vending (protectionLevel=2 flags=0x28cabec5)
09-07 04:31:32.228  2037  2080 I PackageManager: Un-granting permission android.permission.BIND_WALLPAPER from package com.android.camera2 (protectionLevel=18 flags=0x20d8bc45)
09-07 04:31:32.229  2037  2080 I PackageManager: Un-granting permission android.permission.REQUEST_INSTALL_PACKAGES from package com.google.android.gm (protectionLevel=66 flags=0x38cbbe45)
09-07 04:31:32.230  2037  2080 I PackageManager: Un-granting permission android.permission.BIND_JOB_SERVICE from package com.google.android.music (protectionLevel=2 flags=0x38cbbe65)
09-07 04:31:32.230  2037  2080 I PackageManager: Un-granting permission android.permission.CONNECTIVITY_USE_RESTRICTED_NETWORKS from package com.google.android.captiveportallogin (protectionLevel=18 flags=0x38c8be45)
09-07 04:31:32.230  2037  2080 I PackageManager: Un-granting permission android.permission.NETWORK_BYPASS_PRIVATE_DNS from package com.google.android.captiveportallogin (protectionLevel=2 flags=0x38c8be45)
09-07 04:31:32.230  2037  2080 I PackageManager: Un-granting permission android.permission.REQUEST_INSTALL_PACKAGES from package com.google.android.apps.docs (protectionLevel=66 flags=0x38cbbe45)
09-07 04:31:32.230  2037  2080 I PackageManager: Un-granting permission android.permission.INTERACT_ACROSS_USERS from package com.google.android.syncadapters.contacts (protectionLevel=50 flags=0x20883e45)
09-07 04:31:32.230  2037  2080 I PackageManager: Un-granting permission android.permission.REQUEST_INSTALL_PACKAGES from package com.android.chrome (protectionLevel=66 flags=0xa0cbbe45)
09-07 04:31:32.231  2037  2080 I PackageManager: Un-granting permission android.permission.WRITE_EMBEDDED_SUBSCRIPTIONS from package com.google.android.gms (protectionLevel=50 flags=0xa0cabec5)
09-07 04:31:32.231  2037  2080 I PackageManager: Un-granting permission android.permission.CAPTURE_VIDEO_OUTPUT from package com.google.android.gms (protectionLevel=2 flags=0xa0cabec5)
09-07 04:31:32.231  2037  2080 I PackageManager: Un-granting permission android.permission.FORCE_STOP_PACKAGES from package com.google.android.gms (protectionLevel=18 flags=0xa0cabec5)
09-07 04:31:32.231  2037  2080 I PackageManager: Un-granting permission android.permission.MODIFY_DEFAULT_AUDIO_EFFECTS from package com.google.android.gms (protectionLevel=18 flags=0xa0cabec5)
09-07 04:31:32.232  2037  2080 I PackageManager: Un-granting permission android.permission.MANAGE_DEVICE_ADMINS from package com.google.android.gms (protectionLevel=2 flags=0xa0cabec5)
09-07 04:31:32.232  2037  2080 I PackageManager: Un-granting permission android.permission.MANAGE_ACTIVITY_STACKS from package com.google.android.gms (protectionLevel=2 flags=0xa0cabec5)
09-07 04:31:32.232  2037  2080 I PackageManager: Un-granting permission android.permission.CAPTURE_SECURE_VIDEO_OUTPUT from package com.google.android.gms (protectionLevel=2 flags=0xa0cabec5)
09-07 04:31:32.233  2037  2080 I PackageManager: Un-granting permission android.permission.MANAGE_ROLLBACKS from package com.google.android.gms (protectionLevel=514 flags=0xa0cabec5)
09-07 04:31:32.233  2037  2080 I PackageManager: Un-granting permission android.permission.MEDIA_CONTENT_CONTROL from package com.google.android.gms (protectionLevel=18 flags=0xa0cabec5)
09-07 04:31:32.233  2037  2080 I PackageManager: Un-granting permission android.permission.HIDE_NON_SYSTEM_OVERLAY_WINDOWS from package com.google.android.gms (protectionLevel=258 flags=0xa0cabec5)
09-07 04:31:32.233  2037  2080 I PackageManager: Un-granting permission com.google.android.googleapps.permission.GOOGLE_AUTH from package com.google.android.videos (protectionLevel=2 flags=0x30dbbe45)
09-07 04:31:32.234  2037  2080 I PackageManager: Un-granting permission android.permission.WRITE_MEDIA_STORAGE from package com.google.android.apps.photos (protectionLevel=18 flags=0x38d9be45)
09-07 04:31:32.284  2689  2689 I GsaVoiceInteractionSrv: (REDACTED) O received %s
09-07 04:31:32.285  8176  8176 I Finsky  : [2] vms.g(1): vms - Received: android.intent.action.PACKAGE_REMOVED, [JKgrAT7ZrU_atynDxHtFKlznxOwkruuqzdx-Cu5fTVw]
09-07 04:31:32.290  2037  2066 W BroadcastQueue: Background execution not allowed: receiving Intent { act=android.intent.action.PACKAGE_REMOVED dat=package:ru.iteco.fmhandroid.test flg=0x4000010 (has extras) } to com.android.musicfx/.Compatibility$Receiver
09-07 04:31:32.292  2037  2066 W BroadcastQueue: Background execution not allowed: receiving Intent { act=android.intent.action.PACKAGE_REMOVED dat=package:ru.iteco.fmhandroid.test flg=0x4000010 (has extras) } to com.android.vending/com.google.android.finsky.packagemonitor.impl.PackageMonitorReceiverImpl$RegisteredReceiver
09-07 04:31:32.293  2037  2066 W BroadcastQueue: Background execution not allowed: receiving Intent { act=android.intent.action.PACKAGE_REMOVED dat=package:ru.iteco.fmhandroid.test flg=0x4000010 (has extras) } to com.android.vending/com.google.android.finsky.packagemonitor.backgroundimpl.BackgroundPackageMonitorReceiverImpl$RegisteredReceiver
09-07 04:31:32.295  2037  2133 I InputReader: Reconfiguring input devices.  changes=0x00000010
09-07 04:31:32.310  8176 25552 I Finsky  : [929] oll.run(296): Wrote row to frosting DB: 1738
09-07 04:31:32.311  8176 25554 I Finsky  : [931] pth.accept(76): IQ: handled package removed
09-07 04:31:32.322  8176  8252 I Finsky  : [587] jnn.a(53): AIM: AppInfoManager-Perf > OnDeviceAppInfo > cacheHitCount=0, cacheMissCount=1. Missed  in cache (limit 10) : [ru.iteco.fmhandroid.test]
09-07 04:31:32.327  8176  8252 I Finsky  : [587] jlf.apply(886): AIM: Got app ownership map. App counts: . Unique apps: 0
09-07 04:31:32.334  8176 25552 I Finsky  : [929] oll.run(296): Wrote row to frosting DB: 1739
09-07 04:31:32.383  2689  2689 I GsaVoiceInteractionSrv: (REDACTED) O received %s
09-07 04:31:32.383  8176  8257 I Finsky  : [592] jnj.a(202): AIM: AppInfoManager-Perf > ItemModel > CacheSize=0, cacheHitCount=0, cacheMissCount=1, total appsWithNoServerDataCount=0. Missed  in cache (limit 10) : [ru.iteco.fmhandroid.test]
09-07 04:31:32.384  8176  8257 I Finsky  : [592] jnm.n(24): AIM: AppInfoManager-Perf > ItemModel > ItemStore Called 1 apps cacheOptions = USE_CACHE
09-07 04:31:32.384  8176  8257 I Finsky  : [592] jnj.a(1098): AIM: ItemModel fetch - unauth(1), auth()
09-07 04:31:32.387  2037  2133 I InputReader: Reconfiguring input devices.  changes=0x00000010
09-07 04:31:32.387  8176  8252 I Finsky  : [587] rmt.apply(40): ItemStore: Not cached: ru.iteco.fmhandroid.test
09-07 04:31:32.391  8176  8176 I Finsky  : [2] vms.g(1): vms - Received: android.intent.action.PACKAGE_ADDED, [JKgrAT7ZrU_atynDxHtFKlznxOwkruuqzdx-Cu5fTVw]
09-07 04:31:32.397  2037  2133 I InputReader: Reconfiguring input devices.  changes=0x00000010
09-07 04:31:32.410  2037  2066 W BroadcastQueue: Background execution not allowed: receiving Intent { act=android.intent.action.PACKAGE_REMOVED dat=package:ru.iteco.fmhandroid.test flg=0x4000010 (has extras) } to com.android.vending/com.google.android.finsky.instantapps.appmanagement.InstantAppRemoveMonitor
09-07 04:31:32.434  8176 25552 I Finsky  : [929] oll.run(296): Wrote row to frosting DB: 1740
09-07 04:31:32.451  2434  2940 E ActivityThread: Failed to find provider info for com.google.android.apps.wellbeing.api
09-07 04:31:32.451  8176 25552 I Finsky  : [929] oll.run(296): Wrote row to frosting DB: 1741
09-07 04:31:32.452  8176  8250 I Finsky  : [585] jnn.a(53): AIM: AppInfoManager-Perf > OnDeviceAppInfo > cacheHitCount=0, cacheMissCount=1. Missed  in cache (limit 10) : [ru.iteco.fmhandroid.test]
09-07 04:31:32.454  8176  8250 I Finsky  : [585] jlf.apply(886): AIM: Got app ownership map. App counts: . Unique apps: 0
09-07 04:31:32.455  8176  8176 I Finsky  : [2] qos.akj(13): DTU: Received onPackageAdded, replacing: true
09-07 04:31:32.459  2037  2066 W BroadcastQueue: Background execution not allowed: receiving Intent { act=android.intent.action.PACKAGE_REMOVED dat=package:ru.iteco.fmhandroid.test flg=0x4000010 (has extras) } to com.google.android.gms/.games.chimera.GamesSystemBroadcastReceiverProxy
09-07 04:31:32.459  2037  2066 W BroadcastQueue: Background execution not allowed: receiving Intent { act=android.intent.action.PACKAGE_REMOVED dat=package:ru.iteco.fmhandroid.test flg=0x4000010 (has extras) } to com.google.android.gms/.chimera.GmsIntentOperationService$PersistentTrustedReceiver
09-07 04:31:32.460  2037  2066 W BroadcastQueue: Background execution not allowed: receiving Intent { act=android.intent.action.PACKAGE_ADDED dat=package:ru.iteco.fmhandroid.test flg=0x4000010 (has extras) } to com.google.android.packageinstaller/com.android.packageinstaller.PackageInstalledReceiver
09-07 04:31:32.462  2037  2066 W BroadcastQueue: Background execution not allowed: receiving Intent { act=android.intent.action.PACKAGE_ADDED dat=package:ru.iteco.fmhandroid.test flg=0x4000010 (has extras) } to com.android.musicfx/.Compatibility$Receiver
09-07 04:31:32.463  2037  2066 W BroadcastQueue: Background execution not allowed: receiving Intent { act=android.intent.action.PACKAGE_ADDED dat=package:ru.iteco.fmhandroid.test flg=0x4000010 (has extras) } to com.android.vending/com.google.android.finsky.packagemonitor.impl.PackageMonitorReceiverImpl$RegisteredReceiver
09-07 04:31:32.463  2037  2066 W BroadcastQueue: Background execution not allowed: receiving Intent { act=android.intent.action.PACKAGE_ADDED dat=package:ru.iteco.fmhandroid.test flg=0x4000010 (has extras) } to com.android.vending/com.google.android.finsky.packagemonitor.backgroundimpl.BackgroundPackageMonitorReceiverImpl$RegisteredReceiver
09-07 04:31:32.463  2689  2689 I GsaVoiceInteractionSrv: (REDACTED) O received %s
09-07 04:31:32.464  2037  2066 W BroadcastQueue: Background execution not allowed: receiving Intent { act=android.intent.action.PACKAGE_ADDED dat=package:ru.iteco.fmhandroid.test flg=0x4000010 (has extras) } to com.google.android.gms/.games.chimera.GamesSystemBroadcastReceiverProxy
09-07 04:31:32.464  2037  2066 W BroadcastQueue: Background execution not allowed: receiving Intent { act=android.intent.action.PACKAGE_ADDED dat=package:ru.iteco.fmhandroid.test flg=0x4000010 (has extras) } to com.google.android.gms/.gass.chimera.PackageChangeBroadcastReceiver
09-07 04:31:32.466  2037  2066 W BroadcastQueue: Background execution not allowed: receiving Intent { act=android.intent.action.PACKAGE_ADDED dat=package:ru.iteco.fmhandroid.test flg=0x4000010 (has extras) } to com.google.android.gms/.chimera.GmsIntentOperationService$PersistentTrustedReceiver
09-07 04:31:32.469  8176  8176 I Finsky  : [2] vms.g(1): vms - Received: android.intent.action.PACKAGE_ADDED, [JKgrAT7ZrU_atynDxHtFKlznxOwkruuqzdx-Cu5fTVw]
09-07 04:31:32.471  2037  2066 W BroadcastQueue: Background execution not allowed: receiving Intent { act=android.intent.action.PACKAGE_ADDED dat=package:ru.iteco.fmhandroid.test flg=0x4000010 (has extras) } to com.google.android.ims/.receivers.RcsAutoStartReceiver
09-07 04:31:32.494  2666  3039 W aoza    : Abort, client detached.
09-07 04:31:32.494  2666  3039 W aoza    : Abort, client detached.
09-07 04:31:32.503  8176  8176 I Finsky  : [2] vms.g(1): vms - Deduping intent android.intent.action.PACKAGE_ADDED
09-07 04:31:32.504  2666  3039 W aoza    : Abort, client detached.
09-07 04:31:32.507  8176  8176 I Finsky  : [2] vms.g(1): vms - Received: android.intent.action.PACKAGE_ADDED, [JKgrAT7ZrU_atynDxHtFKlznxOwkruuqzdx-Cu5fTVw]
09-07 04:31:32.534  8176 25552 I Finsky  : [929] oll.run(296): Wrote row to frosting DB: 1742
09-07 04:31:32.553  8176  8176 I Finsky  : [2] vms.g(1): vms - Deduping intent android.intent.action.PACKAGE_ADDED
09-07 04:31:32.563  2037  6424 W BroadcastQueue: Background execution not allowed: receiving Intent { act=android.intent.action.PACKAGE_REPLACED dat=package:ru.iteco.fmhandroid.test flg=0x4000010 (has extras) } to com.android.musicfx/.Compatibility$Receiver
09-07 04:31:32.566  2037  2066 W BroadcastQueue: Background execution not allowed: receiving Intent { act=android.intent.action.PACKAGE_REPLACED dat=package:ru.iteco.fmhandroid.test flg=0x4000010 (has extras) } to com.google.android.apps.photos/.account.full.FetchAccountPropertiesAppUpgradeBroadcastReceiver
09-07 04:31:32.567  2037  2066 W BroadcastQueue: Background execution not allowed: receiving Intent { act=android.intent.action.PACKAGE_REPLACED dat=package:ru.iteco.fmhandroid.test flg=0x4000010 (has extras) } to com.google.android.apps.photos/.account.full.SyncAccountsForLoginBroadcastReceiver
09-07 04:31:32.570  2037  2066 W BroadcastQueue: Background execution not allowed: receiving Intent { act=android.intent.action.PACKAGE_REPLACED dat=package:ru.iteco.fmhandroid.test flg=0x4000010 (has extras) } to com.google.android.apps.photos/.experiments.phenotype.full.PhenotypeAppUpgradeBroadcastReceiver
09-07 04:31:32.570  2037  2066 W BroadcastQueue: Background execution not allowed: receiving Intent { act=android.intent.action.PACKAGE_REPLACED dat=package:ru.iteco.fmhandroid.test flg=0x4000010 (has extras) } to com.google.android.apps.photos/.notificationchannels.AppUpdateBroadcastReceiver
09-07 04:31:32.570  2037  2066 W BroadcastQueue: Background execution not allowed: receiving Intent { act=android.intent.action.PACKAGE_REPLACED dat=package:ru.iteco.fmhandroid.test flg=0x4000010 (has extras) } to com.google.android.gms/.gass.chimera.PackageChangeBroadcastReceiver
09-07 04:31:32.570  2037  2066 W BroadcastQueue: Background execution not allowed: receiving Intent { act=android.intent.action.PACKAGE_REPLACED dat=package:ru.iteco.fmhandroid.test flg=0x4000010 (has extras) } to com.google.android.gms/.chimera.GmsIntentOperationService$PersistentTrustedReceiver
09-07 04:31:32.570  2037  2066 W BroadcastQueue: Background execution not allowed: receiving Intent { act=android.intent.action.PACKAGE_REPLACED dat=package:ru.iteco.fmhandroid.test flg=0x4000010 (has extras) } to com.google.android.ims/.receivers.RcsAutoStartReceiver
09-07 04:31:32.578  8425 25565 I Fitness : (REDACTED) FitCleanupIntentOperation received Intent %s
09-07 04:31:32.584  2037  2037 W Looper  : Slow dispatch took 146ms main h=android.app.ActivityThread$H c=android.app.-$$Lambda$LoadedApk$ReceiverDispatcher$Args$_BumDX2UKsnxLVrE6UJsJZkotuA@4c24adb m=0
09-07 04:31:32.602  2037  2037 W Looper  : Slow delivery took 218ms main h=android.app.ActivityThread$H c=android.app.-$$Lambda$LoadedApk$ReceiverDispatcher$Args$_BumDX2UKsnxLVrE6UJsJZkotuA@fbe588d m=0
09-07 04:31:32.611  8176 25552 I Finsky  : [929] oll.run(296): Wrote row to frosting DB: 1743
09-07 04:31:32.623  8176  8256 I Finsky  : [591] jnj.a(202): AIM: AppInfoManager-Perf > ItemModel > CacheSize=0, cacheHitCount=0, cacheMissCount=1, total appsWithNoServerDataCount=0. Missed  in cache (limit 10) : [ru.iteco.fmhandroid.test]
09-07 04:31:32.623  8176  8256 I Finsky  : [591] jnm.n(24): AIM: AppInfoManager-Perf > ItemModel > ItemStore Called 1 apps cacheOptions = USE_CACHE
09-07 04:31:32.623  8176  8256 I Finsky  : [591] jnj.a(1098): AIM: ItemModel fetch - unauth(1), auth()
09-07 04:31:32.624  8176  8252 I Finsky  : [587] rmt.apply(40): ItemStore: Not cached: ru.iteco.fmhandroid.test
09-07 04:31:32.639  7867 25566 I Auth    : [SupervisedAccountIntentOperation] onHandleIntent(): android.intent.action.PACKAGE_ADDED
09-07 04:31:32.646  7867  7867 D BoundBrokerSvc: onBind: Intent { act=com.google.android.gms.common.BIND_SHARED_PREFS pkg=com.google.android.gms }
09-07 04:31:32.646  7867  7867 D BoundBrokerSvc: Loading bound service for intent: Intent { act=com.google.android.gms.common.BIND_SHARED_PREFS pkg=com.google.android.gms }
09-07 04:31:32.654  8425 25565 I FontLog : (REDACTED) Package %s has no metadata
09-07 04:31:32.677  7867  7867 D BoundBrokerSvc: onUnbind: Intent { act=com.google.android.gms.common.BIND_SHARED_PREFS pkg=com.google.android.gms }
09-07 04:31:32.680  8425  8425 D BoundBrokerSvc: onBind: Intent { act=com.google.android.gms.nearby.exposurenotification.START dat=chimera-action: cmp=com.google.android.gms/.chimera.PersistentApiServiceNoInstantApps }
09-07 04:31:32.680  8425  8425 D BoundBrokerSvc: Loading bound service for intent: Intent { act=com.google.android.gms.nearby.exposurenotification.START dat=chimera-action: cmp=com.google.android.gms/.chimera.PersistentApiServiceNoInstantApps }
09-07 04:31:32.683  2037  2037 I Telecom : DefaultDialerCache: Refreshing default dialer for user 0: now com.android.dialer: DDC.oR@APQ
09-07 04:31:32.698  2279  2279 D CarrierSvcBindHelper: No carrier app for: 0
09-07 04:31:32.704  2037  2037 V BackupManagerConstants: getFullBackupIntervalMilliseconds(...) returns 86400000
09-07 04:31:32.704  2037  2037 V BackupManagerConstants: getFullBackupRequiredNetworkType(...) returns 2
09-07 04:31:32.704  2037  2037 V BackupManagerConstants: getFullBackupRequireCharging(...) returns true
09-07 04:31:32.707  2279  2279 D CarrierSvcBindHelper: No carrier app for: 0
09-07 04:31:32.711  7867  7879 I gle.android.gm: Background young concurrent copying GC freed 25689(1887KB) AllocSpace objects, 4(208KB) LOS objects, 10% free, 10031KB/10MB, paused 1.398ms total 114.837ms
09-07 04:31:32.718  2037  2037 W Looper  : Drained
09-07 04:31:32.745  8425  8568 W ChimeraUtils: Module com.google.android.gms.nearby_en missing resource null(0)
09-07 04:31:32.752  8425  8568 W ChimeraUtils: Module com.google.android.gms.nearby_en missing resource null(0)
09-07 04:31:32.752  2279  2279 D CarrierConfigLoader: mHandler: 9 phoneId: 0
09-07 04:31:32.768  7867  7909 I Icing   : IndexChimeraService.getServiceInterface callingPackage=com.google.android.gms componentName=AppsCorpus serviceId=36
09-07 04:31:32.790  2037  2051 I system_server: Background concurrent copying GC freed 71547(3685KB) AllocSpace objects, 38(1400KB) LOS objects, 26% free, 16MB/22MB, paused 1.207ms total 513.812ms
09-07 04:31:32.795  7867 21325 W Icing   : No valid account for uploading user actions
09-07 04:31:32.799  1858  1889 E         : Couldn't opendir /data/app/vmdl2074927172.tmp: No such file or directory
09-07 04:31:32.800  1858  1889 E installd: Failed to delete /data/app/vmdl2074927172.tmp: No such file or directory
09-07 04:31:32.813  7867 21325 I Icing   : Usage reports ok 0, Failed Usage reports 0, indexed 0, rejected 0
09-07 04:31:32.820  7867 21325 I Icing   : Indexing com.google.android.gms-apps from com.google.android.gms
09-07 04:31:32.820  7867  7911 I Icing   : IndexChimeraService.getServiceInterface callingPackage=com.google.android.gms componentName=null serviceId=30
09-07 04:31:32.827  7867 21325 I Icing   : Indexing done com.google.android.gms-apps
09-07 04:31:32.835  7867 21325 I Icing   : Indexing com.google.android.gms-apps from com.google.android.gms
09-07 04:31:32.837  7867 21325 I Icing   : Indexing done com.google.android.gms-apps
09-07 04:31:32.848  7867 21325 W Icing   : No valid account for uploading user actions
09-07 04:31:32.869  7867 21325 I Icing   : Usage reports ok 0, Failed Usage reports 0, indexed 0, rejected 0
09-07 04:31:32.872  2037  3740 I ActivityManager: Force stopping ru.iteco.fmhandroid.test appid=10135 user=0: from pid 25599
09-07 04:31:32.919  2279  2279 D CarrierSvcBindHelper: No carrier app for: 0
09-07 04:31:33.011 25606 25606 D AndroidRuntime: >>>>>> START com.android.internal.os.RuntimeInit uid 2000 <<<<<<
09-07 04:31:33.013 25606 25606 E libc    : Access denied finding property "persist.device_config.runtime_native_boot.enable_apex_image"
09-07 04:31:33.013 25606 25606 I AndroidRuntime: Using default boot image
09-07 04:31:33.013 25606 25606 E libc    : Access denied finding property "persist.device_config.runtime_native_boot.disable_lock_profiling"
09-07 04:31:33.013 25606 25606 I AndroidRuntime: Leaving lock profiling enabled
09-07 04:31:33.014 25606 25606 E libc    : Access denied finding property "persist.device_config.runtime_native_boot.enable_generational_cc"
09-07 04:31:33.005 25606 25606 W app_process: type=1400 audit(0.0:269): avc: denied { read } for name="u:object_r:device_config_runtime_native_boot_prop:s0" dev="tmpfs" ino=6894 scontext=u:r:shell:s0 tcontext=u:object_r:device_config_runtime_native_boot_prop:s0 tclass=file permissive=0
09-07 04:31:33.005 25606 25606 W app_process: type=1400 audit(0.0:270): avc: denied { read } for name="u:object_r:device_config_runtime_native_boot_prop:s0" dev="tmpfs" ino=6894 scontext=u:r:shell:s0 tcontext=u:object_r:device_config_runtime_native_boot_prop:s0 tclass=file permissive=0
09-07 04:31:33.005 25606 25606 W app_process: type=1400 audit(0.0:271): avc: denied { read } for name="u:object_r:device_config_runtime_native_boot_prop:s0" dev="tmpfs" ino=6894 scontext=u:r:shell:s0 tcontext=u:object_r:device_config_runtime_native_boot_prop:s0 tclass=file permissive=0
09-07 04:31:33.063 25606 25606 D ICU     : Time zone APEX file found: /apex/com.android.tzdata/etc/icu/icu_tzdata.dat
09-07 04:31:33.067 25606 25606 W app_process: Unexpected CPU variant for X86 using defaults: x86
09-07 04:31:33.071 25606 25606 I app_process: The ClassLoaderContext is a special shared library.
09-07 04:31:33.091 25606 25606 W app_process: JNI RegisterNativeMethods: attempt to register 0 native methods for android.media.AudioAttributes
09-07 04:31:33.093 25606 25606 D AndroidRuntime: Calling main entry com.android.commands.am.Am
09-07 04:31:33.098  2037  3740 I ActivityManager: Force stopping ru.iteco.fmhandroid appid=10136 user=0: start instr
09-07 04:31:33.109  1775  1775 D Zygote  : Forked child process 25621
09-07 04:31:33.119  2037  2067 I ActivityManager: Start proc 25621:ru.iteco.fmhandroid/u0a136 for added application ru.iteco.fmhandroid
09-07 04:31:33.120 25621 25621 I teco.fmhandroi: Late-enabling -Xcheck:jni
09-07 04:31:33.132 25621 25621 E teco.fmhandroi: Unknown bits set in runtime_flags: 0x8000
09-07 04:31:33.133 25621 25621 W teco.fmhandroi: Unexpected CPU variant for X86 using defaults: x86
09-07 04:31:33.183 25621 25621 I teco.fmhandroi: The ClassLoaderContext is a special shared library.
09-07 04:31:33.184 25621 25621 I teco.fmhandroi: The ClassLoaderContext is a special shared library.
09-07 04:31:33.196  1792  2272 E GnssHAL_GnssInterface: gnssSvStatusCb: a: input svInfo.flags is 8
09-07 04:31:33.196  1792  2272 E GnssHAL_GnssInterface: gnssSvStatusCb: b: input svInfo.flags is 8
09-07 04:31:33.238  8176  8250 I Finsky  : [585] xty.accept(378): SCH: Scheduling phonesky job Id: 12-1, CT: 1694061092338, Constraints: [{ L: 15000, D: 86400000, C: 1, I: 1, N: 1 }]
09-07 04:31:33.244  8176  8257 I Finsky  : [592] yew.apply(123): SCH: Scheduling 1 system job(s)
09-07 04:31:33.244  8176  8257 I Finsky  : [592] yvz.d(263): SCH: Scheduling system job Id: 9149, L: 14094, D: 69869385, C: false, I: false, N: 1
09-07 04:31:33.265  8176  8246 I Finsky  : [581] kiz.aeG(143): [ContentSync] finished, scheduled=true
09-07 04:31:33.268  8176  8250 I Finsky  : [585] xty.accept(378): SCH: Scheduling phonesky job Id: 12-1, CT: 1694061092459, Constraints: [{ L: 15000, D: 86400000, C: 1, I: 1, N: 1 }]
09-07 04:31:33.273  8176  8256 I Finsky  : [591] yew.apply(123): SCH: Scheduling 0 system job(s)
09-07 04:31:33.273  8176  8256 I Finsky  : [591] kiz.aeG(143): [ContentSync] finished, scheduled=true
09-07 04:31:33.279  8176  8257 E Finsky  : [592] rna.a(110): ItemStore: getItems RPC failed.
09-07 04:31:33.279  8176  8257 E Finsky  : [592] rna.a(110): ItemStore: getItems RPC failed.
09-07 04:31:33.600 25621 25621 I teco.fmhandroi: The ClassLoaderContext is a special shared library.
09-07 04:31:33.601 25621 25621 I teco.fmhandroi: The ClassLoaderContext is a special shared library.
09-07 04:31:33.939 25621 25621 W teco.fmhandroi: Accessing hidden method Landroid/app/Instrumentation;->execStartActivity(Landroid/content/Context;Landroid/os/IBinder;Landroid/os/IBinder;Landroid/app/Activity;Landroid/content/Intent;ILandroid/os/Bundle;)Landroid/app/Instrumentation$ActivityResult; (greylist, linking, allowed)
09-07 04:31:33.940 25621 25621 W teco.fmhandroi: Accessing hidden method Landroid/app/Instrumentation;->execStartActivity(Landroid/content/Context;Landroid/os/IBinder;Landroid/os/IBinder;Ljava/lang/String;Landroid/content/Intent;ILandroid/os/Bundle;)Landroid/app/Instrumentation$ActivityResult; (greylist, linking, allowed)
09-07 04:31:33.953 25621 25621 I MonitoringInstr: newApplication called!
09-07 04:31:34.002 25621 25621 I FirebaseApp: Device unlocked: initializing all Firebase APIs for app [DEFAULT]
09-07 04:31:34.013 25621 25621 I FirebaseCrashlytics: Initializing Firebase Crashlytics 18.2.6 for ru.iteco.fmhandroid
09-07 04:31:34.058 25621 25657 I DynamiteModule: Considering local module com.google.android.gms.measurement.dynamite:55 and remote module com.google.android.gms.measurement.dynamite:93
09-07 04:31:34.058 25621 25657 I DynamiteModule: Selected remote version of com.google.android.gms.measurement.dynamite, version >= 93
09-07 04:31:34.060 25621 25657 V DynamiteModule: Dynamite loader version >= 2, using loadModule2NoCrashUtils
09-07 04:31:34.086 25621 25657 W System  : ClassLoader referenced unknown path: 
09-07 04:31:34.134 25621 25621 I FirebaseInitProvider: FirebaseApp initialization successful
09-07 04:31:34.157 25621 25621 I MonitoringInstr: Instrumentation started!
09-07 04:31:34.163 25621 25621 D ClassesArgTokenizer: input: ru.iteco.fmhandroid.ui.MainPageTest#shouldOpenClaimsItemDescription
09-07 04:31:34.164 25621 25621 D ClassesArgTokenizer: result: [ru.iteco.fmhandroid.ui.MainPageTest#shouldOpenClaimsItemDescription]
09-07 04:31:34.164 25621 25621 D ClassesArgTokenizer: input: null
09-07 04:31:34.164 25621 25621 D ClassesArgTokenizer: result: []
09-07 04:31:34.169 25621 25621 V TestEventClient: No service name argument was given (testDiscoveryService, testRunEventService or orchestratorService)
09-07 04:31:34.179 25621 25665 D AndroidJUnitRunner: onStart is called.
09-07 04:31:34.179 25621 25657 W teco.fmhandroi: Accessing hidden method Lsun/misc/Unsafe;->arrayBaseOffset(Ljava/lang/Class;)I (greylist,core-platform-api, linking, allowed)
09-07 04:31:34.179 25621 25657 W teco.fmhandroi: Accessing hidden method Lsun/misc/Unsafe;->arrayIndexScale(Ljava/lang/Class;)I (greylist, linking, allowed)
09-07 04:31:34.179 25621 25657 W teco.fmhandroi: Accessing hidden method Lsun/misc/Unsafe;->compareAndSwapInt(Ljava/lang/Object;JII)Z (greylist, linking, allowed)
09-07 04:31:34.179 25621 25657 W teco.fmhandroi: Accessing hidden method Lsun/misc/Unsafe;->compareAndSwapLong(Ljava/lang/Object;JJJ)Z (greylist, linking, allowed)
09-07 04:31:34.179 25621 25657 W teco.fmhandroi: Accessing hidden method Lsun/misc/Unsafe;->getIntVolatile(Ljava/lang/Object;J)I (greylist, linking, allowed)
09-07 04:31:34.179 25621 25657 W teco.fmhandroi: Accessing hidden method Lsun/misc/Unsafe;->getObjectVolatile(Ljava/lang/Object;J)Ljava/lang/Object; (greylist, linking, allowed)
09-07 04:31:34.179 25621 25657 W teco.fmhandroi: Accessing hidden method Lsun/misc/Unsafe;->objectFieldOffset(Ljava/lang/reflect/Field;)J (greylist,core-platform-api, linking, allowed)
09-07 04:31:34.179 25621 25657 W teco.fmhandroi: Accessing hidden method Lsun/misc/Unsafe;->putObjectVolatile(Ljava/lang/Object;JLjava/lang/Object;)V (greylist, linking, allowed)
09-07 04:31:34.180 25621 25657 W teco.fmhandroi: Accessing hidden field Lsun/misc/Unsafe;->theUnsafe:Lsun/misc/Unsafe; (greylist, reflection, allowed)
09-07 04:31:34.189 25621 25621 I MonitoringInstr: No JSBridge.
09-07 04:31:34.196  1792  2272 E GnssHAL_GnssInterface: gnssSvStatusCb: a: input svInfo.flags is 8
09-07 04:31:34.196  1792  2272 E GnssHAL_GnssInterface: gnssSvStatusCb: b: input svInfo.flags is 8
09-07 04:31:34.205 25621 25665 D TestRequestBuilder: Skipping class path scanning and directly running [ru.iteco.fmhandroid.ui.MainPageTest]
09-07 04:31:34.211 25621 25665 D ClassesArgTokenizer: input: ru.iteco.fmhandroid.ui.MainPageTest#shouldOpenClaimsItemDescription
09-07 04:31:34.211 25621 25665 D ClassesArgTokenizer: result: [ru.iteco.fmhandroid.ui.MainPageTest#shouldOpenClaimsItemDescription]
09-07 04:31:34.211 25621 25665 D ClassesArgTokenizer: input: null
09-07 04:31:34.211 25621 25665 D ClassesArgTokenizer: result: []
09-07 04:31:34.225 25621 25665 D AndroidJUnitRunner: Use the raw file system for managing file I/O.
09-07 04:31:34.229 25621 25665 D TestExecutor: Adding listener androidx.test.internal.runner.listener.LogRunListener
09-07 04:31:34.230 25621 25665 D TestExecutor: Adding listener androidx.test.internal.runner.listener.InstrumentationResultPrinter
09-07 04:31:34.230 25621 25665 D TestExecutor: Adding listener androidx.test.internal.runner.listener.ActivityFinisherRunListener
09-07 04:31:34.230 25621 25665 D TestExecutor: Adding listener androidx.test.internal.runner.listener.TraceRunListener
09-07 04:31:34.235 25621 25665 I TestRunner: run started: 1 tests
09-07 04:31:34.254 25621 25666 V FA      : App measurement collection enabled
09-07 04:31:34.255 25621 25666 V FA      : App measurement enabled for app package, google app id: ru.iteco.fmhandroid, 1:729587742060:android:e7d6f87c783f52b9a42f49
09-07 04:31:34.256 25621 25666 I FA      : App measurement initialized, version: 80069
09-07 04:31:34.256 25621 25666 I FA      : To enable debug logging run: adb shell setprop log.tag.FA VERBOSE
09-07 04:31:34.257 25621 25666 I FA      : To enable faster debug mode event logging run:
09-07 04:31:34.257 25621 25666 I FA      :   adb shell setprop debug.firebase.analytics.app ru.iteco.fmhandroid
09-07 04:31:34.257 25621 25666 D FA      : Debug-level message logging enabled
09-07 04:31:34.269 25621 25665 I TestRunner: started: shouldOpenClaimsItemDescription(ru.iteco.fmhandroid.ui.MainPageTest)
09-07 04:31:34.276 25621 25666 D FA      : Resetting session stitching token to not null
09-07 04:31:34.289 25621 25666 V FA      : Connecting to remote service
09-07 04:31:34.292  7867  7867 D BoundBrokerSvc: onBind: Intent { act=com.google.android.gms.measurement.START pkg=com.google.android.gms }
09-07 04:31:34.292  7867  7867 D BoundBrokerSvc: Loading bound service for intent: Intent { act=com.google.android.gms.measurement.START pkg=com.google.android.gms }
09-07 04:31:34.302 25621 25666 V FA      : Connection attempt already in progress
09-07 04:31:34.311 25621 25666 V FA      : Connection attempt already in progress
09-07 04:31:34.311 25621 25666 D FA      : Connected to remote service
09-07 04:31:34.311 25621 25666 V FA      : Processing queued up service tasks: 3
09-07 04:31:34.345  7867 22594 V FA-SVC  : Saving default event parameters, appId, data size: ru.iteco.fmhandroid, 2
09-07 04:31:34.375  1774 25670 E ResolverController: No valid NAT64 prefix (101, <unspecified>/0)
09-07 04:31:34.420  2037  2037 V SettingsProvider: Notifying for 0: content://settings/secure/accessibility_enabled
09-07 04:31:34.424  2689  3033 I fteu    : (REDACTED) #onAccessibilityStateChanged enabled: %s
09-07 04:31:34.424  2689  3084 I fteu    : #onChange
09-07 04:31:34.424  2689  3084 I csoe    : #FCF: onChange
09-07 04:31:34.424  2689  3084 I csoi    : (REDACTED) FCF System FeatureName to check: %s
09-07 04:31:34.424  2689  3084 I csoi    : (REDACTED) FCF: Device model check status : %s
09-07 04:31:34.424  2689  3084 I csof    : FCF A11y Checker - readyForTngMa
09-07 04:31:34.425  2689  3085 I ctnd    : (REDACTED) #isBluetoothOrWiredHeadsetConnected Number of connected audio devices: %s
09-07 04:31:34.425  2689  3085 I cspe    : (REDACTED) #FCF: Headset Connected Status: %s
09-07 04:31:34.426  2689  3085 I csqs    : (REDACTED) #FCF: Managed profile check status : %s
09-07 04:31:34.426  2689  3085 I csqr    : (REDACTED) #FCF: Demo mode check status : %s
09-07 04:31:34.427  2689  3084 I csno    : (REDACTED) #FCF: Assistant primary locale : %s
09-07 04:31:34.427  2689  3084 I csno    : (REDACTED) #FCF: Assistant Primary locale check status : %s
09-07 04:31:34.428  2666  3005 I biwj    : NGA disabled since it's running Panthera and at least one a11y feature is on.
09-07 04:31:34.428  2666  3005 I biwj    : (REDACTED) Nga state changed to %s
09-07 04:31:34.430  2689  3084 W csqu    : Unable to check for productivity accounts. Assuming there are none.
09-07 04:31:34.430  2689  3084 W csqu    : com.google.android.libraries.geller.portable.GellerException: Code: INVALID_ARGUMENT, Message: Account name is null.
09-07 04:31:34.430  2689  3084 W csqu    : 	at ghid.a(PG:6)
09-07 04:31:34.430  2689  3084 W csqu    : 	at gxvx.a(PG:3)
09-07 04:31:34.430  2689  3084 W csqu    : 	at hnzx.a(PG:1)
09-07 04:31:34.430  2689  3084 W csqu    : 	at hobr.run(PG:4)
09-07 04:31:34.430  2689  3084 W csqu    : 	at ewes.run(PG:1)
09-07 04:31:34.430  2689  3084 W csqu    : 	at java.util.concurrent.ThreadPoolExecutor.runWorker(ThreadPoolExecutor.java:1167)
09-07 04:31:34.430  2689  3084 W csqu    : 	at java.util.concurrent.ThreadPoolExecutor$Worker.run(ThreadPoolExecutor.java:641)
09-07 04:31:34.430  2689  3084 W csqu    : 	at ewdw.run(PG:2)
09-07 04:31:34.430  2689  3084 W csqu    : 	at java.lang.Thread.run(Thread.java:919)
09-07 04:31:34.430  2689  3084 W csqu    : 	at ewfb.run(PG:5)
09-07 04:31:34.445  2689  3084 I yzq     : (REDACTED) Nga on-device enabled based on TNG:MA active state: %b
09-07 04:31:34.453  2689  3084 I yzq     : (REDACTED) Nga on-device enabled based on TNG:MA active state: %b
09-07 04:31:34.453  2689  3084 I yzq     : Unsubscribed to apa or classic variant change.
09-07 04:31:34.459  2666  3039 I bjbd    : Trying to enqueue PieTriggeringWorker
09-07 04:31:34.461  2689  3085 I csts    : (REDACTED) #FCF evaluate: %s
09-07 04:31:34.461  2689  3085 I csts    : (REDACTED) TngMaStatusChecker#evaluateInternal completed in %s millis
09-07 04:31:34.461  2689  3085 I cscy    : (REDACTED) TNG:MA status updated: %s
09-07 04:31:34.461  2689  3085 I cscy    : TNG:MA became ineligible, client should disconnect
09-07 04:31:34.461  2689  2689 I aaag    : (REDACTED) eventData = %s
09-07 04:31:34.461  2689  3085 I cscy    : #disconnectAndStop - preventing double stop
09-07 04:31:34.461  2689  3085 I csts    : #invalidationSource: adding saa update checker
09-07 04:31:34.461  2689  3085 I csts    : #invalidationSource: adding headset checker
09-07 04:31:34.462  2689  3085 I znc     : Logging success flow
09-07 04:31:34.472 25621 25665 W Settings: Setting always_finish_activities has moved from android.provider.Settings.System to android.provider.Settings.Global, returning read-only value.
09-07 04:31:34.475  2666  3039 I bjbd    : Trying to enqueue PieTriggeringWorker
09-07 04:31:34.477  2689  2689 I aaag    : (REDACTED) eventData = %s
09-07 04:31:34.478  2689  3085 I znc     : Logging success flow
09-07 04:31:34.481  2666  2704 I earchbox:searc: Background young concurrent copying GC freed 38055(1593KB) AllocSpace objects, 1(16KB) LOS objects, 6% free, 17MB/18MB, paused 7.111ms total 43.040ms
09-07 04:31:34.483  2037  7767 I ActivityTaskManager: START u0 {act=android.intent.action.MAIN cat=[android.intent.category.LAUNCHER] flg=0x10008000 cmp=ru.iteco.fmhandroid.test/androidx.test.core.app.InstrumentationActivityInvoker$BootstrapActivity (has extras)} from uid 10136
09-07 04:31:34.487  2666  3039 I bjbd    : Trying to enqueue PieTriggeringWorker
09-07 04:31:34.494  2689  2689 I aaag    : (REDACTED) eventData = %s
09-07 04:31:34.497  2037  2061 E system_server: Invalid ID 0x00000000.
09-07 04:31:34.499  2037  7767 W InputReader: Device has associated, but no associated display id.
09-07 04:31:34.499  2037  7767 I chatty  : uid=1000(system) Binder:2037_1E identical 8 lines
09-07 04:31:34.499  2037  7767 W InputReader: Device has associated, but no associated display id.
09-07 04:31:34.516  1793  1793 D gralloc_ranchu: gralloc_alloc: Creating ashmem region of size 9850880
09-07 04:31:34.522  1775  1775 D Zygote  : Forked child process 25677
09-07 04:31:34.524 25677 25677 I fmhandroid.tes: Late-enabling -Xcheck:jni
09-07 04:31:34.528  2037  2067 I ActivityManager: Start proc 25677:ru.iteco.fmhandroid.test/u0a135 for activity {ru.iteco.fmhandroid.test/androidx.test.core.app.InstrumentationActivityInvoker$BootstrapActivity}
09-07 04:31:34.544 25677 25677 W fmhandroid.tes: Suspending all threads took: 17.968ms
09-07 04:31:34.554 25677 25677 E fmhandroid.tes: Unknown bits set in runtime_flags: 0x8000
09-07 04:31:34.555 25677 25677 W fmhandroid.tes: Unexpected CPU variant for X86 using defaults: x86
09-07 04:31:34.576  2037  2847 W InputReader: Device has associated, but no associated display id.
09-07 04:31:34.587  2037  2847 I chatty  : uid=1000(system) Binder:2037_B identical 28 lines
09-07 04:31:34.588  2037  2847 W InputReader: Device has associated, but no associated display id.
09-07 04:31:34.591  2037  2061 W InputReader: Device has associated, but no associated display id.
09-07 04:31:34.592  2037  2061 I chatty  : uid=1000(system) android.anim identical 8 lines
09-07 04:31:34.592  2037  2061 W InputReader: Device has associated, but no associated display id.
09-07 04:31:34.603  2666  3068 D EGL_emulation: eglMakeCurrent: 0xda21b0e0: ver 2 0 (tinfo 0xda20fbb0)
09-07 04:31:34.604  2434  2714 D EGL_emulation: eglMakeCurrent: 0xed453b60: ver 2 0 (tinfo 0xe233a960)
09-07 04:31:34.610  2666  2666 I dnsi    : onPause
09-07 04:31:34.613 25677 25677 I fmhandroid.tes: The ClassLoaderContext is a special shared library.
09-07 04:31:34.614 25677 25677 I fmhandroid.tes: The ClassLoaderContext is a special shared library.
09-07 04:31:34.617  2182  2468 D EGL_emulation: eglMakeCurrent: 0xda21a360: ver 2 0 (tinfo 0xda20f590)
09-07 04:31:34.621  2182  2182 W View    : requestLayout() improperly called by com.android.keyguard.AlphaOptimizedLinearLayout{551c6d8 V.E...... ......ID 7,0-48,61 #7f0a041c app:id/wifi_group} during second layout pass: posting in next frame
09-07 04:31:34.626  2666  5846 V ClearcutMetricXmitter: Transmission is done.
09-07 04:31:34.638  2182  2182 W View    : requestLayout() improperly called by StatusBarIconView(slot=mobile icon=null notification=null) during layout: running second layout pass
09-07 04:31:34.644  2182  2468 D EGL_emulation: eglMakeCurrent: 0xda21a360: ver 2 0 (tinfo 0xda20f590)
09-07 04:31:34.755  1823  2078 E SurfaceFlinger: ro.sf.lcd_density must be defined as a build property
09-07 04:31:34.756  1823  2078 E SurfaceFlinger: ro.sf.lcd_density must be defined as a build property
09-07 04:31:34.759 25677 25710 D libEGL  : Emulator has host GPU support, qemu.gles is set to 1.
09-07 04:31:34.759 25677 25710 W libc    : Unable to set property "qemu.gles" to "1": connection failed; errno=13 (Permission denied)
09-07 04:31:34.755 25677 25677 W RenderThread: type=1400 audit(0.0:272): avc: denied { write } for name="property_service" dev="tmpfs" ino=6988 scontext=u:r:untrusted_app:s0:c135,c256,c512,c768 tcontext=u:object_r:property_socket:s0 tclass=sock_file permissive=0
09-07 04:31:34.773 25677 25710 D libEGL  : loaded /vendor/lib/egl/libEGL_emulation.so
09-07 04:31:34.777 25677 25710 D libEGL  : loaded /vendor/lib/egl/libGLESv1_CM_emulation.so
09-07 04:31:34.780 25677 25710 D libEGL  : loaded /vendor/lib/egl/libGLESv2_emulation.so
09-07 04:31:34.792  2037  2847 I ActivityTaskManager: START u0 {act=android.intent.action.MAIN cat=[android.intent.category.LAUNCHER] cmp=ru.iteco.fmhandroid/.ui.AppActivity} from uid 10136
09-07 04:31:34.797  2037  2847 W InputReader: Device has associated, but no associated display id.
09-07 04:31:34.798  2037  2847 I chatty  : uid=1000(system) Binder:2037_B identical 38 lines
09-07 04:31:34.798  2037  2847 W InputReader: Device has associated, but no associated display id.
09-07 04:31:34.798 25621 25621 W ActivityThread: handleWindowVisibility: no activity for token android.os.BinderProxy@dce2beb
09-07 04:31:34.799  2037  2847 W InputReader: Device has associated, but no associated display id.
09-07 04:31:34.801  2037  2847 I chatty  : uid=1000(system) Binder:2037_B identical 18 lines
09-07 04:31:34.801  2037  2847 W InputReader: Device has associated, but no associated display id.
09-07 04:31:34.805  1823  2078 E SurfaceFlinger: ro.sf.lcd_density must be defined as a build property
09-07 04:31:34.805  1823  2078 E SurfaceFlinger: ro.sf.lcd_density must be defined as a build property
09-07 04:31:34.806 25621 25712 D libEGL  : Emulator has host GPU support, qemu.gles is set to 1.
09-07 04:31:34.806 25621 25712 W libc    : Unable to set property "qemu.gles" to "1": connection failed; errno=13 (Permission denied)
09-07 04:31:34.795 25621 25621 W RenderThread: type=1400 audit(0.0:273): avc: denied { write } for name="property_service" dev="tmpfs" ino=6988 scontext=u:r:untrusted_app:s0:c136,c256,c512,c768 tcontext=u:object_r:property_socket:s0 tclass=sock_file permissive=0
09-07 04:31:34.819  2666  2666 I dnsi    : onStop
09-07 04:31:34.840  1823  1823 W SurfaceFlinger: couldn't log to binary event log: overflow.
09-07 04:31:34.840  1823  1823 W SurfaceFlinger: couldn't log to binary event log: overflow.
09-07 04:31:34.849 25621 25712 D libEGL  : loaded /vendor/lib/egl/libEGL_emulation.so
09-07 04:31:34.851 25621 25712 D libEGL  : loaded /vendor/lib/egl/libGLESv1_CM_emulation.so
09-07 04:31:34.853 25621 25712 D libEGL  : loaded /vendor/lib/egl/libGLESv2_emulation.so
09-07 04:31:34.871 25621 25621 D LifecycleMonitor: Lifecycle status change: ru.iteco.fmhandroid.ui.AppActivity@bf025f4 in: PRE_ON_CREATE
09-07 04:31:34.872 25621 25621 V ActivityScenario: Activity lifecycle changed event received but ignored because the reported transition was not ON_CREATE while the last known transition was PRE_ON_CREATE
09-07 04:31:34.884 25621 25657 V FA      : onActivityCreated
09-07 04:31:34.903 25621 25621 W teco.fmhandroi: Accessing hidden method Landroid/view/View;->computeFitSystemWindows(Landroid/graphics/Rect;Landroid/graphics/Rect;)Z (greylist, reflection, allowed)
09-07 04:31:34.903 25621 25621 W teco.fmhandroi: Accessing hidden method Landroid/view/ViewGroup;->makeOptionalFitsSystemWindows()V (greylist, reflection, allowed)
09-07 04:31:34.999 25621 25621 D NetworkSecurityConfig: No Network Security Config specified, using platform default
09-07 04:31:35.006 25621 25621 W teco.fmhandroi: Accessing hidden method Ljava/lang/invoke/MethodHandles$Lookup;-><init>(Ljava/lang/Class;I)V (greylist, reflection, allowed)
09-07 04:31:35.096 25621 25621 D LifecycleMonitor: Lifecycle status change: ru.iteco.fmhandroid.ui.AppActivity@bf025f4 in: CREATED
09-07 04:31:35.096 25621 25621 V ActivityScenario: Update currentActivityStage to CREATED, currentActivity=ru.iteco.fmhandroid.ui.AppActivity@bf025f4
09-07 04:31:35.174 25621 25621 D LifecycleMonitor: Lifecycle status change: ru.iteco.fmhandroid.ui.AppActivity@bf025f4 in: STARTED
09-07 04:31:35.174 25621 25621 V ActivityScenario: Update currentActivityStage to STARTED, currentActivity=ru.iteco.fmhandroid.ui.AppActivity@bf025f4
09-07 04:31:35.176 25621 25666 V FA      : Activity resumed, time: 4019068
09-07 04:31:35.176 25621 25621 D LifecycleMonitor: Lifecycle status change: ru.iteco.fmhandroid.ui.AppActivity@bf025f4 in: RESUMED
09-07 04:31:35.176 25621 25621 V ActivityScenario: Update currentActivityStage to RESUMED, currentActivity=ru.iteco.fmhandroid.ui.AppActivity@bf025f4
09-07 04:31:35.179 25621 25657 W teco.fmhandroi: Accessing hidden method Lsun/misc/Unsafe;->compareAndSwapObject(Ljava/lang/Object;JLjava/lang/Object;Ljava/lang/Object;)Z (greylist, linking, allowed)
09-07 04:31:35.179 25621 25657 W teco.fmhandroi: Accessing hidden method Lsun/misc/Unsafe;->getObject(Ljava/lang/Object;J)Ljava/lang/Object; (greylist, linking, allowed)
09-07 04:31:35.183 25621 25666 I FA      : Tag Manager is not found and thus will not be used
09-07 04:31:35.187 25621 25665 W FileTestStorage: Output properties is not supported.
09-07 04:31:35.188 25621 25665 I Tracing : Tracer added: class androidx.test.platform.tracing.AndroidXTracer
09-07 04:31:35.198  1792  2272 E GnssHAL_GnssInterface: gnssSvStatusCb: a: input svInfo.flags is 8
09-07 04:31:35.198  1792  2272 E GnssHAL_GnssInterface: gnssSvStatusCb: b: input svInfo.flags is 8
09-07 04:31:35.200 25621 25665 D EventInjectionStrategy: Creating injection strategy with input manager.
09-07 04:31:35.200 25621 25665 W teco.fmhandroi: Accessing hidden method Landroid/hardware/input/InputManager;->getInstance()Landroid/hardware/input/InputManager; (greylist, reflection, allowed)
09-07 04:31:35.200 25621 25665 W teco.fmhandroi: Accessing hidden method Landroid/hardware/input/InputManager;->injectInputEvent(Landroid/view/InputEvent;I)Z (greylist, reflection, allowed)
09-07 04:31:35.200 25621 25665 W teco.fmhandroi: Accessing hidden field Landroid/hardware/input/InputManager;->INJECT_INPUT_EVENT_MODE_WAIT_FOR_FINISH:I (greylist, reflection, allowed)
