09-07 04:31:56.698 25677 25708 D EGL_emulation: eglMakeCurrent: 0xed47f280: ver 2 0 (tinfo 0xed4894e0)
09-07 04:31:56.699  1793  1793 D gralloc_ranchu: gralloc_alloc: Creating ashmem region of size 9850880
09-07 04:31:56.701 25677 25708 D eglCodecCommon: setVertexArrayObject: set vao to 0 (0) 1 0
09-07 04:31:56.703  7867 22594 V FA-SVC  : Upload scheduled in approximately ms: 3322596
09-07 04:31:56.703  7867 22594 V FA-SVC  : Unscheduling upload
09-07 04:31:56.707  7867 22594 V FA-SVC  : Scheduling upload, millis: 3322596
09-07 04:31:56.709  7867 22594 V FA-SVC  : Background event processing time, ms: 27
09-07 04:31:56.777 25677 25677 W ActivityThread: handleWindowVisibility: no activity for token android.os.BinderProxy@ee74d3e
09-07 04:31:56.795  2037  2674 W ActivityTaskManager: Duplicate finish request for ActivityRecord{9e2b0e6 u0 ru.iteco.fmhandroid/.ui.AppActivity t795 f}
09-07 04:31:56.813  1793  1793 D gralloc_ranchu: gralloc_alloc: Creating ashmem region of size 9850880
09-07 04:31:56.820  1793  1793 I chatty  : uid=1000(system) allocator@2.0-s identical 1 line
09-07 04:31:56.822  1793  1793 D gralloc_ranchu: gralloc_alloc: Creating ashmem region of size 9850880
09-07 04:31:56.829 25677 25708 D EGL_emulation: eglMakeCurrent: 0xed47f280: ver 2 0 (tinfo 0xed4894e0)
09-07 04:31:56.832 25621 25711 D EGL_emulation: eglMakeCurrent: 0xda21b260: ver 2 0 (tinfo 0xda20fe90)
09-07 04:31:56.833  2182  2182 W View    : requestLayout() improperly called by com.android.keyguard.AlphaOptimizedLinearLayout{551c6d8 V.E...... ......ID 7,0-48,61 #7f0a041c app:id/wifi_group} during second layout pass: posting in next frame
09-07 04:31:56.835  1793  1793 D gralloc_ranchu: gralloc_alloc: Creating ashmem region of size 9850880
09-07 04:31:56.846  2182  2182 W View    : requestLayout() improperly called by StatusBarIconView(slot=mobile icon=null notification=null) during layout: running second layout pass
09-07 04:31:56.860  2037  2061 W InputReader: Device has associated, but no associated display id.
09-07 04:31:56.860  2037  2061 I chatty  : uid=1000(system) android.anim identical 18 lines
09-07 04:31:56.860  2037  2061 W InputReader: Device has associated, but no associated display id.
09-07 04:31:56.862 25621 25711 D EGL_emulation: eglMakeCurrent: 0xda21b260: ver 2 0 (tinfo 0xda20fe90)
09-07 04:31:56.862  2037  2065 I ActivityTaskManager: Displayed ru.iteco.fmhandroid.test/androidx.test.core.app.InstrumentationActivityInvoker$EmptyActivity: +228ms
09-07 04:31:56.870  2037  3740 W InputReader: Device has associated, but no associated display id.
09-07 04:31:56.870  2037  3740 I chatty  : uid=1000(system) Binder:2037_D identical 8 lines
09-07 04:31:56.870  2037  3740 W InputReader: Device has associated, but no associated display id.
09-07 04:31:56.880  2182  2182 W View    : requestLayout() improperly called by com.android.keyguard.AlphaOptimizedLinearLayout{551c6d8 V.E...... ......ID 7,0-48,61 #7f0a041c app:id/wifi_group} during second layout pass: posting in next frame
09-07 04:31:56.883  2182  2182 W View    : requestLayout() improperly called by StatusBarIconView(slot=mobile icon=null notification=null) during layout: running second layout pass
09-07 04:31:56.895  1793  1793 D gralloc_ranchu: gralloc_alloc: Creating ashmem region of size 9850880
09-07 04:31:56.908 25621 25711 D EGL_emulation: eglMakeCurrent: 0xda21b260: ver 2 0 (tinfo 0xda20fe90)
09-07 04:31:56.914  2182  2182 W View    : requestLayout() improperly called by com.android.keyguard.AlphaOptimizedLinearLayout{551c6d8 V.E...... ......ID 7,0-48,61 #7f0a041c app:id/wifi_group} during second layout pass: posting in next frame
09-07 04:31:56.921  2182  2182 W View    : requestLayout() improperly called by StatusBarIconView(slot=mobile icon=null notification=null) during layout: running second layout pass
09-07 04:31:56.923  2037  7240 W InputReader: Device has associated, but no associated display id.
09-07 04:31:56.923  2037  7240 I chatty  : uid=1000(system) Binder:2037_1C identical 8 lines
09-07 04:31:56.923  2037  7240 W InputReader: Device has associated, but no associated display id.
09-07 04:31:56.937 25621 25621 D LifecycleMonitor: Lifecycle status change: ru.iteco.fmhandroid.ui.AppActivity@bf025f4 in: STOPPED
09-07 04:31:56.938 25621 25621 V ActivityScenario: Update currentActivityStage to STOPPED, currentActivity=ru.iteco.fmhandroid.ui.AppActivity@bf025f4
09-07 04:31:56.949  2182  2182 W View    : requestLayout() improperly called by com.android.keyguard.AlphaOptimizedLinearLayout{551c6d8 V.E...... ......ID 7,0-48,61 #7f0a041c app:id/wifi_group} during second layout pass: posting in next frame
09-07 04:31:56.956  2182  2182 W View    : requestLayout() improperly called by StatusBarIconView(slot=mobile icon=null notification=null) during layout: running second layout pass
09-07 04:31:56.963  1793  1793 D gralloc_ranchu: gralloc_alloc: Creating ashmem region of size 9850880
09-07 04:31:56.968  1793 14098 D gralloc_ranchu: gralloc_alloc: Creating ashmem region of size 9850880
09-07 04:31:56.974 25621 25621 D LifecycleMonitor: Lifecycle status change: ru.iteco.fmhandroid.ui.AppActivity@bf025f4 in: DESTROYED
09-07 04:31:56.974 25621 25621 V ActivityScenario: Update currentActivityStage to DESTROYED, currentActivity=null
09-07 04:31:56.988  1793  1793 D gralloc_ranchu: gralloc_alloc: Creating ashmem region of size 9850880
09-07 04:31:56.989  1793 14098 D gralloc_ranchu: gralloc_alloc: Creating ashmem region of size 9850880
09-07 04:31:56.990  2434  2714 D EGL_emulation: eglMakeCurrent: 0xed453b60: ver 2 0 (tinfo 0xe233a960)
09-07 04:31:56.997  2666  3068 D EGL_emulation: eglMakeCurrent: 0xda21b0e0: ver 2 0 (tinfo 0xda20fbb0)
09-07 04:31:57.030  1793  2554 D gralloc_ranchu: gralloc_alloc: Creating ashmem region of size 9850880
09-07 04:31:57.034  2666  2666 I dnsi    : onStart
09-07 04:31:57.039  2666  2666 I dnsi    : onResume
09-07 04:31:57.039  1793  1793 D gralloc_ranchu: gralloc_alloc: Creating ashmem region of size 9850880
09-07 04:31:57.046  2037  2061 W InputReader: Device has associated, but no associated display id.
09-07 04:31:57.046  2037  2061 I chatty  : uid=1000(system) android.anim identical 8 lines
09-07 04:31:57.046  2037  2061 W InputReader: Device has associated, but no associated display id.
09-07 04:31:57.051  2182  2182 W View    : requestLayout() improperly called by com.android.keyguard.AlphaOptimizedLinearLayout{551c6d8 V.E...... ......ID 7,0-48,61 #7f0a041c app:id/wifi_group} during second layout pass: posting in next frame
09-07 04:31:57.051  1793  1793 D gralloc_ranchu: gralloc_alloc: Creating ashmem region of size 6307840
09-07 04:31:57.054  2182  2182 W View    : requestLayout() improperly called by StatusBarIconView(slot=mobile icon=null notification=null) during layout: running second layout pass
