09-07 04:31:35.240  7867 22594 V FA-SVC  : Logging event: origin=auto,name=screen_view(_vs),params=Bundle[{ga_event_origin(_o)=auto, ga_screen_class(_sc)=AppActivity, ga_screen_id(_si)=8279328028119502209}]
09-07 04:31:35.261  8425  8425 D BoundBrokerSvc: onBind: Intent { act=com.google.android.gms.presencemanager.service.START dat=chimera-action: cmp=com.google.android.gms/.chimera.PersistentApiService }
09-07 04:31:35.261  8425  8425 D BoundBrokerSvc: Loading bound service for intent: Intent { act=com.google.android.gms.presencemanager.service.START dat=chimera-action: cmp=com.google.android.gms/.chimera.PersistentApiService }
09-07 04:31:35.262 25621 25711 D HostConnection: HostConnection::get() New Host Connection established 0xda24c6e0, tid 25711
09-07 04:31:35.265 25621 25711 D HostConnection: HostComposition ext ANDROID_EMU_CHECKSUM_HELPER_v1 ANDROID_EMU_dma_v1 ANDROID_EMU_direct_mem ANDROID_EMU_vulkan ANDROID_EMU_deferred_vulkan_commands ANDROID_EMU_vulkan_null_optional_strings ANDROID_EMU_vulkan_create_resources_with_requirements ANDROID_EMU_YUV420_888_to_NV21 ANDROID_EMU_YUV_Cache ANDROID_EMU_vulkan_free_memory_sync ANDROID_EMU_vulkan_shader_float16_int8 ANDROID_EMU_vulkan_async_queue_submit ANDROID_EMU_sync_buffer_data GL_OES_vertex_array_object GL_KHR_texture_compression_astc_ldr ANDROID_EMU_host_side_tracing ANDROID_EMU_gles_max_version_2 
09-07 04:31:35.267  8425  8425 D BoundBrokerSvc: onBind: Intent { act=com.google.android.gms.presencemanager.service.INTERNAL_IDENTITY dat=chimera-action: cmp=com.google.android.gms/.chimera.PersistentApiService }
09-07 04:31:35.267  8425  8425 D BoundBrokerSvc: Loading bound service for intent: Intent { act=com.google.android.gms.presencemanager.service.INTERNAL_IDENTITY dat=chimera-action: cmp=com.google.android.gms/.chimera.PersistentApiService }
09-07 04:31:35.274 25621 25711 W OpenGLRenderer: Failed to choose config with EGL_SWAP_BEHAVIOR_PRESERVED, retrying without...
09-07 04:31:35.282  7867 22594 V FA-SVC  : Upload scheduled in approximately ms: 3344017
09-07 04:31:35.282  7867 22594 V FA-SVC  : Unscheduling upload
09-07 04:31:35.288  7867 22594 V FA-SVC  : Scheduling upload, millis: 3344017
09-07 04:31:35.290 25621 25711 D eglCodecCommon: setVertexArrayObject: set vao to 0 (0) 0 0
09-07 04:31:35.290 25621 25711 D EGL_emulation: eglCreateContext: 0xda21b260: maj 2 min 0 rcv 2
09-07 04:31:35.293  7867 22594 V FA-SVC  : Background event processing time, ms: 54
09-07 04:31:35.312 25621 25711 D EGL_emulation: eglMakeCurrent: 0xda21b260: ver 2 0 (tinfo 0xda20fe90)
09-07 04:31:35.318  1793  1793 D gralloc_ranchu: gralloc_alloc: Creating ashmem region of size 9113600
09-07 04:31:35.321  1678  1678 I hwservicemanager: getTransport: Cannot find entry android.hardware.graphics.mapper@3.0::IMapper/default in either framework or device manifest.
09-07 04:31:35.321 25621 25711 W Gralloc3: mapper 3.x is not supported
09-07 04:31:35.323 25621 25711 D HostConnection: createUnique: call
09-07 04:31:35.323 25621 25711 D HostConnection: HostConnection::get() New Host Connection established 0xda24c190, tid 25711
09-07 04:31:35.323 25621 25711 D HostConnection: HostComposition ext ANDROID_EMU_CHECKSUM_HELPER_v1 ANDROID_EMU_dma_v1 ANDROID_EMU_direct_mem ANDROID_EMU_vulkan ANDROID_EMU_deferred_vulkan_commands ANDROID_EMU_vulkan_null_optional_strings ANDROID_EMU_vulkan_create_resources_with_requirements ANDROID_EMU_YUV420_888_to_NV21 ANDROID_EMU_YUV_Cache ANDROID_EMU_vulkan_free_memory_sync ANDROID_EMU_vulkan_shader_float16_int8 ANDROID_EMU_vulkan_async_queue_submit ANDROID_EMU_sync_buffer_data GL_OES_vertex_array_object GL_KHR_texture_compression_astc_ldr ANDROID_EMU_host_side_tracing ANDROID_EMU_gles_max_version_2 
09-07 04:31:35.324 25621 25711 D eglCodecCommon: allocate: Ask for block of size 0x1000
09-07 04:31:35.324 25621 25711 D eglCodecCommon: allocate: ioctl allocate returned offset 0x3ff68a000 size 0x2000
09-07 04:31:35.327  1793  1793 D gralloc_ranchu: gralloc_alloc: Creating ashmem region of size 9113600
09-07 04:31:35.328 25621 25711 D EGL_emulation: eglMakeCurrent: 0xda21b260: ver 2 0 (tinfo 0xda20fe90)
09-07 04:31:35.330  1793  1793 D gralloc_ranchu: gralloc_alloc: Creating ashmem region of size 9113600
09-07 04:31:35.337 25621 25711 D eglCodecCommon: setVertexArrayObject: set vao to 0 (0) 1 0
09-07 04:31:35.391  2037  2065 I ActivityTaskManager: Displayed ru.iteco.fmhandroid/.ui.AppActivity: +907ms
09-07 04:31:35.400  2182  2182 W View    : requestLayout() improperly called by com.android.keyguard.AlphaOptimizedLinearLayout{551c6d8 V.E...... ......ID 7,0-48,61 #7f0a041c app:id/wifi_group} during second layout pass: posting in next frame
09-07 04:31:35.415  2182  2182 W View    : requestLayout() improperly called by StatusBarIconView(slot=mobile icon=null notification=null) during layout: running second layout pass
09-07 04:31:35.428 25621 25665 W FileTestStorage: Test input args is not supported.
09-07 04:31:35.439 25621 25621 W teco.fmhandroi: Accessing hidden method Landroid/os/MessageQueue;->next()Landroid/os/Message; (greylist, reflection, allowed)
09-07 04:31:35.439 25621 25621 W teco.fmhandroi: Accessing hidden field Landroid/os/MessageQueue;->mMessages:Landroid/os/Message; (greylist, reflection, allowed)
09-07 04:31:35.439 25621 25621 W teco.fmhandroi: Accessing hidden method Landroid/os/Message;->recycleUnchecked()V (greylist, reflection, allowed)
09-07 04:31:35.443 25621 25665 W teco.fmhandroi: Accessing hidden method Lsun/misc/Unsafe;->getUnsafe()Lsun/misc/Unsafe; (greylist,core-platform-api, linking, allowed)
09-07 04:31:35.444 25621 25665 W teco.fmhandroi: Accessing hidden method Lsun/misc/Unsafe;->putObject(Ljava/lang/Object;JLjava/lang/Object;)V (greylist, linking, allowed)
09-07 04:31:35.447 25621 25621 W teco.fmhandroi: Accessing hidden method Landroid/view/WindowManagerGlobal;->getInstance()Landroid/view/WindowManagerGlobal; (greylist, reflection, allowed)
09-07 04:31:35.447  2182  2182 W View    : requestLayout() improperly called by com.android.keyguard.AlphaOptimizedLinearLayout{551c6d8 V.E...... ......ID 7,0-48,61 #7f0a041c app:id/wifi_group} during second layout pass: posting in next frame
09-07 04:31:35.448 25621 25621 W teco.fmhandroi: Accessing hidden field Landroid/view/WindowManagerGlobal;->mViews:Ljava/util/ArrayList; (greylist, reflection, allowed)
09-07 04:31:35.448 25621 25621 W teco.fmhandroi: Accessing hidden field Landroid/view/WindowManagerGlobal;->mParams:Ljava/util/ArrayList; (greylist, reflection, allowed)
09-07 04:31:35.450 25621 25665 W teco.fmhandroi: Accessing hidden method Lsun/misc/Unsafe;->compareAndSwapObject(Ljava/lang/Object;JLjava/lang/Object;Ljava/lang/Object;)Z (greylist, linking, allowed)
09-07 04:31:35.451 25621 25665 W teco.fmhandroi: Accessing hidden method Lsun/misc/Unsafe;->getObject(Ljava/lang/Object;J)Ljava/lang/Object; (greylist, linking, allowed)
09-07 04:31:35.453  2182  2182 W View    : requestLayout() improperly called by StatusBarIconView(slot=mobile icon=null notification=null) during layout: running second layout pass
09-07 04:31:35.460 25621 25621 I ViewInteraction: Performing 'wait for a specific view with <(an instance of android.widget.TextView and view.getText() with or without transformation to match: is "Authorization" and view.getParent() view.getParent() view.getId() is <2131231186>)> during 10000 millis.' action on view view.getRootView() to equal view
09-07 04:31:35.495  2182  2182 W View    : requestLayout() improperly called by com.android.keyguard.AlphaOptimizedLinearLayout{551c6d8 V.E...... ......ID 7,0-48,61 #7f0a041c app:id/wifi_group} during second layout pass: posting in next frame
09-07 04:31:35.496  2182  2182 W View    : requestLayout() improperly called by StatusBarIconView(slot=mobile icon=null notification=null) during layout: running second layout pass
09-07 04:31:35.514  2182  2182 W View    : requestLayout() improperly called by com.android.keyguard.AlphaOptimizedLinearLayout{551c6d8 V.E...... ......ID 7,0-48,61 #7f0a041c app:id/wifi_group} during second layout pass: posting in next frame
09-07 04:31:35.525  2182  2182 W View    : requestLayout() improperly called by StatusBarIconView(slot=mobile icon=null notification=null) during layout: running second layout pass
09-07 04:31:35.550  2182  2182 W View    : requestLayout() improperly called by com.android.keyguard.AlphaOptimizedLinearLayout{551c6d8 V.E...... ......ID 7,0-48,61 #7f0a041c app:id/wifi_group} during second layout pass: posting in next frame
09-07 04:31:35.564  2182  2182 W View    : requestLayout() improperly called by StatusBarIconView(slot=mobile icon=null notification=null) during layout: running second layout pass
09-07 04:31:35.588  2182  2182 W View    : requestLayout() improperly called by com.android.keyguard.AlphaOptimizedLinearLayout{551c6d8 V.E...... ......ID 7,0-48,61 #7f0a041c app:id/wifi_group} during second layout pass: posting in next frame
09-07 04:31:35.601  2182  2182 W View    : requestLayout() improperly called by StatusBarIconView(slot=mobile icon=null notification=null) during layout: running second layout pass
09-07 04:31:35.625  2182  2182 W View    : requestLayout() improperly called by com.android.keyguard.AlphaOptimizedLinearLayout{551c6d8 V.E...... ......ID 7,0-48,61 #7f0a041c app:id/wifi_group} during second layout pass: posting in next frame
09-07 04:31:35.638  2182  2182 W View    : requestLayout() improperly called by StatusBarIconView(slot=mobile icon=null notification=null) during layout: running second layout pass
09-07 04:31:35.694  8425 13392 I FontLog : (REDACTED) Received query %s, URI %s
09-07 04:31:35.694  8425 13392 I FontLog : (REDACTED) Query [%s] resolved to %s
09-07 04:31:35.695  8425 13392 I FontLog : (REDACTED) Fetch %s end status %s
09-07 04:31:35.702  8425 13392 I FontLog : (REDACTED) Pulling font file for id = %d, cache size = %d
09-07 04:31:35.706  8425 13392 I FontLog : (REDACTED) Pulling font file for id = %d, cache size = %d
09-07 04:31:36.197  1792  2272 E GnssHAL_GnssInterface: gnssSvStatusCb: a: input svInfo.flags is 8
09-07 04:31:36.197  1792  2272 E GnssHAL_GnssInterface: gnssSvStatusCb: b: input svInfo.flags is 8
09-07 04:31:37.200  1792  2272 E GnssHAL_GnssInterface: gnssSvStatusCb: a: input svInfo.flags is 8
09-07 04:31:37.200  1792  2272 E GnssHAL_GnssInterface: gnssSvStatusCb: b: input svInfo.flags is 8
09-07 04:31:37.460  2434  2940 E ActivityThread: Failed to find provider info for com.google.android.apps.wellbeing.api
09-07 04:31:38.190 25621 25621 W teco.fmhandroi: Accessing hidden method Lsun/misc/Unsafe;->allocateInstance(Ljava/lang/Class;)Ljava/lang/Object; (greylist, reflection, allowed)
09-07 04:31:38.198  1792  2272 E GnssHAL_GnssInterface: gnssSvStatusCb: a: input svInfo.flags is 8
09-07 04:31:38.198  1792  2272 E GnssHAL_GnssInterface: gnssSvStatusCb: b: input svInfo.flags is 8
09-07 04:31:38.210 25621 25726 I okhttp.OkHttpClient: --> GET http://www.981757-ca08998.tmweb.ru:8080/fmh/authentication/userInfo
09-07 04:31:38.210 25621 25726 I okhttp.OkHttpClient: --> END GET
09-07 04:31:38.361  1774 25727 E ResolverController: No valid NAT64 prefix (101, <unspecified>/0)
09-07 04:31:39.200  1792  2272 E GnssHAL_GnssInterface: gnssSvStatusCb: a: input svInfo.flags is 8
09-07 04:31:39.200  1792  2272 E GnssHAL_GnssInterface: gnssSvStatusCb: b: input svInfo.flags is 8
09-07 04:31:40.199  1792  2272 E GnssHAL_GnssInterface: gnssSvStatusCb: a: input svInfo.flags is 8
09-07 04:31:40.199  1792  2272 E GnssHAL_GnssInterface: gnssSvStatusCb: b: input svInfo.flags is 8
09-07 04:31:40.236 25621 25666 V FA      : Inactivity, disconnecting from the service
09-07 04:31:41.199  1792  2272 E GnssHAL_GnssInterface: gnssSvStatusCb: a: input svInfo.flags is 8
09-07 04:31:41.199  1792  2272 E GnssHAL_GnssInterface: gnssSvStatusCb: b: input svInfo.flags is 8
09-07 04:31:42.197  1792  2272 E GnssHAL_GnssInterface: gnssSvStatusCb: a: input svInfo.flags is 8
09-07 04:31:42.198  1792  2272 E GnssHAL_GnssInterface: gnssSvStatusCb: b: input svInfo.flags is 8
09-07 04:31:43.198  1792  2272 E GnssHAL_GnssInterface: gnssSvStatusCb: a: input svInfo.flags is 8
09-07 04:31:43.198  1792  2272 E GnssHAL_GnssInterface: gnssSvStatusCb: b: input svInfo.flags is 8
09-07 04:31:44.200  1792  2272 E GnssHAL_GnssInterface: gnssSvStatusCb: a: input svInfo.flags is 8
09-07 04:31:44.200  1792  2272 E GnssHAL_GnssInterface: gnssSvStatusCb: b: input svInfo.flags is 8
09-07 04:31:44.517  2666  3039 I apeh    : dispose()
09-07 04:31:44.521  2666  3039 W awiv    : (REDACTED) Queue length for executor %s is now %d. Perhaps some tasks are too long, or the pool is too small.
09-07 04:31:45.200  1792  2272 E GnssHAL_GnssInterface: gnssSvStatusCb: a: input svInfo.flags is 8
09-07 04:31:45.200  1792  2272 E GnssHAL_GnssInterface: gnssSvStatusCb: b: input svInfo.flags is 8
09-07 04:31:45.246  7867  7867 D BoundBrokerSvc: onUnbind: Intent { act=com.google.android.gms.measurement.START pkg=com.google.android.gms }
09-07 04:31:45.253  2037  2065 E memtrack: Couldn't load memtrack module
09-07 04:31:45.253  2037  2065 W android.os.Debug: failed to get memory consumption info: -1
09-07 04:31:45.504 25621 25621 D takeScreenshot: Found 1 global views to redraw
09-07 04:31:45.538  1793  1793 D gralloc_ranchu: gralloc_alloc: Creating ashmem region of size 9850880
09-07 04:31:45.552  1678  1678 I hwservicemanager: getTransport: Cannot find entry android.hardware.graphics.mapper@3.0::IMapper/default in either framework or device manifest.
09-07 04:31:45.552 25606 25673 W Gralloc3: mapper 3.x is not supported
09-07 04:31:45.558 25606 25673 D HostConnection: createUnique: call
09-07 04:31:45.558 25606 25673 D HostConnection: HostConnection::get() New Host Connection established 0xf7555620, tid 25673
09-07 04:31:45.560 25606 25673 D HostConnection: HostComposition ext ANDROID_EMU_CHECKSUM_HELPER_v1 ANDROID_EMU_dma_v1 ANDROID_EMU_direct_mem ANDROID_EMU_vulkan ANDROID_EMU_deferred_vulkan_commands ANDROID_EMU_vulkan_null_optional_strings ANDROID_EMU_vulkan_create_resources_with_requirements ANDROID_EMU_YUV420_888_to_NV21 ANDROID_EMU_YUV_Cache ANDROID_EMU_vulkan_free_memory_sync ANDROID_EMU_vulkan_shader_float16_int8 ANDROID_EMU_vulkan_async_queue_submit ANDROID_EMU_sync_buffer_data GL_OES_vertex_array_object GL_KHR_texture_compression_astc_ldr ANDROID_EMU_host_side_tracing ANDROID_EMU_gles_max_version_2 
09-07 04:31:45.560 25606 25673 D eglCodecCommon: allocate: Ask for block of size 0x1000
09-07 04:31:45.560 25606 25673 D eglCodecCommon: allocate: ioctl allocate returned offset 0x3ffff6000 size 0x2000
09-07 04:31:45.563  1823  2077 E SurfaceFlinger: ro.sf.lcd_density must be defined as a build property
09-07 04:31:45.563  1823  2077 E SurfaceFlinger: ro.sf.lcd_density must be defined as a build property
09-07 04:31:45.565 25606 25736 D libEGL  : Emulator has host GPU support, qemu.gles is set to 1.
09-07 04:31:45.571 25606 25736 W libc    : Unable to set property "qemu.gles" to "1": error code: 0x18
09-07 04:31:45.571 25606 25736 D libEGL  : loaded /vendor/lib/egl/libEGL_emulation.so
09-07 04:31:45.571 25606 25736 D libEGL  : loaded /vendor/lib/egl/libGLESv1_CM_emulation.so
09-07 04:31:45.572 25606 25736 D libEGL  : loaded /vendor/lib/egl/libGLESv2_emulation.so
09-07 04:31:45.577 25606 25736 D HostConnection: HostConnection::get() New Host Connection established 0xf75553f0, tid 25736
09-07 04:31:45.578 25606 25736 D HostConnection: HostComposition ext ANDROID_EMU_CHECKSUM_HELPER_v1 ANDROID_EMU_dma_v1 ANDROID_EMU_direct_mem ANDROID_EMU_vulkan ANDROID_EMU_deferred_vulkan_commands ANDROID_EMU_vulkan_null_optional_strings ANDROID_EMU_vulkan_create_resources_with_requirements ANDROID_EMU_YUV420_888_to_NV21 ANDROID_EMU_YUV_Cache ANDROID_EMU_vulkan_free_memory_sync ANDROID_EMU_vulkan_shader_float16_int8 ANDROID_EMU_vulkan_async_queue_submit ANDROID_EMU_sync_buffer_data GL_OES_vertex_array_object GL_KHR_texture_compression_astc_ldr ANDROID_EMU_host_side_tracing ANDROID_EMU_gles_max_version_2 
09-07 04:31:45.580 25606 25736 W OpenGLRenderer: Failed to choose config with EGL_SWAP_BEHAVIOR_PRESERVED, retrying without...
09-07 04:31:45.592 25606 25736 D eglCodecCommon: setVertexArrayObject: set vao to 0 (0) 0 0
09-07 04:31:45.592 25606 25736 D EGL_emulation: eglCreateContext: 0xe23283c0: maj 2 min 0 rcv 2
09-07 04:31:45.619 25606 25736 D EGL_emulation: eglMakeCurrent: 0xe23283c0: ver 2 0 (tinfo 0xe230f370)
09-07 04:31:45.627 25606 25736 D eglCodecCommon: setVertexArrayObject: set vao to 0 (0) 1 0
09-07 04:31:45.655 25621 25665 W DefaultFailureHandler: Failed to take screenshot
09-07 04:31:45.655 25621 25665 W DefaultFailureHandler: java.io.FileNotFoundException: view-op-error-1.png: open failed: EROFS (Read-only file system)
09-07 04:31:45.655 25621 25665 W DefaultFailureHandler: 	at libcore.io.IoBridge.open(IoBridge.java:496)
09-07 04:31:45.655 25621 25665 W DefaultFailureHandler: 	at java.io.FileOutputStream.<init>(FileOutputStream.java:235)
09-07 04:31:45.655 25621 25665 W DefaultFailureHandler: 	at java.io.FileOutputStream.<init>(FileOutputStream.java:125)
09-07 04:31:45.655 25621 25665 W DefaultFailureHandler: 	at androidx.test.platform.io.FileTestStorage.openOutputFile(FileTestStorage.java:60)
09-07 04:31:45.655 25621 25665 W DefaultFailureHandler: 	at androidx.test.core.graphics.BitmapStorage.writeToTestStorage(BitmapStorageExt.kt:49)
09-07 04:31:45.655 25621 25665 W DefaultFailureHandler: 	at androidx.test.espresso.base.DefaultFailureHandler.takeScreenshot(DefaultFailureHandler.java:4)
09-07 04:31:45.655 25621 25665 W DefaultFailureHandler: 	at androidx.test.espresso.base.DefaultFailureHandler.handle(DefaultFailureHandler.java:3)
09-07 04:31:45.655 25621 25665 W DefaultFailureHandler: 	at androidx.test.espresso.ViewInteraction.waitForAndHandleInteractionResults(ViewInteraction.java:8)
09-07 04:31:45.655 25621 25665 W DefaultFailureHandler: 	at androidx.test.espresso.ViewInteraction.desugaredPerform(ViewInteraction.java:11)
09-07 04:31:45.655 25621 25665 W DefaultFailureHandler: 	at androidx.test.espresso.ViewInteraction.perform(ViewInteraction.java:8)
09-07 04:31:45.655 25621 25665 W DefaultFailureHandler: 	at ru.iteco.fmhandroid.ui.data.TestUtils.waitView(TestUtils.java:61)
09-07 04:31:45.655 25621 25665 W DefaultFailureHandler: 	at ru.iteco.fmhandroid.ui.steps.AuthSteps.isAuthScreen(AuthSteps.java:58)
09-07 04:31:45.655 25621 25665 W DefaultFailureHandler: 	at ru.iteco.fmhandroid.ui.MainPageTest.logoutCheck(MainPageTest.java:44)
09-07 04:31:45.655 25621 25665 W DefaultFailureHandler: 	at java.lang.reflect.Method.invoke(Native Method)
09-07 04:31:45.655 25621 25665 W DefaultFailureHandler: 	at org.junit.runners.model.FrameworkMethod$1.runReflectiveCall(FrameworkMethod.java:59)
09-07 04:31:45.655 25621 25665 W DefaultFailureHandler: 	at org.junit.internal.runners.model.ReflectiveCallable.run(ReflectiveCallable.java:12)
09-07 04:31:45.655 25621 25665 W DefaultFailureHandler: 	at org.junit.runners.model.FrameworkMethod.invokeExplosively(FrameworkMethod.java:56)
09-07 04:31:45.655 25621 25665 W DefaultFailureHandler: 	at androidx.test.internal.runner.junit4.statement.RunBefores.evaluate(RunBefores.java:76)
09-07 04:31:45.655 25621 25665 W DefaultFailureHandler: 	at io.qameta.allure.android.rules.ScreenshotRule$apply$1.evaluate(ScreenshotRule.kt:22)
09-07 04:31:45.655 25621 25665 W DefaultFailureHandler: 	at org.junit.rules.ExternalResource$1.evaluate(ExternalResource.java:54)
09-07 04:31:45.655 25621 25665 W DefaultFailureHandler: 	at io.qameta.allure.android.rules.LogcatRule$apply$1.evaluate(LogcatRule.kt:23)
09-07 04:31:45.655 25621 25665 W DefaultFailureHandler: 	at org.junit.rules.RunRules.evaluate(RunRules.java:20)
09-07 04:31:45.655 25621 25665 W DefaultFailureHandler: 	at org.junit.runners.ParentRunner$3.evaluate(ParentRunner.java:306)
09-07 04:31:45.655 25621 25665 W DefaultFailureHandler: 	at org.junit.runners.BlockJUnit4ClassRunner$1.evaluate(BlockJUnit4ClassRunner.java:100)
09-07 04:31:45.655 25621 25665 W DefaultFailureHandler: 	at org.junit.runners.ParentRunner.runLeaf(ParentRunner.java:366)
09-07 04:31:45.655 25621 25665 W DefaultFailureHandler: 	at org.junit.runners.BlockJUnit4ClassRunner.runChild(BlockJUnit4ClassRunner.java:103)
09-07 04:31:45.655 25621 25665 W DefaultFailureHandler: 	at org.junit.runners.BlockJUnit4ClassRunner.runChild(BlockJUnit4ClassRunner.java:63)
09-07 04:31:45.655 25621 25665 W DefaultFailureHandler: 	at org.junit.runners.ParentRunner$4.run(ParentRunner.java:331)
09-07 04:31:45.655 25621 25665 W DefaultFailureHandler: 	at org.junit.runners.ParentRunner$1.schedule(ParentRunner.java:79)
09-07 04:31:45.655 25621 25665 W DefaultFailureHandler: 	at org.junit.runners.ParentRunner.runChildren(ParentRunner.java:329)
09-07 04:31:45.655 25621 25665 W DefaultFailureHandler: 	at org.junit.runners.ParentRunner.access$100(ParentRunner.java:66)
09-07 04:31:45.655 25621 25665 W DefaultFailureHandler: 	at org.junit.runners.ParentRunner$2.evaluate(ParentRunner.java:293)
09-07 04:31:45.655 25621 25665 W DefaultFailureHandler: 	at org.junit.runners.ParentRunner$3.evaluate(ParentRunner.java:306)
09-07 04:31:45.655 25621 25665 W DefaultFailureHandler: 	at org.junit.runners.ParentRunner.run(ParentRunner.java:413)
09-07 04:31:45.655 25621 25665 W DefaultFailureHandler: 	at androidx.test.ext.junit.runners.AndroidJUnit4.run(AndroidJUnit4.java:162)
09-07 04:31:45.655 25621 25665 W DefaultFailureHandler: 	at io.qameta.allure.android.runners.AllureAndroidJUnit4.run(AllureAndroidJUnitRunners.kt:29)
09-07 04:31:45.655 25621 25665 W DefaultFailureHandler: 	at org.junit.runners.Suite.runChild(Suite.java:128)
09-07 04:31:45.655 25621 25665 W DefaultFailureHandler: 	at org.junit.runners.Suite.runChild(Suite.java:27)
09-07 04:31:45.655 25621 25665 W DefaultFailureHandler: 	at org.junit.runners.ParentRunner$4.run(ParentRunner.java:331)
09-07 04:31:45.655 25621 25665 W DefaultFailureHandler: 	at org.junit.runners.ParentRunner$1.schedule(ParentRunner.java:79)
09-07 04:31:45.655 25621 25665 W DefaultFailureHandler: 	at org.junit.runners.ParentRunner.runChildren(ParentRunner.java:329)
09-07 04:31:45.655 25621 25665 W DefaultFailureHandler: 	at org.junit.runners.ParentRunner.access$100(ParentRunner.java:66)
09-07 04:31:45.655 25621 25665 W DefaultFailureHandler: 	at org.junit.runners.ParentRunner$2.evaluate(ParentRunner.java:293)
09-07 04:31:45.655 25621 25665 W DefaultFailureHandler: 	at org.junit.runners.ParentRunner$3.evaluate(ParentRunner.java:306)
09-07 04:31:45.655 25621 25665 W DefaultFailureHandler: 	at org.junit.runners.ParentRunner.run(ParentRunner.java:413)
09-07 04:31:45.655 25621 25665 W DefaultFailureHandler: 	at org.junit.runner.JUnitCore.run(JUnitCore.java:137)
09-07 04:31:45.655 25621 25665 W DefaultFailureHandler: 	at org.junit.runner.JUnitCore.run(JUnitCore.java:115)
09-07 04:31:45.655 25621 25665 W DefaultFailureHandler: 	at androidx.test.internal.runner.TestExecutor.execute(TestExecutor.java:67)
09-07 04:31:45.655 25621 25665 W DefaultFailureHandler: 	at androidx.test.internal.runner.TestExecutor.execute(TestExecutor.java:58)
09-07 04:31:45.655 25621 25665 W DefaultFailureHandler: 	at androidx.test.runner.AndroidJUnitRunner.onStart(AndroidJUnitRunner.java:438)
09-07 04:31:45.655 25621 25665 W DefaultFailureHandler: 	at android.app.Instrumentation$InstrumentationThread.run(Instrumentation.java:2189)
09-07 04:31:45.655 25621 25665 W DefaultFailureHandler: Caused by: android.system.ErrnoException: open failed: EROFS (Read-only file system)
09-07 04:31:45.655 25621 25665 W DefaultFailureHandler: 	at libcore.io.Linux.open(Native Method)
09-07 04:31:45.655 25621 25665 W DefaultFailureHandler: 	at libcore.io.ForwardingOs.open(ForwardingOs.java:167)
09-07 04:31:45.655 25621 25665 W DefaultFailureHandler: 	at libcore.io.BlockGuardOs.open(BlockGuardOs.java:252)
09-07 04:31:45.655 25621 25665 W DefaultFailureHandler: 	at libcore.io.ForwardingOs.open(ForwardingOs.java:167)
09-07 04:31:45.655 25621 25665 W DefaultFailureHandler: 	at android.app.ActivityThread$AndroidOs.open(ActivityThread.java:7255)
09-07 04:31:45.655 25621 25665 W DefaultFailureHandler: 	at libcore.io.IoBridge.open(IoBridge.java:482)
09-07 04:31:45.655 25621 25665 W DefaultFailureHandler: 	... 50 more
09-07 04:31:45.658 25621 25665 W teco.fmhandroi: Accessing hidden method Lsun/misc/Unsafe;->compareAndSwapObject(Ljava/lang/Object;JLjava/lang/Object;Ljava/lang/Object;)Z (greylist, linking, allowed)
09-07 04:31:45.659 25621 25621 I ViewInteraction: Performing 'wait for a specific view with <view.getId() is <2131230870>> during 10000 millis.' action on view view.getRootView() to equal view
09-07 04:31:45.660 25621 25737 W teco.fmhandroi: Accessing hidden method Lsun/misc/Unsafe;->compareAndSwapObject(Ljava/lang/Object;JLjava/lang/Object;Ljava/lang/Object;)Z (greylist, linking, allowed)
09-07 04:31:46.199  1792  2272 E GnssHAL_GnssInterface: gnssSvStatusCb: a: input svInfo.flags is 8
09-07 04:31:46.199  1792  2272 E GnssHAL_GnssInterface: gnssSvStatusCb: b: input svInfo.flags is 8
09-07 04:31:47.199  1792  2272 E GnssHAL_GnssInterface: gnssSvStatusCb: a: input svInfo.flags is 8
09-07 04:31:47.200  1792  2272 E GnssHAL_GnssInterface: gnssSvStatusCb: b: input svInfo.flags is 8
09-07 04:31:47.224  1937  1937 E netmgr  : Failed to open QEMU pipe 'qemud:network': Invalid argument
09-07 04:31:47.361  8176  8176 I Finsky  : [2] yxo.onStartJob(132): SCH: job service start with id 9149.
09-07 04:31:47.378  8176  8250 I Finsky  : [585] xty.accept(378): SCH: Scheduling phonesky job Id: 1-1337, CT: 1694057295644, Constraints: [{ L: 30466985, D: 73666985, C: 1, I: 1, N: 1 }]
09-07 04:31:47.378  8176  8250 I Finsky  : [585] xty.accept(378): SCH: Scheduling phonesky job Id: 12-1, CT: 1694061092459, Constraints: [{ L: 15000, D: 86400000, C: 1, I: 1, N: 1 }]
09-07 04:31:47.384  8176  8256 I Finsky  : [591] yew.apply(123): SCH: Scheduling 1 system job(s)
09-07 04:31:47.385  8176  8256 I Finsky  : [591] yvz.d(263): SCH: Scheduling system job Id: 9152, L: 0, D: 69855245, C: false, I: false, N: 1
09-07 04:31:47.393  8176  8176 I Finsky  : [2] yxo.onStartJob(132): SCH: job service start with id 9152.
09-07 04:31:47.402  8176 25740 I Finsky  : [939] yxo.a(17): SCH: job service finished with id 9149.
09-07 04:31:47.411  8176  8250 I Finsky  : [585] xty.accept(378): SCH: Scheduling phonesky job Id: 1-1337, CT: 1694057295644, Constraints: [{ L: 30466985, D: 73666985, C: 1, I: 1, N: 1 }]
09-07 04:31:47.411  8176  8250 I Finsky  : [585] xty.accept(378): SCH: Scheduling phonesky job Id: 12-1, CT: 1694061092459, Constraints: [{ L: 15000, D: 86400000, C: 1, I: 1, N: 1 }]
09-07 04:31:47.414  8176  8256 I Finsky  : [591] yew.apply(123): SCH: Scheduling 1 system job(s)
09-07 04:31:47.415  8176  8256 I Finsky  : [591] yvz.d(263): SCH: Scheduling system job Id: 9154, L: 0, D: 69855214, C: false, I: false, N: 1
09-07 04:31:47.419  8176  8176 I Finsky  : [2] yxo.onStartJob(132): SCH: job service start with id 9154.
09-07 04:31:47.423  8176 25740 I Finsky  : [939] yxo.a(17): SCH: job service finished with id 9152.
09-07 04:31:47.432  8176  8256 I Finsky  : [591] xty.accept(378): SCH: Scheduling phonesky job Id: 1-1337, CT: 1694057295644, Constraints: [{ L: 30466985, D: 73666985, C: 1, I: 1, N: 1 }]
09-07 04:31:47.432  8176  8256 I Finsky  : [591] xty.accept(378): SCH: Scheduling phonesky job Id: 12-1, CT: 1694061092459, Constraints: [{ L: 15000, D: 86400000, C: 1, I: 1, N: 1 }]
09-07 04:31:47.436  8176  8250 I Finsky  : [585] yew.apply(123): SCH: Scheduling 1 system job(s)
09-07 04:31:47.437  8176  8250 I Finsky  : [585] yvz.d(263): SCH: Scheduling system job Id: 9156, L: 0, D: 69855193, C: false, I: false, N: 1
09-07 04:31:47.438  8176  8176 I Finsky  : [2] yxo.onStartJob(132): SCH: job service start with id 9156.
09-07 04:31:47.443  8176 25740 I Finsky  : [939] yxo.a(17): SCH: job service finished with id 9154.
09-07 04:31:47.455  8176  8250 I Finsky  : [585] xty.accept(378): SCH: Scheduling phonesky job Id: 1-1337, CT: 1694057295644, Constraints: [{ L: 30466985, D: 73666985, C: 1, I: 1, N: 1 }]
09-07 04:31:47.455  8176  8250 I Finsky  : [585] xty.accept(378): SCH: Scheduling phonesky job Id: 12-1, CT: 1694061092459, Constraints: [{ L: 15000, D: 86400000, C: 1, I: 1, N: 1 }]
09-07 04:31:47.458  8176  8256 I Finsky  : [591] yew.apply(123): SCH: Scheduling 1 system job(s)
09-07 04:31:47.458  8176  8256 I Finsky  : [591] yvz.d(263): SCH: Scheduling system job Id: 9158, L: 0, D: 69855171, C: false, I: false, N: 1
09-07 04:31:47.460  8176  8176 I Finsky  : [2] yxo.onStartJob(132): SCH: job service start with id 9158.
09-07 04:31:47.467  8176 25740 I Finsky  : [939] yxo.a(17): SCH: job service finished with id 9156.
09-07 04:31:47.473  8176 25556 I Finsky  : [933] yvx.a(769): SCH: Satisfied jobs for 9158 are: 12-1
09-07 04:31:47.476  8176 25740 I Finsky  : [939] ywl.accept(764): SCH: Job 12-1 starting
09-07 04:31:47.477  8176  8176 I Finsky  : [2] ContentSyncJob.v(14): [ContentSync] job started
09-07 04:31:47.597  8176 25743 I Finsky  : [942] tcy.p(41): Completed 0 account content syncs with 0 successful.
09-07 04:31:47.597  8176  8176 I Finsky  : [2] ContentSyncJob.a(14): [ContentSync] Installation state replication succeeded.
09-07 04:31:47.597  8176  8176 I Finsky  : [2] ywb.r(83): SCH: jobFinished: 12-1. TimeElapsed: 120ms.
09-07 04:31:47.607  8176  8257 I Finsky  : [592] xty.accept(378): SCH: Scheduling phonesky job Id: 1-1337, CT: 1694057295644, Constraints: [{ L: 30466985, D: 73666985, C: 1, I: 1, N: 1 }]
09-07 04:31:47.608  1939  1939 E wifi_forwarder: RemoteConnection failed to initialize: RemoteConnection failed to open pipe
09-07 04:31:47.610  8176  8256 I Finsky  : [591] yew.apply(123): SCH: Scheduling 1 system job(s)
09-07 04:31:47.610  8176  8256 I Finsky  : [591] yvz.d(263): SCH: Scheduling system job Id: 9160, L: 26655019, D: 69855019, C: false, I: false, N: 1
09-07 04:31:47.615  8176 25740 I Finsky  : [939] yxo.a(17): SCH: job service finished with id 9158.
09-07 04:31:47.773  8425  8425 D BoundBrokerSvc: onUnbind: Intent { act=com.google.android.gms.nearby.exposurenotification.START dat=chimera-action: cmp=com.google.android.gms/.chimera.PersistentApiServiceNoInstantApps }
09-07 04:31:47.833  7867  7867 D BoundBrokerSvc: onUnbind: Intent { act=com.google.android.gms.feedback.internal.IFeedbackService dat=chimera-action: cmp=com.google.android.gms/.chimera.GmsBoundBrokerService }
09-07 04:31:47.860  8425  8425 D BoundBrokerSvc: onUnbind: Intent { act=com.google.android.gms.icing.LIGHTWEIGHT_INDEX_SERVICE dat=chimera-action: cmp=com.google.android.gms/.chimera.PersistentApiService }
09-07 04:31:48.199  1792  2272 E GnssHAL_GnssInterface: gnssSvStatusCb: a: input svInfo.flags is 8
09-07 04:31:48.199  1792  2272 E GnssHAL_GnssInterface: gnssSvStatusCb: b: input svInfo.flags is 8
09-07 04:31:48.536 25621 25726 I okhttp.OkHttpClient: <-- HTTP FAILED: java.net.SocketTimeoutException: timeout
09-07 04:31:48.544 25621 25621 W System.err: ru.iteco.fmhandroid.exceptions.UnknownException
09-07 04:31:48.544 25621 25621 W System.err: 	at ru.iteco.fmhandroid.repository.userRepository.UserRepositoryImpl.getUserInfo(UserRepositoryImpl.kt:33)
09-07 04:31:48.544 25621 25621 W System.err: 	at ru.iteco.fmhandroid.repository.userRepository.UserRepositoryImpl$getUserInfo$1.invokeSuspend(Unknown Source:14)
09-07 04:31:48.544 25621 25621 W System.err: 	at kotlin.coroutines.jvm.internal.BaseContinuationImpl.resumeWith(ContinuationImpl.kt:33)
09-07 04:31:48.545 25621 25621 W System.err: 	at kotlinx.coroutines.DispatchedTask.run(DispatchedTask.kt:104)
09-07 04:31:48.545 25621 25621 W System.err: 	at android.os.Handler.handleCallback(Handler.java:883)
09-07 04:31:48.545 25621 25621 W System.err: 	at android.os.Handler.dispatchMessage(Handler.java:100)
09-07 04:31:48.545 25621 25621 W System.err: 	at androidx.test.espresso.base.Interrogator.loopAndInterrogate(Interrogator.java:14)
09-07 04:31:48.545 25621 25621 W System.err: 	at androidx.test.espresso.base.UiControllerImpl.loopUntil(UiControllerImpl.java:8)
09-07 04:31:48.545 25621 25621 W System.err: 	at androidx.test.espresso.base.UiControllerImpl.loopUntil(UiControllerImpl.java:1)
09-07 04:31:48.546 25621 25621 W System.err: 	at androidx.test.espresso.base.UiControllerImpl.loopMainThreadForAtLeast(UiControllerImpl.java:7)
09-07 04:31:48.546 25621 25621 W System.err: 	at ru.iteco.fmhandroid.ui.data.ViewActions$1.perform(ViewActions.java:48)
09-07 04:31:48.546 25621 25621 W System.err: 	at androidx.test.espresso.ViewInteraction$SingleExecutionViewAction.perform(ViewInteraction.java:2)
09-07 04:31:48.546 25621 25621 W System.err: 	at androidx.test.espresso.ViewInteraction.doPerform(ViewInteraction.java:25)
09-07 04:31:48.546 25621 25621 W System.err: 	at androidx.test.espresso.ViewInteraction.-$$Nest$mdoPerform(Unknown Source:0)
09-07 04:31:48.546 25621 25621 W System.err: 	at androidx.test.espresso.ViewInteraction$1.call(ViewInteraction.java:7)
09-07 04:31:48.547 25621 25621 W System.err: 	at androidx.test.espresso.ViewInteraction$1.call(ViewInteraction.java:1)
09-07 04:31:48.548 25621 25621 W System.err: 	at java.util.concurrent.FutureTask.run(FutureTask.java:266)
09-07 04:31:48.549 25621 25621 W System.err: 	at android.os.Handler.handleCallback(Handler.java:883)
09-07 04:31:48.549 25621 25621 W System.err: 	at android.os.Handler.dispatchMessage(Handler.java:100)
09-07 04:31:48.549 25621 25621 W System.err: 	at android.os.Looper.loop(Looper.java:214)
09-07 04:31:48.549 25621 25621 W System.err: 	at android.app.ActivityThread.main(ActivityThread.java:7356)
09-07 04:31:48.549 25621 25621 W System.err: 	at java.lang.reflect.Method.invoke(Native Method)
09-07 04:31:48.549 25621 25621 W System.err: 	at com.android.internal.os.RuntimeInit$MethodAndArgsCaller.run(RuntimeInit.java:492)
09-07 04:31:48.550 25621 25621 W System.err: 	at com.android.internal.os.ZygoteInit.main(ZygoteInit.java:930)
09-07 04:31:48.908  2666  2666 I brdd    : (REDACTED) disposing SearchServiceClient after timeout %s
09-07 04:31:49.199  1792  2272 E GnssHAL_GnssInterface: gnssSvStatusCb: a: input svInfo.flags is 8
09-07 04:31:49.200  1792  2272 E GnssHAL_GnssInterface: gnssSvStatusCb: b: input svInfo.flags is 8
09-07 04:31:49.892  7867  7867 D BoundBrokerSvc: onUnbind: Intent { act=com.google.android.gms.inappreach.service.START dat=chimera-action: cmp=com.google.android.gms/.chimera.GmsApiService }
09-07 04:31:50.200  1792  2272 E GnssHAL_GnssInterface: gnssSvStatusCb: a: input svInfo.flags is 8
09-07 04:31:50.200  1792  2272 E GnssHAL_GnssInterface: gnssSvStatusCb: b: input svInfo.flags is 8
09-07 04:31:50.334  8425  8425 D BoundBrokerSvc: onUnbind: Intent { act=com.google.android.gms.presencemanager.service.START dat=chimera-action: cmp=com.google.android.gms/.chimera.PersistentApiService }
09-07 04:31:50.341  8425  8425 D BoundBrokerSvc: onUnbind: Intent { act=com.google.android.gms.presencemanager.service.INTERNAL_IDENTITY dat=chimera-action: cmp=com.google.android.gms/.chimera.PersistentApiService }
09-07 04:31:51.200  1792  2272 E GnssHAL_GnssInterface: gnssSvStatusCb: a: input svInfo.flags is 8
09-07 04:31:51.200  1792  2272 E GnssHAL_GnssInterface: gnssSvStatusCb: b: input svInfo.flags is 8
09-07 04:31:52.200  1792  2272 E GnssHAL_GnssInterface: gnssSvStatusCb: a: input svInfo.flags is 8
09-07 04:31:52.200  1792  2272 E GnssHAL_GnssInterface: gnssSvStatusCb: b: input svInfo.flags is 8
09-07 04:31:53.199  1792  2272 E GnssHAL_GnssInterface: gnssSvStatusCb: a: input svInfo.flags is 8
09-07 04:31:53.200  1792  2272 E GnssHAL_GnssInterface: gnssSvStatusCb: b: input svInfo.flags is 8
09-07 04:31:54.200  1792  2272 E GnssHAL_GnssInterface: gnssSvStatusCb: a: input svInfo.flags is 8
09-07 04:31:54.200  1792  2272 E GnssHAL_GnssInterface: gnssSvStatusCb: b: input svInfo.flags is 8
09-07 04:31:55.199  1792  2272 E GnssHAL_GnssInterface: gnssSvStatusCb: a: input svInfo.flags is 8
09-07 04:31:55.199  1792  2272 E GnssHAL_GnssInterface: gnssSvStatusCb: b: input svInfo.flags is 8
09-07 04:31:55.685 25621 25621 D takeScreenshot: Found 1 global views to redraw
09-07 04:31:56.199  1792  2272 E GnssHAL_GnssInterface: gnssSvStatusCb: a: input svInfo.flags is 8
09-07 04:31:56.199  1792  2272 E GnssHAL_GnssInterface: gnssSvStatusCb: b: input svInfo.flags is 8
09-07 04:31:56.225  1793  1793 D gralloc_ranchu: gralloc_alloc: Creating ashmem region of size 9850880
09-07 04:31:56.258 25621 25665 W DefaultFailureHandler: Failed to take screenshot
09-07 04:31:56.258 25621 25665 W DefaultFailureHandler: java.io.FileNotFoundException: view-op-error-2.png: open failed: EROFS (Read-only file system)
09-07 04:31:56.258 25621 25665 W DefaultFailureHandler: 	at libcore.io.IoBridge.open(IoBridge.java:496)
09-07 04:31:56.258 25621 25665 W DefaultFailureHandler: 	at java.io.FileOutputStream.<init>(FileOutputStream.java:235)
09-07 04:31:56.258 25621 25665 W DefaultFailureHandler: 	at java.io.FileOutputStream.<init>(FileOutputStream.java:125)
09-07 04:31:56.258 25621 25665 W DefaultFailureHandler: 	at androidx.test.platform.io.FileTestStorage.openOutputFile(FileTestStorage.java:60)
09-07 04:31:56.258 25621 25665 W DefaultFailureHandler: 	at androidx.test.core.graphics.BitmapStorage.writeToTestStorage(BitmapStorageExt.kt:49)
09-07 04:31:56.258 25621 25665 W DefaultFailureHandler: 	at androidx.test.espresso.base.DefaultFailureHandler.takeScreenshot(DefaultFailureHandler.java:4)
09-07 04:31:56.258 25621 25665 W DefaultFailureHandler: 	at androidx.test.espresso.base.DefaultFailureHandler.handle(DefaultFailureHandler.java:3)
09-07 04:31:56.258 25621 25665 W DefaultFailureHandler: 	at androidx.test.espresso.ViewInteraction.waitForAndHandleInteractionResults(ViewInteraction.java:8)
09-07 04:31:56.258 25621 25665 W DefaultFailureHandler: 	at androidx.test.espresso.ViewInteraction.desugaredPerform(ViewInteraction.java:11)
09-07 04:31:56.258 25621 25665 W DefaultFailureHandler: 	at androidx.test.espresso.ViewInteraction.perform(ViewInteraction.java:8)
09-07 04:31:56.258 25621 25665 W DefaultFailureHandler: 	at ru.iteco.fmhandroid.ui.data.TestUtils.waitView(TestUtils.java:61)
09-07 04:31:56.258 25621 25665 W DefaultFailureHandler: 	at ru.iteco.fmhandroid.ui.steps.MainPageSteps.clickLogOutBut(MainPageSteps.java:57)
09-07 04:31:56.258 25621 25665 W DefaultFailureHandler: 	at ru.iteco.fmhandroid.ui.MainPageTest.logoutCheck(MainPageTest.java:46)
09-07 04:31:56.258 25621 25665 W DefaultFailureHandler: 	at java.lang.reflect.Method.invoke(Native Method)
09-07 04:31:56.258 25621 25665 W DefaultFailureHandler: 	at org.junit.runners.model.FrameworkMethod$1.runReflectiveCall(FrameworkMethod.java:59)
09-07 04:31:56.258 25621 25665 W DefaultFailureHandler: 	at org.junit.internal.runners.model.ReflectiveCallable.run(ReflectiveCallable.java:12)
09-07 04:31:56.258 25621 25665 W DefaultFailureHandler: 	at org.junit.runners.model.FrameworkMethod.invokeExplosively(FrameworkMethod.java:56)
09-07 04:31:56.258 25621 25665 W DefaultFailureHandler: 	at androidx.test.internal.runner.junit4.statement.RunBefores.evaluate(RunBefores.java:76)
09-07 04:31:56.258 25621 25665 W DefaultFailureHandler: 	at io.qameta.allure.android.rules.ScreenshotRule$apply$1.evaluate(ScreenshotRule.kt:22)
09-07 04:31:56.258 25621 25665 W DefaultFailureHandler: 	at org.junit.rules.ExternalResource$1.evaluate(ExternalResource.java:54)
09-07 04:31:56.258 25621 25665 W DefaultFailureHandler: 	at io.qameta.allure.android.rules.LogcatRule$apply$1.evaluate(LogcatRule.kt:23)
09-07 04:31:56.258 25621 25665 W DefaultFailureHandler: 	at org.junit.rules.RunRules.evaluate(RunRules.java:20)
09-07 04:31:56.258 25621 25665 W DefaultFailureHandler: 	at org.junit.runners.ParentRunner$3.evaluate(ParentRunner.java:306)
09-07 04:31:56.258 25621 25665 W DefaultFailureHandler: 	at org.junit.runners.BlockJUnit4ClassRunner$1.evaluate(BlockJUnit4ClassRunner.java:100)
09-07 04:31:56.258 25621 25665 W DefaultFailureHandler: 	at org.junit.runners.ParentRunner.runLeaf(ParentRunner.java:366)
09-07 04:31:56.258 25621 25665 W DefaultFailureHandler: 	at org.junit.runners.BlockJUnit4ClassRunner.runChild(BlockJUnit4ClassRunner.java:103)
09-07 04:31:56.258 25621 25665 W DefaultFailureHandler: 	at org.junit.runners.BlockJUnit4ClassRunner.runChild(BlockJUnit4ClassRunner.java:63)
09-07 04:31:56.258 25621 25665 W DefaultFailureHandler: 	at org.junit.runners.ParentRunner$4.run(ParentRunner.java:331)
09-07 04:31:56.258 25621 25665 W DefaultFailureHandler: 	at org.junit.runners.ParentRunner$1.schedule(ParentRunner.java:79)
09-07 04:31:56.258 25621 25665 W DefaultFailureHandler: 	at org.junit.runners.ParentRunner.runChildren(ParentRunner.java:329)
09-07 04:31:56.258 25621 25665 W DefaultFailureHandler: 	at org.junit.runners.ParentRunner.access$100(ParentRunner.java:66)
09-07 04:31:56.258 25621 25665 W DefaultFailureHandler: 	at org.junit.runners.ParentRunner$2.evaluate(ParentRunner.java:293)
09-07 04:31:56.258 25621 25665 W DefaultFailureHandler: 	at org.junit.runners.ParentRunner$3.evaluate(ParentRunner.java:306)
09-07 04:31:56.258 25621 25665 W DefaultFailureHandler: 	at org.junit.runners.ParentRunner.run(ParentRunner.java:413)
09-07 04:31:56.258 25621 25665 W DefaultFailureHandler: 	at androidx.test.ext.junit.runners.AndroidJUnit4.run(AndroidJUnit4.java:162)
09-07 04:31:56.258 25621 25665 W DefaultFailureHandler: 	at io.qameta.allure.android.runners.AllureAndroidJUnit4.run(AllureAndroidJUnitRunners.kt:29)
09-07 04:31:56.258 25621 25665 W DefaultFailureHandler: 	at org.junit.runners.Suite.runChild(Suite.java:128)
09-07 04:31:56.258 25621 25665 W DefaultFailureHandler: 	at org.junit.runners.Suite.runChild(Suite.java:27)
09-07 04:31:56.258 25621 25665 W DefaultFailureHandler: 	at org.junit.runners.ParentRunner$4.run(ParentRunner.java:331)
09-07 04:31:56.258 25621 25665 W DefaultFailureHandler: 	at org.junit.runners.ParentRunner$1.schedule(ParentRunner.java:79)
09-07 04:31:56.258 25621 25665 W DefaultFailureHandler: 	at org.junit.runners.ParentRunner.runChildren(ParentRunner.java:329)
09-07 04:31:56.258 25621 25665 W DefaultFailureHandler: 	at org.junit.runners.ParentRunner.access$100(ParentRunner.java:66)
09-07 04:31:56.258 25621 25665 W DefaultFailureHandler: 	at org.junit.runners.ParentRunner$2.evaluate(ParentRunner.java:293)
09-07 04:31:56.258 25621 25665 W DefaultFailureHandler: 	at org.junit.runners.ParentRunner$3.evaluate(ParentRunner.java:306)
09-07 04:31:56.258 25621 25665 W DefaultFailureHandler: 	at org.junit.runners.ParentRunner.run(ParentRunner.java:413)
09-07 04:31:56.258 25621 25665 W DefaultFailureHandler: 	at org.junit.runner.JUnitCore.run(JUnitCore.java:137)
09-07 04:31:56.258 25621 25665 W DefaultFailureHandler: 	at org.junit.runner.JUnitCore.run(JUnitCore.java:115)
09-07 04:31:56.258 25621 25665 W DefaultFailureHandler: 	at androidx.test.internal.runner.TestExecutor.execute(TestExecutor.java:67)
09-07 04:31:56.258 25621 25665 W DefaultFailureHandler: 	at androidx.test.internal.runner.TestExecutor.execute(TestExecutor.java:58)
09-07 04:31:56.258 25621 25665 W DefaultFailureHandler: 	at androidx.test.runner.AndroidJUnitRunner.onStart(AndroidJUnitRunner.java:438)
09-07 04:31:56.258 25621 25665 W DefaultFailureHandler: 	at android.app.Instrumentation$InstrumentationThread.run(Instrumentation.java:2189)
09-07 04:31:56.258 25621 25665 W DefaultFailureHandler: Caused by: android.system.ErrnoException: open failed: EROFS (Read-only file system)
09-07 04:31:56.258 25621 25665 W DefaultFailureHandler: 	at libcore.io.Linux.open(Native Method)
09-07 04:31:56.258 25621 25665 W DefaultFailureHandler: 	at libcore.io.ForwardingOs.open(ForwardingOs.java:167)
09-07 04:31:56.258 25621 25665 W DefaultFailureHandler: 	at libcore.io.BlockGuardOs.open(BlockGuardOs.java:252)
09-07 04:31:56.258 25621 25665 W DefaultFailureHandler: 	at libcore.io.ForwardingOs.open(ForwardingOs.java:167)
09-07 04:31:56.258 25621 25665 W DefaultFailureHandler: 	at android.app.ActivityThread$AndroidOs.open(ActivityThread.java:7255)
09-07 04:31:56.258 25621 25665 W DefaultFailureHandler: 	at libcore.io.IoBridge.open(IoBridge.java:482)
09-07 04:31:56.258 25621 25665 W DefaultFailureHandler: 	... 50 more
09-07 04:31:56.267  1793  1793 D gralloc_ranchu: gralloc_alloc: Creating ashmem region of size 9850880
09-07 04:31:52.479  2434  2940 E ActivityThread: Failed to find provider info for com.google.android.apps.wellbeing.api
09-07 04:31:56.544  2037  2674 I ActivityTaskManager: START u0 {act=android.intent.action.MAIN cat=[android.intent.category.LAUNCHER] flg=0x10000000 cmp=ru.iteco.fmhandroid.test/androidx.test.core.app.InstrumentationActivityInvoker$EmptyActivity} from uid 10136
09-07 04:31:56.549 25621 25621 D LifecycleMonitor: Lifecycle status change: ru.iteco.fmhandroid.ui.AppActivity@bf025f4 in: PAUSED
09-07 04:31:56.549 25621 25621 V ActivityScenario: Update currentActivityStage to PAUSED, currentActivity=ru.iteco.fmhandroid.ui.AppActivity@bf025f4
09-07 04:31:56.550  2037  5216 W InputReader: Device has associated, but no associated display id.
09-07 04:31:56.551  2037  5216 I chatty  : uid=1000(system) Binder:2037_18 identical 38 lines
09-07 04:31:56.551  2037  5216 W InputReader: Device has associated, but no associated display id.
09-07 04:31:56.552 25621 25666 V FA      : Recording user engagement, ms: 21374
09-07 04:31:56.552  2037  5216 W InputReader: Device has associated, but no associated display id.
09-07 04:31:56.552  2037  5216 I chatty  : uid=1000(system) Binder:2037_18 identical 8 lines
09-07 04:31:56.552  2037  5216 W InputReader: Device has associated, but no associated display id.
09-07 04:31:56.553 25677 25677 W ActivityThread: handleWindowVisibility: no activity for token android.os.BinderProxy@d6eec89
09-07 04:31:56.558  2037  2065 E memtrack: Couldn't load memtrack module
09-07 04:31:56.558  2037  2065 W android.os.Debug: failed to get memory consumption info: -1
09-07 04:31:56.584  2037  5216 I ActivityTaskManager: START u0 {act=android.intent.action.MAIN cat=[android.intent.category.LAUNCHER] flg=0x10000000 cmp=ru.iteco.fmhandroid.test/androidx.test.core.app.InstrumentationActivityInvoker$EmptyActivity} from uid 10136
09-07 04:31:56.586 25621 25666 V FA      : Connecting to remote service
09-07 04:31:56.594  7867  7867 D BoundBrokerSvc: onBind: Intent { act=com.google.android.gms.measurement.START pkg=com.google.android.gms }
09-07 04:31:56.594  7867  7867 D BoundBrokerSvc: Loading bound service for intent: Intent { act=com.google.android.gms.measurement.START pkg=com.google.android.gms }
09-07 04:31:56.599 25621 25666 V FA      : Connection attempt already in progress
09-07 04:31:56.599 25621 25666 V FA      : Activity paused, time: 4040444
09-07 04:31:56.604 25621 25666 D FA      : Connected to remote service
09-07 04:31:56.605 25621 25666 V FA      : Processing queued up service tasks: 2
09-07 04:31:56.606  2037  2674 W InputReader: Device has associated, but no associated display id.
09-07 04:31:56.608  2037  2674 I chatty  : uid=1000(system) Binder:2037_A identical 48 lines
09-07 04:31:56.608  2037  2674 W InputReader: Device has associated, but no associated display id.
09-07 04:31:56.621 25677 25708 D HostConnection: HostConnection::get() New Host Connection established 0xd6c2af50, tid 25708
09-07 04:31:56.624 25677 25708 D HostConnection: HostComposition ext ANDROID_EMU_CHECKSUM_HELPER_v1 ANDROID_EMU_dma_v1 ANDROID_EMU_direct_mem ANDROID_EMU_vulkan ANDROID_EMU_deferred_vulkan_commands ANDROID_EMU_vulkan_null_optional_strings ANDROID_EMU_vulkan_create_resources_with_requirements ANDROID_EMU_YUV420_888_to_NV21 ANDROID_EMU_YUV_Cache ANDROID_EMU_vulkan_free_memory_sync ANDROID_EMU_vulkan_shader_float16_int8 ANDROID_EMU_vulkan_async_queue_submit ANDROID_EMU_sync_buffer_data GL_OES_vertex_array_object GL_KHR_texture_compression_astc_ldr ANDROID_EMU_host_side_tracing ANDROID_EMU_gles_max_version_2 
09-07 04:31:56.630 25677 25708 W OpenGLRenderer: Failed to choose config with EGL_SWAP_BEHAVIOR_PRESERVED, retrying without...
09-07 04:31:56.642 25677 25708 D eglCodecCommon: setVertexArrayObject: set vao to 0 (0) 0 0
09-07 04:31:56.642 25677 25708 D EGL_emulation: eglCreateContext: 0xed47f280: maj 2 min 0 rcv 2
09-07 04:31:56.667 25677 25708 D EGL_emulation: eglMakeCurrent: 0xed47f280: ver 2 0 (tinfo 0xed4894e0)
09-07 04:31:56.681  1793  1793 D gralloc_ranchu: gralloc_alloc: Creating ashmem region of size 9850880
09-07 04:31:56.682  7867 22594 V FA-SVC  : Logging event: origin=auto,name=user_engagement(_e),params=Bundle[{ga_event_origin(_o)=auto, engagement_time_msec(_et)=21374, ga_screen_class(_sc)=AppActivity, ga_screen_id(_si)=8279328028119502209}]
09-07 04:31:56.688  1678  1678 I hwservicemanager: getTransport: Cannot find entry android.hardware.graphics.mapper@3.0::IMapper/default in either framework or device manifest.
09-07 04:31:56.689 25677 25708 W Gralloc3: mapper 3.x is not supported
09-07 04:31:56.691 25677 25708 D HostConnection: createUnique: call
09-07 04:31:56.691 25677 25708 D HostConnection: HostConnection::get() New Host Connection established 0xd6c2c440, tid 25708
09-07 04:31:56.693 25677 25708 D HostConnection: HostComposition ext ANDROID_EMU_CHECKSUM_HELPER_v1 ANDROID_EMU_dma_v1 ANDROID_EMU_direct_mem ANDROID_EMU_vulkan ANDROID_EMU_deferred_vulkan_commands ANDROID_EMU_vulkan_null_optional_strings ANDROID_EMU_vulkan_create_resources_with_requirements ANDROID_EMU_YUV420_888_to_NV21 ANDROID_EMU_YUV_Cache ANDROID_EMU_vulkan_free_memory_sync ANDROID_EMU_vulkan_shader_float16_int8 ANDROID_EMU_vulkan_async_queue_submit ANDROID_EMU_sync_buffer_data GL_OES_vertex_array_object GL_KHR_texture_compression_astc_ldr ANDROID_EMU_host_side_tracing ANDROID_EMU_gles_max_version_2 
09-07 04:31:56.693 25677 25708 D eglCodecCommon: allocate: Ask for block of size 0x1000
09-07 04:31:56.693 25677 25708 D eglCodecCommon: allocate: ioctl allocate returned offset 0x3ff684000 size 0x2000
09-07 04:31:56.696  1793  1793 D gralloc_ranchu: gralloc_alloc: Creating ashmem region of size 9850880
