09-07 04:31:17.923 25321 25364 W DefaultFailureHandler: 	at androidx.test.ext.junit.runners.AndroidJUnit4.run(AndroidJUnit4.java:162)
09-07 04:31:17.923 25321 25364 W DefaultFailureHandler: 	at io.qameta.allure.android.runners.AllureAndroidJUnit4.run(AllureAndroidJUnitRunners.kt:29)
09-07 04:31:17.923 25321 25364 W DefaultFailureHandler: 	at org.junit.runners.Suite.runChild(Suite.java:128)
09-07 04:31:17.923 25321 25364 W DefaultFailureHandler: 	at org.junit.runners.Suite.runChild(Suite.java:27)
09-07 04:31:17.923 25321 25364 W DefaultFailureHandler: 	at org.junit.runners.ParentRunner$4.run(ParentRunner.java:331)
09-07 04:31:17.923 25321 25364 W DefaultFailureHandler: 	at org.junit.runners.ParentRunner$1.schedule(ParentRunner.java:79)
09-07 04:31:17.923 25321 25364 W DefaultFailureHandler: 	at org.junit.runners.ParentRunner.runChildren(ParentRunner.java:329)
09-07 04:31:17.923 25321 25364 W DefaultFailureHandler: 	at org.junit.runners.ParentRunner.access$100(ParentRunner.java:66)
09-07 04:31:17.923 25321 25364 W DefaultFailureHandler: 	at org.junit.runners.ParentRunner$2.evaluate(ParentRunner.java:293)
09-07 04:31:17.923 25321 25364 W DefaultFailureHandler: 	at org.junit.runners.ParentRunner$3.evaluate(ParentRunner.java:306)
09-07 04:31:17.923 25321 25364 W DefaultFailureHandler: 	at org.junit.runners.ParentRunner.run(ParentRunner.java:413)
09-07 04:31:17.923 25321 25364 W DefaultFailureHandler: 	at org.junit.runner.JUnitCore.run(JUnitCore.java:137)
09-07 04:31:17.923 25321 25364 W DefaultFailureHandler: 	at org.junit.runner.JUnitCore.run(JUnitCore.java:115)
09-07 04:31:17.923 25321 25364 W DefaultFailureHandler: 	at androidx.test.internal.runner.TestExecutor.execute(TestExecutor.java:67)
09-07 04:31:17.923 25321 25364 W DefaultFailureHandler: 	at androidx.test.internal.runner.TestExecutor.execute(TestExecutor.java:58)
09-07 04:31:17.923 25321 25364 W DefaultFailureHandler: 	at androidx.test.runner.AndroidJUnitRunner.onStart(AndroidJUnitRunner.java:438)
09-07 04:31:17.923 25321 25364 W DefaultFailureHandler: 	at android.app.Instrumentation$InstrumentationThread.run(Instrumentation.java:2189)
09-07 04:31:17.923 25321 25364 W DefaultFailureHandler: Caused by: android.system.ErrnoException: open failed: EROFS (Read-only file system)
09-07 04:31:17.923 25321 25364 W DefaultFailureHandler: 	at libcore.io.Linux.open(Native Method)
09-07 04:31:17.923 25321 25364 W DefaultFailureHandler: 	at libcore.io.ForwardingOs.open(ForwardingOs.java:167)
09-07 04:31:17.923 25321 25364 W DefaultFailureHandler: 	at libcore.io.BlockGuardOs.open(BlockGuardOs.java:252)
09-07 04:31:17.923 25321 25364 W DefaultFailureHandler: 	at libcore.io.ForwardingOs.open(ForwardingOs.java:167)
09-07 04:31:17.923 25321 25364 W DefaultFailureHandler: 	at android.app.ActivityThread$AndroidOs.open(ActivityThread.java:7255)
09-07 04:31:17.923 25321 25364 W DefaultFailureHandler: 	at libcore.io.IoBridge.open(IoBridge.java:482)
09-07 04:31:17.923 25321 25364 W DefaultFailureHandler: 	... 48 more
09-07 04:31:17.936  1793  1793 D gralloc_ranchu: gralloc_alloc: Creating ashmem region of size 9850880
09-07 04:31:18.110  2037  7860 I ActivityTaskManager: START u0 {act=android.intent.action.MAIN cat=[android.intent.category.LAUNCHER] flg=0x10000000 cmp=ru.iteco.fmhandroid.test/androidx.test.core.app.InstrumentationActivityInvoker$EmptyActivity} from uid 10136
09-07 04:31:18.115 25321 25321 D LifecycleMonitor: Lifecycle status change: ru.iteco.fmhandroid.ui.AppActivity@bf025f4 in: PAUSED
09-07 04:31:18.116 25321 25321 V ActivityScenario: Update currentActivityStage to PAUSED, currentActivity=ru.iteco.fmhandroid.ui.AppActivity@bf025f4
09-07 04:31:18.119 25321 25366 V FA      : Recording user engagement, ms: 24056
09-07 04:31:18.121  2037  7860 W InputReader: Device has associated, but no associated display id.
09-07 04:31:18.123  2037  7860 I chatty  : uid=1000(system) Binder:2037_1F identical 38 lines
09-07 04:31:18.123  2037  7860 W InputReader: Device has associated, but no associated display id.
09-07 04:31:18.124 25378 25378 W ActivityThread: handleWindowVisibility: no activity for token android.os.BinderProxy@d6eec89
09-07 04:31:18.127  2037  7860 W InputReader: Device has associated, but no associated display id.
09-07 04:31:18.127  2037  7860 I chatty  : uid=1000(system) Binder:2037_1F identical 8 lines
09-07 04:31:18.128  2037  7860 W InputReader: Device has associated, but no associated display id.
09-07 04:31:18.147  2037  2065 E memtrack: Couldn't load memtrack module
09-07 04:31:18.147  2037  2065 W android.os.Debug: failed to get memory consumption info: -1
09-07 04:31:18.148  2037  4315 I ActivityTaskManager: START u0 {act=android.intent.action.MAIN cat=[android.intent.category.LAUNCHER] flg=0x10000000 cmp=ru.iteco.fmhandroid.test/androidx.test.core.app.InstrumentationActivityInvoker$EmptyActivity} from uid 10136
09-07 04:31:18.173 25378 25410 D HostConnection: HostConnection::get() New Host Connection established 0xda26c2d0, tid 25410
09-07 04:31:18.174 25378 25410 D HostConnection: HostComposition ext ANDROID_EMU_CHECKSUM_HELPER_v1 ANDROID_EMU_dma_v1 ANDROID_EMU_direct_mem ANDROID_EMU_vulkan ANDROID_EMU_deferred_vulkan_commands ANDROID_EMU_vulkan_null_optional_strings ANDROID_EMU_vulkan_create_resources_with_requirements ANDROID_EMU_YUV420_888_to_NV21 ANDROID_EMU_YUV_Cache ANDROID_EMU_vulkan_free_memory_sync ANDROID_EMU_vulkan_shader_float16_int8 ANDROID_EMU_vulkan_async_queue_submit ANDROID_EMU_sync_buffer_data GL_OES_vertex_array_object GL_KHR_texture_compression_astc_ldr ANDROID_EMU_host_side_tracing ANDROID_EMU_gles_max_version_2 
09-07 04:31:18.175 25378 25410 W OpenGLRenderer: Failed to choose config with EGL_SWAP_BEHAVIOR_PRESERVED, retrying without...
09-07 04:31:18.183 25321 25334 I teco.fmhandroi: NativeAlloc concurrent copying GC freed 113970(4887KB) AllocSpace objects, 5(192KB) LOS objects, 32% free, 12MB/18MB, paused 1.419ms total 182.343ms
09-07 04:31:18.191 25378 25410 D eglCodecCommon: setVertexArrayObject: set vao to 0 (0) 0 0
09-07 04:31:18.191 25378 25410 D EGL_emulation: eglCreateContext: 0xda21a3c0: maj 2 min 0 rcv 2
09-07 04:31:18.196  1792  2272 E GnssHAL_GnssInterface: gnssSvStatusCb: a: input svInfo.flags is 8
09-07 04:31:18.196  1792  2272 E GnssHAL_GnssInterface: gnssSvStatusCb: b: input svInfo.flags is 8
09-07 04:31:18.220 25378 25410 D EGL_emulation: eglMakeCurrent: 0xda21a3c0: ver 2 0 (tinfo 0xda20f2c0)
09-07 04:31:18.228 25321 25366 V FA      : Connecting to remote service
09-07 04:31:18.231  1793  1793 D gralloc_ranchu: gralloc_alloc: Creating ashmem region of size 9850880
09-07 04:31:18.232  7867  7867 D BoundBrokerSvc: onBind: Intent { act=com.google.android.gms.measurement.START pkg=com.google.android.gms }
09-07 04:31:18.232  7867  7867 D BoundBrokerSvc: Loading bound service for intent: Intent { act=com.google.android.gms.measurement.START pkg=com.google.android.gms }
09-07 04:31:18.233  1678  1678 I hwservicemanager: getTransport: Cannot find entry android.hardware.graphics.mapper@3.0::IMapper/default in either framework or device manifest.
09-07 04:31:18.233 25378 25410 W Gralloc3: mapper 3.x is not supported
09-07 04:31:18.235 25321 25366 V FA      : Connection attempt already in progress
09-07 04:31:18.235 25378 25410 D HostConnection: createUnique: call
09-07 04:31:18.235 25321 25366 V FA      : Activity paused, time: 4002009
09-07 04:31:18.235 25378 25410 D HostConnection: HostConnection::get() New Host Connection established 0xda26c410, tid 25410
09-07 04:31:18.239 25378 25410 D HostConnection: HostComposition ext ANDROID_EMU_CHECKSUM_HELPER_v1 ANDROID_EMU_dma_v1 ANDROID_EMU_direct_mem ANDROID_EMU_vulkan ANDROID_EMU_deferred_vulkan_commands ANDROID_EMU_vulkan_null_optional_strings ANDROID_EMU_vulkan_create_resources_with_requirements ANDROID_EMU_YUV420_888_to_NV21 ANDROID_EMU_YUV_Cache ANDROID_EMU_vulkan_free_memory_sync ANDROID_EMU_vulkan_shader_float16_int8 ANDROID_EMU_vulkan_async_queue_submit ANDROID_EMU_sync_buffer_data GL_OES_vertex_array_object GL_KHR_texture_compression_astc_ldr ANDROID_EMU_host_side_tracing ANDROID_EMU_gles_max_version_2 
09-07 04:31:18.239 25378 25410 D eglCodecCommon: allocate: Ask for block of size 0x1000
09-07 04:31:18.239 25378 25410 D eglCodecCommon: allocate: ioctl allocate returned offset 0x3ff684000 size 0x2000
09-07 04:31:18.240  1793  1793 D gralloc_ranchu: gralloc_alloc: Creating ashmem region of size 9850880
09-07 04:31:18.242  1793  1793 D gralloc_ranchu: gralloc_alloc: Creating ashmem region of size 9850880
09-07 04:31:18.242 25321 25366 D FA      : Connected to remote service
09-07 04:31:18.243 25321 25366 V FA      : Processing queued up service tasks: 2
09-07 04:31:18.244 25378 25410 D EGL_emulation: eglMakeCurrent: 0xda21a3c0: ver 2 0 (tinfo 0xda20f2c0)
09-07 04:31:18.245 25378 25410 D eglCodecCommon: setVertexArrayObject: set vao to 0 (0) 1 0
09-07 04:31:18.259  7867 22594 V FA-SVC  : Logging event: origin=auto,name=user_engagement(_e),params=Bundle[{ga_event_origin(_o)=auto, engagement_time_msec(_et)=24056, ga_screen_class(_sc)=AppActivity, ga_screen_id(_si)=3539933324447838078}]
09-07 04:31:18.272  7867 22594 V FA-SVC  : Upload scheduled in approximately ms: 3361027
09-07 04:31:18.272  7867 22594 V FA-SVC  : Unscheduling upload
09-07 04:31:18.274  7867 22594 V FA-SVC  : Scheduling upload, millis: 3361027
09-07 04:31:18.276  7867 22594 V FA-SVC  : Background event processing time, ms: 17
09-07 04:31:18.302  2037  4315 W InputReader: Device has associated, but no associated display id.
09-07 04:31:18.304  2037  4315 I chatty  : uid=1000(system) Binder:2037_11 identical 48 lines
09-07 04:31:18.304  2037  4315 W InputReader: Device has associated, but no associated display id.
09-07 04:31:18.308 25378 25378 W ActivityThread: handleWindowVisibility: no activity for token android.os.BinderProxy@ee74d3e
09-07 04:31:18.323  2037  4831 W ActivityTaskManager: Duplicate finish request for ActivityRecord{ab8e32f u0 ru.iteco.fmhandroid/.ui.AppActivity t794 f}
09-07 04:31:18.340  1793  1793 D gralloc_ranchu: gralloc_alloc: Creating ashmem region of size 9850880
09-07 04:31:18.349  1793  1793 I chatty  : uid=1000(system) allocator@2.0-s identical 1 line
09-07 04:31:18.351  1793  1793 D gralloc_ranchu: gralloc_alloc: Creating ashmem region of size 9850880
09-07 04:31:18.352 25378 25410 D EGL_emulation: eglMakeCurrent: 0xda21a3c0: ver 2 0 (tinfo 0xda20f2c0)
09-07 04:31:18.372  2037  2061 W InputReader: Device has associated, but no associated display id.
09-07 04:31:18.373  2037  2061 I chatty  : uid=1000(system) android.anim identical 18 lines
09-07 04:31:18.373  2037  2061 W InputReader: Device has associated, but no associated display id.
09-07 04:31:18.381  2037  2065 I ActivityTaskManager: Displayed ru.iteco.fmhandroid.test/androidx.test.core.app.InstrumentationActivityInvoker$EmptyActivity: +192ms
09-07 04:31:18.384  2037  4831 W InputReader: Device has associated, but no associated display id.
09-07 04:31:18.384  2037  4831 I chatty  : uid=1000(system) Binder:2037_17 identical 8 lines
09-07 04:31:18.384  2037  4831 W InputReader: Device has associated, but no associated display id.
09-07 04:31:18.394 25321 25413 D EGL_emulation: eglMakeCurrent: 0xda21ade0: ver 2 0 (tinfo 0xda20fa20)
09-07 04:31:18.403  2037  7860 W InputReader: Device has associated, but no associated display id.
09-07 04:31:18.403  2037  7860 I chatty  : uid=1000(system) Binder:2037_1F identical 8 lines
09-07 04:31:18.403  2037  7860 W InputReader: Device has associated, but no associated display id.
09-07 04:31:18.411  1823  1823 W SurfaceFlinger: couldn't log to binary event log: overflow.
09-07 04:31:18.413 25321 25321 D LifecycleMonitor: Lifecycle status change: ru.iteco.fmhandroid.ui.AppActivity@bf025f4 in: STOPPED
09-07 04:31:18.413 25321 25321 V ActivityScenario: Update currentActivityStage to STOPPED, currentActivity=ru.iteco.fmhandroid.ui.AppActivity@bf025f4
09-07 04:31:18.428  2037  2037 W ActivityManager: Unable to start service Intent { act=android.service.appprediction.AppPredictionService cmp=com.google.android.as/com.google.android.apps.miphone.aiai.app.AiAiPredictionService } U=0: not found
09-07 04:31:18.428  2037  2037 W RemoteAppPredictionService: could not bind to Intent { act=android.service.appprediction.AppPredictionService cmp=com.google.android.as/com.google.android.apps.miphone.aiai.app.AiAiPredictionService } using flags 67108865
09-07 04:31:18.433 25321 25321 W System.err: ru.iteco.fmhandroid.exceptions.UnknownException
09-07 04:31:18.433 25321 25321 W System.err: 	at ru.iteco.fmhandroid.utils.Utils.makeRequest(Utils.kt:123)
09-07 04:31:18.433 25321 25321 W System.err: 	at ru.iteco.fmhandroid.utils.Utils$makeRequest$1.invokeSuspend(Unknown Source:15)
09-07 04:31:18.433 25321 25321 W System.err: 	at kotlin.coroutines.jvm.internal.BaseContinuationImpl.resumeWith(ContinuationImpl.kt:33)
09-07 04:31:18.433 25321 25321 W System.err: 	at kotlinx.coroutines.DispatchedTaskKt.resume(DispatchedTask.kt:234)
09-07 04:31:18.433 25321 25321 W System.err: 	at kotlinx.coroutines.DispatchedTaskKt.resumeUnconfined(DispatchedTask.kt:190)
09-07 04:31:18.433 25321 25321 W System.err: 	at kotlinx.coroutines.DispatchedTaskKt.dispatch(DispatchedTask.kt:161)
09-07 04:31:18.433 25321 25321 W System.err: 	at kotlinx.coroutines.CancellableContinuationImpl.dispatchResume(CancellableContinuationImpl.kt:397)
09-07 04:31:18.433 25321 25321 W System.err: 	at kotlinx.coroutines.CancellableContinuationImpl.cancel(CancellableContinuationImpl.kt:183)
09-07 04:31:18.433 25321 25321 W System.err: 	at kotlinx.coroutines.CancellableContinuationImpl.parentCancelled$kotlinx_coroutines_core(CancellableContinuationImpl.kt:190)
09-07 04:31:18.433 25321 25321 W System.err: 	at kotlinx.coroutines.ChildContinuation.invoke(JobSupport.kt:1474)
09-07 04:31:18.433 25321 25321 W System.err: 	at kotlinx.coroutines.JobSupport.notifyCancelling(JobSupport.kt:1499)
09-07 04:31:18.433 25321 25321 W System.err: 	at kotlinx.coroutines.JobSupport.tryMakeCancelling(JobSupport.kt:795)
09-07 04:31:18.433 25321 25321 W System.err: 	at kotlinx.coroutines.JobSupport.makeCancelling(JobSupport.kt:755)
09-07 04:31:18.433 25321 25321 W System.err: 	at kotlinx.coroutines.JobSupport.cancelImpl$kotlinx_coroutines_core(JobSupport.kt:671)
09-07 04:31:18.433 25321 25321 W System.err: 	at kotlinx.coroutines.JobSupport.parentCancelled(JobSupport.kt:637)
09-07 04:31:18.433 25321 25321 W System.err: 	at kotlinx.coroutines.ChildHandleNode.invoke(JobSupport.kt:1465)
09-07 04:31:18.433 25321 25321 W System.err: 	at kotlinx.coroutines.JobSupport.notifyCancelling(JobSupport.kt:1499)
09-07 04:31:18.433 25321 25321 W System.err: 	at kotlinx.coroutines.JobSupport.tryMakeCompletingSlowPath(JobSupport.kt:900)
09-07 04:31:18.433 25321 25321 W System.err: 	at kotlinx.coroutines.JobSupport.tryMakeCompleting(JobSupport.kt:863)
09-07 04:31:18.433 25321 25321 W System.err: 	at kotlinx.coroutines.JobSupport.cancelMakeCompleting(JobSupport.kt:696)
09-07 04:31:18.433 25321 25321 W System.err: 	at kotlinx.coroutines.JobSupport.cancelImpl$kotlinx_coroutines_core(JobSupport.kt:667)
09-07 04:31:18.433 25321 25321 W System.err: 	at kotlinx.coroutines.JobSupport.cancelInternal(JobSupport.kt:632)
09-07 04:31:18.433 25321 25321 W System.err: 	at kotlinx.coroutines.JobSupport.cancel(JobSupport.kt:617)
09-07 04:31:18.433 25321 25321 W System.err: 	at kotlinx.coroutines.JobKt__JobKt.cancel(Job.kt:561)
09-07 04:31:18.433 25321 25321 W System.err: 	at kotlinx.coroutines.JobKt.cancel(Unknown Source:1)
09-07 04:31:18.433 25321 25321 W System.err: 	at kotlinx.coroutines.JobKt__JobKt.cancel$default(Job.kt:560)
09-07 04:31:18.433 25321 25321 W System.err: 	at kotlinx.coroutines.JobKt.cancel$default(Unknown Source:1)
09-07 04:31:18.433 25321 25321 W System.err: 	at androidx.lifecycle.CloseableCoroutineScope.close(ViewModel.kt:51)
09-07 04:31:18.433 25321 25321 W System.err: 	at androidx.lifecycle.ViewModel.closeWithRuntimeException(ViewModel.java:188)
09-07 04:31:18.433 25321 25321 W System.err: 	at androidx.lifecycle.ViewModel.clear(ViewModel.java:134)
09-07 04:31:18.433 25321 25321 W System.err: 	at androidx.lifecycle.ViewModelStore.clear(ViewModelStore.java:62)
09-07 04:31:18.434 25321 25321 W System.err: 	at androidx.fragment.app.FragmentManagerViewModel.clearNonConfigStateInternal(FragmentManagerViewModel.java:210)
09-07 04:31:18.434 25321 25321 W System.err: 	at androidx.fragment.app.FragmentManagerViewModel.clearNonConfigState(FragmentManagerViewModel.java:190)
09-07 04:31:18.434 25321 25321 W System.err: 	at androidx.fragment.app.FragmentStateManager.destroy(FragmentStateManager.java:778)
09-07 04:31:18.434 25321 25321 W System.err: 	at androidx.fragment.app.FragmentStateManager.moveToExpectedState(FragmentStateManager.java:335)
09-07 04:31:18.434 25321 25321 W System.err: 	at androidx.fragment.app.FragmentStore.moveToExpectedState(FragmentStore.java:121)
09-07 04:31:18.434 25321 25321 W System.err: 	at androidx.fragment.app.FragmentManager.moveToState(FragmentManager.java:1374)
09-07 04:31:18.434 25321 25321 W System.err: 	at androidx.fragment.app.FragmentManager.dispatchStateChange(FragmentManager.java:2841)
09-07 04:31:18.434 25321 25321 W System.err: 	at androidx.fragment.app.FragmentManager.dispatchDestroy(FragmentManager.java:2820)
09-07 04:31:18.434 25321 25321 W System.err: 	at androidx.fragment.app.Fragment.performDestroy(Fragment.java:3246)
09-07 04:31:18.435 25321 25321 W System.err: 	at androidx.fragment.app.FragmentStateManager.destroy(FragmentStateManager.java:780)
09-07 04:31:18.435 25321 25321 W System.err: 	at androidx.fragment.app.FragmentStateManager.moveToExpectedState(FragmentStateManager.java:335)
09-07 04:31:18.435 25321 25321 W System.err: 	at androidx.fragment.app.SpecialEffectsController$FragmentStateManagerOperation.complete(SpecialEffectsController.java:771)
09-07 04:31:18.435 25321 25321 W System.err: 	at androidx.fragment.app.SpecialEffectsController$Operation.cancel(SpecialEffectsController.java:615)
09-07 04:31:18.435 25321 25321 W System.err: 	at androidx.fragment.app.SpecialEffectsController.forceCompleteAllOperations(SpecialEffectsController.java:350)
09-07 04:31:18.435 25321 25321 W System.err: 	at androidx.fragment.app.FragmentManager.dispatchStateChange(FragmentManager.java:2844)
09-07 04:31:18.435 25321 25321 W System.err: 	at androidx.fragment.app.FragmentManager.dispatchDestroy(FragmentManager.java:2820)
09-07 04:31:18.435 25321 25321 W System.err: 	at androidx.fragment.app.FragmentController.dispatchDestroy(FragmentController.java:345)
09-07 04:31:18.435 25321 25321 W System.err: 	at androidx.fragment.app.FragmentActivity.onDestroy(FragmentActivity.java:306)
09-07 04:31:18.435 25321 25321 W System.err: 	at androidx.appcompat.app.AppCompatActivity.onDestroy(AppCompatActivity.java:278)
09-07 04:31:18.435 25321 25321 W System.err: 	at android.app.Activity.performDestroy(Activity.java:8048)
09-07 04:31:18.436 25321 25321 W System.err: 	at android.app.Instrumentation.callActivityOnDestroy(Instrumentation.java:1334)
09-07 04:31:18.436 25321 25321 W System.err: 	at androidx.test.runner.MonitoringInstrumentation.callActivityOnDestroy(MonitoringInstrumentation.java:766)
09-07 04:31:18.436 25321 25321 W System.err: 	at android.app.ActivityThread.performDestroyActivity(ActivityThread.java:4926)
09-07 04:31:18.436 25321 25321 W System.err: 	at android.app.ActivityThread.handleDestroyActivity(ActivityThread.java:4970)
09-07 04:31:18.436 25321 25321 W System.err: 	at android.app.servertransaction.DestroyActivityItem.execute(DestroyActivityItem.java:44)
09-07 04:31:18.436 25321 25321 W System.err: 	at android.app.servertransaction.TransactionExecutor.executeLifecycleState(TransactionExecutor.java:176)
09-07 04:31:18.436 25321 25321 W System.err: 	at android.app.servertransaction.TransactionExecutor.execute(TransactionExecutor.java:97)
09-07 04:31:18.436 25321 25321 W System.err: 	at android.app.ActivityThread$H.handleMessage(ActivityThread.java:2016)
09-07 04:31:18.436 25321 25321 W System.err: 	at android.os.Handler.dispatchMessage(Handler.java:107)
09-07 04:31:18.436 25321 25321 W System.err: 	at android.os.Looper.loop(Looper.java:214)
09-07 04:31:18.436 25321 25321 W System.err: 	at android.app.ActivityThread.main(ActivityThread.java:7356)
09-07 04:31:18.436 25321 25321 W System.err: 	at java.lang.reflect.Method.invoke(Native Method)
09-07 04:31:18.436 25321 25321 W System.err: 	at com.android.internal.os.RuntimeInit$MethodAndArgsCaller.run(RuntimeInit.java:492)
09-07 04:31:18.436 25321 25321 W System.err: 	at com.android.internal.os.ZygoteInit.main(ZygoteInit.java:930)
09-07 04:31:18.441  1793  1793 D gralloc_ranchu: gralloc_alloc: Creating ashmem region of size 9850880
09-07 04:31:18.441 25321 25431 I okhttp.OkHttpClient: <-- HTTP FAILED: java.net.SocketException: Socket closed
09-07 04:31:18.462 25321 25321 D LifecycleMonitor: Lifecycle status change: ru.iteco.fmhandroid.ui.AppActivity@bf025f4 in: DESTROYED
09-07 04:31:18.463 25321 25321 V ActivityScenario: Update currentActivityStage to DESTROYED, currentActivity=null
09-07 04:31:18.466  1793  1793 D gralloc_ranchu: gralloc_alloc: Creating ashmem region of size 9850880
09-07 04:31:18.474  1793  1793 D gralloc_ranchu: gralloc_alloc: Creating ashmem region of size 9850880
09-07 04:31:18.479  1793  2554 D gralloc_ranchu: gralloc_alloc: Creating ashmem region of size 9850880
09-07 04:31:18.480  2666  3068 D EGL_emulation: eglMakeCurrent: 0xda21b0e0: ver 2 0 (tinfo 0xda20fbb0)
09-07 04:31:18.480  2434  2714 D EGL_emulation: eglMakeCurrent: 0xed453b60: ver 2 0 (tinfo 0xe233a960)
09-07 04:31:18.509  1793 14098 D gralloc_ranchu: gralloc_alloc: Creating ashmem region of size 9850880
09-07 04:31:18.511  1793  1793 D gralloc_ranchu: gralloc_alloc: Creating ashmem region of size 9850880
09-07 04:31:18.516  2666  2666 I dnsi    : onStart
09-07 04:31:18.519  2666  2666 I dnsi    : onResume
09-07 04:31:18.531  2037  2061 W InputReader: Device has associated, but no associated display id.
09-07 04:31:18.531  2037  2061 I chatty  : uid=1000(system) android.anim identical 8 lines
09-07 04:31:18.531  2037  2061 W InputReader: Device has associated, but no associated display id.
09-07 04:31:18.534  1793  1793 D gralloc_ranchu: gralloc_alloc: Creating ashmem region of size 6307840
09-07 04:31:18.547  2182  2468 D EGL_emulation: eglMakeCurrent: 0xda21a360: ver 2 0 (tinfo 0xda20f590)
09-07 04:31:18.548  2182  2182 W View    : requestLayout() improperly called by com.android.keyguard.AlphaOptimizedLinearLayout{551c6d8 V.E...... ......ID 7,0-48,61 #7f0a041c app:id/wifi_group} during second layout pass: posting in next frame
09-07 04:31:18.562  2182  2182 W View    : requestLayout() improperly called by StatusBarIconView(slot=mobile icon=null notification=null) during layout: running second layout pass
09-07 04:31:18.568  2182  2468 D EGL_emulation: eglMakeCurrent: 0xda21a360: ver 2 0 (tinfo 0xda20f590)
09-07 04:31:18.572  7867  7867 D BoundBrokerSvc: onBind: Intent { act=com.google.android.gms.inappreach.service.START dat=chimera-action: cmp=com.google.android.gms/.chimera.GmsApiService }
09-07 04:31:18.572  7867  7867 D BoundBrokerSvc: Loading bound service for intent: Intent { act=com.google.android.gms.inappreach.service.START dat=chimera-action: cmp=com.google.android.gms/.chimera.GmsApiService }
09-07 04:31:18.589  2037  5599 D HostConnection: HostConnection::get() New Host Connection established 0xda23f020, tid 5599
09-07 04:31:18.590  2037  5599 D HostConnection: HostComposition ext ANDROID_EMU_CHECKSUM_HELPER_v1 ANDROID_EMU_dma_v1 ANDROID_EMU_direct_mem ANDROID_EMU_vulkan ANDROID_EMU_deferred_vulkan_commands ANDROID_EMU_vulkan_null_optional_strings ANDROID_EMU_vulkan_create_resources_with_requirements ANDROID_EMU_YUV420_888_to_NV21 ANDROID_EMU_YUV_Cache ANDROID_EMU_vulkan_free_memory_sync ANDROID_EMU_vulkan_shader_float16_int8 ANDROID_EMU_vulkan_async_queue_submit ANDROID_EMU_sync_buffer_data GL_OES_vertex_array_object GL_KHR_texture_compression_astc_ldr ANDROID_EMU_host_side_tracing ANDROID_EMU_gles_max_version_2 
09-07 04:31:18.595  1823  1823 E Layer   : [Surface(name=AppWindowToken{459e199 token=Token{b961ae0 ActivityRecord{53be0e3 u0 com.google.android.apps.nexuslauncher/.NexusLauncherActivity t652}}})/@0xafc1306 - animation-leash#0] No local sync point found
09-07 04:31:18.596  1823  1823 E Layer   : [Surface(name=AppWindowToken{429768a token=Token{65e18f5 ActivityRecord{f8d662c u0 ru.iteco.fmhandroid.test/androidx.test.core.app.InstrumentationActivityInvoker$EmptyActivity t794}}})/@0xecea378 - animation-leash#0] No local sync point found
09-07 04:31:18.602 25378 25410 D EGL_emulation: eglMakeCurrent: 0xda21a3c0: ver 2 0 (tinfo 0xda20f2c0)
09-07 04:31:18.607  2037  5599 W OpenGLRenderer: Failed to choose config with EGL_SWAP_BEHAVIOR_PRESERVED, retrying without...
09-07 04:31:18.608  2434  2453 W System  : A resource failed to call release. 
