--------- beginning of main
09-07 03:47:06.944  1792  2272 E GnssHAL_GnssInterface: gnssSvStatusCb: a: input svInfo.flags is 8
09-07 03:47:06.944  1792  2272 E GnssHAL_GnssInterface: gnssSvStatusCb: b: input svInfo.flags is 8
--------- beginning of system
09-07 03:47:07.666  2037  4090 I ActivityManager: Force stopping ru.iteco.fmhandroid appid=10136 user=0: from pid 13854
09-07 03:47:07.672  2279  2279 D CarrierSvcBindHelper: No carrier app for: 0
09-07 03:47:07.691  9734  9734 I studio.deploy: Received request 'dump'
09-07 03:47:07.745  2037  4090 I ActivityManager: Force stopping ru.iteco.fmhandroid appid=10136 user=0: from pid 13873
09-07 03:47:07.748  2279  2279 D CarrierSvcBindHelper: No carrier app for: 0
09-07 03:47:07.767  9734  9734 I studio.deploy: Received request 'dump'
09-07 03:47:07.813  9734  9734 I studio.deploy: Received request 'deltainstall'
09-07 03:47:07.873  2037  2080 W PackageParser: Unknown element under <manifest>: queries at /data/app/vmdl583645761.tmp/base.apk Binary XML file line #16
09-07 03:47:07.875  2037  2080 I PackageManager: Update package ru.iteco.fmhandroid.test code path from /data/app/ru.iteco.fmhandroid.test-H4OmAFe-l4QOAqOWHNmDYA== to /data/app/ru.iteco.fmhandroid.test-IHTAmGB6ONUb7NvARJ-eIw==; Retain data and using new
09-07 03:47:07.875  2037  2080 I PackageManager: Update package ru.iteco.fmhandroid.test resource path from /data/app/ru.iteco.fmhandroid.test-H4OmAFe-l4QOAqOWHNmDYA== to /data/app/ru.iteco.fmhandroid.test-IHTAmGB6ONUb7NvARJ-eIw==; Retain data and using new
09-07 03:47:07.888  2037  2080 I PackageManager: Un-granting permission android.permission.MANAGE_DOCUMENTS from package com.google.android.youtube (protectionLevel=262146 flags=0x30dbbe45)
09-07 03:47:07.888  2037  2080 I PackageManager: Un-granting permission android.permission.INTERACT_ACROSS_PROFILES from package com.google.android.googlequicksearchbox (protectionLevel=18 flags=0x28dbbec5)
09-07 03:47:07.888  2037  2080 I PackageManager: Un-granting permission android.permission.MANAGE_SOUND_TRIGGER from package com.google.android.googlequicksearchbox (protectionLevel=18 flags=0x28dbbec5)
09-07 03:47:07.889  2037  2080 I PackageManager: Un-granting permission android.permission.MANAGE_USB from package com.google.android.googlequicksearchbox (protectionLevel=18 flags=0x28dbbec5)
09-07 03:47:07.889  2037  2080 I PackageManager: Un-granting permission android.permission.CONTROL_INCALL_EXPERIENCE from package com.google.android.googlequicksearchbox (protectionLevel=18 flags=0x28dbbec5)
09-07 03:47:07.889  2037  2080 I PackageManager: Un-granting permission android.permission.WRITE_APN_SETTINGS from package com.google.android.googlequicksearchbox (protectionLevel=18 flags=0x28dbbec5)
09-07 03:47:07.889  2037  2080 I PackageManager: Un-granting permission android.permission.SUBSTITUTE_SHARE_TARGET_APP_NAME_AND_ICON from package com.google.android.googlequicksearchbox (protectionLevel=18 flags=0x28dbbec5)
09-07 03:47:07.889  2037  2080 I PackageManager: Un-granting permission com.google.android.googleapps.permission.GOOGLE_AUTH from package com.android.providers.calendar (protectionLevel=2 flags=0x30883e45)
09-07 03:47:07.889  2037  2080 I PackageManager: Un-granting permission com.google.android.googleapps.permission.GOOGLE_AUTH.cl from package com.android.providers.calendar (protectionLevel=2 flags=0x30883e45)
09-07 03:47:07.889  2037  2080 I PackageManager: Un-granting permission android.permission.WRITE_SECURE_SETTINGS from package com.google.android.apps.enterprise.dmagent (protectionLevel=50 flags=0x30083e05)
09-07 03:47:07.889  2037  2080 I PackageManager: Un-granting permission android.permission.CONNECTIVITY_INTERNAL from package com.google.android.apps.enterprise.dmagent (protectionLevel=18 flags=0x30083e05)
09-07 03:47:07.889  2037  2080 I PackageManager: Un-granting permission android.permission.MANAGE_USB from package com.google.android.apps.enterprise.dmagent (protectionLevel=18 flags=0x30083e05)
09-07 03:47:07.889  2037  2080 I PackageManager: Un-granting permission android.permission.CHANGE_COMPONENT_ENABLED_STATE from package com.google.android.apps.enterprise.dmagent (protectionLevel=18 flags=0x30083e05)
09-07 03:47:07.889  2037  2080 I PackageManager: Un-granting permission android.permission.MANAGE_CA_CERTIFICATES from package com.google.android.apps.enterprise.dmagent (protectionLevel=18 flags=0x30083e05)
09-07 03:47:07.889  2037  2080 I PackageManager: Un-granting permission android.permission.MANAGE_USERS from package com.google.android.apps.enterprise.dmagent (protectionLevel=18 flags=0x30083e05)
09-07 03:47:07.889  2037  2080 I PackageManager: Un-granting permission com.google.android.setupwizard.READ_DEVICE_ORIGIN from package com.google.android.apps.messaging (protectionLevel=18 flags=0x38cbbe45)
09-07 03:47:07.889  2037  2080 I PackageManager: Un-granting permission android.permission.HIDE_NON_SYSTEM_OVERLAY_WINDOWS from package com.android.vending (protectionLevel=258 flags=0x28cabec5)
09-07 03:47:07.889  2037  2080 I PackageManager: Un-granting permission android.permission.SEND_DOWNLOAD_COMPLETED_INTENTS from package com.android.vending (protectionLevel=2 flags=0x28cabec5)
09-07 03:47:07.890  2037  2080 I PackageManager: Un-granting permission android.permission.BIND_WALLPAPER from package com.android.camera2 (protectionLevel=18 flags=0x20d8bc45)
09-07 03:47:07.891  2037  2080 I PackageManager: Un-granting permission android.permission.REQUEST_INSTALL_PACKAGES from package com.google.android.gm (protectionLevel=66 flags=0x38cbbe45)
09-07 03:47:07.891  2037  2080 I PackageManager: Un-granting permission android.permission.BIND_JOB_SERVICE from package com.google.android.music (protectionLevel=2 flags=0x38cbbe65)
09-07 03:47:07.891  2037  2080 I PackageManager: Un-granting permission android.permission.CONNECTIVITY_USE_RESTRICTED_NETWORKS from package com.google.android.captiveportallogin (protectionLevel=18 flags=0x38c8be45)
09-07 03:47:07.891  2037  2080 I PackageManager: Un-granting permission android.permission.NETWORK_BYPASS_PRIVATE_DNS from package com.google.android.captiveportallogin (protectionLevel=2 flags=0x38c8be45)
09-07 03:47:07.891  2037  2080 I PackageManager: Un-granting permission android.permission.REQUEST_INSTALL_PACKAGES from package com.google.android.apps.docs (protectionLevel=66 flags=0x38cbbe45)
09-07 03:47:07.891  2037  2080 I PackageManager: Un-granting permission android.permission.INTERACT_ACROSS_USERS from package com.google.android.syncadapters.contacts (protectionLevel=50 flags=0x20883e45)
09-07 03:47:07.892  2037  2080 I PackageManager: Un-granting permission android.permission.REQUEST_INSTALL_PACKAGES from package com.android.chrome (protectionLevel=66 flags=0xa0cbbe45)
09-07 03:47:07.892  2037  2080 I PackageManager: Un-granting permission android.permission.WRITE_EMBEDDED_SUBSCRIPTIONS from package com.google.android.gms (protectionLevel=50 flags=0xa0cabec5)
09-07 03:47:07.892  2037  2080 I PackageManager: Un-granting permission android.permission.CAPTURE_VIDEO_OUTPUT from package com.google.android.gms (protectionLevel=2 flags=0xa0cabec5)
09-07 03:47:07.892  2037  2080 I PackageManager: Un-granting permission android.permission.FORCE_STOP_PACKAGES from package com.google.android.gms (protectionLevel=18 flags=0xa0cabec5)
09-07 03:47:07.892  2037  2080 I PackageManager: Un-granting permission android.permission.MODIFY_DEFAULT_AUDIO_EFFECTS from package com.google.android.gms (protectionLevel=18 flags=0xa0cabec5)
09-07 03:47:07.893  2037  2080 I PackageManager: Un-granting permission android.permission.MANAGE_DEVICE_ADMINS from package com.google.android.gms (protectionLevel=2 flags=0xa0cabec5)
09-07 03:47:07.893  2037  2080 I PackageManager: Un-granting permission android.permission.MANAGE_ACTIVITY_STACKS from package com.google.android.gms (protectionLevel=2 flags=0xa0cabec5)
09-07 03:47:07.893  2037  2080 I PackageManager: Un-granting permission android.permission.CAPTURE_SECURE_VIDEO_OUTPUT from package com.google.android.gms (protectionLevel=2 flags=0xa0cabec5)
09-07 03:47:07.893  2037  2080 I PackageManager: Un-granting permission android.permission.MANAGE_ROLLBACKS from package com.google.android.gms (protectionLevel=514 flags=0xa0cabec5)
09-07 03:47:07.893  2037  2080 I PackageManager: Un-granting permission android.permission.MEDIA_CONTENT_CONTROL from package com.google.android.gms (protectionLevel=18 flags=0xa0cabec5)
09-07 03:47:07.893  2037  2080 I PackageManager: Un-granting permission android.permission.HIDE_NON_SYSTEM_OVERLAY_WINDOWS from package com.google.android.gms (protectionLevel=258 flags=0xa0cabec5)
09-07 03:47:07.894  2037  2080 I PackageManager: Un-granting permission com.google.android.googleapps.permission.GOOGLE_AUTH from package com.google.android.videos (protectionLevel=2 flags=0x30dbbe45)
09-07 03:47:07.894  2037  2080 I PackageManager: Un-granting permission android.permission.WRITE_MEDIA_STORAGE from package com.google.android.apps.photos (protectionLevel=18 flags=0x38d9be45)
09-07 03:47:07.926  2689  2689 I GsaVoiceInteractionSrv: (REDACTED) O received %s
09-07 03:47:07.926  8176  8176 I Finsky  : [2] vms.g(1): vms - Received: android.intent.action.PACKAGE_REMOVED, [JKgrAT7ZrU_atynDxHtFKlznxOwkruuqzdx-Cu5fTVw]
09-07 03:47:07.930  2037  2133 I InputReader: Reconfiguring input devices.  changes=0x00000010
09-07 03:47:07.942  8176 13901 I Finsky  : [808] pth.accept(76): IQ: handled package removed
09-07 03:47:07.944  1792  2272 E GnssHAL_GnssInterface: gnssSvStatusCb: a: input svInfo.flags is 8
09-07 03:47:07.944  1792  2272 E GnssHAL_GnssInterface: gnssSvStatusCb: b: input svInfo.flags is 8
09-07 03:47:07.946  8176  8257 I Finsky  : [592] jnn.a(53): AIM: AppInfoManager-Perf > OnDeviceAppInfo > cacheHitCount=0, cacheMissCount=1. Missed  in cache (limit 10) : [ru.iteco.fmhandroid.test]
09-07 03:47:07.948  8176  8257 I Finsky  : [592] jlf.apply(886): AIM: Got app ownership map. App counts: . Unique apps: 0
09-07 03:47:07.949  8176  8176 I Finsky  : [2] vms.g(1): vms - Received: android.intent.action.PACKAGE_ADDED, [JKgrAT7ZrU_atynDxHtFKlznxOwkruuqzdx-Cu5fTVw]
09-07 03:47:07.950  8176 13899 I Finsky  : [806] oll.run(296): Wrote row to frosting DB: 1660
09-07 03:47:07.951  2037  2133 I InputReader: Reconfiguring input devices.  changes=0x00000010
09-07 03:47:07.958  2037  2133 I InputReader: Reconfiguring input devices.  changes=0x00000010
09-07 03:47:07.963  8176 13899 I Finsky  : [806] oll.run(296): Wrote row to frosting DB: 1661
09-07 03:47:07.963  8176  8250 I Finsky  : [585] jnj.a(202): AIM: AppInfoManager-Perf > ItemModel > CacheSize=0, cacheHitCount=0, cacheMissCount=1, total appsWithNoServerDataCount=0. Missed  in cache (limit 10) : [ru.iteco.fmhandroid.test]
09-07 03:47:07.964  8176  8250 I Finsky  : [585] jnm.n(24): AIM: AppInfoManager-Perf > ItemModel > ItemStore Called 1 apps cacheOptions = USE_CACHE
09-07 03:47:07.965  8176  8256 I Finsky  : [591] rmt.apply(40): ItemStore: Not cached: ru.iteco.fmhandroid.test
09-07 03:47:07.968  2037  2066 W BroadcastQueue: Background execution not allowed: receiving Intent { act=android.intent.action.PACKAGE_REMOVED dat=package:ru.iteco.fmhandroid.test flg=0x4000010 (has extras) } to com.android.musicfx/.Compatibility$Receiver
09-07 03:47:07.968  2037  2066 W BroadcastQueue: Background execution not allowed: receiving Intent { act=android.intent.action.PACKAGE_REMOVED dat=package:ru.iteco.fmhandroid.test flg=0x4000010 (has extras) } to com.android.vending/com.google.android.finsky.packagemonitor.impl.PackageMonitorReceiverImpl$RegisteredReceiver
09-07 03:47:07.968  2037  2066 W BroadcastQueue: Background execution not allowed: receiving Intent { act=android.intent.action.PACKAGE_REMOVED dat=package:ru.iteco.fmhandroid.test flg=0x4000010 (has extras) } to com.android.vending/com.google.android.finsky.packagemonitor.backgroundimpl.BackgroundPackageMonitorReceiverImpl$RegisteredReceiver
09-07 03:47:07.972  8176  8250 I Finsky  : [585] jnj.a(1098): AIM: ItemModel fetch - unauth(1), auth()
09-07 03:47:07.980  8176 13899 I Finsky  : [806] oll.run(296): Wrote row to frosting DB: 1662
09-07 03:47:07.982  2689  2689 I GsaVoiceInteractionSrv: (REDACTED) O received %s
09-07 03:47:07.987  2689  2689 I GsaVoiceInteractionSrv: (REDACTED) O received %s
09-07 03:47:07.988  8176  8252 I Finsky  : [587] jnn.a(53): AIM: AppInfoManager-Perf > OnDeviceAppInfo > cacheHitCount=0, cacheMissCount=1. Missed  in cache (limit 10) : [ru.iteco.fmhandroid.test]
09-07 03:47:07.988  8176  8252 I Finsky  : [587] jlf.apply(886): AIM: Got app ownership map. App counts: . Unique apps: 0
09-07 03:47:07.991  8176  8176 I Finsky  : [2] qos.akj(13): DTU: Received onPackageAdded, replacing: true
09-07 03:47:07.997  8176 13899 I Finsky  : [806] oll.run(296): Wrote row to frosting DB: 1663
09-07 03:47:08.008  8176  8250 I Finsky  : [585] jnj.a(202): AIM: AppInfoManager-Perf > ItemModel > CacheSize=0, cacheHitCount=0, cacheMissCount=1, total appsWithNoServerDataCount=0. Missed  in cache (limit 10) : [ru.iteco.fmhandroid.test]
09-07 03:47:08.009  8176  8250 I Finsky  : [585] jnm.n(24): AIM: AppInfoManager-Perf > ItemModel > ItemStore Called 1 apps cacheOptions = USE_CACHE
09-07 03:47:08.011  2434  2940 E ActivityThread: Failed to find provider info for com.google.android.apps.wellbeing.api
09-07 03:47:08.014  8176  8176 I Finsky  : [2] vms.g(1): vms - Received: android.intent.action.PACKAGE_ADDED, [JKgrAT7ZrU_atynDxHtFKlznxOwkruuqzdx-Cu5fTVw]
09-07 03:47:08.015  8176  8250 I Finsky  : [585] jnj.a(1098): AIM: ItemModel fetch - unauth(1), auth()
09-07 03:47:08.015  8176  8250 I Finsky  : [585] rmt.apply(40): ItemStore: Not cached: ru.iteco.fmhandroid.test
09-07 03:47:08.020  2037  2066 W BroadcastQueue: Background execution not allowed: receiving Intent { act=android.intent.action.PACKAGE_REMOVED dat=package:ru.iteco.fmhandroid.test flg=0x4000010 (has extras) } to com.android.vending/com.google.android.finsky.instantapps.appmanagement.InstantAppRemoveMonitor
09-07 03:47:08.024  8176 13899 I Finsky  : [806] oll.run(296): Wrote row to frosting DB: 1664
09-07 03:47:08.030  8176  8176 I Finsky  : [2] vms.g(1): vms - Deduping intent android.intent.action.PACKAGE_ADDED
09-07 03:47:08.033  2037  2066 W BroadcastQueue: Background execution not allowed: receiving Intent { act=android.intent.action.PACKAGE_REMOVED dat=package:ru.iteco.fmhandroid.test flg=0x4000010 (has extras) } to com.google.android.gms/.games.chimera.GamesSystemBroadcastReceiverProxy
09-07 03:47:08.034  2037  2066 W BroadcastQueue: Background execution not allowed: receiving Intent { act=android.intent.action.PACKAGE_REMOVED dat=package:ru.iteco.fmhandroid.test flg=0x4000010 (has extras) } to com.google.android.gms/.chimera.GmsIntentOperationService$PersistentTrustedReceiver
09-07 03:47:08.034  2037  2066 W BroadcastQueue: Background execution not allowed: receiving Intent { act=android.intent.action.PACKAGE_ADDED dat=package:ru.iteco.fmhandroid.test flg=0x4000010 (has extras) } to com.google.android.packageinstaller/com.android.packageinstaller.PackageInstalledReceiver
09-07 03:47:08.034  2037  2066 W BroadcastQueue: Background execution not allowed: receiving Intent { act=android.intent.action.PACKAGE_ADDED dat=package:ru.iteco.fmhandroid.test flg=0x4000010 (has extras) } to com.android.musicfx/.Compatibility$Receiver
09-07 03:47:08.034  2037  2066 W BroadcastQueue: Background execution not allowed: receiving Intent { act=android.intent.action.PACKAGE_ADDED dat=package:ru.iteco.fmhandroid.test flg=0x4000010 (has extras) } to com.android.vending/com.google.android.finsky.packagemonitor.impl.PackageMonitorReceiverImpl$RegisteredReceiver
09-07 03:47:08.035  2037  2066 W BroadcastQueue: Background execution not allowed: receiving Intent { act=android.intent.action.PACKAGE_ADDED dat=package:ru.iteco.fmhandroid.test flg=0x4000010 (has extras) } to com.android.vending/com.google.android.finsky.packagemonitor.backgroundimpl.BackgroundPackageMonitorReceiverImpl$RegisteredReceiver
09-07 03:47:08.038  2037  2066 W BroadcastQueue: Background execution not allowed: receiving Intent { act=android.intent.action.PACKAGE_ADDED dat=package:ru.iteco.fmhandroid.test flg=0x4000010 (has extras) } to com.google.android.gms/.games.chimera.GamesSystemBroadcastReceiverProxy
09-07 03:47:08.040  2037  2066 W BroadcastQueue: Background execution not allowed: receiving Intent { act=android.intent.action.PACKAGE_ADDED dat=package:ru.iteco.fmhandroid.test flg=0x4000010 (has extras) } to com.google.android.gms/.gass.chimera.PackageChangeBroadcastReceiver
09-07 03:47:08.040  2037  2066 W BroadcastQueue: Background execution not allowed: receiving Intent { act=android.intent.action.PACKAGE_ADDED dat=package:ru.iteco.fmhandroid.test flg=0x4000010 (has extras) } to com.google.android.gms/.chimera.GmsIntentOperationService$PersistentTrustedReceiver
09-07 03:47:08.041  2037  2066 W BroadcastQueue: Background execution not allowed: receiving Intent { act=android.intent.action.PACKAGE_ADDED dat=package:ru.iteco.fmhandroid.test flg=0x4000010 (has extras) } to com.google.android.ims/.receivers.RcsAutoStartReceiver
09-07 03:47:08.050  8176  8176 I Finsky  : [2] vms.g(1): vms - Received: android.intent.action.PACKAGE_ADDED, [JKgrAT7ZrU_atynDxHtFKlznxOwkruuqzdx-Cu5fTVw]
09-07 03:47:08.057  2666  3039 I aykq    : (REDACTED) isOpaHotwordEnabled: %b
09-07 03:47:08.057  2666  3039 I aykq    : Disabling the hotword detector.
09-07 03:47:08.061  2666  3039 I apsj    : (REDACTED) Updating hotword opa ineligibility to %b
09-07 03:47:08.062  2666  3039 I ayhu    : getLocaleToModelSpecsMap
09-07 03:47:08.062  2666  3039 I ayhu    : Fetching latest config from MDD...
09-07 03:47:08.063  2666  3039 I ayhu    : (REDACTED) Found map of size: %d
09-07 03:47:08.063  2666  3039 I ayht    : (REDACTED) Adding from proto config to map [configKey: %s locale: %s modelType: %s modelPrefix: %s Location: %s isSpeakerIdSupported: %b]
09-07 03:47:08.063  8176 13899 I Finsky  : [806] oll.run(296): Wrote row to frosting DB: 1665
09-07 03:47:08.064  2689  3084 W gmjq    : Receive a config update when there's no subscriber. Ignore the request!
09-07 03:47:08.066  8176  8176 I Finsky  : [2] vms.g(1): vms - Deduping intent android.intent.action.PACKAGE_ADDED
09-07 03:47:08.069  2037  6424 W BroadcastQueue: Background execution not allowed: receiving Intent { act=android.intent.action.PACKAGE_REPLACED dat=package:ru.iteco.fmhandroid.test flg=0x4000010 (has extras) } to com.android.musicfx/.Compatibility$Receiver
09-07 03:47:08.070  2037  2066 W BroadcastQueue: Background execution not allowed: receiving Intent { act=android.intent.action.PACKAGE_REPLACED dat=package:ru.iteco.fmhandroid.test flg=0x4000010 (has extras) } to com.google.android.apps.photos/.account.full.FetchAccountPropertiesAppUpgradeBroadcastReceiver
09-07 03:47:08.070  2037  2066 W BroadcastQueue: Background execution not allowed: receiving Intent { act=android.intent.action.PACKAGE_REPLACED dat=package:ru.iteco.fmhandroid.test flg=0x4000010 (has extras) } to com.google.android.apps.photos/.account.full.SyncAccountsForLoginBroadcastReceiver
09-07 03:47:08.070  2037  2066 W BroadcastQueue: Background execution not allowed: receiving Intent { act=android.intent.action.PACKAGE_REPLACED dat=package:ru.iteco.fmhandroid.test flg=0x4000010 (has extras) } to com.google.android.apps.photos/.experiments.phenotype.full.PhenotypeAppUpgradeBroadcastReceiver
09-07 03:47:08.071  2037  2066 W BroadcastQueue: Background execution not allowed: receiving Intent { act=android.intent.action.PACKAGE_REPLACED dat=package:ru.iteco.fmhandroid.test flg=0x4000010 (has extras) } to com.google.android.apps.photos/.notificationchannels.AppUpdateBroadcastReceiver
09-07 03:47:08.072  2037  2066 W BroadcastQueue: Background execution not allowed: receiving Intent { act=android.intent.action.PACKAGE_REPLACED dat=package:ru.iteco.fmhandroid.test flg=0x4000010 (has extras) } to com.google.android.gms/.gass.chimera.PackageChangeBroadcastReceiver
09-07 03:47:08.075  2666  3039 I bioh    : (REDACTED) Initializing MicroDataManager InitializeType-%d, isForced-%b, isActivePhoneEnrollment-%b isActiveGoogleHomeEnrollment-%b
09-07 03:47:08.075  2666  3039 I ayhu    : getLocaleToModelSpecsMap
09-07 03:47:08.075  2666  3039 I ayhu    : Fetching latest config from MDD...
09-07 03:47:08.076  2666  3039 I ayhu    : (REDACTED) Found map of size: %d
09-07 03:47:08.076  2666  3039 I ayht    : (REDACTED) Adding from proto config to map [configKey: %s locale: %s modelType: %s modelPrefix: %s Location: %s isSpeakerIdSupported: %b]
09-07 03:47:08.076  2666  3039 I ayma    : (REDACTED) Location for model with model type: %s and locale: %s, is : %s
09-07 03:47:08.078  2666  3039 I aykq    : (REDACTED) isOpaHotwordEnabled: %b
09-07 03:47:08.078  2666  3039 I aykq    : Disabling the hotword detector.
09-07 03:47:08.088  2037  2066 W BroadcastQueue: Background execution not allowed: receiving Intent { act=android.intent.action.PACKAGE_REPLACED dat=package:ru.iteco.fmhandroid.test flg=0x4000010 (has extras) } to com.google.android.gms/.chimera.GmsIntentOperationService$PersistentTrustedReceiver
09-07 03:47:08.089  2037  2066 W BroadcastQueue: Background execution not allowed: receiving Intent { act=android.intent.action.PACKAGE_REPLACED dat=package:ru.iteco.fmhandroid.test flg=0x4000010 (has extras) } to com.google.android.ims/.receivers.RcsAutoStartReceiver
09-07 03:47:08.091  2666  3039 I apsj    : (REDACTED) #takeChangeMicroDetectorMode [mIsBargeInEnabled: %b, mCurrentDetectionMode: %s]
09-07 03:47:08.091  2666  3039 I apsj    : (REDACTED) Should stop hotword detection immediately - %b
09-07 03:47:08.092  2666  3039 I aykq    : (REDACTED) isOpaHotwordEnabled: %b
09-07 03:47:08.092  2666  3039 I aykq    : Disabling the hotword detector.
09-07 03:47:08.093  2689  3084 W gmjq    : Receive a config update when there's no subscriber. Ignore the request!
09-07 03:47:08.098  2666  3039 I apsj    : (REDACTED) #takeChangeMicroDetectorMode [mIsBargeInEnabled: %b, mCurrentDetectionMode: %s]
09-07 03:47:08.098  2666  3039 I apsj    : (REDACTED) Should stop hotword detection immediately - %b
09-07 03:47:08.099  2666  3039 I ayhu    : getLocaleToModelSpecsMap
09-07 03:47:08.099  2666  3039 I ayhu    : Fetching latest config from MDD...
09-07 03:47:08.099  2666  3039 I ayhu    : (REDACTED) Found map of size: %d
09-07 03:47:08.099  2666  3039 I ayht    : (REDACTED) Adding from proto config to map [configKey: %s locale: %s modelType: %s modelPrefix: %s Location: %s isSpeakerIdSupported: %b]
09-07 03:47:08.100  2689  3084 W gmjq    : Receive a config update when there's no subscriber. Ignore the request!
09-07 03:47:08.104  2666  3039 W aoza    : Abort, client detached.
09-07 03:47:08.123  2037  2037 I Telecom : DefaultDialerCache: Refreshing default dialer for user 0: now com.android.dialer: DDC.oR@ALI
09-07 03:47:08.104  2666  3039 I chatty  : uid=10104(com.google.android.googlequicksearchbox) EventBus0 identical 1 line
09-07 03:47:08.104  2666  3039 W aoza    : Abort, client detached.
09-07 03:47:08.128  7867 13925 I Auth    : [SupervisedAccountIntentOperation] onHandleIntent(): android.intent.action.PACKAGE_ADDED
09-07 03:47:08.138  2037  2051 I system_server: Background concurrent copying GC freed 74234(3792KB) AllocSpace objects, 40(1472KB) LOS objects, 27% free, 15MB/21MB, paused 850us total 224.592ms
09-07 03:47:08.145  2037  2037 V BackupManagerConstants: getFullBackupIntervalMilliseconds(...) returns 86400000
09-07 03:47:08.145  2037  2037 V BackupManagerConstants: getFullBackupRequiredNetworkType(...) returns 2
09-07 03:47:08.145  2037  2037 V BackupManagerConstants: getFullBackupRequireCharging(...) returns true
09-07 03:47:08.155  7867  7867 D BoundBrokerSvc: onBind: Intent { act=com.google.android.gms.common.BIND_SHARED_PREFS pkg=com.google.android.gms }
09-07 03:47:08.155  7867  7867 D BoundBrokerSvc: Loading bound service for intent: Intent { act=com.google.android.gms.common.BIND_SHARED_PREFS pkg=com.google.android.gms }
09-07 03:47:08.164  8425 13917 I Fitness : (REDACTED) FitCleanupIntentOperation received Intent %s
09-07 03:47:08.165  2037  2037 W Looper  : Slow delivery took 219ms main h=com.android.server.notification.NotificationManagerService$WorkerHandler c=com.android.server.notification.NotificationManagerService$CancelNotificationRunnable@f9b3d0a m=0
09-07 03:47:08.187  8425  8425 D BoundBrokerSvc: onBind: Intent { act=com.google.android.gms.nearby.exposurenotification.START dat=chimera-action: cmp=com.google.android.gms/.chimera.PersistentApiServiceNoInstantApps }
09-07 03:47:08.189  8425  8425 D BoundBrokerSvc: Loading bound service for intent: Intent { act=com.google.android.gms.nearby.exposurenotification.START dat=chimera-action: cmp=com.google.android.gms/.chimera.PersistentApiServiceNoInstantApps }
09-07 03:47:08.200  2279  2279 D CarrierSvcBindHelper: No carrier app for: 0
09-07 03:47:08.203  2279  2279 D CarrierSvcBindHelper: No carrier app for: 0
09-07 03:47:08.214  8176  8250 I Finsky  : [585] xty.accept(378): SCH: Scheduling phonesky job Id: 12-1, CT: 1694058427994, Constraints: [{ L: 15000, D: 86400000, C: 1, I: 1, N: 1 }]
09-07 03:47:08.215  8425 13918 I FontLog : (REDACTED) Package %s has no metadata
09-07 03:47:08.216  2279  2279 D CarrierConfigLoader: mHandler: 9 phoneId: 0
09-07 03:47:08.218  8176  8256 E Finsky  : [591] rna.a(110): ItemStore: getItems RPC failed.
09-07 03:47:08.218  8176  8256 E Finsky  : [591] rna.a(110): ItemStore: getItems RPC failed.
09-07 03:47:08.219  8176  8256 I Finsky  : [591] yew.apply(123): SCH: Scheduling 1 system job(s)
09-07 03:47:08.219  8176  8256 I Finsky  : [591] yvz.d(263): SCH: Scheduling system job Id: 9084, L: 14775, D: 72534410, C: false, I: false, N: 1
09-07 03:47:08.225  7867  7867 D BoundBrokerSvc: onUnbind: Intent { act=com.google.android.gms.common.BIND_SHARED_PREFS pkg=com.google.android.gms }
09-07 03:47:08.226  2037  2037 W Looper  : Drained
09-07 03:47:08.230  7867  7911 I Icing   : IndexChimeraService.getServiceInterface callingPackage=com.google.android.gms componentName=AppsCorpus serviceId=36
09-07 03:47:08.239  8425  8465 W ChimeraUtils: Module com.google.android.gms.nearby_en missing resource null(0)
09-07 03:47:08.242  8176  8246 I Finsky  : [581] kiz.aeG(143): [ContentSync] finished, scheduled=true
09-07 03:47:08.242  8176  8257 I Finsky  : [592] xty.accept(378): SCH: Scheduling phonesky job Id: 12-1, CT: 1694058427953, Constraints: [{ L: 15000, D: 86400000, C: 1, I: 1, N: 1 }]
09-07 03:47:08.246  8176  8252 I Finsky  : [587] yew.apply(123): SCH: Scheduling 1 system job(s)
09-07 03:47:08.246  8176  8252 I Finsky  : [587] yvz.d(263): SCH: Scheduling system job Id: 9084, L: 14707, D: 72534383, C: false, I: false, N: 1
09-07 03:47:08.248  8425  8465 W ChimeraUtils: Module com.google.android.gms.nearby_en missing resource null(0)
09-07 03:47:08.264  8176  8249 I Finsky  : [584] kiz.aeG(143): [ContentSync] finished, scheduled=true
09-07 03:47:08.276  7867 13390 W Icing   : No valid account for uploading user actions
09-07 03:47:08.280  8425  8425 D BoundBrokerSvc: onBind: Intent { act=com.google.android.gms.icing.LIGHTWEIGHT_INDEX_SERVICE dat=chimera-action: cmp=com.google.android.gms/.chimera.PersistentApiService }
09-07 03:47:08.280  8425  8425 D BoundBrokerSvc: Loading bound service for intent: Intent { act=com.google.android.gms.icing.LIGHTWEIGHT_INDEX_SERVICE dat=chimera-action: cmp=com.google.android.gms/.chimera.PersistentApiService }
09-07 03:47:08.286  7867  7867 D BoundBrokerSvc: onBind: Intent { act=com.google.android.gms.feedback.internal.IFeedbackService dat=chimera-action: cmp=com.google.android.gms/.chimera.GmsBoundBrokerService }
09-07 03:47:08.286  7867  7867 D BoundBrokerSvc: Loading bound service for intent: Intent { act=com.google.android.gms.feedback.internal.IFeedbackService dat=chimera-action: cmp=com.google.android.gms/.chimera.GmsBoundBrokerService }
09-07 03:47:08.298  7867 13390 I Icing   : Usage reports ok 1, Failed Usage reports 0, indexed 0, rejected 0
09-07 03:47:08.303  7867 13390 I Icing   : Indexing com.google.android.gms-apps from com.google.android.gms
09-07 03:47:08.305  7867  7898 I Icing   : IndexChimeraService.getServiceInterface callingPackage=com.google.android.gms componentName=null serviceId=30
09-07 03:47:08.314  7867 13390 I Icing   : Indexing done com.google.android.gms-apps
09-07 03:47:08.316  7867 13390 W Icing   : No valid account for uploading user actions
09-07 03:47:08.336  7867 13390 I Icing   : Usage reports ok 0, Failed Usage reports 0, indexed 0, rejected 0
09-07 03:47:08.339  7867 13390 I Icing   : Indexing com.google.android.gms-apps from com.google.android.gms
09-07 03:47:08.342  7867 13390 I Icing   : Indexing done com.google.android.gms-apps
09-07 03:47:08.452  1858  2116 E         : Couldn't opendir /data/app/vmdl583645761.tmp: No such file or directory
09-07 03:47:08.452  1858  2116 E installd: Failed to delete /data/app/vmdl583645761.tmp: No such file or directory
09-07 03:47:08.487  2037  2674 I ActivityManager: Force stopping ru.iteco.fmhandroid.test appid=10135 user=0: from pid 13939
09-07 03:47:08.493  2279  2279 D CarrierSvcBindHelper: No carrier app for: 0
09-07 03:47:08.587 13948 13948 D AndroidRuntime: >>>>>> START com.android.internal.os.RuntimeInit uid 2000 <<<<<<
09-07 03:47:08.589 13948 13948 E libc    : Access denied finding property "persist.device_config.runtime_native_boot.enable_apex_image"
09-07 03:47:08.589 13948 13948 I AndroidRuntime: Using default boot image
09-07 03:47:08.589 13948 13948 E libc    : Access denied finding property "persist.device_config.runtime_native_boot.disable_lock_profiling"
09-07 03:47:08.589 13948 13948 I AndroidRuntime: Leaving lock profiling enabled
09-07 03:47:08.590 13948 13948 E libc    : Access denied finding property "persist.device_config.runtime_native_boot.enable_generational_cc"
09-07 03:47:08.585 13948 13948 W app_process: type=1400 audit(0.0:129): avc: denied { read } for name="u:object_r:device_config_runtime_native_boot_prop:s0" dev="tmpfs" ino=6894 scontext=u:r:shell:s0 tcontext=u:object_r:device_config_runtime_native_boot_prop:s0 tclass=file permissive=0
09-07 03:47:08.585 13948 13948 W app_process: type=1400 audit(0.0:130): avc: denied { read } for name="u:object_r:device_config_runtime_native_boot_prop:s0" dev="tmpfs" ino=6894 scontext=u:r:shell:s0 tcontext=u:object_r:device_config_runtime_native_boot_prop:s0 tclass=file permissive=0
09-07 03:47:08.585 13948 13948 W app_process: type=1400 audit(0.0:131): avc: denied { read } for name="u:object_r:device_config_runtime_native_boot_prop:s0" dev="tmpfs" ino=6894 scontext=u:r:shell:s0 tcontext=u:object_r:device_config_runtime_native_boot_prop:s0 tclass=file permissive=0
09-07 03:47:08.626 13948 13948 D ICU     : Time zone APEX file found: /apex/com.android.tzdata/etc/icu/icu_tzdata.dat
09-07 03:47:08.629 13948 13948 W app_process: Unexpected CPU variant for X86 using defaults: x86
09-07 03:47:08.635 13948 13948 I app_process: The ClassLoaderContext is a special shared library.
09-07 03:47:08.643 13948 13948 W app_process: JNI RegisterNativeMethods: attempt to register 0 native methods for android.media.AudioAttributes
09-07 03:47:08.646 13948 13948 D AndroidRuntime: Calling main entry com.android.commands.am.Am
09-07 03:47:08.649  2037  2674 I ActivityManager: Force stopping ru.iteco.fmhandroid appid=10136 user=0: start instr
09-07 03:47:08.654  1775  1775 D Zygote  : Forked child process 13963
09-07 03:47:08.656 13963 13963 I teco.fmhandroi: Late-enabling -Xcheck:jni
09-07 03:47:08.661  2037  2067 I ActivityManager: Start proc 13963:ru.iteco.fmhandroid/u0a136 for added application ru.iteco.fmhandroid
09-07 03:47:08.663 13963 13963 E teco.fmhandroi: Unknown bits set in runtime_flags: 0x8000
09-07 03:47:08.663 13963 13963 W teco.fmhandroi: Unexpected CPU variant for X86 using defaults: x86
09-07 03:47:08.691 13963 13963 I teco.fmhandroi: The ClassLoaderContext is a special shared library.
09-07 03:47:08.692 13963 13963 I teco.fmhandroi: The ClassLoaderContext is a special shared library.
09-07 03:47:08.944  1792  2272 E GnssHAL_GnssInterface: gnssSvStatusCb: a: input svInfo.flags is 8
09-07 03:47:08.944  1792  2272 E GnssHAL_GnssInterface: gnssSvStatusCb: b: input svInfo.flags is 8
09-07 03:47:08.979 13963 13963 I teco.fmhandroi: The ClassLoaderContext is a special shared library.
09-07 03:47:08.980 13963 13963 I teco.fmhandroi: The ClassLoaderContext is a special shared library.
09-07 03:47:09.255 13963 13963 W teco.fmhandroi: Accessing hidden method Landroid/app/Instrumentation;->execStartActivity(Landroid/content/Context;Landroid/os/IBinder;Landroid/os/IBinder;Landroid/app/Activity;Landroid/content/Intent;ILandroid/os/Bundle;)Landroid/app/Instrumentation$ActivityResult; (greylist, linking, allowed)
09-07 03:47:09.255 13963 13963 W teco.fmhandroi: Accessing hidden method Landroid/app/Instrumentation;->execStartActivity(Landroid/content/Context;Landroid/os/IBinder;Landroid/os/IBinder;Ljava/lang/String;Landroid/content/Intent;ILandroid/os/Bundle;)Landroid/app/Instrumentation$ActivityResult; (greylist, linking, allowed)
09-07 03:47:09.261 13963 13963 I MonitoringInstr: newApplication called!
09-07 03:47:09.280 13963 13963 I FirebaseApp: Device unlocked: initializing all Firebase APIs for app [DEFAULT]
09-07 03:47:09.288 13963 13963 I FirebaseCrashlytics: Initializing Firebase Crashlytics 18.2.6 for ru.iteco.fmhandroid
09-07 03:47:09.326 13963 13997 I DynamiteModule: Considering local module com.google.android.gms.measurement.dynamite:55 and remote module com.google.android.gms.measurement.dynamite:93
09-07 03:47:09.326 13963 13997 I DynamiteModule: Selected remote version of com.google.android.gms.measurement.dynamite, version >= 93
09-07 03:47:09.327 13963 13997 V DynamiteModule: Dynamite loader version >= 2, using loadModule2NoCrashUtils
09-07 03:47:09.344 13963 13997 W System  : ClassLoader referenced unknown path: 
09-07 03:47:09.368 13963 13963 I FirebaseInitProvider: FirebaseApp initialization successful
09-07 03:47:09.386 13963 13963 I MonitoringInstr: Instrumentation started!
09-07 03:47:09.391 13963 13963 D ClassesArgTokenizer: input: ru.iteco.fmhandroid.ui.ControlPanelTest#shouldChangeThePublicationDate
09-07 03:47:09.392 13963 13963 D ClassesArgTokenizer: result: [ru.iteco.fmhandroid.ui.ControlPanelTest#shouldChangeThePublicationDate]
09-07 03:47:09.392 13963 13963 D ClassesArgTokenizer: input: null
09-07 03:47:09.392 13963 13963 D ClassesArgTokenizer: result: []
09-07 03:47:09.396 13963 13963 V TestEventClient: No service name argument was given (testDiscoveryService, testRunEventService or orchestratorService)
09-07 03:47:09.405 13963 14005 D AndroidJUnitRunner: onStart is called.
09-07 03:47:09.408 13963 13997 W teco.fmhandroi: Accessing hidden method Lsun/misc/Unsafe;->arrayBaseOffset(Ljava/lang/Class;)I (greylist,core-platform-api, linking, allowed)
09-07 03:47:09.408 13963 13997 W teco.fmhandroi: Accessing hidden method Lsun/misc/Unsafe;->arrayIndexScale(Ljava/lang/Class;)I (greylist, linking, allowed)
09-07 03:47:09.408 13963 13997 W teco.fmhandroi: Accessing hidden method Lsun/misc/Unsafe;->compareAndSwapInt(Ljava/lang/Object;JII)Z (greylist, linking, allowed)
09-07 03:47:09.408 13963 13997 W teco.fmhandroi: Accessing hidden method Lsun/misc/Unsafe;->compareAndSwapLong(Ljava/lang/Object;JJJ)Z (greylist, linking, allowed)
09-07 03:47:09.408 13963 13997 W teco.fmhandroi: Accessing hidden method Lsun/misc/Unsafe;->getIntVolatile(Ljava/lang/Object;J)I (greylist, linking, allowed)
09-07 03:47:09.409 13963 13997 W teco.fmhandroi: Accessing hidden method Lsun/misc/Unsafe;->getObjectVolatile(Ljava/lang/Object;J)Ljava/lang/Object; (greylist, linking, allowed)
09-07 03:47:09.409 13963 13997 W teco.fmhandroi: Accessing hidden method Lsun/misc/Unsafe;->objectFieldOffset(Ljava/lang/reflect/Field;)J (greylist,core-platform-api, linking, allowed)
09-07 03:47:09.409 13963 13997 W teco.fmhandroi: Accessing hidden method Lsun/misc/Unsafe;->putObjectVolatile(Ljava/lang/Object;JLjava/lang/Object;)V (greylist, linking, allowed)
09-07 03:47:09.409 13963 13997 W teco.fmhandroi: Accessing hidden field Lsun/misc/Unsafe;->theUnsafe:Lsun/misc/Unsafe; (greylist, reflection, allowed)
09-07 03:47:09.411 13963 13963 I MonitoringInstr: No JSBridge.
09-07 03:47:09.427 13963 14005 D TestRequestBuilder: Skipping class path scanning and directly running [ru.iteco.fmhandroid.ui.ControlPanelTest]
09-07 03:47:09.433 13963 14005 D ClassesArgTokenizer: input: ru.iteco.fmhandroid.ui.ControlPanelTest#shouldChangeThePublicationDate
09-07 03:47:09.433 13963 14005 D ClassesArgTokenizer: result: [ru.iteco.fmhandroid.ui.ControlPanelTest#shouldChangeThePublicationDate]
09-07 03:47:09.433 13963 14005 D ClassesArgTokenizer: input: null
09-07 03:47:09.433 13963 14005 D ClassesArgTokenizer: result: []
09-07 03:47:09.446 13963 14005 D AndroidJUnitRunner: Use the raw file system for managing file I/O.
09-07 03:47:09.450 13963 14005 D TestExecutor: Adding listener androidx.test.internal.runner.listener.LogRunListener
09-07 03:47:09.450 13963 14005 D TestExecutor: Adding listener androidx.test.internal.runner.listener.InstrumentationResultPrinter
09-07 03:47:09.450 13963 14005 D TestExecutor: Adding listener androidx.test.internal.runner.listener.ActivityFinisherRunListener
09-07 03:47:09.450 13963 14005 D TestExecutor: Adding listener androidx.test.internal.runner.listener.TraceRunListener
09-07 03:47:09.454 13963 14005 I TestRunner: run started: 1 tests
09-07 03:47:09.463 13963 14007 V FA      : App measurement collection enabled
09-07 03:47:09.463 13963 14007 V FA      : App measurement enabled for app package, google app id: ru.iteco.fmhandroid, 1:729587742060:android:e7d6f87c783f52b9a42f49
09-07 03:47:09.465 13963 14007 I FA      : App measurement initialized, version: 80069
09-07 03:47:09.465 13963 14007 I FA      : To enable debug logging run: adb shell setprop log.tag.FA VERBOSE
09-07 03:47:09.465 13963 14007 I FA      : To enable faster debug mode event logging run:
09-07 03:47:09.465 13963 14007 I FA      :   adb shell setprop debug.firebase.analytics.app ru.iteco.fmhandroid
09-07 03:47:09.465 13963 14007 D FA      : Debug-level message logging enabled
09-07 03:47:09.482 13963 14007 D FA      : Resetting session stitching token to not null
09-07 03:47:09.486 13963 14005 I TestRunner: started: shouldChangeThePublicationDate(ru.iteco.fmhandroid.ui.ControlPanelTest)
09-07 03:47:09.494 13963 14007 V FA      : Connecting to remote service
09-07 03:47:09.498  7867  7867 D BoundBrokerSvc: onBind: Intent { act=com.google.android.gms.measurement.START pkg=com.google.android.gms }
09-07 03:47:09.499  7867  7867 D BoundBrokerSvc: Loading bound service for intent: Intent { act=com.google.android.gms.measurement.START pkg=com.google.android.gms }
09-07 03:47:09.506 13963 14007 V FA      : Connection attempt already in progress
09-07 03:47:09.511 13963 14007 V FA      : Connection attempt already in progress
09-07 03:47:09.511 13963 14007 D FA      : Connected to remote service
09-07 03:47:09.511 13963 14007 V FA      : Processing queued up service tasks: 3
09-07 03:47:09.538  7867 14010 V FA-SVC  : Saving default event parameters, appId, data size: ru.iteco.fmhandroid, 2
09-07 03:47:09.580  1774 14011 E ResolverController: No valid NAT64 prefix (101, <unspecified>/0)
09-07 03:47:09.613  2037  2037 V SettingsProvider: Notifying for 0: content://settings/secure/accessibility_enabled
09-07 03:47:09.615  2689  3033 I fteu    : (REDACTED) #onAccessibilityStateChanged enabled: %s
09-07 03:47:09.615  2689  3084 I fteu    : #onChange
09-07 03:47:09.615  2689  3084 I csoe    : #FCF: onChange
09-07 03:47:09.615  2689  3084 I csoi    : (REDACTED) FCF System FeatureName to check: %s
09-07 03:47:09.615  2689  3084 I csoi    : (REDACTED) FCF: Device model check status : %s
09-07 03:47:09.616  2689  3085 I csof    : FCF A11y Checker - readyForTngMa
09-07 03:47:09.616  2689  3084 I ctnd    : (REDACTED) #isBluetoothOrWiredHeadsetConnected Number of connected audio devices: %s
09-07 03:47:09.616  2689  3084 I cspe    : (REDACTED) #FCF: Headset Connected Status: %s
09-07 03:47:09.617  2689  3085 I csqr    : (REDACTED) #FCF: Demo mode check status : %s
09-07 03:47:09.617  2689  3084 I csqs    : (REDACTED) #FCF: Managed profile check status : %s
09-07 03:47:09.617  2689  3084 I csno    : (REDACTED) #FCF: Assistant primary locale : %s
09-07 03:47:09.617  2689  3084 I csno    : (REDACTED) #FCF: Assistant Primary locale check status : %s
09-07 03:47:09.618  2689  3084 W csqu    : Unable to check for productivity accounts. Assuming there are none.
09-07 03:47:09.618  2689  3084 W csqu    : com.google.android.libraries.geller.portable.GellerException: Code: INVALID_ARGUMENT, Message: Account name is null.
09-07 03:47:09.618  2689  3084 W csqu    : 	at ghid.a(PG:6)
09-07 03:47:09.618  2689  3084 W csqu    : 	at gxvx.a(PG:3)
09-07 03:47:09.618  2689  3084 W csqu    : 	at hnzx.a(PG:1)
09-07 03:47:09.618  2689  3084 W csqu    : 	at hobr.run(PG:4)
09-07 03:47:09.618  2689  3084 W csqu    : 	at ewes.run(PG:1)
09-07 03:47:09.618  2689  3084 W csqu    : 	at java.util.concurrent.ThreadPoolExecutor.runWorker(ThreadPoolExecutor.java:1167)
09-07 03:47:09.618  2689  3084 W csqu    : 	at java.util.concurrent.ThreadPoolExecutor$Worker.run(ThreadPoolExecutor.java:641)
09-07 03:47:09.618  2689  3084 W csqu    : 	at ewdw.run(PG:2)
09-07 03:47:09.618  2689  3084 W csqu    : 	at java.lang.Thread.run(Thread.java:919)
09-07 03:47:09.618  2689  3084 W csqu    : 	at ewfb.run(PG:5)
09-07 03:47:09.622  2666  3005 I biwj    : NGA disabled since it's running Panthera and at least one a11y feature is on.
09-07 03:47:09.622  2666  3005 I biwj    : (REDACTED) Nga state changed to %s
09-07 03:47:09.623  8425  8425 W SystemServiceRegistry: No service published for: persistent_data_block
09-07 03:47:09.629  7867  7867 D BoundBrokerSvc: onBind: Intent { act=com.google.android.gms.checkin.START pkg=com.google.android.gms }
09-07 03:47:09.629  7867  7867 D BoundBrokerSvc: Loading bound service for intent: Intent { act=com.google.android.gms.checkin.START pkg=com.google.android.gms }
09-07 03:47:09.636  2689  3084 I yzq     : (REDACTED) Nga on-device enabled based on TNG:MA active state: %b
09-07 03:47:09.637  2689  3084 I yzq     : (REDACTED) Nga on-device enabled based on TNG:MA active state: %b
09-07 03:47:09.637  2689  3084 I yzq     : Unsubscribed to apa or classic variant change.
09-07 03:47:09.648  7867  7884 I Checkin : [CheckinApiChimeraService] onGetService
09-07 03:47:09.653 13963 14005 W Settings: Setting always_finish_activities has moved from android.provider.Settings.System to android.provider.Settings.Global, returning read-only value.
09-07 03:47:09.654  2689  3085 I csts    : (REDACTED) #FCF evaluate: %s
09-07 03:47:09.654  2689  3085 I csts    : (REDACTED) TngMaStatusChecker#evaluateInternal completed in %s millis
09-07 03:47:09.655  2666  3039 I bjbd    : Trying to enqueue PieTriggeringWorker
09-07 03:47:09.656  2689  3085 I cscy    : (REDACTED) TNG:MA status updated: %s
09-07 03:47:09.656  2689  3085 I cscy    : TNG:MA became ineligible, client should disconnect
09-07 03:47:09.656  2689  3085 I cscy    : #disconnectAndStop - preventing double stop
09-07 03:47:09.657  2689  3085 I csts    : #invalidationSource: adding saa update checker
09-07 03:47:09.657  2689  3085 I csts    : #invalidationSource: adding headset checker
09-07 03:47:09.657  2689  2689 I aaag    : (REDACTED) eventData = %s
09-07 03:47:09.658  2689  3084 I znc     : Logging success flow
09-07 03:47:09.659  2037  2459 I ActivityTaskManager: START u0 {act=android.intent.action.MAIN cat=[android.intent.category.LAUNCHER] flg=0x10008000 cmp=ru.iteco.fmhandroid.test/androidx.test.core.app.InstrumentationActivityInvoker$BootstrapActivity (has extras)} from uid 10136
09-07 03:47:09.671  2037  4291 W InputReader: Device has associated, but no associated display id.
09-07 03:47:09.672  2037  4291 I chatty  : uid=1000(system) Binder:2037_10 identical 8 lines
09-07 03:47:09.672  2037  4291 W InputReader: Device has associated, but no associated display id.
09-07 03:47:09.673  2037  2061 E system_server: Invalid ID 0x00000000.
09-07 03:47:09.676  2666  3039 I bjbd    : Trying to enqueue PieTriggeringWorker
09-07 03:47:09.677  2689  2689 I aaag    : (REDACTED) eventData = %s
09-07 03:47:09.683  1775  1775 D Zygote  : Forked child process 14018
09-07 03:47:09.684 14018 14018 I fmhandroid.tes: Late-enabling -Xcheck:jni
09-07 03:47:09.684  2689  3085 I znc     : Logging success flow
09-07 03:47:09.690  1793  2554 D gralloc_ranchu: gralloc_alloc: Creating ashmem region of size 9850880
09-07 03:47:09.690  2037  2067 I ActivityManager: Start proc 14018:ru.iteco.fmhandroid.test/u0a135 for activity {ru.iteco.fmhandroid.test/androidx.test.core.app.InstrumentationActivityInvoker$BootstrapActivity}
09-07 03:47:09.695  2666  3039 I bjbd    : Trying to enqueue PieTriggeringWorker
09-07 03:47:09.696  2689  2689 I aaag    : (REDACTED) eventData = %s
09-07 03:47:09.698 14018 14018 E fmhandroid.tes: Unknown bits set in runtime_flags: 0x8000
09-07 03:47:09.698 14018 14018 W fmhandroid.tes: Unexpected CPU variant for X86 using defaults: x86
09-07 03:47:09.726  2037  2674 W InputReader: Device has associated, but no associated display id.
09-07 03:47:09.731  2037  2674 I chatty  : uid=1000(system) Binder:2037_A identical 28 lines
09-07 03:47:09.731  2037  2674 W InputReader: Device has associated, but no associated display id.
09-07 03:47:09.754  2037  2061 W InputReader: Device has associated, but no associated display id.
09-07 03:47:09.754  2037  2061 I chatty  : uid=1000(system) android.anim identical 8 lines
09-07 03:47:09.754  2037  2061 W InputReader: Device has associated, but no associated display id.
09-07 03:47:09.759 14018 14018 I fmhandroid.tes: The ClassLoaderContext is a special shared library.
09-07 03:47:09.759 14018 14018 I fmhandroid.tes: The ClassLoaderContext is a special shared library.
09-07 03:47:09.775  2666  3068 D EGL_emulation: eglMakeCurrent: 0xda21b0e0: ver 2 0 (tinfo 0xda20fbb0)
09-07 03:47:09.778  1793  2554 D gralloc_ranchu: gralloc_alloc: Creating ashmem region of size 9850880
09-07 03:47:09.778  2434  2714 D EGL_emulation: eglMakeCurrent: 0xed453b60: ver 2 0 (tinfo 0xe233a960)
09-07 03:47:09.781  2182  2468 D EGL_emulation: eglMakeCurrent: 0xda21a360: ver 2 0 (tinfo 0xda20f590)
09-07 03:47:09.782  2666  2666 I dnsi    : onPause
09-07 03:47:09.807  2182  2468 D EGL_emulation: eglMakeCurrent: 0xda21a360: ver 2 0 (tinfo 0xda20f590)
09-07 03:47:09.808  2182  2182 W View    : requestLayout() improperly called by com.android.keyguard.AlphaOptimizedLinearLayout{551c6d8 V.E...... ......ID 7,0-48,61 #7f0a041c app:id/wifi_group} during second layout pass: posting in next frame
09-07 03:47:09.810  2182  2182 W View    : requestLayout() improperly called by StatusBarIconView(slot=mobile icon=null notification=null) during layout: running second layout pass
09-07 03:47:09.829  2666  2708 V ClearcutMetricXmitter: Transmission is done.
09-07 03:47:09.914  1823  2077 E SurfaceFlinger: ro.sf.lcd_density must be defined as a build property
09-07 03:47:09.914  1823  2077 E SurfaceFlinger: ro.sf.lcd_density must be defined as a build property
09-07 03:47:09.917 14018 14051 D libEGL  : Emulator has host GPU support, qemu.gles is set to 1.
09-07 03:47:09.917 14018 14051 W libc    : Unable to set property "qemu.gles" to "1": connection failed; errno=13 (Permission denied)
09-07 03:47:09.920 14018 14051 D libEGL  : loaded /vendor/lib/egl/libEGL_emulation.so
09-07 03:47:09.921 14018 14051 D libEGL  : loaded /vendor/lib/egl/libGLESv1_CM_emulation.so
09-07 03:47:09.921 14018 14051 D libEGL  : loaded /vendor/lib/egl/libGLESv2_emulation.so
09-07 03:47:09.915 14018 14018 W RenderThread: type=1400 audit(0.0:132): avc: denied { write } for name="property_service" dev="tmpfs" ino=6988 scontext=u:r:untrusted_app:s0:c135,c256,c512,c768 tcontext=u:object_r:property_socket:s0 tclass=sock_file permissive=0
09-07 03:47:09.941  2037  2055 I ActivityTaskManager: START u0 {act=android.intent.action.MAIN cat=[android.intent.category.LAUNCHER] cmp=ru.iteco.fmhandroid/.ui.AppActivity} from uid 10136
09-07 03:47:09.944  1792  2272 E GnssHAL_GnssInterface: gnssSvStatusCb: a: input svInfo.flags is 8
09-07 03:47:09.944  1792  2272 E GnssHAL_GnssInterface: gnssSvStatusCb: b: input svInfo.flags is 8
09-07 03:47:09.946  2037  2055 W InputReader: Device has associated, but no associated display id.
09-07 03:47:09.946  2037  2055 I chatty  : uid=1000(system) Binder:2037_1 identical 38 lines
09-07 03:47:09.946  2037  2055 W InputReader: Device has associated, but no associated display id.
09-07 03:47:09.947 13963 13963 W ActivityThread: handleWindowVisibility: no activity for token android.os.BinderProxy@dce2beb
09-07 03:47:09.947  2037  2055 W InputReader: Device has associated, but no associated display id.
09-07 03:47:09.948  2037  2055 I chatty  : uid=1000(system) Binder:2037_1 identical 18 lines
09-07 03:47:09.948  2037  2055 W InputReader: Device has associated, but no associated display id.
09-07 03:47:09.955  2666  2666 I dnsi    : onStop
09-07 03:47:09.957  1823  1897 E SurfaceFlinger: ro.sf.lcd_density must be defined as a build property
09-07 03:47:09.957  1823  1897 E SurfaceFlinger: ro.sf.lcd_density must be defined as a build property
09-07 03:47:09.965 13963 14055 D libEGL  : Emulator has host GPU support, qemu.gles is set to 1.
09-07 03:47:09.966 13963 14055 W libc    : Unable to set property "qemu.gles" to "1": connection failed; errno=13 (Permission denied)
09-07 03:47:09.995  1823  1823 W SurfaceFlinger: couldn't log to binary event log: overflow.
09-07 03:47:09.995  1823  1823 W SurfaceFlinger: couldn't log to binary event log: overflow.
09-07 03:47:10.003 13963 14055 D libEGL  : loaded /vendor/lib/egl/libEGL_emulation.so
