09-07 03:47:09.955 13963 13963 W RenderThread: type=1400 audit(0.0:133): avc: denied { write } for name="property_service" dev="tmpfs" ino=6988 scontext=u:r:untrusted_app:s0:c136,c256,c512,c768 tcontext=u:object_r:property_socket:s0 tclass=sock_file permissive=0
09-07 03:47:10.007 13963 14055 D libEGL  : loaded /vendor/lib/egl/libGLESv1_CM_emulation.so
09-07 03:47:10.008 13963 14055 D libEGL  : loaded /vendor/lib/egl/libGLESv2_emulation.so
09-07 03:47:10.011 13963 13963 D LifecycleMonitor: Lifecycle status change: ru.iteco.fmhandroid.ui.AppActivity@bf025f4 in: PRE_ON_CREATE
09-07 03:47:10.011 13963 13963 V ActivityScenario: Activity lifecycle changed event received but ignored because the reported transition was not ON_CREATE while the last known transition was PRE_ON_CREATE
09-07 03:47:10.025 13963 13997 V FA      : onActivityCreated
09-07 03:47:10.041 13963 13963 W teco.fmhandroi: Accessing hidden method Landroid/view/View;->computeFitSystemWindows(Landroid/graphics/Rect;Landroid/graphics/Rect;)Z (greylist, reflection, allowed)
09-07 03:47:10.042 13963 13963 W teco.fmhandroi: Accessing hidden method Landroid/view/ViewGroup;->makeOptionalFitsSystemWindows()V (greylist, reflection, allowed)
09-07 03:47:10.128 13963 13963 D NetworkSecurityConfig: No Network Security Config specified, using platform default
09-07 03:47:10.134 13963 13963 W teco.fmhandroi: Accessing hidden method Ljava/lang/invoke/MethodHandles$Lookup;-><init>(Ljava/lang/Class;I)V (greylist, reflection, allowed)
09-07 03:47:10.229 13963 13963 D LifecycleMonitor: Lifecycle status change: ru.iteco.fmhandroid.ui.AppActivity@bf025f4 in: CREATED
09-07 03:47:10.230 13963 13963 V ActivityScenario: Update currentActivityStage to CREATED, currentActivity=ru.iteco.fmhandroid.ui.AppActivity@bf025f4
09-07 03:47:10.301 13963 13963 D LifecycleMonitor: Lifecycle status change: ru.iteco.fmhandroid.ui.AppActivity@bf025f4 in: STARTED
09-07 03:47:10.301 13963 13963 V ActivityScenario: Update currentActivityStage to STARTED, currentActivity=ru.iteco.fmhandroid.ui.AppActivity@bf025f4
09-07 03:47:10.304 13963 13963 D LifecycleMonitor: Lifecycle status change: ru.iteco.fmhandroid.ui.AppActivity@bf025f4 in: RESUMED
09-07 03:47:10.304 13963 13963 V ActivityScenario: Update currentActivityStage to RESUMED, currentActivity=ru.iteco.fmhandroid.ui.AppActivity@bf025f4
09-07 03:47:10.304 13963 14007 V FA      : Activity resumed, time: 1354196
09-07 03:47:10.306 13963 13997 W teco.fmhandroi: Accessing hidden method Lsun/misc/Unsafe;->compareAndSwapObject(Ljava/lang/Object;JLjava/lang/Object;Ljava/lang/Object;)Z (greylist, linking, allowed)
09-07 03:47:10.306 13963 13997 W teco.fmhandroi: Accessing hidden method Lsun/misc/Unsafe;->getObject(Ljava/lang/Object;J)Ljava/lang/Object; (greylist, linking, allowed)
09-07 03:47:10.309 13963 14007 I FA      : Tag Manager is not found and thus will not be used
09-07 03:47:10.312 13963 14005 W FileTestStorage: Output properties is not supported.
09-07 03:47:10.312 13963 14005 I Tracing : Tracer added: class androidx.test.platform.tracing.AndroidXTracer
09-07 03:47:10.324 13963 14005 D EventInjectionStrategy: Creating injection strategy with input manager.
09-07 03:47:10.325 13963 14005 W teco.fmhandroi: Accessing hidden method Landroid/hardware/input/InputManager;->getInstance()Landroid/hardware/input/InputManager; (greylist, reflection, allowed)
09-07 03:47:10.325 13963 14005 W teco.fmhandroi: Accessing hidden method Landroid/hardware/input/InputManager;->injectInputEvent(Landroid/view/InputEvent;I)Z (greylist, reflection, allowed)
09-07 03:47:10.325 13963 14005 W teco.fmhandroi: Accessing hidden field Landroid/hardware/input/InputManager;->INJECT_INPUT_EVENT_MODE_WAIT_FOR_FINISH:I (greylist, reflection, allowed)
09-07 03:47:10.349 13963 14053 D HostConnection: HostConnection::get() New Host Connection established 0xda24c460, tid 14053
09-07 03:47:10.351 13963 14053 D HostConnection: HostComposition ext ANDROID_EMU_CHECKSUM_HELPER_v1 ANDROID_EMU_dma_v1 ANDROID_EMU_direct_mem ANDROID_EMU_vulkan ANDROID_EMU_deferred_vulkan_commands ANDROID_EMU_vulkan_null_optional_strings ANDROID_EMU_vulkan_create_resources_with_requirements ANDROID_EMU_YUV420_888_to_NV21 ANDROID_EMU_YUV_Cache ANDROID_EMU_vulkan_free_memory_sync ANDROID_EMU_vulkan_shader_float16_int8 ANDROID_EMU_vulkan_async_queue_submit ANDROID_EMU_sync_buffer_data GL_OES_vertex_array_object GL_KHR_texture_compression_astc_ldr ANDROID_EMU_host_side_tracing ANDROID_EMU_gles_max_version_2 
09-07 03:47:10.357  7867 14010 V FA-SVC  : Logging event: origin=auto,name=screen_view(_vs),params=Bundle[{ga_event_origin(_o)=auto, ga_screen_class(_sc)=AppActivity, ga_screen_id(_si)=-5965258165462961642}]
09-07 03:47:10.359 13963 14053 W OpenGLRenderer: Failed to choose config with EGL_SWAP_BEHAVIOR_PRESERVED, retrying without...
09-07 03:47:10.364 13963 14053 D eglCodecCommon: setVertexArrayObject: set vao to 0 (0) 0 0
09-07 03:47:10.365 13963 14053 D EGL_emulation: eglCreateContext: 0xda21ade0: maj 2 min 0 rcv 2
09-07 03:47:10.369  7867 14010 V FA-SVC  : Upload scheduled in approximately ms: 2406741
09-07 03:47:10.370  7867 14010 V FA-SVC  : Unscheduling upload
09-07 03:47:10.374  7867 14010 V FA-SVC  : Scheduling upload, millis: 2406741
09-07 03:47:10.376  7867 14010 V FA-SVC  : Background event processing time, ms: 23
09-07 03:47:10.381 13963 14053 D EGL_emulation: eglMakeCurrent: 0xda21ade0: ver 2 0 (tinfo 0xda20f9e0)
09-07 03:47:10.387  1793  2554 D gralloc_ranchu: gralloc_alloc: Creating ashmem region of size 9113600
09-07 03:47:10.389  1678  1678 I hwservicemanager: getTransport: Cannot find entry android.hardware.graphics.mapper@3.0::IMapper/default in either framework or device manifest.
09-07 03:47:10.389 13963 14053 W Gralloc3: mapper 3.x is not supported
09-07 03:47:10.390 13963 14053 D HostConnection: createUnique: call
09-07 03:47:10.391 13963 14053 D HostConnection: HostConnection::get() New Host Connection established 0xda24c6e0, tid 14053
09-07 03:47:10.391 13963 14053 D HostConnection: HostComposition ext ANDROID_EMU_CHECKSUM_HELPER_v1 ANDROID_EMU_dma_v1 ANDROID_EMU_direct_mem ANDROID_EMU_vulkan ANDROID_EMU_deferred_vulkan_commands ANDROID_EMU_vulkan_null_optional_strings ANDROID_EMU_vulkan_create_resources_with_requirements ANDROID_EMU_YUV420_888_to_NV21 ANDROID_EMU_YUV_Cache ANDROID_EMU_vulkan_free_memory_sync ANDROID_EMU_vulkan_shader_float16_int8 ANDROID_EMU_vulkan_async_queue_submit ANDROID_EMU_sync_buffer_data GL_OES_vertex_array_object GL_KHR_texture_compression_astc_ldr ANDROID_EMU_host_side_tracing ANDROID_EMU_gles_max_version_2 
09-07 03:47:10.391 13963 14053 D eglCodecCommon: allocate: Ask for block of size 0x1000
09-07 03:47:10.391 13963 14053 D eglCodecCommon: allocate: ioctl allocate returned offset 0x3ff68a000 size 0x2000
09-07 03:47:10.392  1793  2554 D gralloc_ranchu: gralloc_alloc: Creating ashmem region of size 9113600
09-07 03:47:10.393  1793  2554 D gralloc_ranchu: gralloc_alloc: Creating ashmem region of size 9113600
09-07 03:47:10.395 13963 14053 D EGL_emulation: eglMakeCurrent: 0xda21ade0: ver 2 0 (tinfo 0xda20f9e0)
09-07 03:47:10.404 13963 14053 D eglCodecCommon: setVertexArrayObject: set vao to 0 (0) 1 0
09-07 03:47:10.462  2037  2065 I ActivityTaskManager: Displayed ru.iteco.fmhandroid/.ui.AppActivity: +802ms
09-07 03:47:10.493  2182  2182 W View    : requestLayout() improperly called by com.android.keyguard.AlphaOptimizedLinearLayout{551c6d8 V.E...... ......ID 7,0-48,61 #7f0a041c app:id/wifi_group} during second layout pass: posting in next frame
09-07 03:47:10.503 13963 14005 W FileTestStorage: Test input args is not supported.
09-07 03:47:10.512 13963 13963 W teco.fmhandroi: Accessing hidden method Landroid/os/MessageQueue;->next()Landroid/os/Message; (greylist, reflection, allowed)
09-07 03:47:10.512 13963 13963 W teco.fmhandroi: Accessing hidden field Landroid/os/MessageQueue;->mMessages:Landroid/os/Message; (greylist, reflection, allowed)
09-07 03:47:10.512 13963 13963 W teco.fmhandroi: Accessing hidden method Landroid/os/Message;->recycleUnchecked()V (greylist, reflection, allowed)
09-07 03:47:10.513  2182  2182 W View    : requestLayout() improperly called by StatusBarIconView(slot=mobile icon=null notification=null) during layout: running second layout pass
09-07 03:47:10.518 13963 13963 W teco.fmhandroi: Accessing hidden method Landroid/view/WindowManagerGlobal;->getInstance()Landroid/view/WindowManagerGlobal; (greylist, reflection, allowed)
09-07 03:47:10.518 13963 13963 W teco.fmhandroi: Accessing hidden field Landroid/view/WindowManagerGlobal;->mViews:Ljava/util/ArrayList; (greylist, reflection, allowed)
09-07 03:47:10.518 13963 13963 W teco.fmhandroi: Accessing hidden field Landroid/view/WindowManagerGlobal;->mParams:Ljava/util/ArrayList; (greylist, reflection, allowed)
09-07 03:47:10.530 13963 13963 I ViewInteraction: Performing 'wait for a specific view with <view.getId() is <2131231123>> during 10000 millis.' action on view view.getRootView() to equal view
09-07 03:47:10.542  2182  2182 W View    : requestLayout() improperly called by com.android.keyguard.AlphaOptimizedLinearLayout{551c6d8 V.E...... ......ID 7,0-48,61 #7f0a041c app:id/wifi_group} during second layout pass: posting in next frame
09-07 03:47:10.549  2182  2182 W View    : requestLayout() improperly called by StatusBarIconView(slot=mobile icon=null notification=null) during layout: running second layout pass
09-07 03:47:10.551 13963 14005 W teco.fmhandroi: Accessing hidden method Lsun/misc/Unsafe;->getUnsafe()Lsun/misc/Unsafe; (greylist,core-platform-api, linking, allowed)
09-07 03:47:10.552 13963 14005 W teco.fmhandroi: Accessing hidden method Lsun/misc/Unsafe;->putObject(Ljava/lang/Object;JLjava/lang/Object;)V (greylist, linking, allowed)
09-07 03:47:10.560 13963 14062 W teco.fmhandroi: Accessing hidden method Lsun/misc/Unsafe;->compareAndSwapObject(Ljava/lang/Object;JLjava/lang/Object;Ljava/lang/Object;)Z (greylist, linking, allowed)
09-07 03:47:10.560 13963 14062 W teco.fmhandroi: Accessing hidden method Lsun/misc/Unsafe;->getObject(Ljava/lang/Object;J)Ljava/lang/Object; (greylist, linking, allowed)
09-07 03:47:10.574  2182  2182 W View    : requestLayout() improperly called by com.android.keyguard.AlphaOptimizedLinearLayout{551c6d8 V.E...... ......ID 7,0-48,61 #7f0a041c app:id/wifi_group} during second layout pass: posting in next frame
09-07 03:47:10.587  2182  2182 W View    : requestLayout() improperly called by StatusBarIconView(slot=mobile icon=null notification=null) during layout: running second layout pass
09-07 03:47:10.610  2182  2182 W View    : requestLayout() improperly called by com.android.keyguard.AlphaOptimizedLinearLayout{551c6d8 V.E...... ......ID 7,0-48,61 #7f0a041c app:id/wifi_group} during second layout pass: posting in next frame
09-07 03:47:10.623  2182  2182 W View    : requestLayout() improperly called by StatusBarIconView(slot=mobile icon=null notification=null) during layout: running second layout pass
09-07 03:47:10.646  2182  2182 W View    : requestLayout() improperly called by com.android.keyguard.AlphaOptimizedLinearLayout{551c6d8 V.E...... ......ID 7,0-48,61 #7f0a041c app:id/wifi_group} during second layout pass: posting in next frame
09-07 03:47:10.659  2182  2182 W View    : requestLayout() improperly called by StatusBarIconView(slot=mobile icon=null notification=null) during layout: running second layout pass
09-07 03:47:10.683  2182  2182 W View    : requestLayout() improperly called by com.android.keyguard.AlphaOptimizedLinearLayout{551c6d8 V.E...... ......ID 7,0-48,61 #7f0a041c app:id/wifi_group} during second layout pass: posting in next frame
09-07 03:47:10.696  2182  2182 W View    : requestLayout() improperly called by StatusBarIconView(slot=mobile icon=null notification=null) during layout: running second layout pass
09-07 03:47:10.820  8425 12245 I FontLog : (REDACTED) Received query %s, URI %s
09-07 03:47:10.820  8425 12245 I FontLog : (REDACTED) Query [%s] resolved to %s
09-07 03:47:10.822  8425 12245 I FontLog : (REDACTED) Fetch %s end status %s
09-07 03:47:10.827  8425 12245 I FontLog : (REDACTED) Pulling font file for id = %d, cache size = %d
09-07 03:47:10.830  8425 12245 I FontLog : (REDACTED) Pulling font file for id = %d, cache size = %d
09-07 03:47:10.945  1792  2272 E GnssHAL_GnssInterface: gnssSvStatusCb: a: input svInfo.flags is 8
09-07 03:47:10.945  1792  2272 E GnssHAL_GnssInterface: gnssSvStatusCb: b: input svInfo.flags is 8
09-07 03:47:11.945  1792  2272 E GnssHAL_GnssInterface: gnssSvStatusCb: a: input svInfo.flags is 8
09-07 03:47:11.945  1792  2272 E GnssHAL_GnssInterface: gnssSvStatusCb: b: input svInfo.flags is 8
09-07 03:47:12.949  1792  2272 E GnssHAL_GnssInterface: gnssSvStatusCb: a: input svInfo.flags is 8
09-07 03:47:12.949  1792  2272 E GnssHAL_GnssInterface: gnssSvStatusCb: b: input svInfo.flags is 8
09-07 03:47:13.017  2434  2940 E ActivityThread: Failed to find provider info for com.google.android.apps.wellbeing.api
09-07 03:47:13.308 13963 13963 W teco.fmhandroi: Accessing hidden method Lsun/misc/Unsafe;->allocateInstance(Ljava/lang/Class;)Ljava/lang/Object; (greylist, reflection, allowed)
09-07 03:47:13.318 13963 14066 I okhttp.OkHttpClient: --> GET http://www.981757-ca08998.tmweb.ru:8080/fmh/authentication/userInfo
09-07 03:47:13.319 13963 14066 I okhttp.OkHttpClient: --> END GET
09-07 03:47:13.324  1774 14067 E ResolverController: No valid NAT64 prefix (101, <unspecified>/0)
09-07 03:47:13.626 13963 14066 I okhttp.OkHttpClient: <-- 200 http://www.981757-ca08998.tmweb.ru:8080/fmh/authentication/userInfo (306ms)
09-07 03:47:13.626 13963 14066 I okhttp.OkHttpClient: Vary: Origin
09-07 03:47:13.626 13963 14066 I okhttp.OkHttpClient: Vary: Access-Control-Request-Method
09-07 03:47:13.626 13963 14066 I okhttp.OkHttpClient: Vary: Access-Control-Request-Headers
09-07 03:47:13.626 13963 14066 I okhttp.OkHttpClient: X-Content-Type-Options: nosniff
09-07 03:47:13.626 13963 14066 I okhttp.OkHttpClient: X-XSS-Protection: 1; mode=block
09-07 03:47:13.626 13963 14066 I okhttp.OkHttpClient: Cache-Control: no-cache, no-store, max-age=0, must-revalidate
09-07 03:47:13.626 13963 14066 I okhttp.OkHttpClient: Pragma: no-cache
09-07 03:47:13.627 13963 14066 I okhttp.OkHttpClient: Expires: 0
09-07 03:47:13.627 13963 14066 I okhttp.OkHttpClient: X-Frame-Options: DENY
09-07 03:47:13.627 13963 14066 I okhttp.OkHttpClient: Content-Type: application/json
09-07 03:47:13.627 13963 14066 I okhttp.OkHttpClient: Transfer-Encoding: chunked
09-07 03:47:13.627 13963 14066 I okhttp.OkHttpClient: Date: Thu, 07 Sep 2023 03:47:14 GMT
09-07 03:47:13.627 13963 14066 I okhttp.OkHttpClient: Keep-Alive: timeout=60
09-07 03:47:13.628 13963 14066 I okhttp.OkHttpClient: Connection: keep-alive
09-07 03:47:13.630 13963 14066 I okhttp.OkHttpClient: {"id":1,"firstName":"Ivan","lastName":"Ivanov","middleName":"Ivanovich","admin":true}
09-07 03:47:13.630 13963 14066 I okhttp.OkHttpClient: <-- END HTTP (85-byte body)
09-07 03:47:13.660 13963 14070 I okhttp.OkHttpClient: --> GET http://www.981757-ca08998.tmweb.ru:8080/fmh/claims
09-07 03:47:13.661 13963 14070 I okhttp.OkHttpClient: --> END GET
09-07 03:47:13.945  1792  2272 E GnssHAL_GnssInterface: gnssSvStatusCb: a: input svInfo.flags is 8
09-07 03:47:13.945  1792  2272 E GnssHAL_GnssInterface: gnssSvStatusCb: b: input svInfo.flags is 8
09-07 03:47:13.972 13963 14053 D EGL_emulation: eglMakeCurrent: 0xda21ade0: ver 2 0 (tinfo 0xda20f9e0)
09-07 03:47:13.975  1793  2554 D gralloc_ranchu: gralloc_alloc: Creating ashmem region of size 9850880
09-07 03:47:13.983  2182  2182 W View    : requestLayout() improperly called by com.android.keyguard.AlphaOptimizedLinearLayout{551c6d8 V.E...... ......ID 7,0-48,61 #7f0a041c app:id/wifi_group} during second layout pass: posting in next frame
09-07 03:47:13.991 13963 14053 D EGL_emulation: eglMakeCurrent: 0xda21ade0: ver 2 0 (tinfo 0xda20f9e0)
09-07 03:47:14.017  2182  2182 W View    : requestLayout() improperly called by StatusBarIconView(slot=mobile icon=null notification=null) during layout: running second layout pass
09-07 03:47:14.172  1793  2554 D gralloc_ranchu: gralloc_alloc: Creating ashmem region of size 9850880
09-07 03:47:14.195  1793  2554 D gralloc_ranchu: gralloc_alloc: Creating ashmem region of size 9850880
09-07 03:47:14.329 13963 14005 W teco.fmhandroi: Accessing hidden method Landroid/view/ViewConfiguration;->getDoubleTapMinTime()I (greylist, reflection, allowed)
09-07 03:47:14.331 13963 14005 W teco.fmhandroi: Accessing hidden method Lsun/misc/Unsafe;->compareAndSwapObject(Ljava/lang/Object;JLjava/lang/Object;Ljava/lang/Object;)Z (greylist, linking, allowed)
09-07 03:47:14.361 13963 13963 I ViewInteraction: Performing 'single click' action on view view.getId() is <2131231123/ru.iteco.fmhandroid:id/main_menu_image_button>
09-07 03:47:14.413  1781  6116 W audio_hw_generic: Not supplying enough data to HAL, expected position 15405946 , only wrote 15405927
09-07 03:47:14.452  1793  2554 D gralloc_ranchu: gralloc_alloc: Creating ashmem region of size 2015232
09-07 03:47:14.457  1793  2554 I chatty  : uid=1000(system) HwBinder:1793_2 identical 1 line
09-07 03:47:14.458  1793  2554 D gralloc_ranchu: gralloc_alloc: Creating ashmem region of size 2015232
09-07 03:47:14.481 13963 14053 D EGL_emulation: eglMakeCurrent: 0xda21ade0: ver 2 0 (tinfo 0xda20f9e0)
09-07 03:47:14.516 13963 14053 I chatty  : uid=10136(ru.iteco.fmhandroid) RenderThread identical 2 lines
09-07 03:47:14.542 13963 14053 D EGL_emulation: eglMakeCurrent: 0xda21ade0: ver 2 0 (tinfo 0xda20f9e0)
09-07 03:47:14.773 13963 14005 W teco.fmhandroi: Accessing hidden method Lsun/misc/Unsafe;->compareAndSwapObject(Ljava/lang/Object;JLjava/lang/Object;Ljava/lang/Object;)Z (greylist, linking, allowed)
09-07 03:47:14.779 13963 13963 I ViewInteraction: Performing 'wait for a specific view with <an instance of android.widget.TextView and view.getText() with or without transformation to match: is "News"> during 10000 millis.' action on view view.getRootView() to equal view
09-07 03:47:14.784 13963 13963 I ViewInteraction: Performing 'single click' action on view an instance of android.widget.TextView and view.getText() with or without transformation to match: is "News"
09-07 03:47:14.833 13963 14053 D EGL_emulation: eglMakeCurrent: 0xda21ade0: ver 2 0 (tinfo 0xda20f9e0)
09-07 03:47:14.919 13963 14080 I okhttp.OkHttpClient: --> GET http://www.981757-ca08998.tmweb.ru:8080/fmh/news
09-07 03:47:14.919 13963 14080 I okhttp.OkHttpClient: --> END GET
09-07 03:47:14.945  1792  2272 E GnssHAL_GnssInterface: gnssSvStatusCb: a: input svInfo.flags is 8
09-07 03:47:14.945  1792  2272 E GnssHAL_GnssInterface: gnssSvStatusCb: b: input svInfo.flags is 8
09-07 03:47:14.967 13963 14053 D EGL_emulation: eglMakeCurrent: 0xda21ade0: ver 2 0 (tinfo 0xda20f9e0)
09-07 03:47:15.006 13963 14053 D EGL_emulation: eglMakeCurrent: 0xda21ade0: ver 2 0 (tinfo 0xda20f9e0)
09-07 03:47:15.316 13963 13963 I ViewInteraction: Performing 'wait for a specific view with <view.getId() is <2131231025>> during 10000 millis.' action on view view.getRootView() to equal view
09-07 03:47:15.317 13963 14005 W teco.fmhandroi: Accessing hidden method Lsun/misc/Unsafe;->compareAndSwapObject(Ljava/lang/Object;JLjava/lang/Object;Ljava/lang/Object;)Z (greylist, linking, allowed)
09-07 03:47:15.320 13963 13963 I ViewInteraction: Performing 'single click' action on view view.getId() is <2131231025/ru.iteco.fmhandroid:id/edit_news_material_button>
09-07 03:47:15.357 13963 14007 V FA      : Inactivity, disconnecting from the service
09-07 03:47:15.395 13963 14081 I okhttp.OkHttpClient: --> GET http://www.981757-ca08998.tmweb.ru:8080/fmh/news
09-07 03:47:15.395 13963 14081 I okhttp.OkHttpClient: --> END GET
09-07 03:47:15.398  1774 14082 E ResolverController: No valid NAT64 prefix (101, <unspecified>/0)
09-07 03:47:15.799 13963 14005 W teco.fmhandroi: Accessing hidden method Lsun/misc/Unsafe;->compareAndSwapObject(Ljava/lang/Object;JLjava/lang/Object;Ljava/lang/Object;)Z (greylist, linking, allowed)
09-07 03:47:15.799 13963 14062 W teco.fmhandroi: Accessing hidden method Lsun/misc/Unsafe;->compareAndSwapObject(Ljava/lang/Object;JLjava/lang/Object;Ljava/lang/Object;)Z (greylist, linking, allowed)
09-07 03:47:15.802 13963 13963 I ViewInteraction: Performing 'wait for a specific view with <view.getId() is <2131230850>> during 10000 millis.' action on view view.getRootView() to equal view
09-07 03:47:15.804 13963 14005 W teco.fmhandroi: Accessing hidden method Lsun/misc/Unsafe;->compareAndSwapObject(Ljava/lang/Object;JLjava/lang/Object;Ljava/lang/Object;)Z (greylist, linking, allowed)
09-07 03:47:15.806 13963 13963 I ViewInteraction: Performing 'single click' action on view view.getId() is <2131230850/ru.iteco.fmhandroid:id/add_news_image_view>
09-07 03:47:15.944  1792  2272 E GnssHAL_GnssInterface: gnssSvStatusCb: a: input svInfo.flags is 8
09-07 03:47:15.944  1792  2272 E GnssHAL_GnssInterface: gnssSvStatusCb: b: input svInfo.flags is 8
09-07 03:47:16.269 13963 14005 W teco.fmhandroi: Accessing hidden method Lsun/misc/Unsafe;->compareAndSwapObject(Ljava/lang/Object;JLjava/lang/Object;Ljava/lang/Object;)Z (greylist, linking, allowed)
09-07 03:47:16.273 13963 13963 I ViewInteraction: Performing 'wait for a specific view with <view.getId() is <2131231204>> during 10000 millis.' action on view view.getRootView() to equal view
09-07 03:47:16.275 13963 14005 W teco.fmhandroi: Accessing hidden method Lsun/misc/Unsafe;->compareAndSwapObject(Ljava/lang/Object;JLjava/lang/Object;Ljava/lang/Object;)Z (greylist, linking, allowed)
09-07 03:47:16.275 13963 14062 W teco.fmhandroi: Accessing hidden method Lsun/misc/Unsafe;->compareAndSwapObject(Ljava/lang/Object;JLjava/lang/Object;Ljava/lang/Object;)Z (greylist, linking, allowed)
09-07 03:47:16.277 13963 13963 I ViewInteraction: Performing 'single click' action on view view.getId() is <2131231204/ru.iteco.fmhandroid:id/news_item_category_text_auto_complete_text_view>
09-07 03:47:16.386  1793  2554 D gralloc_ranchu: gralloc_alloc: Creating ashmem region of size 5308416
09-07 03:47:16.392  1793  2554 I chatty  : uid=1000(system) HwBinder:1793_2 identical 1 line
09-07 03:47:16.393  1793  2554 D gralloc_ranchu: gralloc_alloc: Creating ashmem region of size 5308416
09-07 03:47:16.402 13963 14053 D EGL_emulation: eglMakeCurrent: 0xda21ade0: ver 2 0 (tinfo 0xda20f9e0)
09-07 03:47:16.429 13963 13963 I AssistStructure: Flattened final assist data: 7432 bytes, containing 2 windows, 55 views
09-07 03:47:16.448 13963 14053 D EGL_emulation: eglMakeCurrent: 0xda21ade0: ver 2 0 (tinfo 0xda20f9e0)
09-07 03:47:16.463 13963 13963 I AssistStructure: Flattened final assist data: 7432 bytes, containing 2 windows, 55 views
09-07 03:47:16.468  8425  8425 W AutofillChimeraService: Pending fill request while another request in the same session was triggered. [CONTEXT service_id=177 ]
09-07 03:47:16.470  7867  7867 D BoundBrokerSvc: onBind: Intent { act=com.google.android.mdd.service.START dat=chimera-action: cmp=com.google.android.gms/.chimera.GmsBoundBrokerService }
09-07 03:47:16.470  7867  7867 D BoundBrokerSvc: Loading bound service for intent: Intent { act=com.google.android.mdd.service.START dat=chimera-action: cmp=com.google.android.gms/.chimera.GmsBoundBrokerService }
09-07 03:47:16.489 13963 14053 D EGL_emulation: eglMakeCurrent: 0xda21ade0: ver 2 0 (tinfo 0xda20f9e0)
09-07 03:47:16.492  6131  6131 I KeyboardViewUtil: systemKeyboardHeightRatio:1.000000; userKeyboardHeightRatio:1.000000.
09-07 03:47:16.493  6131  6131 I AndroidIME: LatinIme.onActivate() : EditorInfo = Package = ru.iteco.fmhandroid : Type = Text : Learning = Disable : Suggestion = Show : AutoCorrection = Disable : Microphone = Show : NoPersonalizedLearning = Disable
09-07 03:47:16.503  6131  6131 I Conv2QueryExtension: Current locale: en_US, config allows these locales: de,en,es,fr,it,ms,pt,ta
09-07 03:47:16.503  6131  6131 I Conv2QueryExtension: Conv2Query not enabled due to current app [ru.iteco.fmhandroid] not in whitelist
09-07 03:47:16.503  6131  6131 I Conv2QueryExtension: onActivate() : Disabled by unsupported host app
09-07 03:47:16.510  1793  2554 D gralloc_ranchu: gralloc_alloc: Creating ashmem region of size 9113600
09-07 03:47:16.513  2182  2468 D EGL_emulation: eglMakeCurrent: 0xda21a360: ver 2 0 (tinfo 0xda20f590)
09-07 03:47:16.515  2182  2182 W View    : requestLayout() improperly called by com.android.keyguard.AlphaOptimizedLinearLayout{551c6d8 V.E...... ......ID 7,0-48,61 #7f0a041c app:id/wifi_group} during second layout pass: posting in next frame
09-07 03:47:16.518  1793  2554 D gralloc_ranchu: gralloc_alloc: Creating ashmem region of size 9113600
09-07 03:47:16.522  6131  6653 D EGL_emulation: eglMakeCurrent: 0xe224f240: ver 2 0 (tinfo 0xe227da70)
09-07 03:47:16.525  1793  2554 D gralloc_ranchu: gralloc_alloc: Creating ashmem region of size 9113600
09-07 03:47:16.530  2182  2182 W View    : requestLayout() improperly called by StatusBarIconView(slot=mobile icon=null notification=null) during layout: running second layout pass
09-07 03:47:16.531  2182  2468 D EGL_emulation: eglMakeCurrent: 0xda21a360: ver 2 0 (tinfo 0xda20f590)
09-07 03:47:16.575 13963 14053 D EGL_emulation: eglMakeCurrent: 0xda21ade0: ver 2 0 (tinfo 0xda20f9e0)
09-07 03:47:16.597  1793  2554 D gralloc_ranchu: gralloc_alloc: Creating ashmem region of size 3530752
09-07 03:47:16.604 13963 14053 D EGL_emulation: eglMakeCurrent: 0xda21ade0: ver 2 0 (tinfo 0xda20f9e0)
09-07 03:47:16.630  1793  2554 D gralloc_ranchu: gralloc_alloc: Creating ashmem region of size 3530752
09-07 03:47:16.634 13963 14053 D EGL_emulation: eglMakeCurrent: 0xda21ade0: ver 2 0 (tinfo 0xda20f9e0)
09-07 03:47:16.652 13963 14053 D EGL_emulation: eglMakeCurrent: 0xda21ade0: ver 2 0 (tinfo 0xda20f9e0)
09-07 03:47:16.657  1793  2554 D gralloc_ranchu: gralloc_alloc: Creating ashmem region of size 3530752
09-07 03:47:16.726 13963 14005 W teco.fmhandroi: Accessing hidden method Lsun/misc/Unsafe;->compareAndSwapObject(Ljava/lang/Object;JLjava/lang/Object;Ljava/lang/Object;)Z (greylist, linking, allowed)
09-07 03:47:16.727 13963 13963 I ViewInteraction: Performing 'close keyboard' action on view view.getRootView() to equal view
09-07 03:47:16.731  6131  6131 I PhenotypeExpConfig: refreshConfiguration() : Force = false : UpdateAvailable = false : Age = 39 minutes : MaxAge = 720 minutes
09-07 03:47:16.734  6131  6131 I AndroidIME: LatinIme.onDeactivate()
09-07 03:47:16.753  6131  6653 D EGL_emulation: eglMakeCurrent: 0xe224f240: ver 2 0 (tinfo 0xe227da70)
09-07 03:47:16.753  2182  2468 D EGL_emulation: eglMakeCurrent: 0xda21a360: ver 2 0 (tinfo 0xda20f590)
09-07 03:47:16.758  2182  2182 W View    : requestLayout() improperly called by com.android.keyguard.AlphaOptimizedLinearLayout{551c6d8 V.E...... ......ID 7,0-48,61 #7f0a041c app:id/wifi_group} during second layout pass: posting in next frame
09-07 03:47:16.771  2182  2182 W View    : requestLayout() improperly called by StatusBarIconView(slot=mobile icon=null notification=null) during layout: running second layout pass
09-07 03:47:16.773  2182  2468 D EGL_emulation: eglMakeCurrent: 0xda21a360: ver 2 0 (tinfo 0xda20f590)
09-07 03:47:16.804 13963 14053 D EGL_emulation: eglMakeCurrent: 0xda21ade0: ver 2 0 (tinfo 0xda20f9e0)
09-07 03:47:16.831  1793  2554 D gralloc_ranchu: gralloc_alloc: Creating ashmem region of size 5308416
09-07 03:47:16.839 13963 14053 D EGL_emulation: eglMakeCurrent: 0xda21ade0: ver 2 0 (tinfo 0xda20f9e0)
09-07 03:47:16.854  1793  2554 D gralloc_ranchu: gralloc_alloc: Creating ashmem region of size 5308416
09-07 03:47:16.856 13963 14053 D EGL_emulation: eglMakeCurrent: 0xda21ade0: ver 2 0 (tinfo 0xda20f9e0)
09-07 03:47:16.874 13963 14053 D EGL_emulation: eglMakeCurrent: 0xda21ade0: ver 2 0 (tinfo 0xda20f9e0)
09-07 03:47:16.886  1793  2554 D gralloc_ranchu: gralloc_alloc: Creating ashmem region of size 5308416
09-07 03:47:16.892 13963 14053 D EGL_emulation: eglMakeCurrent: 0xda21ade0: ver 2 0 (tinfo 0xda20f9e0)
09-07 03:47:16.944  1792  2272 E GnssHAL_GnssInterface: gnssSvStatusCb: a: input svInfo.flags is 8
09-07 03:47:16.944  1792  2272 E GnssHAL_GnssInterface: gnssSvStatusCb: b: input svInfo.flags is 8
09-07 03:47:17.049 13963 13963 I ViewInteraction: Checking 'MatchesViewAssertion{viewMatcher=(view has effective visibility <VISIBLE> and view.getGlobalVisibleRect() to return non-empty rectangle)}' assertion on view an instance of android.widget.TextView and view.getText() with or without transformation to match: is ""
09-07 03:47:17.051 13963 13963 I ViewInteraction: Performing 'single click' action on view an instance of android.widget.TextView and view.getText() with or without transformation to match: is ""
09-07 03:47:17.103 13963 14053 D EGL_emulation: eglMakeCurrent: 0xda21ade0: ver 2 0 (tinfo 0xda20f9e0)
09-07 03:47:17.185 13963 14053 D EGL_emulation: eglMakeCurrent: 0xda21ade0: ver 2 0 (tinfo 0xda20f9e0)
09-07 03:47:17.194  2037  2459 E InputDispatcher: Window handle Window{e34508f u0 PopupWindow:44602b3} has no registered input channel
09-07 03:47:17.212 13963 14053 D EGL_emulation: eglMakeCurrent: 0xda21ade0: ver 2 0 (tinfo 0xda20f9e0)
09-07 03:47:17.322 13963 14062 W teco.fmhandroi: Accessing hidden method Lsun/misc/Unsafe;->compareAndSwapObject(Ljava/lang/Object;JLjava/lang/Object;Ljava/lang/Object;)Z (greylist, linking, allowed)
09-07 03:47:17.324 13963 13963 I ViewInteraction: Performing 'wait for a specific view with <view.getId() is <2131231227>> during 10000 millis.' action on view view.getRootView() to equal view
09-07 03:47:17.326 13963 14005 W teco.fmhandroi: Accessing hidden method Lsun/misc/Unsafe;->compareAndSwapObject(Ljava/lang/Object;JLjava/lang/Object;Ljava/lang/Object;)Z (greylist, linking, allowed)
09-07 03:47:17.326 13963 14062 W teco.fmhandroi: Accessing hidden method Lsun/misc/Unsafe;->compareAndSwapObject(Ljava/lang/Object;JLjava/lang/Object;Ljava/lang/Object;)Z (greylist, linking, allowed)
09-07 03:47:17.328 13963 13963 I ViewInteraction: Performing 'replace text( 4b7c5a74-a9a9-47d7-a781-a90354a980e9)' action on view view.getId() is <2131231227/ru.iteco.fmhandroid:id/news_item_title_text_input_edit_text>
09-07 03:47:17.334 13963 14005 W teco.fmhandroi: Accessing hidden method Lsun/misc/Unsafe;->compareAndSwapObject(Ljava/lang/Object;JLjava/lang/Object;Ljava/lang/Object;)Z (greylist, linking, allowed)
09-07 03:47:17.334 13963 14062 W teco.fmhandroi: Accessing hidden method Lsun/misc/Unsafe;->compareAndSwapObject(Ljava/lang/Object;JLjava/lang/Object;Ljava/lang/Object;)Z (greylist, linking, allowed)
09-07 03:47:17.352 13963 13963 I ViewInteraction: Performing 'wait for a specific view with <view.getId() is <2131231222>> during 10000 millis.' action on view view.getRootView() to equal view
09-07 03:47:17.354 13963 14005 W teco.fmhandroi: Accessing hidden method Lsun/misc/Unsafe;->compareAndSwapObject(Ljava/lang/Object;JLjava/lang/Object;Ljava/lang/Object;)Z (greylist, linking, allowed)
09-07 03:47:17.356 13963 13963 I ViewInteraction: Performing 'single click' action on view view.getId() is <2131231222/ru.iteco.fmhandroid:id/news_item_publish_date_text_input_edit_text>
09-07 03:47:17.513  1793  2554 D gralloc_ranchu: gralloc_alloc: Creating ashmem region of size 6778880
09-07 03:47:17.522  1793  2554 I chatty  : uid=1000(system) HwBinder:1793_2 identical 1 line
09-07 03:47:17.523  1793  2554 D gralloc_ranchu: gralloc_alloc: Creating ashmem region of size 6778880
09-07 03:47:17.532 13963 14053 D EGL_emulation: eglMakeCurrent: 0xda21ade0: ver 2 0 (tinfo 0xda20f9e0)
09-07 03:47:17.807 13963 14053 I chatty  : uid=10136(ru.iteco.fmhandroid) RenderThread identical 16 lines
09-07 03:47:17.813 13963 14053 D EGL_emulation: eglMakeCurrent: 0xda21ade0: ver 2 0 (tinfo 0xda20f9e0)
09-07 03:47:17.944  1792  2272 E GnssHAL_GnssInterface: gnssSvStatusCb: a: input svInfo.flags is 8
09-07 03:47:17.944  1792  2272 E GnssHAL_GnssInterface: gnssSvStatusCb: b: input svInfo.flags is 8
09-07 03:47:18.143 13963 14005 W teco.fmhandroi: Accessing hidden method Lsun/misc/Unsafe;->compareAndSwapObject(Ljava/lang/Object;JLjava/lang/Object;Ljava/lang/Object;)Z (greylist, linking, allowed)
09-07 03:47:18.146 13963 13963 I ViewInteraction: Performing 'wait for a specific view with <is assignable from class <class android.widget.DatePicker>> during 10000 millis.' action on view view.getRootView() to equal view
09-07 03:47:18.149 13963 13963 I ViewInteraction: Checking 'MatchesViewAssertion{viewMatcher=(view has effective visibility <VISIBLE> and view.getGlobalVisibleRect() to return non-empty rectangle)}' assertion on view is assignable from class <class android.widget.DatePicker>
09-07 03:47:18.153 13963 13963 I ViewInteraction: Performing 'wait for a specific view with <is assignable from class <class android.widget.DatePicker>> during 10000 millis.' action on view view.getRootView() to equal view
09-07 03:47:18.157 13963 13963 I ViewInteraction: Performing 'set date' action on view is assignable from class <class android.widget.DatePicker>
09-07 03:47:18.174 13963 14053 D EGL_emulation: eglMakeCurrent: 0xda21ade0: ver 2 0 (tinfo 0xda20f9e0)
09-07 03:47:18.194 13963 13963 I ViewInteraction: Performing 'wait for a specific view with <view.getId() is <16908313>> during 10000 millis.' action on view view.getRootView() to equal view
09-07 03:47:18.196 13963 14005 W teco.fmhandroi: Accessing hidden method Lsun/misc/Unsafe;->compareAndSwapObject(Ljava/lang/Object;JLjava/lang/Object;Ljava/lang/Object;)Z (greylist, linking, allowed)
09-07 03:47:18.199 13963 13963 I ViewInteraction: Performing 'single click' action on view view.getId() is <16908313/android:id/button1>
09-07 03:47:18.257 13963 14053 D EGL_emulation: eglMakeCurrent: 0xda21ade0: ver 2 0 (tinfo 0xda20f9e0)
09-07 03:47:18.266  2037  5216 E InputDispatcher: Window handle Window{ef1a55f u0 ru.iteco.fmhandroid/ru.iteco.fmhandroid.ui.AppActivity} has no registered input channel
09-07 03:47:18.273 13963 14053 D EGL_emulation: eglMakeCurrent: 0xda21ade0: ver 2 0 (tinfo 0xda20f9e0)
09-07 03:47:18.541 13963 14005 W teco.fmhandroi: Accessing hidden method Lsun/misc/Unsafe;->compareAndSwapObject(Ljava/lang/Object;JLjava/lang/Object;Ljava/lang/Object;)Z (greylist, linking, allowed)
09-07 03:47:18.543 13963 13963 I ViewInteraction: Performing 'wait for a specific view with <view.getId() is <2131231223>> during 10000 millis.' action on view view.getRootView() to equal view
09-07 03:47:18.545 13963 14005 W teco.fmhandroi: Accessing hidden method Lsun/misc/Unsafe;->compareAndSwapObject(Ljava/lang/Object;JLjava/lang/Object;Ljava/lang/Object;)Z (greylist, linking, allowed)
09-07 03:47:18.545 13963 14062 W teco.fmhandroi: Accessing hidden method Lsun/misc/Unsafe;->compareAndSwapObject(Ljava/lang/Object;JLjava/lang/Object;Ljava/lang/Object;)Z (greylist, linking, allowed)
09-07 03:47:18.547 13963 13963 I ViewInteraction: Performing 'single click' action on view view.getId() is <2131231223/ru.iteco.fmhandroid:id/news_item_publish_time_text_input_edit_text>
09-07 03:47:18.693  1793  2554 D gralloc_ranchu: gralloc_alloc: Creating ashmem region of size 5718016
09-07 03:47:18.698  1793  2554 I chatty  : uid=1000(system) HwBinder:1793_2 identical 1 line
09-07 03:47:18.699  1793  2554 D gralloc_ranchu: gralloc_alloc: Creating ashmem region of size 5718016
09-07 03:47:18.705 13963 14053 D EGL_emulation: eglMakeCurrent: 0xda21ade0: ver 2 0 (tinfo 0xda20f9e0)
09-07 03:47:18.732 13963 14053 I chatty  : uid=10136(ru.iteco.fmhandroid) RenderThread identical 2 lines
09-07 03:47:18.765 13963 14053 D EGL_emulation: eglMakeCurrent: 0xda21ade0: ver 2 0 (tinfo 0xda20f9e0)
09-07 03:47:18.946  1792  2272 E GnssHAL_GnssInterface: gnssSvStatusCb: a: input svInfo.flags is 8
09-07 03:47:18.946  1792  2272 E GnssHAL_GnssInterface: gnssSvStatusCb: b: input svInfo.flags is 8
09-07 03:47:18.992 13963 14005 W teco.fmhandroi: Accessing hidden method Lsun/misc/Unsafe;->compareAndSwapObject(Ljava/lang/Object;JLjava/lang/Object;Ljava/lang/Object;)Z (greylist, linking, allowed)
09-07 03:47:18.994 13963 13963 I ViewInteraction: Performing 'wait for a specific view with <is assignable from class <class android.widget.TimePicker>> during 10000 millis.' action on view view.getRootView() to equal view
09-07 03:47:18.998 13963 13963 I ViewInteraction: Checking 'MatchesViewAssertion{viewMatcher=(view has effective visibility <VISIBLE> and view.getGlobalVisibleRect() to return non-empty rectangle)}' assertion on view is assignable from class <class android.widget.TimePicker>
09-07 03:47:19.000 13963 13963 I ViewInteraction: Performing 'wait for a specific view with <is assignable from class <class android.widget.TimePicker>> during 10000 millis.' action on view view.getRootView() to equal view
09-07 03:47:19.003 13963 13963 I ViewInteraction: Performing 'set time' action on view is assignable from class <class android.widget.TimePicker>
09-07 03:47:19.004 13963 14062 W teco.fmhandroi: Accessing hidden method Lsun/misc/Unsafe;->compareAndSwapObject(Ljava/lang/Object;JLjava/lang/Object;Ljava/lang/Object;)Z (greylist, linking, allowed)
09-07 03:47:19.005 13963 13963 I ViewInteraction: Performing 'wait for a specific view with <view.getId() is <16908313/android:id/button1>> during 10000 millis.' action on view view.getRootView() to equal view
09-07 03:47:19.006 13963 14005 W teco.fmhandroi: Accessing hidden method Lsun/misc/Unsafe;->compareAndSwapObject(Ljava/lang/Object;JLjava/lang/Object;Ljava/lang/Object;)Z (greylist, linking, allowed)
09-07 03:47:19.008 13963 13963 I ViewInteraction: Performing 'single click' action on view view.getId() is <16908313/android:id/button1>
09-07 03:47:19.060 13963 14053 D EGL_emulation: eglMakeCurrent: 0xda21ade0: ver 2 0 (tinfo 0xda20f9e0)
09-07 03:47:19.070 13963 14053 D EGL_emulation: eglMakeCurrent: 0xda21ade0: ver 2 0 (tinfo 0xda20f9e0)
09-07 03:47:19.078  2037  2459 E InputDispatcher: Window handle Window{c8900e5 u0 ru.iteco.fmhandroid/ru.iteco.fmhandroid.ui.AppActivity} has no registered input channel
09-07 03:47:19.090 13963 14053 D EGL_emulation: eglMakeCurrent: 0xda21ade0: ver 2 0 (tinfo 0xda20f9e0)
09-07 03:47:19.351 13963 14005 W teco.fmhandroi: Accessing hidden method Lsun/misc/Unsafe;->compareAndSwapObject(Ljava/lang/Object;JLjava/lang/Object;Ljava/lang/Object;)Z (greylist, linking, allowed)
09-07 03:47:19.352 13963 14062 W teco.fmhandroi: Accessing hidden method Lsun/misc/Unsafe;->compareAndSwapObject(Ljava/lang/Object;JLjava/lang/Object;Ljava/lang/Object;)Z (greylist, linking, allowed)
09-07 03:47:19.353 13963 13963 I ViewInteraction: Performing 'wait for a specific view with <view.getId() is <2131231211>> during 10000 millis.' action on view view.getRootView() to equal view
09-07 03:47:19.354 13963 14005 W teco.fmhandroi: Accessing hidden method Lsun/misc/Unsafe;->compareAndSwapObject(Ljava/lang/Object;JLjava/lang/Object;Ljava/lang/Object;)Z (greylist, linking, allowed)
09-07 03:47:19.356 13963 13963 I ViewInteraction: Performing 'replace text( 6620f33c-08ab-458b-9980-56142d6cbbe0)' action on view view.getId() is <2131231211/ru.iteco.fmhandroid:id/news_item_description_text_input_edit_text>
09-07 03:47:19.365 13963 14005 W teco.fmhandroi: Accessing hidden method Lsun/misc/Unsafe;->compareAndSwapObject(Ljava/lang/Object;JLjava/lang/Object;Ljava/lang/Object;)Z (greylist, linking, allowed)
09-07 03:47:19.396 13963 13963 I ViewInteraction: Performing 'wait for a specific view with <view.getId() is <2131231291>> during 10000 millis.' action on view view.getRootView() to equal view
09-07 03:47:19.398 13963 14005 W teco.fmhandroi: Accessing hidden method Lsun/misc/Unsafe;->compareAndSwapObject(Ljava/lang/Object;JLjava/lang/Object;Ljava/lang/Object;)Z (greylist, linking, allowed)
09-07 03:47:19.399 13963 14062 W teco.fmhandroi: Accessing hidden method Lsun/misc/Unsafe;->compareAndSwapObject(Ljava/lang/Object;JLjava/lang/Object;Ljava/lang/Object;)Z (greylist, linking, allowed)
09-07 03:47:19.401 13963 13963 I ViewInteraction: Performing 'single click' action on view view.getId() is <2131231291/ru.iteco.fmhandroid:id/save_button>
09-07 03:47:19.478 13963 14090 I okhttp.OkHttpClient: --> POST http://www.981757-ca08998.tmweb.ru:8080/fmh/news
09-07 03:47:19.478 13963 14090 I okhttp.OkHttpClient: Content-Type: application/json; charset=UTF-8
09-07 03:47:19.479 13963 14090 I okhttp.OkHttpClient: Content-Length: 294
09-07 03:47:19.479 13963 14090 I okhttp.OkHttpClient: {"createDate":1694047639,"creatorId":1,"creatorName":"Ivanov Ivan Ivanovich","description":" 6620f33c-08ab-458b-9980-56142d6cbbe0","isOpen":false,"newsCategoryId":1,"publishDate":1694058420,"publishEnabled":true,"title":" 4b7c5a74-a9a9-47d7-a781-a90354a980e9"}
09-07 03:47:19.479 13963 14090 I okhttp.OkHttpClient: --> END POST (294-byte body)
09-07 03:47:19.488  1774 14091 E ResolverController: No valid NAT64 prefix (101, <unspecified>/0)
09-07 03:47:19.702 13963 14005 W teco.fmhandroi: Accessing hidden method Lsun/misc/Unsafe;->compareAndSwapObject(Ljava/lang/Object;JLjava/lang/Object;Ljava/lang/Object;)Z (greylist, linking, allowed)
09-07 03:47:19.703 13963 13963 I ViewInteraction: Performing 'wait for a specific view with <view.getId() is <2131231230>> during 10000 millis.' action on view view.getRootView() to equal view
09-07 03:47:19.782 13963 14090 I okhttp.OkHttpClient: <-- 200 http://www.981757-ca08998.tmweb.ru:8080/fmh/news (302ms)
09-07 03:47:19.782 13963 14090 I okhttp.OkHttpClient: Vary: Origin
09-07 03:47:19.782 13963 14090 I okhttp.OkHttpClient: Vary: Access-Control-Request-Method
09-07 03:47:19.782 13963 14090 I okhttp.OkHttpClient: Vary: Access-Control-Request-Headers
09-07 03:47:19.782 13963 14090 I okhttp.OkHttpClient: X-Content-Type-Options: nosniff
09-07 03:47:19.782 13963 14090 I okhttp.OkHttpClient: X-XSS-Protection: 1; mode=block
09-07 03:47:19.782 13963 14090 I okhttp.OkHttpClient: Cache-Control: no-cache, no-store, max-age=0, must-revalidate
09-07 03:47:19.782 13963 14090 I okhttp.OkHttpClient: Pragma: no-cache
09-07 03:47:19.783 13963 14090 I okhttp.OkHttpClient: Expires: 0
09-07 03:47:19.783 13963 14090 I okhttp.OkHttpClient: X-Frame-Options: DENY
09-07 03:47:19.783 13963 14090 I okhttp.OkHttpClient: Content-Type: application/json
09-07 03:47:19.783 13963 14090 I okhttp.OkHttpClient: Transfer-Encoding: chunked
09-07 03:47:19.783 13963 14090 I okhttp.OkHttpClient: Date: Thu, 07 Sep 2023 03:47:20 GMT
09-07 03:47:19.783 13963 14090 I okhttp.OkHttpClient: Keep-Alive: timeout=60
09-07 03:47:19.784 13963 14090 I okhttp.OkHttpClient: Connection: keep-alive
09-07 03:47:19.784 13963 14090 I okhttp.OkHttpClient: {"id":6413,"newsCategoryId":1,"title":" 4b7c5a74-a9a9-47d7-a781-a90354a980e9","description":" 6620f33c-08ab-458b-9980-56142d6cbbe0","creatorId":1,"createDate":1694047639,"publishDate":1694058420,"publishEnabled":true,"creatorName":"Ivanov Ivan Ivanovich"}
09-07 03:47:19.784 13963 14090 I okhttp.OkHttpClient: <-- END HTTP (289-byte body)
09-07 03:47:19.822  2037  2065 E memtrack: Couldn't load memtrack module
09-07 03:47:19.822  2037  2065 W android.os.Debug: failed to get memory consumption info: -1
09-07 03:47:19.876 13963 14005 W teco.fmhandroi: Accessing hidden method Lsun/misc/Unsafe;->compareAndSwapObject(Ljava/lang/Object;JLjava/lang/Object;Ljava/lang/Object;)Z (greylist, linking, allowed)
09-07 03:47:19.876 13963 14062 W teco.fmhandroi: Accessing hidden method Lsun/misc/Unsafe;->compareAndSwapObject(Ljava/lang/Object;JLjava/lang/Object;Ljava/lang/Object;)Z (greylist, linking, allowed)
09-07 03:47:19.877 13963 13963 I ViewInteraction: Performing 'scroll RecyclerView to: holder with view: ((view is an instance of android.view.ViewGroup and has descendant matching an instance of android.widget.TextView and view.getText() with or without transformation to match: is " 4b7c5a74-a9a9-47d7-a781-a90354a980e9"))' action on view view.getId() is <2131231230/ru.iteco.fmhandroid:id/news_list_recycler_view>
09-07 03:47:19.887 13963 13963 D takeScreenshot: Found 1 global views to redraw
09-07 03:47:19.945  1792  2272 E GnssHAL_GnssInterface: gnssSvStatusCb: a: input svInfo.flags is 8
09-07 03:47:19.945  1792  2272 E GnssHAL_GnssInterface: gnssSvStatusCb: b: input svInfo.flags is 8
09-07 03:47:19.969  1793  2554 D gralloc_ranchu: gralloc_alloc: Creating ashmem region of size 9850880
09-07 03:47:19.986  1678  1678 I hwservicemanager: getTransport: Cannot find entry android.hardware.graphics.mapper@3.0::IMapper/default in either framework or device manifest.
09-07 03:47:19.989 13948 14015 W Gralloc3: mapper 3.x is not supported
09-07 03:47:19.994 13948 14015 D HostConnection: createUnique: call
09-07 03:47:19.995 13948 14015 D HostConnection: HostConnection::get() New Host Connection established 0xd29700a0, tid 14015
09-07 03:47:19.996 13948 14015 D HostConnection: HostComposition ext ANDROID_EMU_CHECKSUM_HELPER_v1 ANDROID_EMU_dma_v1 ANDROID_EMU_direct_mem ANDROID_EMU_vulkan ANDROID_EMU_deferred_vulkan_commands ANDROID_EMU_vulkan_null_optional_strings ANDROID_EMU_vulkan_create_resources_with_requirements ANDROID_EMU_YUV420_888_to_NV21 ANDROID_EMU_YUV_Cache ANDROID_EMU_vulkan_free_memory_sync ANDROID_EMU_vulkan_shader_float16_int8 ANDROID_EMU_vulkan_async_queue_submit ANDROID_EMU_sync_buffer_data GL_OES_vertex_array_object GL_KHR_texture_compression_astc_ldr ANDROID_EMU_host_side_tracing ANDROID_EMU_gles_max_version_2 
09-07 03:47:19.996 13948 14015 D eglCodecCommon: allocate: Ask for block of size 0x1000
09-07 03:47:19.996 13948 14015 D eglCodecCommon: allocate: ioctl allocate returned offset 0x3ffff6000 size 0x2000
09-07 03:47:20.002  1823  2078 E SurfaceFlinger: ro.sf.lcd_density must be defined as a build property
09-07 03:47:20.004  1823  2078 E SurfaceFlinger: ro.sf.lcd_density must be defined as a build property
09-07 03:47:20.005 13948 14093 D libEGL  : Emulator has host GPU support, qemu.gles is set to 1.
09-07 03:47:20.010 13948 14093 W libc    : Unable to set property "qemu.gles" to "1": error code: 0x18
09-07 03:47:20.010 13948 14093 D libEGL  : loaded /vendor/lib/egl/libEGL_emulation.so
09-07 03:47:20.011 13948 14093 D libEGL  : loaded /vendor/lib/egl/libGLESv1_CM_emulation.so
09-07 03:47:20.011 13948 14093 D libEGL  : loaded /vendor/lib/egl/libGLESv2_emulation.so
09-07 03:47:20.016 13948 14093 D HostConnection: HostConnection::get() New Host Connection established 0xd2970140, tid 14093
09-07 03:47:20.016 13948 14093 D HostConnection: HostComposition ext ANDROID_EMU_CHECKSUM_HELPER_v1 ANDROID_EMU_dma_v1 ANDROID_EMU_direct_mem ANDROID_EMU_vulkan ANDROID_EMU_deferred_vulkan_commands ANDROID_EMU_vulkan_null_optional_strings ANDROID_EMU_vulkan_create_resources_with_requirements ANDROID_EMU_YUV420_888_to_NV21 ANDROID_EMU_YUV_Cache ANDROID_EMU_vulkan_free_memory_sync ANDROID_EMU_vulkan_shader_float16_int8 ANDROID_EMU_vulkan_async_queue_submit ANDROID_EMU_sync_buffer_data GL_OES_vertex_array_object GL_KHR_texture_compression_astc_ldr ANDROID_EMU_host_side_tracing ANDROID_EMU_gles_max_version_2 
09-07 03:47:20.018 13948 14093 W OpenGLRenderer: Failed to choose config with EGL_SWAP_BEHAVIOR_PRESERVED, retrying without...
09-07 03:47:20.025 13948 14093 D eglCodecCommon: setVertexArrayObject: set vao to 0 (0) 0 0
09-07 03:47:20.025 13948 14093 D EGL_emulation: eglCreateContext: 0xd29287e0: maj 2 min 0 rcv 2
09-07 03:47:20.042 13948 14093 D EGL_emulation: eglMakeCurrent: 0xd29287e0: ver 2 0 (tinfo 0xd290f550)
09-07 03:47:20.048 13948 14093 D eglCodecCommon: setVertexArrayObject: set vao to 0 (0) 1 0
09-07 03:47:20.071 13963 14005 W DefaultFailureHandler: Failed to take screenshot
09-07 03:47:20.071 13963 14005 W DefaultFailureHandler: java.io.FileNotFoundException: view-op-error-1.png: open failed: EROFS (Read-only file system)
09-07 03:47:20.071 13963 14005 W DefaultFailureHandler: 	at libcore.io.IoBridge.open(IoBridge.java:496)
09-07 03:47:20.071 13963 14005 W DefaultFailureHandler: 	at java.io.FileOutputStream.<init>(FileOutputStream.java:235)
09-07 03:47:20.071 13963 14005 W DefaultFailureHandler: 	at java.io.FileOutputStream.<init>(FileOutputStream.java:125)
09-07 03:47:20.071 13963 14005 W DefaultFailureHandler: 	at androidx.test.platform.io.FileTestStorage.openOutputFile(FileTestStorage.java:60)
09-07 03:47:20.071 13963 14005 W DefaultFailureHandler: 	at androidx.test.core.graphics.BitmapStorage.writeToTestStorage(BitmapStorageExt.kt:49)
09-07 03:47:20.071 13963 14005 W DefaultFailureHandler: 	at androidx.test.espresso.base.DefaultFailureHandler.takeScreenshot(DefaultFailureHandler.java:4)
09-07 03:47:20.071 13963 14005 W DefaultFailureHandler: 	at androidx.test.espresso.base.DefaultFailureHandler.handle(DefaultFailureHandler.java:3)
09-07 03:47:20.071 13963 14005 W DefaultFailureHandler: 	at androidx.test.espresso.ViewInteraction.waitForAndHandleInteractionResults(ViewInteraction.java:8)
09-07 03:47:20.071 13963 14005 W DefaultFailureHandler: 	at androidx.test.espresso.ViewInteraction.desugaredPerform(ViewInteraction.java:11)
09-07 03:47:20.071 13963 14005 W DefaultFailureHandler: 	at androidx.test.espresso.ViewInteraction.perform(ViewInteraction.java:8)
09-07 03:47:20.071 13963 14005 W DefaultFailureHandler: 	at ru.iteco.fmhandroid.ui.steps.ControlPanelSteps.scrollToElementInRecyclerList(ControlPanelSteps.java:204)
09-07 03:47:20.071 13963 14005 W DefaultFailureHandler: 	at ru.iteco.fmhandroid.ui.steps.ControlPanelSteps.checkNewsIsPresent(ControlPanelSteps.java:309)
09-07 03:47:20.071 13963 14005 W DefaultFailureHandler: 	at ru.iteco.fmhandroid.ui.steps.ControlPanelSteps.openNewsCard(ControlPanelSteps.java:323)
09-07 03:47:20.071 13963 14005 W DefaultFailureHandler: 	at ru.iteco.fmhandroid.ui.ControlPanelTest.shouldChangeThePublicationDate(ControlPanelTest.java:187)
09-07 03:47:20.071 13963 14005 W DefaultFailureHandler: 	at java.lang.reflect.Method.invoke(Native Method)
09-07 03:47:20.071 13963 14005 W DefaultFailureHandler: 	at org.junit.runners.model.FrameworkMethod$1.runReflectiveCall(FrameworkMethod.java:59)
