09-07 03:45:07.702 13103 13103 W System.err: 	at com.android.internal.os.RuntimeInit$MethodAndArgsCaller.run(RuntimeInit.java:492)
09-07 03:45:07.702 13103 13103 W System.err: 	at com.android.internal.os.ZygoteInit.main(ZygoteInit.java:930)
09-07 03:45:07.937  1792  2272 E GnssHAL_GnssInterface: gnssSvStatusCb: a: input svInfo.flags is 8
09-07 03:45:07.937  1792  2272 E GnssHAL_GnssInterface: gnssSvStatusCb: b: input svInfo.flags is 8
09-07 03:45:08.930 13103 13222 I okhttp.OkHttpClient: <-- HTTP FAILED: java.net.SocketTimeoutException: timeout
09-07 03:45:08.931 13103 13103 W System.err: ru.iteco.fmhandroid.exceptions.ServerException
09-07 03:45:08.931 13103 13103 W System.err: 	at ru.iteco.fmhandroid.utils.Utils.makeRequest(Utils.kt:119)
09-07 03:45:08.931 13103 13103 W System.err: 	at ru.iteco.fmhandroid.utils.Utils$makeRequest$1.invokeSuspend(Unknown Source:15)
09-07 03:45:08.932 13103 13103 W System.err: 	at kotlin.coroutines.jvm.internal.BaseContinuationImpl.resumeWith(ContinuationImpl.kt:33)
09-07 03:45:08.932 13103 13103 W System.err: 	at kotlinx.coroutines.DispatchedTask.run(DispatchedTask.kt:104)
09-07 03:45:08.932 13103 13103 W System.err: 	at android.os.Handler.handleCallback(Handler.java:883)
09-07 03:45:08.932 13103 13103 W System.err: 	at android.os.Handler.dispatchMessage(Handler.java:100)
09-07 03:45:08.932 13103 13103 W System.err: 	at androidx.test.espresso.base.Interrogator.loopAndInterrogate(Interrogator.java:14)
09-07 03:45:08.932 13103 13103 W System.err: 	at androidx.test.espresso.base.UiControllerImpl.loopUntil(UiControllerImpl.java:8)
09-07 03:45:08.932 13103 13103 W System.err: 	at androidx.test.espresso.base.UiControllerImpl.loopUntil(UiControllerImpl.java:1)
09-07 03:45:08.932 13103 13103 W System.err: 	at androidx.test.espresso.base.UiControllerImpl.loopMainThreadForAtLeast(UiControllerImpl.java:7)
09-07 03:45:08.932 13103 13103 W System.err: 	at ru.iteco.fmhandroid.ui.data.ViewActions$1.perform(ViewActions.java:48)
09-07 03:45:08.932 13103 13103 W System.err: 	at androidx.test.espresso.ViewInteraction$SingleExecutionViewAction.perform(ViewInteraction.java:2)
09-07 03:45:08.932 13103 13103 W System.err: 	at androidx.test.espresso.ViewInteraction.doPerform(ViewInteraction.java:25)
09-07 03:45:08.932 13103 13103 W System.err: 	at androidx.test.espresso.ViewInteraction.-$$Nest$mdoPerform(Unknown Source:0)
09-07 03:45:08.933 13103 13103 W System.err: 	at androidx.test.espresso.ViewInteraction$1.call(ViewInteraction.java:7)
09-07 03:45:08.933 13103 13103 W System.err: 	at androidx.test.espresso.ViewInteraction$1.call(ViewInteraction.java:1)
09-07 03:45:08.933 13103 13103 W System.err: 	at java.util.concurrent.FutureTask.run(FutureTask.java:266)
09-07 03:45:08.933 13103 13103 W System.err: 	at android.os.Handler.handleCallback(Handler.java:883)
09-07 03:45:08.933 13103 13103 W System.err: 	at android.os.Handler.dispatchMessage(Handler.java:100)
09-07 03:45:08.933 13103 13103 W System.err: 	at android.os.Looper.loop(Looper.java:214)
09-07 03:45:08.933 13103 13103 W System.err: 	at android.app.ActivityThread.main(ActivityThread.java:7356)
09-07 03:45:08.933 13103 13103 W System.err: 	at java.lang.reflect.Method.invoke(Native Method)
09-07 03:45:08.933 13103 13103 W System.err: 	at com.android.internal.os.RuntimeInit$MethodAndArgsCaller.run(RuntimeInit.java:492)
09-07 03:45:08.933 13103 13103 W System.err: 	at com.android.internal.os.ZygoteInit.main(ZygoteInit.java:930)
09-07 03:45:08.936  1792  2272 E GnssHAL_GnssInterface: gnssSvStatusCb: a: input svInfo.flags is 8
09-07 03:45:08.936  1792  2272 E GnssHAL_GnssInterface: gnssSvStatusCb: b: input svInfo.flags is 8
09-07 03:45:09.370 13103 13226 I okhttp.OkHttpClient: <-- HTTP FAILED: java.net.SocketTimeoutException: timeout
09-07 03:45:09.371 13103 13103 W System.err: ru.iteco.fmhandroid.exceptions.ServerException
09-07 03:45:09.371 13103 13103 W System.err: 	at ru.iteco.fmhandroid.utils.Utils.makeRequest(Utils.kt:119)
09-07 03:45:09.371 13103 13103 W System.err: 	at ru.iteco.fmhandroid.utils.Utils$makeRequest$1.invokeSuspend(Unknown Source:15)
09-07 03:45:09.371 13103 13103 W System.err: 	at kotlin.coroutines.jvm.internal.BaseContinuationImpl.resumeWith(ContinuationImpl.kt:33)
09-07 03:45:09.372 13103 13103 W System.err: 	at kotlinx.coroutines.DispatchedTask.run(DispatchedTask.kt:104)
09-07 03:45:09.372 13103 13103 W System.err: 	at android.os.Handler.handleCallback(Handler.java:883)
09-07 03:45:09.372 13103 13103 W System.err: 	at android.os.Handler.dispatchMessage(Handler.java:100)
09-07 03:45:09.372 13103 13103 W System.err: 	at androidx.test.espresso.base.Interrogator.loopAndInterrogate(Interrogator.java:14)
09-07 03:45:09.372 13103 13103 W System.err: 	at androidx.test.espresso.base.UiControllerImpl.loopUntil(UiControllerImpl.java:8)
09-07 03:45:09.372 13103 13103 W System.err: 	at androidx.test.espresso.base.UiControllerImpl.loopUntil(UiControllerImpl.java:1)
09-07 03:45:09.372 13103 13103 W System.err: 	at androidx.test.espresso.base.UiControllerImpl.loopMainThreadForAtLeast(UiControllerImpl.java:7)
09-07 03:45:09.372 13103 13103 W System.err: 	at ru.iteco.fmhandroid.ui.data.ViewActions$1.perform(ViewActions.java:48)
09-07 03:45:09.372 13103 13103 W System.err: 	at androidx.test.espresso.ViewInteraction$SingleExecutionViewAction.perform(ViewInteraction.java:2)
09-07 03:45:09.372 13103 13103 W System.err: 	at androidx.test.espresso.ViewInteraction.doPerform(ViewInteraction.java:25)
09-07 03:45:09.372 13103 13103 W System.err: 	at androidx.test.espresso.ViewInteraction.-$$Nest$mdoPerform(Unknown Source:0)
09-07 03:45:09.372 13103 13103 W System.err: 	at androidx.test.espresso.ViewInteraction$1.call(ViewInteraction.java:7)
09-07 03:45:09.372 13103 13103 W System.err: 	at androidx.test.espresso.ViewInteraction$1.call(ViewInteraction.java:1)
09-07 03:45:09.372 13103 13103 W System.err: 	at java.util.concurrent.FutureTask.run(FutureTask.java:266)
09-07 03:45:09.372 13103 13103 W System.err: 	at android.os.Handler.handleCallback(Handler.java:883)
09-07 03:45:09.372 13103 13103 W System.err: 	at android.os.Handler.dispatchMessage(Handler.java:100)
09-07 03:45:09.373 13103 13103 W System.err: 	at android.os.Looper.loop(Looper.java:214)
09-07 03:45:09.373 13103 13103 W System.err: 	at android.app.ActivityThread.main(ActivityThread.java:7356)
09-07 03:45:09.373 13103 13103 W System.err: 	at java.lang.reflect.Method.invoke(Native Method)
09-07 03:45:09.376 13103 13103 W System.err: 	at com.android.internal.os.RuntimeInit$MethodAndArgsCaller.run(RuntimeInit.java:492)
09-07 03:45:09.377 13103 13103 W System.err: 	at com.android.internal.os.ZygoteInit.main(ZygoteInit.java:930)
09-07 03:45:09.937  1792  2272 E GnssHAL_GnssInterface: gnssSvStatusCb: a: input svInfo.flags is 8
09-07 03:45:09.937  1792  2272 E GnssHAL_GnssInterface: gnssSvStatusCb: b: input svInfo.flags is 8
09-07 03:45:10.937  1792  2272 E GnssHAL_GnssInterface: gnssSvStatusCb: a: input svInfo.flags is 8
09-07 03:45:10.938  1792  2272 E GnssHAL_GnssInterface: gnssSvStatusCb: b: input svInfo.flags is 8
09-07 03:45:11.936  1792  2272 E GnssHAL_GnssInterface: gnssSvStatusCb: a: input svInfo.flags is 8
09-07 03:45:11.936  1792  2272 E GnssHAL_GnssInterface: gnssSvStatusCb: b: input svInfo.flags is 8
09-07 03:45:12.938  1792  2272 E GnssHAL_GnssInterface: gnssSvStatusCb: a: input svInfo.flags is 8
09-07 03:45:12.938  1792  2272 E GnssHAL_GnssInterface: gnssSvStatusCb: b: input svInfo.flags is 8
09-07 03:45:13.492 13103 13234 I okhttp.OkHttpClient: <-- HTTP FAILED: java.net.SocketTimeoutException: timeout
09-07 03:45:13.494 13103 13103 W System.err: ru.iteco.fmhandroid.exceptions.ServerException
09-07 03:45:13.494 13103 13103 W System.err: 	at ru.iteco.fmhandroid.utils.Utils.makeRequest(Utils.kt:119)
09-07 03:45:13.495 13103 13103 W System.err: 	at ru.iteco.fmhandroid.utils.Utils$makeRequest$1.invokeSuspend(Unknown Source:15)
09-07 03:45:13.495 13103 13103 W System.err: 	at kotlin.coroutines.jvm.internal.BaseContinuationImpl.resumeWith(ContinuationImpl.kt:33)
09-07 03:45:13.495 13103 13103 W System.err: 	at kotlinx.coroutines.DispatchedTask.run(DispatchedTask.kt:104)
09-07 03:45:13.495 13103 13103 W System.err: 	at android.os.Handler.handleCallback(Handler.java:883)
09-07 03:45:13.495 13103 13103 W System.err: 	at android.os.Handler.dispatchMessage(Handler.java:100)
09-07 03:45:13.495 13103 13103 W System.err: 	at androidx.test.espresso.base.Interrogator.loopAndInterrogate(Interrogator.java:14)
09-07 03:45:13.496 13103 13103 W System.err: 	at androidx.test.espresso.base.UiControllerImpl.loopUntil(UiControllerImpl.java:8)
09-07 03:45:13.496 13103 13103 W System.err: 	at androidx.test.espresso.base.UiControllerImpl.loopUntil(UiControllerImpl.java:1)
09-07 03:45:13.497 13103 13103 W System.err: 	at androidx.test.espresso.base.UiControllerImpl.loopMainThreadForAtLeast(UiControllerImpl.java:7)
09-07 03:45:13.497 13103 13103 W System.err: 	at ru.iteco.fmhandroid.ui.data.ViewActions$1.perform(ViewActions.java:48)
09-07 03:45:13.499 13103 13103 W System.err: 	at androidx.test.espresso.ViewInteraction$SingleExecutionViewAction.perform(ViewInteraction.java:2)
09-07 03:45:13.499 13103 13103 W System.err: 	at androidx.test.espresso.ViewInteraction.doPerform(ViewInteraction.java:25)
09-07 03:45:13.499 13103 13103 W System.err: 	at androidx.test.espresso.ViewInteraction.-$$Nest$mdoPerform(Unknown Source:0)
09-07 03:45:13.499 13103 13103 W System.err: 	at androidx.test.espresso.ViewInteraction$1.call(ViewInteraction.java:7)
09-07 03:45:13.499 13103 13103 W System.err: 	at androidx.test.espresso.ViewInteraction$1.call(ViewInteraction.java:1)
09-07 03:45:13.499 13103 13103 W System.err: 	at java.util.concurrent.FutureTask.run(FutureTask.java:266)
09-07 03:45:13.499 13103 13103 W System.err: 	at android.os.Handler.handleCallback(Handler.java:883)
09-07 03:45:13.499 13103 13103 W System.err: 	at android.os.Handler.dispatchMessage(Handler.java:100)
09-07 03:45:13.500 13103 13103 W System.err: 	at android.os.Looper.loop(Looper.java:214)
09-07 03:45:13.500 13103 13103 W System.err: 	at android.app.ActivityThread.main(ActivityThread.java:7356)
09-07 03:45:13.500 13103 13103 W System.err: 	at java.lang.reflect.Method.invoke(Native Method)
09-07 03:45:13.501 13103 13103 W System.err: 	at com.android.internal.os.RuntimeInit$MethodAndArgsCaller.run(RuntimeInit.java:492)
09-07 03:45:13.501 13103 13103 W System.err: 	at com.android.internal.os.ZygoteInit.main(ZygoteInit.java:930)
09-07 03:45:13.506  2037  2065 E memtrack: Couldn't load memtrack module
09-07 03:45:13.506  2037  2065 W android.os.Debug: failed to get memory consumption info: -1
09-07 03:45:13.516  2037  2065 E memtrack: Couldn't load memtrack module
09-07 03:45:13.516  2037  2065 W android.os.Debug: failed to get memory consumption info: -1
09-07 03:45:13.545  1793  1859 D gralloc_ranchu: gralloc_alloc: Creating ashmem region of size 339968
09-07 03:45:13.550  1793  1859 I chatty  : uid=1000(system) HwBinder:1793_1 identical 1 line
09-07 03:45:13.551  1793  1859 D gralloc_ranchu: gralloc_alloc: Creating ashmem region of size 339968
09-07 03:45:13.551 13103 13194 D EGL_emulation: eglMakeCurrent: 0xe22f7240: ver 2 0 (tinfo 0xe2336900)
09-07 03:45:13.590 13103 13103 D takeScreenshot: Found 2 global views to redraw
09-07 03:45:13.600 13103 13194 D EGL_emulation: eglMakeCurrent: 0xe22f7240: ver 2 0 (tinfo 0xe2336900)
09-07 03:45:13.618 13103 13194 D EGL_emulation: eglMakeCurrent: 0xe22f7240: ver 2 0 (tinfo 0xe2336900)
09-07 03:45:13.636  1793  1859 D gralloc_ranchu: gralloc_alloc: Creating ashmem region of size 9850880
09-07 03:45:13.642  1678  1678 I hwservicemanager: getTransport: Cannot find entry android.hardware.graphics.mapper@3.0::IMapper/default in either framework or device manifest.
09-07 03:45:13.642 13088 13157 W Gralloc3: mapper 3.x is not supported
09-07 03:45:13.646 13088 13157 D HostConnection: createUnique: call
09-07 03:45:13.646 13088 13157 D HostConnection: HostConnection::get() New Host Connection established 0xf2c55620, tid 13157
09-07 03:45:13.648 13088 13157 D HostConnection: HostComposition ext ANDROID_EMU_CHECKSUM_HELPER_v1 ANDROID_EMU_dma_v1 ANDROID_EMU_direct_mem ANDROID_EMU_vulkan ANDROID_EMU_deferred_vulkan_commands ANDROID_EMU_vulkan_null_optional_strings ANDROID_EMU_vulkan_create_resources_with_requirements ANDROID_EMU_YUV420_888_to_NV21 ANDROID_EMU_YUV_Cache ANDROID_EMU_vulkan_free_memory_sync ANDROID_EMU_vulkan_shader_float16_int8 ANDROID_EMU_vulkan_async_queue_submit ANDROID_EMU_sync_buffer_data GL_OES_vertex_array_object GL_KHR_texture_compression_astc_ldr ANDROID_EMU_host_side_tracing ANDROID_EMU_gles_max_version_2 
09-07 03:45:13.648 13088 13157 D eglCodecCommon: allocate: Ask for block of size 0x1000
09-07 03:45:13.648 13088 13157 D eglCodecCommon: allocate: ioctl allocate returned offset 0x3ffff6000 size 0x2000
09-07 03:45:13.653  1823  2077 E SurfaceFlinger: ro.sf.lcd_density must be defined as a build property
09-07 03:45:13.654  1823  2077 E SurfaceFlinger: ro.sf.lcd_density must be defined as a build property
09-07 03:45:13.655 13088 13246 D libEGL  : Emulator has host GPU support, qemu.gles is set to 1.
09-07 03:45:13.659 13088 13246 W libc    : Unable to set property "qemu.gles" to "1": error code: 0x18
09-07 03:45:13.659 13088 13246 D libEGL  : loaded /vendor/lib/egl/libEGL_emulation.so
09-07 03:45:13.660 13088 13246 D libEGL  : loaded /vendor/lib/egl/libGLESv1_CM_emulation.so
09-07 03:45:13.660 13088 13246 D libEGL  : loaded /vendor/lib/egl/libGLESv2_emulation.so
09-07 03:45:13.666 13088 13246 D HostConnection: HostConnection::get() New Host Connection established 0xdda97000, tid 13246
09-07 03:45:13.666 13088 13246 D HostConnection: HostComposition ext ANDROID_EMU_CHECKSUM_HELPER_v1 ANDROID_EMU_dma_v1 ANDROID_EMU_direct_mem ANDROID_EMU_vulkan ANDROID_EMU_deferred_vulkan_commands ANDROID_EMU_vulkan_null_optional_strings ANDROID_EMU_vulkan_create_resources_with_requirements ANDROID_EMU_YUV420_888_to_NV21 ANDROID_EMU_YUV_Cache ANDROID_EMU_vulkan_free_memory_sync ANDROID_EMU_vulkan_shader_float16_int8 ANDROID_EMU_vulkan_async_queue_submit ANDROID_EMU_sync_buffer_data GL_OES_vertex_array_object GL_KHR_texture_compression_astc_ldr ANDROID_EMU_host_side_tracing ANDROID_EMU_gles_max_version_2 
09-07 03:45:13.668 13088 13246 W OpenGLRenderer: Failed to choose config with EGL_SWAP_BEHAVIOR_PRESERVED, retrying without...
09-07 03:45:13.674 13088 13246 D eglCodecCommon: setVertexArrayObject: set vao to 0 (0) 0 0
09-07 03:45:13.674 13088 13246 D EGL_emulation: eglCreateContext: 0xdda283c0: maj 2 min 0 rcv 2
09-07 03:45:13.694 13088 13246 D EGL_emulation: eglMakeCurrent: 0xdda283c0: ver 2 0 (tinfo 0xdda0f370)
09-07 03:45:13.701 13088 13246 D eglCodecCommon: setVertexArrayObject: set vao to 0 (0) 1 0
09-07 03:45:13.728 13103 13145 W DefaultFailureHandler: Failed to take screenshot
09-07 03:45:13.728 13103 13145 W DefaultFailureHandler: java.io.FileNotFoundException: view-op-error-1.png: open failed: EROFS (Read-only file system)
09-07 03:45:13.728 13103 13145 W DefaultFailureHandler: 	at libcore.io.IoBridge.open(IoBridge.java:496)
09-07 03:45:13.728 13103 13145 W DefaultFailureHandler: 	at java.io.FileOutputStream.<init>(FileOutputStream.java:235)
09-07 03:45:13.728 13103 13145 W DefaultFailureHandler: 	at java.io.FileOutputStream.<init>(FileOutputStream.java:125)
09-07 03:45:13.728 13103 13145 W DefaultFailureHandler: 	at androidx.test.platform.io.FileTestStorage.openOutputFile(FileTestStorage.java:60)
09-07 03:45:13.728 13103 13145 W DefaultFailureHandler: 	at androidx.test.core.graphics.BitmapStorage.writeToTestStorage(BitmapStorageExt.kt:49)
09-07 03:45:13.728 13103 13145 W DefaultFailureHandler: 	at androidx.test.espresso.base.DefaultFailureHandler.takeScreenshot(DefaultFailureHandler.java:4)
09-07 03:45:13.728 13103 13145 W DefaultFailureHandler: 	at androidx.test.espresso.base.DefaultFailureHandler.handle(DefaultFailureHandler.java:3)
09-07 03:45:13.728 13103 13145 W DefaultFailureHandler: 	at androidx.test.espresso.ViewInteraction.waitForAndHandleInteractionResults(ViewInteraction.java:8)
09-07 03:45:13.728 13103 13145 W DefaultFailureHandler: 	at androidx.test.espresso.ViewInteraction.desugaredPerform(ViewInteraction.java:11)
09-07 03:45:13.728 13103 13145 W DefaultFailureHandler: 	at androidx.test.espresso.ViewInteraction.perform(ViewInteraction.java:8)
09-07 03:45:13.728 13103 13145 W DefaultFailureHandler: 	at ru.iteco.fmhandroid.ui.data.TestUtils.waitView(TestUtils.java:61)
09-07 03:45:13.728 13103 13145 W DefaultFailureHandler: 	at ru.iteco.fmhandroid.ui.steps.ControlPanelSteps.creatingNews(ControlPanelSteps.java:295)
09-07 03:45:13.728 13103 13145 W DefaultFailureHandler: 	at ru.iteco.fmhandroid.ui.steps.ControlPanelSteps.createNews(ControlPanelSteps.java:304)
09-07 03:45:13.728 13103 13145 W DefaultFailureHandler: 	at ru.iteco.fmhandroid.ui.FilterNewsPageTest.shouldNotFilterNewsByCategoryAnnouncement(FilterNewsPageTest.java:279)
09-07 03:45:13.728 13103 13145 W DefaultFailureHandler: 	at java.lang.reflect.Method.invoke(Native Method)
09-07 03:45:13.728 13103 13145 W DefaultFailureHandler: 	at org.junit.runners.model.FrameworkMethod$1.runReflectiveCall(FrameworkMethod.java:59)
09-07 03:45:13.728 13103 13145 W DefaultFailureHandler: 	at org.junit.internal.runners.model.ReflectiveCallable.run(ReflectiveCallable.java:12)
09-07 03:45:13.728 13103 13145 W DefaultFailureHandler: 	at org.junit.runners.model.FrameworkMethod.invokeExplosively(FrameworkMethod.java:56)
09-07 03:45:13.728 13103 13145 W DefaultFailureHandler: 	at org.junit.internal.runners.statements.InvokeMethod.evaluate(InvokeMethod.java:17)
09-07 03:45:13.728 13103 13145 W DefaultFailureHandler: 	at androidx.test.internal.runner.junit4.statement.RunBefores.evaluate(RunBefores.java:80)
09-07 03:45:13.728 13103 13145 W DefaultFailureHandler: 	at io.qameta.allure.android.rules.ScreenshotRule$apply$1.evaluate(ScreenshotRule.kt:22)
09-07 03:45:13.728 13103 13145 W DefaultFailureHandler: 	at org.junit.rules.ExternalResource$1.evaluate(ExternalResource.java:54)
09-07 03:45:13.728 13103 13145 W DefaultFailureHandler: 	at io.qameta.allure.android.rules.LogcatRule$apply$1.evaluate(LogcatRule.kt:23)
09-07 03:45:13.728 13103 13145 W DefaultFailureHandler: 	at org.junit.rules.RunRules.evaluate(RunRules.java:20)
09-07 03:45:13.728 13103 13145 W DefaultFailureHandler: 	at org.junit.runners.ParentRunner$3.evaluate(ParentRunner.java:306)
09-07 03:45:13.728 13103 13145 W DefaultFailureHandler: 	at org.junit.runners.BlockJUnit4ClassRunner$1.evaluate(BlockJUnit4ClassRunner.java:100)
09-07 03:45:13.728 13103 13145 W DefaultFailureHandler: 	at org.junit.runners.ParentRunner.runLeaf(ParentRunner.java:366)
09-07 03:45:13.728 13103 13145 W DefaultFailureHandler: 	at org.junit.runners.BlockJUnit4ClassRunner.runChild(BlockJUnit4ClassRunner.java:103)
09-07 03:45:13.728 13103 13145 W DefaultFailureHandler: 	at org.junit.runners.BlockJUnit4ClassRunner.runChild(BlockJUnit4ClassRunner.java:63)
09-07 03:45:13.728 13103 13145 W DefaultFailureHandler: 	at org.junit.runners.ParentRunner$4.run(ParentRunner.java:331)
09-07 03:45:13.728 13103 13145 W DefaultFailureHandler: 	at org.junit.runners.ParentRunner$1.schedule(ParentRunner.java:79)
09-07 03:45:13.728 13103 13145 W DefaultFailureHandler: 	at org.junit.runners.ParentRunner.runChildren(ParentRunner.java:329)
09-07 03:45:13.728 13103 13145 W DefaultFailureHandler: 	at org.junit.runners.ParentRunner.access$100(ParentRunner.java:66)
09-07 03:45:13.728 13103 13145 W DefaultFailureHandler: 	at org.junit.runners.ParentRunner$2.evaluate(ParentRunner.java:293)
09-07 03:45:13.728 13103 13145 W DefaultFailureHandler: 	at org.junit.runners.ParentRunner$3.evaluate(ParentRunner.java:306)
09-07 03:45:13.728 13103 13145 W DefaultFailureHandler: 	at org.junit.runners.ParentRunner.run(ParentRunner.java:413)
09-07 03:45:13.728 13103 13145 W DefaultFailureHandler: 	at androidx.test.ext.junit.runners.AndroidJUnit4.run(AndroidJUnit4.java:162)
09-07 03:45:13.728 13103 13145 W DefaultFailureHandler: 	at io.qameta.allure.android.runners.AllureAndroidJUnit4.run(AllureAndroidJUnitRunners.kt:29)
09-07 03:45:13.728 13103 13145 W DefaultFailureHandler: 	at org.junit.runners.Suite.runChild(Suite.java:128)
09-07 03:45:13.728 13103 13145 W DefaultFailureHandler: 	at org.junit.runners.Suite.runChild(Suite.java:27)
09-07 03:45:13.728 13103 13145 W DefaultFailureHandler: 	at org.junit.runners.ParentRunner$4.run(ParentRunner.java:331)
09-07 03:45:13.728 13103 13145 W DefaultFailureHandler: 	at org.junit.runners.ParentRunner$1.schedule(ParentRunner.java:79)
09-07 03:45:13.728 13103 13145 W DefaultFailureHandler: 	at org.junit.runners.ParentRunner.runChildren(ParentRunner.java:329)
09-07 03:45:13.728 13103 13145 W DefaultFailureHandler: 	at org.junit.runners.ParentRunner.access$100(ParentRunner.java:66)
09-07 03:45:13.728 13103 13145 W DefaultFailureHandler: 	at org.junit.runners.ParentRunner$2.evaluate(ParentRunner.java:293)
09-07 03:45:13.728 13103 13145 W DefaultFailureHandler: 	at org.junit.runners.ParentRunner$3.evaluate(ParentRunner.java:306)
09-07 03:45:13.728 13103 13145 W DefaultFailureHandler: 	at org.junit.runners.ParentRunner.run(ParentRunner.java:413)
09-07 03:45:13.728 13103 13145 W DefaultFailureHandler: 	at org.junit.runner.JUnitCore.run(JUnitCore.java:137)
09-07 03:45:13.728 13103 13145 W DefaultFailureHandler: 	at org.junit.runner.JUnitCore.run(JUnitCore.java:115)
09-07 03:45:13.728 13103 13145 W DefaultFailureHandler: 	at androidx.test.internal.runner.TestExecutor.execute(TestExecutor.java:67)
09-07 03:45:13.728 13103 13145 W DefaultFailureHandler: 	at androidx.test.internal.runner.TestExecutor.execute(TestExecutor.java:58)
09-07 03:45:13.728 13103 13145 W DefaultFailureHandler: 	at androidx.test.runner.AndroidJUnitRunner.onStart(AndroidJUnitRunner.java:438)
09-07 03:45:13.728 13103 13145 W DefaultFailureHandler: 	at android.app.Instrumentation$InstrumentationThread.run(Instrumentation.java:2189)
09-07 03:45:13.728 13103 13145 W DefaultFailureHandler: Caused by: android.system.ErrnoException: open failed: EROFS (Read-only file system)
09-07 03:45:13.728 13103 13145 W DefaultFailureHandler: 	at libcore.io.Linux.open(Native Method)
09-07 03:45:13.728 13103 13145 W DefaultFailureHandler: 	at libcore.io.ForwardingOs.open(ForwardingOs.java:167)
09-07 03:45:13.728 13103 13145 W DefaultFailureHandler: 	at libcore.io.BlockGuardOs.open(BlockGuardOs.java:252)
09-07 03:45:13.728 13103 13145 W DefaultFailureHandler: 	at libcore.io.ForwardingOs.open(ForwardingOs.java:167)
09-07 03:45:13.728 13103 13145 W DefaultFailureHandler: 	at android.app.ActivityThread$AndroidOs.open(ActivityThread.java:7255)
09-07 03:45:13.728 13103 13145 W DefaultFailureHandler: 	at libcore.io.IoBridge.open(IoBridge.java:482)
09-07 03:45:13.728 13103 13145 W DefaultFailureHandler: 	... 52 more
09-07 03:45:13.739  1793  1859 D gralloc_ranchu: gralloc_alloc: Creating ashmem region of size 9850880
09-07 03:45:10.527  2434  2940 E ActivityThread: Failed to find provider info for com.google.android.apps.wellbeing.api
09-07 03:45:13.838  2037  4291 I ActivityTaskManager: START u0 {act=android.intent.action.MAIN cat=[android.intent.category.LAUNCHER] flg=0x10000000 cmp=ru.iteco.fmhandroid.test/androidx.test.core.app.InstrumentationActivityInvoker$EmptyActivity} from uid 10136
09-07 03:45:13.842 13103 13146 V FA      : Recording user engagement, ms: 21110
09-07 03:45:13.843 13103 13103 D LifecycleMonitor: Lifecycle status change: ru.iteco.fmhandroid.ui.AppActivity@bf025f4 in: PAUSED
09-07 03:45:13.843 13103 13103 V ActivityScenario: Update currentActivityStage to PAUSED, currentActivity=ru.iteco.fmhandroid.ui.AppActivity@bf025f4
09-07 03:45:13.843  2037  6424 W InputReader: Device has associated, but no associated display id.
09-07 03:45:13.844  2037  6424 I chatty  : uid=1000(system) Binder:2037_1B identical 38 lines
09-07 03:45:13.844  2037  6424 W InputReader: Device has associated, but no associated display id.
09-07 03:45:13.845 13159 13159 W ActivityThread: handleWindowVisibility: no activity for token android.os.BinderProxy@d6eec89
09-07 03:45:13.845  2037  6424 W InputReader: Device has associated, but no associated display id.
09-07 03:45:13.845  2037  6424 I chatty  : uid=1000(system) Binder:2037_1B identical 8 lines
09-07 03:45:13.845  2037  6424 W InputReader: Device has associated, but no associated display id.
09-07 03:45:13.878 13103 13146 V FA      : Connecting to remote service
09-07 03:45:13.883  7867  7867 D BoundBrokerSvc: onBind: Intent { act=com.google.android.gms.measurement.START pkg=com.google.android.gms }
09-07 03:45:13.883  7867  7867 D BoundBrokerSvc: Loading bound service for intent: Intent { act=com.google.android.gms.measurement.START pkg=com.google.android.gms }
09-07 03:45:13.884 13159 13191 D HostConnection: HostConnection::get() New Host Connection established 0xd6c2ae10, tid 13191
09-07 03:45:13.885 13159 13191 D HostConnection: HostComposition ext ANDROID_EMU_CHECKSUM_HELPER_v1 ANDROID_EMU_dma_v1 ANDROID_EMU_direct_mem ANDROID_EMU_vulkan ANDROID_EMU_deferred_vulkan_commands ANDROID_EMU_vulkan_null_optional_strings ANDROID_EMU_vulkan_create_resources_with_requirements ANDROID_EMU_YUV420_888_to_NV21 ANDROID_EMU_YUV_Cache ANDROID_EMU_vulkan_free_memory_sync ANDROID_EMU_vulkan_shader_float16_int8 ANDROID_EMU_vulkan_async_queue_submit ANDROID_EMU_sync_buffer_data GL_OES_vertex_array_object GL_KHR_texture_compression_astc_ldr ANDROID_EMU_host_side_tracing ANDROID_EMU_gles_max_version_2 
09-07 03:45:13.885 13103 13146 V FA      : Connection attempt already in progress
09-07 03:45:13.885 13103 13146 V FA      : Activity paused, time: 1237735
09-07 03:45:13.888 13159 13191 W OpenGLRenderer: Failed to choose config with EGL_SWAP_BEHAVIOR_PRESERVED, retrying without...
09-07 03:45:13.894 13159 13191 D eglCodecCommon: setVertexArrayObject: set vao to 0 (0) 0 0
09-07 03:45:13.894 13159 13191 D EGL_emulation: eglCreateContext: 0xe2256060: maj 2 min 0 rcv 2
09-07 03:45:13.894 13103 13194 D EGL_emulation: eglMakeCurrent: 0xe22f7240: ver 2 0 (tinfo 0xe2336900)
09-07 03:45:13.914 13159 13191 D EGL_emulation: eglMakeCurrent: 0xe2256060: ver 2 0 (tinfo 0xed4894e0)
09-07 03:45:13.939  1793  1859 D gralloc_ranchu: gralloc_alloc: Creating ashmem region of size 9850880
09-07 03:45:13.939  1792  2272 E GnssHAL_GnssInterface: gnssSvStatusCb: a: input svInfo.flags is 8
09-07 03:45:13.939  1792  2272 E GnssHAL_GnssInterface: gnssSvStatusCb: b: input svInfo.flags is 8
09-07 03:45:13.941  1678  1678 I hwservicemanager: getTransport: Cannot find entry android.hardware.graphics.mapper@3.0::IMapper/default in either framework or device manifest.
09-07 03:45:13.941 13159 13191 W Gralloc3: mapper 3.x is not supported
09-07 03:45:13.943 13159 13191 D HostConnection: createUnique: call
09-07 03:45:13.945 13159 13191 D HostConnection: HostConnection::get() New Host Connection established 0xd6c2c490, tid 13191
09-07 03:45:13.945 13159 13191 D HostConnection: HostComposition ext ANDROID_EMU_CHECKSUM_HELPER_v1 ANDROID_EMU_dma_v1 ANDROID_EMU_direct_mem ANDROID_EMU_vulkan ANDROID_EMU_deferred_vulkan_commands ANDROID_EMU_vulkan_null_optional_strings ANDROID_EMU_vulkan_create_resources_with_requirements ANDROID_EMU_YUV420_888_to_NV21 ANDROID_EMU_YUV_Cache ANDROID_EMU_vulkan_free_memory_sync ANDROID_EMU_vulkan_shader_float16_int8 ANDROID_EMU_vulkan_async_queue_submit ANDROID_EMU_sync_buffer_data GL_OES_vertex_array_object GL_KHR_texture_compression_astc_ldr ANDROID_EMU_host_side_tracing ANDROID_EMU_gles_max_version_2 
09-07 03:45:13.945 13159 13191 D eglCodecCommon: allocate: Ask for block of size 0x1000
09-07 03:45:13.945 13159 13191 D eglCodecCommon: allocate: ioctl allocate returned offset 0x3ff686000 size 0x2000
09-07 03:45:13.948  1793  1859 D gralloc_ranchu: gralloc_alloc: Creating ashmem region of size 9850880
09-07 03:45:13.949  1793  1859 D gralloc_ranchu: gralloc_alloc: Creating ashmem region of size 9850880
09-07 03:45:13.950 13159 13191 D EGL_emulation: eglMakeCurrent: 0xe2256060: ver 2 0 (tinfo 0xed4894e0)
09-07 03:45:13.958 13159 13191 D eglCodecCommon: setVertexArrayObject: set vao to 0 (0) 1 0
09-07 03:45:13.962 13103 13146 D FA      : Connected to remote service
09-07 03:45:13.962 13103 13146 V FA      : Processing queued up service tasks: 2
09-07 03:45:13.980  7867 13150 V FA-SVC  : Logging event: origin=auto,name=user_engagement(_e),params=Bundle[{ga_event_origin(_o)=auto, engagement_time_msec(_et)=21110, ga_screen_class(_sc)=AppActivity, ga_screen_id(_si)=-3470663494091947444}]
09-07 03:45:13.998  7867 13150 V FA-SVC  : Upload scheduled in approximately ms: 2523112
09-07 03:45:13.998  7867 13150 V FA-SVC  : Unscheduling upload
09-07 03:45:14.000  7867 13150 V FA-SVC  : Scheduling upload, millis: 2523112
09-07 03:45:14.001  7867 13150 V FA-SVC  : Background event processing time, ms: 25
09-07 03:45:14.031  2037  6424 W InputReader: Device has associated, but no associated display id.
09-07 03:45:14.035  2037  6424 I chatty  : uid=1000(system) Binder:2037_1B identical 48 lines
09-07 03:45:14.035  2037  6424 W InputReader: Device has associated, but no associated display id.
09-07 03:45:14.058 13159 13159 W ActivityThread: handleWindowVisibility: no activity for token android.os.BinderProxy@ee74d3e
09-07 03:45:13.955  2037  4291 I ActivityTaskManager: START u0 {act=android.intent.action.MAIN cat=[android.intent.category.LAUNCHER] flg=0x10000000 cmp=ru.iteco.fmhandroid.test/androidx.test.core.app.InstrumentationActivityInvoker$EmptyActivity} from uid 10136
09-07 03:45:14.073  2037  2311 W ActivityTaskManager: Duplicate finish request for ActivityRecord{9bd6da6 u0 ru.iteco.fmhandroid/.ui.AppActivity t684 f}
09-07 03:45:14.091  1793  1859 D gralloc_ranchu: gralloc_alloc: Creating ashmem region of size 9850880
09-07 03:45:14.095  1793  1859 I chatty  : uid=1000(system) HwBinder:1793_1 identical 1 line
09-07 03:45:14.096  1793  1859 D gralloc_ranchu: gralloc_alloc: Creating ashmem region of size 9850880
09-07 03:45:14.097 13159 13191 D EGL_emulation: eglMakeCurrent: 0xe2256060: ver 2 0 (tinfo 0xed4894e0)
09-07 03:45:14.121  2037  2061 W InputReader: Device has associated, but no associated display id.
09-07 03:45:14.122  2037  2061 I chatty  : uid=1000(system) android.anim identical 18 lines
09-07 03:45:14.122  2037  2061 W InputReader: Device has associated, but no associated display id.
09-07 03:45:14.124  2037  2065 I ActivityTaskManager: Displayed ru.iteco.fmhandroid.test/androidx.test.core.app.InstrumentationActivityInvoker$EmptyActivity: +182ms
09-07 03:45:14.128  2037  6424 W InputReader: Device has associated, but no associated display id.
09-07 03:45:14.128  2037  6424 I chatty  : uid=1000(system) Binder:2037_1B identical 8 lines
09-07 03:45:14.128  2037  6424 W InputReader: Device has associated, but no associated display id.
09-07 03:45:14.142 13103 13194 D EGL_emulation: eglMakeCurrent: 0xe22f7240: ver 2 0 (tinfo 0xe2336900)
09-07 03:45:14.146  2037  2311 W InputReader: Device has associated, but no associated display id.
09-07 03:45:14.146  2037  2311 I chatty  : uid=1000(system) Binder:2037_6 identical 8 lines
09-07 03:45:14.146  2037  2311 W InputReader: Device has associated, but no associated display id.
09-07 03:45:14.153  1823  1823 W SurfaceFlinger: couldn't log to binary event log: overflow.
09-07 03:45:14.163  2037  2037 W ActivityManager: Unable to start service Intent { act=android.service.appprediction.AppPredictionService cmp=com.google.android.as/com.google.android.apps.miphone.aiai.app.AiAiPredictionService } U=0: not found
09-07 03:45:14.163  2037  2037 W RemoteAppPredictionService: could not bind to Intent { act=android.service.appprediction.AppPredictionService cmp=com.google.android.as/com.google.android.apps.miphone.aiai.app.AiAiPredictionService } using flags 67108865
09-07 03:45:14.163  1793  1859 D gralloc_ranchu: gralloc_alloc: Creating ashmem region of size 9850880
09-07 03:45:14.169 13103 13103 D LifecycleMonitor: Lifecycle status change: ru.iteco.fmhandroid.ui.AppActivity@bf025f4 in: STOPPED
09-07 03:45:14.169 13103 13103 V ActivityScenario: Update currentActivityStage to STOPPED, currentActivity=ru.iteco.fmhandroid.ui.AppActivity@bf025f4
09-07 03:45:14.183  1793  1859 D gralloc_ranchu: gralloc_alloc: Creating ashmem region of size 9850880
09-07 03:45:14.183  1793  2554 D gralloc_ranchu: gralloc_alloc: Creating ashmem region of size 9850880
09-07 03:45:14.185  1793  1859 D gralloc_ranchu: gralloc_alloc: Creating ashmem region of size 9850880
09-07 03:45:14.189  2666  3068 D EGL_emulation: eglMakeCurrent: 0xda21b0e0: ver 2 0 (tinfo 0xda20fbb0)
09-07 03:45:14.197  1793  1859 D gralloc_ranchu: gralloc_alloc: Creating ashmem region of size 9850880
09-07 03:45:14.198  1793  2554 D gralloc_ranchu: gralloc_alloc: Creating ashmem region of size 9850880
09-07 03:45:14.199  2434  2714 D EGL_emulation: eglMakeCurrent: 0xed453b60: ver 2 0 (tinfo 0xe233a960)
09-07 03:45:14.234  2666  2666 I dnsi    : onStart
09-07 03:45:14.235  2666  2666 I dnsi    : onResume
09-07 03:45:14.237  2037  2061 W InputReader: Device has associated, but no associated display id.
09-07 03:45:14.237  2037  2061 I chatty  : uid=1000(system) android.anim identical 8 lines
09-07 03:45:14.237  2037  2061 W InputReader: Device has associated, but no associated display id.
09-07 03:45:14.240  1793  2554 D gralloc_ranchu: gralloc_alloc: Creating ashmem region of size 6307840
09-07 03:45:14.263  2182  2468 D EGL_emulation: eglMakeCurrent: 0xda21a360: ver 2 0 (tinfo 0xda20f590)
09-07 03:45:14.268 13159 13191 D EGL_emulation: eglMakeCurrent: 0xe2256060: ver 2 0 (tinfo 0xed4894e0)
09-07 03:45:14.276  2182  2182 W View    : requestLayout() improperly called by com.android.keyguard.AlphaOptimizedLinearLayout{551c6d8 V.E...... ......ID 7,0-48,61 #7f0a041c app:id/wifi_group} during second layout pass: posting in next frame
09-07 03:45:14.284  1823  1823 E Layer   : [Surface(name=AppWindowToken{459e199 token=Token{b961ae0 ActivityRecord{53be0e3 u0 com.google.android.apps.nexuslauncher/.NexusLauncherActivity t652}}})/@0xafc1306 - animation-leash#0] No local sync point found
09-07 03:45:14.284  1823  1823 E Layer   : [Surface(name=AppWindowToken{707f727 token=Token{fabf5e6 ActivityRecord{d3fcc41 u0 ru.iteco.fmhandroid.test/androidx.test.core.app.InstrumentationActivityInvoker$EmptyActivity t684}}})/@0xbf47f21 - animation-leash#0] No local sync point found
09-07 03:45:14.284  2037  5599 D HostConnection: HostConnection::get() New Host Connection established 0xda23f020, tid 5599
09-07 03:45:14.285  2037  5599 D HostConnection: HostComposition ext ANDROID_EMU_CHECKSUM_HELPER_v1 ANDROID_EMU_dma_v1 ANDROID_EMU_direct_mem ANDROID_EMU_vulkan ANDROID_EMU_deferred_vulkan_commands ANDROID_EMU_vulkan_null_optional_strings ANDROID_EMU_vulkan_create_resources_with_requirements ANDROID_EMU_YUV420_888_to_NV21 ANDROID_EMU_YUV_Cache ANDROID_EMU_vulkan_free_memory_sync ANDROID_EMU_vulkan_shader_float16_int8 ANDROID_EMU_vulkan_async_queue_submit ANDROID_EMU_sync_buffer_data GL_OES_vertex_array_object GL_KHR_texture_compression_astc_ldr ANDROID_EMU_host_side_tracing ANDROID_EMU_gles_max_version_2 
09-07 03:45:14.286  2037  5599 W OpenGLRenderer: Failed to choose config with EGL_SWAP_BEHAVIOR_PRESERVED, retrying without...
09-07 03:45:14.286  2434  2453 W System  : A resource failed to call release. 
09-07 03:45:14.286  2434  2453 W System  : A resource failed to call release. 
09-07 03:45:14.298  2037  5599 D eglCodecCommon: setVertexArrayObject: set vao to 0 (0) 0 0
09-07 03:45:14.298  2037  5599 D EGL_emulation: eglCreateContext: 0xa7a623a0: maj 2 min 0 rcv 2
09-07 03:45:14.323  2037  5599 D EGL_emulation: eglMakeCurrent: 0xa7a623a0: ver 2 0 (tinfo 0xba668ca0)
09-07 03:45:14.330  2182  2182 W View    : requestLayout() improperly called by StatusBarIconView(slot=mobile icon=null notification=null) during layout: running second layout pass
09-07 03:45:14.334  2182  2468 D EGL_emulation: eglMakeCurrent: 0xda21a360: ver 2 0 (tinfo 0xda20f590)
09-07 03:45:14.342  2037  5599 D eglCodecCommon: setVertexArrayObject: set vao to 0 (0) 1 0
09-07 03:45:14.348  7867  7867 D BoundBrokerSvc: onBind: Intent { act=com.google.android.gms.inappreach.service.START dat=chimera-action: cmp=com.google.android.gms/.chimera.GmsApiService }
09-07 03:45:14.348  7867  7867 D BoundBrokerSvc: Loading bound service for intent: Intent { act=com.google.android.gms.inappreach.service.START dat=chimera-action: cmp=com.google.android.gms/.chimera.GmsApiService }
09-07 03:45:14.352  2182  2468 D EGL_emulation: eglMakeCurrent: 0xda21a360: ver 2 0 (tinfo 0xda20f590)
09-07 03:45:14.354  2182  2182 W View    : requestLayout() improperly called by com.android.keyguard.AlphaOptimizedLinearLayout{551c6d8 V.E...... ......ID 7,0-48,61 #7f0a041c app:id/wifi_group} during second layout pass: posting in next frame
09-07 03:45:14.355  2182  2182 W View    : requestLayout() improperly called by StatusBarIconView(slot=mobile icon=null notification=null) during layout: running second layout pass
09-07 03:45:14.365  2182  2468 D EGL_emulation: eglMakeCurrent: 0xda21a360: ver 2 0 (tinfo 0xda20f590)
09-07 03:45:14.367 13103 13103 D LifecycleMonitor: Lifecycle status change: ru.iteco.fmhandroid.ui.AppActivity@bf025f4 in: DESTROYED
09-07 03:45:14.368 13103 13103 V ActivityScenario: Update currentActivityStage to DESTROYED, currentActivity=null
09-07 03:45:14.399  2182  2197 I ndroid.systemu: NativeAlloc concurrent copying GC freed 22012(1142KB) AllocSpace objects, 0(0B) LOS objects, 49% free, 5702KB/11MB, paused 707us total 122.559ms
