--------- beginning of system
09-07 03:44:49.655  2037  2065 I UsageStatsService: User[0] Flushing usage stats to disk
09-07 03:44:49.681  2037  2065 E AppIdleHistory: Error writing app idle file for user 0
--------- beginning of main
09-07 03:44:49.934  1792  2272 E GnssHAL_GnssInterface: gnssSvStatusCb: a: input svInfo.flags is 8
09-07 03:44:49.934  1792  2272 E GnssHAL_GnssInterface: gnssSvStatusCb: b: input svInfo.flags is 8
09-07 03:44:50.181  2037  4315 I ActivityManager: Force stopping ru.iteco.fmhandroid appid=10136 user=0: from pid 12995
09-07 03:44:50.187  2279  2279 D CarrierSvcBindHelper: No carrier app for: 0
09-07 03:44:50.208  9734  9734 I studio.deploy: Received request 'dump'
09-07 03:44:50.251  2037  4315 I ActivityManager: Force stopping ru.iteco.fmhandroid appid=10136 user=0: from pid 13011
09-07 03:44:50.257  2279  2279 D CarrierSvcBindHelper: No carrier app for: 0
09-07 03:44:50.275  9734  9734 I studio.deploy: Received request 'dump'
09-07 03:44:50.324  9734  9734 I studio.deploy: Received request 'deltainstall'
09-07 03:44:50.378  2037  2080 W PackageParser: Unknown element under <manifest>: queries at /data/app/vmdl1124760447.tmp/base.apk Binary XML file line #16
09-07 03:44:50.379  2037  2080 I PackageManager: Update package ru.iteco.fmhandroid.test code path from /data/app/ru.iteco.fmhandroid.test-9EzQfk4wLTdHrG4lb1MuwA== to /data/app/ru.iteco.fmhandroid.test-U6SkgKvaYijNjv1XpUDwAw==; Retain data and using new
09-07 03:44:50.379  2037  2080 I PackageManager: Update package ru.iteco.fmhandroid.test resource path from /data/app/ru.iteco.fmhandroid.test-9EzQfk4wLTdHrG4lb1MuwA== to /data/app/ru.iteco.fmhandroid.test-U6SkgKvaYijNjv1XpUDwAw==; Retain data and using new
09-07 03:44:50.397  2037  2080 I PackageManager: Un-granting permission android.permission.MANAGE_DOCUMENTS from package com.google.android.youtube (protectionLevel=262146 flags=0x30dbbe45)
09-07 03:44:50.398  2037  2080 I PackageManager: Un-granting permission android.permission.INTERACT_ACROSS_PROFILES from package com.google.android.googlequicksearchbox (protectionLevel=18 flags=0x28dbbec5)
09-07 03:44:50.398  2037  2080 I PackageManager: Un-granting permission android.permission.MANAGE_SOUND_TRIGGER from package com.google.android.googlequicksearchbox (protectionLevel=18 flags=0x28dbbec5)
09-07 03:44:50.398  2037  2080 I PackageManager: Un-granting permission android.permission.MANAGE_USB from package com.google.android.googlequicksearchbox (protectionLevel=18 flags=0x28dbbec5)
09-07 03:44:50.398  2037  2080 I PackageManager: Un-granting permission android.permission.CONTROL_INCALL_EXPERIENCE from package com.google.android.googlequicksearchbox (protectionLevel=18 flags=0x28dbbec5)
09-07 03:44:50.399  2037  2080 I PackageManager: Un-granting permission android.permission.WRITE_APN_SETTINGS from package com.google.android.googlequicksearchbox (protectionLevel=18 flags=0x28dbbec5)
09-07 03:44:50.399  2037  2080 I PackageManager: Un-granting permission android.permission.SUBSTITUTE_SHARE_TARGET_APP_NAME_AND_ICON from package com.google.android.googlequicksearchbox (protectionLevel=18 flags=0x28dbbec5)
09-07 03:44:50.399  2037  2080 I PackageManager: Un-granting permission com.google.android.googleapps.permission.GOOGLE_AUTH from package com.android.providers.calendar (protectionLevel=2 flags=0x30883e45)
09-07 03:44:50.399  2037  2080 I PackageManager: Un-granting permission com.google.android.googleapps.permission.GOOGLE_AUTH.cl from package com.android.providers.calendar (protectionLevel=2 flags=0x30883e45)
09-07 03:44:50.399  2037  2080 I PackageManager: Un-granting permission android.permission.WRITE_SECURE_SETTINGS from package com.google.android.apps.enterprise.dmagent (protectionLevel=50 flags=0x30083e05)
09-07 03:44:50.399  2037  2080 I PackageManager: Un-granting permission android.permission.CONNECTIVITY_INTERNAL from package com.google.android.apps.enterprise.dmagent (protectionLevel=18 flags=0x30083e05)
09-07 03:44:50.399  2037  2080 I PackageManager: Un-granting permission android.permission.MANAGE_USB from package com.google.android.apps.enterprise.dmagent (protectionLevel=18 flags=0x30083e05)
09-07 03:44:50.399  2037  2080 I PackageManager: Un-granting permission android.permission.CHANGE_COMPONENT_ENABLED_STATE from package com.google.android.apps.enterprise.dmagent (protectionLevel=18 flags=0x30083e05)
09-07 03:44:50.399  2037  2080 I PackageManager: Un-granting permission android.permission.MANAGE_CA_CERTIFICATES from package com.google.android.apps.enterprise.dmagent (protectionLevel=18 flags=0x30083e05)
09-07 03:44:50.399  2037  2080 I PackageManager: Un-granting permission android.permission.MANAGE_USERS from package com.google.android.apps.enterprise.dmagent (protectionLevel=18 flags=0x30083e05)
09-07 03:44:50.400  2037  2080 I PackageManager: Un-granting permission com.google.android.setupwizard.READ_DEVICE_ORIGIN from package com.google.android.apps.messaging (protectionLevel=18 flags=0x38cbbe45)
09-07 03:44:50.400  2037  2080 I PackageManager: Un-granting permission android.permission.HIDE_NON_SYSTEM_OVERLAY_WINDOWS from package com.android.vending (protectionLevel=258 flags=0x28cabec5)
09-07 03:44:50.400  2037  2080 I PackageManager: Un-granting permission android.permission.SEND_DOWNLOAD_COMPLETED_INTENTS from package com.android.vending (protectionLevel=2 flags=0x28cabec5)
09-07 03:44:50.400  2037  2080 I PackageManager: Un-granting permission android.permission.BIND_WALLPAPER from package com.android.camera2 (protectionLevel=18 flags=0x20d8bc45)
09-07 03:44:50.401  2037  2080 I PackageManager: Un-granting permission android.permission.REQUEST_INSTALL_PACKAGES from package com.google.android.gm (protectionLevel=66 flags=0x38cbbe45)
09-07 03:44:50.403  2037  2080 I PackageManager: Un-granting permission android.permission.BIND_JOB_SERVICE from package com.google.android.music (protectionLevel=2 flags=0x38cbbe65)
09-07 03:44:50.403  2037  2080 I PackageManager: Un-granting permission android.permission.CONNECTIVITY_USE_RESTRICTED_NETWORKS from package com.google.android.captiveportallogin (protectionLevel=18 flags=0x38c8be45)
09-07 03:44:50.404  2037  2080 I PackageManager: Un-granting permission android.permission.NETWORK_BYPASS_PRIVATE_DNS from package com.google.android.captiveportallogin (protectionLevel=2 flags=0x38c8be45)
09-07 03:44:50.404  2037  2080 I PackageManager: Un-granting permission android.permission.REQUEST_INSTALL_PACKAGES from package com.google.android.apps.docs (protectionLevel=66 flags=0x38cbbe45)
09-07 03:44:50.405  2037  2080 I PackageManager: Un-granting permission android.permission.INTERACT_ACROSS_USERS from package com.google.android.syncadapters.contacts (protectionLevel=50 flags=0x20883e45)
09-07 03:44:50.405  2037  2080 I PackageManager: Un-granting permission android.permission.REQUEST_INSTALL_PACKAGES from package com.android.chrome (protectionLevel=66 flags=0xa0cbbe45)
09-07 03:44:50.406  2037  2080 I PackageManager: Un-granting permission android.permission.WRITE_EMBEDDED_SUBSCRIPTIONS from package com.google.android.gms (protectionLevel=50 flags=0xa0cabec5)
09-07 03:44:50.406  2037  2080 I PackageManager: Un-granting permission android.permission.CAPTURE_VIDEO_OUTPUT from package com.google.android.gms (protectionLevel=2 flags=0xa0cabec5)
09-07 03:44:50.406  2037  2080 I PackageManager: Un-granting permission android.permission.FORCE_STOP_PACKAGES from package com.google.android.gms (protectionLevel=18 flags=0xa0cabec5)
09-07 03:44:50.406  2037  2080 I PackageManager: Un-granting permission android.permission.MODIFY_DEFAULT_AUDIO_EFFECTS from package com.google.android.gms (protectionLevel=18 flags=0xa0cabec5)
09-07 03:44:50.406  2037  2080 I PackageManager: Un-granting permission android.permission.MANAGE_DEVICE_ADMINS from package com.google.android.gms (protectionLevel=2 flags=0xa0cabec5)
09-07 03:44:50.407  2037  2080 I PackageManager: Un-granting permission android.permission.MANAGE_ACTIVITY_STACKS from package com.google.android.gms (protectionLevel=2 flags=0xa0cabec5)
09-07 03:44:50.407  2037  2080 I PackageManager: Un-granting permission android.permission.CAPTURE_SECURE_VIDEO_OUTPUT from package com.google.android.gms (protectionLevel=2 flags=0xa0cabec5)
09-07 03:44:50.407  2037  2080 I PackageManager: Un-granting permission android.permission.MANAGE_ROLLBACKS from package com.google.android.gms (protectionLevel=514 flags=0xa0cabec5)
09-07 03:44:50.407  2037  2080 I PackageManager: Un-granting permission android.permission.MEDIA_CONTENT_CONTROL from package com.google.android.gms (protectionLevel=18 flags=0xa0cabec5)
09-07 03:44:50.407  2037  2080 I PackageManager: Un-granting permission android.permission.HIDE_NON_SYSTEM_OVERLAY_WINDOWS from package com.google.android.gms (protectionLevel=258 flags=0xa0cabec5)
09-07 03:44:50.408  2037  2080 I PackageManager: Un-granting permission com.google.android.googleapps.permission.GOOGLE_AUTH from package com.google.android.videos (protectionLevel=2 flags=0x30dbbe45)
09-07 03:44:50.408  2037  2080 I PackageManager: Un-granting permission android.permission.WRITE_MEDIA_STORAGE from package com.google.android.apps.photos (protectionLevel=18 flags=0x38d9be45)
09-07 03:44:50.429  2037  2066 W BroadcastQueue: Background execution not allowed: receiving Intent { act=android.intent.action.PACKAGE_REMOVED dat=package:ru.iteco.fmhandroid.test flg=0x4000010 (has extras) } to com.android.musicfx/.Compatibility$Receiver
09-07 03:44:50.429  2037  2066 W BroadcastQueue: Background execution not allowed: receiving Intent { act=android.intent.action.PACKAGE_REMOVED dat=package:ru.iteco.fmhandroid.test flg=0x4000010 (has extras) } to com.android.vending/com.google.android.finsky.packagemonitor.impl.PackageMonitorReceiverImpl$RegisteredReceiver
09-07 03:44:50.430  2037  2066 W BroadcastQueue: Background execution not allowed: receiving Intent { act=android.intent.action.PACKAGE_REMOVED dat=package:ru.iteco.fmhandroid.test flg=0x4000010 (has extras) } to com.android.vending/com.google.android.finsky.packagemonitor.backgroundimpl.BackgroundPackageMonitorReceiverImpl$RegisteredReceiver
09-07 03:44:50.430  2037  2066 W BroadcastQueue: Background execution not allowed: receiving Intent { act=android.intent.action.PACKAGE_REMOVED dat=package:ru.iteco.fmhandroid.test flg=0x4000010 (has extras) } to com.android.vending/com.google.android.finsky.instantapps.appmanagement.InstantAppRemoveMonitor
09-07 03:44:50.430  2037  2066 W BroadcastQueue: Background execution not allowed: receiving Intent { act=android.intent.action.PACKAGE_REMOVED dat=package:ru.iteco.fmhandroid.test flg=0x4000010 (has extras) } to com.google.android.gms/.games.chimera.GamesSystemBroadcastReceiverProxy
09-07 03:44:50.430  2037  2066 W BroadcastQueue: Background execution not allowed: receiving Intent { act=android.intent.action.PACKAGE_REMOVED dat=package:ru.iteco.fmhandroid.test flg=0x4000010 (has extras) } to com.google.android.gms/.chimera.GmsIntentOperationService$PersistentTrustedReceiver
09-07 03:44:50.431  8176  8176 I Finsky  : [2] vms.g(1): vms - Received: android.intent.action.PACKAGE_REMOVED, [JKgrAT7ZrU_atynDxHtFKlznxOwkruuqzdx-Cu5fTVw]
09-07 03:44:50.432  2689  2689 I GsaVoiceInteractionSrv: (REDACTED) O received %s
09-07 03:44:50.434  2037  2133 I InputReader: Reconfiguring input devices.  changes=0x00000010
09-07 03:44:50.457  8176 13044 I Finsky  : [785] pth.accept(76): IQ: handled package removed
09-07 03:44:50.469  8176  8256 I Finsky  : [591] jnn.a(53): AIM: AppInfoManager-Perf > OnDeviceAppInfo > cacheHitCount=0, cacheMissCount=1. Missed  in cache (limit 10) : [ru.iteco.fmhandroid.test]
09-07 03:44:50.469  8176  8256 I Finsky  : [591] jlf.apply(886): AIM: Got app ownership map. App counts: . Unique apps: 0
09-07 03:44:50.476  2037  2133 I InputReader: Reconfiguring input devices.  changes=0x00000010
09-07 03:44:50.478  8176 13039 I Finsky  : [783] oll.run(296): Wrote row to frosting DB: 1648
09-07 03:44:50.483  2689  2689 I GsaVoiceInteractionSrv: (REDACTED) O received %s
09-07 03:44:50.485  8176  8176 I Finsky  : [2] vms.g(1): vms - Received: android.intent.action.PACKAGE_ADDED, [JKgrAT7ZrU_atynDxHtFKlznxOwkruuqzdx-Cu5fTVw]
09-07 03:44:50.491  2037  2133 I InputReader: Reconfiguring input devices.  changes=0x00000010
09-07 03:44:50.498  2037  2066 W BroadcastQueue: Background execution not allowed: receiving Intent { act=android.intent.action.PACKAGE_ADDED dat=package:ru.iteco.fmhandroid.test flg=0x4000010 (has extras) } to com.google.android.packageinstaller/com.android.packageinstaller.PackageInstalledReceiver
09-07 03:44:50.502  2434  2940 E ActivityThread: Failed to find provider info for com.google.android.apps.wellbeing.api
09-07 03:44:50.504  2689  2689 I GsaVoiceInteractionSrv: (REDACTED) O received %s
09-07 03:44:50.520  2666  3039 I aykq    : (REDACTED) isOpaHotwordEnabled: %b
09-07 03:44:50.520  2666  3039 I aykq    : Disabling the hotword detector.
09-07 03:44:50.523  2666  3039 I apsj    : (REDACTED) Updating hotword opa ineligibility to %b
09-07 03:44:50.524  2666  3039 I ayhu    : getLocaleToModelSpecsMap
09-07 03:44:50.524  2666  3039 I ayhu    : Fetching latest config from MDD...
09-07 03:44:50.524  2666  3039 I ayhu    : (REDACTED) Found map of size: %d
09-07 03:44:50.524  2666  3039 I ayht    : (REDACTED) Adding from proto config to map [configKey: %s locale: %s modelType: %s modelPrefix: %s Location: %s isSpeakerIdSupported: %b]
09-07 03:44:50.526  2689  3084 W gmjq    : Receive a config update when there's no subscriber. Ignore the request!
09-07 03:44:50.528  8176  8252 I Finsky  : [587] jnj.a(202): AIM: AppInfoManager-Perf > ItemModel > CacheSize=0, cacheHitCount=0, cacheMissCount=1, total appsWithNoServerDataCount=0. Missed  in cache (limit 10) : [ru.iteco.fmhandroid.test]
09-07 03:44:50.528  2037  2066 W BroadcastQueue: Background execution not allowed: receiving Intent { act=android.intent.action.PACKAGE_ADDED dat=package:ru.iteco.fmhandroid.test flg=0x4000010 (has extras) } to com.android.musicfx/.Compatibility$Receiver
09-07 03:44:50.529  8176  8252 I Finsky  : [587] jnm.n(24): AIM: AppInfoManager-Perf > ItemModel > ItemStore Called 1 apps cacheOptions = USE_CACHE
09-07 03:44:50.529  8176  8252 I Finsky  : [587] jnj.a(1098): AIM: ItemModel fetch - unauth(1), auth()
09-07 03:44:50.529  8176  8252 I Finsky  : [587] rmt.apply(40): ItemStore: Not cached: ru.iteco.fmhandroid.test
09-07 03:44:50.531  2037  2066 W BroadcastQueue: Background execution not allowed: receiving Intent { act=android.intent.action.PACKAGE_ADDED dat=package:ru.iteco.fmhandroid.test flg=0x4000010 (has extras) } to com.android.vending/com.google.android.finsky.packagemonitor.impl.PackageMonitorReceiverImpl$RegisteredReceiver
09-07 03:44:50.531  2037  2066 W BroadcastQueue: Background execution not allowed: receiving Intent { act=android.intent.action.PACKAGE_ADDED dat=package:ru.iteco.fmhandroid.test flg=0x4000010 (has extras) } to com.android.vending/com.google.android.finsky.packagemonitor.backgroundimpl.BackgroundPackageMonitorReceiverImpl$RegisteredReceiver
09-07 03:44:50.532  2037  2066 W BroadcastQueue: Background execution not allowed: receiving Intent { act=android.intent.action.PACKAGE_ADDED dat=package:ru.iteco.fmhandroid.test flg=0x4000010 (has extras) } to com.google.android.gms/.games.chimera.GamesSystemBroadcastReceiverProxy
09-07 03:44:50.532  2037  2066 W BroadcastQueue: Background execution not allowed: receiving Intent { act=android.intent.action.PACKAGE_ADDED dat=package:ru.iteco.fmhandroid.test flg=0x4000010 (has extras) } to com.google.android.gms/.gass.chimera.PackageChangeBroadcastReceiver
09-07 03:44:50.532  2666  3039 I bioh    : (REDACTED) Initializing MicroDataManager InitializeType-%d, isForced-%b, isActivePhoneEnrollment-%b isActiveGoogleHomeEnrollment-%b
09-07 03:44:50.532  2037  2066 W BroadcastQueue: Background execution not allowed: receiving Intent { act=android.intent.action.PACKAGE_ADDED dat=package:ru.iteco.fmhandroid.test flg=0x4000010 (has extras) } to com.google.android.gms/.chimera.GmsIntentOperationService$PersistentTrustedReceiver
09-07 03:44:50.532  2037  2066 W BroadcastQueue: Background execution not allowed: receiving Intent { act=android.intent.action.PACKAGE_ADDED dat=package:ru.iteco.fmhandroid.test flg=0x4000010 (has extras) } to com.google.android.ims/.receivers.RcsAutoStartReceiver
09-07 03:44:50.532  2666  3039 I ayhu    : getLocaleToModelSpecsMap
09-07 03:44:50.532  2666  3039 I ayhu    : Fetching latest config from MDD...
09-07 03:44:50.532  2666  3039 I ayhu    : (REDACTED) Found map of size: %d
09-07 03:44:50.532  2666  3039 I ayht    : (REDACTED) Adding from proto config to map [configKey: %s locale: %s modelType: %s modelPrefix: %s Location: %s isSpeakerIdSupported: %b]
09-07 03:44:50.532  2666  3039 I ayma    : (REDACTED) Location for model with model type: %s and locale: %s, is : %s
09-07 03:44:50.532  2666  3039 I aykq    : (REDACTED) isOpaHotwordEnabled: %b
09-07 03:44:50.533  2666  3039 I aykq    : Disabling the hotword detector.
09-07 03:44:50.536  8176 13039 I Finsky  : [783] oll.run(296): Wrote row to frosting DB: 1649
09-07 03:44:50.539  8425 13052 I Fitness : (REDACTED) FitCleanupIntentOperation received Intent %s
09-07 03:44:50.546  2666  3039 I apsj    : (REDACTED) #takeChangeMicroDetectorMode [mIsBargeInEnabled: %b, mCurrentDetectionMode: %s]
09-07 03:44:50.546  2666  3039 I apsj    : (REDACTED) Should stop hotword detection immediately - %b
09-07 03:44:50.546  2666  3039 I aykq    : (REDACTED) isOpaHotwordEnabled: %b
09-07 03:44:50.546  2666  3039 I aykq    : Disabling the hotword detector.
09-07 03:44:50.548  2689  3084 W gmjq    : Receive a config update when there's no subscriber. Ignore the request!
09-07 03:44:50.549  8176  8257 I Finsky  : [592] jnn.a(53): AIM: AppInfoManager-Perf > OnDeviceAppInfo > cacheHitCount=0, cacheMissCount=1. Missed  in cache (limit 10) : [ru.iteco.fmhandroid.test]
09-07 03:44:50.550  8176  8176 I Finsky  : [2] qos.akj(13): DTU: Received onPackageAdded, replacing: true
09-07 03:44:50.550  8176  8257 I Finsky  : [592] jlf.apply(886): AIM: Got app ownership map. App counts: . Unique apps: 0
09-07 03:44:50.550  8176  8176 I Finsky  : [2] vms.g(1): vms - Received: android.intent.action.PACKAGE_ADDED, [JKgrAT7ZrU_atynDxHtFKlznxOwkruuqzdx-Cu5fTVw]
09-07 03:44:50.556  2666  3039 I apsj    : (REDACTED) #takeChangeMicroDetectorMode [mIsBargeInEnabled: %b, mCurrentDetectionMode: %s]
09-07 03:44:50.556  2666  3039 I apsj    : (REDACTED) Should stop hotword detection immediately - %b
09-07 03:44:50.557  2666  3039 I ayhu    : getLocaleToModelSpecsMap
09-07 03:44:50.557  2666  3039 I ayhu    : Fetching latest config from MDD...
09-07 03:44:50.557  2666  3039 I ayhu    : (REDACTED) Found map of size: %d
09-07 03:44:50.557  2666  3039 I ayht    : (REDACTED) Adding from proto config to map [configKey: %s locale: %s modelType: %s modelPrefix: %s Location: %s isSpeakerIdSupported: %b]
09-07 03:44:50.561  8176 13039 I Finsky  : [783] oll.run(296): Wrote row to frosting DB: 1650
09-07 03:44:50.562  2689  3084 W gmjq    : Receive a config update when there's no subscriber. Ignore the request!
09-07 03:44:50.563  2666  3039 W aoza    : Abort, client detached.
09-07 03:44:50.563  2666  3039 I chatty  : uid=10104(com.google.android.googlequicksearchbox) EventBus0 identical 1 line
09-07 03:44:50.565  2666  3039 W aoza    : Abort, client detached.
09-07 03:44:50.566  8176  8176 I Finsky  : [2] vms.g(1): vms - Deduping intent android.intent.action.PACKAGE_ADDED
09-07 03:44:50.567  8176  8176 I Finsky  : [2] vms.g(1): vms - Received: android.intent.action.PACKAGE_ADDED, [JKgrAT7ZrU_atynDxHtFKlznxOwkruuqzdx-Cu5fTVw]
09-07 03:44:50.571  8176  8176 I Finsky  : [2] vms.g(1): vms - Deduping intent android.intent.action.PACKAGE_ADDED
09-07 03:44:50.573  2037  2037 W Looper  : Slow dispatch took 104ms main h=android.app.ActivityThread$H c=android.app.-$$Lambda$LoadedApk$ReceiverDispatcher$Args$_BumDX2UKsnxLVrE6UJsJZkotuA@73a52b5 m=0
09-07 03:44:50.575  2037  8423 W BroadcastQueue: Background execution not allowed: receiving Intent { act=android.intent.action.PACKAGE_REPLACED dat=package:ru.iteco.fmhandroid.test flg=0x4000010 (has extras) } to com.android.musicfx/.Compatibility$Receiver
09-07 03:44:50.576  8176  8221 I android.vendin: Waiting for a blocking GC ProfileSaver
09-07 03:44:50.576  2037  2066 W BroadcastQueue: Background execution not allowed: receiving Intent { act=android.intent.action.PACKAGE_REPLACED dat=package:ru.iteco.fmhandroid.test flg=0x4000010 (has extras) } to com.google.android.apps.photos/.account.full.FetchAccountPropertiesAppUpgradeBroadcastReceiver
09-07 03:44:50.576  2037  2066 W BroadcastQueue: Background execution not allowed: receiving Intent { act=android.intent.action.PACKAGE_REPLACED dat=package:ru.iteco.fmhandroid.test flg=0x4000010 (has extras) } to com.google.android.apps.photos/.account.full.SyncAccountsForLoginBroadcastReceiver
09-07 03:44:50.576  2037  2066 W BroadcastQueue: Background execution not allowed: receiving Intent { act=android.intent.action.PACKAGE_REPLACED dat=package:ru.iteco.fmhandroid.test flg=0x4000010 (has extras) } to com.google.android.apps.photos/.experiments.phenotype.full.PhenotypeAppUpgradeBroadcastReceiver
09-07 03:44:50.577  2037  2066 W BroadcastQueue: Background execution not allowed: receiving Intent { act=android.intent.action.PACKAGE_REPLACED dat=package:ru.iteco.fmhandroid.test flg=0x4000010 (has extras) } to com.google.android.apps.photos/.notificationchannels.AppUpdateBroadcastReceiver
09-07 03:44:50.577  2037  2066 W BroadcastQueue: Background execution not allowed: receiving Intent { act=android.intent.action.PACKAGE_REPLACED dat=package:ru.iteco.fmhandroid.test flg=0x4000010 (has extras) } to com.google.android.gms/.gass.chimera.PackageChangeBroadcastReceiver
09-07 03:44:50.577  2037  2066 W BroadcastQueue: Background execution not allowed: receiving Intent { act=android.intent.action.PACKAGE_REPLACED dat=package:ru.iteco.fmhandroid.test flg=0x4000010 (has extras) } to com.google.android.gms/.chimera.GmsIntentOperationService$PersistentTrustedReceiver
09-07 03:44:50.577  2037  2066 W BroadcastQueue: Background execution not allowed: receiving Intent { act=android.intent.action.PACKAGE_REPLACED dat=package:ru.iteco.fmhandroid.test flg=0x4000010 (has extras) } to com.google.android.ims/.receivers.RcsAutoStartReceiver
09-07 03:44:50.582  8425 13052 I FontLog : (REDACTED) Package %s has no metadata
09-07 03:44:50.595  8176  8252 I Finsky  : [587] jnj.a(202): AIM: AppInfoManager-Perf > ItemModel > CacheSize=0, cacheHitCount=0, cacheMissCount=1, total appsWithNoServerDataCount=0. Missed  in cache (limit 10) : [ru.iteco.fmhandroid.test]
09-07 03:44:50.595  8176  8252 I Finsky  : [587] jnm.n(24): AIM: AppInfoManager-Perf > ItemModel > ItemStore Called 1 apps cacheOptions = USE_CACHE
09-07 03:44:50.595  8176  8252 I Finsky  : [587] jnj.a(1098): AIM: ItemModel fetch - unauth(1), auth()
09-07 03:44:50.595  8176  8252 I Finsky  : [587] rmt.apply(40): ItemStore: Not cached: ru.iteco.fmhandroid.test
09-07 03:44:50.602  2037  2037 I Telecom : DefaultDialerCache: Refreshing default dialer for user 0: now com.android.dialer: DDC.oR@AKg
09-07 03:44:50.604  2037  2037 V BackupManagerConstants: getFullBackupIntervalMilliseconds(...) returns 86400000
09-07 03:44:50.604  2037  2037 V BackupManagerConstants: getFullBackupRequiredNetworkType(...) returns 2
09-07 03:44:50.604  2037  2037 V BackupManagerConstants: getFullBackupRequireCharging(...) returns true
09-07 03:44:50.606  2279  2279 D CarrierSvcBindHelper: No carrier app for: 0
09-07 03:44:50.610  2279  2279 D CarrierSvcBindHelper: No carrier app for: 0
09-07 03:44:50.618  8176 13039 I Finsky  : [783] oll.run(296): Wrote row to frosting DB: 1651
09-07 03:44:50.618  7867 13043 I Auth    : [SupervisedAccountIntentOperation] onHandleIntent(): android.intent.action.PACKAGE_ADDED
09-07 03:44:50.622  8176  8221 I android.vendin: WaitForGcToComplete blocked ProfileSaver on HeapTrim for 46.032ms
09-07 03:44:50.629  2279  2279 D CarrierConfigLoader: mHandler: 9 phoneId: 0
09-07 03:44:50.634  8176 13039 I Finsky  : [783] oll.run(296): Wrote row to frosting DB: 1652
09-07 03:44:50.654  8176 13039 I Finsky  : [783] oll.run(296): Wrote row to frosting DB: 1653
09-07 03:44:50.658  8425  8465 W ChimeraUtils: Module com.google.android.gms.nearby_en missing resource null(0)
09-07 03:44:50.667  7867 13050 E memtrack: Couldn't load memtrack module
09-07 03:44:50.667  7867 13050 W android.os.Debug: failed to get memory consumption info: -1
09-07 03:44:50.674  8425  8465 W ChimeraUtils: Module com.google.android.gms.nearby_en missing resource null(0)
09-07 03:44:50.682  8425  8425 D BoundBrokerSvc: onBind: Intent { act=com.google.android.gms.nearby.exposurenotification.START dat=chimera-action: cmp=com.google.android.gms/.chimera.PersistentApiServiceNoInstantApps }
09-07 03:44:50.683  8425  8425 D BoundBrokerSvc: Loading bound service for intent: Intent { act=com.google.android.gms.nearby.exposurenotification.START dat=chimera-action: cmp=com.google.android.gms/.chimera.PersistentApiServiceNoInstantApps }
09-07 03:44:50.683  7867  7867 D BoundBrokerSvc: onBind: Intent { act=com.google.android.gms.common.BIND_SHARED_PREFS pkg=com.google.android.gms }
09-07 03:44:50.683  7867  7867 D BoundBrokerSvc: Loading bound service for intent: Intent { act=com.google.android.gms.common.BIND_SHARED_PREFS pkg=com.google.android.gms }
09-07 03:44:50.690  8176  8250 I Finsky  : [585] xty.accept(378): SCH: Scheduling phonesky job Id: 12-1, CT: 1694058290475, Constraints: [{ L: 15000, D: 86400000, C: 1, I: 1, N: 1 }]
09-07 03:44:50.698  8176  8250 I Finsky  : [585] yew.apply(123): SCH: Scheduling 1 system job(s)
09-07 03:44:50.699  8176  8250 I Finsky  : [585] yvz.d(263): SCH: Scheduling system job Id: 9073, L: 14777, D: 72671931, C: false, I: false, N: 1
09-07 03:44:50.701  7867  7879 I gle.android.gm: Background young concurrent copying GC freed 83463(4788KB) AllocSpace objects, 19(828KB) LOS objects, 26% free, 11MB/15MB, paused 2.935ms total 172.188ms
09-07 03:44:50.715  8176  8249 I Finsky  : [584] kiz.aeG(143): [ContentSync] finished, scheduled=true
09-07 03:44:50.716  7867  7867 D BoundBrokerSvc: onUnbind: Intent { act=com.google.android.gms.common.BIND_SHARED_PREFS pkg=com.google.android.gms }
09-07 03:44:50.724  7867  7898 I Icing   : IndexChimeraService.getServiceInterface callingPackage=com.google.android.gms componentName=AppsCorpus serviceId=36
09-07 03:44:50.730  8176  8250 I Finsky  : [585] xty.accept(378): SCH: Scheduling phonesky job Id: 12-1, CT: 1694058290563, Constraints: [{ L: 15000, D: 86400000, C: 1, I: 1, N: 1 }]
09-07 03:44:50.738  8176  8257 I Finsky  : [592] yew.apply(123): SCH: Scheduling 0 system job(s)
09-07 03:44:50.740  8176  8257 I Finsky  : [592] kiz.aeG(143): [ContentSync] finished, scheduled=true
09-07 03:44:50.758  7867 13074 W Icing   : No valid account for uploading user actions
09-07 03:44:50.762  8425  8425 D BoundBrokerSvc: onBind: Intent { act=com.google.android.gms.icing.LIGHTWEIGHT_INDEX_SERVICE dat=chimera-action: cmp=com.google.android.gms/.chimera.PersistentApiService }
09-07 03:44:50.762  8425  8425 D BoundBrokerSvc: Loading bound service for intent: Intent { act=com.google.android.gms.icing.LIGHTWEIGHT_INDEX_SERVICE dat=chimera-action: cmp=com.google.android.gms/.chimera.PersistentApiService }
09-07 03:44:50.771  7867  7867 D BoundBrokerSvc: onBind: Intent { act=com.google.android.gms.feedback.internal.IFeedbackService dat=chimera-action: cmp=com.google.android.gms/.chimera.GmsBoundBrokerService }
09-07 03:44:50.771  7867  7867 D BoundBrokerSvc: Loading bound service for intent: Intent { act=com.google.android.gms.feedback.internal.IFeedbackService dat=chimera-action: cmp=com.google.android.gms/.chimera.GmsBoundBrokerService }
09-07 03:44:50.777  7867 13074 I Icing   : Usage reports ok 0, Failed Usage reports 0, indexed 0, rejected 0
09-07 03:44:50.778  7867 13074 I Icing   : Indexing com.google.android.gms-apps from com.google.android.gms
09-07 03:44:50.783  7867 13074 I Icing   : Indexing done com.google.android.gms-apps
09-07 03:44:50.786  7867 12407 I Icing   : Indexing com.google.android.gms-apps from com.google.android.gms
09-07 03:44:50.786  7867 12407 I Icing   : Indexing done com.google.android.gms-apps
09-07 03:44:50.794  7867  7898 I Icing   : IndexChimeraService.getServiceInterface callingPackage=com.google.android.gms componentName=null serviceId=30
09-07 03:44:50.797  7867 12407 W Icing   : No valid account for uploading user actions
09-07 03:44:50.803  7867 12407 I Icing   : Usage reports ok 0, Failed Usage reports 0, indexed 0, rejected 0
09-07 03:44:50.822  8176  8252 E Finsky  : [587] rna.a(110): ItemStore: getItems RPC failed.
09-07 03:44:50.822  8176  8252 E Finsky  : [587] rna.a(110): ItemStore: getItems RPC failed.
09-07 03:44:50.935  1792  2272 E GnssHAL_GnssInterface: gnssSvStatusCb: a: input svInfo.flags is 8
09-07 03:44:50.935  1792  2272 E GnssHAL_GnssInterface: gnssSvStatusCb: b: input svInfo.flags is 8
09-07 03:44:50.964  1858  2116 E         : Couldn't opendir /data/app/vmdl1124760447.tmp: No such file or directory
09-07 03:44:50.965  1858  2116 E installd: Failed to delete /data/app/vmdl1124760447.tmp: No such file or directory
09-07 03:44:51.012  2037  2311 I ActivityManager: Force stopping ru.iteco.fmhandroid.test appid=10135 user=0: from pid 13081
09-07 03:44:51.019  2279  2279 D CarrierSvcBindHelper: No carrier app for: 0
09-07 03:44:51.084 13088 13088 D AndroidRuntime: >>>>>> START com.android.internal.os.RuntimeInit uid 2000 <<<<<<
09-07 03:44:51.085 13088 13088 E libc    : Access denied finding property "persist.device_config.runtime_native_boot.enable_apex_image"
09-07 03:44:51.085 13088 13088 I AndroidRuntime: Using default boot image
09-07 03:44:51.085 13088 13088 E libc    : Access denied finding property "persist.device_config.runtime_native_boot.disable_lock_profiling"
09-07 03:44:51.085 13088 13088 I AndroidRuntime: Leaving lock profiling enabled
09-07 03:44:51.085 13088 13088 E libc    : Access denied finding property "persist.device_config.runtime_native_boot.enable_generational_cc"
09-07 03:44:51.075 13088 13088 W app_process: type=1400 audit(0.0:114): avc: denied { read } for name="u:object_r:device_config_runtime_native_boot_prop:s0" dev="tmpfs" ino=6894 scontext=u:r:shell:s0 tcontext=u:object_r:device_config_runtime_native_boot_prop:s0 tclass=file permissive=0
09-07 03:44:51.075 13088 13088 W app_process: type=1400 audit(0.0:115): avc: denied { read } for name="u:object_r:device_config_runtime_native_boot_prop:s0" dev="tmpfs" ino=6894 scontext=u:r:shell:s0 tcontext=u:object_r:device_config_runtime_native_boot_prop:s0 tclass=file permissive=0
09-07 03:44:51.075 13088 13088 W app_process: type=1400 audit(0.0:116): avc: denied { read } for name="u:object_r:device_config_runtime_native_boot_prop:s0" dev="tmpfs" ino=6894 scontext=u:r:shell:s0 tcontext=u:object_r:device_config_runtime_native_boot_prop:s0 tclass=file permissive=0
09-07 03:44:51.123 13088 13088 D ICU     : Time zone APEX file found: /apex/com.android.tzdata/etc/icu/icu_tzdata.dat
09-07 03:44:51.125 13088 13088 W app_process: Unexpected CPU variant for X86 using defaults: x86
09-07 03:44:51.127 13088 13088 I app_process: The ClassLoaderContext is a special shared library.
09-07 03:44:51.135 13088 13088 W app_process: JNI RegisterNativeMethods: attempt to register 0 native methods for android.media.AudioAttributes
09-07 03:44:51.137 13088 13088 D AndroidRuntime: Calling main entry com.android.commands.am.Am
09-07 03:44:51.141  2037  2311 I ActivityManager: Force stopping ru.iteco.fmhandroid appid=10136 user=0: start instr
09-07 03:44:51.145  1775  1775 D Zygote  : Forked child process 13103
09-07 03:44:51.147 13103 13103 I teco.fmhandroi: Late-enabling -Xcheck:jni
09-07 03:44:51.153  2037  2067 I ActivityManager: Start proc 13103:ru.iteco.fmhandroid/u0a136 for added application ru.iteco.fmhandroid
09-07 03:44:51.154 13103 13103 E teco.fmhandroi: Unknown bits set in runtime_flags: 0x8000
09-07 03:44:51.155 13103 13103 W teco.fmhandroi: Unexpected CPU variant for X86 using defaults: x86
09-07 03:44:51.182 13103 13103 I teco.fmhandroi: The ClassLoaderContext is a special shared library.
09-07 03:44:51.182 13103 13103 I teco.fmhandroi: The ClassLoaderContext is a special shared library.
09-07 03:44:51.288  2037  2311 I WifiService: startScan uid=10095
09-07 03:44:51.460 13103 13103 I teco.fmhandroi: The ClassLoaderContext is a special shared library.
09-07 03:44:51.460 13103 13103 I teco.fmhandroi: The ClassLoaderContext is a special shared library.
09-07 03:44:51.732 13103 13103 W teco.fmhandroi: Accessing hidden method Landroid/app/Instrumentation;->execStartActivity(Landroid/content/Context;Landroid/os/IBinder;Landroid/os/IBinder;Landroid/app/Activity;Landroid/content/Intent;ILandroid/os/Bundle;)Landroid/app/Instrumentation$ActivityResult; (greylist, linking, allowed)
09-07 03:44:51.732 13103 13103 W teco.fmhandroi: Accessing hidden method Landroid/app/Instrumentation;->execStartActivity(Landroid/content/Context;Landroid/os/IBinder;Landroid/os/IBinder;Ljava/lang/String;Landroid/content/Intent;ILandroid/os/Bundle;)Landroid/app/Instrumentation$ActivityResult; (greylist, linking, allowed)
09-07 03:44:51.739 13103 13103 I MonitoringInstr: newApplication called!
09-07 03:44:51.757 13103 13103 I FirebaseApp: Device unlocked: initializing all Firebase APIs for app [DEFAULT]
09-07 03:44:51.765 13103 13103 I FirebaseCrashlytics: Initializing Firebase Crashlytics 18.2.6 for ru.iteco.fmhandroid
09-07 03:44:51.792 13103 13137 I DynamiteModule: Considering local module com.google.android.gms.measurement.dynamite:55 and remote module com.google.android.gms.measurement.dynamite:93
09-07 03:44:51.792 13103 13137 I DynamiteModule: Selected remote version of com.google.android.gms.measurement.dynamite, version >= 93
09-07 03:44:51.793 13103 13137 V DynamiteModule: Dynamite loader version >= 2, using loadModule2NoCrashUtils
09-07 03:44:51.808 13103 13137 W System  : ClassLoader referenced unknown path: 
09-07 03:44:51.836 13103 13103 I FirebaseInitProvider: FirebaseApp initialization successful
09-07 03:44:51.853 13103 13103 I MonitoringInstr: Instrumentation started!
09-07 03:44:51.858 13103 13103 D ClassesArgTokenizer: input: ru.iteco.fmhandroid.ui.FilterNewsPageTest#shouldNotFilterNewsByCategoryAnnouncement
09-07 03:44:51.858 13103 13103 D ClassesArgTokenizer: result: [ru.iteco.fmhandroid.ui.FilterNewsPageTest#shouldNotFilterNewsByCategoryAnnouncement]
09-07 03:44:51.858 13103 13103 D ClassesArgTokenizer: input: null
09-07 03:44:51.858 13103 13103 D ClassesArgTokenizer: result: []
09-07 03:44:51.861 13103 13103 V TestEventClient: No service name argument was given (testDiscoveryService, testRunEventService or orchestratorService)
09-07 03:44:51.863 13103 13137 W teco.fmhandroi: Accessing hidden method Lsun/misc/Unsafe;->arrayBaseOffset(Ljava/lang/Class;)I (greylist,core-platform-api, linking, allowed)
09-07 03:44:51.863 13103 13137 W teco.fmhandroi: Accessing hidden method Lsun/misc/Unsafe;->arrayIndexScale(Ljava/lang/Class;)I (greylist, linking, allowed)
09-07 03:44:51.863 13103 13137 W teco.fmhandroi: Accessing hidden method Lsun/misc/Unsafe;->compareAndSwapInt(Ljava/lang/Object;JII)Z (greylist, linking, allowed)
09-07 03:44:51.863 13103 13137 W teco.fmhandroi: Accessing hidden method Lsun/misc/Unsafe;->compareAndSwapLong(Ljava/lang/Object;JJJ)Z (greylist, linking, allowed)
09-07 03:44:51.863 13103 13137 W teco.fmhandroi: Accessing hidden method Lsun/misc/Unsafe;->getIntVolatile(Ljava/lang/Object;J)I (greylist, linking, allowed)
09-07 03:44:51.863 13103 13137 W teco.fmhandroi: Accessing hidden method Lsun/misc/Unsafe;->getObjectVolatile(Ljava/lang/Object;J)Ljava/lang/Object; (greylist, linking, allowed)
09-07 03:44:51.863 13103 13137 W teco.fmhandroi: Accessing hidden method Lsun/misc/Unsafe;->objectFieldOffset(Ljava/lang/reflect/Field;)J (greylist,core-platform-api, linking, allowed)
09-07 03:44:51.863 13103 13137 W teco.fmhandroi: Accessing hidden method Lsun/misc/Unsafe;->putObjectVolatile(Ljava/lang/Object;JLjava/lang/Object;)V (greylist, linking, allowed)
09-07 03:44:51.864 13103 13137 W teco.fmhandroi: Accessing hidden field Lsun/misc/Unsafe;->theUnsafe:Lsun/misc/Unsafe; (greylist, reflection, allowed)
09-07 03:44:51.868 13103 13145 D AndroidJUnitRunner: onStart is called.
09-07 03:44:51.876 13103 13103 I MonitoringInstr: No JSBridge.
09-07 03:44:51.886 13103 13145 D TestRequestBuilder: Skipping class path scanning and directly running [ru.iteco.fmhandroid.ui.FilterNewsPageTest]
09-07 03:44:51.891 13103 13145 D ClassesArgTokenizer: input: ru.iteco.fmhandroid.ui.FilterNewsPageTest#shouldNotFilterNewsByCategoryAnnouncement
09-07 03:44:51.891 13103 13145 D ClassesArgTokenizer: result: [ru.iteco.fmhandroid.ui.FilterNewsPageTest#shouldNotFilterNewsByCategoryAnnouncement]
09-07 03:44:51.891 13103 13145 D ClassesArgTokenizer: input: null
09-07 03:44:51.891 13103 13145 D ClassesArgTokenizer: result: []
09-07 03:44:51.904 13103 13145 D AndroidJUnitRunner: Use the raw file system for managing file I/O.
09-07 03:44:51.907 13103 13145 D TestExecutor: Adding listener androidx.test.internal.runner.listener.LogRunListener
09-07 03:44:51.908 13103 13145 D TestExecutor: Adding listener androidx.test.internal.runner.listener.InstrumentationResultPrinter
09-07 03:44:51.908 13103 13145 D TestExecutor: Adding listener androidx.test.internal.runner.listener.ActivityFinisherRunListener
09-07 03:44:51.908 13103 13145 D TestExecutor: Adding listener androidx.test.internal.runner.listener.TraceRunListener
09-07 03:44:51.911 13103 13145 I TestRunner: run started: 1 tests
09-07 03:44:51.923 13103 13146 V FA      : App measurement collection enabled
09-07 03:44:51.923 13103 13146 V FA      : App measurement enabled for app package, google app id: ru.iteco.fmhandroid, 1:729587742060:android:e7d6f87c783f52b9a42f49
09-07 03:44:51.924 13103 13146 I FA      : App measurement initialized, version: 80069
09-07 03:44:51.925 13103 13146 I FA      : To enable debug logging run: adb shell setprop log.tag.FA VERBOSE
09-07 03:44:51.925 13103 13146 I FA      : To enable faster debug mode event logging run:
09-07 03:44:51.925 13103 13146 I FA      :   adb shell setprop debug.firebase.analytics.app ru.iteco.fmhandroid
09-07 03:44:51.925 13103 13146 D FA      : Debug-level message logging enabled
09-07 03:44:51.933  1792  2272 E GnssHAL_GnssInterface: gnssSvStatusCb: a: input svInfo.flags is 8
09-07 03:44:51.933  1792  2272 E GnssHAL_GnssInterface: gnssSvStatusCb: b: input svInfo.flags is 8
09-07 03:44:51.942 13103 13145 I TestRunner: started: shouldNotFilterNewsByCategoryAnnouncement(ru.iteco.fmhandroid.ui.FilterNewsPageTest)
09-07 03:44:51.942 13103 13146 D FA      : Resetting session stitching token to not null
09-07 03:44:51.956 13103 13146 V FA      : Connecting to remote service
09-07 03:44:51.959  7867  7867 D BoundBrokerSvc: onBind: Intent { act=com.google.android.gms.measurement.START pkg=com.google.android.gms }
09-07 03:44:51.960  7867  7867 D BoundBrokerSvc: Loading bound service for intent: Intent { act=com.google.android.gms.measurement.START pkg=com.google.android.gms }
09-07 03:44:51.972 13103 13146 V FA      : Connection attempt already in progress
09-07 03:44:51.981 13103 13146 V FA      : Connection attempt already in progress
09-07 03:44:51.981 13103 13146 D FA      : Connected to remote service
09-07 03:44:51.982 13103 13146 V FA      : Processing queued up service tasks: 3
09-07 03:44:52.003  7867 13150 V FA-SVC  : Saving default event parameters, appId, data size: ru.iteco.fmhandroid, 2
09-07 03:44:52.033  1774 13151 E ResolverController: No valid NAT64 prefix (101, <unspecified>/0)
09-07 03:44:52.066  2037  2037 V SettingsProvider: Notifying for 0: content://settings/secure/accessibility_enabled
09-07 03:44:52.067  2689  3033 I fteu    : (REDACTED) #onAccessibilityStateChanged enabled: %s
09-07 03:44:52.067  2689  3084 I fteu    : #onChange
09-07 03:44:52.067  2689  3084 I csoe    : #FCF: onChange
09-07 03:44:52.068  2689  3084 I csoi    : (REDACTED) FCF System FeatureName to check: %s
09-07 03:44:52.068  2689  3084 I csoi    : (REDACTED) FCF: Device model check status : %s
09-07 03:44:52.068  2689  3084 I csof    : FCF A11y Checker - readyForTngMa
09-07 03:44:52.068  2689  3084 I ctnd    : (REDACTED) #isBluetoothOrWiredHeadsetConnected Number of connected audio devices: %s
09-07 03:44:52.068  2689  3084 I cspe    : (REDACTED) #FCF: Headset Connected Status: %s
09-07 03:44:52.069  2689  3084 I csqs    : (REDACTED) #FCF: Managed profile check status : %s
09-07 03:44:52.069  2689  3084 I csqr    : (REDACTED) #FCF: Demo mode check status : %s
09-07 03:44:52.069  2689  3085 I csno    : (REDACTED) #FCF: Assistant primary locale : %s
09-07 03:44:52.070  2689  3085 I csno    : (REDACTED) #FCF: Assistant Primary locale check status : %s
09-07 03:44:52.070  2689  3085 W csqu    : Unable to check for productivity accounts. Assuming there are none.
09-07 03:44:52.070  2689  3085 W csqu    : com.google.android.libraries.geller.portable.GellerException: Code: INVALID_ARGUMENT, Message: Account name is null.
09-07 03:44:52.070  2689  3085 W csqu    : 	at ghid.a(PG:6)
09-07 03:44:52.070  2689  3085 W csqu    : 	at gxvx.a(PG:3)
09-07 03:44:52.070  2689  3085 W csqu    : 	at hnzx.a(PG:1)
09-07 03:44:52.070  2689  3085 W csqu    : 	at hobr.run(PG:4)
09-07 03:44:52.070  2689  3085 W csqu    : 	at ewes.run(PG:1)
09-07 03:44:52.070  2689  3085 W csqu    : 	at java.util.concurrent.ThreadPoolExecutor.runWorker(ThreadPoolExecutor.java:1167)
09-07 03:44:52.070  2689  3085 W csqu    : 	at java.util.concurrent.ThreadPoolExecutor$Worker.run(ThreadPoolExecutor.java:641)
09-07 03:44:52.070  2689  3085 W csqu    : 	at ewdw.run(PG:2)
09-07 03:44:52.070  2689  3085 W csqu    : 	at java.lang.Thread.run(Thread.java:919)
09-07 03:44:52.070  2689  3085 W csqu    : 	at ewfb.run(PG:5)
09-07 03:44:52.079  2666  3005 I biwj    : NGA disabled since it's running Panthera and at least one a11y feature is on.
09-07 03:44:52.082  2666  3005 I biwj    : (REDACTED) Nga state changed to %s
09-07 03:44:52.090  2689  3085 I yzq     : (REDACTED) Nga on-device enabled based on TNG:MA active state: %b
09-07 03:44:52.090  2689  3085 I yzq     : (REDACTED) Nga on-device enabled based on TNG:MA active state: %b
09-07 03:44:52.090  2689  3085 I yzq     : Unsubscribed to apa or classic variant change.
09-07 03:44:52.101  2666  3039 I bjbd    : Trying to enqueue PieTriggeringWorker
09-07 03:44:52.102  2689  3084 I csts    : (REDACTED) #FCF evaluate: %s
09-07 03:44:52.102  2689  3084 I csts    : (REDACTED) TngMaStatusChecker#evaluateInternal completed in %s millis
09-07 03:44:52.103  2689  3084 I cscy    : (REDACTED) TNG:MA status updated: %s
09-07 03:44:52.103  2689  3084 I cscy    : TNG:MA became ineligible, client should disconnect
09-07 03:44:52.103  2689  3084 I cscy    : #disconnectAndStop - preventing double stop
09-07 03:44:52.104  2689  3084 I csts    : #invalidationSource: adding saa update checker
09-07 03:44:52.104  2689  3084 I csts    : #invalidationSource: adding headset checker
09-07 03:44:52.105  2689  2689 I aaag    : (REDACTED) eventData = %s
09-07 03:44:52.105  2689  3085 I znc     : Logging success flow
09-07 03:44:52.113  2666  3039 I bjbd    : Trying to enqueue PieTriggeringWorker
09-07 03:44:52.114  2689  2689 I aaag    : (REDACTED) eventData = %s
09-07 03:44:52.115  2689  3084 I znc     : Logging success flow
09-07 03:44:52.116 13103 13145 W Settings: Setting always_finish_activities has moved from android.provider.Settings.System to android.provider.Settings.Global, returning read-only value.
09-07 03:44:52.123  2037  2311 I ActivityTaskManager: START u0 {act=android.intent.action.MAIN cat=[android.intent.category.LAUNCHER] flg=0x10008000 cmp=ru.iteco.fmhandroid.test/androidx.test.core.app.InstrumentationActivityInvoker$BootstrapActivity (has extras)} from uid 10136
09-07 03:44:52.124  2666  3039 I bjbd    : Trying to enqueue PieTriggeringWorker
09-07 03:44:52.128  2689  2689 I aaag    : (REDACTED) eventData = %s
09-07 03:44:52.133  2037  2061 E system_server: Invalid ID 0x00000000.
09-07 03:44:52.137  2037  7767 W InputReader: Device has associated, but no associated display id.
09-07 03:44:52.137  2037  7767 I chatty  : uid=1000(system) Binder:2037_1E identical 8 lines
09-07 03:44:52.137  2037  7767 W InputReader: Device has associated, but no associated display id.
09-07 03:44:52.143  1775  1775 D Zygote  : Forked child process 13159
09-07 03:44:52.145 13159 13159 I fmhandroid.tes: Late-enabling -Xcheck:jni
09-07 03:44:52.149  1793  1859 D gralloc_ranchu: gralloc_alloc: Creating ashmem region of size 9850880
09-07 03:44:52.161  2037  2067 I ActivityManager: Start proc 13159:ru.iteco.fmhandroid.test/u0a135 for activity {ru.iteco.fmhandroid.test/androidx.test.core.app.InstrumentationActivityInvoker$BootstrapActivity}
09-07 03:44:52.183 13159 13159 E fmhandroid.tes: Unknown bits set in runtime_flags: 0x8000
09-07 03:44:52.183 13159 13159 W fmhandroid.tes: Unexpected CPU variant for X86 using defaults: x86
09-07 03:44:52.209  2037  2311 W InputReader: Device has associated, but no associated display id.
09-07 03:44:52.212  2037  2311 I chatty  : uid=1000(system) Binder:2037_6 identical 28 lines
09-07 03:44:52.212  2037  2311 W InputReader: Device has associated, but no associated display id.
09-07 03:44:52.215  2037  2061 W InputReader: Device has associated, but no associated display id.
09-07 03:44:52.215  2037  2061 I chatty  : uid=1000(system) android.anim identical 8 lines
09-07 03:44:52.215  2037  2061 W InputReader: Device has associated, but no associated display id.
09-07 03:44:52.219  2666  3068 D EGL_emulation: eglMakeCurrent: 0xda21b0e0: ver 2 0 (tinfo 0xda20fbb0)
09-07 03:44:52.228 13159 13159 I fmhandroid.tes: The ClassLoaderContext is a special shared library.
09-07 03:44:52.228 13159 13159 I fmhandroid.tes: The ClassLoaderContext is a special shared library.
09-07 03:44:52.232  2434  2714 D EGL_emulation: eglMakeCurrent: 0xed453b60: ver 2 0 (tinfo 0xe233a960)
09-07 03:44:52.238  2182  2468 D EGL_emulation: eglMakeCurrent: 0xda21a360: ver 2 0 (tinfo 0xda20f590)
09-07 03:44:52.240  2182  2182 W View    : requestLayout() improperly called by com.android.keyguard.AlphaOptimizedLinearLayout{551c6d8 V.E...... ......ID 7,0-48,61 #7f0a041c app:id/wifi_group} during second layout pass: posting in next frame
09-07 03:44:52.240  2666  2666 I dnsi    : onPause
09-07 03:44:52.254  2182  2182 W View    : requestLayout() improperly called by StatusBarIconView(slot=mobile icon=null notification=null) during layout: running second layout pass
09-07 03:44:52.256  2182  2468 D EGL_emulation: eglMakeCurrent: 0xda21a360: ver 2 0 (tinfo 0xda20f590)
09-07 03:44:52.264  2182  2468 D EGL_emulation: eglMakeCurrent: 0xda21a360: ver 2 0 (tinfo 0xda20f590)
09-07 03:44:52.265  2666  3161 V ClearcutMetricXmitter: Transmission is done.
09-07 03:44:52.265  2182  2182 W View    : requestLayout() improperly called by com.android.keyguard.AlphaOptimizedLinearLayout{551c6d8 V.E...... ......ID 7,0-48,61 #7f0a041c app:id/wifi_group} during second layout pass: posting in next frame
09-07 03:44:52.270  2182  2182 W View    : requestLayout() improperly called by StatusBarIconView(slot=mobile icon=null notification=null) during layout: running second layout pass
09-07 03:44:52.272  2182  2468 D EGL_emulation: eglMakeCurrent: 0xda21a360: ver 2 0 (tinfo 0xda20f590)
09-07 03:44:52.370  1823  2077 E SurfaceFlinger: ro.sf.lcd_density must be defined as a build property
09-07 03:44:52.371  1823  2077 E SurfaceFlinger: ro.sf.lcd_density must be defined as a build property
09-07 03:44:52.374 13159 13193 D libEGL  : Emulator has host GPU support, qemu.gles is set to 1.
09-07 03:44:52.374 13159 13193 W libc    : Unable to set property "qemu.gles" to "1": connection failed; errno=13 (Permission denied)
09-07 03:44:52.365 13159 13159 W RenderThread: type=1400 audit(0.0:117): avc: denied { write } for name="property_service" dev="tmpfs" ino=6988 scontext=u:r:untrusted_app:s0:c135,c256,c512,c768 tcontext=u:object_r:property_socket:s0 tclass=sock_file permissive=0
09-07 03:44:52.382 13159 13193 D libEGL  : loaded /vendor/lib/egl/libEGL_emulation.so
09-07 03:44:52.384 13159 13193 D libEGL  : loaded /vendor/lib/egl/libGLESv1_CM_emulation.so
09-07 03:44:52.386 13159 13193 D libEGL  : loaded /vendor/lib/egl/libGLESv2_emulation.so
09-07 03:44:52.396  2037  2056 I ActivityTaskManager: START u0 {act=android.intent.action.MAIN cat=[android.intent.category.LAUNCHER] cmp=ru.iteco.fmhandroid/.ui.AppActivity} from uid 10136
09-07 03:44:52.401  2037  2056 W InputReader: Device has associated, but no associated display id.
09-07 03:44:52.404  2037  2056 I chatty  : uid=1000(system) Binder:2037_2 identical 48 lines
09-07 03:44:52.404  2037  2056 W InputReader: Device has associated, but no associated display id.
09-07 03:44:52.404 13103 13103 W ActivityThread: handleWindowVisibility: no activity for token android.os.BinderProxy@dce2beb
09-07 03:44:52.406  2037  2056 W InputReader: Device has associated, but no associated display id.
09-07 03:44:52.406  2037  2056 I chatty  : uid=1000(system) Binder:2037_2 identical 8 lines
09-07 03:44:52.406  2037  2056 W InputReader: Device has associated, but no associated display id.
09-07 03:44:52.410  1823  1897 E SurfaceFlinger: ro.sf.lcd_density must be defined as a build property
09-07 03:44:52.411  1823  1897 E SurfaceFlinger: ro.sf.lcd_density must be defined as a build property
09-07 03:44:52.411  2666  2666 I dnsi    : onStop
