09-07 03:44:52.414  2037  2060 W ProcessStats: Tracking association SourceState{549258c com.google.android.gms/10099 Top #13392} whose proc state 1 is better than process ProcessState{bab285 com.google.android.gms.persistent/10099 pkg=com.google.android.gms} proc state 2 (8 skipped)
09-07 03:44:52.419 13103 13197 D libEGL  : Emulator has host GPU support, qemu.gles is set to 1.
09-07 03:44:52.420 13103 13197 W libc    : Unable to set property "qemu.gles" to "1": connection failed; errno=13 (Permission denied)
09-07 03:44:52.415 13103 13103 W RenderThread: type=1400 audit(0.0:118): avc: denied { write } for name="property_service" dev="tmpfs" ino=6988 scontext=u:r:untrusted_app:s0:c136,c256,c512,c768 tcontext=u:object_r:property_socket:s0 tclass=sock_file permissive=0
09-07 03:44:52.436  1823  1823 W SurfaceFlinger: couldn't log to binary event log: overflow.
09-07 03:44:52.436  1823  1823 W SurfaceFlinger: couldn't log to binary event log: overflow.
09-07 03:44:52.456 13103 13103 D LifecycleMonitor: Lifecycle status change: ru.iteco.fmhandroid.ui.AppActivity@bf025f4 in: PRE_ON_CREATE
09-07 03:44:52.456 13103 13103 V ActivityScenario: Activity lifecycle changed event received but ignored because the reported transition was not ON_CREATE while the last known transition was PRE_ON_CREATE
09-07 03:44:52.463 13103 13197 D libEGL  : loaded /vendor/lib/egl/libEGL_emulation.so
09-07 03:44:52.465 13103 13197 D libEGL  : loaded /vendor/lib/egl/libGLESv1_CM_emulation.so
09-07 03:44:52.467 13103 13197 D libEGL  : loaded /vendor/lib/egl/libGLESv2_emulation.so
09-07 03:44:52.472 13103 13137 V FA      : onActivityCreated
09-07 03:44:52.489 13103 13103 W teco.fmhandroi: Accessing hidden method Landroid/view/View;->computeFitSystemWindows(Landroid/graphics/Rect;Landroid/graphics/Rect;)Z (greylist, reflection, allowed)
09-07 03:44:52.489 13103 13103 W teco.fmhandroi: Accessing hidden method Landroid/view/ViewGroup;->makeOptionalFitsSystemWindows()V (greylist, reflection, allowed)
09-07 03:44:52.577 13103 13103 D NetworkSecurityConfig: No Network Security Config specified, using platform default
09-07 03:44:52.583 13103 13103 W teco.fmhandroi: Accessing hidden method Ljava/lang/invoke/MethodHandles$Lookup;-><init>(Ljava/lang/Class;I)V (greylist, reflection, allowed)
09-07 03:44:52.664 13103 13103 D LifecycleMonitor: Lifecycle status change: ru.iteco.fmhandroid.ui.AppActivity@bf025f4 in: CREATED
09-07 03:44:52.664 13103 13103 V ActivityScenario: Update currentActivityStage to CREATED, currentActivity=ru.iteco.fmhandroid.ui.AppActivity@bf025f4
09-07 03:44:52.729 13103 13103 D LifecycleMonitor: Lifecycle status change: ru.iteco.fmhandroid.ui.AppActivity@bf025f4 in: STARTED
09-07 03:44:52.729 13103 13103 V ActivityScenario: Update currentActivityStage to STARTED, currentActivity=ru.iteco.fmhandroid.ui.AppActivity@bf025f4
09-07 03:44:52.730 13103 13103 D LifecycleMonitor: Lifecycle status change: ru.iteco.fmhandroid.ui.AppActivity@bf025f4 in: RESUMED
09-07 03:44:52.731 13103 13103 V ActivityScenario: Update currentActivityStage to RESUMED, currentActivity=ru.iteco.fmhandroid.ui.AppActivity@bf025f4
09-07 03:44:52.731 13103 13146 V FA      : Activity resumed, time: 1216624
09-07 03:44:52.734 13103 13137 W teco.fmhandroi: Accessing hidden method Lsun/misc/Unsafe;->compareAndSwapObject(Ljava/lang/Object;JLjava/lang/Object;Ljava/lang/Object;)Z (greylist, linking, allowed)
09-07 03:44:52.735 13103 13137 W teco.fmhandroi: Accessing hidden method Lsun/misc/Unsafe;->getObject(Ljava/lang/Object;J)Ljava/lang/Object; (greylist, linking, allowed)
09-07 03:44:52.742 13103 13145 W FileTestStorage: Output properties is not supported.
09-07 03:44:52.743 13103 13146 I FA      : Tag Manager is not found and thus will not be used
09-07 03:44:52.743 13103 13145 I Tracing : Tracer added: class androidx.test.platform.tracing.AndroidXTracer
09-07 03:44:52.769 13103 13145 D EventInjectionStrategy: Creating injection strategy with input manager.
09-07 03:44:52.769 13103 13145 W teco.fmhandroi: Accessing hidden method Landroid/hardware/input/InputManager;->getInstance()Landroid/hardware/input/InputManager; (greylist, reflection, allowed)
09-07 03:44:52.769 13103 13145 W teco.fmhandroi: Accessing hidden method Landroid/hardware/input/InputManager;->injectInputEvent(Landroid/view/InputEvent;I)Z (greylist, reflection, allowed)
09-07 03:44:52.769 13103 13145 W teco.fmhandroi: Accessing hidden field Landroid/hardware/input/InputManager;->INJECT_INPUT_EVENT_MODE_WAIT_FOR_FINISH:I (greylist, reflection, allowed)
09-07 03:44:52.775 13103 13194 D HostConnection: HostConnection::get() New Host Connection established 0xd6c2d110, tid 13194
09-07 03:44:52.776 13103 13194 D HostConnection: HostComposition ext ANDROID_EMU_CHECKSUM_HELPER_v1 ANDROID_EMU_dma_v1 ANDROID_EMU_direct_mem ANDROID_EMU_vulkan ANDROID_EMU_deferred_vulkan_commands ANDROID_EMU_vulkan_null_optional_strings ANDROID_EMU_vulkan_create_resources_with_requirements ANDROID_EMU_YUV420_888_to_NV21 ANDROID_EMU_YUV_Cache ANDROID_EMU_vulkan_free_memory_sync ANDROID_EMU_vulkan_shader_float16_int8 ANDROID_EMU_vulkan_async_queue_submit ANDROID_EMU_sync_buffer_data GL_OES_vertex_array_object GL_KHR_texture_compression_astc_ldr ANDROID_EMU_host_side_tracing ANDROID_EMU_gles_max_version_2 
09-07 03:44:52.782 13103 13194 W OpenGLRenderer: Failed to choose config with EGL_SWAP_BEHAVIOR_PRESERVED, retrying without...
09-07 03:44:52.790 13103 13194 D eglCodecCommon: setVertexArrayObject: set vao to 0 (0) 0 0
09-07 03:44:52.790 13103 13194 D EGL_emulation: eglCreateContext: 0xe22f7240: maj 2 min 0 rcv 2
09-07 03:44:52.811 13103 13194 D EGL_emulation: eglMakeCurrent: 0xe22f7240: ver 2 0 (tinfo 0xe2336900)
09-07 03:44:52.817  1793  1859 D gralloc_ranchu: gralloc_alloc: Creating ashmem region of size 9113600
09-07 03:44:52.819  1678  1678 I hwservicemanager: getTransport: Cannot find entry android.hardware.graphics.mapper@3.0::IMapper/default in either framework or device manifest.
09-07 03:44:52.820 13103 13194 W Gralloc3: mapper 3.x is not supported
09-07 03:44:52.821 13103 13194 D HostConnection: createUnique: call
09-07 03:44:52.822 13103 13194 D HostConnection: HostConnection::get() New Host Connection established 0xd6c2ec90, tid 13194
09-07 03:44:52.822 13103 13194 D HostConnection: HostComposition ext ANDROID_EMU_CHECKSUM_HELPER_v1 ANDROID_EMU_dma_v1 ANDROID_EMU_direct_mem ANDROID_EMU_vulkan ANDROID_EMU_deferred_vulkan_commands ANDROID_EMU_vulkan_null_optional_strings ANDROID_EMU_vulkan_create_resources_with_requirements ANDROID_EMU_YUV420_888_to_NV21 ANDROID_EMU_YUV_Cache ANDROID_EMU_vulkan_free_memory_sync ANDROID_EMU_vulkan_shader_float16_int8 ANDROID_EMU_vulkan_async_queue_submit ANDROID_EMU_sync_buffer_data GL_OES_vertex_array_object GL_KHR_texture_compression_astc_ldr ANDROID_EMU_host_side_tracing ANDROID_EMU_gles_max_version_2 
09-07 03:44:52.822 13103 13194 D eglCodecCommon: allocate: Ask for block of size 0x1000
09-07 03:44:52.822 13103 13194 D eglCodecCommon: allocate: ioctl allocate returned offset 0x3ff68a000 size 0x2000
09-07 03:44:52.824  1793  1859 D gralloc_ranchu: gralloc_alloc: Creating ashmem region of size 9113600
09-07 03:44:52.825  1793  1859 D gralloc_ranchu: gralloc_alloc: Creating ashmem region of size 9113600
09-07 03:44:52.827 13103 13194 D EGL_emulation: eglMakeCurrent: 0xe22f7240: ver 2 0 (tinfo 0xe2336900)
09-07 03:44:52.835 13103 13194 D eglCodecCommon: setVertexArrayObject: set vao to 0 (0) 1 0
09-07 03:44:52.861  7867 13150 V FA-SVC  : Logging event: origin=auto,name=screen_view(_vs),params=Bundle[{ga_event_origin(_o)=auto, ga_screen_class(_sc)=AppActivity, ga_screen_id(_si)=-3470663494091947444}]
09-07 03:44:52.869  7867 13150 V FA-SVC  : Upload scheduled in approximately ms: 2544241
09-07 03:44:52.869  7867 13150 V FA-SVC  : Unscheduling upload
09-07 03:44:52.872  7867 13150 V FA-SVC  : Scheduling upload, millis: 2544241
09-07 03:44:52.873  7867 13150 V FA-SVC  : Background event processing time, ms: 14
09-07 03:44:52.894  2182  2182 W View    : requestLayout() improperly called by com.android.keyguard.AlphaOptimizedLinearLayout{551c6d8 V.E...... ......ID 7,0-48,61 #7f0a041c app:id/wifi_group} during second layout pass: posting in next frame
09-07 03:44:52.899  2037  2065 I ActivityTaskManager: Displayed ru.iteco.fmhandroid/.ui.AppActivity: +768ms
09-07 03:44:52.910  2182  2182 W View    : requestLayout() improperly called by StatusBarIconView(slot=mobile icon=null notification=null) during layout: running second layout pass
09-07 03:44:52.915 13103 13145 W FileTestStorage: Test input args is not supported.
09-07 03:44:52.925 13103 13103 W teco.fmhandroi: Accessing hidden method Landroid/os/MessageQueue;->next()Landroid/os/Message; (greylist, reflection, allowed)
09-07 03:44:52.925 13103 13103 W teco.fmhandroi: Accessing hidden field Landroid/os/MessageQueue;->mMessages:Landroid/os/Message; (greylist, reflection, allowed)
09-07 03:44:52.925 13103 13103 W teco.fmhandroi: Accessing hidden method Landroid/os/Message;->recycleUnchecked()V (greylist, reflection, allowed)
09-07 03:44:52.925 13103 13145 W teco.fmhandroi: Accessing hidden method Lsun/misc/Unsafe;->getUnsafe()Lsun/misc/Unsafe; (greylist,core-platform-api, linking, allowed)
09-07 03:44:52.926 13103 13145 W teco.fmhandroi: Accessing hidden method Lsun/misc/Unsafe;->putObject(Ljava/lang/Object;JLjava/lang/Object;)V (greylist, linking, allowed)
09-07 03:44:52.930 13103 13145 W teco.fmhandroi: Accessing hidden method Lsun/misc/Unsafe;->compareAndSwapObject(Ljava/lang/Object;JLjava/lang/Object;Ljava/lang/Object;)Z (greylist, linking, allowed)
09-07 03:44:52.930 13103 13145 W teco.fmhandroi: Accessing hidden method Lsun/misc/Unsafe;->getObject(Ljava/lang/Object;J)Ljava/lang/Object; (greylist, linking, allowed)
09-07 03:44:52.933  1792  2272 E GnssHAL_GnssInterface: gnssSvStatusCb: a: input svInfo.flags is 8
09-07 03:44:52.933  1792  2272 E GnssHAL_GnssInterface: gnssSvStatusCb: b: input svInfo.flags is 8
09-07 03:44:52.934 13103 13103 W teco.fmhandroi: Accessing hidden method Landroid/view/WindowManagerGlobal;->getInstance()Landroid/view/WindowManagerGlobal; (greylist, reflection, allowed)
09-07 03:44:52.934 13103 13103 W teco.fmhandroi: Accessing hidden field Landroid/view/WindowManagerGlobal;->mViews:Ljava/util/ArrayList; (greylist, reflection, allowed)
09-07 03:44:52.934 13103 13103 W teco.fmhandroi: Accessing hidden field Landroid/view/WindowManagerGlobal;->mParams:Ljava/util/ArrayList; (greylist, reflection, allowed)
09-07 03:44:52.943  2182  2182 W View    : requestLayout() improperly called by com.android.keyguard.AlphaOptimizedLinearLayout{551c6d8 V.E...... ......ID 7,0-48,61 #7f0a041c app:id/wifi_group} during second layout pass: posting in next frame
09-07 03:44:52.947 13103 13103 I ViewInteraction: Performing 'wait for a specific view with <an instance of android.widget.TextView and view.getText() with or without transformation to match: is "News"> during 10000 millis.' action on view view.getRootView() to equal view
09-07 03:44:52.950  2182  2182 W View    : requestLayout() improperly called by StatusBarIconView(slot=mobile icon=null notification=null) during layout: running second layout pass
09-07 03:44:53.246  8425  8460 I FontLog : (REDACTED) Received query %s, URI %s
09-07 03:44:53.246  8425  8460 I FontLog : (REDACTED) Query [%s] resolved to %s
09-07 03:44:53.247  8425  8460 I FontLog : (REDACTED) Fetch %s end status %s
09-07 03:44:53.252  8425  8460 I FontLog : (REDACTED) Pulling font file for id = %d, cache size = %d
09-07 03:44:53.255  8425  8460 I FontLog : (REDACTED) Pulling font file for id = %d, cache size = %d
09-07 03:44:53.935  1792  2272 E GnssHAL_GnssInterface: gnssSvStatusCb: a: input svInfo.flags is 8
09-07 03:44:53.935  1792  2272 E GnssHAL_GnssInterface: gnssSvStatusCb: b: input svInfo.flags is 8
09-07 03:44:54.935  1792  2272 E GnssHAL_GnssInterface: gnssSvStatusCb: a: input svInfo.flags is 8
09-07 03:44:54.935  1792  2272 E GnssHAL_GnssInterface: gnssSvStatusCb: b: input svInfo.flags is 8
09-07 03:44:55.280  2037  7767 D WificondControl: Scan result ready event
09-07 03:44:55.288  8425 13078 I ChimeraSrvcProxy: NullBinder for android.net.action.RECOMMEND_NETWORKS triggering remote TransactionTooLargeException due to Service without Chimera impl
09-07 03:44:55.510  2434  2940 E ActivityThread: Failed to find provider info for com.google.android.apps.wellbeing.api
09-07 03:44:55.739 13103 13103 W teco.fmhandroi: Accessing hidden method Lsun/misc/Unsafe;->allocateInstance(Ljava/lang/Class;)Ljava/lang/Object; (greylist, reflection, allowed)
09-07 03:44:55.751 13103 13207 I okhttp.OkHttpClient: --> GET http://www.981757-ca08998.tmweb.ru:8080/fmh/authentication/userInfo
09-07 03:44:55.751 13103 13207 I okhttp.OkHttpClient: --> END GET
09-07 03:44:55.935  1792  2272 E GnssHAL_GnssInterface: gnssSvStatusCb: a: input svInfo.flags is 8
09-07 03:44:55.935  1792  2272 E GnssHAL_GnssInterface: gnssSvStatusCb: b: input svInfo.flags is 8
09-07 03:44:56.205  1774 13208 E ResolverController: No valid NAT64 prefix (101, <unspecified>/0)
09-07 03:44:56.934  1792  2272 E GnssHAL_GnssInterface: gnssSvStatusCb: a: input svInfo.flags is 8
09-07 03:44:56.934  1792  2272 E GnssHAL_GnssInterface: gnssSvStatusCb: b: input svInfo.flags is 8
09-07 03:44:57.530 13103 13207 I okhttp.OkHttpClient: <-- 200 http://www.981757-ca08998.tmweb.ru:8080/fmh/authentication/userInfo (1778ms)
09-07 03:44:57.530 13103 13207 I okhttp.OkHttpClient: Vary: Origin
09-07 03:44:57.530 13103 13207 I okhttp.OkHttpClient: Vary: Access-Control-Request-Method
09-07 03:44:57.530 13103 13207 I okhttp.OkHttpClient: Vary: Access-Control-Request-Headers
09-07 03:44:57.530 13103 13207 I okhttp.OkHttpClient: X-Content-Type-Options: nosniff
09-07 03:44:57.530 13103 13207 I okhttp.OkHttpClient: X-XSS-Protection: 1; mode=block
09-07 03:44:57.530 13103 13207 I okhttp.OkHttpClient: Cache-Control: no-cache, no-store, max-age=0, must-revalidate
09-07 03:44:57.530 13103 13207 I okhttp.OkHttpClient: Pragma: no-cache
09-07 03:44:57.530 13103 13207 I okhttp.OkHttpClient: Expires: 0
09-07 03:44:57.530 13103 13207 I okhttp.OkHttpClient: X-Frame-Options: DENY
09-07 03:44:57.530 13103 13207 I okhttp.OkHttpClient: Content-Type: application/json
09-07 03:44:57.530 13103 13207 I okhttp.OkHttpClient: Transfer-Encoding: chunked
09-07 03:44:57.530 13103 13207 I okhttp.OkHttpClient: Date: Thu, 07 Sep 2023 03:44:58 GMT
09-07 03:44:57.530 13103 13207 I okhttp.OkHttpClient: Keep-Alive: timeout=60
09-07 03:44:57.530 13103 13207 I okhttp.OkHttpClient: Connection: keep-alive
09-07 03:44:57.532 13103 13207 I okhttp.OkHttpClient: {"id":1,"firstName":"Ivan","lastName":"Ivanov","middleName":"Ivanovich","admin":true}
09-07 03:44:57.532 13103 13207 I okhttp.OkHttpClient: <-- END HTTP (85-byte body)
09-07 03:44:57.567 13103 13214 I okhttp.OkHttpClient: --> GET http://www.981757-ca08998.tmweb.ru:8080/fmh/claims
09-07 03:44:57.567 13103 13214 I okhttp.OkHttpClient: --> END GET
09-07 03:44:57.910  2182  2182 W View    : requestLayout() improperly called by com.android.keyguard.AlphaOptimizedLinearLayout{551c6d8 V.E...... ......ID 7,0-48,61 #7f0a041c app:id/wifi_group} during second layout pass: posting in next frame
09-07 03:44:57.910 13103 13194 D EGL_emulation: eglMakeCurrent: 0xe22f7240: ver 2 0 (tinfo 0xe2336900)
09-07 03:44:57.913  1793  1859 D gralloc_ranchu: gralloc_alloc: Creating ashmem region of size 9850880
09-07 03:44:57.929  2182  2182 W View    : requestLayout() improperly called by StatusBarIconView(slot=mobile icon=null notification=null) during layout: running second layout pass
09-07 03:44:57.933  1792  2272 E GnssHAL_GnssInterface: gnssSvStatusCb: a: input svInfo.flags is 8
09-07 03:44:57.933  1792  2272 E GnssHAL_GnssInterface: gnssSvStatusCb: b: input svInfo.flags is 8
09-07 03:44:57.934 13103 13194 D EGL_emulation: eglMakeCurrent: 0xe22f7240: ver 2 0 (tinfo 0xe2336900)
09-07 03:44:57.942 13103 13146 V FA      : Inactivity, disconnecting from the service
09-07 03:44:58.108  1793  1859 D gralloc_ranchu: gralloc_alloc: Creating ashmem region of size 9850880
09-07 03:44:58.122  1793  1859 D gralloc_ranchu: gralloc_alloc: Creating ashmem region of size 9850880
09-07 03:44:58.224 13103 13103 I ViewInteraction: Checking 'MatchesViewAssertion{viewMatcher=(view has effective visibility <VISIBLE> and view.getGlobalVisibleRect() to return non-empty rectangle)}' assertion on view an instance of android.widget.TextView and view.getText() with or without transformation to match: is "News"
09-07 03:44:58.228 13103 13103 I ViewInteraction: Performing 'wait for a specific view with <view.getId() is <2131230951>> during 10000 millis.' action on view view.getRootView() to equal view
09-07 03:44:58.230 13103 13145 W teco.fmhandroi: Accessing hidden method Lsun/misc/Unsafe;->compareAndSwapObject(Ljava/lang/Object;JLjava/lang/Object;Ljava/lang/Object;)Z (greylist, linking, allowed)
09-07 03:44:58.234 13103 13103 I ViewInteraction: Checking 'MatchesViewAssertion{viewMatcher=(view has effective visibility <VISIBLE> and view.getGlobalVisibleRect() to return non-empty rectangle)}' assertion on view view.getId() is <2131230951/ru.iteco.fmhandroid:id/container_list_news_include_on_fragment_main>
09-07 03:44:58.235 13103 13145 W teco.fmhandroi: Accessing hidden method Lsun/misc/Unsafe;->compareAndSwapObject(Ljava/lang/Object;JLjava/lang/Object;Ljava/lang/Object;)Z (greylist, linking, allowed)
09-07 03:44:58.237 13103 13103 I ViewInteraction: Performing 'wait for a specific view with <view.getId() is <2131230949>> during 10000 millis.' action on view view.getRootView() to equal view
09-07 03:44:58.241 13103 13145 W teco.fmhandroi: Accessing hidden method Lsun/misc/Unsafe;->compareAndSwapObject(Ljava/lang/Object;JLjava/lang/Object;Ljava/lang/Object;)Z (greylist, linking, allowed)
09-07 03:44:58.243 13103 13103 I ViewInteraction: Checking 'MatchesViewAssertion{viewMatcher=(view has effective visibility <VISIBLE> and view.getGlobalVisibleRect() to return non-empty rectangle)}' assertion on view view.getId() is <2131230949/ru.iteco.fmhandroid:id/container_list_claim_include_on_fragment_main>
09-07 03:44:58.244 13103 13145 W teco.fmhandroi: Accessing hidden method Lsun/misc/Unsafe;->compareAndSwapObject(Ljava/lang/Object;JLjava/lang/Object;Ljava/lang/Object;)Z (greylist, linking, allowed)
09-07 03:44:58.246 13103 13103 I ViewInteraction: Performing 'wait for a specific view with <an instance of android.widget.TextView and view.getText() with or without transformation to match: is "Claims"> during 10000 millis.' action on view view.getRootView() to equal view
09-07 03:44:58.254 13103 13103 I ViewInteraction: Checking 'MatchesViewAssertion{viewMatcher=(view has effective visibility <VISIBLE> and view.getGlobalVisibleRect() to return non-empty rectangle)}' assertion on view an instance of android.widget.TextView and view.getText() with or without transformation to match: is "Claims"
09-07 03:44:58.255 13103 13203 W teco.fmhandroi: Accessing hidden method Lsun/misc/Unsafe;->compareAndSwapObject(Ljava/lang/Object;JLjava/lang/Object;Ljava/lang/Object;)Z (greylist, linking, allowed)
09-07 03:44:58.257 13103 13103 I ViewInteraction: Performing 'wait for a specific view with <view.getId() is <2131231123>> during 10000 millis.' action on view view.getRootView() to equal view
09-07 03:44:58.261 13103 13145 W teco.fmhandroi: Accessing hidden method Landroid/view/ViewConfiguration;->getDoubleTapMinTime()I (greylist, reflection, allowed)
09-07 03:44:58.265 13103 13145 W teco.fmhandroi: Accessing hidden method Lsun/misc/Unsafe;->compareAndSwapObject(Ljava/lang/Object;JLjava/lang/Object;Ljava/lang/Object;)Z (greylist, linking, allowed)
09-07 03:44:58.265 13103 13203 W teco.fmhandroi: Accessing hidden method Lsun/misc/Unsafe;->compareAndSwapObject(Ljava/lang/Object;JLjava/lang/Object;Ljava/lang/Object;)Z (greylist, linking, allowed)
09-07 03:44:58.268 13103 13103 I ViewInteraction: Performing 'single click' action on view view.getId() is <2131231123/ru.iteco.fmhandroid:id/main_menu_image_button>
09-07 03:44:58.316  1781  6116 W audio_hw_generic: Not supplying enough data to HAL, expected position 14382731 , only wrote 14382699
09-07 03:44:58.350  1793  1859 D gralloc_ranchu: gralloc_alloc: Creating ashmem region of size 2015232
09-07 03:44:58.353  1793  1859 I chatty  : uid=1000(system) HwBinder:1793_1 identical 1 line
09-07 03:44:58.354  1793  1859 D gralloc_ranchu: gralloc_alloc: Creating ashmem region of size 2015232
09-07 03:44:58.375 13103 13194 D EGL_emulation: eglMakeCurrent: 0xe22f7240: ver 2 0 (tinfo 0xe2336900)
09-07 03:44:58.400 13103 13194 I chatty  : uid=10136(ru.iteco.fmhandroid) RenderThread identical 3 lines
09-07 03:44:58.402 13103 13194 D EGL_emulation: eglMakeCurrent: 0xe22f7240: ver 2 0 (tinfo 0xe2336900)
09-07 03:44:58.623 13103 13145 W teco.fmhandroi: Accessing hidden method Lsun/misc/Unsafe;->compareAndSwapObject(Ljava/lang/Object;JLjava/lang/Object;Ljava/lang/Object;)Z (greylist, linking, allowed)
09-07 03:44:58.626 13103 13103 I ViewInteraction: Performing 'wait for a specific view with <an instance of android.widget.TextView and view.getText() with or without transformation to match: is "News"> during 10000 millis.' action on view view.getRootView() to equal view
09-07 03:44:58.631 13103 13103 I ViewInteraction: Performing 'single click' action on view an instance of android.widget.TextView and view.getText() with or without transformation to match: is "News"
09-07 03:44:58.779 13103 13222 I okhttp.OkHttpClient: --> GET http://www.981757-ca08998.tmweb.ru:8080/fmh/news
09-07 03:44:58.779 13103 13222 I okhttp.OkHttpClient: --> END GET
09-07 03:44:58.781  1774 13223 E ResolverController: No valid NAT64 prefix (101, <unspecified>/0)
09-07 03:44:58.818 13103 13194 D EGL_emulation: eglMakeCurrent: 0xe22f7240: ver 2 0 (tinfo 0xe2336900)
09-07 03:44:58.838 13103 13194 D EGL_emulation: eglMakeCurrent: 0xe22f7240: ver 2 0 (tinfo 0xe2336900)
09-07 03:44:58.934  1792  2272 E GnssHAL_GnssInterface: gnssSvStatusCb: a: input svInfo.flags is 8
09-07 03:44:58.934  1792  2272 E GnssHAL_GnssInterface: gnssSvStatusCb: b: input svInfo.flags is 8
09-07 03:44:59.149 13103 13203 W teco.fmhandroi: Accessing hidden method Lsun/misc/Unsafe;->compareAndSwapObject(Ljava/lang/Object;JLjava/lang/Object;Ljava/lang/Object;)Z (greylist, linking, allowed)
09-07 03:44:59.151 13103 13103 I ViewInteraction: Performing 'wait for a specific view with <view.getId() is <2131231025>> during 10000 millis.' action on view view.getRootView() to equal view
09-07 03:44:59.152 13103 13145 W teco.fmhandroi: Accessing hidden method Lsun/misc/Unsafe;->compareAndSwapObject(Ljava/lang/Object;JLjava/lang/Object;Ljava/lang/Object;)Z (greylist, linking, allowed)
09-07 03:44:59.153 13103 13103 I ViewInteraction: Performing 'single click' action on view view.getId() is <2131231025/ru.iteco.fmhandroid:id/edit_news_material_button>
09-07 03:44:59.229 13103 13226 I okhttp.OkHttpClient: --> GET http://www.981757-ca08998.tmweb.ru:8080/fmh/news
09-07 03:44:59.229 13103 13226 I okhttp.OkHttpClient: --> END GET
09-07 03:44:59.650 13103 13145 W teco.fmhandroi: Accessing hidden method Lsun/misc/Unsafe;->compareAndSwapObject(Ljava/lang/Object;JLjava/lang/Object;Ljava/lang/Object;)Z (greylist, linking, allowed)
09-07 03:44:59.653 13103 13103 I ViewInteraction: Performing 'wait for a specific view with <view.getId() is <2131230850>> during 10000 millis.' action on view view.getRootView() to equal view
09-07 03:44:59.658 13103 13145 W teco.fmhandroi: Accessing hidden method Lsun/misc/Unsafe;->compareAndSwapObject(Ljava/lang/Object;JLjava/lang/Object;Ljava/lang/Object;)Z (greylist, linking, allowed)
09-07 03:44:59.658 13103 13203 W teco.fmhandroi: Accessing hidden method Lsun/misc/Unsafe;->compareAndSwapObject(Ljava/lang/Object;JLjava/lang/Object;Ljava/lang/Object;)Z (greylist, linking, allowed)
09-07 03:44:59.660 13103 13103 I ViewInteraction: Performing 'single click' action on view view.getId() is <2131230850/ru.iteco.fmhandroid:id/add_news_image_view>
09-07 03:44:59.934  1792  2272 E GnssHAL_GnssInterface: gnssSvStatusCb: a: input svInfo.flags is 8
09-07 03:44:59.934  1792  2272 E GnssHAL_GnssInterface: gnssSvStatusCb: b: input svInfo.flags is 8
09-07 03:45:00.023  2182  2182 W View    : requestLayout() improperly called by com.android.keyguard.AlphaOptimizedLinearLayout{551c6d8 V.E...... ......ID 7,0-48,61 #7f0a041c app:id/wifi_group} during second layout pass: posting in next frame
09-07 03:45:00.040  2182  2182 W View    : requestLayout() improperly called by StatusBarIconView(slot=mobile icon=null notification=null) during layout: running second layout pass
09-07 03:45:00.116 13103 13145 W teco.fmhandroi: Accessing hidden method Lsun/misc/Unsafe;->compareAndSwapObject(Ljava/lang/Object;JLjava/lang/Object;Ljava/lang/Object;)Z (greylist, linking, allowed)
09-07 03:45:00.116 13103 13203 W teco.fmhandroi: Accessing hidden method Lsun/misc/Unsafe;->compareAndSwapObject(Ljava/lang/Object;JLjava/lang/Object;Ljava/lang/Object;)Z (greylist, linking, allowed)
09-07 03:45:00.118 13103 13103 I ViewInteraction: Performing 'wait for a specific view with <view.getId() is <2131231204>> during 10000 millis.' action on view view.getRootView() to equal view
09-07 03:45:00.119 13103 13145 W teco.fmhandroi: Accessing hidden method Lsun/misc/Unsafe;->compareAndSwapObject(Ljava/lang/Object;JLjava/lang/Object;Ljava/lang/Object;)Z (greylist, linking, allowed)
09-07 03:45:00.121 13103 13103 I ViewInteraction: Performing 'single click' action on view view.getId() is <2131231204/ru.iteco.fmhandroid:id/news_item_category_text_auto_complete_text_view>
09-07 03:45:00.191  2037  2065 E memtrack: Couldn't load memtrack module
09-07 03:45:00.191  2037  2065 W android.os.Debug: failed to get memory consumption info: -1
09-07 03:45:00.220  1793  1859 D gralloc_ranchu: gralloc_alloc: Creating ashmem region of size 5308416
09-07 03:45:00.231  1793  1859 I chatty  : uid=1000(system) HwBinder:1793_1 identical 1 line
09-07 03:45:00.232  1793  1859 D gralloc_ranchu: gralloc_alloc: Creating ashmem region of size 5308416
09-07 03:45:00.236 13103 13194 D EGL_emulation: eglMakeCurrent: 0xe22f7240: ver 2 0 (tinfo 0xe2336900)
09-07 03:45:00.253 13103 13103 I AssistStructure: Flattened final assist data: 7432 bytes, containing 2 windows, 55 views
09-07 03:45:00.267 13103 13194 D EGL_emulation: eglMakeCurrent: 0xe22f7240: ver 2 0 (tinfo 0xe2336900)
09-07 03:45:00.275 13103 13103 I AssistStructure: Flattened final assist data: 7432 bytes, containing 2 windows, 55 views
09-07 03:45:00.279 13103 13194 D EGL_emulation: eglMakeCurrent: 0xe22f7240: ver 2 0 (tinfo 0xe2336900)
09-07 03:45:00.279  8425  8425 W AutofillChimeraService: Pending fill request while another request in the same session was triggered. [CONTEXT service_id=177 ]
09-07 03:45:00.290  7867  7867 D BoundBrokerSvc: onBind: Intent { act=com.google.android.mdd.service.START dat=chimera-action: cmp=com.google.android.gms/.chimera.GmsBoundBrokerService }
09-07 03:45:00.290  7867  7867 D BoundBrokerSvc: Loading bound service for intent: Intent { act=com.google.android.mdd.service.START dat=chimera-action: cmp=com.google.android.gms/.chimera.GmsBoundBrokerService }
09-07 03:45:00.291 13103 13194 D EGL_emulation: eglMakeCurrent: 0xe22f7240: ver 2 0 (tinfo 0xe2336900)
09-07 03:45:00.293  6131  6131 I KeyboardViewUtil: systemKeyboardHeightRatio:1.000000; userKeyboardHeightRatio:1.000000.
09-07 03:45:00.294  6131  6131 I AndroidIME: LatinIme.onActivate() : EditorInfo = Package = ru.iteco.fmhandroid : Type = Text : Learning = Disable : Suggestion = Show : AutoCorrection = Disable : Microphone = Show : NoPersonalizedLearning = Disable
09-07 03:45:00.303  6131  6131 I Conv2QueryExtension: Current locale: en_US, config allows these locales: de,en,es,fr,it,ms,pt,ta
09-07 03:45:00.303  6131  6131 I Conv2QueryExtension: Conv2Query not enabled due to current app [ru.iteco.fmhandroid] not in whitelist
09-07 03:45:00.303  6131  6131 I Conv2QueryExtension: onActivate() : Disabled by unsupported host app
09-07 03:45:00.314  1793  1859 D gralloc_ranchu: gralloc_alloc: Creating ashmem region of size 9113600
09-07 03:45:00.322  1793  1859 D gralloc_ranchu: gralloc_alloc: Creating ashmem region of size 9113600
09-07 03:45:00.324  2182  2468 D EGL_emulation: eglMakeCurrent: 0xda21a360: ver 2 0 (tinfo 0xda20f590)
09-07 03:45:00.324  6131  6653 D EGL_emulation: eglMakeCurrent: 0xe224f240: ver 2 0 (tinfo 0xe227da70)
09-07 03:45:00.329  2182  2182 W View    : requestLayout() improperly called by com.android.keyguard.AlphaOptimizedLinearLayout{551c6d8 V.E...... ......ID 7,0-48,61 #7f0a041c app:id/wifi_group} during second layout pass: posting in next frame
09-07 03:45:00.333  1793  1859 D gralloc_ranchu: gralloc_alloc: Creating ashmem region of size 9113600
09-07 03:45:00.337  2182  2182 W View    : requestLayout() improperly called by StatusBarIconView(slot=mobile icon=null notification=null) during layout: running second layout pass
09-07 03:45:00.342  2182  2468 D EGL_emulation: eglMakeCurrent: 0xda21a360: ver 2 0 (tinfo 0xda20f590)
09-07 03:45:00.409  1793  1859 D gralloc_ranchu: gralloc_alloc: Creating ashmem region of size 3530752
09-07 03:45:00.421 13103 13194 D EGL_emulation: eglMakeCurrent: 0xe22f7240: ver 2 0 (tinfo 0xe2336900)
09-07 03:45:00.427  1793  1859 D gralloc_ranchu: gralloc_alloc: Creating ashmem region of size 3530752
09-07 03:45:00.430 13103 13194 D EGL_emulation: eglMakeCurrent: 0xe22f7240: ver 2 0 (tinfo 0xe2336900)
09-07 03:45:00.439 13103 13194 D EGL_emulation: eglMakeCurrent: 0xe22f7240: ver 2 0 (tinfo 0xe2336900)
09-07 03:45:00.443  1793  1859 D gralloc_ranchu: gralloc_alloc: Creating ashmem region of size 3530752
09-07 03:45:00.529 13103 13145 W teco.fmhandroi: Accessing hidden method Lsun/misc/Unsafe;->compareAndSwapObject(Ljava/lang/Object;JLjava/lang/Object;Ljava/lang/Object;)Z (greylist, linking, allowed)
09-07 03:45:00.531 13103 13103 I ViewInteraction: Performing 'close keyboard' action on view view.getRootView() to equal view
09-07 03:45:00.536  6131  6131 I PhenotypeExpConfig: refreshConfiguration() : Force = false : UpdateAvailable = false : Age = 36 minutes : MaxAge = 720 minutes
09-07 03:45:00.538  6131  6131 I AndroidIME: LatinIme.onDeactivate()
09-07 03:45:00.544  2182  2468 D EGL_emulation: eglMakeCurrent: 0xda21a360: ver 2 0 (tinfo 0xda20f590)
09-07 03:45:00.544  6131  6653 D EGL_emulation: eglMakeCurrent: 0xe224f240: ver 2 0 (tinfo 0xe227da70)
09-07 03:45:00.545  2182  2182 W View    : requestLayout() improperly called by com.android.keyguard.AlphaOptimizedLinearLayout{551c6d8 V.E...... ......ID 7,0-48,61 #7f0a041c app:id/wifi_group} during second layout pass: posting in next frame
09-07 03:45:00.562  2182  2182 W View    : requestLayout() improperly called by StatusBarIconView(slot=mobile icon=null notification=null) during layout: running second layout pass
09-07 03:45:00.568  2182  2468 D EGL_emulation: eglMakeCurrent: 0xda21a360: ver 2 0 (tinfo 0xda20f590)
09-07 03:45:00.590 13103 13194 D EGL_emulation: eglMakeCurrent: 0xe22f7240: ver 2 0 (tinfo 0xe2336900)
09-07 03:45:00.612  1793  1859 D gralloc_ranchu: gralloc_alloc: Creating ashmem region of size 5308416
09-07 03:45:00.622 13103 13194 D EGL_emulation: eglMakeCurrent: 0xe22f7240: ver 2 0 (tinfo 0xe2336900)
09-07 03:45:00.631  1793  1859 D gralloc_ranchu: gralloc_alloc: Creating ashmem region of size 5308416
09-07 03:45:00.633 13103 13194 D EGL_emulation: eglMakeCurrent: 0xe22f7240: ver 2 0 (tinfo 0xe2336900)
09-07 03:45:00.641 13103 13194 D EGL_emulation: eglMakeCurrent: 0xe22f7240: ver 2 0 (tinfo 0xe2336900)
09-07 03:45:00.646  1793  1859 D gralloc_ranchu: gralloc_alloc: Creating ashmem region of size 5308416
09-07 03:45:00.675 13103 13194 D EGL_emulation: eglMakeCurrent: 0xe22f7240: ver 2 0 (tinfo 0xe2336900)
09-07 03:45:00.845 13103 13103 I ViewInteraction: Checking 'MatchesViewAssertion{viewMatcher=(view has effective visibility <VISIBLE> and view.getGlobalVisibleRect() to return non-empty rectangle)}' assertion on view an instance of android.widget.TextView and view.getText() with or without transformation to match: is ""
09-07 03:45:00.848 13103 13103 I ViewInteraction: Performing 'single click' action on view an instance of android.widget.TextView and view.getText() with or without transformation to match: is ""
09-07 03:45:00.897 13103 13194 D EGL_emulation: eglMakeCurrent: 0xe22f7240: ver 2 0 (tinfo 0xe2336900)
09-07 03:45:00.935  1792  2272 E GnssHAL_GnssInterface: gnssSvStatusCb: a: input svInfo.flags is 8
09-07 03:45:00.935  1792  2272 E GnssHAL_GnssInterface: gnssSvStatusCb: b: input svInfo.flags is 8
09-07 03:45:00.978 13103 13194 D EGL_emulation: eglMakeCurrent: 0xe22f7240: ver 2 0 (tinfo 0xe2336900)
09-07 03:45:00.990  2037  2055 E InputDispatcher: Window handle Window{df4d9c0 u0 PopupWindow:13e070} has no registered input channel
09-07 03:45:00.994 13103 13194 D EGL_emulation: eglMakeCurrent: 0xe22f7240: ver 2 0 (tinfo 0xe2336900)
09-07 03:45:01.118 13103 13145 W teco.fmhandroi: Accessing hidden method Lsun/misc/Unsafe;->compareAndSwapObject(Ljava/lang/Object;JLjava/lang/Object;Ljava/lang/Object;)Z (greylist, linking, allowed)
09-07 03:45:01.120 13103 13103 I ViewInteraction: Performing 'wait for a specific view with <view.getId() is <2131231227>> during 10000 millis.' action on view view.getRootView() to equal view
09-07 03:45:01.121 13103 13145 W teco.fmhandroi: Accessing hidden method Lsun/misc/Unsafe;->compareAndSwapObject(Ljava/lang/Object;JLjava/lang/Object;Ljava/lang/Object;)Z (greylist, linking, allowed)
09-07 03:45:01.121 13103 13203 W teco.fmhandroi: Accessing hidden method Lsun/misc/Unsafe;->compareAndSwapObject(Ljava/lang/Object;JLjava/lang/Object;Ljava/lang/Object;)Z (greylist, linking, allowed)
09-07 03:45:01.123 13103 13103 I ViewInteraction: Performing 'replace text( fcbf2bc1-b8ec-425d-9ecc-b880d2190938)' action on view view.getId() is <2131231227/ru.iteco.fmhandroid:id/news_item_title_text_input_edit_text>
09-07 03:45:01.126 13103 13145 W teco.fmhandroi: Accessing hidden method Lsun/misc/Unsafe;->compareAndSwapObject(Ljava/lang/Object;JLjava/lang/Object;Ljava/lang/Object;)Z (greylist, linking, allowed)
09-07 03:45:01.127 13103 13203 W teco.fmhandroi: Accessing hidden method Lsun/misc/Unsafe;->compareAndSwapObject(Ljava/lang/Object;JLjava/lang/Object;Ljava/lang/Object;)Z (greylist, linking, allowed)
09-07 03:45:01.146 13103 13103 I ViewInteraction: Performing 'wait for a specific view with <view.getId() is <2131231222>> during 10000 millis.' action on view view.getRootView() to equal view
09-07 03:45:01.148 13103 13145 W teco.fmhandroi: Accessing hidden method Lsun/misc/Unsafe;->compareAndSwapObject(Ljava/lang/Object;JLjava/lang/Object;Ljava/lang/Object;)Z (greylist, linking, allowed)
09-07 03:45:01.148 13103 13203 W teco.fmhandroi: Accessing hidden method Lsun/misc/Unsafe;->compareAndSwapObject(Ljava/lang/Object;JLjava/lang/Object;Ljava/lang/Object;)Z (greylist, linking, allowed)
09-07 03:45:01.149 13103 13103 I ViewInteraction: Performing 'single click' action on view view.getId() is <2131231222/ru.iteco.fmhandroid:id/news_item_publish_date_text_input_edit_text>
09-07 03:45:01.252 12940 12940 I SetupWizard: [aym] Pausing wifi scanner.
09-07 03:45:01.317  1793  1859 D gralloc_ranchu: gralloc_alloc: Creating ashmem region of size 6778880
09-07 03:45:01.327  1793  1859 I chatty  : uid=1000(system) HwBinder:1793_1 identical 1 line
09-07 03:45:01.328  1793  1859 D gralloc_ranchu: gralloc_alloc: Creating ashmem region of size 6778880
09-07 03:45:01.336 13103 13194 D EGL_emulation: eglMakeCurrent: 0xe22f7240: ver 2 0 (tinfo 0xe2336900)
09-07 03:45:01.627 13103 13194 I chatty  : uid=10136(ru.iteco.fmhandroid) RenderThread identical 18 lines
09-07 03:45:01.638 13103 13194 D EGL_emulation: eglMakeCurrent: 0xe22f7240: ver 2 0 (tinfo 0xe2336900)
09-07 03:45:01.936  1792  2272 E GnssHAL_GnssInterface: gnssSvStatusCb: a: input svInfo.flags is 8
09-07 03:45:01.936  1792  2272 E GnssHAL_GnssInterface: gnssSvStatusCb: b: input svInfo.flags is 8
09-07 03:45:01.944 13103 13145 W teco.fmhandroi: Accessing hidden method Lsun/misc/Unsafe;->compareAndSwapObject(Ljava/lang/Object;JLjava/lang/Object;Ljava/lang/Object;)Z (greylist, linking, allowed)
09-07 03:45:01.947 13103 13103 I ViewInteraction: Performing 'wait for a specific view with <is assignable from class <class android.widget.DatePicker>> during 10000 millis.' action on view view.getRootView() to equal view
09-07 03:45:01.950 13103 13103 I ViewInteraction: Checking 'MatchesViewAssertion{viewMatcher=(view has effective visibility <VISIBLE> and view.getGlobalVisibleRect() to return non-empty rectangle)}' assertion on view is assignable from class <class android.widget.DatePicker>
09-07 03:45:01.953 13103 13103 I ViewInteraction: Performing 'wait for a specific view with <is assignable from class <class android.widget.DatePicker>> during 10000 millis.' action on view view.getRootView() to equal view
09-07 03:45:01.957 13103 13103 I ViewInteraction: Performing 'set date' action on view is assignable from class <class android.widget.DatePicker>
09-07 03:45:01.983 13103 13194 D EGL_emulation: eglMakeCurrent: 0xe22f7240: ver 2 0 (tinfo 0xe2336900)
09-07 03:45:02.000 13103 13103 I ViewInteraction: Performing 'wait for a specific view with <view.getId() is <16908313>> during 10000 millis.' action on view view.getRootView() to equal view
09-07 03:45:02.001 13103 13145 W teco.fmhandroi: Accessing hidden method Lsun/misc/Unsafe;->compareAndSwapObject(Ljava/lang/Object;JLjava/lang/Object;Ljava/lang/Object;)Z (greylist, linking, allowed)
09-07 03:45:02.004 13103 13103 I ViewInteraction: Performing 'single click' action on view view.getId() is <16908313/android:id/button1>
09-07 03:45:02.085 13103 13194 D EGL_emulation: eglMakeCurrent: 0xe22f7240: ver 2 0 (tinfo 0xe2336900)
09-07 03:45:02.092  2037  2302 E InputDispatcher: Window handle Window{836e749 u0 ru.iteco.fmhandroid/ru.iteco.fmhandroid.ui.AppActivity} has no registered input channel
09-07 03:45:02.103 13103 13194 D EGL_emulation: eglMakeCurrent: 0xe22f7240: ver 2 0 (tinfo 0xe2336900)
09-07 03:45:02.372 13103 13145 W teco.fmhandroi: Accessing hidden method Lsun/misc/Unsafe;->compareAndSwapObject(Ljava/lang/Object;JLjava/lang/Object;Ljava/lang/Object;)Z (greylist, linking, allowed)
09-07 03:45:02.374 13103 13103 I ViewInteraction: Performing 'wait for a specific view with <view.getId() is <2131231223>> during 10000 millis.' action on view view.getRootView() to equal view
09-07 03:45:02.376 13103 13145 W teco.fmhandroi: Accessing hidden method Lsun/misc/Unsafe;->compareAndSwapObject(Ljava/lang/Object;JLjava/lang/Object;Ljava/lang/Object;)Z (greylist, linking, allowed)
09-07 03:45:02.380 13103 13103 I ViewInteraction: Performing 'single click' action on view view.getId() is <2131231223/ru.iteco.fmhandroid:id/news_item_publish_time_text_input_edit_text>
09-07 03:45:02.531  1793  1859 D gralloc_ranchu: gralloc_alloc: Creating ashmem region of size 5718016
09-07 03:45:02.539  1793  1859 D gralloc_ranchu: gralloc_alloc: Creating ashmem region of size 5718016
09-07 03:45:02.543 13103 13194 D EGL_emulation: eglMakeCurrent: 0xe22f7240: ver 2 0 (tinfo 0xe2336900)
09-07 03:45:02.543  1793  1859 D gralloc_ranchu: gralloc_alloc: Creating ashmem region of size 5718016
09-07 03:45:02.555 13103 13194 D EGL_emulation: eglMakeCurrent: 0xe22f7240: ver 2 0 (tinfo 0xe2336900)
09-07 03:45:02.571 13103 13194 I chatty  : uid=10136(ru.iteco.fmhandroid) RenderThread identical 1 line
09-07 03:45:02.597 13103 13194 D EGL_emulation: eglMakeCurrent: 0xe22f7240: ver 2 0 (tinfo 0xe2336900)
09-07 03:45:02.824 13103 13145 W teco.fmhandroi: Accessing hidden method Lsun/misc/Unsafe;->compareAndSwapObject(Ljava/lang/Object;JLjava/lang/Object;Ljava/lang/Object;)Z (greylist, linking, allowed)
09-07 03:45:02.826 13103 13103 I ViewInteraction: Performing 'wait for a specific view with <is assignable from class <class android.widget.TimePicker>> during 10000 millis.' action on view view.getRootView() to equal view
09-07 03:45:02.833 13103 13103 I ViewInteraction: Checking 'MatchesViewAssertion{viewMatcher=(view has effective visibility <VISIBLE> and view.getGlobalVisibleRect() to return non-empty rectangle)}' assertion on view is assignable from class <class android.widget.TimePicker>
09-07 03:45:02.836 13103 13103 I ViewInteraction: Performing 'wait for a specific view with <is assignable from class <class android.widget.TimePicker>> during 10000 millis.' action on view view.getRootView() to equal view
09-07 03:45:02.840 13103 13103 I ViewInteraction: Performing 'set time' action on view is assignable from class <class android.widget.TimePicker>
09-07 03:45:02.843 13103 13103 I ViewInteraction: Performing 'wait for a specific view with <view.getId() is <16908313/android:id/button1>> during 10000 millis.' action on view view.getRootView() to equal view
09-07 03:45:02.844 13103 13145 W teco.fmhandroi: Accessing hidden method Lsun/misc/Unsafe;->compareAndSwapObject(Ljava/lang/Object;JLjava/lang/Object;Ljava/lang/Object;)Z (greylist, linking, allowed)
09-07 03:45:02.845 13103 13203 W teco.fmhandroi: Accessing hidden method Lsun/misc/Unsafe;->compareAndSwapObject(Ljava/lang/Object;JLjava/lang/Object;Ljava/lang/Object;)Z (greylist, linking, allowed)
09-07 03:45:02.848 13103 13103 I ViewInteraction: Performing 'single click' action on view view.getId() is <16908313/android:id/button1>
09-07 03:45:02.914 13103 13194 D EGL_emulation: eglMakeCurrent: 0xe22f7240: ver 2 0 (tinfo 0xe2336900)
09-07 03:45:02.924 13103 13194 D EGL_emulation: eglMakeCurrent: 0xe22f7240: ver 2 0 (tinfo 0xe2336900)
09-07 03:45:02.933  2037  2055 E InputDispatcher: Window handle Window{56c00fe u0 ru.iteco.fmhandroid/ru.iteco.fmhandroid.ui.AppActivity} has no registered input channel
09-07 03:45:02.935  1792  2272 E GnssHAL_GnssInterface: gnssSvStatusCb: a: input svInfo.flags is 8
09-07 03:45:02.935  1792  2272 E GnssHAL_GnssInterface: gnssSvStatusCb: b: input svInfo.flags is 8
09-07 03:45:02.943 13103 13194 D EGL_emulation: eglMakeCurrent: 0xe22f7240: ver 2 0 (tinfo 0xe2336900)
09-07 03:45:02.960  7867  7867 D BoundBrokerSvc: onUnbind: Intent { act=com.google.android.gms.measurement.START pkg=com.google.android.gms }
09-07 03:45:02.962  2037  2065 E memtrack: Couldn't load memtrack module
09-07 03:45:02.962  2037  2065 W android.os.Debug: failed to get memory consumption info: -1
09-07 03:45:03.213 13103 13145 W teco.fmhandroi: Accessing hidden method Lsun/misc/Unsafe;->compareAndSwapObject(Ljava/lang/Object;JLjava/lang/Object;Ljava/lang/Object;)Z (greylist, linking, allowed)
09-07 03:45:03.215 13103 13103 I ViewInteraction: Performing 'wait for a specific view with <view.getId() is <2131231211>> during 10000 millis.' action on view view.getRootView() to equal view
09-07 03:45:03.216 13103 13145 W teco.fmhandroi: Accessing hidden method Lsun/misc/Unsafe;->compareAndSwapObject(Ljava/lang/Object;JLjava/lang/Object;Ljava/lang/Object;)Z (greylist, linking, allowed)
09-07 03:45:03.218 13103 13103 I ViewInteraction: Performing 'replace text( ea27d1fd-379f-438b-abe7-3dd322a6f88f)' action on view view.getId() is <2131231211/ru.iteco.fmhandroid:id/news_item_description_text_input_edit_text>
09-07 03:45:03.224 13103 13145 W teco.fmhandroi: Accessing hidden method Lsun/misc/Unsafe;->compareAndSwapObject(Ljava/lang/Object;JLjava/lang/Object;Ljava/lang/Object;)Z (greylist, linking, allowed)
09-07 03:45:03.254 13103 13103 I ViewInteraction: Performing 'wait for a specific view with <view.getId() is <2131231291>> during 10000 millis.' action on view view.getRootView() to equal view
09-07 03:45:03.255 13103 13145 W teco.fmhandroi: Accessing hidden method Lsun/misc/Unsafe;->compareAndSwapObject(Ljava/lang/Object;JLjava/lang/Object;Ljava/lang/Object;)Z (greylist, linking, allowed)
09-07 03:45:03.255 13103 13203 W teco.fmhandroi: Accessing hidden method Lsun/misc/Unsafe;->compareAndSwapObject(Ljava/lang/Object;JLjava/lang/Object;Ljava/lang/Object;)Z (greylist, linking, allowed)
09-07 03:45:03.256 13103 13103 I ViewInteraction: Performing 'single click' action on view view.getId() is <2131231291/ru.iteco.fmhandroid:id/save_button>
09-07 03:45:03.317 13103 13234 I okhttp.OkHttpClient: --> POST http://www.981757-ca08998.tmweb.ru:8080/fmh/news
09-07 03:45:03.317 13103 13234 I okhttp.OkHttpClient: Content-Type: application/json; charset=UTF-8
09-07 03:45:03.317 13103 13234 I okhttp.OkHttpClient: Content-Length: 294
09-07 03:45:03.317 13103 13234 I okhttp.OkHttpClient: {"createDate":1694047503,"creatorId":1,"creatorName":"Ivanov Ivan Ivanovich","description":" ea27d1fd-379f-438b-abe7-3dd322a6f88f","isOpen":false,"newsCategoryId":1,"publishDate":1694058240,"publishEnabled":true,"title":" fcbf2bc1-b8ec-425d-9ecc-b880d2190938"}
09-07 03:45:03.317 13103 13234 I okhttp.OkHttpClient: --> END POST (294-byte body)
09-07 03:45:03.319  1774 13235 E ResolverController: No valid NAT64 prefix (101, <unspecified>/0)
09-07 03:45:03.538 13103 13145 W teco.fmhandroi: Accessing hidden method Lsun/misc/Unsafe;->compareAndSwapObject(Ljava/lang/Object;JLjava/lang/Object;Ljava/lang/Object;)Z (greylist, linking, allowed)
09-07 03:45:03.539 13103 13103 I ViewInteraction: Performing 'wait for a specific view with <view.getId() is <2131230850/ru.iteco.fmhandroid:id/add_news_image_view>> during 10000 millis.' action on view view.getRootView() to equal view
09-07 03:45:03.937  1792  2272 E GnssHAL_GnssInterface: gnssSvStatusCb: a: input svInfo.flags is 8
09-07 03:45:03.937  1792  2272 E GnssHAL_GnssInterface: gnssSvStatusCb: b: input svInfo.flags is 8
09-07 03:45:04.935  1792  2272 E GnssHAL_GnssInterface: gnssSvStatusCb: a: input svInfo.flags is 8
09-07 03:45:04.935  1792  2272 E GnssHAL_GnssInterface: gnssSvStatusCb: b: input svInfo.flags is 8
09-07 03:45:05.741  8425  8425 D BoundBrokerSvc: onUnbind: Intent { act=com.google.android.gms.nearby.exposurenotification.START dat=chimera-action: cmp=com.google.android.gms/.chimera.PersistentApiServiceNoInstantApps }
09-07 03:45:05.804  8425  8425 D BoundBrokerSvc: onUnbind: Intent { act=com.google.android.gms.icing.LIGHTWEIGHT_INDEX_SERVICE dat=chimera-action: cmp=com.google.android.gms/.chimera.PersistentApiService }
09-07 03:45:05.805  7867  7867 D BoundBrokerSvc: onUnbind: Intent { act=com.google.android.gms.feedback.internal.IFeedbackService dat=chimera-action: cmp=com.google.android.gms/.chimera.GmsBoundBrokerService }
09-07 03:45:05.936  1792  2272 E GnssHAL_GnssInterface: gnssSvStatusCb: a: input svInfo.flags is 8
09-07 03:45:05.936  1792  2272 E GnssHAL_GnssInterface: gnssSvStatusCb: b: input svInfo.flags is 8
09-07 03:45:06.456  1781  1887 W audio_hw_generic: Not supplying enough data to HAL, expected position 15098847 , only wrote 14741622
09-07 03:45:06.935  1792  2272 E GnssHAL_GnssInterface: gnssSvStatusCb: a: input svInfo.flags is 8
09-07 03:45:06.935  1792  2272 E GnssHAL_GnssInterface: gnssSvStatusCb: b: input svInfo.flags is 8
09-07 03:45:07.471  7867  7867 D BoundBrokerSvc: onUnbind: Intent { act=com.google.android.gms.inappreach.service.START dat=chimera-action: cmp=com.google.android.gms/.chimera.GmsApiService }
09-07 03:45:07.693 13103 13214 I okhttp.OkHttpClient: <-- HTTP FAILED: java.net.SocketTimeoutException: timeout
09-07 03:45:07.697 13103 13103 W System.err: ru.iteco.fmhandroid.exceptions.ServerException
09-07 03:45:07.698 13103 13103 W System.err: 	at ru.iteco.fmhandroid.utils.Utils.makeRequest(Utils.kt:119)
09-07 03:45:07.699 13103 13103 W System.err: 	at ru.iteco.fmhandroid.utils.Utils$makeRequest$1.invokeSuspend(Unknown Source:15)
09-07 03:45:07.699 13103 13103 W System.err: 	at kotlin.coroutines.jvm.internal.BaseContinuationImpl.resumeWith(ContinuationImpl.kt:33)
09-07 03:45:07.699 13103 13103 W System.err: 	at kotlinx.coroutines.DispatchedTask.run(DispatchedTask.kt:104)
09-07 03:45:07.700 13103 13103 W System.err: 	at android.os.Handler.handleCallback(Handler.java:883)
09-07 03:45:07.700 13103 13103 W System.err: 	at android.os.Handler.dispatchMessage(Handler.java:100)
09-07 03:45:07.700 13103 13103 W System.err: 	at androidx.test.espresso.base.Interrogator.loopAndInterrogate(Interrogator.java:14)
09-07 03:45:07.700 13103 13103 W System.err: 	at androidx.test.espresso.base.UiControllerImpl.loopUntil(UiControllerImpl.java:8)
09-07 03:45:07.701 13103 13103 W System.err: 	at androidx.test.espresso.base.UiControllerImpl.loopUntil(UiControllerImpl.java:1)
09-07 03:45:07.701 13103 13103 W System.err: 	at androidx.test.espresso.base.UiControllerImpl.loopMainThreadForAtLeast(UiControllerImpl.java:7)
09-07 03:45:07.701 13103 13103 W System.err: 	at ru.iteco.fmhandroid.ui.data.ViewActions$1.perform(ViewActions.java:48)
09-07 03:45:07.701 13103 13103 W System.err: 	at androidx.test.espresso.ViewInteraction$SingleExecutionViewAction.perform(ViewInteraction.java:2)
09-07 03:45:07.701 13103 13103 W System.err: 	at androidx.test.espresso.ViewInteraction.doPerform(ViewInteraction.java:25)
09-07 03:45:07.701 13103 13103 W System.err: 	at androidx.test.espresso.ViewInteraction.-$$Nest$mdoPerform(Unknown Source:0)
09-07 03:45:07.701 13103 13103 W System.err: 	at androidx.test.espresso.ViewInteraction$1.call(ViewInteraction.java:7)
09-07 03:45:07.701 13103 13103 W System.err: 	at androidx.test.espresso.ViewInteraction$1.call(ViewInteraction.java:1)
09-07 03:45:07.701 13103 13103 W System.err: 	at java.util.concurrent.FutureTask.run(FutureTask.java:266)
09-07 03:45:07.701 13103 13103 W System.err: 	at android.os.Handler.handleCallback(Handler.java:883)
09-07 03:45:07.702 13103 13103 W System.err: 	at android.os.Handler.dispatchMessage(Handler.java:100)
09-07 03:45:07.702 13103 13103 W System.err: 	at android.os.Looper.loop(Looper.java:214)
09-07 03:45:07.702 13103 13103 W System.err: 	at android.app.ActivityThread.main(ActivityThread.java:7356)
09-07 03:45:07.702 13103 13103 W System.err: 	at java.lang.reflect.Method.invoke(Native Method)
