09-07 03:57:42.884 16261 16357 D libEGL  : Emulator has host GPU support, qemu.gles is set to 1.
09-07 03:57:42.884 16261 16357 W libc    : Unable to set property "qemu.gles" to "1": connection failed; errno=13 (Permission denied)
09-07 03:57:42.875 16261 16261 W RenderThread: type=1400 audit(0.0:165): avc: denied { write } for name="property_service" dev="tmpfs" ino=6988 scontext=u:r:untrusted_app:s0:c136,c256,c512,c768 tcontext=u:object_r:property_socket:s0 tclass=sock_file permissive=0
09-07 03:57:42.907  1823  1823 W SurfaceFlinger: couldn't log to binary event log: overflow.
09-07 03:57:42.907  1823  1823 W SurfaceFlinger: couldn't log to binary event log: overflow.
09-07 03:57:42.921 16261 16357 D libEGL  : loaded /vendor/lib/egl/libEGL_emulation.so
09-07 03:57:42.921 16261 16261 D LifecycleMonitor: Lifecycle status change: ru.iteco.fmhandroid.ui.AppActivity@bf025f4 in: PRE_ON_CREATE
09-07 03:57:42.922 16261 16261 V ActivityScenario: Activity lifecycle changed event received but ignored because the reported transition was not ON_CREATE while the last known transition was PRE_ON_CREATE
09-07 03:57:42.924 16261 16357 D libEGL  : loaded /vendor/lib/egl/libGLESv1_CM_emulation.so
09-07 03:57:42.926 16261 16357 D libEGL  : loaded /vendor/lib/egl/libGLESv2_emulation.so
09-07 03:57:42.936 16261 16297 V FA      : onActivityCreated
09-07 03:57:42.952 16261 16261 W teco.fmhandroi: Accessing hidden method Landroid/view/View;->computeFitSystemWindows(Landroid/graphics/Rect;Landroid/graphics/Rect;)Z (greylist, reflection, allowed)
09-07 03:57:42.952 16261 16261 W teco.fmhandroi: Accessing hidden method Landroid/view/ViewGroup;->makeOptionalFitsSystemWindows()V (greylist, reflection, allowed)
09-07 03:57:43.004  1792  2272 E GnssHAL_GnssInterface: gnssSvStatusCb: a: input svInfo.flags is 8
09-07 03:57:43.004  1792  2272 E GnssHAL_GnssInterface: gnssSvStatusCb: b: input svInfo.flags is 8
09-07 03:57:43.041 16261 16261 D NetworkSecurityConfig: No Network Security Config specified, using platform default
09-07 03:57:43.047 16261 16261 W teco.fmhandroi: Accessing hidden method Ljava/lang/invoke/MethodHandles$Lookup;-><init>(Ljava/lang/Class;I)V (greylist, reflection, allowed)
09-07 03:57:43.129 16261 16261 D LifecycleMonitor: Lifecycle status change: ru.iteco.fmhandroid.ui.AppActivity@bf025f4 in: CREATED
09-07 03:57:43.129 16261 16261 V ActivityScenario: Update currentActivityStage to CREATED, currentActivity=ru.iteco.fmhandroid.ui.AppActivity@bf025f4
09-07 03:57:43.191 16261 16261 D LifecycleMonitor: Lifecycle status change: ru.iteco.fmhandroid.ui.AppActivity@bf025f4 in: STARTED
09-07 03:57:43.192 16261 16261 V ActivityScenario: Update currentActivityStage to STARTED, currentActivity=ru.iteco.fmhandroid.ui.AppActivity@bf025f4
09-07 03:57:43.194 16261 16305 V FA      : Activity resumed, time: 1987086
09-07 03:57:43.195 16261 16297 W teco.fmhandroi: Accessing hidden method Lsun/misc/Unsafe;->compareAndSwapObject(Ljava/lang/Object;JLjava/lang/Object;Ljava/lang/Object;)Z (greylist, linking, allowed)
09-07 03:57:43.195 16261 16297 W teco.fmhandroi: Accessing hidden method Lsun/misc/Unsafe;->getObject(Ljava/lang/Object;J)Ljava/lang/Object; (greylist, linking, allowed)
09-07 03:57:43.195 16261 16261 D LifecycleMonitor: Lifecycle status change: ru.iteco.fmhandroid.ui.AppActivity@bf025f4 in: RESUMED
09-07 03:57:43.195 16261 16261 V ActivityScenario: Update currentActivityStage to RESUMED, currentActivity=ru.iteco.fmhandroid.ui.AppActivity@bf025f4
09-07 03:57:43.199 16261 16305 I FA      : Tag Manager is not found and thus will not be used
09-07 03:57:43.205 16261 16306 W FileTestStorage: Output properties is not supported.
09-07 03:57:43.206 16261 16306 I Tracing : Tracer added: class androidx.test.platform.tracing.AndroidXTracer
09-07 03:57:43.216 16261 16306 D EventInjectionStrategy: Creating injection strategy with input manager.
09-07 03:57:43.216 16261 16306 W teco.fmhandroi: Accessing hidden method Landroid/hardware/input/InputManager;->getInstance()Landroid/hardware/input/InputManager; (greylist, reflection, allowed)
09-07 03:57:43.216 16261 16306 W teco.fmhandroi: Accessing hidden method Landroid/hardware/input/InputManager;->injectInputEvent(Landroid/view/InputEvent;I)Z (greylist, reflection, allowed)
09-07 03:57:43.216 16261 16306 W teco.fmhandroi: Accessing hidden field Landroid/hardware/input/InputManager;->INJECT_INPUT_EVENT_MODE_WAIT_FOR_FINISH:I (greylist, reflection, allowed)
09-07 03:57:43.257 16261 16354 D HostConnection: HostConnection::get() New Host Connection established 0xda24c7d0, tid 16354
09-07 03:57:43.258 16261 16354 D HostConnection: HostComposition ext ANDROID_EMU_CHECKSUM_HELPER_v1 ANDROID_EMU_dma_v1 ANDROID_EMU_direct_mem ANDROID_EMU_vulkan ANDROID_EMU_deferred_vulkan_commands ANDROID_EMU_vulkan_null_optional_strings ANDROID_EMU_vulkan_create_resources_with_requirements ANDROID_EMU_YUV420_888_to_NV21 ANDROID_EMU_YUV_Cache ANDROID_EMU_vulkan_free_memory_sync ANDROID_EMU_vulkan_shader_float16_int8 ANDROID_EMU_vulkan_async_queue_submit ANDROID_EMU_sync_buffer_data GL_OES_vertex_array_object GL_KHR_texture_compression_astc_ldr ANDROID_EMU_host_side_tracing ANDROID_EMU_gles_max_version_2 
09-07 03:57:43.259 16261 16354 W OpenGLRenderer: Failed to choose config with EGL_SWAP_BEHAVIOR_PRESERVED, retrying without...
09-07 03:57:43.268 16261 16354 D eglCodecCommon: setVertexArrayObject: set vao to 0 (0) 0 0
09-07 03:57:43.268 16261 16354 D EGL_emulation: eglCreateContext: 0xda21b1a0: maj 2 min 0 rcv 2
09-07 03:57:43.289 16261 16354 D EGL_emulation: eglMakeCurrent: 0xda21b1a0: ver 2 0 (tinfo 0xda20fe90)
09-07 03:57:43.292  7867 16310 V FA-SVC  : Logging event: origin=auto,name=screen_view(_vs),params=Bundle[{ga_event_origin(_o)=auto, ga_screen_class(_sc)=AppActivity, ga_screen_id(_si)=184324342343954144}]
09-07 03:57:43.293  1793  2554 D gralloc_ranchu: gralloc_alloc: Creating ashmem region of size 9113600
09-07 03:57:43.294  1678  1678 I hwservicemanager: getTransport: Cannot find entry android.hardware.graphics.mapper@3.0::IMapper/default in either framework or device manifest.
09-07 03:57:43.295 16261 16354 W Gralloc3: mapper 3.x is not supported
09-07 03:57:43.295 16261 16354 D HostConnection: createUnique: call
09-07 03:57:43.295 16261 16354 D HostConnection: HostConnection::get() New Host Connection established 0xda24ca50, tid 16354
09-07 03:57:43.296 16261 16354 D HostConnection: HostComposition ext ANDROID_EMU_CHECKSUM_HELPER_v1 ANDROID_EMU_dma_v1 ANDROID_EMU_direct_mem ANDROID_EMU_vulkan ANDROID_EMU_deferred_vulkan_commands ANDROID_EMU_vulkan_null_optional_strings ANDROID_EMU_vulkan_create_resources_with_requirements ANDROID_EMU_YUV420_888_to_NV21 ANDROID_EMU_YUV_Cache ANDROID_EMU_vulkan_free_memory_sync ANDROID_EMU_vulkan_shader_float16_int8 ANDROID_EMU_vulkan_async_queue_submit ANDROID_EMU_sync_buffer_data GL_OES_vertex_array_object GL_KHR_texture_compression_astc_ldr ANDROID_EMU_host_side_tracing ANDROID_EMU_gles_max_version_2 
09-07 03:57:43.296 16261 16354 D eglCodecCommon: allocate: Ask for block of size 0x1000
09-07 03:57:43.296 16261 16354 D eglCodecCommon: allocate: ioctl allocate returned offset 0x3ff68a000 size 0x2000
09-07 03:57:43.298  1793  2554 D gralloc_ranchu: gralloc_alloc: Creating ashmem region of size 9113600
09-07 03:57:43.301  1793  2554 D gralloc_ranchu: gralloc_alloc: Creating ashmem region of size 9113600
09-07 03:57:43.302 16261 16354 D EGL_emulation: eglMakeCurrent: 0xda21b1a0: ver 2 0 (tinfo 0xda20fe90)
09-07 03:57:43.309 16261 16354 D eglCodecCommon: setVertexArrayObject: set vao to 0 (0) 1 0
09-07 03:57:43.310  8425  8425 D BoundBrokerSvc: onBind: Intent { act=com.google.android.gms.presencemanager.service.START dat=chimera-action: cmp=com.google.android.gms/.chimera.PersistentApiService }
09-07 03:57:43.310  8425  8425 D BoundBrokerSvc: Loading bound service for intent: Intent { act=com.google.android.gms.presencemanager.service.START dat=chimera-action: cmp=com.google.android.gms/.chimera.PersistentApiService }
09-07 03:57:43.311  8425  8425 D BoundBrokerSvc: onBind: Intent { act=com.google.android.gms.presencemanager.service.INTERNAL_IDENTITY dat=chimera-action: cmp=com.google.android.gms/.chimera.PersistentApiService }
09-07 03:57:43.311  8425  8425 D BoundBrokerSvc: Loading bound service for intent: Intent { act=com.google.android.gms.presencemanager.service.INTERNAL_IDENTITY dat=chimera-action: cmp=com.google.android.gms/.chimera.PersistentApiService }
09-07 03:57:43.325  7867 16310 V FA-SVC  : Upload scheduled in approximately ms: 1773785
09-07 03:57:43.325  7867 16310 V FA-SVC  : Unscheduling upload
09-07 03:57:43.329  7867 16310 V FA-SVC  : Scheduling upload, millis: 1773785
09-07 03:57:43.332  7867 16310 V FA-SVC  : Background event processing time, ms: 90
09-07 03:57:43.359  2182  2182 W View    : requestLayout() improperly called by com.android.keyguard.AlphaOptimizedLinearLayout{551c6d8 V.E...... ......ID 7,0-48,61 #7f0a041c app:id/wifi_group} during second layout pass: posting in next frame
09-07 03:57:43.368  2037  2065 I ActivityTaskManager: Displayed ru.iteco.fmhandroid/.ui.AppActivity: +775ms
09-07 03:57:43.377  2182  2182 W View    : requestLayout() improperly called by StatusBarIconView(slot=mobile icon=null notification=null) during layout: running second layout pass
09-07 03:57:43.392 16261 16306 W FileTestStorage: Test input args is not supported.
09-07 03:57:43.399 16261 16261 W teco.fmhandroi: Accessing hidden method Landroid/os/MessageQueue;->next()Landroid/os/Message; (greylist, reflection, allowed)
09-07 03:57:43.399 16261 16261 W teco.fmhandroi: Accessing hidden field Landroid/os/MessageQueue;->mMessages:Landroid/os/Message; (greylist, reflection, allowed)
09-07 03:57:43.399 16261 16261 W teco.fmhandroi: Accessing hidden method Landroid/os/Message;->recycleUnchecked()V (greylist, reflection, allowed)
09-07 03:57:43.412 16261 16306 W teco.fmhandroi: Accessing hidden method Lsun/misc/Unsafe;->getUnsafe()Lsun/misc/Unsafe; (greylist,core-platform-api, linking, allowed)
09-07 03:57:43.412 16261 16306 W teco.fmhandroi: Accessing hidden method Lsun/misc/Unsafe;->putObject(Ljava/lang/Object;JLjava/lang/Object;)V (greylist, linking, allowed)
09-07 03:57:43.414 16261 16261 W teco.fmhandroi: Accessing hidden method Landroid/view/WindowManagerGlobal;->getInstance()Landroid/view/WindowManagerGlobal; (greylist, reflection, allowed)
09-07 03:57:43.414  2182  2182 W View    : requestLayout() improperly called by com.android.keyguard.AlphaOptimizedLinearLayout{551c6d8 V.E...... ......ID 7,0-48,61 #7f0a041c app:id/wifi_group} during second layout pass: posting in next frame
09-07 03:57:43.414 16261 16261 W teco.fmhandroi: Accessing hidden field Landroid/view/WindowManagerGlobal;->mViews:Ljava/util/ArrayList; (greylist, reflection, allowed)
09-07 03:57:43.414 16261 16261 W teco.fmhandroi: Accessing hidden field Landroid/view/WindowManagerGlobal;->mParams:Ljava/util/ArrayList; (greylist, reflection, allowed)
09-07 03:57:43.415  2182  2182 W View    : requestLayout() improperly called by StatusBarIconView(slot=mobile icon=null notification=null) during layout: running second layout pass
09-07 03:57:43.416 16261 16361 W teco.fmhandroi: Accessing hidden method Lsun/misc/Unsafe;->compareAndSwapObject(Ljava/lang/Object;JLjava/lang/Object;Ljava/lang/Object;)Z (greylist, linking, allowed)
09-07 03:57:43.416 16261 16361 W teco.fmhandroi: Accessing hidden method Lsun/misc/Unsafe;->getObject(Ljava/lang/Object;J)Ljava/lang/Object; (greylist, linking, allowed)
09-07 03:57:43.422 16261 16261 I ViewInteraction: Performing 'wait for a specific view with <an instance of android.widget.TextView and view.getText() with or without transformation to match: is "News"> during 10000 millis.' action on view view.getRootView() to equal view
09-07 03:57:43.433  2182  2182 W View    : requestLayout() improperly called by com.android.keyguard.AlphaOptimizedLinearLayout{551c6d8 V.E...... ......ID 7,0-48,61 #7f0a041c app:id/wifi_group} during second layout pass: posting in next frame
09-07 03:57:43.452  2182  2182 W View    : requestLayout() improperly called by StatusBarIconView(slot=mobile icon=null notification=null) during layout: running second layout pass
09-07 03:57:43.470  2182  2182 W View    : requestLayout() improperly called by com.android.keyguard.AlphaOptimizedLinearLayout{551c6d8 V.E...... ......ID 7,0-48,61 #7f0a041c app:id/wifi_group} during second layout pass: posting in next frame
09-07 03:57:43.489  2182  2182 W View    : requestLayout() improperly called by StatusBarIconView(slot=mobile icon=null notification=null) during layout: running second layout pass
09-07 03:57:43.508  2182  2182 W View    : requestLayout() improperly called by com.android.keyguard.AlphaOptimizedLinearLayout{551c6d8 V.E...... ......ID 7,0-48,61 #7f0a041c app:id/wifi_group} during second layout pass: posting in next frame
09-07 03:57:43.527  2182  2182 W View    : requestLayout() improperly called by StatusBarIconView(slot=mobile icon=null notification=null) during layout: running second layout pass
09-07 03:57:43.546  2182  2182 W View    : requestLayout() improperly called by com.android.keyguard.AlphaOptimizedLinearLayout{551c6d8 V.E...... ......ID 7,0-48,61 #7f0a041c app:id/wifi_group} during second layout pass: posting in next frame
09-07 03:57:43.564  2182  2182 W View    : requestLayout() improperly called by StatusBarIconView(slot=mobile icon=null notification=null) during layout: running second layout pass
09-07 03:57:43.582  2182  2182 W View    : requestLayout() improperly called by com.android.keyguard.AlphaOptimizedLinearLayout{551c6d8 V.E...... ......ID 7,0-48,61 #7f0a041c app:id/wifi_group} during second layout pass: posting in next frame
09-07 03:57:43.602  2182  2182 W View    : requestLayout() improperly called by StatusBarIconView(slot=mobile icon=null notification=null) during layout: running second layout pass
09-07 03:57:43.714  8425  8460 I FontLog : (REDACTED) Received query %s, URI %s
09-07 03:57:43.714  8425  8460 I FontLog : (REDACTED) Query [%s] resolved to %s
09-07 03:57:43.715  8425  8460 I FontLog : (REDACTED) Fetch %s end status %s
09-07 03:57:43.721  8425  8460 I FontLog : (REDACTED) Pulling font file for id = %d, cache size = %d
09-07 03:57:43.725  8425  8460 I FontLog : (REDACTED) Pulling font file for id = %d, cache size = %d
09-07 03:57:44.005  1792  2272 E GnssHAL_GnssInterface: gnssSvStatusCb: a: input svInfo.flags is 8
09-07 03:57:44.005  1792  2272 E GnssHAL_GnssInterface: gnssSvStatusCb: b: input svInfo.flags is 8
09-07 03:57:44.937  8425 16230 I AlarmManager: setExactAndAllowWhileIdle [name: GCM_HB_ALARM type: 2 triggerAtMillis: 2218830]
09-07 03:57:44.941  8425 16230 I AlarmManager: setExactAndAllowWhileIdle [name: GCM_HB_ALARM type: 2 triggerAtMillis: 2218833]
09-07 03:57:45.003  1792  2272 E GnssHAL_GnssInterface: gnssSvStatusCb: a: input svInfo.flags is 8
09-07 03:57:45.003  1792  2272 E GnssHAL_GnssInterface: gnssSvStatusCb: b: input svInfo.flags is 8
09-07 03:57:45.873  1937  1937 E netmgr  : Failed to open QEMU pipe 'qemud:network': Invalid argument
09-07 03:57:45.925  2434  2940 E ActivityThread: Failed to find provider info for com.google.android.apps.wellbeing.api
09-07 03:57:46.005  1792  2272 E GnssHAL_GnssInterface: gnssSvStatusCb: a: input svInfo.flags is 8
09-07 03:57:46.005  1792  2272 E GnssHAL_GnssInterface: gnssSvStatusCb: b: input svInfo.flags is 8
09-07 03:57:46.067  1939  1939 E wifi_forwarder: RemoteConnection failed to initialize: RemoteConnection failed to open pipe
09-07 03:57:46.195 16261 16261 W teco.fmhandroi: Accessing hidden method Lsun/misc/Unsafe;->allocateInstance(Ljava/lang/Class;)Ljava/lang/Object; (greylist, reflection, allowed)
09-07 03:57:46.209 16261 16368 I okhttp.OkHttpClient: --> GET http://www.981757-ca08998.tmweb.ru:8080/fmh/authentication/userInfo
09-07 03:57:46.209 16261 16368 I okhttp.OkHttpClient: --> END GET
09-07 03:57:46.620  1774 16369 E ResolverController: No valid NAT64 prefix (101, <unspecified>/0)
09-07 03:57:46.864 16261 16368 I okhttp.OkHttpClient: <-- 200 http://www.981757-ca08998.tmweb.ru:8080/fmh/authentication/userInfo (654ms)
09-07 03:57:46.864 16261 16368 I okhttp.OkHttpClient: Vary: Origin
09-07 03:57:46.864 16261 16368 I okhttp.OkHttpClient: Vary: Access-Control-Request-Method
09-07 03:57:46.864 16261 16368 I okhttp.OkHttpClient: Vary: Access-Control-Request-Headers
09-07 03:57:46.864 16261 16368 I okhttp.OkHttpClient: X-Content-Type-Options: nosniff
09-07 03:57:46.864 16261 16368 I okhttp.OkHttpClient: X-XSS-Protection: 1; mode=block
09-07 03:57:46.864 16261 16368 I okhttp.OkHttpClient: Cache-Control: no-cache, no-store, max-age=0, must-revalidate
09-07 03:57:46.864 16261 16368 I okhttp.OkHttpClient: Pragma: no-cache
09-07 03:57:46.864 16261 16368 I okhttp.OkHttpClient: Expires: 0
09-07 03:57:46.864 16261 16368 I okhttp.OkHttpClient: X-Frame-Options: DENY
09-07 03:57:46.865 16261 16368 I okhttp.OkHttpClient: Content-Type: application/json
09-07 03:57:46.865 16261 16368 I okhttp.OkHttpClient: Transfer-Encoding: chunked
09-07 03:57:46.865 16261 16368 I okhttp.OkHttpClient: Date: Thu, 07 Sep 2023 03:57:47 GMT
09-07 03:57:46.865 16261 16368 I okhttp.OkHttpClient: Keep-Alive: timeout=60
09-07 03:57:46.865 16261 16368 I okhttp.OkHttpClient: Connection: keep-alive
09-07 03:57:46.867 16261 16368 I okhttp.OkHttpClient: {"id":1,"firstName":"Ivan","lastName":"Ivanov","middleName":"Ivanovich","admin":true}
09-07 03:57:46.867 16261 16368 I okhttp.OkHttpClient: <-- END HTTP (85-byte body)
09-07 03:57:46.896 16261 16373 I okhttp.OkHttpClient: --> GET http://www.981757-ca08998.tmweb.ru:8080/fmh/claims
09-07 03:57:46.896 16261 16373 I okhttp.OkHttpClient: --> END GET
09-07 03:57:47.003  1792  2272 E GnssHAL_GnssInterface: gnssSvStatusCb: a: input svInfo.flags is 8
09-07 03:57:47.003  1792  2272 E GnssHAL_GnssInterface: gnssSvStatusCb: b: input svInfo.flags is 8
09-07 03:57:47.222  2182  2182 W View    : requestLayout() improperly called by com.android.keyguard.AlphaOptimizedLinearLayout{551c6d8 V.E...... ......ID 7,0-48,61 #7f0a041c app:id/wifi_group} during second layout pass: posting in next frame
09-07 03:57:47.224 16261 16354 D EGL_emulation: eglMakeCurrent: 0xda21b1a0: ver 2 0 (tinfo 0xda20fe90)
09-07 03:57:47.227  1793  2554 D gralloc_ranchu: gralloc_alloc: Creating ashmem region of size 9850880
09-07 03:57:47.240  2182  2182 W View    : requestLayout() improperly called by StatusBarIconView(slot=mobile icon=null notification=null) during layout: running second layout pass
09-07 03:57:47.248 16261 16354 D EGL_emulation: eglMakeCurrent: 0xda21b1a0: ver 2 0 (tinfo 0xda20fe90)
09-07 03:57:47.442  1793  2554 D gralloc_ranchu: gralloc_alloc: Creating ashmem region of size 9850880
09-07 03:57:47.452 16261 16261 I ViewInteraction: Checking 'MatchesViewAssertion{viewMatcher=(view has effective visibility <VISIBLE> and view.getGlobalVisibleRect() to return non-empty rectangle)}' assertion on view an instance of android.widget.TextView and view.getText() with or without transformation to match: is "News"
09-07 03:57:47.453 16261 16306 W teco.fmhandroi: Accessing hidden method Lsun/misc/Unsafe;->compareAndSwapObject(Ljava/lang/Object;JLjava/lang/Object;Ljava/lang/Object;)Z (greylist, linking, allowed)
09-07 03:57:47.454 16261 16261 I ViewInteraction: Performing 'wait for a specific view with <view.getId() is <2131230951>> during 10000 millis.' action on view view.getRootView() to equal view
09-07 03:57:47.455 16261 16306 W teco.fmhandroi: Accessing hidden method Lsun/misc/Unsafe;->compareAndSwapObject(Ljava/lang/Object;JLjava/lang/Object;Ljava/lang/Object;)Z (greylist, linking, allowed)
09-07 03:57:47.455 16261 16361 W teco.fmhandroi: Accessing hidden method Lsun/misc/Unsafe;->compareAndSwapObject(Ljava/lang/Object;JLjava/lang/Object;Ljava/lang/Object;)Z (greylist, linking, allowed)
09-07 03:57:47.464 16261 16261 I ViewInteraction: Checking 'MatchesViewAssertion{viewMatcher=(view has effective visibility <VISIBLE> and view.getGlobalVisibleRect() to return non-empty rectangle)}' assertion on view view.getId() is <2131230951/ru.iteco.fmhandroid:id/container_list_news_include_on_fragment_main>
09-07 03:57:47.464  1793  2554 D gralloc_ranchu: gralloc_alloc: Creating ashmem region of size 9850880
09-07 03:57:47.465 16261 16306 W teco.fmhandroi: Accessing hidden method Lsun/misc/Unsafe;->compareAndSwapObject(Ljava/lang/Object;JLjava/lang/Object;Ljava/lang/Object;)Z (greylist, linking, allowed)
09-07 03:57:47.469 16261 16261 I ViewInteraction: Performing 'wait for a specific view with <view.getId() is <2131230949>> during 10000 millis.' action on view view.getRootView() to equal view
09-07 03:57:47.470 16261 16306 W teco.fmhandroi: Accessing hidden method Lsun/misc/Unsafe;->compareAndSwapObject(Ljava/lang/Object;JLjava/lang/Object;Ljava/lang/Object;)Z (greylist, linking, allowed)
09-07 03:57:47.472 16261 16261 I ViewInteraction: Checking 'MatchesViewAssertion{viewMatcher=(view has effective visibility <VISIBLE> and view.getGlobalVisibleRect() to return non-empty rectangle)}' assertion on view view.getId() is <2131230949/ru.iteco.fmhandroid:id/container_list_claim_include_on_fragment_main>
09-07 03:57:47.473 16261 16306 W teco.fmhandroi: Accessing hidden method Lsun/misc/Unsafe;->compareAndSwapObject(Ljava/lang/Object;JLjava/lang/Object;Ljava/lang/Object;)Z (greylist, linking, allowed)
09-07 03:57:47.476 16261 16261 I ViewInteraction: Performing 'wait for a specific view with <an instance of android.widget.TextView and view.getText() with or without transformation to match: is "Claims"> during 10000 millis.' action on view view.getRootView() to equal view
09-07 03:57:47.480 16261 16261 I ViewInteraction: Checking 'MatchesViewAssertion{viewMatcher=(view has effective visibility <VISIBLE> and view.getGlobalVisibleRect() to return non-empty rectangle)}' assertion on view an instance of android.widget.TextView and view.getText() with or without transformation to match: is "Claims"
09-07 03:57:47.481 16261 16306 W teco.fmhandroi: Accessing hidden method Lsun/misc/Unsafe;->compareAndSwapObject(Ljava/lang/Object;JLjava/lang/Object;Ljava/lang/Object;)Z (greylist, linking, allowed)
09-07 03:57:47.481 16261 16361 W teco.fmhandroi: Accessing hidden method Lsun/misc/Unsafe;->compareAndSwapObject(Ljava/lang/Object;JLjava/lang/Object;Ljava/lang/Object;)Z (greylist, linking, allowed)
09-07 03:57:47.486 16261 16261 I ViewInteraction: Performing 'wait for a specific view with <view.getId() is <2131231123>> during 10000 millis.' action on view view.getRootView() to equal view
09-07 03:57:47.491 16261 16306 W teco.fmhandroi: Accessing hidden method Landroid/view/ViewConfiguration;->getDoubleTapMinTime()I (greylist, reflection, allowed)
09-07 03:57:47.493 16261 16306 W teco.fmhandroi: Accessing hidden method Lsun/misc/Unsafe;->compareAndSwapObject(Ljava/lang/Object;JLjava/lang/Object;Ljava/lang/Object;)Z (greylist, linking, allowed)
09-07 03:57:47.495 16261 16261 I ViewInteraction: Performing 'single click' action on view view.getId() is <2131231123/ru.iteco.fmhandroid:id/main_menu_image_button>
09-07 03:57:47.787  1781  6116 W audio_hw_generic: Not supplying enough data to HAL, expected position 31317537 , only wrote 31317519
09-07 03:57:47.832  1793  2554 D gralloc_ranchu: gralloc_alloc: Creating ashmem region of size 2015232
09-07 03:57:47.841  1793  2554 I chatty  : uid=1000(system) HwBinder:1793_2 identical 1 line
09-07 03:57:47.842  1793  2554 D gralloc_ranchu: gralloc_alloc: Creating ashmem region of size 2015232
09-07 03:57:47.859 16261 16354 D EGL_emulation: eglMakeCurrent: 0xda21b1a0: ver 2 0 (tinfo 0xda20fe90)
09-07 03:57:47.876 16261 16354 I chatty  : uid=10136(ru.iteco.fmhandroid) RenderThread identical 2 lines
09-07 03:57:47.900 16261 16354 D EGL_emulation: eglMakeCurrent: 0xda21b1a0: ver 2 0 (tinfo 0xda20fe90)
09-07 03:57:48.003  1792  2272 E GnssHAL_GnssInterface: gnssSvStatusCb: a: input svInfo.flags is 8
09-07 03:57:48.003  1792  2272 E GnssHAL_GnssInterface: gnssSvStatusCb: b: input svInfo.flags is 8
09-07 03:57:48.120 16261 16306 W teco.fmhandroi: Accessing hidden method Lsun/misc/Unsafe;->compareAndSwapObject(Ljava/lang/Object;JLjava/lang/Object;Ljava/lang/Object;)Z (greylist, linking, allowed)
09-07 03:57:48.120 16261 16361 W teco.fmhandroi: Accessing hidden method Lsun/misc/Unsafe;->compareAndSwapObject(Ljava/lang/Object;JLjava/lang/Object;Ljava/lang/Object;)Z (greylist, linking, allowed)
09-07 03:57:48.122 16261 16261 I ViewInteraction: Performing 'wait for a specific view with <an instance of android.widget.TextView and view.getText() with or without transformation to match: is "Claims"> during 10000 millis.' action on view view.getRootView() to equal view
09-07 03:57:48.124 16261 16261 I ViewInteraction: Performing 'single click' action on view an instance of android.widget.TextView and view.getText() with or without transformation to match: is "Claims"
09-07 03:57:48.174 16261 16354 D EGL_emulation: eglMakeCurrent: 0xda21b1a0: ver 2 0 (tinfo 0xda20fe90)
09-07 03:57:48.260 16261 16384 I okhttp.OkHttpClient: --> GET http://www.981757-ca08998.tmweb.ru:8080/fmh/claims
09-07 03:57:48.260 16261 16384 I okhttp.OkHttpClient: --> END GET
09-07 03:57:48.309 16261 16305 V FA      : Inactivity, disconnecting from the service
09-07 03:57:48.318 16261 16354 D EGL_emulation: eglMakeCurrent: 0xda21b1a0: ver 2 0 (tinfo 0xda20fe90)
09-07 03:57:48.336 16261 16354 D EGL_emulation: eglMakeCurrent: 0xda21b1a0: ver 2 0 (tinfo 0xda20fe90)
09-07 03:57:48.496 16261 16261 I ViewInteraction: Performing 'wait for a specific view with <view.getId() is <2131230849>> during 10000 millis.' action on view view.getRootView() to equal view
09-07 03:57:48.498 16261 16306 W teco.fmhandroi: Accessing hidden method Lsun/misc/Unsafe;->compareAndSwapObject(Ljava/lang/Object;JLjava/lang/Object;Ljava/lang/Object;)Z (greylist, linking, allowed)
09-07 03:57:48.500 16261 16261 I ViewInteraction: Performing 'single click' action on view view.getId() is <2131230849/ru.iteco.fmhandroid:id/add_new_claim_material_button>
09-07 03:57:48.550 16261 16368 I okhttp.OkHttpClient: --> GET http://www.981757-ca08998.tmweb.ru:8080/fmh/users
09-07 03:57:48.550 16261 16368 I okhttp.OkHttpClient: --> END GET
09-07 03:57:48.773 16261 16306 W teco.fmhandroi: Accessing hidden method Lsun/misc/Unsafe;->compareAndSwapObject(Ljava/lang/Object;JLjava/lang/Object;Ljava/lang/Object;)Z (greylist, linking, allowed)
09-07 03:57:48.775 16261 16261 I ViewInteraction: Performing 'wait for a specific view with <view.getId() is <2131231041>> during 10000 millis.' action on view view.getRootView() to equal view
09-07 03:57:48.858 16261 16368 I okhttp.OkHttpClient: <-- 200 http://www.981757-ca08998.tmweb.ru:8080/fmh/users (307ms)
09-07 03:57:48.858 16261 16368 I okhttp.OkHttpClient: Vary: Origin
09-07 03:57:48.858 16261 16368 I okhttp.OkHttpClient: Vary: Access-Control-Request-Method
09-07 03:57:48.858 16261 16368 I okhttp.OkHttpClient: Vary: Access-Control-Request-Headers
09-07 03:57:48.858 16261 16368 I okhttp.OkHttpClient: X-Content-Type-Options: nosniff
09-07 03:57:48.858 16261 16368 I okhttp.OkHttpClient: X-XSS-Protection: 1; mode=block
09-07 03:57:48.858 16261 16368 I okhttp.OkHttpClient: Cache-Control: no-cache, no-store, max-age=0, must-revalidate
09-07 03:57:48.858 16261 16368 I okhttp.OkHttpClient: Pragma: no-cache
09-07 03:57:48.858 16261 16368 I okhttp.OkHttpClient: Expires: 0
09-07 03:57:48.858 16261 16368 I okhttp.OkHttpClient: X-Frame-Options: DENY
09-07 03:57:48.858 16261 16368 I okhttp.OkHttpClient: Content-Type: application/json
09-07 03:57:48.858 16261 16368 I okhttp.OkHttpClient: Transfer-Encoding: chunked
09-07 03:57:48.858 16261 16368 I okhttp.OkHttpClient: Date: Thu, 07 Sep 2023 03:57:49 GMT
09-07 03:57:48.858 16261 16368 I okhttp.OkHttpClient: Keep-Alive: timeout=60
09-07 03:57:48.858 16261 16368 I okhttp.OkHttpClient: Connection: keep-alive
09-07 03:57:48.859 16261 16368 I okhttp.OkHttpClient: [{"id":1,"firstName":"Ivan","lastName":"Ivanov","middleName":"Ivanovich","admin":true}]
09-07 03:57:48.859 16261 16368 I okhttp.OkHttpClient: <-- END HTTP (87-byte body)
09-07 03:57:49.003  1792  2272 E GnssHAL_GnssInterface: gnssSvStatusCb: a: input svInfo.flags is 8
09-07 03:57:49.003  1792  2272 E GnssHAL_GnssInterface: gnssSvStatusCb: b: input svInfo.flags is 8
09-07 03:57:49.037 16261 16306 W teco.fmhandroi: Accessing hidden method Lsun/misc/Unsafe;->compareAndSwapObject(Ljava/lang/Object;JLjava/lang/Object;Ljava/lang/Object;)Z (greylist, linking, allowed)
09-07 03:57:49.039 16261 16261 I ViewInteraction: Performing 'single click' action on view view.getId() is <2131231041/ru.iteco.fmhandroid:id/executor_drop_menu_auto_complete_text_view>
09-07 03:57:49.135  1793  2554 D gralloc_ranchu: gralloc_alloc: Creating ashmem region of size 1134592
09-07 03:57:49.141  1793  2554 D gralloc_ranchu: gralloc_alloc: Creating ashmem region of size 1134592
09-07 03:57:49.142 16261 16354 D EGL_emulation: eglMakeCurrent: 0xda21b1a0: ver 2 0 (tinfo 0xda20fe90)
09-07 03:57:49.143  1793  2554 D gralloc_ranchu: gralloc_alloc: Creating ashmem region of size 1134592
09-07 03:57:49.155 16261 16261 I AssistStructure: Flattened final assist data: 6348 bytes, containing 2 windows, 48 views
09-07 03:57:49.167 16261 16354 D EGL_emulation: eglMakeCurrent: 0xda21b1a0: ver 2 0 (tinfo 0xda20fe90)
09-07 03:57:49.173 16261 16261 I AssistStructure: Flattened final assist data: 6348 bytes, containing 2 windows, 48 views
09-07 03:57:49.177  8425  8425 W AutofillChimeraService: Pending fill request while another request in the same session was triggered. [CONTEXT service_id=177 ]
09-07 03:57:49.178 16261 16354 D EGL_emulation: eglMakeCurrent: 0xda21b1a0: ver 2 0 (tinfo 0xda20fe90)
09-07 03:57:49.179  7867  7867 D BoundBrokerSvc: onBind: Intent { act=com.google.android.mdd.service.START dat=chimera-action: cmp=com.google.android.gms/.chimera.GmsBoundBrokerService }
09-07 03:57:49.179  7867  7867 D BoundBrokerSvc: Loading bound service for intent: Intent { act=com.google.android.mdd.service.START dat=chimera-action: cmp=com.google.android.gms/.chimera.GmsBoundBrokerService }
09-07 03:57:49.190  6131  6131 I KeyboardViewUtil: systemKeyboardHeightRatio:1.000000; userKeyboardHeightRatio:1.000000.
09-07 03:57:49.191  6131  6131 I AndroidIME: LatinIme.onActivate() : EditorInfo = Package = ru.iteco.fmhandroid : Type = Text : Learning = Disable : Suggestion = Show : AutoCorrection = Disable : Microphone = Show : NoPersonalizedLearning = Disable
09-07 03:57:49.196  6131  6131 I Conv2QueryExtension: Current locale: en_US, config allows these locales: de,en,es,fr,it,ms,pt,ta
09-07 03:57:49.196  6131  6131 I Conv2QueryExtension: Conv2Query not enabled due to current app [ru.iteco.fmhandroid] not in whitelist
09-07 03:57:49.196  6131  6131 I Conv2QueryExtension: onActivate() : Disabled by unsupported host app
09-07 03:57:49.206 16261 16354 D EGL_emulation: eglMakeCurrent: 0xda21b1a0: ver 2 0 (tinfo 0xda20fe90)
09-07 03:57:49.212  1793  2554 D gralloc_ranchu: gralloc_alloc: Creating ashmem region of size 9113600
09-07 03:57:49.215  1793 14098 D gralloc_ranchu: gralloc_alloc: Creating ashmem region of size 9113600
09-07 03:57:49.219  2182  2468 D EGL_emulation: eglMakeCurrent: 0xda21a360: ver 2 0 (tinfo 0xda20f590)
09-07 03:57:49.220  1793 14098 D gralloc_ranchu: gralloc_alloc: Creating ashmem region of size 9113600
09-07 03:57:49.221  2182  2182 W View    : requestLayout() improperly called by com.android.keyguard.AlphaOptimizedLinearLayout{551c6d8 V.E...... ......ID 7,0-48,61 #7f0a041c app:id/wifi_group} during second layout pass: posting in next frame
09-07 03:57:49.224  6131  6653 D EGL_emulation: eglMakeCurrent: 0xe224f240: ver 2 0 (tinfo 0xe227da70)
09-07 03:57:49.235  2182  2182 W View    : requestLayout() improperly called by StatusBarIconView(slot=mobile icon=null notification=null) during layout: running second layout pass
09-07 03:57:49.239  2182  2468 D EGL_emulation: eglMakeCurrent: 0xda21a360: ver 2 0 (tinfo 0xda20f590)
09-07 03:57:49.431 16261 16306 W teco.fmhandroi: Accessing hidden method Lsun/misc/Unsafe;->compareAndSwapObject(Ljava/lang/Object;JLjava/lang/Object;Ljava/lang/Object;)Z (greylist, linking, allowed)
09-07 03:57:49.435 16261 16261 I ViewInteraction: Performing 'close keyboard' action on view view.getRootView() to equal view
09-07 03:57:49.442  6131  6131 I PhenotypeExpConfig: refreshConfiguration() : Force = false : UpdateAvailable = false : Age = 49 minutes : MaxAge = 720 minutes
09-07 03:57:49.443  6131  6131 I AndroidIME: LatinIme.onDeactivate()
09-07 03:57:49.460  2182  2468 D EGL_emulation: eglMakeCurrent: 0xda21a360: ver 2 0 (tinfo 0xda20f590)
09-07 03:57:49.461  6131  6653 D EGL_emulation: eglMakeCurrent: 0xe224f240: ver 2 0 (tinfo 0xe227da70)
09-07 03:57:49.462  2182  2182 W View    : requestLayout() improperly called by com.android.keyguard.AlphaOptimizedLinearLayout{551c6d8 V.E...... ......ID 7,0-48,61 #7f0a041c app:id/wifi_group} during second layout pass: posting in next frame
09-07 03:57:49.480  2182  2182 W View    : requestLayout() improperly called by StatusBarIconView(slot=mobile icon=null notification=null) during layout: running second layout pass
09-07 03:57:49.485  2182  2468 D EGL_emulation: eglMakeCurrent: 0xda21a360: ver 2 0 (tinfo 0xda20f590)
09-07 03:57:49.752 16261 16261 I ViewInteraction: Performing 'single click' action on view an instance of android.widget.TextView and view.getText() with or without transformation to match: is "Ivanov Ivan Ivanovich"
09-07 03:57:49.815 16261 16354 D EGL_emulation: eglMakeCurrent: 0xda21b1a0: ver 2 0 (tinfo 0xda20fe90)
09-07 03:57:49.878 16261 16354 D EGL_emulation: eglMakeCurrent: 0xda21b1a0: ver 2 0 (tinfo 0xda20fe90)
09-07 03:57:49.889  2037  7860 E InputDispatcher: Window handle Window{39fb00c u0 PopupWindow:53eeacf} has no registered input channel
09-07 03:57:49.889 16261 16354 D EGL_emulation: eglMakeCurrent: 0xda21b1a0: ver 2 0 (tinfo 0xda20fe90)
09-07 03:57:50.004  1792  2272 E GnssHAL_GnssInterface: gnssSvStatusCb: a: input svInfo.flags is 8
09-07 03:57:50.004  1792  2272 E GnssHAL_GnssInterface: gnssSvStatusCb: b: input svInfo.flags is 8
09-07 03:57:50.050 16261 16261 I ViewInteraction: Performing 'wait for a specific view with <(view.getId() is <2131231402> and view.getParent() view.getParent() view.getId() is <2131231406>)> during 10000 millis.' action on view view.getRootView() to equal view
09-07 03:57:50.053 16261 16306 W teco.fmhandroi: Accessing hidden method Lsun/misc/Unsafe;->compareAndSwapObject(Ljava/lang/Object;JLjava/lang/Object;Ljava/lang/Object;)Z (greylist, linking, allowed)
09-07 03:57:50.057 16261 16261 I ViewInteraction: Performing 'replace text( 3ea05c98-d31a-4d69-93af-acbe4d6dd88e)' action on view (view.getId() is <2131231402/ru.iteco.fmhandroid:id/title_edit_text> and view.getParent() view.getParent() view.getId() is <2131231406/ru.iteco.fmhandroid:id/title_text_input_layout>)
09-07 03:57:50.069 16261 16306 W teco.fmhandroi: Accessing hidden method Lsun/misc/Unsafe;->compareAndSwapObject(Ljava/lang/Object;JLjava/lang/Object;Ljava/lang/Object;)Z (greylist, linking, allowed)
09-07 03:57:50.108 16261 16261 I ViewInteraction: Performing 'wait for a specific view with <view.getId() is <2131230975>> during 10000 millis.' action on view view.getRootView() to equal view
09-07 03:57:50.110 16261 16306 W teco.fmhandroi: Accessing hidden method Lsun/misc/Unsafe;->compareAndSwapObject(Ljava/lang/Object;JLjava/lang/Object;Ljava/lang/Object;)Z (greylist, linking, allowed)
09-07 03:57:50.114 16261 16261 I ViewInteraction: Performing 'single click' action on view view.getId() is <2131230975/ru.iteco.fmhandroid:id/date_in_plan_text_input_edit_text>
09-07 03:57:50.271  1793 14098 D gralloc_ranchu: gralloc_alloc: Creating ashmem region of size 6778880
09-07 03:57:50.280  1793 14098 I chatty  : uid=1000(system) HwBinder:1793_3 identical 1 line
09-07 03:57:50.281  1793 14098 D gralloc_ranchu: gralloc_alloc: Creating ashmem region of size 6778880
09-07 03:57:50.295 16261 16354 D EGL_emulation: eglMakeCurrent: 0xda21b1a0: ver 2 0 (tinfo 0xda20fe90)
09-07 03:57:50.404 16261 16354 I chatty  : uid=10136(ru.iteco.fmhandroid) RenderThread identical 4 lines
09-07 03:57:50.598 16261 16354 D EGL_emulation: eglMakeCurrent: 0xda21b1a0: ver 2 0 (tinfo 0xda20fe90)
09-07 03:57:50.951 16261 16306 W teco.fmhandroi: Accessing hidden method Lsun/misc/Unsafe;->compareAndSwapObject(Ljava/lang/Object;JLjava/lang/Object;Ljava/lang/Object;)Z (greylist, linking, allowed)
09-07 03:57:50.960 16261 16261 I ViewInteraction: Performing 'wait for a specific view with <is assignable from class <class android.widget.DatePicker>> during 10000 millis.' action on view view.getRootView() to equal view
09-07 03:57:50.965 16261 16261 I ViewInteraction: Checking 'MatchesViewAssertion{viewMatcher=(view has effective visibility <VISIBLE> and view.getGlobalVisibleRect() to return non-empty rectangle)}' assertion on view is assignable from class <class android.widget.DatePicker>
09-07 03:57:50.971 16261 16261 I ViewInteraction: Performing 'wait for a specific view with <is assignable from class <class android.widget.DatePicker>> during 10000 millis.' action on view view.getRootView() to equal view
09-07 03:57:50.976 16261 16261 I ViewInteraction: Performing 'set date' action on view is assignable from class <class android.widget.DatePicker>
09-07 03:57:50.991 16261 16354 D EGL_emulation: eglMakeCurrent: 0xda21b1a0: ver 2 0 (tinfo 0xda20fe90)
09-07 03:57:51.003  1792  2272 E GnssHAL_GnssInterface: gnssSvStatusCb: a: input svInfo.flags is 8
09-07 03:57:51.003  1792  2272 E GnssHAL_GnssInterface: gnssSvStatusCb: b: input svInfo.flags is 8
09-07 03:57:51.008 16261 16261 I ViewInteraction: Performing 'wait for a specific view with <view.getId() is <16908313>> during 10000 millis.' action on view view.getRootView() to equal view
09-07 03:57:51.010 16261 16306 W teco.fmhandroi: Accessing hidden method Lsun/misc/Unsafe;->compareAndSwapObject(Ljava/lang/Object;JLjava/lang/Object;Ljava/lang/Object;)Z (greylist, linking, allowed)
09-07 03:57:51.013 16261 16261 I ViewInteraction: Performing 'single click' action on view view.getId() is <16908313/android:id/button1>
09-07 03:57:51.078 16261 16354 D EGL_emulation: eglMakeCurrent: 0xda21b1a0: ver 2 0 (tinfo 0xda20fe90)
09-07 03:57:51.082  2037  7860 E InputDispatcher: Window handle Window{c88980f u0 ru.iteco.fmhandroid/ru.iteco.fmhandroid.ui.AppActivity} has no registered input channel
09-07 03:57:51.095 16261 16354 D EGL_emulation: eglMakeCurrent: 0xda21b1a0: ver 2 0 (tinfo 0xda20fe90)
09-07 03:57:51.377 16261 16306 W teco.fmhandroi: Accessing hidden method Lsun/misc/Unsafe;->compareAndSwapObject(Ljava/lang/Object;JLjava/lang/Object;Ljava/lang/Object;)Z (greylist, linking, allowed)
09-07 03:57:51.380 16261 16261 I ViewInteraction: Performing 'wait for a specific view with <(an instance of android.widget.TextView and view.getHint() matching: is "Time" and view.getParent() view.getParent() view.getId() is <2131231399>)> during 10000 millis.' action on view view.getRootView() to equal view
09-07 03:57:51.382 16261 16306 W teco.fmhandroi: Accessing hidden method Lsun/misc/Unsafe;->compareAndSwapObject(Ljava/lang/Object;JLjava/lang/Object;Ljava/lang/Object;)Z (greylist, linking, allowed)
09-07 03:57:51.399 16261 16261 I ViewInteraction: Performing 'single click' action on view (an instance of android.widget.TextView and view.getHint() matching: is "Time" and view.getParent() view.getParent() view.getId() is <2131231399/ru.iteco.fmhandroid:id/time_in_plan_text_input_layout>)
09-07 03:57:51.558  1793 14098 D gralloc_ranchu: gralloc_alloc: Creating ashmem region of size 5718016
09-07 03:57:51.563  1793 14098 I chatty  : uid=1000(system) HwBinder:1793_3 identical 1 line
09-07 03:57:51.565  1793 14098 D gralloc_ranchu: gralloc_alloc: Creating ashmem region of size 5718016
09-07 03:57:51.572 16261 16354 D EGL_emulation: eglMakeCurrent: 0xda21b1a0: ver 2 0 (tinfo 0xda20fe90)
09-07 03:57:51.597 16261 16354 I chatty  : uid=10136(ru.iteco.fmhandroid) RenderThread identical 2 lines
09-07 03:57:51.636 16261 16354 D EGL_emulation: eglMakeCurrent: 0xda21b1a0: ver 2 0 (tinfo 0xda20fe90)
09-07 03:57:51.858 16261 16306 W teco.fmhandroi: Accessing hidden method Lsun/misc/Unsafe;->compareAndSwapObject(Ljava/lang/Object;JLjava/lang/Object;Ljava/lang/Object;)Z (greylist, linking, allowed)
09-07 03:57:51.860 16261 16261 I ViewInteraction: Performing 'wait for a specific view with <is assignable from class <class android.widget.TimePicker>> during 10000 millis.' action on view view.getRootView() to equal view
09-07 03:57:51.863 16261 16261 I ViewInteraction: Checking 'MatchesViewAssertion{viewMatcher=(view has effective visibility <VISIBLE> and view.getGlobalVisibleRect() to return non-empty rectangle)}' assertion on view is assignable from class <class android.widget.TimePicker>
09-07 03:57:51.865 16261 16261 I ViewInteraction: Performing 'wait for a specific view with <is assignable from class <class android.widget.TimePicker>> during 10000 millis.' action on view view.getRootView() to equal view
09-07 03:57:51.868 16261 16261 I ViewInteraction: Performing 'set time' action on view is assignable from class <class android.widget.TimePicker>
09-07 03:57:51.868 16261 16306 W teco.fmhandroi: Accessing hidden method Lsun/misc/Unsafe;->compareAndSwapObject(Ljava/lang/Object;JLjava/lang/Object;Ljava/lang/Object;)Z (greylist, linking, allowed)
09-07 03:57:51.870 16261 16261 I ViewInteraction: Performing 'wait for a specific view with <view.getId() is <16908313/android:id/button1>> during 10000 millis.' action on view view.getRootView() to equal view
09-07 03:57:51.871 16261 16306 W teco.fmhandroi: Accessing hidden method Lsun/misc/Unsafe;->compareAndSwapObject(Ljava/lang/Object;JLjava/lang/Object;Ljava/lang/Object;)Z (greylist, linking, allowed)
09-07 03:57:51.873 16261 16261 I ViewInteraction: Performing 'single click' action on view view.getId() is <16908313/android:id/button1>
09-07 03:57:51.923 16261 16354 D EGL_emulation: eglMakeCurrent: 0xda21b1a0: ver 2 0 (tinfo 0xda20fe90)
09-07 03:57:51.933 16261 16354 D EGL_emulation: eglMakeCurrent: 0xda21b1a0: ver 2 0 (tinfo 0xda20fe90)
09-07 03:57:51.940  2037  2847 E InputDispatcher: Window handle Window{4575715 u0 ru.iteco.fmhandroid/ru.iteco.fmhandroid.ui.AppActivity} has no registered input channel
09-07 03:57:51.953 16261 16354 D EGL_emulation: eglMakeCurrent: 0xda21b1a0: ver 2 0 (tinfo 0xda20fe90)
09-07 03:57:52.003  1792  2272 E GnssHAL_GnssInterface: gnssSvStatusCb: a: input svInfo.flags is 8
09-07 03:57:52.003  1792  2272 E GnssHAL_GnssInterface: gnssSvStatusCb: b: input svInfo.flags is 8
09-07 03:57:52.207 16261 16306 W teco.fmhandroi: Accessing hidden method Lsun/misc/Unsafe;->compareAndSwapObject(Ljava/lang/Object;JLjava/lang/Object;Ljava/lang/Object;)Z (greylist, linking, allowed)
09-07 03:57:52.212 16261 16261 I ViewInteraction: Performing 'wait for a specific view with <(an instance of android.widget.TextView and view.getHint() matching: is "Description" and view.getParent() view.getParent() view.getId() is <2131230988>)> during 10000 millis.' action on view view.getRootView() to equal view
09-07 03:57:52.214 16261 16306 W teco.fmhandroi: Accessing hidden method Lsun/misc/Unsafe;->compareAndSwapObject(Ljava/lang/Object;JLjava/lang/Object;Ljava/lang/Object;)Z (greylist, linking, allowed)
09-07 03:57:52.218 16261 16261 I ViewInteraction: Performing 'replace text( 9ce318b3-c773-44d0-9bd7-5cf777c062ea)' action on view (an instance of android.widget.TextView and view.getHint() matching: is "Description" and view.getParent() view.getParent() view.getId() is <2131230988/ru.iteco.fmhandroid:id/description_text_input_layout>)
09-07 03:57:52.229 16261 16306 W teco.fmhandroi: Accessing hidden method Lsun/misc/Unsafe;->compareAndSwapObject(Ljava/lang/Object;JLjava/lang/Object;Ljava/lang/Object;)Z (greylist, linking, allowed)
09-07 03:57:52.260 16261 16261 I ViewInteraction: Performing 'wait for a specific view with <view.getId() is <2131231291>> during 10000 millis.' action on view view.getRootView() to equal view
09-07 03:57:52.263 16261 16306 W teco.fmhandroi: Accessing hidden method Lsun/misc/Unsafe;->compareAndSwapObject(Ljava/lang/Object;JLjava/lang/Object;Ljava/lang/Object;)Z (greylist, linking, allowed)
09-07 03:57:52.263 16261 16361 W teco.fmhandroi: Accessing hidden method Lsun/misc/Unsafe;->compareAndSwapObject(Ljava/lang/Object;JLjava/lang/Object;Ljava/lang/Object;)Z (greylist, linking, allowed)
09-07 03:57:52.265 16261 16261 I ViewInteraction: Performing 'single click' action on view view.getId() is <2131231291/ru.iteco.fmhandroid:id/save_button>
09-07 03:57:52.327 16261 16393 I okhttp.OkHttpClient: --> POST http://www.981757-ca08998.tmweb.ru:8080/fmh/claims
09-07 03:57:52.327 16261 16393 I okhttp.OkHttpClient: Content-Type: application/json; charset=UTF-8
09-07 03:57:52.327 16261 16393 I okhttp.OkHttpClient: Content-Length: 273
09-07 03:57:52.327 16261 16393 I okhttp.OkHttpClient: {"createDate":1694059072,"creatorId":1,"creatorName":"Ivanov Ivan Ivanovich","description":" 9ce318b3-c773-44d0-9bd7-5cf777c062ea","executorId":1,"planExecuteDate":1694059020,"status":"OPEN","title":" 3ea05c98-d31a-4d69-93af-acbe4d6dd88e"}
09-07 03:57:52.327 16261 16393 I okhttp.OkHttpClient: --> END POST (273-byte body)
09-07 03:57:52.329  1774 16394 E ResolverController: No valid NAT64 prefix (101, <unspecified>/0)
09-07 03:57:52.552 16261 16306 W teco.fmhandroi: Accessing hidden method Lsun/misc/Unsafe;->compareAndSwapObject(Ljava/lang/Object;JLjava/lang/Object;Ljava/lang/Object;)Z (greylist, linking, allowed)
09-07 03:57:52.552 16261 16361 W teco.fmhandroi: Accessing hidden method Lsun/misc/Unsafe;->compareAndSwapObject(Ljava/lang/Object;JLjava/lang/Object;Ljava/lang/Object;)Z (greylist, linking, allowed)
09-07 03:57:52.554 16261 16261 I ViewInteraction: Performing 'wait for a specific view with <view.getId() is <2131230916>> during 10000 millis.' action on view view.getRootView() to equal view
09-07 03:57:52.626 16261 16393 I okhttp.OkHttpClient: <-- 200 http://www.981757-ca08998.tmweb.ru:8080/fmh/claims (299ms)
09-07 03:57:52.627 16261 16393 I okhttp.OkHttpClient: Vary: Origin
09-07 03:57:52.627 16261 16393 I okhttp.OkHttpClient: Vary: Access-Control-Request-Method
09-07 03:57:52.627 16261 16393 I okhttp.OkHttpClient: Vary: Access-Control-Request-Headers
09-07 03:57:52.627 16261 16393 I okhttp.OkHttpClient: X-Content-Type-Options: nosniff
09-07 03:57:52.627 16261 16393 I okhttp.OkHttpClient: X-XSS-Protection: 1; mode=block
09-07 03:57:52.627 16261 16393 I okhttp.OkHttpClient: Cache-Control: no-cache, no-store, max-age=0, must-revalidate
09-07 03:57:52.627 16261 16393 I okhttp.OkHttpClient: Pragma: no-cache
09-07 03:57:52.627 16261 16393 I okhttp.OkHttpClient: Expires: 0
09-07 03:57:52.627 16261 16393 I okhttp.OkHttpClient: X-Frame-Options: DENY
09-07 03:57:52.627 16261 16393 I okhttp.OkHttpClient: Content-Type: application/json
09-07 03:57:52.627 16261 16393 I okhttp.OkHttpClient: Transfer-Encoding: chunked
09-07 03:57:52.628 16261 16393 I okhttp.OkHttpClient: Date: Thu, 07 Sep 2023 03:57:53 GMT
09-07 03:57:52.628 16261 16393 I okhttp.OkHttpClient: Keep-Alive: timeout=60
09-07 03:57:52.628 16261 16393 I okhttp.OkHttpClient: Connection: keep-alive
09-07 03:57:52.628 16261 16393 I okhttp.OkHttpClient: {"id":10688,"title":" 3ea05c98-d31a-4d69-93af-acbe4d6dd88e","description":" 9ce318b3-c773-44d0-9bd7-5cf777c062ea","creatorId":1,"executorId":1,"createDate":1694059072,"planExecuteDate":1694059020,"factExecuteDate":null,"status":"IN_PROGRESS","creatorName":"Ivanov Ivan Ivanovich","executorName":"Ivanov Ivan Ivanovich"}
09-07 03:57:52.628 16261 16393 I okhttp.OkHttpClient: <-- END HTTP (353-byte body)
09-07 03:57:52.659  2037  2065 E memtrack: Couldn't load memtrack module
09-07 03:57:52.659  2037  2065 W android.os.Debug: failed to get memory consumption info: -1
09-07 03:57:52.693 16261 16306 W teco.fmhandroi: Accessing hidden method Lsun/misc/Unsafe;->compareAndSwapObject(Ljava/lang/Object;JLjava/lang/Object;Ljava/lang/Object;)Z (greylist, linking, allowed)
09-07 03:57:52.696 16261 16261 I ViewInteraction: Checking 'MatchesViewAssertion{viewMatcher=(view has effective visibility <VISIBLE> and view.getGlobalVisibleRect() to return non-empty rectangle)}' assertion on view view.getId() is <2131230916/ru.iteco.fmhandroid:id/claim_list_recycler_view>
09-07 03:57:52.700 16261 16306 W teco.fmhandroi: Accessing hidden method Lsun/misc/Unsafe;->compareAndSwapObject(Ljava/lang/Object;JLjava/lang/Object;Ljava/lang/Object;)Z (greylist, linking, allowed)
09-07 03:57:52.700 16261 16361 W teco.fmhandroi: Accessing hidden method Lsun/misc/Unsafe;->compareAndSwapObject(Ljava/lang/Object;JLjava/lang/Object;Ljava/lang/Object;)Z (greylist, linking, allowed)
09-07 03:57:52.702 16261 16261 I ViewInteraction: Performing 'scroll RecyclerView to: holder with view: (view is an instance of android.view.ViewGroup and has descendant matching an instance of android.widget.TextView and view.getText() with or without transformation to match: is " 3ea05c98-d31a-4d69-93af-acbe4d6dd88e")' action on view view.getId() is <2131230916/ru.iteco.fmhandroid:id/claim_list_recycler_view>
09-07 03:57:52.716 16261 16261 D takeScreenshot: Found 1 global views to redraw
09-07 03:57:52.748  1793 14098 D gralloc_ranchu: gralloc_alloc: Creating ashmem region of size 9850880
09-07 03:57:52.759  1678  1678 I hwservicemanager: getTransport: Cannot find entry android.hardware.graphics.mapper@3.0::IMapper/default in either framework or device manifest.
09-07 03:57:52.759 16246 16260 W Gralloc3: mapper 3.x is not supported
09-07 03:57:52.764 16246 16260 D HostConnection: createUnique: call
09-07 03:57:52.764 16246 16260 D HostConnection: HostConnection::get() New Host Connection established 0xea7554e0, tid 16260
