09-07 03:57:52.766 16246 16260 D HostConnection: HostComposition ext ANDROID_EMU_CHECKSUM_HELPER_v1 ANDROID_EMU_dma_v1 ANDROID_EMU_direct_mem ANDROID_EMU_vulkan ANDROID_EMU_deferred_vulkan_commands ANDROID_EMU_vulkan_null_optional_strings ANDROID_EMU_vulkan_create_resources_with_requirements ANDROID_EMU_YUV420_888_to_NV21 ANDROID_EMU_YUV_Cache ANDROID_EMU_vulkan_free_memory_sync ANDROID_EMU_vulkan_shader_float16_int8 ANDROID_EMU_vulkan_async_queue_submit ANDROID_EMU_sync_buffer_data GL_OES_vertex_array_object GL_KHR_texture_compression_astc_ldr ANDROID_EMU_host_side_tracing ANDROID_EMU_gles_max_version_2 
09-07 03:57:52.766 16246 16260 D eglCodecCommon: allocate: Ask for block of size 0x1000
09-07 03:57:52.766 16246 16260 D eglCodecCommon: allocate: ioctl allocate returned offset 0x3ffff6000 size 0x2000
09-07 03:57:52.769  1823  2077 E SurfaceFlinger: ro.sf.lcd_density must be defined as a build property
09-07 03:57:52.769  1823  2077 E SurfaceFlinger: ro.sf.lcd_density must be defined as a build property
09-07 03:57:52.770 16246 16396 D libEGL  : Emulator has host GPU support, qemu.gles is set to 1.
09-07 03:57:52.775 16246 16396 W libc    : Unable to set property "qemu.gles" to "1": error code: 0x18
09-07 03:57:52.775 16246 16396 D libEGL  : loaded /vendor/lib/egl/libEGL_emulation.so
09-07 03:57:52.776 16246 16396 D libEGL  : loaded /vendor/lib/egl/libGLESv1_CM_emulation.so
09-07 03:57:52.777 16246 16396 D libEGL  : loaded /vendor/lib/egl/libGLESv2_emulation.so
09-07 03:57:52.783 16246 16396 D HostConnection: HostConnection::get() New Host Connection established 0xea7553f0, tid 16396
09-07 03:57:52.783 16246 16396 D HostConnection: HostComposition ext ANDROID_EMU_CHECKSUM_HELPER_v1 ANDROID_EMU_dma_v1 ANDROID_EMU_direct_mem ANDROID_EMU_vulkan ANDROID_EMU_deferred_vulkan_commands ANDROID_EMU_vulkan_null_optional_strings ANDROID_EMU_vulkan_create_resources_with_requirements ANDROID_EMU_YUV420_888_to_NV21 ANDROID_EMU_YUV_Cache ANDROID_EMU_vulkan_free_memory_sync ANDROID_EMU_vulkan_shader_float16_int8 ANDROID_EMU_vulkan_async_queue_submit ANDROID_EMU_sync_buffer_data GL_OES_vertex_array_object GL_KHR_texture_compression_astc_ldr ANDROID_EMU_host_side_tracing ANDROID_EMU_gles_max_version_2 
09-07 03:57:52.786 16246 16396 W OpenGLRenderer: Failed to choose config with EGL_SWAP_BEHAVIOR_PRESERVED, retrying without...
09-07 03:57:52.794 16246 16396 D eglCodecCommon: setVertexArrayObject: set vao to 0 (0) 0 0
09-07 03:57:52.795 16246 16396 D EGL_emulation: eglCreateContext: 0xea77f040: maj 2 min 0 rcv 2
09-07 03:57:52.813 16246 16396 D EGL_emulation: eglMakeCurrent: 0xea77f040: ver 2 0 (tinfo 0xea78cdf0)
09-07 03:57:52.820 16246 16396 D eglCodecCommon: setVertexArrayObject: set vao to 0 (0) 1 0
09-07 03:57:52.845 16261 16306 W DefaultFailureHandler: Failed to take screenshot
09-07 03:57:52.845 16261 16306 W DefaultFailureHandler: java.io.FileNotFoundException: view-op-error-1.png: open failed: EROFS (Read-only file system)
09-07 03:57:52.845 16261 16306 W DefaultFailureHandler: 	at libcore.io.IoBridge.open(IoBridge.java:496)
09-07 03:57:52.845 16261 16306 W DefaultFailureHandler: 	at java.io.FileOutputStream.<init>(FileOutputStream.java:235)
09-07 03:57:52.845 16261 16306 W DefaultFailureHandler: 	at java.io.FileOutputStream.<init>(FileOutputStream.java:125)
09-07 03:57:52.845 16261 16306 W DefaultFailureHandler: 	at androidx.test.platform.io.FileTestStorage.openOutputFile(FileTestStorage.java:60)
09-07 03:57:52.845 16261 16306 W DefaultFailureHandler: 	at androidx.test.core.graphics.BitmapStorage.writeToTestStorage(BitmapStorageExt.kt:49)
09-07 03:57:52.845 16261 16306 W DefaultFailureHandler: 	at androidx.test.espresso.base.DefaultFailureHandler.takeScreenshot(DefaultFailureHandler.java:4)
09-07 03:57:52.845 16261 16306 W DefaultFailureHandler: 	at androidx.test.espresso.base.DefaultFailureHandler.handle(DefaultFailureHandler.java:3)
09-07 03:57:52.845 16261 16306 W DefaultFailureHandler: 	at androidx.test.espresso.ViewInteraction.waitForAndHandleInteractionResults(ViewInteraction.java:8)
09-07 03:57:52.845 16261 16306 W DefaultFailureHandler: 	at androidx.test.espresso.ViewInteraction.desugaredPerform(ViewInteraction.java:11)
09-07 03:57:52.845 16261 16306 W DefaultFailureHandler: 	at androidx.test.espresso.ViewInteraction.perform(ViewInteraction.java:8)
09-07 03:57:52.845 16261 16306 W DefaultFailureHandler: 	at ru.iteco.fmhandroid.ui.steps.ClaimsPageSteps.scrollToElementInRecyclerList(ClaimsPageSteps.java:127)
09-07 03:57:52.845 16261 16306 W DefaultFailureHandler: 	at ru.iteco.fmhandroid.ui.steps.ClaimsPageSteps.openClaimCard(ClaimsPageSteps.java:158)
09-07 03:57:52.845 16261 16306 W DefaultFailureHandler: 	at ru.iteco.fmhandroid.ui.ClaimsPageTest.shouldShowMessageFieldCannotBeEmpty(ClaimsPageTest.java:103)
09-07 03:57:52.845 16261 16306 W DefaultFailureHandler: 	at java.lang.reflect.Method.invoke(Native Method)
09-07 03:57:52.845 16261 16306 W DefaultFailureHandler: 	at org.junit.runners.model.FrameworkMethod$1.runReflectiveCall(FrameworkMethod.java:59)
09-07 03:57:52.845 16261 16306 W DefaultFailureHandler: 	at org.junit.internal.runners.model.ReflectiveCallable.run(ReflectiveCallable.java:12)
09-07 03:57:52.845 16261 16306 W DefaultFailureHandler: 	at org.junit.runners.model.FrameworkMethod.invokeExplosively(FrameworkMethod.java:56)
09-07 03:57:52.845 16261 16306 W DefaultFailureHandler: 	at org.junit.internal.runners.statements.InvokeMethod.evaluate(InvokeMethod.java:17)
09-07 03:57:52.845 16261 16306 W DefaultFailureHandler: 	at androidx.test.internal.runner.junit4.statement.RunBefores.evaluate(RunBefores.java:80)
09-07 03:57:52.845 16261 16306 W DefaultFailureHandler: 	at io.qameta.allure.android.rules.ScreenshotRule$apply$1.evaluate(ScreenshotRule.kt:22)
09-07 03:57:52.845 16261 16306 W DefaultFailureHandler: 	at org.junit.rules.ExternalResource$1.evaluate(ExternalResource.java:54)
09-07 03:57:52.845 16261 16306 W DefaultFailureHandler: 	at io.qameta.allure.android.rules.LogcatRule$apply$1.evaluate(LogcatRule.kt:23)
09-07 03:57:52.845 16261 16306 W DefaultFailureHandler: 	at org.junit.rules.RunRules.evaluate(RunRules.java:20)
09-07 03:57:52.845 16261 16306 W DefaultFailureHandler: 	at org.junit.runners.ParentRunner$3.evaluate(ParentRunner.java:306)
09-07 03:57:52.845 16261 16306 W DefaultFailureHandler: 	at org.junit.runners.BlockJUnit4ClassRunner$1.evaluate(BlockJUnit4ClassRunner.java:100)
09-07 03:57:52.845 16261 16306 W DefaultFailureHandler: 	at org.junit.runners.ParentRunner.runLeaf(ParentRunner.java:366)
09-07 03:57:52.845 16261 16306 W DefaultFailureHandler: 	at org.junit.runners.BlockJUnit4ClassRunner.runChild(BlockJUnit4ClassRunner.java:103)
09-07 03:57:52.845 16261 16306 W DefaultFailureHandler: 	at org.junit.runners.BlockJUnit4ClassRunner.runChild(BlockJUnit4ClassRunner.java:63)
09-07 03:57:52.845 16261 16306 W DefaultFailureHandler: 	at org.junit.runners.ParentRunner$4.run(ParentRunner.java:331)
09-07 03:57:52.845 16261 16306 W DefaultFailureHandler: 	at org.junit.runners.ParentRunner$1.schedule(ParentRunner.java:79)
09-07 03:57:52.845 16261 16306 W DefaultFailureHandler: 	at org.junit.runners.ParentRunner.runChildren(ParentRunner.java:329)
09-07 03:57:52.845 16261 16306 W DefaultFailureHandler: 	at org.junit.runners.ParentRunner.access$100(ParentRunner.java:66)
09-07 03:57:52.845 16261 16306 W DefaultFailureHandler: 	at org.junit.runners.ParentRunner$2.evaluate(ParentRunner.java:293)
09-07 03:57:52.845 16261 16306 W DefaultFailureHandler: 	at org.junit.runners.ParentRunner$3.evaluate(ParentRunner.java:306)
09-07 03:57:52.845 16261 16306 W DefaultFailureHandler: 	at org.junit.runners.ParentRunner.run(ParentRunner.java:413)
09-07 03:57:52.845 16261 16306 W DefaultFailureHandler: 	at androidx.test.ext.junit.runners.AndroidJUnit4.run(AndroidJUnit4.java:162)
09-07 03:57:52.845 16261 16306 W DefaultFailureHandler: 	at io.qameta.allure.android.runners.AllureAndroidJUnit4.run(AllureAndroidJUnitRunners.kt:29)
09-07 03:57:52.845 16261 16306 W DefaultFailureHandler: 	at org.junit.runners.Suite.runChild(Suite.java:128)
09-07 03:57:52.845 16261 16306 W DefaultFailureHandler: 	at org.junit.runners.Suite.runChild(Suite.java:27)
09-07 03:57:52.845 16261 16306 W DefaultFailureHandler: 	at org.junit.runners.ParentRunner$4.run(ParentRunner.java:331)
09-07 03:57:52.845 16261 16306 W DefaultFailureHandler: 	at org.junit.runners.ParentRunner$1.schedule(ParentRunner.java:79)
09-07 03:57:52.845 16261 16306 W DefaultFailureHandler: 	at org.junit.runners.ParentRunner.runChildren(ParentRunner.java:329)
09-07 03:57:52.845 16261 16306 W DefaultFailureHandler: 	at org.junit.runners.ParentRunner.access$100(ParentRunner.java:66)
09-07 03:57:52.845 16261 16306 W DefaultFailureHandler: 	at org.junit.runners.ParentRunner$2.evaluate(ParentRunner.java:293)
09-07 03:57:52.845 16261 16306 W DefaultFailureHandler: 	at org.junit.runners.ParentRunner$3.evaluate(ParentRunner.java:306)
09-07 03:57:52.845 16261 16306 W DefaultFailureHandler: 	at org.junit.runners.ParentRunner.run(ParentRunner.java:413)
09-07 03:57:52.845 16261 16306 W DefaultFailureHandler: 	at org.junit.runner.JUnitCore.run(JUnitCore.java:137)
09-07 03:57:52.845 16261 16306 W DefaultFailureHandler: 	at org.junit.runner.JUnitCore.run(JUnitCore.java:115)
09-07 03:57:52.845 16261 16306 W DefaultFailureHandler: 	at androidx.test.internal.runner.TestExecutor.execute(TestExecutor.java:67)
09-07 03:57:52.845 16261 16306 W DefaultFailureHandler: 	at androidx.test.internal.runner.TestExecutor.execute(TestExecutor.java:58)
09-07 03:57:52.845 16261 16306 W DefaultFailureHandler: 	at androidx.test.runner.AndroidJUnitRunner.onStart(AndroidJUnitRunner.java:438)
09-07 03:57:52.846 16261 16306 W DefaultFailureHandler: 	at android.app.Instrumentation$InstrumentationThread.run(Instrumentation.java:2189)
09-07 03:57:52.846 16261 16306 W DefaultFailureHandler: Caused by: android.system.ErrnoException: open failed: EROFS (Read-only file system)
09-07 03:57:52.846 16261 16306 W DefaultFailureHandler: 	at libcore.io.Linux.open(Native Method)
09-07 03:57:52.846 16261 16306 W DefaultFailureHandler: 	at libcore.io.ForwardingOs.open(ForwardingOs.java:167)
09-07 03:57:52.846 16261 16306 W DefaultFailureHandler: 	at libcore.io.BlockGuardOs.open(BlockGuardOs.java:252)
09-07 03:57:52.846 16261 16306 W DefaultFailureHandler: 	at libcore.io.ForwardingOs.open(ForwardingOs.java:167)
09-07 03:57:52.846 16261 16306 W DefaultFailureHandler: 	at android.app.ActivityThread$AndroidOs.open(ActivityThread.java:7255)
09-07 03:57:52.846 16261 16306 W DefaultFailureHandler: 	at libcore.io.IoBridge.open(IoBridge.java:482)
09-07 03:57:52.846 16261 16306 W DefaultFailureHandler: 	... 51 more
09-07 03:57:52.852  1793 14098 D gralloc_ranchu: gralloc_alloc: Creating ashmem region of size 9850880
09-07 03:57:52.988  2037  7860 I ActivityTaskManager: START u0 {act=android.intent.action.MAIN cat=[android.intent.category.LAUNCHER] flg=0x10000000 cmp=ru.iteco.fmhandroid.test/androidx.test.core.app.InstrumentationActivityInvoker$EmptyActivity} from uid 10136
09-07 03:57:52.995 16261 16261 D LifecycleMonitor: Lifecycle status change: ru.iteco.fmhandroid.ui.AppActivity@bf025f4 in: PAUSED
09-07 03:57:52.995 16261 16261 V ActivityScenario: Update currentActivityStage to PAUSED, currentActivity=ru.iteco.fmhandroid.ui.AppActivity@bf025f4
09-07 03:57:52.996  2037  2674 W InputReader: Device has associated, but no associated display id.
09-07 03:57:52.998  2037  2674 I chatty  : uid=1000(system) Binder:2037_A identical 38 lines
09-07 03:57:52.998  2037  2674 W InputReader: Device has associated, but no associated display id.
09-07 03:57:52.998 16318 16318 W ActivityThread: handleWindowVisibility: no activity for token android.os.BinderProxy@d6eec89
09-07 03:57:52.998 16261 16305 V FA      : Recording user engagement, ms: 9801
09-07 03:57:52.999  2037  2674 W InputReader: Device has associated, but no associated display id.
09-07 03:57:52.999  2037  2674 I chatty  : uid=1000(system) Binder:2037_A identical 8 lines
09-07 03:57:52.999  2037  2674 W InputReader: Device has associated, but no associated display id.
09-07 03:57:53.005  1792  2272 E GnssHAL_GnssInterface: gnssSvStatusCb: a: input svInfo.flags is 8
09-07 03:57:53.006  1792  2272 E GnssHAL_GnssInterface: gnssSvStatusCb: b: input svInfo.flags is 8
09-07 03:57:53.025 16261 16305 V FA      : Connecting to remote service
09-07 03:57:53.029 16261 16305 V FA      : Connection attempt already in progress
09-07 03:57:53.029 16261 16305 V FA      : Activity paused, time: 1996891
09-07 03:57:53.037 16261 16305 D FA      : Connected to remote service
09-07 03:57:53.037 16261 16305 V FA      : Processing queued up service tasks: 2
09-07 03:57:53.037  2037  2674 I ActivityTaskManager: START u0 {act=android.intent.action.MAIN cat=[android.intent.category.LAUNCHER] flg=0x10000000 cmp=ru.iteco.fmhandroid.test/androidx.test.core.app.InstrumentationActivityInvoker$EmptyActivity} from uid 10136
09-07 03:57:53.047 16318 16351 D HostConnection: HostConnection::get() New Host Connection established 0xd6c2ae10, tid 16351
09-07 03:57:53.049 16318 16351 D HostConnection: HostComposition ext ANDROID_EMU_CHECKSUM_HELPER_v1 ANDROID_EMU_dma_v1 ANDROID_EMU_direct_mem ANDROID_EMU_vulkan ANDROID_EMU_deferred_vulkan_commands ANDROID_EMU_vulkan_null_optional_strings ANDROID_EMU_vulkan_create_resources_with_requirements ANDROID_EMU_YUV420_888_to_NV21 ANDROID_EMU_YUV_Cache ANDROID_EMU_vulkan_free_memory_sync ANDROID_EMU_vulkan_shader_float16_int8 ANDROID_EMU_vulkan_async_queue_submit ANDROID_EMU_sync_buffer_data GL_OES_vertex_array_object GL_KHR_texture_compression_astc_ldr ANDROID_EMU_host_side_tracing ANDROID_EMU_gles_max_version_2 
09-07 03:57:53.051 16318 16351 W OpenGLRenderer: Failed to choose config with EGL_SWAP_BEHAVIOR_PRESERVED, retrying without...
09-07 03:57:53.059 16318 16351 D eglCodecCommon: setVertexArrayObject: set vao to 0 (0) 0 0
09-07 03:57:53.059 16318 16351 D EGL_emulation: eglCreateContext: 0xe22f7960: maj 2 min 0 rcv 2
09-07 03:57:53.082 16318 16351 D EGL_emulation: eglMakeCurrent: 0xe22f7960: ver 2 0 (tinfo 0xed489460)
09-07 03:57:53.088  1793 14098 D gralloc_ranchu: gralloc_alloc: Creating ashmem region of size 9850880
09-07 03:57:53.090  1678  1678 I hwservicemanager: getTransport: Cannot find entry android.hardware.graphics.mapper@3.0::IMapper/default in either framework or device manifest.
09-07 03:57:53.090 16318 16351 W Gralloc3: mapper 3.x is not supported
09-07 03:57:53.091 16318 16351 D HostConnection: createUnique: call
09-07 03:57:53.091 16318 16351 D HostConnection: HostConnection::get() New Host Connection established 0xd6c2c490, tid 16351
09-07 03:57:53.092 16318 16351 D HostConnection: HostComposition ext ANDROID_EMU_CHECKSUM_HELPER_v1 ANDROID_EMU_dma_v1 ANDROID_EMU_direct_mem ANDROID_EMU_vulkan ANDROID_EMU_deferred_vulkan_commands ANDROID_EMU_vulkan_null_optional_strings ANDROID_EMU_vulkan_create_resources_with_requirements ANDROID_EMU_YUV420_888_to_NV21 ANDROID_EMU_YUV_Cache ANDROID_EMU_vulkan_free_memory_sync ANDROID_EMU_vulkan_shader_float16_int8 ANDROID_EMU_vulkan_async_queue_submit ANDROID_EMU_sync_buffer_data GL_OES_vertex_array_object GL_KHR_texture_compression_astc_ldr ANDROID_EMU_host_side_tracing ANDROID_EMU_gles_max_version_2 
09-07 03:57:53.093 16318 16351 D eglCodecCommon: allocate: Ask for block of size 0x1000
09-07 03:57:53.093 16318 16351 D eglCodecCommon: allocate: ioctl allocate returned offset 0x3ff686000 size 0x2000
09-07 03:57:53.095  1793 14098 D gralloc_ranchu: gralloc_alloc: Creating ashmem region of size 9850880
09-07 03:57:53.095 16318 16351 D EGL_emulation: eglMakeCurrent: 0xe22f7960: ver 2 0 (tinfo 0xed489460)
09-07 03:57:53.097 16318 16351 D eglCodecCommon: setVertexArrayObject: set vao to 0 (0) 1 0
09-07 03:57:53.097  1793 14098 D gralloc_ranchu: gralloc_alloc: Creating ashmem region of size 9850880
09-07 03:57:53.114  7867 16310 V FA-SVC  : Logging event: origin=auto,name=user_engagement(_e),params=Bundle[{ga_event_origin(_o)=auto, engagement_time_msec(_et)=9801, ga_screen_class(_sc)=AppActivity, ga_screen_id(_si)=184324342343954144}]
09-07 03:57:53.131  7867 16310 V FA-SVC  : Upload scheduled in approximately ms: 1763979
09-07 03:57:53.131  7867 16310 V FA-SVC  : Unscheduling upload
09-07 03:57:53.133  7867 16310 V FA-SVC  : Scheduling upload, millis: 1763979
09-07 03:57:53.135  7867 16310 V FA-SVC  : Background event processing time, ms: 22
09-07 03:57:53.198  2037  2674 W InputReader: Device has associated, but no associated display id.
09-07 03:57:53.200  2037  2674 I chatty  : uid=1000(system) Binder:2037_A identical 48 lines
09-07 03:57:53.200  2037  2674 W InputReader: Device has associated, but no associated display id.
09-07 03:57:53.217 16318 16318 W ActivityThread: handleWindowVisibility: no activity for token android.os.BinderProxy@ee74d3e
09-07 03:57:53.231  2037  7860 W ActivityTaskManager: Duplicate finish request for ActivityRecord{a0612d9 u0 ru.iteco.fmhandroid/.ui.AppActivity t703 f}
09-07 03:57:53.255  1793 14098 D gralloc_ranchu: gralloc_alloc: Creating ashmem region of size 9850880
09-07 03:57:53.258  1793 14098 D gralloc_ranchu: gralloc_alloc: Creating ashmem region of size 9850880
09-07 03:57:53.260 16318 16351 D EGL_emulation: eglMakeCurrent: 0xe22f7960: ver 2 0 (tinfo 0xed489460)
09-07 03:57:53.260  1793 14098 D gralloc_ranchu: gralloc_alloc: Creating ashmem region of size 9850880
09-07 03:57:53.279  2037  2061 W InputReader: Device has associated, but no associated display id.
09-07 03:57:53.280  2037  2061 I chatty  : uid=1000(system) android.anim identical 18 lines
09-07 03:57:53.280  2037  2061 W InputReader: Device has associated, but no associated display id.
09-07 03:57:53.290 16261 16354 D EGL_emulation: eglMakeCurrent: 0xda21b1a0: ver 2 0 (tinfo 0xda20fe90)
09-07 03:57:53.290  2037  2065 I ActivityTaskManager: Displayed ru.iteco.fmhandroid.test/androidx.test.core.app.InstrumentationActivityInvoker$EmptyActivity: +201ms
09-07 03:57:53.292  2037  2674 W InputReader: Device has associated, but no associated display id.
09-07 03:57:53.309  2037  2674 I chatty  : uid=1000(system) Binder:2037_A identical 18 lines
09-07 03:57:53.309  2037  2674 W InputReader: Device has associated, but no associated display id.
09-07 03:57:53.313 16261 16261 D LifecycleMonitor: Lifecycle status change: ru.iteco.fmhandroid.ui.AppActivity@bf025f4 in: STOPPED
09-07 03:57:53.313 16261 16261 V ActivityScenario: Update currentActivityStage to STOPPED, currentActivity=ru.iteco.fmhandroid.ui.AppActivity@bf025f4
09-07 03:57:53.320  1823  1823 W SurfaceFlinger: couldn't log to binary event log: overflow.
09-07 03:57:53.321 16261 16384 I okhttp.OkHttpClient: <-- HTTP FAILED: java.net.SocketException: Socket closed
09-07 03:57:53.323 16261 16261 W System.err: ru.iteco.fmhandroid.exceptions.UnknownException
09-07 03:57:53.324 16261 16261 W System.err: 	at ru.iteco.fmhandroid.utils.Utils.makeRequest(Utils.kt:123)
09-07 03:57:53.324 16261 16261 W System.err: 	at ru.iteco.fmhandroid.utils.Utils$makeRequest$1.invokeSuspend(Unknown Source:15)
09-07 03:57:53.325 16261 16261 W System.err: 	at kotlin.coroutines.jvm.internal.BaseContinuationImpl.resumeWith(ContinuationImpl.kt:33)
09-07 03:57:53.325 16261 16261 W System.err: 	at kotlinx.coroutines.DispatchedTaskKt.resume(DispatchedTask.kt:234)
09-07 03:57:53.326 16261 16261 W System.err: 	at kotlinx.coroutines.DispatchedTaskKt.resumeUnconfined(DispatchedTask.kt:190)
09-07 03:57:53.326 16261 16261 W System.err: 	at kotlinx.coroutines.DispatchedTaskKt.dispatch(DispatchedTask.kt:161)
09-07 03:57:53.326 16261 16261 W System.err: 	at kotlinx.coroutines.CancellableContinuationImpl.dispatchResume(CancellableContinuationImpl.kt:397)
09-07 03:57:53.327 16261 16261 W System.err: 	at kotlinx.coroutines.CancellableContinuationImpl.cancel(CancellableContinuationImpl.kt:183)
09-07 03:57:53.327 16261 16261 W System.err: 	at kotlinx.coroutines.CancellableContinuationImpl.parentCancelled$kotlinx_coroutines_core(CancellableContinuationImpl.kt:190)
09-07 03:57:53.327 16261 16261 W System.err: 	at kotlinx.coroutines.ChildContinuation.invoke(JobSupport.kt:1474)
09-07 03:57:53.327 16261 16261 W System.err: 	at kotlinx.coroutines.JobSupport.notifyCancelling(JobSupport.kt:1499)
09-07 03:57:53.327 16261 16261 W System.err: 	at kotlinx.coroutines.JobSupport.tryMakeCancelling(JobSupport.kt:795)
09-07 03:57:53.327 16261 16261 W System.err: 	at kotlinx.coroutines.JobSupport.makeCancelling(JobSupport.kt:755)
09-07 03:57:53.327 16261 16261 W System.err: 	at kotlinx.coroutines.JobSupport.cancelImpl$kotlinx_coroutines_core(JobSupport.kt:671)
09-07 03:57:53.327 16261 16261 W System.err: 	at kotlinx.coroutines.JobSupport.parentCancelled(JobSupport.kt:637)
09-07 03:57:53.327 16261 16261 W System.err: 	at kotlinx.coroutines.ChildHandleNode.invoke(JobSupport.kt:1465)
09-07 03:57:53.327 16261 16261 W System.err: 	at kotlinx.coroutines.JobSupport.notifyCancelling(JobSupport.kt:1499)
09-07 03:57:53.330 16261 16261 W System.err: 	at kotlinx.coroutines.JobSupport.tryMakeCompletingSlowPath(JobSupport.kt:900)
09-07 03:57:53.330 16261 16261 W System.err: 	at kotlinx.coroutines.JobSupport.tryMakeCompleting(JobSupport.kt:863)
09-07 03:57:53.330 16261 16261 W System.err: 	at kotlinx.coroutines.JobSupport.cancelMakeCompleting(JobSupport.kt:696)
09-07 03:57:53.330 16261 16261 W System.err: 	at kotlinx.coroutines.JobSupport.cancelImpl$kotlinx_coroutines_core(JobSupport.kt:667)
09-07 03:57:53.330 16261 16261 W System.err: 	at kotlinx.coroutines.JobSupport.cancelInternal(JobSupport.kt:632)
09-07 03:57:53.330 16261 16261 W System.err: 	at kotlinx.coroutines.JobSupport.cancel(JobSupport.kt:617)
09-07 03:57:53.330 16261 16261 W System.err: 	at kotlinx.coroutines.JobKt__JobKt.cancel(Job.kt:561)
09-07 03:57:53.330 16261 16261 W System.err: 	at kotlinx.coroutines.JobKt.cancel(Unknown Source:1)
09-07 03:57:53.332 16261 16261 W System.err: 	at kotlinx.coroutines.JobKt__JobKt.cancel$default(Job.kt:560)
09-07 03:57:53.332 16261 16261 W System.err: 	at kotlinx.coroutines.JobKt.cancel$default(Unknown Source:1)
09-07 03:57:53.332 16261 16261 W System.err: 	at androidx.lifecycle.CloseableCoroutineScope.close(ViewModel.kt:51)
09-07 03:57:53.332 16261 16261 W System.err: 	at androidx.lifecycle.ViewModel.closeWithRuntimeException(ViewModel.java:188)
09-07 03:57:53.332 16261 16261 W System.err: 	at androidx.lifecycle.ViewModel.clear(ViewModel.java:134)
09-07 03:57:53.333 16261 16261 W System.err: 	at androidx.lifecycle.ViewModelStore.clear(ViewModelStore.java:62)
09-07 03:57:53.333 16261 16261 W System.err: 	at androidx.fragment.app.FragmentManagerViewModel.clearNonConfigStateInternal(FragmentManagerViewModel.java:210)
09-07 03:57:53.333  1793 14098 D gralloc_ranchu: gralloc_alloc: Creating ashmem region of size 9850880
09-07 03:57:53.333 16261 16261 W System.err: 	at androidx.fragment.app.FragmentManagerViewModel.clearNonConfigState(FragmentManagerViewModel.java:190)
09-07 03:57:53.333 16261 16261 W System.err: 	at androidx.fragment.app.FragmentStateManager.destroy(FragmentStateManager.java:778)
09-07 03:57:53.333 16261 16261 W System.err: 	at androidx.fragment.app.FragmentStateManager.moveToExpectedState(FragmentStateManager.java:335)
09-07 03:57:53.333 16261 16261 W System.err: 	at androidx.fragment.app.FragmentStore.moveToExpectedState(FragmentStore.java:113)
09-07 03:57:53.334 16261 16261 W System.err: 	at androidx.fragment.app.FragmentManager.moveToState(FragmentManager.java:1374)
09-07 03:57:53.334 16261 16261 W System.err: 	at androidx.fragment.app.FragmentManager.dispatchStateChange(FragmentManager.java:2841)
09-07 03:57:53.335 16261 16261 W System.err: 	at androidx.fragment.app.FragmentManager.dispatchDestroy(FragmentManager.java:2820)
09-07 03:57:53.335 16261 16261 W System.err: 	at androidx.fragment.app.Fragment.performDestroy(Fragment.java:3246)
09-07 03:57:53.335 16261 16261 W System.err: 	at androidx.fragment.app.FragmentStateManager.destroy(FragmentStateManager.java:780)
09-07 03:57:53.335 16261 16261 W System.err: 	at androidx.fragment.app.FragmentStateManager.moveToExpectedState(FragmentStateManager.java:335)
09-07 03:57:53.335 16261 16261 W System.err: 	at androidx.fragment.app.SpecialEffectsController$FragmentStateManagerOperation.complete(SpecialEffectsController.java:771)
09-07 03:57:53.335 16261 16261 W System.err: 	at androidx.fragment.app.SpecialEffectsController$Operation.cancel(SpecialEffectsController.java:615)
09-07 03:57:53.335 16261 16261 W System.err: 	at androidx.fragment.app.SpecialEffectsController.forceCompleteAllOperations(SpecialEffectsController.java:350)
09-07 03:57:53.335 16261 16261 W System.err: 	at androidx.fragment.app.FragmentManager.dispatchStateChange(FragmentManager.java:2844)
09-07 03:57:53.335 16261 16261 W System.err: 	at androidx.fragment.app.FragmentManager.dispatchDestroy(FragmentManager.java:2820)
09-07 03:57:53.336 16261 16261 W System.err: 	at androidx.fragment.app.FragmentController.dispatchDestroy(FragmentController.java:345)
09-07 03:57:53.336 16261 16261 W System.err: 	at androidx.fragment.app.FragmentActivity.onDestroy(FragmentActivity.java:306)
09-07 03:57:53.336 16261 16261 W System.err: 	at androidx.appcompat.app.AppCompatActivity.onDestroy(AppCompatActivity.java:278)
09-07 03:57:53.336 16261 16261 W System.err: 	at android.app.Activity.performDestroy(Activity.java:8048)
09-07 03:57:53.336 16261 16261 W System.err: 	at android.app.Instrumentation.callActivityOnDestroy(Instrumentation.java:1334)
09-07 03:57:53.336 16261 16261 W System.err: 	at androidx.test.runner.MonitoringInstrumentation.callActivityOnDestroy(MonitoringInstrumentation.java:766)
09-07 03:57:53.336 16261 16261 W System.err: 	at android.app.ActivityThread.performDestroyActivity(ActivityThread.java:4926)
09-07 03:57:53.336 16261 16261 W System.err: 	at android.app.ActivityThread.handleDestroyActivity(ActivityThread.java:4970)
09-07 03:57:53.336 16261 16261 W System.err: 	at android.app.servertransaction.DestroyActivityItem.execute(DestroyActivityItem.java:44)
09-07 03:57:53.336 16261 16261 W System.err: 	at android.app.servertransaction.TransactionExecutor.executeLifecycleState(TransactionExecutor.java:176)
09-07 03:57:53.336 16261 16261 W System.err: 	at android.app.servertransaction.TransactionExecutor.execute(TransactionExecutor.java:97)
09-07 03:57:53.336 16261 16261 W System.err: 	at android.app.ActivityThread$H.handleMessage(ActivityThread.java:2016)
09-07 03:57:53.336 16261 16261 W System.err: 	at android.os.Handler.dispatchMessage(Handler.java:107)
09-07 03:57:53.336 16261 16261 W System.err: 	at android.os.Looper.loop(Looper.java:214)
09-07 03:57:53.336 16261 16261 W System.err: 	at android.app.ActivityThread.main(ActivityThread.java:7356)
09-07 03:57:53.336 16261 16261 W System.err: 	at java.lang.reflect.Method.invoke(Native Method)
09-07 03:57:53.336 16261 16261 W System.err: 	at com.android.internal.os.RuntimeInit$MethodAndArgsCaller.run(RuntimeInit.java:492)
09-07 03:57:53.336 16261 16261 W System.err: 	at com.android.internal.os.ZygoteInit.main(ZygoteInit.java:930)
09-07 03:57:53.338  2037  2037 W ActivityManager: Unable to start service Intent { act=android.service.appprediction.AppPredictionService cmp=com.google.android.as/com.google.android.apps.miphone.aiai.app.AiAiPredictionService } U=0: not found
09-07 03:57:53.338  2037  2037 W RemoteAppPredictionService: could not bind to Intent { act=android.service.appprediction.AppPredictionService cmp=com.google.android.as/com.google.android.apps.miphone.aiai.app.AiAiPredictionService } using flags 67108865
09-07 03:57:53.341  1793 14098 D gralloc_ranchu: gralloc_alloc: Creating ashmem region of size 9850880
09-07 03:57:53.342  1793 14098 D gralloc_ranchu: gralloc_alloc: Creating ashmem region of size 9850880
09-07 03:57:53.346  2666  3068 D EGL_emulation: eglMakeCurrent: 0xda21b0e0: ver 2 0 (tinfo 0xda20fbb0)
09-07 03:57:53.350 16261 16261 W System.err: ru.iteco.fmhandroid.exceptions.UnknownException
09-07 03:57:53.350 16261 16261 W System.err: 	at ru.iteco.fmhandroid.utils.Utils.makeRequest(Utils.kt:123)
09-07 03:57:53.350 16261 16261 W System.err: 	at ru.iteco.fmhandroid.utils.Utils$makeRequest$1.invokeSuspend(Unknown Source:15)
09-07 03:57:53.350 16261 16261 W System.err: 	at kotlin.coroutines.jvm.internal.BaseContinuationImpl.resumeWith(ContinuationImpl.kt:33)
09-07 03:57:53.350 16261 16261 W System.err: 	at kotlinx.coroutines.DispatchedTaskKt.resume(DispatchedTask.kt:234)
09-07 03:57:53.350 16261 16261 W System.err: 	at kotlinx.coroutines.DispatchedTaskKt.resumeUnconfined(DispatchedTask.kt:190)
09-07 03:57:53.350 16261 16373 I okhttp.OkHttpClient: <-- HTTP FAILED: java.net.SocketException: Socket closed
09-07 03:57:53.351 16261 16261 W System.err: 	at kotlinx.coroutines.DispatchedTaskKt.dispatch(DispatchedTask.kt:161)
09-07 03:57:53.353 16261 16261 W System.err: 	at kotlinx.coroutines.CancellableContinuationImpl.dispatchResume(CancellableContinuationImpl.kt:397)
09-07 03:57:53.353 16261 16261 W System.err: 	at kotlinx.coroutines.CancellableContinuationImpl.cancel(CancellableContinuationImpl.kt:183)
09-07 03:57:53.353 16261 16261 W System.err: 	at kotlinx.coroutines.CancellableContinuationImpl.parentCancelled$kotlinx_coroutines_core(CancellableContinuationImpl.kt:190)
09-07 03:57:53.353 16261 16261 W System.err: 	at kotlinx.coroutines.ChildContinuation.invoke(JobSupport.kt:1474)
09-07 03:57:53.353 16261 16261 W System.err: 	at kotlinx.coroutines.JobSupport.notifyCancelling(JobSupport.kt:1499)
09-07 03:57:53.353  1793 14098 D gralloc_ranchu: gralloc_alloc: Creating ashmem region of size 9850880
09-07 03:57:53.353 16261 16261 W System.err: 	at kotlinx.coroutines.JobSupport.tryMakeCancelling(JobSupport.kt:795)
09-07 03:57:53.353 16261 16261 W System.err: 	at kotlinx.coroutines.JobSupport.makeCancelling(JobSupport.kt:755)
09-07 03:57:53.353 16261 16261 W System.err: 	at kotlinx.coroutines.JobSupport.cancelImpl$kotlinx_coroutines_core(JobSupport.kt:671)
09-07 03:57:53.353 16261 16261 W System.err: 	at kotlinx.coroutines.JobSupport.parentCancelled(JobSupport.kt:637)
09-07 03:57:53.353 16261 16261 W System.err: 	at kotlinx.coroutines.ChildHandleNode.invoke(JobSupport.kt:1465)
09-07 03:57:53.353 16261 16261 W System.err: 	at kotlinx.coroutines.JobSupport.notifyCancelling(JobSupport.kt:1499)
09-07 03:57:53.353 16261 16261 W System.err: 	at kotlinx.coroutines.JobSupport.tryMakeCompletingSlowPath(JobSupport.kt:900)
09-07 03:57:53.353 16261 16261 W System.err: 	at kotlinx.coroutines.JobSupport.tryMakeCompleting(JobSupport.kt:863)
09-07 03:57:53.353 16261 16261 W System.err: 	at kotlinx.coroutines.JobSupport.cancelMakeCompleting(JobSupport.kt:696)
09-07 03:57:53.353 16261 16261 W System.err: 	at kotlinx.coroutines.JobSupport.cancelImpl$kotlinx_coroutines_core(JobSupport.kt:667)
09-07 03:57:53.353 16261 16261 W System.err: 	at kotlinx.coroutines.JobSupport.cancelInternal(JobSupport.kt:632)
09-07 03:57:53.353 16261 16261 W System.err: 	at kotlinx.coroutines.JobSupport.cancel(JobSupport.kt:617)
09-07 03:57:53.353 16261 16261 W System.err: 	at kotlinx.coroutines.JobKt__JobKt.cancel(Job.kt:561)
09-07 03:57:53.353 16261 16261 W System.err: 	at kotlinx.coroutines.JobKt.cancel(Unknown Source:1)
09-07 03:57:53.353 16261 16261 W System.err: 	at kotlinx.coroutines.JobKt__JobKt.cancel$default(Job.kt:560)
09-07 03:57:53.354 16261 16261 W System.err: 	at kotlinx.coroutines.JobKt.cancel$default(Unknown Source:1)
09-07 03:57:53.354 16261 16261 W System.err: 	at androidx.lifecycle.CloseableCoroutineScope.close(ViewModel.kt:51)
09-07 03:57:53.354 16261 16261 W System.err: 	at androidx.lifecycle.ViewModel.closeWithRuntimeException(ViewModel.java:188)
09-07 03:57:53.354 16261 16261 W System.err: 	at androidx.lifecycle.ViewModel.clear(ViewModel.java:134)
09-07 03:57:53.354 16261 16261 W System.err: 	at androidx.lifecycle.ViewModelStore.clear(ViewModelStore.java:62)
09-07 03:57:53.354 16261 16261 W System.err: 	at androidx.fragment.app.FragmentManagerViewModel.clearNonConfigStateInternal(FragmentManagerViewModel.java:210)
09-07 03:57:53.354 16261 16261 W System.err: 	at androidx.fragment.app.FragmentManagerViewModel.clearNonConfigState(FragmentManagerViewModel.java:190)
09-07 03:57:53.354 16261 16261 W System.err: 	at androidx.fragment.app.FragmentStateManager.destroy(FragmentStateManager.java:778)
09-07 03:57:53.354 16261 16261 W System.err: 	at androidx.fragment.app.FragmentStateManager.moveToExpectedState(FragmentStateManager.java:335)
09-07 03:57:53.354 16261 16261 W System.err: 	at androidx.fragment.app.FragmentStore.moveToExpectedState(FragmentStore.java:113)
09-07 03:57:53.354 16261 16261 W System.err: 	at androidx.fragment.app.FragmentManager.moveToState(FragmentManager.java:1374)
09-07 03:57:53.354 16261 16261 W System.err: 	at androidx.fragment.app.FragmentManager.dispatchStateChange(FragmentManager.java:2841)
09-07 03:57:53.354 16261 16261 W System.err: 	at androidx.fragment.app.FragmentManager.dispatchDestroy(FragmentManager.java:2820)
09-07 03:57:53.354 16261 16261 W System.err: 	at androidx.fragment.app.Fragment.performDestroy(Fragment.java:3246)
09-07 03:57:53.354 16261 16261 W System.err: 	at androidx.fragment.app.FragmentStateManager.destroy(FragmentStateManager.java:780)
09-07 03:57:53.354 16261 16261 W System.err: 	at androidx.fragment.app.FragmentStateManager.moveToExpectedState(FragmentStateManager.java:335)
09-07 03:57:53.354 16261 16261 W System.err: 	at androidx.fragment.app.SpecialEffectsController$FragmentStateManagerOperation.complete(SpecialEffectsController.java:771)
09-07 03:57:53.354 16261 16261 W System.err: 	at androidx.fragment.app.SpecialEffectsController$Operation.cancel(SpecialEffectsController.java:615)
09-07 03:57:53.354 16261 16261 W System.err: 	at androidx.fragment.app.SpecialEffectsController.forceCompleteAllOperations(SpecialEffectsController.java:350)
09-07 03:57:53.354 16261 16261 W System.err: 	at androidx.fragment.app.FragmentManager.dispatchStateChange(FragmentManager.java:2844)
09-07 03:57:53.354 16261 16261 W System.err: 	at androidx.fragment.app.FragmentManager.dispatchDestroy(FragmentManager.java:2820)
09-07 03:57:53.354 16261 16261 W System.err: 	at androidx.fragment.app.FragmentController.dispatchDestroy(FragmentController.java:345)
09-07 03:57:53.354 16261 16261 W System.err: 	at androidx.fragment.app.FragmentActivity.onDestroy(FragmentActivity.java:306)
09-07 03:57:53.354 16261 16261 W System.err: 	at androidx.appcompat.app.AppCompatActivity.onDestroy(AppCompatActivity.java:278)
09-07 03:57:53.354 16261 16261 W System.err: 	at android.app.Activity.performDestroy(Activity.java:8048)
09-07 03:57:53.354 16261 16261 W System.err: 	at android.app.Instrumentation.callActivityOnDestroy(Instrumentation.java:1334)
09-07 03:57:53.354 16261 16261 W System.err: 	at androidx.test.runner.MonitoringInstrumentation.callActivityOnDestroy(MonitoringInstrumentation.java:766)
09-07 03:57:53.354 16261 16261 W System.err: 	at android.app.ActivityThread.performDestroyActivity(ActivityThread.java:4926)
09-07 03:57:53.354 16261 16261 W System.err: 	at android.app.ActivityThread.handleDestroyActivity(ActivityThread.java:4970)
09-07 03:57:53.354 16261 16261 W System.err: 	at android.app.servertransaction.DestroyActivityItem.execute(DestroyActivityItem.java:44)
09-07 03:57:53.354 16261 16261 W System.err: 	at android.app.servertransaction.TransactionExecutor.executeLifecycleState(TransactionExecutor.java:176)
09-07 03:57:53.354 16261 16261 W System.err: 	at android.app.servertransaction.TransactionExecutor.execute(TransactionExecutor.java:97)
09-07 03:57:53.354 16261 16261 W System.err: 	at android.app.ActivityThread$H.handleMessage(ActivityThread.java:2016)
09-07 03:57:53.354 16261 16261 W System.err: 	at android.os.Handler.dispatchMessage(Handler.java:107)
09-07 03:57:53.354 16261 16261 W System.err: 	at android.os.Looper.loop(Looper.java:214)
09-07 03:57:53.354 16261 16261 W System.err: 	at android.app.ActivityThread.main(ActivityThread.java:7356)
09-07 03:57:53.354 16261 16261 W System.err: 	at java.lang.reflect.Method.invoke(Native Method)
09-07 03:57:53.354 16261 16261 W System.err: 	at com.android.internal.os.RuntimeInit$MethodAndArgsCaller.run(RuntimeInit.java:492)
09-07 03:57:53.354 16261 16261 W System.err: 	at com.android.internal.os.ZygoteInit.main(ZygoteInit.java:930)
09-07 03:57:53.363  1793 14098 D gralloc_ranchu: gralloc_alloc: Creating ashmem region of size 9850880
09-07 03:57:53.364  1793 14098 D gralloc_ranchu: gralloc_alloc: Creating ashmem region of size 9850880
09-07 03:57:53.370  2434  2714 D EGL_emulation: eglMakeCurrent: 0xed453b60: ver 2 0 (tinfo 0xe233a960)
09-07 03:57:53.370  2666  2666 I dnsi    : onStart
09-07 03:57:53.372  2666  2666 I dnsi    : onResume
09-07 03:57:53.387 16261 16261 D LifecycleMonitor: Lifecycle status change: ru.iteco.fmhandroid.ui.AppActivity@bf025f4 in: DESTROYED
09-07 03:57:53.387 16261 16261 V ActivityScenario: Update currentActivityStage to DESTROYED, currentActivity=null
09-07 03:57:53.397  2037  2061 W InputReader: Device has associated, but no associated display id.
09-07 03:57:53.397  2037  2061 I chatty  : uid=1000(system) android.anim identical 8 lines
09-07 03:57:53.397  2037  2061 W InputReader: Device has associated, but no associated display id.
09-07 03:57:53.397  2182  2468 D EGL_emulation: eglMakeCurrent: 0xda21a360: ver 2 0 (tinfo 0xda20f590)
09-07 03:57:53.401  1793 14098 D gralloc_ranchu: gralloc_alloc: Creating ashmem region of size 6307840
09-07 03:57:53.403  2182  2182 W View    : requestLayout() improperly called by com.android.keyguard.AlphaOptimizedLinearLayout{551c6d8 V.E...... ......ID 7,0-48,61 #7f0a041c app:id/wifi_group} during second layout pass: posting in next frame
09-07 03:57:53.415  2182  2182 W View    : requestLayout() improperly called by StatusBarIconView(slot=mobile icon=null notification=null) during layout: running second layout pass
09-07 03:57:53.424  2182  2468 D EGL_emulation: eglMakeCurrent: 0xda21a360: ver 2 0 (tinfo 0xda20f590)
09-07 03:57:53.431  2037  5599 D HostConnection: HostConnection::get() New Host Connection established 0xda23f020, tid 5599
09-07 03:57:53.432  2037  5599 D HostConnection: HostComposition ext ANDROID_EMU_CHECKSUM_HELPER_v1 ANDROID_EMU_dma_v1 ANDROID_EMU_direct_mem ANDROID_EMU_vulkan ANDROID_EMU_deferred_vulkan_commands ANDROID_EMU_vulkan_null_optional_strings ANDROID_EMU_vulkan_create_resources_with_requirements ANDROID_EMU_YUV420_888_to_NV21 ANDROID_EMU_YUV_Cache ANDROID_EMU_vulkan_free_memory_sync ANDROID_EMU_vulkan_shader_float16_int8 ANDROID_EMU_vulkan_async_queue_submit ANDROID_EMU_sync_buffer_data GL_OES_vertex_array_object GL_KHR_texture_compression_astc_ldr ANDROID_EMU_host_side_tracing ANDROID_EMU_gles_max_version_2 
09-07 03:57:53.433  2037  5599 W OpenGLRenderer: Failed to choose config with EGL_SWAP_BEHAVIOR_PRESERVED, retrying without...
09-07 03:57:53.439  2037  5599 D eglCodecCommon: setVertexArrayObject: set vao to 0 (0) 0 0
09-07 03:57:53.439  2037  5599 D EGL_emulation: eglCreateContext: 0xba761460: maj 2 min 0 rcv 2
09-07 03:57:53.461  2037  5599 D EGL_emulation: eglMakeCurrent: 0xba761460: ver 2 0 (tinfo 0xba668ca0)
09-07 03:57:53.465 16318 16351 D EGL_emulation: eglMakeCurrent: 0xe22f7960: ver 2 0 (tinfo 0xed489460)
09-07 03:57:53.471  2037  5599 D eglCodecCommon: setVertexArrayObject: set vao to 0 (0) 1 0
09-07 03:57:53.486  1823  1823 E Layer   : [Surface(name=AppWindowToken{459e199 token=Token{b961ae0 ActivityRecord{53be0e3 u0 com.google.android.apps.nexuslauncher/.NexusLauncherActivity t652}}})/@0xafc1306 - animation-leash#0] No local sync point found
09-07 03:57:53.486  1823  1823 E Layer   : [Surface(name=AppWindowToken{73c342e token=Token{45c76a9 ActivityRecord{4009a30 u0 ru.iteco.fmhandroid.test/androidx.test.core.app.InstrumentationActivityInvoker$EmptyActivity t703}}})/@0xb93eeb7 - animation-leash#0] No local sync point found
