--------- beginning of main
09-07 03:57:40.003  1792  2272 E GnssHAL_GnssInterface: gnssSvStatusCb: a: input svInfo.flags is 8
09-07 03:57:40.003  1792  2272 E GnssHAL_GnssInterface: gnssSvStatusCb: b: input svInfo.flags is 8
--------- beginning of system
09-07 03:57:40.640  2037  2674 I ActivityManager: Force stopping ru.iteco.fmhandroid appid=10136 user=0: from pid 16156
09-07 03:57:40.646  2279  2279 D CarrierSvcBindHelper: No carrier app for: 0
09-07 03:57:40.665  9734  9734 I studio.deploy: Received request 'dump'
09-07 03:57:40.707  2037  7767 I ActivityManager: Force stopping ru.iteco.fmhandroid appid=10136 user=0: from pid 16174
09-07 03:57:40.712  2279  2279 D CarrierSvcBindHelper: No carrier app for: 0
09-07 03:57:40.733  9734  9734 I studio.deploy: Received request 'dump'
09-07 03:57:40.780  9734  9734 I studio.deploy: Received request 'deltainstall'
09-07 03:57:40.840  2037  2080 W PackageParser: Unknown element under <manifest>: queries at /data/app/vmdl1700704458.tmp/base.apk Binary XML file line #16
09-07 03:57:40.841  2037  2080 I PackageManager: Update package ru.iteco.fmhandroid.test code path from /data/app/ru.iteco.fmhandroid.test-Otdf6K8BER16MhuJnWeH2A== to /data/app/ru.iteco.fmhandroid.test-AYTqyG7gWA0nh78VfHYxog==; Retain data and using new
09-07 03:57:40.841  2037  2080 I PackageManager: Update package ru.iteco.fmhandroid.test resource path from /data/app/ru.iteco.fmhandroid.test-Otdf6K8BER16MhuJnWeH2A== to /data/app/ru.iteco.fmhandroid.test-AYTqyG7gWA0nh78VfHYxog==; Retain data and using new
09-07 03:57:40.854  2037  2080 I PackageManager: Un-granting permission android.permission.MANAGE_DOCUMENTS from package com.google.android.youtube (protectionLevel=262146 flags=0x30dbbe45)
09-07 03:57:40.854  2037  2080 I PackageManager: Un-granting permission android.permission.INTERACT_ACROSS_PROFILES from package com.google.android.googlequicksearchbox (protectionLevel=18 flags=0x28dbbec5)
09-07 03:57:40.854  2037  2080 I PackageManager: Un-granting permission android.permission.MANAGE_SOUND_TRIGGER from package com.google.android.googlequicksearchbox (protectionLevel=18 flags=0x28dbbec5)
09-07 03:57:40.854  2037  2080 I PackageManager: Un-granting permission android.permission.MANAGE_USB from package com.google.android.googlequicksearchbox (protectionLevel=18 flags=0x28dbbec5)
09-07 03:57:40.854  2037  2080 I PackageManager: Un-granting permission android.permission.CONTROL_INCALL_EXPERIENCE from package com.google.android.googlequicksearchbox (protectionLevel=18 flags=0x28dbbec5)
09-07 03:57:40.854  2037  2080 I PackageManager: Un-granting permission android.permission.WRITE_APN_SETTINGS from package com.google.android.googlequicksearchbox (protectionLevel=18 flags=0x28dbbec5)
09-07 03:57:40.854  2037  2080 I PackageManager: Un-granting permission android.permission.SUBSTITUTE_SHARE_TARGET_APP_NAME_AND_ICON from package com.google.android.googlequicksearchbox (protectionLevel=18 flags=0x28dbbec5)
09-07 03:57:40.854  2037  2080 I PackageManager: Un-granting permission com.google.android.googleapps.permission.GOOGLE_AUTH from package com.android.providers.calendar (protectionLevel=2 flags=0x30883e45)
09-07 03:57:40.854  2037  2080 I PackageManager: Un-granting permission com.google.android.googleapps.permission.GOOGLE_AUTH.cl from package com.android.providers.calendar (protectionLevel=2 flags=0x30883e45)
09-07 03:57:40.854  2037  2080 I PackageManager: Un-granting permission android.permission.WRITE_SECURE_SETTINGS from package com.google.android.apps.enterprise.dmagent (protectionLevel=50 flags=0x30083e05)
09-07 03:57:40.854  2037  2080 I PackageManager: Un-granting permission android.permission.CONNECTIVITY_INTERNAL from package com.google.android.apps.enterprise.dmagent (protectionLevel=18 flags=0x30083e05)
09-07 03:57:40.854  2037  2080 I PackageManager: Un-granting permission android.permission.MANAGE_USB from package com.google.android.apps.enterprise.dmagent (protectionLevel=18 flags=0x30083e05)
09-07 03:57:40.854  2037  2080 I PackageManager: Un-granting permission android.permission.CHANGE_COMPONENT_ENABLED_STATE from package com.google.android.apps.enterprise.dmagent (protectionLevel=18 flags=0x30083e05)
09-07 03:57:40.854  2037  2080 I PackageManager: Un-granting permission android.permission.MANAGE_CA_CERTIFICATES from package com.google.android.apps.enterprise.dmagent (protectionLevel=18 flags=0x30083e05)
09-07 03:57:40.854  2037  2080 I PackageManager: Un-granting permission android.permission.MANAGE_USERS from package com.google.android.apps.enterprise.dmagent (protectionLevel=18 flags=0x30083e05)
09-07 03:57:40.854  2037  2080 I PackageManager: Un-granting permission com.google.android.setupwizard.READ_DEVICE_ORIGIN from package com.google.android.apps.messaging (protectionLevel=18 flags=0x38cbbe45)
09-07 03:57:40.855  2037  2080 I PackageManager: Un-granting permission android.permission.HIDE_NON_SYSTEM_OVERLAY_WINDOWS from package com.android.vending (protectionLevel=258 flags=0x28cabec5)
09-07 03:57:40.855  2037  2080 I PackageManager: Un-granting permission android.permission.SEND_DOWNLOAD_COMPLETED_INTENTS from package com.android.vending (protectionLevel=2 flags=0x28cabec5)
09-07 03:57:40.855  2037  2080 I PackageManager: Un-granting permission android.permission.BIND_WALLPAPER from package com.android.camera2 (protectionLevel=18 flags=0x20d8bc45)
09-07 03:57:40.856  2037  2080 I PackageManager: Un-granting permission android.permission.REQUEST_INSTALL_PACKAGES from package com.google.android.gm (protectionLevel=66 flags=0x38cbbe45)
09-07 03:57:40.856  2037  2080 I PackageManager: Un-granting permission android.permission.BIND_JOB_SERVICE from package com.google.android.music (protectionLevel=2 flags=0x38cbbe65)
09-07 03:57:40.856  2037  2080 I PackageManager: Un-granting permission android.permission.CONNECTIVITY_USE_RESTRICTED_NETWORKS from package com.google.android.captiveportallogin (protectionLevel=18 flags=0x38c8be45)
09-07 03:57:40.856  2037  2080 I PackageManager: Un-granting permission android.permission.NETWORK_BYPASS_PRIVATE_DNS from package com.google.android.captiveportallogin (protectionLevel=2 flags=0x38c8be45)
09-07 03:57:40.856  2037  2080 I PackageManager: Un-granting permission android.permission.REQUEST_INSTALL_PACKAGES from package com.google.android.apps.docs (protectionLevel=66 flags=0x38cbbe45)
09-07 03:57:40.857  2037  2080 I PackageManager: Un-granting permission android.permission.INTERACT_ACROSS_USERS from package com.google.android.syncadapters.contacts (protectionLevel=50 flags=0x20883e45)
09-07 03:57:40.857  2037  2080 I PackageManager: Un-granting permission android.permission.REQUEST_INSTALL_PACKAGES from package com.android.chrome (protectionLevel=66 flags=0xa0cbbe45)
09-07 03:57:40.857  2037  2080 I PackageManager: Un-granting permission android.permission.WRITE_EMBEDDED_SUBSCRIPTIONS from package com.google.android.gms (protectionLevel=50 flags=0xa0cabec5)
09-07 03:57:40.857  2037  2080 I PackageManager: Un-granting permission android.permission.CAPTURE_VIDEO_OUTPUT from package com.google.android.gms (protectionLevel=2 flags=0xa0cabec5)
09-07 03:57:40.857  2037  2080 I PackageManager: Un-granting permission android.permission.FORCE_STOP_PACKAGES from package com.google.android.gms (protectionLevel=18 flags=0xa0cabec5)
09-07 03:57:40.857  2037  2080 I PackageManager: Un-granting permission android.permission.MODIFY_DEFAULT_AUDIO_EFFECTS from package com.google.android.gms (protectionLevel=18 flags=0xa0cabec5)
09-07 03:57:40.857  2037  2080 I PackageManager: Un-granting permission android.permission.MANAGE_DEVICE_ADMINS from package com.google.android.gms (protectionLevel=2 flags=0xa0cabec5)
09-07 03:57:40.858  2037  2080 I PackageManager: Un-granting permission android.permission.MANAGE_ACTIVITY_STACKS from package com.google.android.gms (protectionLevel=2 flags=0xa0cabec5)
09-07 03:57:40.858  2037  2080 I PackageManager: Un-granting permission android.permission.CAPTURE_SECURE_VIDEO_OUTPUT from package com.google.android.gms (protectionLevel=2 flags=0xa0cabec5)
09-07 03:57:40.858  2037  2080 I PackageManager: Un-granting permission android.permission.MANAGE_ROLLBACKS from package com.google.android.gms (protectionLevel=514 flags=0xa0cabec5)
09-07 03:57:40.859  2037  2080 I PackageManager: Un-granting permission android.permission.MEDIA_CONTENT_CONTROL from package com.google.android.gms (protectionLevel=18 flags=0xa0cabec5)
09-07 03:57:40.859  2037  2080 I PackageManager: Un-granting permission android.permission.HIDE_NON_SYSTEM_OVERLAY_WINDOWS from package com.google.android.gms (protectionLevel=258 flags=0xa0cabec5)
09-07 03:57:40.860  2037  2080 I PackageManager: Un-granting permission com.google.android.googleapps.permission.GOOGLE_AUTH from package com.google.android.videos (protectionLevel=2 flags=0x30dbbe45)
09-07 03:57:40.861  2037  2080 I PackageManager: Un-granting permission android.permission.WRITE_MEDIA_STORAGE from package com.google.android.apps.photos (protectionLevel=18 flags=0x38d9be45)
09-07 03:57:40.890  2689  2689 I GsaVoiceInteractionSrv: (REDACTED) O received %s
09-07 03:57:40.891  8176  8176 I Finsky  : [2] vms.g(1): vms - Received: android.intent.action.PACKAGE_REMOVED, [JKgrAT7ZrU_atynDxHtFKlznxOwkruuqzdx-Cu5fTVw]
09-07 03:57:40.892  2037  2133 I InputReader: Reconfiguring input devices.  changes=0x00000010
09-07 03:57:40.896  2037  2066 W BroadcastQueue: Background execution not allowed: receiving Intent { act=android.intent.action.PACKAGE_REMOVED dat=package:ru.iteco.fmhandroid.test flg=0x4000010 (has extras) } to com.android.musicfx/.Compatibility$Receiver
09-07 03:57:40.898  2037  2066 W BroadcastQueue: Background execution not allowed: receiving Intent { act=android.intent.action.PACKAGE_REMOVED dat=package:ru.iteco.fmhandroid.test flg=0x4000010 (has extras) } to com.android.vending/com.google.android.finsky.packagemonitor.impl.PackageMonitorReceiverImpl$RegisteredReceiver
09-07 03:57:40.898  2037  2066 W BroadcastQueue: Background execution not allowed: receiving Intent { act=android.intent.action.PACKAGE_REMOVED dat=package:ru.iteco.fmhandroid.test flg=0x4000010 (has extras) } to com.android.vending/com.google.android.finsky.packagemonitor.backgroundimpl.BackgroundPackageMonitorReceiverImpl$RegisteredReceiver
09-07 03:57:40.896  2037  2133 I InputReader: Reconfiguring input devices.  changes=0x00000010
09-07 03:57:40.911  2689  2689 I GsaVoiceInteractionSrv: (REDACTED) O received %s
09-07 03:57:40.918  2434  2940 E ActivityThread: Failed to find provider info for com.google.android.apps.wellbeing.api
09-07 03:57:40.921  8176 16202 I Finsky  : [842] pth.accept(76): IQ: handled package removed
09-07 03:57:40.922  8176 16200 I Finsky  : [840] oll.run(296): Wrote row to frosting DB: 1672
09-07 03:57:40.931  8176  8257 I Finsky  : [592] jnn.a(53): AIM: AppInfoManager-Perf > OnDeviceAppInfo > cacheHitCount=0, cacheMissCount=1. Missed  in cache (limit 10) : [ru.iteco.fmhandroid.test]
09-07 03:57:40.932  8176  8257 I Finsky  : [592] jlf.apply(886): AIM: Got app ownership map. App counts: . Unique apps: 0
09-07 03:57:40.934  2037  2066 W BroadcastQueue: Background execution not allowed: receiving Intent { act=android.intent.action.PACKAGE_REMOVED dat=package:ru.iteco.fmhandroid.test flg=0x4000010 (has extras) } to com.android.vending/com.google.android.finsky.instantapps.appmanagement.InstantAppRemoveMonitor
09-07 03:57:40.934  2037  2066 W BroadcastQueue: Background execution not allowed: receiving Intent { act=android.intent.action.PACKAGE_REMOVED dat=package:ru.iteco.fmhandroid.test flg=0x4000010 (has extras) } to com.google.android.gms/.games.chimera.GamesSystemBroadcastReceiverProxy
09-07 03:57:40.934  2689  2689 I GsaVoiceInteractionSrv: (REDACTED) O received %s
09-07 03:57:40.938  8176  8176 I Finsky  : [2] vms.g(1): vms - Received: android.intent.action.PACKAGE_ADDED, [JKgrAT7ZrU_atynDxHtFKlznxOwkruuqzdx-Cu5fTVw]
09-07 03:57:40.945  8176 16200 I Finsky  : [840] oll.run(296): Wrote row to frosting DB: 1673
09-07 03:57:40.945  2037  2133 I InputReader: Reconfiguring input devices.  changes=0x00000010
09-07 03:57:40.950  8176  8256 I Finsky  : [591] jnj.a(202): AIM: AppInfoManager-Perf > ItemModel > CacheSize=0, cacheHitCount=0, cacheMissCount=1, total appsWithNoServerDataCount=0. Missed  in cache (limit 10) : [ru.iteco.fmhandroid.test]
09-07 03:57:40.950  8176  8256 I Finsky  : [591] jnm.n(24): AIM: AppInfoManager-Perf > ItemModel > ItemStore Called 1 apps cacheOptions = USE_CACHE
09-07 03:57:40.950  8176  8256 I Finsky  : [591] jnj.a(1098): AIM: ItemModel fetch - unauth(1), auth()
09-07 03:57:40.950  8176  8256 I Finsky  : [591] rmt.apply(40): ItemStore: Not cached: ru.iteco.fmhandroid.test
09-07 03:57:40.951  2037  2066 W BroadcastQueue: Background execution not allowed: receiving Intent { act=android.intent.action.PACKAGE_REMOVED dat=package:ru.iteco.fmhandroid.test flg=0x4000010 (has extras) } to com.google.android.gms/.chimera.GmsIntentOperationService$PersistentTrustedReceiver
09-07 03:57:40.951  2037  2066 W BroadcastQueue: Background execution not allowed: receiving Intent { act=android.intent.action.PACKAGE_ADDED dat=package:ru.iteco.fmhandroid.test flg=0x4000010 (has extras) } to com.google.android.packageinstaller/com.android.packageinstaller.PackageInstalledReceiver
09-07 03:57:40.951  2037  2066 W BroadcastQueue: Background execution not allowed: receiving Intent { act=android.intent.action.PACKAGE_ADDED dat=package:ru.iteco.fmhandroid.test flg=0x4000010 (has extras) } to com.android.musicfx/.Compatibility$Receiver
09-07 03:57:40.951  2037  2066 W BroadcastQueue: Background execution not allowed: receiving Intent { act=android.intent.action.PACKAGE_ADDED dat=package:ru.iteco.fmhandroid.test flg=0x4000010 (has extras) } to com.android.vending/com.google.android.finsky.packagemonitor.impl.PackageMonitorReceiverImpl$RegisteredReceiver
09-07 03:57:40.951  2037  2066 W BroadcastQueue: Background execution not allowed: receiving Intent { act=android.intent.action.PACKAGE_ADDED dat=package:ru.iteco.fmhandroid.test flg=0x4000010 (has extras) } to com.android.vending/com.google.android.finsky.packagemonitor.backgroundimpl.BackgroundPackageMonitorReceiverImpl$RegisteredReceiver
09-07 03:57:40.951  2037  2066 W BroadcastQueue: Background execution not allowed: receiving Intent { act=android.intent.action.PACKAGE_ADDED dat=package:ru.iteco.fmhandroid.test flg=0x4000010 (has extras) } to com.google.android.gms/.games.chimera.GamesSystemBroadcastReceiverProxy
09-07 03:57:40.952  2037  2066 W BroadcastQueue: Background execution not allowed: receiving Intent { act=android.intent.action.PACKAGE_ADDED dat=package:ru.iteco.fmhandroid.test flg=0x4000010 (has extras) } to com.google.android.gms/.gass.chimera.PackageChangeBroadcastReceiver
09-07 03:57:40.952  2037  2066 W BroadcastQueue: Background execution not allowed: receiving Intent { act=android.intent.action.PACKAGE_ADDED dat=package:ru.iteco.fmhandroid.test flg=0x4000010 (has extras) } to com.google.android.gms/.chimera.GmsIntentOperationService$PersistentTrustedReceiver
09-07 03:57:40.952  2037  2066 W BroadcastQueue: Background execution not allowed: receiving Intent { act=android.intent.action.PACKAGE_ADDED dat=package:ru.iteco.fmhandroid.test flg=0x4000010 (has extras) } to com.google.android.ims/.receivers.RcsAutoStartReceiver
09-07 03:57:40.952  2666  3039 I aykq    : (REDACTED) isOpaHotwordEnabled: %b
09-07 03:57:40.952  2666  3039 I aykq    : Disabling the hotword detector.
09-07 03:57:40.957  2037  2051 I system_server: ThreadFlipBegin blocked for 6.124ms
09-07 03:57:40.958  2037  7860 I system_server: IncrementDisableThreadFlip blocked for 6.036ms
09-07 03:57:40.959  2037  2037 I system_server: IncrementDisableThreadFlip blocked for 7.597ms
09-07 03:57:40.959  2037  7767 I system_server: IncrementDisableThreadFlip blocked for 5.248ms
09-07 03:57:40.959  2037  2310 I system_server: IncrementDisableThreadFlip blocked for 7.691ms
09-07 03:57:40.959  2037  2066 I system_server: IncrementDisableThreadFlip blocked for 5.269ms
09-07 03:57:40.961  8176 16200 I Finsky  : [840] oll.run(296): Wrote row to frosting DB: 1674
09-07 03:57:40.969  2666  3039 I apsj    : (REDACTED) Updating hotword opa ineligibility to %b
09-07 03:57:40.970  2666  3039 I ayhu    : getLocaleToModelSpecsMap
09-07 03:57:40.970  2666  3039 I ayhu    : Fetching latest config from MDD...
09-07 03:57:40.970  2666  3039 I ayhu    : (REDACTED) Found map of size: %d
09-07 03:57:40.970  2666  3039 I ayht    : (REDACTED) Adding from proto config to map [configKey: %s locale: %s modelType: %s modelPrefix: %s Location: %s isSpeakerIdSupported: %b]
09-07 03:57:40.971  2689  3084 W gmjq    : Receive a config update when there's no subscriber. Ignore the request!
09-07 03:57:40.974  8176 16200 I Finsky  : [840] oll.run(296): Wrote row to frosting DB: 1675
09-07 03:57:40.976  2666  3039 I bioh    : (REDACTED) Initializing MicroDataManager InitializeType-%d, isForced-%b, isActivePhoneEnrollment-%b isActiveGoogleHomeEnrollment-%b
09-07 03:57:40.976  2666  3039 I ayhu    : getLocaleToModelSpecsMap
09-07 03:57:40.976  2666  3039 I ayhu    : Fetching latest config from MDD...
09-07 03:57:40.976  2666  3039 I ayhu    : (REDACTED) Found map of size: %d
09-07 03:57:40.976  2666  3039 I ayht    : (REDACTED) Adding from proto config to map [configKey: %s locale: %s modelType: %s modelPrefix: %s Location: %s isSpeakerIdSupported: %b]
09-07 03:57:40.976  2666  3039 I ayma    : (REDACTED) Location for model with model type: %s and locale: %s, is : %s
09-07 03:57:40.976  2666  3039 I aykq    : (REDACTED) isOpaHotwordEnabled: %b
09-07 03:57:40.976  2666  3039 I aykq    : Disabling the hotword detector.
09-07 03:57:40.978  2666  3039 I apsj    : (REDACTED) #takeChangeMicroDetectorMode [mIsBargeInEnabled: %b, mCurrentDetectionMode: %s]
09-07 03:57:40.978  2666  3039 I apsj    : (REDACTED) Should stop hotword detection immediately - %b
09-07 03:57:40.979  2666  3039 I aykq    : (REDACTED) isOpaHotwordEnabled: %b
09-07 03:57:40.979  2666  3039 I aykq    : Disabling the hotword detector.
09-07 03:57:40.980  2689  3084 W gmjq    : Receive a config update when there's no subscriber. Ignore the request!
09-07 03:57:40.981  2666  3039 I apsj    : (REDACTED) #takeChangeMicroDetectorMode [mIsBargeInEnabled: %b, mCurrentDetectionMode: %s]
09-07 03:57:40.981  2666  3039 I apsj    : (REDACTED) Should stop hotword detection immediately - %b
09-07 03:57:40.981  2666  3039 I ayhu    : getLocaleToModelSpecsMap
09-07 03:57:40.981  2666  3039 I ayhu    : Fetching latest config from MDD...
09-07 03:57:40.981  2666  3039 I ayhu    : (REDACTED) Found map of size: %d
09-07 03:57:40.981  2689  3084 W gmjq    : Receive a config update when there's no subscriber. Ignore the request!
09-07 03:57:40.981  2666  3039 I ayht    : (REDACTED) Adding from proto config to map [configKey: %s locale: %s modelType: %s modelPrefix: %s Location: %s isSpeakerIdSupported: %b]
09-07 03:57:40.985  8176  8250 I Finsky  : [585] jnn.a(53): AIM: AppInfoManager-Perf > OnDeviceAppInfo > cacheHitCount=0, cacheMissCount=1. Missed  in cache (limit 10) : [ru.iteco.fmhandroid.test]
09-07 03:57:40.985  2666  3039 W aoza    : Abort, client detached.
09-07 03:57:40.985  2666  3039 W aoza    : Abort, client detached.
09-07 03:57:40.986  8176  8250 I Finsky  : [585] jlf.apply(886): AIM: Got app ownership map. App counts: . Unique apps: 0
09-07 03:57:40.986  2666  3039 W aoza    : Abort, client detached.
09-07 03:57:40.987  8176  8176 I Finsky  : [2] qos.akj(13): DTU: Received onPackageAdded, replacing: true
09-07 03:57:40.997  8176  8176 I Finsky  : [2] vms.g(1): vms - Received: android.intent.action.PACKAGE_ADDED, [JKgrAT7ZrU_atynDxHtFKlznxOwkruuqzdx-Cu5fTVw]
09-07 03:57:41.003  1792  2272 E GnssHAL_GnssInterface: gnssSvStatusCb: a: input svInfo.flags is 8
09-07 03:57:41.003  1792  2272 E GnssHAL_GnssInterface: gnssSvStatusCb: b: input svInfo.flags is 8
09-07 03:57:41.011  8176 16200 I Finsky  : [840] oll.run(296): Wrote row to frosting DB: 1676
09-07 03:57:41.016  8176  8252 I Finsky  : [587] jnj.a(202): AIM: AppInfoManager-Perf > ItemModel > CacheSize=0, cacheHitCount=0, cacheMissCount=1, total appsWithNoServerDataCount=0. Missed  in cache (limit 10) : [ru.iteco.fmhandroid.test]
09-07 03:57:41.016  8176  8176 I Finsky  : [2] vms.g(1): vms - Deduping intent android.intent.action.PACKAGE_ADDED
09-07 03:57:41.016  8176  8252 I Finsky  : [587] jnm.n(24): AIM: AppInfoManager-Perf > ItemModel > ItemStore Called 1 apps cacheOptions = USE_CACHE
09-07 03:57:41.016  8176  8252 I Finsky  : [587] jnj.a(1098): AIM: ItemModel fetch - unauth(1), auth()
09-07 03:57:41.022  8176  8176 I Finsky  : [2] vms.g(1): vms - Received: android.intent.action.PACKAGE_ADDED, [JKgrAT7ZrU_atynDxHtFKlznxOwkruuqzdx-Cu5fTVw]
09-07 03:57:41.023  8176  8252 I Finsky  : [587] rmt.apply(40): ItemStore: Not cached: ru.iteco.fmhandroid.test
09-07 03:57:41.058  8425 16208 I Fitness : (REDACTED) FitCleanupIntentOperation received Intent %s
09-07 03:57:41.066  2037  2037 W Looper  : Slow dispatch took 119ms main h=android.app.ActivityThread$H c=android.app.-$$Lambda$LoadedApk$ReceiverDispatcher$Args$_BumDX2UKsnxLVrE6UJsJZkotuA@7a9b1a4 m=0
09-07 03:57:41.067  8176  8176 I Finsky  : [2] vms.g(1): vms - Deduping intent android.intent.action.PACKAGE_ADDED
09-07 03:57:41.077  2037  5231 W BroadcastQueue: Background execution not allowed: receiving Intent { act=android.intent.action.PACKAGE_REPLACED dat=package:ru.iteco.fmhandroid.test flg=0x4000010 (has extras) } to com.android.musicfx/.Compatibility$Receiver
09-07 03:57:41.080  7867 16219 I Auth    : [SupervisedAccountIntentOperation] onHandleIntent(): android.intent.action.PACKAGE_ADDED
09-07 03:57:41.083  8425 16208 I FontLog : (REDACTED) Package %s has no metadata
09-07 03:57:41.085  2037  2066 W BroadcastQueue: Background execution not allowed: receiving Intent { act=android.intent.action.PACKAGE_REPLACED dat=package:ru.iteco.fmhandroid.test flg=0x4000010 (has extras) } to com.google.android.apps.photos/.account.full.FetchAccountPropertiesAppUpgradeBroadcastReceiver
09-07 03:57:41.086  8176 16200 I Finsky  : [840] oll.run(296): Wrote row to frosting DB: 1677
09-07 03:57:41.089  2037  2066 W BroadcastQueue: Background execution not allowed: receiving Intent { act=android.intent.action.PACKAGE_REPLACED dat=package:ru.iteco.fmhandroid.test flg=0x4000010 (has extras) } to com.google.android.apps.photos/.account.full.SyncAccountsForLoginBroadcastReceiver
09-07 03:57:41.090  2037  2066 W BroadcastQueue: Background execution not allowed: receiving Intent { act=android.intent.action.PACKAGE_REPLACED dat=package:ru.iteco.fmhandroid.test flg=0x4000010 (has extras) } to com.google.android.apps.photos/.experiments.phenotype.full.PhenotypeAppUpgradeBroadcastReceiver
09-07 03:57:41.092  2037  2066 W BroadcastQueue: Background execution not allowed: receiving Intent { act=android.intent.action.PACKAGE_REPLACED dat=package:ru.iteco.fmhandroid.test flg=0x4000010 (has extras) } to com.google.android.apps.photos/.notificationchannels.AppUpdateBroadcastReceiver
09-07 03:57:41.093  2037  2066 W BroadcastQueue: Background execution not allowed: receiving Intent { act=android.intent.action.PACKAGE_REPLACED dat=package:ru.iteco.fmhandroid.test flg=0x4000010 (has extras) } to com.google.android.gms/.gass.chimera.PackageChangeBroadcastReceiver
09-07 03:57:41.093  2037  2066 W BroadcastQueue: Background execution not allowed: receiving Intent { act=android.intent.action.PACKAGE_REPLACED dat=package:ru.iteco.fmhandroid.test flg=0x4000010 (has extras) } to com.google.android.gms/.chimera.GmsIntentOperationService$PersistentTrustedReceiver
09-07 03:57:41.093  2037  2066 W BroadcastQueue: Background execution not allowed: receiving Intent { act=android.intent.action.PACKAGE_REPLACED dat=package:ru.iteco.fmhandroid.test flg=0x4000010 (has extras) } to com.google.android.ims/.receivers.RcsAutoStartReceiver
09-07 03:57:41.112  2037  2037 W Looper  : Slow delivery took 222ms main h=android.app.ActivityThread$H c=android.app.-$$Lambda$LoadedApk$ReceiverDispatcher$Args$_BumDX2UKsnxLVrE6UJsJZkotuA@1e4e72b m=0
09-07 03:57:41.112  2037  2037 I Telecom : DefaultDialerCache: Refreshing default dialer for user 0: now com.android.dialer: DDC.oR@ALw
09-07 03:57:41.123  2037  2037 V BackupManagerConstants: getFullBackupIntervalMilliseconds(...) returns 86400000
09-07 03:57:41.123  2037  2037 V BackupManagerConstants: getFullBackupRequiredNetworkType(...) returns 2
09-07 03:57:41.123  2037  2037 V BackupManagerConstants: getFullBackupRequireCharging(...) returns true
09-07 03:57:41.133  7867  7867 D BoundBrokerSvc: onBind: Intent { act=com.google.android.gms.common.BIND_SHARED_PREFS pkg=com.google.android.gms }
09-07 03:57:41.133  7867  7867 D BoundBrokerSvc: Loading bound service for intent: Intent { act=com.google.android.gms.common.BIND_SHARED_PREFS pkg=com.google.android.gms }
09-07 03:57:41.136  8425  8425 D BoundBrokerSvc: onBind: Intent { act=com.google.android.gms.nearby.exposurenotification.START dat=chimera-action: cmp=com.google.android.gms/.chimera.PersistentApiServiceNoInstantApps }
09-07 03:57:41.136  8425  8425 D BoundBrokerSvc: Loading bound service for intent: Intent { act=com.google.android.gms.nearby.exposurenotification.START dat=chimera-action: cmp=com.google.android.gms/.chimera.PersistentApiServiceNoInstantApps }
09-07 03:57:41.150  7867  7911 I Icing   : IndexChimeraService.getServiceInterface callingPackage=com.google.android.gms componentName=AppsCorpus serviceId=36
09-07 03:57:41.164  8425  8465 W ChimeraUtils: Module com.google.android.gms.nearby_en missing resource null(0)
09-07 03:57:41.169  2434  2453 W System  : A resource failed to call release. 
09-07 03:57:41.171  2037  2037 W Looper  : Drained
09-07 03:57:41.169  2434  2453 I chatty  : uid=10090(com.google.android.apps.nexuslauncher) FinalizerDaemon identical 2 lines
09-07 03:57:41.169  2434  2453 W System  : A resource failed to call release. 
09-07 03:57:41.172  7867  7867 D BoundBrokerSvc: onUnbind: Intent { act=com.google.android.gms.common.BIND_SHARED_PREFS pkg=com.google.android.gms }
09-07 03:57:41.173  8425  8465 W ChimeraUtils: Module com.google.android.gms.nearby_en missing resource null(0)
09-07 03:57:41.181  2279  2279 D CarrierSvcBindHelper: No carrier app for: 0
09-07 03:57:41.183  2037  2051 I system_server: Background concurrent copying GC freed 103705(5332KB) AllocSpace objects, 51(2476KB) LOS objects, 28% free, 15MB/21MB, paused 1.404ms total 305.592ms
09-07 03:57:41.187  2279  2279 D CarrierSvcBindHelper: No carrier app for: 0
09-07 03:57:41.196  2279  2279 D CarrierConfigLoader: mHandler: 9 phoneId: 0
09-07 03:57:41.196  7867 16232 W Icing   : No valid account for uploading user actions
09-07 03:57:41.202  8425  8425 D BoundBrokerSvc: onBind: Intent { act=com.google.android.gms.icing.LIGHTWEIGHT_INDEX_SERVICE dat=chimera-action: cmp=com.google.android.gms/.chimera.PersistentApiService }
09-07 03:57:41.202  8425  8425 D BoundBrokerSvc: Loading bound service for intent: Intent { act=com.google.android.gms.icing.LIGHTWEIGHT_INDEX_SERVICE dat=chimera-action: cmp=com.google.android.gms/.chimera.PersistentApiService }
09-07 03:57:41.203  8176  8250 I Finsky  : [585] xty.accept(378): SCH: Scheduling phonesky job Id: 12-1, CT: 1694059060941, Constraints: [{ L: 15000, D: 86400000, C: 1, I: 1, N: 1 }]
09-07 03:57:41.212  8176  8257 I Finsky  : [592] yew.apply(123): SCH: Scheduling 1 system job(s)
09-07 03:57:41.213  8176  8257 I Finsky  : [592] yvz.d(263): SCH: Scheduling system job Id: 9096, L: 14729, D: 71901417, C: false, I: false, N: 1
09-07 03:57:41.217  7867  7867 D BoundBrokerSvc: onBind: Intent { act=com.google.android.gms.feedback.internal.IFeedbackService dat=chimera-action: cmp=com.google.android.gms/.chimera.GmsBoundBrokerService }
09-07 03:57:41.217  7867  7867 D BoundBrokerSvc: Loading bound service for intent: Intent { act=com.google.android.gms.feedback.internal.IFeedbackService dat=chimera-action: cmp=com.google.android.gms/.chimera.GmsBoundBrokerService }
09-07 03:57:41.227  7867 16232 I Icing   : Usage reports ok 0, Failed Usage reports 0, indexed 0, rejected 0
09-07 03:57:41.233  8176  8246 I Finsky  : [581] kiz.aeG(143): [ContentSync] finished, scheduled=true
09-07 03:57:41.234  7867 16232 I Icing   : Indexing com.google.android.gms-apps from com.google.android.gms
09-07 03:57:41.234  8176  8250 I Finsky  : [585] xty.accept(378): SCH: Scheduling phonesky job Id: 12-1, CT: 1694059060996, Constraints: [{ L: 15000, D: 86400000, C: 1, I: 1, N: 1 }]
09-07 03:57:41.237  8176  8252 I Finsky  : [587] yew.apply(123): SCH: Scheduling 0 system job(s)
09-07 03:57:41.239  8176  8252 I Finsky  : [587] kiz.aeG(143): [ContentSync] finished, scheduled=true
09-07 03:57:41.242  7867 16232 I Icing   : Indexing done com.google.android.gms-apps
09-07 03:57:41.244  8176  8256 E Finsky  : [591] rna.a(110): ItemStore: getItems RPC failed.
09-07 03:57:41.244  8176  8256 E Finsky  : [591] rna.a(110): ItemStore: getItems RPC failed.
09-07 03:57:41.249  7867 16232 I Icing   : Indexing com.google.android.gms-apps from com.google.android.gms
09-07 03:57:41.256  7867 16232 I Icing   : Indexing done com.google.android.gms-apps
09-07 03:57:41.278  7867  7911 I Icing   : IndexChimeraService.getServiceInterface callingPackage=com.google.android.gms componentName=null serviceId=30
09-07 03:57:41.293  7867 16232 W Icing   : No valid account for uploading user actions
09-07 03:57:41.298  7867 16232 I Icing   : Usage reports ok 0, Failed Usage reports 0, indexed 0, rejected 0
09-07 03:57:41.379  1858  2116 E         : Couldn't opendir /data/app/vmdl1700704458.tmp: No such file or directory
09-07 03:57:41.379  1858  2116 E installd: Failed to delete /data/app/vmdl1700704458.tmp: No such file or directory
09-07 03:57:41.435  2037  2674 I ActivityManager: Force stopping ru.iteco.fmhandroid.test appid=10135 user=0: from pid 16239
09-07 03:57:41.440  2279  2279 D CarrierSvcBindHelper: No carrier app for: 0
09-07 03:57:41.525 16246 16246 D AndroidRuntime: >>>>>> START com.android.internal.os.RuntimeInit uid 2000 <<<<<<
09-07 03:57:41.526 16246 16246 E libc    : Access denied finding property "persist.device_config.runtime_native_boot.enable_apex_image"
09-07 03:57:41.526 16246 16246 I AndroidRuntime: Using default boot image
09-07 03:57:41.526 16246 16246 E libc    : Access denied finding property "persist.device_config.runtime_native_boot.disable_lock_profiling"
09-07 03:57:41.526 16246 16246 I AndroidRuntime: Leaving lock profiling enabled
09-07 03:57:41.527 16246 16246 E libc    : Access denied finding property "persist.device_config.runtime_native_boot.enable_generational_cc"
09-07 03:57:41.515 16246 16246 W app_process: type=1400 audit(0.0:161): avc: denied { read } for name="u:object_r:device_config_runtime_native_boot_prop:s0" dev="tmpfs" ino=6894 scontext=u:r:shell:s0 tcontext=u:object_r:device_config_runtime_native_boot_prop:s0 tclass=file permissive=0
09-07 03:57:41.515 16246 16246 W app_process: type=1400 audit(0.0:162): avc: denied { read } for name="u:object_r:device_config_runtime_native_boot_prop:s0" dev="tmpfs" ino=6894 scontext=u:r:shell:s0 tcontext=u:object_r:device_config_runtime_native_boot_prop:s0 tclass=file permissive=0
09-07 03:57:41.515 16246 16246 W app_process: type=1400 audit(0.0:163): avc: denied { read } for name="u:object_r:device_config_runtime_native_boot_prop:s0" dev="tmpfs" ino=6894 scontext=u:r:shell:s0 tcontext=u:object_r:device_config_runtime_native_boot_prop:s0 tclass=file permissive=0
09-07 03:57:41.562 16246 16246 D ICU     : Time zone APEX file found: /apex/com.android.tzdata/etc/icu/icu_tzdata.dat
09-07 03:57:41.565 16246 16246 W app_process: Unexpected CPU variant for X86 using defaults: x86
09-07 03:57:41.566 16246 16246 I app_process: The ClassLoaderContext is a special shared library.
09-07 03:57:41.579 16246 16246 W app_process: JNI RegisterNativeMethods: attempt to register 0 native methods for android.media.AudioAttributes
09-07 03:57:41.582 16246 16246 D AndroidRuntime: Calling main entry com.android.commands.am.Am
09-07 03:57:41.587  2037  2674 I ActivityManager: Force stopping ru.iteco.fmhandroid appid=10136 user=0: start instr
09-07 03:57:41.594  1775  1775 D Zygote  : Forked child process 16261
09-07 03:57:41.596 16261 16261 I teco.fmhandroi: Late-enabling -Xcheck:jni
09-07 03:57:41.600  2037  2067 I ActivityManager: Start proc 16261:ru.iteco.fmhandroid/u0a136 for added application ru.iteco.fmhandroid
09-07 03:57:41.604 16261 16261 E teco.fmhandroi: Unknown bits set in runtime_flags: 0x8000
09-07 03:57:41.604 16261 16261 W teco.fmhandroi: Unexpected CPU variant for X86 using defaults: x86
09-07 03:57:41.637 16261 16261 I teco.fmhandroi: The ClassLoaderContext is a special shared library.
09-07 03:57:41.922 16261 16261 I chatty  : uid=10136(ru.iteco.fmhandroid) identical 2 lines
09-07 03:57:41.922 16261 16261 I teco.fmhandroi: The ClassLoaderContext is a special shared library.
09-07 03:57:42.003  1792  2272 E GnssHAL_GnssInterface: gnssSvStatusCb: a: input svInfo.flags is 8
09-07 03:57:42.003  1792  2272 E GnssHAL_GnssInterface: gnssSvStatusCb: b: input svInfo.flags is 8
09-07 03:57:42.199 16261 16261 W teco.fmhandroi: Accessing hidden method Landroid/app/Instrumentation;->execStartActivity(Landroid/content/Context;Landroid/os/IBinder;Landroid/os/IBinder;Landroid/app/Activity;Landroid/content/Intent;ILandroid/os/Bundle;)Landroid/app/Instrumentation$ActivityResult; (greylist, linking, allowed)
09-07 03:57:42.199 16261 16261 W teco.fmhandroi: Accessing hidden method Landroid/app/Instrumentation;->execStartActivity(Landroid/content/Context;Landroid/os/IBinder;Landroid/os/IBinder;Ljava/lang/String;Landroid/content/Intent;ILandroid/os/Bundle;)Landroid/app/Instrumentation$ActivityResult; (greylist, linking, allowed)
09-07 03:57:42.205 16261 16261 I MonitoringInstr: newApplication called!
09-07 03:57:42.225 16261 16261 I FirebaseApp: Device unlocked: initializing all Firebase APIs for app [DEFAULT]
09-07 03:57:42.233 16261 16261 I FirebaseCrashlytics: Initializing Firebase Crashlytics 18.2.6 for ru.iteco.fmhandroid
09-07 03:57:42.261 16261 16297 I DynamiteModule: Considering local module com.google.android.gms.measurement.dynamite:55 and remote module com.google.android.gms.measurement.dynamite:93
09-07 03:57:42.261 16261 16297 I DynamiteModule: Selected remote version of com.google.android.gms.measurement.dynamite, version >= 93
09-07 03:57:42.262 16261 16297 V DynamiteModule: Dynamite loader version >= 2, using loadModule2NoCrashUtils
09-07 03:57:42.278 16261 16297 W System  : ClassLoader referenced unknown path: 
09-07 03:57:42.308 16261 16261 I FirebaseInitProvider: FirebaseApp initialization successful
09-07 03:57:42.327 16261 16261 I MonitoringInstr: Instrumentation started!
09-07 03:57:42.327 16261 16297 W teco.fmhandroi: Accessing hidden method Lsun/misc/Unsafe;->arrayBaseOffset(Ljava/lang/Class;)I (greylist,core-platform-api, linking, allowed)
09-07 03:57:42.327 16261 16297 W teco.fmhandroi: Accessing hidden method Lsun/misc/Unsafe;->arrayIndexScale(Ljava/lang/Class;)I (greylist, linking, allowed)
09-07 03:57:42.327 16261 16297 W teco.fmhandroi: Accessing hidden method Lsun/misc/Unsafe;->compareAndSwapInt(Ljava/lang/Object;JII)Z (greylist, linking, allowed)
09-07 03:57:42.327 16261 16297 W teco.fmhandroi: Accessing hidden method Lsun/misc/Unsafe;->compareAndSwapLong(Ljava/lang/Object;JJJ)Z (greylist, linking, allowed)
09-07 03:57:42.327 16261 16297 W teco.fmhandroi: Accessing hidden method Lsun/misc/Unsafe;->getIntVolatile(Ljava/lang/Object;J)I (greylist, linking, allowed)
09-07 03:57:42.327 16261 16297 W teco.fmhandroi: Accessing hidden method Lsun/misc/Unsafe;->getObjectVolatile(Ljava/lang/Object;J)Ljava/lang/Object; (greylist, linking, allowed)
09-07 03:57:42.328 16261 16297 W teco.fmhandroi: Accessing hidden method Lsun/misc/Unsafe;->objectFieldOffset(Ljava/lang/reflect/Field;)J (greylist,core-platform-api, linking, allowed)
09-07 03:57:42.328 16261 16297 W teco.fmhandroi: Accessing hidden method Lsun/misc/Unsafe;->putObjectVolatile(Ljava/lang/Object;JLjava/lang/Object;)V (greylist, linking, allowed)
09-07 03:57:42.328 16261 16297 W teco.fmhandroi: Accessing hidden field Lsun/misc/Unsafe;->theUnsafe:Lsun/misc/Unsafe; (greylist, reflection, allowed)
09-07 03:57:42.332 16261 16261 D ClassesArgTokenizer: input: ru.iteco.fmhandroid.ui.ClaimsPageTest#shouldShowMessageFieldCannotBeEmpty
09-07 03:57:42.332 16261 16261 D ClassesArgTokenizer: result: [ru.iteco.fmhandroid.ui.ClaimsPageTest#shouldShowMessageFieldCannotBeEmpty]
09-07 03:57:42.332 16261 16261 D ClassesArgTokenizer: input: null
09-07 03:57:42.332 16261 16261 D ClassesArgTokenizer: result: []
09-07 03:57:42.335 16261 16261 V TestEventClient: No service name argument was given (testDiscoveryService, testRunEventService or orchestratorService)
09-07 03:57:42.341 16261 16306 D AndroidJUnitRunner: onStart is called.
09-07 03:57:42.347 16261 16261 I MonitoringInstr: No JSBridge.
09-07 03:57:42.357 16261 16306 D TestRequestBuilder: Skipping class path scanning and directly running [ru.iteco.fmhandroid.ui.ClaimsPageTest]
09-07 03:57:42.362 16261 16306 D ClassesArgTokenizer: input: ru.iteco.fmhandroid.ui.ClaimsPageTest#shouldShowMessageFieldCannotBeEmpty
09-07 03:57:42.363 16261 16306 D ClassesArgTokenizer: result: [ru.iteco.fmhandroid.ui.ClaimsPageTest#shouldShowMessageFieldCannotBeEmpty]
09-07 03:57:42.363 16261 16306 D ClassesArgTokenizer: input: null
09-07 03:57:42.363 16261 16306 D ClassesArgTokenizer: result: []
09-07 03:57:42.372 16261 16306 D AndroidJUnitRunner: Use the raw file system for managing file I/O.
09-07 03:57:42.375 16261 16306 D TestExecutor: Adding listener androidx.test.internal.runner.listener.LogRunListener
09-07 03:57:42.376 16261 16306 D TestExecutor: Adding listener androidx.test.internal.runner.listener.InstrumentationResultPrinter
09-07 03:57:42.376 16261 16306 D TestExecutor: Adding listener androidx.test.internal.runner.listener.ActivityFinisherRunListener
09-07 03:57:42.376 16261 16306 D TestExecutor: Adding listener androidx.test.internal.runner.listener.TraceRunListener
09-07 03:57:42.379 16261 16306 I TestRunner: run started: 1 tests
09-07 03:57:42.380 16261 16305 V FA      : App measurement collection enabled
09-07 03:57:42.380 16261 16305 V FA      : App measurement enabled for app package, google app id: ru.iteco.fmhandroid, 1:729587742060:android:e7d6f87c783f52b9a42f49
09-07 03:57:42.381 16261 16305 I FA      : App measurement initialized, version: 80069
09-07 03:57:42.381 16261 16305 I FA      : To enable debug logging run: adb shell setprop log.tag.FA VERBOSE
09-07 03:57:42.381 16261 16305 I FA      : To enable faster debug mode event logging run:
09-07 03:57:42.381 16261 16305 I FA      :   adb shell setprop debug.firebase.analytics.app ru.iteco.fmhandroid
09-07 03:57:42.381 16261 16305 D FA      : Debug-level message logging enabled
09-07 03:57:42.397 16261 16305 D FA      : Resetting session stitching token to not null
09-07 03:57:42.407 16261 16305 V FA      : Connecting to remote service
09-07 03:57:42.410  7867  7867 D BoundBrokerSvc: onBind: Intent { act=com.google.android.gms.measurement.START pkg=com.google.android.gms }
09-07 03:57:42.410  7867  7867 D BoundBrokerSvc: Loading bound service for intent: Intent { act=com.google.android.gms.measurement.START pkg=com.google.android.gms }
09-07 03:57:42.414 16261 16306 I TestRunner: started: shouldShowMessageFieldCannotBeEmpty(ru.iteco.fmhandroid.ui.ClaimsPageTest)
09-07 03:57:42.420 16261 16305 V FA      : Connection attempt already in progress
09-07 03:57:42.426 16261 16305 V FA      : Connection attempt already in progress
09-07 03:57:42.427 16261 16305 D FA      : Connected to remote service
09-07 03:57:42.427 16261 16305 V FA      : Processing queued up service tasks: 3
09-07 03:57:42.454  7867 16310 V FA-SVC  : Saving default event parameters, appId, data size: ru.iteco.fmhandroid, 2
09-07 03:57:42.500  1774 16311 E ResolverController: No valid NAT64 prefix (101, <unspecified>/0)
09-07 03:57:42.538  2037  2037 V SettingsProvider: Notifying for 0: content://settings/secure/accessibility_enabled
09-07 03:57:42.539  2689  3033 I fteu    : (REDACTED) #onAccessibilityStateChanged enabled: %s
09-07 03:57:42.540  2689  3085 I fteu    : #onChange
09-07 03:57:42.541  2689  3085 I csoe    : #FCF: onChange
09-07 03:57:42.541  2689  3085 I csoi    : (REDACTED) FCF System FeatureName to check: %s
09-07 03:57:42.541  2689  3085 I csoi    : (REDACTED) FCF: Device model check status : %s
09-07 03:57:42.541  2689  3084 I csof    : FCF A11y Checker - readyForTngMa
09-07 03:57:42.541  2689  3085 I csno    : (REDACTED) #FCF: Assistant primary locale : %s
09-07 03:57:42.541  2689  3085 I csno    : (REDACTED) #FCF: Assistant Primary locale check status : %s
09-07 03:57:42.541  2689  3084 I ctnd    : (REDACTED) #isBluetoothOrWiredHeadsetConnected Number of connected audio devices: %s
09-07 03:57:42.541  2689  3084 I cspe    : (REDACTED) #FCF: Headset Connected Status: %s
09-07 03:57:42.542  2689  3085 I csqr    : (REDACTED) #FCF: Demo mode check status : %s
09-07 03:57:42.542  2689  3084 I csqs    : (REDACTED) #FCF: Managed profile check status : %s
09-07 03:57:42.543  2666  3004 I biwj    : NGA disabled since it's running Panthera and at least one a11y feature is on.
09-07 03:57:42.543  2666  3004 I biwj    : (REDACTED) Nga state changed to %s
09-07 03:57:42.545  2689  3084 W csqu    : Unable to check for productivity accounts. Assuming there are none.
09-07 03:57:42.545  2689  3084 W csqu    : com.google.android.libraries.geller.portable.GellerException: Code: INVALID_ARGUMENT, Message: Account name is null.
09-07 03:57:42.545  2689  3084 W csqu    : 	at ghid.a(PG:6)
09-07 03:57:42.545  2689  3084 W csqu    : 	at gxvx.a(PG:3)
09-07 03:57:42.545  2689  3084 W csqu    : 	at hnzx.a(PG:1)
09-07 03:57:42.545  2689  3084 W csqu    : 	at hobr.run(PG:4)
09-07 03:57:42.545  2689  3084 W csqu    : 	at ewes.run(PG:1)
09-07 03:57:42.545  2689  3084 W csqu    : 	at java.util.concurrent.ThreadPoolExecutor.runWorker(ThreadPoolExecutor.java:1167)
09-07 03:57:42.545  2689  3084 W csqu    : 	at java.util.concurrent.ThreadPoolExecutor$Worker.run(ThreadPoolExecutor.java:641)
09-07 03:57:42.545  2689  3084 W csqu    : 	at ewdw.run(PG:2)
09-07 03:57:42.545  2689  3084 W csqu    : 	at java.lang.Thread.run(Thread.java:919)
09-07 03:57:42.545  2689  3084 W csqu    : 	at ewfb.run(PG:5)
09-07 03:57:42.549  2689  3084 I yzq     : (REDACTED) Nga on-device enabled based on TNG:MA active state: %b
09-07 03:57:42.549  2689  3084 I yzq     : (REDACTED) Nga on-device enabled based on TNG:MA active state: %b
09-07 03:57:42.549  2689  3084 I yzq     : Unsubscribed to apa or classic variant change.
09-07 03:57:42.549  2689  3085 I csts    : (REDACTED) #FCF evaluate: %s
09-07 03:57:42.549  2689  3085 I csts    : (REDACTED) TngMaStatusChecker#evaluateInternal completed in %s millis
09-07 03:57:42.549  2689  3085 I cscy    : (REDACTED) TNG:MA status updated: %s
09-07 03:57:42.549  2689  3085 I cscy    : TNG:MA became ineligible, client should disconnect
09-07 03:57:42.550  2689  3085 I cscy    : #disconnectAndStop - preventing double stop
09-07 03:57:42.550  2689  3085 I csts    : #invalidationSource: adding saa update checker
09-07 03:57:42.550  2689  3085 I csts    : #invalidationSource: adding headset checker
09-07 03:57:42.572  2666  3039 I bjbd    : Trying to enqueue PieTriggeringWorker
09-07 03:57:42.573 16261 16306 W Settings: Setting always_finish_activities has moved from android.provider.Settings.System to android.provider.Settings.Global, returning read-only value.
09-07 03:57:42.573  2689  2689 I aaag    : (REDACTED) eventData = %s
09-07 03:57:42.577  2689  3085 I znc     : Logging success flow
09-07 03:57:42.582  2037  4831 I ActivityTaskManager: START u0 {act=android.intent.action.MAIN cat=[android.intent.category.LAUNCHER] flg=0x10008000 cmp=ru.iteco.fmhandroid.test/androidx.test.core.app.InstrumentationActivityInvoker$BootstrapActivity (has extras)} from uid 10136
09-07 03:57:42.582  2666  3039 I bjbd    : Trying to enqueue PieTriggeringWorker
09-07 03:57:42.585  2689  2689 I aaag    : (REDACTED) eventData = %s
09-07 03:57:42.585  2689  3084 I znc     : Logging success flow
09-07 03:57:42.590  2037  4328 W InputReader: Device has associated, but no associated display id.
09-07 03:57:42.590  2037  4328 I chatty  : uid=1000(system) Binder:2037_12 identical 8 lines
09-07 03:57:42.590  2037  4328 W InputReader: Device has associated, but no associated display id.
09-07 03:57:42.592  2037  2061 E system_server: Invalid ID 0x00000000.
09-07 03:57:42.595  2666  2806 I earchbox:searc: Waiting for a blocking GC ProfileSaver
09-07 03:57:42.603  2666  3039 I bjbd    : Trying to enqueue PieTriggeringWorker
09-07 03:57:42.603  1775  1775 D Zygote  : Forked child process 16318
09-07 03:57:42.604  2689  2689 I aaag    : (REDACTED) eventData = %s
09-07 03:57:42.609 16318 16318 I fmhandroid.tes: Late-enabling -Xcheck:jni
09-07 03:57:42.611  1793  2554 D gralloc_ranchu: gralloc_alloc: Creating ashmem region of size 9850880
09-07 03:57:42.615  2037  2067 I ActivityManager: Start proc 16318:ru.iteco.fmhandroid.test/u0a135 for activity {ru.iteco.fmhandroid.test/androidx.test.core.app.InstrumentationActivityInvoker$BootstrapActivity}
09-07 03:57:42.621  2666  2806 I earchbox:searc: WaitForGcToComplete blocked ProfileSaver on HeapTrim for 25.978ms
09-07 03:57:42.630 16318 16318 E fmhandroid.tes: Unknown bits set in runtime_flags: 0x8000
09-07 03:57:42.630 16318 16318 W fmhandroid.tes: Unexpected CPU variant for X86 using defaults: x86
09-07 03:57:42.639  2037  4831 W InputReader: Device has associated, but no associated display id.
09-07 03:57:42.646  2037  4831 I chatty  : uid=1000(system) Binder:2037_17 identical 28 lines
09-07 03:57:42.646  2037  4831 W InputReader: Device has associated, but no associated display id.
09-07 03:57:42.670 16318 16318 I fmhandroid.tes: The ClassLoaderContext is a special shared library.
09-07 03:57:42.672 16318 16318 I fmhandroid.tes: The ClassLoaderContext is a special shared library.
09-07 03:57:42.673  2037  2061 W InputReader: Device has associated, but no associated display id.
09-07 03:57:42.673  2037  2061 I chatty  : uid=1000(system) android.anim identical 8 lines
09-07 03:57:42.673  2037  2061 W InputReader: Device has associated, but no associated display id.
09-07 03:57:42.684  2182  2468 D EGL_emulation: eglMakeCurrent: 0xda21a360: ver 2 0 (tinfo 0xda20f590)
09-07 03:57:42.685  1793  2554 D gralloc_ranchu: gralloc_alloc: Creating ashmem region of size 9850880
09-07 03:57:42.707  2182  2468 D EGL_emulation: eglMakeCurrent: 0xda21a360: ver 2 0 (tinfo 0xda20f590)
09-07 03:57:42.708  2434  2714 D EGL_emulation: eglMakeCurrent: 0xed453b60: ver 2 0 (tinfo 0xe233a960)
09-07 03:57:42.709  2182  2182 W View    : requestLayout() improperly called by com.android.keyguard.AlphaOptimizedLinearLayout{551c6d8 V.E...... ......ID 7,0-48,61 #7f0a041c app:id/wifi_group} during second layout pass: posting in next frame
09-07 03:57:42.711  2666  3068 D EGL_emulation: eglMakeCurrent: 0xda21b0e0: ver 2 0 (tinfo 0xda20fbb0)
09-07 03:57:42.719  2666  2666 I dnsi    : onPause
09-07 03:57:42.722  2182  2182 W View    : requestLayout() improperly called by StatusBarIconView(slot=mobile icon=null notification=null) during layout: running second layout pass
09-07 03:57:42.756  2666 16235 V ClearcutMetricXmitter: Transmission is done.
09-07 03:57:42.824  1823  1896 E SurfaceFlinger: ro.sf.lcd_density must be defined as a build property
09-07 03:57:42.825  1823  1896 E SurfaceFlinger: ro.sf.lcd_density must be defined as a build property
09-07 03:57:42.827 16318 16353 D libEGL  : Emulator has host GPU support, qemu.gles is set to 1.
09-07 03:57:42.828 16318 16353 W libc    : Unable to set property "qemu.gles" to "1": connection failed; errno=13 (Permission denied)
09-07 03:57:42.815 16318 16318 W RenderThread: type=1400 audit(0.0:164): avc: denied { write } for name="property_service" dev="tmpfs" ino=6988 scontext=u:r:untrusted_app:s0:c135,c256,c512,c768 tcontext=u:object_r:property_socket:s0 tclass=sock_file permissive=0
09-07 03:57:42.841 16318 16353 D libEGL  : loaded /vendor/lib/egl/libEGL_emulation.so
09-07 03:57:42.844 16318 16353 D libEGL  : loaded /vendor/lib/egl/libGLESv1_CM_emulation.so
09-07 03:57:42.846 16318 16353 D libEGL  : loaded /vendor/lib/egl/libGLESv2_emulation.so
09-07 03:57:42.857  2037  4328 I ActivityTaskManager: START u0 {act=android.intent.action.MAIN cat=[android.intent.category.LAUNCHER] cmp=ru.iteco.fmhandroid/.ui.AppActivity} from uid 10136
09-07 03:57:42.861  2037  4328 W InputReader: Device has associated, but no associated display id.
09-07 03:57:42.862  2037  4328 I chatty  : uid=1000(system) Binder:2037_12 identical 38 lines
09-07 03:57:42.862  2037  4328 W InputReader: Device has associated, but no associated display id.
09-07 03:57:42.862 16261 16261 W ActivityThread: handleWindowVisibility: no activity for token android.os.BinderProxy@dce2beb
09-07 03:57:42.862  2037  4328 W InputReader: Device has associated, but no associated display id.
09-07 03:57:42.866  2037  2060 W ProcessStats: Tracking association SourceState{549258c com.google.android.gms/10099 Top #16231} whose proc state 1 is better than process ProcessState{bab285 com.google.android.gms.persistent/10099 pkg=com.google.android.gms} proc state 2 (43 skipped)
09-07 03:57:42.863  2037  4328 I chatty  : uid=1000(system) Binder:2037_12 identical 18 lines
09-07 03:57:42.863  2037  4328 W InputReader: Device has associated, but no associated display id.
09-07 03:57:42.870  2666  2666 I dnsi    : onStop
09-07 03:57:42.874  1823  1897 E SurfaceFlinger: ro.sf.lcd_density must be defined as a build property
09-07 03:57:42.882  1823  1897 E SurfaceFlinger: ro.sf.lcd_density must be defined as a build property
