09-07 04:46:14.229 29126 29126 I ViewInteraction: Checking 'MatchesViewAssertion{viewMatcher=(view has effective visibility <VISIBLE> and view.getGlobalVisibleRect() to return non-empty rectangle)}' assertion on view an instance of android.widget.TextView and view.getText() with or without transformation to match: is "News"
09-07 04:46:14.231 29126 29168 W teco.fmhandroi: Accessing hidden method Lsun/misc/Unsafe;->compareAndSwapObject(Ljava/lang/Object;JLjava/lang/Object;Ljava/lang/Object;)Z (greylist, linking, allowed)
09-07 04:46:14.231 29126 29232 W teco.fmhandroi: Accessing hidden method Lsun/misc/Unsafe;->compareAndSwapObject(Ljava/lang/Object;JLjava/lang/Object;Ljava/lang/Object;)Z (greylist, linking, allowed)
09-07 04:46:14.236 29126 29126 I ViewInteraction: Performing 'wait for a specific view with <view.getId() is <2131230951>> during 10000 millis.' action on view view.getRootView() to equal view
09-07 04:46:14.237  1793  2554 D gralloc_ranchu: gralloc_alloc: Creating ashmem region of size 9850880
09-07 04:46:14.240 29126 29168 W teco.fmhandroi: Accessing hidden method Lsun/misc/Unsafe;->compareAndSwapObject(Ljava/lang/Object;JLjava/lang/Object;Ljava/lang/Object;)Z (greylist, linking, allowed)
09-07 04:46:14.242 29126 29126 I ViewInteraction: Checking 'MatchesViewAssertion{viewMatcher=(view has effective visibility <VISIBLE> and view.getGlobalVisibleRect() to return non-empty rectangle)}' assertion on view view.getId() is <2131230951/ru.iteco.fmhandroid:id/container_list_news_include_on_fragment_main>
09-07 04:46:14.244 29126 29168 W teco.fmhandroi: Accessing hidden method Lsun/misc/Unsafe;->compareAndSwapObject(Ljava/lang/Object;JLjava/lang/Object;Ljava/lang/Object;)Z (greylist, linking, allowed)
09-07 04:46:14.244 29126 29232 W teco.fmhandroi: Accessing hidden method Lsun/misc/Unsafe;->compareAndSwapObject(Ljava/lang/Object;JLjava/lang/Object;Ljava/lang/Object;)Z (greylist, linking, allowed)
09-07 04:46:14.245 29126 29126 I ViewInteraction: Performing 'wait for a specific view with <view.getId() is <2131230949>> during 10000 millis.' action on view view.getRootView() to equal view
09-07 04:46:14.247 29126 29168 W teco.fmhandroi: Accessing hidden method Lsun/misc/Unsafe;->compareAndSwapObject(Ljava/lang/Object;JLjava/lang/Object;Ljava/lang/Object;)Z (greylist, linking, allowed)
09-07 04:46:14.249 29126 29126 I ViewInteraction: Checking 'MatchesViewAssertion{viewMatcher=(view has effective visibility <VISIBLE> and view.getGlobalVisibleRect() to return non-empty rectangle)}' assertion on view view.getId() is <2131230949/ru.iteco.fmhandroid:id/container_list_claim_include_on_fragment_main>
09-07 04:46:14.249 29126 29168 W teco.fmhandroi: Accessing hidden method Lsun/misc/Unsafe;->compareAndSwapObject(Ljava/lang/Object;JLjava/lang/Object;Ljava/lang/Object;)Z (greylist, linking, allowed)
09-07 04:46:14.249 29126 29232 W teco.fmhandroi: Accessing hidden method Lsun/misc/Unsafe;->compareAndSwapObject(Ljava/lang/Object;JLjava/lang/Object;Ljava/lang/Object;)Z (greylist, linking, allowed)
09-07 04:46:14.252 29126 29126 I ViewInteraction: Performing 'wait for a specific view with <an instance of android.widget.TextView and view.getText() with or without transformation to match: is "Claims"> during 10000 millis.' action on view view.getRootView() to equal view
09-07 04:46:14.256 29126 29126 I ViewInteraction: Checking 'MatchesViewAssertion{viewMatcher=(view has effective visibility <VISIBLE> and view.getGlobalVisibleRect() to return non-empty rectangle)}' assertion on view an instance of android.widget.TextView and view.getText() with or without transformation to match: is "Claims"
09-07 04:46:14.262 29126 29126 I ViewInteraction: Performing 'wait for a specific view with <view.getId() is <2131231123/ru.iteco.fmhandroid:id/main_menu_image_button>> during 10000 millis.' action on view view.getRootView() to equal view
09-07 04:46:14.263 29126 29168 W teco.fmhandroi: Accessing hidden method Lsun/misc/Unsafe;->compareAndSwapObject(Ljava/lang/Object;JLjava/lang/Object;Ljava/lang/Object;)Z (greylist, linking, allowed)
09-07 04:46:14.264 29126 29126 I ViewInteraction: Performing 'single click' action on view view.getId() is <2131231123/ru.iteco.fmhandroid:id/main_menu_image_button>
09-07 04:46:14.264 29126 29232 W teco.fmhandroi: Accessing hidden method Lsun/misc/Unsafe;->compareAndSwapObject(Ljava/lang/Object;JLjava/lang/Object;Ljava/lang/Object;)Z (greylist, linking, allowed)
09-07 04:46:14.288  1792  2272 E GnssHAL_GnssInterface: gnssSvStatusCb: a: input svInfo.flags is 8
09-07 04:46:14.288  1792  2272 E GnssHAL_GnssInterface: gnssSvStatusCb: b: input svInfo.flags is 8
09-07 04:46:14.319  1781  6116 W audio_hw_generic: Not supplying enough data to HAL, expected position 60389631 , only wrote 60389621
09-07 04:46:14.365  1793  2554 D gralloc_ranchu: gralloc_alloc: Creating ashmem region of size 2015232
09-07 04:46:14.374  1793  2554 I chatty  : uid=1000(system) HwBinder:1793_2 identical 1 line
09-07 04:46:14.376  1793  2554 D gralloc_ranchu: gralloc_alloc: Creating ashmem region of size 2015232
09-07 04:46:14.404 29126 29219 D EGL_emulation: eglMakeCurrent: 0xe2258280: ver 2 0 (tinfo 0xe233aed0)
09-07 04:46:14.701 29126 29219 I chatty  : uid=10136(ru.iteco.fmhandroid) RenderThread identical 6 lines
09-07 04:46:14.708 29126 29219 D EGL_emulation: eglMakeCurrent: 0xe2258280: ver 2 0 (tinfo 0xe233aed0)
09-07 04:46:14.936 29126 29126 I ViewInteraction: Performing 'wait for a specific view with <an instance of android.widget.TextView and view.getText() with or without transformation to match: is "About"> during 10000 millis.' action on view view.getRootView() to equal view
09-07 04:46:14.940 29126 29126 I ViewInteraction: Performing 'single click' action on view an instance of android.widget.TextView and view.getText() with or without transformation to match: is "About"
09-07 04:46:15.014 29126 29219 D EGL_emulation: eglMakeCurrent: 0xe2258280: ver 2 0 (tinfo 0xe233aed0)
09-07 04:46:15.089 29126 29219 I chatty  : uid=10136(ru.iteco.fmhandroid) RenderThread identical 1 line
09-07 04:46:15.112 29126 29219 D EGL_emulation: eglMakeCurrent: 0xe2258280: ver 2 0 (tinfo 0xe233aed0)
09-07 04:46:15.256 29126 29232 W teco.fmhandroi: Accessing hidden method Lsun/misc/Unsafe;->compareAndSwapObject(Ljava/lang/Object;JLjava/lang/Object;Ljava/lang/Object;)Z (greylist, linking, allowed)
09-07 04:46:15.258 29126 29126 I ViewInteraction: Performing 'wait for a specific view with <view.getId() is <2131230738>> during 10000 millis.' action on view view.getRootView() to equal view
09-07 04:46:15.260 29126 29168 W teco.fmhandroi: Accessing hidden method Lsun/misc/Unsafe;->compareAndSwapObject(Ljava/lang/Object;JLjava/lang/Object;Ljava/lang/Object;)Z (greylist, linking, allowed)
09-07 04:46:15.262 29126 29126 I ViewInteraction: Checking 'MatchesViewAssertion{viewMatcher=(view has effective visibility <VISIBLE> and view.getGlobalVisibleRect() to return non-empty rectangle)}' assertion on view view.getId() is <2131230738/ru.iteco.fmhandroid:id/about_privacy_policy_value_text_view>
09-07 04:46:15.262 29126 29168 W teco.fmhandroi: Accessing hidden method Lsun/misc/Unsafe;->compareAndSwapObject(Ljava/lang/Object;JLjava/lang/Object;Ljava/lang/Object;)Z (greylist, linking, allowed)
09-07 04:46:15.264 29126 29126 I ViewInteraction: Performing 'wait for a specific view with <view.getId() is <2131230738>> during 10000 millis.' action on view view.getRootView() to equal view
09-07 04:46:15.266 29126 29168 W teco.fmhandroi: Accessing hidden method Lsun/misc/Unsafe;->compareAndSwapObject(Ljava/lang/Object;JLjava/lang/Object;Ljava/lang/Object;)Z (greylist, linking, allowed)
09-07 04:46:15.266 29126 29232 W teco.fmhandroi: Accessing hidden method Lsun/misc/Unsafe;->compareAndSwapObject(Ljava/lang/Object;JLjava/lang/Object;Ljava/lang/Object;)Z (greylist, linking, allowed)
09-07 04:46:15.266 29126 29126 I ViewInteraction: Performing 'single click' action on view view.getId() is <2131230738/ru.iteco.fmhandroid:id/about_privacy_policy_value_text_view>
09-07 04:46:15.285  1792  2272 E GnssHAL_GnssInterface: gnssSvStatusCb: a: input svInfo.flags is 8
09-07 04:46:15.286  1792  2272 E GnssHAL_GnssInterface: gnssSvStatusCb: b: input svInfo.flags is 8
09-07 04:46:15.331  2037  4391 I ActivityTaskManager: START u0 {act=android.intent.action.VIEW dat=https://vhospice.org/... cmp=com.android.chrome/com.google.android.apps.chrome.IntentDispatcher (has extras)} from uid 10136
09-07 04:46:15.337 29126 29126 D LifecycleMonitor: Lifecycle status change: ru.iteco.fmhandroid.ui.AppActivity@2682e15 in: PAUSED
09-07 04:46:15.337 29126 29126 V ActivityScenario: Update currentActivityStage to PAUSED, currentActivity=ru.iteco.fmhandroid.ui.AppActivity@2682e15
09-07 04:46:15.338  2037  2847 W InputReader: Device has associated, but no associated display id.
09-07 04:46:15.338  2037  2847 I chatty  : uid=1000(system) Binder:2037_B identical 8 lines
09-07 04:46:15.338  2037  2847 W InputReader: Device has associated, but no associated display id.
09-07 04:46:15.340 29126 29170 V FA      : Recording user engagement, ms: 4435
09-07 04:46:15.344  1775  1775 D Zygote  : Forked child process 29289
09-07 04:46:15.348 29289 29289 W .android.chrom: Unexpected CPU variant for X86 using defaults: x86
09-07 04:46:15.354 29289 29289 E .android.chrom: Not starting debugger since process cannot load the jdwp agent.
09-07 04:46:15.356  2037  2067 I ActivityManager: Start proc 29289:com.android.chrome/u0a113 for activity {com.android.chrome/com.google.android.apps.chrome.IntentDispatcher}
09-07 04:46:15.376  2037  2310 W InputReader: Device has associated, but no associated display id.
09-07 04:46:15.381  2037  2310 I chatty  : uid=1000(system) Binder:2037_5 identical 28 lines
09-07 04:46:15.381  2037  2310 W InputReader: Device has associated, but no associated display id.
09-07 04:46:15.388 29126 29170 V FA      : Activity paused, time: 4899233
09-07 04:46:15.389 29289 29289 I .android.chrom: The ClassLoaderContext is a special shared library.
09-07 04:46:15.391 29289 29289 I .android.chrom: The ClassLoaderContext is a special shared library.
09-07 04:46:15.394  7867 29173 V FA-SVC  : Logging event: origin=auto,name=user_engagement(_e),params=Bundle[{ga_event_origin(_o)=auto, engagement_time_msec(_et)=4435, ga_screen_class(_sc)=AppActivity, ga_screen_id(_si)=-4651013091003756150}]
09-07 04:46:15.403 29289 29289 I LoadedApk: No resource references to update in package com.google.android.trichromelibrary
09-07 04:46:15.406  7867 29173 V FA-SVC  : Upload scheduled in approximately ms: 2463893
09-07 04:46:15.406  7867 29173 V FA-SVC  : Unscheduling upload
09-07 04:46:15.408  7867 29173 V FA-SVC  : Scheduling upload, millis: 2463893
09-07 04:46:15.411  7867 29173 V FA-SVC  : Background event processing time, ms: 18
09-07 04:46:15.425  1823  1897 E SurfaceFlinger: ro.sf.lcd_density must be defined as a build property
09-07 04:46:15.426  1823  1897 E SurfaceFlinger: ro.sf.lcd_density must be defined as a build property
09-07 04:46:15.429 29289 29312 D libEGL  : Emulator has host GPU support, qemu.gles is set to 1.
09-07 04:46:15.430 29289 29312 W libc    : Unable to set property "qemu.gles" to "1": connection failed; errno=13 (Permission denied)
09-07 04:46:15.425 29289 29289 W RenderThread: type=1400 audit(0.0:309): avc: denied { write } for name="property_service" dev="tmpfs" ino=6988 scontext=u:r:untrusted_app:s0:c113,c256,c512,c768 tcontext=u:object_r:property_socket:s0 tclass=sock_file permissive=0
09-07 04:46:15.447 29289 29312 D libEGL  : loaded /vendor/lib/egl/libEGL_emulation.so
09-07 04:46:15.451 29289 29312 D libEGL  : loaded /vendor/lib/egl/libGLESv1_CM_emulation.so
09-07 04:46:15.454 29289 29312 D libEGL  : loaded /vendor/lib/egl/libGLESv2_emulation.so
09-07 04:46:15.459 29289 29289 I cr_InstantAppsHandler: Package manager handles intents on O+, not handling in Chrome
09-07 04:46:15.460  2037  4315 I ActivityTaskManager: START u0 {act=android.intent.action.VIEW dat=https://vhospice.org/... flg=0x10800000 cmp=com.android.chrome/com.google.android.apps.chrome.IntentDispatcher (has extras)} from uid 10113
09-07 04:46:15.485  2037  4391 W InputReader: Device has associated, but no associated display id.
09-07 04:46:15.488  2037  4391 I chatty  : uid=1000(system) Binder:2037_13 identical 48 lines
09-07 04:46:15.488  2037  4391 W InputReader: Device has associated, but no associated display id.
09-07 04:46:15.489 29289 29289 W ActivityThread: handleWindowVisibility: no activity for token android.os.BinderProxy@2a2b766
09-07 04:46:15.494 29289 29289 I cr_InstantAppsHandler: Package manager handles intents on O+, not handling in Chrome
09-07 04:46:15.497  2037  4391 I ActivityTaskManager: START u0 {cmp=com.android.chrome/org.chromium.chrome.browser.firstrun.FirstRunActivity (has extras)} from uid 10113
09-07 04:46:15.509  2037  2061 E system_server: Invalid ID 0x00000000.
09-07 04:46:15.513  2037  4391 W InputReader: Device has associated, but no associated display id.
09-07 04:46:15.515  2037  4391 I chatty  : uid=1000(system) Binder:2037_13 identical 58 lines
09-07 04:46:15.515  2037  4391 W InputReader: Device has associated, but no associated display id.
09-07 04:46:15.520 29289 29289 W ActivityThread: handleWindowVisibility: no activity for token android.os.BinderProxy@f8cbafd
09-07 04:46:15.525  1793  2554 D gralloc_ranchu: gralloc_alloc: Creating ashmem region of size 9850880
09-07 04:46:15.565  2037  2061 W InputReader: Device has associated, but no associated display id.
09-07 04:46:15.566  2037  2061 I chatty  : uid=1000(system) android.anim identical 8 lines
09-07 04:46:15.566  2037  2061 W InputReader: Device has associated, but no associated display id.
09-07 04:46:15.566 29126 29232 W teco.fmhandroi: Accessing hidden method Lsun/misc/Unsafe;->compareAndSwapObject(Ljava/lang/Object;JLjava/lang/Object;Ljava/lang/Object;)Z (greylist, linking, allowed)
09-07 04:46:15.566  2037  2061 W InputReader: Device has associated, but no associated display id.
09-07 04:46:15.567  2037  2061 I chatty  : uid=1000(system) android.anim identical 8 lines
09-07 04:46:15.567  2037  2061 W InputReader: Device has associated, but no associated display id.
09-07 04:46:15.567  1793  2554 D gralloc_ranchu: gralloc_alloc: Creating ashmem region of size 6307840
09-07 04:46:15.568 29126 29126 W RootViewPicker: No activity currently resumed - waiting: 10ms for one to appear.
09-07 04:46:15.578 29126 29126 W RootViewPicker: No activity currently resumed - waiting: 50ms for one to appear.
09-07 04:46:15.600 29289 29320 W DynamiteModule: Local module descriptor class for com.google.android.gms.googlecertificates not found.
09-07 04:46:15.613 29126 29219 D EGL_emulation: eglMakeCurrent: 0xe2258280: ver 2 0 (tinfo 0xe233aed0)
09-07 04:46:15.615  2182  2468 D EGL_emulation: eglMakeCurrent: 0xda21a360: ver 2 0 (tinfo 0xda20f590)
09-07 04:46:15.622 29289 29320 W .android.chrom: Unsupported class loader
09-07 04:46:15.624  2182  2182 W View    : requestLayout() improperly called by com.android.keyguard.AlphaOptimizedLinearLayout{551c6d8 V.E...... ......ID 7,0-48,61 #7f0a041c app:id/wifi_group} during second layout pass: posting in next frame
09-07 04:46:15.626  2037  5599 D HostConnection: HostConnection::get() New Host Connection established 0xda23f020, tid 5599
09-07 04:46:15.628  2182  2182 W View    : requestLayout() improperly called by StatusBarIconView(slot=mobile icon=null notification=null) during layout: running second layout pass
09-07 04:46:15.630 29289 29313 I cr_ui   : Using UI locale en, system locale: en (Android name: en)
09-07 04:46:15.633  2037  5599 D HostConnection: HostComposition ext ANDROID_EMU_CHECKSUM_HELPER_v1 ANDROID_EMU_dma_v1 ANDROID_EMU_direct_mem ANDROID_EMU_vulkan ANDROID_EMU_deferred_vulkan_commands ANDROID_EMU_vulkan_null_optional_strings ANDROID_EMU_vulkan_create_resources_with_requirements ANDROID_EMU_YUV420_888_to_NV21 ANDROID_EMU_YUV_Cache ANDROID_EMU_vulkan_free_memory_sync ANDROID_EMU_vulkan_shader_float16_int8 ANDROID_EMU_vulkan_async_queue_submit ANDROID_EMU_sync_buffer_data GL_OES_vertex_array_object GL_KHR_texture_compression_astc_ldr ANDROID_EMU_host_side_tracing ANDROID_EMU_gles_max_version_2 
09-07 04:46:15.634 29126 29126 W RootViewPicker: No activity currently resumed - waiting: 100ms for one to appear.
09-07 04:46:15.637  2037  5599 W OpenGLRenderer: Failed to choose config with EGL_SWAP_BEHAVIOR_PRESERVED, retrying without...
09-07 04:46:15.638 29289 29313 I cr_ui   : Missing asset file: locales#lang_en/en-US.pak
09-07 04:46:15.649  2434  2453 W System  : A resource failed to call release. 
09-07 04:46:15.649  2434  2453 W System  : A resource failed to call release. 
09-07 04:46:15.650 29289 29313 I cr_ui   : Found asset file: locales/en-GB.pak
09-07 04:46:15.650 29289 29313 I cr_ui   : Using app bundle locale directory: locales
09-07 04:46:15.654 29289 29313 I cr_ui   : UI Language: en requires .pak files: [en-GB, en-US]
09-07 04:46:15.654  2037  5599 D eglCodecCommon: setVertexArrayObject: set vao to 0 (0) 0 0
09-07 04:46:15.654  2037  5599 D EGL_emulation: eglCreateContext: 0xba761460: maj 2 min 0 rcv 2
09-07 04:46:15.656  2182  2468 D EGL_emulation: eglMakeCurrent: 0xda21a360: ver 2 0 (tinfo 0xda20f590)
09-07 04:46:15.657 29289 29322 I cr_LibraryLoader: Time to load native libraries: 81 ms (timestamps 9468-9549)
09-07 04:46:15.660 29289 29322 I chromium: [INFO:library_loader_hooks.cc(50)] Chromium logging enabled: level = 0, default verbosity = 0
09-07 04:46:15.660 29289 29322 I cr_LibraryLoader: Expected native library version number "74.0.3729.185", actual native library version number "74.0.3729.185"
09-07 04:46:15.667 29289 29320 I DynamiteModule: Considering local module com.google.android.gms.googlecertificates:0 and remote module com.google.android.gms.googlecertificates:7
09-07 04:46:15.668 29289 29320 I DynamiteModule: Selected remote version of com.google.android.gms.googlecertificates, version >= 7
09-07 04:46:15.696  2037  5599 D EGL_emulation: eglMakeCurrent: 0xba761460: ver 2 0 (tinfo 0xba668ca0)
09-07 04:46:15.709 29289 29310 D HostConnection: HostConnection::get() New Host Connection established 0xda23e1e0, tid 29310
09-07 04:46:15.712 29289 29310 D HostConnection: HostComposition ext ANDROID_EMU_CHECKSUM_HELPER_v1 ANDROID_EMU_dma_v1 ANDROID_EMU_direct_mem ANDROID_EMU_vulkan ANDROID_EMU_deferred_vulkan_commands ANDROID_EMU_vulkan_null_optional_strings ANDROID_EMU_vulkan_create_resources_with_requirements ANDROID_EMU_YUV420_888_to_NV21 ANDROID_EMU_YUV_Cache ANDROID_EMU_vulkan_free_memory_sync ANDROID_EMU_vulkan_shader_float16_int8 ANDROID_EMU_vulkan_async_queue_submit ANDROID_EMU_sync_buffer_data GL_OES_vertex_array_object GL_KHR_texture_compression_astc_ldr ANDROID_EMU_host_side_tracing ANDROID_EMU_gles_max_version_2 
09-07 04:46:15.717 29289 29320 W System  : ClassLoader referenced unknown path: 
09-07 04:46:15.723  2037  5599 D eglCodecCommon: setVertexArrayObject: set vao to 0 (0) 1 0
09-07 04:46:15.727 29289 29310 W OpenGLRenderer: Failed to choose config with EGL_SWAP_BEHAVIOR_PRESERVED, retrying without...
09-07 04:46:15.734 29126 29126 W RootViewPicker: No activity currently resumed - waiting: 500ms for one to appear.
09-07 04:46:15.752 29289 29310 D eglCodecCommon: setVertexArrayObject: set vao to 0 (0) 0 0
09-07 04:46:15.752 29289 29310 D EGL_emulation: eglCreateContext: 0xda21a1e0: maj 2 min 0 rcv 2
09-07 04:46:15.764 29289 29320 W .android.chrom: ClassLoaderContext classpath size mismatch. expected=10, found=1 (DLC[];PCL[base.apk*2828735093:base.apk!classes2.dex*1643761237:base.apk!classes3.dex*3753492869:base.apk!classes4.dex*199618833:base.apk!classes5.dex*778978865:base.apk!classes6.dex*888043788:base.apk!classes7.dex*3679177401:base.apk!classes8.dex*1424660345:base.apk!classes9.dex*1875072974:base.apk!classes10.dex*1222272008]{PCL[/system/framework/org.apache.http.legacy.jar*1038351580]#PCL[/system/framework/com.android.media.remotedisplay.jar*2562557801]#PCL[/system/framework/com.android.location.provider.jar*2174102052]} | DLC[];PCL[/product/app/Chrome/Chrome.apk*2541580342]{PCL[/product/app/TrichromeLibrary/TrichromeLibrary.apk*2070771790]})
09-07 04:46:15.765 29289 29320 W .android.chrom: Found duplicate classes, falling back to extracting from APK : /data/app/com.google.android.gms-tgdblXCAZykHef5nVrBcqA==/split_GoogleCertificates.apk
09-07 04:46:15.765 29289 29320 W .android.chrom: NOTE: This wastes RAM and hurts startup performance.
09-07 04:46:15.765 29289 29320 W .android.chrom: Found duplicated class when checking oat files: 'Landroid/support/annotation/Keep;' in /product/app/Chrome/Chrome.apk and /data/app/com.google.android.gms-tgdblXCAZykHef5nVrBcqA==/split_GoogleCertificates.apk
09-07 04:46:15.765 29289 29320 W .android.chrom: 
09-07 04:46:15.778 29289 29310 D EGL_emulation: eglMakeCurrent: 0xda21a1e0: ver 2 0 (tinfo 0xda20f710)
09-07 04:46:15.789  1793  2554 D gralloc_ranchu: gralloc_alloc: Creating ashmem region of size 9850880
09-07 04:46:15.793  1678  1678 I hwservicemanager: getTransport: Cannot find entry android.hardware.graphics.mapper@3.0::IMapper/default in either framework or device manifest.
09-07 04:46:15.793 29289 29310 W Gralloc3: mapper 3.x is not supported
09-07 04:46:15.798 29289 29310 D HostConnection: createUnique: call
09-07 04:46:15.799 29289 29310 D HostConnection: HostConnection::get() New Host Connection established 0xda23eaf0, tid 29310
09-07 04:46:15.799 29289 29310 D HostConnection: HostComposition ext ANDROID_EMU_CHECKSUM_HELPER_v1 ANDROID_EMU_dma_v1 ANDROID_EMU_direct_mem ANDROID_EMU_vulkan ANDROID_EMU_deferred_vulkan_commands ANDROID_EMU_vulkan_null_optional_strings ANDROID_EMU_vulkan_create_resources_with_requirements ANDROID_EMU_YUV420_888_to_NV21 ANDROID_EMU_YUV_Cache ANDROID_EMU_vulkan_free_memory_sync ANDROID_EMU_vulkan_shader_float16_int8 ANDROID_EMU_vulkan_async_queue_submit ANDROID_EMU_sync_buffer_data GL_OES_vertex_array_object GL_KHR_texture_compression_astc_ldr ANDROID_EMU_host_side_tracing ANDROID_EMU_gles_max_version_2 
09-07 04:46:15.800 29289 29310 D eglCodecCommon: allocate: Ask for block of size 0x1000
09-07 04:46:15.800 29289 29310 D eglCodecCommon: allocate: ioctl allocate returned offset 0x3ff686000 size 0x2000
09-07 04:46:15.803  1793  2554 D gralloc_ranchu: gralloc_alloc: Creating ashmem region of size 9850880
09-07 04:46:15.804  1793  2554 D gralloc_ranchu: gralloc_alloc: Creating ashmem region of size 9850880
09-07 04:46:15.805 29289 29310 D EGL_emulation: eglMakeCurrent: 0xda21a1e0: ver 2 0 (tinfo 0xda20f710)
09-07 04:46:15.809 29289 29310 D eglCodecCommon: setVertexArrayObject: set vao to 0 (0) 1 0
09-07 04:46:15.839  2037  2065 I ActivityTaskManager: Displayed com.android.chrome/org.chromium.chrome.browser.firstrun.FirstRunActivity: +504ms
09-07 04:46:15.840 29289 29289 E ResourcesCompat: Failed to find font-family tag
09-07 04:46:15.911 29289 29330 W cr_ChildProcLH: Create a new ChildConnectionAllocator with package name = com.android.chrome, sandboxed = true
09-07 04:46:15.915 29289 29289 I cr_BrowserStartup: Initializing chromium process, singleProcess=false
09-07 04:46:15.921  1775  1775 D Zygote  : Forked child process 29331
09-07 04:46:15.924 29331 29331 W ProcessService: Unexpected CPU variant for X86 using defaults: x86
09-07 04:46:15.929  2037  2067 I ActivityManager: Start proc 29331:com.android.chrome:sandboxed_process0:org.chromium.content.app.SandboxedProcessService0/u0i1 for service {com.android.chrome/org.chromium.content.app.SandboxedProcessService0}
09-07 04:46:15.934 29331 29331 E ProcessService: Not starting debugger since process cannot load the jdwp agent.
09-07 04:46:15.975 29331 29331 I ProcessService: The ClassLoaderContext is a special shared library.
09-07 04:46:15.977 29331 29331 I ProcessService: The ClassLoaderContext is a special shared library.
09-07 04:46:15.984 29331 29331 I LoadedApk: No resource references to update in package com.google.android.trichromelibrary
09-07 04:46:15.965 29331 29331 W ProcessService0: type=1400 audit(0.0:310): avc: denied { getattr } for path="/data/data/com.android.chrome" dev="vdc" ino=123185 scontext=u:r:isolated_app:s0:c41,c291,c512,c768 tcontext=u:object_r:app_data_file:s0:c113,c256,c512,c768 tclass=dir permissive=0
09-07 04:46:15.965 29331 29331 I chatty  : uid=99001(u0_i9001) ProcessService0 identical 2 lines
09-07 04:46:15.965 29331 29331 W ProcessService0: type=1400 audit(0.0:313): avc: denied { getattr } for path="/data/data/com.android.chrome" dev="vdc" ino=123185 scontext=u:r:isolated_app:s0:c41,c291,c512,c768 tcontext=u:object_r:app_data_file:s0:c113,c256,c512,c768 tclass=dir permissive=0
09-07 04:46:15.988 29331 29331 I cr_ChildProcessService: Creating new ChildProcessService pid=29331
09-07 04:46:16.008 29289 29356 W chromium: [WARNING:dns_config_service_posix.cc(337)] Failed to read DnsConfig.
09-07 04:46:16.027  1775  1775 D Zygote  : Forked child process 29367
09-07 04:46:16.032 29367 29367 W ileged_process: Unexpected CPU variant for X86 using defaults: x86
09-07 04:46:16.032  2037  2067 I ActivityManager: Start proc 29367:com.android.chrome:privileged_process0/u0a113 for service {com.android.chrome/org.chromium.content.app.PrivilegedProcessService0}
09-07 04:46:16.042 29367 29367 E ileged_process: Not starting debugger since process cannot load the jdwp agent.
09-07 04:46:16.054 29367 29367 I ileged_process: The ClassLoaderContext is a special shared library.
09-07 04:46:16.055 29367 29367 I ileged_process: The ClassLoaderContext is a special shared library.
09-07 04:46:16.060 29367 29367 I LoadedApk: No resource references to update in package com.google.android.trichromelibrary
09-07 04:46:16.063 29367 29367 I cr_ChildProcessService: Creating new ChildProcessService pid=29367
09-07 04:46:16.089  2037  2310 D ConnectivityService: requestNetwork for uid/pid:10113/29289 NetworkRequest [ TRACK_DEFAULT id=107, [ Capabilities: INTERNET&NOT_RESTRICTED&TRUSTED Uid: 10113] ]
09-07 04:46:16.090  2037  2143 D WifiNetworkFactory: got request NetworkRequest [ TRACK_DEFAULT id=107, [ Capabilities: INTERNET&NOT_RESTRICTED&TRUSTED Uid: 10113] ] with score 60 and serial -1
09-07 04:46:16.090  2279  2279 D PhoneSwitcherNetworkRequstListener: got request NetworkRequest [ TRACK_DEFAULT id=107, [ Capabilities: INTERNET&NOT_RESTRICTED&TRUSTED Uid: 10113] ] with score 60 and serial -1
09-07 04:46:16.090  2037  2143 D UntrustedWifiNetworkFactory: got request NetworkRequest [ TRACK_DEFAULT id=107, [ Capabilities: INTERNET&NOT_RESTRICTED&TRUSTED Uid: 10113] ] with score 60 and serial -1
09-07 04:46:16.094 29367 29387 I cr_LibraryLoader: Time to load native libraries: 10 ms (timestamps 9976-9986)
09-07 04:46:16.094 29367 29387 I chromium: [INFO:library_loader_hooks.cc(50)] Chromium logging enabled: level = 0, default verbosity = 0
09-07 04:46:16.094 29367 29387 I cr_LibraryLoader: Expected native library version number "74.0.3729.185", actual native library version number "74.0.3729.185"
09-07 04:46:16.108 29367 29387 D libEGL  : Emulator has host GPU support, qemu.gles is set to 1.
09-07 04:46:16.108 29367 29387 W libc    : Unable to set property "qemu.gles" to "1": connection failed; errno=13 (Permission denied)
09-07 04:46:16.112 29367 29387 D libEGL  : loaded /vendor/lib/egl/libEGL_emulation.so
09-07 04:46:16.117 29367 29387 D libEGL  : loaded /vendor/lib/egl/libGLESv1_CM_emulation.so
09-07 04:46:16.118 29367 29387 D libEGL  : loaded /vendor/lib/egl/libGLESv2_emulation.so
09-07 04:46:16.105 29367 29367 W CrGpuMain: type=1400 audit(0.0:314): avc: denied { write } for name="property_service" dev="tmpfs" ino=6988 scontext=u:r:untrusted_app:s0:c113,c256,c512,c768 tcontext=u:object_r:property_socket:s0 tclass=sock_file permissive=0
09-07 04:46:16.130  1775  1775 D Zygote  : Forked child process 29390
09-07 04:46:16.131  2037  2067 I ActivityManager: Start proc 29390:android.process.media/u0a45 for content provider {com.android.providers.media/com.android.providers.media.MediaProvider}
09-07 04:46:16.133 29367 29387 D HostConnection: HostConnection::get() New Host Connection established 0xda24d9a0, tid 29387
09-07 04:46:16.135 29367 29387 D HostConnection: HostComposition ext ANDROID_EMU_CHECKSUM_HELPER_v1 ANDROID_EMU_dma_v1 ANDROID_EMU_direct_mem ANDROID_EMU_vulkan ANDROID_EMU_deferred_vulkan_commands ANDROID_EMU_vulkan_null_optional_strings ANDROID_EMU_vulkan_create_resources_with_requirements ANDROID_EMU_YUV420_888_to_NV21 ANDROID_EMU_YUV_Cache ANDROID_EMU_vulkan_free_memory_sync ANDROID_EMU_vulkan_shader_float16_int8 ANDROID_EMU_vulkan_async_queue_submit ANDROID_EMU_sync_buffer_data GL_OES_vertex_array_object GL_KHR_texture_compression_astc_ldr ANDROID_EMU_host_side_tracing ANDROID_EMU_gles_max_version_2 
09-07 04:46:16.142 29390 29390 W d.process.medi: Unexpected CPU variant for X86 using defaults: x86
09-07 04:46:16.143 29390 29390 E d.process.medi: Not starting debugger since process cannot load the jdwp agent.
09-07 04:46:16.148 29367 29387 E chromium: [ERROR:gl_surface_egl.cc(342)] eglChooseConfig failed with error EGL_SUCCESS
09-07 04:46:16.152  2037  4391 D ConnectivityService: requestNetwork for uid/pid:10113/29289 NetworkRequest [ TRACK_DEFAULT id=109, [ Capabilities: INTERNET&NOT_RESTRICTED&TRUSTED Uid: 10113] ]
09-07 04:46:16.153  2037  2143 D WifiNetworkFactory: got request NetworkRequest [ TRACK_DEFAULT id=109, [ Capabilities: INTERNET&NOT_RESTRICTED&TRUSTED Uid: 10113] ] with score 60 and serial -1
09-07 04:46:16.155  2037  2143 D UntrustedWifiNetworkFactory: got request NetworkRequest [ TRACK_DEFAULT id=109, [ Capabilities: INTERNET&NOT_RESTRICTED&TRUSTED Uid: 10113] ] with score 60 and serial -1
09-07 04:46:16.157  2279  2279 D PhoneSwitcherNetworkRequstListener: got request NetworkRequest [ TRACK_DEFAULT id=109, [ Capabilities: INTERNET&NOT_RESTRICTED&TRUSTED Uid: 10113] ] with score 60 and serial -1
09-07 04:46:16.166 29289 29289 W cr_KnoxSettingsProvider: Permission to read device policy denied.
09-07 04:46:16.186 29367 29387 D eglCodecCommon: setVertexArrayObject: set vao to 0 (0) 0 0
09-07 04:46:16.186 29367 29387 D EGL_emulation: eglCreateContext: 0xda21a420: maj 2 min 0 rcv 2
09-07 04:46:16.188 29367 29387 D EGL_emulation: eglMakeCurrent: 0xda21a420: ver 2 0 (tinfo 0xda20f820)
09-07 04:46:16.191 29390 29390 I d.process.medi: The ClassLoaderContext is a special shared library.
09-07 04:46:16.202 29126 29126 D LifecycleMonitor: Lifecycle status change: ru.iteco.fmhandroid.ui.AppActivity@2682e15 in: STOPPED
09-07 04:46:16.203 29126 29126 V ActivityScenario: Update currentActivityStage to STOPPED, currentActivity=ru.iteco.fmhandroid.ui.AppActivity@2682e15
09-07 04:46:16.208 29367 29387 E chromium: [ERROR:gl_surface_egl.cc(342)] eglChooseConfig failed with error EGL_SUCCESS
09-07 04:46:16.219 29289 29356 W chromium: [WARNING:dns_config_service_posix.cc(337)] Failed to read DnsConfig.
09-07 04:46:16.226 29390 29390 I d.process.medi: The ClassLoaderContext is a special shared library.
09-07 04:46:16.239 29126 29126 W RootViewPicker: No activity currently resumed - waiting: 2000ms for one to appear.
09-07 04:46:16.274 29367 29387 I VideoCapabilities: Unsupported profile 4 for video/mp4v-es
09-07 04:46:16.274 29367 29387 W cr_MediaCodecUtil: HW encoder for video/avc is not available on this device.
09-07 04:46:16.286  1792  2272 E GnssHAL_GnssInterface: gnssSvStatusCb: a: input svInfo.flags is 8
09-07 04:46:16.286  1792  2272 E GnssHAL_GnssInterface: gnssSvStatusCb: b: input svInfo.flags is 8
09-07 04:46:16.719 29289 29357 D NetworkSecurityConfig: Using Network Security Config from resource 0_resource_name_obfuscated debugBuild: false
09-07 04:46:17.288  1792  2272 E GnssHAL_GnssInterface: gnssSvStatusCb: a: input svInfo.flags is 8
09-07 04:46:17.288  1792  2272 E GnssHAL_GnssInterface: gnssSvStatusCb: b: input svInfo.flags is 8
09-07 04:46:17.393 29126 29170 D FA      : Application going to the background
09-07 04:46:17.396 29126 29170 I FA      : Application backgrounded at: timestamp_millis: 1694061975388
09-07 04:46:18.055  8425  8425 D BoundBrokerSvc: onUnbind: Intent { act=com.google.android.gms.presencemanager.service.START dat=chimera-action: cmp=com.google.android.gms/.chimera.PersistentApiService }
09-07 04:46:18.056  8425  8425 D BoundBrokerSvc: onUnbind: Intent { act=com.google.android.gms.presencemanager.service.INTERNAL_IDENTITY dat=chimera-action: cmp=com.google.android.gms/.chimera.PersistentApiService }
09-07 04:46:18.173  1781  1781 W audio_hw_generic: Not supplying enough data to HAL, expected position 60727651 , only wrote 60559498
09-07 04:46:18.242 29126 29126 W RootViewPicker: No activity currently resumed - waiting: 30000ms for one to appear.
09-07 04:46:18.288  1792  2272 E GnssHAL_GnssInterface: gnssSvStatusCb: a: input svInfo.flags is 8
09-07 04:46:18.288  1792  2272 E GnssHAL_GnssInterface: gnssSvStatusCb: b: input svInfo.flags is 8
09-07 04:46:19.288  1792  2272 E GnssHAL_GnssInterface: gnssSvStatusCb: a: input svInfo.flags is 8
09-07 04:46:19.288  1792  2272 E GnssHAL_GnssInterface: gnssSvStatusCb: b: input svInfo.flags is 8
09-07 04:46:20.288  1792  2272 E GnssHAL_GnssInterface: gnssSvStatusCb: a: input svInfo.flags is 8
09-07 04:46:20.288  1792  2272 E GnssHAL_GnssInterface: gnssSvStatusCb: b: input svInfo.flags is 8
09-07 04:46:20.392 29126 29170 V FA      : Inactivity, disconnecting from the service
09-07 04:46:21.288  1792  2272 E GnssHAL_GnssInterface: gnssSvStatusCb: a: input svInfo.flags is 8
09-07 04:46:21.288  1792  2272 E GnssHAL_GnssInterface: gnssSvStatusCb: b: input svInfo.flags is 8
09-07 04:46:22.287  1792  2272 E GnssHAL_GnssInterface: gnssSvStatusCb: a: input svInfo.flags is 8
09-07 04:46:22.288  1792  2272 E GnssHAL_GnssInterface: gnssSvStatusCb: b: input svInfo.flags is 8
09-07 04:46:23.287  1792  2272 E GnssHAL_GnssInterface: gnssSvStatusCb: a: input svInfo.flags is 8
09-07 04:46:23.287  1792  2272 E GnssHAL_GnssInterface: gnssSvStatusCb: b: input svInfo.flags is 8
09-07 04:46:24.205 29126 29249 I okhttp.OkHttpClient: <-- HTTP FAILED: java.net.SocketTimeoutException: timeout
09-07 04:46:24.209 29126 29126 W System.err: ru.iteco.fmhandroid.exceptions.ServerException
09-07 04:46:24.209 29126 29126 W System.err: 	at ru.iteco.fmhandroid.utils.Utils.makeRequest(Utils.kt:119)
09-07 04:46:24.209 29126 29126 W System.err: 	at ru.iteco.fmhandroid.utils.Utils$makeRequest$1.invokeSuspend(Unknown Source:15)
09-07 04:46:24.209 29126 29126 W System.err: 	at kotlin.coroutines.jvm.internal.BaseContinuationImpl.resumeWith(ContinuationImpl.kt:33)
09-07 04:46:24.210 29126 29126 W System.err: 	at kotlinx.coroutines.DispatchedTask.run(DispatchedTask.kt:104)
09-07 04:46:24.210 29126 29126 W System.err: 	at android.os.Handler.handleCallback(Handler.java:883)
09-07 04:46:24.210 29126 29126 W System.err: 	at android.os.Handler.dispatchMessage(Handler.java:100)
09-07 04:46:24.210 29126 29126 W System.err: 	at androidx.test.espresso.base.Interrogator.loopAndInterrogate(Interrogator.java:14)
09-07 04:46:24.210 29126 29126 W System.err: 	at androidx.test.espresso.base.UiControllerImpl.loopUntil(UiControllerImpl.java:8)
09-07 04:46:24.210 29126 29126 W System.err: 	at androidx.test.espresso.base.UiControllerImpl.loopUntil(UiControllerImpl.java:1)
09-07 04:46:24.210 29126 29126 W System.err: 	at androidx.test.espresso.base.UiControllerImpl.loopMainThreadForAtLeast(UiControllerImpl.java:7)
09-07 04:46:24.210 29126 29126 W System.err: 	at androidx.test.espresso.base.RootViewPicker.waitForAtLeastOneActivityToBeResumed(RootViewPicker.java:18)
09-07 04:46:24.210 29126 29126 W System.err: 	at androidx.test.espresso.base.RootViewPicker.get(RootViewPicker.java:3)
09-07 04:46:24.210 29126 29126 W System.err: 	at androidx.test.espresso.ViewInteractionModule.provideRootView(ViewInteractionModule.java:1)
09-07 04:46:24.210 29126 29126 W System.err: 	at androidx.test.espresso.ViewInteractionModule_ProvideRootViewFactory.provideRootView(ViewInteractionModule_ProvideRootViewFactory.java:1)
09-07 04:46:24.210 29126 29126 W System.err: 	at androidx.test.espresso.ViewInteractionModule_ProvideRootViewFactory.get(ViewInteractionModule_ProvideRootViewFactory.java:1)
09-07 04:46:24.211 29126 29126 W System.err: 	at androidx.test.espresso.ViewInteractionModule_ProvideRootViewFactory.get(ViewInteractionModule_ProvideRootViewFactory.java:2)
09-07 04:46:24.211 29126 29126 W System.err: 	at androidx.test.espresso.base.ViewFinderImpl.getView(ViewFinderImpl.java:4)
09-07 04:46:24.211 29126 29126 W System.err: 	at androidx.test.espresso.ViewInteraction.doPerform(ViewInteraction.java:4)
09-07 04:46:24.211 29126 29126 W System.err: 	at androidx.test.espresso.ViewInteraction.-$$Nest$mdoPerform(Unknown Source:0)
09-07 04:46:24.211 29126 29126 W System.err: 	at androidx.test.espresso.ViewInteraction$1.call(ViewInteraction.java:7)
09-07 04:46:24.211 29126 29126 W System.err: 	at androidx.test.espresso.ViewInteraction$1.call(ViewInteraction.java:1)
09-07 04:46:24.211 29126 29126 W System.err: 	at java.util.concurrent.FutureTask.run(FutureTask.java:266)
09-07 04:46:24.211 29126 29126 W System.err: 	at android.os.Handler.handleCallback(Handler.java:883)
09-07 04:46:24.212 29126 29126 W System.err: 	at android.os.Handler.dispatchMessage(Handler.java:100)
09-07 04:46:24.212 29126 29126 W System.err: 	at android.os.Looper.loop(Looper.java:214)
09-07 04:46:24.212 29126 29126 W System.err: 	at android.app.ActivityThread.main(ActivityThread.java:7356)
09-07 04:46:24.216 29126 29126 W System.err: 	at java.lang.reflect.Method.invoke(Native Method)
09-07 04:46:24.216 29126 29126 W System.err: 	at com.android.internal.os.RuntimeInit$MethodAndArgsCaller.run(RuntimeInit.java:492)
09-07 04:46:24.216 29126 29126 W System.err: 	at com.android.internal.os.ZygoteInit.main(ZygoteInit.java:930)
09-07 04:46:24.288  1792  2272 E GnssHAL_GnssInterface: gnssSvStatusCb: a: input svInfo.flags is 8
09-07 04:46:24.289  1792  2272 E GnssHAL_GnssInterface: gnssSvStatusCb: b: input svInfo.flags is 8
09-07 04:46:25.291  1792  2272 E GnssHAL_GnssInterface: gnssSvStatusCb: a: input svInfo.flags is 8
09-07 04:46:25.291  1792  2272 E GnssHAL_GnssInterface: gnssSvStatusCb: b: input svInfo.flags is 8
09-07 04:46:25.396  7867  7867 D BoundBrokerSvc: onUnbind: Intent { act=com.google.android.gms.measurement.START pkg=com.google.android.gms }
09-07 04:46:25.398  2037  2065 E memtrack: Couldn't load memtrack module
09-07 04:46:25.398  2037  2065 W android.os.Debug: failed to get memory consumption info: -1
09-07 04:46:25.400  2037  2065 E memtrack: Couldn't load memtrack module
09-07 04:46:25.400  2037  2065 W android.os.Debug: failed to get memory consumption info: -1
09-07 04:46:26.096  7867  7867 D BoundBrokerSvc: onUnbind: Intent { act=com.google.android.gms.inappreach.service.START dat=chimera-action: cmp=com.google.android.gms/.chimera.GmsApiService }
09-07 04:46:26.289  1792  2272 E GnssHAL_GnssInterface: gnssSvStatusCb: a: input svInfo.flags is 8
09-07 04:46:26.289  1792  2272 E GnssHAL_GnssInterface: gnssSvStatusCb: b: input svInfo.flags is 8
09-07 04:46:27.288  1792  2272 E GnssHAL_GnssInterface: gnssSvStatusCb: a: input svInfo.flags is 8
09-07 04:46:27.288  1792  2272 E GnssHAL_GnssInterface: gnssSvStatusCb: b: input svInfo.flags is 8
09-07 04:46:28.289  1792  2272 E GnssHAL_GnssInterface: gnssSvStatusCb: a: input svInfo.flags is 8
09-07 04:46:28.290  1792  2272 E GnssHAL_GnssInterface: gnssSvStatusCb: b: input svInfo.flags is 8
09-07 04:46:29.289  1792  2272 E GnssHAL_GnssInterface: gnssSvStatusCb: a: input svInfo.flags is 8
09-07 04:46:29.290  1792  2272 E GnssHAL_GnssInterface: gnssSvStatusCb: b: input svInfo.flags is 8
09-07 04:46:30.289  1792  2272 E GnssHAL_GnssInterface: gnssSvStatusCb: a: input svInfo.flags is 8
09-07 04:46:30.289  1792  2272 E GnssHAL_GnssInterface: gnssSvStatusCb: b: input svInfo.flags is 8
09-07 04:46:31.289  1792  2272 E GnssHAL_GnssInterface: gnssSvStatusCb: a: input svInfo.flags is 8
09-07 04:46:31.290  1792  2272 E GnssHAL_GnssInterface: gnssSvStatusCb: b: input svInfo.flags is 8
09-07 04:46:32.289  1792  2272 E GnssHAL_GnssInterface: gnssSvStatusCb: a: input svInfo.flags is 8
09-07 04:46:32.290  1792  2272 E GnssHAL_GnssInterface: gnssSvStatusCb: b: input svInfo.flags is 8
09-07 04:46:33.290  1792  2272 E GnssHAL_GnssInterface: gnssSvStatusCb: a: input svInfo.flags is 8
09-07 04:46:33.290  1792  2272 E GnssHAL_GnssInterface: gnssSvStatusCb: b: input svInfo.flags is 8
09-07 04:46:34.290  1792  2272 E GnssHAL_GnssInterface: gnssSvStatusCb: a: input svInfo.flags is 8
09-07 04:46:34.290  1792  2272 E GnssHAL_GnssInterface: gnssSvStatusCb: b: input svInfo.flags is 8
09-07 04:46:35.290  1792  2272 E GnssHAL_GnssInterface: gnssSvStatusCb: a: input svInfo.flags is 8
09-07 04:46:35.290  1792  2272 E GnssHAL_GnssInterface: gnssSvStatusCb: b: input svInfo.flags is 8
09-07 04:46:36.290  1792  2272 E GnssHAL_GnssInterface: gnssSvStatusCb: a: input svInfo.flags is 8
09-07 04:46:36.290  1792  2272 E GnssHAL_GnssInterface: gnssSvStatusCb: b: input svInfo.flags is 8
09-07 04:46:37.291  1792  2272 E GnssHAL_GnssInterface: gnssSvStatusCb: a: input svInfo.flags is 8
09-07 04:46:37.291  1792  2272 E GnssHAL_GnssInterface: gnssSvStatusCb: b: input svInfo.flags is 8
09-07 04:46:38.290  1792  2272 E GnssHAL_GnssInterface: gnssSvStatusCb: a: input svInfo.flags is 8
09-07 04:46:38.291  1792  2272 E GnssHAL_GnssInterface: gnssSvStatusCb: b: input svInfo.flags is 8
09-07 04:46:39.291  1792  2272 E GnssHAL_GnssInterface: gnssSvStatusCb: a: input svInfo.flags is 8
09-07 04:46:39.291  1792  2272 E GnssHAL_GnssInterface: gnssSvStatusCb: b: input svInfo.flags is 8
09-07 04:46:40.291  1792  2272 E GnssHAL_GnssInterface: gnssSvStatusCb: a: input svInfo.flags is 8
09-07 04:46:40.291  1792  2272 E GnssHAL_GnssInterface: gnssSvStatusCb: b: input svInfo.flags is 8
09-07 04:46:41.264  2037  5231 D ConnectivityService: requestNetwork for uid/pid:10113/29289 NetworkRequest [ TRACK_DEFAULT id=111, [ Capabilities: INTERNET&NOT_RESTRICTED&TRUSTED Uid: 10113] ]
09-07 04:46:41.266  2037  2143 D WifiNetworkFactory: got request NetworkRequest [ TRACK_DEFAULT id=111, [ Capabilities: INTERNET&NOT_RESTRICTED&TRUSTED Uid: 10113] ] with score 60 and serial -1
09-07 04:46:41.266  2037  2143 D UntrustedWifiNetworkFactory: got request NetworkRequest [ TRACK_DEFAULT id=111, [ Capabilities: INTERNET&NOT_RESTRICTED&TRUSTED Uid: 10113] ] with score 60 and serial -1
09-07 04:46:41.269  2279  2279 D PhoneSwitcherNetworkRequstListener: got request NetworkRequest [ TRACK_DEFAULT id=111, [ Capabilities: INTERNET&NOT_RESTRICTED&TRUSTED Uid: 10113] ] with score 60 and serial -1
09-07 04:46:41.289  1792  2272 E GnssHAL_GnssInterface: gnssSvStatusCb: a: input svInfo.flags is 8
09-07 04:46:41.290  1792  2272 E GnssHAL_GnssInterface: gnssSvStatusCb: b: input svInfo.flags is 8
09-07 04:46:42.291  1792  2272 E GnssHAL_GnssInterface: gnssSvStatusCb: a: input svInfo.flags is 8
09-07 04:46:42.292  1792  2272 E GnssHAL_GnssInterface: gnssSvStatusCb: b: input svInfo.flags is 8
09-07 04:46:43.291  1792  2272 E GnssHAL_GnssInterface: gnssSvStatusCb: a: input svInfo.flags is 8
09-07 04:46:43.292  1792  2272 E GnssHAL_GnssInterface: gnssSvStatusCb: b: input svInfo.flags is 8
09-07 04:46:44.125  2037  2065 E memtrack: Couldn't load memtrack module
09-07 04:46:44.125  2037  2065 W android.os.Debug: failed to get memory consumption info: -1
09-07 04:46:44.131  2037  2065 E memtrack: Couldn't load memtrack module
09-07 04:46:44.131  2037  2065 W android.os.Debug: failed to get memory consumption info: -1
09-07 04:46:44.134  2037  2065 E memtrack: Couldn't load memtrack module
09-07 04:46:44.134  2037  2065 W android.os.Debug: failed to get memory consumption info: -1
09-07 04:46:44.136  2037  2065 E memtrack: Couldn't load memtrack module
09-07 04:46:44.136  2037  2065 W android.os.Debug: failed to get memory consumption info: -1
09-07 04:46:44.290  1792  2272 E GnssHAL_GnssInterface: gnssSvStatusCb: a: input svInfo.flags is 8
09-07 04:46:44.290  1792  2272 E GnssHAL_GnssInterface: gnssSvStatusCb: b: input svInfo.flags is 8
09-07 04:46:45.291  1792  2272 E GnssHAL_GnssInterface: gnssSvStatusCb: a: input svInfo.flags is 8
09-07 04:46:45.291  1792  2272 E GnssHAL_GnssInterface: gnssSvStatusCb: b: input svInfo.flags is 8
09-07 04:46:46.291  1792  2272 E GnssHAL_GnssInterface: gnssSvStatusCb: a: input svInfo.flags is 8
09-07 04:46:46.291  1792  2272 E GnssHAL_GnssInterface: gnssSvStatusCb: b: input svInfo.flags is 8
09-07 04:46:47.291  1792  2272 E GnssHAL_GnssInterface: gnssSvStatusCb: a: input svInfo.flags is 8
09-07 04:46:47.292  1792  2272 E GnssHAL_GnssInterface: gnssSvStatusCb: b: input svInfo.flags is 8
09-07 04:46:47.959  1937  1937 E netmgr  : Failed to open QEMU pipe 'qemud:network': Invalid argument
09-07 04:46:48.006  1939  1939 E wifi_forwarder: RemoteConnection failed to initialize: RemoteConnection failed to open pipe
09-07 04:46:48.273 29126 29126 D takeScreenshot: Found 1 global views to redraw
09-07 04:46:48.290  1792  2272 E GnssHAL_GnssInterface: gnssSvStatusCb: a: input svInfo.flags is 8
09-07 04:46:48.290  1792  2272 E GnssHAL_GnssInterface: gnssSvStatusCb: b: input svInfo.flags is 8
09-07 04:46:49.291  1792  2272 E GnssHAL_GnssInterface: gnssSvStatusCb: a: input svInfo.flags is 8
09-07 04:46:49.291  1792  2272 E GnssHAL_GnssInterface: gnssSvStatusCb: b: input svInfo.flags is 8
09-07 04:46:50.291  1792  2272 E GnssHAL_GnssInterface: gnssSvStatusCb: a: input svInfo.flags is 8
09-07 04:46:50.291  1792  2272 E GnssHAL_GnssInterface: gnssSvStatusCb: b: input svInfo.flags is 8
09-07 04:46:51.291  1792  2272 E GnssHAL_GnssInterface: gnssSvStatusCb: a: input svInfo.flags is 8
09-07 04:46:51.291  1792  2272 E GnssHAL_GnssInterface: gnssSvStatusCb: b: input svInfo.flags is 8
09-07 04:46:52.292  1792  2272 E GnssHAL_GnssInterface: gnssSvStatusCb: a: input svInfo.flags is 8
09-07 04:46:52.292  1792  2272 E GnssHAL_GnssInterface: gnssSvStatusCb: b: input svInfo.flags is 8
09-07 04:46:53.278 29126 29168 W takeScreenshot: force redraw failed. Proceeding with screenshot
09-07 04:46:53.278 29126 29168 W takeScreenshot: java.util.concurrent.TimeoutException: Waited 5 seconds (plus 3195700 nanoseconds delay) for androidx.concurrent.futures.ResolvableFuture@bad36dc[status=PENDING, info=[setFuture=[androidx.test.core.app.ListFuture@99f93e5]]]
09-07 04:46:53.278 29126 29168 W takeScreenshot: 	at androidx.concurrent.futures.AbstractResolvableFuture.get(AbstractResolvableFuture.java:456)
09-07 04:46:53.278 29126 29168 W takeScreenshot: 	at androidx.test.core.app.DeviceCapture.takeScreenshotNoSync(DeviceCapture.kt:106)
09-07 04:46:53.278 29126 29168 W takeScreenshot: 	at androidx.test.espresso.base.DefaultFailureHandler.takeScreenshot(DefaultFailureHandler.java:3)
09-07 04:46:53.278 29126 29168 W takeScreenshot: 	at androidx.test.espresso.base.DefaultFailureHandler.handle(DefaultFailureHandler.java:3)
09-07 04:46:53.278 29126 29168 W takeScreenshot: 	at androidx.test.espresso.ViewInteraction.waitForAndHandleInteractionResults(ViewInteraction.java:8)
09-07 04:46:53.278 29126 29168 W takeScreenshot: 	at androidx.test.espresso.ViewInteraction.desugaredPerform(ViewInteraction.java:11)
09-07 04:46:53.278 29126 29168 W takeScreenshot: 	at androidx.test.espresso.ViewInteraction.perform(ViewInteraction.java:8)
09-07 04:46:53.278 29126 29168 W takeScreenshot: 	at ru.iteco.fmhandroid.ui.data.TestUtils.waitView(TestUtils.java:61)
09-07 04:46:53.278 29126 29168 W takeScreenshot: 	at ru.iteco.fmhandroid.ui.steps.AboutPageSteps.getHeaderPrivacyPolicyPage(AboutPageSteps.java:43)
09-07 04:46:53.278 29126 29168 W takeScreenshot: 	at ru.iteco.fmhandroid.ui.AboutPageTest.shouldOpenPrivacyPolicyDetailsPage(AboutPageTest.java:69)
09-07 04:46:53.278 29126 29168 W takeScreenshot: 	at java.lang.reflect.Method.invoke(Native Method)
09-07 04:46:53.278 29126 29168 W takeScreenshot: 	at org.junit.runners.model.FrameworkMethod$1.runReflectiveCall(FrameworkMethod.java:59)
09-07 04:46:53.278 29126 29168 W takeScreenshot: 	at org.junit.internal.runners.model.ReflectiveCallable.run(ReflectiveCallable.java:12)
09-07 04:46:53.278 29126 29168 W takeScreenshot: 	at org.junit.runners.model.FrameworkMethod.invokeExplosively(FrameworkMethod.java:56)
09-07 04:46:53.278 29126 29168 W takeScreenshot: 	at org.junit.internal.runners.statements.InvokeMethod.evaluate(InvokeMethod.java:17)
09-07 04:46:53.278 29126 29168 W takeScreenshot: 	at androidx.test.internal.runner.junit4.statement.RunBefores.evaluate(RunBefores.java:80)
09-07 04:46:53.278 29126 29168 W takeScreenshot: 	at io.qameta.allure.android.rules.ScreenshotRule$apply$1.evaluate(ScreenshotRule.kt:22)
09-07 04:46:53.278 29126 29168 W takeScreenshot: 	at org.junit.rules.ExternalResource$1.evaluate(ExternalResource.java:54)
09-07 04:46:53.278 29126 29168 W takeScreenshot: 	at io.qameta.allure.android.rules.LogcatRule$apply$1.evaluate(LogcatRule.kt:23)
09-07 04:46:53.278 29126 29168 W takeScreenshot: 	at org.junit.rules.RunRules.evaluate(RunRules.java:20)
09-07 04:46:53.278 29126 29168 W takeScreenshot: 	at org.junit.runners.ParentRunner$3.evaluate(ParentRunner.java:306)
09-07 04:46:53.278 29126 29168 W takeScreenshot: 	at org.junit.runners.BlockJUnit4ClassRunner$1.evaluate(BlockJUnit4ClassRunner.java:100)
09-07 04:46:53.278 29126 29168 W takeScreenshot: 	at org.junit.runners.ParentRunner.runLeaf(ParentRunner.java:366)
09-07 04:46:53.278 29126 29168 W takeScreenshot: 	at org.junit.runners.BlockJUnit4ClassRunner.runChild(BlockJUnit4ClassRunner.java:103)
09-07 04:46:53.278 29126 29168 W takeScreenshot: 	at org.junit.runners.BlockJUnit4ClassRunner.runChild(BlockJUnit4ClassRunner.java:63)
09-07 04:46:53.278 29126 29168 W takeScreenshot: 	at org.junit.runners.ParentRunner$4.run(ParentRunner.java:331)
09-07 04:46:53.278 29126 29168 W takeScreenshot: 	at org.junit.runners.ParentRunner$1.schedule(ParentRunner.java:79)
