--------- beginning of main
09-07 04:46:07.766 29126 29239 I okhttp.OkHttpClient: <-- 200 http://www.981757-ca08998.tmweb.ru:8080/fmh/authentication/userInfo (1782ms)
09-07 04:46:07.766 29126 29239 I okhttp.OkHttpClient: Vary: Origin
09-07 04:46:07.766 29126 29239 I okhttp.OkHttpClient: Vary: Access-Control-Request-Method
09-07 04:46:07.766 29126 29239 I okhttp.OkHttpClient: Vary: Access-Control-Request-Headers
09-07 04:46:07.766 29126 29239 I okhttp.OkHttpClient: X-Content-Type-Options: nosniff
09-07 04:46:07.766 29126 29239 I okhttp.OkHttpClient: X-XSS-Protection: 1; mode=block
09-07 04:46:07.766 29126 29239 I okhttp.OkHttpClient: Cache-Control: no-cache, no-store, max-age=0, must-revalidate
09-07 04:46:07.766 29126 29239 I okhttp.OkHttpClient: Pragma: no-cache
09-07 04:46:07.766 29126 29239 I okhttp.OkHttpClient: Expires: 0
09-07 04:46:07.766 29126 29239 I okhttp.OkHttpClient: X-Frame-Options: DENY
09-07 04:46:07.766 29126 29239 I okhttp.OkHttpClient: Content-Type: application/json
09-07 04:46:07.766 29126 29239 I okhttp.OkHttpClient: Transfer-Encoding: chunked
09-07 04:46:07.766 29126 29239 I okhttp.OkHttpClient: Date: Thu, 07 Sep 2023 04:46:08 GMT
09-07 04:46:07.766 29126 29239 I okhttp.OkHttpClient: Keep-Alive: timeout=60
09-07 04:46:07.766 29126 29239 I okhttp.OkHttpClient: Connection: keep-alive
09-07 04:46:07.770 29126 29239 I okhttp.OkHttpClient: {"id":1,"firstName":"Ivan","lastName":"Ivanov","middleName":"Ivanovich","admin":true}
09-07 04:46:07.770 29126 29239 I okhttp.OkHttpClient: <-- END HTTP (85-byte body)
09-07 04:46:07.806 29126 29249 I okhttp.OkHttpClient: --> GET http://www.981757-ca08998.tmweb.ru:8080/fmh/claims
09-07 04:46:07.806 29126 29249 I okhttp.OkHttpClient: --> END GET
09-07 04:46:08.172 29126 29219 D EGL_emulation: eglMakeCurrent: 0xe2258280: ver 2 0 (tinfo 0xe233aed0)
09-07 04:46:08.175  2182  2182 W View    : requestLayout() improperly called by com.android.keyguard.AlphaOptimizedLinearLayout{551c6d8 V.E...... ......ID 7,0-48,61 #7f0a041c app:id/wifi_group} during second layout pass: posting in next frame
09-07 04:46:08.179  1793  2554 D gralloc_ranchu: gralloc_alloc: Creating ashmem region of size 9850880
09-07 04:46:08.184  2182  2182 W View    : requestLayout() improperly called by StatusBarIconView(slot=mobile icon=null notification=null) during layout: running second layout pass
09-07 04:46:08.192 29126 29219 D EGL_emulation: eglMakeCurrent: 0xe2258280: ver 2 0 (tinfo 0xe233aed0)
09-07 04:46:08.196 29126 29170 V FA      : Inactivity, disconnecting from the service
09-07 04:46:08.287  1792  2272 E GnssHAL_GnssInterface: gnssSvStatusCb: a: input svInfo.flags is 8
09-07 04:46:08.287  1792  2272 E GnssHAL_GnssInterface: gnssSvStatusCb: b: input svInfo.flags is 8
09-07 04:46:08.391  1793  2554 D gralloc_ranchu: gralloc_alloc: Creating ashmem region of size 9850880
09-07 04:46:08.412  1793  2554 D gralloc_ranchu: gralloc_alloc: Creating ashmem region of size 9850880
09-07 04:46:08.761 29126 29126 I ViewInteraction: Checking 'MatchesViewAssertion{viewMatcher=(view has effective visibility <VISIBLE> and view.getGlobalVisibleRect() to return non-empty rectangle)}' assertion on view an instance of android.widget.TextView and view.getText() with or without transformation to match: is "News"
09-07 04:46:08.766 29126 29232 W teco.fmhandroi: Accessing hidden method Lsun/misc/Unsafe;->compareAndSwapObject(Ljava/lang/Object;JLjava/lang/Object;Ljava/lang/Object;)Z (greylist, linking, allowed)
09-07 04:46:08.786 29126 29126 I ViewInteraction: Performing 'wait for a specific view with <view.getId() is <2131230951>> during 10000 millis.' action on view view.getRootView() to equal view
09-07 04:46:08.791 29126 29168 W teco.fmhandroi: Accessing hidden method Lsun/misc/Unsafe;->compareAndSwapObject(Ljava/lang/Object;JLjava/lang/Object;Ljava/lang/Object;)Z (greylist, linking, allowed)
09-07 04:46:08.794 29126 29126 I ViewInteraction: Checking 'MatchesViewAssertion{viewMatcher=(view has effective visibility <VISIBLE> and view.getGlobalVisibleRect() to return non-empty rectangle)}' assertion on view view.getId() is <2131230951/ru.iteco.fmhandroid:id/container_list_news_include_on_fragment_main>
09-07 04:46:08.795 29126 29168 W teco.fmhandroi: Accessing hidden method Lsun/misc/Unsafe;->compareAndSwapObject(Ljava/lang/Object;JLjava/lang/Object;Ljava/lang/Object;)Z (greylist, linking, allowed)
09-07 04:46:08.798 29126 29126 I ViewInteraction: Performing 'wait for a specific view with <view.getId() is <2131230949>> during 10000 millis.' action on view view.getRootView() to equal view
09-07 04:46:08.800 29126 29168 W teco.fmhandroi: Accessing hidden method Lsun/misc/Unsafe;->compareAndSwapObject(Ljava/lang/Object;JLjava/lang/Object;Ljava/lang/Object;)Z (greylist, linking, allowed)
09-07 04:46:08.800 29126 29232 W teco.fmhandroi: Accessing hidden method Lsun/misc/Unsafe;->compareAndSwapObject(Ljava/lang/Object;JLjava/lang/Object;Ljava/lang/Object;)Z (greylist, linking, allowed)
09-07 04:46:08.803 29126 29126 I ViewInteraction: Checking 'MatchesViewAssertion{viewMatcher=(view has effective visibility <VISIBLE> and view.getGlobalVisibleRect() to return non-empty rectangle)}' assertion on view view.getId() is <2131230949/ru.iteco.fmhandroid:id/container_list_claim_include_on_fragment_main>
09-07 04:46:08.804 29126 29168 W teco.fmhandroi: Accessing hidden method Lsun/misc/Unsafe;->compareAndSwapObject(Ljava/lang/Object;JLjava/lang/Object;Ljava/lang/Object;)Z (greylist, linking, allowed)
09-07 04:46:08.807 29126 29126 I ViewInteraction: Performing 'wait for a specific view with <an instance of android.widget.TextView and view.getText() with or without transformation to match: is "Claims"> during 10000 millis.' action on view view.getRootView() to equal view
09-07 04:46:08.813 29126 29126 I ViewInteraction: Checking 'MatchesViewAssertion{viewMatcher=(view has effective visibility <VISIBLE> and view.getGlobalVisibleRect() to return non-empty rectangle)}' assertion on view an instance of android.widget.TextView and view.getText() with or without transformation to match: is "Claims"
09-07 04:46:08.814 29126 29168 W teco.fmhandroi: Accessing hidden method Lsun/misc/Unsafe;->compareAndSwapObject(Ljava/lang/Object;JLjava/lang/Object;Ljava/lang/Object;)Z (greylist, linking, allowed)
09-07 04:46:08.816 29126 29126 I ViewInteraction: Performing 'wait for a specific view with <view.getId() is <2131231123>> during 10000 millis.' action on view view.getRootView() to equal view
09-07 04:46:08.822 29126 29168 W teco.fmhandroi: Accessing hidden method Landroid/view/ViewConfiguration;->getDoubleTapMinTime()I (greylist, reflection, allowed)
09-07 04:46:08.824 29126 29168 W teco.fmhandroi: Accessing hidden method Lsun/misc/Unsafe;->compareAndSwapObject(Ljava/lang/Object;JLjava/lang/Object;Ljava/lang/Object;)Z (greylist, linking, allowed)
09-07 04:46:08.824 29126 29232 W teco.fmhandroi: Accessing hidden method Lsun/misc/Unsafe;->compareAndSwapObject(Ljava/lang/Object;JLjava/lang/Object;Ljava/lang/Object;)Z (greylist, linking, allowed)
09-07 04:46:08.827 29126 29126 I ViewInteraction: Performing 'single click' action on view view.getId() is <2131231123/ru.iteco.fmhandroid:id/main_menu_image_button>
09-07 04:46:08.875  1781  6116 W audio_hw_generic: Not supplying enough data to HAL, expected position 60220423 , only wrote 60220405
09-07 04:46:08.931  1793  2554 D gralloc_ranchu: gralloc_alloc: Creating ashmem region of size 2015232
09-07 04:46:08.943  1793  2554 I chatty  : uid=1000(system) HwBinder:1793_2 identical 1 line
09-07 04:46:08.945  1793  2554 D gralloc_ranchu: gralloc_alloc: Creating ashmem region of size 2015232
09-07 04:46:08.959 29126 29219 D EGL_emulation: eglMakeCurrent: 0xe2258280: ver 2 0 (tinfo 0xe233aed0)
09-07 04:46:09.015 29126 29219 I chatty  : uid=10136(ru.iteco.fmhandroid) RenderThread identical 3 lines
09-07 04:46:09.035 29126 29219 D EGL_emulation: eglMakeCurrent: 0xe2258280: ver 2 0 (tinfo 0xe233aed0)
09-07 04:46:09.238 29126 29168 W teco.fmhandroi: Accessing hidden method Lsun/misc/Unsafe;->compareAndSwapObject(Ljava/lang/Object;JLjava/lang/Object;Ljava/lang/Object;)Z (greylist, linking, allowed)
09-07 04:46:09.244 29126 29126 I ViewInteraction: Performing 'wait for a specific view with <an instance of android.widget.TextView and view.getText() with or without transformation to match: is "About"> during 10000 millis.' action on view view.getRootView() to equal view
09-07 04:46:09.249 29126 29126 I ViewInteraction: Performing 'single click' action on view an instance of android.widget.TextView and view.getText() with or without transformation to match: is "About"
09-07 04:46:09.285  1792  2272 E GnssHAL_GnssInterface: gnssSvStatusCb: a: input svInfo.flags is 8
09-07 04:46:09.285  1792  2272 E GnssHAL_GnssInterface: gnssSvStatusCb: b: input svInfo.flags is 8
09-07 04:46:09.427 29126 29219 D EGL_emulation: eglMakeCurrent: 0xe2258280: ver 2 0 (tinfo 0xe233aed0)
09-07 04:46:09.449 29126 29219 D EGL_emulation: eglMakeCurrent: 0xe2258280: ver 2 0 (tinfo 0xe233aed0)
09-07 04:46:09.528 29126 29168 W teco.fmhandroi: Accessing hidden method Lsun/misc/Unsafe;->compareAndSwapObject(Ljava/lang/Object;JLjava/lang/Object;Ljava/lang/Object;)Z (greylist, linking, allowed)
09-07 04:46:09.531 29126 29126 I ViewInteraction: Performing 'wait for a specific view with <view.getId() is <2131230735>> during 10000 millis.' action on view view.getRootView() to equal view
09-07 04:46:09.534 29126 29168 W teco.fmhandroi: Accessing hidden method Lsun/misc/Unsafe;->compareAndSwapObject(Ljava/lang/Object;JLjava/lang/Object;Ljava/lang/Object;)Z (greylist, linking, allowed)
09-07 04:46:09.535 29126 29232 W teco.fmhandroi: Accessing hidden method Lsun/misc/Unsafe;->compareAndSwapObject(Ljava/lang/Object;JLjava/lang/Object;Ljava/lang/Object;)Z (greylist, linking, allowed)
09-07 04:46:09.536 29126 29126 I ViewInteraction: Performing 'single click' action on view view.getId() is <2131230735/ru.iteco.fmhandroid:id/about_back_image_button>
09-07 04:46:10.052 29126 29168 W teco.fmhandroi: Accessing hidden method Lsun/misc/Unsafe;->compareAndSwapObject(Ljava/lang/Object;JLjava/lang/Object;Ljava/lang/Object;)Z (greylist, linking, allowed)
09-07 04:46:10.055 29126 29126 I ViewInteraction: Performing 'wait for a specific view with <an instance of android.widget.TextView and view.getText() with or without transformation to match: is "News"> during 10000 millis.' action on view view.getRootView() to equal view
09-07 04:46:10.059 29126 29126 I ViewInteraction: Checking 'MatchesViewAssertion{viewMatcher=(view has effective visibility <VISIBLE> and view.getGlobalVisibleRect() to return non-empty rectangle)}' assertion on view an instance of android.widget.TextView and view.getText() with or without transformation to match: is "News"
09-07 04:46:10.063 29126 29126 I ViewInteraction: Performing 'wait for a specific view with <view.getId() is <2131230951>> during 10000 millis.' action on view view.getRootView() to equal view
09-07 04:46:10.065 29126 29168 W teco.fmhandroi: Accessing hidden method Lsun/misc/Unsafe;->compareAndSwapObject(Ljava/lang/Object;JLjava/lang/Object;Ljava/lang/Object;)Z (greylist, linking, allowed)
09-07 04:46:10.065 29126 29232 W teco.fmhandroi: Accessing hidden method Lsun/misc/Unsafe;->compareAndSwapObject(Ljava/lang/Object;JLjava/lang/Object;Ljava/lang/Object;)Z (greylist, linking, allowed)
09-07 04:46:10.067 29126 29126 I ViewInteraction: Checking 'MatchesViewAssertion{viewMatcher=(view has effective visibility <VISIBLE> and view.getGlobalVisibleRect() to return non-empty rectangle)}' assertion on view view.getId() is <2131230951/ru.iteco.fmhandroid:id/container_list_news_include_on_fragment_main>
09-07 04:46:10.068 29126 29168 W teco.fmhandroi: Accessing hidden method Lsun/misc/Unsafe;->compareAndSwapObject(Ljava/lang/Object;JLjava/lang/Object;Ljava/lang/Object;)Z (greylist, linking, allowed)
09-07 04:46:10.068 29126 29232 W teco.fmhandroi: Accessing hidden method Lsun/misc/Unsafe;->compareAndSwapObject(Ljava/lang/Object;JLjava/lang/Object;Ljava/lang/Object;)Z (greylist, linking, allowed)
09-07 04:46:10.070 29126 29126 I ViewInteraction: Performing 'wait for a specific view with <view.getId() is <2131230949>> during 10000 millis.' action on view view.getRootView() to equal view
09-07 04:46:10.071 29126 29168 W teco.fmhandroi: Accessing hidden method Lsun/misc/Unsafe;->compareAndSwapObject(Ljava/lang/Object;JLjava/lang/Object;Ljava/lang/Object;)Z (greylist, linking, allowed)
09-07 04:46:10.072 29126 29126 I ViewInteraction: Checking 'MatchesViewAssertion{viewMatcher=(view has effective visibility <VISIBLE> and view.getGlobalVisibleRect() to return non-empty rectangle)}' assertion on view view.getId() is <2131230949/ru.iteco.fmhandroid:id/container_list_claim_include_on_fragment_main>
09-07 04:46:10.073 29126 29168 W teco.fmhandroi: Accessing hidden method Lsun/misc/Unsafe;->compareAndSwapObject(Ljava/lang/Object;JLjava/lang/Object;Ljava/lang/Object;)Z (greylist, linking, allowed)
09-07 04:46:10.074 29126 29126 I ViewInteraction: Performing 'wait for a specific view with <an instance of android.widget.TextView and view.getText() with or without transformation to match: is "Claims"> during 10000 millis.' action on view view.getRootView() to equal view
09-07 04:46:10.079 29126 29126 I ViewInteraction: Checking 'MatchesViewAssertion{viewMatcher=(view has effective visibility <VISIBLE> and view.getGlobalVisibleRect() to return non-empty rectangle)}' assertion on view an instance of android.widget.TextView and view.getText() with or without transformation to match: is "Claims"
--------- beginning of system
09-07 04:46:10.084  2037  4315 I ActivityTaskManager: START u0 {act=android.intent.action.MAIN cat=[android.intent.category.LAUNCHER] flg=0x10000000 cmp=ru.iteco.fmhandroid.test/androidx.test.core.app.InstrumentationActivityInvoker$EmptyActivity} from uid 10136
09-07 04:46:10.089 29126 29126 D LifecycleMonitor: Lifecycle status change: ru.iteco.fmhandroid.ui.AppActivity@e303cbf in: PAUSED
09-07 04:46:10.089 29126 29126 V ActivityScenario: Update currentActivityStage to PAUSED, currentActivity=ru.iteco.fmhandroid.ui.AppActivity@e303cbf
09-07 04:46:10.093  2037  4391 W InputReader: Device has associated, but no associated display id.
09-07 04:46:10.094  2037  4391 I chatty  : uid=1000(system) Binder:2037_13 identical 18 lines
09-07 04:46:10.094  2037  4391 W InputReader: Device has associated, but no associated display id.
09-07 04:46:10.094 29126 29170 V FA      : Recording user engagement, ms: 7136
09-07 04:46:10.094  2037  4391 W InputReader: Device has associated, but no associated display id.
09-07 04:46:10.096  2037  4391 I chatty  : uid=1000(system) Binder:2037_13 identical 28 lines
09-07 04:46:10.096  2037  4391 W InputReader: Device has associated, but no associated display id.
09-07 04:46:10.097 29182 29182 W ActivityThread: handleWindowVisibility: no activity for token android.os.BinderProxy@d6eec89
09-07 04:46:10.143 29126 29170 V FA      : Connecting to remote service
09-07 04:46:10.157 29182 29216 D HostConnection: HostConnection::get() New Host Connection established 0xda24c190, tid 29216
09-07 04:46:10.159 29182 29216 D HostConnection: HostComposition ext ANDROID_EMU_CHECKSUM_HELPER_v1 ANDROID_EMU_dma_v1 ANDROID_EMU_direct_mem ANDROID_EMU_vulkan ANDROID_EMU_deferred_vulkan_commands ANDROID_EMU_vulkan_null_optional_strings ANDROID_EMU_vulkan_create_resources_with_requirements ANDROID_EMU_YUV420_888_to_NV21 ANDROID_EMU_YUV_Cache ANDROID_EMU_vulkan_free_memory_sync ANDROID_EMU_vulkan_shader_float16_int8 ANDROID_EMU_vulkan_async_queue_submit ANDROID_EMU_sync_buffer_data GL_OES_vertex_array_object GL_KHR_texture_compression_astc_ldr ANDROID_EMU_host_side_tracing ANDROID_EMU_gles_max_version_2 
09-07 04:46:10.160 29182 29216 W OpenGLRenderer: Failed to choose config with EGL_SWAP_BEHAVIOR_PRESERVED, retrying without...
09-07 04:46:10.161 29126 29170 V FA      : Connection attempt already in progress
09-07 04:46:10.161 29126 29170 V FA      : Activity paused, time: 4893986
09-07 04:46:10.164 29126 29170 D FA      : Connected to remote service
09-07 04:46:10.165 29126 29170 V FA      : Processing queued up service tasks: 2
09-07 04:46:10.175 29182 29216 D eglCodecCommon: setVertexArrayObject: set vao to 0 (0) 0 0
09-07 04:46:10.175 29182 29216 D EGL_emulation: eglCreateContext: 0xda21a3c0: maj 2 min 0 rcv 2
09-07 04:46:10.200  7867 29173 V FA-SVC  : Logging event: origin=auto,name=user_engagement(_e),params=Bundle[{ga_event_origin(_o)=auto, engagement_time_msec(_et)=7136, ga_screen_class(_sc)=AppActivity, ga_screen_id(_si)=-4651013091003756151}]
09-07 04:46:10.202 29182 29216 D EGL_emulation: eglMakeCurrent: 0xda21a3c0: ver 2 0 (tinfo 0xda20f660)
09-07 04:46:10.214  1793  2554 D gralloc_ranchu: gralloc_alloc: Creating ashmem region of size 9850880
09-07 04:46:10.218  7867 29173 V FA-SVC  : Upload scheduled in approximately ms: 2469081
09-07 04:46:10.218  1678  1678 I hwservicemanager: getTransport: Cannot find entry android.hardware.graphics.mapper@3.0::IMapper/default in either framework or device manifest.
09-07 04:46:10.218  7867 29173 V FA-SVC  : Unscheduling upload
09-07 04:46:10.218 29182 29216 W Gralloc3: mapper 3.x is not supported
09-07 04:46:10.219 29126 29139 I teco.fmhandroi: Background concurrent copying GC freed 26134(1124KB) AllocSpace objects, 0(0B) LOS objects, 34% free, 11MB/17MB, paused 1.677ms total 146.667ms
09-07 04:46:10.219 29182 29216 D HostConnection: createUnique: call
09-07 04:46:10.219 29182 29216 D HostConnection: HostConnection::get() New Host Connection established 0xda24c410, tid 29216
09-07 04:46:10.221 29182 29216 D HostConnection: HostComposition ext ANDROID_EMU_CHECKSUM_HELPER_v1 ANDROID_EMU_dma_v1 ANDROID_EMU_direct_mem ANDROID_EMU_vulkan ANDROID_EMU_deferred_vulkan_commands ANDROID_EMU_vulkan_null_optional_strings ANDROID_EMU_vulkan_create_resources_with_requirements ANDROID_EMU_YUV420_888_to_NV21 ANDROID_EMU_YUV_Cache ANDROID_EMU_vulkan_free_memory_sync ANDROID_EMU_vulkan_shader_float16_int8 ANDROID_EMU_vulkan_async_queue_submit ANDROID_EMU_sync_buffer_data GL_OES_vertex_array_object GL_KHR_texture_compression_astc_ldr ANDROID_EMU_host_side_tracing ANDROID_EMU_gles_max_version_2 
09-07 04:46:10.221 29182 29216 D eglCodecCommon: allocate: Ask for block of size 0x1000
09-07 04:46:10.221 29182 29216 D eglCodecCommon: allocate: ioctl allocate returned offset 0x3ffff6000 size 0x2000
09-07 04:46:10.223  7867 29173 V FA-SVC  : Scheduling upload, millis: 2469081
09-07 04:46:10.223  1793  2554 D gralloc_ranchu: gralloc_alloc: Creating ashmem region of size 9850880
09-07 04:46:10.225  7867 29173 V FA-SVC  : Background event processing time, ms: 26
09-07 04:46:10.227 29182 29216 D EGL_emulation: eglMakeCurrent: 0xda21a3c0: ver 2 0 (tinfo 0xda20f660)
09-07 04:46:10.231 29182 29216 D eglCodecCommon: setVertexArrayObject: set vao to 0 (0) 1 0
09-07 04:46:10.239  1793  2554 D gralloc_ranchu: gralloc_alloc: Creating ashmem region of size 9850880
09-07 04:46:10.285  1792  2272 E GnssHAL_GnssInterface: gnssSvStatusCb: a: input svInfo.flags is 8
09-07 04:46:10.285  1792  2272 E GnssHAL_GnssInterface: gnssSvStatusCb: b: input svInfo.flags is 8
09-07 04:46:10.327  2037  2310 W InputReader: Device has associated, but no associated display id.
09-07 04:46:10.330  2037  2310 I chatty  : uid=1000(system) Binder:2037_5 identical 48 lines
09-07 04:46:10.330  2037  2310 W InputReader: Device has associated, but no associated display id.
09-07 04:46:10.338 29182 29182 W ActivityThread: handleWindowVisibility: no activity for token android.os.BinderProxy@ee74d3e
09-07 04:46:10.135  2037  4315 I ActivityTaskManager: START u0 {act=android.intent.action.MAIN cat=[android.intent.category.LAUNCHER] flg=0x10000000 cmp=ru.iteco.fmhandroid.test/androidx.test.core.app.InstrumentationActivityInvoker$EmptyActivity} from uid 10136
09-07 04:46:10.357  2037  2310 W ActivityTaskManager: Duplicate finish request for ActivityRecord{1fa5c53 u0 ru.iteco.fmhandroid/.ui.AppActivity t813 f}
09-07 04:46:10.379  1793  2554 D gralloc_ranchu: gralloc_alloc: Creating ashmem region of size 9850880
09-07 04:46:10.384  1793  2554 I chatty  : uid=1000(system) HwBinder:1793_2 identical 1 line
09-07 04:46:10.385  1793  2554 D gralloc_ranchu: gralloc_alloc: Creating ashmem region of size 9850880
09-07 04:46:10.387 29182 29216 D EGL_emulation: eglMakeCurrent: 0xda21a3c0: ver 2 0 (tinfo 0xda20f660)
09-07 04:46:10.411  2037  2061 W InputReader: Device has associated, but no associated display id.
09-07 04:46:10.412  2037  2061 I chatty  : uid=1000(system) android.anim identical 18 lines
09-07 04:46:10.412  2037  2061 W InputReader: Device has associated, but no associated display id.
09-07 04:46:10.418  2037  2065 I ActivityTaskManager: Displayed ru.iteco.fmhandroid.test/androidx.test.core.app.InstrumentationActivityInvoker$EmptyActivity: +238ms
09-07 04:46:10.421  2037  4391 W InputReader: Device has associated, but no associated display id.
09-07 04:46:10.421  2037  4391 I chatty  : uid=1000(system) Binder:2037_13 identical 8 lines
09-07 04:46:10.421  2037  4391 W InputReader: Device has associated, but no associated display id.
09-07 04:46:10.438 29126 29219 D EGL_emulation: eglMakeCurrent: 0xe2258280: ver 2 0 (tinfo 0xe233aed0)
09-07 04:46:10.447  2037  4315 W InputReader: Device has associated, but no associated display id.
09-07 04:46:10.447  2037  4315 I chatty  : uid=1000(system) Binder:2037_11 identical 8 lines
09-07 04:46:10.447  2037  4315 W InputReader: Device has associated, but no associated display id.
09-07 04:46:10.457 29126 29126 D LifecycleMonitor: Lifecycle status change: ru.iteco.fmhandroid.ui.AppActivity@e303cbf in: STOPPED
09-07 04:46:10.457 29126 29126 V ActivityScenario: Update currentActivityStage to STOPPED, currentActivity=ru.iteco.fmhandroid.ui.AppActivity@e303cbf
09-07 04:46:10.463  1823  1823 W SurfaceFlinger: couldn't log to binary event log: overflow.
09-07 04:46:10.475 29126 29126 W System.err: ru.iteco.fmhandroid.exceptions.UnknownException
09-07 04:46:10.477 29126 29249 I okhttp.OkHttpClient: <-- HTTP FAILED: java.net.SocketException: Socket closed
09-07 04:46:10.477 29126 29126 W System.err: 	at ru.iteco.fmhandroid.utils.Utils.makeRequest(Utils.kt:123)
09-07 04:46:10.477 29126 29126 W System.err: 	at ru.iteco.fmhandroid.utils.Utils$makeRequest$1.invokeSuspend(Unknown Source:15)
09-07 04:46:10.477 29126 29126 W System.err: 	at kotlin.coroutines.jvm.internal.BaseContinuationImpl.resumeWith(ContinuationImpl.kt:33)
09-07 04:46:10.477 29126 29126 W System.err: 	at kotlinx.coroutines.DispatchedTaskKt.resume(DispatchedTask.kt:234)
09-07 04:46:10.477 29126 29126 W System.err: 	at kotlinx.coroutines.DispatchedTaskKt.resumeUnconfined(DispatchedTask.kt:190)
09-07 04:46:10.477 29126 29126 W System.err: 	at kotlinx.coroutines.DispatchedTaskKt.dispatch(DispatchedTask.kt:161)
09-07 04:46:10.477 29126 29126 W System.err: 	at kotlinx.coroutines.CancellableContinuationImpl.dispatchResume(CancellableContinuationImpl.kt:397)
09-07 04:46:10.477 29126 29126 W System.err: 	at kotlinx.coroutines.CancellableContinuationImpl.cancel(CancellableContinuationImpl.kt:183)
09-07 04:46:10.477 29126 29126 W System.err: 	at kotlinx.coroutines.CancellableContinuationImpl.parentCancelled$kotlinx_coroutines_core(CancellableContinuationImpl.kt:190)
09-07 04:46:10.477 29126 29126 W System.err: 	at kotlinx.coroutines.ChildContinuation.invoke(JobSupport.kt:1474)
09-07 04:46:10.478 29126 29126 W System.err: 	at kotlinx.coroutines.JobSupport.notifyCancelling(JobSupport.kt:1499)
09-07 04:46:10.479 29126 29126 W System.err: 	at kotlinx.coroutines.JobSupport.tryMakeCancelling(JobSupport.kt:795)
09-07 04:46:10.479 29126 29126 W System.err: 	at kotlinx.coroutines.JobSupport.makeCancelling(JobSupport.kt:755)
09-07 04:46:10.479 29126 29126 W System.err: 	at kotlinx.coroutines.JobSupport.cancelImpl$kotlinx_coroutines_core(JobSupport.kt:671)
09-07 04:46:10.479 29126 29126 W System.err: 	at kotlinx.coroutines.JobSupport.parentCancelled(JobSupport.kt:637)
09-07 04:46:10.479 29126 29126 W System.err: 	at kotlinx.coroutines.ChildHandleNode.invoke(JobSupport.kt:1465)
09-07 04:46:10.480 29126 29126 W System.err: 	at kotlinx.coroutines.JobSupport.notifyCancelling(JobSupport.kt:1499)
09-07 04:46:10.480 29126 29126 W System.err: 	at kotlinx.coroutines.JobSupport.tryMakeCompletingSlowPath(JobSupport.kt:900)
09-07 04:46:10.480 29126 29126 W System.err: 	at kotlinx.coroutines.JobSupport.tryMakeCompleting(JobSupport.kt:863)
09-07 04:46:10.480 29126 29126 W System.err: 	at kotlinx.coroutines.JobSupport.cancelMakeCompleting(JobSupport.kt:696)
09-07 04:46:10.480 29126 29126 W System.err: 	at kotlinx.coroutines.JobSupport.cancelImpl$kotlinx_coroutines_core(JobSupport.kt:667)
09-07 04:46:10.480 29126 29126 W System.err: 	at kotlinx.coroutines.JobSupport.cancelInternal(JobSupport.kt:632)
09-07 04:46:10.480 29126 29126 W System.err: 	at kotlinx.coroutines.JobSupport.cancel(JobSupport.kt:617)
09-07 04:46:10.480 29126 29126 W System.err: 	at kotlinx.coroutines.JobKt__JobKt.cancel(Job.kt:561)
09-07 04:46:10.480 29126 29126 W System.err: 	at kotlinx.coroutines.JobKt.cancel(Unknown Source:1)
09-07 04:46:10.480 29126 29126 W System.err: 	at kotlinx.coroutines.JobKt__JobKt.cancel$default(Job.kt:560)
09-07 04:46:10.480 29126 29126 W System.err: 	at kotlinx.coroutines.JobKt.cancel$default(Unknown Source:1)
09-07 04:46:10.480 29126 29126 W System.err: 	at androidx.lifecycle.CloseableCoroutineScope.close(ViewModel.kt:51)
09-07 04:46:10.480 29126 29126 W System.err: 	at androidx.lifecycle.ViewModel.closeWithRuntimeException(ViewModel.java:188)
09-07 04:46:10.481 29126 29126 W System.err: 	at androidx.lifecycle.ViewModel.clear(ViewModel.java:134)
09-07 04:46:10.482 29126 29126 W System.err: 	at androidx.lifecycle.ViewModelStore.clear(ViewModelStore.java:62)
09-07 04:46:10.482 29126 29126 W System.err: 	at androidx.fragment.app.FragmentManagerViewModel.clearNonConfigStateInternal(FragmentManagerViewModel.java:210)
09-07 04:46:10.482 29126 29126 W System.err: 	at androidx.fragment.app.FragmentManagerViewModel.clearNonConfigState(FragmentManagerViewModel.java:190)
09-07 04:46:10.482 29126 29126 W System.err: 	at androidx.fragment.app.FragmentStateManager.destroy(FragmentStateManager.java:778)
09-07 04:46:10.482 29126 29126 W System.err: 	at androidx.fragment.app.FragmentStateManager.moveToExpectedState(FragmentStateManager.java:335)
09-07 04:46:10.482 29126 29126 W System.err: 	at androidx.fragment.app.FragmentStore.moveToExpectedState(FragmentStore.java:113)
09-07 04:46:10.482 29126 29126 W System.err: 	at androidx.fragment.app.FragmentManager.moveToState(FragmentManager.java:1374)
09-07 04:46:10.482 29126 29126 W System.err: 	at androidx.fragment.app.FragmentManager.dispatchStateChange(FragmentManager.java:2841)
09-07 04:46:10.482 29126 29126 W System.err: 	at androidx.fragment.app.FragmentManager.dispatchDestroy(FragmentManager.java:2820)
09-07 04:46:10.483 29126 29126 W System.err: 	at androidx.fragment.app.Fragment.performDestroy(Fragment.java:3246)
09-07 04:46:10.483 29126 29126 W System.err: 	at androidx.fragment.app.FragmentStateManager.destroy(FragmentStateManager.java:780)
09-07 04:46:10.483 29126 29126 W System.err: 	at androidx.fragment.app.FragmentStateManager.moveToExpectedState(FragmentStateManager.java:335)
09-07 04:46:10.483 29126 29126 W System.err: 	at androidx.fragment.app.SpecialEffectsController$FragmentStateManagerOperation.complete(SpecialEffectsController.java:771)
09-07 04:46:10.483 29126 29126 W System.err: 	at androidx.fragment.app.SpecialEffectsController$Operation.cancel(SpecialEffectsController.java:615)
09-07 04:46:10.483 29126 29126 W System.err: 	at androidx.fragment.app.SpecialEffectsController.forceCompleteAllOperations(SpecialEffectsController.java:350)
09-07 04:46:10.483 29126 29126 W System.err: 	at androidx.fragment.app.FragmentManager.dispatchStateChange(FragmentManager.java:2844)
09-07 04:46:10.483 29126 29126 W System.err: 	at androidx.fragment.app.FragmentManager.dispatchDestroy(FragmentManager.java:2820)
09-07 04:46:10.483 29126 29126 W System.err: 	at androidx.fragment.app.FragmentController.dispatchDestroy(FragmentController.java:345)
09-07 04:46:10.483 29126 29126 W System.err: 	at androidx.fragment.app.FragmentActivity.onDestroy(FragmentActivity.java:306)
09-07 04:46:10.484 29126 29126 W System.err: 	at androidx.appcompat.app.AppCompatActivity.onDestroy(AppCompatActivity.java:278)
09-07 04:46:10.484 29126 29126 W System.err: 	at android.app.Activity.performDestroy(Activity.java:8048)
09-07 04:46:10.484 29126 29126 W System.err: 	at android.app.Instrumentation.callActivityOnDestroy(Instrumentation.java:1334)
09-07 04:46:10.484 29126 29126 W System.err: 	at androidx.test.runner.MonitoringInstrumentation.callActivityOnDestroy(MonitoringInstrumentation.java:766)
09-07 04:46:10.484 29126 29126 W System.err: 	at android.app.ActivityThread.performDestroyActivity(ActivityThread.java:4926)
09-07 04:46:10.484 29126 29126 W System.err: 	at android.app.ActivityThread.handleDestroyActivity(ActivityThread.java:4970)
09-07 04:46:10.484 29126 29126 W System.err: 	at android.app.servertransaction.DestroyActivityItem.execute(DestroyActivityItem.java:44)
09-07 04:46:10.484 29126 29126 W System.err: 	at android.app.servertransaction.TransactionExecutor.executeLifecycleState(TransactionExecutor.java:176)
09-07 04:46:10.484 29126 29126 W System.err: 	at android.app.servertransaction.TransactionExecutor.execute(TransactionExecutor.java:97)
09-07 04:46:10.484 29126 29126 W System.err: 	at android.app.ActivityThread$H.handleMessage(ActivityThread.java:2016)
09-07 04:46:10.484 29126 29126 W System.err: 	at android.os.Handler.dispatchMessage(Handler.java:107)
09-07 04:46:10.484 29126 29126 W System.err: 	at android.os.Looper.loop(Looper.java:214)
09-07 04:46:10.484 29126 29126 W System.err: 	at android.app.ActivityThread.main(ActivityThread.java:7356)
09-07 04:46:10.484 29126 29126 W System.err: 	at java.lang.reflect.Method.invoke(Native Method)
09-07 04:46:10.484 29126 29126 W System.err: 	at com.android.internal.os.RuntimeInit$MethodAndArgsCaller.run(RuntimeInit.java:492)
09-07 04:46:10.484 29126 29126 W System.err: 	at com.android.internal.os.ZygoteInit.main(ZygoteInit.java:930)
09-07 04:46:10.485  1793  2554 D gralloc_ranchu: gralloc_alloc: Creating ashmem region of size 9850880
09-07 04:46:10.485  2037  2037 W ActivityManager: Unable to start service Intent { act=android.service.appprediction.AppPredictionService cmp=com.google.android.as/com.google.android.apps.miphone.aiai.app.AiAiPredictionService } U=0: not found
09-07 04:46:10.485  2037  2037 W RemoteAppPredictionService: could not bind to Intent { act=android.service.appprediction.AppPredictionService cmp=com.google.android.as/com.google.android.apps.miphone.aiai.app.AiAiPredictionService } using flags 67108865
09-07 04:46:10.496 29126 29126 D LifecycleMonitor: Lifecycle status change: ru.iteco.fmhandroid.ui.AppActivity@e303cbf in: DESTROYED
09-07 04:46:10.496 29126 29126 V ActivityScenario: Update currentActivityStage to DESTROYED, currentActivity=null
09-07 04:46:10.501  1793  2554 D gralloc_ranchu: gralloc_alloc: Creating ashmem region of size 9850880
09-07 04:46:10.506  1793  2554 D gralloc_ranchu: gralloc_alloc: Creating ashmem region of size 9850880
09-07 04:46:10.511 29126 29168 I TestRunner: finished: shouldGoBackBut(ru.iteco.fmhandroid.ui.AboutPageTest)
09-07 04:46:10.514  2666  3068 D EGL_emulation: eglMakeCurrent: 0xda21b0e0: ver 2 0 (tinfo 0xda20fbb0)
09-07 04:46:10.524  1793 14098 D gralloc_ranchu: gralloc_alloc: Creating ashmem region of size 9850880
09-07 04:46:10.528  1793  2554 D gralloc_ranchu: gralloc_alloc: Creating ashmem region of size 9850880
09-07 04:46:10.529  2434  2714 D EGL_emulation: eglMakeCurrent: 0xed453b60: ver 2 0 (tinfo 0xe233a960)
09-07 04:46:10.543  1793  2554 D gralloc_ranchu: gralloc_alloc: Creating ashmem region of size 9850880
09-07 04:46:10.566  2666  2666 I dnsi    : onStart
09-07 04:46:10.568  2666  2666 I dnsi    : onResume
09-07 04:46:10.574  2037  2061 W InputReader: Device has associated, but no associated display id.
09-07 04:46:10.575  2037  2061 I chatty  : uid=1000(system) android.anim identical 8 lines
09-07 04:46:10.575  2037  2061 W InputReader: Device has associated, but no associated display id.
09-07 04:46:10.581  1793  2554 D gralloc_ranchu: gralloc_alloc: Creating ashmem region of size 6307840
09-07 04:46:10.596  2182  2468 D EGL_emulation: eglMakeCurrent: 0xda21a360: ver 2 0 (tinfo 0xda20f590)
09-07 04:46:10.598  2182  2182 W View    : requestLayout() improperly called by com.android.keyguard.AlphaOptimizedLinearLayout{551c6d8 V.E...... ......ID 7,0-48,61 #7f0a041c app:id/wifi_group} during second layout pass: posting in next frame
09-07 04:46:10.614  2182  2182 W View    : requestLayout() improperly called by StatusBarIconView(slot=mobile icon=null notification=null) during layout: running second layout pass
09-07 04:46:10.616  2182  2468 D EGL_emulation: eglMakeCurrent: 0xda21a360: ver 2 0 (tinfo 0xda20f590)
09-07 04:46:10.621 29182 29216 D EGL_emulation: eglMakeCurrent: 0xda21a3c0: ver 2 0 (tinfo 0xda20f660)
09-07 04:46:10.625  2037  5599 D HostConnection: HostConnection::get() New Host Connection established 0xda23f020, tid 5599
09-07 04:46:10.632  1823  1823 E Layer   : [Surface(name=AppWindowToken{c08faf1 token=Token{86e298 ActivityRecord{388947b u0 ru.iteco.fmhandroid.test/androidx.test.core.app.InstrumentationActivityInvoker$EmptyActivity t813}}})/@0xbfb61e0 - animation-leash#0] No local sync point found
09-07 04:46:10.632  1823  1823 E Layer   : [Surface(name=AppWindowToken{459e199 token=Token{b961ae0 ActivityRecord{53be0e3 u0 com.google.android.apps.nexuslauncher/.NexusLauncherActivity t652}}})/@0xafc1306 - animation-leash#0] No local sync point found
09-07 04:46:10.647  2037  5599 D HostConnection: HostComposition ext ANDROID_EMU_CHECKSUM_HELPER_v1 ANDROID_EMU_dma_v1 ANDROID_EMU_direct_mem ANDROID_EMU_vulkan ANDROID_EMU_deferred_vulkan_commands ANDROID_EMU_vulkan_null_optional_strings ANDROID_EMU_vulkan_create_resources_with_requirements ANDROID_EMU_YUV420_888_to_NV21 ANDROID_EMU_YUV_Cache ANDROID_EMU_vulkan_free_memory_sync ANDROID_EMU_vulkan_shader_float16_int8 ANDROID_EMU_vulkan_async_queue_submit ANDROID_EMU_sync_buffer_data GL_OES_vertex_array_object GL_KHR_texture_compression_astc_ldr ANDROID_EMU_host_side_tracing ANDROID_EMU_gles_max_version_2 
09-07 04:46:10.655  2037  5599 W OpenGLRenderer: Failed to choose config with EGL_SWAP_BEHAVIOR_PRESERVED, retrying without...
09-07 04:46:10.660  2434  2453 W System  : A resource failed to call release. 
09-07 04:46:10.660  2434  2453 W System  : A resource failed to call release. 
09-07 04:46:10.673  2037  5599 D eglCodecCommon: setVertexArrayObject: set vao to 0 (0) 0 0
09-07 04:46:10.673  2037  5599 D EGL_emulation: eglCreateContext: 0xa7a623a0: maj 2 min 0 rcv 2
09-07 04:46:10.699  2182  2468 D EGL_emulation: eglMakeCurrent: 0xda21a360: ver 2 0 (tinfo 0xda20f590)
09-07 04:46:10.707 29126 29168 I TestRunner: started: shouldOpenPrivacyPolicyDetailsPage(ru.iteco.fmhandroid.ui.AboutPageTest)
09-07 04:46:10.708  2182  2182 W View    : requestLayout() improperly called by com.android.keyguard.AlphaOptimizedLinearLayout{551c6d8 V.E...... ......ID 7,0-48,61 #7f0a041c app:id/wifi_group} during second layout pass: posting in next frame
09-07 04:46:10.712  2037  5599 D EGL_emulation: eglMakeCurrent: 0xa7a623a0: ver 2 0 (tinfo 0xba668ca0)
09-07 04:46:10.725  1823  1823 W SurfaceFlinger: couldn't log to binary event log: overflow.
09-07 04:46:10.725  2182  2182 W View    : requestLayout() improperly called by StatusBarIconView(slot=mobile icon=null notification=null) during layout: running second layout pass
09-07 04:46:10.731  2182  2468 D EGL_emulation: eglMakeCurrent: 0xda21a360: ver 2 0 (tinfo 0xda20f590)
09-07 04:46:10.735 29126 29168 W Settings: Setting always_finish_activities has moved from android.provider.Settings.System to android.provider.Settings.Global, returning read-only value.
09-07 04:46:10.741  2037  5599 D eglCodecCommon: setVertexArrayObject: set vao to 0 (0) 1 0
09-07 04:46:10.741  2037  4315 I ActivityTaskManager: START u0 {act=android.intent.action.MAIN cat=[android.intent.category.LAUNCHER] flg=0x10008000 cmp=ru.iteco.fmhandroid.test/androidx.test.core.app.InstrumentationActivityInvoker$BootstrapActivity (has extras)} from uid 10136
09-07 04:46:10.767  2037  4497 W InputReader: Device has associated, but no associated display id.
09-07 04:46:10.769  2037  4497 I chatty  : uid=1000(system) Binder:2037_14 identical 28 lines
09-07 04:46:10.769  2037  4497 W InputReader: Device has associated, but no associated display id.
09-07 04:46:10.770 29182 29182 W ActivityThread: handleWindowVisibility: no activity for token android.os.BinderProxy@7296369
09-07 04:46:10.772  2037  4497 W InputReader: Device has associated, but no associated display id.
09-07 04:46:10.772  2037  4497 I chatty  : uid=1000(system) Binder:2037_14 identical 8 lines
09-07 04:46:10.772  2037  4497 W InputReader: Device has associated, but no associated display id.
09-07 04:46:10.785  1793  2554 D gralloc_ranchu: gralloc_alloc: Creating ashmem region of size 9850880
09-07 04:46:10.800  2037  4315 I ActivityTaskManager: START u0 {act=android.intent.action.MAIN cat=[android.intent.category.LAUNCHER] cmp=ru.iteco.fmhandroid/.ui.AppActivity} from uid 10136
09-07 04:46:10.806  2037  4315 W InputReader: Device has associated, but no associated display id.
09-07 04:46:10.808  2037  4315 I chatty  : uid=1000(system) Binder:2037_11 identical 48 lines
09-07 04:46:10.808  2037  4315 W InputReader: Device has associated, but no associated display id.
09-07 04:46:10.809 29126 29126 W ActivityThread: handleWindowVisibility: no activity for token android.os.BinderProxy@f0c9559
09-07 04:46:10.820 29126 29126 D LifecycleMonitor: Lifecycle status change: ru.iteco.fmhandroid.ui.AppActivity@2682e15 in: PRE_ON_CREATE
09-07 04:46:10.825 29126 29126 V ActivityScenario: Activity lifecycle changed event received but ignored because the reported transition was not ON_CREATE while the last known transition was PRE_ON_CREATE
09-07 04:46:10.835 29126 29160 V FA      : onActivityCreated
09-07 04:46:10.837  2037  2061 W InputReader: Device has associated, but no associated display id.
09-07 04:46:10.837  2037  2061 I chatty  : uid=1000(system) android.anim identical 8 lines
09-07 04:46:10.837  2037  2061 W InputReader: Device has associated, but no associated display id.
09-07 04:46:10.858  2666  3068 D EGL_emulation: eglMakeCurrent: 0xda21b0e0: ver 2 0 (tinfo 0xda20fbb0)
09-07 04:46:10.860  2182  2468 D EGL_emulation: eglMakeCurrent: 0xda21a360: ver 2 0 (tinfo 0xda20f590)
09-07 04:46:10.863 29126 29126 D LifecycleMonitor: Lifecycle status change: ru.iteco.fmhandroid.ui.AppActivity@2682e15 in: CREATED
09-07 04:46:10.864 29126 29126 V ActivityScenario: Update currentActivityStage to CREATED, currentActivity=ru.iteco.fmhandroid.ui.AppActivity@2682e15
09-07 04:46:10.866  2182  2182 W View    : requestLayout() improperly called by com.android.keyguard.AlphaOptimizedLinearLayout{551c6d8 V.E...... ......ID 7,0-48,61 #7f0a041c app:id/wifi_group} during second layout pass: posting in next frame
09-07 04:46:10.871  2434  2714 D EGL_emulation: eglMakeCurrent: 0xed453b60: ver 2 0 (tinfo 0xe233a960)
09-07 04:46:10.874  2666  2666 I dnsi    : onPause
09-07 04:46:10.876  2182  2182 W View    : requestLayout() improperly called by StatusBarIconView(slot=mobile icon=null notification=null) during layout: running second layout pass
09-07 04:46:10.882  2666  9317 V ClearcutMetricXmitter: Transmission is done.
09-07 04:46:10.882  2182  2468 D EGL_emulation: eglMakeCurrent: 0xda21a360: ver 2 0 (tinfo 0xda20f590)
09-07 04:46:10.885  2037  2051 I system_server: NativeAlloc concurrent copying GC freed 47087(2414KB) AllocSpace objects, 22(680KB) LOS objects, 28% free, 14MB/20MB, paused 1.203ms total 126.774ms
09-07 04:46:10.889  2182  2468 D EGL_emulation: eglMakeCurrent: 0xda21a360: ver 2 0 (tinfo 0xda20f590)
09-07 04:46:10.890  2182  2182 W View    : requestLayout() improperly called by com.android.keyguard.AlphaOptimizedLinearLayout{551c6d8 V.E...... ......ID 7,0-48,61 #7f0a041c app:id/wifi_group} during second layout pass: posting in next frame
09-07 04:46:10.897  2182  2182 W View    : requestLayout() improperly called by StatusBarIconView(slot=mobile icon=null notification=null) during layout: running second layout pass
09-07 04:46:10.900 29126 29126 D LifecycleMonitor: Lifecycle status change: ru.iteco.fmhandroid.ui.AppActivity@2682e15 in: STARTED
09-07 04:46:10.900 29126 29126 V ActivityScenario: Update currentActivityStage to STARTED, currentActivity=ru.iteco.fmhandroid.ui.AppActivity@2682e15
09-07 04:46:10.901  2182  2468 D EGL_emulation: eglMakeCurrent: 0xda21a360: ver 2 0 (tinfo 0xda20f590)
09-07 04:46:10.902 29126 29126 D LifecycleMonitor: Lifecycle status change: ru.iteco.fmhandroid.ui.AppActivity@2682e15 in: RESUMED
09-07 04:46:10.903 29126 29126 V ActivityScenario: Update currentActivityStage to RESUMED, currentActivity=ru.iteco.fmhandroid.ui.AppActivity@2682e15
09-07 04:46:10.904 29126 29168 W teco.fmhandroi: Accessing hidden method Lsun/misc/Unsafe;->compareAndSwapObject(Ljava/lang/Object;JLjava/lang/Object;Ljava/lang/Object;)Z (greylist, linking, allowed)
09-07 04:46:10.904 29126 29170 V FA      : Activity resumed, time: 4894797
09-07 04:46:10.936  1793  2554 D gralloc_ranchu: gralloc_alloc: Creating ashmem region of size 9113600
09-07 04:46:10.948  1793  2554 D gralloc_ranchu: gralloc_alloc: Creating ashmem region of size 9113600
09-07 04:46:10.950 29126 29219 D EGL_emulation: eglMakeCurrent: 0xe2258280: ver 2 0 (tinfo 0xe233aed0)
09-07 04:46:10.954  1793  2554 D gralloc_ranchu: gralloc_alloc: Creating ashmem region of size 9113600
09-07 04:46:11.003  2037  2065 I ActivityTaskManager: Displayed ru.iteco.fmhandroid/.ui.AppActivity: +253ms
09-07 04:46:11.016  2182  2182 W View    : requestLayout() improperly called by com.android.keyguard.AlphaOptimizedLinearLayout{551c6d8 V.E...... ......ID 7,0-48,61 #7f0a041c app:id/wifi_group} during second layout pass: posting in next frame
09-07 04:46:11.030  2182  2182 W View    : requestLayout() improperly called by StatusBarIconView(slot=mobile icon=null notification=null) during layout: running second layout pass
09-07 04:46:11.034 29126 29126 I ViewInteraction: Performing 'wait for a specific view with <an instance of android.widget.TextView and view.getText() with or without transformation to match: is "News"> during 10000 millis.' action on view view.getRootView() to equal view
09-07 04:46:11.038  7867 29173 V FA-SVC  : Logging event: origin=auto,name=screen_view(_vs),params=Bundle[{ga_event_origin(_o)=auto, ga_previous_class(_pc)=AppActivity, ga_previous_id(_pi)=-4651013091003756151, ga_screen_class(_sc)=AppActivity, ga_screen_id(_si)=-4651013091003756150}]
09-07 04:46:11.042  2666  2666 I dnsi    : onStop
09-07 04:46:11.052  2037  2065 E memtrack: Couldn't load memtrack module
09-07 04:46:11.052  2037  2065 W android.os.Debug: failed to get memory consumption info: -1
09-07 04:46:11.061  2182  2182 W View    : requestLayout() improperly called by com.android.keyguard.AlphaOptimizedLinearLayout{551c6d8 V.E...... ......ID 7,0-48,61 #7f0a041c app:id/wifi_group} during second layout pass: posting in next frame
09-07 04:46:11.062  2182  2182 W View    : requestLayout() improperly called by StatusBarIconView(slot=mobile icon=null notification=null) during layout: running second layout pass
09-07 04:46:11.069  7867 29173 V FA-SVC  : Upload scheduled in approximately ms: 2468230
09-07 04:46:11.069  7867 29173 V FA-SVC  : Unscheduling upload
09-07 04:46:11.072  7867 29173 V FA-SVC  : Scheduling upload, millis: 2468230
09-07 04:46:11.074  7867 29173 V FA-SVC  : Background event processing time, ms: 37
09-07 04:46:11.079  1823  1823 W SurfaceFlinger: couldn't log to binary event log: overflow.
09-07 04:46:11.080  1823  1823 W SurfaceFlinger: couldn't log to binary event log: overflow.
09-07 04:46:11.088  2182  2182 W View    : requestLayout() improperly called by com.android.keyguard.AlphaOptimizedLinearLayout{551c6d8 V.E...... ......ID 7,0-48,61 #7f0a041c app:id/wifi_group} during second layout pass: posting in next frame
09-07 04:46:11.100  2182  2182 W View    : requestLayout() improperly called by StatusBarIconView(slot=mobile icon=null notification=null) during layout: running second layout pass
09-07 04:46:11.122  2182  2182 W View    : requestLayout() improperly called by com.android.keyguard.AlphaOptimizedLinearLayout{551c6d8 V.E...... ......ID 7,0-48,61 #7f0a041c app:id/wifi_group} during second layout pass: posting in next frame
09-07 04:46:11.137  2182  2182 W View    : requestLayout() improperly called by StatusBarIconView(slot=mobile icon=null notification=null) during layout: running second layout pass
09-07 04:46:11.160  2182  2182 W View    : requestLayout() improperly called by com.android.keyguard.AlphaOptimizedLinearLayout{551c6d8 V.E...... ......ID 7,0-48,61 #7f0a041c app:id/wifi_group} during second layout pass: posting in next frame
09-07 04:46:11.174  2182  2182 W View    : requestLayout() improperly called by StatusBarIconView(slot=mobile icon=null notification=null) during layout: running second layout pass
09-07 04:46:11.199  2182  2182 W View    : requestLayout() improperly called by com.android.keyguard.AlphaOptimizedLinearLayout{551c6d8 V.E...... ......ID 7,0-48,61 #7f0a041c app:id/wifi_group} during second layout pass: posting in next frame
09-07 04:46:11.210  2182  2182 W View    : requestLayout() improperly called by StatusBarIconView(slot=mobile icon=null notification=null) during layout: running second layout pass
09-07 04:46:11.234  2182  2182 W View    : requestLayout() improperly called by com.android.keyguard.AlphaOptimizedLinearLayout{551c6d8 V.E...... ......ID 7,0-48,61 #7f0a041c app:id/wifi_group} during second layout pass: posting in next frame
09-07 04:46:11.248  2182  2182 W View    : requestLayout() improperly called by StatusBarIconView(slot=mobile icon=null notification=null) during layout: running second layout pass
09-07 04:46:11.285  1792  2272 E GnssHAL_GnssInterface: gnssSvStatusCb: a: input svInfo.flags is 8
09-07 04:46:11.286  1792  2272 E GnssHAL_GnssInterface: gnssSvStatusCb: b: input svInfo.flags is 8
09-07 04:46:12.286  1792  2272 E GnssHAL_GnssInterface: gnssSvStatusCb: a: input svInfo.flags is 8
09-07 04:46:12.286  1792  2272 E GnssHAL_GnssInterface: gnssSvStatusCb: b: input svInfo.flags is 8
09-07 04:46:12.714  1781  1781 W audio_hw_generic: Not supplying enough data to HAL, expected position 60557290 , only wrote 60389621
09-07 04:46:13.287  1792  2272 E GnssHAL_GnssInterface: gnssSvStatusCb: a: input svInfo.flags is 8
09-07 04:46:13.287  1792  2272 E GnssHAL_GnssInterface: gnssSvStatusCb: b: input svInfo.flags is 8
09-07 04:46:13.904 29126 29239 I okhttp.OkHttpClient: --> GET http://www.981757-ca08998.tmweb.ru:8080/fmh/authentication/userInfo
09-07 04:46:13.904 29126 29239 I okhttp.OkHttpClient: --> END GET
09-07 04:46:14.065 29126 29239 I okhttp.OkHttpClient: <-- 200 http://www.981757-ca08998.tmweb.ru:8080/fmh/authentication/userInfo (158ms)
09-07 04:46:14.065 29126 29239 I okhttp.OkHttpClient: Vary: Origin
09-07 04:46:14.065 29126 29239 I okhttp.OkHttpClient: Vary: Access-Control-Request-Method
09-07 04:46:14.065 29126 29239 I okhttp.OkHttpClient: Vary: Access-Control-Request-Headers
09-07 04:46:14.066 29126 29239 I okhttp.OkHttpClient: X-Content-Type-Options: nosniff
09-07 04:46:14.066 29126 29239 I okhttp.OkHttpClient: X-XSS-Protection: 1; mode=block
09-07 04:46:14.066 29126 29239 I okhttp.OkHttpClient: Cache-Control: no-cache, no-store, max-age=0, must-revalidate
09-07 04:46:14.066 29126 29239 I okhttp.OkHttpClient: Pragma: no-cache
09-07 04:46:14.067 29126 29239 I okhttp.OkHttpClient: Expires: 0
09-07 04:46:14.067 29126 29239 I okhttp.OkHttpClient: X-Frame-Options: DENY
09-07 04:46:14.067 29126 29239 I okhttp.OkHttpClient: Content-Type: application/json
09-07 04:46:14.068 29126 29239 I okhttp.OkHttpClient: Transfer-Encoding: chunked
09-07 04:46:14.068 29126 29239 I okhttp.OkHttpClient: Date: Thu, 07 Sep 2023 04:46:14 GMT
09-07 04:46:14.068 29126 29239 I okhttp.OkHttpClient: Keep-Alive: timeout=60
09-07 04:46:14.069 29126 29239 I okhttp.OkHttpClient: Connection: keep-alive
09-07 04:46:14.070 29126 29239 I okhttp.OkHttpClient: {"id":1,"firstName":"Ivan","lastName":"Ivanov","middleName":"Ivanovich","admin":true}
09-07 04:46:14.070 29126 29239 I okhttp.OkHttpClient: <-- END HTTP (85-byte body)
09-07 04:46:14.081 29126 29249 I okhttp.OkHttpClient: --> GET http://www.981757-ca08998.tmweb.ru:8080/fmh/claims
09-07 04:46:14.081 29126 29249 I okhttp.OkHttpClient: --> END GET
09-07 04:46:14.089  1774 29284 E ResolverController: No valid NAT64 prefix (101, <unspecified>/0)
09-07 04:46:14.142 29126 29219 D EGL_emulation: eglMakeCurrent: 0xe2258280: ver 2 0 (tinfo 0xe233aed0)
09-07 04:46:14.149  1793  2554 D gralloc_ranchu: gralloc_alloc: Creating ashmem region of size 9850880
09-07 04:46:14.162  2182  2182 W View    : requestLayout() improperly called by com.android.keyguard.AlphaOptimizedLinearLayout{551c6d8 V.E...... ......ID 7,0-48,61 #7f0a041c app:id/wifi_group} during second layout pass: posting in next frame
09-07 04:46:14.164 29126 29219 D EGL_emulation: eglMakeCurrent: 0xe2258280: ver 2 0 (tinfo 0xe233aed0)
09-07 04:46:14.190  2182  2182 W View    : requestLayout() improperly called by StatusBarIconView(slot=mobile icon=null notification=null) during layout: running second layout pass
09-07 04:46:14.204  1793  2554 D gralloc_ranchu: gralloc_alloc: Creating ashmem region of size 9850880
