09-07 04:35:42.958 27169 27215 W DefaultFailureHandler: 	at org.junit.runner.JUnitCore.run(JUnitCore.java:137)
09-07 04:35:42.958 27169 27215 W DefaultFailureHandler: 	at org.junit.runner.JUnitCore.run(JUnitCore.java:115)
09-07 04:35:42.958 27169 27215 W DefaultFailureHandler: 	at androidx.test.internal.runner.TestExecutor.execute(TestExecutor.java:67)
09-07 04:35:42.958 27169 27215 W DefaultFailureHandler: 	at androidx.test.internal.runner.TestExecutor.execute(TestExecutor.java:58)
09-07 04:35:42.958 27169 27215 W DefaultFailureHandler: 	at androidx.test.runner.AndroidJUnitRunner.onStart(AndroidJUnitRunner.java:438)
09-07 04:35:42.958 27169 27215 W DefaultFailureHandler: 	at android.app.Instrumentation$InstrumentationThread.run(Instrumentation.java:2189)
09-07 04:35:42.958 27169 27215 W DefaultFailureHandler: Caused by: android.system.ErrnoException: open failed: EROFS (Read-only file system)
09-07 04:35:42.959 27169 27215 W DefaultFailureHandler: 	at libcore.io.Linux.open(Native Method)
09-07 04:35:42.959 27169 27215 W DefaultFailureHandler: 	at libcore.io.ForwardingOs.open(ForwardingOs.java:167)
09-07 04:35:42.959 27169 27215 W DefaultFailureHandler: 	at libcore.io.BlockGuardOs.open(BlockGuardOs.java:252)
09-07 04:35:42.959 27169 27215 W DefaultFailureHandler: 	at libcore.io.ForwardingOs.open(ForwardingOs.java:167)
09-07 04:35:42.959 27169 27215 W DefaultFailureHandler: 	at android.app.ActivityThread$AndroidOs.open(ActivityThread.java:7255)
09-07 04:35:42.959 27169 27215 W DefaultFailureHandler: 	at libcore.io.IoBridge.open(IoBridge.java:482)
09-07 04:35:42.959 27169 27215 W DefaultFailureHandler: 	... 50 more
09-07 04:35:42.965 27169 27169 I ViewInteraction: Performing 'wait for a specific view with <view.getId() is <2131230870/ru.iteco.fmhandroid:id/authorization_image_button>> during 10000 millis.' action on view view.getRootView() to equal view
09-07 04:35:42.969 27169 27169 I ViewInteraction: Checking 'MatchesViewAssertion{viewMatcher=(view has effective visibility <VISIBLE> and view.getGlobalVisibleRect() to return non-empty rectangle)}' assertion on view view.getId() is <2131230870/ru.iteco.fmhandroid:id/authorization_image_button>
09-07 04:35:42.971 27169 27169 I ViewInteraction: Performing 'single click' action on view view.getId() is <2131230870/ru.iteco.fmhandroid:id/authorization_image_button>
09-07 04:35:43.019  1781  6116 W audio_hw_generic: Not supplying enough data to HAL, expected position 57078030 , only wrote 57078011
09-07 04:35:43.080  1793  1793 D gralloc_ranchu: gralloc_alloc: Creating ashmem region of size 884736
09-07 04:35:43.099  1793  1793 I chatty  : uid=1000(system) allocator@2.0-s identical 1 line
09-07 04:35:43.102  1793  1793 D gralloc_ranchu: gralloc_alloc: Creating ashmem region of size 884736
09-07 04:35:43.111 27169 27262 D EGL_emulation: eglMakeCurrent: 0xda21b3e0: ver 2 0 (tinfo 0xda20fe10)
09-07 04:35:43.150 27169 27262 I chatty  : uid=10136(ru.iteco.fmhandroid) RenderThread identical 2 lines
09-07 04:35:43.182 27169 27262 D EGL_emulation: eglMakeCurrent: 0xda21b3e0: ver 2 0 (tinfo 0xda20fe10)
09-07 04:35:43.225  1792  2272 E GnssHAL_GnssInterface: gnssSvStatusCb: a: input svInfo.flags is 8
09-07 04:35:43.225  1792  2272 E GnssHAL_GnssInterface: gnssSvStatusCb: b: input svInfo.flags is 8
09-07 04:35:43.406 27169 27169 I ViewInteraction: Performing 'wait for a specific view with <an instance of android.widget.TextView and view.getText() with or without transformation to match: is "Log out"> during 10000 millis.' action on view view.getRootView() to equal view
09-07 04:35:43.410 27169 27169 I ViewInteraction: Checking 'MatchesViewAssertion{viewMatcher=(view has effective visibility <VISIBLE> and view.getGlobalVisibleRect() to return non-empty rectangle)}' assertion on view an instance of android.widget.TextView and view.getText() with or without transformation to match: is "Log out"
09-07 04:35:43.413 27169 27169 I ViewInteraction: Performing 'single click' action on view an instance of android.widget.TextView and view.getText() with or without transformation to match: is "Log out"
09-07 04:35:43.485 27169 27262 D EGL_emulation: eglMakeCurrent: 0xda21b3e0: ver 2 0 (tinfo 0xda20fe10)
09-07 04:35:43.590 27169 27262 I chatty  : uid=10136(ru.iteco.fmhandroid) RenderThread identical 1 line
09-07 04:35:43.616 27169 27262 D EGL_emulation: eglMakeCurrent: 0xda21b3e0: ver 2 0 (tinfo 0xda20fe10)
09-07 04:35:43.711 27169 27169 I ViewInteraction: Performing 'wait for a specific view with <(an instance of android.widget.TextView and view.getText() with or without transformation to match: is "Authorization" and view.getParent() view.getParent() view.getId() is <2131231186>)> during 10000 millis.' action on view view.getRootView() to equal view
09-07 04:35:43.714 27169 27169 I ViewInteraction: Checking 'MatchesViewAssertion{viewMatcher=(view has effective visibility <VISIBLE> and view.getGlobalVisibleRect() to return non-empty rectangle)}' assertion on view (an instance of android.widget.TextView and view.getText() with or without transformation to match: is "Authorization" and view.getParent() view.getParent() view.getId() is <2131231186/ru.iteco.fmhandroid:id/nav_host_fragment>)
09-07 04:35:43.716 27169 27169 I ViewInteraction: Performing 'wait for a specific view with <(an instance of android.widget.TextView and view.getHint() matching: is "Login" and view.getParent() view.getParent() view.getId() is <2131231121/ru.iteco.fmhandroid:id/login_text_input_layout>)> during 10000 millis.' action on view view.getRootView() to equal view
09-07 04:35:43.719 27169 27169 I ViewInteraction: Checking 'MatchesViewAssertion{viewMatcher=(view has effective visibility <VISIBLE> and view.getGlobalVisibleRect() to return non-empty rectangle)}' assertion on view (an instance of android.widget.TextView and view.getHint() matching: is "Login" and view.getParent() view.getParent() view.getId() is <2131231121/ru.iteco.fmhandroid:id/login_text_input_layout>)
09-07 04:35:43.721 27169 27169 I ViewInteraction: Performing 'wait for a specific view with <(an instance of android.widget.TextView and view.getHint() matching: is "Password" and view.getParent() view.getParent() view.getId() is <2131231264/ru.iteco.fmhandroid:id/password_text_input_layout>)> during 10000 millis.' action on view view.getRootView() to equal view
09-07 04:35:43.724 27169 27169 I ViewInteraction: Checking 'MatchesViewAssertion{viewMatcher=(view has effective visibility <VISIBLE> and view.getGlobalVisibleRect() to return non-empty rectangle)}' assertion on view (an instance of android.widget.TextView and view.getHint() matching: is "Password" and view.getParent() view.getParent() view.getId() is <2131231264/ru.iteco.fmhandroid:id/password_text_input_layout>)
09-07 04:35:43.726 27169 27169 I ViewInteraction: Performing 'wait for a specific view with <(view.getId() is <2131231039/ru.iteco.fmhandroid:id/enter_button> and an instance of android.widget.TextView and view.getText() with or without transformation to match: is "SIGN IN" and view.getContentDescription() is "Save" and view.getParent() view.getParent() an instance of android.widget.RelativeLayout)> during 10000 millis.' action on view view.getRootView() to equal view
09-07 04:35:43.729 27169 27169 I ViewInteraction: Checking 'MatchesViewAssertion{viewMatcher=(view has effective visibility <VISIBLE> and view.getGlobalVisibleRect() to return non-empty rectangle)}' assertion on view (view.getId() is <2131231039/ru.iteco.fmhandroid:id/enter_button> and an instance of android.widget.TextView and view.getText() with or without transformation to match: is "SIGN IN" and view.getContentDescription() is "Save" and view.getParent() view.getParent() an instance of android.widget.RelativeLayout)
09-07 04:35:43.731 27169 27169 I ViewInteraction: Performing 'wait for a specific view with <(an instance of android.widget.TextView and view.getText() with or without transformation to match: is "Authorization" and view.getParent() view.getParent() view.getId() is <2131231186>)> during 10000 millis.' action on view view.getRootView() to equal view
09-07 04:35:43.733 27169 27169 I ViewInteraction: Checking 'MatchesViewAssertion{viewMatcher=(view has effective visibility <VISIBLE> and view.getGlobalVisibleRect() to return non-empty rectangle)}' assertion on view (an instance of android.widget.TextView and view.getText() with or without transformation to match: is "Authorization" and view.getParent() view.getParent() view.getId() is <2131231186/ru.iteco.fmhandroid:id/nav_host_fragment>)
09-07 04:35:43.735 27169 27169 I ViewInteraction: Performing 'wait for a specific view with <(an instance of android.widget.TextView and view.getHint() matching: is "Login" and view.getParent() view.getParent() view.getId() is <2131231121/ru.iteco.fmhandroid:id/login_text_input_layout>)> during 10000 millis.' action on view view.getRootView() to equal view
09-07 04:35:43.737 27169 27169 I ViewInteraction: Checking 'MatchesViewAssertion{viewMatcher=(view has effective visibility <VISIBLE> and view.getGlobalVisibleRect() to return non-empty rectangle)}' assertion on view (an instance of android.widget.TextView and view.getHint() matching: is "Login" and view.getParent() view.getParent() view.getId() is <2131231121/ru.iteco.fmhandroid:id/login_text_input_layout>)
09-07 04:35:43.740 27169 27169 I ViewInteraction: Performing 'wait for a specific view with <(an instance of android.widget.TextView and view.getHint() matching: is "Password" and view.getParent() view.getParent() view.getId() is <2131231264/ru.iteco.fmhandroid:id/password_text_input_layout>)> during 10000 millis.' action on view view.getRootView() to equal view
09-07 04:35:43.741 27169 27169 I ViewInteraction: Checking 'MatchesViewAssertion{viewMatcher=(view has effective visibility <VISIBLE> and view.getGlobalVisibleRect() to return non-empty rectangle)}' assertion on view (an instance of android.widget.TextView and view.getHint() matching: is "Password" and view.getParent() view.getParent() view.getId() is <2131231264/ru.iteco.fmhandroid:id/password_text_input_layout>)
09-07 04:35:43.742 27169 27169 I ViewInteraction: Performing 'wait for a specific view with <(view.getId() is <2131231039/ru.iteco.fmhandroid:id/enter_button> and an instance of android.widget.TextView and view.getText() with or without transformation to match: is "SIGN IN" and view.getContentDescription() is "Save" and view.getParent() view.getParent() an instance of android.widget.RelativeLayout)> during 10000 millis.' action on view view.getRootView() to equal view
09-07 04:35:43.745 27169 27169 I ViewInteraction: Checking 'MatchesViewAssertion{viewMatcher=(view has effective visibility <VISIBLE> and view.getGlobalVisibleRect() to return non-empty rectangle)}' assertion on view (view.getId() is <2131231039/ru.iteco.fmhandroid:id/enter_button> and an instance of android.widget.TextView and view.getText() with or without transformation to match: is "SIGN IN" and view.getContentDescription() is "Save" and view.getParent() view.getParent() an instance of android.widget.RelativeLayout)
09-07 04:35:43.746 27169 27169 I ViewInteraction: Performing 'wait for a specific view with <(an instance of android.widget.TextView and view.getHint() matching: is "Login" and view.getParent() view.getParent() view.getId() is <2131231121/ru.iteco.fmhandroid:id/login_text_input_layout>)> during 10000 millis.' action on view view.getRootView() to equal view
09-07 04:35:43.748 27169 27169 I ViewInteraction: Performing 'replace text(login2)' action on view (an instance of android.widget.TextView and view.getHint() matching: is "Login" and view.getParent() view.getParent() view.getId() is <2131231121/ru.iteco.fmhandroid:id/login_text_input_layout>)
09-07 04:35:43.760 27169 27169 I ViewInteraction: Performing 'wait for a specific view with <(an instance of android.widget.TextView and view.getHint() matching: is "Password" and view.getParent() view.getParent() view.getId() is <2131231264/ru.iteco.fmhandroid:id/password_text_input_layout>)> during 10000 millis.' action on view view.getRootView() to equal view
09-07 04:35:43.763 27169 27169 I ViewInteraction: Performing 'replace text(password2)' action on view (an instance of android.widget.TextView and view.getHint() matching: is "Password" and view.getParent() view.getParent() view.getId() is <2131231264/ru.iteco.fmhandroid:id/password_text_input_layout>)
09-07 04:35:43.794 27169 27169 I ViewInteraction: Performing 'wait for a specific view with <(view.getId() is <2131231039/ru.iteco.fmhandroid:id/enter_button> and an instance of android.widget.TextView and view.getText() with or without transformation to match: is "SIGN IN" and view.getContentDescription() is "Save" and view.getParent() view.getParent() an instance of android.widget.RelativeLayout)> during 10000 millis.' action on view view.getRootView() to equal view
09-07 04:35:43.799 27169 27169 I ViewInteraction: Checking 'MatchesViewAssertion{viewMatcher=view.isClickable() is <true>}' assertion on view (view.getId() is <2131231039/ru.iteco.fmhandroid:id/enter_button> and an instance of android.widget.TextView and view.getText() with or without transformation to match: is "SIGN IN" and view.getContentDescription() is "Save" and view.getParent() view.getParent() an instance of android.widget.RelativeLayout)
09-07 04:35:43.803 27169 27169 I ViewInteraction: Performing 'wait for a specific view with <(view.getId() is <2131231039/ru.iteco.fmhandroid:id/enter_button> and an instance of android.widget.TextView and view.getText() with or without transformation to match: is "SIGN IN" and view.getContentDescription() is "Save" and view.getParent() view.getParent() an instance of android.widget.RelativeLayout)> during 10000 millis.' action on view view.getRootView() to equal view
09-07 04:35:43.807 27169 27169 I ViewInteraction: Checking 'MatchesViewAssertion{viewMatcher=view.isClickable() is <true>}' assertion on view (view.getId() is <2131231039/ru.iteco.fmhandroid:id/enter_button> and an instance of android.widget.TextView and view.getText() with or without transformation to match: is "SIGN IN" and view.getContentDescription() is "Save" and view.getParent() view.getParent() an instance of android.widget.RelativeLayout)
09-07 04:35:43.818 27169 27169 I ViewInteraction: Performing 'wait for a specific view with <(view.getId() is <2131231039/ru.iteco.fmhandroid:id/enter_button> and an instance of android.widget.TextView and view.getText() with or without transformation to match: is "SIGN IN" and view.getContentDescription() is "Save" and view.getParent() view.getParent() an instance of android.widget.RelativeLayout)> during 10000 millis.' action on view view.getRootView() to equal view
09-07 04:35:43.821 27169 27169 I ViewInteraction: Performing 'single click' action on view (view.getId() is <2131231039/ru.iteco.fmhandroid:id/enter_button> and an instance of android.widget.TextView and view.getText() with or without transformation to match: is "SIGN IN" and view.getContentDescription() is "Save" and view.getParent() view.getParent() an instance of android.widget.RelativeLayout)
09-07 04:35:43.869 27169 27312 I okhttp.OkHttpClient: --> POST http://www.981757-ca08998.tmweb.ru:8080/fmh/authentication/login
09-07 04:35:43.869 27169 27312 I okhttp.OkHttpClient: Content-Type: application/json; charset=UTF-8
09-07 04:35:43.869 27169 27312 I okhttp.OkHttpClient: Content-Length: 41
09-07 04:35:43.870 27169 27312 I okhttp.OkHttpClient: {"login":"login2","password":"password2"}
09-07 04:35:43.870 27169 27312 I okhttp.OkHttpClient: --> END POST (41-byte body)
09-07 04:35:44.106 27169 27169 I ViewInteraction: Performing 'wait for a specific view with <an instance of android.widget.TextView and view.getText() with or without transformation to match: is "News"> during 10000 millis.' action on view view.getRootView() to equal view
09-07 04:35:44.226  1792  2272 E GnssHAL_GnssInterface: gnssSvStatusCb: a: input svInfo.flags is 8
09-07 04:35:44.226  1792  2272 E GnssHAL_GnssInterface: gnssSvStatusCb: b: input svInfo.flags is 8
09-07 04:35:45.162 27169 27312 I okhttp.OkHttpClient: <-- 200 http://www.981757-ca08998.tmweb.ru:8080/fmh/authentication/login (1291ms)
09-07 04:35:45.162 27169 27312 I okhttp.OkHttpClient: Vary: Origin
09-07 04:35:45.162 27169 27312 I okhttp.OkHttpClient: Vary: Access-Control-Request-Method
09-07 04:35:45.163 27169 27312 I okhttp.OkHttpClient: Vary: Access-Control-Request-Headers
09-07 04:35:45.163 27169 27312 I okhttp.OkHttpClient: X-Content-Type-Options: nosniff
09-07 04:35:45.163 27169 27312 I okhttp.OkHttpClient: X-XSS-Protection: 1; mode=block
09-07 04:35:45.163 27169 27312 I okhttp.OkHttpClient: Cache-Control: no-cache, no-store, max-age=0, must-revalidate
09-07 04:35:45.163 27169 27312 I okhttp.OkHttpClient: Pragma: no-cache
09-07 04:35:45.163 27169 27312 I okhttp.OkHttpClient: Expires: 0
09-07 04:35:45.163 27169 27312 I okhttp.OkHttpClient: X-Frame-Options: DENY
09-07 04:35:45.164 27169 27312 I okhttp.OkHttpClient: Content-Type: application/json
09-07 04:35:45.164 27169 27312 I okhttp.OkHttpClient: Transfer-Encoding: chunked
09-07 04:35:45.164 27169 27312 I okhttp.OkHttpClient: Date: Thu, 07 Sep 2023 04:35:45 GMT
09-07 04:35:45.164 27169 27312 I okhttp.OkHttpClient: Keep-Alive: timeout=60
09-07 04:35:45.164 27169 27312 I okhttp.OkHttpClient: Connection: keep-alive
09-07 04:35:45.165 27169 27312 I okhttp.OkHttpClient: {"accessToken":"eyJhbGciOiJIUzUxMiJ9.eyJzdWIiOiJsb2dpbjIiLCJqdGkiOiIxIiwiZXhwIjoxNjk0MTQ3NzQ1fQ.Xgcnc3FOEHNuutRIAqFqfnUuH4dbqv4OcvqNvCX4a2ErPst3ZH-K00RlvuDW_lzhhU8n_Kh2V6SCpAJ1MPKlgQ","refreshToken":"eyJhbGciOiJIUzUxMiJ9.eyJzdWIiOiJsb2dpbjIiLCJqdGkiOiIxIiwiZXhwIjoxNjk2NjUzMzQ1fQ.JfSPIhdPxtsux84MGdraSbgfoWFtzYqkiQprhHbVMPq7JPvU0qQd7opX_xiKDrv4z9br8wguQhdjd8UTO-2Vpw"}
09-07 04:35:45.165 27169 27312 I okhttp.OkHttpClient: <-- END HTTP (368-byte body)
09-07 04:35:45.168 27169 27280 I okhttp.OkHttpClient: --> GET http://www.981757-ca08998.tmweb.ru:8080/fmh/authentication/userInfo
09-07 04:35:45.168 27169 27280 I okhttp.OkHttpClient: --> END GET
09-07 04:35:45.227  1792  2272 E GnssHAL_GnssInterface: gnssSvStatusCb: a: input svInfo.flags is 8
09-07 04:35:45.228  1792  2272 E GnssHAL_GnssInterface: gnssSvStatusCb: b: input svInfo.flags is 8
09-07 04:35:45.361 27169 27280 I okhttp.OkHttpClient: <-- 200 http://www.981757-ca08998.tmweb.ru:8080/fmh/authentication/userInfo (192ms)
09-07 04:35:45.361 27169 27280 I okhttp.OkHttpClient: Vary: Origin
09-07 04:35:45.361 27169 27280 I okhttp.OkHttpClient: Vary: Access-Control-Request-Method
09-07 04:35:45.361 27169 27280 I okhttp.OkHttpClient: Vary: Access-Control-Request-Headers
09-07 04:35:45.361 27169 27280 I okhttp.OkHttpClient: X-Content-Type-Options: nosniff
09-07 04:35:45.361 27169 27280 I okhttp.OkHttpClient: X-XSS-Protection: 1; mode=block
09-07 04:35:45.361 27169 27280 I okhttp.OkHttpClient: Cache-Control: no-cache, no-store, max-age=0, must-revalidate
09-07 04:35:45.361 27169 27280 I okhttp.OkHttpClient: Pragma: no-cache
09-07 04:35:45.361 27169 27280 I okhttp.OkHttpClient: Expires: 0
09-07 04:35:45.361 27169 27280 I okhttp.OkHttpClient: X-Frame-Options: DENY
09-07 04:35:45.361 27169 27280 I okhttp.OkHttpClient: Content-Type: application/json
09-07 04:35:45.361 27169 27280 I okhttp.OkHttpClient: Transfer-Encoding: chunked
09-07 04:35:45.362 27169 27280 I okhttp.OkHttpClient: Date: Thu, 07 Sep 2023 04:35:45 GMT
09-07 04:35:45.363 27169 27280 I okhttp.OkHttpClient: Keep-Alive: timeout=60
09-07 04:35:45.363 27169 27280 I okhttp.OkHttpClient: Connection: keep-alive
09-07 04:35:45.363 27169 27280 I okhttp.OkHttpClient: {"id":1,"firstName":"Ivan","lastName":"Ivanov","middleName":"Ivanovich","admin":true}
09-07 04:35:45.363 27169 27280 I okhttp.OkHttpClient: <-- END HTTP (85-byte body)
09-07 04:35:45.377 27169 27422 I okhttp.OkHttpClient: --> GET http://www.981757-ca08998.tmweb.ru:8080/fmh/claims
09-07 04:35:45.378 27169 27422 I okhttp.OkHttpClient: --> END GET
09-07 04:35:45.389  1774 27423 E ResolverController: No valid NAT64 prefix (101, <unspecified>/0)
09-07 04:35:45.460 27169 27169 I ViewInteraction: Checking 'MatchesViewAssertion{viewMatcher=(view has effective visibility <VISIBLE> and view.getGlobalVisibleRect() to return non-empty rectangle)}' assertion on view an instance of android.widget.TextView and view.getText() with or without transformation to match: is "News"
09-07 04:35:45.476 27169 27169 I ViewInteraction: Performing 'wait for a specific view with <view.getId() is <2131230951>> during 10000 millis.' action on view view.getRootView() to equal view
09-07 04:35:45.485 27169 27169 I ViewInteraction: Checking 'MatchesViewAssertion{viewMatcher=(view has effective visibility <VISIBLE> and view.getGlobalVisibleRect() to return non-empty rectangle)}' assertion on view view.getId() is <2131230951/ru.iteco.fmhandroid:id/container_list_news_include_on_fragment_main>
09-07 04:35:45.489 27169 27169 I ViewInteraction: Performing 'wait for a specific view with <view.getId() is <2131230949>> during 10000 millis.' action on view view.getRootView() to equal view
09-07 04:35:45.494 27169 27169 I ViewInteraction: Checking 'MatchesViewAssertion{viewMatcher=(view has effective visibility <VISIBLE> and view.getGlobalVisibleRect() to return non-empty rectangle)}' assertion on view view.getId() is <2131230949/ru.iteco.fmhandroid:id/container_list_claim_include_on_fragment_main>
09-07 04:35:45.498 27169 27169 I ViewInteraction: Performing 'wait for a specific view with <an instance of android.widget.TextView and view.getText() with or without transformation to match: is "Claims"> during 10000 millis.' action on view view.getRootView() to equal view
09-07 04:35:45.501 27169 27169 I ViewInteraction: Checking 'MatchesViewAssertion{viewMatcher=(view has effective visibility <VISIBLE> and view.getGlobalVisibleRect() to return non-empty rectangle)}' assertion on view an instance of android.widget.TextView and view.getText() with or without transformation to match: is "Claims"
09-07 04:35:45.517 27169 27169 I ViewInteraction: Performing 'wait for a specific view with <with id: 2131231230> during 10000 millis.' action on view view.getRootView() to equal view
09-07 04:35:45.518 27169 27169 D takeScreenshot: Found 1 global views to redraw
09-07 04:35:45.687  1793  1793 D gralloc_ranchu: gralloc_alloc: Creating ashmem region of size 9850880
09-07 04:35:45.729 27169 27215 W DefaultFailureHandler: Failed to take screenshot
09-07 04:35:45.729 27169 27215 W DefaultFailureHandler: java.io.FileNotFoundException: view-op-error-4.png: open failed: EROFS (Read-only file system)
09-07 04:35:45.729 27169 27215 W DefaultFailureHandler: 	at libcore.io.IoBridge.open(IoBridge.java:496)
09-07 04:35:45.729 27169 27215 W DefaultFailureHandler: 	at java.io.FileOutputStream.<init>(FileOutputStream.java:235)
09-07 04:35:45.729 27169 27215 W DefaultFailureHandler: 	at java.io.FileOutputStream.<init>(FileOutputStream.java:125)
09-07 04:35:45.729 27169 27215 W DefaultFailureHandler: 	at androidx.test.platform.io.FileTestStorage.openOutputFile(FileTestStorage.java:60)
09-07 04:35:45.729 27169 27215 W DefaultFailureHandler: 	at androidx.test.core.graphics.BitmapStorage.writeToTestStorage(BitmapStorageExt.kt:49)
09-07 04:35:45.729 27169 27215 W DefaultFailureHandler: 	at androidx.test.espresso.base.DefaultFailureHandler.takeScreenshot(DefaultFailureHandler.java:4)
09-07 04:35:45.729 27169 27215 W DefaultFailureHandler: 	at androidx.test.espresso.base.DefaultFailureHandler.handle(DefaultFailureHandler.java:3)
09-07 04:35:45.729 27169 27215 W DefaultFailureHandler: 	at androidx.test.espresso.ViewInteraction.waitForAndHandleInteractionResults(ViewInteraction.java:8)
09-07 04:35:45.729 27169 27215 W DefaultFailureHandler: 	at androidx.test.espresso.ViewInteraction.desugaredPerform(ViewInteraction.java:11)
09-07 04:35:45.729 27169 27215 W DefaultFailureHandler: 	at androidx.test.espresso.ViewInteraction.perform(ViewInteraction.java:8)
09-07 04:35:45.729 27169 27215 W DefaultFailureHandler: 	at ru.iteco.fmhandroid.ui.data.TestUtils.waitView(TestUtils.java:61)
09-07 04:35:45.729 27169 27215 W DefaultFailureHandler: 	at ru.iteco.fmhandroid.ui.steps.NewsPageSteps.openNewsOnNewsPage(NewsPageSteps.java:52)
09-07 04:35:45.729 27169 27215 W DefaultFailureHandler: 	at ru.iteco.fmhandroid.ui.MainPageTest.shouldOpenNewsItemDescription(MainPageTest.java:94)
09-07 04:35:45.729 27169 27215 W DefaultFailureHandler: 	at java.lang.reflect.Method.invoke(Native Method)
09-07 04:35:45.729 27169 27215 W DefaultFailureHandler: 	at org.junit.runners.model.FrameworkMethod$1.runReflectiveCall(FrameworkMethod.java:59)
09-07 04:35:45.729 27169 27215 W DefaultFailureHandler: 	at org.junit.internal.runners.model.ReflectiveCallable.run(ReflectiveCallable.java:12)
09-07 04:35:45.729 27169 27215 W DefaultFailureHandler: 	at org.junit.runners.model.FrameworkMethod.invokeExplosively(FrameworkMethod.java:56)
09-07 04:35:45.729 27169 27215 W DefaultFailureHandler: 	at org.junit.internal.runners.statements.InvokeMethod.evaluate(InvokeMethod.java:17)
09-07 04:35:45.729 27169 27215 W DefaultFailureHandler: 	at androidx.test.internal.runner.junit4.statement.RunBefores.evaluate(RunBefores.java:80)
09-07 04:35:45.729 27169 27215 W DefaultFailureHandler: 	at io.qameta.allure.android.rules.ScreenshotRule$apply$1.evaluate(ScreenshotRule.kt:22)
09-07 04:35:45.729 27169 27215 W DefaultFailureHandler: 	at org.junit.rules.ExternalResource$1.evaluate(ExternalResource.java:54)
09-07 04:35:45.729 27169 27215 W DefaultFailureHandler: 	at io.qameta.allure.android.rules.LogcatRule$apply$1.evaluate(LogcatRule.kt:23)
09-07 04:35:45.729 27169 27215 W DefaultFailureHandler: 	at org.junit.rules.RunRules.evaluate(RunRules.java:20)
09-07 04:35:45.729 27169 27215 W DefaultFailureHandler: 	at org.junit.runners.ParentRunner$3.evaluate(ParentRunner.java:306)
09-07 04:35:45.729 27169 27215 W DefaultFailureHandler: 	at org.junit.runners.BlockJUnit4ClassRunner$1.evaluate(BlockJUnit4ClassRunner.java:100)
09-07 04:35:45.729 27169 27215 W DefaultFailureHandler: 	at org.junit.runners.ParentRunner.runLeaf(ParentRunner.java:366)
09-07 04:35:45.729 27169 27215 W DefaultFailureHandler: 	at org.junit.runners.BlockJUnit4ClassRunner.runChild(BlockJUnit4ClassRunner.java:103)
09-07 04:35:45.729 27169 27215 W DefaultFailureHandler: 	at org.junit.runners.BlockJUnit4ClassRunner.runChild(BlockJUnit4ClassRunner.java:63)
09-07 04:35:45.729 27169 27215 W DefaultFailureHandler: 	at org.junit.runners.ParentRunner$4.run(ParentRunner.java:331)
09-07 04:35:45.729 27169 27215 W DefaultFailureHandler: 	at org.junit.runners.ParentRunner$1.schedule(ParentRunner.java:79)
09-07 04:35:45.729 27169 27215 W DefaultFailureHandler: 	at org.junit.runners.ParentRunner.runChildren(ParentRunner.java:329)
09-07 04:35:45.729 27169 27215 W DefaultFailureHandler: 	at org.junit.runners.ParentRunner.access$100(ParentRunner.java:66)
09-07 04:35:45.729 27169 27215 W DefaultFailureHandler: 	at org.junit.runners.ParentRunner$2.evaluate(ParentRunner.java:293)
09-07 04:35:45.729 27169 27215 W DefaultFailureHandler: 	at org.junit.runners.ParentRunner$3.evaluate(ParentRunner.java:306)
09-07 04:35:45.729 27169 27215 W DefaultFailureHandler: 	at org.junit.runners.ParentRunner.run(ParentRunner.java:413)
09-07 04:35:45.729 27169 27215 W DefaultFailureHandler: 	at androidx.test.ext.junit.runners.AndroidJUnit4.run(AndroidJUnit4.java:162)
09-07 04:35:45.729 27169 27215 W DefaultFailureHandler: 	at io.qameta.allure.android.runners.AllureAndroidJUnit4.run(AllureAndroidJUnitRunners.kt:29)
09-07 04:35:45.729 27169 27215 W DefaultFailureHandler: 	at org.junit.runners.Suite.runChild(Suite.java:128)
09-07 04:35:45.729 27169 27215 W DefaultFailureHandler: 	at org.junit.runners.Suite.runChild(Suite.java:27)
09-07 04:35:45.729 27169 27215 W DefaultFailureHandler: 	at org.junit.runners.ParentRunner$4.run(ParentRunner.java:331)
09-07 04:35:45.729 27169 27215 W DefaultFailureHandler: 	at org.junit.runners.ParentRunner$1.schedule(ParentRunner.java:79)
09-07 04:35:45.729 27169 27215 W DefaultFailureHandler: 	at org.junit.runners.ParentRunner.runChildren(ParentRunner.java:329)
09-07 04:35:45.729 27169 27215 W DefaultFailureHandler: 	at org.junit.runners.ParentRunner.access$100(ParentRunner.java:66)
09-07 04:35:45.729 27169 27215 W DefaultFailureHandler: 	at org.junit.runners.ParentRunner$2.evaluate(ParentRunner.java:293)
09-07 04:35:45.729 27169 27215 W DefaultFailureHandler: 	at org.junit.runners.ParentRunner$3.evaluate(ParentRunner.java:306)
09-07 04:35:45.729 27169 27215 W DefaultFailureHandler: 	at org.junit.runners.ParentRunner.run(ParentRunner.java:413)
09-07 04:35:45.729 27169 27215 W DefaultFailureHandler: 	at org.junit.runner.JUnitCore.run(JUnitCore.java:137)
09-07 04:35:45.729 27169 27215 W DefaultFailureHandler: 	at org.junit.runner.JUnitCore.run(JUnitCore.java:115)
09-07 04:35:45.729 27169 27215 W DefaultFailureHandler: 	at androidx.test.internal.runner.TestExecutor.execute(TestExecutor.java:67)
09-07 04:35:45.729 27169 27215 W DefaultFailureHandler: 	at androidx.test.internal.runner.TestExecutor.execute(TestExecutor.java:58)
09-07 04:35:45.729 27169 27215 W DefaultFailureHandler: 	at androidx.test.runner.AndroidJUnitRunner.onStart(AndroidJUnitRunner.java:438)
09-07 04:35:45.729 27169 27215 W DefaultFailureHandler: 	at android.app.Instrumentation$InstrumentationThread.run(Instrumentation.java:2189)
09-07 04:35:45.729 27169 27215 W DefaultFailureHandler: Caused by: android.system.ErrnoException: open failed: EROFS (Read-only file system)
09-07 04:35:45.729 27169 27215 W DefaultFailureHandler: 	at libcore.io.Linux.open(Native Method)
09-07 04:35:45.729 27169 27215 W DefaultFailureHandler: 	at libcore.io.ForwardingOs.open(ForwardingOs.java:167)
09-07 04:35:45.729 27169 27215 W DefaultFailureHandler: 	at libcore.io.BlockGuardOs.open(BlockGuardOs.java:252)
09-07 04:35:45.729 27169 27215 W DefaultFailureHandler: 	at libcore.io.ForwardingOs.open(ForwardingOs.java:167)
09-07 04:35:45.729 27169 27215 W DefaultFailureHandler: 	at android.app.ActivityThread$AndroidOs.open(ActivityThread.java:7255)
09-07 04:35:45.729 27169 27215 W DefaultFailureHandler: 	at libcore.io.IoBridge.open(IoBridge.java:482)
09-07 04:35:45.729 27169 27215 W DefaultFailureHandler: 	... 51 more
09-07 04:35:45.734  1793  1793 D gralloc_ranchu: gralloc_alloc: Creating ashmem region of size 9850880
09-07 04:35:45.904  2037  2847 I ActivityTaskManager: START u0 {act=android.intent.action.MAIN cat=[android.intent.category.LAUNCHER] flg=0x10000000 cmp=ru.iteco.fmhandroid.test/androidx.test.core.app.InstrumentationActivityInvoker$EmptyActivity} from uid 10136
09-07 04:35:45.908 27169 27169 D LifecycleMonitor: Lifecycle status change: ru.iteco.fmhandroid.ui.AppActivity@3326886 in: PAUSED
09-07 04:35:45.908 27169 27169 V ActivityScenario: Update currentActivityStage to PAUSED, currentActivity=ru.iteco.fmhandroid.ui.AppActivity@3326886
09-07 04:35:45.908  2037  2674 W InputReader: Device has associated, but no associated display id.
09-07 04:35:45.909  2037  2674 I chatty  : uid=1000(system) Binder:2037_A identical 38 lines
09-07 04:35:45.909  2037  2674 W InputReader: Device has associated, but no associated display id.
09-07 04:35:45.910 27227 27227 W ActivityThread: handleWindowVisibility: no activity for token android.os.BinderProxy@7062203
09-07 04:35:45.911 27169 27216 V FA      : Recording user engagement, ms: 13234
09-07 04:35:45.911  2037  2674 W InputReader: Device has associated, but no associated display id.
09-07 04:35:45.945  2037  2311 I ActivityTaskManager: START u0 {act=android.intent.action.MAIN cat=[android.intent.category.LAUNCHER] flg=0x10000000 cmp=ru.iteco.fmhandroid.test/androidx.test.core.app.InstrumentationActivityInvoker$EmptyActivity} from uid 10136
09-07 04:35:45.911  2037  2674 I chatty  : uid=1000(system) Binder:2037_A identical 8 lines
09-07 04:35:45.912  2037  2674 W InputReader: Device has associated, but no associated display id.
09-07 04:35:45.966  1793  1793 D gralloc_ranchu: gralloc_alloc: Creating ashmem region of size 9850880
09-07 04:35:45.976  1793  1793 I chatty  : uid=1000(system) allocator@2.0-s identical 1 line
09-07 04:35:45.981  1793  1793 D gralloc_ranchu: gralloc_alloc: Creating ashmem region of size 9850880
09-07 04:35:45.981 27227 27259 D EGL_emulation: eglMakeCurrent: 0xe224fba0: ver 2 0 (tinfo 0xed489420)
09-07 04:35:46.005 27169 27216 V FA      : Connecting to remote service
09-07 04:35:46.012  7867  7867 D BoundBrokerSvc: onBind: Intent { act=com.google.android.gms.measurement.START pkg=com.google.android.gms }
09-07 04:35:46.012  7867  7867 D BoundBrokerSvc: Loading bound service for intent: Intent { act=com.google.android.gms.measurement.START pkg=com.google.android.gms }
09-07 04:35:46.016  2037  2311 W InputReader: Device has associated, but no associated display id.
09-07 04:35:46.019  2037  2311 I chatty  : uid=1000(system) Binder:2037_6 identical 48 lines
09-07 04:35:46.019  2037  2311 W InputReader: Device has associated, but no associated display id.
09-07 04:35:46.027 27227 27227 W ActivityThread: handleWindowVisibility: no activity for token android.os.BinderProxy@5b54c62
09-07 04:35:46.034 27169 27284 I okhttp.OkHttpClient: <-- HTTP FAILED: java.net.SocketTimeoutException: timeout
09-07 04:35:46.046 27169 27216 V FA      : Connection attempt already in progress
09-07 04:35:46.046 27169 27216 V FA      : Activity paused, time: 4269803
09-07 04:35:46.056 27169 27169 W System.err: ru.iteco.fmhandroid.exceptions.ServerException
09-07 04:35:46.056 27169 27169 W System.err: 	at ru.iteco.fmhandroid.utils.Utils.makeRequest(Utils.kt:119)
09-07 04:35:46.056 27169 27169 W System.err: 	at ru.iteco.fmhandroid.utils.Utils$makeRequest$1.invokeSuspend(Unknown Source:15)
09-07 04:35:46.056 27169 27169 W System.err: 	at kotlin.coroutines.jvm.internal.BaseContinuationImpl.resumeWith(ContinuationImpl.kt:33)
09-07 04:35:46.056 27169 27169 W System.err: 	at kotlinx.coroutines.DispatchedTask.run(DispatchedTask.kt:104)
09-07 04:35:46.056 27169 27169 W System.err: 	at android.os.Handler.handleCallback(Handler.java:883)
09-07 04:35:46.056 27169 27169 W System.err: 	at android.os.Handler.dispatchMessage(Handler.java:100)
09-07 04:35:46.056 27169 27169 W System.err: 	at androidx.test.espresso.base.Interrogator.loopAndInterrogate(Interrogator.java:14)
09-07 04:35:46.056 27169 27169 W System.err: 	at androidx.test.espresso.base.UiControllerImpl.loopUntil(UiControllerImpl.java:8)
09-07 04:35:46.056 27169 27169 W System.err: 	at androidx.test.espresso.base.UiControllerImpl.loopUntil(UiControllerImpl.java:1)
09-07 04:35:46.056 27169 27169 W System.err: 	at androidx.test.espresso.base.UiControllerImpl.loopMainThreadForAtLeast(UiControllerImpl.java:7)
09-07 04:35:46.056 27169 27169 W System.err: 	at ru.iteco.fmhandroid.ui.data.ViewActions$1.perform(ViewActions.java:48)
09-07 04:35:46.056 27169 27169 W System.err: 	at androidx.test.espresso.ViewInteraction$SingleExecutionViewAction.perform(ViewInteraction.java:2)
09-07 04:35:46.056 27169 27169 W System.err: 	at androidx.test.espresso.ViewInteraction.doPerform(ViewInteraction.java:25)
09-07 04:35:46.056 27169 27169 W System.err: 	at androidx.test.espresso.ViewInteraction.-$$Nest$mdoPerform(Unknown Source:0)
09-07 04:35:46.056 27169 27169 W System.err: 	at androidx.test.espresso.ViewInteraction$1.call(ViewInteraction.java:7)
09-07 04:35:46.056 27169 27169 W System.err: 	at androidx.test.espresso.ViewInteraction$1.call(ViewInteraction.java:1)
09-07 04:35:46.056 27169 27169 W System.err: 	at java.util.concurrent.FutureTask.run(FutureTask.java:266)
09-07 04:35:46.056 27169 27169 W System.err: 	at android.os.Handler.handleCallback(Handler.java:883)
09-07 04:35:46.056 27169 27169 W System.err: 	at android.os.Handler.dispatchMessage(Handler.java:100)
09-07 04:35:46.056 27169 27169 W System.err: 	at android.os.Looper.loop(Looper.java:214)
09-07 04:35:46.056 27169 27169 W System.err: 	at android.app.ActivityThread.main(ActivityThread.java:7356)
09-07 04:35:46.056 27169 27169 W System.err: 	at java.lang.reflect.Method.invoke(Native Method)
09-07 04:35:46.056 27169 27169 W System.err: 	at com.android.internal.os.RuntimeInit$MethodAndArgsCaller.run(RuntimeInit.java:492)
09-07 04:35:46.056 27169 27169 W System.err: 	at com.android.internal.os.ZygoteInit.main(ZygoteInit.java:930)
09-07 04:35:46.063 27169 27216 D FA      : Connected to remote service
09-07 04:35:46.065  2037  2847 W ActivityTaskManager: Duplicate finish request for ActivityRecord{9986dde u0 ru.iteco.fmhandroid/.ui.AppActivity t802 f}
09-07 04:35:46.065 27169 27216 V FA      : Processing queued up service tasks: 2
09-07 04:35:46.087  1793  1793 D gralloc_ranchu: gralloc_alloc: Creating ashmem region of size 9850880
09-07 04:35:46.091  1793  1793 I chatty  : uid=1000(system) allocator@2.0-s identical 1 line
09-07 04:35:46.092  1793  1793 D gralloc_ranchu: gralloc_alloc: Creating ashmem region of size 9850880
09-07 04:35:46.095 27227 27259 D EGL_emulation: eglMakeCurrent: 0xe224fba0: ver 2 0 (tinfo 0xed489420)
09-07 04:35:46.108  7867 26011 V FA-SVC  : Logging event: origin=auto,name=user_engagement(_e),params=Bundle[{ga_event_origin(_o)=auto, engagement_time_msec(_et)=13234, ga_screen_class(_sc)=AppActivity, ga_screen_id(_si)=4312128963377798046}]
09-07 04:35:46.120  2037  2061 W InputReader: Device has associated, but no associated display id.
09-07 04:35:46.121  2037  2061 I chatty  : uid=1000(system) android.anim identical 18 lines
09-07 04:35:46.121  2037  2061 W InputReader: Device has associated, but no associated display id.
09-07 04:35:46.125  2037  2065 I ActivityTaskManager: Displayed ru.iteco.fmhandroid.test/androidx.test.core.app.InstrumentationActivityInvoker$EmptyActivity: +103ms
09-07 04:35:46.127  2037  6424 W InputReader: Device has associated, but no associated display id.
09-07 04:35:46.127  2037  6424 I chatty  : uid=1000(system) Binder:2037_1B identical 8 lines
09-07 04:35:46.127  2037  6424 W InputReader: Device has associated, but no associated display id.
09-07 04:35:46.134 27169 27262 D EGL_emulation: eglMakeCurrent: 0xda21b3e0: ver 2 0 (tinfo 0xda20fe10)
09-07 04:35:46.148  1823  1823 W SurfaceFlinger: couldn't log to binary event log: overflow.
09-07 04:35:46.156  2037  2847 W InputReader: Device has associated, but no associated display id.
09-07 04:35:46.156  2037  2847 I chatty  : uid=1000(system) Binder:2037_B identical 8 lines
09-07 04:35:46.156  2037  2847 W InputReader: Device has associated, but no associated display id.
09-07 04:35:46.162  8425  8425 D BoundBrokerSvc: onBind: Intent { act=com.google.android.gms.presencemanager.service.START dat=chimera-action: cmp=com.google.android.gms/.chimera.PersistentApiService }
09-07 04:35:46.162  8425  8425 D BoundBrokerSvc: Loading bound service for intent: Intent { act=com.google.android.gms.presencemanager.service.START dat=chimera-action: cmp=com.google.android.gms/.chimera.PersistentApiService }
09-07 04:35:46.167 27169 27169 D LifecycleMonitor: Lifecycle status change: ru.iteco.fmhandroid.ui.AppActivity@3326886 in: STOPPED
09-07 04:35:46.167 27169 27169 V ActivityScenario: Update currentActivityStage to STOPPED, currentActivity=ru.iteco.fmhandroid.ui.AppActivity@3326886
09-07 04:35:46.172  7867 26011 V FA-SVC  : Upload scheduled in approximately ms: 3093127
09-07 04:35:46.172  7867 26011 V FA-SVC  : Unscheduling upload
09-07 04:35:46.189 27169 27169 W System.err: ru.iteco.fmhandroid.exceptions.UnknownException
09-07 04:35:46.190 27169 27422 I okhttp.OkHttpClient: <-- HTTP FAILED: java.net.SocketException: Socket closed
09-07 04:35:46.190 27169 27169 W System.err: 	at ru.iteco.fmhandroid.utils.Utils.makeRequest(Utils.kt:123)
09-07 04:35:46.191 27169 27169 W System.err: 	at ru.iteco.fmhandroid.utils.Utils$makeRequest$1.invokeSuspend(Unknown Source:15)
09-07 04:35:46.191 27169 27169 W System.err: 	at kotlin.coroutines.jvm.internal.BaseContinuationImpl.resumeWith(ContinuationImpl.kt:33)
09-07 04:35:46.191 27169 27169 W System.err: 	at kotlinx.coroutines.DispatchedTaskKt.resume(DispatchedTask.kt:234)
09-07 04:35:46.191 27169 27169 W System.err: 	at kotlinx.coroutines.DispatchedTaskKt.resumeUnconfined(DispatchedTask.kt:190)
09-07 04:35:46.191 27169 27169 W System.err: 	at kotlinx.coroutines.DispatchedTaskKt.dispatch(DispatchedTask.kt:161)
09-07 04:35:46.191 27169 27169 W System.err: 	at kotlinx.coroutines.CancellableContinuationImpl.dispatchResume(CancellableContinuationImpl.kt:397)
09-07 04:35:46.191 27169 27169 W System.err: 	at kotlinx.coroutines.CancellableContinuationImpl.cancel(CancellableContinuationImpl.kt:183)
09-07 04:35:46.191 27169 27169 W System.err: 	at kotlinx.coroutines.CancellableContinuationImpl.parentCancelled$kotlinx_coroutines_core(CancellableContinuationImpl.kt:190)
09-07 04:35:46.192 27169 27169 W System.err: 	at kotlinx.coroutines.ChildContinuation.invoke(JobSupport.kt:1474)
09-07 04:35:46.192 27169 27169 W System.err: 	at kotlinx.coroutines.JobSupport.notifyCancelling(JobSupport.kt:1499)
09-07 04:35:46.192 27169 27169 W System.err: 	at kotlinx.coroutines.JobSupport.tryMakeCancelling(JobSupport.kt:795)
09-07 04:35:46.192 27169 27169 W System.err: 	at kotlinx.coroutines.JobSupport.makeCancelling(JobSupport.kt:755)
09-07 04:35:46.192 27169 27169 W System.err: 	at kotlinx.coroutines.JobSupport.cancelImpl$kotlinx_coroutines_core(JobSupport.kt:671)
09-07 04:35:46.192 27169 27169 W System.err: 	at kotlinx.coroutines.JobSupport.parentCancelled(JobSupport.kt:637)
09-07 04:35:46.192 27169 27169 W System.err: 	at kotlinx.coroutines.ChildHandleNode.invoke(JobSupport.kt:1465)
09-07 04:35:46.192 27169 27169 W System.err: 	at kotlinx.coroutines.JobSupport.notifyCancelling(JobSupport.kt:1499)
09-07 04:35:46.192 27169 27169 W System.err: 	at kotlinx.coroutines.JobSupport.tryMakeCompletingSlowPath(JobSupport.kt:900)
09-07 04:35:46.192 27169 27169 W System.err: 	at kotlinx.coroutines.JobSupport.tryMakeCompleting(JobSupport.kt:863)
09-07 04:35:46.192 27169 27169 W System.err: 	at kotlinx.coroutines.JobSupport.cancelMakeCompleting(JobSupport.kt:696)
09-07 04:35:46.192 27169 27169 W System.err: 	at kotlinx.coroutines.JobSupport.cancelImpl$kotlinx_coroutines_core(JobSupport.kt:667)
09-07 04:35:46.192 27169 27169 W System.err: 	at kotlinx.coroutines.JobSupport.cancelInternal(JobSupport.kt:632)
09-07 04:35:46.192 27169 27169 W System.err: 	at kotlinx.coroutines.JobSupport.cancel(JobSupport.kt:617)
09-07 04:35:46.192 27169 27169 W System.err: 	at kotlinx.coroutines.JobKt__JobKt.cancel(Job.kt:561)
09-07 04:35:46.192 27169 27169 W System.err: 	at kotlinx.coroutines.JobKt.cancel(Unknown Source:1)
09-07 04:35:46.192 27169 27169 W System.err: 	at kotlinx.coroutines.JobKt__JobKt.cancel$default(Job.kt:560)
09-07 04:35:46.192 27169 27169 W System.err: 	at kotlinx.coroutines.JobKt.cancel$default(Unknown Source:1)
09-07 04:35:46.192 27169 27169 W System.err: 	at androidx.lifecycle.CloseableCoroutineScope.close(ViewModel.kt:51)
09-07 04:35:46.192 27169 27169 W System.err: 	at androidx.lifecycle.ViewModel.closeWithRuntimeException(ViewModel.java:188)
09-07 04:35:46.192 27169 27169 W System.err: 	at androidx.lifecycle.ViewModel.clear(ViewModel.java:134)
09-07 04:35:46.192 27169 27169 W System.err: 	at androidx.lifecycle.ViewModelStore.clear(ViewModelStore.java:62)
09-07 04:35:46.192 27169 27169 W System.err: 	at androidx.fragment.app.FragmentManagerViewModel.clearNonConfigStateInternal(FragmentManagerViewModel.java:210)
09-07 04:35:46.192 27169 27169 W System.err: 	at androidx.fragment.app.FragmentManagerViewModel.clearNonConfigState(FragmentManagerViewModel.java:190)
09-07 04:35:46.192 27169 27169 W System.err: 	at androidx.fragment.app.FragmentStateManager.destroy(FragmentStateManager.java:778)
09-07 04:35:46.192 27169 27169 W System.err: 	at androidx.fragment.app.FragmentStateManager.moveToExpectedState(FragmentStateManager.java:335)
09-07 04:35:46.192 27169 27169 W System.err: 	at androidx.fragment.app.FragmentStore.moveToExpectedState(FragmentStore.java:113)
09-07 04:35:46.192 27169 27169 W System.err: 	at androidx.fragment.app.FragmentManager.moveToState(FragmentManager.java:1374)
09-07 04:35:46.192 27169 27169 W System.err: 	at androidx.fragment.app.FragmentManager.dispatchStateChange(FragmentManager.java:2841)
09-07 04:35:46.192 27169 27169 W System.err: 	at androidx.fragment.app.FragmentManager.dispatchDestroy(FragmentManager.java:2820)
09-07 04:35:46.192 27169 27169 W System.err: 	at androidx.fragment.app.Fragment.performDestroy(Fragment.java:3246)
09-07 04:35:46.192 27169 27169 W System.err: 	at androidx.fragment.app.FragmentStateManager.destroy(FragmentStateManager.java:780)
09-07 04:35:46.192 27169 27169 W System.err: 	at androidx.fragment.app.FragmentStateManager.moveToExpectedState(FragmentStateManager.java:335)
09-07 04:35:46.193 27169 27169 W System.err: 	at androidx.fragment.app.SpecialEffectsController$FragmentStateManagerOperation.complete(SpecialEffectsController.java:771)
09-07 04:35:46.193 27169 27169 W System.err: 	at androidx.fragment.app.SpecialEffectsController$Operation.cancel(SpecialEffectsController.java:615)
09-07 04:35:46.193 27169 27169 W System.err: 	at androidx.fragment.app.SpecialEffectsController.forceCompleteAllOperations(SpecialEffectsController.java:350)
09-07 04:35:46.193 27169 27169 W System.err: 	at androidx.fragment.app.FragmentManager.dispatchStateChange(FragmentManager.java:2844)
09-07 04:35:46.193 27169 27169 W System.err: 	at androidx.fragment.app.FragmentManager.dispatchDestroy(FragmentManager.java:2820)
09-07 04:35:46.193 27169 27169 W System.err: 	at androidx.fragment.app.FragmentController.dispatchDestroy(FragmentController.java:345)
09-07 04:35:46.193 27169 27169 W System.err: 	at androidx.fragment.app.FragmentActivity.onDestroy(FragmentActivity.java:306)
09-07 04:35:46.193 27169 27169 W System.err: 	at androidx.appcompat.app.AppCompatActivity.onDestroy(AppCompatActivity.java:278)
09-07 04:35:46.193 27169 27169 W System.err: 	at android.app.Activity.performDestroy(Activity.java:8048)
09-07 04:35:46.193 27169 27169 W System.err: 	at android.app.Instrumentation.callActivityOnDestroy(Instrumentation.java:1334)
09-07 04:35:46.193 27169 27169 W System.err: 	at androidx.test.runner.MonitoringInstrumentation.callActivityOnDestroy(MonitoringInstrumentation.java:766)
09-07 04:35:46.194 27169 27169 W System.err: 	at android.app.ActivityThread.performDestroyActivity(ActivityThread.java:4926)
09-07 04:35:46.194 27169 27169 W System.err: 	at android.app.ActivityThread.handleDestroyActivity(ActivityThread.java:4970)
09-07 04:35:46.194 27169 27169 W System.err: 	at android.app.servertransaction.DestroyActivityItem.execute(DestroyActivityItem.java:44)
09-07 04:35:46.194 27169 27169 W System.err: 	at android.app.servertransaction.TransactionExecutor.executeLifecycleState(TransactionExecutor.java:176)
09-07 04:35:46.194 27169 27169 W System.err: 	at android.app.servertransaction.TransactionExecutor.execute(TransactionExecutor.java:97)
09-07 04:35:46.194 27169 27169 W System.err: 	at android.app.ActivityThread$H.handleMessage(ActivityThread.java:2016)
09-07 04:35:46.194 27169 27169 W System.err: 	at android.os.Handler.dispatchMessage(Handler.java:107)
09-07 04:35:46.194 27169 27169 W System.err: 	at android.os.Looper.loop(Looper.java:214)
09-07 04:35:46.194 27169 27169 W System.err: 	at android.app.ActivityThread.main(ActivityThread.java:7356)
09-07 04:35:46.194 27169 27169 W System.err: 	at java.lang.reflect.Method.invoke(Native Method)
09-07 04:35:46.194 27169 27169 W System.err: 	at com.android.internal.os.RuntimeInit$MethodAndArgsCaller.run(RuntimeInit.java:492)
09-07 04:35:46.194 27169 27169 W System.err: 	at com.android.internal.os.ZygoteInit.main(ZygoteInit.java:930)
09-07 04:35:46.194  1793  1793 D gralloc_ranchu: gralloc_alloc: Creating ashmem region of size 9850880
09-07 04:35:46.204  1793 14098 D gralloc_ranchu: gralloc_alloc: Creating ashmem region of size 9850880
09-07 04:35:46.206  7867 26011 V FA-SVC  : Scheduling upload, millis: 3093127
09-07 04:35:46.213  7867 26011 V FA-SVC  : Background event processing time, ms: 106
09-07 04:35:46.226  1793 14098 D gralloc_ranchu: gralloc_alloc: Creating ashmem region of size 9850880
09-07 04:35:46.227  1792  2272 E GnssHAL_GnssInterface: gnssSvStatusCb: a: input svInfo.flags is 8
09-07 04:35:46.227  1792  2272 E GnssHAL_GnssInterface: gnssSvStatusCb: b: input svInfo.flags is 8
09-07 04:35:46.228 27169 27169 D LifecycleMonitor: Lifecycle status change: ru.iteco.fmhandroid.ui.AppActivity@3326886 in: DESTROYED
09-07 04:35:46.228 27169 27169 V ActivityScenario: Update currentActivityStage to DESTROYED, currentActivity=null
09-07 04:35:46.229  1793  1793 D gralloc_ranchu: gralloc_alloc: Creating ashmem region of size 9850880
09-07 04:35:46.230  2434  2714 D EGL_emulation: eglMakeCurrent: 0xed453b60: ver 2 0 (tinfo 0xe233a960)
09-07 04:35:46.242  2666  3068 D EGL_emulation: eglMakeCurrent: 0xda21b0e0: ver 2 0 (tinfo 0xda20fbb0)
09-07 04:35:46.255  8425  8425 D BoundBrokerSvc: onBind: Intent { act=com.google.android.gms.presencemanager.service.INTERNAL_IDENTITY dat=chimera-action: cmp=com.google.android.gms/.chimera.PersistentApiService }
09-07 04:35:46.255  8425  8425 D BoundBrokerSvc: Loading bound service for intent: Intent { act=com.google.android.gms.presencemanager.service.INTERNAL_IDENTITY dat=chimera-action: cmp=com.google.android.gms/.chimera.PersistentApiService }
09-07 04:35:46.273  1793 14098 D gralloc_ranchu: gralloc_alloc: Creating ashmem region of size 9850880
09-07 04:35:46.282  1793  1793 D gralloc_ranchu: gralloc_alloc: Creating ashmem region of size 9850880
09-07 04:35:46.289  2666  2666 I dnsi    : onStart
09-07 04:35:46.291  2666  2666 I dnsi    : onResume
09-07 04:35:46.298  2037  2061 W InputReader: Device has associated, but no associated display id.
09-07 04:35:46.298  2037  2061 I chatty  : uid=1000(system) android.anim identical 8 lines
