--------- beginning of main
09-07 04:35:30.225  1792  2272 E GnssHAL_GnssInterface: gnssSvStatusCb: a: input svInfo.flags is 8
09-07 04:35:30.225  1792  2272 E GnssHAL_GnssInterface: gnssSvStatusCb: b: input svInfo.flags is 8
09-07 04:35:30.256  1781  1781 W audio_hw_generic: Not supplying enough data to HAL, expected position 57114761 , only wrote 56939201
09-07 04:35:31.140  7867  7867 D BoundBrokerSvc: onUnbind: Intent { act=com.google.android.gms.inappreach.service.START dat=chimera-action: cmp=com.google.android.gms/.chimera.GmsApiService }
09-07 04:35:31.225  1792  2272 E GnssHAL_GnssInterface: gnssSvStatusCb: a: input svInfo.flags is 8
09-07 04:35:31.225  1792  2272 E GnssHAL_GnssInterface: gnssSvStatusCb: b: input svInfo.flags is 8
09-07 04:35:31.234 27169 27312 I okhttp.OkHttpClient: <-- 200 http://www.981757-ca08998.tmweb.ru:8080/fmh/authentication/login (4123ms)
09-07 04:35:31.234 27169 27312 I okhttp.OkHttpClient: Vary: Origin
09-07 04:35:31.234 27169 27312 I okhttp.OkHttpClient: Vary: Access-Control-Request-Method
09-07 04:35:31.234 27169 27312 I okhttp.OkHttpClient: Vary: Access-Control-Request-Headers
09-07 04:35:31.234 27169 27312 I okhttp.OkHttpClient: X-Content-Type-Options: nosniff
09-07 04:35:31.234 27169 27312 I okhttp.OkHttpClient: X-XSS-Protection: 1; mode=block
09-07 04:35:31.234 27169 27312 I okhttp.OkHttpClient: Cache-Control: no-cache, no-store, max-age=0, must-revalidate
09-07 04:35:31.234 27169 27312 I okhttp.OkHttpClient: Pragma: no-cache
09-07 04:35:31.235 27169 27312 I okhttp.OkHttpClient: Expires: 0
09-07 04:35:31.235 27169 27312 I okhttp.OkHttpClient: X-Frame-Options: DENY
09-07 04:35:31.235 27169 27312 I okhttp.OkHttpClient: Content-Type: application/json
09-07 04:35:31.235 27169 27312 I okhttp.OkHttpClient: Transfer-Encoding: chunked
09-07 04:35:31.235 27169 27312 I okhttp.OkHttpClient: Date: Thu, 07 Sep 2023 04:35:31 GMT
09-07 04:35:31.235 27169 27312 I okhttp.OkHttpClient: Keep-Alive: timeout=60
09-07 04:35:31.235 27169 27312 I okhttp.OkHttpClient: Connection: keep-alive
09-07 04:35:31.236 27169 27312 I okhttp.OkHttpClient: {"accessToken":"eyJhbGciOiJIUzUxMiJ9.eyJzdWIiOiJsb2dpbjIiLCJqdGkiOiIxIiwiZXhwIjoxNjk0MTQ3NzMxfQ.0pMXmATJdEsPnHF1AcDXO01h_gRrFvmtzqxcToDNvgBfTGIOqg27rDMLXbfxUex0U68clAqbMXM9ZKFVGFtl9Q","refreshToken":"eyJhbGciOiJIUzUxMiJ9.eyJzdWIiOiJsb2dpbjIiLCJqdGkiOiIxIiwiZXhwIjoxNjk2NjUzMzMxfQ.RbQiJZUgJ7cgoVms5eSn_mU6--1pamDmV6QmUXNQzBp2GgzHEHkX63GIga0He1w5cyMF0ENwFPY9czy7740mhQ"}
09-07 04:35:31.236 27169 27312 I okhttp.OkHttpClient: <-- END HTTP (368-byte body)
09-07 04:35:31.239 27169 27280 I okhttp.OkHttpClient: --> GET http://www.981757-ca08998.tmweb.ru:8080/fmh/authentication/userInfo
09-07 04:35:31.239 27169 27280 I okhttp.OkHttpClient: --> END GET
09-07 04:35:31.362 27169 27280 I okhttp.OkHttpClient: <-- 200 http://www.981757-ca08998.tmweb.ru:8080/fmh/authentication/userInfo (123ms)
09-07 04:35:31.363 27169 27280 I okhttp.OkHttpClient: Vary: Origin
09-07 04:35:31.363 27169 27280 I okhttp.OkHttpClient: Vary: Access-Control-Request-Method
09-07 04:35:31.363 27169 27280 I okhttp.OkHttpClient: Vary: Access-Control-Request-Headers
09-07 04:35:31.363 27169 27280 I okhttp.OkHttpClient: X-Content-Type-Options: nosniff
09-07 04:35:31.363 27169 27280 I okhttp.OkHttpClient: X-XSS-Protection: 1; mode=block
09-07 04:35:31.363 27169 27280 I okhttp.OkHttpClient: Cache-Control: no-cache, no-store, max-age=0, must-revalidate
09-07 04:35:31.363 27169 27280 I okhttp.OkHttpClient: Pragma: no-cache
09-07 04:35:31.363 27169 27280 I okhttp.OkHttpClient: Expires: 0
09-07 04:35:31.363 27169 27280 I okhttp.OkHttpClient: X-Frame-Options: DENY
09-07 04:35:31.363 27169 27280 I okhttp.OkHttpClient: Content-Type: application/json
09-07 04:35:31.363 27169 27280 I okhttp.OkHttpClient: Transfer-Encoding: chunked
09-07 04:35:31.364 27169 27280 I okhttp.OkHttpClient: Date: Thu, 07 Sep 2023 04:35:31 GMT
09-07 04:35:31.364 27169 27280 I okhttp.OkHttpClient: Keep-Alive: timeout=60
09-07 04:35:31.364 27169 27280 I okhttp.OkHttpClient: Connection: keep-alive
09-07 04:35:31.365 27169 27280 I okhttp.OkHttpClient: {"id":1,"firstName":"Ivan","lastName":"Ivanov","middleName":"Ivanovich","admin":true}
09-07 04:35:31.366 27169 27280 I okhttp.OkHttpClient: <-- END HTTP (85-byte body)
09-07 04:35:31.371 27169 27284 I okhttp.OkHttpClient: --> GET http://www.981757-ca08998.tmweb.ru:8080/fmh/claims
09-07 04:35:31.372 27169 27284 I okhttp.OkHttpClient: --> END GET
09-07 04:35:31.374  1774 27376 E ResolverController: No valid NAT64 prefix (101, <unspecified>/0)
09-07 04:35:31.387  8425 27375 E memtrack: Couldn't load memtrack module
09-07 04:35:31.387  8425 27375 W android.os.Debug: failed to get memory consumption info: -1
09-07 04:35:31.452 27169 27169 I ViewInteraction: Checking 'MatchesViewAssertion{viewMatcher=(view has effective visibility <VISIBLE> and view.getGlobalVisibleRect() to return non-empty rectangle)}' assertion on view an instance of android.widget.TextView and view.getText() with or without transformation to match: is "News"
09-07 04:35:31.465 27169 27169 I ViewInteraction: Performing 'wait for a specific view with <view.getId() is <2131230951>> during 10000 millis.' action on view view.getRootView() to equal view
09-07 04:35:31.469 27169 27169 I ViewInteraction: Checking 'MatchesViewAssertion{viewMatcher=(view has effective visibility <VISIBLE> and view.getGlobalVisibleRect() to return non-empty rectangle)}' assertion on view view.getId() is <2131230951/ru.iteco.fmhandroid:id/container_list_news_include_on_fragment_main>
09-07 04:35:31.472 27169 27169 I ViewInteraction: Performing 'wait for a specific view with <view.getId() is <2131230949>> during 10000 millis.' action on view view.getRootView() to equal view
09-07 04:35:31.478 27169 27169 I ViewInteraction: Checking 'MatchesViewAssertion{viewMatcher=(view has effective visibility <VISIBLE> and view.getGlobalVisibleRect() to return non-empty rectangle)}' assertion on view view.getId() is <2131230949/ru.iteco.fmhandroid:id/container_list_claim_include_on_fragment_main>
09-07 04:35:31.481 27169 27169 I ViewInteraction: Performing 'wait for a specific view with <an instance of android.widget.TextView and view.getText() with or without transformation to match: is "Claims"> during 10000 millis.' action on view view.getRootView() to equal view
09-07 04:35:31.633 27169 27169 I ViewInteraction: Checking 'MatchesViewAssertion{viewMatcher=(view has effective visibility <VISIBLE> and view.getGlobalVisibleRect() to return non-empty rectangle)}' assertion on view an instance of android.widget.TextView and view.getText() with or without transformation to match: is "Claims"
09-07 04:35:31.636 27169 27169 I ViewInteraction: Performing 'wait for a specific view with <view.getId() is <2131231247>> during 10000 millis.' action on view view.getRootView() to equal view
09-07 04:35:31.643 27169 27169 I ViewInteraction: Performing 'single click' action on view view.getId() is <2131231247/ru.iteco.fmhandroid:id/our_mission_image_button>
09-07 04:35:31.689  1781  6116 W audio_hw_generic: Not supplying enough data to HAL, expected position 56939209 , only wrote 56939201
09-07 04:35:32.015 27169 27169 I ViewInteraction: Performing 'wait for a specific view with <view.getId() is <2131231254>> during 10000 millis.' action on view view.getRootView() to equal view
09-07 04:35:32.019 27169 27169 I ViewInteraction: Checking 'MatchesViewAssertion{viewMatcher=(view has effective visibility <VISIBLE> and view.getGlobalVisibleRect() to return non-empty rectangle)}' assertion on view view.getId() is <2131231254/ru.iteco.fmhandroid:id/our_mission_title_text_view>
09-07 04:35:32.022 27169 27169 I ViewInteraction: Performing 'wait for a specific view with <view.getId() is <2131231250>> during 10000 millis.' action on view view.getRootView() to equal view
09-07 04:35:32.024 27169 27169 I ViewInteraction: Checking 'MatchesViewAssertion{viewMatcher=(view has effective visibility <VISIBLE> and view.getGlobalVisibleRect() to return non-empty rectangle)}' assertion on view view.getId() is <2131231250/ru.iteco.fmhandroid:id/our_mission_item_list_recycler_view>
--------- beginning of system
09-07 04:35:32.028  2037  2847 I ActivityTaskManager: START u0 {act=android.intent.action.MAIN cat=[android.intent.category.LAUNCHER] flg=0x10000000 cmp=ru.iteco.fmhandroid.test/androidx.test.core.app.InstrumentationActivityInvoker$EmptyActivity} from uid 10136
09-07 04:35:32.032 27169 27169 D LifecycleMonitor: Lifecycle status change: ru.iteco.fmhandroid.ui.AppActivity@a414ca6 in: PAUSED
09-07 04:35:32.032 27169 27169 V ActivityScenario: Update currentActivityStage to PAUSED, currentActivity=ru.iteco.fmhandroid.ui.AppActivity@a414ca6
09-07 04:35:32.033  2037  2311 W InputReader: Device has associated, but no associated display id.
09-07 04:35:32.034  2037  2311 I chatty  : uid=1000(system) Binder:2037_6 identical 38 lines
09-07 04:35:32.034  2037  2311 W InputReader: Device has associated, but no associated display id.
09-07 04:35:32.034 27227 27227 W ActivityThread: handleWindowVisibility: no activity for token android.os.BinderProxy@fb116a1
09-07 04:35:32.035  2037  2311 W InputReader: Device has associated, but no associated display id.
09-07 04:35:32.035  2037  2311 I chatty  : uid=1000(system) Binder:2037_6 identical 8 lines
09-07 04:35:32.035  2037  2311 W InputReader: Device has associated, but no associated display id.
09-07 04:35:32.037 27169 27216 V FA      : Recording user engagement, ms: 16133
09-07 04:35:32.067  2037  7737 I ActivityTaskManager: START u0 {act=android.intent.action.MAIN cat=[android.intent.category.LAUNCHER] flg=0x10000000 cmp=ru.iteco.fmhandroid.test/androidx.test.core.app.InstrumentationActivityInvoker$EmptyActivity} from uid 10136
09-07 04:35:32.076 27169 27216 V FA      : Connecting to remote service
09-07 04:35:32.088  7867  7867 D BoundBrokerSvc: onBind: Intent { act=com.google.android.gms.measurement.START pkg=com.google.android.gms }
09-07 04:35:32.088  7867  7867 D BoundBrokerSvc: Loading bound service for intent: Intent { act=com.google.android.gms.measurement.START pkg=com.google.android.gms }
09-07 04:35:32.089 27169 27216 V FA      : Connection attempt already in progress
09-07 04:35:32.089 27169 27216 V FA      : Activity paused, time: 4255929
09-07 04:35:32.090  1793  1793 D gralloc_ranchu: gralloc_alloc: Creating ashmem region of size 9850880
09-07 04:35:32.101  1793  1793 D gralloc_ranchu: gralloc_alloc: Creating ashmem region of size 9850880
09-07 04:35:32.104 27227 27259 D EGL_emulation: eglMakeCurrent: 0xe224fba0: ver 2 0 (tinfo 0xed489420)
09-07 04:35:32.105  1793  1793 D gralloc_ranchu: gralloc_alloc: Creating ashmem region of size 9850880
09-07 04:35:32.124 27169 27216 D FA      : Connected to remote service
09-07 04:35:32.125 27169 27216 V FA      : Processing queued up service tasks: 2
09-07 04:35:32.134  2037  2311 W InputReader: Device has associated, but no associated display id.
09-07 04:35:32.136  2037  2311 I chatty  : uid=1000(system) Binder:2037_6 identical 48 lines
09-07 04:35:32.136  2037  2311 W InputReader: Device has associated, but no associated display id.
09-07 04:35:32.145 27227 27227 W ActivityThread: handleWindowVisibility: no activity for token android.os.BinderProxy@7819a38
09-07 04:35:32.155  7867 26011 V FA-SVC  : Logging event: origin=auto,name=user_engagement(_e),params=Bundle[{ga_event_origin(_o)=auto, engagement_time_msec(_et)=16133, ga_screen_class(_sc)=AppActivity, ga_screen_id(_si)=4312128963377798045}]
09-07 04:35:32.161  2037  2311 W ActivityTaskManager: Duplicate finish request for ActivityRecord{12387ae u0 ru.iteco.fmhandroid/.ui.AppActivity t801 f}
09-07 04:35:32.174  7867 26011 V FA-SVC  : Upload scheduled in approximately ms: 3107125
09-07 04:35:32.175  7867 26011 V FA-SVC  : Unscheduling upload
09-07 04:35:32.178  7867 26011 V FA-SVC  : Scheduling upload, millis: 3107125
09-07 04:35:32.181  7867 26011 V FA-SVC  : Background event processing time, ms: 26
09-07 04:35:32.195  1793  1793 D gralloc_ranchu: gralloc_alloc: Creating ashmem region of size 9850880
09-07 04:35:32.201  1793  1793 D gralloc_ranchu: gralloc_alloc: Creating ashmem region of size 9850880
09-07 04:35:32.203 27227 27259 D EGL_emulation: eglMakeCurrent: 0xe224fba0: ver 2 0 (tinfo 0xed489420)
09-07 04:35:32.204  1793  1793 D gralloc_ranchu: gralloc_alloc: Creating ashmem region of size 9850880
09-07 04:35:32.224  1792  2272 E GnssHAL_GnssInterface: gnssSvStatusCb: a: input svInfo.flags is 8
09-07 04:35:32.224  1792  2272 E GnssHAL_GnssInterface: gnssSvStatusCb: b: input svInfo.flags is 8
09-07 04:35:32.231  2037  2061 W InputReader: Device has associated, but no associated display id.
09-07 04:35:32.232  2037  2061 I chatty  : uid=1000(system) android.anim identical 18 lines
09-07 04:35:32.232  2037  2061 W InputReader: Device has associated, but no associated display id.
09-07 04:35:32.234  2037  2065 I ActivityTaskManager: Displayed ru.iteco.fmhandroid.test/androidx.test.core.app.InstrumentationActivityInvoker$EmptyActivity: +101ms
09-07 04:35:32.240  2037  7737 W InputReader: Device has associated, but no associated display id.
09-07 04:35:32.240  2037  7737 I chatty  : uid=1000(system) Binder:2037_1D identical 8 lines
09-07 04:35:32.240  2037  7737 W InputReader: Device has associated, but no associated display id.
09-07 04:35:32.244 27169 27262 D EGL_emulation: eglMakeCurrent: 0xda21b3e0: ver 2 0 (tinfo 0xda20fe10)
09-07 04:35:32.255  2037  6424 W InputReader: Device has associated, but no associated display id.
09-07 04:35:32.255  2037  6424 I chatty  : uid=1000(system) Binder:2037_1B identical 8 lines
09-07 04:35:32.255  2037  6424 W InputReader: Device has associated, but no associated display id.
09-07 04:35:32.259  1823  1823 W SurfaceFlinger: couldn't log to binary event log: overflow.
09-07 04:35:32.270 27169 27169 D LifecycleMonitor: Lifecycle status change: ru.iteco.fmhandroid.ui.AppActivity@a414ca6 in: STOPPED
09-07 04:35:32.270 27169 27169 V ActivityScenario: Update currentActivityStage to STOPPED, currentActivity=ru.iteco.fmhandroid.ui.AppActivity@a414ca6
09-07 04:35:32.274  1793  1793 D gralloc_ranchu: gralloc_alloc: Creating ashmem region of size 9850880
09-07 04:35:32.294  1793  1793 I chatty  : uid=1000(system) allocator@2.0-s identical 1 line
09-07 04:35:32.296  1793  1793 D gralloc_ranchu: gralloc_alloc: Creating ashmem region of size 9850880
09-07 04:35:32.303 27169 27169 W System.err: ru.iteco.fmhandroid.exceptions.UnknownException
09-07 04:35:32.303 27169 27169 W System.err: 	at ru.iteco.fmhandroid.utils.Utils.makeRequest(Utils.kt:123)
09-07 04:35:32.303 27169 27169 W System.err: 	at ru.iteco.fmhandroid.utils.Utils$makeRequest$1.invokeSuspend(Unknown Source:15)
09-07 04:35:32.303 27169 27169 W System.err: 	at kotlin.coroutines.jvm.internal.BaseContinuationImpl.resumeWith(ContinuationImpl.kt:33)
09-07 04:35:32.303 27169 27169 W System.err: 	at kotlinx.coroutines.DispatchedTaskKt.resume(DispatchedTask.kt:234)
09-07 04:35:32.304 27169 27169 W System.err: 	at kotlinx.coroutines.DispatchedTaskKt.resumeUnconfined(DispatchedTask.kt:190)
09-07 04:35:32.304 27169 27169 W System.err: 	at kotlinx.coroutines.DispatchedTaskKt.dispatch(DispatchedTask.kt:161)
09-07 04:35:32.304 27169 27169 W System.err: 	at kotlinx.coroutines.CancellableContinuationImpl.dispatchResume(CancellableContinuationImpl.kt:397)
09-07 04:35:32.304 27169 27169 W System.err: 	at kotlinx.coroutines.CancellableContinuationImpl.cancel(CancellableContinuationImpl.kt:183)
09-07 04:35:32.304 27169 27284 I okhttp.OkHttpClient: <-- HTTP FAILED: java.net.SocketException: Socket closed
09-07 04:35:32.304 27169 27169 W System.err: 	at kotlinx.coroutines.CancellableContinuationImpl.parentCancelled$kotlinx_coroutines_core(CancellableContinuationImpl.kt:190)
09-07 04:35:32.304 27169 27169 W System.err: 	at kotlinx.coroutines.ChildContinuation.invoke(JobSupport.kt:1474)
09-07 04:35:32.304 27169 27169 W System.err: 	at kotlinx.coroutines.JobSupport.notifyCancelling(JobSupport.kt:1499)
09-07 04:35:32.304 27169 27169 W System.err: 	at kotlinx.coroutines.JobSupport.tryMakeCancelling(JobSupport.kt:795)
09-07 04:35:32.304 27169 27169 W System.err: 	at kotlinx.coroutines.JobSupport.makeCancelling(JobSupport.kt:755)
09-07 04:35:32.304 27169 27169 W System.err: 	at kotlinx.coroutines.JobSupport.cancelImpl$kotlinx_coroutines_core(JobSupport.kt:671)
09-07 04:35:32.304 27169 27169 W System.err: 	at kotlinx.coroutines.JobSupport.parentCancelled(JobSupport.kt:637)
09-07 04:35:32.304 27169 27169 W System.err: 	at kotlinx.coroutines.ChildHandleNode.invoke(JobSupport.kt:1465)
09-07 04:35:32.304 27169 27169 W System.err: 	at kotlinx.coroutines.JobSupport.notifyCancelling(JobSupport.kt:1499)
09-07 04:35:32.304 27169 27169 W System.err: 	at kotlinx.coroutines.JobSupport.tryMakeCompletingSlowPath(JobSupport.kt:900)
09-07 04:35:32.304 27169 27169 W System.err: 	at kotlinx.coroutines.JobSupport.tryMakeCompleting(JobSupport.kt:863)
09-07 04:35:32.304 27169 27169 W System.err: 	at kotlinx.coroutines.JobSupport.cancelMakeCompleting(JobSupport.kt:696)
09-07 04:35:32.304 27169 27169 W System.err: 	at kotlinx.coroutines.JobSupport.cancelImpl$kotlinx_coroutines_core(JobSupport.kt:667)
09-07 04:35:32.304 27169 27169 W System.err: 	at kotlinx.coroutines.JobSupport.cancelInternal(JobSupport.kt:632)
09-07 04:35:32.304 27169 27169 W System.err: 	at kotlinx.coroutines.JobSupport.cancel(JobSupport.kt:617)
09-07 04:35:32.304 27169 27169 W System.err: 	at kotlinx.coroutines.JobKt__JobKt.cancel(Job.kt:561)
09-07 04:35:32.305 27169 27169 W System.err: 	at kotlinx.coroutines.JobKt.cancel(Unknown Source:1)
09-07 04:35:32.305 27169 27169 W System.err: 	at kotlinx.coroutines.JobKt__JobKt.cancel$default(Job.kt:560)
09-07 04:35:32.305 27169 27169 W System.err: 	at kotlinx.coroutines.JobKt.cancel$default(Unknown Source:1)
09-07 04:35:32.305 27169 27169 W System.err: 	at androidx.lifecycle.CloseableCoroutineScope.close(ViewModel.kt:51)
09-07 04:35:32.305 27169 27169 W System.err: 	at androidx.lifecycle.ViewModel.closeWithRuntimeException(ViewModel.java:188)
09-07 04:35:32.305 27169 27169 W System.err: 	at androidx.lifecycle.ViewModel.clear(ViewModel.java:134)
09-07 04:35:32.305 27169 27169 W System.err: 	at androidx.lifecycle.ViewModelStore.clear(ViewModelStore.java:62)
09-07 04:35:32.306 27169 27169 W System.err: 	at androidx.fragment.app.FragmentManagerViewModel.clearNonConfigStateInternal(FragmentManagerViewModel.java:210)
09-07 04:35:32.306 27169 27169 W System.err: 	at androidx.fragment.app.FragmentManagerViewModel.clearNonConfigState(FragmentManagerViewModel.java:190)
09-07 04:35:32.306 27169 27169 W System.err: 	at androidx.fragment.app.FragmentStateManager.destroy(FragmentStateManager.java:778)
09-07 04:35:32.306 27169 27169 W System.err: 	at androidx.fragment.app.FragmentStateManager.moveToExpectedState(FragmentStateManager.java:335)
09-07 04:35:32.307 27169 27169 W System.err: 	at androidx.fragment.app.FragmentStore.moveToExpectedState(FragmentStore.java:113)
09-07 04:35:32.307  1793  1793 D gralloc_ranchu: gralloc_alloc: Creating ashmem region of size 9850880
09-07 04:35:32.308 27169 27169 W System.err: 	at androidx.fragment.app.FragmentManager.moveToState(FragmentManager.java:1374)
09-07 04:35:32.309 27169 27169 W System.err: 	at androidx.fragment.app.FragmentManager.dispatchStateChange(FragmentManager.java:2841)
09-07 04:35:32.309 27169 27169 W System.err: 	at androidx.fragment.app.FragmentManager.dispatchDestroy(FragmentManager.java:2820)
09-07 04:35:32.309 27169 27169 W System.err: 	at androidx.fragment.app.Fragment.performDestroy(Fragment.java:3246)
09-07 04:35:32.309 27169 27169 W System.err: 	at androidx.fragment.app.FragmentStateManager.destroy(FragmentStateManager.java:780)
09-07 04:35:32.309 27169 27169 W System.err: 	at androidx.fragment.app.FragmentStateManager.moveToExpectedState(FragmentStateManager.java:335)
09-07 04:35:32.309 27169 27169 W System.err: 	at androidx.fragment.app.SpecialEffectsController$FragmentStateManagerOperation.complete(SpecialEffectsController.java:771)
09-07 04:35:32.309 27169 27169 W System.err: 	at androidx.fragment.app.SpecialEffectsController$Operation.cancel(SpecialEffectsController.java:615)
09-07 04:35:32.309 27169 27169 W System.err: 	at androidx.fragment.app.SpecialEffectsController.forceCompleteAllOperations(SpecialEffectsController.java:350)
09-07 04:35:32.311 27169 27169 W System.err: 	at androidx.fragment.app.FragmentManager.dispatchStateChange(FragmentManager.java:2844)
09-07 04:35:32.311 27169 27169 W System.err: 	at androidx.fragment.app.FragmentManager.dispatchDestroy(FragmentManager.java:2820)
09-07 04:35:32.311 27169 27169 W System.err: 	at androidx.fragment.app.FragmentController.dispatchDestroy(FragmentController.java:345)
09-07 04:35:32.311 27169 27169 W System.err: 	at androidx.fragment.app.FragmentActivity.onDestroy(FragmentActivity.java:306)
09-07 04:35:32.311 27169 27169 W System.err: 	at androidx.appcompat.app.AppCompatActivity.onDestroy(AppCompatActivity.java:278)
09-07 04:35:32.311  2037  2037 W ActivityManager: Unable to start service Intent { act=android.service.appprediction.AppPredictionService cmp=com.google.android.as/com.google.android.apps.miphone.aiai.app.AiAiPredictionService } U=0: not found
09-07 04:35:32.311  2037  2037 W RemoteAppPredictionService: could not bind to Intent { act=android.service.appprediction.AppPredictionService cmp=com.google.android.as/com.google.android.apps.miphone.aiai.app.AiAiPredictionService } using flags 67108865
09-07 04:35:32.311 27169 27169 W System.err: 	at android.app.Activity.performDestroy(Activity.java:8048)
09-07 04:35:32.311 27169 27169 W System.err: 	at android.app.Instrumentation.callActivityOnDestroy(Instrumentation.java:1334)
09-07 04:35:32.312 27169 27169 W System.err: 	at androidx.test.runner.MonitoringInstrumentation.callActivityOnDestroy(MonitoringInstrumentation.java:766)
09-07 04:35:32.312 27169 27169 W System.err: 	at android.app.ActivityThread.performDestroyActivity(ActivityThread.java:4926)
09-07 04:35:32.312 27169 27169 W System.err: 	at android.app.ActivityThread.handleDestroyActivity(ActivityThread.java:4970)
09-07 04:35:32.312 27169 27169 W System.err: 	at android.app.servertransaction.DestroyActivityItem.execute(DestroyActivityItem.java:44)
09-07 04:35:32.312 27169 27169 W System.err: 	at android.app.servertransaction.TransactionExecutor.executeLifecycleState(TransactionExecutor.java:176)
09-07 04:35:32.312 27169 27169 W System.err: 	at android.app.servertransaction.TransactionExecutor.execute(TransactionExecutor.java:97)
09-07 04:35:32.312 27169 27169 W System.err: 	at android.app.ActivityThread$H.handleMessage(ActivityThread.java:2016)
09-07 04:35:32.312 27169 27169 W System.err: 	at android.os.Handler.dispatchMessage(Handler.java:107)
09-07 04:35:32.313 27169 27169 W System.err: 	at android.os.Looper.loop(Looper.java:214)
09-07 04:35:32.314 27169 27169 W System.err: 	at android.app.ActivityThread.main(ActivityThread.java:7356)
09-07 04:35:32.314 27169 27169 W System.err: 	at java.lang.reflect.Method.invoke(Native Method)
09-07 04:35:32.314 27169 27169 W System.err: 	at com.android.internal.os.RuntimeInit$MethodAndArgsCaller.run(RuntimeInit.java:492)
09-07 04:35:32.314 27169 27169 W System.err: 	at com.android.internal.os.ZygoteInit.main(ZygoteInit.java:930)
09-07 04:35:32.320  2666  3068 D EGL_emulation: eglMakeCurrent: 0xda21b0e0: ver 2 0 (tinfo 0xda20fbb0)
09-07 04:35:32.322 27169 27169 D LifecycleMonitor: Lifecycle status change: ru.iteco.fmhandroid.ui.AppActivity@a414ca6 in: DESTROYED
09-07 04:35:32.322 27169 27169 V ActivityScenario: Update currentActivityStage to DESTROYED, currentActivity=null
09-07 04:35:32.322 27169 27215 I TestRunner: finished: shouldOpenOurMissionPage(ru.iteco.fmhandroid.ui.MainPageTest)
09-07 04:35:32.323  2434  2714 D EGL_emulation: eglMakeCurrent: 0xed453b60: ver 2 0 (tinfo 0xe233a960)
09-07 04:35:32.347  1793  1793 D gralloc_ranchu: gralloc_alloc: Creating ashmem region of size 9850880
09-07 04:35:32.356  1793  1793 D gralloc_ranchu: gralloc_alloc: Creating ashmem region of size 9850880
09-07 04:35:32.362  2666  2666 I dnsi    : onStart
09-07 04:35:32.365  2666  2666 I dnsi    : onResume
09-07 04:35:32.367  2037  2061 W InputReader: Device has associated, but no associated display id.
09-07 04:35:32.368  2037  2061 I chatty  : uid=1000(system) android.anim identical 8 lines
09-07 04:35:32.368  2037  2061 W InputReader: Device has associated, but no associated display id.
09-07 04:35:32.371  2182  2468 D EGL_emulation: eglMakeCurrent: 0xda21a360: ver 2 0 (tinfo 0xda20f590)
09-07 04:35:32.376  2182  2182 W View    : requestLayout() improperly called by com.android.keyguard.AlphaOptimizedLinearLayout{551c6d8 V.E...... ......ID 7,0-48,61 #7f0a041c app:id/wifi_group} during second layout pass: posting in next frame
09-07 04:35:32.381  1793  1793 D gralloc_ranchu: gralloc_alloc: Creating ashmem region of size 6307840
09-07 04:35:32.388  2182  2182 W View    : requestLayout() improperly called by StatusBarIconView(slot=mobile icon=null notification=null) during layout: running second layout pass
09-07 04:35:32.391  2182  2468 D EGL_emulation: eglMakeCurrent: 0xda21a360: ver 2 0 (tinfo 0xda20f590)
09-07 04:35:32.407 27169 27215 I TestRunner: started: shouldOpenNewsItemDescription(ru.iteco.fmhandroid.ui.MainPageTest)
09-07 04:35:32.412 27227 27259 D EGL_emulation: eglMakeCurrent: 0xe224fba0: ver 2 0 (tinfo 0xed489420)
09-07 04:35:32.426  1823  1823 E Layer   : [Surface(name=AppWindowToken{459e199 token=Token{b961ae0 ActivityRecord{53be0e3 u0 com.google.android.apps.nexuslauncher/.NexusLauncherActivity t652}}})/@0xafc1306 - animation-leash#0] No local sync point found
09-07 04:35:32.426  1823  1823 E Layer   : [Surface(name=AppWindowToken{e6bf65d token=Token{76c3834 ActivityRecord{7558f07 u0 ru.iteco.fmhandroid.test/androidx.test.core.app.InstrumentationActivityInvoker$EmptyActivity t801}}})/@0x7803b32 - animation-leash#0] No local sync point found
09-07 04:35:32.451  2037  5599 D HostConnection: HostConnection::get() New Host Connection established 0xda23f020, tid 5599
09-07 04:35:32.454  2037  5599 D HostConnection: HostComposition ext ANDROID_EMU_CHECKSUM_HELPER_v1 ANDROID_EMU_dma_v1 ANDROID_EMU_direct_mem ANDROID_EMU_vulkan ANDROID_EMU_deferred_vulkan_commands ANDROID_EMU_vulkan_null_optional_strings ANDROID_EMU_vulkan_create_resources_with_requirements ANDROID_EMU_YUV420_888_to_NV21 ANDROID_EMU_YUV_Cache ANDROID_EMU_vulkan_free_memory_sync ANDROID_EMU_vulkan_shader_float16_int8 ANDROID_EMU_vulkan_async_queue_submit ANDROID_EMU_sync_buffer_data GL_OES_vertex_array_object GL_KHR_texture_compression_astc_ldr ANDROID_EMU_host_side_tracing ANDROID_EMU_gles_max_version_2 
09-07 04:35:32.459  2037  5599 W OpenGLRenderer: Failed to choose config with EGL_SWAP_BEHAVIOR_PRESERVED, retrying without...
09-07 04:35:32.459 27169 27215 W Settings: Setting always_finish_activities has moved from android.provider.Settings.System to android.provider.Settings.Global, returning read-only value.
09-07 04:35:32.460  7867  7867 D BoundBrokerSvc: onBind: Intent { act=com.google.android.gms.inappreach.service.START dat=chimera-action: cmp=com.google.android.gms/.chimera.GmsApiService }
09-07 04:35:32.460  7867  7867 D BoundBrokerSvc: Loading bound service for intent: Intent { act=com.google.android.gms.inappreach.service.START dat=chimera-action: cmp=com.google.android.gms/.chimera.GmsApiService }
09-07 04:35:32.462  1823  1823 W SurfaceFlinger: couldn't log to binary event log: overflow.
09-07 04:35:32.464  2182  2468 D EGL_emulation: eglMakeCurrent: 0xda21a360: ver 2 0 (tinfo 0xda20f590)
09-07 04:35:32.473  2037  5599 D eglCodecCommon: setVertexArrayObject: set vao to 0 (0) 0 0
09-07 04:35:32.473  2037  5599 D EGL_emulation: eglCreateContext: 0xa7a623a0: maj 2 min 0 rcv 2
09-07 04:35:32.475  2182  2182 W View    : requestLayout() improperly called by com.android.keyguard.AlphaOptimizedLinearLayout{551c6d8 V.E...... ......ID 7,0-48,61 #7f0a041c app:id/wifi_group} during second layout pass: posting in next frame
09-07 04:35:32.484  2434  2453 W System  : A resource failed to call release. 
09-07 04:35:32.484  2434  2453 W System  : A resource failed to call release. 
09-07 04:35:32.504  2182  2182 W View    : requestLayout() improperly called by StatusBarIconView(slot=mobile icon=null notification=null) during layout: running second layout pass
09-07 04:35:32.508  2037  2674 I ActivityTaskManager: START u0 {act=android.intent.action.MAIN cat=[android.intent.category.LAUNCHER] flg=0x10008000 cmp=ru.iteco.fmhandroid.test/androidx.test.core.app.InstrumentationActivityInvoker$BootstrapActivity (has extras)} from uid 10136
09-07 04:35:32.514  2182  2468 D EGL_emulation: eglMakeCurrent: 0xda21a360: ver 2 0 (tinfo 0xda20f590)
09-07 04:35:32.515  2037  5599 D EGL_emulation: eglMakeCurrent: 0xa7a623a0: ver 2 0 (tinfo 0xba668ca0)
09-07 04:35:32.539  2037  5599 D eglCodecCommon: setVertexArrayObject: set vao to 0 (0) 1 0
09-07 04:35:32.540  2037  2674 W InputReader: Device has associated, but no associated display id.
09-07 04:35:32.542  2037  2674 I chatty  : uid=1000(system) Binder:2037_A identical 28 lines
09-07 04:35:32.542  2037  2674 W InputReader: Device has associated, but no associated display id.
09-07 04:35:32.542 27227 27227 W ActivityThread: handleWindowVisibility: no activity for token android.os.BinderProxy@7c6ac8b
09-07 04:35:32.544  2037  2674 W InputReader: Device has associated, but no associated display id.
09-07 04:35:32.544  2037  2674 I chatty  : uid=1000(system) Binder:2037_A identical 8 lines
09-07 04:35:32.544  2037  2674 W InputReader: Device has associated, but no associated display id.
09-07 04:35:32.560  1793  1793 D gralloc_ranchu: gralloc_alloc: Creating ashmem region of size 9850880
09-07 04:35:32.564  2037  6424 I ActivityTaskManager: START u0 {act=android.intent.action.MAIN cat=[android.intent.category.LAUNCHER] cmp=ru.iteco.fmhandroid/.ui.AppActivity} from uid 10136
09-07 04:35:32.576  2037  4315 W InputReader: Device has associated, but no associated display id.
09-07 04:35:32.578  2037  4315 I chatty  : uid=1000(system) Binder:2037_11 identical 38 lines
09-07 04:35:32.578  2037  4315 W InputReader: Device has associated, but no associated display id.
09-07 04:35:32.579  2182  2197 I ndroid.systemu: NativeAlloc concurrent copying GC freed 5772(309KB) AllocSpace objects, 0(0B) LOS objects, 49% free, 5706KB/11MB, paused 15.575ms total 102.122ms
09-07 04:35:32.580  2037  4315 W InputReader: Device has associated, but no associated display id.
09-07 04:35:32.580  2037  4315 I chatty  : uid=1000(system) Binder:2037_11 identical 8 lines
09-07 04:35:32.581  2037  4315 W InputReader: Device has associated, but no associated display id.
09-07 04:35:32.583 27169 27169 W ActivityThread: handleWindowVisibility: no activity for token android.os.BinderProxy@ed95aba
09-07 04:35:32.604 27169 27169 D LifecycleMonitor: Lifecycle status change: ru.iteco.fmhandroid.ui.AppActivity@3326886 in: PRE_ON_CREATE
09-07 04:35:32.605 27169 27169 V ActivityScenario: Activity lifecycle changed event received but ignored because the reported transition was not ON_CREATE while the last known transition was PRE_ON_CREATE
09-07 04:35:32.611 27169 27207 V FA      : onActivityCreated
09-07 04:35:32.618  2037  2061 W InputReader: Device has associated, but no associated display id.
09-07 04:35:32.618  2037  2061 I chatty  : uid=1000(system) android.anim identical 8 lines
09-07 04:35:32.618  2037  2061 W InputReader: Device has associated, but no associated display id.
09-07 04:35:32.629  2666  3068 D EGL_emulation: eglMakeCurrent: 0xda21b0e0: ver 2 0 (tinfo 0xda20fbb0)
09-07 04:35:32.634  2434  2714 D EGL_emulation: eglMakeCurrent: 0xed453b60: ver 2 0 (tinfo 0xe233a960)
09-07 04:35:32.638  2666  2666 I dnsi    : onPause
09-07 04:35:32.639 27169 27169 D LifecycleMonitor: Lifecycle status change: ru.iteco.fmhandroid.ui.AppActivity@3326886 in: CREATED
09-07 04:35:32.639 27169 27169 V ActivityScenario: Update currentActivityStage to CREATED, currentActivity=ru.iteco.fmhandroid.ui.AppActivity@3326886
09-07 04:35:32.653  2182  2468 D EGL_emulation: eglMakeCurrent: 0xda21a360: ver 2 0 (tinfo 0xda20f590)
09-07 04:35:32.658  2182  2182 W View    : requestLayout() improperly called by com.android.keyguard.AlphaOptimizedLinearLayout{551c6d8 V.E...... ......ID 7,0-48,61 #7f0a041c app:id/wifi_group} during second layout pass: posting in next frame
09-07 04:35:32.663  2182  2182 W View    : requestLayout() improperly called by StatusBarIconView(slot=mobile icon=null notification=null) during layout: running second layout pass
09-07 04:35:32.665  2182  2468 D EGL_emulation: eglMakeCurrent: 0xda21a360: ver 2 0 (tinfo 0xda20f590)
09-07 04:35:32.672 27169 27169 D LifecycleMonitor: Lifecycle status change: ru.iteco.fmhandroid.ui.AppActivity@3326886 in: STARTED
09-07 04:35:32.672 27169 27169 V ActivityScenario: Update currentActivityStage to STARTED, currentActivity=ru.iteco.fmhandroid.ui.AppActivity@3326886
09-07 04:35:32.674 27169 27169 D LifecycleMonitor: Lifecycle status change: ru.iteco.fmhandroid.ui.AppActivity@3326886 in: RESUMED
09-07 04:35:32.674 27169 27169 V ActivityScenario: Update currentActivityStage to RESUMED, currentActivity=ru.iteco.fmhandroid.ui.AppActivity@3326886
09-07 04:35:32.674 27169 27216 V FA      : Activity resumed, time: 4256567
09-07 04:35:32.687  2666  2710 V ClearcutMetricXmitter: Transmission is done.
09-07 04:35:32.694  1793  1793 D gralloc_ranchu: gralloc_alloc: Creating ashmem region of size 9113600
09-07 04:35:32.711  1793  1793 I chatty  : uid=1000(system) allocator@2.0-s identical 1 line
09-07 04:35:32.715  1793  1793 D gralloc_ranchu: gralloc_alloc: Creating ashmem region of size 9113600
09-07 04:35:32.715 27169 27262 D EGL_emulation: eglMakeCurrent: 0xda21b3e0: ver 2 0 (tinfo 0xda20fe10)
09-07 04:35:32.763  7867 26011 V FA-SVC  : Logging event: origin=auto,name=screen_view(_vs),params=Bundle[{ga_event_origin(_o)=auto, ga_previous_class(_pc)=AppActivity, ga_previous_id(_pi)=4312128963377798045, ga_screen_class(_sc)=AppActivity, ga_screen_id(_si)=4312128963377798046}]
09-07 04:35:32.766  2037  2065 I ActivityTaskManager: Displayed ru.iteco.fmhandroid/.ui.AppActivity: +251ms
09-07 04:35:32.770  7867 26011 V FA-SVC  : Upload scheduled in approximately ms: 3106529
09-07 04:35:32.771  7867 26011 V FA-SVC  : Unscheduling upload
09-07 04:35:32.775  2182  2182 W View    : requestLayout() improperly called by com.android.keyguard.AlphaOptimizedLinearLayout{551c6d8 V.E...... ......ID 7,0-48,61 #7f0a041c app:id/wifi_group} during second layout pass: posting in next frame
09-07 04:35:32.779  7867 26011 V FA-SVC  : Scheduling upload, millis: 3106529
09-07 04:35:32.786  7867 26011 V FA-SVC  : Background event processing time, ms: 23
09-07 04:35:32.793  2182  2182 W View    : requestLayout() improperly called by StatusBarIconView(slot=mobile icon=null notification=null) during layout: running second layout pass
09-07 04:35:32.811 27169 27169 I ViewInteraction: Performing 'wait for a specific view with <(an instance of android.widget.TextView and view.getText() with or without transformation to match: is "Authorization" and view.getParent() view.getParent() view.getId() is <2131231186>)> during 10000 millis.' action on view view.getRootView() to equal view
09-07 04:35:32.823  2666  2666 I dnsi    : onStop
09-07 04:35:32.835  2182  2182 W View    : requestLayout() improperly called by com.android.keyguard.AlphaOptimizedLinearLayout{551c6d8 V.E...... ......ID 7,0-48,61 #7f0a041c app:id/wifi_group} during second layout pass: posting in next frame
09-07 04:35:32.836  2182  2182 W View    : requestLayout() improperly called by StatusBarIconView(slot=mobile icon=null notification=null) during layout: running second layout pass
09-07 04:35:32.845  1823  1823 W SurfaceFlinger: couldn't log to binary event log: overflow.
09-07 04:35:32.846  1823  1823 W SurfaceFlinger: couldn't log to binary event log: overflow.
09-07 04:35:32.868  2182  2182 W View    : requestLayout() improperly called by com.android.keyguard.AlphaOptimizedLinearLayout{551c6d8 V.E...... ......ID 7,0-48,61 #7f0a041c app:id/wifi_group} during second layout pass: posting in next frame
09-07 04:35:32.869  2182  2182 W View    : requestLayout() improperly called by StatusBarIconView(slot=mobile icon=null notification=null) during layout: running second layout pass
09-07 04:35:32.909  2182  2182 W View    : requestLayout() improperly called by com.android.keyguard.AlphaOptimizedLinearLayout{551c6d8 V.E...... ......ID 7,0-48,61 #7f0a041c app:id/wifi_group} during second layout pass: posting in next frame
09-07 04:35:32.909  2182  2182 W View    : requestLayout() improperly called by StatusBarIconView(slot=mobile icon=null notification=null) during layout: running second layout pass
09-07 04:35:32.943  2182  2182 W View    : requestLayout() improperly called by com.android.keyguard.AlphaOptimizedLinearLayout{551c6d8 V.E...... ......ID 7,0-48,61 #7f0a041c app:id/wifi_group} during second layout pass: posting in next frame
09-07 04:35:32.943  2182  2182 W View    : requestLayout() improperly called by StatusBarIconView(slot=mobile icon=null notification=null) during layout: running second layout pass
09-07 04:35:32.982  2182  2182 W View    : requestLayout() improperly called by com.android.keyguard.AlphaOptimizedLinearLayout{551c6d8 V.E...... ......ID 7,0-48,61 #7f0a041c app:id/wifi_group} during second layout pass: posting in next frame
09-07 04:35:32.983  2182  2182 W View    : requestLayout() improperly called by StatusBarIconView(slot=mobile icon=null notification=null) during layout: running second layout pass
09-07 04:35:33.225  1792  2272 E GnssHAL_GnssInterface: gnssSvStatusCb: a: input svInfo.flags is 8
09-07 04:35:33.225  1792  2272 E GnssHAL_GnssInterface: gnssSvStatusCb: b: input svInfo.flags is 8
09-07 04:35:34.225  1792  2272 E GnssHAL_GnssInterface: gnssSvStatusCb: a: input svInfo.flags is 8
09-07 04:35:34.225  1792  2272 E GnssHAL_GnssInterface: gnssSvStatusCb: b: input svInfo.flags is 8
09-07 04:35:34.838  1781  1781 W audio_hw_generic: Not supplying enough data to HAL, expected position 57215151 , only wrote 57078011
09-07 04:35:35.225  1792  2272 E GnssHAL_GnssInterface: gnssSvStatusCb: a: input svInfo.flags is 8
09-07 04:35:35.225  1792  2272 E GnssHAL_GnssInterface: gnssSvStatusCb: b: input svInfo.flags is 8
09-07 04:35:35.677 27169 27280 I okhttp.OkHttpClient: --> GET http://www.981757-ca08998.tmweb.ru:8080/fmh/authentication/userInfo
09-07 04:35:35.677 27169 27280 I okhttp.OkHttpClient: --> END GET
09-07 04:35:35.854 27169 27280 I okhttp.OkHttpClient: <-- 200 http://www.981757-ca08998.tmweb.ru:8080/fmh/authentication/userInfo (175ms)
09-07 04:35:35.855 27169 27280 I okhttp.OkHttpClient: Vary: Origin
09-07 04:35:35.855 27169 27280 I okhttp.OkHttpClient: Vary: Access-Control-Request-Method
09-07 04:35:35.856 27169 27280 I okhttp.OkHttpClient: Vary: Access-Control-Request-Headers
09-07 04:35:35.858 27169 27280 I okhttp.OkHttpClient: X-Content-Type-Options: nosniff
09-07 04:35:35.861 27169 27280 I okhttp.OkHttpClient: X-XSS-Protection: 1; mode=block
09-07 04:35:35.862 27169 27280 I okhttp.OkHttpClient: Cache-Control: no-cache, no-store, max-age=0, must-revalidate
09-07 04:35:35.864 27169 27280 I okhttp.OkHttpClient: Pragma: no-cache
09-07 04:35:35.864 27169 27280 I okhttp.OkHttpClient: Expires: 0
09-07 04:35:35.864 27169 27280 I okhttp.OkHttpClient: X-Frame-Options: DENY
09-07 04:35:35.865 27169 27280 I okhttp.OkHttpClient: Content-Type: application/json
09-07 04:35:35.868 27169 27280 I okhttp.OkHttpClient: Transfer-Encoding: chunked
09-07 04:35:35.869 27169 27280 I okhttp.OkHttpClient: Date: Thu, 07 Sep 2023 04:35:36 GMT
09-07 04:35:35.869 27169 27280 I okhttp.OkHttpClient: Keep-Alive: timeout=60
09-07 04:35:35.872 27169 27280 I okhttp.OkHttpClient: Connection: keep-alive
09-07 04:35:35.873 27169 27280 I okhttp.OkHttpClient: {"id":1,"firstName":"Ivan","lastName":"Ivanov","middleName":"Ivanovich","admin":true}
09-07 04:35:35.874 27169 27280 I okhttp.OkHttpClient: <-- END HTTP (85-byte body)
09-07 04:35:35.890 27169 27284 I okhttp.OkHttpClient: --> GET http://www.981757-ca08998.tmweb.ru:8080/fmh/claims
09-07 04:35:35.890 27169 27284 I okhttp.OkHttpClient: --> END GET
09-07 04:35:35.893  1774 27398 E ResolverController: No valid NAT64 prefix (101, <unspecified>/0)
09-07 04:35:35.969  2182  2182 W View    : requestLayout() improperly called by com.android.keyguard.AlphaOptimizedLinearLayout{551c6d8 V.E...... ......ID 7,0-48,61 #7f0a041c app:id/wifi_group} during second layout pass: posting in next frame
09-07 04:35:35.975 27169 27262 D EGL_emulation: eglMakeCurrent: 0xda21b3e0: ver 2 0 (tinfo 0xda20fe10)
09-07 04:35:35.979  1793  1793 D gralloc_ranchu: gralloc_alloc: Creating ashmem region of size 9850880
09-07 04:35:35.986  2182  2182 W View    : requestLayout() improperly called by StatusBarIconView(slot=mobile icon=null notification=null) during layout: running second layout pass
09-07 04:35:35.994 27169 27262 D EGL_emulation: eglMakeCurrent: 0xda21b3e0: ver 2 0 (tinfo 0xda20fe10)
09-07 04:35:36.025  1793  1793 D gralloc_ranchu: gralloc_alloc: Creating ashmem region of size 9850880
09-07 04:35:36.051  1793  1793 D gralloc_ranchu: gralloc_alloc: Creating ashmem region of size 9850880
09-07 04:35:36.225  1792  2272 E GnssHAL_GnssInterface: gnssSvStatusCb: a: input svInfo.flags is 8
09-07 04:35:36.225  1792  2272 E GnssHAL_GnssInterface: gnssSvStatusCb: b: input svInfo.flags is 8
09-07 04:35:36.251 27169 27182 I teco.fmhandroi: NativeAlloc concurrent copying GC freed 200346(8595KB) AllocSpace objects, 11(400KB) LOS objects, 36% free, 10MB/16MB, paused 639us total 157.620ms
09-07 04:35:37.225  1792  2272 E GnssHAL_GnssInterface: gnssSvStatusCb: a: input svInfo.flags is 8
09-07 04:35:37.225  1792  2272 E GnssHAL_GnssInterface: gnssSvStatusCb: b: input svInfo.flags is 8
09-07 04:35:37.766 27169 27216 V FA      : Inactivity, disconnecting from the service
09-07 04:35:38.225  1792  2272 E GnssHAL_GnssInterface: gnssSvStatusCb: a: input svInfo.flags is 8
09-07 04:35:38.226  1792  2272 E GnssHAL_GnssInterface: gnssSvStatusCb: b: input svInfo.flags is 8
09-07 04:35:39.225  1792  2272 E GnssHAL_GnssInterface: gnssSvStatusCb: a: input svInfo.flags is 8
09-07 04:35:39.226  1792  2272 E GnssHAL_GnssInterface: gnssSvStatusCb: b: input svInfo.flags is 8
09-07 04:35:39.980  2037  2674 D WificondControl: Scan result ready event
09-07 04:35:40.001  8425  8443 I ChimeraSrvcProxy: NullBinder for android.net.action.RECOMMEND_NETWORKS triggering remote TransactionTooLargeException due to Service without Chimera impl
09-07 04:35:40.226  1792  2272 E GnssHAL_GnssInterface: gnssSvStatusCb: a: input svInfo.flags is 8
09-07 04:35:40.226  1792  2272 E GnssHAL_GnssInterface: gnssSvStatusCb: b: input svInfo.flags is 8
09-07 04:35:41.226  1792  2272 E GnssHAL_GnssInterface: gnssSvStatusCb: a: input svInfo.flags is 8
09-07 04:35:41.226  1792  2272 E GnssHAL_GnssInterface: gnssSvStatusCb: b: input svInfo.flags is 8
09-07 04:35:42.226  1792  2272 E GnssHAL_GnssInterface: gnssSvStatusCb: a: input svInfo.flags is 8
09-07 04:35:42.226  1792  2272 E GnssHAL_GnssInterface: gnssSvStatusCb: b: input svInfo.flags is 8
09-07 04:35:42.770  7867  7867 D BoundBrokerSvc: onUnbind: Intent { act=com.google.android.gms.measurement.START pkg=com.google.android.gms }
09-07 04:35:42.771  2037  2065 E memtrack: Couldn't load memtrack module
09-07 04:35:42.771  2037  2065 W android.os.Debug: failed to get memory consumption info: -1
09-07 04:35:42.838 27169 27169 D takeScreenshot: Found 1 global views to redraw
09-07 04:35:42.910  1793  1793 D gralloc_ranchu: gralloc_alloc: Creating ashmem region of size 9850880
09-07 04:35:42.958 27169 27215 W DefaultFailureHandler: Failed to take screenshot
09-07 04:35:42.958 27169 27215 W DefaultFailureHandler: java.io.FileNotFoundException: view-op-error-3.png: open failed: EROFS (Read-only file system)
09-07 04:35:42.958 27169 27215 W DefaultFailureHandler: 	at libcore.io.IoBridge.open(IoBridge.java:496)
09-07 04:35:42.958 27169 27215 W DefaultFailureHandler: 	at java.io.FileOutputStream.<init>(FileOutputStream.java:235)
09-07 04:35:42.958 27169 27215 W DefaultFailureHandler: 	at java.io.FileOutputStream.<init>(FileOutputStream.java:125)
09-07 04:35:42.958 27169 27215 W DefaultFailureHandler: 	at androidx.test.platform.io.FileTestStorage.openOutputFile(FileTestStorage.java:60)
09-07 04:35:42.958 27169 27215 W DefaultFailureHandler: 	at androidx.test.core.graphics.BitmapStorage.writeToTestStorage(BitmapStorageExt.kt:49)
09-07 04:35:42.958 27169 27215 W DefaultFailureHandler: 	at androidx.test.espresso.base.DefaultFailureHandler.takeScreenshot(DefaultFailureHandler.java:4)
09-07 04:35:42.958 27169 27215 W DefaultFailureHandler: 	at androidx.test.espresso.base.DefaultFailureHandler.handle(DefaultFailureHandler.java:3)
09-07 04:35:42.958 27169 27215 W DefaultFailureHandler: 	at androidx.test.espresso.ViewInteraction.waitForAndHandleInteractionResults(ViewInteraction.java:8)
09-07 04:35:42.958 27169 27215 W DefaultFailureHandler: 	at androidx.test.espresso.ViewInteraction.desugaredPerform(ViewInteraction.java:11)
09-07 04:35:42.958 27169 27215 W DefaultFailureHandler: 	at androidx.test.espresso.ViewInteraction.perform(ViewInteraction.java:8)
09-07 04:35:42.958 27169 27215 W DefaultFailureHandler: 	at ru.iteco.fmhandroid.ui.data.TestUtils.waitView(TestUtils.java:61)
09-07 04:35:42.958 27169 27215 W DefaultFailureHandler: 	at ru.iteco.fmhandroid.ui.steps.AuthSteps.isAuthScreen(AuthSteps.java:58)
09-07 04:35:42.958 27169 27215 W DefaultFailureHandler: 	at ru.iteco.fmhandroid.ui.MainPageTest.logoutCheck(MainPageTest.java:44)
09-07 04:35:42.958 27169 27215 W DefaultFailureHandler: 	at java.lang.reflect.Method.invoke(Native Method)
09-07 04:35:42.958 27169 27215 W DefaultFailureHandler: 	at org.junit.runners.model.FrameworkMethod$1.runReflectiveCall(FrameworkMethod.java:59)
09-07 04:35:42.958 27169 27215 W DefaultFailureHandler: 	at org.junit.internal.runners.model.ReflectiveCallable.run(ReflectiveCallable.java:12)
09-07 04:35:42.958 27169 27215 W DefaultFailureHandler: 	at org.junit.runners.model.FrameworkMethod.invokeExplosively(FrameworkMethod.java:56)
09-07 04:35:42.958 27169 27215 W DefaultFailureHandler: 	at androidx.test.internal.runner.junit4.statement.RunBefores.evaluate(RunBefores.java:76)
09-07 04:35:42.958 27169 27215 W DefaultFailureHandler: 	at io.qameta.allure.android.rules.ScreenshotRule$apply$1.evaluate(ScreenshotRule.kt:22)
09-07 04:35:42.958 27169 27215 W DefaultFailureHandler: 	at org.junit.rules.ExternalResource$1.evaluate(ExternalResource.java:54)
09-07 04:35:42.958 27169 27215 W DefaultFailureHandler: 	at io.qameta.allure.android.rules.LogcatRule$apply$1.evaluate(LogcatRule.kt:23)
09-07 04:35:42.958 27169 27215 W DefaultFailureHandler: 	at org.junit.rules.RunRules.evaluate(RunRules.java:20)
09-07 04:35:42.958 27169 27215 W DefaultFailureHandler: 	at org.junit.runners.ParentRunner$3.evaluate(ParentRunner.java:306)
09-07 04:35:42.958 27169 27215 W DefaultFailureHandler: 	at org.junit.runners.BlockJUnit4ClassRunner$1.evaluate(BlockJUnit4ClassRunner.java:100)
09-07 04:35:42.958 27169 27215 W DefaultFailureHandler: 	at org.junit.runners.ParentRunner.runLeaf(ParentRunner.java:366)
09-07 04:35:42.958 27169 27215 W DefaultFailureHandler: 	at org.junit.runners.BlockJUnit4ClassRunner.runChild(BlockJUnit4ClassRunner.java:103)
09-07 04:35:42.958 27169 27215 W DefaultFailureHandler: 	at org.junit.runners.BlockJUnit4ClassRunner.runChild(BlockJUnit4ClassRunner.java:63)
09-07 04:35:42.958 27169 27215 W DefaultFailureHandler: 	at org.junit.runners.ParentRunner$4.run(ParentRunner.java:331)
09-07 04:35:42.958 27169 27215 W DefaultFailureHandler: 	at org.junit.runners.ParentRunner$1.schedule(ParentRunner.java:79)
09-07 04:35:42.958 27169 27215 W DefaultFailureHandler: 	at org.junit.runners.ParentRunner.runChildren(ParentRunner.java:329)
09-07 04:35:42.958 27169 27215 W DefaultFailureHandler: 	at org.junit.runners.ParentRunner.access$100(ParentRunner.java:66)
09-07 04:35:42.958 27169 27215 W DefaultFailureHandler: 	at org.junit.runners.ParentRunner$2.evaluate(ParentRunner.java:293)
09-07 04:35:42.958 27169 27215 W DefaultFailureHandler: 	at org.junit.runners.ParentRunner$3.evaluate(ParentRunner.java:306)
09-07 04:35:42.958 27169 27215 W DefaultFailureHandler: 	at org.junit.runners.ParentRunner.run(ParentRunner.java:413)
09-07 04:35:42.958 27169 27215 W DefaultFailureHandler: 	at androidx.test.ext.junit.runners.AndroidJUnit4.run(AndroidJUnit4.java:162)
09-07 04:35:42.958 27169 27215 W DefaultFailureHandler: 	at io.qameta.allure.android.runners.AllureAndroidJUnit4.run(AllureAndroidJUnitRunners.kt:29)
09-07 04:35:42.958 27169 27215 W DefaultFailureHandler: 	at org.junit.runners.Suite.runChild(Suite.java:128)
09-07 04:35:42.958 27169 27215 W DefaultFailureHandler: 	at org.junit.runners.Suite.runChild(Suite.java:27)
09-07 04:35:42.958 27169 27215 W DefaultFailureHandler: 	at org.junit.runners.ParentRunner$4.run(ParentRunner.java:331)
09-07 04:35:42.958 27169 27215 W DefaultFailureHandler: 	at org.junit.runners.ParentRunner$1.schedule(ParentRunner.java:79)
09-07 04:35:42.958 27169 27215 W DefaultFailureHandler: 	at org.junit.runners.ParentRunner.runChildren(ParentRunner.java:329)
09-07 04:35:42.958 27169 27215 W DefaultFailureHandler: 	at org.junit.runners.ParentRunner.access$100(ParentRunner.java:66)
09-07 04:35:42.958 27169 27215 W DefaultFailureHandler: 	at org.junit.runners.ParentRunner$2.evaluate(ParentRunner.java:293)
09-07 04:35:42.958 27169 27215 W DefaultFailureHandler: 	at org.junit.runners.ParentRunner$3.evaluate(ParentRunner.java:306)
09-07 04:35:42.958 27169 27215 W DefaultFailureHandler: 	at org.junit.runners.ParentRunner.run(ParentRunner.java:413)
