09-07 06:09:31.162  8547  8547 W System.err: 	at androidx.test.espresso.ViewInteractionModule_ProvideRootViewFactory.get(ViewInteractionModule_ProvideRootViewFactory.java:2)
09-07 06:09:31.162  8547  8547 W System.err: 	at androidx.test.espresso.base.ViewFinderImpl.getView(ViewFinderImpl.java:4)
09-07 06:09:31.162  8547  8547 W System.err: 	at androidx.test.espresso.ViewInteraction$2.call(ViewInteraction.java:9)
09-07 06:09:31.162  8547  8547 W System.err: 	at androidx.test.espresso.ViewInteraction$2.call(ViewInteraction.java:1)
09-07 06:09:31.163  8547  8547 W System.err: 	at java.util.concurrent.FutureTask.run(FutureTask.java:266)
09-07 06:09:31.163  8547  8547 W System.err: 	at android.os.Handler.handleCallback(Handler.java:883)
09-07 06:09:31.163  8547  8547 W System.err: 	at android.os.Handler.dispatchMessage(Handler.java:100)
09-07 06:09:31.164  8547  8547 W System.err: 	at android.os.Looper.loop(Looper.java:214)
09-07 06:09:31.164  8547  8547 W System.err: 	at android.app.ActivityThread.main(ActivityThread.java:7356)
09-07 06:09:31.164  8547  8547 W System.err: 	at java.lang.reflect.Method.invoke(Native Method)
09-07 06:09:31.165  8547  8547 W System.err: 	at com.android.internal.os.RuntimeInit$MethodAndArgsCaller.run(RuntimeInit.java:492)
09-07 06:09:31.165  8547  8547 W System.err: 	at com.android.internal.os.ZygoteInit.main(ZygoteInit.java:930)
09-07 06:09:31.537  1792  2272 E GnssHAL_GnssInterface: gnssSvStatusCb: a: input svInfo.flags is 8
09-07 06:09:31.537  1792  2272 E GnssHAL_GnssInterface: gnssSvStatusCb: b: input svInfo.flags is 8
09-07 06:09:31.560  1793 14098 D gralloc_ranchu: gralloc_alloc: Creating ashmem region of size 438272
09-07 06:09:31.570  1793 14098 D gralloc_ranchu: gralloc_alloc: Creating ashmem region of size 438272
09-07 06:09:31.573  8547  8660 D EGL_emulation: eglMakeCurrent: 0xda21b3e0: ver 2 0 (tinfo 0xda20fe50)
09-07 06:09:31.578  1793 14098 D gralloc_ranchu: gralloc_alloc: Creating ashmem region of size 438272
09-07 06:09:31.611  8547  8547 D takeScreenshot: Found 2 global views to redraw
09-07 06:09:31.632  8547  8660 D EGL_emulation: eglMakeCurrent: 0xda21b3e0: ver 2 0 (tinfo 0xda20fe50)
09-07 06:09:31.655  8547  8660 D EGL_emulation: eglMakeCurrent: 0xda21b3e0: ver 2 0 (tinfo 0xda20fe50)
09-07 06:09:31.667  1793 14098 D gralloc_ranchu: gralloc_alloc: Creating ashmem region of size 9850880
09-07 06:09:31.723  8547  8596 W DefaultFailureHandler: Failed to take screenshot
09-07 06:09:31.723  8547  8596 W DefaultFailureHandler: java.io.FileNotFoundException: view-op-error-3.png: open failed: EROFS (Read-only file system)
09-07 06:09:31.723  8547  8596 W DefaultFailureHandler: 	at libcore.io.IoBridge.open(IoBridge.java:496)
09-07 06:09:31.723  8547  8596 W DefaultFailureHandler: 	at java.io.FileOutputStream.<init>(FileOutputStream.java:235)
09-07 06:09:31.723  8547  8596 W DefaultFailureHandler: 	at java.io.FileOutputStream.<init>(FileOutputStream.java:125)
09-07 06:09:31.723  8547  8596 W DefaultFailureHandler: 	at androidx.test.platform.io.FileTestStorage.openOutputFile(FileTestStorage.java:60)
09-07 06:09:31.723  8547  8596 W DefaultFailureHandler: 	at androidx.test.core.graphics.BitmapStorage.writeToTestStorage(BitmapStorageExt.kt:49)
09-07 06:09:31.723  8547  8596 W DefaultFailureHandler: 	at androidx.test.espresso.base.DefaultFailureHandler.takeScreenshot(DefaultFailureHandler.java:4)
09-07 06:09:31.723  8547  8596 W DefaultFailureHandler: 	at androidx.test.espresso.base.DefaultFailureHandler.handle(DefaultFailureHandler.java:3)
09-07 06:09:31.723  8547  8596 W DefaultFailureHandler: 	at androidx.test.espresso.ViewInteraction.waitForAndHandleInteractionResults(ViewInteraction.java:8)
09-07 06:09:31.723  8547  8596 W DefaultFailureHandler: 	at androidx.test.espresso.ViewInteraction.desugaredPerform(ViewInteraction.java:11)
09-07 06:09:31.723  8547  8596 W DefaultFailureHandler: 	at androidx.test.espresso.ViewInteraction.perform(ViewInteraction.java:8)
09-07 06:09:31.723  8547  8596 W DefaultFailureHandler: 	at ru.iteco.fmhandroid.ui.data.TestUtils.waitView(TestUtils.java:61)
09-07 06:09:31.723  8547  8596 W DefaultFailureHandler: 	at ru.iteco.fmhandroid.ui.steps.MainPageSteps.isMainPage(MainPageSteps.java:50)
09-07 06:09:31.723  8547  8596 W DefaultFailureHandler: 	at ru.iteco.fmhandroid.ui.AuthPageTest.shouldLogInWithValidData(AuthPageTest.java:60)
09-07 06:09:31.723  8547  8596 W DefaultFailureHandler: 	at java.lang.reflect.Method.invoke(Native Method)
09-07 06:09:31.723  8547  8596 W DefaultFailureHandler: 	at org.junit.runners.model.FrameworkMethod$1.runReflectiveCall(FrameworkMethod.java:59)
09-07 06:09:31.723  8547  8596 W DefaultFailureHandler: 	at org.junit.internal.runners.model.ReflectiveCallable.run(ReflectiveCallable.java:12)
09-07 06:09:31.723  8547  8596 W DefaultFailureHandler: 	at org.junit.runners.model.FrameworkMethod.invokeExplosively(FrameworkMethod.java:56)
09-07 06:09:31.723  8547  8596 W DefaultFailureHandler: 	at org.junit.internal.runners.statements.InvokeMethod.evaluate(InvokeMethod.java:17)
09-07 06:09:31.723  8547  8596 W DefaultFailureHandler: 	at androidx.test.internal.runner.junit4.statement.RunBefores.evaluate(RunBefores.java:80)
09-07 06:09:31.723  8547  8596 W DefaultFailureHandler: 	at io.qameta.allure.android.rules.ScreenshotRule$apply$1.evaluate(ScreenshotRule.kt:22)
09-07 06:09:31.723  8547  8596 W DefaultFailureHandler: 	at org.junit.rules.ExternalResource$1.evaluate(ExternalResource.java:54)
09-07 06:09:31.723  8547  8596 W DefaultFailureHandler: 	at io.qameta.allure.android.rules.LogcatRule$apply$1.evaluate(LogcatRule.kt:23)
09-07 06:09:31.723  8547  8596 W DefaultFailureHandler: 	at org.junit.rules.RunRules.evaluate(RunRules.java:20)
09-07 06:09:31.723  8547  8596 W DefaultFailureHandler: 	at org.junit.runners.ParentRunner$3.evaluate(ParentRunner.java:306)
09-07 06:09:31.723  8547  8596 W DefaultFailureHandler: 	at org.junit.runners.BlockJUnit4ClassRunner$1.evaluate(BlockJUnit4ClassRunner.java:100)
09-07 06:09:31.723  8547  8596 W DefaultFailureHandler: 	at org.junit.runners.ParentRunner.runLeaf(ParentRunner.java:366)
09-07 06:09:31.723  8547  8596 W DefaultFailureHandler: 	at org.junit.runners.BlockJUnit4ClassRunner.runChild(BlockJUnit4ClassRunner.java:103)
09-07 06:09:31.723  8547  8596 W DefaultFailureHandler: 	at org.junit.runners.BlockJUnit4ClassRunner.runChild(BlockJUnit4ClassRunner.java:63)
09-07 06:09:31.723  8547  8596 W DefaultFailureHandler: 	at org.junit.runners.ParentRunner$4.run(ParentRunner.java:331)
09-07 06:09:31.723  8547  8596 W DefaultFailureHandler: 	at org.junit.runners.ParentRunner$1.schedule(ParentRunner.java:79)
09-07 06:09:31.723  8547  8596 W DefaultFailureHandler: 	at org.junit.runners.ParentRunner.runChildren(ParentRunner.java:329)
09-07 06:09:31.723  8547  8596 W DefaultFailureHandler: 	at org.junit.runners.ParentRunner.access$100(ParentRunner.java:66)
09-07 06:09:31.723  8547  8596 W DefaultFailureHandler: 	at org.junit.runners.ParentRunner$2.evaluate(ParentRunner.java:293)
09-07 06:09:31.723  8547  8596 W DefaultFailureHandler: 	at org.junit.runners.ParentRunner$3.evaluate(ParentRunner.java:306)
09-07 06:09:31.723  8547  8596 W DefaultFailureHandler: 	at org.junit.runners.ParentRunner.run(ParentRunner.java:413)
09-07 06:09:31.723  8547  8596 W DefaultFailureHandler: 	at androidx.test.ext.junit.runners.AndroidJUnit4.run(AndroidJUnit4.java:162)
09-07 06:09:31.723  8547  8596 W DefaultFailureHandler: 	at io.qameta.allure.android.runners.AllureAndroidJUnit4.run(AllureAndroidJUnitRunners.kt:29)
09-07 06:09:31.723  8547  8596 W DefaultFailureHandler: 	at org.junit.runners.Suite.runChild(Suite.java:128)
09-07 06:09:31.723  8547  8596 W DefaultFailureHandler: 	at org.junit.runners.Suite.runChild(Suite.java:27)
09-07 06:09:31.723  8547  8596 W DefaultFailureHandler: 	at org.junit.runners.ParentRunner$4.run(ParentRunner.java:331)
09-07 06:09:31.723  8547  8596 W DefaultFailureHandler: 	at org.junit.runners.ParentRunner$1.schedule(ParentRunner.java:79)
09-07 06:09:31.723  8547  8596 W DefaultFailureHandler: 	at org.junit.runners.ParentRunner.runChildren(ParentRunner.java:329)
09-07 06:09:31.723  8547  8596 W DefaultFailureHandler: 	at org.junit.runners.ParentRunner.access$100(ParentRunner.java:66)
09-07 06:09:31.723  8547  8596 W DefaultFailureHandler: 	at org.junit.runners.ParentRunner$2.evaluate(ParentRunner.java:293)
09-07 06:09:31.723  8547  8596 W DefaultFailureHandler: 	at org.junit.runners.ParentRunner$3.evaluate(ParentRunner.java:306)
09-07 06:09:31.723  8547  8596 W DefaultFailureHandler: 	at org.junit.runners.ParentRunner.run(ParentRunner.java:413)
09-07 06:09:31.723  8547  8596 W DefaultFailureHandler: 	at org.junit.runner.JUnitCore.run(JUnitCore.java:137)
09-07 06:09:31.723  8547  8596 W DefaultFailureHandler: 	at org.junit.runner.JUnitCore.run(JUnitCore.java:115)
09-07 06:09:31.723  8547  8596 W DefaultFailureHandler: 	at androidx.test.internal.runner.TestExecutor.execute(TestExecutor.java:67)
09-07 06:09:31.723  8547  8596 W DefaultFailureHandler: 	at androidx.test.internal.runner.TestExecutor.execute(TestExecutor.java:58)
09-07 06:09:31.723  8547  8596 W DefaultFailureHandler: 	at androidx.test.runner.AndroidJUnitRunner.onStart(AndroidJUnitRunner.java:438)
09-07 06:09:31.723  8547  8596 W DefaultFailureHandler: 	at android.app.Instrumentation$InstrumentationThread.run(Instrumentation.java:2189)
09-07 06:09:31.723  8547  8596 W DefaultFailureHandler: Caused by: android.system.ErrnoException: open failed: EROFS (Read-only file system)
09-07 06:09:31.723  8547  8596 W DefaultFailureHandler: 	at libcore.io.Linux.open(Native Method)
09-07 06:09:31.723  8547  8596 W DefaultFailureHandler: 	at libcore.io.ForwardingOs.open(ForwardingOs.java:167)
09-07 06:09:31.723  8547  8596 W DefaultFailureHandler: 	at libcore.io.BlockGuardOs.open(BlockGuardOs.java:252)
09-07 06:09:31.723  8547  8596 W DefaultFailureHandler: 	at libcore.io.ForwardingOs.open(ForwardingOs.java:167)
09-07 06:09:31.723  8547  8596 W DefaultFailureHandler: 	at android.app.ActivityThread$AndroidOs.open(ActivityThread.java:7255)
09-07 06:09:31.723  8547  8596 W DefaultFailureHandler: 	at libcore.io.IoBridge.open(IoBridge.java:482)
09-07 06:09:31.723  8547  8596 W DefaultFailureHandler: 	... 51 more
09-07 06:09:31.726  1793 14098 D gralloc_ranchu: gralloc_alloc: Creating ashmem region of size 9850880
09-07 06:09:32.105  2037  2459 I ActivityTaskManager: START u0 {act=android.intent.action.MAIN cat=[android.intent.category.LAUNCHER] flg=0x10000000 cmp=ru.iteco.fmhandroid.test/androidx.test.core.app.InstrumentationActivityInvoker$EmptyActivity} from uid 10136
09-07 06:09:32.116  8547  8547 D LifecycleMonitor: Lifecycle status change: ru.iteco.fmhandroid.ui.AppActivity@6b524ae in: PAUSED
09-07 06:09:32.116  8547  8547 V ActivityScenario: Update currentActivityStage to PAUSED, currentActivity=ru.iteco.fmhandroid.ui.AppActivity@6b524ae
09-07 06:09:32.117  2037  2459 W InputReader: Device has associated, but no associated display id.
09-07 06:09:32.118  2037  2459 I chatty  : uid=1000(system) Binder:2037_9 identical 15 lines
09-07 06:09:32.118  2037  2459 W InputReader: Device has associated, but no associated display id.
09-07 06:09:32.118  8547  8598 V FA      : Recording user engagement, ms: 14677
09-07 06:09:32.118  2037  2459 W InputReader: Device has associated, but no associated display id.
09-07 06:09:32.121  2037  2459 I chatty  : uid=1000(system) Binder:2037_9 identical 21 lines
09-07 06:09:32.121  2037  2459 W InputReader: Device has associated, but no associated display id.
09-07 06:09:32.122  8613  8613 W ActivityThread: handleWindowVisibility: no activity for token android.os.BinderProxy@bdecd37
09-07 06:09:32.127  2037  2459 W InputReader: Device has associated, but no associated display id.
09-07 06:09:32.127  2037  2459 I chatty  : uid=1000(system) Binder:2037_9 identical 8 lines
09-07 06:09:32.127  2037  2459 W InputReader: Device has associated, but no associated display id.
09-07 06:09:32.155  8547  8660 D EGL_emulation: eglMakeCurrent: 0xda21b3e0: ver 2 0 (tinfo 0xda20fe50)
09-07 06:09:32.186  1793 14098 D gralloc_ranchu: gralloc_alloc: Creating ashmem region of size 9850880
09-07 06:09:32.199  2037  5216 I ActivityTaskManager: START u0 {act=android.intent.action.MAIN cat=[android.intent.category.LAUNCHER] flg=0x10000000 cmp=ru.iteco.fmhandroid.test/androidx.test.core.app.InstrumentationActivityInvoker$EmptyActivity} from uid 10136
09-07 06:09:32.206  1793  1793 D gralloc_ranchu: gralloc_alloc: Creating ashmem region of size 9850880
09-07 06:09:32.211  8613  8656 D EGL_emulation: eglMakeCurrent: 0xda21a240: ver 2 0 (tinfo 0xda20f000)
09-07 06:09:32.212  1793  1793 D gralloc_ranchu: gralloc_alloc: Creating ashmem region of size 9850880
09-07 06:09:32.249  8547  8598 V FA      : Connecting to remote service
09-07 06:09:32.256  7867  7867 D BoundBrokerSvc: onBind: Intent { act=com.google.android.gms.measurement.START pkg=com.google.android.gms }
09-07 06:09:32.256  7867  7867 D BoundBrokerSvc: Loading bound service for intent: Intent { act=com.google.android.gms.measurement.START pkg=com.google.android.gms }
09-07 06:09:32.257  2037  7860 W InputReader: Device has associated, but no associated display id.
09-07 06:09:32.262  2037  7860 I chatty  : uid=1000(system) Binder:2037_1F identical 48 lines
09-07 06:09:32.262  2037  7860 W InputReader: Device has associated, but no associated display id.
09-07 06:09:32.282  8547  8598 V FA      : Connection attempt already in progress
09-07 06:09:32.284  8547  8598 V FA      : Activity paused, time: 9516828
09-07 06:09:32.286  8547  8598 D FA      : Connected to remote service
09-07 06:09:32.287  8547  8598 V FA      : Processing queued up service tasks: 2
09-07 06:09:32.288  8613  8613 W ActivityThread: handleWindowVisibility: no activity for token android.os.BinderProxy@b207ce6
09-07 06:09:32.310  2037  7860 W ActivityTaskManager: Duplicate finish request for ActivityRecord{a4057de u0 ru.iteco.fmhandroid/.ui.AppActivity t880 f}
09-07 06:09:32.317  7867  7915 V FA-SVC  : Logging event: origin=auto,name=user_engagement(_e),params=Bundle[{ga_event_origin(_o)=auto, engagement_time_msec(_et)=14677, ga_screen_class(_sc)=AppActivity, ga_screen_id(_si)=5192092007483226608}]
09-07 06:09:32.338  1793  1793 D gralloc_ranchu: gralloc_alloc: Creating ashmem region of size 9850880
09-07 06:09:32.351  1793  1793 D gralloc_ranchu: gralloc_alloc: Creating ashmem region of size 9850880
09-07 06:09:32.354  8613  8656 D EGL_emulation: eglMakeCurrent: 0xda21a240: ver 2 0 (tinfo 0xda20f000)
09-07 06:09:32.374  1793  1793 D gralloc_ranchu: gralloc_alloc: Creating ashmem region of size 9850880
09-07 06:09:32.383  8425  8425 D BoundBrokerSvc: onBind: Intent { act=com.google.android.gms.presencemanager.service.START dat=chimera-action: cmp=com.google.android.gms/.chimera.PersistentApiService }
09-07 06:09:32.383  2037  2061 W InputReader: Device has associated, but no associated display id.
09-07 06:09:32.383  2037  2061 W InputReader: Device has associated, but no associated display id.
09-07 06:09:32.383  8425  8425 D BoundBrokerSvc: Loading bound service for intent: Intent { act=com.google.android.gms.presencemanager.service.START dat=chimera-action: cmp=com.google.android.gms/.chimera.PersistentApiService }
09-07 06:09:32.383  2037  2061 W InputReader: Device has associated, but no associated display id.
09-07 06:09:32.384  2037  2061 I chatty  : uid=1000(system) android.anim identical 16 lines
09-07 06:09:32.384  2037  2061 W InputReader: Device has associated, but no associated display id.
09-07 06:09:32.393  2037  2311 W InputReader: Device has associated, but no associated display id.
09-07 06:09:32.393  2037  2311 I chatty  : uid=1000(system) Binder:2037_6 identical 8 lines
09-07 06:09:32.393  2037  2311 W InputReader: Device has associated, but no associated display id.
09-07 06:09:32.402  8547  8660 D EGL_emulation: eglMakeCurrent: 0xda21b3e0: ver 2 0 (tinfo 0xda20fe50)
09-07 06:09:32.412  2037  2065 I ActivityTaskManager: Displayed ru.iteco.fmhandroid.test/androidx.test.core.app.InstrumentationActivityInvoker$EmptyActivity: +136ms
09-07 06:09:32.422  8425  8425 D BoundBrokerSvc: onBind: Intent { act=com.google.android.gms.presencemanager.service.INTERNAL_IDENTITY dat=chimera-action: cmp=com.google.android.gms/.chimera.PersistentApiService }
09-07 06:09:32.423  8425  8425 D BoundBrokerSvc: Loading bound service for intent: Intent { act=com.google.android.gms.presencemanager.service.INTERNAL_IDENTITY dat=chimera-action: cmp=com.google.android.gms/.chimera.PersistentApiService }
09-07 06:09:32.438  7867  7915 V FA-SVC  : Upload scheduled in approximately ms: 1068511
09-07 06:09:32.439  7867  7915 V FA-SVC  : Unscheduling upload
09-07 06:09:32.443  7867  7915 V FA-SVC  : Scheduling upload, millis: 1068511
09-07 06:09:32.446  1823  1823 W SurfaceFlinger: couldn't log to binary event log: overflow.
09-07 06:09:32.448  7867  7915 V FA-SVC  : Background event processing time, ms: 131
09-07 06:09:32.454  2037  5216 W InputReader: Device has associated, but no associated display id.
09-07 06:09:32.458  2037  5216 I chatty  : uid=1000(system) Binder:2037_18 identical 28 lines
09-07 06:09:32.458  2037  5216 W InputReader: Device has associated, but no associated display id.
09-07 06:09:32.463  7867  7867 D BoundBrokerSvc: onUnbind: Intent { act=com.google.android.gms.inappreach.service.START dat=chimera-action: cmp=com.google.android.gms/.chimera.GmsApiService }
09-07 06:09:32.472  8547  8547 D LifecycleMonitor: Lifecycle status change: ru.iteco.fmhandroid.ui.AppActivity@6b524ae in: STOPPED
09-07 06:09:32.472  8547  8547 V ActivityScenario: Update currentActivityStage to STOPPED, currentActivity=ru.iteco.fmhandroid.ui.AppActivity@6b524ae
09-07 06:09:32.488  8547  8547 D LifecycleMonitor: Lifecycle status change: ru.iteco.fmhandroid.ui.AppActivity@6b524ae in: DESTROYED
09-07 06:09:32.489  8547  8547 V ActivityScenario: Update currentActivityStage to DESTROYED, currentActivity=null
09-07 06:09:32.504  2037  2037 W ActivityManager: Unable to start service Intent { act=android.service.appprediction.AppPredictionService cmp=com.google.android.as/com.google.android.apps.miphone.aiai.app.AiAiPredictionService } U=0: not found
09-07 06:09:32.504  2037  2037 W RemoteAppPredictionService: could not bind to Intent { act=android.service.appprediction.AppPredictionService cmp=com.google.android.as/com.google.android.apps.miphone.aiai.app.AiAiPredictionService } using flags 67108865
09-07 06:09:32.520  1793  1793 D gralloc_ranchu: gralloc_alloc: Creating ashmem region of size 9850880
