--------- beginning of main
09-07 06:09:14.534  1792  2272 E GnssHAL_GnssInterface: gnssSvStatusCb: a: input svInfo.flags is 8
09-07 06:09:14.535  1792  2272 E GnssHAL_GnssInterface: gnssSvStatusCb: b: input svInfo.flags is 8
09-07 06:09:15.536  1792  2272 E GnssHAL_GnssInterface: gnssSvStatusCb: a: input svInfo.flags is 8
09-07 06:09:15.536  1792  2272 E GnssHAL_GnssInterface: gnssSvStatusCb: b: input svInfo.flags is 8
09-07 06:09:16.426  8547  8660 D EGL_emulation: eglMakeCurrent: 0xda21b3e0: ver 2 0 (tinfo 0xda20fe50)
09-07 06:09:16.430  1793  1793 D gralloc_ranchu: gralloc_alloc: Creating ashmem region of size 9850880
09-07 06:09:16.446  2182  2182 W View    : requestLayout() improperly called by com.android.keyguard.AlphaOptimizedLinearLayout{551c6d8 V.E...... ......ID 7,0-48,61 #7f0a041c app:id/wifi_group} during second layout pass: posting in next frame
09-07 06:09:16.448  8547  8660 D EGL_emulation: eglMakeCurrent: 0xda21b3e0: ver 2 0 (tinfo 0xda20fe50)
09-07 06:09:16.473  2182  2182 W View    : requestLayout() improperly called by StatusBarIconView(slot=mobile icon=null notification=null) during layout: running second layout pass
09-07 06:09:16.482  1793  1793 D gralloc_ranchu: gralloc_alloc: Creating ashmem region of size 9850880
09-07 06:09:16.503  8547  8547 I ViewInteraction: Checking 'MatchesViewAssertion{viewMatcher=(view has effective visibility <VISIBLE> and view.getGlobalVisibleRect() to return non-empty rectangle)}' assertion on view (an instance of android.widget.TextView and view.getText() with or without transformation to match: is "Authorization" and view.getParent() view.getParent() view.getId() is <2131231186/ru.iteco.fmhandroid:id/nav_host_fragment>)
09-07 06:09:16.510  8547  8547 I ViewInteraction: Performing 'wait for a specific view with <(an instance of android.widget.TextView and view.getHint() matching: is "Login" and view.getParent() view.getParent() view.getId() is <2131231121/ru.iteco.fmhandroid:id/login_text_input_layout>)> during 10000 millis.' action on view view.getRootView() to equal view
09-07 06:09:16.517  8547  8547 I ViewInteraction: Checking 'MatchesViewAssertion{viewMatcher=(view has effective visibility <VISIBLE> and view.getGlobalVisibleRect() to return non-empty rectangle)}' assertion on view (an instance of android.widget.TextView and view.getHint() matching: is "Login" and view.getParent() view.getParent() view.getId() is <2131231121/ru.iteco.fmhandroid:id/login_text_input_layout>)
09-07 06:09:16.518  1793  1793 D gralloc_ranchu: gralloc_alloc: Creating ashmem region of size 9850880
09-07 06:09:16.522  8547  8547 I ViewInteraction: Performing 'wait for a specific view with <(an instance of android.widget.TextView and view.getHint() matching: is "Password" and view.getParent() view.getParent() view.getId() is <2131231264/ru.iteco.fmhandroid:id/password_text_input_layout>)> during 10000 millis.' action on view view.getRootView() to equal view
09-07 06:09:16.535  1792  2272 E GnssHAL_GnssInterface: gnssSvStatusCb: a: input svInfo.flags is 8
09-07 06:09:16.535  1792  2272 E GnssHAL_GnssInterface: gnssSvStatusCb: b: input svInfo.flags is 8
09-07 06:09:16.540  8547  8547 I ViewInteraction: Checking 'MatchesViewAssertion{viewMatcher=(view has effective visibility <VISIBLE> and view.getGlobalVisibleRect() to return non-empty rectangle)}' assertion on view (an instance of android.widget.TextView and view.getHint() matching: is "Password" and view.getParent() view.getParent() view.getId() is <2131231264/ru.iteco.fmhandroid:id/password_text_input_layout>)
09-07 06:09:16.544  8547  8547 I ViewInteraction: Performing 'wait for a specific view with <(view.getId() is <2131231039/ru.iteco.fmhandroid:id/enter_button> and an instance of android.widget.TextView and view.getText() with or without transformation to match: is "SIGN IN" and view.getContentDescription() is "Save" and view.getParent() view.getParent() an instance of android.widget.RelativeLayout)> during 10000 millis.' action on view view.getRootView() to equal view
09-07 06:09:16.547  8547  8547 I ViewInteraction: Checking 'MatchesViewAssertion{viewMatcher=(view has effective visibility <VISIBLE> and view.getGlobalVisibleRect() to return non-empty rectangle)}' assertion on view (view.getId() is <2131231039/ru.iteco.fmhandroid:id/enter_button> and an instance of android.widget.TextView and view.getText() with or without transformation to match: is "SIGN IN" and view.getContentDescription() is "Save" and view.getParent() view.getParent() an instance of android.widget.RelativeLayout)
09-07 06:09:16.550  8547  8547 I ViewInteraction: Performing 'wait for a specific view with <(an instance of android.widget.TextView and view.getText() with or without transformation to match: is "Authorization" and view.getParent() view.getParent() view.getId() is <2131231186>)> during 10000 millis.' action on view view.getRootView() to equal view
09-07 06:09:16.555  8547  8547 I ViewInteraction: Checking 'MatchesViewAssertion{viewMatcher=(view has effective visibility <VISIBLE> and view.getGlobalVisibleRect() to return non-empty rectangle)}' assertion on view (an instance of android.widget.TextView and view.getText() with or without transformation to match: is "Authorization" and view.getParent() view.getParent() view.getId() is <2131231186/ru.iteco.fmhandroid:id/nav_host_fragment>)
09-07 06:09:16.556  8547  8547 I ViewInteraction: Performing 'wait for a specific view with <(an instance of android.widget.TextView and view.getHint() matching: is "Login" and view.getParent() view.getParent() view.getId() is <2131231121/ru.iteco.fmhandroid:id/login_text_input_layout>)> during 10000 millis.' action on view view.getRootView() to equal view
09-07 06:09:16.559  8547  8547 I ViewInteraction: Checking 'MatchesViewAssertion{viewMatcher=(view has effective visibility <VISIBLE> and view.getGlobalVisibleRect() to return non-empty rectangle)}' assertion on view (an instance of android.widget.TextView and view.getHint() matching: is "Login" and view.getParent() view.getParent() view.getId() is <2131231121/ru.iteco.fmhandroid:id/login_text_input_layout>)
09-07 06:09:16.564  8547  8547 I ViewInteraction: Performing 'wait for a specific view with <(an instance of android.widget.TextView and view.getHint() matching: is "Password" and view.getParent() view.getParent() view.getId() is <2131231264/ru.iteco.fmhandroid:id/password_text_input_layout>)> during 10000 millis.' action on view view.getRootView() to equal view
09-07 06:09:16.568  8547  8547 I ViewInteraction: Checking 'MatchesViewAssertion{viewMatcher=(view has effective visibility <VISIBLE> and view.getGlobalVisibleRect() to return non-empty rectangle)}' assertion on view (an instance of android.widget.TextView and view.getHint() matching: is "Password" and view.getParent() view.getParent() view.getId() is <2131231264/ru.iteco.fmhandroid:id/password_text_input_layout>)
09-07 06:09:16.572  8547  8547 I ViewInteraction: Performing 'wait for a specific view with <(view.getId() is <2131231039/ru.iteco.fmhandroid:id/enter_button> and an instance of android.widget.TextView and view.getText() with or without transformation to match: is "SIGN IN" and view.getContentDescription() is "Save" and view.getParent() view.getParent() an instance of android.widget.RelativeLayout)> during 10000 millis.' action on view view.getRootView() to equal view
09-07 06:09:16.577  8547  8547 I ViewInteraction: Checking 'MatchesViewAssertion{viewMatcher=(view has effective visibility <VISIBLE> and view.getGlobalVisibleRect() to return non-empty rectangle)}' assertion on view (view.getId() is <2131231039/ru.iteco.fmhandroid:id/enter_button> and an instance of android.widget.TextView and view.getText() with or without transformation to match: is "SIGN IN" and view.getContentDescription() is "Save" and view.getParent() view.getParent() an instance of android.widget.RelativeLayout)
--------- beginning of system
09-07 06:09:16.581  2037  2311 I ActivityTaskManager: START u0 {act=android.intent.action.MAIN cat=[android.intent.category.LAUNCHER] flg=0x10000000 cmp=ru.iteco.fmhandroid.test/androidx.test.core.app.InstrumentationActivityInvoker$EmptyActivity} from uid 10136
09-07 06:09:16.588  8547  8547 D LifecycleMonitor: Lifecycle status change: ru.iteco.fmhandroid.ui.AppActivity@5532eee in: PAUSED
09-07 06:09:16.588  8547  8547 V ActivityScenario: Update currentActivityStage to PAUSED, currentActivity=ru.iteco.fmhandroid.ui.AppActivity@5532eee
09-07 06:09:16.591  2037  2311 W InputReader: Device has associated, but no associated display id.
09-07 06:09:16.593  2037  2311 I chatty  : uid=1000(system) Binder:2037_6 identical 38 lines
09-07 06:09:16.593  2037  2311 W InputReader: Device has associated, but no associated display id.
09-07 06:09:16.593  8613  8613 W ActivityThread: handleWindowVisibility: no activity for token android.os.BinderProxy@7062203
09-07 06:09:16.596  2037  2311 W InputReader: Device has associated, but no associated display id.
09-07 06:09:16.596  2037  2311 I chatty  : uid=1000(system) Binder:2037_6 identical 8 lines
09-07 06:09:16.596  2037  2311 W InputReader: Device has associated, but no associated display id.
09-07 06:09:16.597  8547  8598 V FA      : Recording user engagement, ms: 3306
09-07 06:09:16.605  2037  2065 E memtrack: Couldn't load memtrack module
09-07 06:09:16.605  2037  2065 W android.os.Debug: failed to get memory consumption info: -1
09-07 06:09:16.677  2037  3740 I ActivityTaskManager: START u0 {act=android.intent.action.MAIN cat=[android.intent.category.LAUNCHER] flg=0x10000000 cmp=ru.iteco.fmhandroid.test/androidx.test.core.app.InstrumentationActivityInvoker$EmptyActivity} from uid 10136
09-07 06:09:16.684  1793  1793 D gralloc_ranchu: gralloc_alloc: Creating ashmem region of size 9850880
09-07 06:09:16.699  1793  1793 I chatty  : uid=1000(system) allocator@2.0-s identical 1 line
09-07 06:09:16.705  1793  1793 D gralloc_ranchu: gralloc_alloc: Creating ashmem region of size 9850880
09-07 06:09:16.705  8613  8656 D EGL_emulation: eglMakeCurrent: 0xda21a240: ver 2 0 (tinfo 0xda20f000)
09-07 06:09:16.757  7867  7915 V FA-SVC  : Logging event: origin=auto,name=user_engagement(_e),params=Bundle[{ga_event_origin(_o)=auto, engagement_time_msec(_et)=3306, ga_screen_class(_sc)=AppActivity, ga_screen_id(_si)=5192092007483226607}]
09-07 06:09:16.758  8547  8598 V FA      : Activity paused, time: 9501299
09-07 06:09:16.771  2037  4497 W InputReader: Device has associated, but no associated display id.
09-07 06:09:16.776  2037  4497 I chatty  : uid=1000(system) Binder:2037_14 identical 48 lines
09-07 06:09:16.776  2037  4497 W InputReader: Device has associated, but no associated display id.
09-07 06:09:16.781  8613  8613 W ActivityThread: handleWindowVisibility: no activity for token android.os.BinderProxy@5b54c62
09-07 06:09:16.794  7867  7915 V FA-SVC  : Upload scheduled in approximately ms: 1084155
09-07 06:09:16.794  7867  7915 V FA-SVC  : Unscheduling upload
09-07 06:09:16.800  7867  7915 V FA-SVC  : Scheduling upload, millis: 1084155
09-07 06:09:16.802  2037  4613 W ActivityTaskManager: Duplicate finish request for ActivityRecord{3e97bf8 u0 ru.iteco.fmhandroid/.ui.AppActivity t879 f}
09-07 06:09:16.815  7867  7915 V FA-SVC  : Background event processing time, ms: 59
09-07 06:09:16.842  1793  1793 D gralloc_ranchu: gralloc_alloc: Creating ashmem region of size 9850880
09-07 06:09:16.850  1793  1793 D gralloc_ranchu: gralloc_alloc: Creating ashmem region of size 9850880
09-07 06:09:16.852  1793 14098 D gralloc_ranchu: gralloc_alloc: Creating ashmem region of size 9850880
09-07 06:09:16.856  8613  8656 D EGL_emulation: eglMakeCurrent: 0xda21a240: ver 2 0 (tinfo 0xda20f000)
09-07 06:09:16.877  2037  2061 W InputReader: Device has associated, but no associated display id.
09-07 06:09:16.878  2037  2061 I chatty  : uid=1000(system) android.anim identical 18 lines
09-07 06:09:16.878  2037  2061 W InputReader: Device has associated, but no associated display id.
09-07 06:09:16.881  2037  2065 I ActivityTaskManager: Displayed ru.iteco.fmhandroid.test/androidx.test.core.app.InstrumentationActivityInvoker$EmptyActivity: +149ms
09-07 06:09:16.890  8547  8660 D EGL_emulation: eglMakeCurrent: 0xda21b3e0: ver 2 0 (tinfo 0xda20fe50)
09-07 06:09:16.892  2037  4613 W InputReader: Device has associated, but no associated display id.
09-07 06:09:16.913  2037  4613 I chatty  : uid=1000(system) Binder:2037_16 identical 38 lines
09-07 06:09:16.914  2037  4613 W InputReader: Device has associated, but no associated display id.
09-07 06:09:16.920  1823  1823 W SurfaceFlinger: couldn't log to binary event log: overflow.
09-07 06:09:16.920  8547  8547 D LifecycleMonitor: Lifecycle status change: ru.iteco.fmhandroid.ui.AppActivity@5532eee in: STOPPED
09-07 06:09:16.920  8547  8547 V ActivityScenario: Update currentActivityStage to STOPPED, currentActivity=ru.iteco.fmhandroid.ui.AppActivity@5532eee
09-07 06:09:16.943  1793  1793 D gralloc_ranchu: gralloc_alloc: Creating ashmem region of size 9850880
09-07 06:09:16.951  2037  2037 W ActivityManager: Unable to start service Intent { act=android.service.appprediction.AppPredictionService cmp=com.google.android.as/com.google.android.apps.miphone.aiai.app.AiAiPredictionService } U=0: not found
09-07 06:09:16.952  2037  2037 W RemoteAppPredictionService: could not bind to Intent { act=android.service.appprediction.AppPredictionService cmp=com.google.android.as/com.google.android.apps.miphone.aiai.app.AiAiPredictionService } using flags 67108865
09-07 06:09:16.964  1793  1793 D gralloc_ranchu: gralloc_alloc: Creating ashmem region of size 9850880
09-07 06:09:16.969  1793 14098 D gralloc_ranchu: gralloc_alloc: Creating ashmem region of size 9850880
09-07 06:09:16.975  1793 14098 D gralloc_ranchu: gralloc_alloc: Creating ashmem region of size 9850880
09-07 06:09:16.976  2666  3068 D EGL_emulation: eglMakeCurrent: 0xda21b0e0: ver 2 0 (tinfo 0xda20fbb0)
09-07 06:09:16.983  8547  8547 D LifecycleMonitor: Lifecycle status change: ru.iteco.fmhandroid.ui.AppActivity@5532eee in: DESTROYED
09-07 06:09:16.983  8547  8547 V ActivityScenario: Update currentActivityStage to DESTROYED, currentActivity=null
09-07 06:09:16.984  8547  8596 I TestRunner: finished: shouldCheckAuthPageElements(ru.iteco.fmhandroid.ui.AuthPageTest)
09-07 06:09:16.987  1793 14098 D gralloc_ranchu: gralloc_alloc: Creating ashmem region of size 9850880
09-07 06:09:16.987  2434  2714 D EGL_emulation: eglMakeCurrent: 0xed453b60: ver 2 0 (tinfo 0xe233a960)
09-07 06:09:16.993  1793 14098 D gralloc_ranchu: gralloc_alloc: Creating ashmem region of size 9850880
09-07 06:09:17.017  2666  2666 I dnsi    : onStart
09-07 06:09:17.020  2666  2666 I dnsi    : onResume
09-07 06:09:17.048  2037  2061 W InputReader: Device has associated, but no associated display id.
09-07 06:09:17.050  2037  2061 I chatty  : uid=1000(system) android.anim identical 18 lines
09-07 06:09:17.050  2037  2061 W InputReader: Device has associated, but no associated display id.
09-07 06:09:17.056  1793 14098 D gralloc_ranchu: gralloc_alloc: Creating ashmem region of size 6307840
09-07 06:09:17.057  8547  8596 I TestRunner: started: shouldLogInWithValidData(ru.iteco.fmhandroid.ui.AuthPageTest)
09-07 06:09:17.075  2182  2468 D EGL_emulation: eglMakeCurrent: 0xda21a360: ver 2 0 (tinfo 0xda20f590)
09-07 06:09:17.087  8547  8596 W Settings: Setting always_finish_activities has moved from android.provider.Settings.System to android.provider.Settings.Global, returning read-only value.
09-07 06:09:17.092  2182  2182 W View    : requestLayout() improperly called by com.android.keyguard.AlphaOptimizedLinearLayout{551c6d8 V.E...... ......ID 7,0-48,61 #7f0a041c app:id/wifi_group} during second layout pass: posting in next frame
09-07 06:09:17.100  2182  2182 W View    : requestLayout() improperly called by StatusBarIconView(slot=mobile icon=null notification=null) during layout: running second layout pass
09-07 06:09:17.106  8613  8656 D EGL_emulation: eglMakeCurrent: 0xda21a240: ver 2 0 (tinfo 0xda20f000)
09-07 06:09:17.116  1823  1823 E Layer   : [Surface(name=AppWindowToken{459e199 token=Token{b961ae0 ActivityRecord{53be0e3 u0 com.google.android.apps.nexuslauncher/.NexusLauncherActivity t652}}})/@0xafc1306 - animation-leash#0] No local sync point found
09-07 06:09:17.116  1823  1823 E Layer   : [Surface(name=AppWindowToken{3a65064 token=Token{92529f7 ActivityRecord{b25f1f6 u0 ru.iteco.fmhandroid.test/androidx.test.core.app.InstrumentationActivityInvoker$EmptyActivity t879}}})/@0x75dc27e - animation-leash#0] No local sync point found
09-07 06:09:17.132  2037  5599 D HostConnection: HostConnection::get() New Host Connection established 0xda23f020, tid 5599
09-07 06:09:17.139  2037  5599 D HostConnection: HostComposition ext ANDROID_EMU_CHECKSUM_HELPER_v1 ANDROID_EMU_dma_v1 ANDROID_EMU_direct_mem ANDROID_EMU_vulkan ANDROID_EMU_deferred_vulkan_commands ANDROID_EMU_vulkan_null_optional_strings ANDROID_EMU_vulkan_create_resources_with_requirements ANDROID_EMU_YUV420_888_to_NV21 ANDROID_EMU_YUV_Cache ANDROID_EMU_vulkan_free_memory_sync ANDROID_EMU_vulkan_shader_float16_int8 ANDROID_EMU_vulkan_async_queue_submit ANDROID_EMU_sync_buffer_data GL_OES_vertex_array_object GL_KHR_texture_compression_astc_ldr ANDROID_EMU_host_side_tracing ANDROID_EMU_gles_max_version_2 
09-07 06:09:17.140  2037  3740 I ActivityTaskManager: START u0 {act=android.intent.action.MAIN cat=[android.intent.category.LAUNCHER] flg=0x10008000 cmp=ru.iteco.fmhandroid.test/androidx.test.core.app.InstrumentationActivityInvoker$BootstrapActivity (has extras)} from uid 10136
09-07 06:09:17.142  2037  5599 W OpenGLRenderer: Failed to choose config with EGL_SWAP_BEHAVIOR_PRESERVED, retrying without...
09-07 06:09:17.155  2434  2453 W System  : A resource failed to call release. 
09-07 06:09:17.155  2434  2453 I chatty  : uid=10090(com.google.android.apps.nexuslauncher) FinalizerDaemon identical 2 lines
09-07 06:09:17.155  2434  2453 W System  : A resource failed to call release. 
09-07 06:09:17.160  2037  5599 D eglCodecCommon: setVertexArrayObject: set vao to 0 (0) 0 0
09-07 06:09:17.160  2037  5599 D EGL_emulation: eglCreateContext: 0xba761460: maj 2 min 0 rcv 2
09-07 06:09:17.175  2037  3740 W InputReader: Device has associated, but no associated display id.
09-07 06:09:17.188  2037  3740 I chatty  : uid=1000(system) Binder:2037_D identical 48 lines
09-07 06:09:17.189  2037  3740 W InputReader: Device has associated, but no associated display id.
09-07 06:09:17.196  2037  5599 D EGL_emulation: eglMakeCurrent: 0xba761460: ver 2 0 (tinfo 0xba668ca0)
09-07 06:09:17.199  2182  2468 D EGL_emulation: eglMakeCurrent: 0xda21a360: ver 2 0 (tinfo 0xda20f590)
09-07 06:09:17.205  1793 14098 D gralloc_ranchu: gralloc_alloc: Creating ashmem region of size 9850880
09-07 06:09:17.240  8613  8613 W ActivityThread: handleWindowVisibility: no activity for token android.os.BinderProxy@b8d753f
09-07 06:09:17.242  2182  2468 D EGL_emulation: eglMakeCurrent: 0xda21a360: ver 2 0 (tinfo 0xda20f590)
09-07 06:09:17.272  2037  2061 W InputReader: Device has associated, but no associated display id.
09-07 06:09:17.275  2037  2061 I chatty  : uid=1000(system) android.anim identical 18 lines
09-07 06:09:17.275  2037  2061 W InputReader: Device has associated, but no associated display id.
09-07 06:09:17.277  2037  5599 D eglCodecCommon: setVertexArrayObject: set vao to 0 (0) 1 0
09-07 06:09:17.289  2434  2714 D EGL_emulation: eglMakeCurrent: 0xed453b60: ver 2 0 (tinfo 0xe233a960)
09-07 06:09:17.290  2666  3068 D EGL_emulation: eglMakeCurrent: 0xda21b0e0: ver 2 0 (tinfo 0xda20fbb0)
09-07 06:09:17.298  2182  2182 W View    : requestLayout() improperly called by com.android.keyguard.AlphaOptimizedLinearLayout{551c6d8 V.E...... ......ID 7,0-48,61 #7f0a041c app:id/wifi_group} during second layout pass: posting in next frame
09-07 06:09:17.303  2666  2666 I dnsi    : onPause
09-07 06:09:17.304  2037  5216 I ActivityTaskManager: START u0 {act=android.intent.action.MAIN cat=[android.intent.category.LAUNCHER] cmp=ru.iteco.fmhandroid/.ui.AppActivity} from uid 10136
09-07 06:09:17.304  1793 14098 D gralloc_ranchu: gralloc_alloc: Creating ashmem region of size 9850880
09-07 06:09:17.318  2037  7860 W InputReader: Device has associated, but no associated display id.
09-07 06:09:17.319  2037  7860 I chatty  : uid=1000(system) Binder:2037_1F identical 38 lines
09-07 06:09:17.319  2037  7860 W InputReader: Device has associated, but no associated display id.
09-07 06:09:17.320  2182  2182 W View    : requestLayout() improperly called by StatusBarIconView(slot=mobile icon=null notification=null) during layout: running second layout pass
09-07 06:09:17.321  2037  7860 W InputReader: Device has associated, but no associated display id.
09-07 06:09:17.322  2037  7860 I chatty  : uid=1000(system) Binder:2037_1F identical 5 lines
09-07 06:09:17.322  2037  7860 W InputReader: Device has associated, but no associated display id.
09-07 06:09:17.333  8547  8547 W ActivityThread: handleWindowVisibility: no activity for token android.os.BinderProxy@2a52462
09-07 06:09:17.322  2037  7860 W InputReader: Device has associated, but no associated display id.
09-07 06:09:17.334  2037  7860 I chatty  : uid=1000(system) Binder:2037_1F identical 1 line
09-07 06:09:17.334  2037  7860 W InputReader: Device has associated, but no associated display id.
09-07 06:09:17.335  2182  2468 D EGL_emulation: eglMakeCurrent: 0xda21a360: ver 2 0 (tinfo 0xda20f590)
09-07 06:09:17.338  2666  5846 V ClearcutMetricXmitter: Transmission is done.
09-07 06:09:17.339  2037  7860 W InputReader: Device has associated, but no associated display id.
09-07 06:09:17.339  2037  7860 I chatty  : uid=1000(system) Binder:2037_1F identical 8 lines
09-07 06:09:17.339  2037  7860 W InputReader: Device has associated, but no associated display id.
09-07 06:09:17.348  2182  2468 D EGL_emulation: eglMakeCurrent: 0xda21a360: ver 2 0 (tinfo 0xda20f590)
09-07 06:09:17.352  2182  2182 W View    : requestLayout() improperly called by com.android.keyguard.AlphaOptimizedLinearLayout{551c6d8 V.E...... ......ID 7,0-48,61 #7f0a041c app:id/wifi_group} during second layout pass: posting in next frame
09-07 06:09:17.363  2666  2666 I dnsi    : onStop
09-07 06:09:17.367  2182  2182 W View    : requestLayout() improperly called by StatusBarIconView(slot=mobile icon=null notification=null) during layout: running second layout pass
09-07 06:09:17.373  2182  2468 D EGL_emulation: eglMakeCurrent: 0xda21a360: ver 2 0 (tinfo 0xda20f590)
09-07 06:09:17.378  8547  8547 D LifecycleMonitor: Lifecycle status change: ru.iteco.fmhandroid.ui.AppActivity@6b524ae in: PRE_ON_CREATE
09-07 06:09:17.378  8547  8547 V ActivityScenario: Activity lifecycle changed event received but ignored because the reported transition was not ON_CREATE while the last known transition was PRE_ON_CREATE
09-07 06:09:17.385  8547  8587 V FA      : onActivityCreated
09-07 06:09:17.401  1823  1823 W SurfaceFlinger: couldn't log to binary event log: overflow.
09-07 06:09:17.401  1823  1823 W SurfaceFlinger: couldn't log to binary event log: overflow.
09-07 06:09:17.407  8547  8547 D LifecycleMonitor: Lifecycle status change: ru.iteco.fmhandroid.ui.AppActivity@6b524ae in: CREATED
09-07 06:09:17.407  8547  8547 V ActivityScenario: Update currentActivityStage to CREATED, currentActivity=ru.iteco.fmhandroid.ui.AppActivity@6b524ae
09-07 06:09:17.436  8547  8547 D LifecycleMonitor: Lifecycle status change: ru.iteco.fmhandroid.ui.AppActivity@6b524ae in: STARTED
09-07 06:09:17.436  2037  2051 I system_server: NativeAlloc concurrent copying GC freed 14459(887KB) AllocSpace objects, 3(124KB) LOS objects, 28% free, 15MB/21MB, paused 1.462ms total 132.267ms
09-07 06:09:17.436  8547  8547 V ActivityScenario: Update currentActivityStage to STARTED, currentActivity=ru.iteco.fmhandroid.ui.AppActivity@6b524ae
09-07 06:09:17.438  8547  8547 D LifecycleMonitor: Lifecycle status change: ru.iteco.fmhandroid.ui.AppActivity@6b524ae in: RESUMED
09-07 06:09:17.438  8547  8547 V ActivityScenario: Update currentActivityStage to RESUMED, currentActivity=ru.iteco.fmhandroid.ui.AppActivity@6b524ae
09-07 06:09:17.439  8547  8598 V FA      : Activity resumed, time: 9502149
09-07 06:09:17.477  1793 14098 D gralloc_ranchu: gralloc_alloc: Creating ashmem region of size 9113600
09-07 06:09:17.493  1793 14098 D gralloc_ranchu: gralloc_alloc: Creating ashmem region of size 9113600
09-07 06:09:17.496  1793  1793 D gralloc_ranchu: gralloc_alloc: Creating ashmem region of size 9113600
09-07 06:09:17.503  8547  8660 D EGL_emulation: eglMakeCurrent: 0xda21b3e0: ver 2 0 (tinfo 0xda20fe50)
09-07 06:09:17.535  1792  2272 E GnssHAL_GnssInterface: gnssSvStatusCb: a: input svInfo.flags is 8
09-07 06:09:17.535  1792  2272 E GnssHAL_GnssInterface: gnssSvStatusCb: b: input svInfo.flags is 8
09-07 06:09:17.560  2037  2065 I ActivityTaskManager: Displayed ru.iteco.fmhandroid/.ui.AppActivity: +411ms
09-07 06:09:17.572  2182  2182 W View    : requestLayout() improperly called by com.android.keyguard.AlphaOptimizedLinearLayout{551c6d8 V.E...... ......ID 7,0-48,61 #7f0a041c app:id/wifi_group} during second layout pass: posting in next frame
09-07 06:09:17.576  8547  8547 I ViewInteraction: Performing 'wait for a specific view with <(an instance of android.widget.TextView and view.getText() with or without transformation to match: is "Authorization" and view.getParent() view.getParent() view.getId() is <2131231186>)> during 10000 millis.' action on view view.getRootView() to equal view
09-07 06:09:17.584  2182  2182 W View    : requestLayout() improperly called by StatusBarIconView(slot=mobile icon=null notification=null) during layout: running second layout pass
09-07 06:09:17.602  7867  7915 V FA-SVC  : Logging event: origin=auto,name=screen_view(_vs),params=Bundle[{ga_event_origin(_o)=auto, ga_previous_class(_pc)=AppActivity, ga_previous_id(_pi)=5192092007483226607, ga_screen_class(_sc)=AppActivity, ga_screen_id(_si)=5192092007483226608}]
09-07 06:09:17.615  7867  7915 V FA-SVC  : Upload scheduled in approximately ms: 1083334
09-07 06:09:17.615  7867  7915 V FA-SVC  : Unscheduling upload
09-07 06:09:17.616  2182  2182 W View    : requestLayout() improperly called by com.android.keyguard.AlphaOptimizedLinearLayout{551c6d8 V.E...... ......ID 7,0-48,61 #7f0a041c app:id/wifi_group} during second layout pass: posting in next frame
09-07 06:09:17.617  2182  2182 W View    : requestLayout() improperly called by StatusBarIconView(slot=mobile icon=null notification=null) during layout: running second layout pass
09-07 06:09:17.623  7867  7915 V FA-SVC  : Scheduling upload, millis: 1083334
09-07 06:09:17.631  7867  7915 V FA-SVC  : Background event processing time, ms: 29
09-07 06:09:17.641  2182  2182 W View    : requestLayout() improperly called by com.android.keyguard.AlphaOptimizedLinearLayout{551c6d8 V.E...... ......ID 7,0-48,61 #7f0a041c app:id/wifi_group} during second layout pass: posting in next frame
09-07 06:09:17.653  2182  2182 W View    : requestLayout() improperly called by StatusBarIconView(slot=mobile icon=null notification=null) during layout: running second layout pass
09-07 06:09:17.671  2182  2182 W View    : requestLayout() improperly called by com.android.keyguard.AlphaOptimizedLinearLayout{551c6d8 V.E...... ......ID 7,0-48,61 #7f0a041c app:id/wifi_group} during second layout pass: posting in next frame
09-07 06:09:17.689  2182  2182 W View    : requestLayout() improperly called by StatusBarIconView(slot=mobile icon=null notification=null) during layout: running second layout pass
09-07 06:09:17.709  2182  2182 W View    : requestLayout() improperly called by com.android.keyguard.AlphaOptimizedLinearLayout{551c6d8 V.E...... ......ID 7,0-48,61 #7f0a041c app:id/wifi_group} during second layout pass: posting in next frame
09-07 06:09:17.730  2182  2182 W View    : requestLayout() improperly called by StatusBarIconView(slot=mobile icon=null notification=null) during layout: running second layout pass
09-07 06:09:17.747  2182  2182 W View    : requestLayout() improperly called by com.android.keyguard.AlphaOptimizedLinearLayout{551c6d8 V.E...... ......ID 7,0-48,61 #7f0a041c app:id/wifi_group} during second layout pass: posting in next frame
09-07 06:09:17.766  2182  2182 W View    : requestLayout() improperly called by StatusBarIconView(slot=mobile icon=null notification=null) during layout: running second layout pass
09-07 06:09:17.783  2182  2182 W View    : requestLayout() improperly called by com.android.keyguard.AlphaOptimizedLinearLayout{551c6d8 V.E...... ......ID 7,0-48,61 #7f0a041c app:id/wifi_group} during second layout pass: posting in next frame
09-07 06:09:17.801  2182  2182 W View    : requestLayout() improperly called by StatusBarIconView(slot=mobile icon=null notification=null) during layout: running second layout pass
09-07 06:09:18.536  1792  2272 E GnssHAL_GnssInterface: gnssSvStatusCb: a: input svInfo.flags is 8
09-07 06:09:18.536  1792  2272 E GnssHAL_GnssInterface: gnssSvStatusCb: b: input svInfo.flags is 8
09-07 06:09:19.536  1792  2272 E GnssHAL_GnssInterface: gnssSvStatusCb: a: input svInfo.flags is 8
09-07 06:09:19.537  1792  2272 E GnssHAL_GnssInterface: gnssSvStatusCb: b: input svInfo.flags is 8
09-07 06:09:20.535  1792  2272 E GnssHAL_GnssInterface: gnssSvStatusCb: a: input svInfo.flags is 8
09-07 06:09:20.535  1792  2272 E GnssHAL_GnssInterface: gnssSvStatusCb: b: input svInfo.flags is 8
09-07 06:09:20.606  8547  8660 D EGL_emulation: eglMakeCurrent: 0xda21b3e0: ver 2 0 (tinfo 0xda20fe50)
09-07 06:09:20.609  2182  2182 W View    : requestLayout() improperly called by com.android.keyguard.AlphaOptimizedLinearLayout{551c6d8 V.E...... ......ID 7,0-48,61 #7f0a041c app:id/wifi_group} during second layout pass: posting in next frame
09-07 06:09:20.612  1793 14098 D gralloc_ranchu: gralloc_alloc: Creating ashmem region of size 9850880
09-07 06:09:20.621  2182  2182 W View    : requestLayout() improperly called by StatusBarIconView(slot=mobile icon=null notification=null) during layout: running second layout pass
09-07 06:09:20.633  8547  8660 D EGL_emulation: eglMakeCurrent: 0xda21b3e0: ver 2 0 (tinfo 0xda20fe50)
09-07 06:09:20.667  1793 14098 D gralloc_ranchu: gralloc_alloc: Creating ashmem region of size 9850880
09-07 06:09:20.681  8547  8547 I ViewInteraction: Checking 'MatchesViewAssertion{viewMatcher=(view has effective visibility <VISIBLE> and view.getGlobalVisibleRect() to return non-empty rectangle)}' assertion on view (an instance of android.widget.TextView and view.getText() with or without transformation to match: is "Authorization" and view.getParent() view.getParent() view.getId() is <2131231186/ru.iteco.fmhandroid:id/nav_host_fragment>)
09-07 06:09:20.685  8547  8547 I ViewInteraction: Performing 'wait for a specific view with <(an instance of android.widget.TextView and view.getHint() matching: is "Login" and view.getParent() view.getParent() view.getId() is <2131231121/ru.iteco.fmhandroid:id/login_text_input_layout>)> during 10000 millis.' action on view view.getRootView() to equal view
09-07 06:09:20.689  8547  8547 I ViewInteraction: Checking 'MatchesViewAssertion{viewMatcher=(view has effective visibility <VISIBLE> and view.getGlobalVisibleRect() to return non-empty rectangle)}' assertion on view (an instance of android.widget.TextView and view.getHint() matching: is "Login" and view.getParent() view.getParent() view.getId() is <2131231121/ru.iteco.fmhandroid:id/login_text_input_layout>)
09-07 06:09:20.694  8547  8547 I ViewInteraction: Performing 'wait for a specific view with <(an instance of android.widget.TextView and view.getHint() matching: is "Password" and view.getParent() view.getParent() view.getId() is <2131231264/ru.iteco.fmhandroid:id/password_text_input_layout>)> during 10000 millis.' action on view view.getRootView() to equal view
09-07 06:09:20.698  1793 14098 D gralloc_ranchu: gralloc_alloc: Creating ashmem region of size 9850880
09-07 06:09:20.698  8547  8547 I ViewInteraction: Checking 'MatchesViewAssertion{viewMatcher=(view has effective visibility <VISIBLE> and view.getGlobalVisibleRect() to return non-empty rectangle)}' assertion on view (an instance of android.widget.TextView and view.getHint() matching: is "Password" and view.getParent() view.getParent() view.getId() is <2131231264/ru.iteco.fmhandroid:id/password_text_input_layout>)
09-07 06:09:20.701  8547  8547 I ViewInteraction: Performing 'wait for a specific view with <(view.getId() is <2131231039/ru.iteco.fmhandroid:id/enter_button> and an instance of android.widget.TextView and view.getText() with or without transformation to match: is "SIGN IN" and view.getContentDescription() is "Save" and view.getParent() view.getParent() an instance of android.widget.RelativeLayout)> during 10000 millis.' action on view view.getRootView() to equal view
09-07 06:09:20.705  8547  8547 I ViewInteraction: Checking 'MatchesViewAssertion{viewMatcher=(view has effective visibility <VISIBLE> and view.getGlobalVisibleRect() to return non-empty rectangle)}' assertion on view (view.getId() is <2131231039/ru.iteco.fmhandroid:id/enter_button> and an instance of android.widget.TextView and view.getText() with or without transformation to match: is "SIGN IN" and view.getContentDescription() is "Save" and view.getParent() view.getParent() an instance of android.widget.RelativeLayout)
09-07 06:09:20.723  8547  8547 I ViewInteraction: Performing 'wait for a specific view with <(an instance of android.widget.TextView and view.getText() with or without transformation to match: is "Authorization" and view.getParent() view.getParent() view.getId() is <2131231186>)> during 10000 millis.' action on view view.getRootView() to equal view
09-07 06:09:20.727  8547  8547 I ViewInteraction: Checking 'MatchesViewAssertion{viewMatcher=(view has effective visibility <VISIBLE> and view.getGlobalVisibleRect() to return non-empty rectangle)}' assertion on view (an instance of android.widget.TextView and view.getText() with or without transformation to match: is "Authorization" and view.getParent() view.getParent() view.getId() is <2131231186/ru.iteco.fmhandroid:id/nav_host_fragment>)
09-07 06:09:20.730  8547  8547 I ViewInteraction: Performing 'wait for a specific view with <(an instance of android.widget.TextView and view.getHint() matching: is "Login" and view.getParent() view.getParent() view.getId() is <2131231121/ru.iteco.fmhandroid:id/login_text_input_layout>)> during 10000 millis.' action on view view.getRootView() to equal view
09-07 06:09:20.733  8547  8547 I ViewInteraction: Checking 'MatchesViewAssertion{viewMatcher=(view has effective visibility <VISIBLE> and view.getGlobalVisibleRect() to return non-empty rectangle)}' assertion on view (an instance of android.widget.TextView and view.getHint() matching: is "Login" and view.getParent() view.getParent() view.getId() is <2131231121/ru.iteco.fmhandroid:id/login_text_input_layout>)
09-07 06:09:20.736  8547  8547 I ViewInteraction: Performing 'wait for a specific view with <(an instance of android.widget.TextView and view.getHint() matching: is "Password" and view.getParent() view.getParent() view.getId() is <2131231264/ru.iteco.fmhandroid:id/password_text_input_layout>)> during 10000 millis.' action on view view.getRootView() to equal view
09-07 06:09:20.739  8547  8547 I ViewInteraction: Checking 'MatchesViewAssertion{viewMatcher=(view has effective visibility <VISIBLE> and view.getGlobalVisibleRect() to return non-empty rectangle)}' assertion on view (an instance of android.widget.TextView and view.getHint() matching: is "Password" and view.getParent() view.getParent() view.getId() is <2131231264/ru.iteco.fmhandroid:id/password_text_input_layout>)
09-07 06:09:20.742  8547  8547 I ViewInteraction: Performing 'wait for a specific view with <(view.getId() is <2131231039/ru.iteco.fmhandroid:id/enter_button> and an instance of android.widget.TextView and view.getText() with or without transformation to match: is "SIGN IN" and view.getContentDescription() is "Save" and view.getParent() view.getParent() an instance of android.widget.RelativeLayout)> during 10000 millis.' action on view view.getRootView() to equal view
09-07 06:09:20.745  8547  8547 I ViewInteraction: Checking 'MatchesViewAssertion{viewMatcher=(view has effective visibility <VISIBLE> and view.getGlobalVisibleRect() to return non-empty rectangle)}' assertion on view (view.getId() is <2131231039/ru.iteco.fmhandroid:id/enter_button> and an instance of android.widget.TextView and view.getText() with or without transformation to match: is "SIGN IN" and view.getContentDescription() is "Save" and view.getParent() view.getParent() an instance of android.widget.RelativeLayout)
09-07 06:09:20.748  8547  8547 I ViewInteraction: Performing 'wait for a specific view with <(an instance of android.widget.TextView and view.getText() with or without transformation to match: is "Authorization" and view.getParent() view.getParent() view.getId() is <2131231186>)> during 10000 millis.' action on view view.getRootView() to equal view
09-07 06:09:20.754  8547  8547 I ViewInteraction: Checking 'MatchesViewAssertion{viewMatcher=(view has effective visibility <VISIBLE> and view.getGlobalVisibleRect() to return non-empty rectangle)}' assertion on view (an instance of android.widget.TextView and view.getText() with or without transformation to match: is "Authorization" and view.getParent() view.getParent() view.getId() is <2131231186/ru.iteco.fmhandroid:id/nav_host_fragment>)
09-07 06:09:20.756  8547  8547 I ViewInteraction: Performing 'wait for a specific view with <(an instance of android.widget.TextView and view.getHint() matching: is "Login" and view.getParent() view.getParent() view.getId() is <2131231121/ru.iteco.fmhandroid:id/login_text_input_layout>)> during 10000 millis.' action on view view.getRootView() to equal view
09-07 06:09:20.760  8547  8547 I ViewInteraction: Checking 'MatchesViewAssertion{viewMatcher=(view has effective visibility <VISIBLE> and view.getGlobalVisibleRect() to return non-empty rectangle)}' assertion on view (an instance of android.widget.TextView and view.getHint() matching: is "Login" and view.getParent() view.getParent() view.getId() is <2131231121/ru.iteco.fmhandroid:id/login_text_input_layout>)
09-07 06:09:20.763  8547  8547 I ViewInteraction: Performing 'wait for a specific view with <(an instance of android.widget.TextView and view.getHint() matching: is "Password" and view.getParent() view.getParent() view.getId() is <2131231264/ru.iteco.fmhandroid:id/password_text_input_layout>)> during 10000 millis.' action on view view.getRootView() to equal view
09-07 06:09:20.766  8547  8547 I ViewInteraction: Checking 'MatchesViewAssertion{viewMatcher=(view has effective visibility <VISIBLE> and view.getGlobalVisibleRect() to return non-empty rectangle)}' assertion on view (an instance of android.widget.TextView and view.getHint() matching: is "Password" and view.getParent() view.getParent() view.getId() is <2131231264/ru.iteco.fmhandroid:id/password_text_input_layout>)
09-07 06:09:20.768  8547  8547 I ViewInteraction: Performing 'wait for a specific view with <(view.getId() is <2131231039/ru.iteco.fmhandroid:id/enter_button> and an instance of android.widget.TextView and view.getText() with or without transformation to match: is "SIGN IN" and view.getContentDescription() is "Save" and view.getParent() view.getParent() an instance of android.widget.RelativeLayout)> during 10000 millis.' action on view view.getRootView() to equal view
09-07 06:09:20.771  8547  8547 I ViewInteraction: Checking 'MatchesViewAssertion{viewMatcher=(view has effective visibility <VISIBLE> and view.getGlobalVisibleRect() to return non-empty rectangle)}' assertion on view (view.getId() is <2131231039/ru.iteco.fmhandroid:id/enter_button> and an instance of android.widget.TextView and view.getText() with or without transformation to match: is "SIGN IN" and view.getContentDescription() is "Save" and view.getParent() view.getParent() an instance of android.widget.RelativeLayout)
09-07 06:09:20.773  8547  8547 I ViewInteraction: Performing 'wait for a specific view with <(an instance of android.widget.TextView and view.getHint() matching: is "Login" and view.getParent() view.getParent() view.getId() is <2131231121/ru.iteco.fmhandroid:id/login_text_input_layout>)> during 10000 millis.' action on view view.getRootView() to equal view
09-07 06:09:20.775  8547  8547 I ViewInteraction: Performing 'replace text(login2)' action on view (an instance of android.widget.TextView and view.getHint() matching: is "Login" and view.getParent() view.getParent() view.getId() is <2131231121/ru.iteco.fmhandroid:id/login_text_input_layout>)
09-07 06:09:20.796  8547  8547 I ViewInteraction: Performing 'wait for a specific view with <(an instance of android.widget.TextView and view.getHint() matching: is "Password" and view.getParent() view.getParent() view.getId() is <2131231264/ru.iteco.fmhandroid:id/password_text_input_layout>)> during 10000 millis.' action on view view.getRootView() to equal view
09-07 06:09:20.803  8547  8547 I ViewInteraction: Performing 'replace text(password2)' action on view (an instance of android.widget.TextView and view.getHint() matching: is "Password" and view.getParent() view.getParent() view.getId() is <2131231264/ru.iteco.fmhandroid:id/password_text_input_layout>)
09-07 06:09:20.821  8547  8547 I ViewInteraction: Performing 'wait for a specific view with <(view.getId() is <2131231039/ru.iteco.fmhandroid:id/enter_button> and an instance of android.widget.TextView and view.getText() with or without transformation to match: is "SIGN IN" and view.getContentDescription() is "Save" and view.getParent() view.getParent() an instance of android.widget.RelativeLayout)> during 10000 millis.' action on view view.getRootView() to equal view
09-07 06:09:20.825  8547  8547 I ViewInteraction: Checking 'MatchesViewAssertion{viewMatcher=view.isClickable() is <true>}' assertion on view (view.getId() is <2131231039/ru.iteco.fmhandroid:id/enter_button> and an instance of android.widget.TextView and view.getText() with or without transformation to match: is "SIGN IN" and view.getContentDescription() is "Save" and view.getParent() view.getParent() an instance of android.widget.RelativeLayout)
09-07 06:09:20.843  8547  8547 I ViewInteraction: Performing 'wait for a specific view with <(view.getId() is <2131231039/ru.iteco.fmhandroid:id/enter_button> and an instance of android.widget.TextView and view.getText() with or without transformation to match: is "SIGN IN" and view.getContentDescription() is "Save" and view.getParent() view.getParent() an instance of android.widget.RelativeLayout)> during 10000 millis.' action on view view.getRootView() to equal view
09-07 06:09:20.848  8547  8547 I ViewInteraction: Checking 'MatchesViewAssertion{viewMatcher=view.isClickable() is <true>}' assertion on view (view.getId() is <2131231039/ru.iteco.fmhandroid:id/enter_button> and an instance of android.widget.TextView and view.getText() with or without transformation to match: is "SIGN IN" and view.getContentDescription() is "Save" and view.getParent() view.getParent() an instance of android.widget.RelativeLayout)
09-07 06:09:20.859  8547  8547 I ViewInteraction: Performing 'wait for a specific view with <(view.getId() is <2131231039/ru.iteco.fmhandroid:id/enter_button> and an instance of android.widget.TextView and view.getText() with or without transformation to match: is "SIGN IN" and view.getContentDescription() is "Save" and view.getParent() view.getParent() an instance of android.widget.RelativeLayout)> during 10000 millis.' action on view view.getRootView() to equal view
09-07 06:09:20.865  8547  8547 I ViewInteraction: Performing 'single click' action on view (view.getId() is <2131231039/ru.iteco.fmhandroid:id/enter_button> and an instance of android.widget.TextView and view.getText() with or without transformation to match: is "SIGN IN" and view.getContentDescription() is "Save" and view.getParent() view.getParent() an instance of android.widget.RelativeLayout)
09-07 06:09:20.914  8547  8745 I okhttp.OkHttpClient: --> POST http://www.981757-ca08998.tmweb.ru:8080/fmh/authentication/login
09-07 06:09:20.915  8547  8745 I okhttp.OkHttpClient: Content-Type: application/json; charset=UTF-8
09-07 06:09:20.915  8547  8745 I okhttp.OkHttpClient: Content-Length: 41
09-07 06:09:20.915  8547  8745 I okhttp.OkHttpClient: {"login":"login2","password":"password2"}
09-07 06:09:20.916  8547  8745 I okhttp.OkHttpClient: --> END POST (41-byte body)
09-07 06:09:20.925  1774  8805 E ResolverController: No valid NAT64 prefix (101, <unspecified>/0)
09-07 06:09:20.928  1781  6116 W audio_hw_generic: Not supplying enough data to HAL, expected position 77011310 , only wrote 77011127
09-07 06:09:21.159  8547  8547 I ViewInteraction: Performing 'wait for a specific view with <an instance of android.widget.TextView and view.getText() with or without transformation to match: is "News"> during 10000 millis.' action on view view.getRootView() to equal view
09-07 06:09:21.536  1792  2272 E GnssHAL_GnssInterface: gnssSvStatusCb: a: input svInfo.flags is 8
09-07 06:09:21.536  1792  2272 E GnssHAL_GnssInterface: gnssSvStatusCb: b: input svInfo.flags is 8
09-07 06:09:22.536  1792  2272 E GnssHAL_GnssInterface: gnssSvStatusCb: a: input svInfo.flags is 8
09-07 06:09:22.536  1792  2272 E GnssHAL_GnssInterface: gnssSvStatusCb: b: input svInfo.flags is 8
09-07 06:09:22.608  8547  8598 V FA      : Inactivity, disconnecting from the service
09-07 06:09:23.195  2037  2037 W WindowManager: removeWindowToken: Attempted to remove non-existing token: android.os.Binder@6b778f2
09-07 06:09:23.537  1792  2272 E GnssHAL_GnssInterface: gnssSvStatusCb: a: input svInfo.flags is 8
09-07 06:09:23.537  1792  2272 E GnssHAL_GnssInterface: gnssSvStatusCb: b: input svInfo.flags is 8
09-07 06:09:24.063  1781  1887 W audio_hw_generic: Not supplying enough data to HAL, expected position 77285858 , only wrote 77149276
09-07 06:09:24.537  1792  2272 E GnssHAL_GnssInterface: gnssSvStatusCb: a: input svInfo.flags is 8
09-07 06:09:24.537  1792  2272 E GnssHAL_GnssInterface: gnssSvStatusCb: b: input svInfo.flags is 8
09-07 06:09:25.537  1792  2272 E GnssHAL_GnssInterface: gnssSvStatusCb: a: input svInfo.flags is 8
09-07 06:09:25.537  1792  2272 E GnssHAL_GnssInterface: gnssSvStatusCb: b: input svInfo.flags is 8
09-07 06:09:26.537  1792  2272 E GnssHAL_GnssInterface: gnssSvStatusCb: a: input svInfo.flags is 8
09-07 06:09:26.537  1792  2272 E GnssHAL_GnssInterface: gnssSvStatusCb: b: input svInfo.flags is 8
09-07 06:09:27.538  1792  2272 E GnssHAL_GnssInterface: gnssSvStatusCb: a: input svInfo.flags is 8
09-07 06:09:27.538  1792  2272 E GnssHAL_GnssInterface: gnssSvStatusCb: b: input svInfo.flags is 8
09-07 06:09:27.615  7867  7867 D BoundBrokerSvc: onUnbind: Intent { act=com.google.android.gms.measurement.START pkg=com.google.android.gms }
09-07 06:09:28.538  1792  2272 E GnssHAL_GnssInterface: gnssSvStatusCb: a: input svInfo.flags is 8
09-07 06:09:28.538  1792  2272 E GnssHAL_GnssInterface: gnssSvStatusCb: b: input svInfo.flags is 8
09-07 06:09:29.538  1792  2272 E GnssHAL_GnssInterface: gnssSvStatusCb: a: input svInfo.flags is 8
09-07 06:09:29.538  1792  2272 E GnssHAL_GnssInterface: gnssSvStatusCb: b: input svInfo.flags is 8
09-07 06:09:30.538  1792  2272 E GnssHAL_GnssInterface: gnssSvStatusCb: a: input svInfo.flags is 8
09-07 06:09:30.538  1792  2272 E GnssHAL_GnssInterface: gnssSvStatusCb: b: input svInfo.flags is 8
09-07 06:09:31.154  8547  8745 I okhttp.OkHttpClient: <-- HTTP FAILED: java.net.SocketTimeoutException: timeout
09-07 06:09:31.158  8547  8547 W System.err: ru.iteco.fmhandroid.exceptions.ServerException
09-07 06:09:31.159  8547  8547 W System.err: 	at ru.iteco.fmhandroid.utils.Utils.makeRequest(Utils.kt:119)
09-07 06:09:31.159  8547  8547 W System.err: 	at ru.iteco.fmhandroid.utils.Utils$makeRequest$1.invokeSuspend(Unknown Source:15)
09-07 06:09:31.159  8547  8547 W System.err: 	at kotlin.coroutines.jvm.internal.BaseContinuationImpl.resumeWith(ContinuationImpl.kt:33)
09-07 06:09:31.159  8547  8547 W System.err: 	at kotlinx.coroutines.DispatchedTask.run(DispatchedTask.kt:104)
09-07 06:09:31.159  8547  8547 W System.err: 	at android.os.Handler.handleCallback(Handler.java:883)
09-07 06:09:31.159  8547  8547 W System.err: 	at android.os.Handler.dispatchMessage(Handler.java:100)
09-07 06:09:31.159  8547  8547 W System.err: 	at androidx.test.espresso.base.Interrogator.loopAndInterrogate(Interrogator.java:14)
09-07 06:09:31.159  8547  8547 W System.err: 	at androidx.test.espresso.base.UiControllerImpl.loopUntil(UiControllerImpl.java:8)
09-07 06:09:31.159  8547  8547 W System.err: 	at androidx.test.espresso.base.UiControllerImpl.loopUntil(UiControllerImpl.java:1)
09-07 06:09:31.159  8547  8547 W System.err: 	at androidx.test.espresso.base.UiControllerImpl.loopMainThreadForAtLeast(UiControllerImpl.java:7)
09-07 06:09:31.160  8547  8547 W System.err: 	at androidx.test.espresso.base.RootViewPicker.pickARoot(RootViewPicker.java:7)
09-07 06:09:31.160  8547  8547 W System.err: 	at androidx.test.espresso.base.RootViewPicker.pickRootView(RootViewPicker.java:1)
09-07 06:09:31.160  8547  8547 W System.err: 	at androidx.test.espresso.base.RootViewPicker.get(RootViewPicker.java:4)
09-07 06:09:31.160  8547  8547 W System.err: 	at androidx.test.espresso.ViewInteractionModule.provideRootView(ViewInteractionModule.java:1)
09-07 06:09:31.161  8547  8547 W System.err: 	at androidx.test.espresso.ViewInteractionModule_ProvideRootViewFactory.provideRootView(ViewInteractionModule_ProvideRootViewFactory.java:1)
09-07 06:09:31.161  8547  8547 W System.err: 	at androidx.test.espresso.ViewInteractionModule_ProvideRootViewFactory.get(ViewInteractionModule_ProvideRootViewFactory.java:1)
