09-07 04:05:45.797  1793 14098 D gralloc_ranchu: gralloc_alloc: Creating ashmem region of size 438272
09-07 04:05:46.023 17666 17666 D takeScreenshot: Found 2 global views to redraw
09-07 04:05:46.030 17666 17756 D EGL_emulation: eglMakeCurrent: 0xd6c2f5a0: ver 2 0 (tinfo 0xe2336d10)
09-07 04:05:46.044  1792  2272 E GnssHAL_GnssInterface: gnssSvStatusCb: a: input svInfo.flags is 8
09-07 04:05:46.044  1792  2272 E GnssHAL_GnssInterface: gnssSvStatusCb: b: input svInfo.flags is 8
09-07 04:05:46.051 17666 17756 D EGL_emulation: eglMakeCurrent: 0xd6c2f5a0: ver 2 0 (tinfo 0xe2336d10)
09-07 04:05:46.070  1793 14098 D gralloc_ranchu: gralloc_alloc: Creating ashmem region of size 9850880
09-07 04:05:46.104 17666 17709 W DefaultFailureHandler: Failed to take screenshot
09-07 04:05:46.104 17666 17709 W DefaultFailureHandler: java.io.FileNotFoundException: view-op-error-2.png: open failed: EROFS (Read-only file system)
09-07 04:05:46.104 17666 17709 W DefaultFailureHandler: 	at libcore.io.IoBridge.open(IoBridge.java:496)
09-07 04:05:46.104 17666 17709 W DefaultFailureHandler: 	at java.io.FileOutputStream.<init>(FileOutputStream.java:235)
09-07 04:05:46.104 17666 17709 W DefaultFailureHandler: 	at java.io.FileOutputStream.<init>(FileOutputStream.java:125)
09-07 04:05:46.104 17666 17709 W DefaultFailureHandler: 	at androidx.test.platform.io.FileTestStorage.openOutputFile(FileTestStorage.java:60)
09-07 04:05:46.104 17666 17709 W DefaultFailureHandler: 	at androidx.test.core.graphics.BitmapStorage.writeToTestStorage(BitmapStorageExt.kt:49)
09-07 04:05:46.104 17666 17709 W DefaultFailureHandler: 	at androidx.test.espresso.base.DefaultFailureHandler.takeScreenshot(DefaultFailureHandler.java:4)
09-07 04:05:46.104 17666 17709 W DefaultFailureHandler: 	at androidx.test.espresso.base.DefaultFailureHandler.handle(DefaultFailureHandler.java:3)
09-07 04:05:46.104 17666 17709 W DefaultFailureHandler: 	at androidx.test.espresso.ViewInteraction.waitForAndHandleInteractionResults(ViewInteraction.java:8)
09-07 04:05:46.104 17666 17709 W DefaultFailureHandler: 	at androidx.test.espresso.ViewInteraction.desugaredPerform(ViewInteraction.java:11)
09-07 04:05:46.104 17666 17709 W DefaultFailureHandler: 	at androidx.test.espresso.ViewInteraction.perform(ViewInteraction.java:8)
09-07 04:05:46.104 17666 17709 W DefaultFailureHandler: 	at ru.iteco.fmhandroid.ui.data.TestUtils.waitView(TestUtils.java:61)
09-07 04:05:46.104 17666 17709 W DefaultFailureHandler: 	at ru.iteco.fmhandroid.ui.steps.MainPageSteps.isMainPage(MainPageSteps.java:50)
09-07 04:05:46.104 17666 17709 W DefaultFailureHandler: 	at ru.iteco.fmhandroid.ui.AuthPageTest.shouldLogInWithValidData(AuthPageTest.java:60)
09-07 04:05:46.104 17666 17709 W DefaultFailureHandler: 	at java.lang.reflect.Method.invoke(Native Method)
09-07 04:05:46.104 17666 17709 W DefaultFailureHandler: 	at org.junit.runners.model.FrameworkMethod$1.runReflectiveCall(FrameworkMethod.java:59)
09-07 04:05:46.104 17666 17709 W DefaultFailureHandler: 	at org.junit.internal.runners.model.ReflectiveCallable.run(ReflectiveCallable.java:12)
09-07 04:05:46.104 17666 17709 W DefaultFailureHandler: 	at org.junit.runners.model.FrameworkMethod.invokeExplosively(FrameworkMethod.java:56)
09-07 04:05:46.104 17666 17709 W DefaultFailureHandler: 	at org.junit.internal.runners.statements.InvokeMethod.evaluate(InvokeMethod.java:17)
09-07 04:05:46.104 17666 17709 W DefaultFailureHandler: 	at androidx.test.internal.runner.junit4.statement.RunBefores.evaluate(RunBefores.java:80)
09-07 04:05:46.104 17666 17709 W DefaultFailureHandler: 	at io.qameta.allure.android.rules.ScreenshotRule$apply$1.evaluate(ScreenshotRule.kt:22)
09-07 04:05:46.104 17666 17709 W DefaultFailureHandler: 	at org.junit.rules.ExternalResource$1.evaluate(ExternalResource.java:54)
09-07 04:05:46.104 17666 17709 W DefaultFailureHandler: 	at io.qameta.allure.android.rules.LogcatRule$apply$1.evaluate(LogcatRule.kt:23)
09-07 04:05:46.104 17666 17709 W DefaultFailureHandler: 	at org.junit.rules.RunRules.evaluate(RunRules.java:20)
09-07 04:05:46.104 17666 17709 W DefaultFailureHandler: 	at org.junit.runners.ParentRunner$3.evaluate(ParentRunner.java:306)
09-07 04:05:46.104 17666 17709 W DefaultFailureHandler: 	at org.junit.runners.BlockJUnit4ClassRunner$1.evaluate(BlockJUnit4ClassRunner.java:100)
09-07 04:05:46.104 17666 17709 W DefaultFailureHandler: 	at org.junit.runners.ParentRunner.runLeaf(ParentRunner.java:366)
09-07 04:05:46.104 17666 17709 W DefaultFailureHandler: 	at org.junit.runners.BlockJUnit4ClassRunner.runChild(BlockJUnit4ClassRunner.java:103)
09-07 04:05:46.104 17666 17709 W DefaultFailureHandler: 	at org.junit.runners.BlockJUnit4ClassRunner.runChild(BlockJUnit4ClassRunner.java:63)
09-07 04:05:46.104 17666 17709 W DefaultFailureHandler: 	at org.junit.runners.ParentRunner$4.run(ParentRunner.java:331)
09-07 04:05:46.104 17666 17709 W DefaultFailureHandler: 	at org.junit.runners.ParentRunner$1.schedule(ParentRunner.java:79)
09-07 04:05:46.104 17666 17709 W DefaultFailureHandler: 	at org.junit.runners.ParentRunner.runChildren(ParentRunner.java:329)
09-07 04:05:46.104 17666 17709 W DefaultFailureHandler: 	at org.junit.runners.ParentRunner.access$100(ParentRunner.java:66)
09-07 04:05:46.104 17666 17709 W DefaultFailureHandler: 	at org.junit.runners.ParentRunner$2.evaluate(ParentRunner.java:293)
09-07 04:05:46.104 17666 17709 W DefaultFailureHandler: 	at org.junit.runners.ParentRunner$3.evaluate(ParentRunner.java:306)
09-07 04:05:46.104 17666 17709 W DefaultFailureHandler: 	at org.junit.runners.ParentRunner.run(ParentRunner.java:413)
09-07 04:05:46.104 17666 17709 W DefaultFailureHandler: 	at androidx.test.ext.junit.runners.AndroidJUnit4.run(AndroidJUnit4.java:162)
09-07 04:05:46.104 17666 17709 W DefaultFailureHandler: 	at io.qameta.allure.android.runners.AllureAndroidJUnit4.run(AllureAndroidJUnitRunners.kt:29)
09-07 04:05:46.104 17666 17709 W DefaultFailureHandler: 	at org.junit.runners.Suite.runChild(Suite.java:128)
09-07 04:05:46.104 17666 17709 W DefaultFailureHandler: 	at org.junit.runners.Suite.runChild(Suite.java:27)
09-07 04:05:46.104 17666 17709 W DefaultFailureHandler: 	at org.junit.runners.ParentRunner$4.run(ParentRunner.java:331)
09-07 04:05:46.104 17666 17709 W DefaultFailureHandler: 	at org.junit.runners.ParentRunner$1.schedule(ParentRunner.java:79)
09-07 04:05:46.104 17666 17709 W DefaultFailureHandler: 	at org.junit.runners.ParentRunner.runChildren(ParentRunner.java:329)
09-07 04:05:46.104 17666 17709 W DefaultFailureHandler: 	at org.junit.runners.ParentRunner.access$100(ParentRunner.java:66)
09-07 04:05:46.104 17666 17709 W DefaultFailureHandler: 	at org.junit.runners.ParentRunner$2.evaluate(ParentRunner.java:293)
09-07 04:05:46.104 17666 17709 W DefaultFailureHandler: 	at org.junit.runners.ParentRunner$3.evaluate(ParentRunner.java:306)
09-07 04:05:46.104 17666 17709 W DefaultFailureHandler: 	at org.junit.runners.ParentRunner.run(ParentRunner.java:413)
09-07 04:05:46.104 17666 17709 W DefaultFailureHandler: 	at org.junit.runner.JUnitCore.run(JUnitCore.java:137)
09-07 04:05:46.104 17666 17709 W DefaultFailureHandler: 	at org.junit.runner.JUnitCore.run(JUnitCore.java:115)
09-07 04:05:46.104 17666 17709 W DefaultFailureHandler: 	at androidx.test.internal.runner.TestExecutor.execute(TestExecutor.java:67)
09-07 04:05:46.104 17666 17709 W DefaultFailureHandler: 	at androidx.test.internal.runner.TestExecutor.execute(TestExecutor.java:58)
09-07 04:05:46.104 17666 17709 W DefaultFailureHandler: 	at androidx.test.runner.AndroidJUnitRunner.onStart(AndroidJUnitRunner.java:438)
09-07 04:05:46.104 17666 17709 W DefaultFailureHandler: 	at android.app.Instrumentation$InstrumentationThread.run(Instrumentation.java:2189)
09-07 04:05:46.104 17666 17709 W DefaultFailureHandler: Caused by: android.system.ErrnoException: open failed: EROFS (Read-only file system)
09-07 04:05:46.104 17666 17709 W DefaultFailureHandler: 	at libcore.io.Linux.open(Native Method)
09-07 04:05:46.104 17666 17709 W DefaultFailureHandler: 	at libcore.io.ForwardingOs.open(ForwardingOs.java:167)
09-07 04:05:46.104 17666 17709 W DefaultFailureHandler: 	at libcore.io.BlockGuardOs.open(BlockGuardOs.java:252)
09-07 04:05:46.104 17666 17709 W DefaultFailureHandler: 	at libcore.io.ForwardingOs.open(ForwardingOs.java:167)
09-07 04:05:46.104 17666 17709 W DefaultFailureHandler: 	at android.app.ActivityThread$AndroidOs.open(ActivityThread.java:7255)
09-07 04:05:46.104 17666 17709 W DefaultFailureHandler: 	at libcore.io.IoBridge.open(IoBridge.java:482)
09-07 04:05:46.104 17666 17709 W DefaultFailureHandler: 	... 51 more
09-07 04:05:46.109  1793 14098 D gralloc_ranchu: gralloc_alloc: Creating ashmem region of size 9850880
09-07 04:05:46.218  1937  1937 E netmgr  : Failed to open QEMU pipe 'qemud:network': Invalid argument
09-07 04:05:46.354  2037  2311 I ActivityTaskManager: START u0 {act=android.intent.action.MAIN cat=[android.intent.category.LAUNCHER] flg=0x10000000 cmp=ru.iteco.fmhandroid.test/androidx.test.core.app.InstrumentationActivityInvoker$EmptyActivity} from uid 10136
09-07 04:05:46.358 17666 17666 D LifecycleMonitor: Lifecycle status change: ru.iteco.fmhandroid.ui.AppActivity@6052d80 in: PAUSED
09-07 04:05:46.358 17666 17666 V ActivityScenario: Update currentActivityStage to PAUSED, currentActivity=ru.iteco.fmhandroid.ui.AppActivity@6052d80
09-07 04:05:46.359  2037  2311 W InputReader: Device has associated, but no associated display id.
09-07 04:05:46.359  2037  2311 I chatty  : uid=1000(system) Binder:2037_6 identical 19 lines
09-07 04:05:46.359  2037  2311 W InputReader: Device has associated, but no associated display id.
09-07 04:05:46.359 17666 17710 V FA      : Recording user engagement, ms: 13940
09-07 04:05:46.359  2037  2311 W InputReader: Device has associated, but no associated display id.
09-07 04:05:46.361  2037  2311 I chatty  : uid=1000(system) Binder:2037_6 identical 17 lines
09-07 04:05:46.361  2037  2311 W InputReader: Device has associated, but no associated display id.
09-07 04:05:46.361 17722 17722 W ActivityThread: handleWindowVisibility: no activity for token android.os.BinderProxy@bdecd37
09-07 04:05:46.362  2037  2311 W InputReader: Device has associated, but no associated display id.
09-07 04:05:46.362  2037  2311 I chatty  : uid=1000(system) Binder:2037_6 identical 8 lines
09-07 04:05:46.362  2037  2311 W InputReader: Device has associated, but no associated display id.
09-07 04:05:46.379  1939  1939 E wifi_forwarder: RemoteConnection failed to initialize: RemoteConnection failed to open pipe
09-07 04:05:46.384 17666 17756 D EGL_emulation: eglMakeCurrent: 0xd6c2f5a0: ver 2 0 (tinfo 0xe2336d10)
09-07 04:05:46.414 17666 17710 V FA      : Connecting to remote service
09-07 04:05:46.414  1793 14098 D gralloc_ranchu: gralloc_alloc: Creating ashmem region of size 9850880
09-07 04:05:46.417 17666 17710 V FA      : Connection attempt already in progress
09-07 04:05:46.417 17666 17710 V FA      : Activity paused, time: 2470252
09-07 04:05:46.420  7867  7867 D BoundBrokerSvc: onBind: Intent { act=com.google.android.gms.measurement.START pkg=com.google.android.gms }
09-07 04:05:46.420  7867  7867 D BoundBrokerSvc: Loading bound service for intent: Intent { act=com.google.android.gms.measurement.START pkg=com.google.android.gms }
09-07 04:05:46.424  1793 14098 D gralloc_ranchu: gralloc_alloc: Creating ashmem region of size 9850880
09-07 04:05:46.432 17722 17753 D EGL_emulation: eglMakeCurrent: 0xe22f8f20: ver 2 0 (tinfo 0xed4893b0)
09-07 04:05:46.445  1793 14098 D gralloc_ranchu: gralloc_alloc: Creating ashmem region of size 9850880
09-07 04:05:46.450 17666 17710 D FA      : Connected to remote service
09-07 04:05:46.450 17666 17710 V FA      : Processing queued up service tasks: 2
09-07 04:05:46.458  2037  2311 W InputReader: Device has associated, but no associated display id.
09-07 04:05:46.466  2037  2311 I chatty  : uid=1000(system) Binder:2037_6 identical 48 lines
09-07 04:05:46.466  2037  2311 W InputReader: Device has associated, but no associated display id.
09-07 04:05:46.471  7867 17345 V FA-SVC  : Logging event: origin=auto,name=user_engagement(_e),params=Bundle[{ga_event_origin(_o)=auto, engagement_time_msec(_et)=13940, ga_screen_class(_sc)=AppActivity, ga_screen_id(_si)=-6205516365110237829}]
09-07 04:05:46.486 17722 17722 W ActivityThread: handleWindowVisibility: no activity for token android.os.BinderProxy@b207ce6
09-07 04:05:46.430  2037  2311 I ActivityTaskManager: START u0 {act=android.intent.action.MAIN cat=[android.intent.category.LAUNCHER] flg=0x10000000 cmp=ru.iteco.fmhandroid.test/androidx.test.core.app.InstrumentationActivityInvoker$EmptyActivity} from uid 10136
09-07 04:05:46.502  2037  3740 W ActivityTaskManager: Duplicate finish request for ActivityRecord{891a98b u0 ru.iteco.fmhandroid/.ui.AppActivity t713 f}
09-07 04:05:46.509  7867 17345 V FA-SVC  : Upload scheduled in approximately ms: 1290601
09-07 04:05:46.509  7867 17345 V FA-SVC  : Unscheduling upload
09-07 04:05:46.511  7867 17345 V FA-SVC  : Scheduling upload, millis: 1290601
09-07 04:05:46.513  7867 17345 V FA-SVC  : Background event processing time, ms: 45
09-07 04:05:46.526  1793 14098 D gralloc_ranchu: gralloc_alloc: Creating ashmem region of size 9850880
09-07 04:05:46.530  1793 14098 I chatty  : uid=1000(system) HwBinder:1793_3 identical 1 line
09-07 04:05:46.531  1793 14098 D gralloc_ranchu: gralloc_alloc: Creating ashmem region of size 9850880
09-07 04:05:46.532 17722 17753 D EGL_emulation: eglMakeCurrent: 0xe22f8f20: ver 2 0 (tinfo 0xed4893b0)
09-07 04:05:46.554  2037  2311 W InputReader: Device has associated, but no associated display id.
09-07 04:05:46.557  2037  2311 I chatty  : uid=1000(system) Binder:2037_6 identical 18 lines
09-07 04:05:46.557  2037  2311 W InputReader: Device has associated, but no associated display id.
09-07 04:05:46.562  2037  2065 I ActivityTaskManager: Displayed ru.iteco.fmhandroid.test/androidx.test.core.app.InstrumentationActivityInvoker$EmptyActivity: +97ms
09-07 04:05:46.565  2037  2311 W InputReader: Device has associated, but no associated display id.
09-07 04:05:46.565  2037  2311 I chatty  : uid=1000(system) Binder:2037_6 identical 8 lines
09-07 04:05:46.565  2037  2311 W InputReader: Device has associated, but no associated display id.
09-07 04:05:46.576 17666 17756 D EGL_emulation: eglMakeCurrent: 0xd6c2f5a0: ver 2 0 (tinfo 0xe2336d10)
09-07 04:05:46.596  2037  3740 W InputReader: Device has associated, but no associated display id.
09-07 04:05:46.597  2037  3740 I chatty  : uid=1000(system) Binder:2037_D identical 28 lines
09-07 04:05:46.597  2037  3740 W InputReader: Device has associated, but no associated display id.
09-07 04:05:46.600 17666 17666 D LifecycleMonitor: Lifecycle status change: ru.iteco.fmhandroid.ui.AppActivity@6052d80 in: STOPPED
09-07 04:05:46.600 17666 17666 V ActivityScenario: Update currentActivityStage to STOPPED, currentActivity=ru.iteco.fmhandroid.ui.AppActivity@6052d80
09-07 04:05:46.605  1823  1823 W SurfaceFlinger: couldn't log to binary event log: overflow.
09-07 04:05:46.614 17666 17666 D LifecycleMonitor: Lifecycle status change: ru.iteco.fmhandroid.ui.AppActivity@6052d80 in: DESTROYED
09-07 04:05:46.614 17666 17666 V ActivityScenario: Update currentActivityStage to DESTROYED, currentActivity=null
09-07 04:05:46.617  2037  3740 D ConnectivityService: requestNetwork for uid/pid:10113/17448 NetworkRequest [ TRACK_DEFAULT id=73, [ Capabilities: INTERNET&NOT_RESTRICTED&TRUSTED Uid: 10113] ]
09-07 04:05:46.618  2037  2143 D WifiNetworkFactory: got request NetworkRequest [ TRACK_DEFAULT id=73, [ Capabilities: INTERNET&NOT_RESTRICTED&TRUSTED Uid: 10113] ] with score 60 and serial -1
09-07 04:05:46.618  2037  2143 D UntrustedWifiNetworkFactory: got request NetworkRequest [ TRACK_DEFAULT id=73, [ Capabilities: INTERNET&NOT_RESTRICTED&TRUSTED Uid: 10113] ] with score 60 and serial -1
09-07 04:05:46.618  2279  2279 D PhoneSwitcherNetworkRequstListener: got request NetworkRequest [ TRACK_DEFAULT id=73, [ Capabilities: INTERNET&NOT_RESTRICTED&TRUSTED Uid: 10113] ] with score 60 and serial -1
09-07 04:05:46.631  1793 14098 D gralloc_ranchu: gralloc_alloc: Creating ashmem region of size 9850880
09-07 04:05:46.639  1793 14098 D gralloc_ranchu: gralloc_alloc: Creating ashmem region of size 9850880
09-07 04:05:46.640 17448 17469 D EGL_emulation: eglMakeCurrent: 0xda21a1e0: ver 2 0 (tinfo 0xda20f6c0)
