09-07 05:26:56.169  2845  2990 I okhttp.OkHttpClient: Date: Thu, 07 Sep 2023 05:26:56 GMT
09-07 05:26:56.170  2845  2990 I okhttp.OkHttpClient: Keep-Alive: timeout=60
09-07 05:26:56.170  2845  2990 I okhttp.OkHttpClient: Connection: keep-alive
09-07 05:26:56.170  2845  2990 I okhttp.OkHttpClient: {"id":1,"firstName":"Ivan","lastName":"Ivanov","middleName":"Ivanovich","admin":true}
09-07 05:26:56.170  2845  2990 I okhttp.OkHttpClient: <-- END HTTP (85-byte body)
09-07 05:26:56.179  2845  3607 I okhttp.OkHttpClient: --> GET http://www.981757-ca08998.tmweb.ru:8080/fmh/claims
09-07 05:26:56.179  2845  3607 I okhttp.OkHttpClient: --> END GET
09-07 05:26:56.182  1774  3608 E ResolverController: No valid NAT64 prefix (101, <unspecified>/0)
09-07 05:26:56.229  2845  2845 I ViewInteraction: Checking 'MatchesViewAssertion{viewMatcher=(view has effective visibility <VISIBLE> and view.getGlobalVisibleRect() to return non-empty rectangle)}' assertion on view an instance of android.widget.TextView and view.getText() with or without transformation to match: is "News"
09-07 05:26:56.231  2845  2845 I ViewInteraction: Performing 'wait for a specific view with <view.getId() is <2131230951>> during 10000 millis.' action on view view.getRootView() to equal view
09-07 05:26:56.234  2845  2845 I ViewInteraction: Checking 'MatchesViewAssertion{viewMatcher=(view has effective visibility <VISIBLE> and view.getGlobalVisibleRect() to return non-empty rectangle)}' assertion on view view.getId() is <2131230951/ru.iteco.fmhandroid:id/container_list_news_include_on_fragment_main>
09-07 05:26:56.236  2845  2845 I ViewInteraction: Performing 'wait for a specific view with <view.getId() is <2131230949>> during 10000 millis.' action on view view.getRootView() to equal view
09-07 05:26:56.237  2845  2845 I ViewInteraction: Checking 'MatchesViewAssertion{viewMatcher=(view has effective visibility <VISIBLE> and view.getGlobalVisibleRect() to return non-empty rectangle)}' assertion on view view.getId() is <2131230949/ru.iteco.fmhandroid:id/container_list_claim_include_on_fragment_main>
09-07 05:26:56.238  2845  2845 I ViewInteraction: Performing 'wait for a specific view with <an instance of android.widget.TextView and view.getText() with or without transformation to match: is "Claims"> during 10000 millis.' action on view view.getRootView() to equal view
09-07 05:26:56.242  2845  2845 I ViewInteraction: Checking 'MatchesViewAssertion{viewMatcher=(view has effective visibility <VISIBLE> and view.getGlobalVisibleRect() to return non-empty rectangle)}' assertion on view an instance of android.widget.TextView and view.getText() with or without transformation to match: is "Claims"
09-07 05:26:56.248  2845  2845 I ViewInteraction: Performing 'wait for a specific view with <view.getId() is <2131231123/ru.iteco.fmhandroid:id/main_menu_image_button>> during 10000 millis.' action on view view.getRootView() to equal view
09-07 05:26:56.251  2845  2845 I ViewInteraction: Performing 'single click' action on view view.getId() is <2131231123/ru.iteco.fmhandroid:id/main_menu_image_button>
09-07 05:26:56.341  1793  2554 D gralloc_ranchu: gralloc_alloc: Creating ashmem region of size 2015232
09-07 05:26:56.348  1793  2554 I chatty  : uid=1000(system) HwBinder:1793_2 identical 1 line
09-07 05:26:56.350  1793  2554 D gralloc_ranchu: gralloc_alloc: Creating ashmem region of size 2015232
09-07 05:26:56.351  2845  2957 D EGL_emulation: eglMakeCurrent: 0xda21b080: ver 2 0 (tinfo 0xda20fd30)
09-07 05:26:56.467  2845  2957 I chatty  : uid=10136(ru.iteco.fmhandroid) RenderThread identical 4 lines
09-07 05:26:56.471  2845  2957 D EGL_emulation: eglMakeCurrent: 0xda21b080: ver 2 0 (tinfo 0xda20fd30)
09-07 05:26:56.587  1792  2272 E GnssHAL_GnssInterface: gnssSvStatusCb: a: input svInfo.flags is 8
09-07 05:26:56.587  1792  2272 E GnssHAL_GnssInterface: gnssSvStatusCb: b: input svInfo.flags is 8
09-07 05:26:56.650  2845  3043 I okhttp.OkHttpClient: <-- HTTP FAILED: java.net.SocketTimeoutException: timeout
09-07 05:26:56.655  2845  2845 W System.err: ru.iteco.fmhandroid.exceptions.ServerException
09-07 05:26:56.655  2845  2845 W System.err: 	at ru.iteco.fmhandroid.utils.Utils.makeRequest(Utils.kt:119)
09-07 05:26:56.656  2845  2845 W System.err: 	at ru.iteco.fmhandroid.utils.Utils$makeRequest$1.invokeSuspend(Unknown Source:15)
09-07 05:26:56.656  2845  2845 W System.err: 	at kotlin.coroutines.jvm.internal.BaseContinuationImpl.resumeWith(ContinuationImpl.kt:33)
09-07 05:26:56.656  2845  2845 W System.err: 	at kotlinx.coroutines.DispatchedTask.run(DispatchedTask.kt:104)
09-07 05:26:56.656  2845  2845 W System.err: 	at android.os.Handler.handleCallback(Handler.java:883)
09-07 05:26:56.656  2845  2845 W System.err: 	at android.os.Handler.dispatchMessage(Handler.java:100)
09-07 05:26:56.656  2845  2845 W System.err: 	at androidx.test.espresso.base.Interrogator.loopAndInterrogate(Interrogator.java:14)
09-07 05:26:56.656  2845  2845 W System.err: 	at androidx.test.espresso.base.UiControllerImpl.loopUntil(UiControllerImpl.java:8)
09-07 05:26:56.656  2845  2845 W System.err: 	at androidx.test.espresso.base.UiControllerImpl.loopUntil(UiControllerImpl.java:1)
09-07 05:26:56.656  2845  2845 W System.err: 	at androidx.test.espresso.base.UiControllerImpl.loopMainThreadForAtLeast(UiControllerImpl.java:7)
09-07 05:26:56.656  2845  2845 W System.err: 	at androidx.test.espresso.action.GeneralClickAction.perform(GeneralClickAction.java:18)
09-07 05:26:56.656  2845  2845 W System.err: 	at androidx.test.espresso.ViewInteraction$SingleExecutionViewAction.perform(ViewInteraction.java:2)
09-07 05:26:56.656  2845  2845 W System.err: 	at androidx.test.espresso.ViewInteraction.doPerform(ViewInteraction.java:25)
09-07 05:26:56.656  2845  2845 W System.err: 	at androidx.test.espresso.ViewInteraction.-$$Nest$mdoPerform(Unknown Source:0)
09-07 05:26:56.657  2845  2845 W System.err: 	at androidx.test.espresso.ViewInteraction$1.call(ViewInteraction.java:7)
09-07 05:26:56.657  2845  2845 W System.err: 	at androidx.test.espresso.ViewInteraction$1.call(ViewInteraction.java:1)
09-07 05:26:56.657  2845  2845 W System.err: 	at java.util.concurrent.FutureTask.run(FutureTask.java:266)
09-07 05:26:56.657  2845  2845 W System.err: 	at android.os.Handler.handleCallback(Handler.java:883)
09-07 05:26:56.657  2845  2845 W System.err: 	at android.os.Handler.dispatchMessage(Handler.java:100)
09-07 05:26:56.657  2845  2845 W System.err: 	at android.os.Looper.loop(Looper.java:214)
09-07 05:26:56.657  2845  2845 W System.err: 	at android.app.ActivityThread.main(ActivityThread.java:7356)
09-07 05:26:56.657  2845  2845 W System.err: 	at java.lang.reflect.Method.invoke(Native Method)
09-07 05:26:56.657  2845  2845 W System.err: 	at com.android.internal.os.RuntimeInit$MethodAndArgsCaller.run(RuntimeInit.java:492)
09-07 05:26:56.657  2845  2845 W System.err: 	at com.android.internal.os.ZygoteInit.main(ZygoteInit.java:930)
09-07 05:26:56.722  2845  2845 I ViewInteraction: Performing 'wait for a specific view with <an instance of android.widget.TextView and view.getText() with or without transformation to match: is "News"> during 10000 millis.' action on view view.getRootView() to equal view
09-07 05:26:56.726  2845  2845 I ViewInteraction: Performing 'single click' action on view an instance of android.widget.TextView and view.getText() with or without transformation to match: is "News"
09-07 05:26:56.801  2845  2957 D EGL_emulation: eglMakeCurrent: 0xda21b080: ver 2 0 (tinfo 0xda20fd30)
09-07 05:26:56.869  2845  3542 I okhttp.OkHttpClient: --> GET http://www.981757-ca08998.tmweb.ru:8080/fmh/news
09-07 05:26:56.869  2845  3542 I okhttp.OkHttpClient: --> END GET
09-07 05:26:56.896  2845  2957 D EGL_emulation: eglMakeCurrent: 0xda21b080: ver 2 0 (tinfo 0xda20fd30)
09-07 05:26:56.908  2845  2957 D EGL_emulation: eglMakeCurrent: 0xda21b080: ver 2 0 (tinfo 0xda20fd30)
09-07 05:26:57.084  2845  2845 I ViewInteraction: Performing 'wait for a specific view with <view.getId() is <2131231025/ru.iteco.fmhandroid:id/edit_news_material_button>> during 10000 millis.' action on view view.getRootView() to equal view
09-07 05:26:57.090  2845  2845 I ViewInteraction: Performing 'single click' action on view view.getId() is <2131231025/ru.iteco.fmhandroid:id/edit_news_material_button>
09-07 05:26:57.175  2845  3543 I okhttp.OkHttpClient: --> GET http://www.981757-ca08998.tmweb.ru:8080/fmh/news
09-07 05:26:57.175  2845  3543 I okhttp.OkHttpClient: --> END GET
09-07 05:26:57.532  2845  2845 I ViewInteraction: Performing 'wait for a specific view with <view.getId() is <2131230850/ru.iteco.fmhandroid:id/add_news_image_view>> during 10000 millis.' action on view view.getRootView() to equal view
09-07 05:26:57.538  2845  2845 I ViewInteraction: Performing 'single click' action on view view.getId() is <2131230850/ru.iteco.fmhandroid:id/add_news_image_view>
09-07 05:26:57.588  1792  2272 E GnssHAL_GnssInterface: gnssSvStatusCb: a: input svInfo.flags is 8
09-07 05:26:57.588  1792  2272 E GnssHAL_GnssInterface: gnssSvStatusCb: b: input svInfo.flags is 8
09-07 05:26:57.887  2845  2845 I ViewInteraction: Performing 'wait for a specific view with <view.getId() is <2131231204/ru.iteco.fmhandroid:id/news_item_category_text_auto_complete_text_view>> during 10000 millis.' action on view view.getRootView() to equal view
09-07 05:26:57.893  2845  2845 I ViewInteraction: Performing 'single click' action on view view.getId() is <2131231204/ru.iteco.fmhandroid:id/news_item_category_text_auto_complete_text_view>
09-07 05:26:58.007  1793  2554 D gralloc_ranchu: gralloc_alloc: Creating ashmem region of size 5308416
09-07 05:26:58.018  1793  2554 I chatty  : uid=1000(system) HwBinder:1793_2 identical 1 line
09-07 05:26:58.023  1793  2554 D gralloc_ranchu: gralloc_alloc: Creating ashmem region of size 5308416
09-07 05:26:58.027  2845  2957 D EGL_emulation: eglMakeCurrent: 0xda21b080: ver 2 0 (tinfo 0xda20fd30)
09-07 05:26:58.049  2845  2845 I AssistStructure: Flattened final assist data: 7432 bytes, containing 2 windows, 55 views
09-07 05:26:58.060  8425  8425 W AutofillChimeraService: Pending fill request while another request in the same session was triggered. [CONTEXT service_id=177 ]
09-07 05:26:58.064  7867  7867 D BoundBrokerSvc: onBind: Intent { act=com.google.android.mdd.service.START dat=chimera-action: cmp=com.google.android.gms/.chimera.GmsBoundBrokerService }
09-07 05:26:58.064  7867  7867 D BoundBrokerSvc: Loading bound service for intent: Intent { act=com.google.android.mdd.service.START dat=chimera-action: cmp=com.google.android.gms/.chimera.GmsBoundBrokerService }
09-07 05:26:58.083  2845  2957 D EGL_emulation: eglMakeCurrent: 0xda21b080: ver 2 0 (tinfo 0xda20fd30)
09-07 05:26:58.100  2845  2845 I AssistStructure: Flattened final assist data: 7432 bytes, containing 2 windows, 55 views
09-07 05:26:58.120  2845  2957 D EGL_emulation: eglMakeCurrent: 0xda21b080: ver 2 0 (tinfo 0xda20fd30)
09-07 05:26:58.126  6131  6131 I KeyboardViewUtil: systemKeyboardHeightRatio:1.000000; userKeyboardHeightRatio:1.000000.
09-07 05:26:58.126  6131  6131 I AndroidIME: LatinIme.onActivate() : EditorInfo = Package = ru.iteco.fmhandroid : Type = Text : Learning = Disable : Suggestion = Show : AutoCorrection = Disable : Microphone = Show : NoPersonalizedLearning = Disable
09-07 05:26:58.135  6131  6131 I Conv2QueryExtension: Current locale: en_US, config allows these locales: de,en,es,fr,it,ms,pt,ta
09-07 05:26:58.135  6131  6131 I Conv2QueryExtension: Conv2Query not enabled due to current app [ru.iteco.fmhandroid] not in whitelist
09-07 05:26:58.135  6131  6131 I Conv2QueryExtension: onActivate() : Disabled by unsupported host app
09-07 05:26:58.143  1793  2554 D gralloc_ranchu: gralloc_alloc: Creating ashmem region of size 9113600
09-07 05:26:58.153  2182  2468 D EGL_emulation: eglMakeCurrent: 0xda21a360: ver 2 0 (tinfo 0xda20f590)
09-07 05:26:58.154  2182  2182 W View    : requestLayout() improperly called by com.android.keyguard.AlphaOptimizedLinearLayout{551c6d8 V.E...... ......ID 7,0-48,61 #7f0a041c app:id/wifi_group} during second layout pass: posting in next frame
09-07 05:26:58.155  1793  2554 D gralloc_ranchu: gralloc_alloc: Creating ashmem region of size 9113600
09-07 05:26:58.157  1793  2554 D gralloc_ranchu: gralloc_alloc: Creating ashmem region of size 9113600
09-07 05:26:58.157  6131  6653 D EGL_emulation: eglMakeCurrent: 0xe224f240: ver 2 0 (tinfo 0xe227da70)
09-07 05:26:58.178  2182  2182 W View    : requestLayout() improperly called by StatusBarIconView(slot=mobile icon=null notification=null) during layout: running second layout pass
09-07 05:26:58.192  2182  2468 D EGL_emulation: eglMakeCurrent: 0xda21a360: ver 2 0 (tinfo 0xda20f590)
09-07 05:26:58.197  2845  2957 D EGL_emulation: eglMakeCurrent: 0xda21b080: ver 2 0 (tinfo 0xda20fd30)
09-07 05:26:58.227  1793  2554 D gralloc_ranchu: gralloc_alloc: Creating ashmem region of size 3530752
09-07 05:26:58.235  2845  2957 D EGL_emulation: eglMakeCurrent: 0xda21b080: ver 2 0 (tinfo 0xda20fd30)
09-07 05:26:58.262  1793  2554 D gralloc_ranchu: gralloc_alloc: Creating ashmem region of size 3530752
09-07 05:26:58.267  2845  2957 D EGL_emulation: eglMakeCurrent: 0xda21b080: ver 2 0 (tinfo 0xda20fd30)
09-07 05:26:58.280  2845  2957 D EGL_emulation: eglMakeCurrent: 0xda21b080: ver 2 0 (tinfo 0xda20fd30)
09-07 05:26:58.289  1793  2554 D gralloc_ranchu: gralloc_alloc: Creating ashmem region of size 3530752
09-07 05:26:58.382  2845  2845 I ViewInteraction: Performing 'close keyboard' action on view view.getRootView() to equal view
09-07 05:26:58.394  6131  6131 I PhenotypeExpConfig: refreshConfiguration() : Force = false : UpdateAvailable = false : Age = 138 minutes : MaxAge = 720 minutes
09-07 05:26:58.396  6131  6131 I AndroidIME: LatinIme.onDeactivate()
09-07 05:26:58.406  6131  6653 D EGL_emulation: eglMakeCurrent: 0xe224f240: ver 2 0 (tinfo 0xe227da70)
09-07 05:26:58.406  2182  2468 D EGL_emulation: eglMakeCurrent: 0xda21a360: ver 2 0 (tinfo 0xda20f590)
09-07 05:26:58.407  2182  2182 W View    : requestLayout() improperly called by com.android.keyguard.AlphaOptimizedLinearLayout{551c6d8 V.E...... ......ID 7,0-48,61 #7f0a041c app:id/wifi_group} during second layout pass: posting in next frame
09-07 05:26:58.423  2182  2182 W View    : requestLayout() improperly called by StatusBarIconView(slot=mobile icon=null notification=null) during layout: running second layout pass
09-07 05:26:58.434  2182  2468 D EGL_emulation: eglMakeCurrent: 0xda21a360: ver 2 0 (tinfo 0xda20f590)
09-07 05:26:58.451  2845  2957 D EGL_emulation: eglMakeCurrent: 0xda21b080: ver 2 0 (tinfo 0xda20fd30)
09-07 05:26:58.473  1793  2554 D gralloc_ranchu: gralloc_alloc: Creating ashmem region of size 5308416
09-07 05:26:58.487  2845  2957 D EGL_emulation: eglMakeCurrent: 0xda21b080: ver 2 0 (tinfo 0xda20fd30)
09-07 05:26:58.504  1793  2554 D gralloc_ranchu: gralloc_alloc: Creating ashmem region of size 5308416
09-07 05:26:58.508  2845  2957 D EGL_emulation: eglMakeCurrent: 0xda21b080: ver 2 0 (tinfo 0xda20fd30)
09-07 05:26:58.527  2845  2957 D EGL_emulation: eglMakeCurrent: 0xda21b080: ver 2 0 (tinfo 0xda20fd30)
09-07 05:26:58.539  1793  2554 D gralloc_ranchu: gralloc_alloc: Creating ashmem region of size 5308416
09-07 05:26:58.545  2845  2957 D EGL_emulation: eglMakeCurrent: 0xda21b080: ver 2 0 (tinfo 0xda20fd30)
09-07 05:26:58.586  1792  2272 E GnssHAL_GnssInterface: gnssSvStatusCb: a: input svInfo.flags is 8
09-07 05:26:58.586  1792  2272 E GnssHAL_GnssInterface: gnssSvStatusCb: b: input svInfo.flags is 8
09-07 05:26:58.706  2845  2845 I ViewInteraction: Checking 'MatchesViewAssertion{viewMatcher=(view has effective visibility <VISIBLE> and view.getGlobalVisibleRect() to return non-empty rectangle)}' assertion on view an instance of android.widget.TextView and view.getText() with or without transformation to match: is "Объявление"
09-07 05:26:58.710  2845  2845 I ViewInteraction: Performing 'single click' action on view an instance of android.widget.TextView and view.getText() with or without transformation to match: is "Объявление"
09-07 05:26:58.781  2845  2957 D EGL_emulation: eglMakeCurrent: 0xda21b080: ver 2 0 (tinfo 0xda20fd30)
09-07 05:26:58.853  2845  2957 D EGL_emulation: eglMakeCurrent: 0xda21b080: ver 2 0 (tinfo 0xda20fd30)
09-07 05:26:58.868  2037  2674 E InputDispatcher: Window handle Window{14b1cdd u0 PopupWindow:a88073a} has no registered input channel
09-07 05:26:58.870  2845  2957 D EGL_emulation: eglMakeCurrent: 0xda21b080: ver 2 0 (tinfo 0xda20fd30)
09-07 05:26:59.012  2845  2845 I ViewInteraction: Performing 'wait for a specific view with <view.getId() is <2131231227/ru.iteco.fmhandroid:id/news_item_title_text_input_edit_text>> during 10000 millis.' action on view view.getRootView() to equal view
09-07 05:26:59.017  2845  2845 I ViewInteraction: Performing 'replace text(Заголовок f5167f7b-c385-47c4-83e5-89229a7f782a)' action on view view.getId() is <2131231227/ru.iteco.fmhandroid:id/news_item_title_text_input_edit_text>
09-07 05:26:59.061  2845  2845 I ViewInteraction: Performing 'wait for a specific view with <view.getId() is <2131231222/ru.iteco.fmhandroid:id/news_item_publish_date_text_input_edit_text>> during 10000 millis.' action on view view.getRootView() to equal view
09-07 05:26:59.064  2845  2845 I ViewInteraction: Performing 'single click' action on view view.getId() is <2131231222/ru.iteco.fmhandroid:id/news_item_publish_date_text_input_edit_text>
09-07 05:26:59.176  1793  2554 D gralloc_ranchu: gralloc_alloc: Creating ashmem region of size 6778880
09-07 05:26:59.182  1809  1983 D AF::Track: interceptBuffer: took 1660us to intercept 0 tracks
09-07 05:26:59.194  1793  2554 D gralloc_ranchu: gralloc_alloc: Creating ashmem region of size 6778880
09-07 05:26:59.196  1793  2554 D gralloc_ranchu: gralloc_alloc: Creating ashmem region of size 6778880
09-07 05:26:59.206  2845  2957 D EGL_emulation: eglMakeCurrent: 0xda21b080: ver 2 0 (tinfo 0xda20fd30)
09-07 05:26:59.463  2845  2957 I chatty  : uid=10136(ru.iteco.fmhandroid) RenderThread identical 20 lines
09-07 05:26:59.469  2845  2957 D EGL_emulation: eglMakeCurrent: 0xda21b080: ver 2 0 (tinfo 0xda20fd30)
09-07 05:26:59.587  1792  2272 E GnssHAL_GnssInterface: gnssSvStatusCb: a: input svInfo.flags is 8
09-07 05:26:59.587  1792  2272 E GnssHAL_GnssInterface: gnssSvStatusCb: b: input svInfo.flags is 8
09-07 05:26:59.776  2845  2845 I ViewInteraction: Performing 'wait for a specific view with <is assignable from class <class android.widget.DatePicker>> during 10000 millis.' action on view view.getRootView() to equal view
09-07 05:26:59.781  2845  2845 I ViewInteraction: Checking 'MatchesViewAssertion{viewMatcher=(view has effective visibility <VISIBLE> and view.getGlobalVisibleRect() to return non-empty rectangle)}' assertion on view is assignable from class <class android.widget.DatePicker>
09-07 05:26:59.783  2845  2845 I ViewInteraction: Performing 'wait for a specific view with <is assignable from class <class android.widget.DatePicker>> during 10000 millis.' action on view view.getRootView() to equal view
09-07 05:26:59.786  2845  2845 I ViewInteraction: Performing 'set date' action on view is assignable from class <class android.widget.DatePicker>
09-07 05:26:59.794  2845  2957 D EGL_emulation: eglMakeCurrent: 0xda21b080: ver 2 0 (tinfo 0xda20fd30)
09-07 05:26:59.814  2845  2845 I ViewInteraction: Performing 'wait for a specific view with <view.getId() is <16908313/android:id/button1>> during 10000 millis.' action on view view.getRootView() to equal view
09-07 05:26:59.818  2845  2845 I ViewInteraction: Performing 'single click' action on view view.getId() is <16908313/android:id/button1>
09-07 05:26:59.903  2845  2957 D EGL_emulation: eglMakeCurrent: 0xda21b080: ver 2 0 (tinfo 0xda20fd30)
09-07 05:26:59.916  2845  2957 D EGL_emulation: eglMakeCurrent: 0xda21b080: ver 2 0 (tinfo 0xda20fd30)
09-07 05:26:59.920  2037  4510 E InputDispatcher: Window handle Window{b569962 u0 ru.iteco.fmhandroid/ru.iteco.fmhandroid.ui.AppActivity} has no registered input channel
09-07 05:27:00.016  2182  2182 W View    : requestLayout() improperly called by com.android.keyguard.AlphaOptimizedLinearLayout{551c6d8 V.E...... ......ID 7,0-48,61 #7f0a041c app:id/wifi_group} during second layout pass: posting in next frame
09-07 05:27:00.030  2182  2182 W View    : requestLayout() improperly called by StatusBarIconView(slot=mobile icon=null notification=null) during layout: running second layout pass
09-07 05:27:00.160  2845  2845 I ViewInteraction: Performing 'wait for a specific view with <view.getId() is <2131231223/ru.iteco.fmhandroid:id/news_item_publish_time_text_input_edit_text>> during 10000 millis.' action on view view.getRootView() to equal view
09-07 05:27:00.165  2845  2845 I ViewInteraction: Performing 'single click' action on view view.getId() is <2131231223/ru.iteco.fmhandroid:id/news_item_publish_time_text_input_edit_text>
09-07 05:27:00.269  1793  2554 D gralloc_ranchu: gralloc_alloc: Creating ashmem region of size 5718016
09-07 05:27:00.279  1793  2554 I chatty  : uid=1000(system) HwBinder:1793_2 identical 1 line
09-07 05:27:00.280  1793  2554 D gralloc_ranchu: gralloc_alloc: Creating ashmem region of size 5718016
09-07 05:27:00.284  2845  2957 D EGL_emulation: eglMakeCurrent: 0xda21b080: ver 2 0 (tinfo 0xda20fd30)
09-07 05:27:00.316  2845  2957 D EGL_emulation: eglMakeCurrent: 0xda21b080: ver 2 0 (tinfo 0xda20fd30)
09-07 05:27:00.544  2845  2845 I ViewInteraction: Performing 'wait for a specific view with <is assignable from class <class android.widget.TimePicker>> during 10000 millis.' action on view view.getRootView() to equal view
09-07 05:27:00.550  2845  2845 I ViewInteraction: Checking 'MatchesViewAssertion{viewMatcher=(view has effective visibility <VISIBLE> and view.getGlobalVisibleRect() to return non-empty rectangle)}' assertion on view is assignable from class <class android.widget.TimePicker>
09-07 05:27:00.555  2845  2845 I ViewInteraction: Performing 'wait for a specific view with <is assignable from class <class android.widget.TimePicker>> during 10000 millis.' action on view view.getRootView() to equal view
09-07 05:27:00.558  2845  2845 I ViewInteraction: Performing 'set time' action on view is assignable from class <class android.widget.TimePicker>
09-07 05:27:00.561  2845  2845 I ViewInteraction: Performing 'wait for a specific view with <view.getId() is <16908313/android:id/button1>> during 10000 millis.' action on view view.getRootView() to equal view
09-07 05:27:00.564  2845  2845 I ViewInteraction: Performing 'single click' action on view view.getId() is <16908313/android:id/button1>
09-07 05:27:00.588  1792  2272 E GnssHAL_GnssInterface: gnssSvStatusCb: a: input svInfo.flags is 8
09-07 05:27:00.588  1792  2272 E GnssHAL_GnssInterface: gnssSvStatusCb: b: input svInfo.flags is 8
09-07 05:27:00.628  2845  2957 D EGL_emulation: eglMakeCurrent: 0xda21b080: ver 2 0 (tinfo 0xda20fd30)
09-07 05:27:00.646  2845  2957 I chatty  : uid=10136(ru.iteco.fmhandroid) RenderThread identical 1 line
09-07 05:27:00.659  2845  2957 D EGL_emulation: eglMakeCurrent: 0xda21b080: ver 2 0 (tinfo 0xda20fd30)
09-07 05:27:00.660  2037  2847 E InputDispatcher: Window handle Window{89ce6e3 u0 ru.iteco.fmhandroid/ru.iteco.fmhandroid.ui.AppActivity} has no registered input channel
09-07 05:27:00.906  2845  2845 I ViewInteraction: Performing 'wait for a specific view with <view.getId() is <2131231211/ru.iteco.fmhandroid:id/news_item_description_text_input_edit_text>> during 10000 millis.' action on view view.getRootView() to equal view
09-07 05:27:00.910  2845  2845 I ViewInteraction: Performing 'replace text(Описание a46d0325-e0da-4a6f-a52a-d678682659a1)' action on view view.getId() is <2131231211/ru.iteco.fmhandroid:id/news_item_description_text_input_edit_text>
09-07 05:27:00.946  2845  2845 I ViewInteraction: Performing 'wait for a specific view with <view.getId() is <2131231291/ru.iteco.fmhandroid:id/save_button>> during 10000 millis.' action on view view.getRootView() to equal view
09-07 05:27:00.948  2845  2845 I ViewInteraction: Performing 'single click' action on view view.getId() is <2131231291/ru.iteco.fmhandroid:id/save_button>
09-07 05:27:01.022  2845  3553 I okhttp.OkHttpClient: --> POST http://www.981757-ca08998.tmweb.ru:8080/fmh/news
09-07 05:27:01.022  2845  3553 I okhttp.OkHttpClient: Content-Type: application/json; charset=UTF-8
09-07 05:27:01.022  2845  3553 I okhttp.OkHttpClient: Content-Length: 294
09-07 05:27:01.023  2845  3553 I okhttp.OkHttpClient: {"createDate":1694053621,"creatorId":1,"creatorName":"Ivanov Ivan Ivanovich","description":"Описание a46d0325-e0da-4a6f-a52a-d678682659a1","isOpen":false,"newsCategoryId":1,"publishDate":1694064360,"publishEnabled":true,"title":"Заголовок f5167f7b-c385-47c4-83e5-89229a7f782a"}
09-07 05:27:01.023  2845  3553 I okhttp.OkHttpClient: --> END POST (294-byte body)
09-07 05:27:01.025  1774  3618 E ResolverController: No valid NAT64 prefix (101, <unspecified>/0)
09-07 05:27:01.250  2845  2845 I ViewInteraction: Performing 'wait for a specific view with <view.getId() is <2131231230/ru.iteco.fmhandroid:id/news_list_recycler_view>> during 10000 millis.' action on view view.getRootView() to equal view
09-07 05:27:01.495  2845  3553 I okhttp.OkHttpClient: <-- 200 http://www.981757-ca08998.tmweb.ru:8080/fmh/news (472ms)
09-07 05:27:01.496  2845  3553 I okhttp.OkHttpClient: Vary: Origin
09-07 05:27:01.496  2845  3553 I okhttp.OkHttpClient: Vary: Access-Control-Request-Method
09-07 05:27:01.496  2845  3553 I okhttp.OkHttpClient: Vary: Access-Control-Request-Headers
09-07 05:27:01.497  2845  3553 I okhttp.OkHttpClient: X-Content-Type-Options: nosniff
09-07 05:27:01.498  2845  3553 I okhttp.OkHttpClient: X-XSS-Protection: 1; mode=block
09-07 05:27:01.498  2845  3553 I okhttp.OkHttpClient: Cache-Control: no-cache, no-store, max-age=0, must-revalidate
09-07 05:27:01.498  2845  3553 I okhttp.OkHttpClient: Pragma: no-cache
09-07 05:27:01.498  2845  3553 I okhttp.OkHttpClient: Expires: 0
09-07 05:27:01.499  2845  3553 I okhttp.OkHttpClient: X-Frame-Options: DENY
09-07 05:27:01.499  2845  3553 I okhttp.OkHttpClient: Content-Type: application/json
09-07 05:27:01.499  2845  3553 I okhttp.OkHttpClient: Transfer-Encoding: chunked
09-07 05:27:01.500  2845  3553 I okhttp.OkHttpClient: Date: Thu, 07 Sep 2023 05:27:02 GMT
09-07 05:27:01.500  2845  3553 I okhttp.OkHttpClient: Keep-Alive: timeout=60
09-07 05:27:01.500  2845  3553 I okhttp.OkHttpClient: Connection: keep-alive
09-07 05:27:01.501  2845  3553 I okhttp.OkHttpClient: {"id":6464,"newsCategoryId":1,"title":"Заголовок f5167f7b-c385-47c4-83e5-89229a7f782a","description":"Описание a46d0325-e0da-4a6f-a52a-d678682659a1","creatorId":1,"createDate":1694053621,"publishDate":1694064360,"publishEnabled":true,"creatorName":"Ivanov Ivan Ivanovich"}
09-07 05:27:01.501  2845  3553 I okhttp.OkHttpClient: <-- END HTTP (289-byte body)
09-07 05:27:01.575  2845  2845 I ViewInteraction: Performing 'scroll RecyclerView to: holder with view: ((view is an instance of android.view.ViewGroup and has descendant matching an instance of android.widget.TextView and view.getText() with or without transformation to match: is "Заголовок f5167f7b-c385-47c4-83e5-89229a7f782a"))' action on view view.getId() is <2131231230/ru.iteco.fmhandroid:id/news_list_recycler_view>
09-07 05:27:01.577  2845  2845 D takeScreenshot: Found 1 global views to redraw
09-07 05:27:01.590  1792  2272 E GnssHAL_GnssInterface: gnssSvStatusCb: a: input svInfo.flags is 8
09-07 05:27:01.590  1792  2272 E GnssHAL_GnssInterface: gnssSvStatusCb: b: input svInfo.flags is 8
09-07 05:27:01.684  1793  2554 D gralloc_ranchu: gralloc_alloc: Creating ashmem region of size 9850880
09-07 05:27:01.741  2845  2901 W DefaultFailureHandler: Failed to take screenshot
09-07 05:27:01.741  2845  2901 W DefaultFailureHandler: java.io.FileNotFoundException: view-op-error-10.png: open failed: EROFS (Read-only file system)
09-07 05:27:01.741  2845  2901 W DefaultFailureHandler: 	at libcore.io.IoBridge.open(IoBridge.java:496)
09-07 05:27:01.741  2845  2901 W DefaultFailureHandler: 	at java.io.FileOutputStream.<init>(FileOutputStream.java:235)
09-07 05:27:01.741  2845  2901 W DefaultFailureHandler: 	at java.io.FileOutputStream.<init>(FileOutputStream.java:125)
09-07 05:27:01.741  2845  2901 W DefaultFailureHandler: 	at androidx.test.platform.io.FileTestStorage.openOutputFile(FileTestStorage.java:60)
09-07 05:27:01.741  2845  2901 W DefaultFailureHandler: 	at androidx.test.core.graphics.BitmapStorage.writeToTestStorage(BitmapStorageExt.kt:49)
09-07 05:27:01.741  2845  2901 W DefaultFailureHandler: 	at androidx.test.espresso.base.DefaultFailureHandler.takeScreenshot(DefaultFailureHandler.java:4)
09-07 05:27:01.741  2845  2901 W DefaultFailureHandler: 	at androidx.test.espresso.base.DefaultFailureHandler.handle(DefaultFailureHandler.java:3)
09-07 05:27:01.741  2845  2901 W DefaultFailureHandler: 	at androidx.test.espresso.ViewInteraction.waitForAndHandleInteractionResults(ViewInteraction.java:8)
09-07 05:27:01.741  2845  2901 W DefaultFailureHandler: 	at androidx.test.espresso.ViewInteraction.desugaredPerform(ViewInteraction.java:11)
09-07 05:27:01.741  2845  2901 W DefaultFailureHandler: 	at androidx.test.espresso.ViewInteraction.perform(ViewInteraction.java:8)
09-07 05:27:01.741  2845  2901 W DefaultFailureHandler: 	at ru.iteco.fmhandroid.ui.steps.ControlPanelSteps.scrollToElementInRecyclerList(ControlPanelSteps.java:204)
09-07 05:27:01.741  2845  2901 W DefaultFailureHandler: 	at ru.iteco.fmhandroid.ui.steps.ControlPanelSteps.checkNewsIsPresent(ControlPanelSteps.java:309)
09-07 05:27:01.741  2845  2901 W DefaultFailureHandler: 	at ru.iteco.fmhandroid.ui.ControlPanelTest.shouldDeleteNewsItem(ControlPanelTest.java:115)
09-07 05:27:01.741  2845  2901 W DefaultFailureHandler: 	at java.lang.reflect.Method.invoke(Native Method)
09-07 05:27:01.741  2845  2901 W DefaultFailureHandler: 	at org.junit.runners.model.FrameworkMethod$1.runReflectiveCall(FrameworkMethod.java:59)
09-07 05:27:01.741  2845  2901 W DefaultFailureHandler: 	at org.junit.internal.runners.model.ReflectiveCallable.run(ReflectiveCallable.java:12)
09-07 05:27:01.741  2845  2901 W DefaultFailureHandler: 	at org.junit.runners.model.FrameworkMethod.invokeExplosively(FrameworkMethod.java:56)
09-07 05:27:01.741  2845  2901 W DefaultFailureHandler: 	at org.junit.internal.runners.statements.InvokeMethod.evaluate(InvokeMethod.java:17)
09-07 05:27:01.741  2845  2901 W DefaultFailureHandler: 	at androidx.test.internal.runner.junit4.statement.RunBefores.evaluate(RunBefores.java:80)
09-07 05:27:01.741  2845  2901 W DefaultFailureHandler: 	at io.qameta.allure.android.rules.ScreenshotRule$apply$1.evaluate(ScreenshotRule.kt:22)
09-07 05:27:01.741  2845  2901 W DefaultFailureHandler: 	at org.junit.rules.ExternalResource$1.evaluate(ExternalResource.java:54)
09-07 05:27:01.741  2845  2901 W DefaultFailureHandler: 	at io.qameta.allure.android.rules.LogcatRule$apply$1.evaluate(LogcatRule.kt:23)
09-07 05:27:01.741  2845  2901 W DefaultFailureHandler: 	at org.junit.rules.RunRules.evaluate(RunRules.java:20)
09-07 05:27:01.741  2845  2901 W DefaultFailureHandler: 	at org.junit.runners.ParentRunner$3.evaluate(ParentRunner.java:306)
09-07 05:27:01.741  2845  2901 W DefaultFailureHandler: 	at org.junit.runners.BlockJUnit4ClassRunner$1.evaluate(BlockJUnit4ClassRunner.java:100)
09-07 05:27:01.741  2845  2901 W DefaultFailureHandler: 	at org.junit.runners.ParentRunner.runLeaf(ParentRunner.java:366)
09-07 05:27:01.741  2845  2901 W DefaultFailureHandler: 	at org.junit.runners.BlockJUnit4ClassRunner.runChild(BlockJUnit4ClassRunner.java:103)
09-07 05:27:01.741  2845  2901 W DefaultFailureHandler: 	at org.junit.runners.BlockJUnit4ClassRunner.runChild(BlockJUnit4ClassRunner.java:63)
09-07 05:27:01.741  2845  2901 W DefaultFailureHandler: 	at org.junit.runners.ParentRunner$4.run(ParentRunner.java:331)
09-07 05:27:01.741  2845  2901 W DefaultFailureHandler: 	at org.junit.runners.ParentRunner$1.schedule(ParentRunner.java:79)
09-07 05:27:01.741  2845  2901 W DefaultFailureHandler: 	at org.junit.runners.ParentRunner.runChildren(ParentRunner.java:329)
09-07 05:27:01.741  2845  2901 W DefaultFailureHandler: 	at org.junit.runners.ParentRunner.access$100(ParentRunner.java:66)
09-07 05:27:01.741  2845  2901 W DefaultFailureHandler: 	at org.junit.runners.ParentRunner$2.evaluate(ParentRunner.java:293)
09-07 05:27:01.741  2845  2901 W DefaultFailureHandler: 	at org.junit.runners.ParentRunner$3.evaluate(ParentRunner.java:306)
09-07 05:27:01.741  2845  2901 W DefaultFailureHandler: 	at org.junit.runners.ParentRunner.run(ParentRunner.java:413)
09-07 05:27:01.741  2845  2901 W DefaultFailureHandler: 	at androidx.test.ext.junit.runners.AndroidJUnit4.run(AndroidJUnit4.java:162)
09-07 05:27:01.741  2845  2901 W DefaultFailureHandler: 	at io.qameta.allure.android.runners.AllureAndroidJUnit4.run(AllureAndroidJUnitRunners.kt:29)
09-07 05:27:01.741  2845  2901 W DefaultFailureHandler: 	at org.junit.runners.Suite.runChild(Suite.java:128)
09-07 05:27:01.741  2845  2901 W DefaultFailureHandler: 	at org.junit.runners.Suite.runChild(Suite.java:27)
09-07 05:27:01.741  2845  2901 W DefaultFailureHandler: 	at org.junit.runners.ParentRunner$4.run(ParentRunner.java:331)
09-07 05:27:01.741  2845  2901 W DefaultFailureHandler: 	at org.junit.runners.ParentRunner$1.schedule(ParentRunner.java:79)
09-07 05:27:01.741  2845  2901 W DefaultFailureHandler: 	at org.junit.runners.ParentRunner.runChildren(ParentRunner.java:329)
09-07 05:27:01.741  2845  2901 W DefaultFailureHandler: 	at org.junit.runners.ParentRunner.access$100(ParentRunner.java:66)
09-07 05:27:01.741  2845  2901 W DefaultFailureHandler: 	at org.junit.runners.ParentRunner$2.evaluate(ParentRunner.java:293)
09-07 05:27:01.741  2845  2901 W DefaultFailureHandler: 	at org.junit.runners.ParentRunner$3.evaluate(ParentRunner.java:306)
09-07 05:27:01.741  2845  2901 W DefaultFailureHandler: 	at org.junit.runners.ParentRunner.run(ParentRunner.java:413)
09-07 05:27:01.741  2845  2901 W DefaultFailureHandler: 	at org.junit.runner.JUnitCore.run(JUnitCore.java:137)
09-07 05:27:01.741  2845  2901 W DefaultFailureHandler: 	at org.junit.runner.JUnitCore.run(JUnitCore.java:115)
09-07 05:27:01.741  2845  2901 W DefaultFailureHandler: 	at androidx.test.internal.runner.TestExecutor.execute(TestExecutor.java:67)
09-07 05:27:01.741  2845  2901 W DefaultFailureHandler: 	at androidx.test.internal.runner.TestExecutor.execute(TestExecutor.java:58)
09-07 05:27:01.741  2845  2901 W DefaultFailureHandler: 	at androidx.test.runner.AndroidJUnitRunner.onStart(AndroidJUnitRunner.java:438)
09-07 05:27:01.742  2845  2901 W DefaultFailureHandler: 	at android.app.Instrumentation$InstrumentationThread.run(Instrumentation.java:2189)
09-07 05:27:01.742  2845  2901 W DefaultFailureHandler: Caused by: android.system.ErrnoException: open failed: EROFS (Read-only file system)
09-07 05:27:01.742  2845  2901 W DefaultFailureHandler: 	at libcore.io.Linux.open(Native Method)
09-07 05:27:01.742  2845  2901 W DefaultFailureHandler: 	at libcore.io.ForwardingOs.open(ForwardingOs.java:167)
09-07 05:27:01.742  2845  2901 W DefaultFailureHandler: 	at libcore.io.BlockGuardOs.open(BlockGuardOs.java:252)
09-07 05:27:01.742  2845  2901 W DefaultFailureHandler: 	at libcore.io.ForwardingOs.open(ForwardingOs.java:167)
09-07 05:27:01.742  2845  2901 W DefaultFailureHandler: 	at android.app.ActivityThread$AndroidOs.open(ActivityThread.java:7255)
09-07 05:27:01.742  2845  2901 W DefaultFailureHandler: 	at libcore.io.IoBridge.open(IoBridge.java:482)
09-07 05:27:01.742  2845  2901 W DefaultFailureHandler: 	... 51 more
09-07 05:27:01.745  1793  2554 D gralloc_ranchu: gralloc_alloc: Creating ashmem region of size 9850880
09-07 05:27:01.878  2037  2115 I ActivityTaskManager: START u0 {act=android.intent.action.MAIN cat=[android.intent.category.LAUNCHER] flg=0x10000000 cmp=ru.iteco.fmhandroid.test/androidx.test.core.app.InstrumentationActivityInvoker$EmptyActivity} from uid 10136
09-07 05:27:01.885  2845  2845 D LifecycleMonitor: Lifecycle status change: ru.iteco.fmhandroid.ui.AppActivity@9a2f2af in: PAUSED
09-07 05:27:01.886  2845  2845 V ActivityScenario: Update currentActivityStage to PAUSED, currentActivity=ru.iteco.fmhandroid.ui.AppActivity@9a2f2af
09-07 05:27:01.886  2037  4510 W InputReader: Device has associated, but no associated display id.
09-07 05:27:01.888  2037  4510 I chatty  : uid=1000(system) Binder:2037_15 identical 38 lines
09-07 05:27:01.888  2037  4510 W InputReader: Device has associated, but no associated display id.
09-07 05:27:01.888  2921  2921 W ActivityThread: handleWindowVisibility: no activity for token android.os.BinderProxy@a3d0111
09-07 05:27:01.891  2037  4510 W InputReader: Device has associated, but no associated display id.
09-07 05:27:01.891  2037  4510 W InputReader: Device has associated, but no associated display id.
09-07 05:27:01.891  2845  3380 V FA      : Recording user engagement, ms: 18645
09-07 05:27:01.891  2037  4510 W InputReader: Device has associated, but no associated display id.
09-07 05:27:01.892  2037  4510 I chatty  : uid=1000(system) Binder:2037_15 identical 6 lines
09-07 05:27:01.892  2037  4510 W InputReader: Device has associated, but no associated display id.
09-07 05:27:01.916  2845  3380 V FA      : Connecting to remote service
09-07 05:27:01.923  7867  7867 D BoundBrokerSvc: onBind: Intent { act=com.google.android.gms.measurement.START pkg=com.google.android.gms }
09-07 05:27:01.924  7867  7867 D BoundBrokerSvc: Loading bound service for intent: Intent { act=com.google.android.gms.measurement.START pkg=com.google.android.gms }
09-07 05:27:01.932  1793  2554 D gralloc_ranchu: gralloc_alloc: Creating ashmem region of size 9850880
09-07 05:27:01.937  1793  2554 D gralloc_ranchu: gralloc_alloc: Creating ashmem region of size 9850880
09-07 05:27:01.941  2921  2954 D EGL_emulation: eglMakeCurrent: 0xe2256960: ver 2 0 (tinfo 0xed4894a0)
09-07 05:27:01.957  2845  3380 V FA      : Connection attempt already in progress
09-07 05:27:01.957  2845  3380 V FA      : Activity paused, time: 7345783
09-07 05:27:01.967  1793  2554 D gralloc_ranchu: gralloc_alloc: Creating ashmem region of size 9850880
09-07 05:27:01.971  2037  2061 W InputReader: Device has associated, but no associated display id.
09-07 05:27:01.972  2037  2061 I chatty  : uid=1000(system) android.anim identical 18 lines
09-07 05:27:01.972  2037  2061 W InputReader: Device has associated, but no associated display id.
09-07 05:27:01.977  2037  2065 I ActivityTaskManager: Displayed ru.iteco.fmhandroid.test/androidx.test.core.app.InstrumentationActivityInvoker$EmptyActivity: +93ms
09-07 05:27:01.981  2845  3380 D FA      : Connected to remote service
09-07 05:27:01.981  2845  3380 V FA      : Processing queued up service tasks: 2
09-07 05:27:01.982  2037  2674 I ActivityTaskManager: START u0 {act=android.intent.action.MAIN cat=[android.intent.category.LAUNCHER] flg=0x10000000 cmp=ru.iteco.fmhandroid.test/androidx.test.core.app.InstrumentationActivityInvoker$EmptyActivity} from uid 10136
09-07 05:27:01.995  2845  2957 D EGL_emulation: eglMakeCurrent: 0xda21b080: ver 2 0 (tinfo 0xda20fd30)
09-07 05:27:02.008  7867  3385 V FA-SVC  : Logging event: origin=auto,name=user_engagement(_e),params=Bundle[{ga_event_origin(_o)=auto, engagement_time_msec(_et)=18645, ga_screen_class(_sc)=AppActivity, ga_screen_id(_si)=5126745013386989258}]
09-07 05:27:02.021  2037  4510 W InputReader: Device has associated, but no associated display id.
09-07 05:27:02.025  2037  4510 I chatty  : uid=1000(system) Binder:2037_15 identical 48 lines
09-07 05:27:02.025  2037  4510 W InputReader: Device has associated, but no associated display id.
09-07 05:27:02.029  2921  2921 W ActivityThread: handleWindowVisibility: no activity for token android.os.BinderProxy@761d468
09-07 05:27:02.034  2845  2845 D LifecycleMonitor: Lifecycle status change: ru.iteco.fmhandroid.ui.AppActivity@9a2f2af in: STOPPED
09-07 05:27:02.035  2845  2845 V ActivityScenario: Update currentActivityStage to STOPPED, currentActivity=ru.iteco.fmhandroid.ui.AppActivity@9a2f2af
09-07 05:27:02.044  7867  3385 V FA-SVC  : Upload scheduled in approximately ms: 17255
09-07 05:27:02.044  7867  3385 V FA-SVC  : Unscheduling upload
09-07 05:27:02.046  2845  2845 W System.err: ru.iteco.fmhandroid.exceptions.UnknownException
09-07 05:27:02.046  2845  2845 W System.err: 	at ru.iteco.fmhandroid.utils.Utils.makeRequest(Utils.kt:123)
09-07 05:27:02.046  2845  2845 W System.err: 	at ru.iteco.fmhandroid.utils.Utils$makeRequest$1.invokeSuspend(Unknown Source:15)
09-07 05:27:02.046  2845  2845 W System.err: 	at kotlin.coroutines.jvm.internal.BaseContinuationImpl.resumeWith(ContinuationImpl.kt:33)
09-07 05:27:02.046  2845  2845 W System.err: 	at kotlinx.coroutines.DispatchedTaskKt.resume(DispatchedTask.kt:234)
09-07 05:27:02.046  2845  2845 W System.err: 	at kotlinx.coroutines.DispatchedTaskKt.resumeUnconfined(DispatchedTask.kt:190)
09-07 05:27:02.046  2845  2845 W System.err: 	at kotlinx.coroutines.DispatchedTaskKt.dispatch(DispatchedTask.kt:161)
09-07 05:27:02.046  2845  2845 W System.err: 	at kotlinx.coroutines.CancellableContinuationImpl.dispatchResume(CancellableContinuationImpl.kt:397)
09-07 05:27:02.046  2845  2845 W System.err: 	at kotlinx.coroutines.CancellableContinuationImpl.cancel(CancellableContinuationImpl.kt:183)
09-07 05:27:02.046  2845  2845 W System.err: 	at kotlinx.coroutines.CancellableContinuationImpl.parentCancelled$kotlinx_coroutines_core(CancellableContinuationImpl.kt:190)
09-07 05:27:02.046  2845  2845 W System.err: 	at kotlinx.coroutines.ChildContinuation.invoke(JobSupport.kt:1474)
09-07 05:27:02.046  2845  2845 W System.err: 	at kotlinx.coroutines.JobSupport.notifyCancelling(JobSupport.kt:1499)
09-07 05:27:02.046  2845  2845 W System.err: 	at kotlinx.coroutines.JobSupport.tryMakeCancelling(JobSupport.kt:795)
09-07 05:27:02.046  2845  2845 W System.err: 	at kotlinx.coroutines.JobSupport.makeCancelling(JobSupport.kt:755)
09-07 05:27:02.046  2845  2845 W System.err: 	at kotlinx.coroutines.JobSupport.cancelImpl$kotlinx_coroutines_core(JobSupport.kt:671)
09-07 05:27:02.046  2845  2845 W System.err: 	at kotlinx.coroutines.JobSupport.parentCancelled(JobSupport.kt:637)
09-07 05:27:02.046  2845  2845 W System.err: 	at kotlinx.coroutines.ChildHandleNode.invoke(JobSupport.kt:1465)
09-07 05:27:02.047  2845  3543 I okhttp.OkHttpClient: <-- HTTP FAILED: java.net.SocketException: Socket closed
09-07 05:27:02.047  2845  2845 W System.err: 	at kotlinx.coroutines.JobSupport.notifyCancelling(JobSupport.kt:1499)
09-07 05:27:02.047  2845  2845 W System.err: 	at kotlinx.coroutines.JobSupport.tryMakeCompletingSlowPath(JobSupport.kt:900)
09-07 05:27:02.047  2845  2845 W System.err: 	at kotlinx.coroutines.JobSupport.tryMakeCompleting(JobSupport.kt:863)
09-07 05:27:02.047  2845  2845 W System.err: 	at kotlinx.coroutines.JobSupport.cancelMakeCompleting(JobSupport.kt:696)
09-07 05:27:02.047  2845  2845 W System.err: 	at kotlinx.coroutines.JobSupport.cancelImpl$kotlinx_coroutines_core(JobSupport.kt:667)
09-07 05:27:02.047  2845  2845 W System.err: 	at kotlinx.coroutines.JobSupport.cancelInternal(JobSupport.kt:632)
09-07 05:27:02.048  2845  2845 W System.err: 	at kotlinx.coroutines.JobSupport.cancel(JobSupport.kt:617)
09-07 05:27:02.048  2845  2845 W System.err: 	at kotlinx.coroutines.JobKt__JobKt.cancel(Job.kt:561)
09-07 05:27:02.048  2845  2845 W System.err: 	at kotlinx.coroutines.JobKt.cancel(Unknown Source:1)
09-07 05:27:02.048  2845  2845 W System.err: 	at kotlinx.coroutines.JobKt__JobKt.cancel$default(Job.kt:560)
09-07 05:27:02.048  2845  2845 W System.err: 	at kotlinx.coroutines.JobKt.cancel$default(Unknown Source:1)
09-07 05:27:02.048  2845  2845 W System.err: 	at androidx.lifecycle.CloseableCoroutineScope.close(ViewModel.kt:51)
09-07 05:27:02.048  2845  2845 W System.err: 	at androidx.lifecycle.ViewModel.closeWithRuntimeException(ViewModel.java:188)
09-07 05:27:02.048  2845  2845 W System.err: 	at androidx.lifecycle.ViewModel.clear(ViewModel.java:134)
09-07 05:27:02.048  2845  2845 W System.err: 	at androidx.lifecycle.ViewModelStore.clear(ViewModelStore.java:62)
09-07 05:27:02.048  2845  2845 W System.err: 	at androidx.fragment.app.FragmentManagerViewModel.clearNonConfigStateInternal(FragmentManagerViewModel.java:210)
09-07 05:27:02.048  2845  2845 W System.err: 	at androidx.fragment.app.FragmentManagerViewModel.clearNonConfigState(FragmentManagerViewModel.java:190)
09-07 05:27:02.048  2845  2845 W System.err: 	at androidx.fragment.app.FragmentStateManager.destroy(FragmentStateManager.java:778)
09-07 05:27:02.048  2845  2845 W System.err: 	at androidx.fragment.app.FragmentStateManager.moveToExpectedState(FragmentStateManager.java:335)
09-07 05:27:02.048  2845  2845 W System.err: 	at androidx.fragment.app.FragmentStore.moveToExpectedState(FragmentStore.java:113)
09-07 05:27:02.048  2845  2845 W System.err: 	at androidx.fragment.app.FragmentManager.moveToState(FragmentManager.java:1374)
09-07 05:27:02.048  2845  2845 W System.err: 	at androidx.fragment.app.FragmentManager.dispatchStateChange(FragmentManager.java:2841)
09-07 05:27:02.048  2845  2845 W System.err: 	at androidx.fragment.app.FragmentManager.dispatchDestroy(FragmentManager.java:2820)
09-07 05:27:02.048  2845  2845 W System.err: 	at androidx.fragment.app.Fragment.performDestroy(Fragment.java:3246)
09-07 05:27:02.048  2845  2845 W System.err: 	at androidx.fragment.app.FragmentStateManager.destroy(FragmentStateManager.java:780)
09-07 05:27:02.048  2845  2845 W System.err: 	at androidx.fragment.app.FragmentStateManager.moveToExpectedState(FragmentStateManager.java:335)
09-07 05:27:02.049  7867  3385 V FA-SVC  : Scheduling upload, millis: 17255
09-07 05:27:02.049  2845  2845 W System.err: 	at androidx.fragment.app.SpecialEffectsController$FragmentStateManagerOperation.complete(SpecialEffectsController.java:771)
09-07 05:27:02.049  2845  2845 W System.err: 	at androidx.fragment.app.SpecialEffectsController$Operation.cancel(SpecialEffectsController.java:615)
09-07 05:27:02.049  2845  2845 W System.err: 	at androidx.fragment.app.SpecialEffectsController.forceCompleteAllOperations(SpecialEffectsController.java:350)
09-07 05:27:02.049  2845  2845 W System.err: 	at androidx.fragment.app.FragmentManager.dispatchStateChange(FragmentManager.java:2844)
09-07 05:27:02.049  2845  2845 W System.err: 	at androidx.fragment.app.FragmentManager.dispatchDestroy(FragmentManager.java:2820)
09-07 05:27:02.049  2845  2845 W System.err: 	at androidx.fragment.app.FragmentController.dispatchDestroy(FragmentController.java:345)
09-07 05:27:02.049  2845  2845 W System.err: 	at androidx.fragment.app.FragmentActivity.onDestroy(FragmentActivity.java:306)
09-07 05:27:02.049  2845  2845 W System.err: 	at androidx.appcompat.app.AppCompatActivity.onDestroy(AppCompatActivity.java:278)
09-07 05:27:02.050  2845  2845 W System.err: 	at android.app.Activity.performDestroy(Activity.java:8048)
09-07 05:27:02.050  2845  2845 W System.err: 	at android.app.Instrumentation.callActivityOnDestroy(Instrumentation.java:1334)
09-07 05:27:02.050  2845  2845 W System.err: 	at androidx.test.runner.MonitoringInstrumentation.callActivityOnDestroy(MonitoringInstrumentation.java:766)
09-07 05:27:02.050  2845  2845 W System.err: 	at android.app.ActivityThread.performDestroyActivity(ActivityThread.java:4926)
09-07 05:27:02.050  2845  2845 W System.err: 	at android.app.ActivityThread.handleDestroyActivity(ActivityThread.java:4970)
09-07 05:27:02.050  2845  2845 W System.err: 	at android.app.servertransaction.DestroyActivityItem.execute(DestroyActivityItem.java:44)
09-07 05:27:02.050  2845  2845 W System.err: 	at android.app.servertransaction.TransactionExecutor.executeLifecycleState(TransactionExecutor.java:176)
09-07 05:27:02.050  2845  2845 W System.err: 	at android.app.servertransaction.TransactionExecutor.execute(TransactionExecutor.java:97)
09-07 05:27:02.050  2845  2845 W System.err: 	at android.app.ActivityThread$H.handleMessage(ActivityThread.java:2016)
09-07 05:27:02.050  2845  2845 W System.err: 	at android.os.Handler.dispatchMessage(Handler.java:107)
09-07 05:27:02.050  2845  2845 W System.err: 	at android.os.Looper.loop(Looper.java:214)
09-07 05:27:02.050  2845  2845 W System.err: 	at android.app.ActivityThread.main(ActivityThread.java:7356)
09-07 05:27:02.050  2845  2845 W System.err: 	at java.lang.reflect.Method.invoke(Native Method)
09-07 05:27:02.050  2845  2845 W System.err: 	at com.android.internal.os.RuntimeInit$MethodAndArgsCaller.run(RuntimeInit.java:492)
09-07 05:27:02.050  2845  2845 W System.err: 	at com.android.internal.os.ZygoteInit.main(ZygoteInit.java:930)
09-07 05:27:02.051  2845  2845 W System.err: ru.iteco.fmhandroid.exceptions.UnknownException
09-07 05:27:02.051  2845  2845 W System.err: 	at ru.iteco.fmhandroid.utils.Utils.makeRequest(Utils.kt:123)
09-07 05:27:02.051  2845  2845 W System.err: 	at ru.iteco.fmhandroid.utils.Utils$makeRequest$1.invokeSuspend(Unknown Source:15)
09-07 05:27:02.051  2845  2845 W System.err: 	at kotlin.coroutines.jvm.internal.BaseContinuationImpl.resumeWith(ContinuationImpl.kt:33)
09-07 05:27:02.051  2845  2845 W System.err: 	at kotlinx.coroutines.DispatchedTaskKt.resume(DispatchedTask.kt:234)
09-07 05:27:02.051  2845  2845 W System.err: 	at kotlinx.coroutines.DispatchedTaskKt.resumeUnconfined(DispatchedTask.kt:190)
09-07 05:27:02.051  2845  2845 W System.err: 	at kotlinx.coroutines.DispatchedTaskKt.dispatch(DispatchedTask.kt:161)
09-07 05:27:02.051  2845  2845 W System.err: 	at kotlinx.coroutines.CancellableContinuationImpl.dispatchResume(CancellableContinuationImpl.kt:397)
09-07 05:27:02.052  2845  2845 W System.err: 	at kotlinx.coroutines.CancellableContinuationImpl.cancel(CancellableContinuationImpl.kt:183)
