--------- beginning of main
09-07 04:22:08.135  1792  2272 E GnssHAL_GnssInterface: gnssSvStatusCb: a: input svInfo.flags is 8
09-07 04:22:08.135  1792  2272 E GnssHAL_GnssInterface: gnssSvStatusCb: b: input svInfo.flags is 8
09-07 04:22:09.134  1792  2272 E GnssHAL_GnssInterface: gnssSvStatusCb: a: input svInfo.flags is 8
09-07 04:22:09.134  1792  2272 E GnssHAL_GnssInterface: gnssSvStatusCb: b: input svInfo.flags is 8
09-07 04:22:09.692  7867  7867 D BoundBrokerSvc: onUnbind: Intent { act=com.google.android.gms.measurement.START pkg=com.google.android.gms }
09-07 04:22:09.736 21620 21620 D takeScreenshot: Found 1 global views to redraw
09-07 04:22:09.791  1793  2554 D gralloc_ranchu: gralloc_alloc: Creating ashmem region of size 9850880
09-07 04:22:09.897 21620 21663 W DefaultFailureHandler: Failed to take screenshot
09-07 04:22:09.897 21620 21663 W DefaultFailureHandler: java.io.FileNotFoundException: view-op-error-3.png: open failed: EROFS (Read-only file system)
09-07 04:22:09.897 21620 21663 W DefaultFailureHandler: 	at libcore.io.IoBridge.open(IoBridge.java:496)
09-07 04:22:09.897 21620 21663 W DefaultFailureHandler: 	at java.io.FileOutputStream.<init>(FileOutputStream.java:235)
09-07 04:22:09.897 21620 21663 W DefaultFailureHandler: 	at java.io.FileOutputStream.<init>(FileOutputStream.java:125)
09-07 04:22:09.897 21620 21663 W DefaultFailureHandler: 	at androidx.test.platform.io.FileTestStorage.openOutputFile(FileTestStorage.java:60)
09-07 04:22:09.897 21620 21663 W DefaultFailureHandler: 	at androidx.test.core.graphics.BitmapStorage.writeToTestStorage(BitmapStorageExt.kt:49)
09-07 04:22:09.897 21620 21663 W DefaultFailureHandler: 	at androidx.test.espresso.base.DefaultFailureHandler.takeScreenshot(DefaultFailureHandler.java:4)
09-07 04:22:09.897 21620 21663 W DefaultFailureHandler: 	at androidx.test.espresso.base.DefaultFailureHandler.handle(DefaultFailureHandler.java:3)
09-07 04:22:09.897 21620 21663 W DefaultFailureHandler: 	at androidx.test.espresso.ViewInteraction.waitForAndHandleInteractionResults(ViewInteraction.java:8)
09-07 04:22:09.897 21620 21663 W DefaultFailureHandler: 	at androidx.test.espresso.ViewInteraction.desugaredPerform(ViewInteraction.java:11)
09-07 04:22:09.897 21620 21663 W DefaultFailureHandler: 	at androidx.test.espresso.ViewInteraction.perform(ViewInteraction.java:8)
09-07 04:22:09.897 21620 21663 W DefaultFailureHandler: 	at ru.iteco.fmhandroid.ui.data.TestUtils.waitView(TestUtils.java:61)
09-07 04:22:09.897 21620 21663 W DefaultFailureHandler: 	at ru.iteco.fmhandroid.ui.steps.MainPageSteps.isMainPage(MainPageSteps.java:50)
09-07 04:22:09.897 21620 21663 W DefaultFailureHandler: 	at ru.iteco.fmhandroid.ui.MainPageTest.logoutCheck(MainPageTest.java:49)
09-07 04:22:09.897 21620 21663 W DefaultFailureHandler: 	at java.lang.reflect.Method.invoke(Native Method)
09-07 04:22:09.897 21620 21663 W DefaultFailureHandler: 	at org.junit.runners.model.FrameworkMethod$1.runReflectiveCall(FrameworkMethod.java:59)
09-07 04:22:09.897 21620 21663 W DefaultFailureHandler: 	at org.junit.internal.runners.model.ReflectiveCallable.run(ReflectiveCallable.java:12)
09-07 04:22:09.897 21620 21663 W DefaultFailureHandler: 	at org.junit.runners.model.FrameworkMethod.invokeExplosively(FrameworkMethod.java:56)
09-07 04:22:09.897 21620 21663 W DefaultFailureHandler: 	at androidx.test.internal.runner.junit4.statement.RunBefores.evaluate(RunBefores.java:76)
09-07 04:22:09.897 21620 21663 W DefaultFailureHandler: 	at io.qameta.allure.android.rules.ScreenshotRule$apply$1.evaluate(ScreenshotRule.kt:22)
09-07 04:22:09.897 21620 21663 W DefaultFailureHandler: 	at org.junit.rules.ExternalResource$1.evaluate(ExternalResource.java:54)
09-07 04:22:09.897 21620 21663 W DefaultFailureHandler: 	at io.qameta.allure.android.rules.LogcatRule$apply$1.evaluate(LogcatRule.kt:23)
09-07 04:22:09.897 21620 21663 W DefaultFailureHandler: 	at org.junit.rules.RunRules.evaluate(RunRules.java:20)
09-07 04:22:09.897 21620 21663 W DefaultFailureHandler: 	at org.junit.runners.ParentRunner$3.evaluate(ParentRunner.java:306)
09-07 04:22:09.897 21620 21663 W DefaultFailureHandler: 	at org.junit.runners.BlockJUnit4ClassRunner$1.evaluate(BlockJUnit4ClassRunner.java:100)
09-07 04:22:09.897 21620 21663 W DefaultFailureHandler: 	at org.junit.runners.ParentRunner.runLeaf(ParentRunner.java:366)
09-07 04:22:09.897 21620 21663 W DefaultFailureHandler: 	at org.junit.runners.BlockJUnit4ClassRunner.runChild(BlockJUnit4ClassRunner.java:103)
09-07 04:22:09.897 21620 21663 W DefaultFailureHandler: 	at org.junit.runners.BlockJUnit4ClassRunner.runChild(BlockJUnit4ClassRunner.java:63)
09-07 04:22:09.897 21620 21663 W DefaultFailureHandler: 	at org.junit.runners.ParentRunner$4.run(ParentRunner.java:331)
09-07 04:22:09.897 21620 21663 W DefaultFailureHandler: 	at org.junit.runners.ParentRunner$1.schedule(ParentRunner.java:79)
09-07 04:22:09.897 21620 21663 W DefaultFailureHandler: 	at org.junit.runners.ParentRunner.runChildren(ParentRunner.java:329)
09-07 04:22:09.897 21620 21663 W DefaultFailureHandler: 	at org.junit.runners.ParentRunner.access$100(ParentRunner.java:66)
09-07 04:22:09.897 21620 21663 W DefaultFailureHandler: 	at org.junit.runners.ParentRunner$2.evaluate(ParentRunner.java:293)
09-07 04:22:09.897 21620 21663 W DefaultFailureHandler: 	at org.junit.runners.ParentRunner$3.evaluate(ParentRunner.java:306)
09-07 04:22:09.897 21620 21663 W DefaultFailureHandler: 	at org.junit.runners.ParentRunner.run(ParentRunner.java:413)
09-07 04:22:09.897 21620 21663 W DefaultFailureHandler: 	at androidx.test.ext.junit.runners.AndroidJUnit4.run(AndroidJUnit4.java:162)
09-07 04:22:09.897 21620 21663 W DefaultFailureHandler: 	at io.qameta.allure.android.runners.AllureAndroidJUnit4.run(AllureAndroidJUnitRunners.kt:29)
09-07 04:22:09.897 21620 21663 W DefaultFailureHandler: 	at org.junit.runners.Suite.runChild(Suite.java:128)
09-07 04:22:09.897 21620 21663 W DefaultFailureHandler: 	at org.junit.runners.Suite.runChild(Suite.java:27)
09-07 04:22:09.897 21620 21663 W DefaultFailureHandler: 	at org.junit.runners.ParentRunner$4.run(ParentRunner.java:331)
09-07 04:22:09.897 21620 21663 W DefaultFailureHandler: 	at org.junit.runners.ParentRunner$1.schedule(ParentRunner.java:79)
09-07 04:22:09.897 21620 21663 W DefaultFailureHandler: 	at org.junit.runners.ParentRunner.runChildren(ParentRunner.java:329)
09-07 04:22:09.897 21620 21663 W DefaultFailureHandler: 	at org.junit.runners.ParentRunner.access$100(ParentRunner.java:66)
09-07 04:22:09.897 21620 21663 W DefaultFailureHandler: 	at org.junit.runners.ParentRunner$2.evaluate(ParentRunner.java:293)
09-07 04:22:09.897 21620 21663 W DefaultFailureHandler: 	at org.junit.runners.ParentRunner$3.evaluate(ParentRunner.java:306)
09-07 04:22:09.897 21620 21663 W DefaultFailureHandler: 	at org.junit.runners.ParentRunner.run(ParentRunner.java:413)
09-07 04:22:09.897 21620 21663 W DefaultFailureHandler: 	at org.junit.runner.JUnitCore.run(JUnitCore.java:137)
09-07 04:22:09.897 21620 21663 W DefaultFailureHandler: 	at org.junit.runner.JUnitCore.run(JUnitCore.java:115)
09-07 04:22:09.897 21620 21663 W DefaultFailureHandler: 	at androidx.test.internal.runner.TestExecutor.execute(TestExecutor.java:67)
09-07 04:22:09.897 21620 21663 W DefaultFailureHandler: 	at androidx.test.internal.runner.TestExecutor.execute(TestExecutor.java:58)
09-07 04:22:09.897 21620 21663 W DefaultFailureHandler: 	at androidx.test.runner.AndroidJUnitRunner.onStart(AndroidJUnitRunner.java:438)
09-07 04:22:09.897 21620 21663 W DefaultFailureHandler: 	at android.app.Instrumentation$InstrumentationThread.run(Instrumentation.java:2189)
09-07 04:22:09.897 21620 21663 W DefaultFailureHandler: Caused by: android.system.ErrnoException: open failed: EROFS (Read-only file system)
09-07 04:22:09.897 21620 21663 W DefaultFailureHandler: 	at libcore.io.Linux.open(Native Method)
09-07 04:22:09.897 21620 21663 W DefaultFailureHandler: 	at libcore.io.ForwardingOs.open(ForwardingOs.java:167)
09-07 04:22:09.897 21620 21663 W DefaultFailureHandler: 	at libcore.io.BlockGuardOs.open(BlockGuardOs.java:252)
09-07 04:22:09.897 21620 21663 W DefaultFailureHandler: 	at libcore.io.ForwardingOs.open(ForwardingOs.java:167)
09-07 04:22:09.897 21620 21663 W DefaultFailureHandler: 	at android.app.ActivityThread$AndroidOs.open(ActivityThread.java:7255)
09-07 04:22:09.897 21620 21663 W DefaultFailureHandler: 	at libcore.io.IoBridge.open(IoBridge.java:482)
09-07 04:22:09.897 21620 21663 W DefaultFailureHandler: 	... 50 more
09-07 04:22:09.903  1793  2554 D gralloc_ranchu: gralloc_alloc: Creating ashmem region of size 9850880
09-07 04:22:10.033 21620 21633 I teco.fmhandroi: NativeAlloc concurrent copying GC freed 83779(3459KB) AllocSpace objects, 5(160KB) LOS objects, 49% free, 5971KB/11MB, paused 16.859ms total 84.242ms
09-07 04:22:10.134  1792  2272 E GnssHAL_GnssInterface: gnssSvStatusCb: a: input svInfo.flags is 8
09-07 04:22:10.134  1792  2272 E GnssHAL_GnssInterface: gnssSvStatusCb: b: input svInfo.flags is 8
--------- beginning of system
09-07 04:22:10.215  2037  2428 I ActivityTaskManager: START u0 {act=android.intent.action.MAIN cat=[android.intent.category.LAUNCHER] flg=0x10000000 cmp=ru.iteco.fmhandroid.test/androidx.test.core.app.InstrumentationActivityInvoker$EmptyActivity} from uid 10136
09-07 04:22:10.228 21620 21620 D LifecycleMonitor: Lifecycle status change: ru.iteco.fmhandroid.ui.AppActivity@e481545 in: PAUSED
09-07 04:22:10.228 21620 21620 V ActivityScenario: Update currentActivityStage to PAUSED, currentActivity=ru.iteco.fmhandroid.ui.AppActivity@e481545
09-07 04:22:10.229  2037  8423 W InputReader: Device has associated, but no associated display id.
09-07 04:22:10.230  2037  8423 I chatty  : uid=1000(system) Binder:2037_20 identical 13 lines
09-07 04:22:10.230  2037  8423 W InputReader: Device has associated, but no associated display id.
09-07 04:22:10.230 21620 21662 V FA      : Recording user engagement, ms: 10699
09-07 04:22:10.230  2037  8423 W InputReader: Device has associated, but no associated display id.
09-07 04:22:10.231  2037  8423 I chatty  : uid=1000(system) Binder:2037_20 identical 23 lines
09-07 04:22:10.231  2037  8423 W InputReader: Device has associated, but no associated display id.
09-07 04:22:10.231 21677 21677 W ActivityThread: handleWindowVisibility: no activity for token android.os.BinderProxy@5f8e2c5
09-07 04:22:10.234  2037  8423 W InputReader: Device has associated, but no associated display id.
09-07 04:22:10.302  2037  4613 I ActivityTaskManager: START u0 {act=android.intent.action.MAIN cat=[android.intent.category.LAUNCHER] flg=0x10000000 cmp=ru.iteco.fmhandroid.test/androidx.test.core.app.InstrumentationActivityInvoker$EmptyActivity} from uid 10136
09-07 04:22:10.235  2037  8423 I chatty  : uid=1000(system) Binder:2037_20 identical 8 lines
09-07 04:22:10.235  2037  8423 W InputReader: Device has associated, but no associated display id.
09-07 04:22:10.315 21620 21662 V FA      : Connecting to remote service
09-07 04:22:10.346  1793  2554 D gralloc_ranchu: gralloc_alloc: Creating ashmem region of size 9850880
09-07 04:22:10.365  7867  7867 D BoundBrokerSvc: onBind: Intent { act=com.google.android.gms.measurement.START pkg=com.google.android.gms }
09-07 04:22:10.365  7867  7867 D BoundBrokerSvc: Loading bound service for intent: Intent { act=com.google.android.gms.measurement.START pkg=com.google.android.gms }
09-07 04:22:10.367  1793  2554 D gralloc_ranchu: gralloc_alloc: Creating ashmem region of size 9850880
09-07 04:22:10.370 21677 21708 D EGL_emulation: eglMakeCurrent: 0xd6c2f3c0: ver 2 0 (tinfo 0xed4892c0)
09-07 04:22:10.374  1793  2554 D gralloc_ranchu: gralloc_alloc: Creating ashmem region of size 9850880
09-07 04:22:10.392 21620 21662 V FA      : Connection attempt already in progress
09-07 04:22:10.392 21620 21662 V FA      : Activity paused, time: 3454121
09-07 04:22:10.398  2037  2311 W InputReader: Device has associated, but no associated display id.
09-07 04:22:10.401  2037  2311 I chatty  : uid=1000(system) Binder:2037_6 identical 48 lines
09-07 04:22:10.401  2037  2311 W InputReader: Device has associated, but no associated display id.
09-07 04:22:10.405 21620 21662 D FA      : Connected to remote service
09-07 04:22:10.406 21620 21662 V FA      : Processing queued up service tasks: 2
09-07 04:22:10.412 21677 21677 W ActivityThread: handleWindowVisibility: no activity for token android.os.BinderProxy@73a256c
09-07 04:22:10.452  2037  2311 W ActivityTaskManager: Duplicate finish request for ActivityRecord{e9daf6a u0 ru.iteco.fmhandroid/.ui.AppActivity t770 f}
09-07 04:22:10.460  7867 21436 V FA-SVC  : Logging event: origin=auto,name=user_engagement(_e),params=Bundle[{ga_event_origin(_o)=auto, engagement_time_msec(_et)=10699, ga_screen_class(_sc)=AppActivity, ga_screen_id(_si)=-7276878119267510239}]
09-07 04:22:10.479  1793  2554 D gralloc_ranchu: gralloc_alloc: Creating ashmem region of size 9850880
09-07 04:22:10.502  1793  2554 I chatty  : uid=1000(system) HwBinder:1793_2 identical 1 line
09-07 04:22:10.505  1793  2554 D gralloc_ranchu: gralloc_alloc: Creating ashmem region of size 9850880
09-07 04:22:10.505 21677 21708 D EGL_emulation: eglMakeCurrent: 0xd6c2f3c0: ver 2 0 (tinfo 0xed4892c0)
09-07 04:22:10.513  7867 21436 V FA-SVC  : Upload scheduled in approximately ms: 306597
09-07 04:22:10.513  7867 21436 V FA-SVC  : Unscheduling upload
09-07 04:22:10.517  7867 21436 V FA-SVC  : Scheduling upload, millis: 306597
09-07 04:22:10.520  7867 21436 V FA-SVC  : Background event processing time, ms: 65
09-07 04:22:10.533  2037  2061 W InputReader: Device has associated, but no associated display id.
09-07 04:22:10.533  2037  2061 I chatty  : uid=1000(system) android.anim identical 18 lines
09-07 04:22:10.533  2037  2061 W InputReader: Device has associated, but no associated display id.
09-07 04:22:10.536  2037  2065 I ActivityTaskManager: Displayed ru.iteco.fmhandroid.test/androidx.test.core.app.InstrumentationActivityInvoker$EmptyActivity: +176ms
09-07 04:22:10.547  2037  2055 W InputReader: Device has associated, but no associated display id.
09-07 04:22:10.547  2037  2055 I chatty  : uid=1000(system) Binder:2037_1 identical 8 lines
09-07 04:22:10.547  2037  2055 W InputReader: Device has associated, but no associated display id.
09-07 04:22:10.548 21620 21711 D EGL_emulation: eglMakeCurrent: 0xd6c30ec0: ver 2 0 (tinfo 0xd6c9e8f0)
09-07 04:22:10.592  1823  1823 W SurfaceFlinger: couldn't log to binary event log: overflow.
09-07 04:22:10.596  2037  4613 W InputReader: Device has associated, but no associated display id.
09-07 04:22:10.596  2037  4613 I chatty  : uid=1000(system) Binder:2037_16 identical 8 lines
09-07 04:22:10.596  2037  4613 W InputReader: Device has associated, but no associated display id.
09-07 04:22:10.610 21620 21620 D LifecycleMonitor: Lifecycle status change: ru.iteco.fmhandroid.ui.AppActivity@e481545 in: STOPPED
09-07 04:22:10.610 21620 21620 V ActivityScenario: Update currentActivityStage to STOPPED, currentActivity=ru.iteco.fmhandroid.ui.AppActivity@e481545
09-07 04:22:10.610  2037  2037 W ActivityManager: Unable to start service Intent { act=android.service.appprediction.AppPredictionService cmp=com.google.android.as/com.google.android.apps.miphone.aiai.app.AiAiPredictionService } U=0: not found
09-07 04:22:10.610  2037  2037 W RemoteAppPredictionService: could not bind to Intent { act=android.service.appprediction.AppPredictionService cmp=com.google.android.as/com.google.android.apps.miphone.aiai.app.AiAiPredictionService } using flags 67108865
09-07 04:22:10.624  1793  2554 D gralloc_ranchu: gralloc_alloc: Creating ashmem region of size 9850880
09-07 04:22:10.626  1793 14098 D gralloc_ranchu: gralloc_alloc: Creating ashmem region of size 9850880
09-07 04:22:10.637 21620 21620 D LifecycleMonitor: Lifecycle status change: ru.iteco.fmhandroid.ui.AppActivity@e481545 in: DESTROYED
09-07 04:22:10.637 21620 21620 V ActivityScenario: Update currentActivityStage to DESTROYED, currentActivity=null
09-07 04:22:10.652  1793  2554 D gralloc_ranchu: gralloc_alloc: Creating ashmem region of size 9850880
09-07 04:22:10.653  1793 14098 D gralloc_ranchu: gralloc_alloc: Creating ashmem region of size 9850880
09-07 04:22:10.655  1793  2554 D gralloc_ranchu: gralloc_alloc: Creating ashmem region of size 9850880
09-07 04:22:10.655  2666  3068 D EGL_emulation: eglMakeCurrent: 0xda21b0e0: ver 2 0 (tinfo 0xda20fbb0)
09-07 04:22:10.657  1793 14098 D gralloc_ranchu: gralloc_alloc: Creating ashmem region of size 9850880
09-07 04:22:10.667  2434  2714 D EGL_emulation: eglMakeCurrent: 0xed453b60: ver 2 0 (tinfo 0xe233a960)
09-07 04:22:10.689  2666  2666 I dnsi    : onStart
09-07 04:22:10.693  2666  2666 I dnsi    : onResume
09-07 04:22:10.708 21620 21663 E TestRunner: failed: shouldCollapseTheListOfClaims(ru.iteco.fmhandroid.ui.MainPageTest)
09-07 04:22:10.708 21620 21663 E TestRunner: ----- begin exception -----
09-07 04:22:10.709 21620 21663 E TestRunner: androidx.test.espresso.PerformException: Error performing 'wait for a specific view with <an instance of android.widget.TextView and view.getText() with or without transformation to match: is "News"> during 10000 millis.' on view 'view.getRootView() to equal view'.
09-07 04:22:10.709 21620 21663 E TestRunner: 	at androidx.test.espresso.PerformException$Builder.build(PerformException.java:1)
09-07 04:22:10.709 21620 21663 E TestRunner: 	at androidx.test.espresso.base.PerformExceptionHandler.handleSafely(PerformExceptionHandler.java:8)
09-07 04:22:10.709 21620 21663 E TestRunner: 	at androidx.test.espresso.base.PerformExceptionHandler.handleSafely(PerformExceptionHandler.java:9)
09-07 04:22:10.709 21620 21663 E TestRunner: 	at androidx.test.espresso.base.DefaultFailureHandler$TypedFailureHandler.handle(DefaultFailureHandler.java:4)
09-07 04:22:10.709 21620 21663 E TestRunner: 	at androidx.test.espresso.base.DefaultFailureHandler.handle(DefaultFailureHandler.java:5)
09-07 04:22:10.709 21620 21663 E TestRunner: 	at androidx.test.espresso.ViewInteraction.waitForAndHandleInteractionResults(ViewInteraction.java:8)
09-07 04:22:10.709 21620 21663 E TestRunner: 	at androidx.test.espresso.ViewInteraction.desugaredPerform(ViewInteraction.java:11)
09-07 04:22:10.709 21620 21663 E TestRunner: 	at androidx.test.espresso.ViewInteraction.perform(ViewInteraction.java:8)
09-07 04:22:10.709 21620 21663 E TestRunner: 	at ru.iteco.fmhandroid.ui.data.TestUtils.waitView(TestUtils.java:61)
09-07 04:22:10.709 21620 21663 E TestRunner: 	at ru.iteco.fmhandroid.ui.steps.MainPageSteps.isMainPage(MainPageSteps.java:50)
09-07 04:22:10.709 21620 21663 E TestRunner: 	at ru.iteco.fmhandroid.ui.MainPageTest.logoutCheck(MainPageTest.java:49)
09-07 04:22:10.709 21620 21663 E TestRunner: 	at java.lang.reflect.Method.invoke(Native Method)
09-07 04:22:10.709 21620 21663 E TestRunner: 	at org.junit.runners.model.FrameworkMethod$1.runReflectiveCall(FrameworkMethod.java:59)
09-07 04:22:10.709 21620 21663 E TestRunner: 	at org.junit.internal.runners.model.ReflectiveCallable.run(ReflectiveCallable.java:12)
09-07 04:22:10.709 21620 21663 E TestRunner: 	at org.junit.runners.model.FrameworkMethod.invokeExplosively(FrameworkMethod.java:56)
09-07 04:22:10.709 21620 21663 E TestRunner: 	at androidx.test.internal.runner.junit4.statement.RunBefores.evaluate(RunBefores.java:76)
09-07 04:22:10.709 21620 21663 E TestRunner: 	at io.qameta.allure.android.rules.ScreenshotRule$apply$1.evaluate(ScreenshotRule.kt:22)
09-07 04:22:10.709 21620 21663 E TestRunner: 	at org.junit.rules.ExternalResource$1.evaluate(ExternalResource.java:54)
09-07 04:22:10.709 21620 21663 E TestRunner: 	at io.qameta.allure.android.rules.LogcatRule$apply$1.evaluate(LogcatRule.kt:23)
09-07 04:22:10.709 21620 21663 E TestRunner: 	at org.junit.rules.RunRules.evaluate(RunRules.java:20)
09-07 04:22:10.709 21620 21663 E TestRunner: 	at org.junit.runners.ParentRunner$3.evaluate(ParentRunner.java:306)
09-07 04:22:10.709 21620 21663 E TestRunner: 	at org.junit.runners.BlockJUnit4ClassRunner$1.evaluate(BlockJUnit4ClassRunner.java:100)
09-07 04:22:10.709 21620 21663 E TestRunner: 	at org.junit.runners.ParentRunner.runLeaf(ParentRunner.java:366)
09-07 04:22:10.709 21620 21663 E TestRunner: 	at org.junit.runners.BlockJUnit4ClassRunner.runChild(BlockJUnit4ClassRunner.java:103)
09-07 04:22:10.709 21620 21663 E TestRunner: 	at org.junit.runners.BlockJUnit4ClassRunner.runChild(BlockJUnit4ClassRunner.java:63)
09-07 04:22:10.709 21620 21663 E TestRunner: 	at org.junit.runners.ParentRunner$4.run(ParentRunner.java:331)
09-07 04:22:10.709 21620 21663 E TestRunner: 	at org.junit.runners.ParentRunner$1.schedule(ParentRunner.java:79)
09-07 04:22:10.709 21620 21663 E TestRunner: 	at org.junit.runners.ParentRunner.runChildren(ParentRunner.java:329)
09-07 04:22:10.709 21620 21663 E TestRunner: 	at org.junit.runners.ParentRunner.access$100(ParentRunner.java:66)
09-07 04:22:10.709 21620 21663 E TestRunner: 	at org.junit.runners.ParentRunner$2.evaluate(ParentRunner.java:293)
09-07 04:22:10.709 21620 21663 E TestRunner: 	at org.junit.runners.ParentRunner$3.evaluate(ParentRunner.java:306)
09-07 04:22:10.709 21620 21663 E TestRunner: 	at org.junit.runners.ParentRunner.run(ParentRunner.java:413)
09-07 04:22:10.709 21620 21663 E TestRunner: 	at androidx.test.ext.junit.runners.AndroidJUnit4.run(AndroidJUnit4.java:162)
09-07 04:22:10.709 21620 21663 E TestRunner: 	at io.qameta.allure.android.runners.AllureAndroidJUnit4.run(AllureAndroidJUnitRunners.kt:29)
09-07 04:22:10.709 21620 21663 E TestRunner: 	at org.junit.runners.Suite.runChild(Suite.java:128)
09-07 04:22:10.709 21620 21663 E TestRunner: 	at org.junit.runners.Suite.runChild(Suite.java:27)
09-07 04:22:10.709 21620 21663 E TestRunner: 	at org.junit.runners.ParentRunner$4.run(ParentRunner.java:331)
09-07 04:22:10.709 21620 21663 E TestRunner: 	at org.junit.runners.ParentRunner$1.schedule(ParentRunner.java:79)
09-07 04:22:10.709 21620 21663 E TestRunner: 	at org.junit.runners.ParentRunner.runChildren(ParentRunner.java:329)
09-07 04:22:10.709 21620 21663 E TestRunner: 	at org.junit.runners.ParentRunner.access$100(ParentRunner.java:66)
09-07 04:22:10.709 21620 21663 E TestRunner: 	at org.junit.runners.ParentRunner$2.evaluate(ParentRunner.java:293)
09-07 04:22:10.709 21620 21663 E TestRunner: 	at org.junit.runners.ParentRunner$3.evaluate(ParentRunner.java:306)
09-07 04:22:10.709 21620 21663 E TestRunner: 	at org.junit.runners.ParentRunner.run(ParentRunner.java:413)
09-07 04:22:10.709 21620 21663 E TestRunner: 	at org.junit.runner.JUnitCore.run(JUnitCore.java:137)
09-07 04:22:10.709 21620 21663 E TestRunner: 	at org.junit.runner.JUnitCore.run(JUnitCore.java:115)
09-07 04:22:10.709 21620 21663 E TestRunner: 	at androidx.test.internal.runner.TestExecutor.execute(TestExecutor.java:67)
09-07 04:22:10.709 21620 21663 E TestRunner: 	at androidx.test.internal.runner.TestExecutor.execute(TestExecutor.java:58)
09-07 04:22:10.709 21620 21663 E TestRunner: 	at androidx.test.runner.AndroidJUnitRunner.onStart(AndroidJUnitRunner.java:438)
09-07 04:22:10.709 21620 21663 E TestRunner: 	at android.app.Instrumentation$InstrumentationThread.run(Instrumentation.java:2189)
09-07 04:22:10.709 21620 21663 E TestRunner: Caused by: java.util.concurrent.TimeoutException
09-07 04:22:10.709 21620 21663 E TestRunner: 	at ru.iteco.fmh
09-07 04:22:10.709 21620 21663 E TestRunner: ----- end exception -----
09-07 04:22:10.710 21620 21663 I TestRunner: finished: shouldCollapseTheListOfClaims(ru.iteco.fmhandroid.ui.MainPageTest)
09-07 04:22:10.730  2037  2061 W InputReader: Device has associated, but no associated display id.
09-07 04:22:10.731  2037  2061 I chatty  : uid=1000(system) android.anim identical 8 lines
09-07 04:22:10.731  2037  2061 W InputReader: Device has associated, but no associated display id.
09-07 04:22:10.742  1793 14098 D gralloc_ranchu: gralloc_alloc: Creating ashmem region of size 6307840
09-07 04:22:10.769  2182  2468 D EGL_emulation: eglMakeCurrent: 0xda21a360: ver 2 0 (tinfo 0xda20f590)
09-07 04:22:10.770  2182  2182 W View    : requestLayout() improperly called by com.android.keyguard.AlphaOptimizedLinearLayout{551c6d8 V.E...... ......ID 7,0-48,61 #7f0a041c app:id/wifi_group} during second layout pass: posting in next frame
09-07 04:22:10.798 21677 21708 D EGL_emulation: eglMakeCurrent: 0xd6c2f3c0: ver 2 0 (tinfo 0xed4892c0)
09-07 04:22:10.800  1823  1823 E Layer   : [Surface(name=AppWindowToken{459e199 token=Token{b961ae0 ActivityRecord{53be0e3 u0 com.google.android.apps.nexuslauncher/.NexusLauncherActivity t652}}})/@0xafc1306 - animation-leash#0] No local sync point found
09-07 04:22:10.800  1823  1823 E Layer   : [Surface(name=AppWindowToken{ead6b91 token=Token{26a31b8 ActivityRecord{9f92c1b u0 ru.iteco.fmhandroid.test/androidx.test.core.app.InstrumentationActivityInvoker$EmptyActivity t770}}})/@0x806d3fb - animation-leash#0] No local sync point found
09-07 04:22:10.805  2182  2182 W View    : requestLayout() improperly called by StatusBarIconView(slot=mobile icon=null notification=null) during layout: running second layout pass
09-07 04:22:10.816  2434  2453 W System  : A resource failed to call release. 
09-07 04:22:10.816  2434  2453 W System  : A resource failed to call release. 
09-07 04:22:10.826  2182  2468 D EGL_emulation: eglMakeCurrent: 0xda21a360: ver 2 0 (tinfo 0xda20f590)
09-07 04:22:10.830  2037  5599 D HostConnection: HostConnection::get() New Host Connection established 0xda23f020, tid 5599
09-07 04:22:10.831  2037  5599 D HostConnection: HostComposition ext ANDROID_EMU_CHECKSUM_HELPER_v1 ANDROID_EMU_dma_v1 ANDROID_EMU_direct_mem ANDROID_EMU_vulkan ANDROID_EMU_deferred_vulkan_commands ANDROID_EMU_vulkan_null_optional_strings ANDROID_EMU_vulkan_create_resources_with_requirements ANDROID_EMU_YUV420_888_to_NV21 ANDROID_EMU_YUV_Cache ANDROID_EMU_vulkan_free_memory_sync ANDROID_EMU_vulkan_shader_float16_int8 ANDROID_EMU_vulkan_async_queue_submit ANDROID_EMU_sync_buffer_data GL_OES_vertex_array_object GL_KHR_texture_compression_astc_ldr ANDROID_EMU_host_side_tracing ANDROID_EMU_gles_max_version_2 
09-07 04:22:10.842 21620 21663 I TestRunner: started: shouldOpenNewsPageByButNewsInTheMainMenu(ru.iteco.fmhandroid.ui.MainPageTest)
09-07 04:22:10.844  2037  5599 W OpenGLRenderer: Failed to choose config with EGL_SWAP_BEHAVIOR_PRESERVED, retrying without...
09-07 04:22:10.865  2037  5599 D eglCodecCommon: setVertexArrayObject: set vao to 0 (0) 0 0
09-07 04:22:10.865  2037  5599 D EGL_emulation: eglCreateContext: 0xba761460: maj 2 min 0 rcv 2
09-07 04:22:10.874  1823  1823 W SurfaceFlinger: couldn't log to binary event log: overflow.
09-07 04:22:10.888 21620 21663 W Settings: Setting always_finish_activities has moved from android.provider.Settings.System to android.provider.Settings.Global, returning read-only value.
09-07 04:22:10.907  2037  5599 D EGL_emulation: eglMakeCurrent: 0xba761460: ver 2 0 (tinfo 0xba668ca0)
09-07 04:22:10.910  2182  2468 D EGL_emulation: eglMakeCurrent: 0xda21a360: ver 2 0 (tinfo 0xda20f590)
09-07 04:22:10.914  2037  8423 I ActivityTaskManager: START u0 {act=android.intent.action.MAIN cat=[android.intent.category.LAUNCHER] flg=0x10008000 cmp=ru.iteco.fmhandroid.test/androidx.test.core.app.InstrumentationActivityInvoker$BootstrapActivity (has extras)} from uid 10136
09-07 04:22:10.929  2037  4613 W InputReader: Device has associated, but no associated display id.
09-07 04:22:10.934  2037  4613 I chatty  : uid=1000(system) Binder:2037_16 identical 38 lines
09-07 04:22:10.934  2037  4613 W InputReader: Device has associated, but no associated display id.
09-07 04:22:10.935 21677 21677 W ActivityThread: handleWindowVisibility: no activity for token android.os.BinderProxy@dbd3d0f
09-07 04:22:10.938  2037  5599 D eglCodecCommon: setVertexArrayObject: set vao to 0 (0) 1 0
09-07 04:22:10.956  1793 14098 D gralloc_ranchu: gralloc_alloc: Creating ashmem region of size 9850880
09-07 04:22:10.968  2037  4613 I ActivityTaskManager: START u0 {act=android.intent.action.MAIN cat=[android.intent.category.LAUNCHER] cmp=ru.iteco.fmhandroid/.ui.AppActivity} from uid 10136
09-07 04:22:10.994  2037  8423 W InputReader: Device has associated, but no associated display id.
09-07 04:22:10.999  2037  8423 I chatty  : uid=1000(system) Binder:2037_20 identical 38 lines
09-07 04:22:10.999  2037  8423 W InputReader: Device has associated, but no associated display id.
09-07 04:22:10.999 21620 21620 W ActivityThread: handleWindowVisibility: no activity for token android.os.BinderProxy@7fcbfe
09-07 04:22:11.002  2037  8423 W InputReader: Device has associated, but no associated display id.
09-07 04:22:11.002  2037  8423 I chatty  : uid=1000(system) Binder:2037_20 identical 8 lines
09-07 04:22:11.002  2037  8423 W InputReader: Device has associated, but no associated display id.
09-07 04:22:11.010  2182  2182 W View    : requestLayout() improperly called by com.android.keyguard.AlphaOptimizedLinearLayout{551c6d8 V.E...... ......ID 7,0-48,61 #7f0a041c app:id/wifi_group} during second layout pass: posting in next frame
09-07 04:22:11.021 21620 21620 D LifecycleMonitor: Lifecycle status change: ru.iteco.fmhandroid.ui.AppActivity@108aa0a in: PRE_ON_CREATE
09-07 04:22:11.021 21620 21620 V ActivityScenario: Activity lifecycle changed event received but ignored because the reported transition was not ON_CREATE while the last known transition was PRE_ON_CREATE
09-07 04:22:11.029  2666  2666 I dnsi    : onPause
09-07 04:22:11.030  2182  2182 W View    : requestLayout() improperly called by StatusBarIconView(slot=mobile icon=null notification=null) during layout: running second layout pass
09-07 04:22:11.046 21620 21654 V FA      : onActivityCreated
09-07 04:22:11.058  2037  2061 W InputReader: Device has associated, but no associated display id.
09-07 04:22:11.058  2037  2061 I chatty  : uid=1000(system) android.anim identical 8 lines
09-07 04:22:11.058  2037  2061 W InputReader: Device has associated, but no associated display id.
09-07 04:22:11.070  2182  2468 D EGL_emulation: eglMakeCurrent: 0xda21a360: ver 2 0 (tinfo 0xda20f590)
09-07 04:22:11.071  2434  2714 D EGL_emulation: eglMakeCurrent: 0xed453b60: ver 2 0 (tinfo 0xe233a960)
09-07 04:22:11.081  2666  7866 V ClearcutMetricXmitter: Transmission is done.
09-07 04:22:11.086  2666  3068 D EGL_emulation: eglMakeCurrent: 0xda21b0e0: ver 2 0 (tinfo 0xda20fbb0)
09-07 04:22:11.089 21620 21620 D LifecycleMonitor: Lifecycle status change: ru.iteco.fmhandroid.ui.AppActivity@108aa0a in: CREATED
09-07 04:22:11.089 21620 21620 V ActivityScenario: Update currentActivityStage to CREATED, currentActivity=ru.iteco.fmhandroid.ui.AppActivity@108aa0a
09-07 04:22:11.108  2182  2468 D EGL_emulation: eglMakeCurrent: 0xda21a360: ver 2 0 (tinfo 0xda20f590)
09-07 04:22:11.110  2037  2051 I system_server: NativeAlloc concurrent copying GC freed 16253(1023KB) AllocSpace objects, 3(124KB) LOS objects, 29% free, 14MB/20MB, paused 2.179ms total 146.878ms
09-07 04:22:11.120  2182  2468 D EGL_emulation: eglMakeCurrent: 0xda21a360: ver 2 0 (tinfo 0xda20f590)
09-07 04:22:11.121  2182  2182 W View    : requestLayout() improperly called by com.android.keyguard.AlphaOptimizedLinearLayout{551c6d8 V.E...... ......ID 7,0-48,61 #7f0a041c app:id/wifi_group} during second layout pass: posting in next frame
09-07 04:22:11.128 21620 21620 D LifecycleMonitor: Lifecycle status change: ru.iteco.fmhandroid.ui.AppActivity@108aa0a in: STARTED
09-07 04:22:11.128 21620 21620 V ActivityScenario: Update currentActivityStage to STARTED, currentActivity=ru.iteco.fmhandroid.ui.AppActivity@108aa0a
09-07 04:22:11.130 21620 21620 D LifecycleMonitor: Lifecycle status change: ru.iteco.fmhandroid.ui.AppActivity@108aa0a in: RESUMED
09-07 04:22:11.130 21620 21620 V ActivityScenario: Update currentActivityStage to RESUMED, currentActivity=ru.iteco.fmhandroid.ui.AppActivity@108aa0a
09-07 04:22:11.131 21620 21662 V FA      : Activity resumed, time: 3455023
09-07 04:22:11.134  1792  2272 E GnssHAL_GnssInterface: gnssSvStatusCb: a: input svInfo.flags is 8
09-07 04:22:11.134  1792  2272 E GnssHAL_GnssInterface: gnssSvStatusCb: b: input svInfo.flags is 8
09-07 04:22:11.138  2182  2182 W View    : requestLayout() improperly called by StatusBarIconView(slot=mobile icon=null notification=null) during layout: running second layout pass
09-07 04:22:11.172  1793 14098 D gralloc_ranchu: gralloc_alloc: Creating ashmem region of size 9113600
09-07 04:22:11.185  1793 14098 D gralloc_ranchu: gralloc_alloc: Creating ashmem region of size 9113600
09-07 04:22:11.196 21620 21711 D EGL_emulation: eglMakeCurrent: 0xd6c30ec0: ver 2 0 (tinfo 0xd6c9e8f0)
09-07 04:22:11.196  1793  2554 D gralloc_ranchu: gralloc_alloc: Creating ashmem region of size 9113600
09-07 04:22:11.227  7867 21436 V FA-SVC  : Logging event: origin=auto,name=screen_view(_vs),params=Bundle[{ga_event_origin(_o)=auto, ga_previous_class(_pc)=AppActivity, ga_previous_id(_pi)=-7276878119267510239, ga_screen_class(_sc)=AppActivity, ga_screen_id(_si)=-7276878119267510238}]
09-07 04:22:11.238  7867 21436 V FA-SVC  : Upload scheduled in approximately ms: 305872
09-07 04:22:11.238  7867 21436 V FA-SVC  : Unscheduling upload
09-07 04:22:11.242  7867 21436 V FA-SVC  : Scheduling upload, millis: 305872
09-07 04:22:11.246  7867 21436 V FA-SVC  : Background event processing time, ms: 21
09-07 04:22:11.251  2037  2065 I ActivityTaskManager: Displayed ru.iteco.fmhandroid/.ui.AppActivity: +335ms
09-07 04:22:11.274 21620 21620 I ViewInteraction: Performing 'wait for a specific view with <an instance of android.widget.TextView and view.getText() with or without transformation to match: is "News"> during 10000 millis.' action on view view.getRootView() to equal view
09-07 04:22:11.284  2182  2182 W View    : requestLayout() improperly called by com.android.keyguard.AlphaOptimizedLinearLayout{551c6d8 V.E...... ......ID 7,0-48,61 #7f0a041c app:id/wifi_group} during second layout pass: posting in next frame
09-07 04:22:11.286  2666  2666 I dnsi    : onStop
09-07 04:22:11.300  2182  2182 W View    : requestLayout() improperly called by StatusBarIconView(slot=mobile icon=null notification=null) during layout: running second layout pass
09-07 04:22:11.364  1823  1823 W SurfaceFlinger: couldn't log to binary event log: overflow.
09-07 04:22:11.364  1823  1823 W SurfaceFlinger: couldn't log to binary event log: overflow.
09-07 04:22:12.136  1792  2272 E GnssHAL_GnssInterface: gnssSvStatusCb: a: input svInfo.flags is 8
09-07 04:22:12.136  1792  2272 E GnssHAL_GnssInterface: gnssSvStatusCb: b: input svInfo.flags is 8
09-07 04:22:13.136  1792  2272 E GnssHAL_GnssInterface: gnssSvStatusCb: a: input svInfo.flags is 8
09-07 04:22:13.136  1792  2272 E GnssHAL_GnssInterface: gnssSvStatusCb: b: input svInfo.flags is 8
09-07 04:22:14.139  1792  2272 E GnssHAL_GnssInterface: gnssSvStatusCb: a: input svInfo.flags is 8
09-07 04:22:14.139  1792  2272 E GnssHAL_GnssInterface: gnssSvStatusCb: b: input svInfo.flags is 8
09-07 04:22:14.192 21620 21711 D EGL_emulation: eglMakeCurrent: 0xd6c30ec0: ver 2 0 (tinfo 0xd6c9e8f0)
09-07 04:22:14.199  1793  2554 D gralloc_ranchu: gralloc_alloc: Creating ashmem region of size 9850880
09-07 04:22:14.208  2182  2182 W View    : requestLayout() improperly called by com.android.keyguard.AlphaOptimizedLinearLayout{551c6d8 V.E...... ......ID 7,0-48,61 #7f0a041c app:id/wifi_group} during second layout pass: posting in next frame
09-07 04:22:14.213  2182  2182 W View    : requestLayout() improperly called by StatusBarIconView(slot=mobile icon=null notification=null) during layout: running second layout pass
09-07 04:22:14.234 21620 21711 D EGL_emulation: eglMakeCurrent: 0xd6c30ec0: ver 2 0 (tinfo 0xd6c9e8f0)
09-07 04:22:14.270  1793  2554 D gralloc_ranchu: gralloc_alloc: Creating ashmem region of size 9850880
09-07 04:22:14.303  1793  2554 D gralloc_ranchu: gralloc_alloc: Creating ashmem region of size 9850880
09-07 04:22:15.139  1792  2272 E GnssHAL_GnssInterface: gnssSvStatusCb: a: input svInfo.flags is 8
09-07 04:22:15.139  1792  2272 E GnssHAL_GnssInterface: gnssSvStatusCb: b: input svInfo.flags is 8
09-07 04:22:16.136  1792  2272 E GnssHAL_GnssInterface: gnssSvStatusCb: a: input svInfo.flags is 8
09-07 04:22:16.136  1792  2272 E GnssHAL_GnssInterface: gnssSvStatusCb: b: input svInfo.flags is 8
09-07 04:22:16.228 21620 21662 V FA      : Inactivity, disconnecting from the service
09-07 04:22:17.137  1792  2272 E GnssHAL_GnssInterface: gnssSvStatusCb: a: input svInfo.flags is 8
09-07 04:22:17.138  1792  2272 E GnssHAL_GnssInterface: gnssSvStatusCb: b: input svInfo.flags is 8
09-07 04:22:18.138  1792  2272 E GnssHAL_GnssInterface: gnssSvStatusCb: a: input svInfo.flags is 8
09-07 04:22:18.139  1792  2272 E GnssHAL_GnssInterface: gnssSvStatusCb: b: input svInfo.flags is 8
09-07 04:22:19.138  1792  2272 E GnssHAL_GnssInterface: gnssSvStatusCb: a: input svInfo.flags is 8
09-07 04:22:19.138  1792  2272 E GnssHAL_GnssInterface: gnssSvStatusCb: b: input svInfo.flags is 8
09-07 04:22:20.138  1792  2272 E GnssHAL_GnssInterface: gnssSvStatusCb: a: input svInfo.flags is 8
09-07 04:22:20.138  1792  2272 E GnssHAL_GnssInterface: gnssSvStatusCb: b: input svInfo.flags is 8
09-07 04:22:21.138  1792  2272 E GnssHAL_GnssInterface: gnssSvStatusCb: a: input svInfo.flags is 8
09-07 04:22:21.139  1792  2272 E GnssHAL_GnssInterface: gnssSvStatusCb: b: input svInfo.flags is 8
09-07 04:22:21.241  7867  7867 D BoundBrokerSvc: onUnbind: Intent { act=com.google.android.gms.measurement.START pkg=com.google.android.gms }
09-07 04:22:21.308 21620 21620 D takeScreenshot: Found 1 global views to redraw
09-07 04:22:21.356  1793  2554 D gralloc_ranchu: gralloc_alloc: Creating ashmem region of size 9850880
09-07 04:22:21.401 21620 21663 W DefaultFailureHandler: Failed to take screenshot
09-07 04:22:21.401 21620 21663 W DefaultFailureHandler: java.io.FileNotFoundException: view-op-error-4.png: open failed: EROFS (Read-only file system)
09-07 04:22:21.401 21620 21663 W DefaultFailureHandler: 	at libcore.io.IoBridge.open(IoBridge.java:496)
09-07 04:22:21.401 21620 21663 W DefaultFailureHandler: 	at java.io.FileOutputStream.<init>(FileOutputStream.java:235)
09-07 04:22:21.401 21620 21663 W DefaultFailureHandler: 	at java.io.FileOutputStream.<init>(FileOutputStream.java:125)
09-07 04:22:21.401 21620 21663 W DefaultFailureHandler: 	at androidx.test.platform.io.FileTestStorage.openOutputFile(FileTestStorage.java:60)
09-07 04:22:21.401 21620 21663 W DefaultFailureHandler: 	at androidx.test.core.graphics.BitmapStorage.writeToTestStorage(BitmapStorageExt.kt:49)
09-07 04:22:21.401 21620 21663 W DefaultFailureHandler: 	at androidx.test.espresso.base.DefaultFailureHandler.takeScreenshot(DefaultFailureHandler.java:4)
09-07 04:22:21.401 21620 21663 W DefaultFailureHandler: 	at androidx.test.espresso.base.DefaultFailureHandler.handle(DefaultFailureHandler.java:3)
09-07 04:22:21.401 21620 21663 W DefaultFailureHandler: 	at androidx.test.espresso.ViewInteraction.waitForAndHandleInteractionResults(ViewInteraction.java:8)
09-07 04:22:21.401 21620 21663 W DefaultFailureHandler: 	at androidx.test.espresso.ViewInteraction.desugaredPerform(ViewInteraction.java:11)
09-07 04:22:21.401 21620 21663 W DefaultFailureHandler: 	at androidx.test.espresso.ViewInteraction.perform(ViewInteraction.java:8)
09-07 04:22:21.401 21620 21663 W DefaultFailureHandler: 	at ru.iteco.fmhandroid.ui.data.TestUtils.waitView(TestUtils.java:61)
09-07 04:22:21.401 21620 21663 W DefaultFailureHandler: 	at ru.iteco.fmhandroid.ui.steps.MainPageSteps.isMainPage(MainPageSteps.java:50)
09-07 04:22:21.401 21620 21663 W DefaultFailureHandler: 	at ru.iteco.fmhandroid.ui.MainPageTest.logoutCheck(MainPageTest.java:49)
09-07 04:22:21.401 21620 21663 W DefaultFailureHandler: 	at java.lang.reflect.Method.invoke(Native Method)
09-07 04:22:21.401 21620 21663 W DefaultFailureHandler: 	at org.junit.runners.model.FrameworkMethod$1.runReflectiveCall(FrameworkMethod.java:59)
09-07 04:22:21.401 21620 21663 W DefaultFailureHandler: 	at org.junit.internal.runners.model.ReflectiveCallable.run(ReflectiveCallable.java:12)
09-07 04:22:21.401 21620 21663 W DefaultFailureHandler: 	at org.junit.runners.model.FrameworkMethod.invokeExplosively(FrameworkMethod.java:56)
09-07 04:22:21.401 21620 21663 W DefaultFailureHandler: 	at androidx.test.internal.runner.junit4.statement.RunBefores.evaluate(RunBefores.java:76)
09-07 04:22:21.401 21620 21663 W DefaultFailureHandler: 	at io.qameta.allure.android.rules.ScreenshotRule$apply$1.evaluate(ScreenshotRule.kt:22)
09-07 04:22:21.401 21620 21663 W DefaultFailureHandler: 	at org.junit.rules.ExternalResource$1.evaluate(ExternalResource.java:54)
09-07 04:22:21.401 21620 21663 W DefaultFailureHandler: 	at io.qameta.allure.android.rules.LogcatRule$apply$1.evaluate(LogcatRule.kt:23)
09-07 04:22:21.401 21620 21663 W DefaultFailureHandler: 	at org.junit.rules.RunRules.evaluate(RunRules.java:20)
09-07 04:22:21.401 21620 21663 W DefaultFailureHandler: 	at org.junit.runners.ParentRunner$3.evaluate(ParentRunner.java:306)
09-07 04:22:21.401 21620 21663 W DefaultFailureHandler: 	at org.junit.runners.BlockJUnit4ClassRunner$1.evaluate(BlockJUnit4ClassRunner.java:100)
09-07 04:22:21.401 21620 21663 W DefaultFailureHandler: 	at org.junit.runners.ParentRunner.runLeaf(ParentRunner.java:366)
09-07 04:22:21.401 21620 21663 W DefaultFailureHandler: 	at org.junit.runners.BlockJUnit4ClassRunner.runChild(BlockJUnit4ClassRunner.java:103)
09-07 04:22:21.401 21620 21663 W DefaultFailureHandler: 	at org.junit.runners.BlockJUnit4ClassRunner.runChild(BlockJUnit4ClassRunner.java:63)
09-07 04:22:21.401 21620 21663 W DefaultFailureHandler: 	at org.junit.runners.ParentRunner$4.run(ParentRunner.java:331)
09-07 04:22:21.401 21620 21663 W DefaultFailureHandler: 	at org.junit.runners.ParentRunner$1.schedule(ParentRunner.java:79)
09-07 04:22:21.401 21620 21663 W DefaultFailureHandler: 	at org.junit.runners.ParentRunner.runChildren(ParentRunner.java:329)
09-07 04:22:21.401 21620 21663 W DefaultFailureHandler: 	at org.junit.runners.ParentRunner.access$100(ParentRunner.java:66)
09-07 04:22:21.401 21620 21663 W DefaultFailureHandler: 	at org.junit.runners.ParentRunner$2.evaluate(ParentRunner.java:293)
09-07 04:22:21.401 21620 21663 W DefaultFailureHandler: 	at org.junit.runners.ParentRunner$3.evaluate(ParentRunner.java:306)
09-07 04:22:21.401 21620 21663 W DefaultFailureHandler: 	at org.junit.runners.ParentRunner.run(ParentRunner.java:413)
09-07 04:22:21.401 21620 21663 W DefaultFailureHandler: 	at androidx.test.ext.junit.runners.AndroidJUnit4.run(AndroidJUnit4.java:162)
09-07 04:22:21.401 21620 21663 W DefaultFailureHandler: 	at io.qameta.allure.android.runners.AllureAndroidJUnit4.run(AllureAndroidJUnitRunners.kt:29)
09-07 04:22:21.401 21620 21663 W DefaultFailureHandler: 	at org.junit.runners.Suite.runChild(Suite.java:128)
09-07 04:22:21.401 21620 21663 W DefaultFailureHandler: 	at org.junit.runners.Suite.runChild(Suite.java:27)
09-07 04:22:21.401 21620 21663 W DefaultFailureHandler: 	at org.junit.runners.ParentRunner$4.run(ParentRunner.java:331)
09-07 04:22:21.401 21620 21663 W DefaultFailureHandler: 	at org.junit.runners.ParentRunner$1.schedule(ParentRunner.java:79)
09-07 04:22:21.401 21620 21663 W DefaultFailureHandler: 	at org.junit.runners.ParentRunner.runChildren(ParentRunner.java:329)
09-07 04:22:21.401 21620 21663 W DefaultFailureHandler: 	at org.junit.runners.ParentRunner.access$100(ParentRunner.java:66)
09-07 04:22:21.401 21620 21663 W DefaultFailureHandler: 	at org.junit.runners.ParentRunner$2.evaluate(ParentRunner.java:293)
09-07 04:22:21.401 21620 21663 W DefaultFailureHandler: 	at org.junit.runners.ParentRunner$3.evaluate(ParentRunner.java:306)
09-07 04:22:21.401 21620 21663 W DefaultFailureHandler: 	at org.junit.runners.ParentRunner.run(ParentRunner.java:413)
09-07 04:22:21.401 21620 21663 W DefaultFailureHandler: 	at org.junit.runner.JUnitCore.run(JUnitCore.java:137)
09-07 04:22:21.401 21620 21663 W DefaultFailureHandler: 	at org.junit.runner.JUnitCore.run(JUnitCore.java:115)
09-07 04:22:21.401 21620 21663 W DefaultFailureHandler: 	at androidx.test.internal.runner.TestExecutor.execute(TestExecutor.java:67)
09-07 04:22:21.401 21620 21663 W DefaultFailureHandler: 	at androidx.test.internal.runner.TestExecutor.execute(TestExecutor.java:58)
09-07 04:22:21.401 21620 21663 W DefaultFailureHandler: 	at androidx.test.runner.AndroidJUnitRunner.onStart(AndroidJUnitRunner.java:438)
09-07 04:22:21.401 21620 21663 W DefaultFailureHandler: 	at android.app.Instrumentation$InstrumentationThread.run(Instrumentation.java:2189)
09-07 04:22:21.401 21620 21663 W DefaultFailureHandler: Caused by: android.system.ErrnoException: open failed: EROFS (Read-only file system)
09-07 04:22:21.402 21620 21663 W DefaultFailureHandler: 	at libcore.io.Linux.open(Native Method)
09-07 04:22:21.402 21620 21663 W DefaultFailureHandler: 	at libcore.io.ForwardingOs.open(ForwardingOs.java:167)
09-07 04:22:21.402 21620 21663 W DefaultFailureHandler: 	at libcore.io.BlockGuardOs.open(BlockGuardOs.java:252)
09-07 04:22:21.402 21620 21663 W DefaultFailureHandler: 	at libcore.io.ForwardingOs.open(ForwardingOs.java:167)
09-07 04:22:21.402 21620 21663 W DefaultFailureHandler: 	at android.app.ActivityThread$AndroidOs.open(ActivityThread.java:7255)
09-07 04:22:21.402 21620 21663 W DefaultFailureHandler: 	at libcore.io.IoBridge.open(IoBridge.java:482)
09-07 04:22:21.402 21620 21663 W DefaultFailureHandler: 	... 50 more
09-07 04:22:21.407  1793  2554 D gralloc_ranchu: gralloc_alloc: Creating ashmem region of size 9850880
09-07 04:22:21.686  2037  4831 I ActivityTaskManager: START u0 {act=android.intent.action.MAIN cat=[android.intent.category.LAUNCHER] flg=0x10000000 cmp=ru.iteco.fmhandroid.test/androidx.test.core.app.InstrumentationActivityInvoker$EmptyActivity} from uid 10136
09-07 04:22:21.691 21620 21620 D LifecycleMonitor: Lifecycle status change: ru.iteco.fmhandroid.ui.AppActivity@108aa0a in: PAUSED
09-07 04:22:21.691 21620 21620 V ActivityScenario: Update currentActivityStage to PAUSED, currentActivity=ru.iteco.fmhandroid.ui.AppActivity@108aa0a
09-07 04:22:21.691  2037  8423 W InputReader: Device has associated, but no associated display id.
09-07 04:22:21.693  2037  8423 I chatty  : uid=1000(system) Binder:2037_20 identical 38 lines
09-07 04:22:21.693  2037  8423 W InputReader: Device has associated, but no associated display id.
09-07 04:22:21.693 21677 21677 W ActivityThread: handleWindowVisibility: no activity for token android.os.BinderProxy@1a5bf07
09-07 04:22:21.694 21620 21662 V FA      : Recording user engagement, ms: 10561
09-07 04:22:21.695  2037  8423 W InputReader: Device has associated, but no associated display id.
09-07 04:22:21.731  2037  2311 I ActivityTaskManager: START u0 {act=android.intent.action.MAIN cat=[android.intent.category.LAUNCHER] flg=0x10000000 cmp=ru.iteco.fmhandroid.test/androidx.test.core.app.InstrumentationActivityInvoker$EmptyActivity} from uid 10136
09-07 04:22:21.697  2037  8423 I chatty  : uid=1000(system) Binder:2037_20 identical 8 lines
09-07 04:22:21.697  2037  8423 W InputReader: Device has associated, but no associated display id.
09-07 04:22:21.737 21620 21662 V FA      : Connecting to remote service
09-07 04:22:21.749  7867  7867 D BoundBrokerSvc: onBind: Intent { act=com.google.android.gms.measurement.START pkg=com.google.android.gms }
09-07 04:22:21.749  7867  7867 D BoundBrokerSvc: Loading bound service for intent: Intent { act=com.google.android.gms.measurement.START pkg=com.google.android.gms }
09-07 04:22:21.755  1793  2554 D gralloc_ranchu: gralloc_alloc: Creating ashmem region of size 9850880
09-07 04:22:21.761 21620 21662 V FA      : Connection attempt already in progress
09-07 04:22:21.761 21620 21662 V FA      : Activity paused, time: 3465586
09-07 04:22:21.766  1793  2554 D gralloc_ranchu: gralloc_alloc: Creating ashmem region of size 9850880
09-07 04:22:21.774 21620 21662 D FA      : Connected to remote service
09-07 04:22:21.774 21620 21662 V FA      : Processing queued up service tasks: 2
09-07 04:22:21.775 21677 21708 D EGL_emulation: eglMakeCurrent: 0xd6c2f3c0: ver 2 0 (tinfo 0xed4892c0)
09-07 04:22:21.793  1793  2554 D gralloc_ranchu: gralloc_alloc: Creating ashmem region of size 9850880
09-07 04:22:21.814  2037  2055 W InputReader: Device has associated, but no associated display id.
09-07 04:22:21.817  2037  2055 I chatty  : uid=1000(system) Binder:2037_1 identical 48 lines
09-07 04:22:21.817  2037  2055 W InputReader: Device has associated, but no associated display id.
09-07 04:22:21.819  7867 21436 V FA-SVC  : Logging event: origin=auto,name=user_engagement(_e),params=Bundle[{ga_event_origin(_o)=auto, engagement_time_msec(_et)=10561, ga_screen_class(_sc)=AppActivity, ga_screen_id(_si)=-7276878119267510238}]
09-07 04:22:21.825 21677 21677 W ActivityThread: handleWindowVisibility: no activity for token android.os.BinderProxy@133b7f6
09-07 04:22:21.859  2037  4199 W ActivityTaskManager: Duplicate finish request for ActivityRecord{845ebdb u0 ru.iteco.fmhandroid/.ui.AppActivity t771 f}
09-07 04:22:21.865  7867 21436 V FA-SVC  : Upload scheduled in approximately ms: 295245
09-07 04:22:21.865  7867 21436 V FA-SVC  : Unscheduling upload
09-07 04:22:21.868  7867 21436 V FA-SVC  : Scheduling upload, millis: 295245
09-07 04:22:21.871  7867 21436 V FA-SVC  : Background event processing time, ms: 59
09-07 04:22:21.899  1793  2554 D gralloc_ranchu: gralloc_alloc: Creating ashmem region of size 9850880
09-07 04:22:21.906  1793  2554 D gralloc_ranchu: gralloc_alloc: Creating ashmem region of size 9850880
09-07 04:22:21.915 21677 21708 D EGL_emulation: eglMakeCurrent: 0xd6c2f3c0: ver 2 0 (tinfo 0xed4892c0)
09-07 04:22:21.930  1793  2554 D gralloc_ranchu: gralloc_alloc: Creating ashmem region of size 9850880
09-07 04:22:21.934  2037  2061 W InputReader: Device has associated, but no associated display id.
09-07 04:22:21.935  2037  2061 I chatty  : uid=1000(system) android.anim identical 18 lines
